=== GPU2  Phase 1: ERM (8 conds x 3 seeds = 24 runs) ===
[00:50:17] GPU2  train_erm_v4.py  cond=ours_v2_noisy__contrast_sev5  seed=0  -> /path/to/ciln-workspace/journal_edition/robustness_transfer/logs/v4/train_erm_v4__ours_v2_noisy__contrast_sev5__seed0.log
[01:01:05] GPU2  train_erm_v4.py  cond=ours_v2_noisy__contrast_sev5  seed=1  -> /path/to/ciln-workspace/journal_edition/robustness_transfer/logs/v4/train_erm_v4__ours_v2_noisy__contrast_sev5__seed1.log
[01:12:05] GPU2  train_erm_v4.py  cond=ours_v2_noisy__contrast_sev5  seed=2  -> /path/to/ciln-workspace/journal_edition/robustness_transfer/logs/v4/train_erm_v4__ours_v2_noisy__contrast_sev5__seed2.log
[01:25:15] GPU2  train_erm_v4.py  cond=ours_v2_noisy__defocus_blur_sev1  seed=0  -> /path/to/ciln-workspace/journal_edition/robustness_transfer/logs/v4/train_erm_v4__ours_v2_noisy__defocus_blur_sev1__seed0.log
[01:37:57] GPU2  train_erm_v4.py  cond=ours_v2_noisy__defocus_blur_sev1  seed=1  -> /path/to/ciln-workspace/journal_edition/robustness_transfer/logs/v4/train_erm_v4__ours_v2_noisy__defocus_blur_sev1__seed1.log
[01:49:01] GPU2  train_erm_v4.py  cond=ours_v2_noisy__defocus_blur_sev1  seed=2  -> /path/to/ciln-workspace/journal_edition/robustness_transfer/logs/v4/train_erm_v4__ours_v2_noisy__defocus_blur_sev1__seed2.log
[01:59:58] GPU2  train_erm_v4.py  cond=ours_v2_noisy__elastic_transform_sev3  seed=0  -> /path/to/ciln-workspace/journal_edition/robustness_transfer/logs/v4/train_erm_v4__ours_v2_noisy__elastic_transform_sev3__seed0.log
[02:10:44] GPU2  train_erm_v4.py  cond=ours_v2_noisy__elastic_transform_sev3  seed=1  -> /path/to/ciln-workspace/journal_edition/robustness_transfer/logs/v4/train_erm_v4__ours_v2_noisy__elastic_transform_sev3__seed1.log
[02:22:30] GPU2  train_erm_v4.py  cond=ours_v2_noisy__elastic_transform_sev3  seed=2  -> /path/to/ciln-workspace/journal_edition/robustness_transfer/logs/v4/train_erm_v4__ours_v2_noisy__elastic_transform_sev3__seed2.log
[02:32:18] GPU2  train_erm_v4.py  cond=ours_v2_noisy__frost_sev1  seed=0  -> /path/to/ciln-workspace/journal_edition/robustness_transfer/logs/v4/train_erm_v4__ours_v2_noisy__frost_sev1__seed0.log
[02:42:58] GPU2  train_erm_v4.py  cond=ours_v2_noisy__frost_sev1  seed=1  -> /path/to/ciln-workspace/journal_edition/robustness_transfer/logs/v4/train_erm_v4__ours_v2_noisy__frost_sev1__seed1.log
[02:52:56] GPU2  train_erm_v4.py  cond=ours_v2_noisy__frost_sev1  seed=2  -> /path/to/ciln-workspace/journal_edition/robustness_transfer/logs/v4/train_erm_v4__ours_v2_noisy__frost_sev1__seed2.log
[03:03:54] GPU2  train_erm_v4.py  cond=ours_v2_noisy__gaussian_noise_sev1  seed=0  -> /path/to/ciln-workspace/journal_edition/robustness_transfer/logs/v4/train_erm_v4__ours_v2_noisy__gaussian_noise_sev1__seed0.log
[03:14:49] GPU2  train_erm_v4.py  cond=ours_v2_noisy__gaussian_noise_sev1  seed=1  -> /path/to/ciln-workspace/journal_edition/robustness_transfer/logs/v4/train_erm_v4__ours_v2_noisy__gaussian_noise_sev1__seed1.log
[03:25:48] GPU2  train_erm_v4.py  cond=ours_v2_noisy__gaussian_noise_sev1  seed=2  -> /path/to/ciln-workspace/journal_edition/robustness_transfer/logs/v4/train_erm_v4__ours_v2_noisy__gaussian_noise_sev1__seed2.log
[03:36:34] GPU2  train_erm_v4.py  cond=ours_v2_noisy__gaussian_noise_sev3  seed=0  -> /path/to/ciln-workspace/journal_edition/robustness_transfer/logs/v4/train_erm_v4__ours_v2_noisy__gaussian_noise_sev3__seed0.log
[03:46:19] GPU2  train_erm_v4.py  cond=ours_v2_noisy__gaussian_noise_sev3  seed=1  -> /path/to/ciln-workspace/journal_edition/robustness_transfer/logs/v4/train_erm_v4__ours_v2_noisy__gaussian_noise_sev3__seed1.log
[03:58:45] GPU2  train_erm_v4.py  cond=ours_v2_noisy__gaussian_noise_sev3  seed=2  -> /path/to/ciln-workspace/journal_edition/robustness_transfer/logs/v4/train_erm_v4__ours_v2_noisy__gaussian_noise_sev3__seed2.log
[04:10:44] GPU2  train_erm_v4.py  cond=ours_v2_noisy__pixelate_sev1  seed=0  -> /path/to/ciln-workspace/journal_edition/robustness_transfer/logs/v4/train_erm_v4__ours_v2_noisy__pixelate_sev1__seed0.log
[04:21:54] GPU2  train_erm_v4.py  cond=ours_v2_noisy__pixelate_sev1  seed=1  -> /path/to/ciln-workspace/journal_edition/robustness_transfer/logs/v4/train_erm_v4__ours_v2_noisy__pixelate_sev1__seed1.log
[04:32:54] GPU2  train_erm_v4.py  cond=ours_v2_noisy__pixelate_sev1  seed=2  -> /path/to/ciln-workspace/journal_edition/robustness_transfer/logs/v4/train_erm_v4__ours_v2_noisy__pixelate_sev1__seed2.log
[04:45:01] GPU2  train_erm_v4.py  cond=ours_v2_noisy__snow_sev3  seed=0  -> /path/to/ciln-workspace/journal_edition/robustness_transfer/logs/v4/train_erm_v4__ours_v2_noisy__snow_sev3__seed0.log
[04:54:27] GPU2  train_erm_v4.py  cond=ours_v2_noisy__snow_sev3  seed=1  -> /path/to/ciln-workspace/journal_edition/robustness_transfer/logs/v4/train_erm_v4__ours_v2_noisy__snow_sev3__seed1.log
[05:04:05] GPU2  train_erm_v4.py  cond=ours_v2_noisy__snow_sev3  seed=2  -> /path/to/ciln-workspace/journal_edition/robustness_transfer/logs/v4/train_erm_v4__ours_v2_noisy__snow_sev3__seed2.log
=== GPU2  Phase 2: Co-teaching (8 conds x 3 seeds = 24 runs) ===
[05:13:34] GPU2  train_coteaching_v4.py  cond=ours_v2_noisy__contrast_sev5  seed=0  -> /path/to/ciln-workspace/journal_edition/robustness_transfer/logs/v4/train_coteaching_v4__ours_v2_noisy__contrast_sev5__seed0.log
[05:35:04] GPU2  train_coteaching_v4.py  cond=ours_v2_noisy__contrast_sev5  seed=1  -> /path/to/ciln-workspace/journal_edition/robustness_transfer/logs/v4/train_coteaching_v4__ours_v2_noisy__contrast_sev5__seed1.log
[05:54:52] GPU2  train_coteaching_v4.py  cond=ours_v2_noisy__contrast_sev5  seed=2  -> /path/to/ciln-workspace/journal_edition/robustness_transfer/logs/v4/train_coteaching_v4__ours_v2_noisy__contrast_sev5__seed2.log
[06:15:17] GPU2  train_coteaching_v4.py  cond=ours_v2_noisy__defocus_blur_sev1  seed=0  -> /path/to/ciln-workspace/journal_edition/robustness_transfer/logs/v4/train_coteaching_v4__ours_v2_noisy__defocus_blur_sev1__seed0.log
[06:36:33] GPU2  train_coteaching_v4.py  cond=ours_v2_noisy__defocus_blur_sev1  seed=1  -> /path/to/ciln-workspace/journal_edition/robustness_transfer/logs/v4/train_coteaching_v4__ours_v2_noisy__defocus_blur_sev1__seed1.log
[06:59:04] GPU2  train_coteaching_v4.py  cond=ours_v2_noisy__defocus_blur_sev1  seed=2  -> /path/to/ciln-workspace/journal_edition/robustness_transfer/logs/v4/train_coteaching_v4__ours_v2_noisy__defocus_blur_sev1__seed2.log
[07:21:22] GPU2  train_coteaching_v4.py  cond=ours_v2_noisy__elastic_transform_sev3  seed=0  -> /path/to/ciln-workspace/journal_edition/robustness_transfer/logs/v4/train_coteaching_v4__ours_v2_noisy__elastic_transform_sev3__seed0.log
[07:40:34] GPU2  train_coteaching_v4.py  cond=ours_v2_noisy__elastic_transform_sev3  seed=1  -> /path/to/ciln-workspace/journal_edition/robustness_transfer/logs/v4/train_coteaching_v4__ours_v2_noisy__elastic_transform_sev3__seed1.log
[08:02:21] GPU2  train_coteaching_v4.py  cond=ours_v2_noisy__elastic_transform_sev3  seed=2  -> /path/to/ciln-workspace/journal_edition/robustness_transfer/logs/v4/train_coteaching_v4__ours_v2_noisy__elastic_transform_sev3__seed2.log
[08:25:52] GPU2  train_coteaching_v4.py  cond=ours_v2_noisy__frost_sev1  seed=0  -> /path/to/ciln-workspace/journal_edition/robustness_transfer/logs/v4/train_coteaching_v4__ours_v2_noisy__frost_sev1__seed0.log
[08:49:22] GPU2  train_coteaching_v4.py  cond=ours_v2_noisy__frost_sev1  seed=1  -> /path/to/ciln-workspace/journal_edition/robustness_transfer/logs/v4/train_coteaching_v4__ours_v2_noisy__frost_sev1__seed1.log
[09:06:30] GPU2  train_coteaching_v4.py  cond=ours_v2_noisy__frost_sev1  seed=2  -> /path/to/ciln-workspace/journal_edition/robustness_transfer/logs/v4/train_coteaching_v4__ours_v2_noisy__frost_sev1__seed2.log
[09:30:32] GPU2  train_coteaching_v4.py  cond=ours_v2_noisy__gaussian_noise_sev1  seed=0  -> /path/to/ciln-workspace/journal_edition/robustness_transfer/logs/v4/train_coteaching_v4__ours_v2_noisy__gaussian_noise_sev1__seed0.log
[09:49:23] GPU2  train_coteaching_v4.py  cond=ours_v2_noisy__gaussian_noise_sev1  seed=1  -> /path/to/ciln-workspace/journal_edition/robustness_transfer/logs/v4/train_coteaching_v4__ours_v2_noisy__gaussian_noise_sev1__seed1.log
[10:10:41] GPU2  train_coteaching_v4.py  cond=ours_v2_noisy__gaussian_noise_sev1  seed=2  -> /path/to/ciln-workspace/journal_edition/robustness_transfer/logs/v4/train_coteaching_v4__ours_v2_noisy__gaussian_noise_sev1__seed2.log
[10:31:09] GPU2  train_coteaching_v4.py  cond=ours_v2_noisy__gaussian_noise_sev3  seed=0  -> /path/to/ciln-workspace/journal_edition/robustness_transfer/logs/v4/train_coteaching_v4__ours_v2_noisy__gaussian_noise_sev3__seed0.log
[10:53:16] GPU2  train_coteaching_v4.py  cond=ours_v2_noisy__gaussian_noise_sev3  seed=1  -> /path/to/ciln-workspace/journal_edition/robustness_transfer/logs/v4/train_coteaching_v4__ours_v2_noisy__gaussian_noise_sev3__seed1.log
[11:16:13] GPU2  train_coteaching_v4.py  cond=ours_v2_noisy__gaussian_noise_sev3  seed=2  -> /path/to/ciln-workspace/journal_edition/robustness_transfer/logs/v4/train_coteaching_v4__ours_v2_noisy__gaussian_noise_sev3__seed2.log
[11:35:43] GPU2  train_coteaching_v4.py  cond=ours_v2_noisy__pixelate_sev1  seed=0  -> /path/to/ciln-workspace/journal_edition/robustness_transfer/logs/v4/train_coteaching_v4__ours_v2_noisy__pixelate_sev1__seed0.log
[11:57:18] GPU2  train_coteaching_v4.py  cond=ours_v2_noisy__pixelate_sev1  seed=1  -> /path/to/ciln-workspace/journal_edition/robustness_transfer/logs/v4/train_coteaching_v4__ours_v2_noisy__pixelate_sev1__seed1.log
[12:17:57] GPU2  train_coteaching_v4.py  cond=ours_v2_noisy__pixelate_sev1  seed=2  -> /path/to/ciln-workspace/journal_edition/robustness_transfer/logs/v4/train_coteaching_v4__ours_v2_noisy__pixelate_sev1__seed2.log
[12:39:50] GPU2  train_coteaching_v4.py  cond=ours_v2_noisy__snow_sev3  seed=0  -> /path/to/ciln-workspace/journal_edition/robustness_transfer/logs/v4/train_coteaching_v4__ours_v2_noisy__snow_sev3__seed0.log
[13:00:23] GPU2  train_coteaching_v4.py  cond=ours_v2_noisy__snow_sev3  seed=1  -> /path/to/ciln-workspace/journal_edition/robustness_transfer/logs/v4/train_coteaching_v4__ours_v2_noisy__snow_sev3__seed1.log
[13:22:08] GPU2  train_coteaching_v4.py  cond=ours_v2_noisy__snow_sev3  seed=2  -> /path/to/ciln-workspace/journal_edition/robustness_transfer/logs/v4/train_coteaching_v4__ours_v2_noisy__snow_sev3__seed2.log
[13:39:09] GPU2  DONE.
