=== GPU2  DivideMix (10 settings x 3 seeds = 30 runs) ===
[21:07:54] GPU2  train_dividemix_v4.py  cond=ours_v2_noisy__frost_sev1  seed=0  -> /path/to/ciln-workspace/journal_edition/robustness_transfer/logs/v4/train_dividemix_v4__ours_v2_noisy__frost_sev1__seed0.log
[22:49:24] GPU2  train_dividemix_v4.py  cond=ours_v2_noisy__frost_sev1  seed=1  -> /path/to/ciln-workspace/journal_edition/robustness_transfer/logs/v4/train_dividemix_v4__ours_v2_noisy__frost_sev1__seed1.log
[00:18:10] GPU2  train_dividemix_v4.py  cond=ours_v2_noisy__frost_sev1  seed=2  -> /path/to/ciln-workspace/journal_edition/robustness_transfer/logs/v4/train_dividemix_v4__ours_v2_noisy__frost_sev1__seed2.log
[01:48:20] GPU2  train_dividemix_v4.py  cond=ours_v2_noisy__pixelate_sev1  seed=0  -> /path/to/ciln-workspace/journal_edition/robustness_transfer/logs/v4/train_dividemix_v4__ours_v2_noisy__pixelate_sev1__seed0.log
[03:31:11] GPU2  train_dividemix_v4.py  cond=ours_v2_noisy__pixelate_sev1  seed=1  -> /path/to/ciln-workspace/journal_edition/robustness_transfer/logs/v4/train_dividemix_v4__ours_v2_noisy__pixelate_sev1__seed1.log
[05:20:32] GPU2  train_dividemix_v4.py  cond=ours_v2_noisy__pixelate_sev1  seed=2  -> /path/to/ciln-workspace/journal_edition/robustness_transfer/logs/v4/train_dividemix_v4__ours_v2_noisy__pixelate_sev1__seed2.log
[07:10:06] GPU2  train_dividemix_v4.py  cond=ours_v2_noisy__defocus_blur_sev1  seed=0  -> /path/to/ciln-workspace/journal_edition/robustness_transfer/logs/v4/train_dividemix_v4__ours_v2_noisy__defocus_blur_sev1__seed0.log
[08:42:44] GPU2  train_dividemix_v4.py  cond=ours_v2_noisy__defocus_blur_sev1  seed=1  -> /path/to/ciln-workspace/journal_edition/robustness_transfer/logs/v4/train_dividemix_v4__ours_v2_noisy__defocus_blur_sev1__seed1.log
[10:30:25] GPU2  train_dividemix_v4.py  cond=ours_v2_noisy__defocus_blur_sev1  seed=2  -> /path/to/ciln-workspace/journal_edition/robustness_transfer/logs/v4/train_dividemix_v4__ours_v2_noisy__defocus_blur_sev1__seed2.log
[12:29:30] GPU2  train_dividemix_v4.py  cond=ours_v2_noisy__snow_sev3  seed=0  -> /path/to/ciln-workspace/journal_edition/robustness_transfer/logs/v4/train_dividemix_v4__ours_v2_noisy__snow_sev3__seed0.log
[14:04:15] GPU2  train_dividemix_v4.py  cond=ours_v2_noisy__snow_sev3  seed=1  -> /path/to/ciln-workspace/journal_edition/robustness_transfer/logs/v4/train_dividemix_v4__ours_v2_noisy__snow_sev3__seed1.log
[16:06:12] GPU2  train_dividemix_v4.py  cond=ours_v2_noisy__snow_sev3  seed=2  -> /path/to/ciln-workspace/journal_edition/robustness_transfer/logs/v4/train_dividemix_v4__ours_v2_noisy__snow_sev3__seed2.log
[17:14:07] GPU2  train_dividemix_v4.py  cond=ours_v2_noisy__elastic_transform_sev3  seed=0  -> /path/to/ciln-workspace/journal_edition/robustness_transfer/logs/v4/train_dividemix_v4__ours_v2_noisy__elastic_transform_sev3__seed0.log
[19:05:39] GPU2  train_dividemix_v4.py  cond=ours_v2_noisy__elastic_transform_sev3  seed=1  -> /path/to/ciln-workspace/journal_edition/robustness_transfer/logs/v4/train_dividemix_v4__ours_v2_noisy__elastic_transform_sev3__seed1.log
[20:51:12] GPU2  train_dividemix_v4.py  cond=ours_v2_noisy__elastic_transform_sev3  seed=2  -> /path/to/ciln-workspace/journal_edition/robustness_transfer/logs/v4/train_dividemix_v4__ours_v2_noisy__elastic_transform_sev3__seed2.log
[22:08:50] GPU2  train_dividemix_v4.py  cond=ours_v2_noisy__gaussian_noise_sev1  seed=0  -> /path/to/ciln-workspace/journal_edition/robustness_transfer/logs/v4/train_dividemix_v4__ours_v2_noisy__gaussian_noise_sev1__seed0.log
[23:55:39] GPU2  train_dividemix_v4.py  cond=ours_v2_noisy__gaussian_noise_sev1  seed=1  -> /path/to/ciln-workspace/journal_edition/robustness_transfer/logs/v4/train_dividemix_v4__ours_v2_noisy__gaussian_noise_sev1__seed1.log
[01:22:28] GPU2  train_dividemix_v4.py  cond=ours_v2_noisy__gaussian_noise_sev1  seed=2  -> /path/to/ciln-workspace/journal_edition/robustness_transfer/logs/v4/train_dividemix_v4__ours_v2_noisy__gaussian_noise_sev1__seed2.log
[02:45:24] GPU2  train_dividemix_v4.py  cond=ours_v2_noisy__contrast_sev5  seed=0  -> /path/to/ciln-workspace/journal_edition/robustness_transfer/logs/v4/train_dividemix_v4__ours_v2_noisy__contrast_sev5__seed0.log
[04:16:20] GPU2  train_dividemix_v4.py  cond=ours_v2_noisy__contrast_sev5  seed=1  -> /path/to/ciln-workspace/journal_edition/robustness_transfer/logs/v4/train_dividemix_v4__ours_v2_noisy__contrast_sev5__seed1.log
[05:56:55] GPU2  train_dividemix_v4.py  cond=ours_v2_noisy__contrast_sev5  seed=2  -> /path/to/ciln-workspace/journal_edition/robustness_transfer/logs/v4/train_dividemix_v4__ours_v2_noisy__contrast_sev5__seed2.log
[07:05:04] GPU2  train_dividemix_v4.py  cond=ours_v2_noisy__gaussian_noise_sev3  seed=0  -> /path/to/ciln-workspace/journal_edition/robustness_transfer/logs/v4/train_dividemix_v4__ours_v2_noisy__gaussian_noise_sev3__seed0.log
[08:35:40] GPU2  train_dividemix_v4.py  cond=ours_v2_noisy__gaussian_noise_sev3  seed=1  -> /path/to/ciln-workspace/journal_edition/robustness_transfer/logs/v4/train_dividemix_v4__ours_v2_noisy__gaussian_noise_sev3__seed1.log
[10:06:43] GPU2  train_dividemix_v4.py  cond=ours_v2_noisy__gaussian_noise_sev3  seed=2  -> /path/to/ciln-workspace/journal_edition/robustness_transfer/logs/v4/train_dividemix_v4__ours_v2_noisy__gaussian_noise_sev3__seed2.log
[12:01:14] GPU2  train_dividemix_v4.py  cond=ours_v2_noisy__pixelate_sev5  seed=0  -> /path/to/ciln-workspace/journal_edition/robustness_transfer/logs/v4/train_dividemix_v4__ours_v2_noisy__pixelate_sev5__seed0.log
[13:57:57] GPU2  train_dividemix_v4.py  cond=ours_v2_noisy__pixelate_sev5  seed=1  -> /path/to/ciln-workspace/journal_edition/robustness_transfer/logs/v4/train_dividemix_v4__ours_v2_noisy__pixelate_sev5__seed1.log
[15:30:49] GPU2  train_dividemix_v4.py  cond=ours_v2_noisy__pixelate_sev5  seed=2  -> /path/to/ciln-workspace/journal_edition/robustness_transfer/logs/v4/train_dividemix_v4__ours_v2_noisy__pixelate_sev5__seed2.log
[17:17:24] GPU2  train_dividemix_v4.py  cond=ours_v2_noisy__glass_blur_sev3  seed=0  -> /path/to/ciln-workspace/journal_edition/robustness_transfer/logs/v4/train_dividemix_v4__ours_v2_noisy__glass_blur_sev3__seed0.log
[18:15:28] GPU2  train_dividemix_v4.py  cond=ours_v2_noisy__glass_blur_sev3  seed=1  -> /path/to/ciln-workspace/journal_edition/robustness_transfer/logs/v4/train_dividemix_v4__ours_v2_noisy__glass_blur_sev3__seed1.log
[19:10:49] GPU2  train_dividemix_v4.py  cond=ours_v2_noisy__glass_blur_sev3  seed=2  -> /path/to/ciln-workspace/journal_edition/robustness_transfer/logs/v4/train_dividemix_v4__ours_v2_noisy__glass_blur_sev3__seed2.log
[20:01:43] GPU2  DONE.
