=== GPU1  DivideMix (10 settings x 3 seeds = 30 runs) ===
[21:07:54] GPU1  train_dividemix_v4.py  cond=ours_v2_clean__frost_sev1  seed=0  -> /path/to/ciln-workspace/journal_edition/robustness_transfer/logs/v4/train_dividemix_v4__ours_v2_clean__frost_sev1__seed0.log
[22:52:28] GPU1  train_dividemix_v4.py  cond=ours_v2_clean__frost_sev1  seed=1  -> /path/to/ciln-workspace/journal_edition/robustness_transfer/logs/v4/train_dividemix_v4__ours_v2_clean__frost_sev1__seed1.log
[00:22:53] GPU1  train_dividemix_v4.py  cond=ours_v2_clean__frost_sev1  seed=2  -> /path/to/ciln-workspace/journal_edition/robustness_transfer/logs/v4/train_dividemix_v4__ours_v2_clean__frost_sev1__seed2.log
[02:16:57] GPU1  train_dividemix_v4.py  cond=ours_v2_clean__pixelate_sev1  seed=0  -> /path/to/ciln-workspace/journal_edition/robustness_transfer/logs/v4/train_dividemix_v4__ours_v2_clean__pixelate_sev1__seed0.log
[04:04:57] GPU1  train_dividemix_v4.py  cond=ours_v2_clean__pixelate_sev1  seed=1  -> /path/to/ciln-workspace/journal_edition/robustness_transfer/logs/v4/train_dividemix_v4__ours_v2_clean__pixelate_sev1__seed1.log
[05:59:35] GPU1  train_dividemix_v4.py  cond=ours_v2_clean__pixelate_sev1  seed=2  -> /path/to/ciln-workspace/journal_edition/robustness_transfer/logs/v4/train_dividemix_v4__ours_v2_clean__pixelate_sev1__seed2.log
[07:53:37] GPU1  train_dividemix_v4.py  cond=ours_v2_clean__defocus_blur_sev1  seed=0  -> /path/to/ciln-workspace/journal_edition/robustness_transfer/logs/v4/train_dividemix_v4__ours_v2_clean__defocus_blur_sev1__seed0.log
[08:47:20] GPU1  train_dividemix_v4.py  cond=ours_v2_clean__defocus_blur_sev1  seed=1  -> /path/to/ciln-workspace/journal_edition/robustness_transfer/logs/v4/train_dividemix_v4__ours_v2_clean__defocus_blur_sev1__seed1.log
[10:35:17] GPU1  train_dividemix_v4.py  cond=ours_v2_clean__defocus_blur_sev1  seed=2  -> /path/to/ciln-workspace/journal_edition/robustness_transfer/logs/v4/train_dividemix_v4__ours_v2_clean__defocus_blur_sev1__seed2.log
[12:37:36] GPU1  train_dividemix_v4.py  cond=ours_v2_clean__snow_sev3  seed=0  -> /path/to/ciln-workspace/journal_edition/robustness_transfer/logs/v4/train_dividemix_v4__ours_v2_clean__snow_sev3__seed0.log
[14:22:51] GPU1  train_dividemix_v4.py  cond=ours_v2_clean__snow_sev3  seed=1  -> /path/to/ciln-workspace/journal_edition/robustness_transfer/logs/v4/train_dividemix_v4__ours_v2_clean__snow_sev3__seed1.log
[16:27:37] GPU1  train_dividemix_v4.py  cond=ours_v2_clean__snow_sev3  seed=2  -> /path/to/ciln-workspace/journal_edition/robustness_transfer/logs/v4/train_dividemix_v4__ours_v2_clean__snow_sev3__seed2.log
[18:07:32] GPU1  train_dividemix_v4.py  cond=ours_v2_clean__elastic_transform_sev3  seed=0  -> /path/to/ciln-workspace/journal_edition/robustness_transfer/logs/v4/train_dividemix_v4__ours_v2_clean__elastic_transform_sev3__seed0.log
[19:39:53] GPU1  train_dividemix_v4.py  cond=ours_v2_clean__elastic_transform_sev3  seed=1  -> /path/to/ciln-workspace/journal_edition/robustness_transfer/logs/v4/train_dividemix_v4__ours_v2_clean__elastic_transform_sev3__seed1.log
[21:24:17] GPU1  train_dividemix_v4.py  cond=ours_v2_clean__elastic_transform_sev3  seed=2  -> /path/to/ciln-workspace/journal_edition/robustness_transfer/logs/v4/train_dividemix_v4__ours_v2_clean__elastic_transform_sev3__seed2.log
[22:55:13] GPU1  train_dividemix_v4.py  cond=ours_v2_clean__gaussian_noise_sev1  seed=0  -> /path/to/ciln-workspace/journal_edition/robustness_transfer/logs/v4/train_dividemix_v4__ours_v2_clean__gaussian_noise_sev1__seed0.log
[00:20:57] GPU1  train_dividemix_v4.py  cond=ours_v2_clean__gaussian_noise_sev1  seed=1  -> /path/to/ciln-workspace/journal_edition/robustness_transfer/logs/v4/train_dividemix_v4__ours_v2_clean__gaussian_noise_sev1__seed1.log
[02:15:52] GPU1  train_dividemix_v4.py  cond=ours_v2_clean__gaussian_noise_sev1  seed=2  -> /path/to/ciln-workspace/journal_edition/robustness_transfer/logs/v4/train_dividemix_v4__ours_v2_clean__gaussian_noise_sev1__seed2.log
[03:45:58] GPU1  train_dividemix_v4.py  cond=ours_v2_clean__contrast_sev5  seed=0  -> /path/to/ciln-workspace/journal_edition/robustness_transfer/logs/v4/train_dividemix_v4__ours_v2_clean__contrast_sev5__seed0.log
[05:34:43] GPU1  train_dividemix_v4.py  cond=ours_v2_clean__contrast_sev5  seed=1  -> /path/to/ciln-workspace/journal_edition/robustness_transfer/logs/v4/train_dividemix_v4__ours_v2_clean__contrast_sev5__seed1.log
[06:50:11] GPU1  train_dividemix_v4.py  cond=ours_v2_clean__contrast_sev5  seed=2  -> /path/to/ciln-workspace/journal_edition/robustness_transfer/logs/v4/train_dividemix_v4__ours_v2_clean__contrast_sev5__seed2.log
[08:21:27] GPU1  train_dividemix_v4.py  cond=ours_v2_clean__gaussian_noise_sev3  seed=0  -> /path/to/ciln-workspace/journal_edition/robustness_transfer/logs/v4/train_dividemix_v4__ours_v2_clean__gaussian_noise_sev3__seed0.log
[10:02:18] GPU1  train_dividemix_v4.py  cond=ours_v2_clean__gaussian_noise_sev3  seed=1  -> /path/to/ciln-workspace/journal_edition/robustness_transfer/logs/v4/train_dividemix_v4__ours_v2_clean__gaussian_noise_sev3__seed1.log
[12:22:06] GPU1  train_dividemix_v4.py  cond=ours_v2_clean__gaussian_noise_sev3  seed=2  -> /path/to/ciln-workspace/journal_edition/robustness_transfer/logs/v4/train_dividemix_v4__ours_v2_clean__gaussian_noise_sev3__seed2.log
[14:25:39] GPU1  train_dividemix_v4.py  cond=ours_v2_clean__pixelate_sev5  seed=0  -> /path/to/ciln-workspace/journal_edition/robustness_transfer/logs/v4/train_dividemix_v4__ours_v2_clean__pixelate_sev5__seed0.log
[16:14:47] GPU1  train_dividemix_v4.py  cond=ours_v2_clean__pixelate_sev5  seed=1  -> /path/to/ciln-workspace/journal_edition/robustness_transfer/logs/v4/train_dividemix_v4__ours_v2_clean__pixelate_sev5__seed1.log
[18:00:00] GPU1  train_dividemix_v4.py  cond=ours_v2_clean__pixelate_sev5  seed=2  -> /path/to/ciln-workspace/journal_edition/robustness_transfer/logs/v4/train_dividemix_v4__ours_v2_clean__pixelate_sev5__seed2.log
[19:31:06] GPU1  train_dividemix_v4.py  cond=ours_v2_clean__glass_blur_sev3  seed=0  -> /path/to/ciln-workspace/journal_edition/robustness_transfer/logs/v4/train_dividemix_v4__ours_v2_clean__glass_blur_sev3__seed0.log
[20:18:37] GPU1  train_dividemix_v4.py  cond=ours_v2_clean__glass_blur_sev3  seed=1  -> /path/to/ciln-workspace/journal_edition/robustness_transfer/logs/v4/train_dividemix_v4__ours_v2_clean__glass_blur_sev3__seed1.log
[20:57:03] GPU1  train_dividemix_v4.py  cond=ours_v2_clean__glass_blur_sev3  seed=2  -> /path/to/ciln-workspace/journal_edition/robustness_transfer/logs/v4/train_dividemix_v4__ours_v2_clean__glass_blur_sev3__seed2.log
[21:40:49] GPU1  DONE.
