=== GPU1  Phase 1: ERM (8 conds x 3 seeds = 24 runs) ===
[00:50:17] GPU1  train_erm_v4.py  cond=ours_v2_clean__contrast_sev5  seed=0  -> /path/to/ciln-workspace/journal_edition/robustness_transfer/logs/v4/train_erm_v4__ours_v2_clean__contrast_sev5__seed0.log
[01:01:10] GPU1  train_erm_v4.py  cond=ours_v2_clean__contrast_sev5  seed=1  -> /path/to/ciln-workspace/journal_edition/robustness_transfer/logs/v4/train_erm_v4__ours_v2_clean__contrast_sev5__seed1.log
[01:12:08] GPU1  train_erm_v4.py  cond=ours_v2_clean__contrast_sev5  seed=2  -> /path/to/ciln-workspace/journal_edition/robustness_transfer/logs/v4/train_erm_v4__ours_v2_clean__contrast_sev5__seed2.log
[01:25:28] GPU1  train_erm_v4.py  cond=ours_v2_clean__defocus_blur_sev1  seed=0  -> /path/to/ciln-workspace/journal_edition/robustness_transfer/logs/v4/train_erm_v4__ours_v2_clean__defocus_blur_sev1__seed0.log
[01:38:03] GPU1  train_erm_v4.py  cond=ours_v2_clean__defocus_blur_sev1  seed=1  -> /path/to/ciln-workspace/journal_edition/robustness_transfer/logs/v4/train_erm_v4__ours_v2_clean__defocus_blur_sev1__seed1.log
[01:49:11] GPU1  train_erm_v4.py  cond=ours_v2_clean__defocus_blur_sev1  seed=2  -> /path/to/ciln-workspace/journal_edition/robustness_transfer/logs/v4/train_erm_v4__ours_v2_clean__defocus_blur_sev1__seed2.log
[02:00:05] GPU1  train_erm_v4.py  cond=ours_v2_clean__elastic_transform_sev3  seed=0  -> /path/to/ciln-workspace/journal_edition/robustness_transfer/logs/v4/train_erm_v4__ours_v2_clean__elastic_transform_sev3__seed0.log
[02:10:49] GPU1  train_erm_v4.py  cond=ours_v2_clean__elastic_transform_sev3  seed=1  -> /path/to/ciln-workspace/journal_edition/robustness_transfer/logs/v4/train_erm_v4__ours_v2_clean__elastic_transform_sev3__seed1.log
[02:22:38] GPU1  train_erm_v4.py  cond=ours_v2_clean__elastic_transform_sev3  seed=2  -> /path/to/ciln-workspace/journal_edition/robustness_transfer/logs/v4/train_erm_v4__ours_v2_clean__elastic_transform_sev3__seed2.log
[02:32:25] GPU1  train_erm_v4.py  cond=ours_v2_clean__frost_sev1  seed=0  -> /path/to/ciln-workspace/journal_edition/robustness_transfer/logs/v4/train_erm_v4__ours_v2_clean__frost_sev1__seed0.log
[02:43:06] GPU1  train_erm_v4.py  cond=ours_v2_clean__frost_sev1  seed=1  -> /path/to/ciln-workspace/journal_edition/robustness_transfer/logs/v4/train_erm_v4__ours_v2_clean__frost_sev1__seed1.log
[02:53:01] GPU1  train_erm_v4.py  cond=ours_v2_clean__frost_sev1  seed=2  -> /path/to/ciln-workspace/journal_edition/robustness_transfer/logs/v4/train_erm_v4__ours_v2_clean__frost_sev1__seed2.log
[03:03:56] GPU1  train_erm_v4.py  cond=ours_v2_clean__gaussian_noise_sev1  seed=0  -> /path/to/ciln-workspace/journal_edition/robustness_transfer/logs/v4/train_erm_v4__ours_v2_clean__gaussian_noise_sev1__seed0.log
[03:14:55] GPU1  train_erm_v4.py  cond=ours_v2_clean__gaussian_noise_sev1  seed=1  -> /path/to/ciln-workspace/journal_edition/robustness_transfer/logs/v4/train_erm_v4__ours_v2_clean__gaussian_noise_sev1__seed1.log
[03:26:01] GPU1  train_erm_v4.py  cond=ours_v2_clean__gaussian_noise_sev1  seed=2  -> /path/to/ciln-workspace/journal_edition/robustness_transfer/logs/v4/train_erm_v4__ours_v2_clean__gaussian_noise_sev1__seed2.log
[03:36:40] GPU1  train_erm_v4.py  cond=ours_v2_clean__gaussian_noise_sev3  seed=0  -> /path/to/ciln-workspace/journal_edition/robustness_transfer/logs/v4/train_erm_v4__ours_v2_clean__gaussian_noise_sev3__seed0.log
[03:46:28] GPU1  train_erm_v4.py  cond=ours_v2_clean__gaussian_noise_sev3  seed=1  -> /path/to/ciln-workspace/journal_edition/robustness_transfer/logs/v4/train_erm_v4__ours_v2_clean__gaussian_noise_sev3__seed1.log
[03:58:48] GPU1  train_erm_v4.py  cond=ours_v2_clean__gaussian_noise_sev3  seed=2  -> /path/to/ciln-workspace/journal_edition/robustness_transfer/logs/v4/train_erm_v4__ours_v2_clean__gaussian_noise_sev3__seed2.log
[04:10:48] GPU1  train_erm_v4.py  cond=ours_v2_clean__pixelate_sev1  seed=0  -> /path/to/ciln-workspace/journal_edition/robustness_transfer/logs/v4/train_erm_v4__ours_v2_clean__pixelate_sev1__seed0.log
[04:21:53] GPU1  train_erm_v4.py  cond=ours_v2_clean__pixelate_sev1  seed=1  -> /path/to/ciln-workspace/journal_edition/robustness_transfer/logs/v4/train_erm_v4__ours_v2_clean__pixelate_sev1__seed1.log
[04:33:05] GPU1  train_erm_v4.py  cond=ours_v2_clean__pixelate_sev1  seed=2  -> /path/to/ciln-workspace/journal_edition/robustness_transfer/logs/v4/train_erm_v4__ours_v2_clean__pixelate_sev1__seed2.log
[04:45:07] GPU1  train_erm_v4.py  cond=ours_v2_clean__snow_sev3  seed=0  -> /path/to/ciln-workspace/journal_edition/robustness_transfer/logs/v4/train_erm_v4__ours_v2_clean__snow_sev3__seed0.log
[04:54:34] GPU1  train_erm_v4.py  cond=ours_v2_clean__snow_sev3  seed=1  -> /path/to/ciln-workspace/journal_edition/robustness_transfer/logs/v4/train_erm_v4__ours_v2_clean__snow_sev3__seed1.log
[05:04:23] GPU1  train_erm_v4.py  cond=ours_v2_clean__snow_sev3  seed=2  -> /path/to/ciln-workspace/journal_edition/robustness_transfer/logs/v4/train_erm_v4__ours_v2_clean__snow_sev3__seed2.log
=== GPU1  Phase 2: Co-teaching (8 conds x 3 seeds = 24 runs) ===
[05:13:53] GPU1  train_coteaching_v4.py  cond=ours_v2_clean__contrast_sev5  seed=0  -> /path/to/ciln-workspace/journal_edition/robustness_transfer/logs/v4/train_coteaching_v4__ours_v2_clean__contrast_sev5__seed0.log
[05:35:32] GPU1  train_coteaching_v4.py  cond=ours_v2_clean__contrast_sev5  seed=1  -> /path/to/ciln-workspace/journal_edition/robustness_transfer/logs/v4/train_coteaching_v4__ours_v2_clean__contrast_sev5__seed1.log
[05:55:05] GPU1  train_coteaching_v4.py  cond=ours_v2_clean__contrast_sev5  seed=2  -> /path/to/ciln-workspace/journal_edition/robustness_transfer/logs/v4/train_coteaching_v4__ours_v2_clean__contrast_sev5__seed2.log
[06:15:30] GPU1  train_coteaching_v4.py  cond=ours_v2_clean__defocus_blur_sev1  seed=0  -> /path/to/ciln-workspace/journal_edition/robustness_transfer/logs/v4/train_coteaching_v4__ours_v2_clean__defocus_blur_sev1__seed0.log
[06:36:20] GPU1  train_coteaching_v4.py  cond=ours_v2_clean__defocus_blur_sev1  seed=1  -> /path/to/ciln-workspace/journal_edition/robustness_transfer/logs/v4/train_coteaching_v4__ours_v2_clean__defocus_blur_sev1__seed1.log
[06:58:52] GPU1  train_coteaching_v4.py  cond=ours_v2_clean__defocus_blur_sev1  seed=2  -> /path/to/ciln-workspace/journal_edition/robustness_transfer/logs/v4/train_coteaching_v4__ours_v2_clean__defocus_blur_sev1__seed2.log
[07:21:09] GPU1  train_coteaching_v4.py  cond=ours_v2_clean__elastic_transform_sev3  seed=0  -> /path/to/ciln-workspace/journal_edition/robustness_transfer/logs/v4/train_coteaching_v4__ours_v2_clean__elastic_transform_sev3__seed0.log
[07:40:15] GPU1  train_coteaching_v4.py  cond=ours_v2_clean__elastic_transform_sev3  seed=1  -> /path/to/ciln-workspace/journal_edition/robustness_transfer/logs/v4/train_coteaching_v4__ours_v2_clean__elastic_transform_sev3__seed1.log
[08:02:20] GPU1  train_coteaching_v4.py  cond=ours_v2_clean__elastic_transform_sev3  seed=2  -> /path/to/ciln-workspace/journal_edition/robustness_transfer/logs/v4/train_coteaching_v4__ours_v2_clean__elastic_transform_sev3__seed2.log
[08:25:52] GPU1  train_coteaching_v4.py  cond=ours_v2_clean__frost_sev1  seed=0  -> /path/to/ciln-workspace/journal_edition/robustness_transfer/logs/v4/train_coteaching_v4__ours_v2_clean__frost_sev1__seed0.log
[08:49:28] GPU1  train_coteaching_v4.py  cond=ours_v2_clean__frost_sev1  seed=1  -> /path/to/ciln-workspace/journal_edition/robustness_transfer/logs/v4/train_coteaching_v4__ours_v2_clean__frost_sev1__seed1.log
[09:06:35] GPU1  train_coteaching_v4.py  cond=ours_v2_clean__frost_sev1  seed=2  -> /path/to/ciln-workspace/journal_edition/robustness_transfer/logs/v4/train_coteaching_v4__ours_v2_clean__frost_sev1__seed2.log
[09:30:29] GPU1  train_coteaching_v4.py  cond=ours_v2_clean__gaussian_noise_sev1  seed=0  -> /path/to/ciln-workspace/journal_edition/robustness_transfer/logs/v4/train_coteaching_v4__ours_v2_clean__gaussian_noise_sev1__seed0.log
[09:49:32] GPU1  train_coteaching_v4.py  cond=ours_v2_clean__gaussian_noise_sev1  seed=1  -> /path/to/ciln-workspace/journal_edition/robustness_transfer/logs/v4/train_coteaching_v4__ours_v2_clean__gaussian_noise_sev1__seed1.log
[10:10:37] GPU1  train_coteaching_v4.py  cond=ours_v2_clean__gaussian_noise_sev1  seed=2  -> /path/to/ciln-workspace/journal_edition/robustness_transfer/logs/v4/train_coteaching_v4__ours_v2_clean__gaussian_noise_sev1__seed2.log
[10:31:18] GPU1  train_coteaching_v4.py  cond=ours_v2_clean__gaussian_noise_sev3  seed=0  -> /path/to/ciln-workspace/journal_edition/robustness_transfer/logs/v4/train_coteaching_v4__ours_v2_clean__gaussian_noise_sev3__seed0.log
[10:53:23] GPU1  train_coteaching_v4.py  cond=ours_v2_clean__gaussian_noise_sev3  seed=1  -> /path/to/ciln-workspace/journal_edition/robustness_transfer/logs/v4/train_coteaching_v4__ours_v2_clean__gaussian_noise_sev3__seed1.log
[11:16:09] GPU1  train_coteaching_v4.py  cond=ours_v2_clean__gaussian_noise_sev3  seed=2  -> /path/to/ciln-workspace/journal_edition/robustness_transfer/logs/v4/train_coteaching_v4__ours_v2_clean__gaussian_noise_sev3__seed2.log
[11:35:42] GPU1  train_coteaching_v4.py  cond=ours_v2_clean__pixelate_sev1  seed=0  -> /path/to/ciln-workspace/journal_edition/robustness_transfer/logs/v4/train_coteaching_v4__ours_v2_clean__pixelate_sev1__seed0.log
[11:57:24] GPU1  train_coteaching_v4.py  cond=ours_v2_clean__pixelate_sev1  seed=1  -> /path/to/ciln-workspace/journal_edition/robustness_transfer/logs/v4/train_coteaching_v4__ours_v2_clean__pixelate_sev1__seed1.log
[12:18:01] GPU1  train_coteaching_v4.py  cond=ours_v2_clean__pixelate_sev1  seed=2  -> /path/to/ciln-workspace/journal_edition/robustness_transfer/logs/v4/train_coteaching_v4__ours_v2_clean__pixelate_sev1__seed2.log
[12:40:00] GPU1  train_coteaching_v4.py  cond=ours_v2_clean__snow_sev3  seed=0  -> /path/to/ciln-workspace/journal_edition/robustness_transfer/logs/v4/train_coteaching_v4__ours_v2_clean__snow_sev3__seed0.log
[13:00:22] GPU1  train_coteaching_v4.py  cond=ours_v2_clean__snow_sev3  seed=1  -> /path/to/ciln-workspace/journal_edition/robustness_transfer/logs/v4/train_coteaching_v4__ours_v2_clean__snow_sev3__seed1.log
[13:21:54] GPU1  train_coteaching_v4.py  cond=ours_v2_clean__snow_sev3  seed=2  -> /path/to/ciln-workspace/journal_edition/robustness_transfer/logs/v4/train_coteaching_v4__ours_v2_clean__snow_sev3__seed2.log
[13:38:52] GPU1  DONE.
