condition=ours_v2_noisy__defocus_blur_sev1 seed=0 gpu=2
/path/to/ciln-workspace/venv/lib/python3.12/site-packages/torchvision/datasets/cifar.py:83: VisibleDeprecationWarning: dtype(): align should be passed as Python or NumPy boolean but got `align=0`. Did you mean to pass a tuple to create a subarray type? (Deprecated NumPy 2.4)
  entry = pickle.load(f, encoding="latin1")
image_source=noisy  N=22500  noise_rate=8.62%
  ep   0: R(t)=1.000  acc1=35.34%  acc2=32.34%  ens=33.84%  (best 33.84 @ ep 0)  [7.6s]
  ep   1: R(t)=0.973  acc1=40.61%  acc2=45.74%  ens=43.17%  (best 43.17 @ ep 1)  [6.6s]
  ep   2: R(t)=0.961  acc1=47.52%  acc2=49.94%  ens=48.73%  (best 48.73 @ ep 2)  [6.6s]
  ep   3: R(t)=0.953  acc1=52.55%  acc2=52.62%  ens=52.58%  (best 52.58 @ ep 3)  [6.4s]
  ep   4: R(t)=0.945  acc1=59.13%  acc2=60.30%  ens=59.72%  (best 59.72 @ ep 4)  [6.9s]
  ep   5: R(t)=0.939  acc1=46.59%  acc2=55.95%  ens=51.27%  (best 59.72 @ ep 4)  [10.3s]  [sel1+2: prec=0.923, recall_clean=0.969]
  ep   6: R(t)=0.933  acc1=62.67%  acc2=60.70%  ens=61.69%  (best 61.69 @ ep 6)  [6.5s]
  ep   7: R(t)=0.928  acc1=58.58%  acc2=57.69%  ens=58.14%  (best 61.69 @ ep 6)  [10.9s]
  ep   8: R(t)=0.923  acc1=63.91%  acc2=61.68%  ens=62.80%  (best 62.80 @ ep 8)  [17.7s]
  ep   9: R(t)=0.918  acc1=58.46%  acc2=62.65%  ens=60.56%  (best 62.80 @ ep 8)  [18.3s]
  ep  10: R(t)=0.914  acc1=69.28%  acc2=53.37%  ens=61.32%  (best 62.80 @ ep 8)  [25.5s]  [sel1+2: prec=0.931, recall_clean=0.959]
  ep  11: R(t)=0.914  acc1=70.19%  acc2=69.59%  ens=69.89%  (best 69.89 @ ep 11)  [18.6s]
  ep  12: R(t)=0.914  acc1=63.57%  acc2=71.39%  ens=67.48%  (best 69.89 @ ep 11)  [18.0s]
  ep  13: R(t)=0.914  acc1=69.69%  acc2=71.03%  ens=70.36%  (best 70.36 @ ep 13)  [16.6s]
  ep  14: R(t)=0.914  acc1=69.34%  acc2=72.98%  ens=71.16%  (best 71.16 @ ep 14)  [17.3s]
  ep  15: R(t)=0.914  acc1=71.26%  acc2=67.67%  ens=69.47%  (best 71.16 @ ep 14)  [19.0s]
  ep  16: R(t)=0.914  acc1=68.20%  acc2=65.13%  ens=66.66%  (best 71.16 @ ep 14)  [17.5s]
  ep  17: R(t)=0.914  acc1=59.76%  acc2=65.85%  ens=62.80%  (best 71.16 @ ep 14)  [16.1s]
  ep  18: R(t)=0.914  acc1=69.94%  acc2=72.87%  ens=71.41%  (best 71.41 @ ep 18)  [6.5s]
  ep  19: R(t)=0.914  acc1=72.87%  acc2=63.16%  ens=68.02%  (best 71.41 @ ep 18)  [6.4s]
  ep  20: R(t)=0.914  acc1=70.98%  acc2=68.78%  ens=69.88%  (best 71.41 @ ep 18)  [10.0s]  [sel1+2: prec=0.935, recall_clean=0.963]
  ep  21: R(t)=0.914  acc1=68.91%  acc2=67.72%  ens=68.31%  (best 71.41 @ ep 18)  [6.8s]
  ep  22: R(t)=0.914  acc1=75.28%  acc2=69.18%  ens=72.23%  (best 72.23 @ ep 22)  [6.4s]
  ep  23: R(t)=0.914  acc1=67.46%  acc2=78.02%  ens=72.74%  (best 72.74 @ ep 23)  [6.5s]
  ep  24: R(t)=0.914  acc1=72.66%  acc2=74.59%  ens=73.62%  (best 73.62 @ ep 24)  [6.7s]
  ep  25: R(t)=0.914  acc1=77.59%  acc2=75.86%  ens=76.72%  (best 76.72 @ ep 25)  [6.5s]
  ep  26: R(t)=0.914  acc1=69.66%  acc2=74.07%  ens=71.86%  (best 76.72 @ ep 25)  [6.8s]
  ep  27: R(t)=0.914  acc1=71.63%  acc2=73.26%  ens=72.45%  (best 76.72 @ ep 25)  [17.5s]
  ep  28: R(t)=0.914  acc1=71.28%  acc2=76.77%  ens=74.03%  (best 76.72 @ ep 25)  [18.1s]
  ep  29: R(t)=0.914  acc1=74.76%  acc2=76.22%  ens=75.49%  (best 76.72 @ ep 25)  [16.9s]
  ep  30: R(t)=0.914  acc1=70.88%  acc2=77.56%  ens=74.22%  (best 76.72 @ ep 25)  [25.3s]  [sel1+2: prec=0.936, recall_clean=0.965]
  ep  31: R(t)=0.914  acc1=73.28%  acc2=75.96%  ens=74.62%  (best 76.72 @ ep 25)  [20.0s]
  ep  32: R(t)=0.914  acc1=76.44%  acc2=75.32%  ens=75.88%  (best 76.72 @ ep 25)  [17.6s]
  ep  33: R(t)=0.914  acc1=72.29%  acc2=74.17%  ens=73.23%  (best 76.72 @ ep 25)  [16.6s]
  ep  34: R(t)=0.914  acc1=76.18%  acc2=77.63%  ens=76.91%  (best 76.91 @ ep 34)  [6.6s]
  ep  35: R(t)=0.914  acc1=75.26%  acc2=74.61%  ens=74.94%  (best 76.91 @ ep 34)  [6.5s]
  ep  36: R(t)=0.914  acc1=77.00%  acc2=76.33%  ens=76.67%  (best 76.91 @ ep 34)  [6.3s]
  ep  37: R(t)=0.914  acc1=79.01%  acc2=77.64%  ens=78.33%  (best 78.33 @ ep 37)  [6.8s]
  ep  38: R(t)=0.914  acc1=79.01%  acc2=74.97%  ens=76.99%  (best 78.33 @ ep 37)  [6.6s]
  ep  39: R(t)=0.914  acc1=78.32%  acc2=76.44%  ens=77.38%  (best 78.33 @ ep 37)  [6.5s]
  ep  40: R(t)=0.914  acc1=75.39%  acc2=69.91%  ens=72.65%  (best 78.33 @ ep 37)  [6.5s]
  ep  41: R(t)=0.914  acc1=74.25%  acc2=75.84%  ens=75.05%  (best 78.33 @ ep 37)  [6.5s]
  ep  42: R(t)=0.914  acc1=76.08%  acc2=77.42%  ens=76.75%  (best 78.33 @ ep 37)  [6.7s]
  ep  43: R(t)=0.914  acc1=77.94%  acc2=77.96%  ens=77.95%  (best 78.33 @ ep 37)  [20.5s]
  ep  44: R(t)=0.914  acc1=73.73%  acc2=78.93%  ens=76.33%  (best 78.33 @ ep 37)  [19.9s]
  ep  45: R(t)=0.914  acc1=75.23%  acc2=71.26%  ens=73.25%  (best 78.33 @ ep 37)  [19.3s]
  ep  46: R(t)=0.914  acc1=77.08%  acc2=78.26%  ens=77.67%  (best 78.33 @ ep 37)  [19.8s]
  ep  47: R(t)=0.914  acc1=79.37%  acc2=79.95%  ens=79.66%  (best 79.66 @ ep 47)  [22.0s]
  ep  48: R(t)=0.914  acc1=78.89%  acc2=80.65%  ens=79.77%  (best 79.77 @ ep 48)  [23.0s]
  ep  49: R(t)=0.914  acc1=78.50%  acc2=78.45%  ens=78.48%  (best 79.77 @ ep 48)  [20.9s]
  ep  50: R(t)=0.914  acc1=77.94%  acc2=79.80%  ens=78.87%  (best 79.77 @ ep 48)  [28.9s]  [sel1+2: prec=0.940, recall_clean=0.968]
  ep  51: R(t)=0.914  acc1=77.75%  acc2=78.83%  ens=78.29%  (best 79.77 @ ep 48)  [18.1s]
  ep  52: R(t)=0.914  acc1=80.68%  acc2=81.04%  ens=80.86%  (best 80.86 @ ep 52)  [19.1s]
  ep  53: R(t)=0.914  acc1=80.59%  acc2=80.39%  ens=80.49%  (best 80.86 @ ep 52)  [20.5s]
  ep  54: R(t)=0.914  acc1=79.00%  acc2=78.80%  ens=78.90%  (best 80.86 @ ep 52)  [17.4s]
  ep  55: R(t)=0.914  acc1=82.36%  acc2=78.00%  ens=80.18%  (best 80.86 @ ep 52)  [6.6s]
  ep  56: R(t)=0.914  acc1=81.32%  acc2=79.37%  ens=80.34%  (best 80.86 @ ep 52)  [6.6s]
  ep  57: R(t)=0.914  acc1=83.11%  acc2=81.81%  ens=82.46%  (best 82.46 @ ep 57)  [6.4s]
  ep  58: R(t)=0.914  acc1=81.15%  acc2=81.66%  ens=81.41%  (best 82.46 @ ep 57)  [6.6s]
  ep  59: R(t)=0.914  acc1=80.54%  acc2=82.08%  ens=81.31%  (best 82.46 @ ep 57)  [6.4s]
  ep  60: R(t)=0.914  acc1=80.53%  acc2=81.24%  ens=80.89%  (best 82.46 @ ep 57)  [6.3s]
  ep  61: R(t)=0.914  acc1=82.14%  acc2=80.64%  ens=81.39%  (best 82.46 @ ep 57)  [6.5s]
  ep  62: R(t)=0.914  acc1=79.78%  acc2=79.43%  ens=79.60%  (best 82.46 @ ep 57)  [6.6s]
  ep  63: R(t)=0.914  acc1=82.01%  acc2=82.69%  ens=82.35%  (best 82.46 @ ep 57)  [6.5s]
  ep  64: R(t)=0.914  acc1=80.93%  acc2=81.45%  ens=81.19%  (best 82.46 @ ep 57)  [20.2s]
  ep  65: R(t)=0.914  acc1=83.58%  acc2=81.87%  ens=82.73%  (best 82.73 @ ep 65)  [20.8s]
  ep  66: R(t)=0.914  acc1=83.22%  acc2=82.65%  ens=82.94%  (best 82.94 @ ep 66)  [15.6s]
  ep  67: R(t)=0.914  acc1=81.93%  acc2=81.85%  ens=81.89%  (best 82.94 @ ep 66)  [6.7s]
  ep  68: R(t)=0.914  acc1=84.12%  acc2=82.69%  ens=83.41%  (best 83.41 @ ep 68)  [6.3s]
  ep  69: R(t)=0.914  acc1=82.98%  acc2=82.29%  ens=82.63%  (best 83.41 @ ep 68)  [6.7s]
  ep  70: R(t)=0.914  acc1=82.68%  acc2=82.40%  ens=82.54%  (best 83.41 @ ep 68)  [6.7s]
  ep  71: R(t)=0.914  acc1=83.95%  acc2=83.93%  ens=83.94%  (best 83.94 @ ep 71)  [6.6s]
  ep  72: R(t)=0.914  acc1=84.28%  acc2=84.16%  ens=84.22%  (best 84.22 @ ep 72)  [6.8s]
  ep  73: R(t)=0.914  acc1=84.32%  acc2=84.74%  ens=84.53%  (best 84.53 @ ep 73)  [6.6s]
  ep  74: R(t)=0.914  acc1=85.63%  acc2=84.50%  ens=85.06%  (best 85.06 @ ep 74)  [6.5s]
  ep  75: R(t)=0.914  acc1=85.60%  acc2=84.43%  ens=85.02%  (best 85.06 @ ep 74)  [10.6s]  [sel1+2: prec=0.944, recall_clean=0.967]
  ep  76: R(t)=0.914  acc1=85.06%  acc2=84.07%  ens=84.56%  (best 85.06 @ ep 74)  [17.8s]
  ep  77: R(t)=0.914  acc1=85.35%  acc2=85.17%  ens=85.26%  (best 85.26 @ ep 77)  [18.0s]
  ep  78: R(t)=0.914  acc1=85.64%  acc2=85.04%  ens=85.34%  (best 85.34 @ ep 78)  [18.2s]
  ep  79: R(t)=0.914  acc1=85.72%  acc2=85.80%  ens=85.76%  (best 85.76 @ ep 79)  [17.7s]
  ep  80: R(t)=0.914  acc1=86.18%  acc2=85.35%  ens=85.77%  (best 85.77 @ ep 80)  [17.1s]
  ep  81: R(t)=0.914  acc1=85.94%  acc2=85.04%  ens=85.49%  (best 85.77 @ ep 80)  [17.8s]
  ep  82: R(t)=0.914  acc1=86.21%  acc2=85.66%  ens=85.94%  (best 85.94 @ ep 82)  [17.5s]
  ep  83: R(t)=0.914  acc1=86.31%  acc2=85.42%  ens=85.86%  (best 85.94 @ ep 82)  [19.2s]
  ep  84: R(t)=0.914  acc1=86.52%  acc2=85.86%  ens=86.19%  (best 86.19 @ ep 84)  [19.5s]
  ep  85: R(t)=0.914  acc1=86.70%  acc2=86.20%  ens=86.45%  (best 86.45 @ ep 85)  [17.0s]
  ep  86: R(t)=0.914  acc1=86.91%  acc2=86.51%  ens=86.71%  (best 86.71 @ ep 86)  [17.2s]
  ep  87: R(t)=0.914  acc1=86.39%  acc2=86.73%  ens=86.56%  (best 86.71 @ ep 86)  [8.5s]
  ep  88: R(t)=0.914  acc1=86.44%  acc2=86.47%  ens=86.45%  (best 86.71 @ ep 86)  [6.7s]
  ep  89: R(t)=0.914  acc1=86.75%  acc2=86.66%  ens=86.71%  (best 86.71 @ ep 86)  [6.6s]
  ep  90: R(t)=0.914  acc1=86.78%  acc2=86.58%  ens=86.68%  (best 86.71 @ ep 86)  [6.5s]
  ep  91: R(t)=0.914  acc1=86.65%  acc2=86.73%  ens=86.69%  (best 86.71 @ ep 86)  [6.7s]
  ep  92: R(t)=0.914  acc1=86.67%  acc2=86.71%  ens=86.69%  (best 86.71 @ ep 86)  [6.6s]
  ep  93: R(t)=0.914  acc1=86.69%  acc2=86.61%  ens=86.65%  (best 86.71 @ ep 86)  [6.5s]
  ep  94: R(t)=0.914  acc1=86.75%  acc2=86.70%  ens=86.73%  (best 86.73 @ ep 94)  [6.5s]
  ep  95: R(t)=0.914  acc1=86.82%  acc2=86.75%  ens=86.78%  (best 86.78 @ ep 95)  [6.7s]
  ep  96: R(t)=0.914  acc1=86.91%  acc2=86.87%  ens=86.89%  (best 86.89 @ ep 96)  [13.8s]
  ep  97: R(t)=0.914  acc1=86.80%  acc2=86.79%  ens=86.80%  (best 86.89 @ ep 96)  [17.3s]
  ep  98: R(t)=0.914  acc1=86.84%  acc2=86.82%  ens=86.83%  (best 86.89 @ ep 96)  [20.0s]
  ep  99: R(t)=0.914  acc1=86.94%  acc2=86.80%  ens=86.87%  (best 86.89 @ ep 96)  [24.6s]  [sel1+2: prec=0.946, recall_clean=0.964]

saved /path/to/ciln-workspace/journal_edition/robustness_transfer/results_v4/coteaching/ours_v2_noisy__defocus_blur_sev1__seed0.json: best ens-acc 86.89% @ ep 96
