condition=ours_v2_noisy__elastic_transform_sev3 seed=2 gpu=2
/path/to/ciln-workspace/venv/lib/python3.12/site-packages/torchvision/datasets/cifar.py:83: VisibleDeprecationWarning: dtype(): align should be passed as Python or NumPy boolean but got `align=0`. Did you mean to pass a tuple to create a subarray type? (Deprecated NumPy 2.4)
  entry = pickle.load(f, encoding="latin1")
image_source=noisy  N=22500  noise_rate=17.52%
  ep   0: R(t)=1.000  acc1=34.11%  acc2=28.36%  ens=31.24%  (best 31.24 @ ep 0)  [7.7s]
  ep   1: R(t)=0.945  acc1=43.65%  acc2=39.80%  ens=41.73%  (best 41.73 @ ep 1)  [6.8s]
  ep   2: R(t)=0.922  acc1=45.22%  acc2=47.45%  ens=46.34%  (best 46.34 @ ep 2)  [6.6s]
  ep   3: R(t)=0.904  acc1=44.05%  acc2=44.39%  ens=44.22%  (best 46.34 @ ep 2)  [6.8s]
  ep   4: R(t)=0.889  acc1=48.21%  acc2=48.40%  ens=48.30%  (best 48.30 @ ep 4)  [6.7s]
  ep   5: R(t)=0.876  acc1=57.53%  acc2=51.87%  ens=54.70%  (best 54.70 @ ep 5)  [11.2s]  [sel1+2: prec=0.849, recall_clean=0.932]
  ep   6: R(t)=0.864  acc1=51.96%  acc2=56.24%  ens=54.10%  (best 54.70 @ ep 5)  [20.0s]
  ep   7: R(t)=0.853  acc1=56.55%  acc2=60.11%  ens=58.33%  (best 58.33 @ ep 7)  [21.3s]
  ep   8: R(t)=0.843  acc1=50.23%  acc2=37.81%  ens=44.02%  (best 58.33 @ ep 7)  [19.3s]
  ep   9: R(t)=0.834  acc1=57.26%  acc2=60.77%  ens=59.01%  (best 59.01 @ ep 9)  [20.0s]
  ep  10: R(t)=0.825  acc1=64.60%  acc2=61.66%  ens=63.13%  (best 63.13 @ ep 10)  [29.3s]  [sel1+2: prec=0.870, recall_clean=0.916]
  ep  11: R(t)=0.825  acc1=62.61%  acc2=54.59%  ens=58.60%  (best 63.13 @ ep 10)  [19.1s]
  ep  12: R(t)=0.825  acc1=60.82%  acc2=60.48%  ens=60.65%  (best 63.13 @ ep 10)  [18.8s]
  ep  13: R(t)=0.825  acc1=58.73%  acc2=62.30%  ens=60.52%  (best 63.13 @ ep 10)  [19.3s]
  ep  14: R(t)=0.825  acc1=63.15%  acc2=64.93%  ens=64.04%  (best 64.04 @ ep 14)  [19.6s]
  ep  15: R(t)=0.825  acc1=62.89%  acc2=57.89%  ens=60.39%  (best 64.04 @ ep 14)  [20.4s]
  ep  16: R(t)=0.825  acc1=59.08%  acc2=67.66%  ens=63.37%  (best 64.04 @ ep 14)  [22.0s]
  ep  17: R(t)=0.825  acc1=57.47%  acc2=66.42%  ens=61.95%  (best 64.04 @ ep 14)  [19.9s]
  ep  18: R(t)=0.825  acc1=65.64%  acc2=70.26%  ens=67.95%  (best 67.95 @ ep 18)  [20.7s]
  ep  19: R(t)=0.825  acc1=65.33%  acc2=59.27%  ens=62.30%  (best 67.95 @ ep 18)  [20.2s]
  ep  20: R(t)=0.825  acc1=63.36%  acc2=69.07%  ens=66.22%  (best 67.95 @ ep 18)  [30.6s]  [sel1+2: prec=0.879, recall_clean=0.928]
  ep  21: R(t)=0.825  acc1=70.51%  acc2=65.04%  ens=67.77%  (best 67.95 @ ep 18)  [18.8s]
  ep  22: R(t)=0.825  acc1=65.24%  acc2=67.58%  ens=66.41%  (best 67.95 @ ep 18)  [22.4s]
  ep  23: R(t)=0.825  acc1=62.54%  acc2=65.77%  ens=64.16%  (best 67.95 @ ep 18)  [23.7s]
  ep  24: R(t)=0.825  acc1=64.65%  acc2=69.67%  ens=67.16%  (best 67.95 @ ep 18)  [22.2s]
  ep  25: R(t)=0.825  acc1=68.33%  acc2=67.88%  ens=68.10%  (best 68.10 @ ep 25)  [21.0s]
  ep  26: R(t)=0.825  acc1=69.76%  acc2=70.52%  ens=70.14%  (best 70.14 @ ep 26)  [20.0s]
  ep  27: R(t)=0.825  acc1=70.67%  acc2=66.24%  ens=68.45%  (best 70.14 @ ep 26)  [21.0s]
  ep  28: R(t)=0.825  acc1=68.37%  acc2=73.55%  ens=70.96%  (best 70.96 @ ep 28)  [18.5s]
  ep  29: R(t)=0.825  acc1=65.72%  acc2=64.83%  ens=65.27%  (best 70.96 @ ep 28)  [18.7s]
  ep  30: R(t)=0.825  acc1=64.64%  acc2=64.20%  ens=64.42%  (best 70.96 @ ep 28)  [28.9s]  [sel1+2: prec=0.882, recall_clean=0.931]
  ep  31: R(t)=0.825  acc1=69.48%  acc2=70.78%  ens=70.13%  (best 70.96 @ ep 28)  [22.7s]
  ep  32: R(t)=0.825  acc1=71.09%  acc2=71.65%  ens=71.37%  (best 71.37 @ ep 32)  [20.2s]
  ep  33: R(t)=0.825  acc1=70.37%  acc2=64.96%  ens=67.66%  (best 71.37 @ ep 32)  [20.3s]
  ep  34: R(t)=0.825  acc1=68.44%  acc2=67.82%  ens=68.13%  (best 71.37 @ ep 32)  [19.9s]
  ep  35: R(t)=0.825  acc1=68.56%  acc2=67.39%  ens=67.98%  (best 71.37 @ ep 32)  [16.2s]
  ep  36: R(t)=0.825  acc1=67.43%  acc2=67.93%  ens=67.68%  (best 71.37 @ ep 32)  [6.3s]
  ep  37: R(t)=0.825  acc1=66.69%  acc2=70.81%  ens=68.75%  (best 71.37 @ ep 32)  [6.8s]
  ep  38: R(t)=0.825  acc1=71.39%  acc2=77.05%  ens=74.22%  (best 74.22 @ ep 38)  [6.4s]
  ep  39: R(t)=0.825  acc1=67.59%  acc2=69.75%  ens=68.67%  (best 74.22 @ ep 38)  [6.3s]
  ep  40: R(t)=0.825  acc1=73.45%  acc2=72.49%  ens=72.97%  (best 74.22 @ ep 38)  [6.6s]
  ep  41: R(t)=0.825  acc1=63.06%  acc2=67.72%  ens=65.39%  (best 74.22 @ ep 38)  [6.5s]
  ep  42: R(t)=0.825  acc1=73.79%  acc2=72.60%  ens=73.19%  (best 74.22 @ ep 38)  [6.7s]
  ep  43: R(t)=0.825  acc1=71.70%  acc2=70.62%  ens=71.16%  (best 74.22 @ ep 38)  [6.4s]
  ep  44: R(t)=0.825  acc1=69.99%  acc2=71.41%  ens=70.70%  (best 74.22 @ ep 38)  [6.3s]
  ep  45: R(t)=0.825  acc1=71.27%  acc2=74.98%  ens=73.12%  (best 74.22 @ ep 38)  [16.6s]
  ep  46: R(t)=0.825  acc1=71.15%  acc2=73.57%  ens=72.36%  (best 74.22 @ ep 38)  [20.2s]
  ep  47: R(t)=0.825  acc1=71.18%  acc2=74.22%  ens=72.70%  (best 74.22 @ ep 38)  [17.8s]
  ep  48: R(t)=0.825  acc1=72.80%  acc2=73.80%  ens=73.30%  (best 74.22 @ ep 38)  [6.4s]
  ep  49: R(t)=0.825  acc1=69.88%  acc2=74.52%  ens=72.20%  (best 74.22 @ ep 38)  [6.6s]
  ep  50: R(t)=0.825  acc1=70.55%  acc2=74.09%  ens=72.32%  (best 74.22 @ ep 38)  [10.1s]  [sel1+2: prec=0.890, recall_clean=0.938]
  ep  51: R(t)=0.825  acc1=72.33%  acc2=77.65%  ens=74.99%  (best 74.99 @ ep 51)  [6.9s]
  ep  52: R(t)=0.825  acc1=72.41%  acc2=72.66%  ens=72.53%  (best 74.99 @ ep 51)  [6.6s]
  ep  53: R(t)=0.825  acc1=71.40%  acc2=73.22%  ens=72.31%  (best 74.99 @ ep 51)  [6.4s]
  ep  54: R(t)=0.825  acc1=74.52%  acc2=74.98%  ens=74.75%  (best 74.99 @ ep 51)  [6.6s]
  ep  55: R(t)=0.825  acc1=75.60%  acc2=76.20%  ens=75.90%  (best 75.90 @ ep 55)  [6.7s]
  ep  56: R(t)=0.825  acc1=74.08%  acc2=75.30%  ens=74.69%  (best 75.90 @ ep 55)  [9.5s]
  ep  57: R(t)=0.825  acc1=78.35%  acc2=78.62%  ens=78.48%  (best 78.48 @ ep 57)  [6.9s]
  ep  58: R(t)=0.825  acc1=74.49%  acc2=71.48%  ens=72.98%  (best 78.48 @ ep 57)  [6.2s]
  ep  59: R(t)=0.825  acc1=77.62%  acc2=73.56%  ens=75.59%  (best 78.48 @ ep 57)  [6.7s]
  ep  60: R(t)=0.825  acc1=74.37%  acc2=78.30%  ens=76.33%  (best 78.48 @ ep 57)  [6.6s]
  ep  61: R(t)=0.825  acc1=72.28%  acc2=73.56%  ens=72.92%  (best 78.48 @ ep 57)  [6.6s]
  ep  62: R(t)=0.825  acc1=75.25%  acc2=77.44%  ens=76.34%  (best 78.48 @ ep 57)  [6.3s]
  ep  63: R(t)=0.825  acc1=76.69%  acc2=78.37%  ens=77.53%  (best 78.48 @ ep 57)  [6.6s]
  ep  64: R(t)=0.825  acc1=78.27%  acc2=78.33%  ens=78.30%  (best 78.48 @ ep 57)  [6.3s]
  ep  65: R(t)=0.825  acc1=78.68%  acc2=73.21%  ens=75.94%  (best 78.48 @ ep 57)  [6.5s]
  ep  66: R(t)=0.825  acc1=79.51%  acc2=78.63%  ens=79.07%  (best 79.07 @ ep 66)  [7.0s]
  ep  67: R(t)=0.825  acc1=77.02%  acc2=77.09%  ens=77.06%  (best 79.07 @ ep 66)  [6.4s]
  ep  68: R(t)=0.825  acc1=79.43%  acc2=78.05%  ens=78.74%  (best 79.07 @ ep 66)  [6.2s]
  ep  69: R(t)=0.825  acc1=78.14%  acc2=78.70%  ens=78.42%  (best 79.07 @ ep 66)  [6.4s]
  ep  70: R(t)=0.825  acc1=76.19%  acc2=79.56%  ens=77.88%  (best 79.07 @ ep 66)  [6.7s]
  ep  71: R(t)=0.825  acc1=79.48%  acc2=79.69%  ens=79.58%  (best 79.58 @ ep 71)  [6.8s]
  ep  72: R(t)=0.825  acc1=78.05%  acc2=81.07%  ens=79.56%  (best 79.58 @ ep 71)  [6.6s]
  ep  73: R(t)=0.825  acc1=79.19%  acc2=80.68%  ens=79.94%  (best 79.94 @ ep 73)  [6.3s]
  ep  74: R(t)=0.825  acc1=78.89%  acc2=78.82%  ens=78.86%  (best 79.94 @ ep 73)  [6.5s]
  ep  75: R(t)=0.825  acc1=80.15%  acc2=78.28%  ens=79.22%  (best 79.94 @ ep 73)  [18.6s]  [sel1+2: prec=0.899, recall_clean=0.938]
  ep  76: R(t)=0.825  acc1=80.24%  acc2=79.84%  ens=80.04%  (best 80.04 @ ep 76)  [18.1s]
  ep  77: R(t)=0.825  acc1=78.67%  acc2=82.01%  ens=80.34%  (best 80.34 @ ep 77)  [21.0s]
  ep  78: R(t)=0.825  acc1=81.59%  acc2=80.96%  ens=81.27%  (best 81.27 @ ep 78)  [19.3s]
  ep  79: R(t)=0.825  acc1=80.55%  acc2=80.84%  ens=80.70%  (best 81.27 @ ep 78)  [21.9s]
  ep  80: R(t)=0.825  acc1=80.98%  acc2=82.03%  ens=81.51%  (best 81.51 @ ep 80)  [19.4s]
  ep  81: R(t)=0.825  acc1=81.62%  acc2=80.69%  ens=81.16%  (best 81.51 @ ep 80)  [20.0s]
  ep  82: R(t)=0.825  acc1=80.27%  acc2=81.36%  ens=80.81%  (best 81.51 @ ep 80)  [18.7s]
  ep  83: R(t)=0.825  acc1=82.06%  acc2=81.87%  ens=81.97%  (best 81.97 @ ep 83)  [21.4s]
  ep  84: R(t)=0.825  acc1=81.79%  acc2=82.11%  ens=81.95%  (best 81.97 @ ep 83)  [22.9s]
  ep  85: R(t)=0.825  acc1=82.27%  acc2=81.98%  ens=82.12%  (best 82.12 @ ep 85)  [21.1s]
  ep  86: R(t)=0.825  acc1=80.82%  acc2=82.06%  ens=81.44%  (best 82.12 @ ep 85)  [20.3s]
  ep  87: R(t)=0.825  acc1=81.87%  acc2=82.12%  ens=81.99%  (best 82.12 @ ep 85)  [18.9s]
  ep  88: R(t)=0.825  acc1=82.32%  acc2=82.71%  ens=82.52%  (best 82.52 @ ep 88)  [19.1s]
  ep  89: R(t)=0.825  acc1=82.53%  acc2=82.29%  ens=82.41%  (best 82.52 @ ep 88)  [22.6s]
  ep  90: R(t)=0.825  acc1=82.26%  acc2=82.14%  ens=82.20%  (best 82.52 @ ep 88)  [20.8s]
  ep  91: R(t)=0.825  acc1=81.94%  acc2=82.49%  ens=82.21%  (best 82.52 @ ep 88)  [21.3s]
  ep  92: R(t)=0.825  acc1=82.15%  acc2=82.38%  ens=82.27%  (best 82.52 @ ep 88)  [20.8s]
  ep  93: R(t)=0.825  acc1=82.30%  acc2=82.58%  ens=82.44%  (best 82.52 @ ep 88)  [14.9s]
  ep  94: R(t)=0.825  acc1=82.30%  acc2=82.74%  ens=82.52%  (best 82.52 @ ep 94)  [6.8s]
  ep  95: R(t)=0.825  acc1=82.03%  acc2=82.19%  ens=82.11%  (best 82.52 @ ep 94)  [6.6s]
  ep  96: R(t)=0.825  acc1=82.23%  acc2=82.33%  ens=82.28%  (best 82.52 @ ep 94)  [6.4s]
  ep  97: R(t)=0.825  acc1=82.14%  acc2=82.48%  ens=82.31%  (best 82.52 @ ep 94)  [6.4s]
  ep  98: R(t)=0.825  acc1=82.07%  acc2=82.25%  ens=82.16%  (best 82.52 @ ep 94)  [6.3s]
  ep  99: R(t)=0.825  acc1=82.37%  acc2=82.60%  ens=82.48%  (best 82.52 @ ep 94)  [9.8s]  [sel1+2: prec=0.906, recall_clean=0.935]

saved /path/to/ciln-workspace/journal_edition/robustness_transfer/results_v4/coteaching/ours_v2_noisy__elastic_transform_sev3__seed2.json: best ens-acc 82.52% @ ep 94
