condition=ours_v2_clean__gaussian_noise_sev3 seed=0 gpu=1
/path/to/ciln-workspace/venv/lib/python3.12/site-packages/torchvision/datasets/cifar.py:83: VisibleDeprecationWarning: dtype(): align should be passed as Python or NumPy boolean but got `align=0`. Did you mean to pass a tuple to create a subarray type? (Deprecated NumPy 2.4)
  entry = pickle.load(f, encoding="latin1")
image_source=clean  N_train=22500  noise_rate=48.86%
  ep   0: acc1=22.21%  acc2=20.59%  ens=21.40%  (best 21.40 @ ep 0)  [8.8s]
  ep   1: acc1=30.61%  acc2=28.66%  ens=29.64%  (best 29.64 @ ep 1)  [25.5s]
  ep   2: acc1=32.48%  acc2=31.49%  ens=31.98%  (best 31.98 @ ep 2)  [28.2s]
  ep   3: acc1=38.14%  acc2=34.47%  ens=36.30%  (best 36.30 @ ep 3)  [29.7s]
  ep   4: acc1=41.98%  acc2=35.89%  ens=38.93%  (best 38.93 @ ep 4)  [7.2s]
  ep   5: acc1=35.84%  acc2=38.05%  ens=36.95%  (best 38.93 @ ep 4)  [10.9s]  [w on clean=0.806, on noisy=0.792]
  ep   6: acc1=37.86%  acc2=46.47%  ens=42.16%  (best 42.16 @ ep 6)  [7.5s]
  ep   7: acc1=37.29%  acc2=45.44%  ens=41.37%  (best 42.16 @ ep 6)  [7.6s]
  ep   8: acc1=45.69%  acc2=37.35%  ens=41.52%  (best 42.16 @ ep 6)  [7.8s]
  ep   9: acc1=40.10%  acc2=46.32%  ens=43.21%  (best 43.21 @ ep 9)  [7.2s]
  ep  10: acc1=34.70%  acc2=24.89%  ens=29.79%  (best 43.21 @ ep 9)  [51.0s]  [w on clean=0.654, on noisy=0.602]
  ep  11: acc1=16.93%  acc2=11.14%  ens=14.04%  (best 43.21 @ ep 9)  [35.7s]
  ep  12: acc1=10.11%  acc2=10.48%  ens=10.29%  (best 43.21 @ ep 9)  [29.2s]
  ep  13: acc1=13.27%  acc2=10.76%  ens=12.02%  (best 43.21 @ ep 9)  [32.6s]
  ep  14: acc1=11.20%  acc2=13.94%  ens=12.57%  (best 43.21 @ ep 9)  [123.3s]
  ep  15: acc1=16.77%  acc2=16.73%  ens=16.75%  (best 43.21 @ ep 9)  [36.6s]
  ep  16: acc1=21.55%  acc2=15.43%  ens=18.49%  (best 43.21 @ ep 9)  [34.9s]
  ep  17: acc1=17.38%  acc2=17.02%  ens=17.20%  (best 43.21 @ ep 9)  [40.2s]
  ep  18: acc1=17.82%  acc2=17.33%  ens=17.58%  (best 43.21 @ ep 9)  [170.3s]
  ep  19: acc1=19.62%  acc2=26.59%  ens=23.11%  (best 43.21 @ ep 9)  [38.9s]
  ep  20: acc1=23.97%  acc2=13.95%  ens=18.96%  (best 43.21 @ ep 9)  [45.6s]  [w on clean=0.859, on noisy=0.902]
  ep  21: acc1=16.47%  acc2=22.32%  ens=19.39%  (best 43.21 @ ep 9)  [38.1s]
  ep  22: acc1=25.89%  acc2=23.24%  ens=24.57%  (best 43.21 @ ep 9)  [37.9s]
  ep  23: acc1=25.13%  acc2=25.23%  ens=25.18%  (best 43.21 @ ep 9)  [41.0s]
  ep  24: acc1=24.95%  acc2=18.89%  ens=21.92%  (best 43.21 @ ep 9)  [49.2s]
  ep  25: acc1=16.81%  acc2=25.25%  ens=21.03%  (best 43.21 @ ep 9)  [74.8s]
  ep  26: acc1=28.04%  acc2=23.88%  ens=25.96%  (best 43.21 @ ep 9)  [76.2s]
  ep  27: acc1=22.63%  acc2=30.84%  ens=26.73%  (best 43.21 @ ep 9)  [36.8s]
  ep  28: acc1=24.50%  acc2=21.46%  ens=22.98%  (best 43.21 @ ep 9)  [41.4s]
  ep  29: acc1=17.57%  acc2=25.75%  ens=21.66%  (best 43.21 @ ep 9)  [35.5s]
  ep  30: acc1=24.48%  acc2=19.98%  ens=22.23%  (best 43.21 @ ep 9)  [102.8s]  [w on clean=0.860, on noisy=0.903]
  ep  31: acc1=16.51%  acc2=27.13%  ens=21.82%  (best 43.21 @ ep 9)  [34.7s]
  ep  32: acc1=28.56%  acc2=17.04%  ens=22.80%  (best 43.21 @ ep 9)  [187.6s]
  ep  33: acc1=17.88%  acc2=20.69%  ens=19.29%  (best 43.21 @ ep 9)  [34.9s]
  ep  34: acc1=24.43%  acc2=16.04%  ens=20.23%  (best 43.21 @ ep 9)  [91.3s]
  ep  35: acc1=13.03%  acc2=23.68%  ens=18.36%  (best 43.21 @ ep 9)  [35.4s]
  ep  36: acc1=27.65%  acc2=14.76%  ens=21.21%  (best 43.21 @ ep 9)  [77.6s]
  ep  37: acc1=14.35%  acc2=26.08%  ens=20.21%  (best 43.21 @ ep 9)  [34.6s]
  ep  38: acc1=28.63%  acc2=18.91%  ens=23.77%  (best 43.21 @ ep 9)  [139.9s]
  ep  39: acc1=18.73%  acc2=23.53%  ens=21.13%  (best 43.21 @ ep 9)  [34.6s]
  ep  40: acc1=27.79%  acc2=18.00%  ens=22.89%  (best 43.21 @ ep 9)  [46.2s]
  ep  41: acc1=15.54%  acc2=25.50%  ens=20.52%  (best 43.21 @ ep 9)  [34.0s]
  ep  42: acc1=28.19%  acc2=21.11%  ens=24.65%  (best 43.21 @ ep 9)  [43.1s]
  ep  43: acc1=17.80%  acc2=26.08%  ens=21.94%  (best 43.21 @ ep 9)  [34.3s]
  ep  44: acc1=30.37%  acc2=22.70%  ens=26.54%  (best 43.21 @ ep 9)  [37.0s]
  ep  45: acc1=17.69%  acc2=29.88%  ens=23.79%  (best 43.21 @ ep 9)  [35.3s]
  ep  46: acc1=29.10%  acc2=20.31%  ens=24.70%  (best 43.21 @ ep 9)  [84.6s]
  ep  47: acc1=19.56%  acc2=28.90%  ens=24.23%  (best 43.21 @ ep 9)  [35.6s]
  ep  48: acc1=30.50%  acc2=25.04%  ens=27.77%  (best 43.21 @ ep 9)  [273.3s]
  ep  49: acc1=20.27%  acc2=25.17%  ens=22.72%  (best 43.21 @ ep 9)  [34.6s]
  ep  50: acc1=32.00%  acc2=25.56%  ens=28.78%  (best 43.21 @ ep 9)  [48.0s]  [w on clean=0.859, on noisy=0.903]
  ep  51: acc1=21.65%  acc2=28.83%  ens=25.24%  (best 43.21 @ ep 9)  [34.8s]
  ep  52: acc1=30.86%  acc2=23.43%  ens=27.14%  (best 43.21 @ ep 9)  [42.9s]
  ep  53: acc1=21.44%  acc2=27.62%  ens=24.53%  (best 43.21 @ ep 9)  [35.6s]
  ep  54: acc1=31.55%  acc2=22.09%  ens=26.82%  (best 43.21 @ ep 9)  [144.4s]
  ep  55: acc1=19.91%  acc2=28.18%  ens=24.04%  (best 43.21 @ ep 9)  [35.1s]
  ep  56: acc1=26.57%  acc2=21.27%  ens=23.92%  (best 43.21 @ ep 9)  [52.2s]
  ep  57: acc1=19.97%  acc2=29.96%  ens=24.96%  (best 43.21 @ ep 9)  [36.6s]
  ep  58: acc1=30.67%  acc2=23.42%  ens=27.04%  (best 43.21 @ ep 9)  [35.0s]
  ep  59: acc1=23.14%  acc2=32.07%  ens=27.61%  (best 43.21 @ ep 9)  [152.5s]
  ep  60: acc1=29.31%  acc2=23.22%  ens=26.27%  (best 43.21 @ ep 9)  [36.1s]
  ep  61: acc1=21.02%  acc2=28.77%  ens=24.89%  (best 43.21 @ ep 9)  [37.2s]
  ep  62: acc1=28.80%  acc2=26.42%  ens=27.61%  (best 43.21 @ ep 9)  [35.3s]
  ep  63: acc1=24.30%  acc2=30.62%  ens=27.46%  (best 43.21 @ ep 9)  [50.5s]
  ep  64: acc1=29.33%  acc2=25.61%  ens=27.47%  (best 43.21 @ ep 9)  [36.9s]
  ep  65: acc1=23.49%  acc2=29.43%  ens=26.46%  (best 43.21 @ ep 9)  [145.2s]
  ep  66: acc1=29.89%  acc2=24.86%  ens=27.38%  (best 43.21 @ ep 9)  [38.1s]
  ep  67: acc1=22.94%  acc2=30.76%  ens=26.85%  (best 43.21 @ ep 9)  [37.9s]
  ep  68: acc1=32.61%  acc2=26.29%  ens=29.45%  (best 43.21 @ ep 9)  [48.5s]
  ep  69: acc1=25.57%  acc2=30.92%  ens=28.24%  (best 43.21 @ ep 9)  [98.9s]
  ep  70: acc1=31.15%  acc2=27.21%  ens=29.18%  (best 43.21 @ ep 9)  [35.3s]
  ep  71: acc1=24.38%  acc2=31.76%  ens=28.07%  (best 43.21 @ ep 9)  [64.2s]
  ep  72: acc1=31.22%  acc2=36.96%  ens=34.09%  (best 43.21 @ ep 9)  [46.9s]
  ep  73: acc1=32.77%  acc2=36.24%  ens=34.50%  (best 43.21 @ ep 9)  [47.7s]
  ep  74: acc1=35.22%  acc2=33.00%  ens=34.11%  (best 43.21 @ ep 9)  [62.9s]
  ep  75: acc1=32.14%  acc2=33.73%  ens=32.94%  (best 43.21 @ ep 9)  [49.4s]  [w on clean=0.860, on noisy=0.904]
  ep  76: acc1=32.18%  acc2=32.86%  ens=32.52%  (best 43.21 @ ep 9)  [111.2s]
  ep  77: acc1=33.05%  acc2=33.81%  ens=33.43%  (best 43.21 @ ep 9)  [53.1s]
  ep  78: acc1=33.37%  acc2=36.18%  ens=34.77%  (best 43.21 @ ep 9)  [57.5s]
  ep  79: acc1=34.84%  acc2=35.19%  ens=35.01%  (best 43.21 @ ep 9)  [62.8s]
  ep  80: acc1=32.40%  acc2=36.07%  ens=34.24%  (best 43.21 @ ep 9)  [75.2s]
  ep  81: acc1=34.59%  acc2=36.80%  ens=35.70%  (best 43.21 @ ep 9)  [79.2s]
  ep  82: acc1=35.83%  acc2=35.28%  ens=35.56%  (best 43.21 @ ep 9)  [62.4s]
  ep  83: acc1=35.38%  acc2=36.16%  ens=35.77%  (best 43.21 @ ep 9)  [71.9s]
  ep  84: acc1=36.02%  acc2=36.63%  ens=36.33%  (best 43.21 @ ep 9)  [72.6s]
  ep  85: acc1=35.22%  acc2=37.01%  ens=36.11%  (best 43.21 @ ep 9)  [43.4s]
  ep  86: acc1=35.13%  acc2=35.30%  ens=35.21%  (best 43.21 @ ep 9)  [122.7s]
  ep  87: acc1=35.32%  acc2=36.82%  ens=36.07%  (best 43.21 @ ep 9)  [43.7s]
  ep  88: acc1=35.68%  acc2=38.53%  ens=37.10%  (best 43.21 @ ep 9)  [42.5s]
  ep  89: acc1=35.43%  acc2=37.24%  ens=36.34%  (best 43.21 @ ep 9)  [114.1s]
  ep  90: acc1=36.42%  acc2=37.38%  ens=36.90%  (best 43.21 @ ep 9)  [62.5s]
  ep  91: acc1=35.98%  acc2=37.21%  ens=36.59%  (best 43.21 @ ep 9)  [43.6s]
  ep  92: acc1=36.62%  acc2=37.71%  ens=37.17%  (best 43.21 @ ep 9)  [94.9s]
  ep  93: acc1=36.35%  acc2=37.52%  ens=36.93%  (best 43.21 @ ep 9)  [184.4s]
  ep  94: acc1=36.90%  acc2=37.93%  ens=37.41%  (best 43.21 @ ep 9)  [43.6s]
  ep  95: acc1=36.23%  acc2=37.34%  ens=36.79%  (best 43.21 @ ep 9)  [107.5s]
  ep  96: acc1=37.12%  acc2=36.20%  ens=36.66%  (best 43.21 @ ep 9)  [42.9s]
  ep  97: acc1=36.32%  acc2=36.85%  ens=36.59%  (best 43.21 @ ep 9)  [155.4s]
  ep  98: acc1=35.82%  acc2=37.45%  ens=36.63%  (best 43.21 @ ep 9)  [110.9s]
  ep  99: acc1=35.40%  acc2=37.42%  ens=36.41%  (best 43.21 @ ep 9)  [48.4s]  [w on clean=0.860, on noisy=0.903]

saved /path/to/ciln-workspace/journal_edition/robustness_transfer/results_v4/dividemix/ours_v2_clean__gaussian_noise_sev3__seed0.json: best ens-acc 43.21% @ ep 9
