condition=ours_v2_noisy__elastic_transform_sev3 seed=0 gpu=2
/path/to/ciln-workspace/venv/lib/python3.12/site-packages/torchvision/datasets/cifar.py:83: VisibleDeprecationWarning: dtype(): align should be passed as Python or NumPy boolean but got `align=0`. Did you mean to pass a tuple to create a subarray type? (Deprecated NumPy 2.4)
  entry = pickle.load(f, encoding="latin1")
image_source=noisy  N_train=22500  noise_rate=17.52%
  ep   0: acc1=34.10%  acc2=36.84%  ens=35.47%  (best 35.47 @ ep 0)  [8.5s]
  ep   1: acc1=42.42%  acc2=43.89%  ens=43.16%  (best 43.16 @ ep 1)  [7.8s]
  ep   2: acc1=51.69%  acc2=47.19%  ens=49.44%  (best 49.44 @ ep 2)  [7.8s]
  ep   3: acc1=56.50%  acc2=53.23%  ens=54.86%  (best 54.86 @ ep 3)  [20.5s]
  ep   4: acc1=57.50%  acc2=58.19%  ens=57.84%  (best 57.84 @ ep 4)  [23.9s]
  ep   5: acc1=57.76%  acc2=53.26%  ens=55.51%  (best 57.84 @ ep 4)  [37.1s]  [w on clean=0.807, on noisy=0.501]
  ep   6: acc1=63.84%  acc2=61.71%  ens=62.78%  (best 62.78 @ ep 6)  [25.6s]
  ep   7: acc1=61.88%  acc2=62.58%  ens=62.23%  (best 62.78 @ ep 6)  [7.4s]
  ep   8: acc1=65.26%  acc2=69.52%  ens=67.39%  (best 67.39 @ ep 8)  [7.3s]
  ep   9: acc1=66.13%  acc2=60.50%  ens=63.31%  (best 67.39 @ ep 8)  [7.6s]
  ep  10: acc1=36.93%  acc2=29.32%  ens=33.13%  (best 67.39 @ ep 8)  [46.2s]  [w on clean=0.611, on noisy=0.402]
  ep  11: acc1=24.81%  acc2=23.50%  ens=24.15%  (best 67.39 @ ep 8)  [30.5s]
  ep  12: acc1=30.13%  acc2=26.73%  ens=28.43%  (best 67.39 @ ep 8)  [31.3s]
  ep  13: acc1=22.50%  acc2=20.88%  ens=21.69%  (best 67.39 @ ep 8)  [71.5s]
  ep  14: acc1=32.86%  acc2=26.29%  ens=29.58%  (best 67.39 @ ep 8)  [37.5s]
  ep  15: acc1=32.73%  acc2=29.33%  ens=31.03%  (best 67.39 @ ep 8)  [42.4s]
  ep  16: acc1=33.15%  acc2=33.30%  ens=33.23%  (best 67.39 @ ep 8)  [63.0s]
  ep  17: acc1=31.60%  acc2=35.08%  ens=33.34%  (best 67.39 @ ep 8)  [40.6s]
  ep  18: acc1=35.87%  acc2=36.71%  ens=36.29%  (best 67.39 @ ep 8)  [42.5s]
  ep  19: acc1=43.21%  acc2=40.28%  ens=41.74%  (best 67.39 @ ep 8)  [174.3s]
  ep  20: acc1=39.35%  acc2=38.10%  ens=38.73%  (best 67.39 @ ep 8)  [43.8s]  [w on clean=0.795, on noisy=0.578]
  ep  21: acc1=37.17%  acc2=40.95%  ens=39.06%  (best 67.39 @ ep 8)  [41.3s]
  ep  22: acc1=37.45%  acc2=37.23%  ens=37.34%  (best 67.39 @ ep 8)  [39.4s]
  ep  23: acc1=44.10%  acc2=38.56%  ens=41.33%  (best 67.39 @ ep 8)  [46.6s]
  ep  24: acc1=38.02%  acc2=46.88%  ens=42.45%  (best 67.39 @ ep 8)  [79.5s]
  ep  25: acc1=41.27%  acc2=39.20%  ens=40.23%  (best 67.39 @ ep 8)  [42.4s]
  ep  26: acc1=45.67%  acc2=46.10%  ens=45.88%  (best 67.39 @ ep 8)  [105.4s]
  ep  27: acc1=45.25%  acc2=46.89%  ens=46.07%  (best 67.39 @ ep 8)  [39.3s]
  ep  28: acc1=40.96%  acc2=42.59%  ens=41.77%  (best 67.39 @ ep 8)  [72.1s]
  ep  29: acc1=45.24%  acc2=40.32%  ens=42.78%  (best 67.39 @ ep 8)  [115.8s]
  ep  30: acc1=42.64%  acc2=43.98%  ens=43.31%  (best 67.39 @ ep 8)  [42.9s]  [w on clean=0.763, on noisy=0.481]
  ep  31: acc1=41.47%  acc2=38.87%  ens=40.17%  (best 67.39 @ ep 8)  [41.4s]
  ep  32: acc1=37.78%  acc2=48.22%  ens=43.00%  (best 67.39 @ ep 8)  [42.3s]
  ep  33: acc1=46.29%  acc2=42.09%  ens=44.19%  (best 67.39 @ ep 8)  [205.3s]
  ep  34: acc1=41.74%  acc2=47.10%  ens=44.42%  (best 67.39 @ ep 8)  [41.6s]
  ep  35: acc1=42.93%  acc2=35.24%  ens=39.09%  (best 67.39 @ ep 8)  [65.3s]
  ep  36: acc1=38.98%  acc2=42.38%  ens=40.68%  (best 67.39 @ ep 8)  [49.4s]
  ep  37: acc1=50.18%  acc2=38.61%  ens=44.40%  (best 67.39 @ ep 8)  [38.8s]
  ep  38: acc1=43.48%  acc2=49.64%  ens=46.56%  (best 67.39 @ ep 8)  [74.7s]
  ep  39: acc1=52.85%  acc2=41.08%  ens=46.97%  (best 67.39 @ ep 8)  [88.4s]
  ep  40: acc1=38.70%  acc2=47.52%  ens=43.11%  (best 67.39 @ ep 8)  [41.5s]
  ep  41: acc1=46.39%  acc2=43.75%  ens=45.07%  (best 67.39 @ ep 8)  [67.0s]
  ep  42: acc1=49.17%  acc2=46.45%  ens=47.81%  (best 67.39 @ ep 8)  [50.4s]
  ep  43: acc1=53.63%  acc2=50.99%  ens=52.31%  (best 67.39 @ ep 8)  [45.3s]
  ep  44: acc1=50.97%  acc2=48.01%  ens=49.49%  (best 67.39 @ ep 8)  [148.0s]
  ep  45: acc1=43.86%  acc2=49.74%  ens=46.80%  (best 67.39 @ ep 8)  [53.7s]
  ep  46: acc1=55.51%  acc2=54.92%  ens=55.22%  (best 67.39 @ ep 8)  [50.1s]
  ep  47: acc1=46.64%  acc2=51.17%  ens=48.91%  (best 67.39 @ ep 8)  [43.5s]
  ep  48: acc1=52.20%  acc2=50.70%  ens=51.45%  (best 67.39 @ ep 8)  [57.0s]
  ep  49: acc1=46.50%  acc2=54.32%  ens=50.41%  (best 67.39 @ ep 8)  [282.6s]
  ep  50: acc1=51.16%  acc2=54.67%  ens=52.91%  (best 67.39 @ ep 8)  [48.8s]  [w on clean=0.907, on noisy=0.928]
  ep  51: acc1=52.85%  acc2=53.78%  ens=53.31%  (best 67.39 @ ep 8)  [49.7s]
  ep  52: acc1=52.69%  acc2=49.28%  ens=50.98%  (best 67.39 @ ep 8)  [156.7s]
  ep  53: acc1=51.95%  acc2=50.78%  ens=51.36%  (best 67.39 @ ep 8)  [42.9s]
  ep  54: acc1=50.87%  acc2=53.21%  ens=52.04%  (best 67.39 @ ep 8)  [55.0s]
  ep  55: acc1=54.79%  acc2=53.00%  ens=53.90%  (best 67.39 @ ep 8)  [80.9s]
  ep  56: acc1=54.69%  acc2=52.98%  ens=53.84%  (best 67.39 @ ep 8)  [43.3s]
  ep  57: acc1=52.69%  acc2=54.27%  ens=53.48%  (best 67.39 @ ep 8)  [45.8s]
  ep  58: acc1=52.02%  acc2=55.57%  ens=53.79%  (best 67.39 @ ep 8)  [151.4s]
  ep  59: acc1=55.71%  acc2=53.07%  ens=54.39%  (best 67.39 @ ep 8)  [195.5s]
  ep  60: acc1=54.24%  acc2=52.67%  ens=53.45%  (best 67.39 @ ep 8)  [127.3s]
  ep  61: acc1=53.23%  acc2=54.81%  ens=54.02%  (best 67.39 @ ep 8)  [43.1s]
  ep  62: acc1=53.08%  acc2=53.00%  ens=53.04%  (best 67.39 @ ep 8)  [44.5s]
  ep  63: acc1=55.46%  acc2=57.52%  ens=56.49%  (best 67.39 @ ep 8)  [142.1s]
  ep  64: acc1=52.74%  acc2=57.17%  ens=54.95%  (best 67.39 @ ep 8)  [44.9s]
  ep  65: acc1=54.53%  acc2=55.00%  ens=54.77%  (best 67.39 @ ep 8)  [106.4s]
  ep  66: acc1=53.41%  acc2=54.88%  ens=54.14%  (best 67.39 @ ep 8)  [75.5s]
  ep  67: acc1=54.27%  acc2=57.09%  ens=55.68%  (best 67.39 @ ep 8)  [43.7s]
  ep  68: acc1=54.82%  acc2=55.13%  ens=54.97%  (best 67.39 @ ep 8)  [57.6s]
  ep  69: acc1=55.73%  acc2=57.69%  ens=56.71%  (best 67.39 @ ep 8)  [91.6s]
  ep  70: acc1=54.70%  acc2=55.86%  ens=55.28%  (best 67.39 @ ep 8)  [44.6s]
  ep  71: acc1=53.57%  acc2=56.17%  ens=54.87%  (best 67.39 @ ep 8)  [62.3s]
  ep  72: acc1=52.54%  acc2=58.56%  ens=55.55%  (best 67.39 @ ep 8)  [45.9s]
  ep  73: acc1=55.22%  acc2=55.44%  ens=55.33%  (best 67.39 @ ep 8)  [43.4s]
  ep  74: acc1=56.32%  acc2=54.91%  ens=55.62%  (best 67.39 @ ep 8)  [89.1s]
  ep  75: acc1=56.70%  acc2=56.74%  ens=56.72%  (best 67.39 @ ep 8)  [105.6s]  [w on clean=0.907, on noisy=0.927]
  ep  76: acc1=56.97%  acc2=57.72%  ens=57.34%  (best 67.39 @ ep 8)  [43.3s]
  ep  77: acc1=54.78%  acc2=57.65%  ens=56.21%  (best 67.39 @ ep 8)  [88.3s]
  ep  78: acc1=56.35%  acc2=57.39%  ens=56.87%  (best 67.39 @ ep 8)  [55.7s]
  ep  79: acc1=56.66%  acc2=58.06%  ens=57.36%  (best 67.39 @ ep 8)  [51.3s]
  ep  80: acc1=55.96%  acc2=59.00%  ens=57.48%  (best 67.39 @ ep 8)  [44.1s]
  ep  81: acc1=55.73%  acc2=57.04%  ens=56.38%  (best 67.39 @ ep 8)  [80.8s]
  ep  82: acc1=55.95%  acc2=58.74%  ens=57.34%  (best 67.39 @ ep 8)  [99.4s]
  ep  83: acc1=57.55%  acc2=57.43%  ens=57.49%  (best 67.39 @ ep 8)  [68.7s]
  ep  84: acc1=57.85%  acc2=58.51%  ens=58.18%  (best 67.39 @ ep 8)  [133.7s]
  ep  85: acc1=56.76%  acc2=57.64%  ens=57.20%  (best 67.39 @ ep 8)  [43.6s]
  ep  86: acc1=57.77%  acc2=58.25%  ens=58.01%  (best 67.39 @ ep 8)  [303.9s]
  ep  87: acc1=57.32%  acc2=58.62%  ens=57.97%  (best 67.39 @ ep 8)  [44.0s]
  ep  88: acc1=56.55%  acc2=57.45%  ens=57.00%  (best 67.39 @ ep 8)  [77.2s]
  ep  89: acc1=57.89%  acc2=58.70%  ens=58.29%  (best 67.39 @ ep 8)  [62.4s]
  ep  90: acc1=56.77%  acc2=58.76%  ens=57.77%  (best 67.39 @ ep 8)  [44.2s]
  ep  91: acc1=57.01%  acc2=57.52%  ens=57.27%  (best 67.39 @ ep 8)  [55.6s]
  ep  92: acc1=57.95%  acc2=58.44%  ens=58.19%  (best 67.39 @ ep 8)  [87.8s]
  ep  93: acc1=57.89%  acc2=58.04%  ens=57.97%  (best 67.39 @ ep 8)  [44.5s]
  ep  94: acc1=58.07%  acc2=58.10%  ens=58.09%  (best 67.39 @ ep 8)  [42.7s]
  ep  95: acc1=57.94%  acc2=57.95%  ens=57.95%  (best 67.39 @ ep 8)  [44.8s]
  ep  96: acc1=57.75%  acc2=58.19%  ens=57.97%  (best 67.39 @ ep 8)  [59.2s]
  ep  97: acc1=57.95%  acc2=58.59%  ens=58.27%  (best 67.39 @ ep 8)  [76.9s]
  ep  98: acc1=57.64%  acc2=58.18%  ens=57.91%  (best 67.39 @ ep 8)  [43.9s]
  ep  99: acc1=57.87%  acc2=58.14%  ens=58.00%  (best 67.39 @ ep 8)  [54.5s]  [w on clean=0.907, on noisy=0.927]

saved /path/to/ciln-workspace/journal_edition/robustness_transfer/results_v4/dividemix/ours_v2_noisy__elastic_transform_sev3__seed0.json: best ens-acc 67.39% @ ep 8
