condition=ours_v2_clean__gaussian_noise_sev1 seed=0 gpu=1
/path/to/ciln-workspace/venv/lib/python3.12/site-packages/torchvision/datasets/cifar.py:83: VisibleDeprecationWarning: dtype(): align should be passed as Python or NumPy boolean but got `align=0`. Did you mean to pass a tuple to create a subarray type? (Deprecated NumPy 2.4)
  entry = pickle.load(f, encoding="latin1")
image_source=clean  N_train=22500  noise_rate=21.27%
  ep   0: acc1=41.98%  acc2=27.22%  ens=34.60%  (best 34.60 @ ep 0)  [8.4s]
  ep   1: acc1=45.76%  acc2=41.28%  ens=43.52%  (best 43.52 @ ep 1)  [8.3s]
  ep   2: acc1=51.95%  acc2=52.97%  ens=52.46%  (best 52.46 @ ep 2)  [27.8s]
  ep   3: acc1=51.25%  acc2=52.02%  ens=51.63%  (best 52.46 @ ep 2)  [16.1s]
  ep   4: acc1=60.75%  acc2=57.97%  ens=59.36%  (best 59.36 @ ep 4)  [8.1s]
  ep   5: acc1=58.52%  acc2=58.25%  ens=58.38%  (best 59.36 @ ep 4)  [11.9s]  [w on clean=0.788, on noisy=0.486]
  ep   6: acc1=62.66%  acc2=51.09%  ens=56.88%  (best 59.36 @ ep 4)  [7.6s]
  ep   7: acc1=57.59%  acc2=64.82%  ens=61.20%  (best 61.20 @ ep 7)  [7.9s]
  ep   8: acc1=59.86%  acc2=61.05%  ens=60.46%  (best 61.20 @ ep 7)  [7.3s]
  ep   9: acc1=60.51%  acc2=65.08%  ens=62.80%  (best 62.80 @ ep 9)  [7.2s]
  ep  10: acc1=37.67%  acc2=27.77%  ens=32.72%  (best 62.80 @ ep 9)  [85.1s]  [w on clean=0.534, on noisy=0.284]
  ep  11: acc1=23.33%  acc2=20.81%  ens=22.07%  (best 62.80 @ ep 9)  [23.8s]
  ep  12: acc1=22.48%  acc2=25.14%  ens=23.81%  (best 62.80 @ ep 9)  [111.5s]
  ep  13: acc1=21.53%  acc2=18.68%  ens=20.11%  (best 62.80 @ ep 9)  [27.0s]
  ep  14: acc1=25.13%  acc2=24.46%  ens=24.80%  (best 62.80 @ ep 9)  [26.5s]
  ep  15: acc1=24.73%  acc2=24.65%  ens=24.69%  (best 62.80 @ ep 9)  [33.8s]
  ep  16: acc1=19.16%  acc2=15.47%  ens=17.32%  (best 62.80 @ ep 9)  [27.2s]
  ep  17: acc1=16.90%  acc2=15.88%  ens=16.39%  (best 62.80 @ ep 9)  [30.2s]
  ep  18: acc1=21.69%  acc2=21.59%  ens=21.64%  (best 62.80 @ ep 9)  [27.5s]
  ep  19: acc1=22.14%  acc2=13.81%  ens=17.98%  (best 62.80 @ ep 9)  [27.4s]
  ep  20: acc1=18.67%  acc2=16.05%  ens=17.36%  (best 62.80 @ ep 9)  [31.8s]  [w on clean=0.623, on noisy=0.642]
  ep  21: acc1=23.15%  acc2=22.21%  ens=22.68%  (best 62.80 @ ep 9)  [31.5s]
  ep  22: acc1=28.43%  acc2=23.53%  ens=25.98%  (best 62.80 @ ep 9)  [208.5s]
  ep  23: acc1=27.82%  acc2=22.78%  ens=25.30%  (best 62.80 @ ep 9)  [30.8s]
  ep  24: acc1=26.87%  acc2=27.75%  ens=27.31%  (best 62.80 @ ep 9)  [39.9s]
  ep  25: acc1=26.18%  acc2=26.56%  ens=26.37%  (best 62.80 @ ep 9)  [29.8s]
  ep  26: acc1=22.72%  acc2=23.31%  ens=23.02%  (best 62.80 @ ep 9)  [36.9s]
  ep  27: acc1=30.98%  acc2=25.55%  ens=28.27%  (best 62.80 @ ep 9)  [86.2s]
  ep  28: acc1=30.00%  acc2=28.29%  ens=29.14%  (best 62.80 @ ep 9)  [29.0s]
  ep  29: acc1=25.77%  acc2=27.54%  ens=26.65%  (best 62.80 @ ep 9)  [115.4s]
  ep  30: acc1=27.13%  acc2=24.89%  ens=26.01%  (best 62.80 @ ep 9)  [33.7s]  [w on clean=0.623, on noisy=0.642]
  ep  31: acc1=30.61%  acc2=31.99%  ens=31.30%  (best 62.80 @ ep 9)  [41.5s]
  ep  32: acc1=25.42%  acc2=27.28%  ens=26.35%  (best 62.80 @ ep 9)  [30.0s]
  ep  33: acc1=28.94%  acc2=27.51%  ens=28.23%  (best 62.80 @ ep 9)  [32.2s]
  ep  34: acc1=30.74%  acc2=24.91%  ens=27.82%  (best 62.80 @ ep 9)  [32.0s]
  ep  35: acc1=28.80%  acc2=27.40%  ens=28.10%  (best 62.80 @ ep 9)  [55.1s]
  ep  36: acc1=30.26%  acc2=29.65%  ens=29.95%  (best 62.80 @ ep 9)  [33.6s]
  ep  37: acc1=32.03%  acc2=26.35%  ens=29.19%  (best 62.80 @ ep 9)  [46.2s]
  ep  38: acc1=29.50%  acc2=29.51%  ens=29.50%  (best 62.80 @ ep 9)  [34.2s]
  ep  39: acc1=23.55%  acc2=30.56%  ens=27.05%  (best 62.80 @ ep 9)  [96.4s]
  ep  40: acc1=31.22%  acc2=27.81%  ens=29.52%  (best 62.80 @ ep 9)  [31.9s]
  ep  41: acc1=32.09%  acc2=31.73%  ens=31.91%  (best 62.80 @ ep 9)  [76.1s]
  ep  42: acc1=25.77%  acc2=31.02%  ens=28.39%  (best 62.80 @ ep 9)  [33.7s]
  ep  43: acc1=30.62%  acc2=33.02%  ens=31.82%  (best 62.80 @ ep 9)  [88.2s]
  ep  44: acc1=36.28%  acc2=29.43%  ens=32.86%  (best 62.80 @ ep 9)  [32.8s]
  ep  45: acc1=28.20%  acc2=32.17%  ens=30.18%  (best 62.80 @ ep 9)  [167.1s]
  ep  46: acc1=31.57%  acc2=28.96%  ens=30.26%  (best 62.80 @ ep 9)  [43.4s]
  ep  47: acc1=29.42%  acc2=32.12%  ens=30.77%  (best 62.80 @ ep 9)  [42.1s]
  ep  48: acc1=35.62%  acc2=33.15%  ens=34.38%  (best 62.80 @ ep 9)  [32.5s]
  ep  49: acc1=34.81%  acc2=29.91%  ens=32.36%  (best 62.80 @ ep 9)  [33.3s]
  ep  50: acc1=33.23%  acc2=31.47%  ens=32.35%  (best 62.80 @ ep 9)  [40.5s]  [w on clean=0.623, on noisy=0.641]
  ep  51: acc1=34.38%  acc2=30.40%  ens=32.39%  (best 62.80 @ ep 9)  [128.5s]
  ep  52: acc1=34.80%  acc2=30.73%  ens=32.77%  (best 62.80 @ ep 9)  [33.3s]
  ep  53: acc1=32.69%  acc2=32.01%  ens=32.35%  (best 62.80 @ ep 9)  [57.6s]
  ep  54: acc1=33.83%  acc2=32.19%  ens=33.01%  (best 62.80 @ ep 9)  [32.9s]
  ep  55: acc1=34.16%  acc2=31.14%  ens=32.65%  (best 62.80 @ ep 9)  [130.4s]
  ep  56: acc1=34.48%  acc2=34.31%  ens=34.39%  (best 62.80 @ ep 9)  [91.9s]
  ep  57: acc1=34.24%  acc2=33.98%  ens=34.11%  (best 62.80 @ ep 9)  [36.3s]
  ep  58: acc1=31.53%  acc2=32.27%  ens=31.90%  (best 62.80 @ ep 9)  [86.2s]
  ep  59: acc1=34.53%  acc2=36.16%  ens=35.34%  (best 62.80 @ ep 9)  [32.7s]
  ep  60: acc1=37.07%  acc2=35.05%  ens=36.06%  (best 62.80 @ ep 9)  [51.0s]
  ep  61: acc1=36.01%  acc2=35.46%  ens=35.73%  (best 62.80 @ ep 9)  [31.6s]
  ep  62: acc1=36.12%  acc2=36.51%  ens=36.31%  (best 62.80 @ ep 9)  [282.7s]
  ep  63: acc1=36.71%  acc2=37.30%  ens=37.00%  (best 62.80 @ ep 9)  [92.0s]
  ep  64: acc1=39.15%  acc2=36.79%  ens=37.97%  (best 62.80 @ ep 9)  [33.4s]
  ep  65: acc1=36.27%  acc2=34.71%  ens=35.49%  (best 62.80 @ ep 9)  [35.8s]
  ep  66: acc1=35.32%  acc2=34.70%  ens=35.01%  (best 62.80 @ ep 9)  [38.4s]
  ep  67: acc1=37.04%  acc2=36.82%  ens=36.93%  (best 62.80 @ ep 9)  [83.5s]
  ep  68: acc1=39.44%  acc2=38.63%  ens=39.03%  (best 62.80 @ ep 9)  [32.9s]
  ep  69: acc1=40.29%  acc2=36.88%  ens=38.59%  (best 62.80 @ ep 9)  [85.7s]
  ep  70: acc1=36.15%  acc2=36.20%  ens=36.18%  (best 62.80 @ ep 9)  [34.6s]
  ep  71: acc1=36.00%  acc2=36.33%  ens=36.17%  (best 62.80 @ ep 9)  [127.5s]
  ep  72: acc1=37.48%  acc2=37.43%  ens=37.46%  (best 62.80 @ ep 9)  [58.1s]
  ep  73: acc1=36.36%  acc2=36.40%  ens=36.38%  (best 62.80 @ ep 9)  [33.2s]
  ep  74: acc1=36.99%  acc2=38.44%  ens=37.71%  (best 62.80 @ ep 9)  [47.5s]
  ep  75: acc1=39.01%  acc2=36.54%  ens=37.78%  (best 62.80 @ ep 9)  [41.3s]  [w on clean=0.623, on noisy=0.642]
  ep  76: acc1=38.63%  acc2=36.63%  ens=37.63%  (best 62.80 @ ep 9)  [37.9s]
  ep  77: acc1=37.53%  acc2=35.84%  ens=36.69%  (best 62.80 @ ep 9)  [41.4s]
  ep  78: acc1=37.95%  acc2=36.44%  ens=37.20%  (best 62.80 @ ep 9)  [93.4s]
  ep  79: acc1=38.49%  acc2=36.64%  ens=37.57%  (best 62.80 @ ep 9)  [32.3s]
  ep  80: acc1=38.00%  acc2=36.60%  ens=37.30%  (best 62.80 @ ep 9)  [62.7s]
  ep  81: acc1=37.78%  acc2=37.20%  ens=37.49%  (best 62.80 @ ep 9)  [34.1s]
  ep  82: acc1=39.17%  acc2=37.10%  ens=38.13%  (best 62.80 @ ep 9)  [34.4s]
  ep  83: acc1=38.44%  acc2=36.89%  ens=37.67%  (best 62.80 @ ep 9)  [33.2s]
  ep  84: acc1=38.11%  acc2=37.75%  ens=37.93%  (best 62.80 @ ep 9)  [40.8s]
  ep  85: acc1=38.73%  acc2=37.74%  ens=38.23%  (best 62.80 @ ep 9)  [53.9s]
  ep  86: acc1=39.38%  acc2=37.29%  ens=38.33%  (best 62.80 @ ep 9)  [32.2s]
  ep  87: acc1=38.62%  acc2=38.46%  ens=38.54%  (best 62.80 @ ep 9)  [36.8s]
  ep  88: acc1=39.20%  acc2=37.75%  ens=38.48%  (best 62.80 @ ep 9)  [35.5s]
  ep  89: acc1=39.25%  acc2=37.09%  ens=38.17%  (best 62.80 @ ep 9)  [88.3s]
  ep  90: acc1=38.74%  acc2=37.73%  ens=38.23%  (best 62.80 @ ep 9)  [32.8s]
  ep  91: acc1=40.01%  acc2=38.09%  ens=39.05%  (best 62.80 @ ep 9)  [45.4s]
  ep  92: acc1=40.05%  acc2=38.13%  ens=39.09%  (best 62.80 @ ep 9)  [40.1s]
  ep  93: acc1=39.47%  acc2=37.70%  ens=38.59%  (best 62.80 @ ep 9)  [33.5s]
  ep  94: acc1=39.57%  acc2=38.22%  ens=38.90%  (best 62.80 @ ep 9)  [184.0s]
  ep  95: acc1=39.38%  acc2=37.87%  ens=38.62%  (best 62.80 @ ep 9)  [32.5s]
  ep  96: acc1=39.29%  acc2=38.48%  ens=38.89%  (best 62.80 @ ep 9)  [34.1s]
  ep  97: acc1=39.38%  acc2=38.21%  ens=38.80%  (best 62.80 @ ep 9)  [32.3s]
  ep  98: acc1=39.54%  acc2=38.57%  ens=39.05%  (best 62.80 @ ep 9)  [34.0s]
  ep  99: acc1=39.85%  acc2=38.26%  ens=39.05%  (best 62.80 @ ep 9)  [37.5s]  [w on clean=0.623, on noisy=0.642]

saved /path/to/ciln-workspace/journal_edition/robustness_transfer/results_v4/dividemix/ours_v2_clean__gaussian_noise_sev1__seed0.json: best ens-acc 62.80% @ ep 9
