condition=ours_v2_noisy__contrast_sev5 seed=0 gpu=2
/path/to/ciln-workspace/venv/lib/python3.12/site-packages/torchvision/datasets/cifar.py:83: VisibleDeprecationWarning: dtype(): align should be passed as Python or NumPy boolean but got `align=0`. Did you mean to pass a tuple to create a subarray type? (Deprecated NumPy 2.4)
  entry = pickle.load(f, encoding="latin1")
image_source=noisy  N=22500  noise_rate=47.51%
  ep   0: loss=1.9015  test_acc=18.75%  (best 18.75 @ ep 0)  [4.5s]
  ep   1: loss=1.8375  test_acc=20.37%  (best 20.37 @ ep 1)  [3.5s]
  ep   2: loss=1.8244  test_acc=18.15%  (best 20.37 @ ep 1)  [3.6s]
  ep   3: loss=1.8116  test_acc=19.33%  (best 20.37 @ ep 1)  [3.5s]
  ep   4: loss=1.7998  test_acc=18.13%  (best 20.37 @ ep 1)  [3.7s]
  ep   5: loss=1.7783  test_acc=17.18%  (best 20.37 @ ep 1)  [5.1s]  [logged per-sample loss: mean=1.742]
  ep   6: loss=1.7606  test_acc=16.08%  (best 20.37 @ ep 1)  [3.6s]
  ep   7: loss=1.7219  test_acc=17.96%  (best 20.37 @ ep 1)  [3.5s]
  ep   8: loss=1.6971  test_acc=19.74%  (best 20.37 @ ep 1)  [6.3s]
  ep   9: loss=1.6687  test_acc=17.88%  (best 20.37 @ ep 1)  [8.3s]
  ep  10: loss=1.6408  test_acc=23.04%  (best 23.04 @ ep 10)  [10.5s]  [logged per-sample loss: mean=1.723]
  ep  11: loss=1.6058  test_acc=18.69%  (best 23.04 @ ep 10)  [8.7s]
  ep  12: loss=1.5782  test_acc=17.72%  (best 23.04 @ ep 10)  [7.8s]
  ep  13: loss=1.5604  test_acc=24.20%  (best 24.20 @ ep 13)  [8.0s]
  ep  14: loss=1.5370  test_acc=28.77%  (best 28.77 @ ep 14)  [7.5s]
  ep  15: loss=1.5141  test_acc=26.28%  (best 28.77 @ ep 14)  [7.9s]
  ep  16: loss=1.4831  test_acc=28.11%  (best 28.77 @ ep 14)  [8.5s]
  ep  17: loss=1.4589  test_acc=32.84%  (best 32.84 @ ep 17)  [8.5s]
  ep  18: loss=1.4431  test_acc=32.85%  (best 32.85 @ ep 18)  [8.2s]
  ep  19: loss=1.4206  test_acc=33.74%  (best 33.74 @ ep 19)  [7.8s]
  ep  20: loss=1.4027  test_acc=32.58%  (best 33.74 @ ep 19)  [11.4s]  [logged per-sample loss: mean=1.808]
  ep  21: loss=1.3848  test_acc=39.41%  (best 39.41 @ ep 21)  [7.9s]
  ep  22: loss=1.3701  test_acc=38.18%  (best 39.41 @ ep 21)  [8.1s]
  ep  23: loss=1.3619  test_acc=36.85%  (best 39.41 @ ep 21)  [7.8s]
  ep  24: loss=1.3456  test_acc=40.81%  (best 40.81 @ ep 24)  [7.9s]
  ep  25: loss=1.3325  test_acc=39.40%  (best 40.81 @ ep 24)  [8.0s]
  ep  26: loss=1.3194  test_acc=44.30%  (best 44.30 @ ep 26)  [8.4s]
  ep  27: loss=1.3192  test_acc=42.07%  (best 44.30 @ ep 26)  [8.3s]
  ep  28: loss=1.3033  test_acc=42.71%  (best 44.30 @ ep 26)  [8.1s]
  ep  29: loss=1.3055  test_acc=41.08%  (best 44.30 @ ep 26)  [7.8s]
  ep  30: loss=1.2929  test_acc=43.51%  (best 44.30 @ ep 26)  [11.5s]  [logged per-sample loss: mean=1.425]
  ep  31: loss=1.2886  test_acc=37.10%  (best 44.30 @ ep 26)  [8.1s]
  ep  32: loss=1.2842  test_acc=45.49%  (best 45.49 @ ep 32)  [8.0s]
  ep  33: loss=1.2705  test_acc=42.47%  (best 45.49 @ ep 32)  [8.0s]
  ep  34: loss=1.2675  test_acc=50.41%  (best 50.41 @ ep 34)  [7.8s]
  ep  35: loss=1.2572  test_acc=47.24%  (best 50.41 @ ep 34)  [7.9s]
  ep  36: loss=1.2548  test_acc=28.20%  (best 50.41 @ ep 34)  [8.3s]
  ep  37: loss=1.2492  test_acc=41.66%  (best 50.41 @ ep 34)  [8.5s]
  ep  38: loss=1.2413  test_acc=33.68%  (best 50.41 @ ep 34)  [8.5s]
  ep  39: loss=1.2434  test_acc=41.84%  (best 50.41 @ ep 34)  [8.3s]
  ep  40: loss=1.2299  test_acc=47.24%  (best 50.41 @ ep 34)  [8.4s]
  ep  41: loss=1.2242  test_acc=46.49%  (best 50.41 @ ep 34)  [7.8s]
  ep  42: loss=1.2175  test_acc=39.50%  (best 50.41 @ ep 34)  [7.7s]
  ep  43: loss=1.2176  test_acc=48.40%  (best 50.41 @ ep 34)  [8.2s]
  ep  44: loss=1.2129  test_acc=46.39%  (best 50.41 @ ep 34)  [7.9s]
  ep  45: loss=1.2060  test_acc=33.14%  (best 50.41 @ ep 34)  [8.0s]
  ep  46: loss=1.2034  test_acc=41.03%  (best 50.41 @ ep 34)  [8.1s]
  ep  47: loss=1.2003  test_acc=46.87%  (best 50.41 @ ep 34)  [8.3s]
  ep  48: loss=1.1893  test_acc=40.99%  (best 50.41 @ ep 34)  [3.5s]
  ep  49: loss=1.1877  test_acc=34.76%  (best 50.41 @ ep 34)  [3.6s]
  ep  50: loss=1.1799  test_acc=42.97%  (best 50.41 @ ep 34)  [5.1s]  [logged per-sample loss: mean=1.166]
  ep  51: loss=1.1695  test_acc=43.90%  (best 50.41 @ ep 34)  [3.7s]
  ep  52: loss=1.1648  test_acc=38.07%  (best 50.41 @ ep 34)  [3.6s]
  ep  53: loss=1.1579  test_acc=42.79%  (best 50.41 @ ep 34)  [3.6s]
  ep  54: loss=1.1496  test_acc=43.77%  (best 50.41 @ ep 34)  [3.5s]
  ep  55: loss=1.1503  test_acc=37.30%  (best 50.41 @ ep 34)  [3.4s]
  ep  56: loss=1.1409  test_acc=42.47%  (best 50.41 @ ep 34)  [3.5s]
  ep  57: loss=1.1303  test_acc=51.25%  (best 51.25 @ ep 57)  [3.5s]
  ep  58: loss=1.1216  test_acc=45.28%  (best 51.25 @ ep 57)  [3.7s]
  ep  59: loss=1.1125  test_acc=43.15%  (best 51.25 @ ep 57)  [3.5s]
  ep  60: loss=1.1052  test_acc=50.07%  (best 51.25 @ ep 57)  [3.8s]
  ep  61: loss=1.0986  test_acc=40.50%  (best 51.25 @ ep 57)  [3.5s]
  ep  62: loss=1.0980  test_acc=42.37%  (best 51.25 @ ep 57)  [3.6s]
  ep  63: loss=1.0817  test_acc=40.22%  (best 51.25 @ ep 57)  [3.4s]
  ep  64: loss=1.0748  test_acc=43.70%  (best 51.25 @ ep 57)  [3.6s]
  ep  65: loss=1.0682  test_acc=47.99%  (best 51.25 @ ep 57)  [6.4s]
  ep  66: loss=1.0625  test_acc=46.59%  (best 51.25 @ ep 57)  [8.6s]
  ep  67: loss=1.0391  test_acc=50.34%  (best 51.25 @ ep 57)  [8.8s]
  ep  68: loss=1.0424  test_acc=44.72%  (best 51.25 @ ep 57)  [8.3s]
  ep  69: loss=1.0232  test_acc=45.11%  (best 51.25 @ ep 57)  [8.0s]
  ep  70: loss=1.0191  test_acc=46.87%  (best 51.25 @ ep 57)  [8.5s]
  ep  71: loss=1.0010  test_acc=37.42%  (best 51.25 @ ep 57)  [8.2s]
  ep  72: loss=0.9871  test_acc=37.75%  (best 51.25 @ ep 57)  [8.2s]
  ep  73: loss=0.9829  test_acc=48.52%  (best 51.25 @ ep 57)  [8.2s]
  ep  74: loss=0.9694  test_acc=47.04%  (best 51.25 @ ep 57)  [8.2s]
  ep  75: loss=0.9520  test_acc=48.34%  (best 51.25 @ ep 57)  [10.9s]  [logged per-sample loss: mean=0.925]
  ep  76: loss=0.9419  test_acc=37.04%  (best 51.25 @ ep 57)  [8.5s]
  ep  77: loss=0.9249  test_acc=37.03%  (best 51.25 @ ep 57)  [8.7s]
  ep  78: loss=0.9050  test_acc=45.01%  (best 51.25 @ ep 57)  [8.6s]
  ep  79: loss=0.8947  test_acc=40.97%  (best 51.25 @ ep 57)  [7.3s]
  ep  80: loss=0.8797  test_acc=38.84%  (best 51.25 @ ep 57)  [3.8s]
  ep  81: loss=0.8584  test_acc=42.00%  (best 51.25 @ ep 57)  [3.6s]
  ep  82: loss=0.8443  test_acc=42.70%  (best 51.25 @ ep 57)  [3.5s]
  ep  83: loss=0.8250  test_acc=41.00%  (best 51.25 @ ep 57)  [3.5s]
  ep  84: loss=0.8034  test_acc=45.63%  (best 51.25 @ ep 57)  [3.6s]
  ep  85: loss=0.7915  test_acc=44.59%  (best 51.25 @ ep 57)  [3.6s]
  ep  86: loss=0.7674  test_acc=42.72%  (best 51.25 @ ep 57)  [3.5s]
  ep  87: loss=0.7485  test_acc=39.66%  (best 51.25 @ ep 57)  [3.5s]
  ep  88: loss=0.7368  test_acc=41.88%  (best 51.25 @ ep 57)  [3.5s]
  ep  89: loss=0.7131  test_acc=44.56%  (best 51.25 @ ep 57)  [3.5s]
  ep  90: loss=0.6992  test_acc=40.23%  (best 51.25 @ ep 57)  [3.8s]
  ep  91: loss=0.6799  test_acc=39.89%  (best 51.25 @ ep 57)  [3.6s]
  ep  92: loss=0.6595  test_acc=40.64%  (best 51.25 @ ep 57)  [3.4s]
  ep  93: loss=0.6529  test_acc=41.03%  (best 51.25 @ ep 57)  [3.5s]
  ep  94: loss=0.6446  test_acc=39.98%  (best 51.25 @ ep 57)  [3.5s]
  ep  95: loss=0.6311  test_acc=39.22%  (best 51.25 @ ep 57)  [3.4s]
  ep  96: loss=0.6270  test_acc=39.54%  (best 51.25 @ ep 57)  [3.8s]
  ep  97: loss=0.6178  test_acc=39.19%  (best 51.25 @ ep 57)  [7.9s]
  ep  98: loss=0.6150  test_acc=40.09%  (best 51.25 @ ep 57)  [8.4s]
  ep  99: loss=0.6141  test_acc=40.09%  (best 51.25 @ ep 57)  [11.0s]  [logged per-sample loss: mean=0.575]

saved /path/to/ciln-workspace/journal_edition/robustness_transfer/results_v4/erm/ours_v2_noisy__contrast_sev5__seed0.json: best 51.25% @ ep 57
