condition=ours_v2_noisy__snow_sev3 seed=0 gpu=2
/path/to/ciln-workspace/venv/lib/python3.12/site-packages/torchvision/datasets/cifar.py:83: VisibleDeprecationWarning: dtype(): align should be passed as Python or NumPy boolean but got `align=0`. Did you mean to pass a tuple to create a subarray type? (Deprecated NumPy 2.4)
  entry = pickle.load(f, encoding="latin1")
image_source=noisy  N=22500  noise_rate=19.37%
  ep   0: loss=1.9044  test_acc=35.30%  (best 35.30 @ ep 0)  [4.5s]
  ep   1: loss=1.6676  test_acc=39.43%  (best 39.43 @ ep 1)  [3.7s]
  ep   2: loss=1.5111  test_acc=40.69%  (best 40.69 @ ep 2)  [3.5s]
  ep   3: loss=1.3941  test_acc=50.71%  (best 50.71 @ ep 3)  [3.5s]
  ep   4: loss=1.3045  test_acc=58.25%  (best 58.25 @ ep 4)  [3.5s]
  ep   5: loss=1.2452  test_acc=56.18%  (best 58.25 @ ep 4)  [5.2s]  [logged per-sample loss: mean=1.291]
  ep   6: loss=1.1963  test_acc=59.47%  (best 59.47 @ ep 6)  [3.4s]
  ep   7: loss=1.1577  test_acc=60.35%  (best 60.35 @ ep 7)  [3.7s]
  ep   8: loss=1.1125  test_acc=59.77%  (best 60.35 @ ep 7)  [3.8s]
  ep   9: loss=1.0743  test_acc=62.09%  (best 62.09 @ ep 9)  [3.8s]
  ep  10: loss=1.0481  test_acc=61.83%  (best 62.09 @ ep 9)  [5.3s]  [logged per-sample loss: mean=1.200]
  ep  11: loss=1.0158  test_acc=63.15%  (best 63.15 @ ep 11)  [3.6s]
  ep  12: loss=0.9846  test_acc=60.79%  (best 63.15 @ ep 11)  [5.0s]
  ep  13: loss=0.9727  test_acc=71.35%  (best 71.35 @ ep 13)  [9.0s]
  ep  14: loss=0.9566  test_acc=69.92%  (best 71.35 @ ep 13)  [9.3s]
  ep  15: loss=0.9454  test_acc=66.60%  (best 71.35 @ ep 13)  [11.2s]
  ep  16: loss=0.9359  test_acc=66.14%  (best 71.35 @ ep 13)  [9.2s]
  ep  17: loss=0.9174  test_acc=68.23%  (best 71.35 @ ep 13)  [9.6s]
  ep  18: loss=0.9100  test_acc=60.15%  (best 71.35 @ ep 13)  [8.7s]
  ep  19: loss=0.9019  test_acc=70.13%  (best 71.35 @ ep 13)  [3.7s]
  ep  20: loss=0.8890  test_acc=67.59%  (best 71.35 @ ep 13)  [5.1s]  [logged per-sample loss: mean=1.016]
  ep  21: loss=0.8852  test_acc=70.21%  (best 71.35 @ ep 13)  [3.5s]
  ep  22: loss=0.8721  test_acc=66.43%  (best 71.35 @ ep 13)  [3.6s]
  ep  23: loss=0.8658  test_acc=71.69%  (best 71.69 @ ep 23)  [3.7s]
  ep  24: loss=0.8590  test_acc=70.04%  (best 71.69 @ ep 23)  [3.5s]
  ep  25: loss=0.8557  test_acc=73.22%  (best 73.22 @ ep 25)  [3.7s]
  ep  26: loss=0.8431  test_acc=65.39%  (best 73.22 @ ep 25)  [3.7s]
  ep  27: loss=0.8381  test_acc=73.84%  (best 73.84 @ ep 27)  [3.5s]
  ep  28: loss=0.8251  test_acc=60.71%  (best 73.84 @ ep 27)  [3.7s]
  ep  29: loss=0.8156  test_acc=66.96%  (best 73.84 @ ep 27)  [3.6s]
  ep  30: loss=0.8174  test_acc=72.07%  (best 73.84 @ ep 27)  [5.0s]  [logged per-sample loss: mean=0.964]
  ep  31: loss=0.8097  test_acc=69.42%  (best 73.84 @ ep 27)  [3.6s]
  ep  32: loss=0.8019  test_acc=74.50%  (best 74.50 @ ep 32)  [3.7s]
  ep  33: loss=0.7928  test_acc=75.62%  (best 75.62 @ ep 33)  [3.8s]
  ep  34: loss=0.7866  test_acc=76.43%  (best 76.43 @ ep 34)  [5.3s]
  ep  35: loss=0.7807  test_acc=72.91%  (best 76.43 @ ep 34)  [8.3s]
  ep  36: loss=0.7763  test_acc=72.94%  (best 76.43 @ ep 34)  [9.2s]
  ep  37: loss=0.7655  test_acc=73.97%  (best 76.43 @ ep 34)  [8.6s]
  ep  38: loss=0.7585  test_acc=74.51%  (best 76.43 @ ep 34)  [8.8s]
  ep  39: loss=0.7589  test_acc=71.06%  (best 76.43 @ ep 34)  [8.6s]
  ep  40: loss=0.7524  test_acc=75.67%  (best 76.43 @ ep 34)  [9.0s]
  ep  41: loss=0.7369  test_acc=72.28%  (best 76.43 @ ep 34)  [7.9s]
  ep  42: loss=0.7316  test_acc=74.99%  (best 76.43 @ ep 34)  [8.3s]
  ep  43: loss=0.7287  test_acc=75.11%  (best 76.43 @ ep 34)  [8.6s]
  ep  44: loss=0.7219  test_acc=77.85%  (best 77.85 @ ep 44)  [8.3s]
  ep  45: loss=0.7162  test_acc=75.44%  (best 77.85 @ ep 44)  [7.7s]
  ep  46: loss=0.7029  test_acc=69.63%  (best 77.85 @ ep 44)  [3.8s]
  ep  47: loss=0.6957  test_acc=76.17%  (best 77.85 @ ep 44)  [3.6s]
  ep  48: loss=0.6839  test_acc=75.00%  (best 77.85 @ ep 44)  [3.9s]
  ep  49: loss=0.6772  test_acc=75.52%  (best 77.85 @ ep 44)  [3.7s]
  ep  50: loss=0.6773  test_acc=77.85%  (best 77.85 @ ep 44)  [5.2s]  [logged per-sample loss: mean=0.723]
  ep  51: loss=0.6694  test_acc=76.03%  (best 77.85 @ ep 44)  [3.6s]
  ep  52: loss=0.6592  test_acc=75.16%  (best 77.85 @ ep 44)  [3.5s]
  ep  53: loss=0.6541  test_acc=76.32%  (best 77.85 @ ep 44)  [3.5s]
  ep  54: loss=0.6419  test_acc=74.94%  (best 77.85 @ ep 44)  [3.6s]
  ep  55: loss=0.6396  test_acc=75.30%  (best 77.85 @ ep 44)  [3.5s]
  ep  56: loss=0.6244  test_acc=76.17%  (best 77.85 @ ep 44)  [3.5s]
  ep  57: loss=0.6201  test_acc=76.40%  (best 77.85 @ ep 44)  [3.9s]
  ep  58: loss=0.6040  test_acc=78.92%  (best 78.92 @ ep 58)  [3.5s]
  ep  59: loss=0.6031  test_acc=78.53%  (best 78.92 @ ep 58)  [3.6s]
  ep  60: loss=0.5908  test_acc=77.90%  (best 78.92 @ ep 58)  [3.8s]
  ep  61: loss=0.5772  test_acc=75.85%  (best 78.92 @ ep 58)  [3.5s]
  ep  62: loss=0.5644  test_acc=78.17%  (best 78.92 @ ep 58)  [4.4s]
  ep  63: loss=0.5609  test_acc=77.32%  (best 78.92 @ ep 58)  [9.6s]
  ep  64: loss=0.5490  test_acc=74.47%  (best 78.92 @ ep 58)  [9.9s]
  ep  65: loss=0.5391  test_acc=77.31%  (best 78.92 @ ep 58)  [9.9s]
  ep  66: loss=0.5267  test_acc=79.18%  (best 79.18 @ ep 66)  [9.5s]
  ep  67: loss=0.5073  test_acc=77.33%  (best 79.18 @ ep 66)  [8.9s]
  ep  68: loss=0.4988  test_acc=78.44%  (best 79.18 @ ep 66)  [9.7s]
  ep  69: loss=0.4840  test_acc=79.15%  (best 79.18 @ ep 66)  [5.4s]
  ep  70: loss=0.4759  test_acc=78.40%  (best 79.18 @ ep 66)  [3.6s]
  ep  71: loss=0.4621  test_acc=79.82%  (best 79.82 @ ep 71)  [3.7s]
  ep  72: loss=0.4390  test_acc=78.69%  (best 79.82 @ ep 71)  [3.6s]
  ep  73: loss=0.4308  test_acc=79.20%  (best 79.82 @ ep 71)  [3.7s]
  ep  74: loss=0.4163  test_acc=78.48%  (best 79.82 @ ep 71)  [3.8s]
  ep  75: loss=0.4042  test_acc=76.94%  (best 79.82 @ ep 71)  [5.2s]  [logged per-sample loss: mean=0.424]
  ep  76: loss=0.3887  test_acc=79.78%  (best 79.82 @ ep 71)  [3.8s]
  ep  77: loss=0.3689  test_acc=79.43%  (best 79.82 @ ep 71)  [3.8s]
  ep  78: loss=0.3535  test_acc=80.43%  (best 80.43 @ ep 78)  [3.6s]
  ep  79: loss=0.3366  test_acc=79.69%  (best 80.43 @ ep 78)  [4.0s]
  ep  80: loss=0.3183  test_acc=79.10%  (best 80.43 @ ep 78)  [3.9s]
  ep  81: loss=0.3079  test_acc=79.42%  (best 80.43 @ ep 78)  [3.5s]
  ep  82: loss=0.2898  test_acc=79.06%  (best 80.43 @ ep 78)  [3.8s]
  ep  83: loss=0.2758  test_acc=80.32%  (best 80.43 @ ep 78)  [3.7s]
  ep  84: loss=0.2607  test_acc=79.45%  (best 80.43 @ ep 78)  [3.5s]
  ep  85: loss=0.2485  test_acc=80.04%  (best 80.43 @ ep 78)  [5.4s]
  ep  86: loss=0.2314  test_acc=80.55%  (best 80.55 @ ep 86)  [8.3s]
  ep  87: loss=0.2127  test_acc=80.33%  (best 80.55 @ ep 86)  [8.3s]
  ep  88: loss=0.2039  test_acc=80.26%  (best 80.55 @ ep 86)  [8.4s]
  ep  89: loss=0.1932  test_acc=79.87%  (best 80.55 @ ep 86)  [9.2s]
  ep  90: loss=0.1823  test_acc=80.18%  (best 80.55 @ ep 86)  [8.1s]
  ep  91: loss=0.1735  test_acc=80.50%  (best 80.55 @ ep 86)  [8.2s]
  ep  92: loss=0.1670  test_acc=80.30%  (best 80.55 @ ep 86)  [8.5s]
  ep  93: loss=0.1654  test_acc=80.62%  (best 80.62 @ ep 93)  [8.4s]
  ep  94: loss=0.1601  test_acc=80.61%  (best 80.62 @ ep 93)  [8.2s]
  ep  95: loss=0.1547  test_acc=80.47%  (best 80.62 @ ep 93)  [8.7s]
  ep  96: loss=0.1520  test_acc=80.50%  (best 80.62 @ ep 93)  [3.6s]
  ep  97: loss=0.1521  test_acc=80.41%  (best 80.62 @ ep 93)  [3.5s]
  ep  98: loss=0.1476  test_acc=80.44%  (best 80.62 @ ep 93)  [3.6s]
  ep  99: loss=0.1449  test_acc=80.31%  (best 80.62 @ ep 93)  [5.6s]  [logged per-sample loss: mean=0.108]

saved /path/to/ciln-workspace/journal_edition/robustness_transfer/results_v4/erm/ours_v2_noisy__snow_sev3__seed0.json: best 80.62% @ ep 93
