condition=ours_v2_clean__snow_sev3 seed=2 gpu=1
/path/to/ciln-workspace/venv/lib/python3.12/site-packages/torchvision/datasets/cifar.py:83: VisibleDeprecationWarning: dtype(): align should be passed as Python or NumPy boolean but got `align=0`. Did you mean to pass a tuple to create a subarray type? (Deprecated NumPy 2.4)
  entry = pickle.load(f, encoding="latin1")
image_source=clean  N=22500  noise_rate=19.37%
  ep   0: R(t)=1.000  acc1=36.59%  acc2=34.02%  ens=35.30%  (best 35.30 @ ep 0)  [7.6s]
  ep   1: R(t)=0.939  acc1=38.70%  acc2=43.02%  ens=40.86%  (best 40.86 @ ep 1)  [6.6s]
  ep   2: R(t)=0.913  acc1=47.82%  acc2=47.21%  ens=47.52%  (best 47.52 @ ep 2)  [6.8s]
  ep   3: R(t)=0.894  acc1=54.13%  acc2=52.72%  ens=53.42%  (best 53.42 @ ep 3)  [6.7s]
  ep   4: R(t)=0.877  acc1=52.29%  acc2=51.90%  ens=52.09%  (best 53.42 @ ep 3)  [6.7s]
  ep   5: R(t)=0.863  acc1=60.52%  acc2=61.71%  ens=61.11%  (best 61.11 @ ep 5)  [11.5s]  [sel1+2: prec=0.849, recall_clean=0.941]
  ep   6: R(t)=0.850  acc1=51.80%  acc2=56.69%  ens=54.24%  (best 61.11 @ ep 5)  [7.2s]
  ep   7: R(t)=0.838  acc1=63.94%  acc2=63.97%  ens=63.96%  (best 63.96 @ ep 7)  [11.5s]
  ep   8: R(t)=0.827  acc1=63.24%  acc2=64.92%  ens=64.08%  (best 64.08 @ ep 8)  [12.5s]
  ep   9: R(t)=0.816  acc1=61.44%  acc2=62.78%  ens=62.11%  (best 64.08 @ ep 8)  [13.2s]
  ep  10: R(t)=0.806  acc1=65.78%  acc2=67.53%  ens=66.66%  (best 66.66 @ ep 10)  [18.4s]  [sel1+2: prec=0.875, recall_clean=0.921]
  ep  11: R(t)=0.806  acc1=67.58%  acc2=67.86%  ens=67.72%  (best 67.72 @ ep 11)  [13.1s]
  ep  12: R(t)=0.806  acc1=63.93%  acc2=64.95%  ens=64.44%  (best 67.72 @ ep 11)  [13.4s]
  ep  13: R(t)=0.806  acc1=65.29%  acc2=65.71%  ens=65.50%  (best 67.72 @ ep 11)  [13.1s]
  ep  14: R(t)=0.806  acc1=69.65%  acc2=52.44%  ens=61.04%  (best 67.72 @ ep 11)  [12.7s]
  ep  15: R(t)=0.806  acc1=68.70%  acc2=65.50%  ens=67.10%  (best 67.72 @ ep 11)  [13.3s]
  ep  16: R(t)=0.806  acc1=69.35%  acc2=65.20%  ens=67.27%  (best 67.72 @ ep 11)  [13.2s]
  ep  17: R(t)=0.806  acc1=68.41%  acc2=63.99%  ens=66.20%  (best 67.72 @ ep 11)  [12.9s]
  ep  18: R(t)=0.806  acc1=66.64%  acc2=63.58%  ens=65.11%  (best 67.72 @ ep 11)  [13.0s]
  ep  19: R(t)=0.806  acc1=65.20%  acc2=66.55%  ens=65.88%  (best 67.72 @ ep 11)  [6.6s]
  ep  20: R(t)=0.806  acc1=69.29%  acc2=72.70%  ens=70.99%  (best 70.99 @ ep 20)  [10.2s]  [sel1+2: prec=0.891, recall_clean=0.931]
  ep  21: R(t)=0.806  acc1=70.37%  acc2=68.44%  ens=69.41%  (best 70.99 @ ep 20)  [6.8s]
  ep  22: R(t)=0.806  acc1=67.23%  acc2=69.67%  ens=68.45%  (best 70.99 @ ep 20)  [6.8s]
  ep  23: R(t)=0.806  acc1=71.82%  acc2=72.54%  ens=72.18%  (best 72.18 @ ep 23)  [6.6s]
  ep  24: R(t)=0.806  acc1=70.30%  acc2=68.33%  ens=69.31%  (best 72.18 @ ep 23)  [6.8s]
  ep  25: R(t)=0.806  acc1=71.77%  acc2=65.48%  ens=68.62%  (best 72.18 @ ep 23)  [6.6s]
  ep  26: R(t)=0.806  acc1=70.16%  acc2=68.58%  ens=69.37%  (best 72.18 @ ep 23)  [6.9s]
  ep  27: R(t)=0.806  acc1=72.57%  acc2=74.87%  ens=73.72%  (best 73.72 @ ep 27)  [8.1s]
  ep  28: R(t)=0.806  acc1=69.66%  acc2=67.51%  ens=68.59%  (best 73.72 @ ep 27)  [13.9s]
  ep  29: R(t)=0.806  acc1=67.87%  acc2=71.37%  ens=69.62%  (best 73.72 @ ep 27)  [11.7s]
  ep  30: R(t)=0.806  acc1=71.28%  acc2=68.41%  ens=69.84%  (best 73.72 @ ep 27)  [10.0s]  [sel1+2: prec=0.898, recall_clean=0.936]
  ep  31: R(t)=0.806  acc1=69.11%  acc2=73.18%  ens=71.14%  (best 73.72 @ ep 27)  [6.5s]
  ep  32: R(t)=0.806  acc1=70.38%  acc2=66.27%  ens=68.32%  (best 73.72 @ ep 27)  [6.7s]
  ep  33: R(t)=0.806  acc1=72.19%  acc2=70.69%  ens=71.44%  (best 73.72 @ ep 27)  [7.0s]
  ep  34: R(t)=0.806  acc1=74.96%  acc2=73.45%  ens=74.21%  (best 74.21 @ ep 34)  [6.6s]
  ep  35: R(t)=0.806  acc1=71.77%  acc2=73.63%  ens=72.70%  (best 74.21 @ ep 34)  [6.7s]
  ep  36: R(t)=0.806  acc1=67.85%  acc2=69.94%  ens=68.89%  (best 74.21 @ ep 34)  [6.8s]
  ep  37: R(t)=0.806  acc1=75.17%  acc2=72.53%  ens=73.85%  (best 74.21 @ ep 34)  [6.8s]
  ep  38: R(t)=0.806  acc1=69.51%  acc2=70.60%  ens=70.06%  (best 74.21 @ ep 34)  [8.8s]
  ep  39: R(t)=0.806  acc1=74.87%  acc2=76.19%  ens=75.53%  (best 75.53 @ ep 39)  [13.1s]
  ep  40: R(t)=0.806  acc1=74.96%  acc2=74.89%  ens=74.92%  (best 75.53 @ ep 39)  [13.0s]
  ep  41: R(t)=0.806  acc1=74.36%  acc2=73.35%  ens=73.86%  (best 75.53 @ ep 39)  [13.3s]
  ep  42: R(t)=0.806  acc1=72.75%  acc2=72.96%  ens=72.86%  (best 75.53 @ ep 39)  [12.8s]
  ep  43: R(t)=0.806  acc1=74.97%  acc2=72.16%  ens=73.56%  (best 75.53 @ ep 39)  [14.0s]
  ep  44: R(t)=0.806  acc1=73.84%  acc2=74.34%  ens=74.09%  (best 75.53 @ ep 39)  [13.4s]
  ep  45: R(t)=0.806  acc1=75.25%  acc2=74.59%  ens=74.92%  (best 75.53 @ ep 39)  [13.3s]
  ep  46: R(t)=0.806  acc1=74.94%  acc2=75.94%  ens=75.44%  (best 75.53 @ ep 39)  [13.0s]
  ep  47: R(t)=0.806  acc1=75.68%  acc2=77.49%  ens=76.59%  (best 76.59 @ ep 47)  [13.5s]
  ep  48: R(t)=0.806  acc1=76.02%  acc2=77.07%  ens=76.55%  (best 76.59 @ ep 47)  [13.5s]
  ep  49: R(t)=0.806  acc1=78.75%  acc2=76.01%  ens=77.38%  (best 77.38 @ ep 49)  [13.3s]
  ep  50: R(t)=0.806  acc1=76.46%  acc2=74.38%  ens=75.42%  (best 77.38 @ ep 49)  [11.9s]  [sel1+2: prec=0.907, recall_clean=0.942]
  ep  51: R(t)=0.806  acc1=75.95%  acc2=77.49%  ens=76.72%  (best 77.38 @ ep 49)  [6.5s]
  ep  52: R(t)=0.806  acc1=77.60%  acc2=77.02%  ens=77.31%  (best 77.38 @ ep 49)  [6.6s]
  ep  53: R(t)=0.806  acc1=73.34%  acc2=75.70%  ens=74.52%  (best 77.38 @ ep 49)  [6.7s]
  ep  54: R(t)=0.806  acc1=78.30%  acc2=76.85%  ens=77.57%  (best 77.57 @ ep 54)  [6.4s]
  ep  55: R(t)=0.806  acc1=78.97%  acc2=78.27%  ens=78.62%  (best 78.62 @ ep 55)  [6.8s]
  ep  56: R(t)=0.806  acc1=77.38%  acc2=80.34%  ens=78.86%  (best 78.86 @ ep 56)  [6.6s]
  ep  57: R(t)=0.806  acc1=75.50%  acc2=78.10%  ens=76.80%  (best 78.86 @ ep 56)  [6.5s]
  ep  58: R(t)=0.806  acc1=77.57%  acc2=78.11%  ens=77.84%  (best 78.86 @ ep 56)  [6.6s]
  ep  59: R(t)=0.806  acc1=80.08%  acc2=79.04%  ens=79.56%  (best 79.56 @ ep 59)  [11.5s]
  ep  60: R(t)=0.806  acc1=79.90%  acc2=80.31%  ens=80.11%  (best 80.11 @ ep 60)  [13.7s]
  ep  61: R(t)=0.806  acc1=78.61%  acc2=74.99%  ens=76.80%  (best 80.11 @ ep 60)  [13.5s]
  ep  62: R(t)=0.806  acc1=78.29%  acc2=79.88%  ens=79.09%  (best 80.11 @ ep 60)  [12.7s]
  ep  63: R(t)=0.806  acc1=80.56%  acc2=80.56%  ens=80.56%  (best 80.56 @ ep 63)  [13.8s]
  ep  64: R(t)=0.806  acc1=78.05%  acc2=79.70%  ens=78.88%  (best 80.56 @ ep 63)  [14.3s]
  ep  65: R(t)=0.806  acc1=80.33%  acc2=77.62%  ens=78.97%  (best 80.56 @ ep 63)  [15.9s]
  ep  66: R(t)=0.806  acc1=80.13%  acc2=80.40%  ens=80.27%  (best 80.56 @ ep 63)  [6.8s]
  ep  67: R(t)=0.806  acc1=80.41%  acc2=80.85%  ens=80.63%  (best 80.63 @ ep 67)  [6.4s]
  ep  68: R(t)=0.806  acc1=81.42%  acc2=80.91%  ens=81.16%  (best 81.16 @ ep 68)  [6.4s]
  ep  69: R(t)=0.806  acc1=81.49%  acc2=81.90%  ens=81.69%  (best 81.69 @ ep 69)  [6.4s]
  ep  70: R(t)=0.806  acc1=81.74%  acc2=81.67%  ens=81.71%  (best 81.71 @ ep 70)  [6.5s]
  ep  71: R(t)=0.806  acc1=81.33%  acc2=82.05%  ens=81.69%  (best 81.71 @ ep 70)  [6.3s]
  ep  72: R(t)=0.806  acc1=81.23%  acc2=77.73%  ens=79.48%  (best 81.71 @ ep 70)  [6.6s]
  ep  73: R(t)=0.806  acc1=81.32%  acc2=81.44%  ens=81.38%  (best 81.71 @ ep 70)  [6.7s]
  ep  74: R(t)=0.806  acc1=81.16%  acc2=81.14%  ens=81.15%  (best 81.71 @ ep 70)  [6.8s]
  ep  75: R(t)=0.806  acc1=82.29%  acc2=82.28%  ens=82.28%  (best 82.28 @ ep 75)  [13.2s]  [sel1+2: prec=0.918, recall_clean=0.948]
  ep  76: R(t)=0.806  acc1=81.40%  acc2=82.29%  ens=81.84%  (best 82.28 @ ep 75)  [11.4s]
  ep  77: R(t)=0.806  acc1=82.52%  acc2=83.08%  ens=82.80%  (best 82.80 @ ep 77)  [11.8s]
  ep  78: R(t)=0.806  acc1=83.21%  acc2=83.73%  ens=83.47%  (best 83.47 @ ep 78)  [12.5s]
  ep  79: R(t)=0.806  acc1=83.13%  acc2=83.20%  ens=83.17%  (best 83.47 @ ep 78)  [13.2s]
  ep  80: R(t)=0.806  acc1=82.71%  acc2=83.50%  ens=83.10%  (best 83.47 @ ep 78)  [12.9s]
  ep  81: R(t)=0.806  acc1=82.88%  acc2=83.27%  ens=83.08%  (best 83.47 @ ep 78)  [12.8s]
  ep  82: R(t)=0.806  acc1=82.88%  acc2=82.75%  ens=82.81%  (best 83.47 @ ep 78)  [12.7s]
  ep  83: R(t)=0.806  acc1=83.48%  acc2=83.83%  ens=83.66%  (best 83.66 @ ep 83)  [13.2s]
  ep  84: R(t)=0.806  acc1=83.71%  acc2=83.83%  ens=83.77%  (best 83.77 @ ep 84)  [10.7s]
  ep  85: R(t)=0.806  acc1=83.74%  acc2=83.68%  ens=83.71%  (best 83.77 @ ep 84)  [6.7s]
  ep  86: R(t)=0.806  acc1=83.66%  acc2=83.85%  ens=83.75%  (best 83.77 @ ep 84)  [6.7s]
  ep  87: R(t)=0.806  acc1=83.69%  acc2=84.15%  ens=83.92%  (best 83.92 @ ep 87)  [6.6s]
  ep  88: R(t)=0.806  acc1=84.05%  acc2=84.28%  ens=84.17%  (best 84.17 @ ep 88)  [6.6s]
  ep  89: R(t)=0.806  acc1=84.04%  acc2=84.25%  ens=84.15%  (best 84.17 @ ep 88)  [6.6s]
  ep  90: R(t)=0.806  acc1=84.34%  acc2=84.22%  ens=84.28%  (best 84.28 @ ep 90)  [6.7s]
  ep  91: R(t)=0.806  acc1=84.13%  acc2=84.54%  ens=84.34%  (best 84.34 @ ep 91)  [7.0s]
  ep  92: R(t)=0.806  acc1=84.23%  acc2=84.56%  ens=84.39%  (best 84.39 @ ep 92)  [6.7s]
  ep  93: R(t)=0.806  acc1=84.29%  acc2=84.59%  ens=84.44%  (best 84.44 @ ep 93)  [7.5s]
  ep  94: R(t)=0.806  acc1=84.24%  acc2=84.62%  ens=84.43%  (best 84.44 @ ep 93)  [13.2s]
  ep  95: R(t)=0.806  acc1=84.34%  acc2=85.04%  ens=84.69%  (best 84.69 @ ep 95)  [14.3s]
  ep  96: R(t)=0.806  acc1=84.13%  acc2=84.66%  ens=84.39%  (best 84.69 @ ep 95)  [13.5s]
  ep  97: R(t)=0.806  acc1=84.22%  acc2=84.95%  ens=84.58%  (best 84.69 @ ep 95)  [12.9s]
  ep  98: R(t)=0.806  acc1=84.23%  acc2=84.68%  ens=84.45%  (best 84.69 @ ep 95)  [11.5s]
  ep  99: R(t)=0.806  acc1=84.07%  acc2=84.81%  ens=84.44%  (best 84.69 @ ep 95)  [18.7s]  [sel1+2: prec=0.923, recall_clean=0.944]

saved /path/to/ciln-workspace/journal_edition/robustness_transfer/results_v4/coteaching/ours_v2_clean__snow_sev3__seed2.json: best ens-acc 84.69% @ ep 95
