condition=ours_v2_clean__gaussian_noise_sev1 seed=1 gpu=1
/path/to/ciln-workspace/venv/lib/python3.12/site-packages/torchvision/datasets/cifar.py:83: VisibleDeprecationWarning: dtype(): align should be passed as Python or NumPy boolean but got `align=0`. Did you mean to pass a tuple to create a subarray type? (Deprecated NumPy 2.4)
  entry = pickle.load(f, encoding="latin1")
image_source=clean  N=22500  noise_rate=21.27%
  ep   0: loss=1.8931  test_acc=32.04%  (best 32.04 @ ep 0)  [4.4s]
  ep   1: loss=1.6237  test_acc=43.94%  (best 43.94 @ ep 1)  [3.8s]
  ep   2: loss=1.4560  test_acc=42.39%  (best 43.94 @ ep 1)  [3.6s]
  ep   3: loss=1.3133  test_acc=55.42%  (best 55.42 @ ep 3)  [3.6s]
  ep   4: loss=1.2046  test_acc=50.60%  (best 55.42 @ ep 3)  [3.8s]
  ep   5: loss=1.1431  test_acc=58.46%  (best 58.46 @ ep 5)  [5.3s]  [logged per-sample loss: mean=1.233]
  ep   6: loss=1.0948  test_acc=56.04%  (best 58.46 @ ep 5)  [3.8s]
  ep   7: loss=1.0565  test_acc=56.23%  (best 58.46 @ ep 5)  [3.8s]
  ep   8: loss=1.0015  test_acc=57.62%  (best 58.46 @ ep 5)  [3.8s]
  ep   9: loss=0.9915  test_acc=52.19%  (best 58.46 @ ep 5)  [3.7s]
  ep  10: loss=0.9510  test_acc=58.28%  (best 58.46 @ ep 5)  [5.3s]  [logged per-sample loss: mean=1.436]
  ep  11: loss=0.9386  test_acc=67.26%  (best 67.26 @ ep 11)  [3.8s]
  ep  12: loss=0.9185  test_acc=62.24%  (best 67.26 @ ep 11)  [8.1s]
  ep  13: loss=0.8992  test_acc=71.88%  (best 71.88 @ ep 13)  [8.8s]
  ep  14: loss=0.8894  test_acc=65.52%  (best 71.88 @ ep 13)  [8.6s]
  ep  15: loss=0.8740  test_acc=66.97%  (best 71.88 @ ep 13)  [9.0s]
  ep  16: loss=0.8630  test_acc=68.39%  (best 71.88 @ ep 13)  [8.7s]
  ep  17: loss=0.8565  test_acc=69.69%  (best 71.88 @ ep 13)  [8.8s]
  ep  18: loss=0.8430  test_acc=66.72%  (best 71.88 @ ep 13)  [3.7s]
  ep  19: loss=0.8369  test_acc=69.78%  (best 71.88 @ ep 13)  [3.8s]
  ep  20: loss=0.8188  test_acc=65.93%  (best 71.88 @ ep 13)  [5.3s]  [logged per-sample loss: mean=0.975]
  ep  21: loss=0.8220  test_acc=64.43%  (best 71.88 @ ep 13)  [3.6s]
  ep  22: loss=0.8087  test_acc=68.47%  (best 71.88 @ ep 13)  [3.6s]
  ep  23: loss=0.8102  test_acc=72.23%  (best 72.23 @ ep 23)  [3.8s]
  ep  24: loss=0.8035  test_acc=73.79%  (best 73.79 @ ep 24)  [3.7s]
  ep  25: loss=0.7949  test_acc=67.03%  (best 73.79 @ ep 24)  [3.5s]
  ep  26: loss=0.7892  test_acc=71.49%  (best 73.79 @ ep 24)  [3.6s]
  ep  27: loss=0.7800  test_acc=73.59%  (best 73.79 @ ep 24)  [3.9s]
  ep  28: loss=0.7827  test_acc=70.62%  (best 73.79 @ ep 24)  [3.6s]
  ep  29: loss=0.7631  test_acc=69.11%  (best 73.79 @ ep 24)  [3.9s]
  ep  30: loss=0.7653  test_acc=53.41%  (best 73.79 @ ep 24)  [5.7s]  [logged per-sample loss: mean=1.421]
  ep  31: loss=0.7552  test_acc=75.31%  (best 75.31 @ ep 31)  [3.7s]
  ep  32: loss=0.7483  test_acc=74.12%  (best 75.31 @ ep 31)  [3.9s]
  ep  33: loss=0.7537  test_acc=68.72%  (best 75.31 @ ep 31)  [3.7s]
  ep  34: loss=0.7373  test_acc=67.05%  (best 75.31 @ ep 31)  [8.4s]
  ep  35: loss=0.7382  test_acc=75.11%  (best 75.31 @ ep 31)  [8.3s]
  ep  36: loss=0.7346  test_acc=73.83%  (best 75.31 @ ep 31)  [7.9s]
  ep  37: loss=0.7265  test_acc=69.62%  (best 75.31 @ ep 31)  [8.0s]
  ep  38: loss=0.7256  test_acc=64.29%  (best 75.31 @ ep 31)  [7.8s]
  ep  39: loss=0.7187  test_acc=75.62%  (best 75.62 @ ep 39)  [8.4s]
  ep  40: loss=0.7108  test_acc=75.31%  (best 75.62 @ ep 39)  [8.3s]
  ep  41: loss=0.7060  test_acc=71.59%  (best 75.62 @ ep 39)  [8.8s]
  ep  42: loss=0.6913  test_acc=72.23%  (best 75.62 @ ep 39)  [8.4s]
  ep  43: loss=0.6923  test_acc=72.43%  (best 75.62 @ ep 39)  [8.9s]
  ep  44: loss=0.6947  test_acc=71.70%  (best 75.62 @ ep 39)  [8.9s]
  ep  45: loss=0.6817  test_acc=72.74%  (best 75.62 @ ep 39)  [8.4s]
  ep  46: loss=0.6724  test_acc=73.80%  (best 75.62 @ ep 39)  [8.8s]
  ep  47: loss=0.6622  test_acc=76.18%  (best 76.18 @ ep 47)  [8.6s]
  ep  48: loss=0.6590  test_acc=76.21%  (best 76.21 @ ep 48)  [8.8s]
  ep  49: loss=0.6570  test_acc=71.61%  (best 76.21 @ ep 48)  [9.5s]
  ep  50: loss=0.6465  test_acc=74.16%  (best 76.21 @ ep 48)  [12.6s]  [logged per-sample loss: mean=0.655]
  ep  51: loss=0.6408  test_acc=71.36%  (best 76.21 @ ep 48)  [9.0s]
  ep  52: loss=0.6303  test_acc=72.23%  (best 76.21 @ ep 48)  [9.5s]
  ep  53: loss=0.6259  test_acc=70.81%  (best 76.21 @ ep 48)  [9.1s]
  ep  54: loss=0.6168  test_acc=73.12%  (best 76.21 @ ep 48)  [9.4s]
  ep  55: loss=0.6140  test_acc=73.30%  (best 76.21 @ ep 48)  [9.2s]
  ep  56: loss=0.6046  test_acc=74.84%  (best 76.21 @ ep 48)  [9.1s]
  ep  57: loss=0.5971  test_acc=73.85%  (best 76.21 @ ep 48)  [8.2s]
  ep  58: loss=0.5829  test_acc=73.63%  (best 76.21 @ ep 48)  [8.3s]
  ep  59: loss=0.5766  test_acc=75.42%  (best 76.21 @ ep 48)  [9.7s]
  ep  60: loss=0.5678  test_acc=73.37%  (best 76.21 @ ep 48)  [3.7s]
  ep  61: loss=0.5553  test_acc=77.32%  (best 77.32 @ ep 61)  [3.8s]
  ep  62: loss=0.5520  test_acc=76.11%  (best 77.32 @ ep 61)  [3.8s]
  ep  63: loss=0.5421  test_acc=74.95%  (best 77.32 @ ep 61)  [3.7s]
  ep  64: loss=0.5304  test_acc=75.26%  (best 77.32 @ ep 61)  [3.6s]
  ep  65: loss=0.5091  test_acc=76.91%  (best 77.32 @ ep 61)  [3.6s]
  ep  66: loss=0.5034  test_acc=73.19%  (best 77.32 @ ep 61)  [3.7s]
  ep  67: loss=0.4985  test_acc=75.20%  (best 77.32 @ ep 61)  [3.8s]
  ep  68: loss=0.4868  test_acc=74.54%  (best 77.32 @ ep 61)  [3.6s]
  ep  69: loss=0.4720  test_acc=75.41%  (best 77.32 @ ep 61)  [3.9s]
  ep  70: loss=0.4595  test_acc=76.89%  (best 77.32 @ ep 61)  [3.6s]
  ep  71: loss=0.4448  test_acc=75.90%  (best 77.32 @ ep 61)  [3.6s]
  ep  72: loss=0.4319  test_acc=75.51%  (best 77.32 @ ep 61)  [3.6s]
  ep  73: loss=0.4193  test_acc=77.14%  (best 77.32 @ ep 61)  [3.6s]
  ep  74: loss=0.4040  test_acc=76.63%  (best 77.32 @ ep 61)  [3.7s]
  ep  75: loss=0.3853  test_acc=76.26%  (best 77.32 @ ep 61)  [5.9s]  [logged per-sample loss: mean=0.386]
  ep  76: loss=0.3746  test_acc=76.41%  (best 77.32 @ ep 61)  [8.2s]
  ep  77: loss=0.3615  test_acc=74.18%  (best 77.32 @ ep 61)  [8.4s]
  ep  78: loss=0.3464  test_acc=73.49%  (best 77.32 @ ep 61)  [8.1s]
  ep  79: loss=0.3338  test_acc=74.13%  (best 77.32 @ ep 61)  [8.0s]
  ep  80: loss=0.3201  test_acc=77.41%  (best 77.41 @ ep 80)  [8.5s]
  ep  81: loss=0.2961  test_acc=74.98%  (best 77.41 @ ep 80)  [7.9s]
  ep  82: loss=0.2804  test_acc=76.85%  (best 77.41 @ ep 80)  [8.0s]
  ep  83: loss=0.2651  test_acc=75.65%  (best 77.41 @ ep 80)  [8.2s]
  ep  84: loss=0.2551  test_acc=75.04%  (best 77.41 @ ep 80)  [8.2s]
  ep  85: loss=0.2405  test_acc=76.37%  (best 77.41 @ ep 80)  [8.1s]
  ep  86: loss=0.2213  test_acc=76.78%  (best 77.41 @ ep 80)  [7.7s]
  ep  87: loss=0.2103  test_acc=76.24%  (best 77.41 @ ep 80)  [9.0s]
  ep  88: loss=0.2040  test_acc=76.84%  (best 77.41 @ ep 80)  [8.7s]
  ep  89: loss=0.1899  test_acc=76.69%  (best 77.41 @ ep 80)  [8.2s]
  ep  90: loss=0.1813  test_acc=76.47%  (best 77.41 @ ep 80)  [8.9s]
  ep  91: loss=0.1726  test_acc=75.60%  (best 77.41 @ ep 80)  [8.3s]
  ep  92: loss=0.1706  test_acc=76.68%  (best 77.41 @ ep 80)  [8.4s]
  ep  93: loss=0.1592  test_acc=76.51%  (best 77.41 @ ep 80)  [7.7s]
  ep  94: loss=0.1568  test_acc=76.68%  (best 77.41 @ ep 80)  [8.2s]
  ep  95: loss=0.1482  test_acc=76.38%  (best 77.41 @ ep 80)  [8.6s]
  ep  96: loss=0.1534  test_acc=76.74%  (best 77.41 @ ep 80)  [7.8s]
  ep  97: loss=0.1477  test_acc=77.04%  (best 77.41 @ ep 80)  [8.2s]
  ep  98: loss=0.1419  test_acc=76.82%  (best 77.41 @ ep 80)  [8.8s]
  ep  99: loss=0.1453  test_acc=76.94%  (best 77.41 @ ep 80)  [13.7s]  [logged per-sample loss: mean=0.111]

saved /path/to/ciln-workspace/journal_edition/robustness_transfer/results_v4/erm/ours_v2_clean__gaussian_noise_sev1__seed1.json: best 77.41% @ ep 80
