condition=ours_v2_noisy__contrast_sev5 seed=0 gpu=2
/path/to/ciln-workspace/venv/lib/python3.12/site-packages/torchvision/datasets/cifar.py:83: VisibleDeprecationWarning: dtype(): align should be passed as Python or NumPy boolean but got `align=0`. Did you mean to pass a tuple to create a subarray type? (Deprecated NumPy 2.4)
  entry = pickle.load(f, encoding="latin1")
image_source=noisy  N=22500  noise_rate=47.51%
  ep   0: R(t)=1.000  acc1=17.95%  acc2=16.83%  ens=17.39%  (best 17.39 @ ep 0)  [7.4s]
  ep   1: R(t)=0.850  acc1=18.53%  acc2=18.17%  ens=18.35%  (best 18.35 @ ep 1)  [6.4s]
  ep   2: R(t)=0.788  acc1=20.35%  acc2=20.46%  ens=20.41%  (best 20.41 @ ep 2)  [6.9s]
  ep   3: R(t)=0.740  acc1=19.53%  acc2=19.06%  ens=19.30%  (best 20.41 @ ep 2)  [6.7s]
  ep   4: R(t)=0.700  acc1=19.46%  acc2=20.71%  ens=20.09%  (best 20.41 @ ep 2)  [6.8s]
  ep   5: R(t)=0.664  acc1=17.86%  acc2=17.82%  ens=17.84%  (best 20.41 @ ep 2)  [9.9s]  [sel1+2: prec=0.457, recall_clean=0.587]
  ep   6: R(t)=0.632  acc1=18.61%  acc2=18.61%  ens=18.61%  (best 20.41 @ ep 2)  [6.7s]
  ep   7: R(t)=0.603  acc1=18.73%  acc2=19.26%  ens=19.00%  (best 20.41 @ ep 2)  [10.3s]
  ep   8: R(t)=0.575  acc1=17.67%  acc2=18.66%  ens=18.16%  (best 20.41 @ ep 2)  [19.8s]
  ep   9: R(t)=0.549  acc1=17.44%  acc2=18.88%  ens=18.16%  (best 20.41 @ ep 2)  [19.0s]
  ep  10: R(t)=0.525  acc1=18.54%  acc2=19.00%  ens=18.77%  (best 20.41 @ ep 2)  [9.8s]  [sel1+2: prec=0.405, recall_clean=0.410]
  ep  11: R(t)=0.525  acc1=18.50%  acc2=18.43%  ens=18.46%  (best 20.41 @ ep 2)  [6.2s]
  ep  12: R(t)=0.525  acc1=21.02%  acc2=20.78%  ens=20.90%  (best 20.90 @ ep 12)  [6.5s]
  ep  13: R(t)=0.525  acc1=18.41%  acc2=18.30%  ens=18.36%  (best 20.90 @ ep 12)  [6.4s]
  ep  14: R(t)=0.525  acc1=16.99%  acc2=17.19%  ens=17.09%  (best 20.90 @ ep 12)  [6.7s]
  ep  15: R(t)=0.525  acc1=20.18%  acc2=20.47%  ens=20.32%  (best 20.90 @ ep 12)  [6.5s]
  ep  16: R(t)=0.525  acc1=19.86%  acc2=19.19%  ens=19.52%  (best 20.90 @ ep 12)  [6.6s]
  ep  17: R(t)=0.525  acc1=19.25%  acc2=19.49%  ens=19.37%  (best 20.90 @ ep 12)  [6.8s]
  ep  18: R(t)=0.525  acc1=17.05%  acc2=16.98%  ens=17.02%  (best 20.90 @ ep 12)  [6.8s]
  ep  19: R(t)=0.525  acc1=19.84%  acc2=19.73%  ens=19.79%  (best 20.90 @ ep 12)  [7.5s]
  ep  20: R(t)=0.525  acc1=18.78%  acc2=16.84%  ens=17.81%  (best 20.90 @ ep 12)  [10.1s]  [sel1+2: prec=0.408, recall_clean=0.414]
  ep  21: R(t)=0.525  acc1=19.06%  acc2=18.76%  ens=18.91%  (best 20.90 @ ep 12)  [6.3s]
  ep  22: R(t)=0.525  acc1=18.87%  acc2=17.93%  ens=18.40%  (best 20.90 @ ep 12)  [6.4s]
  ep  23: R(t)=0.525  acc1=15.13%  acc2=15.71%  ens=15.42%  (best 20.90 @ ep 12)  [6.3s]
  ep  24: R(t)=0.525  acc1=17.75%  acc2=17.50%  ens=17.62%  (best 20.90 @ ep 12)  [6.4s]
  ep  25: R(t)=0.525  acc1=16.98%  acc2=16.93%  ens=16.96%  (best 20.90 @ ep 12)  [6.5s]
  ep  26: R(t)=0.525  acc1=19.17%  acc2=16.22%  ens=17.70%  (best 20.90 @ ep 12)  [6.3s]
  ep  27: R(t)=0.525  acc1=17.27%  acc2=15.21%  ens=16.24%  (best 20.90 @ ep 12)  [6.4s]
  ep  28: R(t)=0.525  acc1=15.49%  acc2=15.76%  ens=15.62%  (best 20.90 @ ep 12)  [11.4s]
  ep  29: R(t)=0.525  acc1=19.20%  acc2=17.01%  ens=18.11%  (best 20.90 @ ep 12)  [16.3s]
  ep  30: R(t)=0.525  acc1=16.29%  acc2=14.41%  ens=15.35%  (best 20.90 @ ep 12)  [21.7s]  [sel1+2: prec=0.410, recall_clean=0.416]
  ep  31: R(t)=0.525  acc1=18.48%  acc2=17.08%  ens=17.78%  (best 20.90 @ ep 12)  [16.9s]
  ep  32: R(t)=0.525  acc1=18.33%  acc2=16.11%  ens=17.22%  (best 20.90 @ ep 12)  [17.4s]
  ep  33: R(t)=0.525  acc1=18.89%  acc2=16.16%  ens=17.53%  (best 20.90 @ ep 12)  [18.6s]
  ep  34: R(t)=0.525  acc1=15.78%  acc2=15.48%  ens=15.63%  (best 20.90 @ ep 12)  [16.8s]
  ep  35: R(t)=0.525  acc1=18.25%  acc2=14.99%  ens=16.62%  (best 20.90 @ ep 12)  [15.7s]
  ep  36: R(t)=0.525  acc1=17.93%  acc2=15.47%  ens=16.70%  (best 20.90 @ ep 12)  [6.4s]
  ep  37: R(t)=0.525  acc1=20.70%  acc2=17.60%  ens=19.15%  (best 20.90 @ ep 12)  [6.6s]
  ep  38: R(t)=0.525  acc1=17.16%  acc2=16.75%  ens=16.96%  (best 20.90 @ ep 12)  [6.9s]
  ep  39: R(t)=0.525  acc1=17.89%  acc2=17.78%  ens=17.84%  (best 20.90 @ ep 12)  [6.6s]
  ep  40: R(t)=0.525  acc1=20.51%  acc2=17.40%  ens=18.95%  (best 20.90 @ ep 12)  [6.5s]
  ep  41: R(t)=0.525  acc1=18.45%  acc2=16.55%  ens=17.50%  (best 20.90 @ ep 12)  [6.7s]
  ep  42: R(t)=0.525  acc1=20.49%  acc2=18.51%  ens=19.50%  (best 20.90 @ ep 12)  [6.5s]
  ep  43: R(t)=0.525  acc1=20.29%  acc2=19.65%  ens=19.97%  (best 20.90 @ ep 12)  [6.6s]
  ep  44: R(t)=0.525  acc1=18.24%  acc2=17.85%  ens=18.05%  (best 20.90 @ ep 12)  [6.4s]
  ep  45: R(t)=0.525  acc1=20.52%  acc2=21.54%  ens=21.03%  (best 21.03 @ ep 45)  [13.2s]
  ep  46: R(t)=0.525  acc1=18.27%  acc2=21.15%  ens=19.71%  (best 21.03 @ ep 45)  [18.3s]
  ep  47: R(t)=0.525  acc1=20.15%  acc2=21.02%  ens=20.59%  (best 21.03 @ ep 45)  [17.7s]
  ep  48: R(t)=0.525  acc1=21.30%  acc2=20.50%  ens=20.90%  (best 21.03 @ ep 45)  [16.9s]
  ep  49: R(t)=0.525  acc1=21.77%  acc2=22.16%  ens=21.96%  (best 21.96 @ ep 49)  [17.3s]
  ep  50: R(t)=0.525  acc1=20.32%  acc2=20.69%  ens=20.51%  (best 21.96 @ ep 49)  [24.7s]  [sel1+2: prec=0.414, recall_clean=0.421]
  ep  51: R(t)=0.525  acc1=21.88%  acc2=21.83%  ens=21.86%  (best 21.96 @ ep 49)  [18.9s]
  ep  52: R(t)=0.525  acc1=21.00%  acc2=21.11%  ens=21.05%  (best 21.96 @ ep 49)  [16.4s]
  ep  53: R(t)=0.525  acc1=19.91%  acc2=20.17%  ens=20.04%  (best 21.96 @ ep 49)  [16.7s]
  ep  54: R(t)=0.525  acc1=17.44%  acc2=18.10%  ens=17.77%  (best 21.96 @ ep 49)  [18.2s]
  ep  55: R(t)=0.525  acc1=20.89%  acc2=18.71%  ens=19.80%  (best 21.96 @ ep 49)  [17.4s]
  ep  56: R(t)=0.525  acc1=21.51%  acc2=19.82%  ens=20.66%  (best 21.96 @ ep 49)  [18.0s]
  ep  57: R(t)=0.525  acc1=18.51%  acc2=17.71%  ens=18.11%  (best 21.96 @ ep 49)  [16.7s]
  ep  58: R(t)=0.525  acc1=20.48%  acc2=20.14%  ens=20.31%  (best 21.96 @ ep 49)  [17.1s]
  ep  59: R(t)=0.525  acc1=18.61%  acc2=18.39%  ens=18.50%  (best 21.96 @ ep 49)  [16.5s]
  ep  60: R(t)=0.525  acc1=21.35%  acc2=21.69%  ens=21.52%  (best 21.96 @ ep 49)  [16.0s]
  ep  61: R(t)=0.525  acc1=22.34%  acc2=22.59%  ens=22.46%  (best 22.46 @ ep 61)  [15.9s]
  ep  62: R(t)=0.525  acc1=20.19%  acc2=20.43%  ens=20.31%  (best 22.46 @ ep 61)  [16.4s]
  ep  63: R(t)=0.525  acc1=24.35%  acc2=22.52%  ens=23.43%  (best 23.43 @ ep 63)  [16.6s]
  ep  64: R(t)=0.525  acc1=19.15%  acc2=19.01%  ens=19.08%  (best 23.43 @ ep 63)  [16.2s]
  ep  65: R(t)=0.525  acc1=19.69%  acc2=18.04%  ens=18.86%  (best 23.43 @ ep 63)  [18.1s]
  ep  66: R(t)=0.525  acc1=20.80%  acc2=23.33%  ens=22.07%  (best 23.43 @ ep 63)  [17.3s]
  ep  67: R(t)=0.525  acc1=17.83%  acc2=21.60%  ens=19.71%  (best 23.43 @ ep 63)  [16.7s]
  ep  68: R(t)=0.525  acc1=19.60%  acc2=19.58%  ens=19.59%  (best 23.43 @ ep 63)  [17.3s]
  ep  69: R(t)=0.525  acc1=22.99%  acc2=21.91%  ens=22.45%  (best 23.43 @ ep 63)  [16.6s]
  ep  70: R(t)=0.525  acc1=22.19%  acc2=18.86%  ens=20.52%  (best 23.43 @ ep 63)  [17.8s]
  ep  71: R(t)=0.525  acc1=22.84%  acc2=19.49%  ens=21.16%  (best 23.43 @ ep 63)  [17.7s]
  ep  72: R(t)=0.525  acc1=23.06%  acc2=23.03%  ens=23.04%  (best 23.43 @ ep 63)  [16.5s]
  ep  73: R(t)=0.525  acc1=17.25%  acc2=16.40%  ens=16.83%  (best 23.43 @ ep 63)  [17.4s]
  ep  74: R(t)=0.525  acc1=18.76%  acc2=20.87%  ens=19.81%  (best 23.43 @ ep 63)  [16.7s]
  ep  75: R(t)=0.525  acc1=21.57%  acc2=20.86%  ens=21.21%  (best 23.43 @ ep 63)  [22.7s]  [sel1+2: prec=0.435, recall_clean=0.441]
  ep  76: R(t)=0.525  acc1=22.66%  acc2=21.39%  ens=22.02%  (best 23.43 @ ep 63)  [16.5s]
  ep  77: R(t)=0.525  acc1=20.90%  acc2=18.09%  ens=19.50%  (best 23.43 @ ep 63)  [17.2s]
  ep  78: R(t)=0.525  acc1=24.26%  acc2=22.51%  ens=23.39%  (best 23.43 @ ep 63)  [16.6s]
  ep  79: R(t)=0.525  acc1=19.85%  acc2=19.80%  ens=19.82%  (best 23.43 @ ep 63)  [18.2s]
  ep  80: R(t)=0.525  acc1=22.77%  acc2=22.64%  ens=22.71%  (best 23.43 @ ep 63)  [17.8s]
  ep  81: R(t)=0.525  acc1=23.88%  acc2=23.00%  ens=23.44%  (best 23.44 @ ep 81)  [16.3s]
  ep  82: R(t)=0.525  acc1=23.27%  acc2=22.04%  ens=22.66%  (best 23.44 @ ep 81)  [16.1s]
  ep  83: R(t)=0.525  acc1=21.01%  acc2=20.04%  ens=20.52%  (best 23.44 @ ep 81)  [13.3s]
  ep  84: R(t)=0.525  acc1=20.19%  acc2=18.55%  ens=19.37%  (best 23.44 @ ep 81)  [6.6s]
  ep  85: R(t)=0.525  acc1=22.49%  acc2=20.18%  ens=21.33%  (best 23.44 @ ep 81)  [6.4s]
  ep  86: R(t)=0.525  acc1=21.53%  acc2=20.45%  ens=20.99%  (best 23.44 @ ep 81)  [6.6s]
  ep  87: R(t)=0.525  acc1=23.49%  acc2=21.06%  ens=22.27%  (best 23.44 @ ep 81)  [6.5s]
  ep  88: R(t)=0.525  acc1=21.20%  acc2=19.64%  ens=20.42%  (best 23.44 @ ep 81)  [6.7s]
  ep  89: R(t)=0.525  acc1=21.85%  acc2=21.43%  ens=21.64%  (best 23.44 @ ep 81)  [6.6s]
  ep  90: R(t)=0.525  acc1=22.33%  acc2=22.25%  ens=22.29%  (best 23.44 @ ep 81)  [6.4s]
  ep  91: R(t)=0.525  acc1=22.73%  acc2=22.63%  ens=22.68%  (best 23.44 @ ep 81)  [6.5s]
  ep  92: R(t)=0.525  acc1=20.87%  acc2=20.69%  ens=20.78%  (best 23.44 @ ep 81)  [6.8s]
  ep  93: R(t)=0.525  acc1=21.95%  acc2=22.25%  ens=22.10%  (best 23.44 @ ep 81)  [17.2s]
  ep  94: R(t)=0.525  acc1=20.98%  acc2=21.46%  ens=21.22%  (best 23.44 @ ep 81)  [18.1s]
  ep  95: R(t)=0.525  acc1=20.58%  acc2=21.21%  ens=20.90%  (best 23.44 @ ep 81)  [16.6s]
  ep  96: R(t)=0.525  acc1=20.26%  acc2=20.64%  ens=20.45%  (best 23.44 @ ep 81)  [17.1s]
  ep  97: R(t)=0.525  acc1=20.22%  acc2=20.61%  ens=20.41%  (best 23.44 @ ep 81)  [16.3s]
  ep  98: R(t)=0.525  acc1=20.32%  acc2=20.94%  ens=20.63%  (best 23.44 @ ep 81)  [17.0s]
  ep  99: R(t)=0.525  acc1=20.55%  acc2=21.05%  ens=20.80%  (best 23.44 @ ep 81)  [25.6s]  [sel1+2: prec=0.441, recall_clean=0.447]

saved /path/to/ciln-workspace/journal_edition/robustness_transfer/results_v4/coteaching/ours_v2_noisy__contrast_sev5__seed0.json: best ens-acc 23.44% @ ep 81
