condition=ours_v2_clean__frost_sev1 seed=0 gpu=1
/path/to/ciln-workspace/venv/lib/python3.12/site-packages/torchvision/datasets/cifar.py:83: VisibleDeprecationWarning: dtype(): align should be passed as Python or NumPy boolean but got `align=0`. Did you mean to pass a tuple to create a subarray type? (Deprecated NumPy 2.4)
  entry = pickle.load(f, encoding="latin1")
image_source=clean  N=22500  noise_rate=10.16%
  ep   0: loss=1.8702  test_acc=35.88%  (best 35.88 @ ep 0)  [4.4s]
  ep   1: loss=1.5995  test_acc=38.12%  (best 38.12 @ ep 1)  [3.6s]
  ep   2: loss=1.4066  test_acc=48.67%  (best 48.67 @ ep 2)  [3.7s]
  ep   3: loss=1.2415  test_acc=57.40%  (best 57.40 @ ep 3)  [3.6s]
  ep   4: loss=1.1057  test_acc=62.34%  (best 62.34 @ ep 4)  [3.6s]
  ep   5: loss=1.0203  test_acc=64.38%  (best 64.38 @ ep 5)  [5.4s]  [logged per-sample loss: mean=0.996]
  ep   6: loss=0.9441  test_acc=63.24%  (best 64.38 @ ep 5)  [4.0s]
  ep   7: loss=0.8825  test_acc=65.33%  (best 65.33 @ ep 7)  [3.6s]
  ep   8: loss=0.8341  test_acc=63.58%  (best 65.33 @ ep 7)  [3.6s]
  ep   9: loss=0.7998  test_acc=67.80%  (best 67.80 @ ep 9)  [3.7s]
  ep  10: loss=0.7607  test_acc=67.23%  (best 67.80 @ ep 9)  [5.2s]  [logged per-sample loss: mean=0.951]
  ep  11: loss=0.7362  test_acc=66.33%  (best 67.80 @ ep 9)  [3.7s]
  ep  12: loss=0.7097  test_acc=67.58%  (best 67.80 @ ep 9)  [6.5s]
  ep  13: loss=0.7000  test_acc=72.65%  (best 72.65 @ ep 13)  [9.8s]
  ep  14: loss=0.6780  test_acc=68.16%  (best 72.65 @ ep 13)  [9.0s]
  ep  15: loss=0.6726  test_acc=69.48%  (best 72.65 @ ep 13)  [4.7s]
  ep  16: loss=0.6446  test_acc=72.62%  (best 72.65 @ ep 13)  [3.7s]
  ep  17: loss=0.6542  test_acc=68.65%  (best 72.65 @ ep 13)  [3.8s]
  ep  18: loss=0.6411  test_acc=74.31%  (best 74.31 @ ep 18)  [3.9s]
  ep  19: loss=0.6173  test_acc=73.09%  (best 74.31 @ ep 18)  [3.8s]
  ep  20: loss=0.6157  test_acc=73.82%  (best 74.31 @ ep 18)  [5.5s]  [logged per-sample loss: mean=0.741]
  ep  21: loss=0.6099  test_acc=76.65%  (best 76.65 @ ep 21)  [3.8s]
  ep  22: loss=0.5925  test_acc=75.90%  (best 76.65 @ ep 21)  [3.9s]
  ep  23: loss=0.5987  test_acc=75.83%  (best 76.65 @ ep 21)  [3.7s]
  ep  24: loss=0.5925  test_acc=72.97%  (best 76.65 @ ep 21)  [3.9s]
  ep  25: loss=0.5828  test_acc=69.74%  (best 76.65 @ ep 21)  [3.9s]
  ep  26: loss=0.5754  test_acc=74.30%  (best 76.65 @ ep 21)  [3.6s]
  ep  27: loss=0.5689  test_acc=69.41%  (best 76.65 @ ep 21)  [3.6s]
  ep  28: loss=0.5667  test_acc=76.03%  (best 76.65 @ ep 21)  [3.6s]
  ep  29: loss=0.5540  test_acc=78.43%  (best 78.43 @ ep 29)  [3.5s]
  ep  30: loss=0.5506  test_acc=73.42%  (best 78.43 @ ep 29)  [6.1s]  [logged per-sample loss: mean=0.712]
  ep  31: loss=0.5505  test_acc=77.79%  (best 78.43 @ ep 29)  [8.4s]
  ep  32: loss=0.5422  test_acc=75.53%  (best 78.43 @ ep 29)  [8.4s]
  ep  33: loss=0.5299  test_acc=78.47%  (best 78.47 @ ep 33)  [8.6s]
  ep  34: loss=0.5181  test_acc=76.53%  (best 78.47 @ ep 33)  [8.7s]
  ep  35: loss=0.5218  test_acc=77.23%  (best 78.47 @ ep 33)  [8.2s]
  ep  36: loss=0.5073  test_acc=70.34%  (best 78.47 @ ep 33)  [7.9s]
  ep  37: loss=0.5067  test_acc=80.03%  (best 80.03 @ ep 37)  [7.9s]
  ep  38: loss=0.4934  test_acc=78.67%  (best 80.03 @ ep 37)  [8.0s]
  ep  39: loss=0.4976  test_acc=75.75%  (best 80.03 @ ep 37)  [8.3s]
  ep  40: loss=0.4938  test_acc=79.19%  (best 80.03 @ ep 37)  [8.1s]
  ep  41: loss=0.4861  test_acc=77.38%  (best 80.03 @ ep 37)  [8.5s]
  ep  42: loss=0.4754  test_acc=77.67%  (best 80.03 @ ep 37)  [8.4s]
  ep  43: loss=0.4712  test_acc=79.47%  (best 80.03 @ ep 37)  [8.2s]
  ep  44: loss=0.4627  test_acc=77.61%  (best 80.03 @ ep 37)  [7.9s]
  ep  45: loss=0.4626  test_acc=78.94%  (best 80.03 @ ep 37)  [8.1s]
  ep  46: loss=0.4556  test_acc=76.95%  (best 80.03 @ ep 37)  [7.8s]
  ep  47: loss=0.4444  test_acc=78.49%  (best 80.03 @ ep 37)  [8.4s]
  ep  48: loss=0.4464  test_acc=78.24%  (best 80.03 @ ep 37)  [8.0s]
  ep  49: loss=0.4371  test_acc=80.19%  (best 80.19 @ ep 49)  [8.9s]
  ep  50: loss=0.4265  test_acc=80.18%  (best 80.19 @ ep 49)  [9.5s]  [logged per-sample loss: mean=0.438]
  ep  51: loss=0.4210  test_acc=80.22%  (best 80.22 @ ep 51)  [3.7s]
  ep  52: loss=0.4175  test_acc=76.43%  (best 80.22 @ ep 51)  [3.7s]
  ep  53: loss=0.4067  test_acc=79.98%  (best 80.22 @ ep 51)  [3.9s]
  ep  54: loss=0.3969  test_acc=79.03%  (best 80.22 @ ep 51)  [3.5s]
  ep  55: loss=0.3857  test_acc=82.82%  (best 82.82 @ ep 55)  [3.6s]
  ep  56: loss=0.3792  test_acc=76.63%  (best 82.82 @ ep 55)  [3.6s]
  ep  57: loss=0.3762  test_acc=81.32%  (best 82.82 @ ep 55)  [3.9s]
  ep  58: loss=0.3600  test_acc=79.45%  (best 82.82 @ ep 55)  [3.9s]
  ep  59: loss=0.3575  test_acc=76.56%  (best 82.82 @ ep 55)  [3.6s]
  ep  60: loss=0.3495  test_acc=78.21%  (best 82.82 @ ep 55)  [3.5s]
  ep  61: loss=0.3398  test_acc=82.39%  (best 82.82 @ ep 55)  [3.6s]
  ep  62: loss=0.3236  test_acc=82.35%  (best 82.82 @ ep 55)  [3.5s]
  ep  63: loss=0.3309  test_acc=81.46%  (best 82.82 @ ep 55)  [3.5s]
  ep  64: loss=0.3169  test_acc=81.22%  (best 82.82 @ ep 55)  [3.8s]
  ep  65: loss=0.3110  test_acc=81.73%  (best 82.82 @ ep 55)  [3.8s]
  ep  66: loss=0.3040  test_acc=78.62%  (best 82.82 @ ep 55)  [3.8s]
  ep  67: loss=0.2897  test_acc=82.08%  (best 82.82 @ ep 55)  [5.0s]
  ep  68: loss=0.2775  test_acc=82.40%  (best 82.82 @ ep 55)  [8.3s]
  ep  69: loss=0.2668  test_acc=81.87%  (best 82.82 @ ep 55)  [8.1s]
  ep  70: loss=0.2492  test_acc=82.53%  (best 82.82 @ ep 55)  [7.8s]
  ep  71: loss=0.2450  test_acc=82.86%  (best 82.86 @ ep 71)  [8.2s]
  ep  72: loss=0.2312  test_acc=81.09%  (best 82.86 @ ep 71)  [7.9s]
  ep  73: loss=0.2270  test_acc=82.91%  (best 82.91 @ ep 73)  [7.6s]
  ep  74: loss=0.2182  test_acc=83.07%  (best 83.07 @ ep 74)  [8.9s]
  ep  75: loss=0.2026  test_acc=81.63%  (best 83.07 @ ep 74)  [12.2s]  [logged per-sample loss: mean=0.237]
  ep  76: loss=0.1892  test_acc=83.83%  (best 83.83 @ ep 76)  [8.6s]
  ep  77: loss=0.1777  test_acc=83.37%  (best 83.83 @ ep 76)  [8.0s]
  ep  78: loss=0.1662  test_acc=84.34%  (best 84.34 @ ep 78)  [8.1s]
  ep  79: loss=0.1534  test_acc=82.68%  (best 84.34 @ ep 78)  [8.3s]
  ep  80: loss=0.1482  test_acc=83.14%  (best 84.34 @ ep 78)  [8.1s]
  ep  81: loss=0.1301  test_acc=83.03%  (best 84.34 @ ep 78)  [8.1s]
  ep  82: loss=0.1192  test_acc=83.70%  (best 84.34 @ ep 78)  [8.6s]
  ep  83: loss=0.1223  test_acc=84.46%  (best 84.46 @ ep 83)  [8.5s]
  ep  84: loss=0.1077  test_acc=84.12%  (best 84.46 @ ep 83)  [8.3s]
  ep  85: loss=0.0972  test_acc=84.37%  (best 84.46 @ ep 83)  [6.6s]
  ep  86: loss=0.0909  test_acc=84.62%  (best 84.62 @ ep 86)  [7.8s]
  ep  87: loss=0.0834  test_acc=84.69%  (best 84.69 @ ep 87)  [8.2s]
  ep  88: loss=0.0769  test_acc=84.94%  (best 84.94 @ ep 88)  [8.1s]
  ep  89: loss=0.0750  test_acc=84.95%  (best 84.95 @ ep 89)  [8.4s]
  ep  90: loss=0.0693  test_acc=85.19%  (best 85.19 @ ep 90)  [8.5s]
  ep  91: loss=0.0651  test_acc=85.00%  (best 85.19 @ ep 90)  [8.1s]
  ep  92: loss=0.0646  test_acc=84.99%  (best 85.19 @ ep 90)  [8.2s]
  ep  93: loss=0.0605  test_acc=85.17%  (best 85.19 @ ep 90)  [8.0s]
  ep  94: loss=0.0591  test_acc=85.08%  (best 85.19 @ ep 90)  [8.3s]
  ep  95: loss=0.0558  test_acc=85.19%  (best 85.19 @ ep 90)  [7.9s]
  ep  96: loss=0.0560  test_acc=85.29%  (best 85.29 @ ep 96)  [8.2s]
  ep  97: loss=0.0564  test_acc=85.31%  (best 85.31 @ ep 97)  [8.1s]
  ep  98: loss=0.0552  test_acc=85.29%  (best 85.31 @ ep 97)  [11.4s]
  ep  99: loss=0.0550  test_acc=85.22%  (best 85.31 @ ep 97)  [5.6s]  [logged per-sample loss: mean=0.033]

saved /path/to/ciln-workspace/journal_edition/robustness_transfer/results_v4/erm/ours_v2_clean__frost_sev1__seed0.json: best 85.31% @ ep 97
