condition=ours_v2_clean__contrast_sev5 seed=2 gpu=1
/path/to/ciln-workspace/venv/lib/python3.12/site-packages/torchvision/datasets/cifar.py:83: VisibleDeprecationWarning: dtype(): align should be passed as Python or NumPy boolean but got `align=0`. Did you mean to pass a tuple to create a subarray type? (Deprecated NumPy 2.4)
  entry = pickle.load(f, encoding="latin1")
image_source=clean  N=22500  noise_rate=47.51%
  ep   0: loss=1.8467  test_acc=18.46%  (best 18.46 @ ep 0)  [4.5s]
  ep   1: loss=1.6991  test_acc=26.14%  (best 26.14 @ ep 1)  [3.6s]
  ep   2: loss=1.6286  test_acc=27.77%  (best 27.77 @ ep 2)  [3.5s]
  ep   3: loss=1.5558  test_acc=27.10%  (best 27.77 @ ep 2)  [6.5s]
  ep   4: loss=1.4988  test_acc=29.92%  (best 29.92 @ ep 4)  [8.0s]
  ep   5: loss=1.4644  test_acc=40.11%  (best 40.11 @ ep 5)  [11.7s]  [logged per-sample loss: mean=1.458]
  ep   6: loss=1.4307  test_acc=34.35%  (best 40.11 @ ep 5)  [8.5s]
  ep   7: loss=1.4086  test_acc=40.95%  (best 40.95 @ ep 7)  [8.1s]
  ep   8: loss=1.3902  test_acc=34.09%  (best 40.95 @ ep 7)  [8.2s]
  ep   9: loss=1.3826  test_acc=39.03%  (best 40.95 @ ep 7)  [8.9s]
  ep  10: loss=1.3660  test_acc=36.66%  (best 40.95 @ ep 7)  [12.5s]  [logged per-sample loss: mean=1.405]
  ep  11: loss=1.3532  test_acc=46.56%  (best 46.56 @ ep 11)  [7.7s]
  ep  12: loss=1.3451  test_acc=36.63%  (best 46.56 @ ep 11)  [8.4s]
  ep  13: loss=1.3333  test_acc=46.17%  (best 46.56 @ ep 11)  [8.0s]
  ep  14: loss=1.3272  test_acc=43.70%  (best 46.56 @ ep 11)  [8.8s]
  ep  15: loss=1.3120  test_acc=46.79%  (best 46.79 @ ep 15)  [8.1s]
  ep  16: loss=1.3066  test_acc=49.90%  (best 49.90 @ ep 16)  [8.5s]
  ep  17: loss=1.3034  test_acc=47.41%  (best 49.90 @ ep 16)  [8.0s]
  ep  18: loss=1.2875  test_acc=32.97%  (best 49.90 @ ep 16)  [8.0s]
  ep  19: loss=1.2848  test_acc=39.27%  (best 49.90 @ ep 16)  [8.5s]
  ep  20: loss=1.2770  test_acc=51.06%  (best 51.06 @ ep 20)  [11.6s]  [logged per-sample loss: mean=1.348]
  ep  21: loss=1.2772  test_acc=35.36%  (best 51.06 @ ep 20)  [8.1s]
  ep  22: loss=1.2616  test_acc=44.72%  (best 51.06 @ ep 20)  [8.3s]
  ep  23: loss=1.2557  test_acc=49.46%  (best 51.06 @ ep 20)  [8.0s]
  ep  24: loss=1.2560  test_acc=46.39%  (best 51.06 @ ep 20)  [8.1s]
  ep  25: loss=1.2499  test_acc=45.38%  (best 51.06 @ ep 20)  [7.9s]
  ep  26: loss=1.2406  test_acc=45.83%  (best 51.06 @ ep 20)  [8.4s]
  ep  27: loss=1.2417  test_acc=52.47%  (best 52.47 @ ep 27)  [8.3s]
  ep  28: loss=1.2414  test_acc=43.58%  (best 52.47 @ ep 27)  [8.5s]
  ep  29: loss=1.2244  test_acc=45.35%  (best 52.47 @ ep 27)  [8.5s]
  ep  30: loss=1.2253  test_acc=51.43%  (best 52.47 @ ep 27)  [11.7s]  [logged per-sample loss: mean=1.358]
  ep  31: loss=1.2230  test_acc=43.02%  (best 52.47 @ ep 27)  [8.8s]
  ep  32: loss=1.2128  test_acc=52.69%  (best 52.69 @ ep 32)  [8.5s]
  ep  33: loss=1.2146  test_acc=45.66%  (best 52.69 @ ep 32)  [8.2s]
  ep  34: loss=1.2088  test_acc=51.53%  (best 52.69 @ ep 32)  [8.2s]
  ep  35: loss=1.2004  test_acc=45.18%  (best 52.69 @ ep 32)  [8.3s]
  ep  36: loss=1.1938  test_acc=45.36%  (best 52.69 @ ep 32)  [8.3s]
  ep  37: loss=1.1936  test_acc=38.32%  (best 52.69 @ ep 32)  [6.0s]
  ep  38: loss=1.1847  test_acc=49.94%  (best 52.69 @ ep 32)  [3.5s]
  ep  39: loss=1.1779  test_acc=55.96%  (best 55.96 @ ep 39)  [3.8s]
  ep  40: loss=1.1695  test_acc=41.59%  (best 55.96 @ ep 39)  [3.6s]
  ep  41: loss=1.1683  test_acc=47.41%  (best 55.96 @ ep 39)  [3.6s]
  ep  42: loss=1.1677  test_acc=48.68%  (best 55.96 @ ep 39)  [3.7s]
  ep  43: loss=1.1580  test_acc=49.56%  (best 55.96 @ ep 39)  [3.5s]
  ep  44: loss=1.1564  test_acc=60.74%  (best 60.74 @ ep 44)  [3.7s]
  ep  45: loss=1.1508  test_acc=48.63%  (best 60.74 @ ep 44)  [3.5s]
  ep  46: loss=1.1443  test_acc=51.90%  (best 60.74 @ ep 44)  [3.5s]
  ep  47: loss=1.1367  test_acc=52.28%  (best 60.74 @ ep 44)  [3.5s]
  ep  48: loss=1.1303  test_acc=53.67%  (best 60.74 @ ep 44)  [3.7s]
  ep  49: loss=1.1258  test_acc=46.08%  (best 60.74 @ ep 44)  [3.6s]
  ep  50: loss=1.1145  test_acc=53.32%  (best 60.74 @ ep 44)  [5.2s]  [logged per-sample loss: mean=1.095]
  ep  51: loss=1.1147  test_acc=47.13%  (best 60.74 @ ep 44)  [3.5s]
  ep  52: loss=1.1092  test_acc=54.43%  (best 60.74 @ ep 44)  [3.7s]
  ep  53: loss=1.0905  test_acc=55.33%  (best 60.74 @ ep 44)  [3.8s]
  ep  54: loss=1.0931  test_acc=47.95%  (best 60.74 @ ep 44)  [4.6s]
  ep  55: loss=1.0811  test_acc=43.53%  (best 60.74 @ ep 44)  [8.7s]
  ep  56: loss=1.0792  test_acc=52.65%  (best 60.74 @ ep 44)  [8.5s]
  ep  57: loss=1.0705  test_acc=49.06%  (best 60.74 @ ep 44)  [8.0s]
  ep  58: loss=1.0609  test_acc=49.05%  (best 60.74 @ ep 44)  [8.5s]
  ep  59: loss=1.0483  test_acc=45.66%  (best 60.74 @ ep 44)  [8.0s]
  ep  60: loss=1.0396  test_acc=51.41%  (best 60.74 @ ep 44)  [8.3s]
  ep  61: loss=1.0379  test_acc=48.79%  (best 60.74 @ ep 44)  [8.7s]
  ep  62: loss=1.0252  test_acc=43.41%  (best 60.74 @ ep 44)  [8.9s]
  ep  63: loss=1.0181  test_acc=50.36%  (best 60.74 @ ep 44)  [8.2s]
  ep  64: loss=1.0014  test_acc=45.68%  (best 60.74 @ ep 44)  [8.7s]
  ep  65: loss=0.9928  test_acc=46.73%  (best 60.74 @ ep 44)  [8.8s]
  ep  66: loss=0.9743  test_acc=49.88%  (best 60.74 @ ep 44)  [8.5s]
  ep  67: loss=0.9705  test_acc=49.07%  (best 60.74 @ ep 44)  [8.9s]
  ep  68: loss=0.9587  test_acc=45.53%  (best 60.74 @ ep 44)  [8.9s]
  ep  69: loss=0.9451  test_acc=54.71%  (best 60.74 @ ep 44)  [9.6s]
  ep  70: loss=0.9311  test_acc=50.80%  (best 60.74 @ ep 44)  [8.9s]
  ep  71: loss=0.9092  test_acc=53.33%  (best 60.74 @ ep 44)  [8.8s]
  ep  72: loss=0.8986  test_acc=60.33%  (best 60.74 @ ep 44)  [8.6s]
  ep  73: loss=0.8887  test_acc=48.43%  (best 60.74 @ ep 44)  [9.0s]
  ep  74: loss=0.8669  test_acc=49.40%  (best 60.74 @ ep 44)  [9.4s]
  ep  75: loss=0.8567  test_acc=55.55%  (best 60.74 @ ep 44)  [11.4s]  [logged per-sample loss: mean=0.805]
  ep  76: loss=0.8354  test_acc=50.14%  (best 60.74 @ ep 44)  [9.2s]
  ep  77: loss=0.8197  test_acc=52.07%  (best 60.74 @ ep 44)  [9.5s]
  ep  78: loss=0.8004  test_acc=50.98%  (best 60.74 @ ep 44)  [9.8s]
  ep  79: loss=0.7771  test_acc=46.82%  (best 60.74 @ ep 44)  [9.3s]
  ep  80: loss=0.7592  test_acc=50.95%  (best 60.74 @ ep 44)  [9.8s]
  ep  81: loss=0.7433  test_acc=50.87%  (best 60.74 @ ep 44)  [10.1s]
  ep  82: loss=0.7211  test_acc=51.87%  (best 60.74 @ ep 44)  [9.5s]
  ep  83: loss=0.7007  test_acc=53.30%  (best 60.74 @ ep 44)  [9.8s]
  ep  84: loss=0.6800  test_acc=53.92%  (best 60.74 @ ep 44)  [10.1s]
  ep  85: loss=0.6524  test_acc=53.22%  (best 60.74 @ ep 44)  [9.5s]
  ep  86: loss=0.6346  test_acc=53.18%  (best 60.74 @ ep 44)  [8.9s]
  ep  87: loss=0.6156  test_acc=52.82%  (best 60.74 @ ep 44)  [9.2s]
  ep  88: loss=0.5870  test_acc=51.93%  (best 60.74 @ ep 44)  [9.4s]
  ep  89: loss=0.5771  test_acc=50.77%  (best 60.74 @ ep 44)  [9.1s]
  ep  90: loss=0.5481  test_acc=49.15%  (best 60.74 @ ep 44)  [9.2s]
  ep  91: loss=0.5309  test_acc=50.97%  (best 60.74 @ ep 44)  [9.1s]
  ep  92: loss=0.5182  test_acc=51.66%  (best 60.74 @ ep 44)  [9.1s]
  ep  93: loss=0.5084  test_acc=51.18%  (best 60.74 @ ep 44)  [8.3s]
  ep  94: loss=0.4921  test_acc=50.41%  (best 60.74 @ ep 44)  [9.1s]
  ep  95: loss=0.4813  test_acc=51.24%  (best 60.74 @ ep 44)  [10.1s]
  ep  96: loss=0.4733  test_acc=51.14%  (best 60.74 @ ep 44)  [9.6s]
  ep  97: loss=0.4679  test_acc=50.70%  (best 60.74 @ ep 44)  [8.8s]
  ep  98: loss=0.4661  test_acc=51.22%  (best 60.74 @ ep 44)  [9.2s]
  ep  99: loss=0.4666  test_acc=50.87%  (best 60.74 @ ep 44)  [15.5s]  [logged per-sample loss: mean=0.420]

saved /path/to/ciln-workspace/journal_edition/robustness_transfer/results_v4/erm/ours_v2_clean__contrast_sev5__seed2.json: best 60.74% @ ep 44
