condition=ours_v2_noisy__snow_sev3 seed=0 gpu=2
/path/to/ciln-workspace/venv/lib/python3.12/site-packages/torchvision/datasets/cifar.py:83: VisibleDeprecationWarning: dtype(): align should be passed as Python or NumPy boolean but got `align=0`. Did you mean to pass a tuple to create a subarray type? (Deprecated NumPy 2.4)
  entry = pickle.load(f, encoding="latin1")
image_source=noisy  N_train=22500  noise_rate=19.37%
  ep   0: acc1=38.88%  acc2=39.59%  ens=39.23%  (best 39.23 @ ep 0)  [8.3s]
  ep   1: acc1=46.62%  acc2=47.73%  ens=47.17%  (best 47.17 @ ep 1)  [7.1s]
  ep   2: acc1=52.83%  acc2=50.75%  ens=51.79%  (best 51.79 @ ep 2)  [17.0s]
  ep   3: acc1=59.19%  acc2=53.67%  ens=56.43%  (best 56.43 @ ep 3)  [24.8s]
  ep   4: acc1=61.57%  acc2=56.47%  ens=59.02%  (best 59.02 @ ep 4)  [7.1s]
  ep   5: acc1=61.02%  acc2=57.74%  ens=59.38%  (best 59.38 @ ep 5)  [10.6s]  [w on clean=0.806, on noisy=0.491]
  ep   6: acc1=56.94%  acc2=61.36%  ens=59.15%  (best 59.38 @ ep 5)  [7.1s]
  ep   7: acc1=62.56%  acc2=60.68%  ens=61.62%  (best 61.62 @ ep 7)  [7.5s]
  ep   8: acc1=64.21%  acc2=63.84%  ens=64.03%  (best 64.03 @ ep 8)  [7.7s]
  ep   9: acc1=64.86%  acc2=61.56%  ens=63.21%  (best 64.03 @ ep 8)  [7.4s]
  ep  10: acc1=33.59%  acc2=25.05%  ens=29.32%  (best 64.03 @ ep 8)  [133.1s]  [w on clean=0.502, on noisy=0.308]
  ep  11: acc1=23.05%  acc2=23.84%  ens=23.45%  (best 64.03 @ ep 8)  [23.2s]
  ep  12: acc1=22.66%  acc2=22.45%  ens=22.55%  (best 64.03 @ ep 8)  [97.3s]
  ep  13: acc1=21.00%  acc2=25.95%  ens=23.48%  (best 64.03 @ ep 8)  [32.8s]
  ep  14: acc1=25.58%  acc2=27.82%  ens=26.70%  (best 64.03 @ ep 8)  [76.8s]
  ep  15: acc1=23.75%  acc2=30.24%  ens=27.00%  (best 64.03 @ ep 8)  [37.1s]
  ep  16: acc1=27.51%  acc2=29.00%  ens=28.25%  (best 64.03 @ ep 8)  [107.0s]
  ep  17: acc1=28.86%  acc2=31.14%  ens=30.00%  (best 64.03 @ ep 8)  [47.7s]
  ep  18: acc1=29.87%  acc2=32.16%  ens=31.02%  (best 64.03 @ ep 8)  [39.5s]
  ep  19: acc1=30.51%  acc2=31.04%  ens=30.77%  (best 64.03 @ ep 8)  [35.2s]
  ep  20: acc1=30.80%  acc2=31.73%  ens=31.26%  (best 64.03 @ ep 8)  [51.7s]  [w on clean=0.727, on noisy=0.669]
  ep  21: acc1=31.43%  acc2=29.38%  ens=30.41%  (best 64.03 @ ep 8)  [39.2s]
  ep  22: acc1=31.11%  acc2=35.46%  ens=33.28%  (best 64.03 @ ep 8)  [36.7s]
  ep  23: acc1=32.99%  acc2=30.43%  ens=31.71%  (best 64.03 @ ep 8)  [35.4s]
  ep  24: acc1=31.49%  acc2=33.80%  ens=32.65%  (best 64.03 @ ep 8)  [73.8s]
  ep  25: acc1=32.45%  acc2=33.42%  ens=32.94%  (best 64.03 @ ep 8)  [48.1s]
  ep  26: acc1=31.00%  acc2=32.95%  ens=31.97%  (best 64.03 @ ep 8)  [34.2s]
  ep  27: acc1=32.82%  acc2=35.22%  ens=34.02%  (best 64.03 @ ep 8)  [35.3s]
  ep  28: acc1=34.28%  acc2=33.44%  ens=33.86%  (best 64.03 @ ep 8)  [36.3s]
  ep  29: acc1=32.32%  acc2=29.57%  ens=30.95%  (best 64.03 @ ep 8)  [69.8s]
  ep  30: acc1=30.21%  acc2=31.52%  ens=30.86%  (best 64.03 @ ep 8)  [39.4s]  [w on clean=0.727, on noisy=0.670]
  ep  31: acc1=34.55%  acc2=35.02%  ens=34.78%  (best 64.03 @ ep 8)  [143.1s]
  ep  32: acc1=34.24%  acc2=31.05%  ens=32.65%  (best 64.03 @ ep 8)  [36.1s]
  ep  33: acc1=35.51%  acc2=33.42%  ens=34.47%  (best 64.03 @ ep 8)  [39.5s]
  ep  34: acc1=36.13%  acc2=34.07%  ens=35.10%  (best 64.03 @ ep 8)  [61.0s]
  ep  35: acc1=31.28%  acc2=37.37%  ens=34.33%  (best 64.03 @ ep 8)  [169.0s]
  ep  36: acc1=31.40%  acc2=34.68%  ens=33.04%  (best 64.03 @ ep 8)  [35.2s]
  ep  37: acc1=37.26%  acc2=35.09%  ens=36.18%  (best 64.03 @ ep 8)  [64.2s]
  ep  38: acc1=34.93%  acc2=36.48%  ens=35.70%  (best 64.03 @ ep 8)  [35.2s]
  ep  39: acc1=35.53%  acc2=34.06%  ens=34.80%  (best 64.03 @ ep 8)  [349.6s]
  ep  40: acc1=33.82%  acc2=35.36%  ens=34.59%  (best 64.03 @ ep 8)  [34.9s]
  ep  41: acc1=33.39%  acc2=34.44%  ens=33.91%  (best 64.03 @ ep 8)  [40.0s]
  ep  42: acc1=37.21%  acc2=31.44%  ens=34.33%  (best 64.03 @ ep 8)  [35.7s]
  ep  43: acc1=33.12%  acc2=33.67%  ens=33.39%  (best 64.03 @ ep 8)  [105.0s]
  ep  44: acc1=35.00%  acc2=38.11%  ens=36.55%  (best 64.03 @ ep 8)  [38.9s]
  ep  45: acc1=34.32%  acc2=37.07%  ens=35.70%  (best 64.03 @ ep 8)  [81.3s]
  ep  46: acc1=35.23%  acc2=33.62%  ens=34.42%  (best 64.03 @ ep 8)  [35.4s]
  ep  47: acc1=35.54%  acc2=34.98%  ens=35.26%  (best 64.03 @ ep 8)  [53.2s]
  ep  48: acc1=36.28%  acc2=36.31%  ens=36.30%  (best 64.03 @ ep 8)  [35.7s]
  ep  49: acc1=37.61%  acc2=35.87%  ens=36.74%  (best 64.03 @ ep 8)  [53.1s]
  ep  50: acc1=35.16%  acc2=35.60%  ens=35.38%  (best 64.03 @ ep 8)  [43.8s]  [w on clean=0.727, on noisy=0.670]
  ep  51: acc1=36.40%  acc2=35.77%  ens=36.09%  (best 64.03 @ ep 8)  [33.8s]
  ep  52: acc1=34.49%  acc2=35.48%  ens=34.98%  (best 64.03 @ ep 8)  [73.6s]
  ep  53: acc1=34.25%  acc2=35.35%  ens=34.80%  (best 64.03 @ ep 8)  [39.5s]
  ep  54: acc1=36.11%  acc2=36.21%  ens=36.16%  (best 64.03 @ ep 8)  [94.8s]
  ep  55: acc1=36.74%  acc2=35.02%  ens=35.88%  (best 64.03 @ ep 8)  [34.7s]
  ep  56: acc1=36.65%  acc2=37.93%  ens=37.29%  (best 64.03 @ ep 8)  [92.0s]
  ep  57: acc1=36.18%  acc2=35.79%  ens=35.98%  (best 64.03 @ ep 8)  [34.3s]
  ep  58: acc1=35.99%  acc2=33.73%  ens=34.86%  (best 64.03 @ ep 8)  [62.5s]
  ep  59: acc1=36.58%  acc2=36.64%  ens=36.61%  (best 64.03 @ ep 8)  [35.2s]
  ep  60: acc1=36.39%  acc2=36.36%  ens=36.38%  (best 64.03 @ ep 8)  [110.2s]
  ep  61: acc1=34.93%  acc2=38.71%  ens=36.82%  (best 64.03 @ ep 8)  [34.0s]
  ep  62: acc1=38.80%  acc2=38.95%  ens=38.88%  (best 64.03 @ ep 8)  [43.8s]
  ep  63: acc1=37.60%  acc2=36.95%  ens=37.28%  (best 64.03 @ ep 8)  [35.0s]
  ep  64: acc1=39.14%  acc2=38.45%  ens=38.80%  (best 64.03 @ ep 8)  [71.6s]
  ep  65: acc1=37.80%  acc2=37.51%  ens=37.66%  (best 64.03 @ ep 8)  [71.8s]
  ep  66: acc1=38.71%  acc2=36.77%  ens=37.74%  (best 64.03 @ ep 8)  [46.5s]
  ep  67: acc1=38.47%  acc2=38.87%  ens=38.67%  (best 64.03 @ ep 8)  [112.6s]
  ep  68: acc1=38.66%  acc2=36.97%  ens=37.81%  (best 64.03 @ ep 8)  [38.4s]
  ep  69: acc1=38.82%  acc2=39.26%  ens=39.04%  (best 64.03 @ ep 8)  [126.3s]
  ep  70: acc1=37.32%  acc2=40.66%  ens=38.99%  (best 64.03 @ ep 8)  [37.0s]
  ep  71: acc1=40.98%  acc2=39.44%  ens=40.21%  (best 64.03 @ ep 8)  [46.1s]
  ep  72: acc1=38.17%  acc2=38.63%  ens=38.40%  (best 64.03 @ ep 8)  [35.3s]
  ep  73: acc1=37.33%  acc2=39.55%  ens=38.44%  (best 64.03 @ ep 8)  [38.7s]
  ep  74: acc1=39.65%  acc2=41.63%  ens=40.64%  (best 64.03 @ ep 8)  [34.7s]
  ep  75: acc1=39.01%  acc2=38.41%  ens=38.71%  (best 64.03 @ ep 8)  [40.9s]  [w on clean=0.727, on noisy=0.669]
  ep  76: acc1=38.49%  acc2=40.35%  ens=39.42%  (best 64.03 @ ep 8)  [172.5s]
  ep  77: acc1=38.16%  acc2=37.33%  ens=37.74%  (best 64.03 @ ep 8)  [44.2s]
  ep  78: acc1=40.28%  acc2=38.85%  ens=39.56%  (best 64.03 @ ep 8)  [42.8s]
  ep  79: acc1=39.20%  acc2=40.49%  ens=39.84%  (best 64.03 @ ep 8)  [35.2s]
  ep  80: acc1=39.88%  acc2=39.58%  ens=39.73%  (best 64.03 @ ep 8)  [157.7s]
  ep  81: acc1=37.80%  acc2=39.16%  ens=38.48%  (best 64.03 @ ep 8)  [65.9s]
  ep  82: acc1=39.83%  acc2=39.51%  ens=39.67%  (best 64.03 @ ep 8)  [34.1s]
  ep  83: acc1=39.65%  acc2=39.79%  ens=39.72%  (best 64.03 @ ep 8)  [43.6s]
  ep  84: acc1=40.03%  acc2=40.07%  ens=40.05%  (best 64.03 @ ep 8)  [109.6s]
  ep  85: acc1=39.51%  acc2=39.96%  ens=39.73%  (best 64.03 @ ep 8)  [35.0s]
  ep  86: acc1=39.47%  acc2=39.92%  ens=39.70%  (best 64.03 @ ep 8)  [45.6s]
  ep  87: acc1=39.87%  acc2=39.65%  ens=39.76%  (best 64.03 @ ep 8)  [39.1s]
  ep  88: acc1=39.17%  acc2=40.47%  ens=39.82%  (best 64.03 @ ep 8)  [53.6s]
  ep  89: acc1=39.96%  acc2=40.11%  ens=40.03%  (best 64.03 @ ep 8)  [34.6s]
  ep  90: acc1=39.90%  acc2=40.83%  ens=40.37%  (best 64.03 @ ep 8)  [52.0s]
  ep  91: acc1=40.55%  acc2=40.09%  ens=40.32%  (best 64.03 @ ep 8)  [35.7s]
  ep  92: acc1=40.49%  acc2=39.87%  ens=40.18%  (best 64.03 @ ep 8)  [36.8s]
  ep  93: acc1=39.76%  acc2=40.50%  ens=40.13%  (best 64.03 @ ep 8)  [40.8s]
  ep  94: acc1=39.85%  acc2=40.15%  ens=40.00%  (best 64.03 @ ep 8)  [34.8s]
  ep  95: acc1=40.03%  acc2=40.41%  ens=40.22%  (best 64.03 @ ep 8)  [90.8s]
  ep  96: acc1=40.05%  acc2=39.75%  ens=39.90%  (best 64.03 @ ep 8)  [35.7s]
  ep  97: acc1=39.69%  acc2=40.86%  ens=40.27%  (best 64.03 @ ep 8)  [152.2s]
  ep  98: acc1=40.54%  acc2=40.48%  ens=40.51%  (best 64.03 @ ep 8)  [36.6s]
  ep  99: acc1=40.48%  acc2=40.55%  ens=40.52%  (best 64.03 @ ep 8)  [93.9s]  [w on clean=0.727, on noisy=0.669]

saved /path/to/ciln-workspace/journal_edition/robustness_transfer/results_v4/dividemix/ours_v2_noisy__snow_sev3__seed0.json: best ens-acc 64.03% @ ep 8
