condition=ours_v2_clean__defocus_blur_sev1 seed=1 gpu=1
/path/to/ciln-workspace/venv/lib/python3.12/site-packages/torchvision/datasets/cifar.py:83: VisibleDeprecationWarning: dtype(): align should be passed as Python or NumPy boolean but got `align=0`. Did you mean to pass a tuple to create a subarray type? (Deprecated NumPy 2.4)
  entry = pickle.load(f, encoding="latin1")
image_source=clean  N=22500  noise_rate=8.62%
  ep   0: R(t)=1.000  acc1=35.41%  acc2=33.46%  ens=34.44%  (best 34.44 @ ep 0)  [7.5s]
  ep   1: R(t)=0.973  acc1=42.35%  acc2=40.17%  ens=41.26%  (best 41.26 @ ep 1)  [6.6s]
  ep   2: R(t)=0.961  acc1=51.48%  acc2=47.59%  ens=49.54%  (best 49.54 @ ep 2)  [6.8s]
  ep   3: R(t)=0.953  acc1=53.92%  acc2=55.40%  ens=54.66%  (best 54.66 @ ep 3)  [7.0s]
  ep   4: R(t)=0.945  acc1=52.13%  acc2=59.14%  ens=55.63%  (best 55.63 @ ep 4)  [6.6s]
  ep   5: R(t)=0.939  acc1=44.77%  acc2=61.15%  ens=52.96%  (best 55.63 @ ep 4)  [10.0s]  [sel1+2: prec=0.924, recall_clean=0.968]
  ep   6: R(t)=0.933  acc1=58.12%  acc2=64.93%  ens=61.53%  (best 61.53 @ ep 6)  [6.6s]
  ep   7: R(t)=0.928  acc1=65.52%  acc2=64.91%  ens=65.22%  (best 65.22 @ ep 7)  [8.0s]
  ep   8: R(t)=0.923  acc1=66.85%  acc2=62.65%  ens=64.75%  (best 65.22 @ ep 7)  [19.2s]
  ep   9: R(t)=0.918  acc1=68.94%  acc2=69.97%  ens=69.45%  (best 69.45 @ ep 9)  [17.3s]
  ep  10: R(t)=0.914  acc1=67.96%  acc2=71.40%  ens=69.68%  (best 69.68 @ ep 10)  [10.4s]  [sel1+2: prec=0.931, recall_clean=0.959]
  ep  11: R(t)=0.914  acc1=60.85%  acc2=65.87%  ens=63.36%  (best 69.68 @ ep 10)  [6.6s]
  ep  12: R(t)=0.914  acc1=70.94%  acc2=67.37%  ens=69.16%  (best 69.68 @ ep 10)  [6.4s]
  ep  13: R(t)=0.914  acc1=69.27%  acc2=65.37%  ens=67.32%  (best 69.68 @ ep 10)  [6.5s]
  ep  14: R(t)=0.914  acc1=73.49%  acc2=73.36%  ens=73.43%  (best 73.43 @ ep 14)  [6.4s]
  ep  15: R(t)=0.914  acc1=72.46%  acc2=72.32%  ens=72.39%  (best 73.43 @ ep 14)  [6.5s]
  ep  16: R(t)=0.914  acc1=68.05%  acc2=72.17%  ens=70.11%  (best 73.43 @ ep 14)  [6.3s]
  ep  17: R(t)=0.914  acc1=69.05%  acc2=68.27%  ens=68.66%  (best 73.43 @ ep 14)  [6.6s]
  ep  18: R(t)=0.914  acc1=67.55%  acc2=68.34%  ens=67.94%  (best 73.43 @ ep 14)  [10.7s]
  ep  19: R(t)=0.914  acc1=74.03%  acc2=68.92%  ens=71.47%  (best 73.43 @ ep 14)  [18.2s]
  ep  20: R(t)=0.914  acc1=76.60%  acc2=65.55%  ens=71.08%  (best 73.43 @ ep 14)  [23.3s]  [sel1+2: prec=0.934, recall_clean=0.963]
  ep  21: R(t)=0.914  acc1=76.40%  acc2=72.35%  ens=74.38%  (best 74.38 @ ep 21)  [17.5s]
  ep  22: R(t)=0.914  acc1=76.80%  acc2=72.60%  ens=74.70%  (best 74.70 @ ep 22)  [20.0s]
  ep  23: R(t)=0.914  acc1=70.35%  acc2=67.09%  ens=68.72%  (best 74.70 @ ep 22)  [15.6s]
  ep  24: R(t)=0.914  acc1=66.17%  acc2=70.70%  ens=68.44%  (best 74.70 @ ep 22)  [6.7s]
  ep  25: R(t)=0.914  acc1=73.70%  acc2=71.64%  ens=72.67%  (best 74.70 @ ep 22)  [6.5s]
  ep  26: R(t)=0.914  acc1=73.76%  acc2=77.53%  ens=75.65%  (best 75.65 @ ep 26)  [6.4s]
  ep  27: R(t)=0.914  acc1=73.78%  acc2=75.11%  ens=74.45%  (best 75.65 @ ep 26)  [6.6s]
  ep  28: R(t)=0.914  acc1=72.28%  acc2=73.70%  ens=72.99%  (best 75.65 @ ep 26)  [6.7s]
  ep  29: R(t)=0.914  acc1=76.98%  acc2=76.92%  ens=76.95%  (best 76.95 @ ep 29)  [6.4s]
  ep  30: R(t)=0.914  acc1=74.29%  acc2=78.23%  ens=76.26%  (best 76.95 @ ep 29)  [10.0s]  [sel1+2: prec=0.938, recall_clean=0.965]
  ep  31: R(t)=0.914  acc1=79.38%  acc2=75.87%  ens=77.62%  (best 77.62 @ ep 31)  [6.6s]
  ep  32: R(t)=0.914  acc1=74.04%  acc2=75.29%  ens=74.67%  (best 77.62 @ ep 31)  [13.8s]
  ep  33: R(t)=0.914  acc1=71.87%  acc2=75.83%  ens=73.85%  (best 77.62 @ ep 31)  [16.6s]
  ep  34: R(t)=0.914  acc1=75.34%  acc2=76.90%  ens=76.12%  (best 77.62 @ ep 31)  [18.0s]
  ep  35: R(t)=0.914  acc1=75.12%  acc2=77.30%  ens=76.21%  (best 77.62 @ ep 31)  [17.5s]
  ep  36: R(t)=0.914  acc1=74.01%  acc2=72.66%  ens=73.33%  (best 77.62 @ ep 31)  [17.5s]
  ep  37: R(t)=0.914  acc1=79.54%  acc2=76.55%  ens=78.05%  (best 78.05 @ ep 37)  [19.4s]
  ep  38: R(t)=0.914  acc1=78.40%  acc2=78.33%  ens=78.36%  (best 78.36 @ ep 38)  [16.7s]
  ep  39: R(t)=0.914  acc1=77.69%  acc2=79.28%  ens=78.48%  (best 78.48 @ ep 39)  [17.6s]
  ep  40: R(t)=0.914  acc1=76.68%  acc2=72.21%  ens=74.45%  (best 78.48 @ ep 39)  [17.3s]
  ep  41: R(t)=0.914  acc1=79.04%  acc2=78.86%  ens=78.95%  (best 78.95 @ ep 41)  [8.9s]
  ep  42: R(t)=0.914  acc1=76.25%  acc2=80.29%  ens=78.27%  (best 78.95 @ ep 41)  [6.7s]
  ep  43: R(t)=0.914  acc1=76.74%  acc2=73.47%  ens=75.11%  (best 78.95 @ ep 41)  [6.5s]
  ep  44: R(t)=0.914  acc1=77.61%  acc2=73.68%  ens=75.65%  (best 78.95 @ ep 41)  [6.7s]
  ep  45: R(t)=0.914  acc1=76.07%  acc2=73.89%  ens=74.98%  (best 78.95 @ ep 41)  [6.7s]
  ep  46: R(t)=0.914  acc1=77.16%  acc2=77.37%  ens=77.27%  (best 78.95 @ ep 41)  [6.3s]
  ep  47: R(t)=0.914  acc1=79.44%  acc2=77.85%  ens=78.64%  (best 78.95 @ ep 41)  [6.5s]
  ep  48: R(t)=0.914  acc1=78.17%  acc2=79.11%  ens=78.64%  (best 78.95 @ ep 41)  [6.5s]
  ep  49: R(t)=0.914  acc1=79.44%  acc2=72.96%  ens=76.20%  (best 78.95 @ ep 41)  [6.6s]
  ep  50: R(t)=0.914  acc1=75.64%  acc2=78.49%  ens=77.07%  (best 78.95 @ ep 41)  [16.4s]  [sel1+2: prec=0.940, recall_clean=0.967]
  ep  51: R(t)=0.914  acc1=81.10%  acc2=81.34%  ens=81.22%  (best 81.22 @ ep 51)  [17.5s]
  ep  52: R(t)=0.914  acc1=77.05%  acc2=74.00%  ens=75.52%  (best 81.22 @ ep 51)  [17.4s]
  ep  53: R(t)=0.914  acc1=80.18%  acc2=77.77%  ens=78.97%  (best 81.22 @ ep 51)  [19.9s]
  ep  54: R(t)=0.914  acc1=81.59%  acc2=79.24%  ens=80.41%  (best 81.22 @ ep 51)  [17.6s]
  ep  55: R(t)=0.914  acc1=79.80%  acc2=81.43%  ens=80.62%  (best 81.22 @ ep 51)  [18.5s]
  ep  56: R(t)=0.914  acc1=78.53%  acc2=81.93%  ens=80.23%  (best 81.22 @ ep 51)  [17.8s]
  ep  57: R(t)=0.914  acc1=82.43%  acc2=80.60%  ens=81.52%  (best 81.52 @ ep 57)  [17.9s]
  ep  58: R(t)=0.914  acc1=82.09%  acc2=80.97%  ens=81.53%  (best 81.53 @ ep 58)  [17.0s]
  ep  59: R(t)=0.914  acc1=82.54%  acc2=81.17%  ens=81.86%  (best 81.86 @ ep 59)  [19.2s]
  ep  60: R(t)=0.914  acc1=80.31%  acc2=81.31%  ens=80.81%  (best 81.86 @ ep 59)  [18.1s]
  ep  61: R(t)=0.914  acc1=80.17%  acc2=82.32%  ens=81.25%  (best 81.86 @ ep 59)  [17.8s]
  ep  62: R(t)=0.914  acc1=81.57%  acc2=77.92%  ens=79.75%  (best 81.86 @ ep 59)  [17.9s]
  ep  63: R(t)=0.914  acc1=79.79%  acc2=82.56%  ens=81.17%  (best 81.86 @ ep 59)  [19.1s]
  ep  64: R(t)=0.914  acc1=82.54%  acc2=83.42%  ens=82.98%  (best 82.98 @ ep 64)  [17.4s]
  ep  65: R(t)=0.914  acc1=82.64%  acc2=81.24%  ens=81.94%  (best 82.98 @ ep 64)  [20.0s]
  ep  66: R(t)=0.914  acc1=82.38%  acc2=83.08%  ens=82.73%  (best 82.98 @ ep 64)  [17.6s]
  ep  67: R(t)=0.914  acc1=83.83%  acc2=81.74%  ens=82.78%  (best 82.98 @ ep 64)  [17.9s]
  ep  68: R(t)=0.914  acc1=84.95%  acc2=81.80%  ens=83.38%  (best 83.38 @ ep 68)  [18.8s]
  ep  69: R(t)=0.914  acc1=83.66%  acc2=83.59%  ens=83.62%  (best 83.62 @ ep 69)  [17.5s]
  ep  70: R(t)=0.914  acc1=83.99%  acc2=84.25%  ens=84.12%  (best 84.12 @ ep 70)  [17.6s]
  ep  71: R(t)=0.914  acc1=84.40%  acc2=82.67%  ens=83.53%  (best 84.12 @ ep 70)  [17.7s]
  ep  72: R(t)=0.914  acc1=84.45%  acc2=83.41%  ens=83.93%  (best 84.12 @ ep 70)  [12.7s]
  ep  73: R(t)=0.914  acc1=85.16%  acc2=84.24%  ens=84.70%  (best 84.70 @ ep 73)  [6.9s]
  ep  74: R(t)=0.914  acc1=84.05%  acc2=84.09%  ens=84.07%  (best 84.70 @ ep 73)  [6.6s]
  ep  75: R(t)=0.914  acc1=85.98%  acc2=84.81%  ens=85.39%  (best 85.39 @ ep 75)  [10.4s]  [sel1+2: prec=0.945, recall_clean=0.967]
  ep  76: R(t)=0.914  acc1=85.48%  acc2=85.70%  ens=85.59%  (best 85.59 @ ep 76)  [6.4s]
  ep  77: R(t)=0.914  acc1=85.62%  acc2=85.29%  ens=85.45%  (best 85.59 @ ep 76)  [6.3s]
  ep  78: R(t)=0.914  acc1=85.02%  acc2=85.59%  ens=85.30%  (best 85.59 @ ep 76)  [6.3s]
  ep  79: R(t)=0.914  acc1=85.97%  acc2=86.08%  ens=86.02%  (best 86.02 @ ep 79)  [6.9s]
  ep  80: R(t)=0.914  acc1=86.03%  acc2=86.42%  ens=86.22%  (best 86.22 @ ep 80)  [6.6s]
  ep  81: R(t)=0.914  acc1=86.10%  acc2=86.09%  ens=86.09%  (best 86.22 @ ep 80)  [17.3s]
  ep  82: R(t)=0.914  acc1=86.17%  acc2=86.44%  ens=86.30%  (best 86.30 @ ep 82)  [17.8s]
  ep  83: R(t)=0.914  acc1=85.72%  acc2=86.67%  ens=86.19%  (best 86.30 @ ep 82)  [19.0s]
  ep  84: R(t)=0.914  acc1=86.09%  acc2=85.99%  ens=86.04%  (best 86.30 @ ep 82)  [19.1s]
  ep  85: R(t)=0.914  acc1=86.33%  acc2=86.49%  ens=86.41%  (best 86.41 @ ep 85)  [19.1s]
  ep  86: R(t)=0.914  acc1=86.36%  acc2=86.95%  ens=86.66%  (best 86.66 @ ep 86)  [18.2s]
  ep  87: R(t)=0.914  acc1=86.48%  acc2=87.00%  ens=86.74%  (best 86.74 @ ep 87)  [16.8s]
  ep  88: R(t)=0.914  acc1=86.77%  acc2=86.66%  ens=86.72%  (best 86.74 @ ep 87)  [19.1s]
  ep  89: R(t)=0.914  acc1=86.72%  acc2=86.65%  ens=86.69%  (best 86.74 @ ep 87)  [17.7s]
  ep  90: R(t)=0.914  acc1=86.96%  acc2=86.89%  ens=86.93%  (best 86.93 @ ep 90)  [17.5s]
  ep  91: R(t)=0.914  acc1=87.07%  acc2=86.97%  ens=87.02%  (best 87.02 @ ep 91)  [18.0s]
  ep  92: R(t)=0.914  acc1=86.70%  acc2=86.96%  ens=86.83%  (best 87.02 @ ep 91)  [18.1s]
  ep  93: R(t)=0.914  acc1=87.02%  acc2=86.97%  ens=87.00%  (best 87.02 @ ep 91)  [17.8s]
  ep  94: R(t)=0.914  acc1=86.90%  acc2=87.05%  ens=86.98%  (best 87.02 @ ep 91)  [18.2s]
  ep  95: R(t)=0.914  acc1=87.12%  acc2=86.96%  ens=87.04%  (best 87.04 @ ep 95)  [16.6s]
  ep  96: R(t)=0.914  acc1=87.20%  acc2=87.07%  ens=87.14%  (best 87.14 @ ep 96)  [16.1s]
  ep  97: R(t)=0.914  acc1=87.13%  acc2=86.97%  ens=87.05%  (best 87.14 @ ep 96)  [17.2s]
  ep  98: R(t)=0.914  acc1=87.01%  acc2=86.89%  ens=86.95%  (best 87.14 @ ep 96)  [17.2s]
  ep  99: R(t)=0.914  acc1=87.14%  acc2=87.03%  ens=87.08%  (best 87.14 @ ep 96)  [23.0s]  [sel1+2: prec=0.947, recall_clean=0.964]

saved /path/to/ciln-workspace/journal_edition/robustness_transfer/results_v4/coteaching/ours_v2_clean__defocus_blur_sev1__seed1.json: best ens-acc 87.14% @ ep 96
