condition=ours_v2_clean__defocus_blur_sev1 seed=1 gpu=1
/path/to/ciln-workspace/venv/lib/python3.12/site-packages/torchvision/datasets/cifar.py:83: VisibleDeprecationWarning: dtype(): align should be passed as Python or NumPy boolean but got `align=0`. Did you mean to pass a tuple to create a subarray type? (Deprecated NumPy 2.4)
  entry = pickle.load(f, encoding="latin1")
image_source=clean  N_train=22500  noise_rate=8.62%
  ep   0: acc1=37.11%  acc2=40.04%  ens=38.57%  (best 38.57 @ ep 0)  [8.7s]
  ep   1: acc1=47.77%  acc2=49.47%  ens=48.62%  (best 48.62 @ ep 1)  [7.5s]
  ep   2: acc1=58.85%  acc2=55.17%  ens=57.01%  (best 57.01 @ ep 2)  [7.9s]
  ep   3: acc1=60.98%  acc2=54.98%  ens=57.98%  (best 57.98 @ ep 3)  [8.2s]
  ep   4: acc1=60.48%  acc2=62.90%  ens=61.69%  (best 61.69 @ ep 4)  [7.8s]
  ep   5: acc1=58.96%  acc2=66.78%  ens=62.87%  (best 62.87 @ ep 5)  [11.9s]  [w on clean=0.700, on noisy=0.334]
  ep   6: acc1=61.56%  acc2=71.94%  ens=66.75%  (best 66.75 @ ep 6)  [10.8s]
  ep   7: acc1=69.79%  acc2=57.66%  ens=63.73%  (best 66.75 @ ep 6)  [26.8s]
  ep   8: acc1=72.88%  acc2=66.29%  ens=69.59%  (best 69.59 @ ep 8)  [7.4s]
  ep   9: acc1=70.15%  acc2=73.55%  ens=71.85%  (best 71.85 @ ep 9)  [7.7s]
  ep  10: acc1=49.90%  acc2=34.45%  ens=42.17%  (best 71.85 @ ep 9)  [49.8s]  [w on clean=0.679, on noisy=0.394]
  ep  11: acc1=30.07%  acc2=27.18%  ens=28.62%  (best 71.85 @ ep 9)  [41.8s]
  ep  12: acc1=24.72%  acc2=28.96%  ens=26.84%  (best 71.85 @ ep 9)  [29.8s]
  ep  13: acc1=37.59%  acc2=37.72%  ens=37.66%  (best 71.85 @ ep 9)  [33.6s]
  ep  14: acc1=45.68%  acc2=33.60%  ens=39.64%  (best 71.85 @ ep 9)  [41.3s]
  ep  15: acc1=44.52%  acc2=35.08%  ens=39.80%  (best 71.85 @ ep 9)  [106.5s]
  ep  16: acc1=44.48%  acc2=36.28%  ens=40.38%  (best 71.85 @ ep 9)  [49.8s]
  ep  17: acc1=52.01%  acc2=47.97%  ens=49.99%  (best 71.85 @ ep 9)  [176.1s]
  ep  18: acc1=50.59%  acc2=49.32%  ens=49.96%  (best 71.85 @ ep 9)  [38.8s]
  ep  19: acc1=49.23%  acc2=48.00%  ens=48.61%  (best 71.85 @ ep 9)  [188.9s]
  ep  20: acc1=50.04%  acc2=42.69%  ens=46.37%  (best 71.85 @ ep 9)  [42.3s]  [w on clean=0.803, on noisy=0.624]
  ep  21: acc1=51.38%  acc2=47.89%  ens=49.63%  (best 71.85 @ ep 9)  [72.3s]
  ep  22: acc1=53.74%  acc2=50.04%  ens=51.89%  (best 71.85 @ ep 9)  [103.6s]
  ep  23: acc1=51.10%  acc2=49.03%  ens=50.07%  (best 71.85 @ ep 9)  [39.2s]
  ep  24: acc1=46.94%  acc2=49.12%  ens=48.03%  (best 71.85 @ ep 9)  [131.1s]
  ep  25: acc1=53.95%  acc2=50.05%  ens=52.00%  (best 71.85 @ ep 9)  [40.0s]
  ep  26: acc1=45.96%  acc2=50.15%  ens=48.05%  (best 71.85 @ ep 9)  [39.7s]
  ep  27: acc1=53.96%  acc2=49.54%  ens=51.75%  (best 71.85 @ ep 9)  [109.1s]
  ep  28: acc1=46.22%  acc2=49.36%  ens=47.79%  (best 71.85 @ ep 9)  [40.5s]
  ep  29: acc1=51.90%  acc2=51.78%  ens=51.84%  (best 71.85 @ ep 9)  [116.9s]
  ep  30: acc1=50.62%  acc2=42.40%  ens=46.51%  (best 71.85 @ ep 9)  [44.2s]  [w on clean=0.805, on noisy=0.621]
  ep  31: acc1=49.05%  acc2=47.97%  ens=48.51%  (best 71.85 @ ep 9)  [98.2s]
  ep  32: acc1=49.25%  acc2=51.68%  ens=50.47%  (best 71.85 @ ep 9)  [62.9s]
  ep  33: acc1=52.16%  acc2=49.25%  ens=50.70%  (best 71.85 @ ep 9)  [41.0s]
  ep  34: acc1=47.72%  acc2=50.02%  ens=48.87%  (best 71.85 @ ep 9)  [83.7s]
  ep  35: acc1=47.83%  acc2=47.33%  ens=47.58%  (best 71.85 @ ep 9)  [39.5s]
  ep  36: acc1=45.20%  acc2=47.21%  ens=46.20%  (best 71.85 @ ep 9)  [92.4s]
  ep  37: acc1=51.45%  acc2=48.00%  ens=49.72%  (best 71.85 @ ep 9)  [63.9s]
  ep  38: acc1=44.81%  acc2=47.64%  ens=46.23%  (best 71.85 @ ep 9)  [39.5s]
  ep  39: acc1=51.02%  acc2=48.76%  ens=49.89%  (best 71.85 @ ep 9)  [38.8s]
  ep  40: acc1=48.49%  acc2=46.55%  ens=47.52%  (best 71.85 @ ep 9)  [39.8s]
  ep  41: acc1=52.43%  acc2=50.95%  ens=51.69%  (best 71.85 @ ep 9)  [45.0s]
  ep  42: acc1=50.24%  acc2=40.51%  ens=45.38%  (best 71.85 @ ep 9)  [57.1s]
  ep  43: acc1=46.67%  acc2=45.96%  ens=46.31%  (best 71.85 @ ep 9)  [42.1s]
  ep  44: acc1=49.40%  acc2=51.44%  ens=50.42%  (best 71.85 @ ep 9)  [179.7s]
  ep  45: acc1=48.35%  acc2=50.27%  ens=49.31%  (best 71.85 @ ep 9)  [40.8s]
  ep  46: acc1=51.80%  acc2=52.81%  ens=52.30%  (best 71.85 @ ep 9)  [44.8s]
  ep  47: acc1=52.72%  acc2=49.90%  ens=51.31%  (best 71.85 @ ep 9)  [45.3s]
  ep  48: acc1=50.01%  acc2=53.95%  ens=51.98%  (best 71.85 @ ep 9)  [38.8s]
  ep  49: acc1=50.07%  acc2=50.89%  ens=50.48%  (best 71.85 @ ep 9)  [52.1s]
  ep  50: acc1=50.63%  acc2=51.66%  ens=51.14%  (best 71.85 @ ep 9)  [93.2s]  [w on clean=0.808, on noisy=0.639]
  ep  51: acc1=50.91%  acc2=52.04%  ens=51.48%  (best 71.85 @ ep 9)  [47.0s]
  ep  52: acc1=54.20%  acc2=50.91%  ens=52.55%  (best 71.85 @ ep 9)  [194.4s]
  ep  53: acc1=49.78%  acc2=52.01%  ens=50.90%  (best 71.85 @ ep 9)  [40.5s]
  ep  54: acc1=52.44%  acc2=53.43%  ens=52.94%  (best 71.85 @ ep 9)  [62.7s]
  ep  55: acc1=54.78%  acc2=51.57%  ens=53.17%  (best 71.85 @ ep 9)  [43.4s]
  ep  56: acc1=52.23%  acc2=50.12%  ens=51.17%  (best 71.85 @ ep 9)  [38.8s]
  ep  57: acc1=54.45%  acc2=52.37%  ens=53.41%  (best 71.85 @ ep 9)  [114.3s]
  ep  58: acc1=54.44%  acc2=51.35%  ens=52.90%  (best 71.85 @ ep 9)  [39.7s]
  ep  59: acc1=55.51%  acc2=51.24%  ens=53.37%  (best 71.85 @ ep 9)  [222.9s]
  ep  60: acc1=55.44%  acc2=50.51%  ens=52.97%  (best 71.85 @ ep 9)  [39.4s]
  ep  61: acc1=53.14%  acc2=53.27%  ens=53.20%  (best 71.85 @ ep 9)  [141.9s]
  ep  62: acc1=51.35%  acc2=54.37%  ens=52.86%  (best 71.85 @ ep 9)  [40.4s]
  ep  63: acc1=56.66%  acc2=53.58%  ens=55.12%  (best 71.85 @ ep 9)  [56.3s]
  ep  64: acc1=56.23%  acc2=53.27%  ens=54.75%  (best 71.85 @ ep 9)  [45.2s]
  ep  65: acc1=55.11%  acc2=54.48%  ens=54.79%  (best 71.85 @ ep 9)  [39.5s]
  ep  66: acc1=55.55%  acc2=55.44%  ens=55.50%  (best 71.85 @ ep 9)  [86.4s]
  ep  67: acc1=52.17%  acc2=53.65%  ens=52.91%  (best 71.85 @ ep 9)  [38.3s]
  ep  68: acc1=54.53%  acc2=55.10%  ens=54.82%  (best 71.85 @ ep 9)  [110.7s]
  ep  69: acc1=54.79%  acc2=54.64%  ens=54.72%  (best 71.85 @ ep 9)  [79.2s]
  ep  70: acc1=55.54%  acc2=54.68%  ens=55.11%  (best 71.85 @ ep 9)  [40.0s]
  ep  71: acc1=54.12%  acc2=54.81%  ens=54.47%  (best 71.85 @ ep 9)  [196.8s]
  ep  72: acc1=56.61%  acc2=56.87%  ens=56.74%  (best 71.85 @ ep 9)  [38.5s]
  ep  73: acc1=55.04%  acc2=55.69%  ens=55.36%  (best 71.85 @ ep 9)  [99.6s]
  ep  74: acc1=56.65%  acc2=56.72%  ens=56.69%  (best 71.85 @ ep 9)  [40.7s]
  ep  75: acc1=57.12%  acc2=53.72%  ens=55.42%  (best 71.85 @ ep 9)  [275.6s]  [w on clean=0.809, on noisy=0.639]
  ep  76: acc1=57.00%  acc2=55.02%  ens=56.01%  (best 71.85 @ ep 9)  [39.0s]
  ep  77: acc1=54.58%  acc2=56.19%  ens=55.38%  (best 71.85 @ ep 9)  [64.5s]
  ep  78: acc1=56.73%  acc2=54.49%  ens=55.61%  (best 71.85 @ ep 9)  [45.7s]
  ep  79: acc1=56.78%  acc2=56.57%  ens=56.67%  (best 71.85 @ ep 9)  [41.1s]
  ep  80: acc1=58.03%  acc2=56.71%  ens=57.37%  (best 71.85 @ ep 9)  [47.8s]
  ep  81: acc1=56.73%  acc2=56.36%  ens=56.55%  (best 71.85 @ ep 9)  [38.2s]
  ep  82: acc1=56.96%  acc2=56.49%  ens=56.73%  (best 71.85 @ ep 9)  [40.9s]
  ep  83: acc1=56.62%  acc2=57.01%  ens=56.82%  (best 71.85 @ ep 9)  [72.1s]
  ep  84: acc1=56.51%  acc2=56.04%  ens=56.28%  (best 71.85 @ ep 9)  [40.2s]
  ep  85: acc1=57.04%  acc2=55.36%  ens=56.20%  (best 71.85 @ ep 9)  [47.1s]
  ep  86: acc1=57.29%  acc2=56.47%  ens=56.88%  (best 71.85 @ ep 9)  [42.4s]
  ep  87: acc1=56.32%  acc2=55.72%  ens=56.02%  (best 71.85 @ ep 9)  [39.3s]
  ep  88: acc1=55.94%  acc2=56.32%  ens=56.13%  (best 71.85 @ ep 9)  [156.1s]
  ep  89: acc1=57.61%  acc2=57.18%  ens=57.39%  (best 71.85 @ ep 9)  [40.2s]
  ep  90: acc1=57.04%  acc2=57.08%  ens=57.06%  (best 71.85 @ ep 9)  [125.0s]
  ep  91: acc1=57.95%  acc2=56.98%  ens=57.46%  (best 71.85 @ ep 9)  [39.0s]
  ep  92: acc1=57.27%  acc2=56.89%  ens=57.08%  (best 71.85 @ ep 9)  [115.9s]
  ep  93: acc1=57.11%  acc2=56.80%  ens=56.95%  (best 71.85 @ ep 9)  [38.8s]
  ep  94: acc1=56.70%  acc2=56.88%  ens=56.79%  (best 71.85 @ ep 9)  [53.4s]
  ep  95: acc1=56.93%  acc2=56.82%  ens=56.88%  (best 71.85 @ ep 9)  [79.5s]
  ep  96: acc1=57.56%  acc2=57.69%  ens=57.62%  (best 71.85 @ ep 9)  [41.2s]
  ep  97: acc1=57.68%  acc2=56.77%  ens=57.22%  (best 71.85 @ ep 9)  [62.6s]
  ep  98: acc1=57.69%  acc2=56.85%  ens=57.27%  (best 71.85 @ ep 9)  [41.5s]
  ep  99: acc1=57.78%  acc2=57.25%  ens=57.52%  (best 71.85 @ ep 9)  [44.3s]  [w on clean=0.809, on noisy=0.638]

saved /path/to/ciln-workspace/journal_edition/robustness_transfer/results_v4/dividemix/ours_v2_clean__defocus_blur_sev1__seed1.json: best ens-acc 71.85% @ ep 9
