condition=ours_v2_clean__pixelate_sev1 seed=1 gpu=1
/path/to/ciln-workspace/venv/lib/python3.12/site-packages/torchvision/datasets/cifar.py:83: VisibleDeprecationWarning: dtype(): align should be passed as Python or NumPy boolean but got `align=0`. Did you mean to pass a tuple to create a subarray type? (Deprecated NumPy 2.4)
  entry = pickle.load(f, encoding="latin1")
image_source=clean  N_train=22500  noise_rate=11.68%
  ep   0: acc1=31.76%  acc2=35.40%  ens=33.58%  (best 33.58 @ ep 0)  [8.4s]
  ep   1: acc1=47.86%  acc2=51.30%  ens=49.58%  (best 49.58 @ ep 1)  [7.6s]
  ep   2: acc1=56.86%  acc2=57.92%  ens=57.39%  (best 57.39 @ ep 2)  [7.4s]
  ep   3: acc1=61.88%  acc2=50.70%  ens=56.29%  (best 57.39 @ ep 2)  [7.6s]
  ep   4: acc1=59.11%  acc2=58.88%  ens=58.99%  (best 58.99 @ ep 4)  [7.9s]
  ep   5: acc1=64.27%  acc2=62.66%  ens=63.47%  (best 63.47 @ ep 5)  [19.5s]  [w on clean=0.791, on noisy=0.432]
  ep   6: acc1=63.47%  acc2=64.75%  ens=64.11%  (best 64.11 @ ep 6)  [8.0s]
  ep   7: acc1=71.10%  acc2=61.90%  ens=66.50%  (best 66.50 @ ep 7)  [7.3s]
  ep   8: acc1=69.26%  acc2=67.81%  ens=68.53%  (best 68.53 @ ep 8)  [7.4s]
  ep   9: acc1=70.18%  acc2=69.06%  ens=69.62%  (best 69.62 @ ep 9)  [7.6s]
  ep  10: acc1=47.92%  acc2=40.43%  ens=44.17%  (best 69.62 @ ep 9)  [117.8s]  [w on clean=0.656, on noisy=0.382]
  ep  11: acc1=36.96%  acc2=34.75%  ens=35.85%  (best 69.62 @ ep 9)  [31.4s]
  ep  12: acc1=36.40%  acc2=35.13%  ens=35.77%  (best 69.62 @ ep 9)  [57.0s]
  ep  13: acc1=36.36%  acc2=38.00%  ens=37.18%  (best 69.62 @ ep 9)  [38.8s]
  ep  14: acc1=42.38%  acc2=42.81%  ens=42.59%  (best 69.62 @ ep 9)  [108.3s]
  ep  15: acc1=44.34%  acc2=43.22%  ens=43.78%  (best 69.62 @ ep 9)  [40.9s]
  ep  16: acc1=38.20%  acc2=38.32%  ens=38.26%  (best 69.62 @ ep 9)  [67.7s]
  ep  17: acc1=42.37%  acc2=36.31%  ens=39.34%  (best 69.62 @ ep 9)  [42.3s]
  ep  18: acc1=37.34%  acc2=43.68%  ens=40.51%  (best 69.62 @ ep 9)  [41.2s]
  ep  19: acc1=43.64%  acc2=38.34%  ens=40.99%  (best 69.62 @ ep 9)  [107.5s]
  ep  20: acc1=43.90%  acc2=41.91%  ens=42.91%  (best 69.62 @ ep 9)  [51.8s]  [w on clean=0.816, on noisy=0.756]
  ep  21: acc1=40.79%  acc2=44.28%  ens=42.54%  (best 69.62 @ ep 9)  [161.6s]
  ep  22: acc1=44.64%  acc2=36.31%  ens=40.48%  (best 69.62 @ ep 9)  [117.2s]
  ep  23: acc1=43.69%  acc2=43.61%  ens=43.65%  (best 69.62 @ ep 9)  [112.9s]
  ep  24: acc1=45.13%  acc2=41.76%  ens=43.45%  (best 69.62 @ ep 9)  [65.0s]
  ep  25: acc1=45.38%  acc2=46.11%  ens=45.75%  (best 69.62 @ ep 9)  [39.9s]
  ep  26: acc1=42.83%  acc2=41.13%  ens=41.98%  (best 69.62 @ ep 9)  [161.9s]
  ep  27: acc1=41.10%  acc2=43.29%  ens=42.20%  (best 69.62 @ ep 9)  [40.6s]
  ep  28: acc1=43.70%  acc2=40.63%  ens=42.16%  (best 69.62 @ ep 9)  [49.8s]
  ep  29: acc1=43.59%  acc2=41.32%  ens=42.45%  (best 69.62 @ ep 9)  [160.0s]
  ep  30: acc1=43.53%  acc2=35.92%  ens=39.73%  (best 69.62 @ ep 9)  [42.8s]  [w on clean=0.816, on noisy=0.759]
  ep  31: acc1=44.90%  acc2=44.18%  ens=44.54%  (best 69.62 @ ep 9)  [198.0s]
  ep  32: acc1=48.29%  acc2=47.37%  ens=47.83%  (best 69.62 @ ep 9)  [39.4s]
  ep  33: acc1=49.83%  acc2=46.28%  ens=48.06%  (best 69.62 @ ep 9)  [118.8s]
  ep  34: acc1=49.81%  acc2=48.02%  ens=48.91%  (best 69.62 @ ep 9)  [46.8s]
  ep  35: acc1=48.46%  acc2=46.55%  ens=47.50%  (best 69.62 @ ep 9)  [102.6s]
  ep  36: acc1=50.85%  acc2=48.28%  ens=49.56%  (best 69.62 @ ep 9)  [43.0s]
  ep  37: acc1=48.75%  acc2=48.05%  ens=48.40%  (best 69.62 @ ep 9)  [41.8s]
  ep  38: acc1=44.19%  acc2=47.34%  ens=45.77%  (best 69.62 @ ep 9)  [113.2s]
  ep  39: acc1=48.78%  acc2=45.28%  ens=47.03%  (best 69.62 @ ep 9)  [42.6s]
  ep  40: acc1=46.85%  acc2=46.74%  ens=46.79%  (best 69.62 @ ep 9)  [39.6s]
  ep  41: acc1=50.22%  acc2=47.95%  ens=49.09%  (best 69.62 @ ep 9)  [100.1s]
  ep  42: acc1=49.76%  acc2=49.81%  ens=49.79%  (best 69.62 @ ep 9)  [40.3s]
  ep  43: acc1=52.03%  acc2=51.16%  ens=51.59%  (best 69.62 @ ep 9)  [70.8s]
  ep  44: acc1=52.01%  acc2=50.74%  ens=51.37%  (best 69.62 @ ep 9)  [86.0s]
  ep  45: acc1=48.70%  acc2=48.01%  ens=48.36%  (best 69.62 @ ep 9)  [43.9s]
  ep  46: acc1=49.63%  acc2=47.13%  ens=48.38%  (best 69.62 @ ep 9)  [187.0s]
  ep  47: acc1=48.85%  acc2=47.20%  ens=48.02%  (best 69.62 @ ep 9)  [40.1s]
  ep  48: acc1=50.10%  acc2=45.59%  ens=47.85%  (best 69.62 @ ep 9)  [120.8s]
  ep  49: acc1=48.47%  acc2=48.55%  ens=48.51%  (best 69.62 @ ep 9)  [59.8s]
  ep  50: acc1=50.09%  acc2=48.37%  ens=49.23%  (best 69.62 @ ep 9)  [42.9s]  [w on clean=0.816, on noisy=0.760]
  ep  51: acc1=52.04%  acc2=50.75%  ens=51.39%  (best 69.62 @ ep 9)  [101.9s]
  ep  52: acc1=49.35%  acc2=51.42%  ens=50.39%  (best 69.62 @ ep 9)  [44.1s]
  ep  53: acc1=51.99%  acc2=51.07%  ens=51.53%  (best 69.62 @ ep 9)  [47.5s]
  ep  54: acc1=52.46%  acc2=51.85%  ens=52.15%  (best 69.62 @ ep 9)  [61.0s]
  ep  55: acc1=52.50%  acc2=50.03%  ens=51.27%  (best 69.62 @ ep 9)  [40.9s]
  ep  56: acc1=53.09%  acc2=51.15%  ens=52.12%  (best 69.62 @ ep 9)  [51.1s]
  ep  57: acc1=51.42%  acc2=52.43%  ens=51.92%  (best 69.62 @ ep 9)  [105.9s]
  ep  58: acc1=52.63%  acc2=51.43%  ens=52.03%  (best 69.62 @ ep 9)  [288.7s]
  ep  59: acc1=53.99%  acc2=50.59%  ens=52.29%  (best 69.62 @ ep 9)  [40.7s]
  ep  60: acc1=52.86%  acc2=51.71%  ens=52.29%  (best 69.62 @ ep 9)  [115.7s]
  ep  61: acc1=52.24%  acc2=52.27%  ens=52.26%  (best 69.62 @ ep 9)  [56.9s]
  ep  62: acc1=53.28%  acc2=53.07%  ens=53.17%  (best 69.62 @ ep 9)  [49.3s]
  ep  63: acc1=54.37%  acc2=53.50%  ens=53.94%  (best 69.62 @ ep 9)  [186.5s]
  ep  64: acc1=54.14%  acc2=52.43%  ens=53.29%  (best 69.62 @ ep 9)  [43.5s]
  ep  65: acc1=54.83%  acc2=52.61%  ens=53.72%  (best 69.62 @ ep 9)  [53.9s]
  ep  66: acc1=53.40%  acc2=53.97%  ens=53.69%  (best 69.62 @ ep 9)  [54.3s]
  ep  67: acc1=53.98%  acc2=53.42%  ens=53.70%  (best 69.62 @ ep 9)  [40.3s]
  ep  68: acc1=55.18%  acc2=53.36%  ens=54.27%  (best 69.62 @ ep 9)  [62.8s]
  ep  69: acc1=53.74%  acc2=53.25%  ens=53.50%  (best 69.62 @ ep 9)  [43.7s]
  ep  70: acc1=54.23%  acc2=53.16%  ens=53.70%  (best 69.62 @ ep 9)  [45.4s]
  ep  71: acc1=55.35%  acc2=56.28%  ens=55.81%  (best 69.62 @ ep 9)  [62.1s]
  ep  72: acc1=55.17%  acc2=51.97%  ens=53.57%  (best 69.62 @ ep 9)  [39.9s]
  ep  73: acc1=54.37%  acc2=54.09%  ens=54.23%  (best 69.62 @ ep 9)  [44.0s]
  ep  74: acc1=54.86%  acc2=54.64%  ens=54.75%  (best 69.62 @ ep 9)  [41.0s]
  ep  75: acc1=55.96%  acc2=54.26%  ens=55.11%  (best 69.62 @ ep 9)  [42.6s]  [w on clean=0.817, on noisy=0.761]
  ep  76: acc1=55.72%  acc2=55.21%  ens=55.47%  (best 69.62 @ ep 9)  [217.7s]
  ep  77: acc1=55.63%  acc2=54.61%  ens=55.12%  (best 69.62 @ ep 9)  [42.8s]
  ep  78: acc1=54.33%  acc2=54.63%  ens=54.48%  (best 69.62 @ ep 9)  [64.2s]
  ep  79: acc1=55.96%  acc2=55.76%  ens=55.86%  (best 69.62 @ ep 9)  [159.3s]
  ep  80: acc1=56.75%  acc2=54.64%  ens=55.70%  (best 69.62 @ ep 9)  [40.1s]
  ep  81: acc1=55.39%  acc2=55.35%  ens=55.37%  (best 69.62 @ ep 9)  [53.6s]
  ep  82: acc1=55.82%  acc2=54.75%  ens=55.29%  (best 69.62 @ ep 9)  [73.8s]
  ep  83: acc1=56.29%  acc2=55.70%  ens=55.99%  (best 69.62 @ ep 9)  [114.1s]
  ep  84: acc1=57.08%  acc2=54.92%  ens=56.00%  (best 69.62 @ ep 9)  [42.4s]
  ep  85: acc1=56.09%  acc2=55.79%  ens=55.94%  (best 69.62 @ ep 9)  [39.9s]
  ep  86: acc1=56.43%  acc2=55.52%  ens=55.97%  (best 69.62 @ ep 9)  [41.5s]
  ep  87: acc1=55.48%  acc2=55.84%  ens=55.66%  (best 69.62 @ ep 9)  [70.0s]
  ep  88: acc1=56.26%  acc2=55.10%  ens=55.68%  (best 69.62 @ ep 9)  [51.3s]
  ep  89: acc1=57.34%  acc2=56.35%  ens=56.84%  (best 69.62 @ ep 9)  [106.4s]
  ep  90: acc1=56.87%  acc2=56.61%  ens=56.74%  (best 69.62 @ ep 9)  [40.5s]
  ep  91: acc1=56.93%  acc2=55.62%  ens=56.28%  (best 69.62 @ ep 9)  [86.4s]
  ep  92: acc1=56.20%  acc2=56.51%  ens=56.35%  (best 69.62 @ ep 9)  [41.3s]
  ep  93: acc1=56.86%  acc2=56.39%  ens=56.62%  (best 69.62 @ ep 9)  [39.6s]
  ep  94: acc1=56.32%  acc2=56.36%  ens=56.34%  (best 69.62 @ ep 9)  [116.2s]
  ep  95: acc1=56.47%  acc2=56.39%  ens=56.43%  (best 69.62 @ ep 9)  [39.1s]
  ep  96: acc1=56.66%  acc2=56.71%  ens=56.69%  (best 69.62 @ ep 9)  [45.9s]
  ep  97: acc1=56.69%  acc2=56.75%  ens=56.72%  (best 69.62 @ ep 9)  [166.5s]
  ep  98: acc1=56.68%  acc2=56.40%  ens=56.54%  (best 69.62 @ ep 9)  [40.5s]
  ep  99: acc1=56.84%  acc2=56.41%  ens=56.62%  (best 69.62 @ ep 9)  [44.7s]  [w on clean=0.816, on noisy=0.759]

saved /path/to/ciln-workspace/journal_edition/robustness_transfer/results_v4/dividemix/ours_v2_clean__pixelate_sev1__seed1.json: best ens-acc 69.62% @ ep 9
