condition=ours_v2_clean__glass_blur_sev3 seed=0 gpu=1
/path/to/ciln-workspace/venv/lib/python3.12/site-packages/torchvision/datasets/cifar.py:83: VisibleDeprecationWarning: dtype(): align should be passed as Python or NumPy boolean but got `align=0`. Did you mean to pass a tuple to create a subarray type? (Deprecated NumPy 2.4)
  entry = pickle.load(f, encoding="latin1")
image_source=clean  N=22500  noise_rate=64.68%
  ep   0: loss=1.7247  test_acc=17.04%  (best 17.04 @ ep 0)  [4.6s]
  ep   1: loss=1.6061  test_acc=17.60%  (best 17.60 @ ep 1)  [3.5s]
  ep   2: loss=1.5650  test_acc=27.63%  (best 27.63 @ ep 2)  [3.5s]
  ep   3: loss=1.5283  test_acc=25.07%  (best 27.63 @ ep 2)  [3.5s]
  ep   4: loss=1.4978  test_acc=22.80%  (best 27.63 @ ep 2)  [3.7s]
  ep   5: loss=1.4740  test_acc=24.96%  (best 27.63 @ ep 2)  [5.3s]  [logged per-sample loss: mean=1.467]
  ep   6: loss=1.4600  test_acc=23.37%  (best 27.63 @ ep 2)  [3.7s]
  ep   7: loss=1.4464  test_acc=23.17%  (best 27.63 @ ep 2)  [3.7s]
  ep   8: loss=1.4407  test_acc=29.74%  (best 29.74 @ ep 8)  [3.5s]
  ep   9: loss=1.4273  test_acc=22.95%  (best 29.74 @ ep 8)  [3.8s]
  ep  10: loss=1.4198  test_acc=28.20%  (best 29.74 @ ep 8)  [5.5s]  [logged per-sample loss: mean=1.390]
  ep  11: loss=1.4087  test_acc=31.42%  (best 31.42 @ ep 11)  [3.6s]
  ep  12: loss=1.3971  test_acc=31.44%  (best 31.44 @ ep 12)  [4.2s]
  ep  13: loss=1.3951  test_acc=33.08%  (best 33.08 @ ep 13)  [9.0s]
  ep  14: loss=1.3897  test_acc=25.29%  (best 33.08 @ ep 13)  [9.2s]
  ep  15: loss=1.3904  test_acc=32.79%  (best 33.08 @ ep 13)  [9.1s]
  ep  16: loss=1.3846  test_acc=26.28%  (best 33.08 @ ep 13)  [9.6s]
  ep  17: loss=1.3814  test_acc=33.02%  (best 33.08 @ ep 13)  [9.3s]
  ep  18: loss=1.3760  test_acc=29.97%  (best 33.08 @ ep 13)  [9.0s]
  ep  19: loss=1.3746  test_acc=31.17%  (best 33.08 @ ep 13)  [8.4s]
  ep  20: loss=1.3714  test_acc=32.68%  (best 33.08 @ ep 13)  [11.4s]  [logged per-sample loss: mean=1.440]
  ep  21: loss=1.3689  test_acc=31.59%  (best 33.08 @ ep 13)  [8.6s]
  ep  22: loss=1.3570  test_acc=32.73%  (best 33.08 @ ep 13)  [9.9s]
  ep  23: loss=1.3605  test_acc=32.59%  (best 33.08 @ ep 13)  [10.1s]
  ep  24: loss=1.3542  test_acc=26.01%  (best 33.08 @ ep 13)  [8.9s]
  ep  25: loss=1.3535  test_acc=34.64%  (best 34.64 @ ep 25)  [9.0s]
  ep  26: loss=1.3473  test_acc=34.59%  (best 34.64 @ ep 25)  [9.1s]
  ep  27: loss=1.3487  test_acc=36.63%  (best 36.63 @ ep 27)  [9.3s]
  ep  28: loss=1.3428  test_acc=34.90%  (best 36.63 @ ep 27)  [7.3s]
  ep  29: loss=1.3414  test_acc=35.39%  (best 36.63 @ ep 27)  [3.7s]
  ep  30: loss=1.3362  test_acc=32.31%  (best 36.63 @ ep 27)  [5.7s]  [logged per-sample loss: mean=1.408]
  ep  31: loss=1.3365  test_acc=33.72%  (best 36.63 @ ep 27)  [3.5s]
  ep  32: loss=1.3278  test_acc=34.51%  (best 36.63 @ ep 27)  [3.6s]
  ep  33: loss=1.3307  test_acc=26.49%  (best 36.63 @ ep 27)  [3.9s]
  ep  34: loss=1.3245  test_acc=33.90%  (best 36.63 @ ep 27)  [3.6s]
  ep  35: loss=1.3184  test_acc=27.70%  (best 36.63 @ ep 27)  [3.7s]
  ep  36: loss=1.3165  test_acc=35.79%  (best 36.63 @ ep 27)  [3.6s]
  ep  37: loss=1.3122  test_acc=36.37%  (best 36.63 @ ep 27)  [3.6s]
  ep  38: loss=1.3077  test_acc=31.11%  (best 36.63 @ ep 27)  [3.7s]
  ep  39: loss=1.3089  test_acc=30.67%  (best 36.63 @ ep 27)  [4.1s]
  ep  40: loss=1.3065  test_acc=34.02%  (best 36.63 @ ep 27)  [3.8s]
  ep  41: loss=1.2965  test_acc=38.43%  (best 38.43 @ ep 41)  [3.6s]
  ep  42: loss=1.2947  test_acc=37.84%  (best 38.43 @ ep 41)  [3.5s]
  ep  43: loss=1.2899  test_acc=33.16%  (best 38.43 @ ep 41)  [3.7s]
  ep  44: loss=1.2862  test_acc=35.92%  (best 38.43 @ ep 41)  [4.0s]
  ep  45: loss=1.2825  test_acc=39.22%  (best 39.22 @ ep 45)  [8.2s]
  ep  46: loss=1.2824  test_acc=39.14%  (best 39.22 @ ep 45)  [8.1s]
  ep  47: loss=1.2768  test_acc=38.50%  (best 39.22 @ ep 45)  [8.4s]
  ep  48: loss=1.2734  test_acc=33.18%  (best 39.22 @ ep 45)  [8.1s]
  ep  49: loss=1.2722  test_acc=33.74%  (best 39.22 @ ep 45)  [9.3s]
  ep  50: loss=1.2707  test_acc=39.04%  (best 39.22 @ ep 45)  [11.6s]  [logged per-sample loss: mean=1.264]
  ep  51: loss=1.2575  test_acc=36.08%  (best 39.22 @ ep 45)  [9.5s]
  ep  52: loss=1.2497  test_acc=35.71%  (best 39.22 @ ep 45)  [9.8s]
  ep  53: loss=1.2508  test_acc=34.69%  (best 39.22 @ ep 45)  [8.8s]
  ep  54: loss=1.2467  test_acc=32.46%  (best 39.22 @ ep 45)  [8.8s]
  ep  55: loss=1.2390  test_acc=36.13%  (best 39.22 @ ep 45)  [9.6s]
  ep  56: loss=1.2320  test_acc=35.41%  (best 39.22 @ ep 45)  [9.8s]
  ep  57: loss=1.2263  test_acc=39.98%  (best 39.98 @ ep 57)  [9.2s]
  ep  58: loss=1.2248  test_acc=37.67%  (best 39.98 @ ep 57)  [8.8s]
  ep  59: loss=1.2154  test_acc=39.23%  (best 39.98 @ ep 57)  [8.8s]
  ep  60: loss=1.2072  test_acc=36.74%  (best 39.98 @ ep 57)  [8.5s]
  ep  61: loss=1.2047  test_acc=34.08%  (best 39.98 @ ep 57)  [8.5s]
  ep  62: loss=1.1920  test_acc=33.72%  (best 39.98 @ ep 57)  [8.3s]
  ep  63: loss=1.1901  test_acc=36.53%  (best 39.98 @ ep 57)  [7.9s]
  ep  64: loss=1.1844  test_acc=34.87%  (best 39.98 @ ep 57)  [8.9s]
  ep  65: loss=1.1753  test_acc=33.38%  (best 39.98 @ ep 57)  [9.8s]
  ep  66: loss=1.1654  test_acc=37.91%  (best 39.98 @ ep 57)  [9.1s]
  ep  67: loss=1.1552  test_acc=35.15%  (best 39.98 @ ep 57)  [9.1s]
  ep  68: loss=1.1472  test_acc=38.40%  (best 39.98 @ ep 57)  [10.1s]
  ep  69: loss=1.1396  test_acc=39.01%  (best 39.98 @ ep 57)  [4.0s]
  ep  70: loss=1.1284  test_acc=36.20%  (best 39.98 @ ep 57)  [3.5s]
  ep  71: loss=1.1154  test_acc=36.90%  (best 39.98 @ ep 57)  [3.7s]
  ep  72: loss=1.1049  test_acc=41.51%  (best 41.51 @ ep 72)  [3.6s]
  ep  73: loss=1.0954  test_acc=42.02%  (best 42.02 @ ep 73)  [3.9s]
  ep  74: loss=1.0822  test_acc=37.77%  (best 42.02 @ ep 73)  [3.7s]
  ep  75: loss=1.0705  test_acc=40.40%  (best 42.02 @ ep 73)  [5.3s]  [logged per-sample loss: mean=1.087]
  ep  76: loss=1.0589  test_acc=38.27%  (best 42.02 @ ep 73)  [3.6s]
  ep  77: loss=1.0449  test_acc=35.87%  (best 42.02 @ ep 73)  [3.6s]
  ep  78: loss=1.0242  test_acc=37.53%  (best 42.02 @ ep 73)  [3.6s]
  ep  79: loss=1.0182  test_acc=37.95%  (best 42.02 @ ep 73)  [3.6s]
  ep  80: loss=0.9920  test_acc=36.51%  (best 42.02 @ ep 73)  [3.8s]
  ep  81: loss=0.9779  test_acc=37.63%  (best 42.02 @ ep 73)  [3.8s]
  ep  82: loss=0.9605  test_acc=38.31%  (best 42.02 @ ep 73)  [3.7s]
  ep  83: loss=0.9437  test_acc=32.88%  (best 42.02 @ ep 73)  [3.5s]
  ep  84: loss=0.9193  test_acc=37.58%  (best 42.02 @ ep 73)  [3.8s]
  ep  85: loss=0.9086  test_acc=34.47%  (best 42.02 @ ep 73)  [7.6s]
  ep  86: loss=0.8795  test_acc=36.39%  (best 42.02 @ ep 73)  [7.6s]
  ep  87: loss=0.8641  test_acc=38.66%  (best 42.02 @ ep 73)  [8.5s]
  ep  88: loss=0.8371  test_acc=36.38%  (best 42.02 @ ep 73)  [8.2s]
  ep  89: loss=0.8230  test_acc=35.96%  (best 42.02 @ ep 73)  [8.0s]
  ep  90: loss=0.8021  test_acc=38.39%  (best 42.02 @ ep 73)  [7.6s]
  ep  91: loss=0.7906  test_acc=35.82%  (best 42.02 @ ep 73)  [7.5s]
  ep  92: loss=0.7601  test_acc=37.38%  (best 42.02 @ ep 73)  [8.1s]
  ep  93: loss=0.7511  test_acc=37.18%  (best 42.02 @ ep 73)  [7.7s]
  ep  94: loss=0.7337  test_acc=37.00%  (best 42.02 @ ep 73)  [7.9s]
  ep  95: loss=0.7195  test_acc=36.61%  (best 42.02 @ ep 73)  [8.3s]
  ep  96: loss=0.7162  test_acc=36.33%  (best 42.02 @ ep 73)  [8.0s]
  ep  97: loss=0.7098  test_acc=35.71%  (best 42.02 @ ep 73)  [8.0s]
  ep  98: loss=0.7075  test_acc=35.75%  (best 42.02 @ ep 73)  [8.7s]
  ep  99: loss=0.7031  test_acc=36.59%  (best 42.02 @ ep 73)  [9.5s]  [logged per-sample loss: mean=0.643]

saved /path/to/ciln-workspace/journal_edition/robustness_transfer/results_v4/erm/ours_v2_clean__glass_blur_sev3__seed0.json: best 42.02% @ ep 73
