condition=ours_v2_clean__pixelate_sev1 seed=1 gpu=1
/path/to/ciln-workspace/venv/lib/python3.12/site-packages/torchvision/datasets/cifar.py:83: VisibleDeprecationWarning: dtype(): align should be passed as Python or NumPy boolean but got `align=0`. Did you mean to pass a tuple to create a subarray type? (Deprecated NumPy 2.4)
  entry = pickle.load(f, encoding="latin1")
image_source=clean  N=22500  noise_rate=11.68%
  ep   0: loss=1.8837  test_acc=32.76%  (best 32.76 @ ep 0)  [4.4s]
  ep   1: loss=1.6060  test_acc=34.34%  (best 34.34 @ ep 1)  [3.6s]
  ep   2: loss=1.4160  test_acc=45.35%  (best 45.35 @ ep 2)  [3.5s]
  ep   3: loss=1.2565  test_acc=50.26%  (best 50.26 @ ep 3)  [3.8s]
  ep   4: loss=1.1246  test_acc=56.25%  (best 56.25 @ ep 4)  [3.6s]
  ep   5: loss=1.0503  test_acc=59.41%  (best 59.41 @ ep 5)  [5.2s]  [logged per-sample loss: mean=1.170]
  ep   6: loss=0.9669  test_acc=59.56%  (best 59.56 @ ep 6)  [3.6s]
  ep   7: loss=0.9082  test_acc=65.15%  (best 65.15 @ ep 7)  [3.8s]
  ep   8: loss=0.8579  test_acc=68.64%  (best 68.64 @ ep 8)  [3.7s]
  ep   9: loss=0.8284  test_acc=68.68%  (best 68.68 @ ep 9)  [3.8s]
  ep  10: loss=0.7971  test_acc=68.22%  (best 68.68 @ ep 9)  [5.2s]  [logged per-sample loss: mean=0.927]
  ep  11: loss=0.7849  test_acc=64.59%  (best 68.68 @ ep 9)  [3.8s]
  ep  12: loss=0.7602  test_acc=69.29%  (best 69.29 @ ep 12)  [8.2s]
  ep  13: loss=0.7449  test_acc=70.69%  (best 70.69 @ ep 13)  [8.5s]
  ep  14: loss=0.7295  test_acc=72.64%  (best 72.64 @ ep 14)  [8.2s]
  ep  15: loss=0.7140  test_acc=76.24%  (best 76.24 @ ep 15)  [8.5s]
  ep  16: loss=0.7068  test_acc=76.85%  (best 76.85 @ ep 16)  [8.1s]
  ep  17: loss=0.6895  test_acc=76.70%  (best 76.85 @ ep 16)  [8.5s]
  ep  18: loss=0.6884  test_acc=71.83%  (best 76.85 @ ep 16)  [8.9s]
  ep  19: loss=0.6839  test_acc=69.35%  (best 76.85 @ ep 16)  [8.3s]
  ep  20: loss=0.6646  test_acc=72.67%  (best 76.85 @ ep 16)  [11.4s]  [logged per-sample loss: mean=0.829]
  ep  21: loss=0.6648  test_acc=70.60%  (best 76.85 @ ep 16)  [8.8s]
  ep  22: loss=0.6608  test_acc=65.40%  (best 76.85 @ ep 16)  [8.6s]
  ep  23: loss=0.6512  test_acc=68.98%  (best 76.85 @ ep 16)  [7.9s]
  ep  24: loss=0.6426  test_acc=74.50%  (best 76.85 @ ep 16)  [8.1s]
  ep  25: loss=0.6337  test_acc=76.47%  (best 76.85 @ ep 16)  [8.2s]
  ep  26: loss=0.6165  test_acc=71.13%  (best 76.85 @ ep 16)  [7.9s]
  ep  27: loss=0.6185  test_acc=74.72%  (best 76.85 @ ep 16)  [8.2s]
  ep  28: loss=0.6130  test_acc=72.39%  (best 76.85 @ ep 16)  [8.6s]
  ep  29: loss=0.6071  test_acc=74.83%  (best 76.85 @ ep 16)  [8.2s]
  ep  30: loss=0.5958  test_acc=76.45%  (best 76.85 @ ep 16)  [12.1s]  [logged per-sample loss: mean=0.630]
  ep  31: loss=0.5943  test_acc=74.70%  (best 76.85 @ ep 16)  [9.0s]
  ep  32: loss=0.5805  test_acc=75.20%  (best 76.85 @ ep 16)  [8.4s]
  ep  33: loss=0.5835  test_acc=75.76%  (best 76.85 @ ep 16)  [7.8s]
  ep  34: loss=0.5759  test_acc=78.28%  (best 78.28 @ ep 34)  [8.0s]
  ep  35: loss=0.5708  test_acc=78.52%  (best 78.52 @ ep 35)  [8.5s]
  ep  36: loss=0.5696  test_acc=78.51%  (best 78.52 @ ep 35)  [8.3s]
  ep  37: loss=0.5449  test_acc=78.04%  (best 78.52 @ ep 35)  [7.7s]
  ep  38: loss=0.5484  test_acc=75.55%  (best 78.52 @ ep 35)  [8.6s]
  ep  39: loss=0.5478  test_acc=75.99%  (best 78.52 @ ep 35)  [8.6s]
  ep  40: loss=0.5476  test_acc=77.67%  (best 78.52 @ ep 35)  [8.7s]
  ep  41: loss=0.5275  test_acc=73.72%  (best 78.52 @ ep 35)  [8.7s]
  ep  42: loss=0.5250  test_acc=70.73%  (best 78.52 @ ep 35)  [9.1s]
  ep  43: loss=0.5188  test_acc=73.77%  (best 78.52 @ ep 35)  [8.8s]
  ep  44: loss=0.5113  test_acc=79.42%  (best 79.42 @ ep 44)  [7.7s]
  ep  45: loss=0.5083  test_acc=79.52%  (best 79.52 @ ep 45)  [8.5s]
  ep  46: loss=0.5005  test_acc=79.79%  (best 79.79 @ ep 46)  [8.0s]
  ep  47: loss=0.4923  test_acc=75.26%  (best 79.79 @ ep 46)  [6.6s]
  ep  48: loss=0.4865  test_acc=74.82%  (best 79.79 @ ep 46)  [3.6s]
  ep  49: loss=0.4851  test_acc=77.51%  (best 79.79 @ ep 46)  [3.7s]
  ep  50: loss=0.4778  test_acc=80.34%  (best 80.34 @ ep 50)  [5.4s]  [logged per-sample loss: mean=0.471]
  ep  51: loss=0.4638  test_acc=79.56%  (best 80.34 @ ep 50)  [3.6s]
  ep  52: loss=0.4571  test_acc=79.41%  (best 80.34 @ ep 50)  [3.6s]
  ep  53: loss=0.4648  test_acc=77.83%  (best 80.34 @ ep 50)  [4.0s]
  ep  54: loss=0.4435  test_acc=80.75%  (best 80.75 @ ep 54)  [3.6s]
  ep  55: loss=0.4421  test_acc=77.33%  (best 80.75 @ ep 54)  [3.8s]
  ep  56: loss=0.4359  test_acc=82.73%  (best 82.73 @ ep 56)  [4.0s]
  ep  57: loss=0.4170  test_acc=79.09%  (best 82.73 @ ep 56)  [3.7s]
  ep  58: loss=0.4173  test_acc=78.48%  (best 82.73 @ ep 56)  [4.0s]
  ep  59: loss=0.4077  test_acc=79.73%  (best 82.73 @ ep 56)  [3.6s]
  ep  60: loss=0.3981  test_acc=81.34%  (best 82.73 @ ep 56)  [3.6s]
  ep  61: loss=0.3890  test_acc=79.14%  (best 82.73 @ ep 56)  [3.8s]
  ep  62: loss=0.3753  test_acc=78.97%  (best 82.73 @ ep 56)  [3.8s]
  ep  63: loss=0.3686  test_acc=81.25%  (best 82.73 @ ep 56)  [7.6s]
  ep  64: loss=0.3636  test_acc=83.01%  (best 83.01 @ ep 64)  [8.4s]
  ep  65: loss=0.3490  test_acc=78.39%  (best 83.01 @ ep 64)  [8.8s]
  ep  66: loss=0.3436  test_acc=80.04%  (best 83.01 @ ep 64)  [9.3s]
  ep  67: loss=0.3303  test_acc=81.65%  (best 83.01 @ ep 64)  [8.4s]
  ep  68: loss=0.3137  test_acc=79.60%  (best 83.01 @ ep 64)  [9.2s]
  ep  69: loss=0.3149  test_acc=82.81%  (best 83.01 @ ep 64)  [9.4s]
  ep  70: loss=0.2976  test_acc=82.38%  (best 83.01 @ ep 64)  [8.8s]
  ep  71: loss=0.2848  test_acc=79.63%  (best 83.01 @ ep 64)  [9.3s]
  ep  72: loss=0.2735  test_acc=82.64%  (best 83.01 @ ep 64)  [9.1s]
  ep  73: loss=0.2617  test_acc=82.47%  (best 83.01 @ ep 64)  [9.3s]
  ep  74: loss=0.2508  test_acc=81.22%  (best 83.01 @ ep 64)  [9.5s]
  ep  75: loss=0.2396  test_acc=83.49%  (best 83.49 @ ep 75)  [13.0s]  [logged per-sample loss: mean=0.206]
  ep  76: loss=0.2348  test_acc=80.56%  (best 83.49 @ ep 75)  [8.0s]
  ep  77: loss=0.2175  test_acc=82.41%  (best 83.49 @ ep 75)  [3.7s]
  ep  78: loss=0.2088  test_acc=83.11%  (best 83.49 @ ep 75)  [3.9s]
  ep  79: loss=0.1947  test_acc=82.84%  (best 83.49 @ ep 75)  [3.6s]
  ep  80: loss=0.1747  test_acc=83.53%  (best 83.53 @ ep 80)  [3.6s]
  ep  81: loss=0.1654  test_acc=83.28%  (best 83.53 @ ep 80)  [3.7s]
  ep  82: loss=0.1567  test_acc=83.11%  (best 83.53 @ ep 80)  [3.5s]
  ep  83: loss=0.1450  test_acc=82.45%  (best 83.53 @ ep 80)  [3.6s]
  ep  84: loss=0.1361  test_acc=83.02%  (best 83.53 @ ep 80)  [3.7s]
  ep  85: loss=0.1277  test_acc=83.69%  (best 83.69 @ ep 85)  [3.6s]
  ep  86: loss=0.1178  test_acc=82.66%  (best 83.69 @ ep 85)  [3.7s]
  ep  87: loss=0.1077  test_acc=83.83%  (best 83.83 @ ep 87)  [3.7s]
  ep  88: loss=0.1008  test_acc=83.40%  (best 83.83 @ ep 87)  [3.9s]
  ep  89: loss=0.0970  test_acc=83.81%  (best 83.83 @ ep 87)  [3.7s]
  ep  90: loss=0.0883  test_acc=83.59%  (best 83.83 @ ep 87)  [3.7s]
  ep  91: loss=0.0834  test_acc=83.82%  (best 83.83 @ ep 87)  [3.5s]
  ep  92: loss=0.0807  test_acc=83.97%  (best 83.97 @ ep 92)  [3.8s]
  ep  93: loss=0.0752  test_acc=83.90%  (best 83.97 @ ep 92)  [4.3s]
  ep  94: loss=0.0746  test_acc=83.96%  (best 83.97 @ ep 92)  [8.2s]
  ep  95: loss=0.0719  test_acc=83.91%  (best 83.97 @ ep 92)  [8.6s]
  ep  96: loss=0.0690  test_acc=83.93%  (best 83.97 @ ep 92)  [9.7s]
  ep  97: loss=0.0689  test_acc=83.83%  (best 83.97 @ ep 92)  [8.6s]
  ep  98: loss=0.0693  test_acc=84.02%  (best 84.02 @ ep 98)  [9.3s]
  ep  99: loss=0.0682  test_acc=83.89%  (best 84.02 @ ep 98)  [11.9s]  [logged per-sample loss: mean=0.045]

saved /path/to/ciln-workspace/journal_edition/robustness_transfer/results_v4/erm/ours_v2_clean__pixelate_sev1__seed1.json: best 84.02% @ ep 98
