condition=ours_v2_clean__defocus_blur_sev1 seed=0 gpu=1
/path/to/ciln-workspace/venv/lib/python3.12/site-packages/torchvision/datasets/cifar.py:83: VisibleDeprecationWarning: dtype(): align should be passed as Python or NumPy boolean but got `align=0`. Did you mean to pass a tuple to create a subarray type? (Deprecated NumPy 2.4)
  entry = pickle.load(f, encoding="latin1")
image_source=clean  N_train=22500  noise_rate=8.62%
  ep   0: acc1=37.95%  acc2=36.96%  ens=37.45%  (best 37.45 @ ep 0)  [8.1s]
  ep   1: acc1=47.55%  acc2=51.15%  ens=49.35%  (best 49.35 @ ep 1)  [7.3s]
  ep   2: acc1=57.21%  acc2=50.77%  ens=53.99%  (best 53.99 @ ep 2)  [7.4s]
  ep   3: acc1=59.30%  acc2=55.87%  ens=57.58%  (best 57.58 @ ep 3)  [7.4s]
  ep   4: acc1=60.87%  acc2=64.53%  ens=62.70%  (best 62.70 @ ep 4)  [7.6s]
  ep   5: acc1=65.66%  acc2=58.56%  ens=62.11%  (best 62.70 @ ep 4)  [20.5s]  [w on clean=0.777, on noisy=0.433]
  ep   6: acc1=64.53%  acc2=66.73%  ens=65.63%  (best 65.63 @ ep 6)  [24.2s]
  ep   7: acc1=65.15%  acc2=68.38%  ens=66.77%  (best 66.77 @ ep 7)  [7.5s]
  ep   8: acc1=71.80%  acc2=70.23%  ens=71.02%  (best 71.02 @ ep 8)  [7.4s]
  ep   9: acc1=69.91%  acc2=71.67%  ens=70.79%  (best 71.02 @ ep 8)  [7.3s]
  ep  10: acc1=34.78%  acc2=24.77%  ens=29.78%  (best 71.02 @ ep 8)  [54.7s]  [w on clean=0.474, on noisy=0.307]
  ep  11: acc1=18.86%  acc2=18.00%  ens=18.43%  (best 71.02 @ ep 8)  [26.8s]
  ep  12: acc1=19.39%  acc2=14.28%  ens=16.84%  (best 71.02 @ ep 8)  [17.6s]
  ep  13: acc1=20.50%  acc2=24.07%  ens=22.29%  (best 71.02 @ ep 8)  [19.3s]
  ep  14: acc1=21.58%  acc2=20.06%  ens=20.82%  (best 71.02 @ ep 8)  [24.4s]
  ep  15: acc1=24.06%  acc2=20.32%  ens=22.19%  (best 71.02 @ ep 8)  [21.5s]
  ep  16: acc1=19.19%  acc2=20.26%  ens=19.72%  (best 71.02 @ ep 8)  [26.1s]
  ep  17: acc1=24.93%  acc2=24.42%  ens=24.68%  (best 71.02 @ ep 8)  [74.8s]
  ep  18: acc1=21.14%  acc2=20.02%  ens=20.58%  (best 71.02 @ ep 8)  [21.3s]
  ep  19: acc1=23.55%  acc2=24.17%  ens=23.86%  (best 71.02 @ ep 8)  [22.3s]
  ep  20: acc1=24.07%  acc2=23.92%  ens=24.00%  (best 71.02 @ ep 8)  [26.8s]  [w on clean=0.405, on noisy=0.281]
  ep  21: acc1=26.10%  acc2=27.93%  ens=27.02%  (best 71.02 @ ep 8)  [22.9s]
  ep  22: acc1=27.66%  acc2=25.84%  ens=26.75%  (best 71.02 @ ep 8)  [74.2s]
  ep  23: acc1=21.68%  acc2=20.08%  ens=20.88%  (best 71.02 @ ep 8)  [25.7s]
  ep  24: acc1=25.24%  acc2=25.91%  ens=25.58%  (best 71.02 @ ep 8)  [21.9s]
  ep  25: acc1=26.07%  acc2=18.43%  ens=22.25%  (best 71.02 @ ep 8)  [25.1s]
  ep  26: acc1=22.25%  acc2=22.54%  ens=22.39%  (best 71.02 @ ep 8)  [30.7s]
  ep  27: acc1=21.69%  acc2=26.50%  ens=24.09%  (best 71.02 @ ep 8)  [21.9s]
  ep  28: acc1=27.89%  acc2=21.66%  ens=24.77%  (best 71.02 @ ep 8)  [25.3s]
  ep  29: acc1=23.71%  acc2=25.70%  ens=24.70%  (best 71.02 @ ep 8)  [71.7s]
  ep  30: acc1=25.59%  acc2=22.59%  ens=24.09%  (best 71.02 @ ep 8)  [26.1s]  [w on clean=0.402, on noisy=0.275]
  ep  31: acc1=25.70%  acc2=22.15%  ens=23.93%  (best 71.02 @ ep 8)  [26.8s]
  ep  32: acc1=21.61%  acc2=24.47%  ens=23.04%  (best 71.02 @ ep 8)  [26.5s]
  ep  33: acc1=22.49%  acc2=23.61%  ens=23.05%  (best 71.02 @ ep 8)  [22.2s]
  ep  34: acc1=24.21%  acc2=28.02%  ens=26.11%  (best 71.02 @ ep 8)  [31.2s]
  ep  35: acc1=24.07%  acc2=25.51%  ens=24.79%  (best 71.02 @ ep 8)  [22.4s]
  ep  36: acc1=25.01%  acc2=28.62%  ens=26.82%  (best 71.02 @ ep 8)  [22.5s]
  ep  37: acc1=22.48%  acc2=26.87%  ens=24.68%  (best 71.02 @ ep 8)  [25.6s]
  ep  38: acc1=27.29%  acc2=26.46%  ens=26.88%  (best 71.02 @ ep 8)  [22.7s]
  ep  39: acc1=26.38%  acc2=24.69%  ens=25.53%  (best 71.02 @ ep 8)  [22.6s]
  ep  40: acc1=26.24%  acc2=26.41%  ens=26.32%  (best 71.02 @ ep 8)  [33.2s]
  ep  41: acc1=25.47%  acc2=24.35%  ens=24.91%  (best 71.02 @ ep 8)  [23.0s]
  ep  42: acc1=24.31%  acc2=25.36%  ens=24.84%  (best 71.02 @ ep 8)  [22.5s]
  ep  43: acc1=28.80%  acc2=27.24%  ens=28.02%  (best 71.02 @ ep 8)  [48.0s]
  ep  44: acc1=21.93%  acc2=25.98%  ens=23.95%  (best 71.02 @ ep 8)  [22.2s]
  ep  45: acc1=22.15%  acc2=27.50%  ens=24.83%  (best 71.02 @ ep 8)  [22.7s]
  ep  46: acc1=24.78%  acc2=26.42%  ens=25.60%  (best 71.02 @ ep 8)  [24.2s]
  ep  47: acc1=28.11%  acc2=27.33%  ens=27.72%  (best 71.02 @ ep 8)  [21.8s]
  ep  48: acc1=26.99%  acc2=26.32%  ens=26.65%  (best 71.02 @ ep 8)  [23.7s]
  ep  49: acc1=27.51%  acc2=25.36%  ens=26.43%  (best 71.02 @ ep 8)  [31.5s]
  ep  50: acc1=26.28%  acc2=27.01%  ens=26.64%  (best 71.02 @ ep 8)  [26.5s]  [w on clean=0.404, on noisy=0.275]
  ep  51: acc1=27.10%  acc2=26.05%  ens=26.58%  (best 71.02 @ ep 8)  [31.1s]
  ep  52: acc1=24.87%  acc2=27.26%  ens=26.06%  (best 71.02 @ ep 8)  [21.7s]
  ep  53: acc1=24.82%  acc2=25.54%  ens=25.18%  (best 71.02 @ ep 8)  [22.9s]
  ep  54: acc1=25.32%  acc2=24.39%  ens=24.86%  (best 71.02 @ ep 8)  [182.3s]
  ep  55: acc1=27.23%  acc2=29.36%  ens=28.30%  (best 71.02 @ ep 8)  [22.8s]
  ep  56: acc1=29.57%  acc2=27.98%  ens=28.78%  (best 71.02 @ ep 8)  [22.4s]
  ep  57: acc1=27.89%  acc2=29.55%  ens=28.72%  (best 71.02 @ ep 8)  [26.0s]
  ep  58: acc1=27.30%  acc2=29.08%  ens=28.19%  (best 71.02 @ ep 8)  [24.8s]
  ep  59: acc1=28.48%  acc2=30.12%  ens=29.30%  (best 71.02 @ ep 8)  [22.4s]
  ep  60: acc1=28.59%  acc2=29.59%  ens=29.09%  (best 71.02 @ ep 8)  [77.1s]
  ep  61: acc1=30.65%  acc2=30.48%  ens=30.56%  (best 71.02 @ ep 8)  [21.7s]
  ep  62: acc1=29.14%  acc2=27.26%  ens=28.20%  (best 71.02 @ ep 8)  [22.5s]
  ep  63: acc1=27.81%  acc2=27.25%  ens=27.53%  (best 71.02 @ ep 8)  [114.1s]
  ep  64: acc1=27.63%  acc2=26.27%  ens=26.95%  (best 71.02 @ ep 8)  [22.7s]
  ep  65: acc1=28.50%  acc2=27.77%  ens=28.13%  (best 71.02 @ ep 8)  [22.9s]
  ep  66: acc1=28.40%  acc2=29.33%  ens=28.86%  (best 71.02 @ ep 8)  [105.1s]
  ep  67: acc1=28.66%  acc2=28.89%  ens=28.78%  (best 71.02 @ ep 8)  [22.2s]
  ep  68: acc1=29.82%  acc2=28.23%  ens=29.03%  (best 71.02 @ ep 8)  [22.1s]
  ep  69: acc1=27.96%  acc2=27.95%  ens=27.96%  (best 71.02 @ ep 8)  [36.5s]
  ep  70: acc1=29.14%  acc2=27.06%  ens=28.10%  (best 71.02 @ ep 8)  [22.8s]
  ep  71: acc1=28.77%  acc2=29.86%  ens=29.32%  (best 71.02 @ ep 8)  [23.0s]
  ep  72: acc1=29.99%  acc2=28.98%  ens=29.48%  (best 71.02 @ ep 8)  [52.7s]
  ep  73: acc1=29.29%  acc2=28.93%  ens=29.11%  (best 71.02 @ ep 8)  [22.5s]
  ep  74: acc1=28.86%  acc2=29.15%  ens=29.01%  (best 71.02 @ ep 8)  [22.1s]
  ep  75: acc1=28.16%  acc2=28.48%  ens=28.32%  (best 71.02 @ ep 8)  [52.3s]  [w on clean=0.405, on noisy=0.276]
  ep  76: acc1=29.53%  acc2=29.08%  ens=29.31%  (best 71.02 @ ep 8)  [22.7s]
  ep  77: acc1=29.81%  acc2=29.00%  ens=29.40%  (best 71.02 @ ep 8)  [47.8s]
  ep  78: acc1=28.65%  acc2=28.62%  ens=28.63%  (best 71.02 @ ep 8)  [23.0s]
  ep  79: acc1=29.44%  acc2=29.05%  ens=29.24%  (best 71.02 @ ep 8)  [22.7s]
  ep  80: acc1=29.39%  acc2=28.86%  ens=29.12%  (best 71.02 @ ep 8)  [71.9s]
  ep  81: acc1=28.52%  acc2=29.28%  ens=28.90%  (best 71.02 @ ep 8)  [21.8s]
  ep  82: acc1=29.74%  acc2=29.58%  ens=29.66%  (best 71.02 @ ep 8)  [22.9s]
  ep  83: acc1=29.02%  acc2=28.50%  ens=28.76%  (best 71.02 @ ep 8)  [61.5s]
  ep  84: acc1=29.60%  acc2=29.15%  ens=29.37%  (best 71.02 @ ep 8)  [75.2s]
  ep  85: acc1=29.81%  acc2=29.25%  ens=29.53%  (best 71.02 @ ep 8)  [22.2s]
  ep  86: acc1=29.36%  acc2=29.24%  ens=29.30%  (best 71.02 @ ep 8)  [23.1s]
  ep  87: acc1=29.17%  acc2=29.06%  ens=29.12%  (best 71.02 @ ep 8)  [35.3s]
  ep  88: acc1=29.33%  acc2=29.00%  ens=29.16%  (best 71.02 @ ep 8)  [21.8s]
  ep  89: acc1=29.71%  acc2=29.23%  ens=29.47%  (best 71.02 @ ep 8)  [22.9s]
  ep  90: acc1=29.69%  acc2=29.46%  ens=29.57%  (best 71.02 @ ep 8)  [29.7s]
  ep  91: acc1=29.96%  acc2=29.14%  ens=29.55%  (best 71.02 @ ep 8)  [22.5s]
  ep  92: acc1=29.14%  acc2=29.28%  ens=29.21%  (best 71.02 @ ep 8)  [21.9s]
  ep  93: acc1=29.90%  acc2=29.47%  ens=29.68%  (best 71.02 @ ep 8)  [35.5s]
  ep  94: acc1=29.53%  acc2=29.06%  ens=29.30%  (best 71.02 @ ep 8)  [23.7s]
  ep  95: acc1=29.46%  acc2=29.47%  ens=29.46%  (best 71.02 @ ep 8)  [32.5s]
  ep  96: acc1=29.32%  acc2=29.15%  ens=29.23%  (best 71.02 @ ep 8)  [86.9s]
  ep  97: acc1=29.47%  acc2=28.78%  ens=29.12%  (best 71.02 @ ep 8)  [66.1s]
  ep  98: acc1=29.49%  acc2=28.87%  ens=29.18%  (best 71.02 @ ep 8)  [22.4s]
  ep  99: acc1=29.01%  acc2=29.11%  ens=29.06%  (best 71.02 @ ep 8)  [25.9s]  [w on clean=0.406, on noisy=0.277]

saved /path/to/ciln-workspace/journal_edition/robustness_transfer/results_v4/dividemix/ours_v2_clean__defocus_blur_sev1__seed0.json: best ens-acc 71.02% @ ep 8
