condition=ours_v2_clean__snow_sev3 seed=2 gpu=1
/path/to/ciln-workspace/venv/lib/python3.12/site-packages/torchvision/datasets/cifar.py:83: VisibleDeprecationWarning: dtype(): align should be passed as Python or NumPy boolean but got `align=0`. Did you mean to pass a tuple to create a subarray type? (Deprecated NumPy 2.4)
  entry = pickle.load(f, encoding="latin1")
image_source=clean  N_train=22500  noise_rate=19.37%
  ep   0: acc1=39.72%  acc2=38.39%  ens=39.05%  (best 39.05 @ ep 0)  [9.1s]
  ep   1: acc1=47.09%  acc2=47.18%  ens=47.13%  (best 47.13 @ ep 1)  [7.6s]
  ep   2: acc1=53.13%  acc2=55.14%  ens=54.13%  (best 54.13 @ ep 2)  [11.8s]
  ep   3: acc1=60.49%  acc2=52.18%  ens=56.34%  (best 56.34 @ ep 3)  [15.1s]
  ep   4: acc1=52.64%  acc2=50.91%  ens=51.77%  (best 56.34 @ ep 3)  [7.6s]
  ep   5: acc1=63.18%  acc2=49.70%  ens=56.44%  (best 56.44 @ ep 5)  [11.8s]  [w on clean=0.810, on noisy=0.430]
  ep   6: acc1=57.38%  acc2=64.37%  ens=60.88%  (best 60.88 @ ep 6)  [7.4s]
  ep   7: acc1=62.08%  acc2=65.75%  ens=63.91%  (best 63.91 @ ep 7)  [8.0s]
  ep   8: acc1=70.05%  acc2=60.30%  ens=65.18%  (best 65.18 @ ep 8)  [7.8s]
  ep   9: acc1=66.93%  acc2=64.65%  ens=65.79%  (best 65.79 @ ep 9)  [7.8s]
  ep  10: acc1=46.87%  acc2=36.61%  ens=41.74%  (best 65.79 @ ep 9)  [48.5s]  [w on clean=0.639, on noisy=0.337]
  ep  11: acc1=34.50%  acc2=35.47%  ens=34.98%  (best 65.79 @ ep 9)  [41.2s]
  ep  12: acc1=30.07%  acc2=29.31%  ens=29.69%  (best 65.79 @ ep 9)  [32.5s]
  ep  13: acc1=26.29%  acc2=30.30%  ens=28.30%  (best 65.79 @ ep 9)  [54.8s]
  ep  14: acc1=34.04%  acc2=32.88%  ens=33.46%  (best 65.79 @ ep 9)  [35.9s]
  ep  15: acc1=37.03%  acc2=34.04%  ens=35.53%  (best 65.79 @ ep 9)  [53.0s]
  ep  16: acc1=30.80%  acc2=28.68%  ens=29.74%  (best 65.79 @ ep 9)  [49.8s]
  ep  17: acc1=32.28%  acc2=35.35%  ens=33.81%  (best 65.79 @ ep 9)  [40.1s]
  ep  18: acc1=32.61%  acc2=34.00%  ens=33.30%  (best 65.79 @ ep 9)  [38.2s]
  ep  19: acc1=35.14%  acc2=34.27%  ens=34.70%  (best 65.79 @ ep 9)  [155.2s]
  ep  20: acc1=32.48%  acc2=36.63%  ens=34.55%  (best 65.79 @ ep 9)  [42.2s]  [w on clean=0.810, on noisy=0.698]
  ep  21: acc1=39.56%  acc2=32.63%  ens=36.09%  (best 65.79 @ ep 9)  [121.7s]
  ep  22: acc1=35.60%  acc2=38.33%  ens=36.96%  (best 65.79 @ ep 9)  [37.8s]
  ep  23: acc1=44.58%  acc2=39.32%  ens=41.95%  (best 65.79 @ ep 9)  [154.3s]
  ep  24: acc1=38.70%  acc2=43.21%  ens=40.95%  (best 65.79 @ ep 9)  [43.5s]
  ep  25: acc1=42.62%  acc2=32.12%  ens=37.37%  (best 65.79 @ ep 9)  [39.5s]
  ep  26: acc1=42.24%  acc2=40.66%  ens=41.45%  (best 65.79 @ ep 9)  [92.8s]
  ep  27: acc1=35.90%  acc2=41.88%  ens=38.89%  (best 65.79 @ ep 9)  [41.2s]
  ep  28: acc1=36.66%  acc2=37.39%  ens=37.02%  (best 65.79 @ ep 9)  [152.6s]
  ep  29: acc1=44.77%  acc2=40.64%  ens=42.70%  (best 65.79 @ ep 9)  [40.3s]
  ep  30: acc1=43.03%  acc2=42.43%  ens=42.73%  (best 65.79 @ ep 9)  [54.1s]  [w on clean=0.810, on noisy=0.703]
  ep  31: acc1=41.70%  acc2=37.04%  ens=39.37%  (best 65.79 @ ep 9)  [53.7s]
  ep  32: acc1=39.87%  acc2=42.42%  ens=41.14%  (best 65.79 @ ep 9)  [40.3s]
  ep  33: acc1=48.06%  acc2=45.72%  ens=46.89%  (best 65.79 @ ep 9)  [44.7s]
  ep  34: acc1=40.28%  acc2=45.58%  ens=42.93%  (best 65.79 @ ep 9)  [91.5s]
  ep  35: acc1=48.11%  acc2=48.47%  ens=48.29%  (best 65.79 @ ep 9)  [40.1s]
  ep  36: acc1=40.75%  acc2=44.86%  ens=42.80%  (best 65.79 @ ep 9)  [44.7s]
  ep  37: acc1=44.12%  acc2=39.58%  ens=41.85%  (best 65.79 @ ep 9)  [86.3s]
  ep  38: acc1=43.35%  acc2=46.20%  ens=44.77%  (best 65.79 @ ep 9)  [43.5s]
  ep  39: acc1=41.19%  acc2=40.28%  ens=40.73%  (best 65.79 @ ep 9)  [48.8s]
  ep  40: acc1=43.75%  acc2=46.53%  ens=45.14%  (best 65.79 @ ep 9)  [88.1s]
  ep  41: acc1=47.75%  acc2=48.11%  ens=47.93%  (best 65.79 @ ep 9)  [78.3s]
  ep  42: acc1=41.02%  acc2=42.43%  ens=41.73%  (best 65.79 @ ep 9)  [64.0s]
  ep  43: acc1=45.13%  acc2=46.25%  ens=45.69%  (best 65.79 @ ep 9)  [40.4s]
  ep  44: acc1=45.56%  acc2=44.06%  ens=44.81%  (best 65.79 @ ep 9)  [101.4s]
  ep  45: acc1=44.96%  acc2=49.94%  ens=47.45%  (best 65.79 @ ep 9)  [48.3s]
  ep  46: acc1=47.28%  acc2=43.05%  ens=45.16%  (best 65.79 @ ep 9)  [40.4s]
  ep  47: acc1=48.97%  acc2=48.12%  ens=48.55%  (best 65.79 @ ep 9)  [98.4s]
  ep  48: acc1=47.25%  acc2=47.71%  ens=47.48%  (best 65.79 @ ep 9)  [40.9s]
  ep  49: acc1=50.06%  acc2=48.22%  ens=49.14%  (best 65.79 @ ep 9)  [45.4s]
  ep  50: acc1=44.61%  acc2=44.18%  ens=44.40%  (best 65.79 @ ep 9)  [100.5s]  [w on clean=0.810, on noisy=0.703]
  ep  51: acc1=48.99%  acc2=46.21%  ens=47.60%  (best 65.79 @ ep 9)  [39.6s]
  ep  52: acc1=49.04%  acc2=44.69%  ens=46.87%  (best 65.79 @ ep 9)  [39.8s]
  ep  53: acc1=44.56%  acc2=46.10%  ens=45.33%  (best 65.79 @ ep 9)  [64.2s]
  ep  54: acc1=47.90%  acc2=45.50%  ens=46.70%  (best 65.79 @ ep 9)  [93.6s]
  ep  55: acc1=52.43%  acc2=49.60%  ens=51.02%  (best 65.79 @ ep 9)  [40.5s]
  ep  56: acc1=49.69%  acc2=48.58%  ens=49.13%  (best 65.79 @ ep 9)  [43.2s]
  ep  57: acc1=48.63%  acc2=46.98%  ens=47.80%  (best 65.79 @ ep 9)  [79.1s]
  ep  58: acc1=47.92%  acc2=45.95%  ens=46.94%  (best 65.79 @ ep 9)  [41.3s]
  ep  59: acc1=49.24%  acc2=49.50%  ens=49.37%  (best 65.79 @ ep 9)  [41.3s]
  ep  60: acc1=51.61%  acc2=50.22%  ens=50.91%  (best 65.79 @ ep 9)  [63.8s]
  ep  61: acc1=49.78%  acc2=47.19%  ens=48.48%  (best 65.79 @ ep 9)  [39.4s]
  ep  62: acc1=45.23%  acc2=47.19%  ens=46.21%  (best 65.79 @ ep 9)  [42.0s]
  ep  63: acc1=50.10%  acc2=49.29%  ens=49.70%  (best 65.79 @ ep 9)  [39.0s]
  ep  64: acc1=51.12%  acc2=47.96%  ens=49.54%  (best 65.79 @ ep 9)  [173.6s]
  ep  65: acc1=50.09%  acc2=51.52%  ens=50.80%  (best 65.79 @ ep 9)  [43.9s]
  ep  66: acc1=49.27%  acc2=49.40%  ens=49.34%  (best 65.79 @ ep 9)  [39.7s]
  ep  67: acc1=51.02%  acc2=52.62%  ens=51.82%  (best 65.79 @ ep 9)  [48.7s]
  ep  68: acc1=51.15%  acc2=52.46%  ens=51.80%  (best 65.79 @ ep 9)  [41.0s]
  ep  69: acc1=51.59%  acc2=52.25%  ens=51.92%  (best 65.79 @ ep 9)  [79.7s]
  ep  70: acc1=52.25%  acc2=49.48%  ens=50.87%  (best 65.79 @ ep 9)  [106.6s]
  ep  71: acc1=51.86%  acc2=50.57%  ens=51.21%  (best 65.79 @ ep 9)  [39.7s]
  ep  72: acc1=47.71%  acc2=50.39%  ens=49.05%  (best 65.79 @ ep 9)  [73.8s]
  ep  73: acc1=49.65%  acc2=51.22%  ens=50.43%  (best 65.79 @ ep 9)  [40.0s]
  ep  74: acc1=52.07%  acc2=51.18%  ens=51.63%  (best 65.79 @ ep 9)  [116.8s]
  ep  75: acc1=51.12%  acc2=50.39%  ens=50.75%  (best 65.79 @ ep 9)  [44.1s]  [w on clean=0.810, on noisy=0.705]
  ep  76: acc1=51.69%  acc2=51.41%  ens=51.55%  (best 65.79 @ ep 9)  [39.6s]
  ep  77: acc1=50.92%  acc2=50.95%  ens=50.93%  (best 65.79 @ ep 9)  [202.2s]
  ep  78: acc1=50.64%  acc2=51.47%  ens=51.06%  (best 65.79 @ ep 9)  [43.3s]
  ep  79: acc1=51.35%  acc2=51.74%  ens=51.54%  (best 65.79 @ ep 9)  [60.8s]
  ep  80: acc1=51.51%  acc2=52.33%  ens=51.92%  (best 65.79 @ ep 9)  [40.3s]
  ep  81: acc1=52.69%  acc2=51.59%  ens=52.14%  (best 65.79 @ ep 9)  [46.7s]
  ep  82: acc1=51.82%  acc2=50.03%  ens=50.92%  (best 65.79 @ ep 9)  [74.7s]
  ep  83: acc1=52.31%  acc2=51.19%  ens=51.75%  (best 65.79 @ ep 9)  [40.2s]
  ep  84: acc1=52.02%  acc2=51.83%  ens=51.92%  (best 65.79 @ ep 9)  [85.2s]
  ep  85: acc1=53.06%  acc2=50.46%  ens=51.76%  (best 65.79 @ ep 9)  [40.1s]
  ep  86: acc1=52.02%  acc2=51.84%  ens=51.93%  (best 65.79 @ ep 9)  [66.0s]
  ep  87: acc1=52.05%  acc2=52.45%  ens=52.25%  (best 65.79 @ ep 9)  [46.7s]
  ep  88: acc1=52.57%  acc2=51.86%  ens=52.21%  (best 65.79 @ ep 9)  [40.3s]
  ep  89: acc1=52.80%  acc2=52.49%  ens=52.65%  (best 65.79 @ ep 9)  [142.8s]
  ep  90: acc1=52.50%  acc2=51.91%  ens=52.20%  (best 65.79 @ ep 9)  [39.3s]
  ep  91: acc1=52.67%  acc2=52.37%  ens=52.52%  (best 65.79 @ ep 9)  [56.7s]
  ep  92: acc1=52.63%  acc2=52.94%  ens=52.78%  (best 65.79 @ ep 9)  [41.7s]
  ep  93: acc1=52.34%  acc2=52.74%  ens=52.54%  (best 65.79 @ ep 9)  [41.1s]
  ep  94: acc1=52.44%  acc2=51.98%  ens=52.21%  (best 65.79 @ ep 9)  [238.8s]
  ep  95: acc1=52.81%  acc2=52.71%  ens=52.76%  (best 65.79 @ ep 9)  [93.5s]
  ep  96: acc1=52.84%  acc2=53.03%  ens=52.94%  (best 65.79 @ ep 9)  [46.3s]
  ep  97: acc1=53.11%  acc2=52.94%  ens=53.02%  (best 65.79 @ ep 9)  [40.2s]
  ep  98: acc1=52.92%  acc2=52.90%  ens=52.91%  (best 65.79 @ ep 9)  [152.2s]
  ep  99: acc1=52.27%  acc2=52.79%  ens=52.53%  (best 65.79 @ ep 9)  [43.6s]  [w on clean=0.810, on noisy=0.705]

saved /path/to/ciln-workspace/journal_edition/robustness_transfer/results_v4/dividemix/ours_v2_clean__snow_sev3__seed2.json: best ens-acc 65.79% @ ep 9
