condition=ours_v2_noisy__pixelate_sev5 seed=2 gpu=2
/path/to/ciln-workspace/venv/lib/python3.12/site-packages/torchvision/datasets/cifar.py:83: VisibleDeprecationWarning: dtype(): align should be passed as Python or NumPy boolean but got `align=0`. Did you mean to pass a tuple to create a subarray type? (Deprecated NumPy 2.4)
  entry = pickle.load(f, encoding="latin1")
image_source=noisy  N_train=22500  noise_rate=58.23%
  ep   0: acc1=23.55%  acc2=22.49%  ens=23.02%  (best 23.02 @ ep 0)  [8.6s]
  ep   1: acc1=25.78%  acc2=28.13%  ens=26.95%  (best 26.95 @ ep 1)  [7.6s]
  ep   2: acc1=26.93%  acc2=26.26%  ens=26.60%  (best 26.95 @ ep 1)  [7.5s]
  ep   3: acc1=34.15%  acc2=30.39%  ens=32.27%  (best 32.27 @ ep 3)  [25.1s]
  ep   4: acc1=37.56%  acc2=32.04%  ens=34.80%  (best 34.80 @ ep 4)  [22.8s]
  ep   5: acc1=34.91%  acc2=31.11%  ens=33.01%  (best 34.80 @ ep 4)  [10.6s]  [w on clean=0.752, on noisy=0.674]
  ep   6: acc1=36.77%  acc2=34.13%  ens=35.45%  (best 35.45 @ ep 6)  [7.2s]
  ep   7: acc1=32.93%  acc2=31.14%  ens=32.04%  (best 35.45 @ ep 6)  [7.3s]
  ep   8: acc1=34.56%  acc2=37.54%  ens=36.05%  (best 36.05 @ ep 8)  [7.1s]
  ep   9: acc1=34.88%  acc2=38.03%  ens=36.46%  (best 36.46 @ ep 9)  [8.2s]
  ep  10: acc1=25.18%  acc2=20.64%  ens=22.91%  (best 36.46 @ ep 9)  [113.0s]  [w on clean=0.705, on noisy=0.772]
  ep  11: acc1=19.59%  acc2=20.29%  ens=19.94%  (best 36.46 @ ep 9)  [35.8s]
  ep  12: acc1=19.76%  acc2=19.29%  ens=19.52%  (best 36.46 @ ep 9)  [45.9s]
  ep  13: acc1=18.63%  acc2=19.21%  ens=18.92%  (best 36.46 @ ep 9)  [36.2s]
  ep  14: acc1=19.41%  acc2=15.64%  ens=17.53%  (best 36.46 @ ep 9)  [41.7s]
  ep  15: acc1=15.63%  acc2=18.09%  ens=16.86%  (best 36.46 @ ep 9)  [36.2s]
  ep  16: acc1=19.71%  acc2=15.55%  ens=17.63%  (best 36.46 @ ep 9)  [97.9s]
  ep  17: acc1=18.00%  acc2=13.35%  ens=15.68%  (best 36.46 @ ep 9)  [59.8s]
  ep  18: acc1=12.86%  acc2=14.66%  ens=13.76%  (best 36.46 @ ep 9)  [37.6s]
  ep  19: acc1=13.15%  acc2=14.09%  ens=13.62%  (best 36.46 @ ep 9)  [128.7s]
  ep  20: acc1=12.42%  acc2=15.18%  ens=13.80%  (best 36.46 @ ep 9)  [43.6s]  [w on clean=0.668, on noisy=0.841]
  ep  21: acc1=14.46%  acc2=16.51%  ens=15.48%  (best 36.46 @ ep 9)  [101.2s]
  ep  22: acc1=13.48%  acc2=15.81%  ens=14.64%  (best 36.46 @ ep 9)  [41.7s]
  ep  23: acc1=15.03%  acc2=15.95%  ens=15.49%  (best 36.46 @ ep 9)  [130.8s]
  ep  24: acc1=17.23%  acc2=17.84%  ens=17.54%  (best 36.46 @ ep 9)  [39.1s]
  ep  25: acc1=18.70%  acc2=15.67%  ens=17.18%  (best 36.46 @ ep 9)  [125.9s]
  ep  26: acc1=18.36%  acc2=15.77%  ens=17.07%  (best 36.46 @ ep 9)  [40.3s]
  ep  27: acc1=17.18%  acc2=19.83%  ens=18.50%  (best 36.46 @ ep 9)  [92.4s]
  ep  28: acc1=19.52%  acc2=21.59%  ens=20.55%  (best 36.46 @ ep 9)  [39.0s]
  ep  29: acc1=22.56%  acc2=15.14%  ens=18.85%  (best 36.46 @ ep 9)  [60.8s]
  ep  30: acc1=17.74%  acc2=16.82%  ens=17.28%  (best 36.46 @ ep 9)  [106.7s]  [w on clean=0.668, on noisy=0.841]
  ep  31: acc1=23.74%  acc2=18.28%  ens=21.01%  (best 36.46 @ ep 9)  [124.9s]
  ep  32: acc1=19.51%  acc2=20.65%  ens=20.08%  (best 36.46 @ ep 9)  [38.1s]
  ep  33: acc1=22.05%  acc2=18.71%  ens=20.38%  (best 36.46 @ ep 9)  [46.9s]
  ep  34: acc1=19.14%  acc2=18.80%  ens=18.97%  (best 36.46 @ ep 9)  [66.9s]
  ep  35: acc1=20.34%  acc2=19.48%  ens=19.91%  (best 36.46 @ ep 9)  [44.8s]
  ep  36: acc1=20.12%  acc2=20.72%  ens=20.42%  (best 36.46 @ ep 9)  [126.6s]
  ep  37: acc1=22.37%  acc2=23.35%  ens=22.86%  (best 36.46 @ ep 9)  [41.3s]
  ep  38: acc1=20.70%  acc2=18.74%  ens=19.72%  (best 36.46 @ ep 9)  [48.8s]
  ep  39: acc1=22.14%  acc2=21.14%  ens=21.64%  (best 36.46 @ ep 9)  [38.1s]
  ep  40: acc1=25.50%  acc2=22.64%  ens=24.07%  (best 36.46 @ ep 9)  [44.0s]
  ep  41: acc1=25.18%  acc2=24.23%  ens=24.70%  (best 36.46 @ ep 9)  [47.1s]
  ep  42: acc1=24.64%  acc2=22.23%  ens=23.43%  (best 36.46 @ ep 9)  [111.4s]
  ep  43: acc1=22.74%  acc2=23.02%  ens=22.88%  (best 36.46 @ ep 9)  [38.4s]
  ep  44: acc1=23.43%  acc2=26.13%  ens=24.78%  (best 36.46 @ ep 9)  [69.7s]
  ep  45: acc1=23.98%  acc2=25.65%  ens=24.82%  (best 36.46 @ ep 9)  [112.7s]
  ep  46: acc1=22.99%  acc2=23.19%  ens=23.09%  (best 36.46 @ ep 9)  [38.1s]
  ep  47: acc1=25.12%  acc2=24.60%  ens=24.86%  (best 36.46 @ ep 9)  [56.1s]
  ep  48: acc1=24.71%  acc2=25.42%  ens=25.06%  (best 36.46 @ ep 9)  [40.1s]
  ep  49: acc1=27.19%  acc2=25.91%  ens=26.55%  (best 36.46 @ ep 9)  [64.3s]
  ep  50: acc1=25.45%  acc2=24.68%  ens=25.06%  (best 36.46 @ ep 9)  [45.4s]  [w on clean=0.668, on noisy=0.841]
  ep  51: acc1=25.40%  acc2=25.91%  ens=25.66%  (best 36.46 @ ep 9)  [42.5s]
  ep  52: acc1=24.03%  acc2=23.99%  ens=24.01%  (best 36.46 @ ep 9)  [40.5s]
  ep  53: acc1=23.56%  acc2=22.47%  ens=23.02%  (best 36.46 @ ep 9)  [40.2s]
  ep  54: acc1=23.57%  acc2=25.22%  ens=24.39%  (best 36.46 @ ep 9)  [279.8s]
  ep  55: acc1=27.02%  acc2=24.47%  ens=25.75%  (best 36.46 @ ep 9)  [38.9s]
  ep  56: acc1=24.25%  acc2=24.21%  ens=24.23%  (best 36.46 @ ep 9)  [44.6s]
  ep  57: acc1=24.89%  acc2=24.96%  ens=24.93%  (best 36.46 @ ep 9)  [38.4s]
  ep  58: acc1=24.77%  acc2=25.18%  ens=24.98%  (best 36.46 @ ep 9)  [92.4s]
  ep  59: acc1=25.04%  acc2=25.26%  ens=25.15%  (best 36.46 @ ep 9)  [40.0s]
  ep  60: acc1=24.26%  acc2=22.90%  ens=23.58%  (best 36.46 @ ep 9)  [37.7s]
  ep  61: acc1=24.61%  acc2=24.39%  ens=24.50%  (best 36.46 @ ep 9)  [115.4s]
  ep  62: acc1=24.44%  acc2=25.59%  ens=25.01%  (best 36.46 @ ep 9)  [36.8s]
  ep  63: acc1=25.04%  acc2=25.66%  ens=25.35%  (best 36.46 @ ep 9)  [69.9s]
  ep  64: acc1=26.09%  acc2=24.82%  ens=25.45%  (best 36.46 @ ep 9)  [38.3s]
  ep  65: acc1=25.40%  acc2=23.84%  ens=24.62%  (best 36.46 @ ep 9)  [206.4s]
  ep  66: acc1=23.73%  acc2=25.13%  ens=24.43%  (best 36.46 @ ep 9)  [36.6s]
  ep  67: acc1=25.44%  acc2=25.19%  ens=25.31%  (best 36.46 @ ep 9)  [225.0s]
  ep  68: acc1=25.76%  acc2=24.40%  ens=25.08%  (best 36.46 @ ep 9)  [39.0s]
  ep  69: acc1=25.21%  acc2=24.39%  ens=24.80%  (best 36.46 @ ep 9)  [42.2s]
  ep  70: acc1=25.09%  acc2=24.55%  ens=24.82%  (best 36.46 @ ep 9)  [37.4s]
  ep  71: acc1=24.77%  acc2=24.60%  ens=24.69%  (best 36.46 @ ep 9)  [84.0s]
  ep  72: acc1=24.53%  acc2=25.39%  ens=24.96%  (best 36.46 @ ep 9)  [81.5s]
  ep  73: acc1=23.83%  acc2=25.20%  ens=24.52%  (best 36.46 @ ep 9)  [42.4s]
  ep  74: acc1=26.05%  acc2=25.52%  ens=25.79%  (best 36.46 @ ep 9)  [41.4s]
  ep  75: acc1=26.03%  acc2=25.53%  ens=25.78%  (best 36.46 @ ep 9)  [41.4s]  [w on clean=0.668, on noisy=0.841]
  ep  76: acc1=25.39%  acc2=26.80%  ens=26.10%  (best 36.46 @ ep 9)  [39.6s]
  ep  77: acc1=26.60%  acc2=26.60%  ens=26.60%  (best 36.46 @ ep 9)  [90.8s]
  ep  78: acc1=26.49%  acc2=26.75%  ens=26.62%  (best 36.46 @ ep 9)  [101.9s]
  ep  79: acc1=25.89%  acc2=25.33%  ens=25.61%  (best 36.46 @ ep 9)  [104.6s]
  ep  80: acc1=25.10%  acc2=25.37%  ens=25.23%  (best 36.46 @ ep 9)  [204.1s]
  ep  81: acc1=24.82%  acc2=26.44%  ens=25.63%  (best 36.46 @ ep 9)  [39.7s]
  ep  82: acc1=25.43%  acc2=26.35%  ens=25.89%  (best 36.46 @ ep 9)  [77.3s]
  ep  83: acc1=25.62%  acc2=26.39%  ens=26.00%  (best 36.46 @ ep 9)  [62.7s]
  ep  84: acc1=26.23%  acc2=25.61%  ens=25.92%  (best 36.46 @ ep 9)  [38.3s]
  ep  85: acc1=25.78%  acc2=26.90%  ens=26.34%  (best 36.46 @ ep 9)  [59.7s]
  ep  86: acc1=26.39%  acc2=26.85%  ens=26.62%  (best 36.46 @ ep 9)  [37.8s]
  ep  87: acc1=26.19%  acc2=26.69%  ens=26.44%  (best 36.46 @ ep 9)  [155.0s]
  ep  88: acc1=26.22%  acc2=26.71%  ens=26.46%  (best 36.46 @ ep 9)  [39.5s]
  ep  89: acc1=26.35%  acc2=25.90%  ens=26.12%  (best 36.46 @ ep 9)  [45.9s]
  ep  90: acc1=26.10%  acc2=26.07%  ens=26.09%  (best 36.46 @ ep 9)  [38.3s]
  ep  91: acc1=25.79%  acc2=25.61%  ens=25.70%  (best 36.46 @ ep 9)  [37.2s]
  ep  92: acc1=25.70%  acc2=26.24%  ens=25.97%  (best 36.46 @ ep 9)  [67.0s]
  ep  93: acc1=25.82%  acc2=26.18%  ens=26.00%  (best 36.46 @ ep 9)  [38.9s]
  ep  94: acc1=26.34%  acc2=26.21%  ens=26.28%  (best 36.46 @ ep 9)  [47.2s]
  ep  95: acc1=26.16%  acc2=26.44%  ens=26.30%  (best 36.46 @ ep 9)  [79.0s]
  ep  96: acc1=26.02%  acc2=26.30%  ens=26.16%  (best 36.46 @ ep 9)  [37.4s]
  ep  97: acc1=25.92%  acc2=26.09%  ens=26.00%  (best 36.46 @ ep 9)  [109.2s]
  ep  98: acc1=26.14%  acc2=26.77%  ens=26.46%  (best 36.46 @ ep 9)  [38.3s]
  ep  99: acc1=26.10%  acc2=26.09%  ens=26.10%  (best 36.46 @ ep 9)  [147.2s]  [w on clean=0.668, on noisy=0.841]

saved /path/to/ciln-workspace/journal_edition/robustness_transfer/results_v4/dividemix/ours_v2_noisy__pixelate_sev5__seed2.json: best ens-acc 36.46% @ ep 9
