condition=ours_v2_noisy__glass_blur_sev3 seed=1 gpu=2
/path/to/ciln-workspace/venv/lib/python3.12/site-packages/torchvision/datasets/cifar.py:83: VisibleDeprecationWarning: dtype(): align should be passed as Python or NumPy boolean but got `align=0`. Did you mean to pass a tuple to create a subarray type? (Deprecated NumPy 2.4)
  entry = pickle.load(f, encoding="latin1")
image_source=noisy  N=22500  noise_rate=64.68%
  ep   0: loss=1.7324  test_acc=17.60%  (best 17.60 @ ep 0)  [4.4s]
  ep   1: loss=1.6187  test_acc=15.99%  (best 17.60 @ ep 0)  [3.6s]
  ep   2: loss=1.5716  test_acc=22.32%  (best 22.32 @ ep 2)  [3.4s]
  ep   3: loss=1.5419  test_acc=22.28%  (best 22.32 @ ep 2)  [3.6s]
  ep   4: loss=1.5202  test_acc=22.14%  (best 22.32 @ ep 2)  [3.6s]
  ep   5: loss=1.4943  test_acc=26.93%  (best 26.93 @ ep 5)  [5.5s]  [logged per-sample loss: mean=1.502]
  ep   6: loss=1.4768  test_acc=26.08%  (best 26.93 @ ep 5)  [3.9s]
  ep   7: loss=1.4665  test_acc=26.55%  (best 26.93 @ ep 5)  [3.6s]
  ep   8: loss=1.4500  test_acc=29.67%  (best 29.67 @ ep 8)  [3.7s]
  ep   9: loss=1.4408  test_acc=29.45%  (best 29.67 @ ep 8)  [3.6s]
  ep  10: loss=1.4384  test_acc=26.84%  (best 29.67 @ ep 8)  [5.2s]  [logged per-sample loss: mean=1.453]
  ep  11: loss=1.4261  test_acc=32.81%  (best 32.81 @ ep 11)  [3.5s]
  ep  12: loss=1.4172  test_acc=30.33%  (best 32.81 @ ep 11)  [3.4s]
  ep  13: loss=1.4155  test_acc=35.07%  (best 35.07 @ ep 13)  [3.7s]
  ep  14: loss=1.4101  test_acc=30.82%  (best 35.07 @ ep 13)  [9.1s]
  ep  15: loss=1.4024  test_acc=33.51%  (best 35.07 @ ep 13)  [9.5s]
  ep  16: loss=1.4026  test_acc=29.35%  (best 35.07 @ ep 13)  [8.7s]
  ep  17: loss=1.3902  test_acc=33.17%  (best 35.07 @ ep 13)  [9.9s]
  ep  18: loss=1.3956  test_acc=36.46%  (best 36.46 @ ep 18)  [9.1s]
  ep  19: loss=1.3911  test_acc=37.04%  (best 37.04 @ ep 19)  [8.7s]
  ep  20: loss=1.3881  test_acc=35.32%  (best 37.04 @ ep 19)  [12.0s]  [logged per-sample loss: mean=1.443]
  ep  21: loss=1.3801  test_acc=35.58%  (best 37.04 @ ep 19)  [8.4s]
  ep  22: loss=1.3818  test_acc=34.21%  (best 37.04 @ ep 19)  [9.2s]
  ep  23: loss=1.3743  test_acc=34.70%  (best 37.04 @ ep 19)  [10.4s]
  ep  24: loss=1.3687  test_acc=34.59%  (best 37.04 @ ep 19)  [8.5s]
  ep  25: loss=1.3665  test_acc=34.42%  (best 37.04 @ ep 19)  [10.0s]
  ep  26: loss=1.3665  test_acc=38.52%  (best 38.52 @ ep 26)  [9.5s]
  ep  27: loss=1.3596  test_acc=36.25%  (best 38.52 @ ep 26)  [8.9s]
  ep  28: loss=1.3618  test_acc=34.02%  (best 38.52 @ ep 26)  [9.4s]
  ep  29: loss=1.3485  test_acc=36.67%  (best 38.52 @ ep 26)  [8.9s]
  ep  30: loss=1.3477  test_acc=36.04%  (best 38.52 @ ep 26)  [11.9s]  [logged per-sample loss: mean=1.348]
  ep  31: loss=1.3472  test_acc=38.92%  (best 38.92 @ ep 31)  [9.3s]
  ep  32: loss=1.3389  test_acc=37.41%  (best 38.92 @ ep 31)  [9.2s]
  ep  33: loss=1.3377  test_acc=39.32%  (best 39.32 @ ep 33)  [9.4s]
  ep  34: loss=1.3314  test_acc=40.20%  (best 40.20 @ ep 34)  [8.5s]
  ep  35: loss=1.3296  test_acc=44.85%  (best 44.85 @ ep 35)  [9.8s]
  ep  36: loss=1.3288  test_acc=39.00%  (best 44.85 @ ep 35)  [8.8s]
  ep  37: loss=1.3238  test_acc=34.60%  (best 44.85 @ ep 35)  [8.4s]
  ep  38: loss=1.3237  test_acc=35.76%  (best 44.85 @ ep 35)  [8.4s]
  ep  39: loss=1.3250  test_acc=39.16%  (best 44.85 @ ep 35)  [8.6s]
  ep  40: loss=1.3141  test_acc=39.00%  (best 44.85 @ ep 35)  [8.4s]
  ep  41: loss=1.3090  test_acc=39.98%  (best 44.85 @ ep 35)  [8.0s]
  ep  42: loss=1.3030  test_acc=35.65%  (best 44.85 @ ep 35)  [9.0s]
  ep  43: loss=1.3118  test_acc=39.37%  (best 44.85 @ ep 35)  [8.6s]
  ep  44: loss=1.2986  test_acc=42.77%  (best 44.85 @ ep 35)  [8.7s]
  ep  45: loss=1.2965  test_acc=41.60%  (best 44.85 @ ep 35)  [8.5s]
  ep  46: loss=1.2924  test_acc=40.49%  (best 44.85 @ ep 35)  [8.5s]
  ep  47: loss=1.2875  test_acc=43.79%  (best 44.85 @ ep 35)  [8.7s]
  ep  48: loss=1.2845  test_acc=39.36%  (best 44.85 @ ep 35)  [8.7s]
  ep  49: loss=1.2800  test_acc=44.46%  (best 44.85 @ ep 35)  [8.5s]
  ep  50: loss=1.2708  test_acc=41.82%  (best 44.85 @ ep 35)  [11.9s]  [logged per-sample loss: mean=1.303]
  ep  51: loss=1.2708  test_acc=44.86%  (best 44.86 @ ep 51)  [9.1s]
  ep  52: loss=1.2627  test_acc=44.60%  (best 44.86 @ ep 51)  [8.8s]
  ep  53: loss=1.2606  test_acc=42.68%  (best 44.86 @ ep 51)  [8.8s]
  ep  54: loss=1.2539  test_acc=43.14%  (best 44.86 @ ep 51)  [8.6s]
  ep  55: loss=1.2511  test_acc=43.32%  (best 44.86 @ ep 51)  [9.0s]
  ep  56: loss=1.2428  test_acc=44.83%  (best 44.86 @ ep 51)  [9.5s]
  ep  57: loss=1.2424  test_acc=47.10%  (best 47.10 @ ep 57)  [9.2s]
  ep  58: loss=1.2338  test_acc=40.62%  (best 47.10 @ ep 57)  [8.9s]
  ep  59: loss=1.2230  test_acc=43.91%  (best 47.10 @ ep 57)  [9.2s]
  ep  60: loss=1.2219  test_acc=39.53%  (best 47.10 @ ep 57)  [10.0s]
  ep  61: loss=1.2116  test_acc=40.71%  (best 47.10 @ ep 57)  [9.0s]
  ep  62: loss=1.2028  test_acc=42.87%  (best 47.10 @ ep 57)  [9.6s]
  ep  63: loss=1.1964  test_acc=43.24%  (best 47.10 @ ep 57)  [8.5s]
  ep  64: loss=1.1941  test_acc=44.15%  (best 47.10 @ ep 57)  [9.3s]
  ep  65: loss=1.1804  test_acc=44.41%  (best 47.10 @ ep 57)  [8.0s]
  ep  66: loss=1.1805  test_acc=42.40%  (best 47.10 @ ep 57)  [8.8s]
  ep  67: loss=1.1642  test_acc=41.65%  (best 47.10 @ ep 57)  [8.8s]
  ep  68: loss=1.1595  test_acc=41.89%  (best 47.10 @ ep 57)  [3.5s]
  ep  69: loss=1.1509  test_acc=37.49%  (best 47.10 @ ep 57)  [3.7s]
  ep  70: loss=1.1461  test_acc=39.97%  (best 47.10 @ ep 57)  [3.6s]
  ep  71: loss=1.1282  test_acc=43.96%  (best 47.10 @ ep 57)  [3.5s]
  ep  72: loss=1.1146  test_acc=41.61%  (best 47.10 @ ep 57)  [3.6s]
  ep  73: loss=1.1070  test_acc=40.31%  (best 47.10 @ ep 57)  [3.6s]
  ep  74: loss=1.0927  test_acc=44.16%  (best 47.10 @ ep 57)  [3.6s]
  ep  75: loss=1.0810  test_acc=40.47%  (best 47.10 @ ep 57)  [5.2s]  [logged per-sample loss: mean=1.051]
  ep  76: loss=1.0660  test_acc=42.12%  (best 47.10 @ ep 57)  [3.6s]
  ep  77: loss=1.0511  test_acc=40.54%  (best 47.10 @ ep 57)  [3.7s]
  ep  78: loss=1.0402  test_acc=41.93%  (best 47.10 @ ep 57)  [3.5s]
  ep  79: loss=1.0250  test_acc=43.11%  (best 47.10 @ ep 57)  [3.8s]
  ep  80: loss=1.0139  test_acc=42.61%  (best 47.10 @ ep 57)  [3.6s]
  ep  81: loss=0.9946  test_acc=40.88%  (best 47.10 @ ep 57)  [3.5s]
  ep  82: loss=0.9809  test_acc=40.53%  (best 47.10 @ ep 57)  [3.5s]
  ep  83: loss=0.9600  test_acc=43.50%  (best 47.10 @ ep 57)  [3.7s]
  ep  84: loss=0.9403  test_acc=40.45%  (best 47.10 @ ep 57)  [5.0s]
  ep  85: loss=0.9150  test_acc=41.37%  (best 47.10 @ ep 57)  [7.9s]
  ep  86: loss=0.8984  test_acc=41.56%  (best 47.10 @ ep 57)  [8.8s]
  ep  87: loss=0.8810  test_acc=44.40%  (best 47.10 @ ep 57)  [8.0s]
  ep  88: loss=0.8563  test_acc=41.22%  (best 47.10 @ ep 57)  [8.3s]
  ep  89: loss=0.8402  test_acc=43.07%  (best 47.10 @ ep 57)  [8.0s]
  ep  90: loss=0.8248  test_acc=43.96%  (best 47.10 @ ep 57)  [8.1s]
  ep  91: loss=0.7980  test_acc=43.38%  (best 47.10 @ ep 57)  [7.9s]
  ep  92: loss=0.7852  test_acc=42.69%  (best 47.10 @ ep 57)  [8.0s]
  ep  93: loss=0.7694  test_acc=42.73%  (best 47.10 @ ep 57)  [8.2s]
  ep  94: loss=0.7548  test_acc=42.21%  (best 47.10 @ ep 57)  [8.0s]
  ep  95: loss=0.7397  test_acc=42.76%  (best 47.10 @ ep 57)  [4.8s]
  ep  96: loss=0.7337  test_acc=41.87%  (best 47.10 @ ep 57)  [3.7s]
  ep  97: loss=0.7286  test_acc=42.53%  (best 47.10 @ ep 57)  [3.7s]
  ep  98: loss=0.7214  test_acc=42.80%  (best 47.10 @ ep 57)  [3.8s]
  ep  99: loss=0.7193  test_acc=42.06%  (best 47.10 @ ep 57)  [5.3s]  [logged per-sample loss: mean=0.665]

saved /path/to/ciln-workspace/journal_edition/robustness_transfer/results_v4/erm/ours_v2_noisy__glass_blur_sev3__seed1.json: best 47.10% @ ep 57
