condition=ours_v2_noisy__gaussian_noise_sev1 seed=1 gpu=2
/path/to/ciln-workspace/venv/lib/python3.12/site-packages/torchvision/datasets/cifar.py:83: VisibleDeprecationWarning: dtype(): align should be passed as Python or NumPy boolean but got `align=0`. Did you mean to pass a tuple to create a subarray type? (Deprecated NumPy 2.4)
  entry = pickle.load(f, encoding="latin1")
image_source=noisy  N=22500  noise_rate=21.27%
  ep   0: R(t)=1.000  acc1=30.74%  acc2=37.94%  ens=34.34%  (best 34.34 @ ep 0)  [7.3s]
  ep   1: R(t)=0.933  acc1=38.71%  acc2=41.39%  ens=40.05%  (best 40.05 @ ep 1)  [6.7s]
  ep   2: R(t)=0.905  acc1=45.30%  acc2=47.65%  ens=46.48%  (best 46.48 @ ep 2)  [6.8s]
  ep   3: R(t)=0.883  acc1=44.44%  acc2=46.72%  ens=45.58%  (best 46.48 @ ep 2)  [6.4s]
  ep   4: R(t)=0.865  acc1=52.61%  acc2=56.10%  ens=54.35%  (best 54.35 @ ep 4)  [6.6s]
  ep   5: R(t)=0.850  acc1=57.66%  acc2=57.84%  ens=57.75%  (best 57.75 @ ep 5)  [9.8s]  [sel1+2: prec=0.822, recall_clean=0.926]
  ep   6: R(t)=0.835  acc1=57.53%  acc2=57.90%  ens=57.72%  (best 57.75 @ ep 5)  [6.4s]
  ep   7: R(t)=0.822  acc1=56.84%  acc2=55.81%  ens=56.33%  (best 57.75 @ ep 5)  [14.7s]
  ep   8: R(t)=0.810  acc1=55.81%  acc2=63.41%  ens=59.61%  (best 59.61 @ ep 8)  [17.5s]
  ep   9: R(t)=0.798  acc1=59.81%  acc2=57.66%  ens=58.74%  (best 59.61 @ ep 8)  [17.9s]
  ep  10: R(t)=0.787  acc1=56.44%  acc2=58.04%  ens=57.24%  (best 59.61 @ ep 8)  [24.5s]  [sel1+2: prec=0.848, recall_clean=0.898]
  ep  11: R(t)=0.787  acc1=63.55%  acc2=61.67%  ens=62.61%  (best 62.61 @ ep 11)  [18.2s]
  ep  12: R(t)=0.787  acc1=63.97%  acc2=65.75%  ens=64.86%  (best 64.86 @ ep 12)  [16.1s]
  ep  13: R(t)=0.787  acc1=63.05%  acc2=64.87%  ens=63.96%  (best 64.86 @ ep 12)  [11.6s]
  ep  14: R(t)=0.787  acc1=64.81%  acc2=65.51%  ens=65.16%  (best 65.16 @ ep 14)  [6.5s]
  ep  15: R(t)=0.787  acc1=61.72%  acc2=68.06%  ens=64.89%  (best 65.16 @ ep 14)  [6.6s]
  ep  16: R(t)=0.787  acc1=68.76%  acc2=62.63%  ens=65.69%  (best 65.69 @ ep 16)  [6.5s]
  ep  17: R(t)=0.787  acc1=62.06%  acc2=66.88%  ens=64.47%  (best 65.69 @ ep 16)  [6.3s]
  ep  18: R(t)=0.787  acc1=63.95%  acc2=67.70%  ens=65.83%  (best 65.83 @ ep 18)  [6.4s]
  ep  19: R(t)=0.787  acc1=70.09%  acc2=66.16%  ens=68.12%  (best 68.12 @ ep 19)  [6.7s]
  ep  20: R(t)=0.787  acc1=68.81%  acc2=71.27%  ens=70.04%  (best 70.04 @ ep 20)  [9.9s]  [sel1+2: prec=0.864, recall_clean=0.913]
  ep  21: R(t)=0.787  acc1=67.77%  acc2=72.13%  ens=69.95%  (best 70.04 @ ep 20)  [6.7s]
  ep  22: R(t)=0.787  acc1=63.20%  acc2=64.97%  ens=64.09%  (best 70.04 @ ep 20)  [14.0s]
  ep  23: R(t)=0.787  acc1=62.45%  acc2=62.90%  ens=62.68%  (best 70.04 @ ep 20)  [18.4s]
  ep  24: R(t)=0.787  acc1=67.17%  acc2=66.28%  ens=66.72%  (best 70.04 @ ep 20)  [17.0s]
  ep  25: R(t)=0.787  acc1=68.74%  acc2=71.87%  ens=70.30%  (best 70.30 @ ep 25)  [6.5s]
  ep  26: R(t)=0.787  acc1=70.30%  acc2=67.88%  ens=69.09%  (best 70.30 @ ep 25)  [6.9s]
  ep  27: R(t)=0.787  acc1=67.62%  acc2=69.24%  ens=68.43%  (best 70.30 @ ep 25)  [6.6s]
  ep  28: R(t)=0.787  acc1=69.28%  acc2=69.57%  ens=69.42%  (best 70.30 @ ep 25)  [6.9s]
  ep  29: R(t)=0.787  acc1=68.49%  acc2=60.29%  ens=64.39%  (best 70.30 @ ep 25)  [6.7s]
  ep  30: R(t)=0.787  acc1=68.76%  acc2=67.60%  ens=68.18%  (best 70.30 @ ep 25)  [10.1s]  [sel1+2: prec=0.869, recall_clean=0.916]
  ep  31: R(t)=0.787  acc1=68.54%  acc2=72.66%  ens=70.60%  (best 70.60 @ ep 31)  [7.1s]
  ep  32: R(t)=0.787  acc1=69.15%  acc2=73.03%  ens=71.09%  (best 71.09 @ ep 32)  [6.5s]
  ep  33: R(t)=0.787  acc1=69.91%  acc2=72.69%  ens=71.30%  (best 71.30 @ ep 33)  [7.8s]
  ep  34: R(t)=0.787  acc1=71.46%  acc2=72.71%  ens=72.08%  (best 72.08 @ ep 34)  [20.1s]
  ep  35: R(t)=0.787  acc1=64.95%  acc2=68.36%  ens=66.66%  (best 72.08 @ ep 34)  [19.1s]
  ep  36: R(t)=0.787  acc1=73.20%  acc2=72.94%  ens=73.07%  (best 73.07 @ ep 36)  [18.5s]
  ep  37: R(t)=0.787  acc1=74.12%  acc2=70.06%  ens=72.09%  (best 73.07 @ ep 36)  [19.1s]
  ep  38: R(t)=0.787  acc1=72.48%  acc2=71.92%  ens=72.20%  (best 73.07 @ ep 36)  [21.2s]
  ep  39: R(t)=0.787  acc1=74.46%  acc2=74.24%  ens=74.35%  (best 74.35 @ ep 39)  [20.6s]
  ep  40: R(t)=0.787  acc1=72.33%  acc2=75.12%  ens=73.72%  (best 74.35 @ ep 39)  [15.2s]
  ep  41: R(t)=0.787  acc1=71.42%  acc2=72.77%  ens=72.09%  (best 74.35 @ ep 39)  [6.7s]
  ep  42: R(t)=0.787  acc1=70.81%  acc2=71.24%  ens=71.03%  (best 74.35 @ ep 39)  [6.5s]
  ep  43: R(t)=0.787  acc1=71.68%  acc2=74.62%  ens=73.15%  (best 74.35 @ ep 39)  [6.7s]
  ep  44: R(t)=0.787  acc1=71.70%  acc2=73.48%  ens=72.59%  (best 74.35 @ ep 39)  [6.4s]
  ep  45: R(t)=0.787  acc1=72.01%  acc2=75.67%  ens=73.84%  (best 74.35 @ ep 39)  [6.4s]
  ep  46: R(t)=0.787  acc1=72.77%  acc2=74.99%  ens=73.88%  (best 74.35 @ ep 39)  [6.6s]
  ep  47: R(t)=0.787  acc1=75.68%  acc2=71.47%  ens=73.58%  (best 74.35 @ ep 39)  [6.5s]
  ep  48: R(t)=0.787  acc1=75.31%  acc2=74.62%  ens=74.96%  (best 74.96 @ ep 48)  [6.5s]
  ep  49: R(t)=0.787  acc1=76.06%  acc2=74.68%  ens=75.37%  (best 75.37 @ ep 49)  [6.6s]
  ep  50: R(t)=0.787  acc1=76.41%  acc2=74.26%  ens=75.33%  (best 75.37 @ ep 49)  [27.0s]  [sel1+2: prec=0.880, recall_clean=0.926]
  ep  51: R(t)=0.787  acc1=76.71%  acc2=76.16%  ens=76.44%  (best 76.44 @ ep 51)  [19.5s]
  ep  52: R(t)=0.787  acc1=77.07%  acc2=77.45%  ens=77.26%  (best 77.26 @ ep 52)  [18.8s]
  ep  53: R(t)=0.787  acc1=72.46%  acc2=72.65%  ens=72.56%  (best 77.26 @ ep 52)  [19.0s]
  ep  54: R(t)=0.787  acc1=72.80%  acc2=75.66%  ens=74.23%  (best 77.26 @ ep 52)  [18.9s]
  ep  55: R(t)=0.787  acc1=75.23%  acc2=74.69%  ens=74.96%  (best 77.26 @ ep 52)  [20.6s]
  ep  56: R(t)=0.787  acc1=75.56%  acc2=75.51%  ens=75.53%  (best 77.26 @ ep 52)  [20.8s]
  ep  57: R(t)=0.787  acc1=72.25%  acc2=75.79%  ens=74.02%  (best 77.26 @ ep 52)  [20.1s]
  ep  58: R(t)=0.787  acc1=75.13%  acc2=74.74%  ens=74.94%  (best 77.26 @ ep 52)  [23.1s]
  ep  59: R(t)=0.787  acc1=75.92%  acc2=73.78%  ens=74.85%  (best 77.26 @ ep 52)  [22.8s]
  ep  60: R(t)=0.787  acc1=77.27%  acc2=74.99%  ens=76.13%  (best 77.26 @ ep 52)  [20.7s]
  ep  61: R(t)=0.787  acc1=78.29%  acc2=75.61%  ens=76.95%  (best 77.26 @ ep 52)  [22.6s]
  ep  62: R(t)=0.787  acc1=76.77%  acc2=71.31%  ens=74.04%  (best 77.26 @ ep 52)  [20.4s]
  ep  63: R(t)=0.787  acc1=77.70%  acc2=77.43%  ens=77.56%  (best 77.56 @ ep 63)  [19.9s]
  ep  64: R(t)=0.787  acc1=76.26%  acc2=71.95%  ens=74.11%  (best 77.56 @ ep 63)  [16.8s]
  ep  65: R(t)=0.787  acc1=79.03%  acc2=77.96%  ens=78.50%  (best 78.50 @ ep 65)  [6.6s]
  ep  66: R(t)=0.787  acc1=79.33%  acc2=75.99%  ens=77.66%  (best 78.50 @ ep 65)  [6.2s]
  ep  67: R(t)=0.787  acc1=76.09%  acc2=77.15%  ens=76.62%  (best 78.50 @ ep 65)  [6.5s]
  ep  68: R(t)=0.787  acc1=76.71%  acc2=77.20%  ens=76.95%  (best 78.50 @ ep 65)  [6.5s]
  ep  69: R(t)=0.787  acc1=79.64%  acc2=75.68%  ens=77.66%  (best 78.50 @ ep 65)  [6.5s]
  ep  70: R(t)=0.787  acc1=77.72%  acc2=77.91%  ens=77.81%  (best 78.50 @ ep 65)  [6.5s]
  ep  71: R(t)=0.787  acc1=77.96%  acc2=78.50%  ens=78.23%  (best 78.50 @ ep 65)  [6.5s]
  ep  72: R(t)=0.787  acc1=76.96%  acc2=78.88%  ens=77.92%  (best 78.50 @ ep 65)  [6.2s]
  ep  73: R(t)=0.787  acc1=78.89%  acc2=79.21%  ens=79.05%  (best 79.05 @ ep 73)  [6.7s]
  ep  74: R(t)=0.787  acc1=80.38%  acc2=80.66%  ens=80.52%  (best 80.52 @ ep 74)  [16.9s]
  ep  75: R(t)=0.787  acc1=78.30%  acc2=79.77%  ens=79.03%  (best 80.52 @ ep 74)  [28.6s]  [sel1+2: prec=0.892, recall_clean=0.930]
  ep  76: R(t)=0.787  acc1=78.68%  acc2=80.17%  ens=79.42%  (best 80.52 @ ep 74)  [19.1s]
  ep  77: R(t)=0.787  acc1=80.37%  acc2=80.40%  ens=80.38%  (best 80.52 @ ep 74)  [17.6s]
  ep  78: R(t)=0.787  acc1=78.73%  acc2=81.43%  ens=80.08%  (best 80.52 @ ep 74)  [6.7s]
  ep  79: R(t)=0.787  acc1=81.52%  acc2=81.52%  ens=81.52%  (best 81.52 @ ep 79)  [7.0s]
  ep  80: R(t)=0.787  acc1=79.48%  acc2=80.86%  ens=80.17%  (best 81.52 @ ep 79)  [6.4s]
  ep  81: R(t)=0.787  acc1=81.20%  acc2=81.05%  ens=81.12%  (best 81.52 @ ep 79)  [6.8s]
  ep  82: R(t)=0.787  acc1=81.99%  acc2=81.76%  ens=81.88%  (best 81.88 @ ep 82)  [6.9s]
  ep  83: R(t)=0.787  acc1=80.96%  acc2=81.14%  ens=81.05%  (best 81.88 @ ep 82)  [6.4s]
  ep  84: R(t)=0.787  acc1=81.77%  acc2=81.57%  ens=81.67%  (best 81.88 @ ep 82)  [6.6s]
  ep  85: R(t)=0.787  acc1=81.30%  acc2=80.69%  ens=80.99%  (best 81.88 @ ep 82)  [6.5s]
  ep  86: R(t)=0.787  acc1=80.92%  acc2=81.63%  ens=81.28%  (best 81.88 @ ep 82)  [6.4s]
  ep  87: R(t)=0.787  acc1=82.05%  acc2=82.03%  ens=82.04%  (best 82.04 @ ep 87)  [12.8s]
  ep  88: R(t)=0.787  acc1=81.97%  acc2=82.20%  ens=82.08%  (best 82.08 @ ep 88)  [17.8s]
  ep  89: R(t)=0.787  acc1=81.55%  acc2=81.73%  ens=81.64%  (best 82.08 @ ep 88)  [16.9s]
  ep  90: R(t)=0.787  acc1=81.55%  acc2=81.53%  ens=81.54%  (best 82.08 @ ep 88)  [17.2s]
  ep  91: R(t)=0.787  acc1=81.67%  acc2=82.21%  ens=81.94%  (best 82.08 @ ep 88)  [16.8s]
  ep  92: R(t)=0.787  acc1=82.04%  acc2=82.34%  ens=82.19%  (best 82.19 @ ep 92)  [17.3s]
  ep  93: R(t)=0.787  acc1=81.89%  acc2=82.33%  ens=82.11%  (best 82.19 @ ep 92)  [16.7s]
  ep  94: R(t)=0.787  acc1=81.78%  acc2=82.20%  ens=81.99%  (best 82.19 @ ep 92)  [18.2s]
  ep  95: R(t)=0.787  acc1=81.89%  acc2=82.03%  ens=81.96%  (best 82.19 @ ep 92)  [18.2s]
  ep  96: R(t)=0.787  acc1=81.90%  acc2=82.41%  ens=82.16%  (best 82.19 @ ep 92)  [19.0s]
  ep  97: R(t)=0.787  acc1=81.65%  acc2=82.14%  ens=81.90%  (best 82.19 @ ep 92)  [16.4s]
  ep  98: R(t)=0.787  acc1=81.65%  acc2=81.98%  ens=81.81%  (best 82.19 @ ep 92)  [16.8s]
  ep  99: R(t)=0.787  acc1=81.73%  acc2=82.10%  ens=81.92%  (best 82.19 @ ep 92)  [18.0s]  [sel1+2: prec=0.900, recall_clean=0.927]

saved /path/to/ciln-workspace/journal_edition/robustness_transfer/results_v4/coteaching/ours_v2_noisy__gaussian_noise_sev1__seed1.json: best ens-acc 82.19% @ ep 92
