condition=ours_v2_noisy__frost_sev1 seed=0 gpu=2
/path/to/ciln-workspace/venv/lib/python3.12/site-packages/torchvision/datasets/cifar.py:83: VisibleDeprecationWarning: dtype(): align should be passed as Python or NumPy boolean but got `align=0`. Did you mean to pass a tuple to create a subarray type? (Deprecated NumPy 2.4)
  entry = pickle.load(f, encoding="latin1")
image_source=noisy  N=22500  noise_rate=10.16%
  ep   0: R(t)=1.000  acc1=29.73%  acc2=26.45%  ens=28.09%  (best 28.09 @ ep 0)  [11.6s]
  ep   1: R(t)=0.968  acc1=39.69%  acc2=37.19%  ens=38.44%  (best 38.44 @ ep 1)  [18.8s]
  ep   2: R(t)=0.955  acc1=48.16%  acc2=47.49%  ens=47.82%  (best 47.82 @ ep 2)  [18.9s]
  ep   3: R(t)=0.944  acc1=53.09%  acc2=43.85%  ens=48.47%  (best 48.47 @ ep 3)  [20.4s]
  ep   4: R(t)=0.936  acc1=55.02%  acc2=57.77%  ens=56.39%  (best 56.39 @ ep 4)  [19.8s]
  ep   5: R(t)=0.928  acc1=59.59%  acc2=55.76%  ens=57.67%  (best 57.67 @ ep 5)  [30.2s]  [sel1+2: prec=0.909, recall_clean=0.963]
  ep   6: R(t)=0.921  acc1=55.79%  acc2=52.16%  ens=53.97%  (best 57.67 @ ep 5)  [20.0s]
  ep   7: R(t)=0.915  acc1=58.43%  acc2=64.98%  ens=61.71%  (best 61.71 @ ep 7)  [19.1s]
  ep   8: R(t)=0.909  acc1=45.92%  acc2=58.74%  ens=52.33%  (best 61.71 @ ep 7)  [23.1s]
  ep   9: R(t)=0.904  acc1=63.75%  acc2=64.57%  ens=64.16%  (best 64.16 @ ep 9)  [21.7s]
  ep  10: R(t)=0.898  acc1=53.42%  acc2=63.12%  ens=58.27%  (best 64.16 @ ep 9)  [31.6s]  [sel1+2: prec=0.921, recall_clean=0.951]
  ep  11: R(t)=0.898  acc1=67.10%  acc2=67.26%  ens=67.18%  (best 67.18 @ ep 11)  [19.4s]
  ep  12: R(t)=0.898  acc1=61.06%  acc2=63.31%  ens=62.19%  (best 67.18 @ ep 11)  [18.6s]
  ep  13: R(t)=0.898  acc1=69.46%  acc2=67.98%  ens=68.72%  (best 68.72 @ ep 13)  [19.7s]
  ep  14: R(t)=0.898  acc1=65.05%  acc2=64.87%  ens=64.96%  (best 68.72 @ ep 13)  [22.6s]
  ep  15: R(t)=0.898  acc1=70.40%  acc2=66.92%  ens=68.66%  (best 68.72 @ ep 13)  [21.6s]
  ep  16: R(t)=0.898  acc1=69.84%  acc2=69.32%  ens=69.58%  (best 69.58 @ ep 16)  [22.3s]
  ep  17: R(t)=0.898  acc1=75.79%  acc2=68.47%  ens=72.13%  (best 72.13 @ ep 17)  [20.7s]
  ep  18: R(t)=0.898  acc1=69.43%  acc2=68.25%  ens=68.84%  (best 72.13 @ ep 17)  [19.0s]
  ep  19: R(t)=0.898  acc1=69.37%  acc2=61.47%  ens=65.42%  (best 72.13 @ ep 17)  [20.3s]
  ep  20: R(t)=0.898  acc1=67.76%  acc2=63.47%  ens=65.61%  (best 72.13 @ ep 17)  [31.1s]  [sel1+2: prec=0.925, recall_clean=0.954]
  ep  21: R(t)=0.898  acc1=64.55%  acc2=66.17%  ens=65.36%  (best 72.13 @ ep 17)  [19.8s]
  ep  22: R(t)=0.898  acc1=67.91%  acc2=73.51%  ens=70.71%  (best 72.13 @ ep 17)  [20.3s]
  ep  23: R(t)=0.898  acc1=74.30%  acc2=70.82%  ens=72.56%  (best 72.56 @ ep 23)  [21.6s]
  ep  24: R(t)=0.898  acc1=73.10%  acc2=74.06%  ens=73.58%  (best 73.58 @ ep 24)  [18.6s]
  ep  25: R(t)=0.898  acc1=71.80%  acc2=65.77%  ens=68.78%  (best 73.58 @ ep 24)  [19.6s]
  ep  26: R(t)=0.898  acc1=72.61%  acc2=72.46%  ens=72.53%  (best 73.58 @ ep 24)  [19.3s]
  ep  27: R(t)=0.898  acc1=74.02%  acc2=72.43%  ens=73.23%  (best 73.58 @ ep 24)  [12.1s]
  ep  28: R(t)=0.898  acc1=71.13%  acc2=76.40%  ens=73.77%  (best 73.77 @ ep 28)  [6.4s]
  ep  29: R(t)=0.898  acc1=72.82%  acc2=61.42%  ens=67.12%  (best 73.77 @ ep 28)  [6.4s]
  ep  30: R(t)=0.898  acc1=76.14%  acc2=76.46%  ens=76.30%  (best 76.30 @ ep 30)  [9.7s]  [sel1+2: prec=0.925, recall_clean=0.957]
  ep  31: R(t)=0.898  acc1=70.74%  acc2=75.68%  ens=73.21%  (best 76.30 @ ep 30)  [6.5s]
  ep  32: R(t)=0.898  acc1=75.62%  acc2=76.03%  ens=75.83%  (best 76.30 @ ep 30)  [6.7s]
  ep  33: R(t)=0.898  acc1=76.28%  acc2=69.11%  ens=72.69%  (best 76.30 @ ep 30)  [6.4s]
  ep  34: R(t)=0.898  acc1=76.55%  acc2=74.00%  ens=75.28%  (best 76.30 @ ep 30)  [6.6s]
  ep  35: R(t)=0.898  acc1=76.04%  acc2=76.24%  ens=76.14%  (best 76.30 @ ep 30)  [6.6s]
  ep  36: R(t)=0.898  acc1=77.10%  acc2=74.92%  ens=76.01%  (best 76.30 @ ep 30)  [13.2s]
  ep  37: R(t)=0.898  acc1=74.86%  acc2=77.15%  ens=76.00%  (best 76.30 @ ep 30)  [20.1s]
  ep  38: R(t)=0.898  acc1=67.89%  acc2=77.89%  ens=72.89%  (best 76.30 @ ep 30)  [19.5s]
  ep  39: R(t)=0.898  acc1=75.11%  acc2=69.37%  ens=72.24%  (best 76.30 @ ep 30)  [18.6s]
  ep  40: R(t)=0.898  acc1=77.44%  acc2=76.96%  ens=77.20%  (best 77.20 @ ep 40)  [18.7s]
  ep  41: R(t)=0.898  acc1=64.96%  acc2=71.03%  ens=68.00%  (best 77.20 @ ep 40)  [18.4s]
  ep  42: R(t)=0.898  acc1=72.02%  acc2=70.80%  ens=71.41%  (best 77.20 @ ep 40)  [19.9s]
  ep  43: R(t)=0.898  acc1=78.65%  acc2=70.62%  ens=74.64%  (best 77.20 @ ep 40)  [21.6s]
  ep  44: R(t)=0.898  acc1=76.80%  acc2=78.94%  ens=77.87%  (best 77.87 @ ep 44)  [6.8s]
  ep  45: R(t)=0.898  acc1=73.83%  acc2=76.78%  ens=75.31%  (best 77.87 @ ep 44)  [6.3s]
  ep  46: R(t)=0.898  acc1=78.50%  acc2=75.80%  ens=77.15%  (best 77.87 @ ep 44)  [6.4s]
  ep  47: R(t)=0.898  acc1=79.22%  acc2=79.26%  ens=79.24%  (best 79.24 @ ep 47)  [6.6s]
  ep  48: R(t)=0.898  acc1=76.96%  acc2=72.82%  ens=74.89%  (best 79.24 @ ep 47)  [6.7s]
  ep  49: R(t)=0.898  acc1=74.58%  acc2=72.77%  ens=73.67%  (best 79.24 @ ep 47)  [6.3s]
  ep  50: R(t)=0.898  acc1=77.88%  acc2=77.76%  ens=77.82%  (best 79.24 @ ep 47)  [9.7s]  [sel1+2: prec=0.931, recall_clean=0.960]
  ep  51: R(t)=0.898  acc1=75.81%  acc2=79.16%  ens=77.48%  (best 79.24 @ ep 47)  [6.5s]
  ep  52: R(t)=0.898  acc1=76.96%  acc2=78.21%  ens=77.58%  (best 79.24 @ ep 47)  [7.0s]
  ep  53: R(t)=0.898  acc1=76.23%  acc2=79.46%  ens=77.84%  (best 79.24 @ ep 47)  [19.4s]
  ep  54: R(t)=0.898  acc1=80.34%  acc2=80.38%  ens=80.36%  (best 80.36 @ ep 54)  [22.1s]
  ep  55: R(t)=0.898  acc1=78.16%  acc2=79.93%  ens=79.05%  (best 80.36 @ ep 54)  [18.2s]
  ep  56: R(t)=0.898  acc1=79.43%  acc2=80.44%  ens=79.94%  (best 80.36 @ ep 54)  [6.8s]
  ep  57: R(t)=0.898  acc1=78.25%  acc2=81.73%  ens=79.99%  (best 80.36 @ ep 54)  [6.4s]
  ep  58: R(t)=0.898  acc1=78.02%  acc2=78.12%  ens=78.07%  (best 80.36 @ ep 54)  [6.6s]
  ep  59: R(t)=0.898  acc1=77.94%  acc2=81.49%  ens=79.72%  (best 80.36 @ ep 54)  [6.3s]
  ep  60: R(t)=0.898  acc1=79.61%  acc2=80.05%  ens=79.83%  (best 80.36 @ ep 54)  [6.7s]
  ep  61: R(t)=0.898  acc1=75.29%  acc2=76.47%  ens=75.88%  (best 80.36 @ ep 54)  [6.8s]
  ep  62: R(t)=0.898  acc1=78.83%  acc2=82.33%  ens=80.58%  (best 80.58 @ ep 62)  [6.5s]
  ep  63: R(t)=0.898  acc1=79.65%  acc2=79.69%  ens=79.67%  (best 80.58 @ ep 62)  [6.6s]
  ep  64: R(t)=0.898  acc1=80.15%  acc2=80.80%  ens=80.48%  (best 80.58 @ ep 62)  [6.3s]
  ep  65: R(t)=0.898  acc1=79.73%  acc2=81.94%  ens=80.84%  (best 80.84 @ ep 65)  [13.6s]
  ep  66: R(t)=0.898  acc1=80.62%  acc2=81.21%  ens=80.92%  (best 80.92 @ ep 66)  [20.7s]
  ep  67: R(t)=0.898  acc1=81.76%  acc2=81.44%  ens=81.60%  (best 81.60 @ ep 67)  [22.5s]
  ep  68: R(t)=0.898  acc1=81.58%  acc2=82.30%  ens=81.94%  (best 81.94 @ ep 68)  [21.8s]
  ep  69: R(t)=0.898  acc1=81.62%  acc2=83.18%  ens=82.40%  (best 82.40 @ ep 69)  [17.5s]
  ep  70: R(t)=0.898  acc1=82.75%  acc2=81.43%  ens=82.09%  (best 82.40 @ ep 69)  [6.6s]
  ep  71: R(t)=0.898  acc1=83.41%  acc2=82.25%  ens=82.83%  (best 82.83 @ ep 71)  [6.5s]
  ep  72: R(t)=0.898  acc1=82.91%  acc2=80.25%  ens=81.58%  (best 82.83 @ ep 71)  [6.4s]
  ep  73: R(t)=0.898  acc1=84.02%  acc2=84.02%  ens=84.02%  (best 84.02 @ ep 73)  [6.6s]
  ep  74: R(t)=0.898  acc1=82.65%  acc2=84.33%  ens=83.49%  (best 84.02 @ ep 73)  [6.5s]
  ep  75: R(t)=0.898  acc1=84.20%  acc2=83.51%  ens=83.85%  (best 84.02 @ ep 73)  [10.1s]  [sel1+2: prec=0.937, recall_clean=0.963]
  ep  76: R(t)=0.898  acc1=84.60%  acc2=84.82%  ens=84.71%  (best 84.71 @ ep 76)  [6.3s]
  ep  77: R(t)=0.898  acc1=83.63%  acc2=84.48%  ens=84.06%  (best 84.71 @ ep 76)  [6.3s]
  ep  78: R(t)=0.898  acc1=84.58%  acc2=83.69%  ens=84.14%  (best 84.71 @ ep 76)  [6.4s]
  ep  79: R(t)=0.898  acc1=84.34%  acc2=84.31%  ens=84.33%  (best 84.71 @ ep 76)  [20.1s]
  ep  80: R(t)=0.898  acc1=84.31%  acc2=84.87%  ens=84.59%  (best 84.71 @ ep 76)  [15.3s]
  ep  81: R(t)=0.898  acc1=84.95%  acc2=85.03%  ens=84.99%  (best 84.99 @ ep 81)  [6.5s]
  ep  82: R(t)=0.898  acc1=84.47%  acc2=84.79%  ens=84.63%  (best 84.99 @ ep 81)  [6.3s]
  ep  83: R(t)=0.898  acc1=84.86%  acc2=85.27%  ens=85.06%  (best 85.06 @ ep 83)  [6.4s]
  ep  84: R(t)=0.898  acc1=84.71%  acc2=84.80%  ens=84.75%  (best 85.06 @ ep 83)  [6.4s]
  ep  85: R(t)=0.898  acc1=85.10%  acc2=85.12%  ens=85.11%  (best 85.11 @ ep 85)  [6.7s]
  ep  86: R(t)=0.898  acc1=85.32%  acc2=85.66%  ens=85.49%  (best 85.49 @ ep 86)  [6.5s]
  ep  87: R(t)=0.898  acc1=85.28%  acc2=85.67%  ens=85.47%  (best 85.49 @ ep 86)  [6.1s]
  ep  88: R(t)=0.898  acc1=85.35%  acc2=85.53%  ens=85.44%  (best 85.49 @ ep 86)  [6.1s]
  ep  89: R(t)=0.898  acc1=85.67%  acc2=85.95%  ens=85.81%  (best 85.81 @ ep 89)  [6.4s]
  ep  90: R(t)=0.898  acc1=85.60%  acc2=86.03%  ens=85.81%  (best 85.81 @ ep 90)  [11.2s]
  ep  91: R(t)=0.898  acc1=85.47%  acc2=85.76%  ens=85.61%  (best 85.81 @ ep 90)  [18.0s]
  ep  92: R(t)=0.898  acc1=85.61%  acc2=86.17%  ens=85.89%  (best 85.89 @ ep 92)  [17.6s]
  ep  93: R(t)=0.898  acc1=85.66%  acc2=85.98%  ens=85.82%  (best 85.89 @ ep 92)  [18.0s]
  ep  94: R(t)=0.898  acc1=85.58%  acc2=85.89%  ens=85.73%  (best 85.89 @ ep 92)  [18.1s]
  ep  95: R(t)=0.898  acc1=85.63%  acc2=86.10%  ens=85.86%  (best 85.89 @ ep 92)  [18.3s]
  ep  96: R(t)=0.898  acc1=85.73%  acc2=86.02%  ens=85.87%  (best 85.89 @ ep 92)  [17.3s]
  ep  97: R(t)=0.898  acc1=85.82%  acc2=86.04%  ens=85.93%  (best 85.93 @ ep 97)  [16.3s]
  ep  98: R(t)=0.898  acc1=85.81%  acc2=86.08%  ens=85.95%  (best 85.95 @ ep 98)  [18.7s]
  ep  99: R(t)=0.898  acc1=85.73%  acc2=86.07%  ens=85.90%  (best 85.95 @ ep 98)  [26.9s]  [sel1+2: prec=0.940, recall_clean=0.959]

saved /path/to/ciln-workspace/journal_edition/robustness_transfer/results_v4/coteaching/ours_v2_noisy__frost_sev1__seed0.json: best ens-acc 85.95% @ ep 98
