condition=ours_v2_noisy__gaussian_noise_sev3 seed=2 gpu=2
/path/to/ciln-workspace/venv/lib/python3.12/site-packages/torchvision/datasets/cifar.py:83: VisibleDeprecationWarning: dtype(): align should be passed as Python or NumPy boolean but got `align=0`. Did you mean to pass a tuple to create a subarray type? (Deprecated NumPy 2.4)
  entry = pickle.load(f, encoding="latin1")
image_source=noisy  N=22500  noise_rate=48.86%
  ep   0: R(t)=1.000  acc1=22.85%  acc2=19.18%  ens=21.02%  (best 21.02 @ ep 0)  [7.3s]
  ep   1: R(t)=0.845  acc1=27.23%  acc2=28.79%  ens=28.01%  (best 28.01 @ ep 1)  [6.5s]
  ep   2: R(t)=0.781  acc1=30.54%  acc2=31.29%  ens=30.92%  (best 30.92 @ ep 2)  [9.4s]
  ep   3: R(t)=0.732  acc1=27.69%  acc2=26.15%  ens=26.92%  (best 30.92 @ ep 2)  [21.3s]
  ep   4: R(t)=0.691  acc1=24.22%  acc2=26.45%  ens=25.34%  (best 30.92 @ ep 2)  [21.3s]
  ep   5: R(t)=0.654  acc1=32.77%  acc2=35.88%  ens=34.33%  (best 34.33 @ ep 5)  [30.6s]  [sel1+2: prec=0.484, recall_clean=0.644]
  ep   6: R(t)=0.622  acc1=25.14%  acc2=24.41%  ens=24.78%  (best 34.33 @ ep 5)  [16.9s]
  ep   7: R(t)=0.591  acc1=25.05%  acc2=28.60%  ens=26.82%  (best 34.33 @ ep 5)  [17.8s]
  ep   8: R(t)=0.563  acc1=37.34%  acc2=37.57%  ens=37.45%  (best 37.45 @ ep 8)  [6.3s]
  ep   9: R(t)=0.536  acc1=28.13%  acc2=26.92%  ens=27.52%  (best 37.45 @ ep 8)  [6.5s]
  ep  10: R(t)=0.511  acc1=35.45%  acc2=26.00%  ens=30.73%  (best 37.45 @ ep 8)  [10.0s]  [sel1+2: prec=0.521, recall_clean=0.554]
  ep  11: R(t)=0.511  acc1=29.75%  acc2=33.38%  ens=31.56%  (best 37.45 @ ep 8)  [6.2s]
  ep  12: R(t)=0.511  acc1=36.74%  acc2=36.69%  ens=36.71%  (best 37.45 @ ep 8)  [6.7s]
  ep  13: R(t)=0.511  acc1=30.46%  acc2=29.52%  ens=29.99%  (best 37.45 @ ep 8)  [6.7s]
  ep  14: R(t)=0.511  acc1=32.08%  acc2=37.66%  ens=34.87%  (best 37.45 @ ep 8)  [6.7s]
  ep  15: R(t)=0.511  acc1=34.27%  acc2=35.24%  ens=34.76%  (best 37.45 @ ep 8)  [6.8s]
  ep  16: R(t)=0.511  acc1=37.13%  acc2=38.12%  ens=37.62%  (best 37.62 @ ep 16)  [8.5s]
  ep  17: R(t)=0.511  acc1=40.78%  acc2=40.60%  ens=40.69%  (best 40.69 @ ep 17)  [19.1s]
  ep  18: R(t)=0.511  acc1=35.02%  acc2=36.74%  ens=35.88%  (best 40.69 @ ep 17)  [18.7s]
  ep  19: R(t)=0.511  acc1=32.56%  acc2=36.21%  ens=34.38%  (best 40.69 @ ep 17)  [11.9s]
  ep  20: R(t)=0.511  acc1=31.01%  acc2=36.52%  ens=33.77%  (best 40.69 @ ep 17)  [10.4s]  [sel1+2: prec=0.536, recall_clean=0.567]
  ep  21: R(t)=0.511  acc1=36.33%  acc2=38.96%  ens=37.65%  (best 40.69 @ ep 17)  [6.1s]
  ep  22: R(t)=0.511  acc1=37.09%  acc2=37.27%  ens=37.18%  (best 40.69 @ ep 17)  [6.4s]
  ep  23: R(t)=0.511  acc1=33.09%  acc2=32.30%  ens=32.70%  (best 40.69 @ ep 17)  [6.5s]
  ep  24: R(t)=0.511  acc1=37.85%  acc2=43.68%  ens=40.77%  (best 40.77 @ ep 24)  [6.3s]
  ep  25: R(t)=0.511  acc1=29.46%  acc2=34.44%  ens=31.95%  (best 40.77 @ ep 24)  [6.7s]
  ep  26: R(t)=0.511  acc1=37.44%  acc2=39.05%  ens=38.25%  (best 40.77 @ ep 24)  [6.6s]
  ep  27: R(t)=0.511  acc1=36.28%  acc2=39.64%  ens=37.96%  (best 40.77 @ ep 24)  [6.5s]
  ep  28: R(t)=0.511  acc1=42.53%  acc2=41.19%  ens=41.86%  (best 41.86 @ ep 28)  [15.3s]
  ep  29: R(t)=0.511  acc1=37.30%  acc2=34.69%  ens=35.99%  (best 41.86 @ ep 28)  [17.7s]
  ep  30: R(t)=0.511  acc1=41.73%  acc2=37.60%  ens=39.66%  (best 41.86 @ ep 28)  [26.6s]  [sel1+2: prec=0.557, recall_clean=0.588]
  ep  31: R(t)=0.511  acc1=37.71%  acc2=40.59%  ens=39.15%  (best 41.86 @ ep 28)  [17.4s]
  ep  32: R(t)=0.511  acc1=35.15%  acc2=31.86%  ens=33.50%  (best 41.86 @ ep 28)  [19.2s]
  ep  33: R(t)=0.511  acc1=31.64%  acc2=33.42%  ens=32.53%  (best 41.86 @ ep 28)  [18.1s]
  ep  34: R(t)=0.511  acc1=39.96%  acc2=44.24%  ens=42.10%  (best 42.10 @ ep 34)  [18.9s]
  ep  35: R(t)=0.511  acc1=36.26%  acc2=36.27%  ens=36.27%  (best 42.10 @ ep 34)  [19.0s]
  ep  36: R(t)=0.511  acc1=37.79%  acc2=40.40%  ens=39.09%  (best 42.10 @ ep 34)  [8.7s]
  ep  37: R(t)=0.511  acc1=43.38%  acc2=41.09%  ens=42.23%  (best 42.23 @ ep 37)  [6.7s]
  ep  38: R(t)=0.511  acc1=36.67%  acc2=42.45%  ens=39.56%  (best 42.23 @ ep 37)  [6.4s]
  ep  39: R(t)=0.511  acc1=39.77%  acc2=35.17%  ens=37.47%  (best 42.23 @ ep 37)  [6.1s]
  ep  40: R(t)=0.511  acc1=37.01%  acc2=38.64%  ens=37.82%  (best 42.23 @ ep 37)  [6.7s]
  ep  41: R(t)=0.511  acc1=36.99%  acc2=35.26%  ens=36.12%  (best 42.23 @ ep 37)  [6.6s]
  ep  42: R(t)=0.511  acc1=35.00%  acc2=35.14%  ens=35.07%  (best 42.23 @ ep 37)  [6.4s]
  ep  43: R(t)=0.511  acc1=38.27%  acc2=40.66%  ens=39.47%  (best 42.23 @ ep 37)  [6.6s]
  ep  44: R(t)=0.511  acc1=32.48%  acc2=35.64%  ens=34.06%  (best 42.23 @ ep 37)  [6.5s]
  ep  45: R(t)=0.511  acc1=40.91%  acc2=42.46%  ens=41.69%  (best 42.23 @ ep 37)  [9.5s]
  ep  46: R(t)=0.511  acc1=38.49%  acc2=41.07%  ens=39.78%  (best 42.23 @ ep 37)  [21.4s]
  ep  47: R(t)=0.511  acc1=41.53%  acc2=41.32%  ens=41.42%  (best 42.23 @ ep 37)  [20.4s]
  ep  48: R(t)=0.511  acc1=37.26%  acc2=33.14%  ens=35.20%  (best 42.23 @ ep 37)  [6.9s]
  ep  49: R(t)=0.511  acc1=41.66%  acc2=42.16%  ens=41.91%  (best 42.23 @ ep 37)  [6.4s]
  ep  50: R(t)=0.511  acc1=45.20%  acc2=37.91%  ens=41.55%  (best 42.23 @ ep 37)  [9.9s]  [sel1+2: prec=0.559, recall_clean=0.586]
  ep  51: R(t)=0.511  acc1=35.03%  acc2=39.53%  ens=37.28%  (best 42.23 @ ep 37)  [6.9s]
  ep  52: R(t)=0.511  acc1=45.50%  acc2=45.09%  ens=45.30%  (best 45.30 @ ep 52)  [6.7s]
  ep  53: R(t)=0.511  acc1=45.04%  acc2=42.40%  ens=43.72%  (best 45.30 @ ep 52)  [6.3s]
  ep  54: R(t)=0.511  acc1=40.43%  acc2=37.83%  ens=39.13%  (best 45.30 @ ep 52)  [6.5s]
  ep  55: R(t)=0.511  acc1=43.84%  acc2=43.62%  ens=43.73%  (best 45.30 @ ep 52)  [6.4s]
  ep  56: R(t)=0.511  acc1=45.01%  acc2=42.00%  ens=43.51%  (best 45.30 @ ep 52)  [6.5s]
  ep  57: R(t)=0.511  acc1=37.94%  acc2=37.68%  ens=37.81%  (best 45.30 @ ep 52)  [6.3s]
  ep  58: R(t)=0.511  acc1=41.20%  acc2=40.38%  ens=40.79%  (best 45.30 @ ep 52)  [6.5s]
  ep  59: R(t)=0.511  acc1=40.59%  acc2=40.14%  ens=40.36%  (best 45.30 @ ep 52)  [6.7s]
  ep  60: R(t)=0.511  acc1=44.73%  acc2=42.12%  ens=43.43%  (best 45.30 @ ep 52)  [6.6s]
  ep  61: R(t)=0.511  acc1=44.22%  acc2=46.27%  ens=45.25%  (best 45.30 @ ep 52)  [6.4s]
  ep  62: R(t)=0.511  acc1=41.50%  acc2=39.81%  ens=40.65%  (best 45.30 @ ep 52)  [6.4s]
  ep  63: R(t)=0.511  acc1=44.62%  acc2=43.48%  ens=44.05%  (best 45.30 @ ep 52)  [6.7s]
  ep  64: R(t)=0.511  acc1=43.01%  acc2=43.53%  ens=43.27%  (best 45.30 @ ep 52)  [6.4s]
  ep  65: R(t)=0.511  acc1=44.99%  acc2=43.83%  ens=44.41%  (best 45.30 @ ep 52)  [6.7s]
  ep  66: R(t)=0.511  acc1=41.47%  acc2=44.29%  ens=42.88%  (best 45.30 @ ep 52)  [15.9s]
  ep  67: R(t)=0.511  acc1=47.60%  acc2=43.36%  ens=45.48%  (best 45.48 @ ep 67)  [16.6s]
  ep  68: R(t)=0.511  acc1=40.20%  acc2=40.17%  ens=40.19%  (best 45.48 @ ep 67)  [18.7s]
  ep  69: R(t)=0.511  acc1=42.95%  acc2=43.69%  ens=43.32%  (best 45.48 @ ep 67)  [15.9s]
  ep  70: R(t)=0.511  acc1=43.06%  acc2=42.62%  ens=42.84%  (best 45.48 @ ep 67)  [6.5s]
  ep  71: R(t)=0.511  acc1=44.18%  acc2=43.22%  ens=43.70%  (best 45.48 @ ep 67)  [6.3s]
  ep  72: R(t)=0.511  acc1=42.18%  acc2=39.69%  ens=40.94%  (best 45.48 @ ep 67)  [6.6s]
  ep  73: R(t)=0.511  acc1=42.40%  acc2=41.94%  ens=42.17%  (best 45.48 @ ep 67)  [6.7s]
  ep  74: R(t)=0.511  acc1=41.22%  acc2=40.63%  ens=40.92%  (best 45.48 @ ep 67)  [6.4s]
  ep  75: R(t)=0.511  acc1=46.62%  acc2=42.91%  ens=44.77%  (best 45.48 @ ep 67)  [10.2s]  [sel1+2: prec=0.579, recall_clean=0.600]
  ep  76: R(t)=0.511  acc1=45.75%  acc2=44.41%  ens=45.08%  (best 45.48 @ ep 67)  [6.5s]
  ep  77: R(t)=0.511  acc1=41.20%  acc2=42.64%  ens=41.92%  (best 45.48 @ ep 67)  [6.3s]
  ep  78: R(t)=0.511  acc1=42.59%  acc2=44.09%  ens=43.34%  (best 45.48 @ ep 67)  [7.0s]
  ep  79: R(t)=0.511  acc1=44.40%  acc2=42.83%  ens=43.62%  (best 45.48 @ ep 67)  [18.0s]
  ep  80: R(t)=0.511  acc1=45.98%  acc2=43.70%  ens=44.84%  (best 45.48 @ ep 67)  [18.3s]
  ep  81: R(t)=0.511  acc1=45.61%  acc2=46.06%  ens=45.84%  (best 45.84 @ ep 81)  [18.2s]
  ep  82: R(t)=0.511  acc1=44.11%  acc2=44.00%  ens=44.05%  (best 45.84 @ ep 81)  [19.0s]
  ep  83: R(t)=0.511  acc1=44.22%  acc2=43.49%  ens=43.85%  (best 45.84 @ ep 81)  [19.5s]
  ep  84: R(t)=0.511  acc1=44.53%  acc2=44.40%  ens=44.46%  (best 45.84 @ ep 81)  [20.3s]
  ep  85: R(t)=0.511  acc1=43.48%  acc2=43.42%  ens=43.45%  (best 45.84 @ ep 81)  [18.9s]
  ep  86: R(t)=0.511  acc1=44.54%  acc2=44.28%  ens=44.41%  (best 45.84 @ ep 81)  [21.2s]
  ep  87: R(t)=0.511  acc1=43.71%  acc2=43.26%  ens=43.48%  (best 45.84 @ ep 81)  [22.0s]
  ep  88: R(t)=0.511  acc1=44.97%  acc2=45.05%  ens=45.01%  (best 45.84 @ ep 81)  [21.0s]
  ep  89: R(t)=0.511  acc1=44.24%  acc2=44.93%  ens=44.58%  (best 45.84 @ ep 81)  [20.4s]
  ep  90: R(t)=0.511  acc1=45.74%  acc2=45.56%  ens=45.65%  (best 45.84 @ ep 81)  [18.8s]
  ep  91: R(t)=0.511  acc1=44.71%  acc2=44.43%  ens=44.57%  (best 45.84 @ ep 81)  [20.3s]
  ep  92: R(t)=0.511  acc1=45.05%  acc2=45.21%  ens=45.13%  (best 45.84 @ ep 81)  [17.5s]
  ep  93: R(t)=0.511  acc1=45.23%  acc2=44.82%  ens=45.02%  (best 45.84 @ ep 81)  [21.6s]
  ep  94: R(t)=0.511  acc1=44.90%  acc2=44.63%  ens=44.77%  (best 45.84 @ ep 81)  [15.7s]
  ep  95: R(t)=0.511  acc1=45.43%  acc2=45.27%  ens=45.35%  (best 45.84 @ ep 81)  [6.5s]
  ep  96: R(t)=0.511  acc1=44.91%  acc2=44.77%  ens=44.84%  (best 45.84 @ ep 81)  [6.7s]
  ep  97: R(t)=0.511  acc1=44.64%  acc2=44.56%  ens=44.60%  (best 45.84 @ ep 81)  [6.6s]
  ep  98: R(t)=0.511  acc1=44.56%  acc2=44.43%  ens=44.49%  (best 45.84 @ ep 81)  [6.4s]
  ep  99: R(t)=0.511  acc1=44.62%  acc2=44.58%  ens=44.60%  (best 45.84 @ ep 81)  [10.4s]  [sel1+2: prec=0.585, recall_clean=0.596]

saved /path/to/ciln-workspace/journal_edition/robustness_transfer/results_v4/coteaching/ours_v2_noisy__gaussian_noise_sev3__seed2.json: best ens-acc 45.84% @ ep 81
