condition=ours_v2_clean__frost_sev1 seed=2 gpu=1
/path/to/ciln-workspace/venv/lib/python3.12/site-packages/torchvision/datasets/cifar.py:83: VisibleDeprecationWarning: dtype(): align should be passed as Python or NumPy boolean but got `align=0`. Did you mean to pass a tuple to create a subarray type? (Deprecated NumPy 2.4)
  entry = pickle.load(f, encoding="latin1")
image_source=clean  N=22500  noise_rate=10.16%
  ep   0: loss=1.8196  test_acc=41.20%  (best 41.20 @ ep 0)  [4.5s]
  ep   1: loss=1.4540  test_acc=51.64%  (best 51.64 @ ep 1)  [3.6s]
  ep   2: loss=1.2538  test_acc=56.10%  (best 56.10 @ ep 2)  [3.5s]
  ep   3: loss=1.1333  test_acc=56.55%  (best 56.55 @ ep 3)  [3.9s]
  ep   4: loss=1.0384  test_acc=62.10%  (best 62.10 @ ep 4)  [3.6s]
  ep   5: loss=0.9729  test_acc=56.34%  (best 62.10 @ ep 4)  [5.3s]  [logged per-sample loss: mean=1.233]
  ep   6: loss=0.8998  test_acc=62.94%  (best 62.94 @ ep 6)  [3.6s]
  ep   7: loss=0.8470  test_acc=71.82%  (best 71.82 @ ep 7)  [3.7s]
  ep   8: loss=0.7961  test_acc=71.63%  (best 71.82 @ ep 7)  [3.7s]
  ep   9: loss=0.7702  test_acc=67.79%  (best 71.82 @ ep 7)  [3.6s]
  ep  10: loss=0.7457  test_acc=68.30%  (best 71.82 @ ep 7)  [6.1s]  [logged per-sample loss: mean=0.949]
  ep  11: loss=0.7204  test_acc=67.19%  (best 71.82 @ ep 7)  [8.5s]
  ep  12: loss=0.7069  test_acc=63.03%  (best 71.82 @ ep 7)  [8.2s]
  ep  13: loss=0.6856  test_acc=69.41%  (best 71.82 @ ep 7)  [8.3s]
  ep  14: loss=0.6692  test_acc=68.62%  (best 71.82 @ ep 7)  [8.6s]
  ep  15: loss=0.6594  test_acc=75.89%  (best 75.89 @ ep 15)  [8.4s]
  ep  16: loss=0.6506  test_acc=75.10%  (best 75.89 @ ep 15)  [8.7s]
  ep  17: loss=0.6384  test_acc=72.47%  (best 75.89 @ ep 15)  [8.7s]
  ep  18: loss=0.6347  test_acc=73.60%  (best 75.89 @ ep 15)  [8.0s]
  ep  19: loss=0.6308  test_acc=72.44%  (best 75.89 @ ep 15)  [8.1s]
  ep  20: loss=0.6219  test_acc=74.45%  (best 75.89 @ ep 15)  [11.6s]  [logged per-sample loss: mean=0.703]
  ep  21: loss=0.6026  test_acc=67.71%  (best 75.89 @ ep 15)  [8.9s]
  ep  22: loss=0.5974  test_acc=72.80%  (best 75.89 @ ep 15)  [7.5s]
  ep  23: loss=0.5931  test_acc=73.88%  (best 75.89 @ ep 15)  [3.6s]
  ep  24: loss=0.5873  test_acc=72.17%  (best 75.89 @ ep 15)  [3.7s]
  ep  25: loss=0.5745  test_acc=69.30%  (best 75.89 @ ep 15)  [3.4s]
  ep  26: loss=0.5684  test_acc=73.53%  (best 75.89 @ ep 15)  [3.6s]
  ep  27: loss=0.5716  test_acc=73.61%  (best 75.89 @ ep 15)  [3.6s]
  ep  28: loss=0.5638  test_acc=70.79%  (best 75.89 @ ep 15)  [3.7s]
  ep  29: loss=0.5481  test_acc=76.33%  (best 76.33 @ ep 29)  [3.6s]
  ep  30: loss=0.5510  test_acc=74.77%  (best 76.33 @ ep 29)  [5.3s]  [logged per-sample loss: mean=0.663]
  ep  31: loss=0.5453  test_acc=75.43%  (best 76.33 @ ep 29)  [3.6s]
  ep  32: loss=0.5396  test_acc=76.65%  (best 76.65 @ ep 32)  [3.6s]
  ep  33: loss=0.5280  test_acc=77.14%  (best 77.14 @ ep 33)  [3.7s]
  ep  34: loss=0.5269  test_acc=79.75%  (best 79.75 @ ep 34)  [3.6s]
  ep  35: loss=0.5193  test_acc=70.00%  (best 79.75 @ ep 34)  [3.6s]
  ep  36: loss=0.5163  test_acc=75.28%  (best 79.75 @ ep 34)  [3.6s]
  ep  37: loss=0.5049  test_acc=77.39%  (best 79.75 @ ep 34)  [3.9s]
  ep  38: loss=0.5016  test_acc=79.34%  (best 79.75 @ ep 34)  [4.6s]
  ep  39: loss=0.4976  test_acc=76.64%  (best 79.75 @ ep 34)  [10.1s]
  ep  40: loss=0.4896  test_acc=77.06%  (best 79.75 @ ep 34)  [8.9s]
  ep  41: loss=0.4868  test_acc=72.09%  (best 79.75 @ ep 34)  [9.0s]
  ep  42: loss=0.4831  test_acc=75.33%  (best 79.75 @ ep 34)  [8.9s]
  ep  43: loss=0.4797  test_acc=79.80%  (best 79.80 @ ep 43)  [9.0s]
  ep  44: loss=0.4721  test_acc=74.90%  (best 79.80 @ ep 43)  [9.1s]
  ep  45: loss=0.4658  test_acc=76.93%  (best 79.80 @ ep 43)  [8.6s]
  ep  46: loss=0.4585  test_acc=77.85%  (best 79.80 @ ep 43)  [9.1s]
  ep  47: loss=0.4579  test_acc=80.25%  (best 80.25 @ ep 47)  [8.9s]
  ep  48: loss=0.4440  test_acc=78.74%  (best 80.25 @ ep 47)  [8.7s]
  ep  49: loss=0.4328  test_acc=81.02%  (best 81.02 @ ep 49)  [9.2s]
  ep  50: loss=0.4240  test_acc=77.28%  (best 81.02 @ ep 49)  [13.3s]  [logged per-sample loss: mean=0.520]
  ep  51: loss=0.4270  test_acc=75.74%  (best 81.02 @ ep 49)  [9.4s]
  ep  52: loss=0.4255  test_acc=79.58%  (best 81.02 @ ep 49)  [9.8s]
  ep  53: loss=0.4147  test_acc=79.95%  (best 81.02 @ ep 49)  [9.4s]
  ep  54: loss=0.4003  test_acc=80.26%  (best 81.02 @ ep 49)  [8.8s]
  ep  55: loss=0.3987  test_acc=75.72%  (best 81.02 @ ep 49)  [9.3s]
  ep  56: loss=0.3920  test_acc=80.01%  (best 81.02 @ ep 49)  [8.0s]
  ep  57: loss=0.3760  test_acc=80.41%  (best 81.02 @ ep 49)  [3.6s]
  ep  58: loss=0.3775  test_acc=79.29%  (best 81.02 @ ep 49)  [3.8s]
  ep  59: loss=0.3587  test_acc=80.14%  (best 81.02 @ ep 49)  [3.6s]
  ep  60: loss=0.3592  test_acc=79.59%  (best 81.02 @ ep 49)  [3.9s]
  ep  61: loss=0.3492  test_acc=82.36%  (best 82.36 @ ep 61)  [3.6s]
  ep  62: loss=0.3362  test_acc=79.78%  (best 82.36 @ ep 61)  [3.8s]
  ep  63: loss=0.3304  test_acc=75.88%  (best 82.36 @ ep 61)  [3.8s]
  ep  64: loss=0.3215  test_acc=79.77%  (best 82.36 @ ep 61)  [3.8s]
  ep  65: loss=0.3187  test_acc=81.49%  (best 82.36 @ ep 61)  [3.5s]
  ep  66: loss=0.3020  test_acc=81.36%  (best 82.36 @ ep 61)  [3.6s]
  ep  67: loss=0.2986  test_acc=82.50%  (best 82.50 @ ep 67)  [3.6s]
  ep  68: loss=0.2865  test_acc=81.35%  (best 82.50 @ ep 67)  [3.7s]
  ep  69: loss=0.2772  test_acc=80.40%  (best 82.50 @ ep 67)  [3.7s]
  ep  70: loss=0.2642  test_acc=82.50%  (best 82.50 @ ep 67)  [3.9s]
  ep  71: loss=0.2558  test_acc=80.56%  (best 82.50 @ ep 67)  [3.9s]
  ep  72: loss=0.2481  test_acc=82.29%  (best 82.50 @ ep 67)  [3.6s]
  ep  73: loss=0.2338  test_acc=83.39%  (best 83.39 @ ep 73)  [7.2s]
  ep  74: loss=0.2224  test_acc=82.64%  (best 83.39 @ ep 73)  [7.9s]
  ep  75: loss=0.2077  test_acc=82.53%  (best 83.39 @ ep 73)  [10.6s]  [logged per-sample loss: mean=0.218]
  ep  76: loss=0.1967  test_acc=83.15%  (best 83.39 @ ep 73)  [8.3s]
  ep  77: loss=0.1854  test_acc=83.06%  (best 83.39 @ ep 73)  [8.2s]
  ep  78: loss=0.1767  test_acc=83.37%  (best 83.39 @ ep 73)  [8.9s]
  ep  79: loss=0.1615  test_acc=84.36%  (best 84.36 @ ep 79)  [8.0s]
  ep  80: loss=0.1571  test_acc=84.10%  (best 84.36 @ ep 79)  [7.9s]
  ep  81: loss=0.1455  test_acc=84.10%  (best 84.36 @ ep 79)  [9.2s]
  ep  82: loss=0.1351  test_acc=84.51%  (best 84.51 @ ep 82)  [8.2s]
  ep  83: loss=0.1219  test_acc=83.76%  (best 84.51 @ ep 82)  [7.3s]
  ep  84: loss=0.1157  test_acc=84.68%  (best 84.68 @ ep 84)  [8.1s]
  ep  85: loss=0.1003  test_acc=84.37%  (best 84.68 @ ep 84)  [8.4s]
  ep  86: loss=0.0982  test_acc=84.81%  (best 84.81 @ ep 86)  [8.7s]
  ep  87: loss=0.0904  test_acc=84.40%  (best 84.81 @ ep 86)  [6.4s]
  ep  88: loss=0.0876  test_acc=84.49%  (best 84.81 @ ep 86)  [8.3s]
  ep  89: loss=0.0824  test_acc=84.39%  (best 84.81 @ ep 86)  [8.1s]
  ep  90: loss=0.0753  test_acc=84.47%  (best 84.81 @ ep 86)  [8.2s]
  ep  91: loss=0.0699  test_acc=84.66%  (best 84.81 @ ep 86)  [7.6s]
  ep  92: loss=0.0649  test_acc=84.72%  (best 84.81 @ ep 86)  [8.0s]
  ep  93: loss=0.0658  test_acc=84.61%  (best 84.81 @ ep 86)  [8.0s]
  ep  94: loss=0.0641  test_acc=84.81%  (best 84.81 @ ep 86)  [8.2s]
  ep  95: loss=0.0597  test_acc=84.63%  (best 84.81 @ ep 86)  [7.9s]
  ep  96: loss=0.0605  test_acc=84.69%  (best 84.81 @ ep 86)  [8.3s]
  ep  97: loss=0.0592  test_acc=84.80%  (best 84.81 @ ep 86)  [6.7s]
  ep  98: loss=0.0573  test_acc=84.74%  (best 84.81 @ ep 86)  [3.7s]
  ep  99: loss=0.0582  test_acc=84.81%  (best 84.81 @ ep 86)  [5.6s]  [logged per-sample loss: mean=0.038]

saved /path/to/ciln-workspace/journal_edition/robustness_transfer/results_v4/erm/ours_v2_clean__frost_sev1__seed2.json: best 84.81% @ ep 86
