condition=ours_v2_noisy__frost_sev1 seed=0 gpu=2
/path/to/ciln-workspace/venv/lib/python3.12/site-packages/torchvision/datasets/cifar.py:83: VisibleDeprecationWarning: dtype(): align should be passed as Python or NumPy boolean but got `align=0`. Did you mean to pass a tuple to create a subarray type? (Deprecated NumPy 2.4)
  entry = pickle.load(f, encoding="latin1")
image_source=noisy  N_train=22500  noise_rate=10.16%
  ep   0: acc1=27.41%  acc2=41.16%  ens=34.28%  (best 34.28 @ ep 0)  [8.3s]
  ep   1: acc1=48.17%  acc2=52.96%  ens=50.56%  (best 50.56 @ ep 1)  [7.2s]
  ep   2: acc1=53.73%  acc2=55.67%  ens=54.70%  (best 54.70 @ ep 2)  [11.8s]
  ep   3: acc1=59.75%  acc2=45.59%  ens=52.67%  (best 54.70 @ ep 2)  [16.9s]
  ep   4: acc1=62.09%  acc2=61.19%  ens=61.64%  (best 61.64 @ ep 4)  [16.6s]
  ep   5: acc1=66.05%  acc2=67.40%  ens=66.72%  (best 66.72 @ ep 5)  [25.5s]  [w on clean=0.799, on noisy=0.492]
  ep   6: acc1=63.58%  acc2=57.18%  ens=60.38%  (best 66.72 @ ep 5)  [16.5s]
  ep   7: acc1=65.10%  acc2=67.09%  ens=66.09%  (best 66.72 @ ep 5)  [17.2s]
  ep   8: acc1=66.38%  acc2=70.35%  ens=68.36%  (best 68.36 @ ep 8)  [15.8s]
  ep   9: acc1=71.13%  acc2=68.80%  ens=69.97%  (best 69.97 @ ep 9)  [16.2s]
  ep  10: acc1=44.24%  acc2=28.51%  ens=36.38%  (best 69.97 @ ep 9)  [110.5s]  [w on clean=0.652, on noisy=0.410]
  ep  11: acc1=19.64%  acc2=20.61%  ens=20.12%  (best 69.97 @ ep 9)  [35.2s]
  ep  12: acc1=27.85%  acc2=26.30%  ens=27.08%  (best 69.97 @ ep 9)  [33.9s]
  ep  13: acc1=30.27%  acc2=30.03%  ens=30.15%  (best 69.97 @ ep 9)  [42.7s]
  ep  14: acc1=40.55%  acc2=36.23%  ens=38.39%  (best 69.97 @ ep 9)  [40.4s]
  ep  15: acc1=34.15%  acc2=37.17%  ens=35.66%  (best 69.97 @ ep 9)  [169.9s]
  ep  16: acc1=41.16%  acc2=38.76%  ens=39.96%  (best 69.97 @ ep 9)  [92.9s]
  ep  17: acc1=42.56%  acc2=38.01%  ens=40.28%  (best 69.97 @ ep 9)  [82.1s]
  ep  18: acc1=40.41%  acc2=41.03%  ens=40.72%  (best 69.97 @ ep 9)  [87.3s]
  ep  19: acc1=36.90%  acc2=43.53%  ens=40.22%  (best 69.97 @ ep 9)  [73.2s]
  ep  20: acc1=39.10%  acc2=41.48%  ens=40.29%  (best 69.97 @ ep 9)  [43.1s]  [w on clean=0.814, on noisy=0.711]
  ep  21: acc1=48.59%  acc2=40.50%  ens=44.55%  (best 69.97 @ ep 9)  [203.2s]
  ep  22: acc1=38.87%  acc2=39.70%  ens=39.29%  (best 69.97 @ ep 9)  [40.1s]
  ep  23: acc1=42.15%  acc2=38.97%  ens=40.56%  (best 69.97 @ ep 9)  [66.6s]
  ep  24: acc1=37.72%  acc2=42.85%  ens=40.28%  (best 69.97 @ ep 9)  [38.6s]
  ep  25: acc1=43.73%  acc2=44.28%  ens=44.01%  (best 69.97 @ ep 9)  [65.6s]
  ep  26: acc1=41.68%  acc2=40.29%  ens=40.98%  (best 69.97 @ ep 9)  [54.9s]
  ep  27: acc1=41.97%  acc2=44.62%  ens=43.30%  (best 69.97 @ ep 9)  [39.3s]
  ep  28: acc1=43.34%  acc2=47.11%  ens=45.23%  (best 69.97 @ ep 9)  [40.1s]
  ep  29: acc1=47.20%  acc2=39.28%  ens=43.24%  (best 69.97 @ ep 9)  [39.5s]
  ep  30: acc1=43.99%  acc2=42.97%  ens=43.48%  (best 69.97 @ ep 9)  [47.0s]  [w on clean=0.815, on noisy=0.714]
  ep  31: acc1=46.90%  acc2=42.83%  ens=44.87%  (best 69.97 @ ep 9)  [106.4s]
  ep  32: acc1=43.61%  acc2=43.68%  ens=43.65%  (best 69.97 @ ep 9)  [39.8s]
  ep  33: acc1=40.86%  acc2=41.43%  ens=41.14%  (best 69.97 @ ep 9)  [38.8s]
  ep  34: acc1=40.18%  acc2=46.43%  ens=43.30%  (best 69.97 @ ep 9)  [44.9s]
  ep  35: acc1=48.21%  acc2=44.20%  ens=46.20%  (best 69.97 @ ep 9)  [42.4s]
  ep  36: acc1=47.82%  acc2=43.64%  ens=45.73%  (best 69.97 @ ep 9)  [72.7s]
  ep  37: acc1=49.72%  acc2=39.31%  ens=44.52%  (best 69.97 @ ep 9)  [38.9s]
  ep  38: acc1=48.23%  acc2=46.75%  ens=47.49%  (best 69.97 @ ep 9)  [48.2s]
  ep  39: acc1=47.46%  acc2=46.40%  ens=46.93%  (best 69.97 @ ep 9)  [51.9s]
  ep  40: acc1=48.66%  acc2=45.59%  ens=47.12%  (best 69.97 @ ep 9)  [197.7s]
  ep  41: acc1=45.59%  acc2=47.44%  ens=46.52%  (best 69.97 @ ep 9)  [38.8s]
  ep  42: acc1=44.48%  acc2=47.70%  ens=46.09%  (best 69.97 @ ep 9)  [42.4s]
  ep  43: acc1=44.50%  acc2=46.68%  ens=45.59%  (best 69.97 @ ep 9)  [77.8s]
  ep  44: acc1=50.08%  acc2=48.01%  ens=49.05%  (best 69.97 @ ep 9)  [39.1s]
  ep  45: acc1=56.65%  acc2=51.91%  ens=54.28%  (best 69.97 @ ep 9)  [73.6s]
  ep  46: acc1=47.27%  acc2=47.29%  ens=47.28%  (best 69.97 @ ep 9)  [37.9s]
  ep  47: acc1=49.55%  acc2=49.14%  ens=49.34%  (best 69.97 @ ep 9)  [97.1s]
  ep  48: acc1=44.02%  acc2=48.22%  ens=46.12%  (best 69.97 @ ep 9)  [89.0s]
  ep  49: acc1=45.29%  acc2=49.24%  ens=47.27%  (best 69.97 @ ep 9)  [92.0s]
  ep  50: acc1=51.64%  acc2=46.91%  ens=49.28%  (best 69.97 @ ep 9)  [56.8s]  [w on clean=0.815, on noisy=0.710]
  ep  51: acc1=50.03%  acc2=48.23%  ens=49.13%  (best 69.97 @ ep 9)  [37.6s]
  ep  52: acc1=51.35%  acc2=46.81%  ens=49.08%  (best 69.97 @ ep 9)  [87.0s]
  ep  53: acc1=48.32%  acc2=49.43%  ens=48.88%  (best 69.97 @ ep 9)  [38.8s]
  ep  54: acc1=48.55%  acc2=51.83%  ens=50.19%  (best 69.97 @ ep 9)  [93.1s]
  ep  55: acc1=46.65%  acc2=47.59%  ens=47.12%  (best 69.97 @ ep 9)  [53.3s]
  ep  56: acc1=50.42%  acc2=49.09%  ens=49.76%  (best 69.97 @ ep 9)  [39.3s]
  ep  57: acc1=52.76%  acc2=48.80%  ens=50.78%  (best 69.97 @ ep 9)  [57.2s]
  ep  58: acc1=48.69%  acc2=50.98%  ens=49.84%  (best 69.97 @ ep 9)  [38.8s]
  ep  59: acc1=50.33%  acc2=48.20%  ens=49.27%  (best 69.97 @ ep 9)  [39.9s]
  ep  60: acc1=55.31%  acc2=51.70%  ens=53.51%  (best 69.97 @ ep 9)  [115.7s]
  ep  61: acc1=48.98%  acc2=53.16%  ens=51.07%  (best 69.97 @ ep 9)  [39.6s]
  ep  62: acc1=51.49%  acc2=52.49%  ens=51.99%  (best 69.97 @ ep 9)  [142.6s]
  ep  63: acc1=54.80%  acc2=55.63%  ens=55.22%  (best 69.97 @ ep 9)  [38.9s]
  ep  64: acc1=53.09%  acc2=49.80%  ens=51.45%  (best 69.97 @ ep 9)  [60.9s]
  ep  65: acc1=51.08%  acc2=50.32%  ens=50.70%  (best 69.97 @ ep 9)  [38.8s]
  ep  66: acc1=51.40%  acc2=52.00%  ens=51.70%  (best 69.97 @ ep 9)  [184.5s]
  ep  67: acc1=47.91%  acc2=50.51%  ens=49.21%  (best 69.97 @ ep 9)  [39.6s]
  ep  68: acc1=50.95%  acc2=50.35%  ens=50.65%  (best 69.97 @ ep 9)  [38.0s]
  ep  69: acc1=53.34%  acc2=50.87%  ens=52.11%  (best 69.97 @ ep 9)  [101.8s]
  ep  70: acc1=53.58%  acc2=52.61%  ens=53.10%  (best 69.97 @ ep 9)  [38.4s]
  ep  71: acc1=52.88%  acc2=51.62%  ens=52.25%  (best 69.97 @ ep 9)  [65.5s]
  ep  72: acc1=51.29%  acc2=50.85%  ens=51.07%  (best 69.97 @ ep 9)  [39.8s]
  ep  73: acc1=51.49%  acc2=53.46%  ens=52.48%  (best 69.97 @ ep 9)  [79.9s]
  ep  74: acc1=51.95%  acc2=51.95%  ens=51.95%  (best 69.97 @ ep 9)  [43.2s]
  ep  75: acc1=53.99%  acc2=52.94%  ens=53.47%  (best 69.97 @ ep 9)  [41.9s]  [w on clean=0.815, on noisy=0.709]
  ep  76: acc1=53.00%  acc2=51.18%  ens=52.09%  (best 69.97 @ ep 9)  [261.3s]
  ep  77: acc1=52.06%  acc2=52.30%  ens=52.18%  (best 69.97 @ ep 9)  [38.9s]
  ep  78: acc1=53.64%  acc2=53.79%  ens=53.72%  (best 69.97 @ ep 9)  [39.1s]
  ep  79: acc1=54.77%  acc2=53.40%  ens=54.09%  (best 69.97 @ ep 9)  [37.8s]
  ep  80: acc1=52.78%  acc2=54.64%  ens=53.71%  (best 69.97 @ ep 9)  [133.6s]
  ep  81: acc1=51.72%  acc2=51.92%  ens=51.82%  (best 69.97 @ ep 9)  [40.9s]
  ep  82: acc1=54.41%  acc2=54.92%  ens=54.67%  (best 69.97 @ ep 9)  [39.3s]
  ep  83: acc1=53.83%  acc2=54.15%  ens=53.99%  (best 69.97 @ ep 9)  [51.7s]
  ep  84: acc1=54.76%  acc2=54.65%  ens=54.71%  (best 69.97 @ ep 9)  [37.3s]
  ep  85: acc1=55.55%  acc2=56.54%  ens=56.05%  (best 69.97 @ ep 9)  [43.6s]
  ep  86: acc1=54.88%  acc2=55.55%  ens=55.21%  (best 69.97 @ ep 9)  [95.6s]
  ep  87: acc1=53.77%  acc2=55.32%  ens=54.55%  (best 69.97 @ ep 9)  [39.1s]
  ep  88: acc1=53.94%  acc2=54.05%  ens=53.99%  (best 69.97 @ ep 9)  [77.9s]
  ep  89: acc1=54.03%  acc2=54.11%  ens=54.07%  (best 69.97 @ ep 9)  [38.1s]
  ep  90: acc1=54.63%  acc2=54.50%  ens=54.56%  (best 69.97 @ ep 9)  [43.4s]
  ep  91: acc1=54.30%  acc2=54.70%  ens=54.50%  (best 69.97 @ ep 9)  [82.1s]
  ep  92: acc1=54.64%  acc2=54.10%  ens=54.37%  (best 69.97 @ ep 9)  [39.4s]
  ep  93: acc1=54.91%  acc2=55.25%  ens=55.08%  (best 69.97 @ ep 9)  [40.3s]
  ep  94: acc1=55.04%  acc2=55.04%  ens=55.04%  (best 69.97 @ ep 9)  [44.2s]
  ep  95: acc1=55.60%  acc2=54.94%  ens=55.27%  (best 69.97 @ ep 9)  [148.9s]
  ep  96: acc1=55.34%  acc2=55.23%  ens=55.29%  (best 69.97 @ ep 9)  [55.5s]
  ep  97: acc1=54.86%  acc2=54.91%  ens=54.89%  (best 69.97 @ ep 9)  [37.9s]
  ep  98: acc1=55.30%  acc2=55.16%  ens=55.23%  (best 69.97 @ ep 9)  [40.4s]
  ep  99: acc1=54.85%  acc2=55.14%  ens=54.99%  (best 69.97 @ ep 9)  [49.7s]  [w on clean=0.815, on noisy=0.706]

saved /path/to/ciln-workspace/journal_edition/robustness_transfer/results_v4/dividemix/ours_v2_noisy__frost_sev1__seed0.json: best ens-acc 69.97% @ ep 9
