condition=ours_v2_noisy__pixelate_sev1 seed=1 gpu=2
/path/to/ciln-workspace/venv/lib/python3.12/site-packages/torchvision/datasets/cifar.py:83: VisibleDeprecationWarning: dtype(): align should be passed as Python or NumPy boolean but got `align=0`. Did you mean to pass a tuple to create a subarray type? (Deprecated NumPy 2.4)
  entry = pickle.load(f, encoding="latin1")
image_source=noisy  N_train=22500  noise_rate=11.68%
  ep   0: acc1=36.33%  acc2=37.25%  ens=36.79%  (best 36.79 @ ep 0)  [7.7s]
  ep   1: acc1=50.50%  acc2=49.98%  ens=50.24%  (best 50.24 @ ep 1)  [7.0s]
  ep   2: acc1=54.94%  acc2=55.46%  ens=55.20%  (best 55.20 @ ep 2)  [7.3s]
  ep   3: acc1=61.56%  acc2=56.12%  ens=58.84%  (best 58.84 @ ep 3)  [7.4s]
  ep   4: acc1=50.41%  acc2=56.11%  ens=53.26%  (best 58.84 @ ep 3)  [7.8s]
  ep   5: acc1=63.39%  acc2=65.70%  ens=64.55%  (best 64.55 @ ep 5)  [10.6s]  [w on clean=0.782, on noisy=0.439]
  ep   6: acc1=58.89%  acc2=67.62%  ens=63.25%  (best 64.55 @ ep 5)  [7.5s]
  ep   7: acc1=65.49%  acc2=63.39%  ens=64.44%  (best 64.55 @ ep 5)  [10.4s]
  ep   8: acc1=70.46%  acc2=68.66%  ens=69.56%  (best 69.56 @ ep 8)  [27.9s]
  ep   9: acc1=66.30%  acc2=68.24%  ens=67.27%  (best 69.56 @ ep 8)  [26.6s]
  ep  10: acc1=42.92%  acc2=32.93%  ens=37.92%  (best 69.56 @ ep 8)  [42.6s]  [w on clean=0.620, on noisy=0.429]
  ep  11: acc1=19.69%  acc2=18.28%  ens=18.98%  (best 69.56 @ ep 8)  [53.0s]
  ep  12: acc1=21.61%  acc2=25.12%  ens=23.36%  (best 69.56 @ ep 8)  [31.1s]
  ep  13: acc1=31.22%  acc2=33.98%  ens=32.60%  (best 69.56 @ ep 8)  [41.7s]
  ep  14: acc1=37.05%  acc2=29.13%  ens=33.09%  (best 69.56 @ ep 8)  [33.4s]
  ep  15: acc1=33.15%  acc2=33.66%  ens=33.41%  (best 69.56 @ ep 8)  [51.3s]
  ep  16: acc1=33.12%  acc2=34.10%  ens=33.61%  (best 69.56 @ ep 8)  [34.8s]
  ep  17: acc1=39.21%  acc2=33.98%  ens=36.59%  (best 69.56 @ ep 8)  [92.4s]
  ep  18: acc1=36.31%  acc2=37.44%  ens=36.88%  (best 69.56 @ ep 8)  [34.8s]
  ep  19: acc1=38.61%  acc2=36.87%  ens=37.74%  (best 69.56 @ ep 8)  [35.5s]
  ep  20: acc1=37.58%  acc2=38.68%  ens=38.13%  (best 69.56 @ ep 8)  [39.8s]  [w on clean=0.721, on noisy=0.666]
  ep  21: acc1=36.41%  acc2=36.91%  ens=36.66%  (best 69.56 @ ep 8)  [47.5s]
  ep  22: acc1=38.35%  acc2=38.44%  ens=38.40%  (best 69.56 @ ep 8)  [58.3s]
  ep  23: acc1=37.57%  acc2=41.02%  ens=39.30%  (best 69.56 @ ep 8)  [35.4s]
  ep  24: acc1=39.43%  acc2=41.85%  ens=40.64%  (best 69.56 @ ep 8)  [177.6s]
  ep  25: acc1=42.29%  acc2=42.59%  ens=42.44%  (best 69.56 @ ep 8)  [39.7s]
  ep  26: acc1=44.93%  acc2=43.22%  ens=44.07%  (best 69.56 @ ep 8)  [61.7s]
  ep  27: acc1=40.24%  acc2=40.60%  ens=40.42%  (best 69.56 @ ep 8)  [34.2s]
  ep  28: acc1=36.88%  acc2=38.93%  ens=37.91%  (best 69.56 @ ep 8)  [222.6s]
  ep  29: acc1=41.65%  acc2=40.73%  ens=41.19%  (best 69.56 @ ep 8)  [348.9s]
  ep  30: acc1=41.67%  acc2=38.38%  ens=40.02%  (best 69.56 @ ep 8)  [98.3s]  [w on clean=0.721, on noisy=0.662]
  ep  31: acc1=40.17%  acc2=40.34%  ens=40.25%  (best 69.56 @ ep 8)  [37.2s]
  ep  32: acc1=38.69%  acc2=37.37%  ens=38.03%  (best 69.56 @ ep 8)  [35.4s]
  ep  33: acc1=42.14%  acc2=39.73%  ens=40.94%  (best 69.56 @ ep 8)  [98.7s]
  ep  34: acc1=38.51%  acc2=43.27%  ens=40.89%  (best 69.56 @ ep 8)  [34.3s]
  ep  35: acc1=39.74%  acc2=39.13%  ens=39.43%  (best 69.56 @ ep 8)  [77.3s]
  ep  36: acc1=41.02%  acc2=39.99%  ens=40.51%  (best 69.56 @ ep 8)  [37.3s]
  ep  37: acc1=42.13%  acc2=38.57%  ens=40.35%  (best 69.56 @ ep 8)  [46.1s]
  ep  38: acc1=42.95%  acc2=43.28%  ens=43.12%  (best 69.56 @ ep 8)  [35.3s]
  ep  39: acc1=46.05%  acc2=41.69%  ens=43.87%  (best 69.56 @ ep 8)  [107.1s]
  ep  40: acc1=40.38%  acc2=43.33%  ens=41.85%  (best 69.56 @ ep 8)  [37.5s]
  ep  41: acc1=45.16%  acc2=46.01%  ens=45.59%  (best 69.56 @ ep 8)  [58.7s]
  ep  42: acc1=44.11%  acc2=43.51%  ens=43.81%  (best 69.56 @ ep 8)  [51.7s]
  ep  43: acc1=41.23%  acc2=40.21%  ens=40.72%  (best 69.56 @ ep 8)  [87.1s]
  ep  44: acc1=46.38%  acc2=42.48%  ens=44.43%  (best 69.56 @ ep 8)  [52.9s]
  ep  45: acc1=47.93%  acc2=46.43%  ens=47.18%  (best 69.56 @ ep 8)  [42.6s]
  ep  46: acc1=45.51%  acc2=46.01%  ens=45.76%  (best 69.56 @ ep 8)  [36.3s]
  ep  47: acc1=45.18%  acc2=46.39%  ens=45.78%  (best 69.56 @ ep 8)  [35.7s]
  ep  48: acc1=43.99%  acc2=44.32%  ens=44.16%  (best 69.56 @ ep 8)  [102.3s]
  ep  49: acc1=46.33%  acc2=47.62%  ens=46.98%  (best 69.56 @ ep 8)  [35.8s]
  ep  50: acc1=45.54%  acc2=45.02%  ens=45.28%  (best 69.56 @ ep 8)  [168.7s]  [w on clean=0.721, on noisy=0.665]
  ep  51: acc1=46.23%  acc2=48.50%  ens=47.37%  (best 69.56 @ ep 8)  [34.1s]
  ep  52: acc1=44.31%  acc2=42.61%  ens=43.46%  (best 69.56 @ ep 8)  [176.8s]
  ep  53: acc1=47.50%  acc2=46.48%  ens=46.99%  (best 69.56 @ ep 8)  [42.7s]
  ep  54: acc1=46.64%  acc2=46.31%  ens=46.48%  (best 69.56 @ ep 8)  [60.6s]
  ep  55: acc1=46.67%  acc2=47.61%  ens=47.14%  (best 69.56 @ ep 8)  [34.2s]
  ep  56: acc1=48.15%  acc2=47.34%  ens=47.74%  (best 69.56 @ ep 8)  [147.2s]
  ep  57: acc1=46.39%  acc2=45.50%  ens=45.95%  (best 69.56 @ ep 8)  [42.4s]
  ep  58: acc1=46.30%  acc2=44.55%  ens=45.43%  (best 69.56 @ ep 8)  [42.9s]
  ep  59: acc1=46.79%  acc2=43.43%  ens=45.11%  (best 69.56 @ ep 8)  [34.2s]
  ep  60: acc1=48.49%  acc2=45.61%  ens=47.05%  (best 69.56 @ ep 8)  [155.2s]
  ep  61: acc1=48.48%  acc2=46.36%  ens=47.42%  (best 69.56 @ ep 8)  [35.0s]
  ep  62: acc1=47.10%  acc2=47.38%  ens=47.24%  (best 69.56 @ ep 8)  [194.1s]
  ep  63: acc1=47.20%  acc2=46.45%  ens=46.83%  (best 69.56 @ ep 8)  [36.2s]
  ep  64: acc1=48.36%  acc2=47.01%  ens=47.69%  (best 69.56 @ ep 8)  [112.5s]
  ep  65: acc1=46.75%  acc2=46.11%  ens=46.43%  (best 69.56 @ ep 8)  [35.1s]
  ep  66: acc1=46.60%  acc2=48.25%  ens=47.42%  (best 69.56 @ ep 8)  [106.5s]
  ep  67: acc1=49.49%  acc2=46.88%  ens=48.19%  (best 69.56 @ ep 8)  [36.0s]
  ep  68: acc1=48.36%  acc2=46.86%  ens=47.61%  (best 69.56 @ ep 8)  [38.4s]
  ep  69: acc1=46.61%  acc2=47.04%  ens=46.83%  (best 69.56 @ ep 8)  [34.5s]
  ep  70: acc1=47.79%  acc2=49.00%  ens=48.39%  (best 69.56 @ ep 8)  [107.4s]
  ep  71: acc1=48.07%  acc2=47.46%  ens=47.77%  (best 69.56 @ ep 8)  [35.8s]
  ep  72: acc1=47.69%  acc2=47.17%  ens=47.43%  (best 69.56 @ ep 8)  [38.4s]
  ep  73: acc1=47.66%  acc2=45.34%  ens=46.50%  (best 69.56 @ ep 8)  [40.3s]
  ep  74: acc1=47.29%  acc2=47.33%  ens=47.31%  (best 69.56 @ ep 8)  [90.5s]
  ep  75: acc1=48.28%  acc2=49.19%  ens=48.73%  (best 69.56 @ ep 8)  [67.2s]  [w on clean=0.721, on noisy=0.663]
  ep  76: acc1=48.05%  acc2=48.16%  ens=48.10%  (best 69.56 @ ep 8)  [34.4s]
  ep  77: acc1=46.27%  acc2=47.42%  ens=46.85%  (best 69.56 @ ep 8)  [79.8s]
  ep  78: acc1=47.66%  acc2=47.36%  ens=47.51%  (best 69.56 @ ep 8)  [34.8s]
  ep  79: acc1=48.77%  acc2=48.76%  ens=48.77%  (best 69.56 @ ep 8)  [177.8s]
  ep  80: acc1=48.31%  acc2=48.39%  ens=48.35%  (best 69.56 @ ep 8)  [39.6s]
  ep  81: acc1=49.64%  acc2=48.16%  ens=48.90%  (best 69.56 @ ep 8)  [115.9s]
  ep  82: acc1=47.57%  acc2=49.44%  ens=48.50%  (best 69.56 @ ep 8)  [35.9s]
  ep  83: acc1=49.28%  acc2=48.33%  ens=48.80%  (best 69.56 @ ep 8)  [50.1s]
  ep  84: acc1=48.08%  acc2=48.44%  ens=48.26%  (best 69.56 @ ep 8)  [36.0s]
  ep  85: acc1=48.57%  acc2=48.72%  ens=48.65%  (best 69.56 @ ep 8)  [100.5s]
  ep  86: acc1=48.55%  acc2=48.76%  ens=48.66%  (best 69.56 @ ep 8)  [35.4s]
  ep  87: acc1=49.42%  acc2=49.06%  ens=49.24%  (best 69.56 @ ep 8)  [48.5s]
  ep  88: acc1=49.40%  acc2=49.06%  ens=49.23%  (best 69.56 @ ep 8)  [34.4s]
  ep  89: acc1=48.47%  acc2=48.47%  ens=48.47%  (best 69.56 @ ep 8)  [56.4s]
  ep  90: acc1=49.22%  acc2=48.69%  ens=48.96%  (best 69.56 @ ep 8)  [35.9s]
  ep  91: acc1=48.74%  acc2=48.15%  ens=48.45%  (best 69.56 @ ep 8)  [43.4s]
  ep  92: acc1=49.40%  acc2=48.93%  ens=49.17%  (best 69.56 @ ep 8)  [99.3s]
  ep  93: acc1=49.28%  acc2=48.88%  ens=49.08%  (best 69.56 @ ep 8)  [287.1s]
  ep  94: acc1=48.80%  acc2=48.35%  ens=48.58%  (best 69.56 @ ep 8)  [35.1s]
  ep  95: acc1=49.09%  acc2=48.97%  ens=49.03%  (best 69.56 @ ep 8)  [109.9s]
  ep  96: acc1=49.32%  acc2=48.93%  ens=49.12%  (best 69.56 @ ep 8)  [35.4s]
  ep  97: acc1=49.35%  acc2=48.79%  ens=49.07%  (best 69.56 @ ep 8)  [61.9s]
  ep  98: acc1=49.38%  acc2=48.85%  ens=49.11%  (best 69.56 @ ep 8)  [34.8s]
  ep  99: acc1=49.27%  acc2=49.03%  ens=49.15%  (best 69.56 @ ep 8)  [184.7s]  [w on clean=0.721, on noisy=0.666]

saved /path/to/ciln-workspace/journal_edition/robustness_transfer/results_v4/dividemix/ours_v2_noisy__pixelate_sev1__seed1.json: best ens-acc 69.56% @ ep 8
