condition=ours_v2_noisy__snow_sev3 seed=0 gpu=2
/path/to/ciln-workspace/venv/lib/python3.12/site-packages/torchvision/datasets/cifar.py:83: VisibleDeprecationWarning: dtype(): align should be passed as Python or NumPy boolean but got `align=0`. Did you mean to pass a tuple to create a subarray type? (Deprecated NumPy 2.4)
  entry = pickle.load(f, encoding="latin1")
image_source=noisy  N=22500  noise_rate=19.37%
  ep   0: R(t)=1.000  acc1=28.60%  acc2=30.18%  ens=29.39%  (best 29.39 @ ep 0)  [7.5s]
  ep   1: R(t)=0.939  acc1=39.34%  acc2=38.20%  ens=38.77%  (best 38.77 @ ep 1)  [6.4s]
  ep   2: R(t)=0.913  acc1=45.43%  acc2=45.62%  ens=45.52%  (best 45.52 @ ep 2)  [6.4s]
  ep   3: R(t)=0.894  acc1=48.46%  acc2=48.35%  ens=48.41%  (best 48.41 @ ep 3)  [6.7s]
  ep   4: R(t)=0.877  acc1=47.54%  acc2=50.36%  ens=48.95%  (best 48.95 @ ep 4)  [6.6s]
  ep   5: R(t)=0.863  acc1=50.81%  acc2=47.53%  ens=49.17%  (best 49.17 @ ep 5)  [10.6s]  [sel1+2: prec=0.838, recall_clean=0.925]
  ep   6: R(t)=0.850  acc1=48.12%  acc2=55.13%  ens=51.62%  (best 51.62 @ ep 6)  [6.7s]
  ep   7: R(t)=0.838  acc1=56.45%  acc2=56.02%  ens=56.23%  (best 56.23 @ ep 7)  [7.6s]
  ep   8: R(t)=0.827  acc1=53.66%  acc2=55.83%  ens=54.74%  (best 56.23 @ ep 7)  [17.4s]
  ep   9: R(t)=0.816  acc1=60.36%  acc2=61.12%  ens=60.74%  (best 60.74 @ ep 9)  [17.2s]
  ep  10: R(t)=0.806  acc1=50.58%  acc2=55.84%  ens=53.21%  (best 60.74 @ ep 9)  [24.7s]  [sel1+2: prec=0.856, recall_clean=0.900]
  ep  11: R(t)=0.806  acc1=56.86%  acc2=59.31%  ens=58.09%  (best 60.74 @ ep 9)  [18.3s]
  ep  12: R(t)=0.806  acc1=62.31%  acc2=61.85%  ens=62.08%  (best 62.08 @ ep 12)  [16.9s]
  ep  13: R(t)=0.806  acc1=57.04%  acc2=50.35%  ens=53.70%  (best 62.08 @ ep 12)  [18.1s]
  ep  14: R(t)=0.806  acc1=63.25%  acc2=64.43%  ens=63.84%  (best 63.84 @ ep 14)  [16.5s]
  ep  15: R(t)=0.806  acc1=60.12%  acc2=59.88%  ens=60.00%  (best 63.84 @ ep 14)  [16.8s]
  ep  16: R(t)=0.806  acc1=60.75%  acc2=53.42%  ens=57.09%  (best 63.84 @ ep 14)  [18.0s]
  ep  17: R(t)=0.806  acc1=53.13%  acc2=62.06%  ens=57.59%  (best 63.84 @ ep 14)  [17.1s]
  ep  18: R(t)=0.806  acc1=64.16%  acc2=60.62%  ens=62.39%  (best 63.84 @ ep 14)  [8.1s]
  ep  19: R(t)=0.806  acc1=66.99%  acc2=67.93%  ens=67.46%  (best 67.46 @ ep 19)  [6.6s]
  ep  20: R(t)=0.806  acc1=60.87%  acc2=64.98%  ens=62.93%  (best 67.46 @ ep 19)  [10.0s]  [sel1+2: prec=0.869, recall_clean=0.913]
  ep  21: R(t)=0.806  acc1=62.42%  acc2=63.62%  ens=63.02%  (best 67.46 @ ep 19)  [6.6s]
  ep  22: R(t)=0.806  acc1=68.94%  acc2=65.92%  ens=67.43%  (best 67.46 @ ep 19)  [6.4s]
  ep  23: R(t)=0.806  acc1=69.23%  acc2=71.14%  ens=70.19%  (best 70.19 @ ep 23)  [6.6s]
  ep  24: R(t)=0.806  acc1=71.22%  acc2=66.16%  ens=68.69%  (best 70.19 @ ep 23)  [6.4s]
  ep  25: R(t)=0.806  acc1=69.09%  acc2=64.82%  ens=66.95%  (best 70.19 @ ep 23)  [6.7s]
  ep  26: R(t)=0.806  acc1=70.31%  acc2=70.25%  ens=70.28%  (best 70.28 @ ep 26)  [6.6s]
  ep  27: R(t)=0.806  acc1=71.95%  acc2=70.36%  ens=71.16%  (best 71.16 @ ep 27)  [13.8s]
  ep  28: R(t)=0.806  acc1=67.44%  acc2=67.39%  ens=67.42%  (best 71.16 @ ep 27)  [19.4s]
  ep  29: R(t)=0.806  acc1=70.34%  acc2=66.24%  ens=68.29%  (best 71.16 @ ep 27)  [18.1s]
  ep  30: R(t)=0.806  acc1=69.79%  acc2=64.21%  ens=67.00%  (best 71.16 @ ep 27)  [9.8s]  [sel1+2: prec=0.874, recall_clean=0.920]
  ep  31: R(t)=0.806  acc1=72.13%  acc2=68.77%  ens=70.45%  (best 71.16 @ ep 27)  [6.5s]
  ep  32: R(t)=0.806  acc1=64.66%  acc2=68.34%  ens=66.50%  (best 71.16 @ ep 27)  [6.3s]
  ep  33: R(t)=0.806  acc1=70.34%  acc2=66.05%  ens=68.20%  (best 71.16 @ ep 27)  [6.6s]
  ep  34: R(t)=0.806  acc1=70.03%  acc2=71.12%  ens=70.58%  (best 71.16 @ ep 27)  [6.6s]
  ep  35: R(t)=0.806  acc1=66.56%  acc2=70.65%  ens=68.61%  (best 71.16 @ ep 27)  [6.4s]
  ep  36: R(t)=0.806  acc1=73.69%  acc2=71.26%  ens=72.47%  (best 72.47 @ ep 36)  [6.6s]
  ep  37: R(t)=0.806  acc1=75.33%  acc2=66.96%  ens=71.14%  (best 72.47 @ ep 36)  [6.5s]
  ep  38: R(t)=0.806  acc1=68.37%  acc2=72.38%  ens=70.38%  (best 72.47 @ ep 36)  [7.0s]
  ep  39: R(t)=0.806  acc1=67.33%  acc2=66.27%  ens=66.80%  (best 72.47 @ ep 36)  [16.8s]
  ep  40: R(t)=0.806  acc1=69.28%  acc2=68.90%  ens=69.09%  (best 72.47 @ ep 36)  [17.5s]
  ep  41: R(t)=0.806  acc1=71.59%  acc2=71.74%  ens=71.67%  (best 72.47 @ ep 36)  [19.3s]
  ep  42: R(t)=0.806  acc1=72.14%  acc2=72.50%  ens=72.32%  (best 72.47 @ ep 36)  [18.0s]
  ep  43: R(t)=0.806  acc1=71.84%  acc2=70.51%  ens=71.17%  (best 72.47 @ ep 36)  [16.9s]
  ep  44: R(t)=0.806  acc1=74.27%  acc2=74.64%  ens=74.45%  (best 74.45 @ ep 44)  [17.4s]
  ep  45: R(t)=0.806  acc1=67.93%  acc2=68.55%  ens=68.24%  (best 74.45 @ ep 44)  [17.8s]
  ep  46: R(t)=0.806  acc1=71.02%  acc2=72.63%  ens=71.83%  (best 74.45 @ ep 44)  [17.6s]
  ep  47: R(t)=0.806  acc1=75.43%  acc2=75.60%  ens=75.52%  (best 75.52 @ ep 47)  [16.8s]
  ep  48: R(t)=0.806  acc1=73.42%  acc2=75.45%  ens=74.44%  (best 75.52 @ ep 47)  [18.0s]
  ep  49: R(t)=0.806  acc1=74.95%  acc2=71.61%  ens=73.28%  (best 75.52 @ ep 47)  [17.8s]
  ep  50: R(t)=0.806  acc1=76.31%  acc2=73.65%  ens=74.98%  (best 75.52 @ ep 47)  [25.0s]  [sel1+2: prec=0.883, recall_clean=0.926]
  ep  51: R(t)=0.806  acc1=72.92%  acc2=74.63%  ens=73.77%  (best 75.52 @ ep 47)  [13.0s]
  ep  52: R(t)=0.806  acc1=72.53%  acc2=73.61%  ens=73.07%  (best 75.52 @ ep 47)  [6.6s]
  ep  53: R(t)=0.806  acc1=74.18%  acc2=74.76%  ens=74.47%  (best 75.52 @ ep 47)  [6.6s]
  ep  54: R(t)=0.806  acc1=75.16%  acc2=76.47%  ens=75.82%  (best 75.82 @ ep 54)  [6.8s]
  ep  55: R(t)=0.806  acc1=76.95%  acc2=74.27%  ens=75.61%  (best 75.82 @ ep 54)  [6.5s]
  ep  56: R(t)=0.806  acc1=75.65%  acc2=75.65%  ens=75.65%  (best 75.82 @ ep 54)  [6.7s]
  ep  57: R(t)=0.806  acc1=76.93%  acc2=74.87%  ens=75.90%  (best 75.90 @ ep 57)  [6.6s]
  ep  58: R(t)=0.806  acc1=77.35%  acc2=78.42%  ens=77.89%  (best 77.89 @ ep 58)  [6.9s]
  ep  59: R(t)=0.806  acc1=76.22%  acc2=78.48%  ens=77.35%  (best 77.89 @ ep 58)  [6.5s]
  ep  60: R(t)=0.806  acc1=76.95%  acc2=74.88%  ens=75.91%  (best 77.89 @ ep 58)  [9.6s]
  ep  61: R(t)=0.806  acc1=74.73%  acc2=78.83%  ens=76.78%  (best 77.89 @ ep 58)  [19.3s]
  ep  62: R(t)=0.806  acc1=79.11%  acc2=78.16%  ens=78.64%  (best 78.64 @ ep 62)  [22.3s]
  ep  63: R(t)=0.806  acc1=77.91%  acc2=77.78%  ens=77.85%  (best 78.64 @ ep 62)  [20.0s]
  ep  64: R(t)=0.806  acc1=76.17%  acc2=74.35%  ens=75.26%  (best 78.64 @ ep 62)  [20.0s]
  ep  65: R(t)=0.806  acc1=77.80%  acc2=76.19%  ens=77.00%  (best 78.64 @ ep 62)  [6.5s]
  ep  66: R(t)=0.806  acc1=79.98%  acc2=79.25%  ens=79.61%  (best 79.61 @ ep 66)  [6.4s]
  ep  67: R(t)=0.806  acc1=78.08%  acc2=78.15%  ens=78.11%  (best 79.61 @ ep 66)  [6.7s]
  ep  68: R(t)=0.806  acc1=79.18%  acc2=79.74%  ens=79.46%  (best 79.61 @ ep 66)  [6.6s]
  ep  69: R(t)=0.806  acc1=79.34%  acc2=78.78%  ens=79.06%  (best 79.61 @ ep 66)  [6.5s]
  ep  70: R(t)=0.806  acc1=79.06%  acc2=79.77%  ens=79.41%  (best 79.61 @ ep 66)  [6.0s]
  ep  71: R(t)=0.806  acc1=77.20%  acc2=77.78%  ens=77.49%  (best 79.61 @ ep 66)  [6.3s]
  ep  72: R(t)=0.806  acc1=77.83%  acc2=77.68%  ens=77.75%  (best 79.61 @ ep 66)  [6.6s]
  ep  73: R(t)=0.806  acc1=79.84%  acc2=78.85%  ens=79.34%  (best 79.61 @ ep 66)  [6.5s]
  ep  74: R(t)=0.806  acc1=79.39%  acc2=79.15%  ens=79.27%  (best 79.61 @ ep 66)  [13.3s]
  ep  75: R(t)=0.806  acc1=81.79%  acc2=80.74%  ens=81.27%  (best 81.27 @ ep 75)  [28.8s]  [sel1+2: prec=0.897, recall_clean=0.930]
  ep  76: R(t)=0.806  acc1=79.92%  acc2=80.56%  ens=80.24%  (best 81.27 @ ep 75)  [19.6s]
  ep  77: R(t)=0.806  acc1=81.78%  acc2=81.05%  ens=81.41%  (best 81.41 @ ep 77)  [20.4s]
  ep  78: R(t)=0.806  acc1=80.45%  acc2=81.00%  ens=80.73%  (best 81.41 @ ep 77)  [16.4s]
  ep  79: R(t)=0.806  acc1=80.52%  acc2=81.55%  ens=81.03%  (best 81.41 @ ep 77)  [6.4s]
  ep  80: R(t)=0.806  acc1=82.06%  acc2=81.81%  ens=81.94%  (best 81.94 @ ep 80)  [6.4s]
  ep  81: R(t)=0.806  acc1=81.98%  acc2=81.98%  ens=81.98%  (best 81.98 @ ep 81)  [6.3s]
  ep  82: R(t)=0.806  acc1=82.30%  acc2=82.37%  ens=82.34%  (best 82.34 @ ep 82)  [6.4s]
  ep  83: R(t)=0.806  acc1=82.63%  acc2=82.51%  ens=82.57%  (best 82.57 @ ep 83)  [6.6s]
  ep  84: R(t)=0.806  acc1=81.95%  acc2=81.93%  ens=81.94%  (best 82.57 @ ep 83)  [6.6s]
  ep  85: R(t)=0.806  acc1=82.46%  acc2=82.66%  ens=82.56%  (best 82.57 @ ep 83)  [6.5s]
  ep  86: R(t)=0.806  acc1=82.39%  acc2=82.17%  ens=82.28%  (best 82.57 @ ep 83)  [6.4s]
  ep  87: R(t)=0.806  acc1=83.09%  acc2=82.69%  ens=82.89%  (best 82.89 @ ep 87)  [6.6s]
  ep  88: R(t)=0.806  acc1=82.54%  acc2=82.49%  ens=82.52%  (best 82.89 @ ep 87)  [13.8s]
  ep  89: R(t)=0.806  acc1=82.97%  acc2=82.92%  ens=82.95%  (best 82.95 @ ep 89)  [19.1s]
  ep  90: R(t)=0.806  acc1=82.77%  acc2=82.56%  ens=82.67%  (best 82.95 @ ep 89)  [17.7s]
  ep  91: R(t)=0.806  acc1=83.05%  acc2=83.00%  ens=83.02%  (best 83.02 @ ep 91)  [18.8s]
  ep  92: R(t)=0.806  acc1=82.79%  acc2=82.89%  ens=82.84%  (best 83.02 @ ep 91)  [20.1s]
  ep  93: R(t)=0.806  acc1=82.85%  acc2=82.93%  ens=82.89%  (best 83.02 @ ep 91)  [17.8s]
  ep  94: R(t)=0.806  acc1=82.66%  acc2=82.88%  ens=82.77%  (best 83.02 @ ep 91)  [21.8s]
  ep  95: R(t)=0.806  acc1=82.91%  acc2=82.77%  ens=82.84%  (best 83.02 @ ep 91)  [18.3s]
  ep  96: R(t)=0.806  acc1=82.84%  acc2=82.84%  ens=82.84%  (best 83.02 @ ep 91)  [20.2s]
  ep  97: R(t)=0.806  acc1=82.84%  acc2=82.60%  ens=82.72%  (best 83.02 @ ep 91)  [17.8s]
  ep  98: R(t)=0.806  acc1=82.84%  acc2=82.80%  ens=82.82%  (best 83.02 @ ep 91)  [18.1s]
  ep  99: R(t)=0.806  acc1=82.88%  acc2=82.78%  ens=82.83%  (best 83.02 @ ep 91)  [9.9s]  [sel1+2: prec=0.902, recall_clean=0.925]

saved /path/to/ciln-workspace/journal_edition/robustness_transfer/results_v4/coteaching/ours_v2_noisy__snow_sev3__seed0.json: best ens-acc 83.02% @ ep 91
