condition=ours_v2_noisy__gaussian_noise_sev1 seed=2 gpu=2
/path/to/ciln-workspace/venv/lib/python3.12/site-packages/torchvision/datasets/cifar.py:83: VisibleDeprecationWarning: dtype(): align should be passed as Python or NumPy boolean but got `align=0`. Did you mean to pass a tuple to create a subarray type? (Deprecated NumPy 2.4)
  entry = pickle.load(f, encoding="latin1")
image_source=noisy  N_train=22500  noise_rate=21.27%
  ep   0: acc1=39.74%  acc2=37.51%  ens=38.62%  (best 38.62 @ ep 0)  [8.0s]
  ep   1: acc1=48.37%  acc2=48.01%  ens=48.19%  (best 48.19 @ ep 1)  [7.8s]
  ep   2: acc1=50.11%  acc2=51.34%  ens=50.72%  (best 50.72 @ ep 2)  [7.6s]
  ep   3: acc1=54.03%  acc2=52.39%  ens=53.21%  (best 53.21 @ ep 3)  [25.9s]
  ep   4: acc1=59.34%  acc2=59.80%  ens=59.57%  (best 59.57 @ ep 4)  [27.5s]
  ep   5: acc1=58.16%  acc2=61.06%  ens=59.61%  (best 59.61 @ ep 5)  [35.3s]  [w on clean=0.799, on noisy=0.519]
  ep   6: acc1=58.91%  acc2=63.56%  ens=61.23%  (best 61.23 @ ep 6)  [24.8s]
  ep   7: acc1=67.29%  acc2=60.97%  ens=64.13%  (best 64.13 @ ep 7)  [7.1s]
  ep   8: acc1=67.50%  acc2=68.89%  ens=68.20%  (best 68.20 @ ep 8)  [7.2s]
  ep   9: acc1=70.18%  acc2=69.58%  ens=69.88%  (best 69.88 @ ep 9)  [7.0s]
  ep  10: acc1=52.83%  acc2=41.10%  ens=46.97%  (best 69.88 @ ep 9)  [52.1s]  [w on clean=0.700, on noisy=0.326]
  ep  11: acc1=34.39%  acc2=34.94%  ens=34.66%  (best 69.88 @ ep 9)  [51.6s]
  ep  12: acc1=32.69%  acc2=29.47%  ens=31.08%  (best 69.88 @ ep 9)  [25.1s]
  ep  13: acc1=29.92%  acc2=31.51%  ens=30.72%  (best 69.88 @ ep 9)  [28.1s]
  ep  14: acc1=32.20%  acc2=32.41%  ens=32.30%  (best 69.88 @ ep 9)  [26.2s]
  ep  15: acc1=32.65%  acc2=32.79%  ens=32.72%  (best 69.88 @ ep 9)  [33.8s]
  ep  16: acc1=33.98%  acc2=33.46%  ens=33.72%  (best 69.88 @ ep 9)  [28.0s]
  ep  17: acc1=34.30%  acc2=32.53%  ens=33.41%  (best 69.88 @ ep 9)  [28.6s]
  ep  18: acc1=34.45%  acc2=34.99%  ens=34.72%  (best 69.88 @ ep 9)  [283.2s]
  ep  19: acc1=32.40%  acc2=27.59%  ens=30.00%  (best 69.88 @ ep 9)  [61.8s]
  ep  20: acc1=32.42%  acc2=33.68%  ens=33.05%  (best 69.88 @ ep 9)  [32.8s]  [w on clean=0.612, on noisy=0.325]
  ep  21: acc1=33.12%  acc2=35.28%  ens=34.20%  (best 69.88 @ ep 9)  [98.1s]
  ep  22: acc1=33.64%  acc2=35.45%  ens=34.54%  (best 69.88 @ ep 9)  [29.3s]
  ep  23: acc1=33.96%  acc2=35.83%  ens=34.89%  (best 69.88 @ ep 9)  [123.4s]
  ep  24: acc1=35.29%  acc2=31.96%  ens=33.62%  (best 69.88 @ ep 9)  [37.0s]
  ep  25: acc1=32.01%  acc2=35.06%  ens=33.54%  (best 69.88 @ ep 9)  [28.8s]
  ep  26: acc1=35.33%  acc2=33.26%  ens=34.29%  (best 69.88 @ ep 9)  [41.2s]
  ep  27: acc1=35.98%  acc2=33.23%  ens=34.60%  (best 69.88 @ ep 9)  [27.7s]
  ep  28: acc1=37.42%  acc2=34.07%  ens=35.74%  (best 69.88 @ ep 9)  [128.6s]
  ep  29: acc1=35.13%  acc2=36.72%  ens=35.93%  (best 69.88 @ ep 9)  [33.5s]
  ep  30: acc1=37.53%  acc2=33.87%  ens=35.70%  (best 69.88 @ ep 9)  [31.7s]  [w on clean=0.612, on noisy=0.326]
  ep  31: acc1=35.89%  acc2=34.03%  ens=34.96%  (best 69.88 @ ep 9)  [80.4s]
  ep  32: acc1=38.59%  acc2=33.56%  ens=36.08%  (best 69.88 @ ep 9)  [27.7s]
  ep  33: acc1=38.05%  acc2=36.07%  ens=37.06%  (best 69.88 @ ep 9)  [42.5s]
  ep  34: acc1=36.24%  acc2=32.94%  ens=34.59%  (best 69.88 @ ep 9)  [29.8s]
  ep  35: acc1=34.83%  acc2=37.58%  ens=36.20%  (best 69.88 @ ep 9)  [46.0s]
  ep  36: acc1=34.56%  acc2=34.41%  ens=34.48%  (best 69.88 @ ep 9)  [29.0s]
  ep  37: acc1=36.39%  acc2=34.40%  ens=35.39%  (best 69.88 @ ep 9)  [58.5s]
  ep  38: acc1=35.53%  acc2=33.41%  ens=34.47%  (best 69.88 @ ep 9)  [61.4s]
  ep  39: acc1=33.54%  acc2=35.43%  ens=34.48%  (best 69.88 @ ep 9)  [31.6s]
  ep  40: acc1=36.31%  acc2=35.96%  ens=36.13%  (best 69.88 @ ep 9)  [45.7s]
  ep  41: acc1=38.56%  acc2=35.92%  ens=37.24%  (best 69.88 @ ep 9)  [28.6s]
  ep  42: acc1=38.55%  acc2=34.75%  ens=36.65%  (best 69.88 @ ep 9)  [146.0s]
  ep  43: acc1=36.60%  acc2=32.08%  ens=34.34%  (best 69.88 @ ep 9)  [28.3s]
  ep  44: acc1=33.89%  acc2=37.22%  ens=35.55%  (best 69.88 @ ep 9)  [28.3s]
  ep  45: acc1=38.82%  acc2=39.60%  ens=39.21%  (best 69.88 @ ep 9)  [255.0s]
  ep  46: acc1=37.87%  acc2=34.98%  ens=36.42%  (best 69.88 @ ep 9)  [78.2s]
  ep  47: acc1=39.80%  acc2=38.36%  ens=39.08%  (best 69.88 @ ep 9)  [28.5s]
  ep  48: acc1=39.33%  acc2=40.37%  ens=39.85%  (best 69.88 @ ep 9)  [36.5s]
  ep  49: acc1=38.85%  acc2=39.33%  ens=39.09%  (best 69.88 @ ep 9)  [29.1s]
  ep  50: acc1=39.73%  acc2=38.76%  ens=39.24%  (best 69.88 @ ep 9)  [112.3s]  [w on clean=0.612, on noisy=0.327]
  ep  51: acc1=36.98%  acc2=37.40%  ens=37.19%  (best 69.88 @ ep 9)  [28.0s]
  ep  52: acc1=36.39%  acc2=36.99%  ens=36.69%  (best 69.88 @ ep 9)  [28.3s]
  ep  53: acc1=37.21%  acc2=38.47%  ens=37.84%  (best 69.88 @ ep 9)  [29.7s]
  ep  54: acc1=40.26%  acc2=38.92%  ens=39.59%  (best 69.88 @ ep 9)  [27.9s]
  ep  55: acc1=39.79%  acc2=39.13%  ens=39.46%  (best 69.88 @ ep 9)  [54.3s]
  ep  56: acc1=41.76%  acc2=40.17%  ens=40.97%  (best 69.88 @ ep 9)  [29.0s]
  ep  57: acc1=39.80%  acc2=37.67%  ens=38.73%  (best 69.88 @ ep 9)  [62.8s]
  ep  58: acc1=38.57%  acc2=39.65%  ens=39.11%  (best 69.88 @ ep 9)  [28.9s]
  ep  59: acc1=41.33%  acc2=39.46%  ens=40.40%  (best 69.88 @ ep 9)  [82.8s]
  ep  60: acc1=40.11%  acc2=38.57%  ens=39.34%  (best 69.88 @ ep 9)  [28.7s]
  ep  61: acc1=41.54%  acc2=40.76%  ens=41.15%  (best 69.88 @ ep 9)  [32.6s]
  ep  62: acc1=39.03%  acc2=39.61%  ens=39.32%  (best 69.88 @ ep 9)  [115.6s]
  ep  63: acc1=39.55%  acc2=40.00%  ens=39.78%  (best 69.88 @ ep 9)  [28.8s]
  ep  64: acc1=39.64%  acc2=39.27%  ens=39.45%  (best 69.88 @ ep 9)  [31.4s]
  ep  65: acc1=39.58%  acc2=40.74%  ens=40.16%  (best 69.88 @ ep 9)  [30.8s]
  ep  66: acc1=37.64%  acc2=39.46%  ens=38.55%  (best 69.88 @ ep 9)  [36.3s]
  ep  67: acc1=39.03%  acc2=40.03%  ens=39.53%  (best 69.88 @ ep 9)  [29.3s]
  ep  68: acc1=38.88%  acc2=39.43%  ens=39.15%  (best 69.88 @ ep 9)  [41.4s]
  ep  69: acc1=39.78%  acc2=38.69%  ens=39.23%  (best 69.88 @ ep 9)  [29.2s]
  ep  70: acc1=40.17%  acc2=40.43%  ens=40.30%  (best 69.88 @ ep 9)  [77.6s]
  ep  71: acc1=39.52%  acc2=39.52%  ens=39.52%  (best 69.88 @ ep 9)  [37.8s]
  ep  72: acc1=40.11%  acc2=40.88%  ens=40.50%  (best 69.88 @ ep 9)  [29.0s]
  ep  73: acc1=39.10%  acc2=40.81%  ens=39.95%  (best 69.88 @ ep 9)  [73.5s]
  ep  74: acc1=39.24%  acc2=39.86%  ens=39.55%  (best 69.88 @ ep 9)  [29.4s]
  ep  75: acc1=40.36%  acc2=40.71%  ens=40.53%  (best 69.88 @ ep 9)  [107.2s]  [w on clean=0.613, on noisy=0.327]
  ep  76: acc1=39.20%  acc2=40.56%  ens=39.88%  (best 69.88 @ ep 9)  [29.5s]
  ep  77: acc1=40.98%  acc2=40.90%  ens=40.94%  (best 69.88 @ ep 9)  [86.5s]
  ep  78: acc1=40.78%  acc2=40.74%  ens=40.76%  (best 69.88 @ ep 9)  [29.1s]
  ep  79: acc1=39.93%  acc2=41.23%  ens=40.58%  (best 69.88 @ ep 9)  [31.1s]
  ep  80: acc1=40.70%  acc2=41.07%  ens=40.88%  (best 69.88 @ ep 9)  [31.4s]
  ep  81: acc1=40.37%  acc2=40.73%  ens=40.55%  (best 69.88 @ ep 9)  [28.7s]
  ep  82: acc1=40.29%  acc2=40.74%  ens=40.52%  (best 69.88 @ ep 9)  [37.1s]
  ep  83: acc1=39.90%  acc2=41.22%  ens=40.56%  (best 69.88 @ ep 9)  [28.8s]
  ep  84: acc1=40.70%  acc2=41.47%  ens=41.09%  (best 69.88 @ ep 9)  [33.5s]
  ep  85: acc1=40.46%  acc2=41.49%  ens=40.98%  (best 69.88 @ ep 9)  [29.3s]
  ep  86: acc1=40.38%  acc2=41.54%  ens=40.96%  (best 69.88 @ ep 9)  [28.4s]
  ep  87: acc1=40.41%  acc2=40.88%  ens=40.64%  (best 69.88 @ ep 9)  [28.2s]
  ep  88: acc1=40.36%  acc2=40.89%  ens=40.62%  (best 69.88 @ ep 9)  [53.3s]
  ep  89: acc1=39.84%  acc2=40.85%  ens=40.34%  (best 69.88 @ ep 9)  [29.1s]
  ep  90: acc1=40.48%  acc2=41.11%  ens=40.80%  (best 69.88 @ ep 9)  [29.2s]
  ep  91: acc1=39.94%  acc2=40.88%  ens=40.41%  (best 69.88 @ ep 9)  [111.4s]
  ep  92: acc1=40.08%  acc2=40.83%  ens=40.45%  (best 69.88 @ ep 9)  [29.6s]
  ep  93: acc1=39.58%  acc2=41.55%  ens=40.56%  (best 69.88 @ ep 9)  [137.9s]
  ep  94: acc1=40.50%  acc2=41.17%  ens=40.84%  (best 69.88 @ ep 9)  [28.9s]
  ep  95: acc1=39.91%  acc2=41.02%  ens=40.47%  (best 69.88 @ ep 9)  [29.5s]
  ep  96: acc1=40.00%  acc2=41.11%  ens=40.55%  (best 69.88 @ ep 9)  [108.8s]
  ep  97: acc1=39.95%  acc2=40.71%  ens=40.33%  (best 69.88 @ ep 9)  [29.3s]
  ep  98: acc1=39.97%  acc2=41.17%  ens=40.57%  (best 69.88 @ ep 9)  [178.6s]
  ep  99: acc1=39.60%  acc2=41.30%  ens=40.45%  (best 69.88 @ ep 9)  [32.8s]  [w on clean=0.613, on noisy=0.327]

saved /path/to/ciln-workspace/journal_edition/robustness_transfer/results_v4/dividemix/ours_v2_noisy__gaussian_noise_sev1__seed2.json: best ens-acc 69.88% @ ep 9
