condition=ours_v2_noisy__frost_sev1 seed=1 gpu=2
/path/to/ciln-workspace/venv/lib/python3.12/site-packages/torchvision/datasets/cifar.py:83: VisibleDeprecationWarning: dtype(): align should be passed as Python or NumPy boolean but got `align=0`. Did you mean to pass a tuple to create a subarray type? (Deprecated NumPy 2.4)
  entry = pickle.load(f, encoding="latin1")
image_source=noisy  N=22500  noise_rate=10.16%
  ep   0: R(t)=1.000  acc1=31.69%  acc2=33.33%  ens=32.51%  (best 32.51 @ ep 0)  [7.6s]
  ep   1: R(t)=0.968  acc1=38.69%  acc2=35.26%  ens=36.98%  (best 36.98 @ ep 1)  [6.6s]
  ep   2: R(t)=0.955  acc1=37.98%  acc2=41.57%  ens=39.78%  (best 39.78 @ ep 2)  [6.7s]
  ep   3: R(t)=0.944  acc1=52.97%  acc2=53.92%  ens=53.45%  (best 53.45 @ ep 3)  [6.4s]
  ep   4: R(t)=0.936  acc1=53.98%  acc2=49.16%  ens=51.57%  (best 53.45 @ ep 3)  [6.4s]
  ep   5: R(t)=0.928  acc1=62.61%  acc2=61.12%  ens=61.86%  (best 61.86 @ ep 5)  [10.0s]  [sel1+2: prec=0.910, recall_clean=0.965]
  ep   6: R(t)=0.921  acc1=57.01%  acc2=61.82%  ens=59.41%  (best 61.86 @ ep 5)  [6.8s]
  ep   7: R(t)=0.915  acc1=61.78%  acc2=55.23%  ens=58.51%  (best 61.86 @ ep 5)  [8.8s]
  ep   8: R(t)=0.909  acc1=60.84%  acc2=68.55%  ens=64.70%  (best 64.70 @ ep 8)  [18.4s]
  ep   9: R(t)=0.904  acc1=63.85%  acc2=57.01%  ens=60.43%  (best 64.70 @ ep 8)  [6.3s]
  ep  10: R(t)=0.898  acc1=69.56%  acc2=66.87%  ens=68.22%  (best 68.22 @ ep 10)  [9.9s]  [sel1+2: prec=0.920, recall_clean=0.951]
  ep  11: R(t)=0.898  acc1=64.16%  acc2=65.65%  ens=64.90%  (best 68.22 @ ep 10)  [6.6s]
  ep  12: R(t)=0.898  acc1=66.78%  acc2=68.27%  ens=67.52%  (best 68.22 @ ep 10)  [6.5s]
  ep  13: R(t)=0.898  acc1=65.62%  acc2=68.19%  ens=66.90%  (best 68.22 @ ep 10)  [6.5s]
  ep  14: R(t)=0.898  acc1=71.74%  acc2=69.59%  ens=70.67%  (best 70.67 @ ep 14)  [6.3s]
  ep  15: R(t)=0.898  acc1=73.12%  acc2=67.67%  ens=70.39%  (best 70.67 @ ep 14)  [6.7s]
  ep  16: R(t)=0.898  acc1=70.86%  acc2=69.49%  ens=70.17%  (best 70.67 @ ep 14)  [6.6s]
  ep  17: R(t)=0.898  acc1=66.58%  acc2=70.58%  ens=68.58%  (best 70.67 @ ep 14)  [7.5s]
  ep  18: R(t)=0.898  acc1=70.50%  acc2=67.52%  ens=69.01%  (best 70.67 @ ep 14)  [18.2s]
  ep  19: R(t)=0.898  acc1=67.74%  acc2=67.40%  ens=67.57%  (best 70.67 @ ep 14)  [16.7s]
  ep  20: R(t)=0.898  acc1=74.46%  acc2=70.83%  ens=72.65%  (best 72.65 @ ep 20)  [25.3s]  [sel1+2: prec=0.925, recall_clean=0.956]
  ep  21: R(t)=0.898  acc1=72.92%  acc2=71.98%  ens=72.45%  (best 72.65 @ ep 20)  [6.3s]
  ep  22: R(t)=0.898  acc1=67.19%  acc2=72.97%  ens=70.08%  (best 72.65 @ ep 20)  [6.5s]
  ep  23: R(t)=0.898  acc1=68.13%  acc2=63.25%  ens=65.69%  (best 72.65 @ ep 20)  [6.5s]
  ep  24: R(t)=0.898  acc1=73.17%  acc2=76.15%  ens=74.66%  (best 74.66 @ ep 24)  [6.6s]
  ep  25: R(t)=0.898  acc1=67.63%  acc2=73.30%  ens=70.47%  (best 74.66 @ ep 24)  [6.4s]
  ep  26: R(t)=0.898  acc1=73.82%  acc2=73.99%  ens=73.91%  (best 74.66 @ ep 24)  [6.6s]
  ep  27: R(t)=0.898  acc1=73.92%  acc2=73.27%  ens=73.59%  (best 74.66 @ ep 24)  [6.2s]
  ep  28: R(t)=0.898  acc1=75.83%  acc2=71.15%  ens=73.49%  (best 74.66 @ ep 24)  [6.6s]
  ep  29: R(t)=0.898  acc1=74.22%  acc2=73.12%  ens=73.67%  (best 74.66 @ ep 24)  [6.5s]
  ep  30: R(t)=0.898  acc1=72.31%  acc2=74.84%  ens=73.57%  (best 74.66 @ ep 24)  [12.8s]  [sel1+2: prec=0.928, recall_clean=0.960]
  ep  31: R(t)=0.898  acc1=72.61%  acc2=75.48%  ens=74.05%  (best 74.66 @ ep 24)  [17.7s]
  ep  32: R(t)=0.898  acc1=73.81%  acc2=77.10%  ens=75.46%  (best 75.46 @ ep 32)  [18.2s]
  ep  33: R(t)=0.898  acc1=70.77%  acc2=75.11%  ens=72.94%  (best 75.46 @ ep 32)  [17.1s]
  ep  34: R(t)=0.898  acc1=72.55%  acc2=74.68%  ens=73.62%  (best 75.46 @ ep 32)  [17.0s]
  ep  35: R(t)=0.898  acc1=73.00%  acc2=74.22%  ens=73.61%  (best 75.46 @ ep 32)  [16.8s]
  ep  36: R(t)=0.898  acc1=72.42%  acc2=73.41%  ens=72.91%  (best 75.46 @ ep 32)  [17.7s]
  ep  37: R(t)=0.898  acc1=77.71%  acc2=75.42%  ens=76.56%  (best 76.56 @ ep 37)  [19.4s]
  ep  38: R(t)=0.898  acc1=72.33%  acc2=77.43%  ens=74.88%  (best 76.56 @ ep 37)  [15.6s]
  ep  39: R(t)=0.898  acc1=73.59%  acc2=76.78%  ens=75.19%  (best 76.56 @ ep 37)  [6.4s]
  ep  40: R(t)=0.898  acc1=71.24%  acc2=68.60%  ens=69.92%  (best 76.56 @ ep 37)  [6.1s]
  ep  41: R(t)=0.898  acc1=78.42%  acc2=78.80%  ens=78.61%  (best 78.61 @ ep 41)  [6.5s]
  ep  42: R(t)=0.898  acc1=73.23%  acc2=75.08%  ens=74.15%  (best 78.61 @ ep 41)  [6.4s]
  ep  43: R(t)=0.898  acc1=74.83%  acc2=72.25%  ens=73.54%  (best 78.61 @ ep 41)  [6.6s]
  ep  44: R(t)=0.898  acc1=74.80%  acc2=76.56%  ens=75.68%  (best 78.61 @ ep 41)  [6.6s]
  ep  45: R(t)=0.898  acc1=76.03%  acc2=80.04%  ens=78.03%  (best 78.61 @ ep 41)  [6.6s]
  ep  46: R(t)=0.898  acc1=77.39%  acc2=76.86%  ens=77.12%  (best 78.61 @ ep 41)  [6.5s]
  ep  47: R(t)=0.898  acc1=77.32%  acc2=71.15%  ens=74.24%  (best 78.61 @ ep 41)  [6.5s]
  ep  48: R(t)=0.898  acc1=78.02%  acc2=78.86%  ens=78.44%  (best 78.61 @ ep 41)  [9.9s]
  ep  49: R(t)=0.898  acc1=76.37%  acc2=77.54%  ens=76.95%  (best 78.61 @ ep 41)  [18.6s]
  ep  50: R(t)=0.898  acc1=76.77%  acc2=74.87%  ens=75.82%  (best 78.61 @ ep 41)  [23.1s]  [sel1+2: prec=0.931, recall_clean=0.961]
  ep  51: R(t)=0.898  acc1=79.94%  acc2=79.77%  ens=79.86%  (best 79.86 @ ep 51)  [18.4s]
  ep  52: R(t)=0.898  acc1=77.96%  acc2=76.45%  ens=77.20%  (best 79.86 @ ep 51)  [17.3s]
  ep  53: R(t)=0.898  acc1=78.79%  acc2=78.57%  ens=78.68%  (best 79.86 @ ep 51)  [6.3s]
  ep  54: R(t)=0.898  acc1=79.03%  acc2=78.94%  ens=78.98%  (best 79.86 @ ep 51)  [6.2s]
  ep  55: R(t)=0.898  acc1=80.66%  acc2=78.68%  ens=79.67%  (best 79.86 @ ep 51)  [6.3s]
  ep  56: R(t)=0.898  acc1=80.33%  acc2=78.78%  ens=79.55%  (best 79.86 @ ep 51)  [6.5s]
  ep  57: R(t)=0.898  acc1=81.21%  acc2=80.57%  ens=80.89%  (best 80.89 @ ep 57)  [6.5s]
  ep  58: R(t)=0.898  acc1=79.74%  acc2=79.69%  ens=79.72%  (best 80.89 @ ep 57)  [6.7s]
  ep  59: R(t)=0.898  acc1=80.27%  acc2=80.37%  ens=80.32%  (best 80.89 @ ep 57)  [6.4s]
  ep  60: R(t)=0.898  acc1=79.98%  acc2=80.31%  ens=80.14%  (best 80.89 @ ep 57)  [6.8s]
  ep  61: R(t)=0.898  acc1=79.29%  acc2=78.12%  ens=78.70%  (best 80.89 @ ep 57)  [6.3s]
  ep  62: R(t)=0.898  acc1=80.87%  acc2=81.85%  ens=81.36%  (best 81.36 @ ep 62)  [13.8s]
  ep  63: R(t)=0.898  acc1=78.38%  acc2=82.44%  ens=80.41%  (best 81.36 @ ep 62)  [6.6s]
  ep  64: R(t)=0.898  acc1=80.38%  acc2=81.93%  ens=81.16%  (best 81.36 @ ep 62)  [6.6s]
  ep  65: R(t)=0.898  acc1=79.89%  acc2=80.95%  ens=80.42%  (best 81.36 @ ep 62)  [6.3s]
  ep  66: R(t)=0.898  acc1=79.41%  acc2=81.29%  ens=80.35%  (best 81.36 @ ep 62)  [6.5s]
  ep  67: R(t)=0.898  acc1=82.40%  acc2=82.28%  ens=82.34%  (best 82.34 @ ep 67)  [6.4s]
  ep  68: R(t)=0.898  acc1=79.95%  acc2=81.92%  ens=80.94%  (best 82.34 @ ep 67)  [6.3s]
  ep  69: R(t)=0.898  acc1=82.84%  acc2=82.54%  ens=82.69%  (best 82.69 @ ep 69)  [6.4s]
  ep  70: R(t)=0.898  acc1=82.80%  acc2=81.44%  ens=82.12%  (best 82.69 @ ep 69)  [6.3s]
  ep  71: R(t)=0.898  acc1=82.56%  acc2=82.96%  ens=82.76%  (best 82.76 @ ep 71)  [6.3s]
  ep  72: R(t)=0.898  acc1=83.84%  acc2=83.02%  ens=83.43%  (best 83.43 @ ep 72)  [9.0s]
  ep  73: R(t)=0.898  acc1=83.60%  acc2=82.56%  ens=83.08%  (best 83.43 @ ep 72)  [17.6s]
  ep  74: R(t)=0.898  acc1=83.49%  acc2=84.27%  ens=83.88%  (best 83.88 @ ep 74)  [17.3s]
  ep  75: R(t)=0.898  acc1=84.20%  acc2=83.19%  ens=83.69%  (best 83.88 @ ep 74)  [23.6s]  [sel1+2: prec=0.937, recall_clean=0.962]
  ep  76: R(t)=0.898  acc1=84.41%  acc2=84.66%  ens=84.54%  (best 84.54 @ ep 76)  [18.0s]
  ep  77: R(t)=0.898  acc1=83.61%  acc2=84.19%  ens=83.90%  (best 84.54 @ ep 76)  [16.8s]
  ep  78: R(t)=0.898  acc1=84.15%  acc2=83.85%  ens=84.00%  (best 84.54 @ ep 76)  [16.7s]
  ep  79: R(t)=0.898  acc1=84.22%  acc2=84.94%  ens=84.58%  (best 84.58 @ ep 79)  [18.7s]
  ep  80: R(t)=0.898  acc1=85.14%  acc2=84.82%  ens=84.98%  (best 84.98 @ ep 80)  [18.8s]
  ep  81: R(t)=0.898  acc1=84.49%  acc2=84.50%  ens=84.50%  (best 84.98 @ ep 80)  [6.5s]
  ep  82: R(t)=0.898  acc1=85.00%  acc2=84.95%  ens=84.97%  (best 84.98 @ ep 80)  [6.3s]
  ep  83: R(t)=0.898  acc1=84.84%  acc2=85.31%  ens=85.08%  (best 85.08 @ ep 83)  [6.4s]
  ep  84: R(t)=0.898  acc1=85.51%  acc2=84.49%  ens=85.00%  (best 85.08 @ ep 83)  [6.4s]
  ep  85: R(t)=0.898  acc1=85.60%  acc2=85.38%  ens=85.49%  (best 85.49 @ ep 85)  [6.5s]
  ep  86: R(t)=0.898  acc1=85.72%  acc2=84.81%  ens=85.26%  (best 85.49 @ ep 85)  [6.6s]
  ep  87: R(t)=0.898  acc1=85.70%  acc2=85.27%  ens=85.48%  (best 85.49 @ ep 85)  [6.3s]
  ep  88: R(t)=0.898  acc1=85.49%  acc2=85.28%  ens=85.39%  (best 85.49 @ ep 85)  [6.3s]
  ep  89: R(t)=0.898  acc1=85.98%  acc2=85.35%  ens=85.67%  (best 85.67 @ ep 89)  [6.3s]
  ep  90: R(t)=0.898  acc1=85.87%  acc2=85.32%  ens=85.59%  (best 85.67 @ ep 89)  [12.0s]
  ep  91: R(t)=0.898  acc1=85.69%  acc2=85.50%  ens=85.59%  (best 85.67 @ ep 89)  [17.4s]
  ep  92: R(t)=0.898  acc1=86.21%  acc2=85.44%  ens=85.82%  (best 85.82 @ ep 92)  [17.2s]
  ep  93: R(t)=0.898  acc1=86.11%  acc2=85.14%  ens=85.62%  (best 85.82 @ ep 92)  [16.9s]
  ep  94: R(t)=0.898  acc1=86.18%  acc2=85.57%  ens=85.88%  (best 85.88 @ ep 94)  [15.5s]
  ep  95: R(t)=0.898  acc1=85.86%  acc2=85.49%  ens=85.67%  (best 85.88 @ ep 94)  [6.6s]
  ep  96: R(t)=0.898  acc1=85.86%  acc2=85.57%  ens=85.72%  (best 85.88 @ ep 94)  [6.6s]
  ep  97: R(t)=0.898  acc1=85.86%  acc2=85.56%  ens=85.71%  (best 85.88 @ ep 94)  [6.5s]
  ep  98: R(t)=0.898  acc1=86.15%  acc2=85.64%  ens=85.90%  (best 85.90 @ ep 98)  [6.4s]
  ep  99: R(t)=0.898  acc1=86.09%  acc2=85.72%  ens=85.91%  (best 85.91 @ ep 99)  [9.9s]  [sel1+2: prec=0.939, recall_clean=0.959]

saved /path/to/ciln-workspace/journal_edition/robustness_transfer/results_v4/coteaching/ours_v2_noisy__frost_sev1__seed1.json: best ens-acc 85.91% @ ep 99
