condition=ours_v2_clean__elastic_transform_sev3 seed=1 gpu=1
/path/to/ciln-workspace/venv/lib/python3.12/site-packages/torchvision/datasets/cifar.py:83: VisibleDeprecationWarning: dtype(): align should be passed as Python or NumPy boolean but got `align=0`. Did you mean to pass a tuple to create a subarray type? (Deprecated NumPy 2.4)
  entry = pickle.load(f, encoding="latin1")
image_source=clean  N=22500  noise_rate=17.52%
  ep   0: loss=1.8534  test_acc=34.41%  (best 34.41 @ ep 0)  [4.4s]
  ep   1: loss=1.5982  test_acc=42.76%  (best 42.76 @ ep 1)  [3.6s]
  ep   2: loss=1.4338  test_acc=50.42%  (best 50.42 @ ep 2)  [3.7s]
  ep   3: loss=1.2788  test_acc=55.37%  (best 55.37 @ ep 3)  [3.7s]
  ep   4: loss=1.1840  test_acc=50.40%  (best 55.37 @ ep 3)  [3.8s]
  ep   5: loss=1.1261  test_acc=59.30%  (best 59.30 @ ep 5)  [5.4s]  [logged per-sample loss: mean=1.187]
  ep   6: loss=1.0593  test_acc=63.03%  (best 63.03 @ ep 6)  [3.7s]
  ep   7: loss=1.0180  test_acc=62.45%  (best 63.03 @ ep 6)  [3.9s]
  ep   8: loss=0.9725  test_acc=63.48%  (best 63.48 @ ep 8)  [3.8s]
  ep   9: loss=0.9525  test_acc=60.52%  (best 63.48 @ ep 8)  [3.9s]
  ep  10: loss=0.9191  test_acc=70.62%  (best 70.62 @ ep 10)  [5.3s]  [logged per-sample loss: mean=0.889]
  ep  11: loss=0.9035  test_acc=66.84%  (best 70.62 @ ep 10)  [5.0s]
  ep  12: loss=0.8824  test_acc=69.88%  (best 70.62 @ ep 10)  [8.7s]
  ep  13: loss=0.8696  test_acc=65.81%  (best 70.62 @ ep 10)  [10.0s]
  ep  14: loss=0.8577  test_acc=54.02%  (best 70.62 @ ep 10)  [10.5s]
  ep  15: loss=0.8332  test_acc=67.45%  (best 70.62 @ ep 10)  [11.3s]
  ep  16: loss=0.8267  test_acc=69.27%  (best 70.62 @ ep 10)  [9.0s]
  ep  17: loss=0.8125  test_acc=67.29%  (best 70.62 @ ep 10)  [9.9s]
  ep  18: loss=0.8123  test_acc=62.43%  (best 70.62 @ ep 10)  [8.9s]
  ep  19: loss=0.8083  test_acc=72.01%  (best 72.01 @ ep 19)  [10.0s]
  ep  20: loss=0.7857  test_acc=73.18%  (best 73.18 @ ep 20)  [12.1s]  [logged per-sample loss: mean=0.833]
  ep  21: loss=0.7832  test_acc=48.32%  (best 73.18 @ ep 20)  [9.4s]
  ep  22: loss=0.7769  test_acc=73.27%  (best 73.27 @ ep 22)  [9.7s]
  ep  23: loss=0.7639  test_acc=71.46%  (best 73.27 @ ep 22)  [9.4s]
  ep  24: loss=0.7638  test_acc=73.44%  (best 73.44 @ ep 24)  [9.4s]
  ep  25: loss=0.7515  test_acc=68.67%  (best 73.44 @ ep 24)  [9.2s]
  ep  26: loss=0.7530  test_acc=64.88%  (best 73.44 @ ep 24)  [8.6s]
  ep  27: loss=0.7392  test_acc=71.22%  (best 73.44 @ ep 24)  [9.3s]
  ep  28: loss=0.7443  test_acc=69.34%  (best 73.44 @ ep 24)  [8.5s]
  ep  29: loss=0.7328  test_acc=71.58%  (best 73.44 @ ep 24)  [9.0s]
  ep  30: loss=0.7251  test_acc=69.68%  (best 73.44 @ ep 24)  [11.3s]  [logged per-sample loss: mean=0.825]
  ep  31: loss=0.7205  test_acc=75.90%  (best 75.90 @ ep 31)  [9.2s]
  ep  32: loss=0.7043  test_acc=68.92%  (best 75.90 @ ep 31)  [10.2s]
  ep  33: loss=0.7100  test_acc=77.02%  (best 77.02 @ ep 33)  [10.0s]
  ep  34: loss=0.7022  test_acc=70.92%  (best 77.02 @ ep 33)  [9.1s]
  ep  35: loss=0.7021  test_acc=76.47%  (best 77.02 @ ep 33)  [9.6s]
  ep  36: loss=0.6921  test_acc=72.44%  (best 77.02 @ ep 33)  [9.2s]
  ep  37: loss=0.6812  test_acc=72.13%  (best 77.02 @ ep 33)  [9.1s]
  ep  38: loss=0.6757  test_acc=76.29%  (best 77.02 @ ep 33)  [9.0s]
  ep  39: loss=0.6699  test_acc=73.27%  (best 77.02 @ ep 33)  [9.9s]
  ep  40: loss=0.6615  test_acc=76.34%  (best 77.02 @ ep 33)  [7.7s]
  ep  41: loss=0.6632  test_acc=74.14%  (best 77.02 @ ep 33)  [3.5s]
  ep  42: loss=0.6527  test_acc=72.97%  (best 77.02 @ ep 33)  [3.8s]
  ep  43: loss=0.6404  test_acc=73.01%  (best 77.02 @ ep 33)  [3.6s]
  ep  44: loss=0.6441  test_acc=75.55%  (best 77.02 @ ep 33)  [3.9s]
  ep  45: loss=0.6309  test_acc=74.09%  (best 77.02 @ ep 33)  [3.6s]
  ep  46: loss=0.6264  test_acc=77.09%  (best 77.09 @ ep 46)  [3.7s]
  ep  47: loss=0.6220  test_acc=72.52%  (best 77.09 @ ep 46)  [3.6s]
  ep  48: loss=0.6188  test_acc=74.00%  (best 77.09 @ ep 46)  [3.6s]
  ep  49: loss=0.6025  test_acc=72.86%  (best 77.09 @ ep 46)  [3.6s]
  ep  50: loss=0.6012  test_acc=77.03%  (best 77.09 @ ep 46)  [5.4s]  [logged per-sample loss: mean=0.603]
  ep  51: loss=0.6026  test_acc=75.49%  (best 77.09 @ ep 46)  [3.6s]
  ep  52: loss=0.5849  test_acc=73.08%  (best 77.09 @ ep 46)  [3.6s]
  ep  53: loss=0.5815  test_acc=77.77%  (best 77.77 @ ep 53)  [3.9s]
  ep  54: loss=0.5724  test_acc=73.15%  (best 77.77 @ ep 53)  [3.8s]
  ep  55: loss=0.5602  test_acc=79.05%  (best 79.05 @ ep 55)  [3.8s]
  ep  56: loss=0.5566  test_acc=75.91%  (best 79.05 @ ep 55)  [3.8s]
  ep  57: loss=0.5478  test_acc=73.69%  (best 79.05 @ ep 55)  [10.2s]
  ep  58: loss=0.5355  test_acc=77.60%  (best 79.05 @ ep 55)  [8.8s]
  ep  59: loss=0.5343  test_acc=76.39%  (best 79.05 @ ep 55)  [3.8s]
  ep  60: loss=0.5239  test_acc=80.51%  (best 80.51 @ ep 60)  [3.6s]
  ep  61: loss=0.5156  test_acc=78.18%  (best 80.51 @ ep 60)  [4.0s]
  ep  62: loss=0.5054  test_acc=76.56%  (best 80.51 @ ep 60)  [3.6s]
  ep  63: loss=0.4874  test_acc=74.98%  (best 80.51 @ ep 60)  [3.6s]
  ep  64: loss=0.4818  test_acc=78.74%  (best 80.51 @ ep 60)  [4.0s]
  ep  65: loss=0.4856  test_acc=79.41%  (best 80.51 @ ep 60)  [3.9s]
  ep  66: loss=0.4567  test_acc=77.75%  (best 80.51 @ ep 60)  [3.7s]
  ep  67: loss=0.4564  test_acc=78.45%  (best 80.51 @ ep 60)  [3.6s]
  ep  68: loss=0.4405  test_acc=76.52%  (best 80.51 @ ep 60)  [3.6s]
  ep  69: loss=0.4209  test_acc=80.62%  (best 80.62 @ ep 69)  [3.8s]
  ep  70: loss=0.4124  test_acc=77.77%  (best 80.62 @ ep 69)  [3.6s]
  ep  71: loss=0.4023  test_acc=78.81%  (best 80.62 @ ep 69)  [3.6s]
  ep  72: loss=0.3921  test_acc=75.89%  (best 80.62 @ ep 69)  [3.9s]
  ep  73: loss=0.3803  test_acc=76.74%  (best 80.62 @ ep 69)  [3.9s]
  ep  74: loss=0.3658  test_acc=75.96%  (best 80.62 @ ep 69)  [3.6s]
  ep  75: loss=0.3534  test_acc=78.68%  (best 80.62 @ ep 69)  [8.1s]  [logged per-sample loss: mean=0.345]
  ep  76: loss=0.3383  test_acc=79.25%  (best 80.62 @ ep 69)  [9.0s]
  ep  77: loss=0.3145  test_acc=80.51%  (best 80.62 @ ep 69)  [9.5s]
  ep  78: loss=0.3052  test_acc=78.40%  (best 80.62 @ ep 69)  [9.5s]
  ep  79: loss=0.2972  test_acc=78.87%  (best 80.62 @ ep 69)  [9.8s]
  ep  80: loss=0.2769  test_acc=77.78%  (best 80.62 @ ep 69)  [8.5s]
  ep  81: loss=0.2614  test_acc=78.20%  (best 80.62 @ ep 69)  [10.3s]
  ep  82: loss=0.2403  test_acc=80.21%  (best 80.62 @ ep 69)  [8.7s]
  ep  83: loss=0.2339  test_acc=79.68%  (best 80.62 @ ep 69)  [9.1s]
  ep  84: loss=0.2129  test_acc=80.17%  (best 80.62 @ ep 69)  [9.8s]
  ep  85: loss=0.2075  test_acc=77.54%  (best 80.62 @ ep 69)  [10.2s]
  ep  86: loss=0.1932  test_acc=79.53%  (best 80.62 @ ep 69)  [9.2s]
  ep  87: loss=0.1794  test_acc=78.33%  (best 80.62 @ ep 69)  [9.7s]
  ep  88: loss=0.1693  test_acc=79.19%  (best 80.62 @ ep 69)  [8.9s]
  ep  89: loss=0.1596  test_acc=78.30%  (best 80.62 @ ep 69)  [9.9s]
  ep  90: loss=0.1549  test_acc=79.76%  (best 80.62 @ ep 69)  [9.1s]
  ep  91: loss=0.1451  test_acc=78.90%  (best 80.62 @ ep 69)  [9.1s]
  ep  92: loss=0.1359  test_acc=79.57%  (best 80.62 @ ep 69)  [9.5s]
  ep  93: loss=0.1316  test_acc=80.03%  (best 80.62 @ ep 69)  [9.4s]
  ep  94: loss=0.1310  test_acc=79.46%  (best 80.62 @ ep 69)  [9.1s]
  ep  95: loss=0.1233  test_acc=79.34%  (best 80.62 @ ep 69)  [9.5s]
  ep  96: loss=0.1239  test_acc=79.46%  (best 80.62 @ ep 69)  [8.6s]
  ep  97: loss=0.1199  test_acc=79.69%  (best 80.62 @ ep 69)  [8.9s]
  ep  98: loss=0.1181  test_acc=79.78%  (best 80.62 @ ep 69)  [9.2s]
  ep  99: loss=0.1202  test_acc=79.58%  (best 80.62 @ ep 69)  [11.6s]  [logged per-sample loss: mean=0.085]

saved /path/to/ciln-workspace/journal_edition/robustness_transfer/results_v4/erm/ours_v2_clean__elastic_transform_sev3__seed1.json: best 80.62% @ ep 69
