condition=ours_v2_noisy__pixelate_sev1 seed=2 gpu=2
/path/to/ciln-workspace/venv/lib/python3.12/site-packages/torchvision/datasets/cifar.py:83: VisibleDeprecationWarning: dtype(): align should be passed as Python or NumPy boolean but got `align=0`. Did you mean to pass a tuple to create a subarray type? (Deprecated NumPy 2.4)
  entry = pickle.load(f, encoding="latin1")
image_source=noisy  N_train=22500  noise_rate=11.68%
  ep   0: acc1=33.78%  acc2=39.86%  ens=36.82%  (best 36.82 @ ep 0)  [8.6s]
  ep   1: acc1=49.43%  acc2=48.93%  ens=49.18%  (best 49.18 @ ep 1)  [7.7s]
  ep   2: acc1=55.08%  acc2=51.18%  ens=53.13%  (best 53.13 @ ep 2)  [7.4s]
  ep   3: acc1=59.30%  acc2=56.90%  ens=58.10%  (best 58.10 @ ep 3)  [7.5s]
  ep   4: acc1=58.76%  acc2=63.01%  ens=60.88%  (best 60.88 @ ep 4)  [18.3s]
  ep   5: acc1=65.29%  acc2=65.06%  ens=65.18%  (best 65.18 @ ep 5)  [10.7s]  [w on clean=0.790, on noisy=0.414]
  ep   6: acc1=64.65%  acc2=66.37%  ens=65.51%  (best 65.51 @ ep 6)  [7.5s]
  ep   7: acc1=67.63%  acc2=61.56%  ens=64.59%  (best 65.51 @ ep 6)  [7.6s]
  ep   8: acc1=69.34%  acc2=69.26%  ens=69.30%  (best 69.30 @ ep 8)  [7.4s]
  ep   9: acc1=70.33%  acc2=64.95%  ens=67.64%  (best 69.30 @ ep 8)  [7.2s]
  ep  10: acc1=39.89%  acc2=38.06%  ens=38.98%  (best 69.30 @ ep 8)  [54.6s]  [w on clean=0.561, on noisy=0.313]
  ep  11: acc1=32.84%  acc2=24.75%  ens=28.80%  (best 69.30 @ ep 8)  [27.1s]
  ep  12: acc1=23.14%  acc2=20.76%  ens=21.95%  (best 69.30 @ ep 8)  [57.1s]
  ep  13: acc1=24.18%  acc2=16.20%  ens=20.19%  (best 69.30 @ ep 8)  [34.3s]
  ep  14: acc1=29.44%  acc2=24.33%  ens=26.88%  (best 69.30 @ ep 8)  [51.6s]
  ep  15: acc1=28.59%  acc2=30.10%  ens=29.34%  (best 69.30 @ ep 8)  [60.9s]
  ep  16: acc1=25.77%  acc2=32.11%  ens=28.94%  (best 69.30 @ ep 8)  [38.2s]
  ep  17: acc1=27.68%  acc2=24.95%  ens=26.31%  (best 69.30 @ ep 8)  [42.9s]
  ep  18: acc1=31.27%  acc2=40.31%  ens=35.79%  (best 69.30 @ ep 8)  [38.9s]
  ep  19: acc1=36.75%  acc2=35.95%  ens=36.35%  (best 69.30 @ ep 8)  [40.2s]
  ep  20: acc1=40.79%  acc2=35.89%  ens=38.34%  (best 69.30 @ ep 8)  [218.5s]  [w on clean=0.802, on noisy=0.747]
  ep  21: acc1=36.07%  acc2=42.09%  ens=39.08%  (best 69.30 @ ep 8)  [39.2s]
  ep  22: acc1=36.31%  acc2=31.46%  ens=33.88%  (best 69.30 @ ep 8)  [64.0s]
  ep  23: acc1=41.00%  acc2=37.23%  ens=39.12%  (best 69.30 @ ep 8)  [38.8s]
  ep  24: acc1=41.98%  acc2=38.02%  ens=40.00%  (best 69.30 @ ep 8)  [157.9s]
  ep  25: acc1=40.63%  acc2=39.12%  ens=39.88%  (best 69.30 @ ep 8)  [51.1s]
  ep  26: acc1=41.24%  acc2=37.45%  ens=39.34%  (best 69.30 @ ep 8)  [39.8s]
  ep  27: acc1=43.17%  acc2=44.22%  ens=43.69%  (best 69.30 @ ep 8)  [146.7s]
  ep  28: acc1=43.94%  acc2=39.69%  ens=41.82%  (best 69.30 @ ep 8)  [40.3s]
  ep  29: acc1=43.97%  acc2=40.78%  ens=42.37%  (best 69.30 @ ep 8)  [41.1s]
  ep  30: acc1=40.93%  acc2=43.52%  ens=42.23%  (best 69.30 @ ep 8)  [43.9s]  [w on clean=0.802, on noisy=0.750]
  ep  31: acc1=43.68%  acc2=38.75%  ens=41.22%  (best 69.30 @ ep 8)  [38.5s]
  ep  32: acc1=44.24%  acc2=41.32%  ens=42.78%  (best 69.30 @ ep 8)  [77.8s]
  ep  33: acc1=36.70%  acc2=46.16%  ens=41.43%  (best 69.30 @ ep 8)  [38.6s]
  ep  34: acc1=47.24%  acc2=40.55%  ens=43.90%  (best 69.30 @ ep 8)  [104.5s]
  ep  35: acc1=39.97%  acc2=41.35%  ens=40.66%  (best 69.30 @ ep 8)  [37.3s]
  ep  36: acc1=44.71%  acc2=46.69%  ens=45.70%  (best 69.30 @ ep 8)  [85.0s]
  ep  37: acc1=48.44%  acc2=44.41%  ens=46.42%  (best 69.30 @ ep 8)  [40.0s]
  ep  38: acc1=45.29%  acc2=38.76%  ens=42.02%  (best 69.30 @ ep 8)  [37.8s]
  ep  39: acc1=47.81%  acc2=45.46%  ens=46.64%  (best 69.30 @ ep 8)  [115.4s]
  ep  40: acc1=47.06%  acc2=47.16%  ens=47.11%  (best 69.30 @ ep 8)  [38.9s]
  ep  41: acc1=46.65%  acc2=43.78%  ens=45.22%  (best 69.30 @ ep 8)  [44.6s]
  ep  42: acc1=46.40%  acc2=44.85%  ens=45.63%  (best 69.30 @ ep 8)  [164.7s]
  ep  43: acc1=49.07%  acc2=50.49%  ens=49.78%  (best 69.30 @ ep 8)  [38.2s]
  ep  44: acc1=48.26%  acc2=48.34%  ens=48.30%  (best 69.30 @ ep 8)  [39.3s]
  ep  45: acc1=49.49%  acc2=48.73%  ens=49.11%  (best 69.30 @ ep 8)  [40.1s]
  ep  46: acc1=45.29%  acc2=43.38%  ens=44.34%  (best 69.30 @ ep 8)  [142.2s]
  ep  47: acc1=46.39%  acc2=45.57%  ens=45.98%  (best 69.30 @ ep 8)  [40.0s]
  ep  48: acc1=47.36%  acc2=48.16%  ens=47.76%  (best 69.30 @ ep 8)  [50.4s]
  ep  49: acc1=47.24%  acc2=48.26%  ens=47.75%  (best 69.30 @ ep 8)  [38.6s]
  ep  50: acc1=46.64%  acc2=48.27%  ens=47.46%  (best 69.30 @ ep 8)  [192.2s]  [w on clean=0.802, on noisy=0.749]
  ep  51: acc1=47.12%  acc2=46.98%  ens=47.05%  (best 69.30 @ ep 8)  [40.7s]
  ep  52: acc1=46.98%  acc2=47.88%  ens=47.43%  (best 69.30 @ ep 8)  [152.7s]
  ep  53: acc1=44.94%  acc2=48.94%  ens=46.94%  (best 69.30 @ ep 8)  [60.4s]
  ep  54: acc1=50.55%  acc2=50.23%  ens=50.39%  (best 69.30 @ ep 8)  [37.6s]
  ep  55: acc1=50.67%  acc2=52.38%  ens=51.52%  (best 69.30 @ ep 8)  [141.2s]
  ep  56: acc1=50.56%  acc2=48.77%  ens=49.67%  (best 69.30 @ ep 8)  [38.1s]
  ep  57: acc1=49.32%  acc2=52.75%  ens=51.03%  (best 69.30 @ ep 8)  [229.8s]
  ep  58: acc1=51.97%  acc2=52.30%  ens=52.13%  (best 69.30 @ ep 8)  [42.7s]
  ep  59: acc1=52.01%  acc2=48.12%  ens=50.07%  (best 69.30 @ ep 8)  [40.5s]
  ep  60: acc1=50.62%  acc2=52.45%  ens=51.53%  (best 69.30 @ ep 8)  [103.9s]
  ep  61: acc1=53.40%  acc2=53.05%  ens=53.23%  (best 69.30 @ ep 8)  [38.5s]
  ep  62: acc1=52.41%  acc2=46.87%  ens=49.64%  (best 69.30 @ ep 8)  [133.1s]
  ep  63: acc1=53.92%  acc2=51.85%  ens=52.89%  (best 69.30 @ ep 8)  [39.2s]
  ep  64: acc1=51.21%  acc2=51.59%  ens=51.40%  (best 69.30 @ ep 8)  [82.1s]
  ep  65: acc1=53.91%  acc2=53.10%  ens=53.51%  (best 69.30 @ ep 8)  [45.1s]
  ep  66: acc1=52.90%  acc2=49.00%  ens=50.95%  (best 69.30 @ ep 8)  [38.5s]
  ep  67: acc1=49.40%  acc2=52.98%  ens=51.19%  (best 69.30 @ ep 8)  [96.1s]
  ep  68: acc1=52.55%  acc2=52.59%  ens=52.57%  (best 69.30 @ ep 8)  [39.3s]
  ep  69: acc1=52.18%  acc2=51.69%  ens=51.93%  (best 69.30 @ ep 8)  [59.4s]
  ep  70: acc1=55.02%  acc2=50.02%  ens=52.52%  (best 69.30 @ ep 8)  [123.7s]
  ep  71: acc1=52.29%  acc2=51.75%  ens=52.02%  (best 69.30 @ ep 8)  [48.6s]
  ep  72: acc1=54.50%  acc2=54.70%  ens=54.60%  (best 69.30 @ ep 8)  [99.3s]
  ep  73: acc1=52.60%  acc2=51.40%  ens=52.00%  (best 69.30 @ ep 8)  [41.0s]
  ep  74: acc1=53.29%  acc2=53.14%  ens=53.22%  (best 69.30 @ ep 8)  [145.9s]
  ep  75: acc1=53.93%  acc2=53.50%  ens=53.72%  (best 69.30 @ ep 8)  [53.2s]  [w on clean=0.802, on noisy=0.749]
  ep  76: acc1=54.34%  acc2=53.42%  ens=53.88%  (best 69.30 @ ep 8)  [92.9s]
  ep  77: acc1=56.55%  acc2=54.37%  ens=55.46%  (best 69.30 @ ep 8)  [80.0s]
  ep  78: acc1=54.40%  acc2=53.59%  ens=54.00%  (best 69.30 @ ep 8)  [39.2s]
  ep  79: acc1=54.07%  acc2=54.58%  ens=54.33%  (best 69.30 @ ep 8)  [118.4s]
  ep  80: acc1=53.81%  acc2=54.71%  ens=54.26%  (best 69.30 @ ep 8)  [37.9s]
  ep  81: acc1=54.87%  acc2=54.38%  ens=54.62%  (best 69.30 @ ep 8)  [42.2s]
  ep  82: acc1=54.03%  acc2=52.95%  ens=53.49%  (best 69.30 @ ep 8)  [76.8s]
  ep  83: acc1=54.43%  acc2=53.91%  ens=54.17%  (best 69.30 @ ep 8)  [45.4s]
  ep  84: acc1=55.45%  acc2=53.83%  ens=54.64%  (best 69.30 @ ep 8)  [70.1s]
  ep  85: acc1=54.36%  acc2=53.72%  ens=54.04%  (best 69.30 @ ep 8)  [39.5s]
  ep  86: acc1=53.78%  acc2=54.76%  ens=54.27%  (best 69.30 @ ep 8)  [300.4s]
  ep  87: acc1=55.25%  acc2=54.56%  ens=54.91%  (best 69.30 @ ep 8)  [38.5s]
  ep  88: acc1=55.04%  acc2=54.46%  ens=54.75%  (best 69.30 @ ep 8)  [68.4s]
  ep  89: acc1=55.36%  acc2=54.84%  ens=55.10%  (best 69.30 @ ep 8)  [40.2s]
  ep  90: acc1=55.06%  acc2=55.67%  ens=55.36%  (best 69.30 @ ep 8)  [39.0s]
  ep  91: acc1=56.19%  acc2=56.04%  ens=56.12%  (best 69.30 @ ep 8)  [163.1s]
  ep  92: acc1=55.39%  acc2=54.82%  ens=55.11%  (best 69.30 @ ep 8)  [39.1s]
  ep  93: acc1=55.52%  acc2=54.72%  ens=55.12%  (best 69.30 @ ep 8)  [72.9s]
  ep  94: acc1=55.06%  acc2=55.06%  ens=55.06%  (best 69.30 @ ep 8)  [40.2s]
  ep  95: acc1=55.22%  acc2=55.36%  ens=55.29%  (best 69.30 @ ep 8)  [86.3s]
  ep  96: acc1=55.13%  acc2=55.97%  ens=55.55%  (best 69.30 @ ep 8)  [90.3s]
  ep  97: acc1=55.71%  acc2=55.49%  ens=55.60%  (best 69.30 @ ep 8)  [48.8s]
  ep  98: acc1=55.77%  acc2=55.41%  ens=55.59%  (best 69.30 @ ep 8)  [55.4s]
  ep  99: acc1=55.09%  acc2=55.31%  ens=55.20%  (best 69.30 @ ep 8)  [43.3s]  [w on clean=0.802, on noisy=0.749]

saved /path/to/ciln-workspace/journal_edition/robustness_transfer/results_v4/dividemix/ours_v2_noisy__pixelate_sev1__seed2.json: best ens-acc 69.30% @ ep 8
