condition=ours_v2_noisy__frost_sev1 seed=2 gpu=2
/path/to/ciln-workspace/venv/lib/python3.12/site-packages/torchvision/datasets/cifar.py:83: VisibleDeprecationWarning: dtype(): align should be passed as Python or NumPy boolean but got `align=0`. Did you mean to pass a tuple to create a subarray type? (Deprecated NumPy 2.4)
  entry = pickle.load(f, encoding="latin1")
image_source=noisy  N_train=22500  noise_rate=10.16%
  ep   0: acc1=33.72%  acc2=38.55%  ens=36.13%  (best 36.13 @ ep 0)  [7.9s]
  ep   1: acc1=48.74%  acc2=40.73%  ens=44.73%  (best 44.73 @ ep 1)  [7.3s]
  ep   2: acc1=51.62%  acc2=44.95%  ens=48.28%  (best 48.28 @ ep 2)  [7.5s]
  ep   3: acc1=58.27%  acc2=58.53%  ens=58.40%  (best 58.40 @ ep 3)  [7.3s]
  ep   4: acc1=64.06%  acc2=59.59%  ens=61.82%  (best 61.82 @ ep 4)  [12.2s]
  ep   5: acc1=66.16%  acc2=59.87%  ens=63.02%  (best 63.02 @ ep 5)  [27.0s]  [w on clean=0.793, on noisy=0.468]
  ep   6: acc1=66.65%  acc2=65.11%  ens=65.88%  (best 65.88 @ ep 6)  [7.6s]
  ep   7: acc1=69.79%  acc2=68.53%  ens=69.16%  (best 69.16 @ ep 7)  [7.1s]
  ep   8: acc1=72.04%  acc2=61.61%  ens=66.83%  (best 69.16 @ ep 7)  [7.2s]
  ep   9: acc1=67.19%  acc2=69.31%  ens=68.25%  (best 69.16 @ ep 7)  [7.0s]
  ep  10: acc1=41.78%  acc2=31.52%  ens=36.65%  (best 69.16 @ ep 7)  [64.7s]  [w on clean=0.606, on noisy=0.381]
  ep  11: acc1=25.18%  acc2=34.51%  ens=29.84%  (best 69.16 @ ep 7)  [32.2s]
  ep  12: acc1=34.14%  acc2=31.53%  ens=32.84%  (best 69.16 @ ep 7)  [32.4s]
  ep  13: acc1=34.59%  acc2=33.62%  ens=34.10%  (best 69.16 @ ep 7)  [28.6s]
  ep  14: acc1=35.27%  acc2=35.78%  ens=35.52%  (best 69.16 @ ep 7)  [31.9s]
  ep  15: acc1=39.86%  acc2=36.91%  ens=38.39%  (best 69.16 @ ep 7)  [95.3s]
  ep  16: acc1=32.54%  acc2=32.85%  ens=32.70%  (best 69.16 @ ep 7)  [33.9s]
  ep  17: acc1=39.74%  acc2=34.23%  ens=36.98%  (best 69.16 @ ep 7)  [65.4s]
  ep  18: acc1=31.91%  acc2=31.03%  ens=31.47%  (best 69.16 @ ep 7)  [32.2s]
  ep  19: acc1=31.21%  acc2=33.64%  ens=32.42%  (best 69.16 @ ep 7)  [34.3s]
  ep  20: acc1=34.54%  acc2=35.93%  ens=35.23%  (best 69.16 @ ep 7)  [34.8s]  [w on clean=0.610, on noisy=0.418]
  ep  21: acc1=39.45%  acc2=37.11%  ens=38.28%  (best 69.16 @ ep 7)  [168.6s]
  ep  22: acc1=26.70%  acc2=35.03%  ens=30.86%  (best 69.16 @ ep 7)  [65.4s]
  ep  23: acc1=41.51%  acc2=39.43%  ens=40.47%  (best 69.16 @ ep 7)  [32.1s]
  ep  24: acc1=37.78%  acc2=37.72%  ens=37.75%  (best 69.16 @ ep 7)  [95.1s]
  ep  25: acc1=30.21%  acc2=40.04%  ens=35.12%  (best 69.16 @ ep 7)  [31.9s]
  ep  26: acc1=39.02%  acc2=43.00%  ens=41.01%  (best 69.16 @ ep 7)  [227.4s]
  ep  27: acc1=40.12%  acc2=36.16%  ens=38.14%  (best 69.16 @ ep 7)  [94.6s]
  ep  28: acc1=39.68%  acc2=40.27%  ens=39.98%  (best 69.16 @ ep 7)  [31.9s]
  ep  29: acc1=34.29%  acc2=35.16%  ens=34.73%  (best 69.16 @ ep 7)  [86.0s]
  ep  30: acc1=43.85%  acc2=45.03%  ens=44.44%  (best 69.16 @ ep 7)  [35.4s]  [w on clean=0.598, on noisy=0.351]
  ep  31: acc1=39.73%  acc2=39.13%  ens=39.43%  (best 69.16 @ ep 7)  [65.0s]
  ep  32: acc1=31.28%  acc2=42.68%  ens=36.98%  (best 69.16 @ ep 7)  [31.9s]
  ep  33: acc1=37.51%  acc2=38.52%  ens=38.02%  (best 69.16 @ ep 7)  [56.6s]
  ep  34: acc1=41.45%  acc2=39.72%  ens=40.59%  (best 69.16 @ ep 7)  [31.6s]
  ep  35: acc1=37.62%  acc2=41.54%  ens=39.58%  (best 69.16 @ ep 7)  [142.7s]
  ep  36: acc1=43.32%  acc2=41.32%  ens=42.32%  (best 69.16 @ ep 7)  [32.9s]
  ep  37: acc1=38.08%  acc2=42.15%  ens=40.12%  (best 69.16 @ ep 7)  [122.1s]
  ep  38: acc1=38.61%  acc2=42.90%  ens=40.75%  (best 69.16 @ ep 7)  [35.2s]
  ep  39: acc1=40.90%  acc2=41.02%  ens=40.96%  (best 69.16 @ ep 7)  [83.6s]
  ep  40: acc1=39.27%  acc2=39.15%  ens=39.21%  (best 69.16 @ ep 7)  [35.2s]
  ep  41: acc1=37.76%  acc2=38.86%  ens=38.31%  (best 69.16 @ ep 7)  [152.6s]
  ep  42: acc1=41.01%  acc2=41.03%  ens=41.02%  (best 69.16 @ ep 7)  [33.9s]
  ep  43: acc1=44.19%  acc2=44.29%  ens=44.24%  (best 69.16 @ ep 7)  [109.0s]
  ep  44: acc1=41.57%  acc2=41.86%  ens=41.72%  (best 69.16 @ ep 7)  [35.5s]
  ep  45: acc1=41.90%  acc2=43.43%  ens=42.66%  (best 69.16 @ ep 7)  [79.6s]
  ep  46: acc1=45.75%  acc2=46.97%  ens=46.36%  (best 69.16 @ ep 7)  [34.7s]
  ep  47: acc1=43.08%  acc2=43.77%  ens=43.43%  (best 69.16 @ ep 7)  [65.1s]
  ep  48: acc1=40.67%  acc2=42.24%  ens=41.45%  (best 69.16 @ ep 7)  [34.5s]
  ep  49: acc1=44.18%  acc2=46.03%  ens=45.11%  (best 69.16 @ ep 7)  [43.5s]
  ep  50: acc1=42.56%  acc2=44.68%  ens=43.62%  (best 69.16 @ ep 7)  [39.6s]  [w on clean=0.710, on noisy=0.565]
  ep  51: acc1=46.35%  acc2=45.72%  ens=46.04%  (best 69.16 @ ep 7)  [35.8s]
  ep  52: acc1=43.10%  acc2=45.75%  ens=44.43%  (best 69.16 @ ep 7)  [40.0s]
  ep  53: acc1=42.92%  acc2=47.06%  ens=44.99%  (best 69.16 @ ep 7)  [34.1s]
  ep  54: acc1=46.07%  acc2=46.48%  ens=46.27%  (best 69.16 @ ep 7)  [114.4s]
  ep  55: acc1=43.54%  acc2=44.66%  ens=44.10%  (best 69.16 @ ep 7)  [35.3s]
  ep  56: acc1=42.00%  acc2=43.54%  ens=42.77%  (best 69.16 @ ep 7)  [97.6s]
  ep  57: acc1=44.13%  acc2=46.94%  ens=45.54%  (best 69.16 @ ep 7)  [33.8s]
  ep  58: acc1=43.75%  acc2=44.43%  ens=44.09%  (best 69.16 @ ep 7)  [57.7s]
  ep  59: acc1=45.17%  acc2=43.78%  ens=44.47%  (best 69.16 @ ep 7)  [34.9s]
  ep  60: acc1=45.15%  acc2=46.26%  ens=45.70%  (best 69.16 @ ep 7)  [102.2s]
  ep  61: acc1=46.13%  acc2=48.11%  ens=47.12%  (best 69.16 @ ep 7)  [34.0s]
  ep  62: acc1=41.88%  acc2=46.13%  ens=44.01%  (best 69.16 @ ep 7)  [42.5s]
  ep  63: acc1=44.40%  acc2=47.19%  ens=45.79%  (best 69.16 @ ep 7)  [34.8s]
  ep  64: acc1=45.02%  acc2=45.33%  ens=45.17%  (best 69.16 @ ep 7)  [38.3s]
  ep  65: acc1=45.34%  acc2=47.33%  ens=46.34%  (best 69.16 @ ep 7)  [67.7s]
  ep  66: acc1=48.57%  acc2=48.99%  ens=48.78%  (best 69.16 @ ep 7)  [34.1s]
  ep  67: acc1=45.53%  acc2=44.21%  ens=44.87%  (best 69.16 @ ep 7)  [49.7s]
  ep  68: acc1=45.14%  acc2=45.36%  ens=45.25%  (best 69.16 @ ep 7)  [33.4s]
  ep  69: acc1=41.22%  acc2=46.56%  ens=43.89%  (best 69.16 @ ep 7)  [59.3s]
  ep  70: acc1=45.78%  acc2=47.03%  ens=46.40%  (best 69.16 @ ep 7)  [34.6s]
  ep  71: acc1=44.90%  acc2=47.19%  ens=46.05%  (best 69.16 @ ep 7)  [83.5s]
  ep  72: acc1=48.28%  acc2=49.59%  ens=48.94%  (best 69.16 @ ep 7)  [34.0s]
  ep  73: acc1=47.41%  acc2=48.55%  ens=47.98%  (best 69.16 @ ep 7)  [112.9s]
  ep  74: acc1=46.37%  acc2=47.03%  ens=46.70%  (best 69.16 @ ep 7)  [38.8s]
  ep  75: acc1=46.21%  acc2=47.02%  ens=46.62%  (best 69.16 @ ep 7)  [38.4s]  [w on clean=0.710, on noisy=0.566]
  ep  76: acc1=44.85%  acc2=47.66%  ens=46.26%  (best 69.16 @ ep 7)  [34.6s]
  ep  77: acc1=44.98%  acc2=47.39%  ens=46.18%  (best 69.16 @ ep 7)  [40.9s]
  ep  78: acc1=46.05%  acc2=47.50%  ens=46.77%  (best 69.16 @ ep 7)  [35.7s]
  ep  79: acc1=45.02%  acc2=47.12%  ens=46.07%  (best 69.16 @ ep 7)  [34.5s]
  ep  80: acc1=45.88%  acc2=46.54%  ens=46.21%  (best 69.16 @ ep 7)  [74.1s]
  ep  81: acc1=47.24%  acc2=46.35%  ens=46.79%  (best 69.16 @ ep 7)  [35.6s]
  ep  82: acc1=45.62%  acc2=46.84%  ens=46.23%  (best 69.16 @ ep 7)  [59.3s]
  ep  83: acc1=46.08%  acc2=47.86%  ens=46.97%  (best 69.16 @ ep 7)  [34.2s]
  ep  84: acc1=45.37%  acc2=46.15%  ens=45.76%  (best 69.16 @ ep 7)  [36.6s]
  ep  85: acc1=45.38%  acc2=46.69%  ens=46.03%  (best 69.16 @ ep 7)  [36.9s]
  ep  86: acc1=45.46%  acc2=46.86%  ens=46.16%  (best 69.16 @ ep 7)  [41.3s]
  ep  87: acc1=44.04%  acc2=46.03%  ens=45.04%  (best 69.16 @ ep 7)  [71.7s]
  ep  88: acc1=44.55%  acc2=45.71%  ens=45.13%  (best 69.16 @ ep 7)  [70.9s]
  ep  89: acc1=44.39%  acc2=46.60%  ens=45.50%  (best 69.16 @ ep 7)  [34.1s]
  ep  90: acc1=45.16%  acc2=46.13%  ens=45.65%  (best 69.16 @ ep 7)  [210.3s]
  ep  91: acc1=44.45%  acc2=45.28%  ens=44.87%  (best 69.16 @ ep 7)  [34.1s]
  ep  92: acc1=42.79%  acc2=44.02%  ens=43.41%  (best 69.16 @ ep 7)  [93.1s]
  ep  93: acc1=43.41%  acc2=44.81%  ens=44.11%  (best 69.16 @ ep 7)  [35.2s]
  ep  94: acc1=42.84%  acc2=45.40%  ens=44.12%  (best 69.16 @ ep 7)  [85.5s]
  ep  95: acc1=43.28%  acc2=45.81%  ens=44.55%  (best 69.16 @ ep 7)  [39.2s]
  ep  96: acc1=43.09%  acc2=45.30%  ens=44.20%  (best 69.16 @ ep 7)  [97.5s]
  ep  97: acc1=42.96%  acc2=45.25%  ens=44.10%  (best 69.16 @ ep 7)  [34.6s]
  ep  98: acc1=43.56%  acc2=45.46%  ens=44.51%  (best 69.16 @ ep 7)  [36.2s]
  ep  99: acc1=42.97%  acc2=44.99%  ens=43.98%  (best 69.16 @ ep 7)  [50.4s]  [w on clean=0.710, on noisy=0.571]

saved /path/to/ciln-workspace/journal_edition/robustness_transfer/results_v4/dividemix/ours_v2_noisy__frost_sev1__seed2.json: best ens-acc 69.16% @ ep 7
