condition=ours_v2_clean__glass_blur_sev3 seed=1 gpu=1
/path/to/ciln-workspace/venv/lib/python3.12/site-packages/torchvision/datasets/cifar.py:83: VisibleDeprecationWarning: dtype(): align should be passed as Python or NumPy boolean but got `align=0`. Did you mean to pass a tuple to create a subarray type? (Deprecated NumPy 2.4)
  entry = pickle.load(f, encoding="latin1")
image_source=clean  N=22500  noise_rate=64.68%
  ep   0: loss=1.7186  test_acc=15.78%  (best 15.78 @ ep 0)  [4.4s]
  ep   1: loss=1.6194  test_acc=19.82%  (best 19.82 @ ep 1)  [3.5s]
  ep   2: loss=1.5688  test_acc=23.24%  (best 23.24 @ ep 2)  [3.6s]
  ep   3: loss=1.5327  test_acc=21.59%  (best 23.24 @ ep 2)  [3.5s]
  ep   4: loss=1.5051  test_acc=23.84%  (best 23.84 @ ep 4)  [3.5s]
  ep   5: loss=1.4834  test_acc=19.95%  (best 23.84 @ ep 4)  [5.4s]  [logged per-sample loss: mean=1.608]
  ep   6: loss=1.4651  test_acc=22.60%  (best 23.84 @ ep 4)  [3.6s]
  ep   7: loss=1.4501  test_acc=25.19%  (best 25.19 @ ep 7)  [3.7s]
  ep   8: loss=1.4354  test_acc=27.09%  (best 27.09 @ ep 8)  [3.7s]
  ep   9: loss=1.4265  test_acc=27.94%  (best 27.94 @ ep 9)  [3.5s]
  ep  10: loss=1.4208  test_acc=25.11%  (best 27.94 @ ep 9)  [5.3s]  [logged per-sample loss: mean=1.425]
  ep  11: loss=1.4126  test_acc=31.39%  (best 31.39 @ ep 11)  [3.5s]
  ep  12: loss=1.4054  test_acc=26.33%  (best 31.39 @ ep 11)  [3.7s]
  ep  13: loss=1.4021  test_acc=26.60%  (best 31.39 @ ep 11)  [8.7s]
  ep  14: loss=1.3966  test_acc=32.25%  (best 32.25 @ ep 14)  [9.5s]
  ep  15: loss=1.3878  test_acc=24.69%  (best 32.25 @ ep 14)  [9.5s]
  ep  16: loss=1.3872  test_acc=28.55%  (best 32.25 @ ep 14)  [9.9s]
  ep  17: loss=1.3775  test_acc=29.11%  (best 32.25 @ ep 14)  [9.0s]
  ep  18: loss=1.3815  test_acc=34.81%  (best 34.81 @ ep 18)  [8.9s]
  ep  19: loss=1.3759  test_acc=34.88%  (best 34.88 @ ep 19)  [9.3s]
  ep  20: loss=1.3699  test_acc=30.28%  (best 34.88 @ ep 19)  [11.5s]  [logged per-sample loss: mean=1.427]
  ep  21: loss=1.3628  test_acc=35.22%  (best 35.22 @ ep 21)  [9.2s]
  ep  22: loss=1.3668  test_acc=32.34%  (best 35.22 @ ep 21)  [10.1s]
  ep  23: loss=1.3623  test_acc=30.25%  (best 35.22 @ ep 21)  [8.5s]
  ep  24: loss=1.3518  test_acc=31.42%  (best 35.22 @ ep 21)  [10.0s]
  ep  25: loss=1.3560  test_acc=33.51%  (best 35.22 @ ep 21)  [9.6s]
  ep  26: loss=1.3489  test_acc=33.96%  (best 35.22 @ ep 21)  [8.9s]
  ep  27: loss=1.3458  test_acc=30.79%  (best 35.22 @ ep 21)  [9.3s]
  ep  28: loss=1.3424  test_acc=30.67%  (best 35.22 @ ep 21)  [8.9s]
  ep  29: loss=1.3353  test_acc=34.46%  (best 35.22 @ ep 21)  [9.3s]
  ep  30: loss=1.3354  test_acc=33.73%  (best 35.22 @ ep 21)  [11.9s]  [logged per-sample loss: mean=1.357]
  ep  31: loss=1.3335  test_acc=28.66%  (best 35.22 @ ep 21)  [9.1s]
  ep  32: loss=1.3241  test_acc=35.68%  (best 35.68 @ ep 32)  [9.4s]
  ep  33: loss=1.3219  test_acc=30.54%  (best 35.68 @ ep 32)  [8.9s]
  ep  34: loss=1.3205  test_acc=35.24%  (best 35.68 @ ep 32)  [9.9s]
  ep  35: loss=1.3170  test_acc=34.61%  (best 35.68 @ ep 32)  [8.6s]
  ep  36: loss=1.3158  test_acc=38.22%  (best 38.22 @ ep 36)  [8.3s]
  ep  37: loss=1.3082  test_acc=31.85%  (best 38.22 @ ep 36)  [8.2s]
  ep  38: loss=1.3067  test_acc=27.44%  (best 38.22 @ ep 36)  [8.7s]
  ep  39: loss=1.3088  test_acc=35.93%  (best 38.22 @ ep 36)  [8.3s]
  ep  40: loss=1.3008  test_acc=31.60%  (best 38.22 @ ep 36)  [8.2s]
  ep  41: loss=1.2985  test_acc=33.84%  (best 38.22 @ ep 36)  [8.7s]
  ep  42: loss=1.2916  test_acc=31.18%  (best 38.22 @ ep 36)  [8.9s]
  ep  43: loss=1.2911  test_acc=34.38%  (best 38.22 @ ep 36)  [8.8s]
  ep  44: loss=1.2881  test_acc=37.63%  (best 38.22 @ ep 36)  [8.3s]
  ep  45: loss=1.2797  test_acc=35.06%  (best 38.22 @ ep 36)  [8.7s]
  ep  46: loss=1.2772  test_acc=30.75%  (best 38.22 @ ep 36)  [8.7s]
  ep  47: loss=1.2760  test_acc=41.35%  (best 41.35 @ ep 47)  [8.7s]
  ep  48: loss=1.2677  test_acc=36.00%  (best 41.35 @ ep 47)  [8.3s]
  ep  49: loss=1.2642  test_acc=36.26%  (best 41.35 @ ep 47)  [9.1s]
  ep  50: loss=1.2591  test_acc=32.98%  (best 41.35 @ ep 47)  [12.7s]  [logged per-sample loss: mean=1.267]
  ep  51: loss=1.2597  test_acc=35.79%  (best 41.35 @ ep 47)  [8.3s]
  ep  52: loss=1.2508  test_acc=35.79%  (best 41.35 @ ep 47)  [8.7s]
  ep  53: loss=1.2435  test_acc=37.70%  (best 41.35 @ ep 47)  [8.6s]
  ep  54: loss=1.2411  test_acc=38.88%  (best 41.35 @ ep 47)  [9.1s]
  ep  55: loss=1.2360  test_acc=38.62%  (best 41.35 @ ep 47)  [9.3s]
  ep  56: loss=1.2304  test_acc=33.77%  (best 41.35 @ ep 47)  [9.0s]
  ep  57: loss=1.2233  test_acc=39.76%  (best 41.35 @ ep 47)  [8.7s]
  ep  58: loss=1.2178  test_acc=37.99%  (best 41.35 @ ep 47)  [9.5s]
  ep  59: loss=1.2071  test_acc=37.77%  (best 41.35 @ ep 47)  [10.0s]
  ep  60: loss=1.2053  test_acc=39.43%  (best 41.35 @ ep 47)  [8.8s]
  ep  61: loss=1.1943  test_acc=32.13%  (best 41.35 @ ep 47)  [9.4s]
  ep  62: loss=1.1884  test_acc=41.33%  (best 41.35 @ ep 47)  [8.5s]
  ep  63: loss=1.1855  test_acc=36.12%  (best 41.35 @ ep 47)  [9.2s]
  ep  64: loss=1.1779  test_acc=36.84%  (best 41.35 @ ep 47)  [8.1s]
  ep  65: loss=1.1643  test_acc=36.96%  (best 41.35 @ ep 47)  [8.7s]
  ep  66: loss=1.1610  test_acc=33.91%  (best 41.35 @ ep 47)  [8.5s]
  ep  67: loss=1.1448  test_acc=37.59%  (best 41.35 @ ep 47)  [3.5s]
  ep  68: loss=1.1431  test_acc=34.78%  (best 41.35 @ ep 47)  [3.6s]
  ep  69: loss=1.1338  test_acc=35.25%  (best 41.35 @ ep 47)  [3.6s]
  ep  70: loss=1.1208  test_acc=38.10%  (best 41.35 @ ep 47)  [3.5s]
  ep  71: loss=1.1116  test_acc=33.24%  (best 41.35 @ ep 47)  [3.7s]
  ep  72: loss=1.0968  test_acc=38.59%  (best 41.35 @ ep 47)  [3.5s]
  ep  73: loss=1.0858  test_acc=35.71%  (best 41.35 @ ep 47)  [3.6s]
  ep  74: loss=1.0676  test_acc=41.22%  (best 41.35 @ ep 47)  [3.7s]
  ep  75: loss=1.0588  test_acc=39.77%  (best 41.35 @ ep 47)  [5.3s]  [logged per-sample loss: mean=1.025]
  ep  76: loss=1.0423  test_acc=37.38%  (best 41.35 @ ep 47)  [3.6s]
  ep  77: loss=1.0274  test_acc=39.81%  (best 41.35 @ ep 47)  [3.7s]
  ep  78: loss=1.0122  test_acc=37.72%  (best 41.35 @ ep 47)  [3.6s]
  ep  79: loss=0.9939  test_acc=36.91%  (best 41.35 @ ep 47)  [3.9s]
  ep  80: loss=0.9842  test_acc=36.36%  (best 41.35 @ ep 47)  [3.7s]
  ep  81: loss=0.9575  test_acc=35.02%  (best 41.35 @ ep 47)  [4.1s]
  ep  82: loss=0.9439  test_acc=35.21%  (best 41.35 @ ep 47)  [3.7s]
  ep  83: loss=0.9289  test_acc=38.24%  (best 41.35 @ ep 47)  [7.3s]
  ep  84: loss=0.9024  test_acc=37.24%  (best 41.35 @ ep 47)  [8.8s]
  ep  85: loss=0.8817  test_acc=36.91%  (best 41.35 @ ep 47)  [8.5s]
  ep  86: loss=0.8602  test_acc=35.08%  (best 41.35 @ ep 47)  [8.5s]
  ep  87: loss=0.8385  test_acc=39.02%  (best 41.35 @ ep 47)  [8.1s]
  ep  88: loss=0.8176  test_acc=36.69%  (best 41.35 @ ep 47)  [8.1s]
  ep  89: loss=0.8015  test_acc=36.52%  (best 41.35 @ ep 47)  [8.1s]
  ep  90: loss=0.7821  test_acc=36.53%  (best 41.35 @ ep 47)  [8.0s]
  ep  91: loss=0.7613  test_acc=36.55%  (best 41.35 @ ep 47)  [8.0s]
  ep  92: loss=0.7409  test_acc=35.33%  (best 41.35 @ ep 47)  [8.0s]
  ep  93: loss=0.7253  test_acc=36.30%  (best 41.35 @ ep 47)  [6.9s]
  ep  94: loss=0.7138  test_acc=35.34%  (best 41.35 @ ep 47)  [3.7s]
  ep  95: loss=0.6942  test_acc=35.89%  (best 41.35 @ ep 47)  [3.6s]
  ep  96: loss=0.6881  test_acc=35.97%  (best 41.35 @ ep 47)  [3.5s]
  ep  97: loss=0.6853  test_acc=36.52%  (best 41.35 @ ep 47)  [3.7s]
  ep  98: loss=0.6763  test_acc=35.94%  (best 41.35 @ ep 47)  [3.7s]
  ep  99: loss=0.6748  test_acc=35.90%  (best 41.35 @ ep 47)  [5.3s]  [logged per-sample loss: mean=0.622]

saved /path/to/ciln-workspace/journal_edition/robustness_transfer/results_v4/erm/ours_v2_clean__glass_blur_sev3__seed1.json: best 41.35% @ ep 47
