condition=ours_v2_clean__gaussian_noise_sev1 seed=2 gpu=1
/path/to/ciln-workspace/venv/lib/python3.12/site-packages/torchvision/datasets/cifar.py:83: VisibleDeprecationWarning: dtype(): align should be passed as Python or NumPy boolean but got `align=0`. Did you mean to pass a tuple to create a subarray type? (Deprecated NumPy 2.4)
  entry = pickle.load(f, encoding="latin1")
image_source=clean  N_train=22500  noise_rate=21.27%
  ep   0: acc1=32.31%  acc2=39.74%  ens=36.02%  (best 36.02 @ ep 0)  [8.2s]
  ep   1: acc1=51.56%  acc2=48.89%  ens=50.22%  (best 50.22 @ ep 1)  [8.0s]
  ep   2: acc1=47.40%  acc2=48.29%  ens=47.84%  (best 50.22 @ ep 1)  [7.4s]
  ep   3: acc1=58.01%  acc2=55.37%  ens=56.69%  (best 56.69 @ ep 3)  [7.9s]
  ep   4: acc1=60.43%  acc2=58.98%  ens=59.70%  (best 59.70 @ ep 4)  [7.6s]
  ep   5: acc1=65.63%  acc2=60.05%  ens=62.84%  (best 62.84 @ ep 5)  [11.5s]  [w on clean=0.823, on noisy=0.432]
  ep   6: acc1=62.67%  acc2=64.26%  ens=63.46%  (best 63.46 @ ep 6)  [7.8s]
  ep   7: acc1=64.00%  acc2=64.13%  ens=64.06%  (best 64.06 @ ep 7)  [13.0s]
  ep   8: acc1=68.30%  acc2=65.20%  ens=66.75%  (best 66.75 @ ep 8)  [7.2s]
  ep   9: acc1=66.22%  acc2=67.96%  ens=67.09%  (best 67.09 @ ep 9)  [7.5s]
  ep  10: acc1=49.36%  acc2=40.82%  ens=45.09%  (best 67.09 @ ep 9)  [40.6s]  [w on clean=0.630, on noisy=0.264]
  ep  11: acc1=35.48%  acc2=33.19%  ens=34.34%  (best 67.09 @ ep 9)  [42.4s]
  ep  12: acc1=29.00%  acc2=25.08%  ens=27.04%  (best 67.09 @ ep 9)  [29.1s]
  ep  13: acc1=30.79%  acc2=24.18%  ens=27.48%  (best 67.09 @ ep 9)  [88.3s]
  ep  14: acc1=24.75%  acc2=27.04%  ens=25.90%  (best 67.09 @ ep 9)  [32.2s]
  ep  15: acc1=30.50%  acc2=27.08%  ens=28.79%  (best 67.09 @ ep 9)  [78.5s]
  ep  16: acc1=32.78%  acc2=29.43%  ens=31.11%  (best 67.09 @ ep 9)  [35.9s]
  ep  17: acc1=38.50%  acc2=32.50%  ens=35.50%  (best 67.09 @ ep 9)  [109.7s]
  ep  18: acc1=32.65%  acc2=30.76%  ens=31.70%  (best 67.09 @ ep 9)  [34.2s]
  ep  19: acc1=33.81%  acc2=32.83%  ens=33.32%  (best 67.09 @ ep 9)  [90.8s]
  ep  20: acc1=32.53%  acc2=27.85%  ens=30.19%  (best 67.09 @ ep 9)  [37.8s]  [w on clean=0.712, on noisy=0.538]
  ep  21: acc1=33.12%  acc2=32.99%  ens=33.05%  (best 67.09 @ ep 9)  [40.8s]
  ep  22: acc1=32.48%  acc2=36.90%  ens=34.69%  (best 67.09 @ ep 9)  [33.9s]
  ep  23: acc1=36.71%  acc2=35.40%  ens=36.05%  (best 67.09 @ ep 9)  [42.3s]
  ep  24: acc1=38.24%  acc2=35.72%  ens=36.98%  (best 67.09 @ ep 9)  [37.0s]
  ep  25: acc1=36.11%  acc2=33.48%  ens=34.80%  (best 67.09 @ ep 9)  [34.5s]
  ep  26: acc1=34.27%  acc2=39.82%  ens=37.05%  (best 67.09 @ ep 9)  [35.0s]
  ep  27: acc1=40.54%  acc2=35.33%  ens=37.93%  (best 67.09 @ ep 9)  [33.9s]
  ep  28: acc1=41.94%  acc2=37.94%  ens=39.94%  (best 67.09 @ ep 9)  [59.6s]
  ep  29: acc1=38.63%  acc2=42.31%  ens=40.47%  (best 67.09 @ ep 9)  [34.5s]
  ep  30: acc1=37.29%  acc2=38.16%  ens=37.72%  (best 67.09 @ ep 9)  [120.2s]  [w on clean=0.712, on noisy=0.538]
  ep  31: acc1=36.63%  acc2=36.51%  ens=36.57%  (best 67.09 @ ep 9)  [34.7s]
  ep  32: acc1=42.63%  acc2=42.53%  ens=42.58%  (best 67.09 @ ep 9)  [144.1s]
  ep  33: acc1=40.10%  acc2=37.53%  ens=38.81%  (best 67.09 @ ep 9)  [34.9s]
  ep  34: acc1=37.97%  acc2=37.31%  ens=37.64%  (best 67.09 @ ep 9)  [116.9s]
  ep  35: acc1=37.48%  acc2=38.77%  ens=38.12%  (best 67.09 @ ep 9)  [33.8s]
  ep  36: acc1=41.75%  acc2=40.69%  ens=41.22%  (best 67.09 @ ep 9)  [185.8s]
  ep  37: acc1=41.00%  acc2=40.76%  ens=40.88%  (best 67.09 @ ep 9)  [35.0s]
  ep  38: acc1=42.65%  acc2=42.00%  ens=42.33%  (best 67.09 @ ep 9)  [50.6s]
  ep  39: acc1=42.41%  acc2=39.99%  ens=41.20%  (best 67.09 @ ep 9)  [35.5s]
  ep  40: acc1=39.39%  acc2=42.33%  ens=40.86%  (best 67.09 @ ep 9)  [231.5s]
  ep  41: acc1=45.99%  acc2=39.07%  ens=42.53%  (best 67.09 @ ep 9)  [133.6s]
  ep  42: acc1=39.44%  acc2=38.73%  ens=39.09%  (best 67.09 @ ep 9)  [34.1s]
  ep  43: acc1=41.56%  acc2=39.84%  ens=40.70%  (best 67.09 @ ep 9)  [67.5s]
  ep  44: acc1=42.88%  acc2=43.56%  ens=43.22%  (best 67.09 @ ep 9)  [34.3s]
  ep  45: acc1=41.55%  acc2=41.83%  ens=41.69%  (best 67.09 @ ep 9)  [62.3s]
  ep  46: acc1=46.14%  acc2=45.00%  ens=45.57%  (best 67.09 @ ep 9)  [33.8s]
  ep  47: acc1=43.96%  acc2=43.69%  ens=43.83%  (best 67.09 @ ep 9)  [53.7s]
  ep  48: acc1=45.63%  acc2=42.65%  ens=44.14%  (best 67.09 @ ep 9)  [33.6s]
  ep  49: acc1=44.64%  acc2=41.53%  ens=43.09%  (best 67.09 @ ep 9)  [86.5s]
  ep  50: acc1=40.17%  acc2=45.88%  ens=43.03%  (best 67.09 @ ep 9)  [72.6s]  [w on clean=0.712, on noisy=0.538]
  ep  51: acc1=44.42%  acc2=43.45%  ens=43.94%  (best 67.09 @ ep 9)  [34.8s]
  ep  52: acc1=44.06%  acc2=45.71%  ens=44.88%  (best 67.09 @ ep 9)  [78.0s]
  ep  53: acc1=46.21%  acc2=45.53%  ens=45.87%  (best 67.09 @ ep 9)  [336.7s]
  ep  54: acc1=42.96%  acc2=45.09%  ens=44.03%  (best 67.09 @ ep 9)  [33.9s]
  ep  55: acc1=43.46%  acc2=41.73%  ens=42.59%  (best 67.09 @ ep 9)  [59.0s]
  ep  56: acc1=42.91%  acc2=43.13%  ens=43.02%  (best 67.09 @ ep 9)  [33.5s]
  ep  57: acc1=44.76%  acc2=43.67%  ens=44.21%  (best 67.09 @ ep 9)  [35.3s]
  ep  58: acc1=45.73%  acc2=45.80%  ens=45.77%  (best 67.09 @ ep 9)  [33.6s]
  ep  59: acc1=46.96%  acc2=46.11%  ens=46.54%  (best 67.09 @ ep 9)  [44.3s]
  ep  60: acc1=44.63%  acc2=44.51%  ens=44.57%  (best 67.09 @ ep 9)  [36.3s]
  ep  61: acc1=48.31%  acc2=45.80%  ens=47.05%  (best 67.09 @ ep 9)  [35.2s]
  ep  62: acc1=47.26%  acc2=44.40%  ens=45.83%  (best 67.09 @ ep 9)  [56.2s]
  ep  63: acc1=47.89%  acc2=46.00%  ens=46.95%  (best 67.09 @ ep 9)  [80.2s]
  ep  64: acc1=46.22%  acc2=44.16%  ens=45.19%  (best 67.09 @ ep 9)  [35.9s]
  ep  65: acc1=45.43%  acc2=46.95%  ens=46.19%  (best 67.09 @ ep 9)  [68.1s]
  ep  66: acc1=46.59%  acc2=45.20%  ens=45.89%  (best 67.09 @ ep 9)  [42.5s]
  ep  67: acc1=45.48%  acc2=46.63%  ens=46.05%  (best 67.09 @ ep 9)  [34.2s]
  ep  68: acc1=46.56%  acc2=44.42%  ens=45.49%  (best 67.09 @ ep 9)  [64.2s]
  ep  69: acc1=44.40%  acc2=44.26%  ens=44.33%  (best 67.09 @ ep 9)  [34.8s]
  ep  70: acc1=45.56%  acc2=46.10%  ens=45.83%  (best 67.09 @ ep 9)  [44.7s]
  ep  71: acc1=45.68%  acc2=45.84%  ens=45.76%  (best 67.09 @ ep 9)  [34.8s]
  ep  72: acc1=46.37%  acc2=46.64%  ens=46.50%  (best 67.09 @ ep 9)  [46.5s]
  ep  73: acc1=47.89%  acc2=45.82%  ens=46.86%  (best 67.09 @ ep 9)  [34.7s]
  ep  74: acc1=45.94%  acc2=45.86%  ens=45.90%  (best 67.09 @ ep 9)  [47.7s]
  ep  75: acc1=48.43%  acc2=46.30%  ens=47.37%  (best 67.09 @ ep 9)  [39.5s]  [w on clean=0.712, on noisy=0.538]
  ep  76: acc1=45.56%  acc2=46.12%  ens=45.84%  (best 67.09 @ ep 9)  [42.0s]
  ep  77: acc1=45.76%  acc2=45.58%  ens=45.67%  (best 67.09 @ ep 9)  [43.2s]
  ep  78: acc1=46.38%  acc2=45.02%  ens=45.70%  (best 67.09 @ ep 9)  [71.8s]
  ep  79: acc1=46.75%  acc2=46.24%  ens=46.49%  (best 67.09 @ ep 9)  [34.8s]
  ep  80: acc1=45.66%  acc2=46.42%  ens=46.04%  (best 67.09 @ ep 9)  [33.7s]
  ep  81: acc1=46.59%  acc2=47.61%  ens=47.10%  (best 67.09 @ ep 9)  [67.6s]
  ep  82: acc1=47.71%  acc2=47.31%  ens=47.51%  (best 67.09 @ ep 9)  [34.3s]
  ep  83: acc1=47.70%  acc2=47.44%  ens=47.57%  (best 67.09 @ ep 9)  [111.2s]
  ep  84: acc1=48.10%  acc2=46.62%  ens=47.36%  (best 67.09 @ ep 9)  [99.3s]
  ep  85: acc1=46.45%  acc2=47.50%  ens=46.98%  (best 67.09 @ ep 9)  [34.6s]
  ep  86: acc1=47.11%  acc2=48.07%  ens=47.59%  (best 67.09 @ ep 9)  [88.2s]
  ep  87: acc1=47.77%  acc2=46.93%  ens=47.35%  (best 67.09 @ ep 9)  [33.9s]
  ep  88: acc1=47.43%  acc2=46.74%  ens=47.09%  (best 67.09 @ ep 9)  [34.6s]
  ep  89: acc1=47.20%  acc2=47.99%  ens=47.59%  (best 67.09 @ ep 9)  [66.7s]
  ep  90: acc1=47.55%  acc2=47.19%  ens=47.37%  (best 67.09 @ ep 9)  [76.8s]
  ep  91: acc1=47.68%  acc2=47.39%  ens=47.53%  (best 67.09 @ ep 9)  [53.4s]
  ep  92: acc1=47.73%  acc2=47.81%  ens=47.77%  (best 67.09 @ ep 9)  [59.6s]
  ep  93: acc1=47.84%  acc2=46.96%  ens=47.40%  (best 67.09 @ ep 9)  [33.7s]
  ep  94: acc1=47.42%  acc2=47.49%  ens=47.46%  (best 67.09 @ ep 9)  [68.4s]
  ep  95: acc1=47.85%  acc2=47.44%  ens=47.64%  (best 67.09 @ ep 9)  [34.8s]
  ep  96: acc1=47.80%  acc2=47.37%  ens=47.59%  (best 67.09 @ ep 9)  [34.4s]
  ep  97: acc1=47.76%  acc2=47.06%  ens=47.41%  (best 67.09 @ ep 9)  [39.1s]
  ep  98: acc1=47.87%  acc2=47.80%  ens=47.84%  (best 67.09 @ ep 9)  [34.7s]
  ep  99: acc1=47.91%  acc2=47.87%  ens=47.89%  (best 67.09 @ ep 9)  [44.0s]  [w on clean=0.712, on noisy=0.538]

saved /path/to/ciln-workspace/journal_edition/robustness_transfer/results_v4/dividemix/ours_v2_clean__gaussian_noise_sev1__seed2.json: best ens-acc 67.09% @ ep 9
