condition=ours_v2_noisy__snow_sev3 seed=1 gpu=2
/path/to/ciln-workspace/venv/lib/python3.12/site-packages/torchvision/datasets/cifar.py:83: VisibleDeprecationWarning: dtype(): align should be passed as Python or NumPy boolean but got `align=0`. Did you mean to pass a tuple to create a subarray type? (Deprecated NumPy 2.4)
  entry = pickle.load(f, encoding="latin1")
image_source=noisy  N=22500  noise_rate=19.37%
  ep   0: R(t)=1.000  acc1=33.96%  acc2=32.47%  ens=33.22%  (best 33.22 @ ep 0)  [7.4s]
  ep   1: R(t)=0.939  acc1=38.30%  acc2=35.34%  ens=36.82%  (best 36.82 @ ep 1)  [6.8s]
  ep   2: R(t)=0.913  acc1=42.74%  acc2=43.64%  ens=43.19%  (best 43.19 @ ep 2)  [6.6s]
  ep   3: R(t)=0.894  acc1=50.11%  acc2=49.70%  ens=49.91%  (best 49.91 @ ep 3)  [6.4s]
  ep   4: R(t)=0.877  acc1=45.96%  acc2=48.12%  ens=47.04%  (best 49.91 @ ep 3)  [6.8s]
  ep   5: R(t)=0.863  acc1=50.71%  acc2=54.43%  ens=52.57%  (best 52.57 @ ep 5)  [14.6s]  [sel1+2: prec=0.839, recall_clean=0.925]
  ep   6: R(t)=0.850  acc1=54.36%  acc2=56.35%  ens=55.35%  (best 55.35 @ ep 6)  [21.5s]
  ep   7: R(t)=0.838  acc1=56.04%  acc2=52.87%  ens=54.45%  (best 55.35 @ ep 6)  [20.3s]
  ep   8: R(t)=0.827  acc1=62.67%  acc2=60.14%  ens=61.41%  (best 61.41 @ ep 8)  [19.2s]
  ep   9: R(t)=0.816  acc1=56.17%  acc2=56.84%  ens=56.51%  (best 61.41 @ ep 8)  [22.9s]
  ep  10: R(t)=0.806  acc1=54.34%  acc2=45.15%  ens=49.74%  (best 61.41 @ ep 8)  [32.1s]  [sel1+2: prec=0.857, recall_clean=0.902]
  ep  11: R(t)=0.806  acc1=55.54%  acc2=57.56%  ens=56.55%  (best 61.41 @ ep 8)  [23.7s]
  ep  12: R(t)=0.806  acc1=59.25%  acc2=57.10%  ens=58.17%  (best 61.41 @ ep 8)  [19.7s]
  ep  13: R(t)=0.806  acc1=62.61%  acc2=59.53%  ens=61.07%  (best 61.41 @ ep 8)  [19.9s]
  ep  14: R(t)=0.806  acc1=62.76%  acc2=55.19%  ens=58.98%  (best 61.41 @ ep 8)  [20.3s]
  ep  15: R(t)=0.806  acc1=65.65%  acc2=63.28%  ens=64.46%  (best 64.46 @ ep 15)  [18.3s]
  ep  16: R(t)=0.806  acc1=54.52%  acc2=61.41%  ens=57.97%  (best 64.46 @ ep 15)  [20.2s]
  ep  17: R(t)=0.806  acc1=66.60%  acc2=62.30%  ens=64.45%  (best 64.46 @ ep 15)  [19.2s]
  ep  18: R(t)=0.806  acc1=66.64%  acc2=66.53%  ens=66.59%  (best 66.59 @ ep 18)  [6.4s]
  ep  19: R(t)=0.806  acc1=68.69%  acc2=66.49%  ens=67.59%  (best 67.59 @ ep 19)  [6.9s]
  ep  20: R(t)=0.806  acc1=66.00%  acc2=67.45%  ens=66.72%  (best 67.59 @ ep 19)  [9.9s]  [sel1+2: prec=0.869, recall_clean=0.914]
  ep  21: R(t)=0.806  acc1=66.26%  acc2=68.28%  ens=67.27%  (best 67.59 @ ep 19)  [6.7s]
  ep  22: R(t)=0.806  acc1=64.85%  acc2=66.95%  ens=65.90%  (best 67.59 @ ep 19)  [6.7s]
  ep  23: R(t)=0.806  acc1=69.37%  acc2=65.67%  ens=67.52%  (best 67.59 @ ep 19)  [6.5s]
  ep  24: R(t)=0.806  acc1=66.25%  acc2=59.88%  ens=63.06%  (best 67.59 @ ep 19)  [6.3s]
  ep  25: R(t)=0.806  acc1=67.97%  acc2=66.12%  ens=67.05%  (best 67.59 @ ep 19)  [6.6s]
  ep  26: R(t)=0.806  acc1=68.28%  acc2=69.88%  ens=69.08%  (best 69.08 @ ep 26)  [7.1s]
  ep  27: R(t)=0.806  acc1=70.72%  acc2=65.81%  ens=68.27%  (best 69.08 @ ep 26)  [18.4s]
  ep  28: R(t)=0.806  acc1=65.46%  acc2=68.78%  ens=67.12%  (best 69.08 @ ep 26)  [17.5s]
  ep  29: R(t)=0.806  acc1=59.50%  acc2=59.12%  ens=59.31%  (best 69.08 @ ep 26)  [17.7s]
  ep  30: R(t)=0.806  acc1=61.87%  acc2=66.55%  ens=64.21%  (best 69.08 @ ep 26)  [24.5s]  [sel1+2: prec=0.876, recall_clean=0.922]
  ep  31: R(t)=0.806  acc1=71.75%  acc2=69.96%  ens=70.86%  (best 70.86 @ ep 31)  [17.1s]
  ep  32: R(t)=0.806  acc1=67.50%  acc2=74.91%  ens=71.21%  (best 71.21 @ ep 32)  [17.7s]
  ep  33: R(t)=0.806  acc1=72.88%  acc2=70.06%  ens=71.47%  (best 71.47 @ ep 33)  [18.2s]
  ep  34: R(t)=0.806  acc1=68.42%  acc2=67.59%  ens=68.01%  (best 71.47 @ ep 33)  [16.9s]
  ep  35: R(t)=0.806  acc1=70.91%  acc2=70.17%  ens=70.54%  (best 71.47 @ ep 33)  [19.0s]
  ep  36: R(t)=0.806  acc1=75.28%  acc2=71.31%  ens=73.30%  (best 73.30 @ ep 36)  [16.9s]
  ep  37: R(t)=0.806  acc1=72.18%  acc2=71.31%  ens=71.74%  (best 73.30 @ ep 36)  [18.0s]
  ep  38: R(t)=0.806  acc1=68.63%  acc2=72.41%  ens=70.52%  (best 73.30 @ ep 36)  [18.3s]
  ep  39: R(t)=0.806  acc1=71.75%  acc2=72.88%  ens=72.31%  (best 73.30 @ ep 36)  [17.3s]
  ep  40: R(t)=0.806  acc1=70.99%  acc2=69.56%  ens=70.28%  (best 73.30 @ ep 36)  [18.3s]
  ep  41: R(t)=0.806  acc1=73.25%  acc2=71.25%  ens=72.25%  (best 73.30 @ ep 36)  [18.6s]
  ep  42: R(t)=0.806  acc1=70.12%  acc2=74.18%  ens=72.15%  (best 73.30 @ ep 36)  [19.2s]
  ep  43: R(t)=0.806  acc1=74.76%  acc2=76.44%  ens=75.60%  (best 75.60 @ ep 43)  [18.6s]
  ep  44: R(t)=0.806  acc1=72.44%  acc2=68.49%  ens=70.47%  (best 75.60 @ ep 43)  [19.3s]
  ep  45: R(t)=0.806  acc1=70.39%  acc2=74.56%  ens=72.47%  (best 75.60 @ ep 43)  [19.8s]
  ep  46: R(t)=0.806  acc1=75.88%  acc2=75.20%  ens=75.54%  (best 75.60 @ ep 43)  [17.8s]
  ep  47: R(t)=0.806  acc1=65.10%  acc2=75.03%  ens=70.06%  (best 75.60 @ ep 43)  [18.0s]
  ep  48: R(t)=0.806  acc1=76.78%  acc2=74.24%  ens=75.51%  (best 75.60 @ ep 43)  [9.5s]
  ep  49: R(t)=0.806  acc1=69.70%  acc2=71.55%  ens=70.62%  (best 75.60 @ ep 43)  [6.6s]
  ep  50: R(t)=0.806  acc1=74.06%  acc2=75.74%  ens=74.90%  (best 75.60 @ ep 43)  [10.1s]  [sel1+2: prec=0.883, recall_clean=0.926]
  ep  51: R(t)=0.806  acc1=74.66%  acc2=73.23%  ens=73.94%  (best 75.60 @ ep 43)  [6.8s]
  ep  52: R(t)=0.806  acc1=76.22%  acc2=74.74%  ens=75.48%  (best 75.60 @ ep 43)  [6.5s]
  ep  53: R(t)=0.806  acc1=75.83%  acc2=76.00%  ens=75.91%  (best 75.91 @ ep 53)  [6.8s]
  ep  54: R(t)=0.806  acc1=77.18%  acc2=77.20%  ens=77.19%  (best 77.19 @ ep 54)  [6.8s]
  ep  55: R(t)=0.806  acc1=76.68%  acc2=73.32%  ens=75.00%  (best 77.19 @ ep 54)  [7.0s]
  ep  56: R(t)=0.806  acc1=73.69%  acc2=73.78%  ens=73.73%  (best 77.19 @ ep 54)  [6.6s]
  ep  57: R(t)=0.806  acc1=77.22%  acc2=77.35%  ens=77.28%  (best 77.28 @ ep 57)  [17.8s]
  ep  58: R(t)=0.806  acc1=76.91%  acc2=76.62%  ens=76.77%  (best 77.28 @ ep 57)  [19.3s]
  ep  59: R(t)=0.806  acc1=77.01%  acc2=78.44%  ens=77.72%  (best 77.72 @ ep 59)  [19.2s]
  ep  60: R(t)=0.806  acc1=79.50%  acc2=78.20%  ens=78.85%  (best 78.85 @ ep 60)  [19.0s]
  ep  61: R(t)=0.806  acc1=77.73%  acc2=75.67%  ens=76.70%  (best 78.85 @ ep 60)  [18.9s]
  ep  62: R(t)=0.806  acc1=78.33%  acc2=78.35%  ens=78.34%  (best 78.85 @ ep 60)  [17.9s]
  ep  63: R(t)=0.806  acc1=75.72%  acc2=76.54%  ens=76.13%  (best 78.85 @ ep 60)  [19.6s]
  ep  64: R(t)=0.806  acc1=78.20%  acc2=76.40%  ens=77.30%  (best 78.85 @ ep 60)  [17.7s]
  ep  65: R(t)=0.806  acc1=79.83%  acc2=79.15%  ens=79.49%  (best 79.49 @ ep 65)  [6.5s]
  ep  66: R(t)=0.806  acc1=77.90%  acc2=79.24%  ens=78.57%  (best 79.49 @ ep 65)  [6.4s]
  ep  67: R(t)=0.806  acc1=78.23%  acc2=80.37%  ens=79.30%  (best 79.49 @ ep 65)  [6.7s]
  ep  68: R(t)=0.806  acc1=77.94%  acc2=77.30%  ens=77.62%  (best 79.49 @ ep 65)  [6.4s]
  ep  69: R(t)=0.806  acc1=78.15%  acc2=79.69%  ens=78.92%  (best 79.49 @ ep 65)  [6.5s]
  ep  70: R(t)=0.806  acc1=80.23%  acc2=80.08%  ens=80.16%  (best 80.16 @ ep 70)  [6.7s]
  ep  71: R(t)=0.806  acc1=79.43%  acc2=81.26%  ens=80.34%  (best 80.34 @ ep 71)  [6.5s]
  ep  72: R(t)=0.806  acc1=80.70%  acc2=80.12%  ens=80.41%  (best 80.41 @ ep 72)  [6.5s]
  ep  73: R(t)=0.806  acc1=80.56%  acc2=81.01%  ens=80.78%  (best 80.78 @ ep 73)  [6.7s]
  ep  74: R(t)=0.806  acc1=79.86%  acc2=79.76%  ens=79.81%  (best 80.78 @ ep 73)  [16.8s]
  ep  75: R(t)=0.806  acc1=81.94%  acc2=81.31%  ens=81.62%  (best 81.62 @ ep 75)  [24.4s]  [sel1+2: prec=0.895, recall_clean=0.929]
  ep  76: R(t)=0.806  acc1=81.83%  acc2=80.81%  ens=81.32%  (best 81.62 @ ep 75)  [6.8s]
  ep  77: R(t)=0.806  acc1=80.76%  acc2=80.90%  ens=80.83%  (best 81.62 @ ep 75)  [6.6s]
  ep  78: R(t)=0.806  acc1=81.10%  acc2=82.21%  ens=81.66%  (best 81.66 @ ep 78)  [6.5s]
  ep  79: R(t)=0.806  acc1=82.04%  acc2=81.52%  ens=81.78%  (best 81.78 @ ep 79)  [6.4s]
  ep  80: R(t)=0.806  acc1=80.70%  acc2=81.93%  ens=81.31%  (best 81.78 @ ep 79)  [6.4s]
  ep  81: R(t)=0.806  acc1=81.56%  acc2=81.79%  ens=81.67%  (best 81.78 @ ep 79)  [6.8s]
  ep  82: R(t)=0.806  acc1=82.44%  acc2=81.96%  ens=82.20%  (best 82.20 @ ep 82)  [6.5s]
  ep  83: R(t)=0.806  acc1=82.27%  acc2=81.62%  ens=81.95%  (best 82.20 @ ep 82)  [6.5s]
  ep  84: R(t)=0.806  acc1=82.35%  acc2=81.85%  ens=82.10%  (best 82.20 @ ep 82)  [7.1s]
  ep  85: R(t)=0.806  acc1=82.85%  acc2=81.95%  ens=82.40%  (best 82.40 @ ep 85)  [19.2s]
  ep  86: R(t)=0.806  acc1=82.65%  acc2=82.16%  ens=82.41%  (best 82.41 @ ep 86)  [19.6s]
  ep  87: R(t)=0.806  acc1=83.01%  acc2=82.32%  ens=82.67%  (best 82.67 @ ep 87)  [17.9s]
  ep  88: R(t)=0.806  acc1=82.81%  acc2=82.30%  ens=82.56%  (best 82.67 @ ep 87)  [17.8s]
  ep  89: R(t)=0.806  acc1=82.90%  acc2=82.17%  ens=82.53%  (best 82.67 @ ep 87)  [16.8s]
  ep  90: R(t)=0.806  acc1=83.19%  acc2=82.43%  ens=82.81%  (best 82.81 @ ep 90)  [6.5s]
  ep  91: R(t)=0.806  acc1=83.11%  acc2=82.22%  ens=82.67%  (best 82.81 @ ep 90)  [6.8s]
  ep  92: R(t)=0.806  acc1=83.32%  acc2=82.46%  ens=82.89%  (best 82.89 @ ep 92)  [6.7s]
  ep  93: R(t)=0.806  acc1=83.16%  acc2=82.41%  ens=82.78%  (best 82.89 @ ep 92)  [6.7s]
  ep  94: R(t)=0.806  acc1=83.20%  acc2=82.38%  ens=82.79%  (best 82.89 @ ep 92)  [6.9s]
  ep  95: R(t)=0.806  acc1=83.30%  acc2=82.51%  ens=82.91%  (best 82.91 @ ep 95)  [6.5s]
  ep  96: R(t)=0.806  acc1=83.29%  acc2=82.46%  ens=82.88%  (best 82.91 @ ep 95)  [6.5s]
  ep  97: R(t)=0.806  acc1=83.14%  acc2=82.40%  ens=82.77%  (best 82.91 @ ep 95)  [6.6s]
  ep  98: R(t)=0.806  acc1=83.02%  acc2=82.21%  ens=82.62%  (best 82.91 @ ep 95)  [9.2s]
  ep  99: R(t)=0.806  acc1=83.09%  acc2=82.48%  ens=82.78%  (best 82.91 @ ep 95)  [10.1s]  [sel1+2: prec=0.900, recall_clean=0.925]

saved /path/to/ciln-workspace/journal_edition/robustness_transfer/results_v4/coteaching/ours_v2_noisy__snow_sev3__seed1.json: best ens-acc 82.91% @ ep 95
