condition=ours_v2_clean__gaussian_noise_sev1 seed=0 gpu=1
/path/to/ciln-workspace/venv/lib/python3.12/site-packages/torchvision/datasets/cifar.py:83: VisibleDeprecationWarning: dtype(): align should be passed as Python or NumPy boolean but got `align=0`. Did you mean to pass a tuple to create a subarray type? (Deprecated NumPy 2.4)
  entry = pickle.load(f, encoding="latin1")
image_source=clean  N=22500  noise_rate=21.27%
  ep   0: R(t)=1.000  acc1=33.51%  acc2=31.89%  ens=32.70%  (best 32.70 @ ep 0)  [7.5s]
  ep   1: R(t)=0.933  acc1=41.11%  acc2=38.63%  ens=39.87%  (best 39.87 @ ep 1)  [6.4s]
  ep   2: R(t)=0.905  acc1=46.16%  acc2=44.16%  ens=45.16%  (best 45.16 @ ep 2)  [6.4s]
  ep   3: R(t)=0.883  acc1=49.12%  acc2=50.30%  ens=49.71%  (best 49.71 @ ep 3)  [6.6s]
  ep   4: R(t)=0.865  acc1=54.03%  acc2=55.34%  ens=54.69%  (best 54.69 @ ep 4)  [6.3s]
  ep   5: R(t)=0.850  acc1=51.57%  acc2=54.49%  ens=53.03%  (best 54.69 @ ep 4)  [10.0s]  [sel1+2: prec=0.825, recall_clean=0.926]
  ep   6: R(t)=0.835  acc1=53.76%  acc2=54.04%  ens=53.90%  (best 54.69 @ ep 4)  [6.3s]
  ep   7: R(t)=0.822  acc1=53.95%  acc2=56.87%  ens=55.41%  (best 55.41 @ ep 7)  [15.3s]
  ep   8: R(t)=0.810  acc1=55.40%  acc2=48.99%  ens=52.20%  (best 55.41 @ ep 7)  [18.9s]
  ep   9: R(t)=0.798  acc1=59.46%  acc2=55.05%  ens=57.26%  (best 57.26 @ ep 9)  [19.4s]
  ep  10: R(t)=0.787  acc1=61.99%  acc2=63.47%  ens=62.73%  (best 62.73 @ ep 10)  [27.1s]  [sel1+2: prec=0.856, recall_clean=0.905]
  ep  11: R(t)=0.787  acc1=58.60%  acc2=48.72%  ens=53.66%  (best 62.73 @ ep 10)  [18.5s]
  ep  12: R(t)=0.787  acc1=65.78%  acc2=57.12%  ens=61.45%  (best 62.73 @ ep 10)  [19.8s]
  ep  13: R(t)=0.787  acc1=64.10%  acc2=64.03%  ens=64.06%  (best 64.06 @ ep 13)  [17.9s]
  ep  14: R(t)=0.787  acc1=68.80%  acc2=64.43%  ens=66.62%  (best 66.62 @ ep 14)  [17.7s]
  ep  15: R(t)=0.787  acc1=62.20%  acc2=65.02%  ens=63.61%  (best 66.62 @ ep 14)  [20.9s]
  ep  16: R(t)=0.787  acc1=62.55%  acc2=64.01%  ens=63.28%  (best 66.62 @ ep 14)  [20.4s]
  ep  17: R(t)=0.787  acc1=71.93%  acc2=67.82%  ens=69.88%  (best 69.88 @ ep 17)  [19.9s]
  ep  18: R(t)=0.787  acc1=68.54%  acc2=68.29%  ens=68.42%  (best 69.88 @ ep 17)  [6.6s]
  ep  19: R(t)=0.787  acc1=68.33%  acc2=62.84%  ens=65.59%  (best 69.88 @ ep 17)  [6.5s]
  ep  20: R(t)=0.787  acc1=63.10%  acc2=60.74%  ens=61.92%  (best 69.88 @ ep 17)  [10.2s]  [sel1+2: prec=0.872, recall_clean=0.921]
  ep  21: R(t)=0.787  acc1=63.37%  acc2=62.06%  ens=62.72%  (best 69.88 @ ep 17)  [6.5s]
  ep  22: R(t)=0.787  acc1=66.28%  acc2=68.62%  ens=67.45%  (best 69.88 @ ep 17)  [6.5s]
  ep  23: R(t)=0.787  acc1=67.07%  acc2=66.88%  ens=66.97%  (best 69.88 @ ep 17)  [6.6s]
  ep  24: R(t)=0.787  acc1=68.53%  acc2=66.55%  ens=67.54%  (best 69.88 @ ep 17)  [6.7s]
  ep  25: R(t)=0.787  acc1=65.63%  acc2=62.61%  ens=64.12%  (best 69.88 @ ep 17)  [6.4s]
  ep  26: R(t)=0.787  acc1=71.79%  acc2=66.78%  ens=69.28%  (best 69.88 @ ep 17)  [9.0s]
  ep  27: R(t)=0.787  acc1=68.59%  acc2=62.21%  ens=65.40%  (best 69.88 @ ep 17)  [17.8s]
  ep  28: R(t)=0.787  acc1=68.77%  acc2=69.49%  ens=69.13%  (best 69.88 @ ep 17)  [18.2s]
  ep  29: R(t)=0.787  acc1=61.58%  acc2=65.55%  ens=63.57%  (best 69.88 @ ep 17)  [17.8s]
  ep  30: R(t)=0.787  acc1=72.78%  acc2=67.18%  ens=69.98%  (best 69.98 @ ep 30)  [27.9s]  [sel1+2: prec=0.875, recall_clean=0.924]
  ep  31: R(t)=0.787  acc1=72.65%  acc2=69.27%  ens=70.96%  (best 70.96 @ ep 31)  [18.4s]
  ep  32: R(t)=0.787  acc1=66.32%  acc2=69.39%  ens=67.86%  (best 70.96 @ ep 31)  [18.5s]
  ep  33: R(t)=0.787  acc1=65.33%  acc2=63.27%  ens=64.30%  (best 70.96 @ ep 31)  [11.2s]
  ep  34: R(t)=0.787  acc1=72.10%  acc2=68.75%  ens=70.43%  (best 70.96 @ ep 31)  [6.6s]
  ep  35: R(t)=0.787  acc1=71.50%  acc2=73.41%  ens=72.45%  (best 72.45 @ ep 35)  [6.2s]
  ep  36: R(t)=0.787  acc1=68.61%  acc2=71.92%  ens=70.27%  (best 72.45 @ ep 35)  [6.6s]
  ep  37: R(t)=0.787  acc1=73.95%  acc2=64.55%  ens=69.25%  (best 72.45 @ ep 35)  [6.7s]
  ep  38: R(t)=0.787  acc1=64.57%  acc2=72.47%  ens=68.52%  (best 72.45 @ ep 35)  [6.6s]
  ep  39: R(t)=0.787  acc1=59.83%  acc2=69.60%  ens=64.72%  (best 72.45 @ ep 35)  [6.3s]
  ep  40: R(t)=0.787  acc1=70.79%  acc2=58.95%  ens=64.87%  (best 72.45 @ ep 35)  [6.6s]
  ep  41: R(t)=0.787  acc1=73.81%  acc2=72.15%  ens=72.98%  (best 72.98 @ ep 41)  [6.6s]
  ep  42: R(t)=0.787  acc1=69.69%  acc2=72.85%  ens=71.27%  (best 72.98 @ ep 41)  [7.1s]
  ep  43: R(t)=0.787  acc1=67.36%  acc2=72.33%  ens=69.84%  (best 72.98 @ ep 41)  [17.1s]
  ep  44: R(t)=0.787  acc1=70.02%  acc2=75.93%  ens=72.97%  (best 72.98 @ ep 41)  [19.2s]
  ep  45: R(t)=0.787  acc1=75.99%  acc2=69.96%  ens=72.97%  (best 72.98 @ ep 41)  [18.9s]
  ep  46: R(t)=0.787  acc1=75.93%  acc2=73.10%  ens=74.52%  (best 74.52 @ ep 46)  [14.5s]
  ep  47: R(t)=0.787  acc1=75.00%  acc2=71.13%  ens=73.06%  (best 74.52 @ ep 46)  [6.7s]
  ep  48: R(t)=0.787  acc1=77.20%  acc2=70.77%  ens=73.98%  (best 74.52 @ ep 46)  [6.5s]
  ep  49: R(t)=0.787  acc1=69.11%  acc2=70.74%  ens=69.92%  (best 74.52 @ ep 46)  [6.5s]
  ep  50: R(t)=0.787  acc1=69.91%  acc2=74.67%  ens=72.29%  (best 74.52 @ ep 46)  [10.0s]  [sel1+2: prec=0.888, recall_clean=0.932]
  ep  51: R(t)=0.787  acc1=74.51%  acc2=74.94%  ens=74.72%  (best 74.72 @ ep 51)  [6.9s]
  ep  52: R(t)=0.787  acc1=72.66%  acc2=70.23%  ens=71.45%  (best 74.72 @ ep 51)  [6.7s]
  ep  53: R(t)=0.787  acc1=74.70%  acc2=77.31%  ens=76.00%  (best 76.00 @ ep 53)  [6.4s]
  ep  54: R(t)=0.787  acc1=74.50%  acc2=71.84%  ens=73.17%  (best 76.00 @ ep 53)  [6.8s]
  ep  55: R(t)=0.787  acc1=75.48%  acc2=73.06%  ens=74.27%  (best 76.00 @ ep 53)  [9.6s]
  ep  56: R(t)=0.787  acc1=71.05%  acc2=75.95%  ens=73.50%  (best 76.00 @ ep 53)  [6.6s]
  ep  57: R(t)=0.787  acc1=77.73%  acc2=78.63%  ens=78.18%  (best 78.18 @ ep 57)  [6.3s]
  ep  58: R(t)=0.787  acc1=77.40%  acc2=73.87%  ens=75.64%  (best 78.18 @ ep 57)  [6.8s]
  ep  59: R(t)=0.787  acc1=74.94%  acc2=77.52%  ens=76.23%  (best 78.18 @ ep 57)  [6.8s]
  ep  60: R(t)=0.787  acc1=69.89%  acc2=75.47%  ens=72.68%  (best 78.18 @ ep 57)  [6.6s]
  ep  61: R(t)=0.787  acc1=77.20%  acc2=72.61%  ens=74.91%  (best 78.18 @ ep 57)  [6.4s]
  ep  62: R(t)=0.787  acc1=79.40%  acc2=77.40%  ens=78.40%  (best 78.40 @ ep 62)  [6.2s]
  ep  63: R(t)=0.787  acc1=75.42%  acc2=78.04%  ens=76.73%  (best 78.40 @ ep 62)  [6.6s]
  ep  64: R(t)=0.787  acc1=78.65%  acc2=78.28%  ens=78.47%  (best 78.47 @ ep 64)  [6.5s]
  ep  65: R(t)=0.787  acc1=78.32%  acc2=77.98%  ens=78.15%  (best 78.47 @ ep 64)  [17.3s]
  ep  66: R(t)=0.787  acc1=76.58%  acc2=78.85%  ens=77.72%  (best 78.47 @ ep 64)  [14.1s]
  ep  67: R(t)=0.787  acc1=79.06%  acc2=78.86%  ens=78.96%  (best 78.96 @ ep 67)  [6.4s]
  ep  68: R(t)=0.787  acc1=77.38%  acc2=74.83%  ens=76.11%  (best 78.96 @ ep 67)  [6.7s]
  ep  69: R(t)=0.787  acc1=76.24%  acc2=77.60%  ens=76.92%  (best 78.96 @ ep 67)  [6.3s]
  ep  70: R(t)=0.787  acc1=80.74%  acc2=77.84%  ens=79.29%  (best 79.29 @ ep 70)  [6.5s]
  ep  71: R(t)=0.787  acc1=80.12%  acc2=79.21%  ens=79.67%  (best 79.67 @ ep 71)  [6.6s]
  ep  72: R(t)=0.787  acc1=76.43%  acc2=79.59%  ens=78.01%  (best 79.67 @ ep 71)  [6.3s]
  ep  73: R(t)=0.787  acc1=78.71%  acc2=80.73%  ens=79.72%  (best 79.72 @ ep 73)  [6.7s]
  ep  74: R(t)=0.787  acc1=79.99%  acc2=78.59%  ens=79.29%  (best 79.72 @ ep 73)  [6.3s]
  ep  75: R(t)=0.787  acc1=80.17%  acc2=79.17%  ens=79.67%  (best 79.72 @ ep 73)  [12.5s]  [sel1+2: prec=0.901, recall_clean=0.936]
  ep  76: R(t)=0.787  acc1=80.08%  acc2=80.27%  ens=80.17%  (best 80.17 @ ep 76)  [18.3s]
  ep  77: R(t)=0.787  acc1=79.71%  acc2=80.60%  ens=80.16%  (best 80.17 @ ep 76)  [17.6s]
  ep  78: R(t)=0.787  acc1=79.99%  acc2=80.19%  ens=80.09%  (best 80.17 @ ep 76)  [16.9s]
  ep  79: R(t)=0.787  acc1=81.21%  acc2=81.15%  ens=81.18%  (best 81.18 @ ep 79)  [6.5s]
  ep  80: R(t)=0.787  acc1=81.60%  acc2=81.62%  ens=81.61%  (best 81.61 @ ep 80)  [6.9s]
  ep  81: R(t)=0.787  acc1=79.86%  acc2=80.98%  ens=80.42%  (best 81.61 @ ep 80)  [6.6s]
  ep  82: R(t)=0.787  acc1=81.13%  acc2=80.62%  ens=80.88%  (best 81.61 @ ep 80)  [6.7s]
  ep  83: R(t)=0.787  acc1=80.32%  acc2=80.14%  ens=80.23%  (best 81.61 @ ep 80)  [6.6s]
  ep  84: R(t)=0.787  acc1=82.33%  acc2=81.38%  ens=81.86%  (best 81.86 @ ep 84)  [6.5s]
  ep  85: R(t)=0.787  acc1=81.84%  acc2=81.96%  ens=81.90%  (best 81.90 @ ep 85)  [6.5s]
  ep  86: R(t)=0.787  acc1=81.82%  acc2=81.75%  ens=81.78%  (best 81.90 @ ep 85)  [6.6s]
  ep  87: R(t)=0.787  acc1=82.28%  acc2=81.83%  ens=82.06%  (best 82.06 @ ep 87)  [6.3s]
  ep  88: R(t)=0.787  acc1=81.76%  acc2=81.86%  ens=81.81%  (best 82.06 @ ep 87)  [14.6s]
  ep  89: R(t)=0.787  acc1=82.24%  acc2=81.92%  ens=82.08%  (best 82.08 @ ep 89)  [17.4s]
  ep  90: R(t)=0.787  acc1=81.92%  acc2=82.05%  ens=81.98%  (best 82.08 @ ep 89)  [17.5s]
  ep  91: R(t)=0.787  acc1=82.25%  acc2=81.99%  ens=82.12%  (best 82.12 @ ep 91)  [19.6s]
  ep  92: R(t)=0.787  acc1=81.87%  acc2=81.94%  ens=81.91%  (best 82.12 @ ep 91)  [16.9s]
  ep  93: R(t)=0.787  acc1=82.48%  acc2=82.17%  ens=82.33%  (best 82.33 @ ep 93)  [17.0s]
  ep  94: R(t)=0.787  acc1=82.30%  acc2=81.98%  ens=82.14%  (best 82.33 @ ep 93)  [17.3s]
  ep  95: R(t)=0.787  acc1=82.39%  acc2=82.29%  ens=82.34%  (best 82.34 @ ep 95)  [17.2s]
  ep  96: R(t)=0.787  acc1=82.47%  acc2=82.41%  ens=82.44%  (best 82.44 @ ep 96)  [16.8s]
  ep  97: R(t)=0.787  acc1=82.12%  acc2=82.03%  ens=82.08%  (best 82.44 @ ep 96)  [17.1s]
  ep  98: R(t)=0.787  acc1=82.42%  acc2=82.36%  ens=82.39%  (best 82.44 @ ep 96)  [18.0s]
  ep  99: R(t)=0.787  acc1=82.28%  acc2=82.21%  ens=82.25%  (best 82.44 @ ep 96)  [20.1s]  [sel1+2: prec=0.908, recall_clean=0.931]

saved /path/to/ciln-workspace/journal_edition/robustness_transfer/results_v4/coteaching/ours_v2_clean__gaussian_noise_sev1__seed0.json: best ens-acc 82.44% @ ep 96
