condition=ours_v2_clean__contrast_sev5 seed=1 gpu=1
/path/to/ciln-workspace/venv/lib/python3.12/site-packages/torchvision/datasets/cifar.py:83: VisibleDeprecationWarning: dtype(): align should be passed as Python or NumPy boolean but got `align=0`. Did you mean to pass a tuple to create a subarray type? (Deprecated NumPy 2.4)
  entry = pickle.load(f, encoding="latin1")
image_source=clean  N=22500  noise_rate=47.51%
  ep   0: R(t)=1.000  acc1=28.59%  acc2=27.43%  ens=28.01%  (best 28.01 @ ep 0)  [7.6s]
  ep   1: R(t)=0.850  acc1=27.42%  acc2=25.70%  ens=26.56%  (best 28.01 @ ep 0)  [6.6s]
  ep   2: R(t)=0.788  acc1=28.45%  acc2=30.10%  ens=29.27%  (best 29.27 @ ep 2)  [6.4s]
  ep   3: R(t)=0.740  acc1=32.64%  acc2=32.93%  ens=32.78%  (best 32.78 @ ep 3)  [6.5s]
  ep   4: R(t)=0.700  acc1=32.22%  acc2=32.36%  ens=32.29%  (best 32.78 @ ep 3)  [6.6s]
  ep   5: R(t)=0.664  acc1=28.14%  acc2=30.63%  ens=29.39%  (best 32.78 @ ep 3)  [10.0s]  [sel1+2: prec=0.512, recall_clean=0.672]
  ep   6: R(t)=0.632  acc1=32.05%  acc2=36.96%  ens=34.50%  (best 34.50 @ ep 6)  [6.5s]
  ep   7: R(t)=0.603  acc1=35.59%  acc2=31.51%  ens=33.55%  (best 34.50 @ ep 6)  [6.5s]
  ep   8: R(t)=0.575  acc1=26.51%  acc2=23.41%  ens=24.96%  (best 34.50 @ ep 6)  [11.0s]
  ep   9: R(t)=0.549  acc1=33.12%  acc2=31.44%  ens=32.28%  (best 34.50 @ ep 6)  [14.8s]
  ep  10: R(t)=0.525  acc1=30.47%  acc2=33.03%  ens=31.75%  (best 34.50 @ ep 6)  [10.3s]  [sel1+2: prec=0.519, recall_clean=0.547]
  ep  11: R(t)=0.525  acc1=33.23%  acc2=26.77%  ens=30.00%  (best 34.50 @ ep 6)  [6.4s]
  ep  12: R(t)=0.525  acc1=35.71%  acc2=32.27%  ens=33.99%  (best 34.50 @ ep 6)  [6.5s]
  ep  13: R(t)=0.525  acc1=34.21%  acc2=40.62%  ens=37.41%  (best 37.41 @ ep 13)  [6.3s]
  ep  14: R(t)=0.525  acc1=32.92%  acc2=35.04%  ens=33.98%  (best 37.41 @ ep 13)  [6.3s]
  ep  15: R(t)=0.525  acc1=35.17%  acc2=38.07%  ens=36.62%  (best 37.41 @ ep 13)  [6.4s]
  ep  16: R(t)=0.525  acc1=31.25%  acc2=38.15%  ens=34.70%  (best 37.41 @ ep 13)  [6.5s]
  ep  17: R(t)=0.525  acc1=34.49%  acc2=29.99%  ens=32.24%  (best 37.41 @ ep 13)  [6.4s]
  ep  18: R(t)=0.525  acc1=33.99%  acc2=33.61%  ens=33.80%  (best 37.41 @ ep 13)  [9.4s]
  ep  19: R(t)=0.525  acc1=29.55%  acc2=29.42%  ens=29.48%  (best 37.41 @ ep 13)  [18.3s]
  ep  20: R(t)=0.525  acc1=32.65%  acc2=33.70%  ens=33.17%  (best 37.41 @ ep 13)  [25.4s]  [sel1+2: prec=0.529, recall_clean=0.554]
  ep  21: R(t)=0.525  acc1=39.45%  acc2=37.30%  ens=38.38%  (best 38.38 @ ep 21)  [17.1s]
  ep  22: R(t)=0.525  acc1=35.87%  acc2=33.52%  ens=34.70%  (best 38.38 @ ep 21)  [17.3s]
  ep  23: R(t)=0.525  acc1=40.35%  acc2=32.06%  ens=36.20%  (best 38.38 @ ep 21)  [17.7s]
  ep  24: R(t)=0.525  acc1=36.59%  acc2=33.68%  ens=35.13%  (best 38.38 @ ep 21)  [18.5s]
  ep  25: R(t)=0.525  acc1=32.26%  acc2=33.25%  ens=32.76%  (best 38.38 @ ep 21)  [16.7s]
  ep  26: R(t)=0.525  acc1=38.33%  acc2=36.78%  ens=37.55%  (best 38.38 @ ep 21)  [16.5s]
  ep  27: R(t)=0.525  acc1=25.70%  acc2=30.60%  ens=28.15%  (best 38.38 @ ep 21)  [16.6s]
  ep  28: R(t)=0.525  acc1=40.38%  acc2=42.26%  ens=41.32%  (best 41.32 @ ep 28)  [15.7s]
  ep  29: R(t)=0.525  acc1=38.71%  acc2=36.11%  ens=37.41%  (best 41.32 @ ep 28)  [19.1s]
  ep  30: R(t)=0.525  acc1=36.14%  acc2=40.64%  ens=38.39%  (best 41.32 @ ep 28)  [25.7s]  [sel1+2: prec=0.535, recall_clean=0.560]
  ep  31: R(t)=0.525  acc1=34.36%  acc2=35.59%  ens=34.98%  (best 41.32 @ ep 28)  [9.7s]
  ep  32: R(t)=0.525  acc1=38.47%  acc2=38.56%  ens=38.52%  (best 41.32 @ ep 28)  [6.5s]
  ep  33: R(t)=0.525  acc1=39.27%  acc2=39.37%  ens=39.32%  (best 41.32 @ ep 28)  [6.6s]
  ep  34: R(t)=0.525  acc1=37.35%  acc2=33.90%  ens=35.62%  (best 41.32 @ ep 28)  [6.4s]
  ep  35: R(t)=0.525  acc1=37.59%  acc2=35.80%  ens=36.70%  (best 41.32 @ ep 28)  [6.4s]
  ep  36: R(t)=0.525  acc1=33.00%  acc2=34.78%  ens=33.89%  (best 41.32 @ ep 28)  [6.7s]
  ep  37: R(t)=0.525  acc1=38.52%  acc2=36.57%  ens=37.55%  (best 41.32 @ ep 28)  [6.5s]
  ep  38: R(t)=0.525  acc1=36.77%  acc2=36.37%  ens=36.57%  (best 41.32 @ ep 28)  [6.6s]
  ep  39: R(t)=0.525  acc1=37.99%  acc2=40.50%  ens=39.25%  (best 41.32 @ ep 28)  [6.2s]
  ep  40: R(t)=0.525  acc1=41.46%  acc2=41.12%  ens=41.29%  (best 41.32 @ ep 28)  [10.2s]
  ep  41: R(t)=0.525  acc1=40.17%  acc2=41.39%  ens=40.78%  (best 41.32 @ ep 28)  [17.2s]
  ep  42: R(t)=0.525  acc1=41.08%  acc2=40.51%  ens=40.80%  (best 41.32 @ ep 28)  [16.3s]
  ep  43: R(t)=0.525  acc1=38.97%  acc2=39.10%  ens=39.03%  (best 41.32 @ ep 28)  [17.4s]
  ep  44: R(t)=0.525  acc1=39.79%  acc2=39.78%  ens=39.78%  (best 41.32 @ ep 28)  [17.3s]
  ep  45: R(t)=0.525  acc1=33.59%  acc2=40.87%  ens=37.23%  (best 41.32 @ ep 28)  [17.8s]
  ep  46: R(t)=0.525  acc1=41.55%  acc2=40.54%  ens=41.05%  (best 41.32 @ ep 28)  [6.9s]
  ep  47: R(t)=0.525  acc1=32.18%  acc2=41.98%  ens=37.08%  (best 41.32 @ ep 28)  [6.2s]
  ep  48: R(t)=0.525  acc1=37.01%  acc2=36.86%  ens=36.93%  (best 41.32 @ ep 28)  [6.3s]
  ep  49: R(t)=0.525  acc1=38.64%  acc2=36.81%  ens=37.72%  (best 41.32 @ ep 28)  [6.5s]
  ep  50: R(t)=0.525  acc1=37.02%  acc2=39.19%  ens=38.10%  (best 41.32 @ ep 28)  [10.0s]  [sel1+2: prec=0.562, recall_clean=0.586]
  ep  51: R(t)=0.525  acc1=39.05%  acc2=38.08%  ens=38.57%  (best 41.32 @ ep 28)  [6.4s]
  ep  52: R(t)=0.525  acc1=37.99%  acc2=34.44%  ens=36.21%  (best 41.32 @ ep 28)  [6.4s]
  ep  53: R(t)=0.525  acc1=38.99%  acc2=40.65%  ens=39.82%  (best 41.32 @ ep 28)  [6.7s]
  ep  54: R(t)=0.525  acc1=38.85%  acc2=39.24%  ens=39.05%  (best 41.32 @ ep 28)  [6.6s]
  ep  55: R(t)=0.525  acc1=39.83%  acc2=40.14%  ens=39.98%  (best 41.32 @ ep 28)  [16.2s]
  ep  56: R(t)=0.525  acc1=40.45%  acc2=40.86%  ens=40.66%  (best 41.32 @ ep 28)  [16.8s]
  ep  57: R(t)=0.525  acc1=40.55%  acc2=40.64%  ens=40.60%  (best 41.32 @ ep 28)  [19.7s]
  ep  58: R(t)=0.525  acc1=40.89%  acc2=39.97%  ens=40.43%  (best 41.32 @ ep 28)  [17.3s]
  ep  59: R(t)=0.525  acc1=38.75%  acc2=40.01%  ens=39.38%  (best 41.32 @ ep 28)  [18.5s]
  ep  60: R(t)=0.525  acc1=40.93%  acc2=43.10%  ens=42.02%  (best 42.02 @ ep 60)  [16.7s]
  ep  61: R(t)=0.525  acc1=39.97%  acc2=40.60%  ens=40.29%  (best 42.02 @ ep 60)  [16.9s]
  ep  62: R(t)=0.525  acc1=39.87%  acc2=39.15%  ens=39.51%  (best 42.02 @ ep 60)  [16.1s]
  ep  63: R(t)=0.525  acc1=41.36%  acc2=41.20%  ens=41.28%  (best 42.02 @ ep 60)  [6.3s]
  ep  64: R(t)=0.525  acc1=36.63%  acc2=38.52%  ens=37.58%  (best 42.02 @ ep 60)  [6.8s]
  ep  65: R(t)=0.525  acc1=41.82%  acc2=43.07%  ens=42.45%  (best 42.45 @ ep 65)  [6.3s]
  ep  66: R(t)=0.525  acc1=41.33%  acc2=40.66%  ens=41.00%  (best 42.45 @ ep 65)  [6.6s]
  ep  67: R(t)=0.525  acc1=43.99%  acc2=43.19%  ens=43.59%  (best 43.59 @ ep 67)  [6.6s]
  ep  68: R(t)=0.525  acc1=43.88%  acc2=42.32%  ens=43.10%  (best 43.59 @ ep 67)  [6.5s]
  ep  69: R(t)=0.525  acc1=44.35%  acc2=44.92%  ens=44.64%  (best 44.64 @ ep 69)  [6.4s]
  ep  70: R(t)=0.525  acc1=40.18%  acc2=39.94%  ens=40.06%  (best 44.64 @ ep 69)  [6.5s]
  ep  71: R(t)=0.525  acc1=40.22%  acc2=40.75%  ens=40.48%  (best 44.64 @ ep 69)  [6.3s]
  ep  72: R(t)=0.525  acc1=42.77%  acc2=44.55%  ens=43.66%  (best 44.64 @ ep 69)  [15.3s]
  ep  73: R(t)=0.525  acc1=41.00%  acc2=40.75%  ens=40.87%  (best 44.64 @ ep 69)  [18.8s]
  ep  74: R(t)=0.525  acc1=42.22%  acc2=42.78%  ens=42.50%  (best 44.64 @ ep 69)  [17.5s]
  ep  75: R(t)=0.525  acc1=41.28%  acc2=41.50%  ens=41.39%  (best 44.64 @ ep 69)  [13.5s]  [sel1+2: prec=0.582, recall_clean=0.601]
  ep  76: R(t)=0.525  acc1=43.82%  acc2=43.34%  ens=43.58%  (best 44.64 @ ep 69)  [6.4s]
  ep  77: R(t)=0.525  acc1=42.99%  acc2=43.28%  ens=43.13%  (best 44.64 @ ep 69)  [6.5s]
  ep  78: R(t)=0.525  acc1=44.31%  acc2=44.33%  ens=44.32%  (best 44.64 @ ep 69)  [6.8s]
  ep  79: R(t)=0.525  acc1=40.88%  acc2=41.07%  ens=40.98%  (best 44.64 @ ep 69)  [6.4s]
  ep  80: R(t)=0.525  acc1=44.01%  acc2=44.96%  ens=44.48%  (best 44.64 @ ep 69)  [6.4s]
  ep  81: R(t)=0.525  acc1=43.17%  acc2=43.80%  ens=43.48%  (best 44.64 @ ep 69)  [6.6s]
  ep  82: R(t)=0.525  acc1=45.88%  acc2=45.77%  ens=45.82%  (best 45.82 @ ep 82)  [6.5s]
  ep  83: R(t)=0.525  acc1=42.00%  acc2=43.30%  ens=42.65%  (best 45.82 @ ep 82)  [6.4s]
  ep  84: R(t)=0.525  acc1=43.71%  acc2=43.44%  ens=43.57%  (best 45.82 @ ep 82)  [11.1s]
  ep  85: R(t)=0.525  acc1=41.71%  acc2=43.36%  ens=42.54%  (best 45.82 @ ep 82)  [17.3s]
  ep  86: R(t)=0.525  acc1=43.77%  acc2=43.34%  ens=43.55%  (best 45.82 @ ep 82)  [16.4s]
  ep  87: R(t)=0.525  acc1=43.60%  acc2=43.89%  ens=43.74%  (best 45.82 @ ep 82)  [16.8s]
  ep  88: R(t)=0.525  acc1=45.05%  acc2=44.46%  ens=44.76%  (best 45.82 @ ep 82)  [16.2s]
  ep  89: R(t)=0.525  acc1=43.78%  acc2=43.66%  ens=43.72%  (best 45.82 @ ep 82)  [17.4s]
  ep  90: R(t)=0.525  acc1=44.66%  acc2=44.26%  ens=44.46%  (best 45.82 @ ep 82)  [16.5s]
  ep  91: R(t)=0.525  acc1=44.26%  acc2=44.48%  ens=44.37%  (best 45.82 @ ep 82)  [17.1s]
  ep  92: R(t)=0.525  acc1=44.15%  acc2=44.27%  ens=44.21%  (best 45.82 @ ep 82)  [17.6s]
  ep  93: R(t)=0.525  acc1=44.47%  acc2=44.93%  ens=44.70%  (best 45.82 @ ep 82)  [17.2s]
  ep  94: R(t)=0.525  acc1=43.47%  acc2=43.93%  ens=43.70%  (best 45.82 @ ep 82)  [17.2s]
  ep  95: R(t)=0.525  acc1=43.74%  acc2=44.36%  ens=44.05%  (best 45.82 @ ep 82)  [16.2s]
  ep  96: R(t)=0.525  acc1=43.82%  acc2=44.65%  ens=44.23%  (best 45.82 @ ep 82)  [18.8s]
  ep  97: R(t)=0.525  acc1=44.09%  acc2=44.52%  ens=44.30%  (best 45.82 @ ep 82)  [16.6s]
  ep  98: R(t)=0.525  acc1=43.60%  acc2=44.05%  ens=43.83%  (best 45.82 @ ep 82)  [16.8s]
  ep  99: R(t)=0.525  acc1=44.47%  acc2=44.96%  ens=44.71%  (best 45.82 @ ep 82)  [9.9s]  [sel1+2: prec=0.581, recall_clean=0.591]

saved /path/to/ciln-workspace/journal_edition/robustness_transfer/results_v4/coteaching/ours_v2_clean__contrast_sev5__seed1.json: best ens-acc 45.82% @ ep 82
