condition=ours_v2_clean__frost_sev1 seed=0 gpu=1
/path/to/ciln-workspace/venv/lib/python3.12/site-packages/torchvision/datasets/cifar.py:83: VisibleDeprecationWarning: dtype(): align should be passed as Python or NumPy boolean but got `align=0`. Did you mean to pass a tuple to create a subarray type? (Deprecated NumPy 2.4)
  entry = pickle.load(f, encoding="latin1")
image_source=clean  N=22500  noise_rate=10.16%
  ep   0: R(t)=1.000  acc1=27.75%  acc2=34.27%  ens=31.01%  (best 31.01 @ ep 0)  [13.2s]
  ep   1: R(t)=0.968  acc1=37.78%  acc2=43.64%  ens=40.71%  (best 40.71 @ ep 1)  [18.8s]
  ep   2: R(t)=0.955  acc1=49.62%  acc2=48.51%  ens=49.06%  (best 49.06 @ ep 2)  [18.7s]
  ep   3: R(t)=0.944  acc1=42.61%  acc2=54.26%  ens=48.43%  (best 49.06 @ ep 2)  [20.4s]
  ep   4: R(t)=0.936  acc1=57.72%  acc2=59.12%  ens=58.42%  (best 58.42 @ ep 4)  [19.8s]
  ep   5: R(t)=0.928  acc1=54.18%  acc2=54.69%  ens=54.44%  (best 58.42 @ ep 4)  [30.0s]  [sel1+2: prec=0.911, recall_clean=0.965]
  ep   6: R(t)=0.921  acc1=57.66%  acc2=55.90%  ens=56.78%  (best 58.42 @ ep 4)  [20.1s]
  ep   7: R(t)=0.915  acc1=62.54%  acc2=62.08%  ens=62.31%  (best 62.31 @ ep 7)  [18.8s]
  ep   8: R(t)=0.909  acc1=63.27%  acc2=55.83%  ens=59.55%  (best 62.31 @ ep 7)  [22.5s]
  ep   9: R(t)=0.904  acc1=58.90%  acc2=63.89%  ens=61.39%  (best 62.31 @ ep 7)  [21.4s]
  ep  10: R(t)=0.898  acc1=64.43%  acc2=58.79%  ens=61.61%  (best 62.31 @ ep 7)  [32.1s]  [sel1+2: prec=0.922, recall_clean=0.953]
  ep  11: R(t)=0.898  acc1=66.81%  acc2=70.17%  ens=68.49%  (best 68.49 @ ep 11)  [19.0s]
  ep  12: R(t)=0.898  acc1=71.44%  acc2=68.17%  ens=69.81%  (best 69.81 @ ep 12)  [18.6s]
  ep  13: R(t)=0.898  acc1=66.93%  acc2=72.23%  ens=69.58%  (best 69.81 @ ep 12)  [19.3s]
  ep  14: R(t)=0.898  acc1=71.98%  acc2=72.73%  ens=72.35%  (best 72.35 @ ep 14)  [22.9s]
  ep  15: R(t)=0.898  acc1=72.27%  acc2=67.83%  ens=70.05%  (best 72.35 @ ep 14)  [21.7s]
  ep  16: R(t)=0.898  acc1=72.15%  acc2=71.93%  ens=72.04%  (best 72.35 @ ep 14)  [22.1s]
  ep  17: R(t)=0.898  acc1=74.28%  acc2=75.71%  ens=75.00%  (best 75.00 @ ep 17)  [20.7s]
  ep  18: R(t)=0.898  acc1=72.51%  acc2=74.28%  ens=73.39%  (best 75.00 @ ep 17)  [18.9s]
  ep  19: R(t)=0.898  acc1=75.40%  acc2=73.53%  ens=74.47%  (best 75.00 @ ep 17)  [20.2s]
  ep  20: R(t)=0.898  acc1=72.67%  acc2=74.99%  ens=73.83%  (best 75.00 @ ep 17)  [31.4s]  [sel1+2: prec=0.926, recall_clean=0.957]
  ep  21: R(t)=0.898  acc1=67.96%  acc2=68.58%  ens=68.27%  (best 75.00 @ ep 17)  [20.1s]
  ep  22: R(t)=0.898  acc1=74.35%  acc2=65.74%  ens=70.05%  (best 75.00 @ ep 17)  [20.2s]
  ep  23: R(t)=0.898  acc1=70.13%  acc2=68.86%  ens=69.49%  (best 75.00 @ ep 17)  [21.8s]
  ep  24: R(t)=0.898  acc1=70.41%  acc2=71.44%  ens=70.92%  (best 75.00 @ ep 17)  [18.1s]
  ep  25: R(t)=0.898  acc1=73.64%  acc2=75.26%  ens=74.45%  (best 75.00 @ ep 17)  [20.1s]
  ep  26: R(t)=0.898  acc1=77.59%  acc2=71.74%  ens=74.67%  (best 75.00 @ ep 17)  [19.1s]
  ep  27: R(t)=0.898  acc1=75.37%  acc2=75.97%  ens=75.67%  (best 75.67 @ ep 27)  [11.6s]
  ep  28: R(t)=0.898  acc1=72.59%  acc2=73.73%  ens=73.16%  (best 75.67 @ ep 27)  [6.5s]
  ep  29: R(t)=0.898  acc1=75.51%  acc2=70.79%  ens=73.15%  (best 75.67 @ ep 27)  [6.6s]
  ep  30: R(t)=0.898  acc1=76.40%  acc2=76.16%  ens=76.28%  (best 76.28 @ ep 30)  [10.0s]  [sel1+2: prec=0.928, recall_clean=0.959]
  ep  31: R(t)=0.898  acc1=76.56%  acc2=77.37%  ens=76.96%  (best 76.96 @ ep 31)  [6.4s]
  ep  32: R(t)=0.898  acc1=78.70%  acc2=74.59%  ens=76.65%  (best 76.96 @ ep 31)  [6.8s]
  ep  33: R(t)=0.898  acc1=76.00%  acc2=72.79%  ens=74.39%  (best 76.96 @ ep 31)  [6.7s]
  ep  34: R(t)=0.898  acc1=76.96%  acc2=68.43%  ens=72.69%  (best 76.96 @ ep 31)  [6.4s]
  ep  35: R(t)=0.898  acc1=77.38%  acc2=74.34%  ens=75.86%  (best 76.96 @ ep 31)  [6.5s]
  ep  36: R(t)=0.898  acc1=76.28%  acc2=78.23%  ens=77.26%  (best 77.26 @ ep 36)  [15.9s]
  ep  37: R(t)=0.898  acc1=75.42%  acc2=73.83%  ens=74.62%  (best 77.26 @ ep 36)  [19.5s]
  ep  38: R(t)=0.898  acc1=77.08%  acc2=75.65%  ens=76.36%  (best 77.26 @ ep 36)  [19.4s]
  ep  39: R(t)=0.898  acc1=75.37%  acc2=77.11%  ens=76.24%  (best 77.26 @ ep 36)  [18.4s]
  ep  40: R(t)=0.898  acc1=76.25%  acc2=78.39%  ens=77.32%  (best 77.32 @ ep 40)  [18.6s]
  ep  41: R(t)=0.898  acc1=77.88%  acc2=73.67%  ens=75.78%  (best 77.32 @ ep 40)  [18.0s]
  ep  42: R(t)=0.898  acc1=77.38%  acc2=78.22%  ens=77.80%  (best 77.80 @ ep 42)  [19.8s]
  ep  43: R(t)=0.898  acc1=77.93%  acc2=78.15%  ens=78.04%  (best 78.04 @ ep 43)  [20.3s]
  ep  44: R(t)=0.898  acc1=77.74%  acc2=77.66%  ens=77.70%  (best 78.04 @ ep 43)  [6.3s]
  ep  45: R(t)=0.898  acc1=74.25%  acc2=79.03%  ens=76.64%  (best 78.04 @ ep 43)  [6.5s]
  ep  46: R(t)=0.898  acc1=80.36%  acc2=80.20%  ens=80.28%  (best 80.28 @ ep 46)  [6.6s]
  ep  47: R(t)=0.898  acc1=78.48%  acc2=81.96%  ens=80.22%  (best 80.28 @ ep 46)  [6.1s]
  ep  48: R(t)=0.898  acc1=76.66%  acc2=76.05%  ens=76.35%  (best 80.28 @ ep 46)  [6.7s]
  ep  49: R(t)=0.898  acc1=76.43%  acc2=77.83%  ens=77.13%  (best 80.28 @ ep 46)  [6.4s]
  ep  50: R(t)=0.898  acc1=77.91%  acc2=78.92%  ens=78.42%  (best 80.28 @ ep 46)  [10.2s]  [sel1+2: prec=0.933, recall_clean=0.964]
  ep  51: R(t)=0.898  acc1=81.76%  acc2=80.65%  ens=81.20%  (best 81.20 @ ep 51)  [6.6s]
  ep  52: R(t)=0.898  acc1=81.00%  acc2=79.93%  ens=80.47%  (best 81.20 @ ep 51)  [8.2s]
  ep  53: R(t)=0.898  acc1=79.58%  acc2=79.11%  ens=79.34%  (best 81.20 @ ep 51)  [19.6s]
  ep  54: R(t)=0.898  acc1=79.49%  acc2=79.38%  ens=79.44%  (best 81.20 @ ep 51)  [21.8s]
  ep  55: R(t)=0.898  acc1=79.53%  acc2=81.52%  ens=80.53%  (best 81.20 @ ep 51)  [17.1s]
  ep  56: R(t)=0.898  acc1=79.61%  acc2=80.27%  ens=79.94%  (best 81.20 @ ep 51)  [6.4s]
  ep  57: R(t)=0.898  acc1=81.75%  acc2=79.02%  ens=80.38%  (best 81.20 @ ep 51)  [6.4s]
  ep  58: R(t)=0.898  acc1=81.70%  acc2=83.12%  ens=82.41%  (best 82.41 @ ep 58)  [6.6s]
  ep  59: R(t)=0.898  acc1=80.02%  acc2=80.99%  ens=80.51%  (best 82.41 @ ep 58)  [6.6s]
  ep  60: R(t)=0.898  acc1=81.94%  acc2=81.41%  ens=81.68%  (best 82.41 @ ep 58)  [6.5s]
  ep  61: R(t)=0.898  acc1=80.58%  acc2=80.07%  ens=80.33%  (best 82.41 @ ep 58)  [6.4s]
  ep  62: R(t)=0.898  acc1=83.34%  acc2=83.22%  ens=83.28%  (best 83.28 @ ep 62)  [6.2s]
  ep  63: R(t)=0.898  acc1=81.59%  acc2=81.22%  ens=81.41%  (best 83.28 @ ep 62)  [6.5s]
  ep  64: R(t)=0.898  acc1=81.29%  acc2=81.47%  ens=81.38%  (best 83.28 @ ep 62)  [6.3s]
  ep  65: R(t)=0.898  acc1=80.94%  acc2=81.07%  ens=81.00%  (best 83.28 @ ep 62)  [14.0s]
  ep  66: R(t)=0.898  acc1=81.28%  acc2=81.79%  ens=81.53%  (best 83.28 @ ep 62)  [19.9s]
  ep  67: R(t)=0.898  acc1=82.58%  acc2=82.23%  ens=82.41%  (best 83.28 @ ep 62)  [22.5s]
  ep  68: R(t)=0.898  acc1=82.49%  acc2=81.43%  ens=81.96%  (best 83.28 @ ep 62)  [21.8s]
  ep  69: R(t)=0.898  acc1=83.78%  acc2=82.50%  ens=83.14%  (best 83.28 @ ep 62)  [17.8s]
  ep  70: R(t)=0.898  acc1=82.82%  acc2=83.15%  ens=82.98%  (best 83.28 @ ep 62)  [6.5s]
  ep  71: R(t)=0.898  acc1=84.30%  acc2=82.98%  ens=83.64%  (best 83.64 @ ep 71)  [6.4s]
  ep  72: R(t)=0.898  acc1=82.63%  acc2=83.89%  ens=83.26%  (best 83.64 @ ep 71)  [6.8s]
  ep  73: R(t)=0.898  acc1=84.48%  acc2=84.64%  ens=84.56%  (best 84.56 @ ep 73)  [6.5s]
  ep  74: R(t)=0.898  acc1=84.06%  acc2=83.90%  ens=83.98%  (best 84.56 @ ep 73)  [6.3s]
  ep  75: R(t)=0.898  acc1=84.26%  acc2=85.09%  ens=84.67%  (best 84.67 @ ep 75)  [10.1s]  [sel1+2: prec=0.939, recall_clean=0.964]
  ep  76: R(t)=0.898  acc1=84.92%  acc2=85.54%  ens=85.23%  (best 85.23 @ ep 76)  [6.3s]
  ep  77: R(t)=0.898  acc1=84.92%  acc2=85.48%  ens=85.20%  (best 85.23 @ ep 76)  [6.4s]
  ep  78: R(t)=0.898  acc1=85.12%  acc2=85.30%  ens=85.21%  (best 85.23 @ ep 76)  [6.4s]
  ep  79: R(t)=0.898  acc1=85.23%  acc2=85.10%  ens=85.17%  (best 85.23 @ ep 76)  [20.6s]
  ep  80: R(t)=0.898  acc1=85.84%  acc2=85.89%  ens=85.87%  (best 85.87 @ ep 80)  [14.7s]
  ep  81: R(t)=0.898  acc1=85.58%  acc2=85.56%  ens=85.57%  (best 85.87 @ ep 80)  [6.8s]
  ep  82: R(t)=0.898  acc1=85.87%  acc2=86.04%  ens=85.95%  (best 85.95 @ ep 82)  [6.7s]
  ep  83: R(t)=0.898  acc1=86.37%  acc2=85.78%  ens=86.08%  (best 86.08 @ ep 83)  [6.3s]
  ep  84: R(t)=0.898  acc1=86.03%  acc2=86.22%  ens=86.12%  (best 86.12 @ ep 84)  [6.6s]
  ep  85: R(t)=0.898  acc1=86.28%  acc2=86.15%  ens=86.22%  (best 86.22 @ ep 85)  [6.6s]
  ep  86: R(t)=0.898  acc1=86.38%  acc2=86.02%  ens=86.20%  (best 86.22 @ ep 85)  [6.5s]
  ep  87: R(t)=0.898  acc1=86.40%  acc2=86.12%  ens=86.26%  (best 86.26 @ ep 87)  [6.4s]
  ep  88: R(t)=0.898  acc1=86.60%  acc2=86.66%  ens=86.63%  (best 86.63 @ ep 88)  [6.5s]
  ep  89: R(t)=0.898  acc1=86.54%  acc2=86.81%  ens=86.67%  (best 86.67 @ ep 89)  [6.4s]
  ep  90: R(t)=0.898  acc1=86.77%  acc2=86.63%  ens=86.70%  (best 86.70 @ ep 90)  [15.4s]
  ep  91: R(t)=0.898  acc1=86.58%  acc2=86.52%  ens=86.55%  (best 86.70 @ ep 90)  [17.8s]
  ep  92: R(t)=0.898  acc1=86.61%  acc2=86.83%  ens=86.72%  (best 86.72 @ ep 92)  [18.3s]
  ep  93: R(t)=0.898  acc1=86.69%  acc2=86.62%  ens=86.65%  (best 86.72 @ ep 92)  [17.2s]
  ep  94: R(t)=0.898  acc1=86.67%  acc2=86.54%  ens=86.61%  (best 86.72 @ ep 92)  [17.7s]
  ep  95: R(t)=0.898  acc1=86.87%  acc2=86.86%  ens=86.87%  (best 86.87 @ ep 95)  [18.2s]
  ep  96: R(t)=0.898  acc1=86.63%  acc2=86.70%  ens=86.66%  (best 86.87 @ ep 95)  [16.9s]
  ep  97: R(t)=0.898  acc1=86.87%  acc2=86.87%  ens=86.87%  (best 86.87 @ ep 97)  [16.4s]
  ep  98: R(t)=0.898  acc1=86.79%  acc2=86.78%  ens=86.78%  (best 86.87 @ ep 97)  [18.5s]
  ep  99: R(t)=0.898  acc1=86.73%  acc2=86.82%  ens=86.78%  (best 86.87 @ ep 97)  [28.6s]  [sel1+2: prec=0.943, recall_clean=0.960]

saved /path/to/ciln-workspace/journal_edition/robustness_transfer/results_v4/coteaching/ours_v2_clean__frost_sev1__seed0.json: best ens-acc 86.87% @ ep 97
