condition=ours_v2_noisy__elastic_transform_sev3 seed=1 gpu=2
/path/to/ciln-workspace/venv/lib/python3.12/site-packages/torchvision/datasets/cifar.py:83: VisibleDeprecationWarning: dtype(): align should be passed as Python or NumPy boolean but got `align=0`. Did you mean to pass a tuple to create a subarray type? (Deprecated NumPy 2.4)
  entry = pickle.load(f, encoding="latin1")
image_source=noisy  N=22500  noise_rate=17.52%
  ep   0: R(t)=1.000  acc1=33.46%  acc2=28.54%  ens=31.00%  (best 31.00 @ ep 0)  [7.5s]
  ep   1: R(t)=0.945  acc1=41.55%  acc2=38.67%  ens=40.11%  (best 40.11 @ ep 1)  [6.7s]
  ep   2: R(t)=0.922  acc1=43.47%  acc2=39.41%  ens=41.44%  (best 41.44 @ ep 2)  [6.5s]
  ep   3: R(t)=0.904  acc1=44.66%  acc2=45.19%  ens=44.93%  (best 44.93 @ ep 3)  [6.4s]
  ep   4: R(t)=0.889  acc1=54.15%  acc2=50.75%  ens=52.45%  (best 52.45 @ ep 4)  [6.6s]
  ep   5: R(t)=0.876  acc1=48.13%  acc2=49.89%  ens=49.01%  (best 52.45 @ ep 4)  [10.4s]  [sel1+2: prec=0.848, recall_clean=0.934]
  ep   6: R(t)=0.864  acc1=54.19%  acc2=46.77%  ens=50.48%  (best 52.45 @ ep 4)  [6.4s]
  ep   7: R(t)=0.853  acc1=54.87%  acc2=58.46%  ens=56.66%  (best 56.66 @ ep 7)  [14.3s]
  ep   8: R(t)=0.843  acc1=62.39%  acc2=61.19%  ens=61.79%  (best 61.79 @ ep 8)  [18.4s]
  ep   9: R(t)=0.834  acc1=65.53%  acc2=59.94%  ens=62.74%  (best 62.74 @ ep 9)  [20.8s]
  ep  10: R(t)=0.825  acc1=61.15%  acc2=54.77%  ens=57.96%  (best 62.74 @ ep 9)  [24.0s]  [sel1+2: prec=0.867, recall_clean=0.913]
  ep  11: R(t)=0.825  acc1=64.96%  acc2=62.65%  ens=63.80%  (best 63.80 @ ep 11)  [7.7s]
  ep  12: R(t)=0.825  acc1=56.84%  acc2=56.56%  ens=56.70%  (best 63.80 @ ep 11)  [6.6s]
  ep  13: R(t)=0.825  acc1=62.47%  acc2=59.30%  ens=60.88%  (best 63.80 @ ep 11)  [6.6s]
  ep  14: R(t)=0.825  acc1=53.62%  acc2=62.35%  ens=57.98%  (best 63.80 @ ep 11)  [6.5s]
  ep  15: R(t)=0.825  acc1=68.20%  acc2=62.82%  ens=65.51%  (best 65.51 @ ep 15)  [6.5s]
  ep  16: R(t)=0.825  acc1=66.45%  acc2=58.16%  ens=62.30%  (best 65.51 @ ep 15)  [6.5s]
  ep  17: R(t)=0.825  acc1=67.99%  acc2=67.50%  ens=67.75%  (best 67.75 @ ep 17)  [6.5s]
  ep  18: R(t)=0.825  acc1=60.91%  acc2=62.21%  ens=61.56%  (best 67.75 @ ep 17)  [6.3s]
  ep  19: R(t)=0.825  acc1=65.23%  acc2=59.30%  ens=62.26%  (best 67.75 @ ep 17)  [6.4s]
  ep  20: R(t)=0.825  acc1=66.54%  acc2=65.64%  ens=66.09%  (best 67.75 @ ep 17)  [15.1s]  [sel1+2: prec=0.878, recall_clean=0.925]
  ep  21: R(t)=0.825  acc1=62.61%  acc2=65.61%  ens=64.11%  (best 67.75 @ ep 17)  [16.7s]
  ep  22: R(t)=0.825  acc1=67.20%  acc2=60.27%  ens=63.74%  (best 67.75 @ ep 17)  [18.2s]
  ep  23: R(t)=0.825  acc1=69.02%  acc2=66.51%  ens=67.77%  (best 67.77 @ ep 23)  [16.9s]
  ep  24: R(t)=0.825  acc1=69.51%  acc2=67.18%  ens=68.34%  (best 68.34 @ ep 24)  [16.2s]
  ep  25: R(t)=0.825  acc1=53.95%  acc2=68.90%  ens=61.42%  (best 68.34 @ ep 24)  [17.3s]
  ep  26: R(t)=0.825  acc1=72.28%  acc2=70.54%  ens=71.41%  (best 71.41 @ ep 26)  [17.6s]
  ep  27: R(t)=0.825  acc1=63.76%  acc2=67.43%  ens=65.59%  (best 71.41 @ ep 26)  [17.3s]
  ep  28: R(t)=0.825  acc1=71.36%  acc2=67.93%  ens=69.64%  (best 71.41 @ ep 26)  [17.1s]
  ep  29: R(t)=0.825  acc1=63.64%  acc2=68.03%  ens=65.83%  (best 71.41 @ ep 26)  [16.8s]
  ep  30: R(t)=0.825  acc1=70.41%  acc2=69.55%  ens=69.98%  (best 71.41 @ ep 26)  [23.5s]  [sel1+2: prec=0.883, recall_clean=0.930]
  ep  31: R(t)=0.825  acc1=67.10%  acc2=73.16%  ens=70.13%  (best 71.41 @ ep 26)  [17.0s]
  ep  32: R(t)=0.825  acc1=69.66%  acc2=74.08%  ens=71.87%  (best 71.87 @ ep 32)  [18.3s]
  ep  33: R(t)=0.825  acc1=73.02%  acc2=69.28%  ens=71.15%  (best 71.87 @ ep 32)  [18.1s]
  ep  34: R(t)=0.825  acc1=71.24%  acc2=68.56%  ens=69.90%  (best 71.87 @ ep 32)  [19.3s]
  ep  35: R(t)=0.825  acc1=70.71%  acc2=65.73%  ens=68.22%  (best 71.87 @ ep 32)  [19.8s]
  ep  36: R(t)=0.825  acc1=75.63%  acc2=72.02%  ens=73.83%  (best 73.83 @ ep 36)  [17.5s]
  ep  37: R(t)=0.825  acc1=72.31%  acc2=70.83%  ens=71.57%  (best 73.83 @ ep 36)  [18.7s]
  ep  38: R(t)=0.825  acc1=61.49%  acc2=72.56%  ens=67.03%  (best 73.83 @ ep 36)  [17.4s]
  ep  39: R(t)=0.825  acc1=71.87%  acc2=67.32%  ens=69.60%  (best 73.83 @ ep 36)  [16.9s]
  ep  40: R(t)=0.825  acc1=73.96%  acc2=76.23%  ens=75.09%  (best 75.09 @ ep 40)  [17.6s]
  ep  41: R(t)=0.825  acc1=69.33%  acc2=73.53%  ens=71.43%  (best 75.09 @ ep 40)  [17.3s]
  ep  42: R(t)=0.825  acc1=69.78%  acc2=74.83%  ens=72.30%  (best 75.09 @ ep 40)  [17.4s]
  ep  43: R(t)=0.825  acc1=74.72%  acc2=68.89%  ens=71.80%  (best 75.09 @ ep 40)  [17.6s]
  ep  44: R(t)=0.825  acc1=73.07%  acc2=72.26%  ens=72.67%  (best 75.09 @ ep 40)  [16.9s]
  ep  45: R(t)=0.825  acc1=76.46%  acc2=68.91%  ens=72.69%  (best 75.09 @ ep 40)  [17.6s]
  ep  46: R(t)=0.825  acc1=67.12%  acc2=67.84%  ens=67.48%  (best 75.09 @ ep 40)  [17.0s]
  ep  47: R(t)=0.825  acc1=70.61%  acc2=67.94%  ens=69.27%  (best 75.09 @ ep 40)  [17.1s]
  ep  48: R(t)=0.825  acc1=70.46%  acc2=70.60%  ens=70.53%  (best 75.09 @ ep 40)  [16.8s]
  ep  49: R(t)=0.825  acc1=74.70%  acc2=76.11%  ens=75.41%  (best 75.41 @ ep 49)  [16.4s]
  ep  50: R(t)=0.825  acc1=76.38%  acc2=76.08%  ens=76.23%  (best 76.23 @ ep 50)  [23.8s]  [sel1+2: prec=0.890, recall_clean=0.935]
  ep  51: R(t)=0.825  acc1=73.91%  acc2=69.67%  ens=71.79%  (best 76.23 @ ep 50)  [18.1s]
  ep  52: R(t)=0.825  acc1=74.25%  acc2=76.12%  ens=75.19%  (best 76.23 @ ep 50)  [18.6s]
  ep  53: R(t)=0.825  acc1=74.28%  acc2=76.19%  ens=75.24%  (best 76.23 @ ep 50)  [18.5s]
  ep  54: R(t)=0.825  acc1=69.39%  acc2=73.48%  ens=71.44%  (best 76.23 @ ep 50)  [17.5s]
  ep  55: R(t)=0.825  acc1=77.27%  acc2=68.12%  ens=72.69%  (best 76.23 @ ep 50)  [18.1s]
  ep  56: R(t)=0.825  acc1=74.97%  acc2=72.32%  ens=73.65%  (best 76.23 @ ep 50)  [17.2s]
  ep  57: R(t)=0.825  acc1=74.64%  acc2=69.06%  ens=71.85%  (best 76.23 @ ep 50)  [17.2s]
  ep  58: R(t)=0.825  acc1=78.44%  acc2=76.24%  ens=77.34%  (best 77.34 @ ep 58)  [18.6s]
  ep  59: R(t)=0.825  acc1=76.80%  acc2=76.71%  ens=76.75%  (best 77.34 @ ep 58)  [17.6s]
  ep  60: R(t)=0.825  acc1=76.01%  acc2=77.80%  ens=76.91%  (best 77.34 @ ep 58)  [17.4s]
  ep  61: R(t)=0.825  acc1=80.18%  acc2=77.36%  ens=78.77%  (best 78.77 @ ep 61)  [16.6s]
  ep  62: R(t)=0.825  acc1=79.37%  acc2=77.21%  ens=78.29%  (best 78.77 @ ep 61)  [17.7s]
  ep  63: R(t)=0.825  acc1=75.70%  acc2=76.34%  ens=76.02%  (best 78.77 @ ep 61)  [17.3s]
  ep  64: R(t)=0.825  acc1=80.12%  acc2=77.87%  ens=78.99%  (best 78.99 @ ep 64)  [6.9s]
  ep  65: R(t)=0.825  acc1=77.91%  acc2=76.99%  ens=77.45%  (best 78.99 @ ep 64)  [6.5s]
  ep  66: R(t)=0.825  acc1=77.69%  acc2=76.22%  ens=76.95%  (best 78.99 @ ep 64)  [6.3s]
  ep  67: R(t)=0.825  acc1=79.33%  acc2=78.63%  ens=78.98%  (best 78.99 @ ep 64)  [6.3s]
  ep  68: R(t)=0.825  acc1=78.08%  acc2=78.20%  ens=78.14%  (best 78.99 @ ep 64)  [6.5s]
  ep  69: R(t)=0.825  acc1=80.18%  acc2=78.38%  ens=79.28%  (best 79.28 @ ep 69)  [6.4s]
  ep  70: R(t)=0.825  acc1=80.34%  acc2=79.51%  ens=79.92%  (best 79.92 @ ep 70)  [6.5s]
  ep  71: R(t)=0.825  acc1=80.49%  acc2=76.39%  ens=78.44%  (best 79.92 @ ep 70)  [6.6s]
  ep  72: R(t)=0.825  acc1=80.72%  acc2=79.49%  ens=80.11%  (best 80.11 @ ep 72)  [6.4s]
  ep  73: R(t)=0.825  acc1=79.58%  acc2=78.81%  ens=79.19%  (best 80.11 @ ep 72)  [9.3s]
  ep  74: R(t)=0.825  acc1=81.07%  acc2=79.11%  ens=80.09%  (best 80.11 @ ep 72)  [6.3s]
  ep  75: R(t)=0.825  acc1=79.38%  acc2=79.65%  ens=79.52%  (best 80.11 @ ep 72)  [9.9s]  [sel1+2: prec=0.900, recall_clean=0.940]
  ep  76: R(t)=0.825  acc1=79.11%  acc2=77.72%  ens=78.42%  (best 80.11 @ ep 72)  [6.2s]
  ep  77: R(t)=0.825  acc1=80.46%  acc2=80.10%  ens=80.28%  (best 80.28 @ ep 77)  [6.5s]
  ep  78: R(t)=0.825  acc1=80.43%  acc2=79.70%  ens=80.07%  (best 80.28 @ ep 77)  [6.5s]
  ep  79: R(t)=0.825  acc1=80.89%  acc2=81.94%  ens=81.41%  (best 81.41 @ ep 79)  [6.2s]
  ep  80: R(t)=0.825  acc1=81.45%  acc2=81.45%  ens=81.45%  (best 81.45 @ ep 80)  [6.8s]
  ep  81: R(t)=0.825  acc1=81.20%  acc2=81.16%  ens=81.18%  (best 81.45 @ ep 80)  [6.5s]
  ep  82: R(t)=0.825  acc1=81.29%  acc2=82.21%  ens=81.75%  (best 81.75 @ ep 82)  [7.4s]
  ep  83: R(t)=0.825  acc1=82.00%  acc2=81.15%  ens=81.58%  (best 81.75 @ ep 82)  [18.6s]
  ep  84: R(t)=0.825  acc1=82.03%  acc2=82.50%  ens=82.27%  (best 82.27 @ ep 84)  [18.6s]
  ep  85: R(t)=0.825  acc1=82.30%  acc2=81.92%  ens=82.11%  (best 82.27 @ ep 84)  [16.5s]
  ep  86: R(t)=0.825  acc1=82.27%  acc2=82.60%  ens=82.43%  (best 82.43 @ ep 86)  [6.3s]
  ep  87: R(t)=0.825  acc1=81.92%  acc2=82.49%  ens=82.20%  (best 82.43 @ ep 86)  [6.4s]
  ep  88: R(t)=0.825  acc1=82.26%  acc2=82.35%  ens=82.31%  (best 82.43 @ ep 86)  [6.3s]
  ep  89: R(t)=0.825  acc1=82.31%  acc2=82.72%  ens=82.52%  (best 82.52 @ ep 89)  [6.4s]
  ep  90: R(t)=0.825  acc1=82.40%  acc2=82.34%  ens=82.37%  (best 82.52 @ ep 89)  [6.2s]
  ep  91: R(t)=0.825  acc1=82.26%  acc2=82.43%  ens=82.34%  (best 82.52 @ ep 89)  [6.4s]
  ep  92: R(t)=0.825  acc1=82.82%  acc2=82.60%  ens=82.71%  (best 82.71 @ ep 92)  [6.3s]
  ep  93: R(t)=0.825  acc1=82.15%  acc2=82.46%  ens=82.31%  (best 82.71 @ ep 92)  [6.6s]
  ep  94: R(t)=0.825  acc1=82.54%  acc2=82.62%  ens=82.58%  (best 82.71 @ ep 92)  [6.5s]
  ep  95: R(t)=0.825  acc1=82.23%  acc2=82.51%  ens=82.37%  (best 82.71 @ ep 92)  [9.2s]
  ep  96: R(t)=0.825  acc1=82.47%  acc2=82.62%  ens=82.55%  (best 82.71 @ ep 92)  [19.9s]
  ep  97: R(t)=0.825  acc1=82.66%  acc2=82.58%  ens=82.62%  (best 82.71 @ ep 92)  [20.1s]
  ep  98: R(t)=0.825  acc1=82.56%  acc2=82.58%  ens=82.57%  (best 82.71 @ ep 92)  [20.9s]
  ep  99: R(t)=0.825  acc1=82.46%  acc2=82.60%  ens=82.53%  (best 82.71 @ ep 92)  [19.2s]  [sel1+2: prec=0.905, recall_clean=0.934]

saved /path/to/ciln-workspace/journal_edition/robustness_transfer/results_v4/coteaching/ours_v2_noisy__elastic_transform_sev3__seed1.json: best ens-acc 82.71% @ ep 92
