condition=ours_v2_noisy__gaussian_noise_sev1 seed=0 gpu=2
/path/to/ciln-workspace/venv/lib/python3.12/site-packages/torchvision/datasets/cifar.py:83: VisibleDeprecationWarning: dtype(): align should be passed as Python or NumPy boolean but got `align=0`. Did you mean to pass a tuple to create a subarray type? (Deprecated NumPy 2.4)
  entry = pickle.load(f, encoding="latin1")
image_source=noisy  N_train=22500  noise_rate=21.27%
  ep   0: acc1=39.55%  acc2=40.12%  ens=39.84%  (best 39.84 @ ep 0)  [8.4s]
  ep   1: acc1=42.85%  acc2=39.09%  ens=40.97%  (best 40.97 @ ep 1)  [7.3s]
  ep   2: acc1=51.28%  acc2=50.48%  ens=50.88%  (best 50.88 @ ep 2)  [7.6s]
  ep   3: acc1=54.30%  acc2=55.07%  ens=54.69%  (best 54.69 @ ep 3)  [7.7s]
  ep   4: acc1=60.03%  acc2=60.41%  ens=60.22%  (best 60.22 @ ep 4)  [7.4s]
  ep   5: acc1=61.27%  acc2=58.51%  ens=59.89%  (best 60.22 @ ep 4)  [15.6s]  [w on clean=0.803, on noisy=0.454]
  ep   6: acc1=57.03%  acc2=60.34%  ens=58.69%  (best 60.22 @ ep 4)  [7.4s]
  ep   7: acc1=66.72%  acc2=63.23%  ens=64.98%  (best 64.98 @ ep 7)  [7.8s]
  ep   8: acc1=66.10%  acc2=65.74%  ens=65.92%  (best 65.92 @ ep 8)  [7.4s]
  ep   9: acc1=66.53%  acc2=63.38%  ens=64.96%  (best 65.92 @ ep 8)  [7.9s]
  ep  10: acc1=41.49%  acc2=34.82%  ens=38.16%  (best 65.92 @ ep 8)  [52.9s]  [w on clean=0.658, on noisy=0.399]
  ep  11: acc1=31.91%  acc2=21.43%  ens=26.67%  (best 65.92 @ ep 8)  [31.5s]
  ep  12: acc1=21.73%  acc2=26.20%  ens=23.96%  (best 65.92 @ ep 8)  [48.9s]
  ep  13: acc1=24.73%  acc2=24.45%  ens=24.59%  (best 65.92 @ ep 8)  [37.4s]
  ep  14: acc1=31.68%  acc2=26.82%  ens=29.25%  (best 65.92 @ ep 8)  [43.9s]
  ep  15: acc1=27.38%  acc2=26.95%  ens=27.16%  (best 65.92 @ ep 8)  [61.9s]
  ep  16: acc1=33.19%  acc2=38.10%  ens=35.64%  (best 65.92 @ ep 8)  [41.3s]
  ep  17: acc1=35.52%  acc2=34.45%  ens=34.98%  (best 65.92 @ ep 8)  [97.2s]
  ep  18: acc1=41.55%  acc2=32.70%  ens=37.12%  (best 65.92 @ ep 8)  [39.6s]
  ep  19: acc1=36.70%  acc2=35.73%  ens=36.21%  (best 65.92 @ ep 8)  [46.0s]
  ep  20: acc1=40.64%  acc2=38.32%  ens=39.48%  (best 65.92 @ ep 8)  [45.7s]  [w on clean=0.832, on noisy=0.816]
  ep  21: acc1=37.26%  acc2=28.27%  ens=32.77%  (best 65.92 @ ep 8)  [39.7s]
  ep  22: acc1=38.04%  acc2=36.38%  ens=37.21%  (best 65.92 @ ep 8)  [41.6s]
  ep  23: acc1=40.05%  acc2=35.50%  ens=37.78%  (best 65.92 @ ep 8)  [46.5s]
  ep  24: acc1=35.45%  acc2=39.12%  ens=37.29%  (best 65.92 @ ep 8)  [39.3s]
  ep  25: acc1=38.80%  acc2=37.99%  ens=38.40%  (best 65.92 @ ep 8)  [71.8s]
  ep  26: acc1=32.20%  acc2=39.03%  ens=35.61%  (best 65.92 @ ep 8)  [45.8s]
  ep  27: acc1=36.47%  acc2=35.34%  ens=35.91%  (best 65.92 @ ep 8)  [117.0s]
  ep  28: acc1=43.28%  acc2=44.86%  ens=44.07%  (best 65.92 @ ep 8)  [60.7s]
  ep  29: acc1=39.77%  acc2=32.82%  ens=36.30%  (best 65.92 @ ep 8)  [39.6s]
  ep  30: acc1=34.74%  acc2=40.08%  ens=37.41%  (best 65.92 @ ep 8)  [103.6s]  [w on clean=0.832, on noisy=0.816]
  ep  31: acc1=34.18%  acc2=38.77%  ens=36.48%  (best 65.92 @ ep 8)  [41.1s]
  ep  32: acc1=43.51%  acc2=43.41%  ens=43.46%  (best 65.92 @ ep 8)  [63.9s]
  ep  33: acc1=41.90%  acc2=40.57%  ens=41.23%  (best 65.92 @ ep 8)  [60.6s]
  ep  34: acc1=42.93%  acc2=43.40%  ens=43.16%  (best 65.92 @ ep 8)  [40.7s]
  ep  35: acc1=40.77%  acc2=34.87%  ens=37.82%  (best 65.92 @ ep 8)  [124.0s]
  ep  36: acc1=37.60%  acc2=39.95%  ens=38.78%  (best 65.92 @ ep 8)  [40.5s]
  ep  37: acc1=38.70%  acc2=46.96%  ens=42.83%  (best 65.92 @ ep 8)  [70.8s]
  ep  38: acc1=44.39%  acc2=42.47%  ens=43.43%  (best 65.92 @ ep 8)  [92.6s]
  ep  39: acc1=41.44%  acc2=43.07%  ens=42.25%  (best 65.92 @ ep 8)  [39.0s]
  ep  40: acc1=40.58%  acc2=42.20%  ens=41.39%  (best 65.92 @ ep 8)  [76.2s]
  ep  41: acc1=38.18%  acc2=40.53%  ens=39.35%  (best 65.92 @ ep 8)  [99.9s]
  ep  42: acc1=43.61%  acc2=40.73%  ens=42.17%  (best 65.92 @ ep 8)  [83.1s]
  ep  43: acc1=44.88%  acc2=43.38%  ens=44.13%  (best 65.92 @ ep 8)  [111.0s]
  ep  44: acc1=42.60%  acc2=40.75%  ens=41.67%  (best 65.92 @ ep 8)  [107.9s]
  ep  45: acc1=42.02%  acc2=41.82%  ens=41.92%  (best 65.92 @ ep 8)  [43.0s]
  ep  46: acc1=37.69%  acc2=43.17%  ens=40.43%  (best 65.92 @ ep 8)  [40.0s]
  ep  47: acc1=41.52%  acc2=41.99%  ens=41.75%  (best 65.92 @ ep 8)  [228.3s]
  ep  48: acc1=43.69%  acc2=42.89%  ens=43.29%  (best 65.92 @ ep 8)  [39.5s]
  ep  49: acc1=47.81%  acc2=44.84%  ens=46.33%  (best 65.92 @ ep 8)  [57.2s]
  ep  50: acc1=43.02%  acc2=43.83%  ens=43.43%  (best 65.92 @ ep 8)  [46.2s]  [w on clean=0.832, on noisy=0.817]
  ep  51: acc1=40.93%  acc2=42.33%  ens=41.63%  (best 65.92 @ ep 8)  [40.9s]
  ep  52: acc1=42.03%  acc2=44.07%  ens=43.05%  (best 65.92 @ ep 8)  [71.5s]
  ep  53: acc1=45.67%  acc2=43.43%  ens=44.55%  (best 65.92 @ ep 8)  [41.9s]
  ep  54: acc1=44.25%  acc2=42.59%  ens=43.42%  (best 65.92 @ ep 8)  [83.3s]
  ep  55: acc1=43.07%  acc2=44.71%  ens=43.89%  (best 65.92 @ ep 8)  [98.8s]
  ep  56: acc1=43.59%  acc2=43.95%  ens=43.77%  (best 65.92 @ ep 8)  [68.3s]
  ep  57: acc1=42.62%  acc2=42.88%  ens=42.75%  (best 65.92 @ ep 8)  [47.2s]
  ep  58: acc1=42.82%  acc2=45.71%  ens=44.27%  (best 65.92 @ ep 8)  [40.9s]
  ep  59: acc1=45.50%  acc2=46.64%  ens=46.07%  (best 65.92 @ ep 8)  [45.1s]
  ep  60: acc1=46.21%  acc2=44.25%  ens=45.23%  (best 65.92 @ ep 8)  [41.4s]
  ep  61: acc1=50.69%  acc2=47.36%  ens=49.02%  (best 65.92 @ ep 8)  [40.4s]
  ep  62: acc1=42.51%  acc2=46.14%  ens=44.32%  (best 65.92 @ ep 8)  [225.0s]
  ep  63: acc1=45.85%  acc2=48.78%  ens=47.32%  (best 65.92 @ ep 8)  [39.4s]
  ep  64: acc1=50.61%  acc2=47.86%  ens=49.23%  (best 65.92 @ ep 8)  [53.0s]
  ep  65: acc1=49.71%  acc2=47.74%  ens=48.72%  (best 65.92 @ ep 8)  [46.7s]
  ep  66: acc1=45.83%  acc2=45.60%  ens=45.72%  (best 65.92 @ ep 8)  [94.6s]
  ep  67: acc1=49.36%  acc2=44.45%  ens=46.90%  (best 65.92 @ ep 8)  [129.1s]
  ep  68: acc1=48.14%  acc2=50.46%  ens=49.30%  (best 65.92 @ ep 8)  [41.9s]
  ep  69: acc1=49.09%  acc2=46.89%  ens=47.99%  (best 65.92 @ ep 8)  [51.9s]
  ep  70: acc1=48.27%  acc2=46.58%  ens=47.42%  (best 65.92 @ ep 8)  [40.3s]
  ep  71: acc1=50.03%  acc2=50.53%  ens=50.28%  (best 65.92 @ ep 8)  [40.8s]
  ep  72: acc1=50.51%  acc2=50.00%  ens=50.26%  (best 65.92 @ ep 8)  [61.2s]
  ep  73: acc1=49.23%  acc2=47.13%  ens=48.18%  (best 65.92 @ ep 8)  [40.8s]
  ep  74: acc1=51.15%  acc2=49.39%  ens=50.27%  (best 65.92 @ ep 8)  [54.5s]
  ep  75: acc1=48.37%  acc2=48.30%  ens=48.34%  (best 65.92 @ ep 8)  [107.1s]  [w on clean=0.832, on noisy=0.817]
  ep  76: acc1=50.32%  acc2=50.35%  ens=50.33%  (best 65.92 @ ep 8)  [40.2s]
  ep  77: acc1=50.41%  acc2=48.53%  ens=49.47%  (best 65.92 @ ep 8)  [81.2s]
  ep  78: acc1=51.40%  acc2=49.18%  ens=50.29%  (best 65.92 @ ep 8)  [46.4s]
  ep  79: acc1=48.99%  acc2=48.48%  ens=48.73%  (best 65.92 @ ep 8)  [88.9s]
  ep  80: acc1=49.34%  acc2=48.76%  ens=49.05%  (best 65.92 @ ep 8)  [175.3s]
  ep  81: acc1=49.78%  acc2=48.49%  ens=49.13%  (best 65.92 @ ep 8)  [47.4s]
  ep  82: acc1=48.60%  acc2=48.31%  ens=48.45%  (best 65.92 @ ep 8)  [49.2s]
  ep  83: acc1=50.94%  acc2=49.80%  ens=50.37%  (best 65.92 @ ep 8)  [45.8s]
  ep  84: acc1=51.06%  acc2=50.46%  ens=50.76%  (best 65.92 @ ep 8)  [40.4s]
  ep  85: acc1=50.55%  acc2=48.00%  ens=49.27%  (best 65.92 @ ep 8)  [137.4s]
  ep  86: acc1=50.73%  acc2=48.52%  ens=49.62%  (best 65.92 @ ep 8)  [41.4s]
  ep  87: acc1=50.55%  acc2=48.32%  ens=49.43%  (best 65.92 @ ep 8)  [70.5s]
  ep  88: acc1=52.27%  acc2=49.09%  ens=50.68%  (best 65.92 @ ep 8)  [126.8s]
  ep  89: acc1=52.02%  acc2=49.36%  ens=50.69%  (best 65.92 @ ep 8)  [111.4s]
  ep  90: acc1=51.46%  acc2=49.88%  ens=50.67%  (best 65.92 @ ep 8)  [93.4s]
  ep  91: acc1=51.33%  acc2=49.20%  ens=50.27%  (best 65.92 @ ep 8)  [39.8s]
  ep  92: acc1=51.58%  acc2=50.54%  ens=51.06%  (best 65.92 @ ep 8)  [58.7s]
  ep  93: acc1=51.33%  acc2=49.40%  ens=50.36%  (best 65.92 @ ep 8)  [40.3s]
  ep  94: acc1=51.32%  acc2=50.23%  ens=50.77%  (best 65.92 @ ep 8)  [352.9s]
  ep  95: acc1=51.27%  acc2=50.01%  ens=50.64%  (best 65.92 @ ep 8)  [39.7s]
  ep  96: acc1=51.37%  acc2=49.94%  ens=50.66%  (best 65.92 @ ep 8)  [44.1s]
  ep  97: acc1=51.55%  acc2=50.33%  ens=50.94%  (best 65.92 @ ep 8)  [44.5s]
  ep  98: acc1=51.62%  acc2=49.56%  ens=50.59%  (best 65.92 @ ep 8)  [93.3s]
  ep  99: acc1=51.48%  acc2=50.03%  ens=50.75%  (best 65.92 @ ep 8)  [97.0s]  [w on clean=0.832, on noisy=0.816]

saved /path/to/ciln-workspace/journal_edition/robustness_transfer/results_v4/dividemix/ours_v2_noisy__gaussian_noise_sev1__seed0.json: best ens-acc 65.92% @ ep 8
