condition=ours_v2_clean__defocus_blur_sev1 seed=2 gpu=1
/path/to/ciln-workspace/venv/lib/python3.12/site-packages/torchvision/datasets/cifar.py:83: VisibleDeprecationWarning: dtype(): align should be passed as Python or NumPy boolean but got `align=0`. Did you mean to pass a tuple to create a subarray type? (Deprecated NumPy 2.4)
  entry = pickle.load(f, encoding="latin1")
image_source=clean  N=22500  noise_rate=8.62%
  ep   0: loss=1.8145  test_acc=39.39%  (best 39.39 @ ep 0)  [4.7s]
  ep   1: loss=1.4193  test_acc=53.45%  (best 53.45 @ ep 1)  [3.8s]
  ep   2: loss=1.2056  test_acc=55.60%  (best 55.60 @ ep 2)  [3.6s]
  ep   3: loss=1.0836  test_acc=57.64%  (best 57.64 @ ep 3)  [3.7s]
  ep   4: loss=1.0017  test_acc=64.30%  (best 64.30 @ ep 4)  [3.7s]
  ep   5: loss=0.9298  test_acc=66.24%  (best 66.24 @ ep 5)  [5.4s]  [logged per-sample loss: mean=0.937]
  ep   6: loss=0.8665  test_acc=62.45%  (best 66.24 @ ep 5)  [3.6s]
  ep   7: loss=0.8206  test_acc=64.72%  (best 66.24 @ ep 5)  [4.0s]
  ep   8: loss=0.7802  test_acc=68.71%  (best 68.71 @ ep 8)  [3.7s]
  ep   9: loss=0.7437  test_acc=67.62%  (best 68.71 @ ep 8)  [3.7s]
  ep  10: loss=0.7234  test_acc=72.31%  (best 72.31 @ ep 10)  [5.3s]  [logged per-sample loss: mean=0.764]
  ep  11: loss=0.7059  test_acc=64.97%  (best 72.31 @ ep 10)  [3.7s]
  ep  12: loss=0.6903  test_acc=68.89%  (best 72.31 @ ep 10)  [3.8s]
  ep  13: loss=0.6717  test_acc=73.11%  (best 73.11 @ ep 13)  [3.9s]
  ep  14: loss=0.6627  test_acc=62.35%  (best 73.11 @ ep 13)  [3.9s]
  ep  15: loss=0.6426  test_acc=70.83%  (best 73.11 @ ep 13)  [3.6s]
  ep  16: loss=0.6384  test_acc=71.31%  (best 73.11 @ ep 13)  [3.5s]
  ep  17: loss=0.6254  test_acc=70.96%  (best 73.11 @ ep 13)  [3.7s]
  ep  18: loss=0.6137  test_acc=71.52%  (best 73.11 @ ep 13)  [3.8s]
  ep  19: loss=0.5896  test_acc=71.69%  (best 73.11 @ ep 13)  [3.7s]
  ep  20: loss=0.5924  test_acc=70.96%  (best 73.11 @ ep 13)  [5.5s]  [logged per-sample loss: mean=0.846]
  ep  21: loss=0.5875  test_acc=71.84%  (best 73.11 @ ep 13)  [3.5s]
  ep  22: loss=0.5747  test_acc=70.64%  (best 73.11 @ ep 13)  [3.5s]
  ep  23: loss=0.5702  test_acc=75.57%  (best 75.57 @ ep 23)  [3.8s]
  ep  24: loss=0.5642  test_acc=76.25%  (best 76.25 @ ep 24)  [3.9s]
  ep  25: loss=0.5624  test_acc=74.16%  (best 76.25 @ ep 24)  [3.5s]
  ep  26: loss=0.5541  test_acc=70.07%  (best 76.25 @ ep 24)  [3.5s]
  ep  27: loss=0.5403  test_acc=71.88%  (best 76.25 @ ep 24)  [3.5s]
  ep  28: loss=0.5443  test_acc=70.83%  (best 76.25 @ ep 24)  [3.6s]
  ep  29: loss=0.5302  test_acc=69.03%  (best 76.25 @ ep 24)  [3.5s]
  ep  30: loss=0.5280  test_acc=75.05%  (best 76.25 @ ep 24)  [10.1s]  [logged per-sample loss: mean=0.667]
  ep  31: loss=0.5254  test_acc=71.82%  (best 76.25 @ ep 24)  [10.0s]
  ep  32: loss=0.5087  test_acc=75.82%  (best 76.25 @ ep 24)  [9.3s]
  ep  33: loss=0.5110  test_acc=74.27%  (best 76.25 @ ep 24)  [9.0s]
  ep  34: loss=0.4964  test_acc=76.46%  (best 76.46 @ ep 34)  [9.8s]
  ep  35: loss=0.5039  test_acc=80.05%  (best 80.05 @ ep 35)  [8.7s]
  ep  36: loss=0.4880  test_acc=78.88%  (best 80.05 @ ep 35)  [8.2s]
  ep  37: loss=0.4825  test_acc=77.35%  (best 80.05 @ ep 35)  [8.8s]
  ep  38: loss=0.4790  test_acc=64.21%  (best 80.05 @ ep 35)  [8.6s]
  ep  39: loss=0.4746  test_acc=76.22%  (best 80.05 @ ep 35)  [9.3s]
  ep  40: loss=0.4649  test_acc=78.68%  (best 80.05 @ ep 35)  [9.2s]
  ep  41: loss=0.4642  test_acc=79.22%  (best 80.05 @ ep 35)  [8.8s]
  ep  42: loss=0.4554  test_acc=76.17%  (best 80.05 @ ep 35)  [9.1s]
  ep  43: loss=0.4527  test_acc=78.05%  (best 80.05 @ ep 35)  [8.7s]
  ep  44: loss=0.4384  test_acc=78.59%  (best 80.05 @ ep 35)  [10.0s]
  ep  45: loss=0.4323  test_acc=79.07%  (best 80.05 @ ep 35)  [9.1s]
  ep  46: loss=0.4326  test_acc=77.15%  (best 80.05 @ ep 35)  [10.6s]
  ep  47: loss=0.4241  test_acc=80.24%  (best 80.24 @ ep 47)  [9.9s]
  ep  48: loss=0.4200  test_acc=74.38%  (best 80.24 @ ep 47)  [10.5s]
  ep  49: loss=0.4175  test_acc=80.74%  (best 80.74 @ ep 49)  [10.3s]
  ep  50: loss=0.4083  test_acc=80.31%  (best 80.74 @ ep 49)  [12.0s]  [logged per-sample loss: mean=0.421]
  ep  51: loss=0.3997  test_acc=79.98%  (best 80.74 @ ep 49)  [4.0s]
  ep  52: loss=0.3968  test_acc=81.19%  (best 81.19 @ ep 52)  [3.7s]
  ep  53: loss=0.3856  test_acc=78.66%  (best 81.19 @ ep 52)  [3.7s]
  ep  54: loss=0.3715  test_acc=80.47%  (best 81.19 @ ep 52)  [3.7s]
  ep  55: loss=0.3739  test_acc=80.45%  (best 81.19 @ ep 52)  [3.8s]
  ep  56: loss=0.3622  test_acc=79.24%  (best 81.19 @ ep 52)  [3.6s]
  ep  57: loss=0.3595  test_acc=82.12%  (best 82.12 @ ep 57)  [3.6s]
  ep  58: loss=0.3492  test_acc=79.32%  (best 82.12 @ ep 57)  [3.7s]
  ep  59: loss=0.3432  test_acc=80.28%  (best 82.12 @ ep 57)  [3.8s]
  ep  60: loss=0.3337  test_acc=80.37%  (best 82.12 @ ep 57)  [3.9s]
  ep  61: loss=0.3270  test_acc=82.42%  (best 82.42 @ ep 61)  [3.6s]
  ep  62: loss=0.3136  test_acc=81.60%  (best 82.42 @ ep 61)  [3.6s]
  ep  63: loss=0.3146  test_acc=75.87%  (best 82.42 @ ep 61)  [3.9s]
  ep  64: loss=0.2995  test_acc=81.53%  (best 82.42 @ ep 61)  [3.5s]
  ep  65: loss=0.2969  test_acc=82.90%  (best 82.90 @ ep 65)  [3.6s]
  ep  66: loss=0.2839  test_acc=83.88%  (best 83.88 @ ep 66)  [3.6s]
  ep  67: loss=0.2704  test_acc=82.53%  (best 83.88 @ ep 66)  [3.9s]
  ep  68: loss=0.2602  test_acc=83.92%  (best 83.92 @ ep 68)  [7.6s]
  ep  69: loss=0.2574  test_acc=80.96%  (best 83.92 @ ep 68)  [8.5s]
  ep  70: loss=0.2465  test_acc=82.34%  (best 83.92 @ ep 68)  [8.4s]
  ep  71: loss=0.2303  test_acc=83.71%  (best 83.92 @ ep 68)  [8.3s]
  ep  72: loss=0.2243  test_acc=83.24%  (best 83.92 @ ep 68)  [8.9s]
  ep  73: loss=0.2092  test_acc=82.42%  (best 83.92 @ ep 68)  [8.1s]
  ep  74: loss=0.1991  test_acc=83.69%  (best 83.92 @ ep 68)  [8.9s]
  ep  75: loss=0.1915  test_acc=84.19%  (best 84.19 @ ep 75)  [11.0s]  [logged per-sample loss: mean=0.167]
  ep  76: loss=0.1825  test_acc=84.57%  (best 84.57 @ ep 76)  [8.4s]
  ep  77: loss=0.1741  test_acc=84.28%  (best 84.57 @ ep 76)  [8.1s]
  ep  78: loss=0.1630  test_acc=84.51%  (best 84.57 @ ep 76)  [8.1s]
  ep  79: loss=0.1508  test_acc=84.27%  (best 84.57 @ ep 76)  [8.7s]
  ep  80: loss=0.1413  test_acc=85.23%  (best 85.23 @ ep 80)  [8.5s]
  ep  81: loss=0.1363  test_acc=84.44%  (best 85.23 @ ep 80)  [8.1s]
  ep  82: loss=0.1261  test_acc=84.95%  (best 85.23 @ ep 80)  [8.1s]
  ep  83: loss=0.1171  test_acc=84.51%  (best 85.23 @ ep 80)  [8.1s]
  ep  84: loss=0.1056  test_acc=85.41%  (best 85.41 @ ep 84)  [8.4s]
  ep  85: loss=0.1008  test_acc=85.46%  (best 85.46 @ ep 85)  [8.4s]
  ep  86: loss=0.0910  test_acc=85.19%  (best 85.46 @ ep 85)  [8.5s]
  ep  87: loss=0.0845  test_acc=85.38%  (best 85.46 @ ep 85)  [8.5s]
  ep  88: loss=0.0803  test_acc=85.48%  (best 85.48 @ ep 88)  [8.4s]
  ep  89: loss=0.0756  test_acc=85.53%  (best 85.53 @ ep 89)  [8.4s]
  ep  90: loss=0.0705  test_acc=85.50%  (best 85.53 @ ep 89)  [7.9s]
  ep  91: loss=0.0657  test_acc=85.70%  (best 85.70 @ ep 91)  [8.1s]
  ep  92: loss=0.0650  test_acc=85.77%  (best 85.77 @ ep 92)  [9.0s]
  ep  93: loss=0.0599  test_acc=85.71%  (best 85.77 @ ep 92)  [8.5s]
  ep  94: loss=0.0603  test_acc=85.89%  (best 85.89 @ ep 94)  [8.5s]
  ep  95: loss=0.0563  test_acc=85.73%  (best 85.89 @ ep 94)  [8.2s]
  ep  96: loss=0.0563  test_acc=85.87%  (best 85.89 @ ep 94)  [8.6s]
  ep  97: loss=0.0569  test_acc=85.80%  (best 85.89 @ ep 94)  [8.5s]
  ep  98: loss=0.0531  test_acc=85.92%  (best 85.92 @ ep 98)  [8.2s]
  ep  99: loss=0.0554  test_acc=85.90%  (best 85.92 @ ep 98)  [5.7s]  [logged per-sample loss: mean=0.034]

saved /path/to/ciln-workspace/journal_edition/robustness_transfer/results_v4/erm/ours_v2_clean__defocus_blur_sev1__seed2.json: best 85.92% @ ep 98
