condition=ours_v2_noisy__glass_blur_sev3 seed=2 gpu=2
/path/to/ciln-workspace/venv/lib/python3.12/site-packages/torchvision/datasets/cifar.py:83: VisibleDeprecationWarning: dtype(): align should be passed as Python or NumPy boolean but got `align=0`. Did you mean to pass a tuple to create a subarray type? (Deprecated NumPy 2.4)
  entry = pickle.load(f, encoding="latin1")
image_source=noisy  N=22500  noise_rate=64.68%
  ep   0: loss=1.7288  test_acc=14.33%  (best 14.33 @ ep 0)  [4.3s]
  ep   1: loss=1.6273  test_acc=16.17%  (best 16.17 @ ep 1)  [3.6s]
  ep   2: loss=1.5794  test_acc=20.04%  (best 20.04 @ ep 2)  [3.6s]
  ep   3: loss=1.5474  test_acc=19.32%  (best 20.04 @ ep 2)  [3.7s]
  ep   4: loss=1.5310  test_acc=17.40%  (best 20.04 @ ep 2)  [3.6s]
  ep   5: loss=1.5069  test_acc=25.62%  (best 25.62 @ ep 5)  [5.5s]  [logged per-sample loss: mean=1.618]
  ep   6: loss=1.4920  test_acc=27.83%  (best 27.83 @ ep 6)  [3.9s]
  ep   7: loss=1.4694  test_acc=25.61%  (best 27.83 @ ep 6)  [4.1s]
  ep   8: loss=1.4674  test_acc=23.97%  (best 27.83 @ ep 6)  [7.9s]
  ep   9: loss=1.4566  test_acc=20.56%  (best 27.83 @ ep 6)  [7.9s]
  ep  10: loss=1.4451  test_acc=21.64%  (best 27.83 @ ep 6)  [10.8s]  [logged per-sample loss: mean=1.572]
  ep  11: loss=1.4404  test_acc=29.74%  (best 29.74 @ ep 11)  [8.3s]
  ep  12: loss=1.4355  test_acc=31.03%  (best 31.03 @ ep 12)  [8.2s]
  ep  13: loss=1.4270  test_acc=29.16%  (best 31.03 @ ep 12)  [8.0s]
  ep  14: loss=1.4200  test_acc=27.97%  (best 31.03 @ ep 12)  [8.2s]
  ep  15: loss=1.4152  test_acc=31.87%  (best 31.87 @ ep 15)  [8.2s]
  ep  16: loss=1.4137  test_acc=32.99%  (best 32.99 @ ep 16)  [8.5s]
  ep  17: loss=1.4087  test_acc=33.94%  (best 33.94 @ ep 17)  [8.2s]
  ep  18: loss=1.4056  test_acc=27.68%  (best 33.94 @ ep 17)  [8.0s]
  ep  19: loss=1.4004  test_acc=30.83%  (best 33.94 @ ep 17)  [8.1s]
  ep  20: loss=1.3918  test_acc=37.36%  (best 37.36 @ ep 20)  [11.2s]  [logged per-sample loss: mean=1.378]
  ep  21: loss=1.3874  test_acc=32.97%  (best 37.36 @ ep 20)  [8.4s]
  ep  22: loss=1.3873  test_acc=35.51%  (best 37.36 @ ep 20)  [8.0s]
  ep  23: loss=1.3833  test_acc=34.44%  (best 37.36 @ ep 20)  [8.0s]
  ep  24: loss=1.3774  test_acc=37.86%  (best 37.86 @ ep 24)  [7.9s]
  ep  25: loss=1.3787  test_acc=35.97%  (best 37.86 @ ep 24)  [7.8s]
  ep  26: loss=1.3735  test_acc=37.38%  (best 37.86 @ ep 24)  [8.5s]
  ep  27: loss=1.3727  test_acc=41.09%  (best 41.09 @ ep 27)  [8.3s]
  ep  28: loss=1.3632  test_acc=33.83%  (best 41.09 @ ep 27)  [8.9s]
  ep  29: loss=1.3582  test_acc=35.18%  (best 41.09 @ ep 27)  [8.1s]
  ep  30: loss=1.3608  test_acc=40.93%  (best 41.09 @ ep 27)  [11.8s]  [logged per-sample loss: mean=1.356]
  ep  31: loss=1.3574  test_acc=38.07%  (best 41.09 @ ep 27)  [8.9s]
  ep  32: loss=1.3499  test_acc=35.81%  (best 41.09 @ ep 27)  [9.0s]
  ep  33: loss=1.3485  test_acc=34.17%  (best 41.09 @ ep 27)  [9.9s]
  ep  34: loss=1.3431  test_acc=42.37%  (best 42.37 @ ep 34)  [9.2s]
  ep  35: loss=1.3396  test_acc=39.28%  (best 42.37 @ ep 34)  [9.8s]
  ep  36: loss=1.3359  test_acc=37.36%  (best 42.37 @ ep 34)  [9.4s]
  ep  37: loss=1.3258  test_acc=35.94%  (best 42.37 @ ep 34)  [8.4s]
  ep  38: loss=1.3325  test_acc=37.88%  (best 42.37 @ ep 34)  [3.6s]
  ep  39: loss=1.3247  test_acc=43.83%  (best 43.83 @ ep 39)  [3.6s]
  ep  40: loss=1.3155  test_acc=37.67%  (best 43.83 @ ep 39)  [3.6s]
  ep  41: loss=1.3139  test_acc=35.33%  (best 43.83 @ ep 39)  [4.0s]
  ep  42: loss=1.3118  test_acc=40.22%  (best 43.83 @ ep 39)  [4.0s]
  ep  43: loss=1.3088  test_acc=42.96%  (best 43.83 @ ep 39)  [3.8s]
  ep  44: loss=1.3083  test_acc=38.15%  (best 43.83 @ ep 39)  [3.5s]
  ep  45: loss=1.3031  test_acc=39.52%  (best 43.83 @ ep 39)  [3.6s]
  ep  46: loss=1.2999  test_acc=40.69%  (best 43.83 @ ep 39)  [3.6s]
  ep  47: loss=1.2961  test_acc=39.61%  (best 43.83 @ ep 39)  [3.7s]
  ep  48: loss=1.2906  test_acc=44.26%  (best 44.26 @ ep 48)  [3.8s]
  ep  49: loss=1.2850  test_acc=47.15%  (best 47.15 @ ep 49)  [3.9s]
  ep  50: loss=1.2827  test_acc=44.28%  (best 47.15 @ ep 49)  [5.2s]  [logged per-sample loss: mean=1.289]
  ep  51: loss=1.2752  test_acc=45.14%  (best 47.15 @ ep 49)  [3.6s]
  ep  52: loss=1.2712  test_acc=43.00%  (best 47.15 @ ep 49)  [3.8s]
  ep  53: loss=1.2676  test_acc=43.70%  (best 47.15 @ ep 49)  [5.0s]
  ep  54: loss=1.2602  test_acc=47.52%  (best 47.52 @ ep 54)  [9.1s]
  ep  55: loss=1.2533  test_acc=41.42%  (best 47.52 @ ep 54)  [8.9s]
  ep  56: loss=1.2480  test_acc=37.37%  (best 47.52 @ ep 54)  [9.2s]
  ep  57: loss=1.2435  test_acc=42.69%  (best 47.52 @ ep 54)  [9.1s]
  ep  58: loss=1.2392  test_acc=43.42%  (best 47.52 @ ep 54)  [8.6s]
  ep  59: loss=1.2323  test_acc=43.15%  (best 47.52 @ ep 54)  [9.1s]
  ep  60: loss=1.2245  test_acc=42.60%  (best 47.52 @ ep 54)  [8.8s]
  ep  61: loss=1.2175  test_acc=43.47%  (best 47.52 @ ep 54)  [9.0s]
  ep  62: loss=1.2086  test_acc=47.96%  (best 47.96 @ ep 62)  [9.5s]
  ep  63: loss=1.2014  test_acc=42.22%  (best 47.96 @ ep 62)  [8.9s]
  ep  64: loss=1.1990  test_acc=42.35%  (best 47.96 @ ep 62)  [9.6s]
  ep  65: loss=1.1906  test_acc=44.78%  (best 47.96 @ ep 62)  [8.6s]
  ep  66: loss=1.1834  test_acc=48.04%  (best 48.04 @ ep 66)  [9.1s]
  ep  67: loss=1.1720  test_acc=45.69%  (best 48.04 @ ep 66)  [9.6s]
  ep  68: loss=1.1652  test_acc=48.50%  (best 48.50 @ ep 68)  [9.8s]
  ep  69: loss=1.1534  test_acc=46.93%  (best 48.50 @ ep 68)  [8.9s]
  ep  70: loss=1.1425  test_acc=44.63%  (best 48.50 @ ep 68)  [9.3s]
  ep  71: loss=1.1357  test_acc=48.05%  (best 48.50 @ ep 68)  [8.8s]
  ep  72: loss=1.1228  test_acc=43.39%  (best 48.50 @ ep 68)  [9.5s]
  ep  73: loss=1.1093  test_acc=45.05%  (best 48.50 @ ep 68)  [10.2s]
  ep  74: loss=1.1064  test_acc=42.78%  (best 48.50 @ ep 68)  [10.2s]
  ep  75: loss=1.0874  test_acc=44.94%  (best 48.50 @ ep 68)  [9.7s]  [logged per-sample loss: mean=1.073]
  ep  76: loss=1.0769  test_acc=44.79%  (best 48.50 @ ep 68)  [3.5s]
  ep  77: loss=1.0652  test_acc=43.45%  (best 48.50 @ ep 68)  [3.5s]
  ep  78: loss=1.0451  test_acc=43.33%  (best 48.50 @ ep 68)  [3.6s]
  ep  79: loss=1.0272  test_acc=43.37%  (best 48.50 @ ep 68)  [3.5s]
  ep  80: loss=1.0170  test_acc=45.72%  (best 48.50 @ ep 68)  [3.7s]
  ep  81: loss=1.0036  test_acc=44.84%  (best 48.50 @ ep 68)  [3.7s]
  ep  82: loss=0.9848  test_acc=46.02%  (best 48.50 @ ep 68)  [3.8s]
  ep  83: loss=0.9690  test_acc=45.68%  (best 48.50 @ ep 68)  [3.8s]
  ep  84: loss=0.9489  test_acc=46.47%  (best 48.50 @ ep 68)  [3.6s]
  ep  85: loss=0.9293  test_acc=44.53%  (best 48.50 @ ep 68)  [3.4s]
  ep  86: loss=0.9064  test_acc=45.47%  (best 48.50 @ ep 68)  [3.6s]
  ep  87: loss=0.8845  test_acc=47.04%  (best 48.50 @ ep 68)  [4.0s]
  ep  88: loss=0.8696  test_acc=44.54%  (best 48.50 @ ep 68)  [3.5s]
  ep  89: loss=0.8417  test_acc=43.92%  (best 48.50 @ ep 68)  [3.6s]
  ep  90: loss=0.8289  test_acc=44.06%  (best 48.50 @ ep 68)  [3.8s]
  ep  91: loss=0.8117  test_acc=43.80%  (best 48.50 @ ep 68)  [3.7s]
  ep  92: loss=0.7963  test_acc=45.11%  (best 48.50 @ ep 68)  [4.3s]
  ep  93: loss=0.7793  test_acc=45.21%  (best 48.50 @ ep 68)  [8.7s]
  ep  94: loss=0.7705  test_acc=44.09%  (best 48.50 @ ep 68)  [8.1s]
  ep  95: loss=0.7583  test_acc=45.22%  (best 48.50 @ ep 68)  [8.1s]
  ep  96: loss=0.7475  test_acc=44.96%  (best 48.50 @ ep 68)  [8.1s]
  ep  97: loss=0.7462  test_acc=45.33%  (best 48.50 @ ep 68)  [8.3s]
  ep  98: loss=0.7315  test_acc=44.64%  (best 48.50 @ ep 68)  [8.4s]
  ep  99: loss=0.7356  test_acc=44.75%  (best 48.50 @ ep 68)  [11.4s]  [logged per-sample loss: mean=0.682]

saved /path/to/ciln-workspace/journal_edition/robustness_transfer/results_v4/erm/ours_v2_noisy__glass_blur_sev3__seed2.json: best 48.50% @ ep 68
