condition=ours_v2_noisy__gaussian_noise_sev3 seed=0 gpu=2
/path/to/ciln-workspace/venv/lib/python3.12/site-packages/torchvision/datasets/cifar.py:83: VisibleDeprecationWarning: dtype(): align should be passed as Python or NumPy boolean but got `align=0`. Did you mean to pass a tuple to create a subarray type? (Deprecated NumPy 2.4)
  entry = pickle.load(f, encoding="latin1")
image_source=noisy  N_train=22500  noise_rate=48.86%
  ep   0: acc1=20.53%  acc2=30.05%  ens=25.29%  (best 25.29 @ ep 0)  [8.5s]
  ep   1: acc1=33.70%  acc2=27.18%  ens=30.44%  (best 30.44 @ ep 1)  [7.6s]
  ep   2: acc1=37.75%  acc2=31.13%  ens=34.44%  (best 34.44 @ ep 2)  [7.3s]
  ep   3: acc1=35.73%  acc2=40.54%  ens=38.13%  (best 38.13 @ ep 3)  [7.4s]
  ep   4: acc1=44.74%  acc2=35.84%  ens=40.29%  (best 40.29 @ ep 4)  [7.6s]
  ep   5: acc1=35.10%  acc2=36.67%  ens=35.88%  (best 40.29 @ ep 4)  [34.5s]  [w on clean=0.769, on noisy=0.777]
  ep   6: acc1=38.55%  acc2=46.54%  ens=42.55%  (best 42.55 @ ep 6)  [7.3s]
  ep   7: acc1=34.87%  acc2=42.66%  ens=38.77%  (best 42.55 @ ep 6)  [7.7s]
  ep   8: acc1=49.20%  acc2=34.75%  ens=41.97%  (best 42.55 @ ep 6)  [7.4s]
  ep   9: acc1=40.19%  acc2=45.34%  ens=42.77%  (best 42.77 @ ep 9)  [7.0s]
  ep  10: acc1=33.73%  acc2=18.99%  ens=26.36%  (best 42.77 @ ep 9)  [128.0s]  [w on clean=0.689, on noisy=0.716]
  ep  11: acc1=13.54%  acc2=11.84%  ens=12.69%  (best 42.77 @ ep 9)  [33.3s]
  ep  12: acc1=10.00%  acc2=10.00%  ens=10.00%  (best 42.77 @ ep 9)  [28.7s]
  ep  13: acc1=10.08%  acc2=13.56%  ens=11.82%  (best 42.77 @ ep 9)  [37.5s]
  ep  14: acc1=17.98%  acc2=10.02%  ens=14.00%  (best 42.77 @ ep 9)  [30.5s]
  ep  15: acc1=10.00%  acc2=13.67%  ens=11.83%  (best 42.77 @ ep 9)  [126.5s]
  ep  16: acc1=14.71%  acc2=10.00%  ens=12.36%  (best 42.77 @ ep 9)  [29.7s]
  ep  17: acc1=10.00%  acc2=15.61%  ens=12.80%  (best 42.77 @ ep 9)  [117.7s]
  ep  18: acc1=17.09%  acc2=10.00%  ens=13.55%  (best 42.77 @ ep 9)  [31.4s]
  ep  19: acc1=10.00%  acc2=15.89%  ens=12.95%  (best 42.77 @ ep 9)  [30.3s]
  ep  20: acc1=17.93%  acc2=10.00%  ens=13.96%  (best 42.77 @ ep 9)  [35.4s]  [w on clean=0.857, on noisy=0.901]
  ep  21: acc1=10.00%  acc2=19.25%  ens=14.62%  (best 42.77 @ ep 9)  [100.5s]
  ep  22: acc1=14.53%  acc2=10.00%  ens=12.27%  (best 42.77 @ ep 9)  [38.5s]
  ep  23: acc1=10.00%  acc2=17.34%  ens=13.67%  (best 42.77 @ ep 9)  [30.9s]
  ep  24: acc1=16.30%  acc2=10.00%  ens=13.15%  (best 42.77 @ ep 9)  [72.4s]
  ep  25: acc1=10.00%  acc2=15.80%  ens=12.90%  (best 42.77 @ ep 9)  [30.4s]
  ep  26: acc1=14.04%  acc2=10.00%  ens=12.02%  (best 42.77 @ ep 9)  [96.0s]
  ep  27: acc1=10.00%  acc2=20.86%  ens=15.43%  (best 42.77 @ ep 9)  [29.3s]
  ep  28: acc1=14.15%  acc2=10.00%  ens=12.07%  (best 42.77 @ ep 9)  [30.7s]
  ep  29: acc1=10.00%  acc2=19.17%  ens=14.59%  (best 42.77 @ ep 9)  [31.2s]
  ep  30: acc1=10.30%  acc2=10.00%  ens=10.15%  (best 42.77 @ ep 9)  [42.9s]  [w on clean=0.859, on noisy=0.904]
  ep  31: acc1=10.00%  acc2=11.93%  ens=10.96%  (best 42.77 @ ep 9)  [31.1s]
  ep  32: acc1=15.16%  acc2=10.00%  ens=12.58%  (best 42.77 @ ep 9)  [61.9s]
  ep  33: acc1=10.00%  acc2=18.79%  ens=14.40%  (best 42.77 @ ep 9)  [31.1s]
  ep  34: acc1=10.28%  acc2=10.00%  ens=10.14%  (best 42.77 @ ep 9)  [63.3s]
  ep  35: acc1=10.00%  acc2=13.57%  ens=11.79%  (best 42.77 @ ep 9)  [32.1s]
  ep  36: acc1=16.70%  acc2=10.00%  ens=13.35%  (best 42.77 @ ep 9)  [70.5s]
  ep  37: acc1=10.00%  acc2=15.51%  ens=12.75%  (best 42.77 @ ep 9)  [30.8s]
  ep  38: acc1=10.00%  acc2=10.00%  ens=10.00%  (best 42.77 @ ep 9)  [30.4s]
  ep  39: acc1=10.00%  acc2=12.58%  ens=11.29%  (best 42.77 @ ep 9)  [69.1s]
  ep  40: acc1=13.59%  acc2=10.00%  ens=11.79%  (best 42.77 @ ep 9)  [30.3s]
  ep  41: acc1=10.00%  acc2=18.70%  ens=14.35%  (best 42.77 @ ep 9)  [42.5s]
  ep  42: acc1=12.38%  acc2=10.00%  ens=11.19%  (best 42.77 @ ep 9)  [30.2s]
  ep  43: acc1=10.00%  acc2=19.50%  ens=14.75%  (best 42.77 @ ep 9)  [84.3s]
  ep  44: acc1=10.73%  acc2=10.00%  ens=10.37%  (best 42.77 @ ep 9)  [29.7s]
  ep  45: acc1=10.00%  acc2=16.55%  ens=13.28%  (best 42.77 @ ep 9)  [137.4s]
  ep  46: acc1=13.96%  acc2=10.00%  ens=11.98%  (best 42.77 @ ep 9)  [119.0s]
  ep  47: acc1=10.00%  acc2=18.30%  ens=14.15%  (best 42.77 @ ep 9)  [30.7s]
  ep  48: acc1=10.96%  acc2=10.00%  ens=10.48%  (best 42.77 @ ep 9)  [41.0s]
  ep  49: acc1=10.00%  acc2=16.15%  ens=13.08%  (best 42.77 @ ep 9)  [32.7s]
  ep  50: acc1=12.59%  acc2=10.00%  ens=11.30%  (best 42.77 @ ep 9)  [153.7s]  [w on clean=0.860, on noisy=0.904]
  ep  51: acc1=10.00%  acc2=17.26%  ens=13.63%  (best 42.77 @ ep 9)  [30.7s]
  ep  52: acc1=13.26%  acc2=10.00%  ens=11.63%  (best 42.77 @ ep 9)  [64.5s]
  ep  53: acc1=10.00%  acc2=19.09%  ens=14.54%  (best 42.77 @ ep 9)  [32.0s]
  ep  54: acc1=10.45%  acc2=10.00%  ens=10.23%  (best 42.77 @ ep 9)  [80.2s]
  ep  55: acc1=10.00%  acc2=17.14%  ens=13.57%  (best 42.77 @ ep 9)  [29.6s]
  ep  56: acc1=11.59%  acc2=10.00%  ens=10.79%  (best 42.77 @ ep 9)  [30.7s]
  ep  57: acc1=10.00%  acc2=18.99%  ens=14.50%  (best 42.77 @ ep 9)  [35.8s]
  ep  58: acc1=12.13%  acc2=10.00%  ens=11.06%  (best 42.77 @ ep 9)  [31.5s]
  ep  59: acc1=10.00%  acc2=19.16%  ens=14.58%  (best 42.77 @ ep 9)  [140.3s]
  ep  60: acc1=12.91%  acc2=10.00%  ens=11.46%  (best 42.77 @ ep 9)  [30.8s]
  ep  61: acc1=10.00%  acc2=20.40%  ens=15.20%  (best 42.77 @ ep 9)  [35.5s]
  ep  62: acc1=10.87%  acc2=10.00%  ens=10.44%  (best 42.77 @ ep 9)  [31.1s]
  ep  63: acc1=10.00%  acc2=18.60%  ens=14.30%  (best 42.77 @ ep 9)  [50.7s]
  ep  64: acc1=12.49%  acc2=10.00%  ens=11.24%  (best 42.77 @ ep 9)  [30.4s]
  ep  65: acc1=10.00%  acc2=19.57%  ens=14.79%  (best 42.77 @ ep 9)  [36.8s]
  ep  66: acc1=11.12%  acc2=10.00%  ens=10.56%  (best 42.77 @ ep 9)  [30.1s]
  ep  67: acc1=10.00%  acc2=16.23%  ens=13.11%  (best 42.77 @ ep 9)  [204.1s]
  ep  68: acc1=11.34%  acc2=10.00%  ens=10.67%  (best 42.77 @ ep 9)  [38.9s]
  ep  69: acc1=10.00%  acc2=15.68%  ens=12.84%  (best 42.77 @ ep 9)  [30.7s]
  ep  70: acc1=10.43%  acc2=10.00%  ens=10.21%  (best 42.77 @ ep 9)  [72.2s]
  ep  71: acc1=10.00%  acc2=15.30%  ens=12.65%  (best 42.77 @ ep 9)  [31.3s]
  ep  72: acc1=10.41%  acc2=10.00%  ens=10.21%  (best 42.77 @ ep 9)  [36.2s]
  ep  73: acc1=14.92%  acc2=17.15%  ens=16.04%  (best 42.77 @ ep 9)  [41.8s]
  ep  74: acc1=17.24%  acc2=21.79%  ens=19.52%  (best 42.77 @ ep 9)  [49.8s]
  ep  75: acc1=20.00%  acc2=24.98%  ens=22.49%  (best 42.77 @ ep 9)  [61.1s]  [w on clean=0.860, on noisy=0.903]
  ep  76: acc1=20.75%  acc2=26.08%  ens=23.41%  (best 42.77 @ ep 9)  [46.0s]
  ep  77: acc1=20.57%  acc2=25.04%  ens=22.80%  (best 42.77 @ ep 9)  [50.3s]
  ep  78: acc1=22.52%  acc2=25.12%  ens=23.82%  (best 42.77 @ ep 9)  [306.8s]
  ep  79: acc1=23.45%  acc2=25.72%  ens=24.58%  (best 42.77 @ ep 9)  [55.7s]
  ep  80: acc1=23.50%  acc2=25.88%  ens=24.69%  (best 42.77 @ ep 9)  [60.7s]
  ep  81: acc1=25.08%  acc2=28.67%  ens=26.88%  (best 42.77 @ ep 9)  [44.2s]
  ep  82: acc1=26.11%  acc2=27.56%  ens=26.83%  (best 42.77 @ ep 9)  [53.5s]
  ep  83: acc1=24.93%  acc2=27.36%  ens=26.15%  (best 42.77 @ ep 9)  [121.5s]
  ep  84: acc1=25.06%  acc2=29.17%  ens=27.12%  (best 42.77 @ ep 9)  [42.7s]
  ep  85: acc1=26.51%  acc2=28.66%  ens=27.59%  (best 42.77 @ ep 9)  [49.0s]
  ep  86: acc1=25.83%  acc2=29.17%  ens=27.50%  (best 42.77 @ ep 9)  [42.9s]
  ep  87: acc1=27.72%  acc2=28.86%  ens=28.29%  (best 42.77 @ ep 9)  [43.1s]
  ep  88: acc1=26.29%  acc2=29.02%  ens=27.66%  (best 42.77 @ ep 9)  [108.1s]
  ep  89: acc1=26.58%  acc2=29.67%  ens=28.12%  (best 42.77 @ ep 9)  [51.1s]
  ep  90: acc1=26.15%  acc2=30.66%  ens=28.41%  (best 42.77 @ ep 9)  [42.5s]
  ep  91: acc1=27.48%  acc2=30.74%  ens=29.11%  (best 42.77 @ ep 9)  [46.2s]
  ep  92: acc1=27.71%  acc2=30.65%  ens=29.18%  (best 42.77 @ ep 9)  [77.3s]
  ep  93: acc1=27.64%  acc2=30.82%  ens=29.23%  (best 42.77 @ ep 9)  [97.4s]
  ep  94: acc1=27.50%  acc2=30.41%  ens=28.95%  (best 42.77 @ ep 9)  [43.7s]
  ep  95: acc1=28.01%  acc2=31.28%  ens=29.64%  (best 42.77 @ ep 9)  [42.9s]
  ep  96: acc1=26.75%  acc2=29.44%  ens=28.10%  (best 42.77 @ ep 9)  [182.1s]
  ep  97: acc1=28.05%  acc2=30.37%  ens=29.21%  (best 42.77 @ ep 9)  [48.7s]
  ep  98: acc1=27.76%  acc2=30.37%  ens=29.07%  (best 42.77 @ ep 9)  [44.9s]
  ep  99: acc1=27.53%  acc2=30.41%  ens=28.97%  (best 42.77 @ ep 9)  [47.4s]  [w on clean=0.860, on noisy=0.903]

saved /path/to/ciln-workspace/journal_edition/robustness_transfer/results_v4/dividemix/ours_v2_noisy__gaussian_noise_sev3__seed0.json: best ens-acc 42.77% @ ep 9
