condition=ours_v2_noisy__gaussian_noise_sev1 seed=1 gpu=2
/path/to/ciln-workspace/venv/lib/python3.12/site-packages/torchvision/datasets/cifar.py:83: VisibleDeprecationWarning: dtype(): align should be passed as Python or NumPy boolean but got `align=0`. Did you mean to pass a tuple to create a subarray type? (Deprecated NumPy 2.4)
  entry = pickle.load(f, encoding="latin1")
image_source=noisy  N_train=22500  noise_rate=21.27%
  ep   0: acc1=37.14%  acc2=32.76%  ens=34.95%  (best 34.95 @ ep 0)  [8.0s]
  ep   1: acc1=50.41%  acc2=50.41%  ens=50.41%  (best 50.41 @ ep 1)  [7.8s]
  ep   2: acc1=49.04%  acc2=54.00%  ens=51.52%  (best 51.52 @ ep 2)  [7.9s]
  ep   3: acc1=61.72%  acc2=48.74%  ens=55.23%  (best 55.23 @ ep 3)  [7.3s]
  ep   4: acc1=43.86%  acc2=60.95%  ens=52.41%  (best 55.23 @ ep 3)  [13.5s]
  ep   5: acc1=57.27%  acc2=53.15%  ens=55.21%  (best 55.23 @ ep 3)  [39.6s]  [w on clean=0.785, on noisy=0.589]
  ep   6: acc1=55.71%  acc2=56.93%  ens=56.32%  (best 56.32 @ ep 6)  [26.7s]
  ep   7: acc1=68.14%  acc2=62.46%  ens=65.30%  (best 65.30 @ ep 7)  [29.5s]
  ep   8: acc1=62.65%  acc2=68.31%  ens=65.48%  (best 65.48 @ ep 8)  [28.0s]
  ep   9: acc1=65.73%  acc2=68.53%  ens=67.13%  (best 67.13 @ ep 9)  [27.4s]
  ep  10: acc1=41.93%  acc2=28.35%  ens=35.14%  (best 67.13 @ ep 9)  [41.8s]  [w on clean=0.655, on noisy=0.431]
  ep  11: acc1=26.04%  acc2=22.48%  ens=24.26%  (best 67.13 @ ep 9)  [44.0s]
  ep  12: acc1=21.51%  acc2=27.97%  ens=24.74%  (best 67.13 @ ep 9)  [27.0s]
  ep  13: acc1=32.92%  acc2=31.43%  ens=32.17%  (best 67.13 @ ep 9)  [39.6s]
  ep  14: acc1=29.94%  acc2=27.41%  ens=28.68%  (best 67.13 @ ep 9)  [32.5s]
  ep  15: acc1=29.62%  acc2=30.89%  ens=30.25%  (best 67.13 @ ep 9)  [58.8s]
  ep  16: acc1=29.55%  acc2=28.95%  ens=29.25%  (best 67.13 @ ep 9)  [80.9s]
  ep  17: acc1=32.98%  acc2=32.73%  ens=32.86%  (best 67.13 @ ep 9)  [64.4s]
  ep  18: acc1=33.31%  acc2=33.21%  ens=33.26%  (best 67.13 @ ep 9)  [36.7s]
  ep  19: acc1=36.41%  acc2=33.92%  ens=35.16%  (best 67.13 @ ep 9)  [36.7s]
  ep  20: acc1=34.74%  acc2=34.63%  ens=34.69%  (best 67.13 @ ep 9)  [39.3s]  [w on clean=0.726, on noisy=0.586]
  ep  21: acc1=37.92%  acc2=35.55%  ens=36.73%  (best 67.13 @ ep 9)  [41.4s]
  ep  22: acc1=32.46%  acc2=32.28%  ens=32.37%  (best 67.13 @ ep 9)  [34.8s]
  ep  23: acc1=31.50%  acc2=34.59%  ens=33.05%  (best 67.13 @ ep 9)  [55.7s]
  ep  24: acc1=31.79%  acc2=36.21%  ens=34.00%  (best 67.13 @ ep 9)  [34.4s]
  ep  25: acc1=38.13%  acc2=31.46%  ens=34.80%  (best 67.13 @ ep 9)  [36.3s]
  ep  26: acc1=34.29%  acc2=37.27%  ens=35.78%  (best 67.13 @ ep 9)  [39.5s]
  ep  27: acc1=38.34%  acc2=35.75%  ens=37.05%  (best 67.13 @ ep 9)  [84.8s]
  ep  28: acc1=36.78%  acc2=36.53%  ens=36.66%  (best 67.13 @ ep 9)  [37.5s]
  ep  29: acc1=36.50%  acc2=35.78%  ens=36.14%  (best 67.13 @ ep 9)  [53.8s]
  ep  30: acc1=40.48%  acc2=31.93%  ens=36.20%  (best 67.13 @ ep 9)  [48.3s]  [w on clean=0.726, on noisy=0.586]
  ep  31: acc1=34.50%  acc2=39.70%  ens=37.10%  (best 67.13 @ ep 9)  [176.3s]
  ep  32: acc1=36.44%  acc2=38.45%  ens=37.45%  (best 67.13 @ ep 9)  [35.2s]
  ep  33: acc1=39.64%  acc2=35.49%  ens=37.56%  (best 67.13 @ ep 9)  [36.4s]
  ep  34: acc1=37.48%  acc2=30.68%  ens=34.08%  (best 67.13 @ ep 9)  [33.8s]
  ep  35: acc1=40.96%  acc2=39.20%  ens=40.08%  (best 67.13 @ ep 9)  [36.4s]
  ep  36: acc1=37.92%  acc2=35.65%  ens=36.79%  (best 67.13 @ ep 9)  [36.7s]
  ep  37: acc1=38.24%  acc2=37.03%  ens=37.64%  (best 67.13 @ ep 9)  [36.6s]
  ep  38: acc1=37.51%  acc2=34.95%  ens=36.23%  (best 67.13 @ ep 9)  [52.1s]
  ep  39: acc1=36.24%  acc2=37.74%  ens=36.99%  (best 67.13 @ ep 9)  [34.3s]
  ep  40: acc1=36.98%  acc2=39.03%  ens=38.01%  (best 67.13 @ ep 9)  [48.6s]
  ep  41: acc1=40.63%  acc2=37.13%  ens=38.88%  (best 67.13 @ ep 9)  [36.2s]
  ep  42: acc1=35.37%  acc2=35.15%  ens=35.26%  (best 67.13 @ ep 9)  [36.5s]
  ep  43: acc1=41.58%  acc2=41.38%  ens=41.48%  (best 67.13 @ ep 9)  [38.9s]
  ep  44: acc1=38.96%  acc2=38.89%  ens=38.92%  (best 67.13 @ ep 9)  [42.4s]
  ep  45: acc1=41.23%  acc2=34.15%  ens=37.69%  (best 67.13 @ ep 9)  [50.7s]
  ep  46: acc1=39.09%  acc2=36.36%  ens=37.72%  (best 67.13 @ ep 9)  [34.9s]
  ep  47: acc1=39.90%  acc2=37.66%  ens=38.78%  (best 67.13 @ ep 9)  [75.3s]
  ep  48: acc1=38.60%  acc2=36.65%  ens=37.62%  (best 67.13 @ ep 9)  [34.1s]
  ep  49: acc1=40.74%  acc2=39.91%  ens=40.33%  (best 67.13 @ ep 9)  [61.2s]
  ep  50: acc1=42.06%  acc2=35.14%  ens=38.60%  (best 67.13 @ ep 9)  [37.8s]  [w on clean=0.726, on noisy=0.586]
  ep  51: acc1=42.25%  acc2=37.63%  ens=39.94%  (best 67.13 @ ep 9)  [34.3s]
  ep  52: acc1=39.18%  acc2=40.70%  ens=39.94%  (best 67.13 @ ep 9)  [34.3s]
  ep  53: acc1=42.02%  acc2=37.78%  ens=39.90%  (best 67.13 @ ep 9)  [39.5s]
  ep  54: acc1=39.59%  acc2=38.61%  ens=39.10%  (best 67.13 @ ep 9)  [34.4s]
  ep  55: acc1=40.16%  acc2=41.32%  ens=40.74%  (best 67.13 @ ep 9)  [221.3s]
  ep  56: acc1=38.77%  acc2=40.16%  ens=39.47%  (best 67.13 @ ep 9)  [36.2s]
  ep  57: acc1=40.76%  acc2=40.60%  ens=40.68%  (best 67.13 @ ep 9)  [189.3s]
  ep  58: acc1=41.51%  acc2=38.49%  ens=40.00%  (best 67.13 @ ep 9)  [34.8s]
  ep  59: acc1=40.57%  acc2=39.92%  ens=40.24%  (best 67.13 @ ep 9)  [76.2s]
  ep  60: acc1=40.41%  acc2=37.07%  ens=38.74%  (best 67.13 @ ep 9)  [35.1s]
  ep  61: acc1=39.93%  acc2=36.33%  ens=38.13%  (best 67.13 @ ep 9)  [84.7s]
  ep  62: acc1=40.56%  acc2=39.64%  ens=40.10%  (best 67.13 @ ep 9)  [33.5s]
  ep  63: acc1=40.13%  acc2=40.39%  ens=40.26%  (best 67.13 @ ep 9)  [172.1s]
  ep  64: acc1=41.36%  acc2=38.55%  ens=39.95%  (best 67.13 @ ep 9)  [34.8s]
  ep  65: acc1=40.04%  acc2=38.67%  ens=39.35%  (best 67.13 @ ep 9)  [76.7s]
  ep  66: acc1=39.66%  acc2=42.96%  ens=41.31%  (best 67.13 @ ep 9)  [34.9s]
  ep  67: acc1=40.66%  acc2=37.31%  ens=38.98%  (best 67.13 @ ep 9)  [106.0s]
  ep  68: acc1=40.06%  acc2=39.07%  ens=39.56%  (best 67.13 @ ep 9)  [34.8s]
  ep  69: acc1=40.30%  acc2=39.51%  ens=39.91%  (best 67.13 @ ep 9)  [41.8s]
  ep  70: acc1=40.81%  acc2=41.44%  ens=41.12%  (best 67.13 @ ep 9)  [34.2s]
  ep  71: acc1=42.14%  acc2=40.51%  ens=41.33%  (best 67.13 @ ep 9)  [44.7s]
  ep  72: acc1=38.79%  acc2=42.56%  ens=40.67%  (best 67.13 @ ep 9)  [34.6s]
  ep  73: acc1=41.15%  acc2=41.49%  ens=41.32%  (best 67.13 @ ep 9)  [34.2s]
  ep  74: acc1=41.05%  acc2=39.94%  ens=40.49%  (best 67.13 @ ep 9)  [103.3s]
  ep  75: acc1=42.15%  acc2=42.35%  ens=42.25%  (best 67.13 @ ep 9)  [37.8s]  [w on clean=0.726, on noisy=0.586]
  ep  76: acc1=41.59%  acc2=42.09%  ens=41.84%  (best 67.13 @ ep 9)  [147.6s]
  ep  77: acc1=42.51%  acc2=41.91%  ens=42.21%  (best 67.13 @ ep 9)  [43.1s]
  ep  78: acc1=43.95%  acc2=41.76%  ens=42.85%  (best 67.13 @ ep 9)  [41.4s]
  ep  79: acc1=41.60%  acc2=41.28%  ens=41.44%  (best 67.13 @ ep 9)  [34.4s]
  ep  80: acc1=41.96%  acc2=41.58%  ens=41.77%  (best 67.13 @ ep 9)  [62.0s]
  ep  81: acc1=42.83%  acc2=40.33%  ens=41.58%  (best 67.13 @ ep 9)  [33.1s]
  ep  82: acc1=42.69%  acc2=42.06%  ens=42.37%  (best 67.13 @ ep 9)  [89.4s]
  ep  83: acc1=42.65%  acc2=41.49%  ens=42.07%  (best 67.13 @ ep 9)  [34.6s]
  ep  84: acc1=42.86%  acc2=42.42%  ens=42.64%  (best 67.13 @ ep 9)  [39.3s]
  ep  85: acc1=43.99%  acc2=42.37%  ens=43.18%  (best 67.13 @ ep 9)  [34.6s]
  ep  86: acc1=43.28%  acc2=41.04%  ens=42.16%  (best 67.13 @ ep 9)  [101.4s]
  ep  87: acc1=42.78%  acc2=42.47%  ens=42.62%  (best 67.13 @ ep 9)  [34.5s]
  ep  88: acc1=42.91%  acc2=43.13%  ens=43.02%  (best 67.13 @ ep 9)  [45.2s]
  ep  89: acc1=44.26%  acc2=42.95%  ens=43.60%  (best 67.13 @ ep 9)  [35.7s]
  ep  90: acc1=43.22%  acc2=42.39%  ens=42.80%  (best 67.13 @ ep 9)  [35.3s]
  ep  91: acc1=43.79%  acc2=42.93%  ens=43.36%  (best 67.13 @ ep 9)  [35.3s]
  ep  92: acc1=44.73%  acc2=42.48%  ens=43.60%  (best 67.13 @ ep 9)  [34.3s]
  ep  93: acc1=44.39%  acc2=43.31%  ens=43.85%  (best 67.13 @ ep 9)  [113.1s]
  ep  94: acc1=43.83%  acc2=43.36%  ens=43.59%  (best 67.13 @ ep 9)  [34.9s]
  ep  95: acc1=44.18%  acc2=42.84%  ens=43.51%  (best 67.13 @ ep 9)  [45.2s]
  ep  96: acc1=44.32%  acc2=42.87%  ens=43.59%  (best 67.13 @ ep 9)  [34.6s]
  ep  97: acc1=44.07%  acc2=42.58%  ens=43.33%  (best 67.13 @ ep 9)  [128.9s]
  ep  98: acc1=43.63%  acc2=42.58%  ens=43.11%  (best 67.13 @ ep 9)  [39.7s]
  ep  99: acc1=44.08%  acc2=42.79%  ens=43.44%  (best 67.13 @ ep 9)  [134.8s]  [w on clean=0.726, on noisy=0.586]

saved /path/to/ciln-workspace/journal_edition/robustness_transfer/results_v4/dividemix/ours_v2_noisy__gaussian_noise_sev1__seed1.json: best ens-acc 67.13% @ ep 9
