condition=ours_v2_noisy__pixelate_sev5 seed=0 gpu=2
/path/to/ciln-workspace/venv/lib/python3.12/site-packages/torchvision/datasets/cifar.py:83: VisibleDeprecationWarning: dtype(): align should be passed as Python or NumPy boolean but got `align=0`. Did you mean to pass a tuple to create a subarray type? (Deprecated NumPy 2.4)
  entry = pickle.load(f, encoding="latin1")
image_source=noisy  N=22500  noise_rate=58.23%
  ep   0: R(t)=1.000  acc1=16.96%  acc2=24.91%  ens=20.93%  (best 20.93 @ ep 0)  [7.7s]
  ep   1: R(t)=0.816  acc1=22.22%  acc2=21.86%  ens=22.04%  (best 22.04 @ ep 1)  [6.6s]
  ep   2: R(t)=0.740  acc1=25.16%  acc2=26.20%  ens=25.68%  (best 25.68 @ ep 2)  [6.6s]
  ep   3: R(t)=0.681  acc1=21.01%  acc2=22.00%  ens=21.51%  (best 25.68 @ ep 2)  [6.3s]
  ep   4: R(t)=0.632  acc1=25.18%  acc2=24.44%  ens=24.81%  (best 25.68 @ ep 2)  [6.5s]
  ep   5: R(t)=0.588  acc1=22.19%  acc2=21.63%  ens=21.91%  (best 25.68 @ ep 2)  [10.2s]  [sel1+2: prec=0.394, recall_clean=0.578]
  ep   6: R(t)=0.549  acc1=22.35%  acc2=23.65%  ens=23.00%  (best 25.68 @ ep 2)  [6.7s]
  ep   7: R(t)=0.513  acc1=24.66%  acc2=23.60%  ens=24.13%  (best 25.68 @ ep 2)  [12.1s]
  ep   8: R(t)=0.479  acc1=23.73%  acc2=24.81%  ens=24.27%  (best 25.68 @ ep 2)  [18.7s]
  ep   9: R(t)=0.448  acc1=26.08%  acc2=24.62%  ens=25.35%  (best 25.68 @ ep 2)  [16.3s]
  ep  10: R(t)=0.418  acc1=24.78%  acc2=22.45%  ens=23.61%  (best 25.68 @ ep 2)  [25.3s]  [sel1+2: prec=0.432, recall_clean=0.461]
  ep  11: R(t)=0.418  acc1=23.70%  acc2=22.19%  ens=22.95%  (best 25.68 @ ep 2)  [16.8s]
  ep  12: R(t)=0.418  acc1=25.55%  acc2=24.98%  ens=25.26%  (best 25.68 @ ep 2)  [17.8s]
  ep  13: R(t)=0.418  acc1=24.59%  acc2=23.04%  ens=23.82%  (best 25.68 @ ep 2)  [16.3s]
  ep  14: R(t)=0.418  acc1=22.40%  acc2=22.33%  ens=22.37%  (best 25.68 @ ep 2)  [16.6s]
  ep  15: R(t)=0.418  acc1=23.68%  acc2=23.75%  ens=23.71%  (best 25.68 @ ep 2)  [17.3s]
  ep  16: R(t)=0.418  acc1=21.26%  acc2=22.00%  ens=21.63%  (best 25.68 @ ep 2)  [17.0s]
  ep  17: R(t)=0.418  acc1=22.50%  acc2=24.88%  ens=23.69%  (best 25.68 @ ep 2)  [18.1s]
  ep  18: R(t)=0.418  acc1=23.52%  acc2=20.92%  ens=22.22%  (best 25.68 @ ep 2)  [18.0s]
  ep  19: R(t)=0.418  acc1=22.20%  acc2=21.74%  ens=21.97%  (best 25.68 @ ep 2)  [19.9s]
  ep  20: R(t)=0.418  acc1=24.69%  acc2=24.26%  ens=24.48%  (best 25.68 @ ep 2)  [23.6s]  [sel1+2: prec=0.422, recall_clean=0.444]
  ep  21: R(t)=0.418  acc1=22.87%  acc2=22.89%  ens=22.88%  (best 25.68 @ ep 2)  [6.7s]
  ep  22: R(t)=0.418  acc1=22.28%  acc2=24.21%  ens=23.24%  (best 25.68 @ ep 2)  [6.6s]
  ep  23: R(t)=0.418  acc1=24.76%  acc2=20.59%  ens=22.68%  (best 25.68 @ ep 2)  [6.5s]
  ep  24: R(t)=0.418  acc1=18.85%  acc2=22.46%  ens=20.66%  (best 25.68 @ ep 2)  [6.4s]
  ep  25: R(t)=0.418  acc1=22.95%  acc2=21.66%  ens=22.30%  (best 25.68 @ ep 2)  [6.5s]
  ep  26: R(t)=0.418  acc1=22.91%  acc2=20.86%  ens=21.88%  (best 25.68 @ ep 2)  [6.9s]
  ep  27: R(t)=0.418  acc1=21.53%  acc2=21.39%  ens=21.46%  (best 25.68 @ ep 2)  [6.6s]
  ep  28: R(t)=0.418  acc1=25.19%  acc2=24.44%  ens=24.82%  (best 25.68 @ ep 2)  [6.7s]
  ep  29: R(t)=0.418  acc1=23.94%  acc2=23.88%  ens=23.91%  (best 25.68 @ ep 2)  [6.4s]
  ep  30: R(t)=0.418  acc1=21.49%  acc2=22.90%  ens=22.20%  (best 25.68 @ ep 2)  [28.6s]  [sel1+2: prec=0.427, recall_clean=0.451]
  ep  31: R(t)=0.418  acc1=23.36%  acc2=23.88%  ens=23.62%  (best 25.68 @ ep 2)  [18.2s]
  ep  32: R(t)=0.418  acc1=23.07%  acc2=20.80%  ens=21.93%  (best 25.68 @ ep 2)  [18.1s]
  ep  33: R(t)=0.418  acc1=23.97%  acc2=23.77%  ens=23.87%  (best 25.68 @ ep 2)  [15.6s]
  ep  34: R(t)=0.418  acc1=25.18%  acc2=23.28%  ens=24.23%  (best 25.68 @ ep 2)  [6.5s]
  ep  35: R(t)=0.418  acc1=23.54%  acc2=24.52%  ens=24.03%  (best 25.68 @ ep 2)  [6.7s]
  ep  36: R(t)=0.418  acc1=22.79%  acc2=21.69%  ens=22.24%  (best 25.68 @ ep 2)  [6.6s]
  ep  37: R(t)=0.418  acc1=23.90%  acc2=23.68%  ens=23.79%  (best 25.68 @ ep 2)  [6.5s]
  ep  38: R(t)=0.418  acc1=22.54%  acc2=22.84%  ens=22.69%  (best 25.68 @ ep 2)  [6.6s]
  ep  39: R(t)=0.418  acc1=22.24%  acc2=21.42%  ens=21.83%  (best 25.68 @ ep 2)  [6.4s]
  ep  40: R(t)=0.418  acc1=21.36%  acc2=21.45%  ens=21.41%  (best 25.68 @ ep 2)  [6.6s]
  ep  41: R(t)=0.418  acc1=23.51%  acc2=24.77%  ens=24.14%  (best 25.68 @ ep 2)  [6.6s]
  ep  42: R(t)=0.418  acc1=20.37%  acc2=23.17%  ens=21.77%  (best 25.68 @ ep 2)  [6.5s]
  ep  43: R(t)=0.418  acc1=24.33%  acc2=23.16%  ens=23.75%  (best 25.68 @ ep 2)  [16.7s]
  ep  44: R(t)=0.418  acc1=23.79%  acc2=24.55%  ens=24.17%  (best 25.68 @ ep 2)  [16.7s]
  ep  45: R(t)=0.418  acc1=21.84%  acc2=21.29%  ens=21.57%  (best 25.68 @ ep 2)  [16.5s]
  ep  46: R(t)=0.418  acc1=23.04%  acc2=21.11%  ens=22.07%  (best 25.68 @ ep 2)  [16.2s]
  ep  47: R(t)=0.418  acc1=24.83%  acc2=24.92%  ens=24.88%  (best 25.68 @ ep 2)  [16.4s]
  ep  48: R(t)=0.418  acc1=21.56%  acc2=23.02%  ens=22.29%  (best 25.68 @ ep 2)  [17.0s]
  ep  49: R(t)=0.418  acc1=21.93%  acc2=23.13%  ens=22.53%  (best 25.68 @ ep 2)  [17.3s]
  ep  50: R(t)=0.418  acc1=24.59%  acc2=24.43%  ens=24.51%  (best 25.68 @ ep 2)  [22.6s]  [sel1+2: prec=0.422, recall_clean=0.441]
  ep  51: R(t)=0.418  acc1=23.22%  acc2=23.34%  ens=23.28%  (best 25.68 @ ep 2)  [6.9s]
  ep  52: R(t)=0.418  acc1=22.88%  acc2=23.25%  ens=23.07%  (best 25.68 @ ep 2)  [6.3s]
  ep  53: R(t)=0.418  acc1=24.10%  acc2=24.27%  ens=24.19%  (best 25.68 @ ep 2)  [6.5s]
  ep  54: R(t)=0.418  acc1=24.72%  acc2=23.92%  ens=24.32%  (best 25.68 @ ep 2)  [6.6s]
  ep  55: R(t)=0.418  acc1=23.89%  acc2=23.53%  ens=23.71%  (best 25.68 @ ep 2)  [6.7s]
  ep  56: R(t)=0.418  acc1=24.92%  acc2=24.57%  ens=24.75%  (best 25.68 @ ep 2)  [6.3s]
  ep  57: R(t)=0.418  acc1=22.95%  acc2=22.98%  ens=22.97%  (best 25.68 @ ep 2)  [6.9s]
  ep  58: R(t)=0.418  acc1=23.82%  acc2=24.30%  ens=24.06%  (best 25.68 @ ep 2)  [6.4s]
  ep  59: R(t)=0.418  acc1=23.03%  acc2=22.14%  ens=22.59%  (best 25.68 @ ep 2)  [6.4s]
  ep  60: R(t)=0.418  acc1=22.88%  acc2=23.62%  ens=23.25%  (best 25.68 @ ep 2)  [12.6s]
  ep  61: R(t)=0.418  acc1=22.86%  acc2=21.91%  ens=22.38%  (best 25.68 @ ep 2)  [17.5s]
  ep  62: R(t)=0.418  acc1=22.65%  acc2=22.32%  ens=22.48%  (best 25.68 @ ep 2)  [15.7s]
  ep  63: R(t)=0.418  acc1=22.43%  acc2=21.02%  ens=21.73%  (best 25.68 @ ep 2)  [6.7s]
  ep  64: R(t)=0.418  acc1=22.21%  acc2=22.23%  ens=22.22%  (best 25.68 @ ep 2)  [6.6s]
  ep  65: R(t)=0.418  acc1=23.74%  acc2=24.06%  ens=23.90%  (best 25.68 @ ep 2)  [6.8s]
  ep  66: R(t)=0.418  acc1=24.75%  acc2=24.54%  ens=24.64%  (best 25.68 @ ep 2)  [6.5s]
  ep  67: R(t)=0.418  acc1=25.32%  acc2=25.81%  ens=25.56%  (best 25.68 @ ep 2)  [6.8s]
  ep  68: R(t)=0.418  acc1=24.49%  acc2=23.76%  ens=24.13%  (best 25.68 @ ep 2)  [6.7s]
  ep  69: R(t)=0.418  acc1=24.99%  acc2=24.93%  ens=24.96%  (best 25.68 @ ep 2)  [6.5s]
  ep  70: R(t)=0.418  acc1=24.74%  acc2=23.74%  ens=24.24%  (best 25.68 @ ep 2)  [6.7s]
  ep  71: R(t)=0.418  acc1=25.01%  acc2=24.60%  ens=24.80%  (best 25.68 @ ep 2)  [7.1s]
  ep  72: R(t)=0.418  acc1=24.45%  acc2=24.45%  ens=24.45%  (best 25.68 @ ep 2)  [17.0s]
  ep  73: R(t)=0.418  acc1=24.27%  acc2=23.72%  ens=24.00%  (best 25.68 @ ep 2)  [15.9s]
  ep  74: R(t)=0.418  acc1=25.96%  acc2=24.60%  ens=25.28%  (best 25.68 @ ep 2)  [19.5s]
  ep  75: R(t)=0.418  acc1=24.86%  acc2=23.98%  ens=24.42%  (best 25.68 @ ep 2)  [25.3s]  [sel1+2: prec=0.441, recall_clean=0.451]
  ep  76: R(t)=0.418  acc1=23.84%  acc2=24.61%  ens=24.23%  (best 25.68 @ ep 2)  [17.1s]
  ep  77: R(t)=0.418  acc1=25.15%  acc2=25.10%  ens=25.12%  (best 25.68 @ ep 2)  [17.6s]
  ep  78: R(t)=0.418  acc1=25.83%  acc2=25.30%  ens=25.56%  (best 25.68 @ ep 2)  [16.7s]
  ep  79: R(t)=0.418  acc1=24.54%  acc2=24.77%  ens=24.65%  (best 25.68 @ ep 2)  [15.8s]
  ep  80: R(t)=0.418  acc1=24.65%  acc2=24.79%  ens=24.72%  (best 25.68 @ ep 2)  [15.6s]
  ep  81: R(t)=0.418  acc1=24.70%  acc2=24.89%  ens=24.80%  (best 25.68 @ ep 2)  [15.8s]
  ep  82: R(t)=0.418  acc1=24.74%  acc2=25.10%  ens=24.92%  (best 25.68 @ ep 2)  [18.0s]
  ep  83: R(t)=0.418  acc1=24.55%  acc2=24.51%  ens=24.53%  (best 25.68 @ ep 2)  [16.5s]
  ep  84: R(t)=0.418  acc1=24.31%  acc2=24.46%  ens=24.39%  (best 25.68 @ ep 2)  [14.4s]
  ep  85: R(t)=0.418  acc1=24.57%  acc2=24.44%  ens=24.50%  (best 25.68 @ ep 2)  [6.7s]
  ep  86: R(t)=0.418  acc1=24.55%  acc2=24.76%  ens=24.65%  (best 25.68 @ ep 2)  [6.5s]
  ep  87: R(t)=0.418  acc1=24.56%  acc2=24.42%  ens=24.49%  (best 25.68 @ ep 2)  [6.5s]
  ep  88: R(t)=0.418  acc1=24.52%  acc2=24.72%  ens=24.62%  (best 25.68 @ ep 2)  [6.9s]
  ep  89: R(t)=0.418  acc1=24.44%  acc2=24.66%  ens=24.55%  (best 25.68 @ ep 2)  [6.6s]
  ep  90: R(t)=0.418  acc1=25.00%  acc2=24.87%  ens=24.94%  (best 25.68 @ ep 2)  [6.4s]
  ep  91: R(t)=0.418  acc1=24.53%  acc2=24.60%  ens=24.56%  (best 25.68 @ ep 2)  [6.5s]
  ep  92: R(t)=0.418  acc1=24.51%  acc2=24.61%  ens=24.56%  (best 25.68 @ ep 2)  [6.6s]
  ep  93: R(t)=0.418  acc1=24.53%  acc2=24.61%  ens=24.57%  (best 25.68 @ ep 2)  [6.8s]
  ep  94: R(t)=0.418  acc1=24.63%  acc2=24.71%  ens=24.67%  (best 25.68 @ ep 2)  [15.9s]
  ep  95: R(t)=0.418  acc1=24.59%  acc2=24.74%  ens=24.66%  (best 25.68 @ ep 2)  [17.4s]
  ep  96: R(t)=0.418  acc1=24.90%  acc2=24.91%  ens=24.91%  (best 25.68 @ ep 2)  [16.6s]
  ep  97: R(t)=0.418  acc1=24.61%  acc2=24.74%  ens=24.68%  (best 25.68 @ ep 2)  [17.1s]
  ep  98: R(t)=0.418  acc1=24.60%  acc2=24.69%  ens=24.64%  (best 25.68 @ ep 2)  [6.6s]
  ep  99: R(t)=0.418  acc1=24.66%  acc2=24.70%  ens=24.68%  (best 25.68 @ ep 2)  [10.3s]  [sel1+2: prec=0.450, recall_clean=0.454]

saved /path/to/ciln-workspace/journal_edition/robustness_transfer/results_v4/coteaching/ours_v2_noisy__pixelate_sev5__seed0.json: best ens-acc 25.68% @ ep 2
