condition=ours_v2_clean__pixelate_sev1 seed=2 gpu=1
/path/to/ciln-workspace/venv/lib/python3.12/site-packages/torchvision/datasets/cifar.py:83: VisibleDeprecationWarning: dtype(): align should be passed as Python or NumPy boolean but got `align=0`. Did you mean to pass a tuple to create a subarray type? (Deprecated NumPy 2.4)
  entry = pickle.load(f, encoding="latin1")
image_source=clean  N=22500  noise_rate=11.68%
  ep   0: loss=1.8275  test_acc=40.80%  (best 40.80 @ ep 0)  [4.3s]
  ep   1: loss=1.4929  test_acc=47.29%  (best 47.29 @ ep 1)  [3.7s]
  ep   2: loss=1.2818  test_acc=54.81%  (best 54.81 @ ep 2)  [3.6s]
  ep   3: loss=1.1590  test_acc=58.26%  (best 58.26 @ ep 3)  [3.8s]
  ep   4: loss=1.0695  test_acc=58.13%  (best 58.26 @ ep 3)  [3.6s]
  ep   5: loss=0.9989  test_acc=61.60%  (best 61.60 @ ep 5)  [5.5s]  [logged per-sample loss: mean=1.073]
  ep   6: loss=0.9343  test_acc=66.22%  (best 66.22 @ ep 6)  [3.9s]
  ep   7: loss=0.8847  test_acc=71.64%  (best 71.64 @ ep 7)  [3.6s]
  ep   8: loss=0.8412  test_acc=69.40%  (best 71.64 @ ep 7)  [3.6s]
  ep   9: loss=0.8040  test_acc=67.47%  (best 71.64 @ ep 7)  [3.7s]
  ep  10: loss=0.7798  test_acc=62.66%  (best 71.64 @ ep 7)  [5.6s]  [logged per-sample loss: mean=1.120]
  ep  11: loss=0.7722  test_acc=69.33%  (best 71.64 @ ep 7)  [4.0s]
  ep  12: loss=0.7486  test_acc=69.44%  (best 71.64 @ ep 7)  [3.6s]
  ep  13: loss=0.7360  test_acc=72.64%  (best 72.64 @ ep 13)  [7.4s]
  ep  14: loss=0.7252  test_acc=69.12%  (best 72.64 @ ep 13)  [8.7s]
  ep  15: loss=0.7133  test_acc=71.74%  (best 72.64 @ ep 13)  [8.3s]
  ep  16: loss=0.6940  test_acc=71.14%  (best 72.64 @ ep 13)  [8.5s]
  ep  17: loss=0.6918  test_acc=67.64%  (best 72.64 @ ep 13)  [8.0s]
  ep  18: loss=0.6770  test_acc=70.81%  (best 72.64 @ ep 13)  [8.7s]
  ep  19: loss=0.6736  test_acc=70.40%  (best 72.64 @ ep 13)  [9.2s]
  ep  20: loss=0.6649  test_acc=76.66%  (best 76.66 @ ep 20)  [12.1s]  [logged per-sample loss: mean=0.702]
  ep  21: loss=0.6527  test_acc=57.34%  (best 76.66 @ ep 20)  [8.7s]
  ep  22: loss=0.6512  test_acc=75.56%  (best 76.66 @ ep 20)  [8.2s]
  ep  23: loss=0.6526  test_acc=69.90%  (best 76.66 @ ep 20)  [8.3s]
  ep  24: loss=0.6406  test_acc=73.34%  (best 76.66 @ ep 20)  [8.7s]
  ep  25: loss=0.6291  test_acc=75.72%  (best 76.66 @ ep 20)  [8.1s]
  ep  26: loss=0.6234  test_acc=70.97%  (best 76.66 @ ep 20)  [7.9s]
  ep  27: loss=0.6169  test_acc=73.65%  (best 76.66 @ ep 20)  [8.1s]
  ep  28: loss=0.6183  test_acc=71.78%  (best 76.66 @ ep 20)  [8.2s]
  ep  29: loss=0.5962  test_acc=75.46%  (best 76.66 @ ep 20)  [8.7s]
  ep  30: loss=0.5970  test_acc=73.98%  (best 76.66 @ ep 20)  [9.6s]  [logged per-sample loss: mean=0.706]
  ep  31: loss=0.5947  test_acc=68.53%  (best 76.66 @ ep 20)  [3.6s]
  ep  32: loss=0.5872  test_acc=77.70%  (best 77.70 @ ep 32)  [3.7s]
  ep  33: loss=0.5789  test_acc=69.19%  (best 77.70 @ ep 32)  [3.6s]
  ep  34: loss=0.5758  test_acc=74.46%  (best 77.70 @ ep 32)  [3.9s]
  ep  35: loss=0.5690  test_acc=74.44%  (best 77.70 @ ep 32)  [3.6s]
  ep  36: loss=0.5654  test_acc=74.22%  (best 77.70 @ ep 32)  [3.6s]
  ep  37: loss=0.5605  test_acc=77.91%  (best 77.91 @ ep 37)  [3.5s]
  ep  38: loss=0.5518  test_acc=74.00%  (best 77.91 @ ep 37)  [3.6s]
  ep  39: loss=0.5418  test_acc=72.43%  (best 77.91 @ ep 37)  [3.8s]
  ep  40: loss=0.5374  test_acc=78.85%  (best 78.85 @ ep 40)  [3.5s]
  ep  41: loss=0.5370  test_acc=78.43%  (best 78.85 @ ep 40)  [3.5s]
  ep  42: loss=0.5318  test_acc=79.54%  (best 79.54 @ ep 42)  [3.8s]
  ep  43: loss=0.5283  test_acc=75.60%  (best 79.54 @ ep 42)  [3.6s]
  ep  44: loss=0.5279  test_acc=71.76%  (best 79.54 @ ep 42)  [3.6s]
  ep  45: loss=0.5145  test_acc=76.73%  (best 79.54 @ ep 42)  [3.8s]
  ep  46: loss=0.5062  test_acc=75.28%  (best 79.54 @ ep 42)  [4.1s]
  ep  47: loss=0.5027  test_acc=77.46%  (best 79.54 @ ep 42)  [8.3s]
  ep  48: loss=0.4937  test_acc=77.17%  (best 79.54 @ ep 42)  [8.0s]
  ep  49: loss=0.4864  test_acc=78.38%  (best 79.54 @ ep 42)  [9.2s]
  ep  50: loss=0.4775  test_acc=74.94%  (best 79.54 @ ep 42)  [12.2s]  [logged per-sample loss: mean=0.641]
  ep  51: loss=0.4697  test_acc=76.35%  (best 79.54 @ ep 42)  [8.4s]
  ep  52: loss=0.4665  test_acc=78.95%  (best 79.54 @ ep 42)  [8.3s]
  ep  53: loss=0.4583  test_acc=79.28%  (best 79.54 @ ep 42)  [8.6s]
  ep  54: loss=0.4549  test_acc=80.59%  (best 80.59 @ ep 54)  [8.4s]
  ep  55: loss=0.4470  test_acc=79.19%  (best 80.59 @ ep 54)  [8.3s]
  ep  56: loss=0.4350  test_acc=78.30%  (best 80.59 @ ep 54)  [7.9s]
  ep  57: loss=0.4289  test_acc=79.27%  (best 80.59 @ ep 54)  [8.5s]
  ep  58: loss=0.4188  test_acc=79.43%  (best 80.59 @ ep 54)  [8.3s]
  ep  59: loss=0.4103  test_acc=80.32%  (best 80.59 @ ep 54)  [8.4s]
  ep  60: loss=0.4074  test_acc=78.80%  (best 80.59 @ ep 54)  [8.8s]
  ep  61: loss=0.3975  test_acc=81.71%  (best 81.71 @ ep 61)  [8.5s]
  ep  62: loss=0.3721  test_acc=79.94%  (best 81.71 @ ep 61)  [8.7s]
  ep  63: loss=0.3754  test_acc=79.12%  (best 81.71 @ ep 61)  [8.5s]
  ep  64: loss=0.3688  test_acc=81.37%  (best 81.71 @ ep 61)  [8.7s]
  ep  65: loss=0.3605  test_acc=82.66%  (best 82.66 @ ep 65)  [8.5s]
  ep  66: loss=0.3511  test_acc=82.21%  (best 82.66 @ ep 65)  [7.8s]
  ep  67: loss=0.3341  test_acc=80.92%  (best 82.66 @ ep 65)  [8.4s]
  ep  68: loss=0.3258  test_acc=79.88%  (best 82.66 @ ep 65)  [8.0s]
  ep  69: loss=0.3159  test_acc=80.35%  (best 82.66 @ ep 65)  [8.0s]
  ep  70: loss=0.3059  test_acc=77.62%  (best 82.66 @ ep 65)  [8.4s]
  ep  71: loss=0.2954  test_acc=79.75%  (best 82.66 @ ep 65)  [8.0s]
  ep  72: loss=0.2871  test_acc=82.56%  (best 82.66 @ ep 65)  [8.2s]
  ep  73: loss=0.2738  test_acc=80.73%  (best 82.66 @ ep 65)  [8.2s]
  ep  74: loss=0.2640  test_acc=81.23%  (best 82.66 @ ep 65)  [8.8s]
  ep  75: loss=0.2455  test_acc=82.52%  (best 82.66 @ ep 65)  [13.2s]  [logged per-sample loss: mean=0.207]
  ep  76: loss=0.2409  test_acc=82.23%  (best 82.66 @ ep 65)  [8.8s]
  ep  77: loss=0.2228  test_acc=81.97%  (best 82.66 @ ep 65)  [8.3s]
  ep  78: loss=0.2139  test_acc=82.23%  (best 82.66 @ ep 65)  [8.1s]
  ep  79: loss=0.2017  test_acc=80.89%  (best 82.66 @ ep 65)  [8.4s]
  ep  80: loss=0.1905  test_acc=82.50%  (best 82.66 @ ep 65)  [8.1s]
  ep  81: loss=0.1774  test_acc=82.19%  (best 82.66 @ ep 65)  [8.1s]
  ep  82: loss=0.1637  test_acc=82.60%  (best 82.66 @ ep 65)  [7.7s]
  ep  83: loss=0.1561  test_acc=83.22%  (best 83.22 @ ep 83)  [8.2s]
  ep  84: loss=0.1425  test_acc=83.09%  (best 83.22 @ ep 83)  [8.4s]
  ep  85: loss=0.1354  test_acc=83.16%  (best 83.22 @ ep 83)  [8.2s]
  ep  86: loss=0.1289  test_acc=82.83%  (best 83.22 @ ep 83)  [8.8s]
  ep  87: loss=0.1142  test_acc=83.83%  (best 83.83 @ ep 87)  [8.7s]
  ep  88: loss=0.1108  test_acc=83.73%  (best 83.83 @ ep 87)  [9.2s]
  ep  89: loss=0.1022  test_acc=83.70%  (best 83.83 @ ep 87)  [8.4s]
  ep  90: loss=0.0984  test_acc=83.66%  (best 83.83 @ ep 87)  [8.5s]
  ep  91: loss=0.0948  test_acc=83.73%  (best 83.83 @ ep 87)  [8.7s]
  ep  92: loss=0.0878  test_acc=83.80%  (best 83.83 @ ep 87)  [8.1s]
  ep  93: loss=0.0830  test_acc=83.81%  (best 83.83 @ ep 87)  [7.7s]
  ep  94: loss=0.0833  test_acc=84.11%  (best 84.11 @ ep 94)  [8.5s]
  ep  95: loss=0.0789  test_acc=83.98%  (best 84.11 @ ep 94)  [7.9s]
  ep  96: loss=0.0799  test_acc=84.12%  (best 84.12 @ ep 96)  [8.6s]
  ep  97: loss=0.0756  test_acc=84.20%  (best 84.20 @ ep 97)  [8.1s]
  ep  98: loss=0.0762  test_acc=84.16%  (best 84.20 @ ep 97)  [8.2s]
  ep  99: loss=0.0749  test_acc=84.17%  (best 84.20 @ ep 97)  [5.9s]  [logged per-sample loss: mean=0.053]

saved /path/to/ciln-workspace/journal_edition/robustness_transfer/results_v4/erm/ours_v2_clean__pixelate_sev1__seed2.json: best 84.20% @ ep 97
