condition=ours_v2_clean__pixelate_sev5 seed=0 gpu=1
/path/to/ciln-workspace/venv/lib/python3.12/site-packages/torchvision/datasets/cifar.py:83: VisibleDeprecationWarning: dtype(): align should be passed as Python or NumPy boolean but got `align=0`. Did you mean to pass a tuple to create a subarray type? (Deprecated NumPy 2.4)
  entry = pickle.load(f, encoding="latin1")
image_source=clean  N=22500  noise_rate=58.23%
  ep   0: loss=1.7133  test_acc=17.12%  (best 17.12 @ ep 0)  [4.6s]
  ep   1: loss=1.5591  test_acc=25.75%  (best 25.75 @ ep 1)  [3.7s]
  ep   2: loss=1.4766  test_acc=28.01%  (best 28.01 @ ep 2)  [3.6s]
  ep   3: loss=1.4128  test_acc=27.68%  (best 28.01 @ ep 2)  [3.7s]
  ep   4: loss=1.3742  test_acc=29.76%  (best 29.76 @ ep 4)  [3.7s]
  ep   5: loss=1.3416  test_acc=29.27%  (best 29.76 @ ep 4)  [5.5s]  [logged per-sample loss: mean=1.373]
  ep   6: loss=1.3253  test_acc=28.12%  (best 29.76 @ ep 4)  [3.7s]
  ep   7: loss=1.3012  test_acc=37.58%  (best 37.58 @ ep 7)  [3.6s]
  ep   8: loss=1.2868  test_acc=31.21%  (best 37.58 @ ep 7)  [3.7s]
  ep   9: loss=1.2750  test_acc=27.09%  (best 37.58 @ ep 7)  [3.6s]
  ep  10: loss=1.2585  test_acc=38.31%  (best 38.31 @ ep 10)  [5.5s]  [logged per-sample loss: mean=1.314]
  ep  11: loss=1.2469  test_acc=30.56%  (best 38.31 @ ep 10)  [5.5s]
  ep  12: loss=1.2410  test_acc=35.95%  (best 38.31 @ ep 10)  [8.2s]
  ep  13: loss=1.2380  test_acc=36.74%  (best 38.31 @ ep 10)  [8.5s]
  ep  14: loss=1.2258  test_acc=32.08%  (best 38.31 @ ep 10)  [8.0s]
  ep  15: loss=1.2196  test_acc=30.27%  (best 38.31 @ ep 10)  [8.3s]
  ep  16: loss=1.2121  test_acc=32.44%  (best 38.31 @ ep 10)  [8.6s]
  ep  17: loss=1.2073  test_acc=43.28%  (best 43.28 @ ep 17)  [8.7s]
  ep  18: loss=1.2038  test_acc=34.41%  (best 43.28 @ ep 17)  [8.0s]
  ep  19: loss=1.2062  test_acc=32.30%  (best 43.28 @ ep 17)  [8.0s]
  ep  20: loss=1.1871  test_acc=37.63%  (best 43.28 @ ep 17)  [11.7s]  [logged per-sample loss: mean=1.251]
  ep  21: loss=1.1877  test_acc=35.24%  (best 43.28 @ ep 17)  [8.3s]
  ep  22: loss=1.1818  test_acc=37.17%  (best 43.28 @ ep 17)  [8.6s]
  ep  23: loss=1.1748  test_acc=38.29%  (best 43.28 @ ep 17)  [8.1s]
  ep  24: loss=1.1676  test_acc=38.16%  (best 43.28 @ ep 17)  [8.6s]
  ep  25: loss=1.1687  test_acc=36.88%  (best 43.28 @ ep 17)  [8.0s]
  ep  26: loss=1.1692  test_acc=40.21%  (best 43.28 @ ep 17)  [8.3s]
  ep  27: loss=1.1582  test_acc=33.57%  (best 43.28 @ ep 17)  [8.4s]
  ep  28: loss=1.1532  test_acc=38.87%  (best 43.28 @ ep 17)  [8.3s]
  ep  29: loss=1.1522  test_acc=37.07%  (best 43.28 @ ep 17)  [8.3s]
  ep  30: loss=1.1414  test_acc=36.51%  (best 43.28 @ ep 17)  [6.0s]  [logged per-sample loss: mean=1.188]
  ep  31: loss=1.1442  test_acc=38.92%  (best 43.28 @ ep 17)  [3.6s]
  ep  32: loss=1.1408  test_acc=40.92%  (best 43.28 @ ep 17)  [3.5s]
  ep  33: loss=1.1383  test_acc=38.86%  (best 43.28 @ ep 17)  [4.1s]
  ep  34: loss=1.1313  test_acc=41.13%  (best 43.28 @ ep 17)  [3.6s]
  ep  35: loss=1.1280  test_acc=34.53%  (best 43.28 @ ep 17)  [3.6s]
  ep  36: loss=1.1235  test_acc=39.57%  (best 43.28 @ ep 17)  [3.8s]
  ep  37: loss=1.1218  test_acc=40.19%  (best 43.28 @ ep 17)  [3.6s]
  ep  38: loss=1.1161  test_acc=40.09%  (best 43.28 @ ep 17)  [3.7s]
  ep  39: loss=1.1116  test_acc=35.63%  (best 43.28 @ ep 17)  [3.6s]
  ep  40: loss=1.1087  test_acc=36.90%  (best 43.28 @ ep 17)  [3.7s]
  ep  41: loss=1.1027  test_acc=31.25%  (best 43.28 @ ep 17)  [3.7s]
  ep  42: loss=1.0968  test_acc=35.91%  (best 43.28 @ ep 17)  [3.7s]
  ep  43: loss=1.0938  test_acc=39.59%  (best 43.28 @ ep 17)  [3.7s]
  ep  44: loss=1.0916  test_acc=34.83%  (best 43.28 @ ep 17)  [3.9s]
  ep  45: loss=1.0900  test_acc=45.24%  (best 45.24 @ ep 45)  [3.8s]
  ep  46: loss=1.0823  test_acc=36.42%  (best 45.24 @ ep 45)  [3.6s]
  ep  47: loss=1.0810  test_acc=43.91%  (best 45.24 @ ep 45)  [9.1s]
  ep  48: loss=1.0703  test_acc=37.68%  (best 45.24 @ ep 45)  [9.3s]
  ep  49: loss=1.0695  test_acc=44.05%  (best 45.24 @ ep 45)  [9.1s]
  ep  50: loss=1.0657  test_acc=40.48%  (best 45.24 @ ep 45)  [12.0s]  [logged per-sample loss: mean=1.084]
  ep  51: loss=1.0592  test_acc=40.67%  (best 45.24 @ ep 45)  [8.4s]
  ep  52: loss=1.0517  test_acc=41.81%  (best 45.24 @ ep 45)  [9.2s]
  ep  53: loss=1.0487  test_acc=37.40%  (best 45.24 @ ep 45)  [8.3s]
  ep  54: loss=1.0405  test_acc=42.94%  (best 45.24 @ ep 45)  [3.5s]
  ep  55: loss=1.0346  test_acc=39.11%  (best 45.24 @ ep 45)  [3.8s]
  ep  56: loss=1.0294  test_acc=38.16%  (best 45.24 @ ep 45)  [3.6s]
  ep  57: loss=1.0274  test_acc=37.70%  (best 45.24 @ ep 45)  [3.6s]
  ep  58: loss=1.0209  test_acc=42.69%  (best 45.24 @ ep 45)  [3.8s]
  ep  59: loss=1.0158  test_acc=46.61%  (best 46.61 @ ep 59)  [3.8s]
  ep  60: loss=1.0006  test_acc=45.34%  (best 46.61 @ ep 59)  [3.8s]
  ep  61: loss=0.9978  test_acc=45.30%  (best 46.61 @ ep 59)  [3.6s]
  ep  62: loss=0.9912  test_acc=37.97%  (best 46.61 @ ep 59)  [3.6s]
  ep  63: loss=0.9789  test_acc=38.68%  (best 46.61 @ ep 59)  [3.8s]
  ep  64: loss=0.9764  test_acc=38.43%  (best 46.61 @ ep 59)  [3.8s]
  ep  65: loss=0.9729  test_acc=39.37%  (best 46.61 @ ep 59)  [3.6s]
  ep  66: loss=0.9572  test_acc=39.10%  (best 46.61 @ ep 59)  [3.9s]
  ep  67: loss=0.9530  test_acc=38.44%  (best 46.61 @ ep 59)  [3.5s]
  ep  68: loss=0.9332  test_acc=40.32%  (best 46.61 @ ep 59)  [3.6s]
  ep  69: loss=0.9348  test_acc=40.37%  (best 46.61 @ ep 59)  [3.5s]
  ep  70: loss=0.9234  test_acc=44.50%  (best 46.61 @ ep 59)  [4.1s]
  ep  71: loss=0.9077  test_acc=39.77%  (best 46.61 @ ep 59)  [8.4s]
  ep  72: loss=0.8996  test_acc=39.41%  (best 46.61 @ ep 59)  [8.7s]
  ep  73: loss=0.8871  test_acc=43.19%  (best 46.61 @ ep 59)  [8.0s]
  ep  74: loss=0.8716  test_acc=40.39%  (best 46.61 @ ep 59)  [9.2s]
  ep  75: loss=0.8629  test_acc=42.40%  (best 46.61 @ ep 59)  [13.0s]  [logged per-sample loss: mean=0.826]
  ep  76: loss=0.8453  test_acc=42.41%  (best 46.61 @ ep 59)  [8.4s]
  ep  77: loss=0.8311  test_acc=44.02%  (best 46.61 @ ep 59)  [8.6s]
  ep  78: loss=0.8136  test_acc=41.96%  (best 46.61 @ ep 59)  [8.3s]
  ep  79: loss=0.7989  test_acc=41.02%  (best 46.61 @ ep 59)  [8.6s]
  ep  80: loss=0.7859  test_acc=42.97%  (best 46.61 @ ep 59)  [8.4s]
  ep  81: loss=0.7725  test_acc=42.75%  (best 46.61 @ ep 59)  [8.0s]
  ep  82: loss=0.7568  test_acc=44.10%  (best 46.61 @ ep 59)  [8.3s]
  ep  83: loss=0.7434  test_acc=43.22%  (best 46.61 @ ep 59)  [7.8s]
  ep  84: loss=0.7190  test_acc=39.59%  (best 46.61 @ ep 59)  [8.4s]
  ep  85: loss=0.7111  test_acc=44.49%  (best 46.61 @ ep 59)  [8.1s]
  ep  86: loss=0.6879  test_acc=40.12%  (best 46.61 @ ep 59)  [8.5s]
  ep  87: loss=0.6690  test_acc=42.70%  (best 46.61 @ ep 59)  [8.7s]
  ep  88: loss=0.6518  test_acc=40.33%  (best 46.61 @ ep 59)  [8.5s]
  ep  89: loss=0.6312  test_acc=40.98%  (best 46.61 @ ep 59)  [8.0s]
  ep  90: loss=0.6170  test_acc=40.83%  (best 46.61 @ ep 59)  [8.0s]
  ep  91: loss=0.6015  test_acc=40.76%  (best 46.61 @ ep 59)  [8.0s]
  ep  92: loss=0.5850  test_acc=41.19%  (best 46.61 @ ep 59)  [8.4s]
  ep  93: loss=0.5635  test_acc=41.83%  (best 46.61 @ ep 59)  [8.3s]
  ep  94: loss=0.5582  test_acc=40.60%  (best 46.61 @ ep 59)  [8.5s]
  ep  95: loss=0.5452  test_acc=41.44%  (best 46.61 @ ep 59)  [8.3s]
  ep  96: loss=0.5411  test_acc=41.15%  (best 46.61 @ ep 59)  [7.9s]
  ep  97: loss=0.5358  test_acc=40.75%  (best 46.61 @ ep 59)  [8.5s]
  ep  98: loss=0.5287  test_acc=40.77%  (best 46.61 @ ep 59)  [8.0s]
  ep  99: loss=0.5300  test_acc=40.77%  (best 46.61 @ ep 59)  [5.7s]  [logged per-sample loss: mean=0.474]

saved /path/to/ciln-workspace/journal_edition/robustness_transfer/results_v4/erm/ours_v2_clean__pixelate_sev5__seed0.json: best 46.61% @ ep 59
