condition=ours_v2_clean__frost_sev1 seed=1 gpu=1
/path/to/ciln-workspace/venv/lib/python3.12/site-packages/torchvision/datasets/cifar.py:83: VisibleDeprecationWarning: dtype(): align should be passed as Python or NumPy boolean but got `align=0`. Did you mean to pass a tuple to create a subarray type? (Deprecated NumPy 2.4)
  entry = pickle.load(f, encoding="latin1")
image_source=clean  N=22500  noise_rate=10.16%
  ep   0: R(t)=1.000  acc1=34.62%  acc2=31.57%  ens=33.09%  (best 33.09 @ ep 0)  [7.7s]
  ep   1: R(t)=0.968  acc1=47.02%  acc2=44.25%  ens=45.64%  (best 45.64 @ ep 1)  [6.6s]
  ep   2: R(t)=0.955  acc1=51.52%  acc2=52.91%  ens=52.22%  (best 52.22 @ ep 2)  [6.8s]
  ep   3: R(t)=0.944  acc1=60.76%  acc2=59.66%  ens=60.21%  (best 60.21 @ ep 3)  [6.7s]
  ep   4: R(t)=0.936  acc1=55.62%  acc2=60.92%  ens=58.27%  (best 60.21 @ ep 3)  [6.4s]
  ep   5: R(t)=0.928  acc1=64.51%  acc2=63.87%  ens=64.19%  (best 64.19 @ ep 5)  [9.7s]  [sel1+2: prec=0.913, recall_clean=0.966]
  ep   6: R(t)=0.921  acc1=64.81%  acc2=60.58%  ens=62.70%  (best 64.19 @ ep 5)  [6.5s]
  ep   7: R(t)=0.915  acc1=60.80%  acc2=61.07%  ens=60.94%  (best 64.19 @ ep 5)  [9.5s]
  ep   8: R(t)=0.909  acc1=70.84%  acc2=67.65%  ens=69.25%  (best 69.25 @ ep 8)  [17.8s]
  ep   9: R(t)=0.904  acc1=61.23%  acc2=65.89%  ens=63.56%  (best 69.25 @ ep 8)  [6.6s]
  ep  10: R(t)=0.898  acc1=63.57%  acc2=68.61%  ens=66.09%  (best 69.25 @ ep 8)  [10.5s]  [sel1+2: prec=0.923, recall_clean=0.955]
  ep  11: R(t)=0.898  acc1=66.34%  acc2=62.01%  ens=64.18%  (best 69.25 @ ep 8)  [6.6s]
  ep  12: R(t)=0.898  acc1=72.34%  acc2=73.14%  ens=72.74%  (best 72.74 @ ep 12)  [6.5s]
  ep  13: R(t)=0.898  acc1=69.02%  acc2=68.90%  ens=68.96%  (best 72.74 @ ep 12)  [6.3s]
  ep  14: R(t)=0.898  acc1=73.17%  acc2=67.45%  ens=70.31%  (best 72.74 @ ep 12)  [6.8s]
  ep  15: R(t)=0.898  acc1=65.36%  acc2=66.56%  ens=65.96%  (best 72.74 @ ep 12)  [6.8s]
  ep  16: R(t)=0.898  acc1=67.53%  acc2=72.89%  ens=70.21%  (best 72.74 @ ep 12)  [6.5s]
  ep  17: R(t)=0.898  acc1=73.80%  acc2=73.14%  ens=73.47%  (best 73.47 @ ep 17)  [12.0s]
  ep  18: R(t)=0.898  acc1=73.76%  acc2=68.03%  ens=70.89%  (best 73.47 @ ep 17)  [18.2s]
  ep  19: R(t)=0.898  acc1=65.00%  acc2=58.29%  ens=61.64%  (best 73.47 @ ep 17)  [17.1s]
  ep  20: R(t)=0.898  acc1=70.45%  acc2=69.63%  ens=70.04%  (best 73.47 @ ep 17)  [22.8s]  [sel1+2: prec=0.927, recall_clean=0.958]
  ep  21: R(t)=0.898  acc1=72.65%  acc2=72.64%  ens=72.65%  (best 73.47 @ ep 17)  [6.6s]
  ep  22: R(t)=0.898  acc1=77.03%  acc2=71.06%  ens=74.05%  (best 74.05 @ ep 22)  [6.4s]
  ep  23: R(t)=0.898  acc1=73.84%  acc2=75.50%  ens=74.67%  (best 74.67 @ ep 23)  [6.3s]
  ep  24: R(t)=0.898  acc1=74.87%  acc2=76.92%  ens=75.89%  (best 75.89 @ ep 24)  [6.6s]
  ep  25: R(t)=0.898  acc1=71.40%  acc2=68.88%  ens=70.14%  (best 75.89 @ ep 24)  [6.4s]
  ep  26: R(t)=0.898  acc1=72.71%  acc2=75.32%  ens=74.02%  (best 75.89 @ ep 24)  [6.4s]
  ep  27: R(t)=0.898  acc1=74.77%  acc2=75.50%  ens=75.13%  (best 75.89 @ ep 24)  [6.6s]
  ep  28: R(t)=0.898  acc1=74.64%  acc2=69.29%  ens=71.96%  (best 75.89 @ ep 24)  [6.4s]
  ep  29: R(t)=0.898  acc1=76.73%  acc2=75.38%  ens=76.06%  (best 76.06 @ ep 29)  [6.4s]
  ep  30: R(t)=0.898  acc1=69.96%  acc2=72.49%  ens=71.23%  (best 76.06 @ ep 29)  [21.9s]  [sel1+2: prec=0.929, recall_clean=0.961]
  ep  31: R(t)=0.898  acc1=70.30%  acc2=73.80%  ens=72.05%  (best 76.06 @ ep 29)  [17.7s]
  ep  32: R(t)=0.898  acc1=78.49%  acc2=76.59%  ens=77.54%  (best 77.54 @ ep 32)  [17.7s]
  ep  33: R(t)=0.898  acc1=76.50%  acc2=77.06%  ens=76.78%  (best 77.54 @ ep 32)  [17.3s]
  ep  34: R(t)=0.898  acc1=76.55%  acc2=74.61%  ens=75.58%  (best 77.54 @ ep 32)  [16.7s]
  ep  35: R(t)=0.898  acc1=74.50%  acc2=68.30%  ens=71.40%  (best 77.54 @ ep 32)  [17.8s]
  ep  36: R(t)=0.898  acc1=74.38%  acc2=73.01%  ens=73.69%  (best 77.54 @ ep 32)  [19.7s]
  ep  37: R(t)=0.898  acc1=79.37%  acc2=74.36%  ens=76.87%  (best 77.54 @ ep 32)  [17.5s]
  ep  38: R(t)=0.898  acc1=77.59%  acc2=75.34%  ens=76.47%  (best 77.54 @ ep 32)  [6.6s]
  ep  39: R(t)=0.898  acc1=76.60%  acc2=76.77%  ens=76.69%  (best 77.54 @ ep 32)  [6.8s]
  ep  40: R(t)=0.898  acc1=75.41%  acc2=75.25%  ens=75.33%  (best 77.54 @ ep 32)  [6.5s]
  ep  41: R(t)=0.898  acc1=78.78%  acc2=78.75%  ens=78.77%  (best 78.77 @ ep 41)  [6.5s]
  ep  42: R(t)=0.898  acc1=77.16%  acc2=74.27%  ens=75.72%  (best 78.77 @ ep 41)  [6.4s]
  ep  43: R(t)=0.898  acc1=80.10%  acc2=73.45%  ens=76.78%  (best 78.77 @ ep 41)  [6.6s]
  ep  44: R(t)=0.898  acc1=79.38%  acc2=80.03%  ens=79.70%  (best 79.70 @ ep 44)  [6.6s]
  ep  45: R(t)=0.898  acc1=78.15%  acc2=79.75%  ens=78.95%  (best 79.70 @ ep 44)  [6.3s]
  ep  46: R(t)=0.898  acc1=75.87%  acc2=79.08%  ens=77.48%  (best 79.70 @ ep 44)  [6.5s]
  ep  47: R(t)=0.898  acc1=78.79%  acc2=73.78%  ens=76.28%  (best 79.70 @ ep 44)  [7.5s]
  ep  48: R(t)=0.898  acc1=73.72%  acc2=81.24%  ens=77.48%  (best 79.70 @ ep 44)  [18.6s]
  ep  49: R(t)=0.898  acc1=74.76%  acc2=77.62%  ens=76.19%  (best 79.70 @ ep 44)  [17.0s]
  ep  50: R(t)=0.898  acc1=76.36%  acc2=77.69%  ens=77.03%  (best 79.70 @ ep 44)  [24.5s]  [sel1+2: prec=0.934, recall_clean=0.963]
  ep  51: R(t)=0.898  acc1=73.19%  acc2=79.93%  ens=76.56%  (best 79.70 @ ep 44)  [18.8s]
  ep  52: R(t)=0.898  acc1=79.51%  acc2=80.91%  ens=80.21%  (best 80.21 @ ep 52)  [6.6s]
  ep  53: R(t)=0.898  acc1=79.14%  acc2=75.25%  ens=77.19%  (best 80.21 @ ep 52)  [6.5s]
  ep  54: R(t)=0.898  acc1=78.88%  acc2=81.15%  ens=80.01%  (best 80.21 @ ep 52)  [6.3s]
  ep  55: R(t)=0.898  acc1=78.68%  acc2=81.33%  ens=80.01%  (best 80.21 @ ep 52)  [6.7s]
  ep  56: R(t)=0.898  acc1=82.40%  acc2=82.23%  ens=82.31%  (best 82.31 @ ep 56)  [6.3s]
  ep  57: R(t)=0.898  acc1=81.07%  acc2=80.72%  ens=80.90%  (best 82.31 @ ep 56)  [6.6s]
  ep  58: R(t)=0.898  acc1=80.34%  acc2=81.41%  ens=80.88%  (best 82.31 @ ep 56)  [6.5s]
  ep  59: R(t)=0.898  acc1=81.29%  acc2=80.17%  ens=80.73%  (best 82.31 @ ep 56)  [6.4s]
  ep  60: R(t)=0.898  acc1=80.78%  acc2=79.38%  ens=80.08%  (best 82.31 @ ep 56)  [6.2s]
  ep  61: R(t)=0.898  acc1=83.50%  acc2=81.73%  ens=82.61%  (best 82.61 @ ep 61)  [8.3s]
  ep  62: R(t)=0.898  acc1=81.30%  acc2=82.76%  ens=82.03%  (best 82.61 @ ep 61)  [11.5s]
  ep  63: R(t)=0.898  acc1=81.28%  acc2=81.27%  ens=81.27%  (best 82.61 @ ep 61)  [6.5s]
  ep  64: R(t)=0.898  acc1=83.38%  acc2=83.65%  ens=83.52%  (best 83.52 @ ep 64)  [6.4s]
  ep  65: R(t)=0.898  acc1=82.17%  acc2=81.38%  ens=81.77%  (best 83.52 @ ep 64)  [6.4s]
  ep  66: R(t)=0.898  acc1=81.89%  acc2=83.02%  ens=82.45%  (best 83.52 @ ep 64)  [6.2s]
  ep  67: R(t)=0.898  acc1=83.76%  acc2=83.36%  ens=83.56%  (best 83.56 @ ep 67)  [6.5s]
  ep  68: R(t)=0.898  acc1=82.44%  acc2=82.54%  ens=82.49%  (best 83.56 @ ep 67)  [6.5s]
  ep  69: R(t)=0.898  acc1=83.26%  acc2=83.86%  ens=83.56%  (best 83.56 @ ep 67)  [6.5s]
  ep  70: R(t)=0.898  acc1=83.81%  acc2=83.63%  ens=83.72%  (best 83.72 @ ep 70)  [6.4s]
  ep  71: R(t)=0.898  acc1=82.50%  acc2=84.06%  ens=83.28%  (best 83.72 @ ep 70)  [6.4s]
  ep  72: R(t)=0.898  acc1=83.54%  acc2=84.33%  ens=83.94%  (best 83.94 @ ep 72)  [17.8s]
  ep  73: R(t)=0.898  acc1=84.57%  acc2=83.42%  ens=84.00%  (best 84.00 @ ep 73)  [17.2s]
  ep  74: R(t)=0.898  acc1=84.08%  acc2=84.92%  ens=84.50%  (best 84.50 @ ep 74)  [18.3s]
  ep  75: R(t)=0.898  acc1=84.60%  acc2=83.93%  ens=84.27%  (best 84.50 @ ep 74)  [24.0s]  [sel1+2: prec=0.939, recall_clean=0.964]
  ep  76: R(t)=0.898  acc1=84.75%  acc2=85.24%  ens=85.00%  (best 85.00 @ ep 76)  [17.4s]
  ep  77: R(t)=0.898  acc1=83.94%  acc2=85.28%  ens=84.61%  (best 85.00 @ ep 76)  [16.5s]
  ep  78: R(t)=0.898  acc1=85.44%  acc2=85.59%  ens=85.52%  (best 85.52 @ ep 78)  [19.0s]
  ep  79: R(t)=0.898  acc1=86.35%  acc2=85.46%  ens=85.91%  (best 85.91 @ ep 79)  [20.6s]
  ep  80: R(t)=0.898  acc1=86.19%  acc2=86.04%  ens=86.12%  (best 86.12 @ ep 80)  [6.4s]
  ep  81: R(t)=0.898  acc1=86.20%  acc2=86.13%  ens=86.17%  (best 86.17 @ ep 81)  [6.1s]
  ep  82: R(t)=0.898  acc1=85.77%  acc2=85.91%  ens=85.84%  (best 86.17 @ ep 81)  [6.8s]
  ep  83: R(t)=0.898  acc1=86.19%  acc2=86.24%  ens=86.22%  (best 86.22 @ ep 83)  [6.6s]
  ep  84: R(t)=0.898  acc1=85.98%  acc2=85.89%  ens=85.94%  (best 86.22 @ ep 83)  [6.5s]
  ep  85: R(t)=0.898  acc1=86.78%  acc2=86.44%  ens=86.61%  (best 86.61 @ ep 85)  [6.5s]
  ep  86: R(t)=0.898  acc1=86.59%  acc2=86.48%  ens=86.54%  (best 86.61 @ ep 85)  [6.4s]
  ep  87: R(t)=0.898  acc1=86.52%  acc2=86.59%  ens=86.56%  (best 86.61 @ ep 85)  [6.5s]
  ep  88: R(t)=0.898  acc1=86.38%  acc2=86.31%  ens=86.34%  (best 86.61 @ ep 85)  [6.3s]
  ep  89: R(t)=0.898  acc1=86.33%  acc2=86.50%  ens=86.41%  (best 86.61 @ ep 85)  [8.5s]
  ep  90: R(t)=0.898  acc1=86.78%  acc2=86.65%  ens=86.72%  (best 86.72 @ ep 90)  [17.2s]
  ep  91: R(t)=0.898  acc1=86.70%  acc2=86.83%  ens=86.77%  (best 86.77 @ ep 91)  [18.1s]
  ep  92: R(t)=0.898  acc1=86.76%  acc2=86.83%  ens=86.80%  (best 86.80 @ ep 92)  [17.3s]
  ep  93: R(t)=0.898  acc1=86.74%  acc2=86.75%  ens=86.75%  (best 86.80 @ ep 92)  [17.7s]
  ep  94: R(t)=0.898  acc1=86.61%  acc2=86.68%  ens=86.64%  (best 86.80 @ ep 92)  [6.5s]
  ep  95: R(t)=0.898  acc1=86.73%  acc2=86.77%  ens=86.75%  (best 86.80 @ ep 92)  [6.6s]
  ep  96: R(t)=0.898  acc1=86.89%  acc2=86.82%  ens=86.85%  (best 86.85 @ ep 96)  [6.2s]
  ep  97: R(t)=0.898  acc1=86.90%  acc2=86.80%  ens=86.85%  (best 86.85 @ ep 96)  [6.6s]
  ep  98: R(t)=0.898  acc1=86.70%  acc2=86.66%  ens=86.68%  (best 86.85 @ ep 96)  [6.7s]
  ep  99: R(t)=0.898  acc1=86.75%  acc2=86.68%  ens=86.72%  (best 86.85 @ ep 96)  [10.4s]  [sel1+2: prec=0.943, recall_clean=0.961]

saved /path/to/ciln-workspace/journal_edition/robustness_transfer/results_v4/coteaching/ours_v2_clean__frost_sev1__seed1.json: best ens-acc 86.85% @ ep 96
