condition=ours_v2_noisy__snow_sev3 seed=2 gpu=2
/path/to/ciln-workspace/venv/lib/python3.12/site-packages/torchvision/datasets/cifar.py:83: VisibleDeprecationWarning: dtype(): align should be passed as Python or NumPy boolean but got `align=0`. Did you mean to pass a tuple to create a subarray type? (Deprecated NumPy 2.4)
  entry = pickle.load(f, encoding="latin1")
image_source=noisy  N_train=22500  noise_rate=19.37%
  ep   0: acc1=39.03%  acc2=37.70%  ens=38.37%  (best 38.37 @ ep 0)  [8.2s]
  ep   1: acc1=44.41%  acc2=44.85%  ens=44.63%  (best 44.63 @ ep 1)  [8.0s]
  ep   2: acc1=56.42%  acc2=52.95%  ens=54.69%  (best 54.69 @ ep 2)  [7.6s]
  ep   3: acc1=51.55%  acc2=54.58%  ens=53.06%  (best 54.69 @ ep 2)  [7.4s]
  ep   4: acc1=58.11%  acc2=56.68%  ens=57.39%  (best 57.39 @ ep 4)  [7.6s]
  ep   5: acc1=61.81%  acc2=59.96%  ens=60.88%  (best 60.88 @ ep 5)  [13.6s]  [w on clean=0.805, on noisy=0.502]
  ep   6: acc1=59.21%  acc2=64.72%  ens=61.97%  (best 61.97 @ ep 6)  [15.9s]
  ep   7: acc1=51.77%  acc2=63.31%  ens=57.54%  (best 61.97 @ ep 6)  [15.7s]
  ep   8: acc1=67.23%  acc2=59.08%  ens=63.16%  (best 63.16 @ ep 8)  [15.7s]
  ep   9: acc1=67.38%  acc2=63.13%  ens=65.25%  (best 65.25 @ ep 9)  [15.5s]
  ep  10: acc1=37.74%  acc2=33.44%  ens=35.59%  (best 65.25 @ ep 9)  [75.8s]  [w on clean=0.539, on noisy=0.322]
  ep  11: acc1=29.11%  acc2=26.02%  ens=27.57%  (best 65.25 @ ep 9)  [23.3s]
  ep  12: acc1=24.01%  acc2=22.32%  ens=23.17%  (best 65.25 @ ep 9)  [56.0s]
  ep  13: acc1=24.88%  acc2=22.08%  ens=23.48%  (best 65.25 @ ep 9)  [46.5s]
  ep  14: acc1=19.33%  acc2=18.53%  ens=18.93%  (best 65.25 @ ep 9)  [25.4s]
  ep  15: acc1=23.61%  acc2=22.66%  ens=23.14%  (best 65.25 @ ep 9)  [131.1s]
  ep  16: acc1=22.68%  acc2=23.33%  ens=23.00%  (best 65.25 @ ep 9)  [27.4s]
  ep  17: acc1=26.53%  acc2=21.60%  ens=24.06%  (best 65.25 @ ep 9)  [27.5s]
  ep  18: acc1=23.70%  acc2=22.37%  ens=23.04%  (best 65.25 @ ep 9)  [91.3s]
  ep  19: acc1=24.93%  acc2=24.66%  ens=24.80%  (best 65.25 @ ep 9)  [29.4s]
  ep  20: acc1=24.03%  acc2=21.62%  ens=22.82%  (best 65.25 @ ep 9)  [95.0s]  [w on clean=0.514, on noisy=0.495]
  ep  21: acc1=22.19%  acc2=24.87%  ens=23.53%  (best 65.25 @ ep 9)  [52.3s]
  ep  22: acc1=24.68%  acc2=24.41%  ens=24.55%  (best 65.25 @ ep 9)  [27.0s]
  ep  23: acc1=26.11%  acc2=25.07%  ens=25.59%  (best 65.25 @ ep 9)  [90.2s]
  ep  24: acc1=23.28%  acc2=24.20%  ens=23.74%  (best 65.25 @ ep 9)  [33.4s]
  ep  25: acc1=23.36%  acc2=22.92%  ens=23.14%  (best 65.25 @ ep 9)  [27.2s]
  ep  26: acc1=23.53%  acc2=24.40%  ens=23.96%  (best 65.25 @ ep 9)  [79.9s]
  ep  27: acc1=25.85%  acc2=24.22%  ens=25.04%  (best 65.25 @ ep 9)  [27.7s]
  ep  28: acc1=26.25%  acc2=22.80%  ens=24.53%  (best 65.25 @ ep 9)  [29.5s]
  ep  29: acc1=23.13%  acc2=26.94%  ens=25.03%  (best 65.25 @ ep 9)  [30.3s]
  ep  30: acc1=25.30%  acc2=21.98%  ens=23.64%  (best 65.25 @ ep 9)  [30.2s]  [w on clean=0.514, on noisy=0.494]
  ep  31: acc1=20.16%  acc2=26.46%  ens=23.31%  (best 65.25 @ ep 9)  [27.0s]
  ep  32: acc1=27.59%  acc2=25.49%  ens=26.54%  (best 65.25 @ ep 9)  [27.0s]
  ep  33: acc1=25.81%  acc2=26.16%  ens=25.99%  (best 65.25 @ ep 9)  [32.6s]
  ep  34: acc1=26.91%  acc2=23.74%  ens=25.32%  (best 65.25 @ ep 9)  [27.5s]
  ep  35: acc1=22.24%  acc2=21.54%  ens=21.89%  (best 65.25 @ ep 9)  [41.0s]
  ep  36: acc1=25.06%  acc2=25.47%  ens=25.26%  (best 65.25 @ ep 9)  [28.8s]
  ep  37: acc1=27.79%  acc2=27.13%  ens=27.46%  (best 65.25 @ ep 9)  [28.2s]
  ep  38: acc1=28.26%  acc2=28.73%  ens=28.50%  (best 65.25 @ ep 9)  [31.7s]
  ep  39: acc1=27.20%  acc2=27.59%  ens=27.40%  (best 65.25 @ ep 9)  [27.2s]
  ep  40: acc1=28.82%  acc2=28.42%  ens=28.62%  (best 65.25 @ ep 9)  [38.5s]
  ep  41: acc1=28.47%  acc2=26.50%  ens=27.49%  (best 65.25 @ ep 9)  [27.6s]
  ep  42: acc1=25.92%  acc2=31.20%  ens=28.56%  (best 65.25 @ ep 9)  [55.5s]
  ep  43: acc1=29.37%  acc2=27.35%  ens=28.36%  (best 65.25 @ ep 9)  [25.7s]
  ep  44: acc1=24.04%  acc2=25.71%  ens=24.88%  (best 65.25 @ ep 9)  [26.8s]
  ep  45: acc1=28.89%  acc2=29.31%  ens=29.10%  (best 65.25 @ ep 9)  [63.5s]
  ep  46: acc1=27.88%  acc2=25.24%  ens=26.56%  (best 65.25 @ ep 9)  [27.0s]
  ep  47: acc1=25.65%  acc2=24.09%  ens=24.87%  (best 65.25 @ ep 9)  [30.0s]
  ep  48: acc1=25.52%  acc2=28.86%  ens=27.19%  (best 65.25 @ ep 9)  [27.3s]
  ep  49: acc1=27.17%  acc2=28.99%  ens=28.08%  (best 65.25 @ ep 9)  [41.6s]
  ep  50: acc1=28.20%  acc2=27.88%  ens=28.04%  (best 65.25 @ ep 9)  [134.7s]  [w on clean=0.514, on noisy=0.495]
  ep  51: acc1=27.35%  acc2=25.39%  ens=26.37%  (best 65.25 @ ep 9)  [26.3s]
  ep  52: acc1=29.69%  acc2=28.96%  ens=29.33%  (best 65.25 @ ep 9)  [110.7s]
  ep  53: acc1=28.02%  acc2=27.71%  ens=27.87%  (best 65.25 @ ep 9)  [26.8s]
  ep  54: acc1=28.32%  acc2=30.26%  ens=29.29%  (best 65.25 @ ep 9)  [27.4s]
  ep  55: acc1=30.26%  acc2=27.06%  ens=28.66%  (best 65.25 @ ep 9)  [140.5s]
  ep  56: acc1=28.98%  acc2=26.73%  ens=27.85%  (best 65.25 @ ep 9)  [27.7s]
  ep  57: acc1=26.61%  acc2=28.26%  ens=27.43%  (best 65.25 @ ep 9)  [30.2s]
  ep  58: acc1=28.74%  acc2=30.50%  ens=29.62%  (best 65.25 @ ep 9)  [26.4s]
  ep  59: acc1=29.76%  acc2=25.07%  ens=27.41%  (best 65.25 @ ep 9)  [26.9s]
  ep  60: acc1=27.33%  acc2=28.26%  ens=27.80%  (best 65.25 @ ep 9)  [80.1s]
  ep  61: acc1=28.37%  acc2=25.77%  ens=27.07%  (best 65.25 @ ep 9)  [27.6s]
  ep  62: acc1=27.66%  acc2=27.97%  ens=27.82%  (best 65.25 @ ep 9)  [83.2s]
  ep  63: acc1=29.95%  acc2=27.72%  ens=28.84%  (best 65.25 @ ep 9)  [79.4s]
  ep  64: acc1=27.21%  acc2=27.53%  ens=27.37%  (best 65.25 @ ep 9)  [27.5s]
  ep  65: acc1=27.63%  acc2=27.60%  ens=27.62%  (best 65.25 @ ep 9)  [32.0s]
  ep  66: acc1=28.72%  acc2=27.12%  ens=27.92%  (best 65.25 @ ep 9)  [27.0s]
  ep  67: acc1=29.03%  acc2=29.88%  ens=29.45%  (best 65.25 @ ep 9)  [38.6s]
  ep  68: acc1=30.67%  acc2=28.81%  ens=29.74%  (best 65.25 @ ep 9)  [30.2s]
  ep  69: acc1=27.69%  acc2=29.29%  ens=28.49%  (best 65.25 @ ep 9)  [27.5s]
  ep  70: acc1=28.76%  acc2=28.99%  ens=28.88%  (best 65.25 @ ep 9)  [30.9s]
  ep  71: acc1=28.37%  acc2=27.19%  ens=27.78%  (best 65.25 @ ep 9)  [27.1s]
  ep  72: acc1=28.87%  acc2=28.17%  ens=28.52%  (best 65.25 @ ep 9)  [78.0s]
  ep  73: acc1=28.20%  acc2=27.67%  ens=27.93%  (best 65.25 @ ep 9)  [28.2s]
  ep  74: acc1=27.45%  acc2=28.05%  ens=27.75%  (best 65.25 @ ep 9)  [28.4s]
  ep  75: acc1=28.14%  acc2=27.74%  ens=27.94%  (best 65.25 @ ep 9)  [34.2s]  [w on clean=0.514, on noisy=0.495]
  ep  76: acc1=29.84%  acc2=28.25%  ens=29.04%  (best 65.25 @ ep 9)  [26.8s]
  ep  77: acc1=27.64%  acc2=27.88%  ens=27.76%  (best 65.25 @ ep 9)  [69.6s]
  ep  78: acc1=28.27%  acc2=27.51%  ens=27.89%  (best 65.25 @ ep 9)  [26.2s]
  ep  79: acc1=28.03%  acc2=29.36%  ens=28.70%  (best 65.25 @ ep 9)  [36.7s]
  ep  80: acc1=29.68%  acc2=29.26%  ens=29.47%  (best 65.25 @ ep 9)  [27.5s]
  ep  81: acc1=29.67%  acc2=29.72%  ens=29.70%  (best 65.25 @ ep 9)  [26.8s]
  ep  82: acc1=29.47%  acc2=29.50%  ens=29.48%  (best 65.25 @ ep 9)  [111.1s]
  ep  83: acc1=29.07%  acc2=29.59%  ens=29.33%  (best 65.25 @ ep 9)  [26.7s]
  ep  84: acc1=29.87%  acc2=28.97%  ens=29.42%  (best 65.25 @ ep 9)  [50.1s]
  ep  85: acc1=28.89%  acc2=29.37%  ens=29.13%  (best 65.25 @ ep 9)  [27.2s]
  ep  86: acc1=28.82%  acc2=29.07%  ens=28.95%  (best 65.25 @ ep 9)  [28.3s]
  ep  87: acc1=28.90%  acc2=29.05%  ens=28.97%  (best 65.25 @ ep 9)  [84.8s]
  ep  88: acc1=29.23%  acc2=28.55%  ens=28.89%  (best 65.25 @ ep 9)  [27.2s]
  ep  89: acc1=29.63%  acc2=28.97%  ens=29.30%  (best 65.25 @ ep 9)  [35.2s]
  ep  90: acc1=29.82%  acc2=29.47%  ens=29.64%  (best 65.25 @ ep 9)  [27.8s]
  ep  91: acc1=29.62%  acc2=28.79%  ens=29.21%  (best 65.25 @ ep 9)  [31.8s]
  ep  92: acc1=29.34%  acc2=29.63%  ens=29.48%  (best 65.25 @ ep 9)  [79.2s]
  ep  93: acc1=29.63%  acc2=29.21%  ens=29.42%  (best 65.25 @ ep 9)  [26.2s]
  ep  94: acc1=29.22%  acc2=29.36%  ens=29.29%  (best 65.25 @ ep 9)  [35.2s]
  ep  95: acc1=29.36%  acc2=29.28%  ens=29.32%  (best 65.25 @ ep 9)  [28.5s]
  ep  96: acc1=29.56%  acc2=29.51%  ens=29.54%  (best 65.25 @ ep 9)  [76.7s]
  ep  97: acc1=29.94%  acc2=29.32%  ens=29.63%  (best 65.25 @ ep 9)  [29.6s]
  ep  98: acc1=29.59%  acc2=29.33%  ens=29.46%  (best 65.25 @ ep 9)  [26.7s]
  ep  99: acc1=29.41%  acc2=29.62%  ens=29.52%  (best 65.25 @ ep 9)  [30.9s]  [w on clean=0.514, on noisy=0.495]

saved /path/to/ciln-workspace/journal_edition/robustness_transfer/results_v4/dividemix/ours_v2_noisy__snow_sev3__seed2.json: best ens-acc 65.25% @ ep 9
