condition=ours_v2_clean__gaussian_noise_sev3 seed=2 gpu=1
/path/to/ciln-workspace/venv/lib/python3.12/site-packages/torchvision/datasets/cifar.py:83: VisibleDeprecationWarning: dtype(): align should be passed as Python or NumPy boolean but got `align=0`. Did you mean to pass a tuple to create a subarray type? (Deprecated NumPy 2.4)
  entry = pickle.load(f, encoding="latin1")
image_source=clean  N_train=22500  noise_rate=48.86%
  ep   0: acc1=30.90%  acc2=21.83%  ens=26.36%  (best 26.36 @ ep 0)  [8.6s]
  ep   1: acc1=34.28%  acc2=31.16%  ens=32.72%  (best 32.72 @ ep 1)  [7.4s]
  ep   2: acc1=39.17%  acc2=34.93%  ens=37.05%  (best 37.05 @ ep 2)  [7.2s]
  ep   3: acc1=41.99%  acc2=41.37%  ens=41.68%  (best 41.68 @ ep 3)  [22.4s]
  ep   4: acc1=44.69%  acc2=43.85%  ens=44.27%  (best 44.27 @ ep 4)  [24.1s]
  ep   5: acc1=44.22%  acc2=40.32%  ens=42.27%  (best 44.27 @ ep 4)  [19.8s]  [w on clean=0.810, on noisy=0.703]
  ep   6: acc1=46.11%  acc2=32.87%  ens=39.49%  (best 44.27 @ ep 4)  [7.3s]
  ep   7: acc1=34.27%  acc2=39.52%  ens=36.90%  (best 44.27 @ ep 4)  [7.4s]
  ep   8: acc1=44.66%  acc2=51.38%  ens=48.02%  (best 48.02 @ ep 8)  [7.4s]
  ep   9: acc1=38.58%  acc2=44.68%  ens=41.63%  (best 48.02 @ ep 8)  [7.6s]
  ep  10: acc1=33.96%  acc2=21.05%  ens=27.51%  (best 48.02 @ ep 8)  [81.7s]  [w on clean=0.706, on noisy=0.658]
  ep  11: acc1=19.47%  acc2=14.35%  ens=16.91%  (best 48.02 @ ep 8)  [32.7s]
  ep  12: acc1=12.25%  acc2=11.68%  ens=11.96%  (best 48.02 @ ep 8)  [116.5s]
  ep  13: acc1=12.84%  acc2=11.77%  ens=12.30%  (best 48.02 @ ep 8)  [36.7s]
  ep  14: acc1=12.56%  acc2=10.72%  ens=11.64%  (best 48.02 @ ep 8)  [45.3s]
  ep  15: acc1=10.01%  acc2=14.45%  ens=12.23%  (best 48.02 @ ep 8)  [37.5s]
  ep  16: acc1=14.59%  acc2=13.17%  ens=13.88%  (best 48.02 @ ep 8)  [285.6s]
  ep  17: acc1=13.26%  acc2=16.64%  ens=14.95%  (best 48.02 @ ep 8)  [38.9s]
  ep  18: acc1=25.51%  acc2=14.82%  ens=20.16%  (best 48.02 @ ep 8)  [245.0s]
  ep  19: acc1=16.11%  acc2=19.53%  ens=17.82%  (best 48.02 @ ep 8)  [101.1s]
  ep  20: acc1=27.05%  acc2=23.38%  ens=25.21%  (best 48.02 @ ep 8)  [78.2s]  [w on clean=0.860, on noisy=0.903]
  ep  21: acc1=30.86%  acc2=25.66%  ens=28.26%  (best 48.02 @ ep 8)  [41.9s]
  ep  22: acc1=27.19%  acc2=28.62%  ens=27.91%  (best 48.02 @ ep 8)  [136.1s]
  ep  23: acc1=28.22%  acc2=29.16%  ens=28.69%  (best 48.02 @ ep 8)  [90.7s]
  ep  24: acc1=26.20%  acc2=33.10%  ens=29.65%  (best 48.02 @ ep 8)  [44.0s]
  ep  25: acc1=29.56%  acc2=28.32%  ens=28.94%  (best 48.02 @ ep 8)  [46.8s]
  ep  26: acc1=28.87%  acc2=23.75%  ens=26.31%  (best 48.02 @ ep 8)  [90.3s]
  ep  27: acc1=27.45%  acc2=26.72%  ens=27.09%  (best 48.02 @ ep 8)  [112.1s]
  ep  28: acc1=29.37%  acc2=27.84%  ens=28.61%  (best 48.02 @ ep 8)  [127.8s]
  ep  29: acc1=29.65%  acc2=23.22%  ens=26.43%  (best 48.02 @ ep 8)  [137.2s]
  ep  30: acc1=25.35%  acc2=26.23%  ens=25.79%  (best 48.02 @ ep 8)  [46.3s]  [w on clean=0.860, on noisy=0.903]
  ep  31: acc1=27.44%  acc2=28.07%  ens=27.75%  (best 48.02 @ ep 8)  [41.6s]
  ep  32: acc1=33.87%  acc2=32.44%  ens=33.16%  (best 48.02 @ ep 8)  [59.2s]
  ep  33: acc1=30.05%  acc2=30.68%  ens=30.36%  (best 48.02 @ ep 8)  [149.3s]
  ep  34: acc1=32.88%  acc2=21.71%  ens=27.29%  (best 48.02 @ ep 8)  [42.3s]
  ep  35: acc1=27.20%  acc2=32.42%  ens=29.81%  (best 48.02 @ ep 8)  [54.7s]
  ep  36: acc1=22.95%  acc2=29.01%  ens=25.98%  (best 48.02 @ ep 8)  [41.6s]
  ep  37: acc1=30.21%  acc2=30.80%  ens=30.50%  (best 48.02 @ ep 8)  [74.6s]
  ep  38: acc1=31.55%  acc2=35.70%  ens=33.62%  (best 48.02 @ ep 8)  [51.8s]
  ep  39: acc1=29.37%  acc2=30.65%  ens=30.01%  (best 48.02 @ ep 8)  [42.3s]
  ep  40: acc1=25.84%  acc2=30.44%  ens=28.14%  (best 48.02 @ ep 8)  [57.6s]
  ep  41: acc1=32.23%  acc2=35.19%  ens=33.71%  (best 48.02 @ ep 8)  [126.7s]
  ep  42: acc1=30.54%  acc2=32.05%  ens=31.30%  (best 48.02 @ ep 8)  [42.8s]
  ep  43: acc1=30.36%  acc2=32.34%  ens=31.35%  (best 48.02 @ ep 8)  [49.4s]
  ep  44: acc1=31.74%  acc2=31.83%  ens=31.79%  (best 48.02 @ ep 8)  [47.1s]
  ep  45: acc1=28.65%  acc2=34.55%  ens=31.60%  (best 48.02 @ ep 8)  [40.9s]
  ep  46: acc1=33.40%  acc2=36.19%  ens=34.80%  (best 48.02 @ ep 8)  [62.4s]
  ep  47: acc1=33.95%  acc2=33.58%  ens=33.77%  (best 48.02 @ ep 8)  [91.4s]
  ep  48: acc1=32.13%  acc2=31.07%  ens=31.60%  (best 48.02 @ ep 8)  [42.9s]
  ep  49: acc1=31.65%  acc2=34.95%  ens=33.30%  (best 48.02 @ ep 8)  [43.2s]
  ep  50: acc1=33.78%  acc2=33.60%  ens=33.69%  (best 48.02 @ ep 8)  [79.5s]  [w on clean=0.860, on noisy=0.902]
  ep  51: acc1=30.30%  acc2=34.57%  ens=32.44%  (best 48.02 @ ep 8)  [41.2s]
  ep  52: acc1=33.27%  acc2=38.24%  ens=35.76%  (best 48.02 @ ep 8)  [43.7s]
  ep  53: acc1=36.54%  acc2=39.51%  ens=38.02%  (best 48.02 @ ep 8)  [146.6s]
  ep  54: acc1=35.43%  acc2=34.40%  ens=34.91%  (best 48.02 @ ep 8)  [94.8s]
  ep  55: acc1=38.28%  acc2=34.80%  ens=36.54%  (best 48.02 @ ep 8)  [97.2s]
  ep  56: acc1=35.05%  acc2=34.45%  ens=34.75%  (best 48.02 @ ep 8)  [41.3s]
  ep  57: acc1=33.84%  acc2=34.95%  ens=34.39%  (best 48.02 @ ep 8)  [70.8s]
  ep  58: acc1=36.06%  acc2=34.41%  ens=35.23%  (best 48.02 @ ep 8)  [63.3s]
  ep  59: acc1=33.79%  acc2=36.14%  ens=34.97%  (best 48.02 @ ep 8)  [41.1s]
  ep  60: acc1=35.31%  acc2=32.50%  ens=33.91%  (best 48.02 @ ep 8)  [76.6s]
  ep  61: acc1=34.99%  acc2=30.88%  ens=32.94%  (best 48.02 @ ep 8)  [149.0s]
  ep  62: acc1=32.18%  acc2=31.98%  ens=32.08%  (best 48.02 @ ep 8)  [43.3s]
  ep  63: acc1=35.33%  acc2=36.81%  ens=36.07%  (best 48.02 @ ep 8)  [65.1s]
  ep  64: acc1=33.70%  acc2=36.61%  ens=35.16%  (best 48.02 @ ep 8)  [94.3s]
  ep  65: acc1=32.89%  acc2=36.40%  ens=34.65%  (best 48.02 @ ep 8)  [74.0s]
  ep  66: acc1=38.54%  acc2=34.52%  ens=36.53%  (best 48.02 @ ep 8)  [131.4s]
  ep  67: acc1=36.00%  acc2=38.65%  ens=37.32%  (best 48.02 @ ep 8)  [42.6s]
  ep  68: acc1=34.94%  acc2=35.78%  ens=35.36%  (best 48.02 @ ep 8)  [191.2s]
  ep  69: acc1=38.49%  acc2=37.45%  ens=37.97%  (best 48.02 @ ep 8)  [48.8s]
  ep  70: acc1=39.38%  acc2=37.66%  ens=38.52%  (best 48.02 @ ep 8)  [43.2s]
  ep  71: acc1=36.87%  acc2=37.41%  ens=37.14%  (best 48.02 @ ep 8)  [295.6s]
  ep  72: acc1=36.57%  acc2=38.37%  ens=37.47%  (best 48.02 @ ep 8)  [44.3s]
  ep  73: acc1=37.51%  acc2=37.82%  ens=37.66%  (best 48.02 @ ep 8)  [82.6s]
  ep  74: acc1=34.51%  acc2=38.41%  ens=36.46%  (best 48.02 @ ep 8)  [152.3s]
  ep  75: acc1=37.88%  acc2=36.65%  ens=37.27%  (best 48.02 @ ep 8)  [94.5s]  [w on clean=0.861, on noisy=0.902]
  ep  76: acc1=35.20%  acc2=37.48%  ens=36.34%  (best 48.02 @ ep 8)  [144.8s]
  ep  77: acc1=35.77%  acc2=35.85%  ens=35.81%  (best 48.02 @ ep 8)  [46.6s]
  ep  78: acc1=34.02%  acc2=37.49%  ens=35.76%  (best 48.02 @ ep 8)  [91.4s]
  ep  79: acc1=36.11%  acc2=37.42%  ens=36.77%  (best 48.02 @ ep 8)  [132.6s]
  ep  80: acc1=37.06%  acc2=38.38%  ens=37.72%  (best 48.02 @ ep 8)  [49.4s]
  ep  81: acc1=39.11%  acc2=39.40%  ens=39.26%  (best 48.02 @ ep 8)  [78.4s]
  ep  82: acc1=38.01%  acc2=39.82%  ens=38.91%  (best 48.02 @ ep 8)  [57.5s]
  ep  83: acc1=37.64%  acc2=38.69%  ens=38.17%  (best 48.02 @ ep 8)  [53.7s]
  ep  84: acc1=38.94%  acc2=38.31%  ens=38.62%  (best 48.02 @ ep 8)  [144.2s]
  ep  85: acc1=39.79%  acc2=39.96%  ens=39.88%  (best 48.02 @ ep 8)  [43.3s]
  ep  86: acc1=38.44%  acc2=39.91%  ens=39.18%  (best 48.02 @ ep 8)  [53.6s]
  ep  87: acc1=39.96%  acc2=40.03%  ens=40.00%  (best 48.02 @ ep 8)  [101.8s]
  ep  88: acc1=37.28%  acc2=40.24%  ens=38.76%  (best 48.02 @ ep 8)  [44.2s]
  ep  89: acc1=37.97%  acc2=39.24%  ens=38.61%  (best 48.02 @ ep 8)  [66.9s]
  ep  90: acc1=38.83%  acc2=39.71%  ens=39.27%  (best 48.02 @ ep 8)  [48.2s]
  ep  91: acc1=38.55%  acc2=40.28%  ens=39.41%  (best 48.02 @ ep 8)  [44.0s]
  ep  92: acc1=40.01%  acc2=40.35%  ens=40.18%  (best 48.02 @ ep 8)  [81.1s]
  ep  93: acc1=39.35%  acc2=39.80%  ens=39.58%  (best 48.02 @ ep 8)  [45.7s]
  ep  94: acc1=39.66%  acc2=40.46%  ens=40.06%  (best 48.02 @ ep 8)  [44.4s]
  ep  95: acc1=38.94%  acc2=39.39%  ens=39.16%  (best 48.02 @ ep 8)  [48.5s]
  ep  96: acc1=39.82%  acc2=39.51%  ens=39.66%  (best 48.02 @ ep 8)  [232.6s]
  ep  97: acc1=39.57%  acc2=39.57%  ens=39.57%  (best 48.02 @ ep 8)  [44.0s]
  ep  98: acc1=39.21%  acc2=39.47%  ens=39.34%  (best 48.02 @ ep 8)  [43.8s]
  ep  99: acc1=39.06%  acc2=39.87%  ens=39.47%  (best 48.02 @ ep 8)  [55.7s]  [w on clean=0.861, on noisy=0.903]

saved /path/to/ciln-workspace/journal_edition/robustness_transfer/results_v4/dividemix/ours_v2_clean__gaussian_noise_sev3__seed2.json: best ens-acc 48.02% @ ep 8
