condition=ours_v2_noisy__gaussian_noise_sev3 seed=1 gpu=2
/path/to/ciln-workspace/venv/lib/python3.12/site-packages/torchvision/datasets/cifar.py:83: VisibleDeprecationWarning: dtype(): align should be passed as Python or NumPy boolean but got `align=0`. Did you mean to pass a tuple to create a subarray type? (Deprecated NumPy 2.4)
  entry = pickle.load(f, encoding="latin1")
image_source=noisy  N_train=22500  noise_rate=48.86%
  ep   0: acc1=24.99%  acc2=30.15%  ens=27.57%  (best 27.57 @ ep 0)  [8.1s]
  ep   1: acc1=40.10%  acc2=32.72%  ens=36.41%  (best 36.41 @ ep 1)  [8.6s]
  ep   2: acc1=29.77%  acc2=35.61%  ens=32.69%  (best 36.41 @ ep 1)  [7.3s]
  ep   3: acc1=41.26%  acc2=35.42%  ens=38.34%  (best 38.34 @ ep 3)  [7.2s]
  ep   4: acc1=38.11%  acc2=37.46%  ens=37.79%  (best 38.34 @ ep 3)  [7.3s]
  ep   5: acc1=45.38%  acc2=28.14%  ens=36.76%  (best 38.34 @ ep 3)  [11.5s]  [w on clean=0.798, on noisy=0.683]
  ep   6: acc1=44.27%  acc2=39.68%  ens=41.97%  (best 41.97 @ ep 6)  [7.4s]
  ep   7: acc1=41.90%  acc2=40.30%  ens=41.10%  (best 41.97 @ ep 6)  [7.4s]
  ep   8: acc1=47.14%  acc2=35.05%  ens=41.09%  (best 41.97 @ ep 6)  [7.6s]
  ep   9: acc1=46.76%  acc2=49.74%  ens=48.25%  (best 48.25 @ ep 9)  [7.0s]
  ep  10: acc1=35.69%  acc2=32.58%  ens=34.13%  (best 48.25 @ ep 9)  [92.0s]  [w on clean=0.639, on noisy=0.588]
  ep  11: acc1=29.67%  acc2=27.45%  ens=28.56%  (best 48.25 @ ep 9)  [73.6s]
  ep  12: acc1=27.31%  acc2=22.33%  ens=24.82%  (best 48.25 @ ep 9)  [36.8s]
  ep  13: acc1=17.09%  acc2=14.58%  ens=15.83%  (best 48.25 @ ep 9)  [39.7s]
  ep  14: acc1=12.07%  acc2=11.95%  ens=12.01%  (best 48.25 @ ep 9)  [34.9s]
  ep  15: acc1=11.63%  acc2=12.07%  ens=11.85%  (best 48.25 @ ep 9)  [98.7s]
  ep  16: acc1=14.67%  acc2=10.40%  ens=12.53%  (best 48.25 @ ep 9)  [30.2s]
  ep  17: acc1=10.00%  acc2=12.50%  ens=11.25%  (best 48.25 @ ep 9)  [162.9s]
  ep  18: acc1=13.45%  acc2=10.00%  ens=11.73%  (best 48.25 @ ep 9)  [50.2s]
  ep  19: acc1=10.00%  acc2=13.01%  ens=11.51%  (best 48.25 @ ep 9)  [31.3s]
  ep  20: acc1=12.49%  acc2=10.00%  ens=11.24%  (best 48.25 @ ep 9)  [91.4s]  [w on clean=0.826, on noisy=0.920]
  ep  21: acc1=10.00%  acc2=12.98%  ens=11.49%  (best 48.25 @ ep 9)  [31.3s]
  ep  22: acc1=14.79%  acc2=10.00%  ens=12.39%  (best 48.25 @ ep 9)  [74.4s]
  ep  23: acc1=10.00%  acc2=15.73%  ens=12.86%  (best 48.25 @ ep 9)  [30.7s]
  ep  24: acc1=16.89%  acc2=10.65%  ens=13.77%  (best 48.25 @ ep 9)  [137.1s]
  ep  25: acc1=10.00%  acc2=18.74%  ens=14.37%  (best 48.25 @ ep 9)  [30.0s]
  ep  26: acc1=14.34%  acc2=10.00%  ens=12.17%  (best 48.25 @ ep 9)  [42.7s]
  ep  27: acc1=10.00%  acc2=17.42%  ens=13.71%  (best 48.25 @ ep 9)  [29.7s]
  ep  28: acc1=13.92%  acc2=10.00%  ens=11.96%  (best 48.25 @ ep 9)  [39.4s]
  ep  29: acc1=10.00%  acc2=16.97%  ens=13.48%  (best 48.25 @ ep 9)  [30.5s]
  ep  30: acc1=14.87%  acc2=10.00%  ens=12.44%  (best 48.25 @ ep 9)  [37.2s]  [w on clean=0.826, on noisy=0.920]
  ep  31: acc1=10.00%  acc2=18.58%  ens=14.29%  (best 48.25 @ ep 9)  [30.9s]
  ep  32: acc1=15.43%  acc2=10.00%  ens=12.71%  (best 48.25 @ ep 9)  [43.3s]
  ep  33: acc1=10.00%  acc2=16.28%  ens=13.14%  (best 48.25 @ ep 9)  [67.6s]
  ep  34: acc1=12.54%  acc2=10.00%  ens=11.27%  (best 48.25 @ ep 9)  [31.0s]
  ep  35: acc1=10.00%  acc2=16.70%  ens=13.35%  (best 48.25 @ ep 9)  [270.6s]
  ep  36: acc1=13.99%  acc2=10.00%  ens=12.00%  (best 48.25 @ ep 9)  [30.8s]
  ep  37: acc1=10.00%  acc2=19.88%  ens=14.94%  (best 48.25 @ ep 9)  [32.5s]
  ep  38: acc1=13.37%  acc2=10.00%  ens=11.69%  (best 48.25 @ ep 9)  [39.3s]
  ep  39: acc1=10.00%  acc2=17.61%  ens=13.80%  (best 48.25 @ ep 9)  [31.3s]
  ep  40: acc1=10.94%  acc2=10.00%  ens=10.47%  (best 48.25 @ ep 9)  [36.6s]
  ep  41: acc1=10.00%  acc2=22.38%  ens=16.19%  (best 48.25 @ ep 9)  [29.6s]
  ep  42: acc1=14.96%  acc2=10.00%  ens=12.48%  (best 48.25 @ ep 9)  [140.7s]
  ep  43: acc1=10.00%  acc2=18.30%  ens=14.15%  (best 48.25 @ ep 9)  [30.4s]
  ep  44: acc1=14.11%  acc2=10.00%  ens=12.05%  (best 48.25 @ ep 9)  [49.7s]
  ep  45: acc1=10.00%  acc2=18.16%  ens=14.08%  (best 48.25 @ ep 9)  [30.0s]
  ep  46: acc1=15.67%  acc2=10.00%  ens=12.84%  (best 48.25 @ ep 9)  [30.9s]
  ep  47: acc1=10.00%  acc2=17.76%  ens=13.88%  (best 48.25 @ ep 9)  [29.5s]
  ep  48: acc1=12.33%  acc2=10.00%  ens=11.16%  (best 48.25 @ ep 9)  [148.1s]
  ep  49: acc1=10.00%  acc2=18.57%  ens=14.29%  (best 48.25 @ ep 9)  [31.3s]
  ep  50: acc1=12.68%  acc2=10.00%  ens=11.34%  (best 48.25 @ ep 9)  [36.0s]  [w on clean=0.826, on noisy=0.921]
  ep  51: acc1=10.00%  acc2=18.12%  ens=14.06%  (best 48.25 @ ep 9)  [30.7s]
  ep  52: acc1=11.13%  acc2=10.00%  ens=10.56%  (best 48.25 @ ep 9)  [36.1s]
  ep  53: acc1=10.00%  acc2=18.92%  ens=14.46%  (best 48.25 @ ep 9)  [38.2s]
  ep  54: acc1=13.61%  acc2=10.00%  ens=11.80%  (best 48.25 @ ep 9)  [31.6s]
  ep  55: acc1=10.00%  acc2=18.30%  ens=14.15%  (best 48.25 @ ep 9)  [139.2s]
  ep  56: acc1=12.07%  acc2=10.00%  ens=11.04%  (best 48.25 @ ep 9)  [30.1s]
  ep  57: acc1=10.00%  acc2=19.80%  ens=14.90%  (best 48.25 @ ep 9)  [31.2s]
  ep  58: acc1=11.71%  acc2=10.00%  ens=10.86%  (best 48.25 @ ep 9)  [30.8s]
  ep  59: acc1=10.00%  acc2=20.11%  ens=15.06%  (best 48.25 @ ep 9)  [109.5s]
  ep  60: acc1=12.27%  acc2=10.00%  ens=11.13%  (best 48.25 @ ep 9)  [30.5s]
  ep  61: acc1=10.00%  acc2=20.09%  ens=15.04%  (best 48.25 @ ep 9)  [46.7s]
  ep  62: acc1=11.60%  acc2=10.00%  ens=10.80%  (best 48.25 @ ep 9)  [41.1s]
  ep  63: acc1=10.00%  acc2=19.95%  ens=14.97%  (best 48.25 @ ep 9)  [30.7s]
  ep  64: acc1=11.88%  acc2=10.00%  ens=10.94%  (best 48.25 @ ep 9)  [34.7s]
  ep  65: acc1=10.00%  acc2=17.75%  ens=13.87%  (best 48.25 @ ep 9)  [30.7s]
  ep  66: acc1=12.23%  acc2=10.00%  ens=11.12%  (best 48.25 @ ep 9)  [47.7s]
  ep  67: acc1=10.00%  acc2=18.46%  ens=14.23%  (best 48.25 @ ep 9)  [30.3s]
  ep  68: acc1=10.78%  acc2=10.00%  ens=10.39%  (best 48.25 @ ep 9)  [30.6s]
  ep  69: acc1=10.00%  acc2=18.81%  ens=14.41%  (best 48.25 @ ep 9)  [33.8s]
  ep  70: acc1=11.33%  acc2=10.00%  ens=10.66%  (best 48.25 @ ep 9)  [108.8s]
  ep  71: acc1=10.00%  acc2=17.90%  ens=13.95%  (best 48.25 @ ep 9)  [33.3s]
  ep  72: acc1=10.41%  acc2=10.00%  ens=10.21%  (best 48.25 @ ep 9)  [43.0s]
  ep  73: acc1=10.00%  acc2=16.55%  ens=13.28%  (best 48.25 @ ep 9)  [31.7s]
  ep  74: acc1=10.77%  acc2=10.00%  ens=10.38%  (best 48.25 @ ep 9)  [81.3s]
  ep  75: acc1=10.00%  acc2=15.56%  ens=12.78%  (best 48.25 @ ep 9)  [35.0s]  [w on clean=0.149, on noisy=0.491]
  ep  76: acc1=10.26%  acc2=10.00%  ens=10.13%  (best 48.25 @ ep 9)  [65.5s]
  ep  77: acc1=12.25%  acc2=16.93%  ens=14.59%  (best 48.25 @ ep 9)  [40.6s]
  ep  78: acc1=17.40%  acc2=21.33%  ens=19.36%  (best 48.25 @ ep 9)  [89.3s]
  ep  79: acc1=17.64%  acc2=22.28%  ens=19.96%  (best 48.25 @ ep 9)  [71.6s]
  ep  80: acc1=18.83%  acc2=22.80%  ens=20.82%  (best 48.25 @ ep 9)  [41.4s]
  ep  81: acc1=19.10%  acc2=23.02%  ens=21.06%  (best 48.25 @ ep 9)  [122.1s]
  ep  82: acc1=20.13%  acc2=23.88%  ens=22.01%  (best 48.25 @ ep 9)  [42.5s]
  ep  83: acc1=20.53%  acc2=23.59%  ens=22.06%  (best 48.25 @ ep 9)  [46.7s]
  ep  84: acc1=20.74%  acc2=25.38%  ens=23.06%  (best 48.25 @ ep 9)  [112.9s]
  ep  85: acc1=21.21%  acc2=25.75%  ens=23.48%  (best 48.25 @ ep 9)  [56.3s]
  ep  86: acc1=21.61%  acc2=25.93%  ens=23.77%  (best 48.25 @ ep 9)  [45.3s]
  ep  87: acc1=21.71%  acc2=25.45%  ens=23.58%  (best 48.25 @ ep 9)  [95.4s]
  ep  88: acc1=21.55%  acc2=25.51%  ens=23.53%  (best 48.25 @ ep 9)  [41.9s]
  ep  89: acc1=21.54%  acc2=25.86%  ens=23.70%  (best 48.25 @ ep 9)  [186.8s]
  ep  90: acc1=22.49%  acc2=26.19%  ens=24.34%  (best 48.25 @ ep 9)  [99.7s]
  ep  91: acc1=22.00%  acc2=26.71%  ens=24.36%  (best 48.25 @ ep 9)  [48.9s]
  ep  92: acc1=22.36%  acc2=26.07%  ens=24.21%  (best 48.25 @ ep 9)  [154.8s]
  ep  93: acc1=22.95%  acc2=25.84%  ens=24.39%  (best 48.25 @ ep 9)  [41.0s]
  ep  94: acc1=22.05%  acc2=26.47%  ens=24.26%  (best 48.25 @ ep 9)  [110.7s]
  ep  95: acc1=22.52%  acc2=26.55%  ens=24.54%  (best 48.25 @ ep 9)  [48.4s]
  ep  96: acc1=22.52%  acc2=26.40%  ens=24.46%  (best 48.25 @ ep 9)  [44.8s]
  ep  97: acc1=22.10%  acc2=26.74%  ens=24.42%  (best 48.25 @ ep 9)  [104.9s]
  ep  98: acc1=22.41%  acc2=26.42%  ens=24.41%  (best 48.25 @ ep 9)  [41.6s]
  ep  99: acc1=22.35%  acc2=26.75%  ens=24.55%  (best 48.25 @ ep 9)  [54.9s]  [w on clean=0.826, on noisy=0.921]

saved /path/to/ciln-workspace/journal_edition/robustness_transfer/results_v4/dividemix/ours_v2_noisy__gaussian_noise_sev3__seed1.json: best ens-acc 48.25% @ ep 9
