condition=ours_v2_clean__elastic_transform_sev3 seed=2 gpu=1
/path/to/ciln-workspace/venv/lib/python3.12/site-packages/torchvision/datasets/cifar.py:83: VisibleDeprecationWarning: dtype(): align should be passed as Python or NumPy boolean but got `align=0`. Did you mean to pass a tuple to create a subarray type? (Deprecated NumPy 2.4)
  entry = pickle.load(f, encoding="latin1")
image_source=clean  N_train=22500  noise_rate=17.52%
  ep   0: acc1=43.68%  acc2=40.61%  ens=42.14%  (best 42.14 @ ep 0)  [8.4s]
  ep   1: acc1=39.07%  acc2=46.73%  ens=42.90%  (best 42.90 @ ep 1)  [7.4s]
  ep   2: acc1=48.01%  acc2=49.27%  ens=48.64%  (best 48.64 @ ep 2)  [7.9s]
  ep   3: acc1=57.62%  acc2=51.79%  ens=54.71%  (best 54.71 @ ep 3)  [7.4s]
  ep   4: acc1=59.90%  acc2=52.30%  ens=56.10%  (best 56.10 @ ep 4)  [26.4s]
  ep   5: acc1=63.63%  acc2=41.51%  ens=52.57%  (best 56.10 @ ep 4)  [26.1s]  [w on clean=0.821, on noisy=0.482]
  ep   6: acc1=63.05%  acc2=66.01%  ens=64.53%  (best 64.53 @ ep 6)  [7.4s]
  ep   7: acc1=64.21%  acc2=64.09%  ens=64.15%  (best 64.53 @ ep 6)  [7.5s]
  ep   8: acc1=67.48%  acc2=67.43%  ens=67.45%  (best 67.45 @ ep 8)  [7.2s]
  ep   9: acc1=67.63%  acc2=67.38%  ens=67.50%  (best 67.50 @ ep 9)  [7.6s]
  ep  10: acc1=43.71%  acc2=36.29%  ens=40.00%  (best 67.50 @ ep 9)  [58.1s]  [w on clean=0.612, on noisy=0.265]
  ep  11: acc1=28.17%  acc2=20.90%  ens=24.54%  (best 67.50 @ ep 9)  [28.4s]
  ep  12: acc1=23.64%  acc2=24.48%  ens=24.06%  (best 67.50 @ ep 9)  [142.9s]
  ep  13: acc1=25.86%  acc2=27.88%  ens=26.87%  (best 67.50 @ ep 9)  [37.4s]
  ep  14: acc1=30.01%  acc2=35.75%  ens=32.88%  (best 67.50 @ ep 9)  [60.5s]
  ep  15: acc1=35.62%  acc2=37.13%  ens=36.38%  (best 67.50 @ ep 9)  [39.6s]
  ep  16: acc1=40.61%  acc2=33.27%  ens=36.94%  (best 67.50 @ ep 9)  [57.7s]
  ep  17: acc1=31.58%  acc2=32.45%  ens=32.02%  (best 67.50 @ ep 9)  [40.7s]
  ep  18: acc1=32.16%  acc2=39.29%  ens=35.73%  (best 67.50 @ ep 9)  [38.8s]
  ep  19: acc1=36.83%  acc2=35.37%  ens=36.10%  (best 67.50 @ ep 9)  [42.4s]
  ep  20: acc1=33.24%  acc2=31.02%  ens=32.13%  (best 67.50 @ ep 9)  [44.0s]  [w on clean=0.806, on noisy=0.547]
  ep  21: acc1=40.89%  acc2=33.90%  ens=37.40%  (best 67.50 @ ep 9)  [38.1s]
  ep  22: acc1=31.38%  acc2=37.31%  ens=34.35%  (best 67.50 @ ep 9)  [67.1s]
  ep  23: acc1=36.66%  acc2=43.76%  ens=40.21%  (best 67.50 @ ep 9)  [37.6s]
  ep  24: acc1=42.99%  acc2=36.83%  ens=39.91%  (best 67.50 @ ep 9)  [38.2s]
  ep  25: acc1=35.47%  acc2=37.81%  ens=36.64%  (best 67.50 @ ep 9)  [124.3s]
  ep  26: acc1=38.28%  acc2=36.18%  ens=37.23%  (best 67.50 @ ep 9)  [87.2s]
  ep  27: acc1=41.52%  acc2=39.20%  ens=40.36%  (best 67.50 @ ep 9)  [42.6s]
  ep  28: acc1=43.22%  acc2=40.99%  ens=42.10%  (best 67.50 @ ep 9)  [38.5s]
  ep  29: acc1=38.58%  acc2=44.49%  ens=41.53%  (best 67.50 @ ep 9)  [172.6s]
  ep  30: acc1=44.73%  acc2=44.90%  ens=44.81%  (best 67.50 @ ep 9)  [42.9s]  [w on clean=0.806, on noisy=0.547]
  ep  31: acc1=42.81%  acc2=46.67%  ens=44.74%  (best 67.50 @ ep 9)  [154.2s]
  ep  32: acc1=42.23%  acc2=40.93%  ens=41.58%  (best 67.50 @ ep 9)  [38.4s]
  ep  33: acc1=39.16%  acc2=44.73%  ens=41.95%  (best 67.50 @ ep 9)  [116.9s]
  ep  34: acc1=42.02%  acc2=44.92%  ens=43.47%  (best 67.50 @ ep 9)  [72.9s]
  ep  35: acc1=41.36%  acc2=44.40%  ens=42.88%  (best 67.50 @ ep 9)  [41.7s]
  ep  36: acc1=45.83%  acc2=44.34%  ens=45.08%  (best 67.50 @ ep 9)  [38.0s]
  ep  37: acc1=48.59%  acc2=48.40%  ens=48.49%  (best 67.50 @ ep 9)  [39.2s]
  ep  38: acc1=45.24%  acc2=43.32%  ens=44.28%  (best 67.50 @ ep 9)  [39.0s]
  ep  39: acc1=45.30%  acc2=44.37%  ens=44.84%  (best 67.50 @ ep 9)  [46.4s]
  ep  40: acc1=44.87%  acc2=41.97%  ens=43.42%  (best 67.50 @ ep 9)  [39.6s]
  ep  41: acc1=46.96%  acc2=44.79%  ens=45.88%  (best 67.50 @ ep 9)  [46.2s]
  ep  42: acc1=44.02%  acc2=43.87%  ens=43.95%  (best 67.50 @ ep 9)  [40.9s]
  ep  43: acc1=46.49%  acc2=48.32%  ens=47.40%  (best 67.50 @ ep 9)  [39.5s]
  ep  44: acc1=46.07%  acc2=47.81%  ens=46.94%  (best 67.50 @ ep 9)  [39.0s]
  ep  45: acc1=47.23%  acc2=46.23%  ens=46.73%  (best 67.50 @ ep 9)  [39.4s]
  ep  46: acc1=46.24%  acc2=45.12%  ens=45.68%  (best 67.50 @ ep 9)  [39.2s]
  ep  47: acc1=47.25%  acc2=49.11%  ens=48.18%  (best 67.50 @ ep 9)  [59.3s]
  ep  48: acc1=49.74%  acc2=50.12%  ens=49.93%  (best 67.50 @ ep 9)  [38.9s]
  ep  49: acc1=44.90%  acc2=47.03%  ens=45.97%  (best 67.50 @ ep 9)  [63.7s]
  ep  50: acc1=46.53%  acc2=44.00%  ens=45.27%  (best 67.50 @ ep 9)  [43.1s]  [w on clean=0.806, on noisy=0.549]
  ep  51: acc1=46.08%  acc2=45.42%  ens=45.75%  (best 67.50 @ ep 9)  [42.3s]
  ep  52: acc1=47.78%  acc2=45.21%  ens=46.49%  (best 67.50 @ ep 9)  [41.0s]
  ep  53: acc1=45.83%  acc2=48.14%  ens=46.98%  (best 67.50 @ ep 9)  [39.4s]
  ep  54: acc1=47.37%  acc2=48.24%  ens=47.80%  (best 67.50 @ ep 9)  [82.2s]
  ep  55: acc1=48.42%  acc2=45.99%  ens=47.20%  (best 67.50 @ ep 9)  [40.6s]
  ep  56: acc1=48.81%  acc2=47.70%  ens=48.25%  (best 67.50 @ ep 9)  [44.1s]
  ep  57: acc1=49.06%  acc2=47.14%  ens=48.10%  (best 67.50 @ ep 9)  [50.6s]
  ep  58: acc1=49.42%  acc2=48.63%  ens=49.02%  (best 67.50 @ ep 9)  [41.4s]
  ep  59: acc1=49.37%  acc2=49.22%  ens=49.30%  (best 67.50 @ ep 9)  [52.8s]
  ep  60: acc1=49.70%  acc2=48.49%  ens=49.09%  (best 67.50 @ ep 9)  [43.2s]
  ep  61: acc1=52.05%  acc2=48.00%  ens=50.02%  (best 67.50 @ ep 9)  [38.8s]
  ep  62: acc1=50.16%  acc2=52.69%  ens=51.43%  (best 67.50 @ ep 9)  [61.9s]
  ep  63: acc1=49.39%  acc2=47.86%  ens=48.62%  (best 67.50 @ ep 9)  [39.5s]
  ep  64: acc1=50.09%  acc2=49.06%  ens=49.58%  (best 67.50 @ ep 9)  [96.6s]
  ep  65: acc1=51.44%  acc2=51.27%  ens=51.35%  (best 67.50 @ ep 9)  [40.7s]
  ep  66: acc1=50.49%  acc2=50.74%  ens=50.62%  (best 67.50 @ ep 9)  [38.8s]
  ep  67: acc1=50.05%  acc2=50.39%  ens=50.22%  (best 67.50 @ ep 9)  [39.0s]
  ep  68: acc1=50.58%  acc2=51.76%  ens=51.17%  (best 67.50 @ ep 9)  [37.3s]
  ep  69: acc1=49.83%  acc2=48.92%  ens=49.38%  (best 67.50 @ ep 9)  [39.5s]
  ep  70: acc1=53.51%  acc2=48.95%  ens=51.23%  (best 67.50 @ ep 9)  [50.6s]
  ep  71: acc1=50.34%  acc2=50.62%  ens=50.48%  (best 67.50 @ ep 9)  [38.9s]
  ep  72: acc1=49.94%  acc2=51.04%  ens=50.49%  (best 67.50 @ ep 9)  [71.0s]
  ep  73: acc1=50.73%  acc2=50.38%  ens=50.55%  (best 67.50 @ ep 9)  [39.5s]
  ep  74: acc1=51.06%  acc2=51.34%  ens=51.20%  (best 67.50 @ ep 9)  [121.0s]
  ep  75: acc1=52.26%  acc2=51.15%  ens=51.70%  (best 67.50 @ ep 9)  [47.5s]  [w on clean=0.806, on noisy=0.546]
  ep  76: acc1=51.92%  acc2=50.69%  ens=51.30%  (best 67.50 @ ep 9)  [54.9s]
  ep  77: acc1=52.00%  acc2=51.37%  ens=51.69%  (best 67.50 @ ep 9)  [93.9s]
  ep  78: acc1=52.93%  acc2=51.66%  ens=52.30%  (best 67.50 @ ep 9)  [38.6s]
  ep  79: acc1=51.07%  acc2=51.71%  ens=51.39%  (best 67.50 @ ep 9)  [61.8s]
  ep  80: acc1=51.20%  acc2=50.39%  ens=50.80%  (best 67.50 @ ep 9)  [37.5s]
  ep  81: acc1=51.00%  acc2=50.55%  ens=50.77%  (best 67.50 @ ep 9)  [59.4s]
  ep  82: acc1=51.30%  acc2=51.32%  ens=51.31%  (best 67.50 @ ep 9)  [94.8s]
  ep  83: acc1=52.77%  acc2=51.94%  ens=52.35%  (best 67.50 @ ep 9)  [64.2s]
  ep  84: acc1=51.84%  acc2=52.09%  ens=51.96%  (best 67.50 @ ep 9)  [69.4s]
  ep  85: acc1=52.96%  acc2=51.91%  ens=52.43%  (best 67.50 @ ep 9)  [38.3s]
  ep  86: acc1=52.29%  acc2=51.35%  ens=51.82%  (best 67.50 @ ep 9)  [89.7s]
  ep  87: acc1=52.58%  acc2=52.42%  ens=52.50%  (best 67.50 @ ep 9)  [38.6s]
  ep  88: acc1=53.24%  acc2=52.16%  ens=52.70%  (best 67.50 @ ep 9)  [73.8s]
  ep  89: acc1=52.71%  acc2=51.72%  ens=52.22%  (best 67.50 @ ep 9)  [87.8s]
  ep  90: acc1=52.01%  acc2=51.25%  ens=51.63%  (best 67.50 @ ep 9)  [87.3s]
  ep  91: acc1=52.47%  acc2=52.02%  ens=52.25%  (best 67.50 @ ep 9)  [77.0s]
  ep  92: acc1=53.13%  acc2=52.01%  ens=52.57%  (best 67.50 @ ep 9)  [136.9s]
  ep  93: acc1=52.83%  acc2=52.25%  ens=52.54%  (best 67.50 @ ep 9)  [40.3s]
  ep  94: acc1=52.76%  acc2=52.07%  ens=52.41%  (best 67.50 @ ep 9)  [39.1s]
  ep  95: acc1=53.09%  acc2=51.95%  ens=52.52%  (best 67.50 @ ep 9)  [175.9s]
  ep  96: acc1=52.61%  acc2=51.52%  ens=52.07%  (best 67.50 @ ep 9)  [85.8s]
  ep  97: acc1=52.85%  acc2=51.48%  ens=52.16%  (best 67.50 @ ep 9)  [56.3s]
  ep  98: acc1=52.67%  acc2=51.74%  ens=52.20%  (best 67.50 @ ep 9)  [41.4s]
  ep  99: acc1=52.96%  acc2=51.45%  ens=52.20%  (best 67.50 @ ep 9)  [49.9s]  [w on clean=0.806, on noisy=0.546]

saved /path/to/ciln-workspace/journal_edition/robustness_transfer/results_v4/dividemix/ours_v2_clean__elastic_transform_sev3__seed2.json: best ens-acc 67.50% @ ep 9
