condition=ours_v2_noisy__snow_sev3 seed=2 gpu=2
/path/to/ciln-workspace/venv/lib/python3.12/site-packages/torchvision/datasets/cifar.py:83: VisibleDeprecationWarning: dtype(): align should be passed as Python or NumPy boolean but got `align=0`. Did you mean to pass a tuple to create a subarray type? (Deprecated NumPy 2.4)
  entry = pickle.load(f, encoding="latin1")
image_source=noisy  N=22500  noise_rate=19.37%
  ep   0: R(t)=1.000  acc1=33.24%  acc2=27.95%  ens=30.59%  (best 30.59 @ ep 0)  [7.3s]
  ep   1: R(t)=0.939  acc1=35.79%  acc2=39.92%  ens=37.85%  (best 37.85 @ ep 1)  [6.5s]
  ep   2: R(t)=0.913  acc1=46.96%  acc2=43.70%  ens=45.33%  (best 45.33 @ ep 2)  [7.0s]
  ep   3: R(t)=0.894  acc1=49.87%  acc2=49.81%  ens=49.84%  (best 49.84 @ ep 3)  [7.1s]
  ep   4: R(t)=0.877  acc1=51.85%  acc2=48.46%  ens=50.15%  (best 50.15 @ ep 4)  [7.3s]
  ep   5: R(t)=0.863  acc1=45.77%  acc2=51.17%  ens=48.47%  (best 50.15 @ ep 4)  [11.2s]  [sel1+2: prec=0.838, recall_clean=0.928]
  ep   6: R(t)=0.850  acc1=56.75%  acc2=52.20%  ens=54.48%  (best 54.48 @ ep 6)  [12.7s]
  ep   7: R(t)=0.838  acc1=61.35%  acc2=57.22%  ens=59.29%  (best 59.29 @ ep 7)  [12.1s]
  ep   8: R(t)=0.827  acc1=51.81%  acc2=55.64%  ens=53.73%  (best 59.29 @ ep 7)  [13.0s]
  ep   9: R(t)=0.816  acc1=56.72%  acc2=48.58%  ens=52.65%  (best 59.29 @ ep 7)  [13.1s]
  ep  10: R(t)=0.806  acc1=61.15%  acc2=61.08%  ens=61.12%  (best 61.12 @ ep 10)  [17.4s]  [sel1+2: prec=0.858, recall_clean=0.904]
  ep  11: R(t)=0.806  acc1=61.77%  acc2=59.19%  ens=60.48%  (best 61.12 @ ep 10)  [12.9s]
  ep  12: R(t)=0.806  acc1=65.99%  acc2=58.02%  ens=62.00%  (best 62.00 @ ep 12)  [13.3s]
  ep  13: R(t)=0.806  acc1=63.20%  acc2=62.95%  ens=63.07%  (best 63.07 @ ep 13)  [13.2s]
  ep  14: R(t)=0.806  acc1=58.34%  acc2=58.10%  ens=58.22%  (best 63.07 @ ep 13)  [12.7s]
  ep  15: R(t)=0.806  acc1=61.19%  acc2=64.38%  ens=62.79%  (best 63.07 @ ep 13)  [12.9s]
  ep  16: R(t)=0.806  acc1=64.88%  acc2=63.99%  ens=64.44%  (best 64.44 @ ep 16)  [13.2s]
  ep  17: R(t)=0.806  acc1=63.81%  acc2=65.11%  ens=64.46%  (best 64.46 @ ep 17)  [12.7s]
  ep  18: R(t)=0.806  acc1=57.45%  acc2=67.59%  ens=62.52%  (best 64.46 @ ep 17)  [6.5s]
  ep  19: R(t)=0.806  acc1=61.31%  acc2=64.74%  ens=63.02%  (best 64.46 @ ep 17)  [6.9s]
  ep  20: R(t)=0.806  acc1=68.99%  acc2=67.51%  ens=68.25%  (best 68.25 @ ep 20)  [10.3s]  [sel1+2: prec=0.869, recall_clean=0.914]
  ep  21: R(t)=0.806  acc1=69.41%  acc2=68.07%  ens=68.74%  (best 68.74 @ ep 21)  [6.6s]
  ep  22: R(t)=0.806  acc1=63.28%  acc2=71.59%  ens=67.44%  (best 68.74 @ ep 21)  [6.6s]
  ep  23: R(t)=0.806  acc1=66.37%  acc2=65.05%  ens=65.71%  (best 68.74 @ ep 21)  [6.6s]
  ep  24: R(t)=0.806  acc1=64.19%  acc2=67.01%  ens=65.60%  (best 68.74 @ ep 21)  [7.0s]
  ep  25: R(t)=0.806  acc1=70.44%  acc2=72.28%  ens=71.36%  (best 71.36 @ ep 25)  [6.8s]
  ep  26: R(t)=0.806  acc1=70.13%  acc2=71.31%  ens=70.72%  (best 71.36 @ ep 25)  [9.1s]
  ep  27: R(t)=0.806  acc1=65.69%  acc2=73.98%  ens=69.84%  (best 71.36 @ ep 25)  [12.9s]
  ep  28: R(t)=0.806  acc1=67.53%  acc2=74.23%  ens=70.88%  (best 71.36 @ ep 25)  [11.2s]
  ep  29: R(t)=0.806  acc1=69.22%  acc2=69.28%  ens=69.25%  (best 71.36 @ ep 25)  [6.8s]
  ep  30: R(t)=0.806  acc1=73.08%  acc2=71.32%  ens=72.20%  (best 72.20 @ ep 30)  [10.4s]  [sel1+2: prec=0.874, recall_clean=0.920]
  ep  31: R(t)=0.806  acc1=69.77%  acc2=70.06%  ens=69.91%  (best 72.20 @ ep 30)  [6.7s]
  ep  32: R(t)=0.806  acc1=71.26%  acc2=65.36%  ens=68.31%  (best 72.20 @ ep 30)  [6.7s]
  ep  33: R(t)=0.806  acc1=71.23%  acc2=71.67%  ens=71.45%  (best 72.20 @ ep 30)  [6.9s]
  ep  34: R(t)=0.806  acc1=72.33%  acc2=70.62%  ens=71.47%  (best 72.20 @ ep 30)  [6.7s]
  ep  35: R(t)=0.806  acc1=64.90%  acc2=68.23%  ens=66.57%  (best 72.20 @ ep 30)  [6.5s]
  ep  36: R(t)=0.806  acc1=64.03%  acc2=72.68%  ens=68.36%  (best 72.20 @ ep 30)  [6.6s]
  ep  37: R(t)=0.806  acc1=70.57%  acc2=66.66%  ens=68.62%  (best 72.20 @ ep 30)  [9.6s]
  ep  38: R(t)=0.806  acc1=71.34%  acc2=72.30%  ens=71.82%  (best 72.20 @ ep 30)  [13.4s]
  ep  39: R(t)=0.806  acc1=69.51%  acc2=73.21%  ens=71.36%  (best 72.20 @ ep 30)  [13.2s]
  ep  40: R(t)=0.806  acc1=70.60%  acc2=73.34%  ens=71.97%  (best 72.20 @ ep 30)  [13.4s]
  ep  41: R(t)=0.806  acc1=75.17%  acc2=73.69%  ens=74.43%  (best 74.43 @ ep 41)  [13.2s]
  ep  42: R(t)=0.806  acc1=72.55%  acc2=73.44%  ens=73.00%  (best 74.43 @ ep 41)  [13.4s]
  ep  43: R(t)=0.806  acc1=71.20%  acc2=75.55%  ens=73.37%  (best 74.43 @ ep 41)  [13.5s]
  ep  44: R(t)=0.806  acc1=73.30%  acc2=75.12%  ens=74.21%  (best 74.43 @ ep 41)  [13.5s]
  ep  45: R(t)=0.806  acc1=73.24%  acc2=74.95%  ens=74.09%  (best 74.43 @ ep 41)  [13.3s]
  ep  46: R(t)=0.806  acc1=75.21%  acc2=77.32%  ens=76.27%  (best 76.27 @ ep 46)  [13.1s]
  ep  47: R(t)=0.806  acc1=76.05%  acc2=75.08%  ens=75.56%  (best 76.27 @ ep 46)  [13.2s]
  ep  48: R(t)=0.806  acc1=74.46%  acc2=74.55%  ens=74.50%  (best 76.27 @ ep 46)  [13.5s]
  ep  49: R(t)=0.806  acc1=73.09%  acc2=71.02%  ens=72.06%  (best 76.27 @ ep 46)  [6.9s]
  ep  50: R(t)=0.806  acc1=74.23%  acc2=76.02%  ens=75.12%  (best 76.27 @ ep 46)  [10.1s]  [sel1+2: prec=0.884, recall_clean=0.926]
  ep  51: R(t)=0.806  acc1=73.66%  acc2=72.47%  ens=73.06%  (best 76.27 @ ep 46)  [6.6s]
  ep  52: R(t)=0.806  acc1=75.24%  acc2=77.76%  ens=76.50%  (best 76.50 @ ep 52)  [6.6s]
  ep  53: R(t)=0.806  acc1=78.12%  acc2=74.44%  ens=76.28%  (best 76.50 @ ep 52)  [6.5s]
  ep  54: R(t)=0.806  acc1=74.65%  acc2=75.76%  ens=75.21%  (best 76.50 @ ep 52)  [6.5s]
  ep  55: R(t)=0.806  acc1=71.06%  acc2=73.21%  ens=72.13%  (best 76.50 @ ep 52)  [6.7s]
  ep  56: R(t)=0.806  acc1=76.31%  acc2=78.54%  ens=77.42%  (best 77.42 @ ep 56)  [6.6s]
  ep  57: R(t)=0.806  acc1=74.73%  acc2=76.95%  ens=75.84%  (best 77.42 @ ep 56)  [6.8s]
  ep  58: R(t)=0.806  acc1=74.47%  acc2=74.97%  ens=74.72%  (best 77.42 @ ep 56)  [12.9s]
  ep  59: R(t)=0.806  acc1=76.43%  acc2=76.63%  ens=76.53%  (best 77.42 @ ep 56)  [13.5s]
  ep  60: R(t)=0.806  acc1=77.16%  acc2=79.53%  ens=78.34%  (best 78.34 @ ep 60)  [13.5s]
  ep  61: R(t)=0.806  acc1=78.34%  acc2=77.38%  ens=77.86%  (best 78.34 @ ep 60)  [12.5s]
  ep  62: R(t)=0.806  acc1=75.01%  acc2=76.09%  ens=75.55%  (best 78.34 @ ep 60)  [13.9s]
  ep  63: R(t)=0.806  acc1=77.83%  acc2=76.29%  ens=77.06%  (best 78.34 @ ep 60)  [14.4s]
  ep  64: R(t)=0.806  acc1=78.89%  acc2=77.84%  ens=78.36%  (best 78.36 @ ep 64)  [15.0s]
  ep  65: R(t)=0.806  acc1=77.08%  acc2=77.78%  ens=77.43%  (best 78.36 @ ep 64)  [6.4s]
  ep  66: R(t)=0.806  acc1=77.14%  acc2=78.62%  ens=77.88%  (best 78.36 @ ep 64)  [6.8s]
  ep  67: R(t)=0.806  acc1=78.79%  acc2=78.92%  ens=78.86%  (best 78.86 @ ep 67)  [6.7s]
  ep  68: R(t)=0.806  acc1=77.32%  acc2=80.36%  ens=78.84%  (best 78.86 @ ep 67)  [6.5s]
  ep  69: R(t)=0.806  acc1=80.11%  acc2=78.30%  ens=79.20%  (best 79.20 @ ep 69)  [6.4s]
  ep  70: R(t)=0.806  acc1=79.12%  acc2=80.27%  ens=79.70%  (best 79.70 @ ep 70)  [6.5s]
  ep  71: R(t)=0.806  acc1=80.79%  acc2=80.54%  ens=80.66%  (best 80.66 @ ep 71)  [6.4s]
  ep  72: R(t)=0.806  acc1=79.98%  acc2=80.15%  ens=80.06%  (best 80.66 @ ep 71)  [6.5s]
  ep  73: R(t)=0.806  acc1=80.38%  acc2=79.81%  ens=80.09%  (best 80.66 @ ep 71)  [7.2s]
  ep  74: R(t)=0.806  acc1=81.49%  acc2=80.32%  ens=80.91%  (best 80.91 @ ep 74)  [9.8s]
  ep  75: R(t)=0.806  acc1=81.67%  acc2=81.85%  ens=81.76%  (best 81.76 @ ep 75)  [17.1s]  [sel1+2: prec=0.897, recall_clean=0.932]
  ep  76: R(t)=0.806  acc1=81.48%  acc2=79.88%  ens=80.68%  (best 81.76 @ ep 75)  [12.2s]
  ep  77: R(t)=0.806  acc1=80.55%  acc2=80.50%  ens=80.53%  (best 81.76 @ ep 75)  [13.1s]
  ep  78: R(t)=0.806  acc1=80.69%  acc2=81.34%  ens=81.01%  (best 81.76 @ ep 75)  [13.4s]
  ep  79: R(t)=0.806  acc1=80.92%  acc2=81.95%  ens=81.44%  (best 81.76 @ ep 75)  [12.7s]
  ep  80: R(t)=0.806  acc1=81.76%  acc2=82.54%  ens=82.15%  (best 82.15 @ ep 80)  [12.7s]
  ep  81: R(t)=0.806  acc1=82.47%  acc2=82.59%  ens=82.53%  (best 82.53 @ ep 81)  [12.5s]
  ep  82: R(t)=0.806  acc1=82.43%  acc2=81.95%  ens=82.19%  (best 82.53 @ ep 81)  [12.8s]
  ep  83: R(t)=0.806  acc1=82.23%  acc2=82.79%  ens=82.51%  (best 82.53 @ ep 81)  [7.9s]
  ep  84: R(t)=0.806  acc1=82.74%  acc2=82.73%  ens=82.73%  (best 82.73 @ ep 84)  [6.7s]
  ep  85: R(t)=0.806  acc1=82.50%  acc2=82.97%  ens=82.73%  (best 82.73 @ ep 84)  [6.7s]
  ep  86: R(t)=0.806  acc1=82.29%  acc2=83.23%  ens=82.76%  (best 82.76 @ ep 86)  [6.5s]
  ep  87: R(t)=0.806  acc1=82.64%  acc2=83.08%  ens=82.86%  (best 82.86 @ ep 87)  [7.0s]
  ep  88: R(t)=0.806  acc1=82.80%  acc2=83.27%  ens=83.03%  (best 83.03 @ ep 88)  [6.7s]
  ep  89: R(t)=0.806  acc1=82.81%  acc2=82.64%  ens=82.73%  (best 83.03 @ ep 88)  [6.8s]
  ep  90: R(t)=0.806  acc1=83.21%  acc2=83.02%  ens=83.12%  (best 83.12 @ ep 90)  [6.8s]
  ep  91: R(t)=0.806  acc1=82.77%  acc2=82.91%  ens=82.84%  (best 83.12 @ ep 90)  [6.7s]
  ep  92: R(t)=0.806  acc1=82.97%  acc2=83.20%  ens=83.08%  (best 83.12 @ ep 90)  [9.7s]
  ep  93: R(t)=0.806  acc1=82.83%  acc2=83.26%  ens=83.05%  (best 83.12 @ ep 90)  [12.8s]
  ep  94: R(t)=0.806  acc1=82.97%  acc2=83.05%  ens=83.01%  (best 83.12 @ ep 90)  [14.0s]
  ep  95: R(t)=0.806  acc1=82.95%  acc2=83.28%  ens=83.12%  (best 83.12 @ ep 90)  [13.1s]
  ep  96: R(t)=0.806  acc1=82.97%  acc2=83.26%  ens=83.12%  (best 83.12 @ ep 90)  [12.9s]
  ep  97: R(t)=0.806  acc1=83.10%  acc2=83.37%  ens=83.23%  (best 83.23 @ ep 97)  [12.0s]
  ep  98: R(t)=0.806  acc1=83.14%  acc2=83.43%  ens=83.29%  (best 83.29 @ ep 98)  [13.2s]
  ep  99: R(t)=0.806  acc1=83.05%  acc2=83.17%  ens=83.11%  (best 83.29 @ ep 98)  [19.4s]  [sel1+2: prec=0.902, recall_clean=0.925]

saved /path/to/ciln-workspace/journal_edition/robustness_transfer/results_v4/coteaching/ours_v2_noisy__snow_sev3__seed2.json: best ens-acc 83.29% @ ep 98
