condition=ours_v2_noisy__contrast_sev5 seed=2 gpu=2
/path/to/ciln-workspace/venv/lib/python3.12/site-packages/torchvision/datasets/cifar.py:83: VisibleDeprecationWarning: dtype(): align should be passed as Python or NumPy boolean but got `align=0`. Did you mean to pass a tuple to create a subarray type? (Deprecated NumPy 2.4)
  entry = pickle.load(f, encoding="latin1")
image_source=noisy  N=22500  noise_rate=47.51%
  ep   0: R(t)=1.000  acc1=18.88%  acc2=16.50%  ens=17.69%  (best 17.69 @ ep 0)  [7.5s]
  ep   1: R(t)=0.850  acc1=21.82%  acc2=20.66%  ens=21.24%  (best 21.24 @ ep 1)  [6.4s]
  ep   2: R(t)=0.788  acc1=19.57%  acc2=18.87%  ens=19.22%  (best 21.24 @ ep 1)  [6.7s]
  ep   3: R(t)=0.740  acc1=20.59%  acc2=19.08%  ens=19.84%  (best 21.24 @ ep 1)  [6.9s]
  ep   4: R(t)=0.700  acc1=18.99%  acc2=17.75%  ens=18.37%  (best 21.24 @ ep 1)  [6.6s]
  ep   5: R(t)=0.664  acc1=20.00%  acc2=19.16%  ens=19.58%  (best 21.24 @ ep 1)  [10.2s]  [sel1+2: prec=0.449, recall_clean=0.576]
  ep   6: R(t)=0.632  acc1=17.60%  acc2=18.40%  ens=18.00%  (best 21.24 @ ep 1)  [6.5s]
  ep   7: R(t)=0.603  acc1=16.89%  acc2=19.09%  ens=17.99%  (best 21.24 @ ep 1)  [12.8s]
  ep   8: R(t)=0.575  acc1=19.49%  acc2=18.78%  ens=19.13%  (best 21.24 @ ep 1)  [18.5s]
  ep   9: R(t)=0.549  acc1=18.34%  acc2=18.38%  ens=18.36%  (best 21.24 @ ep 1)  [17.1s]
  ep  10: R(t)=0.525  acc1=19.83%  acc2=19.26%  ens=19.55%  (best 21.24 @ ep 1)  [23.0s]  [sel1+2: prec=0.409, recall_clean=0.416]
  ep  11: R(t)=0.525  acc1=20.06%  acc2=19.83%  ens=19.95%  (best 21.24 @ ep 1)  [18.5s]
  ep  12: R(t)=0.525  acc1=19.40%  acc2=19.01%  ens=19.20%  (best 21.24 @ ep 1)  [18.4s]
  ep  13: R(t)=0.525  acc1=19.32%  acc2=19.07%  ens=19.20%  (best 21.24 @ ep 1)  [17.5s]
  ep  14: R(t)=0.525  acc1=18.37%  acc2=18.66%  ens=18.51%  (best 21.24 @ ep 1)  [17.3s]
  ep  15: R(t)=0.525  acc1=17.76%  acc2=17.92%  ens=17.84%  (best 21.24 @ ep 1)  [17.4s]
  ep  16: R(t)=0.525  acc1=19.45%  acc2=17.26%  ens=18.36%  (best 21.24 @ ep 1)  [17.4s]
  ep  17: R(t)=0.525  acc1=18.68%  acc2=18.88%  ens=18.78%  (best 21.24 @ ep 1)  [16.6s]
  ep  18: R(t)=0.525  acc1=19.48%  acc2=19.05%  ens=19.27%  (best 21.24 @ ep 1)  [17.3s]
  ep  19: R(t)=0.525  acc1=19.81%  acc2=19.80%  ens=19.80%  (best 21.24 @ ep 1)  [16.7s]
  ep  20: R(t)=0.525  acc1=17.37%  acc2=17.05%  ens=17.21%  (best 21.24 @ ep 1)  [24.3s]  [sel1+2: prec=0.408, recall_clean=0.415]
  ep  21: R(t)=0.525  acc1=18.53%  acc2=18.41%  ens=18.47%  (best 21.24 @ ep 1)  [14.2s]
  ep  22: R(t)=0.525  acc1=16.12%  acc2=16.43%  ens=16.28%  (best 21.24 @ ep 1)  [6.8s]
  ep  23: R(t)=0.525  acc1=17.68%  acc2=18.88%  ens=18.28%  (best 21.24 @ ep 1)  [6.3s]
  ep  24: R(t)=0.525  acc1=18.67%  acc2=20.79%  ens=19.73%  (best 21.24 @ ep 1)  [6.5s]
  ep  25: R(t)=0.525  acc1=18.58%  acc2=19.15%  ens=18.86%  (best 21.24 @ ep 1)  [6.6s]
  ep  26: R(t)=0.525  acc1=16.55%  acc2=15.49%  ens=16.02%  (best 21.24 @ ep 1)  [6.5s]
  ep  27: R(t)=0.525  acc1=17.61%  acc2=16.98%  ens=17.29%  (best 21.24 @ ep 1)  [6.5s]
  ep  28: R(t)=0.525  acc1=16.72%  acc2=18.13%  ens=17.42%  (best 21.24 @ ep 1)  [6.8s]
  ep  29: R(t)=0.525  acc1=18.80%  acc2=18.07%  ens=18.44%  (best 21.24 @ ep 1)  [6.6s]
  ep  30: R(t)=0.525  acc1=19.85%  acc2=19.42%  ens=19.64%  (best 21.24 @ ep 1)  [10.0s]  [sel1+2: prec=0.411, recall_clean=0.417]
  ep  31: R(t)=0.525  acc1=16.32%  acc2=16.87%  ens=16.59%  (best 21.24 @ ep 1)  [6.3s]
  ep  32: R(t)=0.525  acc1=18.76%  acc2=19.32%  ens=19.04%  (best 21.24 @ ep 1)  [6.7s]
  ep  33: R(t)=0.525  acc1=17.83%  acc2=20.31%  ens=19.07%  (best 21.24 @ ep 1)  [6.4s]
  ep  34: R(t)=0.525  acc1=19.61%  acc2=19.17%  ens=19.39%  (best 21.24 @ ep 1)  [6.6s]
  ep  35: R(t)=0.525  acc1=18.57%  acc2=18.22%  ens=18.39%  (best 21.24 @ ep 1)  [6.5s]
  ep  36: R(t)=0.525  acc1=18.12%  acc2=19.03%  ens=18.57%  (best 21.24 @ ep 1)  [6.4s]
  ep  37: R(t)=0.525  acc1=15.63%  acc2=16.54%  ens=16.09%  (best 21.24 @ ep 1)  [6.3s]
  ep  38: R(t)=0.525  acc1=19.62%  acc2=19.42%  ens=19.52%  (best 21.24 @ ep 1)  [6.5s]
  ep  39: R(t)=0.525  acc1=19.44%  acc2=20.71%  ens=20.07%  (best 21.24 @ ep 1)  [6.2s]
  ep  40: R(t)=0.525  acc1=18.68%  acc2=19.59%  ens=19.13%  (best 21.24 @ ep 1)  [16.6s]
  ep  41: R(t)=0.525  acc1=17.37%  acc2=16.53%  ens=16.95%  (best 21.24 @ ep 1)  [17.0s]
  ep  42: R(t)=0.525  acc1=20.03%  acc2=19.94%  ens=19.98%  (best 21.24 @ ep 1)  [17.4s]
  ep  43: R(t)=0.525  acc1=19.20%  acc2=19.14%  ens=19.17%  (best 21.24 @ ep 1)  [6.6s]
  ep  44: R(t)=0.525  acc1=18.88%  acc2=18.56%  ens=18.72%  (best 21.24 @ ep 1)  [6.6s]
  ep  45: R(t)=0.525  acc1=18.80%  acc2=19.62%  ens=19.21%  (best 21.24 @ ep 1)  [6.6s]
  ep  46: R(t)=0.525  acc1=16.22%  acc2=18.63%  ens=17.43%  (best 21.24 @ ep 1)  [6.5s]
  ep  47: R(t)=0.525  acc1=18.06%  acc2=17.86%  ens=17.96%  (best 21.24 @ ep 1)  [6.7s]
  ep  48: R(t)=0.525  acc1=18.92%  acc2=20.17%  ens=19.55%  (best 21.24 @ ep 1)  [6.7s]
  ep  49: R(t)=0.525  acc1=18.23%  acc2=18.55%  ens=18.39%  (best 21.24 @ ep 1)  [6.2s]
  ep  50: R(t)=0.525  acc1=18.44%  acc2=20.64%  ens=19.54%  (best 21.24 @ ep 1)  [10.4s]  [sel1+2: prec=0.408, recall_clean=0.412]
  ep  51: R(t)=0.525  acc1=15.16%  acc2=16.69%  ens=15.93%  (best 21.24 @ ep 1)  [6.7s]
  ep  52: R(t)=0.525  acc1=17.85%  acc2=18.70%  ens=18.27%  (best 21.24 @ ep 1)  [15.0s]
  ep  53: R(t)=0.525  acc1=17.74%  acc2=19.60%  ens=18.67%  (best 21.24 @ ep 1)  [17.5s]
  ep  54: R(t)=0.525  acc1=18.38%  acc2=19.77%  ens=19.07%  (best 21.24 @ ep 1)  [18.3s]
  ep  55: R(t)=0.525  acc1=20.31%  acc2=21.03%  ens=20.67%  (best 21.24 @ ep 1)  [16.6s]
  ep  56: R(t)=0.525  acc1=18.16%  acc2=20.09%  ens=19.12%  (best 21.24 @ ep 1)  [18.4s]
  ep  57: R(t)=0.525  acc1=18.31%  acc2=19.59%  ens=18.95%  (best 21.24 @ ep 1)  [18.9s]
  ep  58: R(t)=0.525  acc1=18.88%  acc2=19.39%  ens=19.13%  (best 21.24 @ ep 1)  [19.5s]
  ep  59: R(t)=0.525  acc1=18.25%  acc2=20.62%  ens=19.43%  (best 21.24 @ ep 1)  [17.5s]
  ep  60: R(t)=0.525  acc1=18.05%  acc2=20.30%  ens=19.18%  (best 21.24 @ ep 1)  [13.8s]
  ep  61: R(t)=0.525  acc1=18.68%  acc2=20.06%  ens=19.37%  (best 21.24 @ ep 1)  [6.5s]
  ep  62: R(t)=0.525  acc1=18.05%  acc2=19.36%  ens=18.70%  (best 21.24 @ ep 1)  [6.5s]
  ep  63: R(t)=0.525  acc1=18.33%  acc2=19.53%  ens=18.93%  (best 21.24 @ ep 1)  [6.6s]
  ep  64: R(t)=0.525  acc1=18.73%  acc2=20.51%  ens=19.62%  (best 21.24 @ ep 1)  [6.6s]
  ep  65: R(t)=0.525  acc1=20.58%  acc2=21.57%  ens=21.07%  (best 21.24 @ ep 1)  [7.0s]
  ep  66: R(t)=0.525  acc1=18.66%  acc2=19.92%  ens=19.29%  (best 21.24 @ ep 1)  [6.3s]
  ep  67: R(t)=0.525  acc1=20.00%  acc2=21.05%  ens=20.52%  (best 21.24 @ ep 1)  [6.7s]
  ep  68: R(t)=0.525  acc1=18.09%  acc2=20.36%  ens=19.23%  (best 21.24 @ ep 1)  [6.4s]
  ep  69: R(t)=0.525  acc1=18.96%  acc2=19.26%  ens=19.11%  (best 21.24 @ ep 1)  [8.2s]
  ep  70: R(t)=0.525  acc1=19.55%  acc2=21.64%  ens=20.60%  (best 21.24 @ ep 1)  [18.7s]
  ep  71: R(t)=0.525  acc1=20.68%  acc2=22.05%  ens=21.37%  (best 21.37 @ ep 71)  [19.0s]
  ep  72: R(t)=0.525  acc1=19.56%  acc2=19.52%  ens=19.54%  (best 21.37 @ ep 71)  [19.9s]
  ep  73: R(t)=0.525  acc1=20.50%  acc2=21.70%  ens=21.10%  (best 21.37 @ ep 71)  [18.9s]
  ep  74: R(t)=0.525  acc1=20.18%  acc2=20.32%  ens=20.25%  (best 21.37 @ ep 71)  [19.4s]
  ep  75: R(t)=0.525  acc1=19.65%  acc2=21.08%  ens=20.36%  (best 21.37 @ ep 71)  [20.1s]  [sel1+2: prec=0.413, recall_clean=0.420]
  ep  76: R(t)=0.525  acc1=19.68%  acc2=21.67%  ens=20.67%  (best 21.37 @ ep 71)  [6.7s]
  ep  77: R(t)=0.525  acc1=20.13%  acc2=21.24%  ens=20.69%  (best 21.37 @ ep 71)  [6.2s]
  ep  78: R(t)=0.525  acc1=19.61%  acc2=22.28%  ens=20.95%  (best 21.37 @ ep 71)  [6.5s]
  ep  79: R(t)=0.525  acc1=20.21%  acc2=22.11%  ens=21.16%  (best 21.37 @ ep 71)  [6.5s]
  ep  80: R(t)=0.525  acc1=18.94%  acc2=20.85%  ens=19.90%  (best 21.37 @ ep 71)  [6.4s]
  ep  81: R(t)=0.525  acc1=20.12%  acc2=22.58%  ens=21.35%  (best 21.37 @ ep 71)  [6.4s]
  ep  82: R(t)=0.525  acc1=20.87%  acc2=21.35%  ens=21.11%  (best 21.37 @ ep 71)  [6.6s]
  ep  83: R(t)=0.525  acc1=20.45%  acc2=21.54%  ens=21.00%  (best 21.37 @ ep 71)  [6.7s]
  ep  84: R(t)=0.525  acc1=21.02%  acc2=22.34%  ens=21.68%  (best 21.68 @ ep 84)  [7.3s]
  ep  85: R(t)=0.525  acc1=22.25%  acc2=22.56%  ens=22.41%  (best 22.41 @ ep 85)  [16.2s]
  ep  86: R(t)=0.525  acc1=21.58%  acc2=21.97%  ens=21.77%  (best 22.41 @ ep 85)  [18.0s]
  ep  87: R(t)=0.525  acc1=21.54%  acc2=21.39%  ens=21.46%  (best 22.41 @ ep 85)  [16.6s]
  ep  88: R(t)=0.525  acc1=22.23%  acc2=21.76%  ens=21.99%  (best 22.41 @ ep 85)  [17.3s]
  ep  89: R(t)=0.525  acc1=21.83%  acc2=21.72%  ens=21.77%  (best 22.41 @ ep 85)  [18.0s]
  ep  90: R(t)=0.525  acc1=22.30%  acc2=21.82%  ens=22.06%  (best 22.41 @ ep 85)  [18.5s]
  ep  91: R(t)=0.525  acc1=22.38%  acc2=22.25%  ens=22.32%  (best 22.41 @ ep 85)  [17.8s]
  ep  92: R(t)=0.525  acc1=22.21%  acc2=21.82%  ens=22.02%  (best 22.41 @ ep 85)  [18.2s]
  ep  93: R(t)=0.525  acc1=22.45%  acc2=21.90%  ens=22.18%  (best 22.41 @ ep 85)  [18.8s]
  ep  94: R(t)=0.525  acc1=22.54%  acc2=22.00%  ens=22.27%  (best 22.41 @ ep 85)  [17.1s]
  ep  95: R(t)=0.525  acc1=22.55%  acc2=22.30%  ens=22.43%  (best 22.43 @ ep 95)  [16.1s]
  ep  96: R(t)=0.525  acc1=22.35%  acc2=21.80%  ens=22.07%  (best 22.43 @ ep 95)  [16.9s]
  ep  97: R(t)=0.525  acc1=22.49%  acc2=21.97%  ens=22.23%  (best 22.43 @ ep 95)  [19.4s]
  ep  98: R(t)=0.525  acc1=22.55%  acc2=22.01%  ens=22.28%  (best 22.43 @ ep 95)  [17.2s]
  ep  99: R(t)=0.525  acc1=22.48%  acc2=21.95%  ens=22.21%  (best 22.43 @ ep 95)  [24.6s]  [sel1+2: prec=0.417, recall_clean=0.422]

saved /path/to/ciln-workspace/journal_edition/robustness_transfer/results_v4/coteaching/ours_v2_noisy__contrast_sev5__seed2.json: best ens-acc 22.43% @ ep 95
