condition=ours_v2_noisy__pixelate_sev1 seed=0 gpu=2
/path/to/ciln-workspace/venv/lib/python3.12/site-packages/torchvision/datasets/cifar.py:83: VisibleDeprecationWarning: dtype(): align should be passed as Python or NumPy boolean but got `align=0`. Did you mean to pass a tuple to create a subarray type? (Deprecated NumPy 2.4)
  entry = pickle.load(f, encoding="latin1")
image_source=noisy  N=22500  noise_rate=11.68%
  ep   0: R(t)=1.000  acc1=28.57%  acc2=29.82%  ens=29.20%  (best 29.20 @ ep 0)  [7.8s]
  ep   1: R(t)=0.963  acc1=44.62%  acc2=37.27%  ens=40.95%  (best 40.95 @ ep 1)  [9.1s]
  ep   2: R(t)=0.948  acc1=45.35%  acc2=53.06%  ens=49.20%  (best 49.20 @ ep 2)  [19.1s]
  ep   3: R(t)=0.936  acc1=55.43%  acc2=55.52%  ens=55.48%  (best 55.48 @ ep 3)  [21.8s]
  ep   4: R(t)=0.926  acc1=63.59%  acc2=55.32%  ens=59.46%  (best 59.46 @ ep 4)  [20.1s]
  ep   5: R(t)=0.917  acc1=61.35%  acc2=45.88%  ens=53.62%  (best 59.46 @ ep 4)  [29.4s]  [sel1+2: prec=0.902, recall_clean=0.959]
  ep   6: R(t)=0.910  acc1=57.61%  acc2=59.49%  ens=58.55%  (best 59.46 @ ep 4)  [18.9s]
  ep   7: R(t)=0.902  acc1=61.40%  acc2=56.81%  ens=59.11%  (best 59.46 @ ep 4)  [19.4s]
  ep   8: R(t)=0.896  acc1=59.49%  acc2=63.56%  ens=61.53%  (best 61.53 @ ep 8)  [20.6s]
  ep   9: R(t)=0.889  acc1=61.11%  acc2=63.22%  ens=62.17%  (best 62.17 @ ep 9)  [20.1s]
  ep  10: R(t)=0.883  acc1=68.13%  acc2=69.61%  ens=68.87%  (best 68.87 @ ep 10)  [20.5s]  [sel1+2: prec=0.915, recall_clean=0.948]
  ep  11: R(t)=0.883  acc1=65.01%  acc2=66.41%  ens=65.71%  (best 68.87 @ ep 10)  [6.4s]
  ep  12: R(t)=0.883  acc1=67.92%  acc2=67.57%  ens=67.75%  (best 68.87 @ ep 10)  [6.2s]
  ep  13: R(t)=0.883  acc1=65.69%  acc2=62.84%  ens=64.27%  (best 68.87 @ ep 10)  [6.2s]
  ep  14: R(t)=0.883  acc1=67.06%  acc2=67.10%  ens=67.08%  (best 68.87 @ ep 10)  [6.5s]
  ep  15: R(t)=0.883  acc1=69.64%  acc2=70.65%  ens=70.14%  (best 70.14 @ ep 15)  [6.5s]
  ep  16: R(t)=0.883  acc1=61.99%  acc2=64.96%  ens=63.47%  (best 70.14 @ ep 15)  [6.3s]
  ep  17: R(t)=0.883  acc1=65.57%  acc2=67.45%  ens=66.51%  (best 70.14 @ ep 15)  [6.5s]
  ep  18: R(t)=0.883  acc1=72.99%  acc2=73.12%  ens=73.06%  (best 73.06 @ ep 18)  [6.8s]
  ep  19: R(t)=0.883  acc1=71.82%  acc2=75.46%  ens=73.64%  (best 73.64 @ ep 19)  [7.5s]
  ep  20: R(t)=0.883  acc1=66.96%  acc2=69.08%  ens=68.02%  (best 73.64 @ ep 19)  [23.0s]  [sel1+2: prec=0.920, recall_clean=0.953]
  ep  21: R(t)=0.883  acc1=66.29%  acc2=74.19%  ens=70.24%  (best 73.64 @ ep 19)  [6.3s]
  ep  22: R(t)=0.883  acc1=64.39%  acc2=71.47%  ens=67.93%  (best 73.64 @ ep 19)  [6.5s]
  ep  23: R(t)=0.883  acc1=74.12%  acc2=72.34%  ens=73.23%  (best 73.64 @ ep 19)  [6.7s]
  ep  24: R(t)=0.883  acc1=77.32%  acc2=71.45%  ens=74.39%  (best 74.39 @ ep 24)  [6.8s]
  ep  25: R(t)=0.883  acc1=73.01%  acc2=75.59%  ens=74.30%  (best 74.39 @ ep 24)  [6.4s]
  ep  26: R(t)=0.883  acc1=76.09%  acc2=71.47%  ens=73.78%  (best 74.39 @ ep 24)  [6.4s]
  ep  27: R(t)=0.883  acc1=72.80%  acc2=71.42%  ens=72.11%  (best 74.39 @ ep 24)  [6.4s]
  ep  28: R(t)=0.883  acc1=74.90%  acc2=70.90%  ens=72.90%  (best 74.39 @ ep 24)  [6.4s]
  ep  29: R(t)=0.883  acc1=70.50%  acc2=78.21%  ens=74.35%  (best 74.39 @ ep 24)  [6.0s]
  ep  30: R(t)=0.883  acc1=71.83%  acc2=76.41%  ens=74.12%  (best 74.39 @ ep 24)  [17.9s]  [sel1+2: prec=0.921, recall_clean=0.954]
  ep  31: R(t)=0.883  acc1=72.28%  acc2=70.53%  ens=71.41%  (best 74.39 @ ep 24)  [18.5s]
  ep  32: R(t)=0.883  acc1=73.88%  acc2=74.48%  ens=74.18%  (best 74.39 @ ep 24)  [17.5s]
  ep  33: R(t)=0.883  acc1=74.81%  acc2=67.50%  ens=71.16%  (best 74.39 @ ep 24)  [17.1s]
  ep  34: R(t)=0.883  acc1=73.08%  acc2=73.85%  ens=73.47%  (best 74.39 @ ep 24)  [16.7s]
  ep  35: R(t)=0.883  acc1=76.38%  acc2=72.89%  ens=74.64%  (best 74.64 @ ep 35)  [6.5s]
  ep  36: R(t)=0.883  acc1=77.65%  acc2=73.83%  ens=75.74%  (best 75.74 @ ep 36)  [6.6s]
  ep  37: R(t)=0.883  acc1=74.55%  acc2=70.43%  ens=72.49%  (best 75.74 @ ep 36)  [6.7s]
  ep  38: R(t)=0.883  acc1=69.80%  acc2=73.66%  ens=71.73%  (best 75.74 @ ep 36)  [6.5s]
  ep  39: R(t)=0.883  acc1=75.59%  acc2=70.30%  ens=72.94%  (best 75.74 @ ep 36)  [6.7s]
  ep  40: R(t)=0.883  acc1=74.98%  acc2=76.20%  ens=75.59%  (best 75.74 @ ep 36)  [6.5s]
  ep  41: R(t)=0.883  acc1=76.92%  acc2=77.90%  ens=77.41%  (best 77.41 @ ep 41)  [6.8s]
  ep  42: R(t)=0.883  acc1=73.04%  acc2=77.92%  ens=75.48%  (best 77.41 @ ep 41)  [6.5s]
  ep  43: R(t)=0.883  acc1=76.32%  acc2=73.75%  ens=75.04%  (best 77.41 @ ep 41)  [7.4s]
  ep  44: R(t)=0.883  acc1=77.09%  acc2=77.97%  ens=77.53%  (best 77.53 @ ep 44)  [17.8s]
  ep  45: R(t)=0.883  acc1=71.22%  acc2=74.41%  ens=72.82%  (best 77.53 @ ep 44)  [18.6s]
  ep  46: R(t)=0.883  acc1=78.78%  acc2=76.97%  ens=77.88%  (best 77.88 @ ep 46)  [17.0s]
  ep  47: R(t)=0.883  acc1=77.33%  acc2=78.60%  ens=77.96%  (best 77.96 @ ep 47)  [18.0s]
  ep  48: R(t)=0.883  acc1=78.12%  acc2=77.25%  ens=77.69%  (best 77.96 @ ep 47)  [16.7s]
  ep  49: R(t)=0.883  acc1=76.86%  acc2=77.10%  ens=76.98%  (best 77.96 @ ep 47)  [17.8s]
  ep  50: R(t)=0.883  acc1=76.37%  acc2=75.83%  ens=76.10%  (best 77.96 @ ep 47)  [24.3s]  [sel1+2: prec=0.926, recall_clean=0.956]
  ep  51: R(t)=0.883  acc1=78.77%  acc2=78.87%  ens=78.82%  (best 78.82 @ ep 51)  [6.6s]
  ep  52: R(t)=0.883  acc1=78.66%  acc2=78.99%  ens=78.83%  (best 78.83 @ ep 52)  [6.4s]
  ep  53: R(t)=0.883  acc1=79.06%  acc2=80.73%  ens=79.90%  (best 79.90 @ ep 53)  [6.5s]
  ep  54: R(t)=0.883  acc1=78.51%  acc2=78.45%  ens=78.48%  (best 79.90 @ ep 53)  [6.5s]
  ep  55: R(t)=0.883  acc1=78.36%  acc2=76.84%  ens=77.60%  (best 79.90 @ ep 53)  [6.4s]
  ep  56: R(t)=0.883  acc1=76.88%  acc2=80.46%  ens=78.67%  (best 79.90 @ ep 53)  [6.4s]
  ep  57: R(t)=0.883  acc1=81.06%  acc2=78.70%  ens=79.88%  (best 79.90 @ ep 53)  [6.2s]
  ep  58: R(t)=0.883  acc1=79.74%  acc2=78.57%  ens=79.16%  (best 79.90 @ ep 53)  [6.5s]
  ep  59: R(t)=0.883  acc1=80.68%  acc2=80.17%  ens=80.42%  (best 80.42 @ ep 59)  [6.3s]
  ep  60: R(t)=0.883  acc1=79.45%  acc2=79.92%  ens=79.69%  (best 80.42 @ ep 59)  [13.0s]
  ep  61: R(t)=0.883  acc1=79.40%  acc2=79.98%  ens=79.69%  (best 80.42 @ ep 59)  [17.1s]
  ep  62: R(t)=0.883  acc1=81.62%  acc2=80.25%  ens=80.94%  (best 80.94 @ ep 62)  [16.9s]
  ep  63: R(t)=0.883  acc1=80.36%  acc2=81.20%  ens=80.78%  (best 80.94 @ ep 62)  [17.1s]
  ep  64: R(t)=0.883  acc1=83.04%  acc2=81.26%  ens=82.15%  (best 82.15 @ ep 64)  [18.0s]
  ep  65: R(t)=0.883  acc1=81.61%  acc2=82.65%  ens=82.13%  (best 82.15 @ ep 64)  [17.3s]
  ep  66: R(t)=0.883  acc1=82.87%  acc2=82.52%  ens=82.70%  (best 82.70 @ ep 66)  [16.4s]
  ep  67: R(t)=0.883  acc1=82.48%  acc2=81.66%  ens=82.07%  (best 82.70 @ ep 66)  [17.2s]
  ep  68: R(t)=0.883  acc1=81.22%  acc2=82.60%  ens=81.91%  (best 82.70 @ ep 66)  [16.9s]
  ep  69: R(t)=0.883  acc1=81.96%  acc2=82.67%  ens=82.31%  (best 82.70 @ ep 66)  [16.9s]
  ep  70: R(t)=0.883  acc1=82.76%  acc2=82.22%  ens=82.49%  (best 82.70 @ ep 66)  [16.9s]
  ep  71: R(t)=0.883  acc1=82.77%  acc2=82.49%  ens=82.63%  (best 82.70 @ ep 66)  [17.6s]
  ep  72: R(t)=0.883  acc1=82.49%  acc2=82.89%  ens=82.69%  (best 82.70 @ ep 66)  [16.9s]
  ep  73: R(t)=0.883  acc1=82.96%  acc2=84.07%  ens=83.52%  (best 83.52 @ ep 73)  [18.0s]
  ep  74: R(t)=0.883  acc1=81.43%  acc2=83.69%  ens=82.56%  (best 83.52 @ ep 73)  [17.5s]
  ep  75: R(t)=0.883  acc1=83.91%  acc2=83.27%  ens=83.59%  (best 83.59 @ ep 75)  [20.0s]  [sel1+2: prec=0.931, recall_clean=0.958]
  ep  76: R(t)=0.883  acc1=84.92%  acc2=83.87%  ens=84.39%  (best 84.39 @ ep 76)  [6.3s]
  ep  77: R(t)=0.883  acc1=84.06%  acc2=84.03%  ens=84.05%  (best 84.39 @ ep 76)  [6.4s]
  ep  78: R(t)=0.883  acc1=84.85%  acc2=84.49%  ens=84.67%  (best 84.67 @ ep 78)  [6.5s]
  ep  79: R(t)=0.883  acc1=84.45%  acc2=84.97%  ens=84.71%  (best 84.71 @ ep 79)  [6.6s]
  ep  80: R(t)=0.883  acc1=84.98%  acc2=84.62%  ens=84.80%  (best 84.80 @ ep 80)  [6.4s]
  ep  81: R(t)=0.883  acc1=85.06%  acc2=84.95%  ens=85.00%  (best 85.00 @ ep 81)  [6.7s]
  ep  82: R(t)=0.883  acc1=84.86%  acc2=84.99%  ens=84.93%  (best 85.00 @ ep 81)  [6.4s]
  ep  83: R(t)=0.883  acc1=85.28%  acc2=85.28%  ens=85.28%  (best 85.28 @ ep 83)  [6.5s]
  ep  84: R(t)=0.883  acc1=85.10%  acc2=85.45%  ens=85.28%  (best 85.28 @ ep 83)  [8.0s]
  ep  85: R(t)=0.883  acc1=85.49%  acc2=85.06%  ens=85.28%  (best 85.28 @ ep 83)  [16.4s]
  ep  86: R(t)=0.883  acc1=85.48%  acc2=85.41%  ens=85.44%  (best 85.44 @ ep 86)  [17.7s]
  ep  87: R(t)=0.883  acc1=85.38%  acc2=85.24%  ens=85.31%  (best 85.44 @ ep 86)  [18.0s]
  ep  88: R(t)=0.883  acc1=85.33%  acc2=85.58%  ens=85.45%  (best 85.45 @ ep 88)  [17.1s]
  ep  89: R(t)=0.883  acc1=85.85%  acc2=85.97%  ens=85.91%  (best 85.91 @ ep 89)  [18.4s]
  ep  90: R(t)=0.883  acc1=85.98%  acc2=85.75%  ens=85.87%  (best 85.91 @ ep 89)  [17.8s]
  ep  91: R(t)=0.883  acc1=85.94%  acc2=85.70%  ens=85.82%  (best 85.91 @ ep 89)  [17.6s]
  ep  92: R(t)=0.883  acc1=86.02%  acc2=85.88%  ens=85.95%  (best 85.95 @ ep 92)  [18.5s]
  ep  93: R(t)=0.883  acc1=85.81%  acc2=85.76%  ens=85.78%  (best 85.95 @ ep 92)  [18.3s]
  ep  94: R(t)=0.883  acc1=85.95%  acc2=85.90%  ens=85.93%  (best 85.95 @ ep 92)  [18.6s]
  ep  95: R(t)=0.883  acc1=86.23%  acc2=85.72%  ens=85.97%  (best 85.97 @ ep 95)  [17.1s]
  ep  96: R(t)=0.883  acc1=86.00%  acc2=85.65%  ens=85.82%  (best 85.97 @ ep 95)  [16.6s]
  ep  97: R(t)=0.883  acc1=85.99%  acc2=85.85%  ens=85.92%  (best 85.97 @ ep 95)  [17.3s]
  ep  98: R(t)=0.883  acc1=86.10%  acc2=85.74%  ens=85.92%  (best 85.97 @ ep 95)  [16.7s]
  ep  99: R(t)=0.883  acc1=85.98%  acc2=85.64%  ens=85.81%  (best 85.97 @ ep 95)  [22.5s]  [sel1+2: prec=0.935, recall_clean=0.953]

saved /path/to/ciln-workspace/journal_edition/robustness_transfer/results_v4/coteaching/ours_v2_noisy__pixelate_sev1__seed0.json: best ens-acc 85.97% @ ep 95
