condition=ours_v2_clean__snow_sev3 seed=0 gpu=1
/path/to/ciln-workspace/venv/lib/python3.12/site-packages/torchvision/datasets/cifar.py:83: VisibleDeprecationWarning: dtype(): align should be passed as Python or NumPy boolean but got `align=0`. Did you mean to pass a tuple to create a subarray type? (Deprecated NumPy 2.4)
  entry = pickle.load(f, encoding="latin1")
image_source=clean  N_train=22500  noise_rate=19.37%
  ep   0: acc1=30.70%  acc2=31.98%  ens=31.34%  (best 31.34 @ ep 0)  [8.2s]
  ep   1: acc1=45.64%  acc2=48.97%  ens=47.30%  (best 47.30 @ ep 1)  [7.4s]
  ep   2: acc1=51.57%  acc2=46.75%  ens=49.16%  (best 49.16 @ ep 2)  [7.5s]
  ep   3: acc1=58.71%  acc2=46.88%  ens=52.79%  (best 52.79 @ ep 3)  [7.9s]
  ep   4: acc1=61.17%  acc2=52.38%  ens=56.77%  (best 56.77 @ ep 4)  [23.3s]
  ep   5: acc1=59.01%  acc2=63.64%  ens=61.32%  (best 61.32 @ ep 5)  [41.3s]  [w on clean=0.798, on noisy=0.436]
  ep   6: acc1=60.75%  acc2=54.51%  ens=57.63%  (best 61.32 @ ep 5)  [27.2s]
  ep   7: acc1=68.13%  acc2=63.48%  ens=65.81%  (best 65.81 @ ep 7)  [21.0s]
  ep   8: acc1=67.59%  acc2=68.55%  ens=68.07%  (best 68.07 @ ep 8)  [7.6s]
  ep   9: acc1=69.11%  acc2=62.06%  ens=65.59%  (best 68.07 @ ep 8)  [7.4s]
  ep  10: acc1=46.33%  acc2=36.90%  ens=41.62%  (best 68.07 @ ep 8)  [43.5s]  [w on clean=0.657, on noisy=0.375]
  ep  11: acc1=35.42%  acc2=35.11%  ens=35.27%  (best 68.07 @ ep 8)  [35.6s]
  ep  12: acc1=29.81%  acc2=35.16%  ens=32.48%  (best 68.07 @ ep 8)  [28.5s]
  ep  13: acc1=40.43%  acc2=37.48%  ens=38.95%  (best 68.07 @ ep 8)  [43.9s]
  ep  14: acc1=40.35%  acc2=34.57%  ens=37.46%  (best 68.07 @ ep 8)  [34.8s]
  ep  15: acc1=36.70%  acc2=33.88%  ens=35.29%  (best 68.07 @ ep 8)  [38.9s]
  ep  16: acc1=37.90%  acc2=33.09%  ens=35.49%  (best 68.07 @ ep 8)  [75.8s]
  ep  17: acc1=40.38%  acc2=37.12%  ens=38.75%  (best 68.07 @ ep 8)  [38.5s]
  ep  18: acc1=38.82%  acc2=39.64%  ens=39.23%  (best 68.07 @ ep 8)  [51.6s]
  ep  19: acc1=44.06%  acc2=38.40%  ens=41.23%  (best 68.07 @ ep 8)  [37.9s]
  ep  20: acc1=39.81%  acc2=45.86%  ens=42.84%  (best 68.07 @ ep 8)  [43.6s]  [w on clean=0.716, on noisy=0.591]
  ep  21: acc1=42.50%  acc2=41.30%  ens=41.90%  (best 68.07 @ ep 8)  [73.8s]
  ep  22: acc1=42.68%  acc2=45.00%  ens=43.84%  (best 68.07 @ ep 8)  [38.0s]
  ep  23: acc1=45.85%  acc2=43.30%  ens=44.57%  (best 68.07 @ ep 8)  [141.8s]
  ep  24: acc1=45.13%  acc2=41.27%  ens=43.20%  (best 68.07 @ ep 8)  [38.9s]
  ep  25: acc1=45.83%  acc2=39.16%  ens=42.49%  (best 68.07 @ ep 8)  [41.4s]
  ep  26: acc1=41.02%  acc2=42.23%  ens=41.62%  (best 68.07 @ ep 8)  [65.6s]
  ep  27: acc1=46.27%  acc2=43.81%  ens=45.04%  (best 68.07 @ ep 8)  [170.2s]
  ep  28: acc1=45.31%  acc2=42.04%  ens=43.67%  (best 68.07 @ ep 8)  [41.1s]
  ep  29: acc1=38.50%  acc2=43.38%  ens=40.94%  (best 68.07 @ ep 8)  [67.9s]
  ep  30: acc1=46.78%  acc2=47.07%  ens=46.92%  (best 68.07 @ ep 8)  [228.3s]  [w on clean=0.818, on noisy=0.763]
  ep  31: acc1=46.23%  acc2=44.94%  ens=45.59%  (best 68.07 @ ep 8)  [166.3s]
  ep  32: acc1=46.05%  acc2=46.86%  ens=46.45%  (best 68.07 @ ep 8)  [41.2s]
  ep  33: acc1=44.94%  acc2=44.32%  ens=44.63%  (best 68.07 @ ep 8)  [46.0s]
  ep  34: acc1=47.46%  acc2=45.12%  ens=46.29%  (best 68.07 @ ep 8)  [109.4s]
  ep  35: acc1=46.08%  acc2=48.52%  ens=47.30%  (best 68.07 @ ep 8)  [40.3s]
  ep  36: acc1=50.29%  acc2=49.13%  ens=49.71%  (best 68.07 @ ep 8)  [86.5s]
  ep  37: acc1=44.45%  acc2=46.43%  ens=45.44%  (best 68.07 @ ep 8)  [57.8s]
  ep  38: acc1=46.48%  acc2=46.61%  ens=46.55%  (best 68.07 @ ep 8)  [43.7s]
  ep  39: acc1=45.68%  acc2=49.04%  ens=47.36%  (best 68.07 @ ep 8)  [57.4s]
  ep  40: acc1=41.76%  acc2=45.66%  ens=43.71%  (best 68.07 @ ep 8)  [38.8s]
  ep  41: acc1=47.08%  acc2=43.75%  ens=45.41%  (best 68.07 @ ep 8)  [45.5s]
  ep  42: acc1=45.14%  acc2=44.70%  ens=44.92%  (best 68.07 @ ep 8)  [79.5s]
  ep  43: acc1=48.00%  acc2=50.39%  ens=49.20%  (best 68.07 @ ep 8)  [40.0s]
  ep  44: acc1=47.31%  acc2=46.30%  ens=46.80%  (best 68.07 @ ep 8)  [98.9s]
  ep  45: acc1=50.50%  acc2=51.07%  ens=50.79%  (best 68.07 @ ep 8)  [57.7s]
  ep  46: acc1=47.23%  acc2=48.76%  ens=47.99%  (best 68.07 @ ep 8)  [77.9s]
  ep  47: acc1=51.06%  acc2=48.46%  ens=49.76%  (best 68.07 @ ep 8)  [67.1s]
  ep  48: acc1=46.78%  acc2=45.13%  ens=45.95%  (best 68.07 @ ep 8)  [39.1s]
  ep  49: acc1=44.60%  acc2=45.93%  ens=45.27%  (best 68.07 @ ep 8)  [114.6s]
  ep  50: acc1=48.07%  acc2=49.39%  ens=48.73%  (best 68.07 @ ep 8)  [52.3s]  [w on clean=0.818, on noisy=0.766]
  ep  51: acc1=45.49%  acc2=44.88%  ens=45.18%  (best 68.07 @ ep 8)  [39.3s]
  ep  52: acc1=44.57%  acc2=49.09%  ens=46.83%  (best 68.07 @ ep 8)  [76.2s]
  ep  53: acc1=45.37%  acc2=49.34%  ens=47.36%  (best 68.07 @ ep 8)  [41.3s]
  ep  54: acc1=51.46%  acc2=48.60%  ens=50.03%  (best 68.07 @ ep 8)  [85.6s]
  ep  55: acc1=48.90%  acc2=48.44%  ens=48.67%  (best 68.07 @ ep 8)  [57.6s]
  ep  56: acc1=52.40%  acc2=50.52%  ens=51.46%  (best 68.07 @ ep 8)  [94.3s]
  ep  57: acc1=52.22%  acc2=53.00%  ens=52.61%  (best 68.07 @ ep 8)  [131.7s]
  ep  58: acc1=50.13%  acc2=49.20%  ens=49.66%  (best 68.07 @ ep 8)  [39.7s]
  ep  59: acc1=50.08%  acc2=50.70%  ens=50.39%  (best 68.07 @ ep 8)  [51.2s]
  ep  60: acc1=51.12%  acc2=51.70%  ens=51.41%  (best 68.07 @ ep 8)  [42.7s]
  ep  61: acc1=49.77%  acc2=46.45%  ens=48.11%  (best 68.07 @ ep 8)  [41.0s]
  ep  62: acc1=52.98%  acc2=48.87%  ens=50.92%  (best 68.07 @ ep 8)  [42.0s]
  ep  63: acc1=50.66%  acc2=51.64%  ens=51.15%  (best 68.07 @ ep 8)  [39.9s]
  ep  64: acc1=50.59%  acc2=52.68%  ens=51.64%  (best 68.07 @ ep 8)  [185.5s]
  ep  65: acc1=50.70%  acc2=50.91%  ens=50.80%  (best 68.07 @ ep 8)  [40.2s]
  ep  66: acc1=50.59%  acc2=52.49%  ens=51.54%  (best 68.07 @ ep 8)  [48.8s]
  ep  67: acc1=52.66%  acc2=52.59%  ens=52.62%  (best 68.07 @ ep 8)  [175.0s]
  ep  68: acc1=51.51%  acc2=51.29%  ens=51.40%  (best 68.07 @ ep 8)  [57.9s]
  ep  69: acc1=50.87%  acc2=53.26%  ens=52.07%  (best 68.07 @ ep 8)  [49.7s]
  ep  70: acc1=51.53%  acc2=51.61%  ens=51.57%  (best 68.07 @ ep 8)  [39.5s]
  ep  71: acc1=51.37%  acc2=52.24%  ens=51.80%  (best 68.07 @ ep 8)  [111.7s]
  ep  72: acc1=51.09%  acc2=50.67%  ens=50.88%  (best 68.07 @ ep 8)  [41.5s]
  ep  73: acc1=51.63%  acc2=51.46%  ens=51.54%  (best 68.07 @ ep 8)  [47.4s]
  ep  74: acc1=52.91%  acc2=52.83%  ens=52.87%  (best 68.07 @ ep 8)  [59.4s]
  ep  75: acc1=52.18%  acc2=52.02%  ens=52.10%  (best 68.07 @ ep 8)  [44.3s]  [w on clean=0.818, on noisy=0.766]
  ep  76: acc1=51.87%  acc2=53.12%  ens=52.50%  (best 68.07 @ ep 8)  [56.3s]
  ep  77: acc1=51.96%  acc2=52.93%  ens=52.45%  (best 68.07 @ ep 8)  [42.2s]
  ep  78: acc1=51.29%  acc2=53.89%  ens=52.59%  (best 68.07 @ ep 8)  [41.4s]
  ep  79: acc1=52.54%  acc2=52.75%  ens=52.64%  (best 68.07 @ ep 8)  [44.3s]
  ep  80: acc1=52.30%  acc2=53.07%  ens=52.69%  (best 68.07 @ ep 8)  [96.4s]
  ep  81: acc1=52.59%  acc2=52.94%  ens=52.76%  (best 68.07 @ ep 8)  [40.4s]
  ep  82: acc1=51.37%  acc2=53.50%  ens=52.44%  (best 68.07 @ ep 8)  [156.4s]
  ep  83: acc1=53.12%  acc2=53.81%  ens=53.47%  (best 68.07 @ ep 8)  [41.0s]
  ep  84: acc1=53.22%  acc2=53.84%  ens=53.53%  (best 68.07 @ ep 8)  [97.3s]
  ep  85: acc1=53.20%  acc2=54.39%  ens=53.80%  (best 68.07 @ ep 8)  [78.8s]
  ep  86: acc1=53.32%  acc2=53.97%  ens=53.64%  (best 68.07 @ ep 8)  [48.7s]
  ep  87: acc1=53.77%  acc2=53.86%  ens=53.81%  (best 68.07 @ ep 8)  [40.0s]
  ep  88: acc1=53.02%  acc2=53.80%  ens=53.41%  (best 68.07 @ ep 8)  [40.6s]
  ep  89: acc1=53.03%  acc2=53.84%  ens=53.44%  (best 68.07 @ ep 8)  [149.8s]
  ep  90: acc1=52.52%  acc2=53.87%  ens=53.19%  (best 68.07 @ ep 8)  [51.2s]
  ep  91: acc1=52.67%  acc2=54.08%  ens=53.37%  (best 68.07 @ ep 8)  [40.7s]
  ep  92: acc1=52.82%  acc2=54.17%  ens=53.50%  (best 68.07 @ ep 8)  [85.4s]
  ep  93: acc1=53.47%  acc2=53.61%  ens=53.54%  (best 68.07 @ ep 8)  [39.4s]
  ep  94: acc1=53.01%  acc2=53.70%  ens=53.35%  (best 68.07 @ ep 8)  [41.6s]
  ep  95: acc1=53.11%  acc2=54.10%  ens=53.61%  (best 68.07 @ ep 8)  [168.9s]
  ep  96: acc1=52.93%  acc2=54.25%  ens=53.59%  (best 68.07 @ ep 8)  [42.0s]
  ep  97: acc1=53.31%  acc2=54.48%  ens=53.90%  (best 68.07 @ ep 8)  [177.7s]
  ep  98: acc1=53.36%  acc2=54.21%  ens=53.78%  (best 68.07 @ ep 8)  [50.4s]
  ep  99: acc1=53.06%  acc2=53.89%  ens=53.48%  (best 68.07 @ ep 8)  [48.1s]  [w on clean=0.818, on noisy=0.768]

saved /path/to/ciln-workspace/journal_edition/robustness_transfer/results_v4/dividemix/ours_v2_clean__snow_sev3__seed0.json: best ens-acc 68.07% @ ep 8
