condition=ours_v2_clean__snow_sev3 seed=1 gpu=1
/path/to/ciln-workspace/venv/lib/python3.12/site-packages/torchvision/datasets/cifar.py:83: VisibleDeprecationWarning: dtype(): align should be passed as Python or NumPy boolean but got `align=0`. Did you mean to pass a tuple to create a subarray type? (Deprecated NumPy 2.4)
  entry = pickle.load(f, encoding="latin1")
image_source=clean  N_train=22500  noise_rate=19.37%
  ep   0: acc1=40.41%  acc2=40.26%  ens=40.34%  (best 40.34 @ ep 0)  [8.7s]
  ep   1: acc1=47.92%  acc2=45.24%  ens=46.58%  (best 46.58 @ ep 1)  [7.7s]
  ep   2: acc1=52.43%  acc2=50.77%  ens=51.60%  (best 51.60 @ ep 2)  [7.8s]
  ep   3: acc1=59.62%  acc2=57.42%  ens=58.52%  (best 58.52 @ ep 3)  [15.2s]
  ep   4: acc1=58.67%  acc2=57.02%  ens=57.84%  (best 58.52 @ ep 3)  [29.0s]
  ep   5: acc1=63.96%  acc2=55.27%  ens=59.61%  (best 59.61 @ ep 5)  [41.5s]  [w on clean=0.835, on noisy=0.448]
  ep   6: acc1=65.55%  acc2=65.63%  ens=65.59%  (best 65.59 @ ep 6)  [30.4s]
  ep   7: acc1=67.23%  acc2=65.57%  ens=66.40%  (best 66.40 @ ep 7)  [24.6s]
  ep   8: acc1=68.60%  acc2=69.14%  ens=68.87%  (best 68.87 @ ep 8)  [27.1s]
  ep   9: acc1=70.10%  acc2=65.49%  ens=67.80%  (best 68.87 @ ep 8)  [7.6s]
  ep  10: acc1=46.03%  acc2=48.22%  ens=47.12%  (best 68.87 @ ep 8)  [43.0s]  [w on clean=0.683, on noisy=0.400]
  ep  11: acc1=41.22%  acc2=36.36%  ens=38.79%  (best 68.87 @ ep 8)  [165.7s]
  ep  12: acc1=33.87%  acc2=28.62%  ens=31.25%  (best 68.87 @ ep 8)  [32.0s]
  ep  13: acc1=26.35%  acc2=22.94%  ens=24.64%  (best 68.87 @ ep 8)  [100.0s]
  ep  14: acc1=24.02%  acc2=30.47%  ens=27.25%  (best 68.87 @ ep 8)  [35.1s]
  ep  15: acc1=30.41%  acc2=29.07%  ens=29.74%  (best 68.87 @ ep 8)  [45.2s]
  ep  16: acc1=30.37%  acc2=35.10%  ens=32.73%  (best 68.87 @ ep 8)  [40.8s]
  ep  17: acc1=38.64%  acc2=35.10%  ens=36.87%  (best 68.87 @ ep 8)  [45.4s]
  ep  18: acc1=37.17%  acc2=39.46%  ens=38.31%  (best 68.87 @ ep 8)  [59.2s]
  ep  19: acc1=39.02%  acc2=39.71%  ens=39.37%  (best 68.87 @ ep 8)  [43.9s]
  ep  20: acc1=44.67%  acc2=40.33%  ens=42.50%  (best 68.87 @ ep 8)  [158.8s]  [w on clean=0.905, on noisy=0.825]
  ep  21: acc1=41.13%  acc2=41.86%  ens=41.50%  (best 68.87 @ ep 8)  [70.5s]
  ep  22: acc1=41.10%  acc2=43.90%  ens=42.50%  (best 68.87 @ ep 8)  [42.8s]
  ep  23: acc1=45.89%  acc2=39.35%  ens=42.62%  (best 68.87 @ ep 8)  [111.6s]
  ep  24: acc1=39.24%  acc2=39.32%  ens=39.28%  (best 68.87 @ ep 8)  [104.5s]
  ep  25: acc1=40.62%  acc2=40.84%  ens=40.73%  (best 68.87 @ ep 8)  [43.9s]
  ep  26: acc1=44.38%  acc2=46.85%  ens=45.62%  (best 68.87 @ ep 8)  [50.5s]
  ep  27: acc1=48.40%  acc2=44.70%  ens=46.55%  (best 68.87 @ ep 8)  [276.1s]
  ep  28: acc1=44.36%  acc2=43.13%  ens=43.74%  (best 68.87 @ ep 8)  [99.9s]
  ep  29: acc1=43.51%  acc2=49.54%  ens=46.52%  (best 68.87 @ ep 8)  [183.9s]
  ep  30: acc1=49.07%  acc2=35.72%  ens=42.40%  (best 68.87 @ ep 8)  [47.7s]  [w on clean=0.905, on noisy=0.825]
  ep  31: acc1=42.28%  acc2=48.13%  ens=45.20%  (best 68.87 @ ep 8)  [66.6s]
  ep  32: acc1=48.62%  acc2=42.86%  ens=45.74%  (best 68.87 @ ep 8)  [45.7s]
  ep  33: acc1=48.31%  acc2=47.37%  ens=47.84%  (best 68.87 @ ep 8)  [44.0s]
  ep  34: acc1=48.63%  acc2=49.17%  ens=48.90%  (best 68.87 @ ep 8)  [52.2s]
  ep  35: acc1=46.27%  acc2=47.27%  ens=46.77%  (best 68.87 @ ep 8)  [84.9s]
  ep  36: acc1=46.28%  acc2=52.15%  ens=49.21%  (best 68.87 @ ep 8)  [45.8s]
  ep  37: acc1=45.95%  acc2=47.53%  ens=46.74%  (best 68.87 @ ep 8)  [42.9s]
  ep  38: acc1=50.09%  acc2=50.46%  ens=50.28%  (best 68.87 @ ep 8)  [201.3s]
  ep  39: acc1=49.93%  acc2=49.28%  ens=49.60%  (best 68.87 @ ep 8)  [43.1s]
  ep  40: acc1=46.82%  acc2=50.07%  ens=48.45%  (best 68.87 @ ep 8)  [48.2s]
  ep  41: acc1=46.81%  acc2=47.84%  ens=47.33%  (best 68.87 @ ep 8)  [70.9s]
  ep  42: acc1=45.23%  acc2=49.60%  ens=47.41%  (best 68.87 @ ep 8)  [87.5s]
  ep  43: acc1=55.04%  acc2=50.09%  ens=52.56%  (best 68.87 @ ep 8)  [53.4s]
  ep  44: acc1=53.39%  acc2=50.57%  ens=51.98%  (best 68.87 @ ep 8)  [113.2s]
  ep  45: acc1=52.16%  acc2=52.26%  ens=52.21%  (best 68.87 @ ep 8)  [43.8s]
  ep  46: acc1=48.05%  acc2=52.52%  ens=50.29%  (best 68.87 @ ep 8)  [54.6s]
  ep  47: acc1=54.43%  acc2=48.59%  ens=51.51%  (best 68.87 @ ep 8)  [146.0s]
  ep  48: acc1=52.44%  acc2=50.79%  ens=51.62%  (best 68.87 @ ep 8)  [42.6s]
  ep  49: acc1=53.48%  acc2=48.90%  ens=51.19%  (best 68.87 @ ep 8)  [221.9s]
  ep  50: acc1=50.73%  acc2=51.84%  ens=51.29%  (best 68.87 @ ep 8)  [50.4s]  [w on clean=0.905, on noisy=0.826]
  ep  51: acc1=50.82%  acc2=51.21%  ens=51.02%  (best 68.87 @ ep 8)  [43.6s]
  ep  52: acc1=53.98%  acc2=52.38%  ens=53.18%  (best 68.87 @ ep 8)  [88.0s]
  ep  53: acc1=50.14%  acc2=47.78%  ens=48.96%  (best 68.87 @ ep 8)  [90.6s]
  ep  54: acc1=53.17%  acc2=54.73%  ens=53.95%  (best 68.87 @ ep 8)  [121.7s]
  ep  55: acc1=51.48%  acc2=54.79%  ens=53.13%  (best 68.87 @ ep 8)  [114.1s]
  ep  56: acc1=51.68%  acc2=53.76%  ens=52.72%  (best 68.87 @ ep 8)  [43.0s]
  ep  57: acc1=51.80%  acc2=55.15%  ens=53.48%  (best 68.87 @ ep 8)  [104.0s]
  ep  58: acc1=57.33%  acc2=56.41%  ens=56.87%  (best 68.87 @ ep 8)  [48.3s]
  ep  59: acc1=53.08%  acc2=52.09%  ens=52.59%  (best 68.87 @ ep 8)  [43.9s]
  ep  60: acc1=53.14%  acc2=51.15%  ens=52.14%  (best 68.87 @ ep 8)  [45.2s]
  ep  61: acc1=53.05%  acc2=52.84%  ens=52.95%  (best 68.87 @ ep 8)  [133.3s]
  ep  62: acc1=55.26%  acc2=52.74%  ens=54.00%  (best 68.87 @ ep 8)  [44.1s]
  ep  63: acc1=54.89%  acc2=47.92%  ens=51.41%  (best 68.87 @ ep 8)  [161.8s]
  ep  64: acc1=54.75%  acc2=51.19%  ens=52.97%  (best 68.87 @ ep 8)  [69.9s]
  ep  65: acc1=53.47%  acc2=51.43%  ens=52.45%  (best 68.87 @ ep 8)  [43.7s]
  ep  66: acc1=54.70%  acc2=50.45%  ens=52.57%  (best 68.87 @ ep 8)  [75.7s]
  ep  67: acc1=56.87%  acc2=55.87%  ens=56.37%  (best 68.87 @ ep 8)  [111.1s]
  ep  68: acc1=58.27%  acc2=53.60%  ens=55.94%  (best 68.87 @ ep 8)  [44.0s]
  ep  69: acc1=56.28%  acc2=53.38%  ens=54.83%  (best 68.87 @ ep 8)  [173.8s]
  ep  70: acc1=56.00%  acc2=56.53%  ens=56.27%  (best 68.87 @ ep 8)  [57.5s]
  ep  71: acc1=54.87%  acc2=53.53%  ens=54.20%  (best 68.87 @ ep 8)  [152.8s]
  ep  72: acc1=55.77%  acc2=56.78%  ens=56.27%  (best 68.87 @ ep 8)  [130.4s]
  ep  73: acc1=55.76%  acc2=54.85%  ens=55.31%  (best 68.87 @ ep 8)  [43.4s]
  ep  74: acc1=54.65%  acc2=57.12%  ens=55.89%  (best 68.87 @ ep 8)  [63.5s]
  ep  75: acc1=56.76%  acc2=54.04%  ens=55.40%  (best 68.87 @ ep 8)  [170.3s]  [w on clean=0.905, on noisy=0.826]
  ep  76: acc1=56.47%  acc2=53.79%  ens=55.13%  (best 68.87 @ ep 8)  [49.7s]
  ep  77: acc1=56.09%  acc2=58.17%  ens=57.13%  (best 68.87 @ ep 8)  [48.0s]
  ep  78: acc1=57.72%  acc2=55.69%  ens=56.71%  (best 68.87 @ ep 8)  [106.8s]
  ep  79: acc1=57.61%  acc2=57.96%  ens=57.78%  (best 68.87 @ ep 8)  [44.6s]
  ep  80: acc1=56.72%  acc2=56.04%  ens=56.38%  (best 68.87 @ ep 8)  [48.0s]
  ep  81: acc1=56.43%  acc2=57.86%  ens=57.15%  (best 68.87 @ ep 8)  [59.2s]
  ep  82: acc1=57.74%  acc2=57.42%  ens=57.58%  (best 68.87 @ ep 8)  [43.8s]
  ep  83: acc1=57.52%  acc2=56.25%  ens=56.89%  (best 68.87 @ ep 8)  [50.2s]
  ep  84: acc1=56.51%  acc2=55.99%  ens=56.25%  (best 68.87 @ ep 8)  [77.0s]
  ep  85: acc1=57.52%  acc2=57.78%  ens=57.65%  (best 68.87 @ ep 8)  [86.8s]
  ep  86: acc1=57.18%  acc2=58.38%  ens=57.78%  (best 68.87 @ ep 8)  [75.9s]
  ep  87: acc1=57.58%  acc2=57.07%  ens=57.33%  (best 68.87 @ ep 8)  [68.5s]
  ep  88: acc1=57.95%  acc2=57.09%  ens=57.52%  (best 68.87 @ ep 8)  [149.2s]
  ep  89: acc1=57.68%  acc2=56.88%  ens=57.28%  (best 68.87 @ ep 8)  [46.3s]
  ep  90: acc1=58.44%  acc2=57.46%  ens=57.95%  (best 68.87 @ ep 8)  [108.2s]
  ep  91: acc1=58.13%  acc2=57.96%  ens=58.05%  (best 68.87 @ ep 8)  [129.2s]
  ep  92: acc1=58.10%  acc2=57.70%  ens=57.90%  (best 68.87 @ ep 8)  [49.9s]
  ep  93: acc1=57.98%  acc2=57.00%  ens=57.49%  (best 68.87 @ ep 8)  [114.2s]
  ep  94: acc1=57.87%  acc2=57.75%  ens=57.81%  (best 68.87 @ ep 8)  [46.2s]
  ep  95: acc1=57.84%  acc2=57.25%  ens=57.55%  (best 68.87 @ ep 8)  [97.8s]
  ep  96: acc1=58.03%  acc2=57.29%  ens=57.66%  (best 68.87 @ ep 8)  [51.8s]
  ep  97: acc1=57.80%  acc2=57.96%  ens=57.88%  (best 68.87 @ ep 8)  [45.5s]
  ep  98: acc1=58.27%  acc2=57.53%  ens=57.90%  (best 68.87 @ ep 8)  [43.6s]
  ep  99: acc1=57.78%  acc2=57.87%  ens=57.82%  (best 68.87 @ ep 8)  [54.1s]  [w on clean=0.905, on noisy=0.827]

saved /path/to/ciln-workspace/journal_edition/robustness_transfer/results_v4/dividemix/ours_v2_clean__snow_sev3__seed1.json: best ens-acc 68.87% @ ep 8
