condition=ours_v2_clean__glass_blur_sev3 seed=2 gpu=1
/path/to/ciln-workspace/venv/lib/python3.12/site-packages/torchvision/datasets/cifar.py:83: VisibleDeprecationWarning: dtype(): align should be passed as Python or NumPy boolean but got `align=0`. Did you mean to pass a tuple to create a subarray type? (Deprecated NumPy 2.4)
  entry = pickle.load(f, encoding="latin1")
image_source=clean  N_train=22500  noise_rate=64.68%
  ep   0: acc1=22.56%  acc2=17.32%  ens=19.94%  (best 19.94 @ ep 0)  [8.3s]
  ep   1: acc1=21.31%  acc2=21.50%  ens=21.41%  (best 21.41 @ ep 1)  [9.9s]
  ep   2: acc1=24.24%  acc2=22.07%  ens=23.16%  (best 23.16 @ ep 2)  [7.3s]
  ep   3: acc1=26.08%  acc2=25.05%  ens=25.56%  (best 25.56 @ ep 3)  [7.4s]
  ep   4: acc1=30.16%  acc2=23.75%  ens=26.95%  (best 26.95 @ ep 4)  [7.9s]
  ep   5: acc1=25.75%  acc2=27.71%  ens=26.73%  (best 26.95 @ ep 4)  [11.6s]  [w on clean=0.614, on noisy=0.567]
  ep   6: acc1=29.20%  acc2=25.00%  ens=27.10%  (best 27.10 @ ep 6)  [7.4s]
  ep   7: acc1=24.94%  acc2=24.25%  ens=24.59%  (best 27.10 @ ep 6)  [7.6s]
  ep   8: acc1=27.34%  acc2=28.47%  ens=27.91%  (best 27.91 @ ep 8)  [7.7s]
  ep   9: acc1=23.44%  acc2=28.59%  ens=26.02%  (best 27.91 @ ep 8)  [13.5s]
  ep  10: acc1=17.90%  acc2=10.79%  ens=14.34%  (best 27.91 @ ep 8)  [42.9s]  [w on clean=0.366, on noisy=0.493]
  ep  11: acc1=10.00%  acc2=10.00%  ens=10.00%  (best 27.91 @ ep 8)  [25.5s]
  ep  12: acc1=10.00%  acc2=10.00%  ens=10.00%  (best 27.91 @ ep 8)  [23.7s]
  ep  13: acc1=10.00%  acc2=10.00%  ens=10.00%  (best 27.91 @ ep 8)  [25.0s]
  ep  14: acc1=10.00%  acc2=10.00%  ens=10.00%  (best 27.91 @ ep 8)  [25.9s]
  ep  15: acc1=10.00%  acc2=10.00%  ens=10.00%  (best 27.91 @ ep 8)  [25.3s]
  ep  16: acc1=10.00%  acc2=10.00%  ens=10.00%  (best 27.91 @ ep 8)  [27.7s]
  ep  17: acc1=10.00%  acc2=10.00%  ens=10.00%  (best 27.91 @ ep 8)  [25.1s]
  ep  18: acc1=10.00%  acc2=10.00%  ens=10.00%  (best 27.91 @ ep 8)  [29.6s]
  ep  19: acc1=10.00%  acc2=10.00%  ens=10.00%  (best 27.91 @ ep 8)  [24.1s]
  ep  20: acc1=10.00%  acc2=10.00%  ens=10.00%  (best 27.91 @ ep 8)  [29.2s]  [w on clean=0.369, on noisy=0.562]
  ep  21: acc1=10.00%  acc2=10.00%  ens=10.00%  (best 27.91 @ ep 8)  [26.8s]
  ep  22: acc1=10.00%  acc2=10.00%  ens=10.00%  (best 27.91 @ ep 8)  [27.1s]
  ep  23: acc1=10.00%  acc2=10.00%  ens=10.00%  (best 27.91 @ ep 8)  [27.5s]
  ep  24: acc1=10.03%  acc2=10.00%  ens=10.02%  (best 27.91 @ ep 8)  [27.3s]
  ep  25: acc1=10.00%  acc2=10.33%  ens=10.17%  (best 27.91 @ ep 8)  [27.8s]
  ep  26: acc1=10.00%  acc2=10.29%  ens=10.15%  (best 27.91 @ ep 8)  [27.4s]
  ep  27: acc1=10.00%  acc2=10.00%  ens=10.00%  (best 27.91 @ ep 8)  [29.2s]
  ep  28: acc1=10.00%  acc2=10.11%  ens=10.05%  (best 27.91 @ ep 8)  [27.4s]
  ep  29: acc1=10.00%  acc2=10.00%  ens=10.00%  (best 27.91 @ ep 8)  [26.7s]
  ep  30: acc1=10.00%  acc2=10.05%  ens=10.03%  (best 27.91 @ ep 8)  [32.0s]  [w on clean=0.366, on noisy=0.558]
  ep  31: acc1=10.01%  acc2=10.00%  ens=10.01%  (best 27.91 @ ep 8)  [28.1s]
  ep  32: acc1=10.00%  acc2=10.00%  ens=10.00%  (best 27.91 @ ep 8)  [28.2s]
  ep  33: acc1=10.00%  acc2=10.00%  ens=10.00%  (best 27.91 @ ep 8)  [27.0s]
  ep  34: acc1=10.00%  acc2=10.07%  ens=10.04%  (best 27.91 @ ep 8)  [36.8s]
  ep  35: acc1=10.00%  acc2=10.02%  ens=10.01%  (best 27.91 @ ep 8)  [28.1s]
  ep  36: acc1=10.00%  acc2=10.00%  ens=10.00%  (best 27.91 @ ep 8)  [28.0s]
  ep  37: acc1=10.00%  acc2=10.00%  ens=10.00%  (best 27.91 @ ep 8)  [27.7s]
  ep  38: acc1=10.11%  acc2=10.00%  ens=10.05%  (best 27.91 @ ep 8)  [26.8s]
  ep  39: acc1=10.00%  acc2=10.18%  ens=10.09%  (best 27.91 @ ep 8)  [32.8s]
  ep  40: acc1=10.12%  acc2=10.00%  ens=10.06%  (best 27.91 @ ep 8)  [27.2s]
  ep  41: acc1=10.00%  acc2=10.00%  ens=10.00%  (best 27.91 @ ep 8)  [27.3s]
  ep  42: acc1=10.00%  acc2=10.00%  ens=10.00%  (best 27.91 @ ep 8)  [27.1s]
  ep  43: acc1=10.00%  acc2=10.03%  ens=10.02%  (best 27.91 @ ep 8)  [27.9s]
  ep  44: acc1=10.38%  acc2=10.00%  ens=10.19%  (best 27.91 @ ep 8)  [29.9s]
  ep  45: acc1=10.15%  acc2=10.13%  ens=10.14%  (best 27.91 @ ep 8)  [26.3s]
  ep  46: acc1=10.90%  acc2=10.00%  ens=10.45%  (best 27.91 @ ep 8)  [27.0s]
  ep  47: acc1=10.13%  acc2=10.00%  ens=10.06%  (best 27.91 @ ep 8)  [27.7s]
  ep  48: acc1=10.00%  acc2=10.00%  ens=10.00%  (best 27.91 @ ep 8)  [26.9s]
  ep  49: acc1=10.17%  acc2=10.40%  ens=10.29%  (best 27.91 @ ep 8)  [27.6s]
  ep  50: acc1=10.19%  acc2=10.23%  ens=10.21%  (best 27.91 @ ep 8)  [31.9s]  [w on clean=0.371, on noisy=0.565]
  ep  51: acc1=10.11%  acc2=10.00%  ens=10.05%  (best 27.91 @ ep 8)  [27.4s]
  ep  52: acc1=10.12%  acc2=10.20%  ens=10.16%  (best 27.91 @ ep 8)  [27.4s]
  ep  53: acc1=10.16%  acc2=10.12%  ens=10.14%  (best 27.91 @ ep 8)  [26.4s]
  ep  54: acc1=10.51%  acc2=10.40%  ens=10.46%  (best 27.91 @ ep 8)  [27.3s]
  ep  55: acc1=10.57%  acc2=10.04%  ens=10.30%  (best 27.91 @ ep 8)  [27.7s]
  ep  56: acc1=10.28%  acc2=10.00%  ens=10.14%  (best 27.91 @ ep 8)  [28.8s]
  ep  57: acc1=10.19%  acc2=10.54%  ens=10.36%  (best 27.91 @ ep 8)  [27.5s]
  ep  58: acc1=10.23%  acc2=10.19%  ens=10.21%  (best 27.91 @ ep 8)  [28.2s]
  ep  59: acc1=10.69%  acc2=10.39%  ens=10.54%  (best 27.91 @ ep 8)  [28.1s]
  ep  60: acc1=10.16%  acc2=10.00%  ens=10.08%  (best 27.91 @ ep 8)  [27.9s]
  ep  61: acc1=10.06%  acc2=10.00%  ens=10.03%  (best 27.91 @ ep 8)  [27.7s]
  ep  62: acc1=10.24%  acc2=10.00%  ens=10.12%  (best 27.91 @ ep 8)  [29.5s]
  ep  63: acc1=10.96%  acc2=10.99%  ens=10.97%  (best 27.91 @ ep 8)  [27.1s]
  ep  64: acc1=11.01%  acc2=10.10%  ens=10.55%  (best 27.91 @ ep 8)  [27.2s]
  ep  65: acc1=10.40%  acc2=10.00%  ens=10.20%  (best 27.91 @ ep 8)  [26.8s]
  ep  66: acc1=10.13%  acc2=10.30%  ens=10.21%  (best 27.91 @ ep 8)  [27.0s]
  ep  67: acc1=10.17%  acc2=10.19%  ens=10.18%  (best 27.91 @ ep 8)  [27.5s]
  ep  68: acc1=10.18%  acc2=10.05%  ens=10.12%  (best 27.91 @ ep 8)  [29.6s]
  ep  69: acc1=10.43%  acc2=10.28%  ens=10.36%  (best 27.91 @ ep 8)  [30.1s]
  ep  70: acc1=10.36%  acc2=10.38%  ens=10.37%  (best 27.91 @ ep 8)  [28.7s]
  ep  71: acc1=10.47%  acc2=10.14%  ens=10.30%  (best 27.91 @ ep 8)  [28.2s]
  ep  72: acc1=10.14%  acc2=10.46%  ens=10.30%  (best 27.91 @ ep 8)  [28.2s]
  ep  73: acc1=10.33%  acc2=10.35%  ens=10.34%  (best 27.91 @ ep 8)  [27.5s]
  ep  74: acc1=10.59%  acc2=10.43%  ens=10.51%  (best 27.91 @ ep 8)  [27.3s]
  ep  75: acc1=10.22%  acc2=10.13%  ens=10.18%  (best 27.91 @ ep 8)  [30.3s]  [w on clean=0.371, on noisy=0.566]
  ep  76: acc1=10.15%  acc2=10.39%  ens=10.27%  (best 27.91 @ ep 8)  [27.9s]
  ep  77: acc1=10.56%  acc2=10.19%  ens=10.38%  (best 27.91 @ ep 8)  [27.3s]
  ep  78: acc1=10.39%  acc2=10.04%  ens=10.21%  (best 27.91 @ ep 8)  [31.5s]
  ep  79: acc1=10.14%  acc2=10.29%  ens=10.21%  (best 27.91 @ ep 8)  [27.9s]
  ep  80: acc1=10.67%  acc2=10.45%  ens=10.56%  (best 27.91 @ ep 8)  [27.3s]
  ep  81: acc1=10.50%  acc2=10.27%  ens=10.38%  (best 27.91 @ ep 8)  [29.0s]
  ep  82: acc1=10.36%  acc2=10.43%  ens=10.39%  (best 27.91 @ ep 8)  [27.4s]
  ep  83: acc1=10.58%  acc2=10.40%  ens=10.49%  (best 27.91 @ ep 8)  [27.1s]
  ep  84: acc1=10.63%  acc2=10.43%  ens=10.53%  (best 27.91 @ ep 8)  [28.7s]
  ep  85: acc1=10.38%  acc2=10.46%  ens=10.42%  (best 27.91 @ ep 8)  [26.6s]
  ep  86: acc1=10.94%  acc2=10.45%  ens=10.69%  (best 27.91 @ ep 8)  [27.1s]
  ep  87: acc1=10.70%  acc2=10.63%  ens=10.66%  (best 27.91 @ ep 8)  [26.8s]
  ep  88: acc1=10.50%  acc2=10.79%  ens=10.64%  (best 27.91 @ ep 8)  [27.1s]
  ep  89: acc1=10.88%  acc2=10.53%  ens=10.71%  (best 27.91 @ ep 8)  [27.0s]
  ep  90: acc1=10.65%  acc2=10.65%  ens=10.65%  (best 27.91 @ ep 8)  [27.7s]
  ep  91: acc1=10.61%  acc2=10.59%  ens=10.60%  (best 27.91 @ ep 8)  [27.5s]
  ep  92: acc1=10.64%  acc2=10.60%  ens=10.62%  (best 27.91 @ ep 8)  [28.2s]
  ep  93: acc1=10.69%  acc2=10.54%  ens=10.62%  (best 27.91 @ ep 8)  [28.0s]
  ep  94: acc1=10.66%  acc2=10.60%  ens=10.63%  (best 27.91 @ ep 8)  [26.8s]
  ep  95: acc1=10.72%  acc2=10.58%  ens=10.65%  (best 27.91 @ ep 8)  [27.7s]
  ep  96: acc1=10.64%  acc2=10.62%  ens=10.63%  (best 27.91 @ ep 8)  [28.3s]
  ep  97: acc1=10.65%  acc2=10.50%  ens=10.57%  (best 27.91 @ ep 8)  [27.1s]
  ep  98: acc1=10.67%  acc2=10.47%  ens=10.57%  (best 27.91 @ ep 8)  [26.8s]
  ep  99: acc1=10.66%  acc2=10.47%  ens=10.56%  (best 27.91 @ ep 8)  [31.4s]  [w on clean=0.371, on noisy=0.566]

saved /path/to/ciln-workspace/journal_edition/robustness_transfer/results_v4/dividemix/ours_v2_clean__glass_blur_sev3__seed2.json: best ens-acc 27.91% @ ep 8
