condition=ours_v2_clean__gaussian_noise_sev3 seed=2 gpu=1
/path/to/ciln-workspace/venv/lib/python3.12/site-packages/torchvision/datasets/cifar.py:83: VisibleDeprecationWarning: dtype(): align should be passed as Python or NumPy boolean but got `align=0`. Did you mean to pass a tuple to create a subarray type? (Deprecated NumPy 2.4)
  entry = pickle.load(f, encoding="latin1")
image_source=clean  N=22500  noise_rate=48.86%
  ep   0: R(t)=1.000  acc1=23.21%  acc2=26.21%  ens=24.71%  (best 24.71 @ ep 0)  [7.5s]
  ep   1: R(t)=0.845  acc1=24.70%  acc2=23.64%  ens=24.17%  (best 24.71 @ ep 0)  [6.5s]
  ep   2: R(t)=0.781  acc1=31.46%  acc2=27.97%  ens=29.72%  (best 29.72 @ ep 2)  [10.2s]
  ep   3: R(t)=0.732  acc1=26.01%  acc2=25.17%  ens=25.59%  (best 29.72 @ ep 2)  [20.5s]
  ep   4: R(t)=0.691  acc1=26.34%  acc2=33.87%  ens=30.11%  (best 30.11 @ ep 4)  [21.2s]
  ep   5: R(t)=0.654  acc1=33.30%  acc2=31.66%  ens=32.48%  (best 32.48 @ ep 5)  [30.9s]  [sel1+2: prec=0.485, recall_clean=0.648]
  ep   6: R(t)=0.622  acc1=32.77%  acc2=30.65%  ens=31.71%  (best 32.48 @ ep 5)  [17.0s]
  ep   7: R(t)=0.591  acc1=28.82%  acc2=27.96%  ens=28.39%  (best 32.48 @ ep 5)  [17.3s]
  ep   8: R(t)=0.563  acc1=34.44%  acc2=38.13%  ens=36.29%  (best 36.29 @ ep 8)  [6.4s]
  ep   9: R(t)=0.536  acc1=28.00%  acc2=29.53%  ens=28.77%  (best 36.29 @ ep 8)  [6.7s]
  ep  10: R(t)=0.511  acc1=27.26%  acc2=31.42%  ens=29.34%  (best 36.29 @ ep 8)  [10.2s]  [sel1+2: prec=0.533, recall_clean=0.568]
  ep  11: R(t)=0.511  acc1=27.12%  acc2=33.93%  ens=30.53%  (best 36.29 @ ep 8)  [6.6s]
  ep  12: R(t)=0.511  acc1=36.29%  acc2=33.51%  ens=34.90%  (best 36.29 @ ep 8)  [6.6s]
  ep  13: R(t)=0.511  acc1=29.62%  acc2=32.54%  ens=31.08%  (best 36.29 @ ep 8)  [6.3s]
  ep  14: R(t)=0.511  acc1=37.80%  acc2=42.62%  ens=40.21%  (best 40.21 @ ep 14)  [6.6s]
  ep  15: R(t)=0.511  acc1=27.37%  acc2=29.93%  ens=28.65%  (best 40.21 @ ep 14)  [6.6s]
  ep  16: R(t)=0.511  acc1=32.41%  acc2=37.40%  ens=34.90%  (best 40.21 @ ep 14)  [11.1s]
  ep  17: R(t)=0.511  acc1=34.37%  acc2=33.74%  ens=34.05%  (best 40.21 @ ep 14)  [18.4s]
  ep  18: R(t)=0.511  acc1=37.87%  acc2=35.30%  ens=36.59%  (best 40.21 @ ep 14)  [18.6s]
  ep  19: R(t)=0.511  acc1=31.92%  acc2=35.57%  ens=33.75%  (best 40.21 @ ep 14)  [9.8s]
  ep  20: R(t)=0.511  acc1=34.66%  acc2=37.45%  ens=36.06%  (best 40.21 @ ep 14)  [10.0s]  [sel1+2: prec=0.557, recall_clean=0.594]
  ep  21: R(t)=0.511  acc1=38.33%  acc2=37.47%  ens=37.90%  (best 40.21 @ ep 14)  [6.5s]
  ep  22: R(t)=0.511  acc1=37.65%  acc2=40.25%  ens=38.95%  (best 40.21 @ ep 14)  [6.8s]
  ep  23: R(t)=0.511  acc1=37.17%  acc2=35.81%  ens=36.49%  (best 40.21 @ ep 14)  [6.6s]
  ep  24: R(t)=0.511  acc1=37.08%  acc2=39.96%  ens=38.52%  (best 40.21 @ ep 14)  [6.4s]
  ep  25: R(t)=0.511  acc1=37.50%  acc2=39.19%  ens=38.34%  (best 40.21 @ ep 14)  [6.5s]
  ep  26: R(t)=0.511  acc1=40.48%  acc2=41.29%  ens=40.88%  (best 40.88 @ ep 26)  [6.6s]
  ep  27: R(t)=0.511  acc1=33.31%  acc2=36.08%  ens=34.70%  (best 40.88 @ ep 26)  [6.4s]
  ep  28: R(t)=0.511  acc1=35.74%  acc2=37.44%  ens=36.59%  (best 40.88 @ ep 26)  [17.1s]
  ep  29: R(t)=0.511  acc1=31.85%  acc2=35.31%  ens=33.58%  (best 40.88 @ ep 26)  [17.5s]
  ep  30: R(t)=0.511  acc1=35.41%  acc2=39.84%  ens=37.62%  (best 40.88 @ ep 26)  [26.8s]  [sel1+2: prec=0.562, recall_clean=0.596]
  ep  31: R(t)=0.511  acc1=35.32%  acc2=37.71%  ens=36.52%  (best 40.88 @ ep 26)  [17.3s]
  ep  32: R(t)=0.511  acc1=33.51%  acc2=38.66%  ens=36.09%  (best 40.88 @ ep 26)  [19.1s]
  ep  33: R(t)=0.511  acc1=33.25%  acc2=32.86%  ens=33.05%  (best 40.88 @ ep 26)  [18.2s]
  ep  34: R(t)=0.511  acc1=41.45%  acc2=34.36%  ens=37.91%  (best 40.88 @ ep 26)  [18.6s]
  ep  35: R(t)=0.511  acc1=39.99%  acc2=40.39%  ens=40.19%  (best 40.88 @ ep 26)  [18.9s]
  ep  36: R(t)=0.511  acc1=38.00%  acc2=35.41%  ens=36.70%  (best 40.88 @ ep 26)  [7.1s]
  ep  37: R(t)=0.511  acc1=37.54%  acc2=34.32%  ens=35.93%  (best 40.88 @ ep 26)  [6.5s]
  ep  38: R(t)=0.511  acc1=44.05%  acc2=41.52%  ens=42.79%  (best 42.79 @ ep 38)  [6.5s]
  ep  39: R(t)=0.511  acc1=36.21%  acc2=36.59%  ens=36.40%  (best 42.79 @ ep 38)  [6.3s]
  ep  40: R(t)=0.511  acc1=39.27%  acc2=40.26%  ens=39.77%  (best 42.79 @ ep 38)  [6.5s]
  ep  41: R(t)=0.511  acc1=33.02%  acc2=29.99%  ens=31.50%  (best 42.79 @ ep 38)  [6.5s]
  ep  42: R(t)=0.511  acc1=39.29%  acc2=37.68%  ens=38.48%  (best 42.79 @ ep 38)  [6.6s]
  ep  43: R(t)=0.511  acc1=36.14%  acc2=43.62%  ens=39.88%  (best 42.79 @ ep 38)  [6.3s]
  ep  44: R(t)=0.511  acc1=41.37%  acc2=43.89%  ens=42.63%  (best 42.79 @ ep 38)  [6.5s]
  ep  45: R(t)=0.511  acc1=42.27%  acc2=40.45%  ens=41.36%  (best 42.79 @ ep 38)  [8.8s]
  ep  46: R(t)=0.511  acc1=36.89%  acc2=40.32%  ens=38.61%  (best 42.79 @ ep 38)  [22.2s]
  ep  47: R(t)=0.511  acc1=40.50%  acc2=37.70%  ens=39.10%  (best 42.79 @ ep 38)  [20.0s]
  ep  48: R(t)=0.511  acc1=39.08%  acc2=40.79%  ens=39.93%  (best 42.79 @ ep 38)  [6.3s]
  ep  49: R(t)=0.511  acc1=41.44%  acc2=41.93%  ens=41.69%  (best 42.79 @ ep 38)  [6.5s]
  ep  50: R(t)=0.511  acc1=41.71%  acc2=45.41%  ens=43.56%  (best 43.56 @ ep 50)  [10.1s]  [sel1+2: prec=0.573, recall_clean=0.601]
  ep  51: R(t)=0.511  acc1=32.69%  acc2=35.59%  ens=34.14%  (best 43.56 @ ep 50)  [6.3s]
  ep  52: R(t)=0.511  acc1=46.37%  acc2=40.38%  ens=43.38%  (best 43.56 @ ep 50)  [6.5s]
  ep  53: R(t)=0.511  acc1=39.64%  acc2=40.58%  ens=40.11%  (best 43.56 @ ep 50)  [6.6s]
  ep  54: R(t)=0.511  acc1=41.77%  acc2=43.28%  ens=42.52%  (best 43.56 @ ep 50)  [6.5s]
  ep  55: R(t)=0.511  acc1=39.10%  acc2=38.42%  ens=38.76%  (best 43.56 @ ep 50)  [6.4s]
  ep  56: R(t)=0.511  acc1=39.79%  acc2=39.31%  ens=39.55%  (best 43.56 @ ep 50)  [6.6s]
  ep  57: R(t)=0.511  acc1=40.26%  acc2=41.47%  ens=40.87%  (best 43.56 @ ep 50)  [6.5s]
  ep  58: R(t)=0.511  acc1=35.68%  acc2=37.92%  ens=36.80%  (best 43.56 @ ep 50)  [6.5s]
  ep  59: R(t)=0.511  acc1=36.50%  acc2=38.25%  ens=37.38%  (best 43.56 @ ep 50)  [6.9s]
  ep  60: R(t)=0.511  acc1=38.73%  acc2=32.94%  ens=35.84%  (best 43.56 @ ep 50)  [6.3s]
  ep  61: R(t)=0.511  acc1=39.18%  acc2=40.10%  ens=39.64%  (best 43.56 @ ep 50)  [6.4s]
  ep  62: R(t)=0.511  acc1=43.41%  acc2=46.12%  ens=44.77%  (best 44.77 @ ep 62)  [6.4s]
  ep  63: R(t)=0.511  acc1=41.96%  acc2=40.72%  ens=41.34%  (best 44.77 @ ep 62)  [6.1s]
  ep  64: R(t)=0.511  acc1=43.27%  acc2=41.62%  ens=42.45%  (best 44.77 @ ep 62)  [6.6s]
  ep  65: R(t)=0.511  acc1=39.81%  acc2=41.42%  ens=40.62%  (best 44.77 @ ep 62)  [6.6s]
  ep  66: R(t)=0.511  acc1=44.27%  acc2=44.37%  ens=44.32%  (best 44.77 @ ep 62)  [12.9s]
  ep  67: R(t)=0.511  acc1=44.65%  acc2=44.40%  ens=44.53%  (best 44.77 @ ep 62)  [16.7s]
  ep  68: R(t)=0.511  acc1=43.51%  acc2=42.49%  ens=43.00%  (best 44.77 @ ep 62)  [18.5s]
  ep  69: R(t)=0.511  acc1=37.54%  acc2=35.92%  ens=36.73%  (best 44.77 @ ep 62)  [17.2s]
  ep  70: R(t)=0.511  acc1=43.31%  acc2=43.73%  ens=43.52%  (best 44.77 @ ep 62)  [7.2s]
  ep  71: R(t)=0.511  acc1=40.29%  acc2=41.79%  ens=41.04%  (best 44.77 @ ep 62)  [6.7s]
  ep  72: R(t)=0.511  acc1=40.17%  acc2=40.63%  ens=40.40%  (best 44.77 @ ep 62)  [6.5s]
  ep  73: R(t)=0.511  acc1=41.41%  acc2=40.54%  ens=40.98%  (best 44.77 @ ep 62)  [6.6s]
  ep  74: R(t)=0.511  acc1=41.07%  acc2=41.86%  ens=41.47%  (best 44.77 @ ep 62)  [6.5s]
  ep  75: R(t)=0.511  acc1=43.72%  acc2=43.60%  ens=43.66%  (best 44.77 @ ep 62)  [10.4s]  [sel1+2: prec=0.592, recall_clean=0.612]
  ep  76: R(t)=0.511  acc1=36.92%  acc2=37.23%  ens=37.08%  (best 44.77 @ ep 62)  [6.5s]
  ep  77: R(t)=0.511  acc1=44.76%  acc2=43.86%  ens=44.31%  (best 44.77 @ ep 62)  [6.5s]
  ep  78: R(t)=0.511  acc1=44.04%  acc2=45.12%  ens=44.58%  (best 44.77 @ ep 62)  [6.5s]
  ep  79: R(t)=0.511  acc1=42.07%  acc2=42.61%  ens=42.34%  (best 44.77 @ ep 62)  [17.5s]
  ep  80: R(t)=0.511  acc1=43.00%  acc2=42.61%  ens=42.80%  (best 44.77 @ ep 62)  [18.6s]
  ep  81: R(t)=0.511  acc1=42.04%  acc2=44.18%  ens=43.11%  (best 44.77 @ ep 62)  [18.4s]
  ep  82: R(t)=0.511  acc1=44.16%  acc2=43.54%  ens=43.85%  (best 44.77 @ ep 62)  [19.0s]
  ep  83: R(t)=0.511  acc1=42.43%  acc2=42.53%  ens=42.48%  (best 44.77 @ ep 62)  [19.5s]
  ep  84: R(t)=0.511  acc1=43.58%  acc2=43.92%  ens=43.75%  (best 44.77 @ ep 62)  [20.8s]
  ep  85: R(t)=0.511  acc1=44.31%  acc2=43.47%  ens=43.89%  (best 44.77 @ ep 62)  [19.3s]
  ep  86: R(t)=0.511  acc1=44.54%  acc2=43.97%  ens=44.26%  (best 44.77 @ ep 62)  [21.7s]
  ep  87: R(t)=0.511  acc1=42.32%  acc2=42.32%  ens=42.32%  (best 44.77 @ ep 62)  [22.2s]
  ep  88: R(t)=0.511  acc1=43.60%  acc2=43.91%  ens=43.76%  (best 44.77 @ ep 62)  [21.0s]
  ep  89: R(t)=0.511  acc1=42.82%  acc2=43.27%  ens=43.05%  (best 44.77 @ ep 62)  [20.2s]
  ep  90: R(t)=0.511  acc1=44.66%  acc2=44.71%  ens=44.68%  (best 44.77 @ ep 62)  [18.6s]
  ep  91: R(t)=0.511  acc1=43.52%  acc2=43.47%  ens=43.49%  (best 44.77 @ ep 62)  [20.4s]
  ep  92: R(t)=0.511  acc1=43.80%  acc2=44.09%  ens=43.95%  (best 44.77 @ ep 62)  [17.6s]
  ep  93: R(t)=0.511  acc1=44.06%  acc2=44.39%  ens=44.23%  (best 44.77 @ ep 62)  [21.7s]
  ep  94: R(t)=0.511  acc1=43.97%  acc2=43.93%  ens=43.95%  (best 44.77 @ ep 62)  [16.1s]
  ep  95: R(t)=0.511  acc1=44.63%  acc2=44.69%  ens=44.66%  (best 44.77 @ ep 62)  [6.6s]
  ep  96: R(t)=0.511  acc1=44.06%  acc2=44.38%  ens=44.22%  (best 44.77 @ ep 62)  [6.9s]
  ep  97: R(t)=0.511  acc1=43.70%  acc2=43.79%  ens=43.74%  (best 44.77 @ ep 62)  [6.5s]
  ep  98: R(t)=0.511  acc1=43.69%  acc2=43.90%  ens=43.80%  (best 44.77 @ ep 62)  [6.3s]
  ep  99: R(t)=0.511  acc1=43.77%  acc2=43.93%  ens=43.85%  (best 44.77 @ ep 62)  [10.1s]  [sel1+2: prec=0.604, recall_clean=0.616]

saved /path/to/ciln-workspace/journal_edition/robustness_transfer/results_v4/coteaching/ours_v2_clean__gaussian_noise_sev3__seed2.json: best ens-acc 44.77% @ ep 62
