condition=ours_v2_noisy__elastic_transform_sev3 seed=1 gpu=2
/path/to/ciln-workspace/venv/lib/python3.12/site-packages/torchvision/datasets/cifar.py:83: VisibleDeprecationWarning: dtype(): align should be passed as Python or NumPy boolean but got `align=0`. Did you mean to pass a tuple to create a subarray type? (Deprecated NumPy 2.4)
  entry = pickle.load(f, encoding="latin1")
image_source=noisy  N=22500  noise_rate=17.52%
  ep   0: loss=1.9069  test_acc=32.38%  (best 32.38 @ ep 0)  [4.6s]
  ep   1: loss=1.6874  test_acc=39.37%  (best 39.37 @ ep 1)  [3.7s]
  ep   2: loss=1.5725  test_acc=41.85%  (best 41.85 @ ep 2)  [3.5s]
  ep   3: loss=1.4562  test_acc=47.48%  (best 47.48 @ ep 3)  [3.5s]
  ep   4: loss=1.3491  test_acc=44.10%  (best 47.48 @ ep 3)  [3.5s]
  ep   5: loss=1.2600  test_acc=52.44%  (best 52.44 @ ep 5)  [5.3s]  [logged per-sample loss: mean=1.330]
  ep   6: loss=1.1781  test_acc=56.71%  (best 56.71 @ ep 6)  [3.7s]
  ep   7: loss=1.1215  test_acc=55.62%  (best 56.71 @ ep 6)  [3.9s]
  ep   8: loss=1.0630  test_acc=63.15%  (best 63.15 @ ep 8)  [3.5s]
  ep   9: loss=1.0334  test_acc=56.96%  (best 63.15 @ ep 8)  [3.6s]
  ep  10: loss=0.9942  test_acc=63.57%  (best 63.57 @ ep 10)  [5.2s]  [logged per-sample loss: mean=1.133]
  ep  11: loss=0.9605  test_acc=52.96%  (best 63.57 @ ep 10)  [3.8s]
  ep  12: loss=0.9349  test_acc=69.12%  (best 69.12 @ ep 12)  [5.1s]
  ep  13: loss=0.9158  test_acc=57.83%  (best 69.12 @ ep 12)  [9.0s]
  ep  14: loss=0.9053  test_acc=66.55%  (best 69.12 @ ep 12)  [9.9s]
  ep  15: loss=0.8710  test_acc=62.88%  (best 69.12 @ ep 12)  [10.3s]
  ep  16: loss=0.8646  test_acc=68.98%  (best 69.12 @ ep 12)  [11.3s]
  ep  17: loss=0.8468  test_acc=67.23%  (best 69.12 @ ep 12)  [8.9s]
  ep  18: loss=0.8450  test_acc=68.83%  (best 69.12 @ ep 12)  [10.0s]
  ep  19: loss=0.8227  test_acc=68.31%  (best 69.12 @ ep 12)  [9.1s]
  ep  20: loss=0.8112  test_acc=72.51%  (best 72.51 @ ep 20)  [12.3s]  [logged per-sample loss: mean=0.844]
  ep  21: loss=0.8021  test_acc=63.27%  (best 72.51 @ ep 20)  [9.7s]
  ep  22: loss=0.8018  test_acc=68.95%  (best 72.51 @ ep 20)  [9.3s]
  ep  23: loss=0.7877  test_acc=67.21%  (best 72.51 @ ep 20)  [9.6s]
  ep  24: loss=0.7856  test_acc=71.88%  (best 72.51 @ ep 20)  [9.4s]
  ep  25: loss=0.7660  test_acc=61.08%  (best 72.51 @ ep 20)  [9.3s]
  ep  26: loss=0.7674  test_acc=55.05%  (best 72.51 @ ep 20)  [9.6s]
  ep  27: loss=0.7632  test_acc=73.34%  (best 73.34 @ ep 27)  [8.7s]
  ep  28: loss=0.7645  test_acc=68.36%  (best 73.34 @ ep 27)  [9.2s]
  ep  29: loss=0.7579  test_acc=71.82%  (best 73.34 @ ep 27)  [8.5s]
  ep  30: loss=0.7447  test_acc=73.56%  (best 73.56 @ ep 30)  [11.8s]  [logged per-sample loss: mean=0.812]
  ep  31: loss=0.7399  test_acc=69.72%  (best 73.56 @ ep 30)  [8.7s]
  ep  32: loss=0.7240  test_acc=73.51%  (best 73.56 @ ep 30)  [9.2s]
  ep  33: loss=0.7190  test_acc=74.40%  (best 74.40 @ ep 33)  [9.6s]
  ep  34: loss=0.7158  test_acc=71.24%  (best 74.40 @ ep 33)  [10.0s]
  ep  35: loss=0.7085  test_acc=71.05%  (best 74.40 @ ep 33)  [9.2s]
  ep  36: loss=0.7024  test_acc=69.59%  (best 74.40 @ ep 33)  [9.7s]
  ep  37: loss=0.6957  test_acc=69.43%  (best 74.40 @ ep 33)  [9.1s]
  ep  38: loss=0.6853  test_acc=73.08%  (best 74.40 @ ep 33)  [9.3s]
  ep  39: loss=0.6762  test_acc=71.56%  (best 74.40 @ ep 33)  [8.9s]
  ep  40: loss=0.6781  test_acc=77.51%  (best 77.51 @ ep 40)  [9.7s]
  ep  41: loss=0.6713  test_acc=68.69%  (best 77.51 @ ep 40)  [7.6s]
  ep  42: loss=0.6641  test_acc=74.33%  (best 77.51 @ ep 40)  [3.8s]
  ep  43: loss=0.6590  test_acc=75.04%  (best 77.51 @ ep 40)  [3.7s]
  ep  44: loss=0.6570  test_acc=77.71%  (best 77.71 @ ep 44)  [3.7s]
  ep  45: loss=0.6355  test_acc=76.37%  (best 77.71 @ ep 44)  [3.5s]
  ep  46: loss=0.6244  test_acc=75.75%  (best 77.71 @ ep 44)  [3.7s]
  ep  47: loss=0.6300  test_acc=75.01%  (best 77.71 @ ep 44)  [3.7s]
  ep  48: loss=0.6239  test_acc=71.95%  (best 77.71 @ ep 44)  [3.4s]
  ep  49: loss=0.6130  test_acc=72.36%  (best 77.71 @ ep 44)  [3.6s]
  ep  50: loss=0.6055  test_acc=75.55%  (best 77.71 @ ep 44)  [5.6s]  [logged per-sample loss: mean=0.685]
  ep  51: loss=0.6092  test_acc=70.75%  (best 77.71 @ ep 44)  [3.9s]
  ep  52: loss=0.5904  test_acc=78.25%  (best 78.25 @ ep 52)  [3.6s]
  ep  53: loss=0.5832  test_acc=76.20%  (best 78.25 @ ep 52)  [3.6s]
  ep  54: loss=0.5806  test_acc=73.65%  (best 78.25 @ ep 52)  [3.6s]
  ep  55: loss=0.5693  test_acc=70.22%  (best 78.25 @ ep 52)  [3.7s]
  ep  56: loss=0.5625  test_acc=74.52%  (best 78.25 @ ep 52)  [3.7s]
  ep  57: loss=0.5435  test_acc=75.69%  (best 78.25 @ ep 52)  [3.6s]
  ep  58: loss=0.5414  test_acc=73.14%  (best 78.25 @ ep 52)  [10.0s]
  ep  59: loss=0.5346  test_acc=74.86%  (best 78.25 @ ep 52)  [9.1s]
  ep  60: loss=0.5209  test_acc=74.66%  (best 78.25 @ ep 52)  [3.6s]
  ep  61: loss=0.5146  test_acc=75.04%  (best 78.25 @ ep 52)  [3.9s]
  ep  62: loss=0.4972  test_acc=76.15%  (best 78.25 @ ep 52)  [3.7s]
  ep  63: loss=0.4955  test_acc=76.37%  (best 78.25 @ ep 52)  [3.6s]
  ep  64: loss=0.4834  test_acc=77.19%  (best 78.25 @ ep 52)  [4.0s]
  ep  65: loss=0.4817  test_acc=78.06%  (best 78.25 @ ep 52)  [3.7s]
  ep  66: loss=0.4546  test_acc=75.34%  (best 78.25 @ ep 52)  [3.5s]
  ep  67: loss=0.4566  test_acc=77.45%  (best 78.25 @ ep 52)  [3.9s]
  ep  68: loss=0.4344  test_acc=77.51%  (best 78.25 @ ep 52)  [3.7s]
  ep  69: loss=0.4158  test_acc=77.62%  (best 78.25 @ ep 52)  [3.8s]
  ep  70: loss=0.4104  test_acc=78.02%  (best 78.25 @ ep 52)  [3.6s]
  ep  71: loss=0.3925  test_acc=78.16%  (best 78.25 @ ep 52)  [3.5s]
  ep  72: loss=0.3851  test_acc=79.03%  (best 79.03 @ ep 72)  [3.6s]
  ep  73: loss=0.3716  test_acc=79.09%  (best 79.09 @ ep 73)  [3.5s]
  ep  74: loss=0.3561  test_acc=78.46%  (best 79.09 @ ep 73)  [3.5s]
  ep  75: loss=0.3443  test_acc=78.39%  (best 79.09 @ ep 73)  [5.6s]  [logged per-sample loss: mean=0.322]
  ep  76: loss=0.3234  test_acc=79.28%  (best 79.28 @ ep 76)  [5.9s]
  ep  77: loss=0.3074  test_acc=75.56%  (best 79.28 @ ep 76)  [9.3s]
  ep  78: loss=0.2960  test_acc=78.75%  (best 79.28 @ ep 76)  [9.7s]
  ep  79: loss=0.2833  test_acc=79.72%  (best 79.72 @ ep 79)  [9.4s]
  ep  80: loss=0.2713  test_acc=80.18%  (best 80.18 @ ep 80)  [9.9s]
  ep  81: loss=0.2542  test_acc=78.94%  (best 80.18 @ ep 80)  [8.7s]
  ep  82: loss=0.2417  test_acc=78.76%  (best 80.18 @ ep 80)  [10.5s]
  ep  83: loss=0.2300  test_acc=79.94%  (best 80.18 @ ep 80)  [8.8s]
  ep  84: loss=0.2145  test_acc=79.28%  (best 80.18 @ ep 80)  [9.2s]
  ep  85: loss=0.2002  test_acc=80.05%  (best 80.18 @ ep 80)  [9.8s]
  ep  86: loss=0.1912  test_acc=79.44%  (best 80.18 @ ep 80)  [10.9s]
  ep  87: loss=0.1781  test_acc=80.30%  (best 80.30 @ ep 87)  [9.4s]
  ep  88: loss=0.1665  test_acc=79.47%  (best 80.30 @ ep 87)  [9.7s]
  ep  89: loss=0.1556  test_acc=79.53%  (best 80.30 @ ep 87)  [8.9s]
  ep  90: loss=0.1527  test_acc=79.81%  (best 80.30 @ ep 87)  [9.9s]
  ep  91: loss=0.1420  test_acc=79.47%  (best 80.30 @ ep 87)  [9.2s]
  ep  92: loss=0.1380  test_acc=80.26%  (best 80.30 @ ep 87)  [9.3s]
  ep  93: loss=0.1286  test_acc=80.04%  (best 80.30 @ ep 87)  [9.4s]
  ep  94: loss=0.1305  test_acc=80.17%  (best 80.30 @ ep 87)  [9.3s]
  ep  95: loss=0.1249  test_acc=79.87%  (best 80.30 @ ep 87)  [9.1s]
  ep  96: loss=0.1204  test_acc=79.80%  (best 80.30 @ ep 87)  [9.6s]
  ep  97: loss=0.1200  test_acc=79.47%  (best 80.30 @ ep 87)  [9.0s]
  ep  98: loss=0.1179  test_acc=79.81%  (best 80.30 @ ep 87)  [8.7s]
  ep  99: loss=0.1175  test_acc=79.52%  (best 80.30 @ ep 87)  [11.7s]  [logged per-sample loss: mean=0.084]

saved /path/to/ciln-workspace/journal_edition/robustness_transfer/results_v4/erm/ours_v2_noisy__elastic_transform_sev3__seed1.json: best 80.30% @ ep 87
