condition=ours_v2_clean__defocus_blur_sev1 seed=1 gpu=1
/path/to/ciln-workspace/venv/lib/python3.12/site-packages/torchvision/datasets/cifar.py:83: VisibleDeprecationWarning: dtype(): align should be passed as Python or NumPy boolean but got `align=0`. Did you mean to pass a tuple to create a subarray type? (Deprecated NumPy 2.4)
  entry = pickle.load(f, encoding="latin1")
image_source=clean  N=22500  noise_rate=8.62%
  ep   0: loss=1.8631  test_acc=35.11%  (best 35.11 @ ep 0)  [4.6s]
  ep   1: loss=1.5354  test_acc=41.53%  (best 41.53 @ ep 1)  [3.6s]
  ep   2: loss=1.3159  test_acc=48.61%  (best 48.61 @ ep 2)  [3.8s]
  ep   3: loss=1.1574  test_acc=51.76%  (best 51.76 @ ep 3)  [3.5s]
  ep   4: loss=1.0489  test_acc=57.29%  (best 57.29 @ ep 4)  [3.5s]
  ep   5: loss=0.9763  test_acc=64.32%  (best 64.32 @ ep 5)  [5.7s]  [logged per-sample loss: mean=1.030]
  ep   6: loss=0.9068  test_acc=66.44%  (best 66.44 @ ep 6)  [3.6s]
  ep   7: loss=0.8430  test_acc=68.73%  (best 68.73 @ ep 7)  [3.9s]
  ep   8: loss=0.7904  test_acc=67.15%  (best 68.73 @ ep 7)  [3.7s]
  ep   9: loss=0.7614  test_acc=65.48%  (best 68.73 @ ep 7)  [3.8s]
  ep  10: loss=0.7341  test_acc=66.52%  (best 68.73 @ ep 7)  [5.4s]  [logged per-sample loss: mean=0.995]
  ep  11: loss=0.7131  test_acc=72.84%  (best 72.84 @ ep 11)  [3.7s]
  ep  12: loss=0.7001  test_acc=69.66%  (best 72.84 @ ep 11)  [4.4s]
  ep  13: loss=0.6825  test_acc=71.91%  (best 72.84 @ ep 11)  [8.7s]
  ep  14: loss=0.6629  test_acc=74.83%  (best 74.83 @ ep 14)  [9.1s]
  ep  15: loss=0.6423  test_acc=70.01%  (best 74.83 @ ep 14)  [10.0s]
  ep  16: loss=0.6383  test_acc=73.82%  (best 74.83 @ ep 14)  [8.6s]
  ep  17: loss=0.6156  test_acc=76.28%  (best 76.28 @ ep 17)  [3.6s]
  ep  18: loss=0.6123  test_acc=69.83%  (best 76.28 @ ep 17)  [3.8s]
  ep  19: loss=0.6055  test_acc=74.11%  (best 76.28 @ ep 17)  [3.8s]
  ep  20: loss=0.5879  test_acc=72.66%  (best 76.28 @ ep 17)  [5.6s]  [logged per-sample loss: mean=0.702]
  ep  21: loss=0.5792  test_acc=75.08%  (best 76.28 @ ep 17)  [3.5s]
  ep  22: loss=0.5752  test_acc=70.50%  (best 76.28 @ ep 17)  [3.6s]
  ep  23: loss=0.5688  test_acc=76.34%  (best 76.34 @ ep 23)  [3.7s]
  ep  24: loss=0.5664  test_acc=76.12%  (best 76.34 @ ep 23)  [3.6s]
  ep  25: loss=0.5474  test_acc=73.97%  (best 76.34 @ ep 23)  [3.6s]
  ep  26: loss=0.5432  test_acc=59.11%  (best 76.34 @ ep 23)  [3.4s]
  ep  27: loss=0.5433  test_acc=66.44%  (best 76.34 @ ep 23)  [3.6s]
  ep  28: loss=0.5323  test_acc=68.73%  (best 76.34 @ ep 23)  [3.9s]
  ep  29: loss=0.5317  test_acc=71.31%  (best 76.34 @ ep 23)  [3.6s]
  ep  30: loss=0.5169  test_acc=77.32%  (best 77.32 @ ep 30)  [5.6s]  [logged per-sample loss: mean=0.605]
  ep  31: loss=0.5129  test_acc=78.12%  (best 78.12 @ ep 31)  [3.6s]
  ep  32: loss=0.5111  test_acc=75.84%  (best 78.12 @ ep 31)  [5.6s]
  ep  33: loss=0.5107  test_acc=76.32%  (best 78.12 @ ep 31)  [8.6s]
  ep  34: loss=0.5058  test_acc=77.37%  (best 78.12 @ ep 31)  [8.5s]
  ep  35: loss=0.4845  test_acc=77.35%  (best 78.12 @ ep 31)  [8.7s]
  ep  36: loss=0.4897  test_acc=77.45%  (best 78.12 @ ep 31)  [8.8s]
  ep  37: loss=0.4821  test_acc=74.20%  (best 78.12 @ ep 31)  [9.1s]
  ep  38: loss=0.4753  test_acc=74.31%  (best 78.12 @ ep 31)  [8.8s]
  ep  39: loss=0.4803  test_acc=79.17%  (best 79.17 @ ep 39)  [8.5s]
  ep  40: loss=0.4673  test_acc=70.62%  (best 79.17 @ ep 39)  [9.0s]
  ep  41: loss=0.4551  test_acc=77.42%  (best 79.17 @ ep 39)  [8.6s]
  ep  42: loss=0.4509  test_acc=77.73%  (best 79.17 @ ep 39)  [8.9s]
  ep  43: loss=0.4462  test_acc=81.08%  (best 81.08 @ ep 43)  [9.2s]
  ep  44: loss=0.4426  test_acc=78.52%  (best 81.08 @ ep 43)  [8.1s]
  ep  45: loss=0.4369  test_acc=79.37%  (best 81.08 @ ep 43)  [8.4s]
  ep  46: loss=0.4189  test_acc=79.74%  (best 81.08 @ ep 43)  [9.1s]
  ep  47: loss=0.4243  test_acc=79.64%  (best 81.08 @ ep 43)  [9.5s]
  ep  48: loss=0.4196  test_acc=81.70%  (best 81.70 @ ep 48)  [9.4s]
  ep  49: loss=0.4064  test_acc=79.85%  (best 81.70 @ ep 48)  [9.7s]
  ep  50: loss=0.4042  test_acc=78.88%  (best 81.70 @ ep 48)  [12.4s]  [logged per-sample loss: mean=0.480]
  ep  51: loss=0.4038  test_acc=80.10%  (best 81.70 @ ep 48)  [8.8s]
  ep  52: loss=0.3827  test_acc=78.96%  (best 81.70 @ ep 48)  [6.7s]
  ep  53: loss=0.3851  test_acc=79.13%  (best 81.70 @ ep 48)  [3.7s]
  ep  54: loss=0.3789  test_acc=78.82%  (best 81.70 @ ep 48)  [3.6s]
  ep  55: loss=0.3669  test_acc=79.68%  (best 81.70 @ ep 48)  [3.7s]
  ep  56: loss=0.3595  test_acc=81.18%  (best 81.70 @ ep 48)  [3.6s]
  ep  57: loss=0.3489  test_acc=79.71%  (best 81.70 @ ep 48)  [3.7s]
  ep  58: loss=0.3428  test_acc=81.54%  (best 81.70 @ ep 48)  [3.5s]
  ep  59: loss=0.3295  test_acc=82.48%  (best 82.48 @ ep 59)  [3.5s]
  ep  60: loss=0.3328  test_acc=81.87%  (best 82.48 @ ep 59)  [3.7s]
  ep  61: loss=0.3232  test_acc=81.74%  (best 82.48 @ ep 59)  [3.6s]
  ep  62: loss=0.3112  test_acc=81.02%  (best 82.48 @ ep 59)  [3.8s]
  ep  63: loss=0.3074  test_acc=80.85%  (best 82.48 @ ep 59)  [3.6s]
  ep  64: loss=0.2984  test_acc=80.78%  (best 82.48 @ ep 59)  [3.7s]
  ep  65: loss=0.2869  test_acc=83.63%  (best 83.63 @ ep 65)  [3.6s]
  ep  66: loss=0.2759  test_acc=81.60%  (best 83.63 @ ep 65)  [3.6s]
  ep  67: loss=0.2700  test_acc=82.91%  (best 83.63 @ ep 65)  [3.6s]
  ep  68: loss=0.2531  test_acc=83.50%  (best 83.63 @ ep 65)  [3.6s]
  ep  69: loss=0.2521  test_acc=83.93%  (best 83.93 @ ep 69)  [6.8s]
  ep  70: loss=0.2426  test_acc=83.71%  (best 83.93 @ ep 69)  [8.4s]
  ep  71: loss=0.2280  test_acc=83.26%  (best 83.93 @ ep 69)  [8.2s]
  ep  72: loss=0.2173  test_acc=84.67%  (best 84.67 @ ep 72)  [8.4s]
  ep  73: loss=0.2108  test_acc=83.52%  (best 84.67 @ ep 72)  [8.1s]
  ep  74: loss=0.1994  test_acc=84.42%  (best 84.67 @ ep 72)  [8.2s]
  ep  75: loss=0.1901  test_acc=84.32%  (best 84.67 @ ep 72)  [13.0s]  [logged per-sample loss: mean=0.163]
  ep  76: loss=0.1783  test_acc=85.06%  (best 85.06 @ ep 76)  [8.1s]
  ep  77: loss=0.1732  test_acc=84.38%  (best 85.06 @ ep 76)  [8.2s]
  ep  78: loss=0.1548  test_acc=84.85%  (best 85.06 @ ep 76)  [7.9s]
  ep  79: loss=0.1500  test_acc=84.68%  (best 85.06 @ ep 76)  [8.0s]
  ep  80: loss=0.1369  test_acc=85.04%  (best 85.06 @ ep 76)  [8.7s]
  ep  81: loss=0.1278  test_acc=84.47%  (best 85.06 @ ep 76)  [8.6s]
  ep  82: loss=0.1141  test_acc=85.14%  (best 85.14 @ ep 82)  [8.4s]
  ep  83: loss=0.1131  test_acc=85.04%  (best 85.14 @ ep 82)  [8.4s]
  ep  84: loss=0.0997  test_acc=85.73%  (best 85.73 @ ep 84)  [8.1s]
  ep  85: loss=0.0975  test_acc=85.57%  (best 85.73 @ ep 84)  [7.8s]
  ep  86: loss=0.0889  test_acc=84.75%  (best 85.73 @ ep 84)  [8.4s]
  ep  87: loss=0.0822  test_acc=85.44%  (best 85.73 @ ep 84)  [8.4s]
  ep  88: loss=0.0783  test_acc=85.72%  (best 85.73 @ ep 84)  [8.2s]
  ep  89: loss=0.0710  test_acc=86.05%  (best 86.05 @ ep 89)  [8.1s]
  ep  90: loss=0.0666  test_acc=85.86%  (best 86.05 @ ep 89)  [7.9s]
  ep  91: loss=0.0642  test_acc=86.06%  (best 86.06 @ ep 91)  [8.0s]
  ep  92: loss=0.0615  test_acc=85.68%  (best 86.06 @ ep 91)  [8.4s]
  ep  93: loss=0.0582  test_acc=86.11%  (best 86.11 @ ep 93)  [8.4s]
  ep  94: loss=0.0541  test_acc=86.13%  (best 86.13 @ ep 94)  [8.0s]
  ep  95: loss=0.0551  test_acc=86.09%  (best 86.13 @ ep 94)  [8.3s]
  ep  96: loss=0.0559  test_acc=86.03%  (best 86.13 @ ep 94)  [8.7s]
  ep  97: loss=0.0547  test_acc=86.05%  (best 86.13 @ ep 94)  [8.2s]
  ep  98: loss=0.0543  test_acc=86.13%  (best 86.13 @ ep 94)  [8.4s]
  ep  99: loss=0.0523  test_acc=86.16%  (best 86.16 @ ep 99)  [18.6s]  [logged per-sample loss: mean=0.033]

saved /path/to/ciln-workspace/journal_edition/robustness_transfer/results_v4/erm/ours_v2_clean__defocus_blur_sev1__seed1.json: best 86.16% @ ep 99
