condition=ours_v2_clean__contrast_sev5 seed=0 gpu=1
/path/to/ciln-workspace/venv/lib/python3.12/site-packages/torchvision/datasets/cifar.py:83: VisibleDeprecationWarning: dtype(): align should be passed as Python or NumPy boolean but got `align=0`. Did you mean to pass a tuple to create a subarray type? (Deprecated NumPy 2.4)
  entry = pickle.load(f, encoding="latin1")
image_source=clean  N_train=22500  noise_rate=47.51%
  ep   0: acc1=25.33%  acc2=26.11%  ens=25.72%  (best 25.72 @ ep 0)  [8.8s]
  ep   1: acc1=29.52%  acc2=28.46%  ens=28.99%  (best 28.99 @ ep 1)  [7.7s]
  ep   2: acc1=34.95%  acc2=33.59%  ens=34.27%  (best 34.27 @ ep 2)  [7.9s]
  ep   3: acc1=32.15%  acc2=36.08%  ens=34.12%  (best 34.27 @ ep 2)  [12.1s]
  ep   4: acc1=38.78%  acc2=41.33%  ens=40.05%  (best 40.05 @ ep 4)  [19.5s]
  ep   5: acc1=39.53%  acc2=44.48%  ens=42.00%  (best 42.00 @ ep 5)  [11.6s]  [w on clean=0.744, on noisy=0.665]
  ep   6: acc1=34.62%  acc2=45.82%  ens=40.22%  (best 42.00 @ ep 5)  [7.6s]
  ep   7: acc1=45.75%  acc2=40.27%  ens=43.01%  (best 43.01 @ ep 7)  [7.2s]
  ep   8: acc1=41.10%  acc2=38.91%  ens=40.01%  (best 43.01 @ ep 7)  [7.5s]
  ep   9: acc1=38.27%  acc2=35.42%  ens=36.84%  (best 43.01 @ ep 7)  [7.5s]
  ep  10: acc1=27.06%  acc2=17.78%  ens=22.42%  (best 43.01 @ ep 7)  [57.8s]  [w on clean=0.492, on noisy=0.610]
  ep  11: acc1=14.73%  acc2=11.07%  ens=12.90%  (best 43.01 @ ep 7)  [28.4s]
  ep  12: acc1=10.59%  acc2=10.25%  ens=10.42%  (best 43.01 @ ep 7)  [65.5s]
  ep  13: acc1=10.00%  acc2=13.01%  ens=11.51%  (best 43.01 @ ep 7)  [29.0s]
  ep  14: acc1=10.23%  acc2=10.37%  ens=10.30%  (best 43.01 @ ep 7)  [37.5s]
  ep  15: acc1=10.00%  acc2=12.70%  ens=11.35%  (best 43.01 @ ep 7)  [142.8s]
  ep  16: acc1=12.63%  acc2=10.82%  ens=11.72%  (best 43.01 @ ep 7)  [31.6s]
  ep  17: acc1=14.48%  acc2=16.48%  ens=15.48%  (best 43.01 @ ep 7)  [240.9s]
  ep  18: acc1=15.77%  acc2=14.66%  ens=15.21%  (best 43.01 @ ep 7)  [31.8s]
  ep  19: acc1=15.23%  acc2=14.46%  ens=14.85%  (best 43.01 @ ep 7)  [72.4s]
  ep  20: acc1=12.88%  acc2=14.62%  ens=13.75%  (best 43.01 @ ep 7)  [34.6s]  [w on clean=0.686, on noisy=0.877]
  ep  21: acc1=10.02%  acc2=13.63%  ens=11.82%  (best 43.01 @ ep 7)  [74.4s]
  ep  22: acc1=14.40%  acc2=11.20%  ens=12.80%  (best 43.01 @ ep 7)  [30.1s]
  ep  23: acc1=10.42%  acc2=14.92%  ens=12.67%  (best 43.01 @ ep 7)  [29.9s]
  ep  24: acc1=14.25%  acc2=10.26%  ens=12.25%  (best 43.01 @ ep 7)  [250.4s]
  ep  25: acc1=10.00%  acc2=15.79%  ens=12.90%  (best 43.01 @ ep 7)  [37.1s]
  ep  26: acc1=15.95%  acc2=10.00%  ens=12.97%  (best 43.01 @ ep 7)  [28.0s]
  ep  27: acc1=10.00%  acc2=14.43%  ens=12.22%  (best 43.01 @ ep 7)  [97.4s]
  ep  28: acc1=11.22%  acc2=10.00%  ens=10.61%  (best 43.01 @ ep 7)  [28.5s]
  ep  29: acc1=10.00%  acc2=12.04%  ens=11.02%  (best 43.01 @ ep 7)  [41.9s]
  ep  30: acc1=10.98%  acc2=10.00%  ens=10.49%  (best 43.01 @ ep 7)  [33.5s]  [w on clean=0.685, on noisy=0.877]
  ep  31: acc1=10.00%  acc2=10.03%  ens=10.02%  (best 43.01 @ ep 7)  [44.1s]
  ep  32: acc1=10.03%  acc2=10.00%  ens=10.02%  (best 43.01 @ ep 7)  [234.2s]
  ep  33: acc1=10.00%  acc2=14.70%  ens=12.35%  (best 43.01 @ ep 7)  [29.7s]
  ep  34: acc1=12.06%  acc2=10.00%  ens=11.03%  (best 43.01 @ ep 7)  [46.1s]
  ep  35: acc1=10.00%  acc2=10.54%  ens=10.27%  (best 43.01 @ ep 7)  [105.1s]
  ep  36: acc1=10.00%  acc2=10.00%  ens=10.00%  (best 43.01 @ ep 7)  [29.9s]
  ep  37: acc1=10.00%  acc2=11.21%  ens=10.61%  (best 43.01 @ ep 7)  [32.5s]
  ep  38: acc1=10.04%  acc2=10.00%  ens=10.02%  (best 43.01 @ ep 7)  [27.8s]
  ep  39: acc1=10.00%  acc2=11.06%  ens=10.53%  (best 43.01 @ ep 7)  [29.7s]
  ep  40: acc1=10.00%  acc2=10.00%  ens=10.00%  (best 43.01 @ ep 7)  [144.4s]
  ep  41: acc1=10.00%  acc2=13.14%  ens=11.57%  (best 43.01 @ ep 7)  [27.9s]
  ep  42: acc1=10.00%  acc2=10.00%  ens=10.00%  (best 43.01 @ ep 7)  [58.3s]
  ep  43: acc1=10.00%  acc2=10.09%  ens=10.05%  (best 43.01 @ ep 7)  [96.8s]
  ep  44: acc1=10.00%  acc2=10.00%  ens=10.00%  (best 43.01 @ ep 7)  [28.1s]
  ep  45: acc1=10.00%  acc2=11.95%  ens=10.97%  (best 43.01 @ ep 7)  [29.1s]
  ep  46: acc1=10.20%  acc2=10.00%  ens=10.10%  (best 43.01 @ ep 7)  [29.3s]
  ep  47: acc1=10.00%  acc2=10.92%  ens=10.46%  (best 43.01 @ ep 7)  [158.5s]
  ep  48: acc1=10.13%  acc2=10.00%  ens=10.06%  (best 43.01 @ ep 7)  [28.3s]
  ep  49: acc1=10.00%  acc2=10.86%  ens=10.43%  (best 43.01 @ ep 7)  [28.5s]
  ep  50: acc1=10.05%  acc2=10.00%  ens=10.03%  (best 43.01 @ ep 7)  [37.7s]  [w on clean=0.685, on noisy=0.877]
  ep  51: acc1=10.00%  acc2=11.41%  ens=10.71%  (best 43.01 @ ep 7)  [28.7s]
  ep  52: acc1=10.03%  acc2=10.00%  ens=10.02%  (best 43.01 @ ep 7)  [238.9s]
  ep  53: acc1=12.49%  acc2=14.65%  ens=13.57%  (best 43.01 @ ep 7)  [41.6s]
  ep  54: acc1=14.78%  acc2=17.07%  ens=15.93%  (best 43.01 @ ep 7)  [46.0s]
  ep  55: acc1=15.24%  acc2=17.53%  ens=16.38%  (best 43.01 @ ep 7)  [40.5s]
  ep  56: acc1=17.43%  acc2=19.45%  ens=18.44%  (best 43.01 @ ep 7)  [274.4s]
  ep  57: acc1=17.35%  acc2=18.54%  ens=17.95%  (best 43.01 @ ep 7)  [40.7s]
  ep  58: acc1=18.91%  acc2=19.70%  ens=19.30%  (best 43.01 @ ep 7)  [50.3s]
  ep  59: acc1=19.86%  acc2=19.27%  ens=19.56%  (best 43.01 @ ep 7)  [65.9s]
  ep  60: acc1=20.18%  acc2=20.60%  ens=20.39%  (best 43.01 @ ep 7)  [192.6s]
  ep  61: acc1=19.04%  acc2=20.37%  ens=19.71%  (best 43.01 @ ep 7)  [38.7s]
  ep  62: acc1=19.57%  acc2=20.28%  ens=19.93%  (best 43.01 @ ep 7)  [40.9s]
  ep  63: acc1=18.73%  acc2=19.73%  ens=19.23%  (best 43.01 @ ep 7)  [47.2s]
  ep  64: acc1=19.57%  acc2=20.25%  ens=19.91%  (best 43.01 @ ep 7)  [39.8s]
  ep  65: acc1=19.47%  acc2=20.47%  ens=19.97%  (best 43.01 @ ep 7)  [128.3s]
  ep  66: acc1=21.09%  acc2=21.59%  ens=21.34%  (best 43.01 @ ep 7)  [48.2s]
  ep  67: acc1=21.07%  acc2=21.48%  ens=21.27%  (best 43.01 @ ep 7)  [39.6s]
  ep  68: acc1=20.20%  acc2=21.00%  ens=20.60%  (best 43.01 @ ep 7)  [101.6s]
  ep  69: acc1=21.26%  acc2=22.91%  ens=22.09%  (best 43.01 @ ep 7)  [40.7s]
  ep  70: acc1=21.23%  acc2=21.48%  ens=21.36%  (best 43.01 @ ep 7)  [247.6s]
  ep  71: acc1=21.63%  acc2=21.57%  ens=21.60%  (best 43.01 @ ep 7)  [38.9s]
  ep  72: acc1=20.34%  acc2=21.09%  ens=20.71%  (best 43.01 @ ep 7)  [40.0s]
  ep  73: acc1=20.85%  acc2=22.04%  ens=21.45%  (best 43.01 @ ep 7)  [51.7s]
  ep  74: acc1=19.98%  acc2=21.63%  ens=20.80%  (best 43.01 @ ep 7)  [45.5s]
  ep  75: acc1=20.65%  acc2=21.45%  ens=21.05%  (best 43.01 @ ep 7)  [51.9s]  [w on clean=0.685, on noisy=0.877]
  ep  76: acc1=20.87%  acc2=22.22%  ens=21.55%  (best 43.01 @ ep 7)  [38.7s]
  ep  77: acc1=21.62%  acc2=23.02%  ens=22.32%  (best 43.01 @ ep 7)  [182.7s]
  ep  78: acc1=22.22%  acc2=22.40%  ens=22.31%  (best 43.01 @ ep 7)  [39.3s]
  ep  79: acc1=20.79%  acc2=22.69%  ens=21.74%  (best 43.01 @ ep 7)  [44.3s]
  ep  80: acc1=21.57%  acc2=21.76%  ens=21.66%  (best 43.01 @ ep 7)  [43.3s]
  ep  81: acc1=21.23%  acc2=22.45%  ens=21.84%  (best 43.01 @ ep 7)  [37.7s]
  ep  82: acc1=21.46%  acc2=21.57%  ens=21.52%  (best 43.01 @ ep 7)  [148.5s]
  ep  83: acc1=22.16%  acc2=22.23%  ens=22.19%  (best 43.01 @ ep 7)  [40.5s]
  ep  84: acc1=21.84%  acc2=22.56%  ens=22.20%  (best 43.01 @ ep 7)  [39.8s]
  ep  85: acc1=21.35%  acc2=22.64%  ens=21.99%  (best 43.01 @ ep 7)  [40.2s]
  ep  86: acc1=21.19%  acc2=22.48%  ens=21.83%  (best 43.01 @ ep 7)  [39.2s]
  ep  87: acc1=21.83%  acc2=22.41%  ens=22.12%  (best 43.01 @ ep 7)  [80.2s]
  ep  88: acc1=21.51%  acc2=22.51%  ens=22.01%  (best 43.01 @ ep 7)  [39.5s]
  ep  89: acc1=22.03%  acc2=22.78%  ens=22.41%  (best 43.01 @ ep 7)  [163.9s]
  ep  90: acc1=21.42%  acc2=22.76%  ens=22.09%  (best 43.01 @ ep 7)  [40.4s]
  ep  91: acc1=21.83%  acc2=22.87%  ens=22.35%  (best 43.01 @ ep 7)  [39.5s]
  ep  92: acc1=21.83%  acc2=22.67%  ens=22.25%  (best 43.01 @ ep 7)  [180.3s]
  ep  93: acc1=22.18%  acc2=22.71%  ens=22.44%  (best 43.01 @ ep 7)  [38.6s]
  ep  94: acc1=21.84%  acc2=22.78%  ens=22.31%  (best 43.01 @ ep 7)  [62.9s]
  ep  95: acc1=22.16%  acc2=22.50%  ens=22.33%  (best 43.01 @ ep 7)  [39.4s]
  ep  96: acc1=22.10%  acc2=22.92%  ens=22.51%  (best 43.01 @ ep 7)  [41.6s]
  ep  97: acc1=22.26%  acc2=22.87%  ens=22.56%  (best 43.01 @ ep 7)  [125.0s]
  ep  98: acc1=21.93%  acc2=22.66%  ens=22.29%  (best 43.01 @ ep 7)  [38.4s]
  ep  99: acc1=22.37%  acc2=23.10%  ens=22.73%  (best 43.01 @ ep 7)  [138.3s]  [w on clean=0.685, on noisy=0.877]

saved /path/to/ciln-workspace/journal_edition/robustness_transfer/results_v4/dividemix/ours_v2_clean__contrast_sev5__seed0.json: best ens-acc 43.01% @ ep 7
