condition=ours_v2_clean__contrast_sev5 seed=2 gpu=1
/path/to/ciln-workspace/venv/lib/python3.12/site-packages/torchvision/datasets/cifar.py:83: VisibleDeprecationWarning: dtype(): align should be passed as Python or NumPy boolean but got `align=0`. Did you mean to pass a tuple to create a subarray type? (Deprecated NumPy 2.4)
  entry = pickle.load(f, encoding="latin1")
image_source=clean  N_train=22500  noise_rate=47.51%
  ep   0: acc1=25.45%  acc2=21.97%  ens=23.71%  (best 23.71 @ ep 0)  [8.0s]
  ep   1: acc1=27.34%  acc2=32.51%  ens=29.93%  (best 29.93 @ ep 1)  [7.5s]
  ep   2: acc1=34.67%  acc2=30.91%  ens=32.79%  (best 32.79 @ ep 2)  [8.0s]
  ep   3: acc1=37.32%  acc2=38.82%  ens=38.07%  (best 38.07 @ ep 3)  [7.5s]
  ep   4: acc1=48.31%  acc2=34.61%  ens=41.46%  (best 41.46 @ ep 4)  [7.4s]
  ep   5: acc1=38.64%  acc2=41.20%  ens=39.92%  (best 41.46 @ ep 4)  [11.8s]  [w on clean=0.731, on noisy=0.673]
  ep   6: acc1=35.26%  acc2=42.96%  ens=39.11%  (best 41.46 @ ep 4)  [7.4s]
  ep   7: acc1=45.34%  acc2=45.03%  ens=45.18%  (best 45.18 @ ep 7)  [7.6s]
  ep   8: acc1=40.57%  acc2=44.73%  ens=42.65%  (best 45.18 @ ep 7)  [7.5s]
  ep   9: acc1=47.00%  acc2=43.94%  ens=45.47%  (best 45.47 @ ep 9)  [7.6s]
  ep  10: acc1=31.01%  acc2=26.96%  ens=28.98%  (best 45.47 @ ep 9)  [63.9s]  [w on clean=0.598, on noisy=0.672]
  ep  11: acc1=25.01%  acc2=22.22%  ens=23.61%  (best 45.47 @ ep 9)  [31.6s]
  ep  12: acc1=19.75%  acc2=20.05%  ens=19.90%  (best 45.47 @ ep 9)  [88.4s]
  ep  13: acc1=18.94%  acc2=19.25%  ens=19.10%  (best 45.47 @ ep 9)  [31.6s]
  ep  14: acc1=21.21%  acc2=21.12%  ens=21.16%  (best 45.47 @ ep 9)  [48.7s]
  ep  15: acc1=20.81%  acc2=18.69%  ens=19.75%  (best 45.47 @ ep 9)  [31.2s]
  ep  16: acc1=19.07%  acc2=19.62%  ens=19.35%  (best 45.47 @ ep 9)  [67.2s]
  ep  17: acc1=20.58%  acc2=20.83%  ens=20.71%  (best 45.47 @ ep 9)  [57.2s]
  ep  18: acc1=20.88%  acc2=21.43%  ens=21.16%  (best 45.47 @ ep 9)  [30.3s]
  ep  19: acc1=21.93%  acc2=19.10%  ens=20.52%  (best 45.47 @ ep 9)  [39.0s]
  ep  20: acc1=19.24%  acc2=19.84%  ens=19.54%  (best 45.47 @ ep 9)  [35.0s]  [w on clean=0.346, on noisy=0.583]
  ep  21: acc1=20.91%  acc2=19.53%  ens=20.22%  (best 45.47 @ ep 9)  [36.8s]
  ep  22: acc1=20.15%  acc2=19.07%  ens=19.61%  (best 45.47 @ ep 9)  [30.0s]
  ep  23: acc1=21.38%  acc2=20.28%  ens=20.83%  (best 45.47 @ ep 9)  [121.2s]
  ep  24: acc1=20.86%  acc2=20.74%  ens=20.80%  (best 45.47 @ ep 9)  [31.0s]
  ep  25: acc1=20.69%  acc2=20.59%  ens=20.64%  (best 45.47 @ ep 9)  [66.8s]
  ep  26: acc1=20.53%  acc2=22.22%  ens=21.38%  (best 45.47 @ ep 9)  [33.5s]
  ep  27: acc1=21.75%  acc2=21.01%  ens=21.38%  (best 45.47 @ ep 9)  [56.9s]
  ep  28: acc1=21.50%  acc2=21.37%  ens=21.43%  (best 45.47 @ ep 9)  [34.6s]
  ep  29: acc1=21.45%  acc2=20.76%  ens=21.11%  (best 45.47 @ ep 9)  [121.4s]
  ep  30: acc1=20.60%  acc2=21.48%  ens=21.04%  (best 45.47 @ ep 9)  [35.1s]  [w on clean=0.355, on noisy=0.590]
  ep  31: acc1=21.13%  acc2=20.74%  ens=20.93%  (best 45.47 @ ep 9)  [37.9s]
  ep  32: acc1=20.15%  acc2=21.15%  ens=20.65%  (best 45.47 @ ep 9)  [31.2s]
  ep  33: acc1=21.02%  acc2=21.12%  ens=21.07%  (best 45.47 @ ep 9)  [127.6s]
  ep  34: acc1=21.56%  acc2=21.70%  ens=21.63%  (best 45.47 @ ep 9)  [32.7s]
  ep  35: acc1=21.28%  acc2=20.49%  ens=20.88%  (best 45.47 @ ep 9)  [84.4s]
  ep  36: acc1=21.06%  acc2=20.67%  ens=20.87%  (best 45.47 @ ep 9)  [66.8s]
  ep  37: acc1=21.64%  acc2=23.34%  ens=22.49%  (best 45.47 @ ep 9)  [35.1s]
  ep  38: acc1=22.44%  acc2=22.31%  ens=22.38%  (best 45.47 @ ep 9)  [37.7s]
  ep  39: acc1=23.31%  acc2=24.23%  ens=23.77%  (best 45.47 @ ep 9)  [113.7s]
  ep  40: acc1=24.33%  acc2=24.71%  ens=24.52%  (best 45.47 @ ep 9)  [36.6s]
  ep  41: acc1=22.86%  acc2=24.72%  ens=23.79%  (best 45.47 @ ep 9)  [77.8s]
  ep  42: acc1=23.60%  acc2=23.89%  ens=23.75%  (best 45.47 @ ep 9)  [35.9s]
  ep  43: acc1=22.12%  acc2=23.18%  ens=22.65%  (best 45.47 @ ep 9)  [102.5s]
  ep  44: acc1=22.96%  acc2=22.53%  ens=22.74%  (best 45.47 @ ep 9)  [36.2s]
  ep  45: acc1=22.94%  acc2=23.14%  ens=23.04%  (best 45.47 @ ep 9)  [35.7s]
  ep  46: acc1=23.92%  acc2=24.01%  ens=23.96%  (best 45.47 @ ep 9)  [36.9s]
  ep  47: acc1=24.01%  acc2=24.80%  ens=24.40%  (best 45.47 @ ep 9)  [43.7s]
  ep  48: acc1=24.22%  acc2=22.95%  ens=23.59%  (best 45.47 @ ep 9)  [67.7s]
  ep  49: acc1=23.09%  acc2=22.52%  ens=22.80%  (best 45.47 @ ep 9)  [35.5s]
  ep  50: acc1=22.62%  acc2=23.86%  ens=23.24%  (best 45.47 @ ep 9)  [73.9s]  [w on clean=0.602, on noisy=0.837]
  ep  51: acc1=24.17%  acc2=26.73%  ens=25.45%  (best 45.47 @ ep 9)  [36.6s]
  ep  52: acc1=25.27%  acc2=27.33%  ens=26.30%  (best 45.47 @ ep 9)  [75.0s]
  ep  53: acc1=26.77%  acc2=24.32%  ens=25.55%  (best 45.47 @ ep 9)  [36.2s]
  ep  54: acc1=26.31%  acc2=24.63%  ens=25.47%  (best 45.47 @ ep 9)  [75.9s]
  ep  55: acc1=24.12%  acc2=24.75%  ens=24.44%  (best 45.47 @ ep 9)  [44.5s]
  ep  56: acc1=25.96%  acc2=26.07%  ens=26.02%  (best 45.47 @ ep 9)  [43.5s]
  ep  57: acc1=24.88%  acc2=25.15%  ens=25.01%  (best 45.47 @ ep 9)  [88.2s]
  ep  58: acc1=25.49%  acc2=25.05%  ens=25.27%  (best 45.47 @ ep 9)  [36.4s]
  ep  59: acc1=25.78%  acc2=26.36%  ens=26.07%  (best 45.47 @ ep 9)  [141.2s]
  ep  60: acc1=26.60%  acc2=25.58%  ens=26.09%  (best 45.47 @ ep 9)  [127.0s]
  ep  61: acc1=26.99%  acc2=25.38%  ens=26.19%  (best 45.47 @ ep 9)  [40.2s]
  ep  62: acc1=27.16%  acc2=26.18%  ens=26.67%  (best 45.47 @ ep 9)  [41.5s]
  ep  63: acc1=27.08%  acc2=27.46%  ens=27.27%  (best 45.47 @ ep 9)  [144.0s]
  ep  64: acc1=26.16%  acc2=25.09%  ens=25.62%  (best 45.47 @ ep 9)  [47.8s]
  ep  65: acc1=23.96%  acc2=24.50%  ens=24.23%  (best 45.47 @ ep 9)  [72.6s]
  ep  66: acc1=26.01%  acc2=25.60%  ens=25.80%  (best 45.47 @ ep 9)  [36.8s]
  ep  67: acc1=25.09%  acc2=24.81%  ens=24.95%  (best 45.47 @ ep 9)  [86.7s]
  ep  68: acc1=25.81%  acc2=25.87%  ens=25.84%  (best 45.47 @ ep 9)  [36.2s]
  ep  69: acc1=25.00%  acc2=23.93%  ens=24.46%  (best 45.47 @ ep 9)  [40.1s]
  ep  70: acc1=25.78%  acc2=25.46%  ens=25.62%  (best 45.47 @ ep 9)  [36.1s]
  ep  71: acc1=25.29%  acc2=26.03%  ens=25.66%  (best 45.47 @ ep 9)  [147.3s]
  ep  72: acc1=25.46%  acc2=26.96%  ens=26.21%  (best 45.47 @ ep 9)  [36.0s]
  ep  73: acc1=25.79%  acc2=26.20%  ens=26.00%  (best 45.47 @ ep 9)  [39.5s]
  ep  74: acc1=26.62%  acc2=27.06%  ens=26.84%  (best 45.47 @ ep 9)  [55.7s]
  ep  75: acc1=26.74%  acc2=26.32%  ens=26.53%  (best 45.47 @ ep 9)  [40.4s]  [w on clean=0.602, on noisy=0.838]
  ep  76: acc1=26.30%  acc2=26.92%  ens=26.61%  (best 45.47 @ ep 9)  [42.5s]
  ep  77: acc1=26.18%  acc2=26.59%  ens=26.39%  (best 45.47 @ ep 9)  [36.3s]
  ep  78: acc1=24.91%  acc2=25.19%  ens=25.05%  (best 45.47 @ ep 9)  [216.9s]
  ep  79: acc1=26.22%  acc2=26.28%  ens=26.25%  (best 45.47 @ ep 9)  [36.8s]
  ep  80: acc1=26.71%  acc2=26.69%  ens=26.70%  (best 45.47 @ ep 9)  [78.2s]
  ep  81: acc1=25.96%  acc2=25.79%  ens=25.88%  (best 45.47 @ ep 9)  [37.3s]
  ep  82: acc1=26.50%  acc2=26.38%  ens=26.44%  (best 45.47 @ ep 9)  [41.5s]
  ep  83: acc1=26.60%  acc2=26.15%  ens=26.38%  (best 45.47 @ ep 9)  [35.6s]
  ep  84: acc1=26.02%  acc2=25.89%  ens=25.96%  (best 45.47 @ ep 9)  [44.9s]
  ep  85: acc1=25.88%  acc2=26.53%  ens=26.21%  (best 45.47 @ ep 9)  [51.3s]
  ep  86: acc1=25.72%  acc2=25.57%  ens=25.64%  (best 45.47 @ ep 9)  [37.1s]
  ep  87: acc1=25.66%  acc2=25.57%  ens=25.61%  (best 45.47 @ ep 9)  [49.5s]
  ep  88: acc1=25.68%  acc2=26.07%  ens=25.87%  (best 45.47 @ ep 9)  [35.8s]
  ep  89: acc1=26.26%  acc2=26.39%  ens=26.32%  (best 45.47 @ ep 9)  [297.6s]
  ep  90: acc1=26.41%  acc2=26.81%  ens=26.61%  (best 45.47 @ ep 9)  [49.0s]
  ep  91: acc1=26.25%  acc2=26.78%  ens=26.52%  (best 45.47 @ ep 9)  [52.6s]
  ep  92: acc1=26.34%  acc2=26.18%  ens=26.26%  (best 45.47 @ ep 9)  [36.3s]
  ep  93: acc1=25.68%  acc2=25.80%  ens=25.74%  (best 45.47 @ ep 9)  [41.9s]
  ep  94: acc1=25.90%  acc2=26.48%  ens=26.19%  (best 45.47 @ ep 9)  [35.9s]
  ep  95: acc1=25.97%  acc2=26.44%  ens=26.21%  (best 45.47 @ ep 9)  [114.5s]
  ep  96: acc1=26.41%  acc2=26.20%  ens=26.30%  (best 45.47 @ ep 9)  [41.8s]
  ep  97: acc1=26.12%  acc2=26.17%  ens=26.14%  (best 45.47 @ ep 9)  [43.3s]
  ep  98: acc1=26.20%  acc2=26.38%  ens=26.29%  (best 45.47 @ ep 9)  [37.6s]
  ep  99: acc1=26.57%  acc2=26.56%  ens=26.57%  (best 45.47 @ ep 9)  [39.6s]  [w on clean=0.602, on noisy=0.838]

saved /path/to/ciln-workspace/journal_edition/robustness_transfer/results_v4/dividemix/ours_v2_clean__contrast_sev5__seed2.json: best ens-acc 45.47% @ ep 9
