condition=ours_v2_clean__elastic_transform_sev3 seed=0 gpu=1
/path/to/ciln-workspace/venv/lib/python3.12/site-packages/torchvision/datasets/cifar.py:83: VisibleDeprecationWarning: dtype(): align should be passed as Python or NumPy boolean but got `align=0`. Did you mean to pass a tuple to create a subarray type? (Deprecated NumPy 2.4)
  entry = pickle.load(f, encoding="latin1")
image_source=clean  N=22500  noise_rate=17.52%
  ep   0: loss=1.8897  test_acc=32.01%  (best 32.01 @ ep 0)  [4.4s]
  ep   1: loss=1.6290  test_acc=39.36%  (best 39.36 @ ep 1)  [3.5s]
  ep   2: loss=1.4495  test_acc=49.51%  (best 49.51 @ ep 2)  [3.7s]
  ep   3: loss=1.3057  test_acc=57.82%  (best 57.82 @ ep 3)  [3.6s]
  ep   4: loss=1.1932  test_acc=58.10%  (best 58.10 @ ep 4)  [3.8s]
  ep   5: loss=1.1088  test_acc=58.31%  (best 58.31 @ ep 5)  [5.5s]  [logged per-sample loss: mean=1.157]
  ep   6: loss=1.0518  test_acc=65.99%  (best 65.99 @ ep 6)  [3.8s]
  ep   7: loss=0.9867  test_acc=66.11%  (best 66.11 @ ep 7)  [3.6s]
  ep   8: loss=0.9526  test_acc=70.30%  (best 70.30 @ ep 8)  [3.5s]
  ep   9: loss=0.9198  test_acc=68.31%  (best 70.30 @ ep 8)  [3.7s]
  ep  10: loss=0.9123  test_acc=68.35%  (best 70.30 @ ep 8)  [5.4s]  [logged per-sample loss: mean=0.904]
  ep  11: loss=0.8790  test_acc=66.49%  (best 70.30 @ ep 8)  [3.8s]
  ep  12: loss=0.8597  test_acc=71.43%  (best 71.43 @ ep 12)  [6.8s]
  ep  13: loss=0.8521  test_acc=71.72%  (best 71.72 @ ep 13)  [8.1s]
  ep  14: loss=0.8271  test_acc=68.03%  (best 71.72 @ ep 13)  [8.2s]
  ep  15: loss=0.8190  test_acc=71.20%  (best 71.72 @ ep 13)  [8.0s]
  ep  16: loss=0.8079  test_acc=71.48%  (best 71.72 @ ep 13)  [8.2s]
  ep  17: loss=0.8033  test_acc=73.61%  (best 73.61 @ ep 17)  [5.0s]
  ep  18: loss=0.7926  test_acc=69.81%  (best 73.61 @ ep 17)  [3.8s]
  ep  19: loss=0.7809  test_acc=69.33%  (best 73.61 @ ep 17)  [3.6s]
  ep  20: loss=0.7773  test_acc=73.97%  (best 73.97 @ ep 20)  [5.5s]  [logged per-sample loss: mean=0.763]
  ep  21: loss=0.7665  test_acc=72.96%  (best 73.97 @ ep 20)  [3.7s]
  ep  22: loss=0.7611  test_acc=66.53%  (best 73.97 @ ep 20)  [3.7s]
  ep  23: loss=0.7488  test_acc=67.71%  (best 73.97 @ ep 20)  [3.8s]
  ep  24: loss=0.7471  test_acc=72.35%  (best 73.97 @ ep 20)  [3.8s]
  ep  25: loss=0.7455  test_acc=70.08%  (best 73.97 @ ep 20)  [3.8s]
  ep  26: loss=0.7377  test_acc=72.40%  (best 73.97 @ ep 20)  [3.6s]
  ep  27: loss=0.7295  test_acc=72.85%  (best 73.97 @ ep 20)  [3.8s]
  ep  28: loss=0.7326  test_acc=74.09%  (best 74.09 @ ep 28)  [3.5s]
  ep  29: loss=0.7200  test_acc=71.95%  (best 74.09 @ ep 28)  [3.6s]
  ep  30: loss=0.7126  test_acc=74.08%  (best 74.09 @ ep 28)  [5.1s]  [logged per-sample loss: mean=0.730]
  ep  31: loss=0.7094  test_acc=69.40%  (best 74.09 @ ep 28)  [3.4s]
  ep  32: loss=0.7075  test_acc=67.92%  (best 74.09 @ ep 28)  [3.5s]
  ep  33: loss=0.6948  test_acc=72.09%  (best 74.09 @ ep 28)  [7.8s]
  ep  34: loss=0.6924  test_acc=73.35%  (best 74.09 @ ep 28)  [8.3s]
  ep  35: loss=0.6833  test_acc=72.30%  (best 74.09 @ ep 28)  [7.8s]
  ep  36: loss=0.6794  test_acc=75.61%  (best 75.61 @ ep 36)  [8.3s]
  ep  37: loss=0.6720  test_acc=74.74%  (best 75.61 @ ep 36)  [8.1s]
  ep  38: loss=0.6672  test_acc=75.50%  (best 75.61 @ ep 36)  [8.1s]
  ep  39: loss=0.6642  test_acc=73.79%  (best 75.61 @ ep 36)  [8.6s]
  ep  40: loss=0.6480  test_acc=75.79%  (best 75.79 @ ep 40)  [8.4s]
  ep  41: loss=0.6583  test_acc=77.09%  (best 77.09 @ ep 41)  [8.0s]
  ep  42: loss=0.6471  test_acc=73.42%  (best 77.09 @ ep 41)  [8.0s]
  ep  43: loss=0.6383  test_acc=69.92%  (best 77.09 @ ep 41)  [8.3s]
  ep  44: loss=0.6313  test_acc=78.05%  (best 78.05 @ ep 44)  [8.5s]
  ep  45: loss=0.6277  test_acc=77.22%  (best 78.05 @ ep 44)  [8.0s]
  ep  46: loss=0.6219  test_acc=75.88%  (best 78.05 @ ep 44)  [7.9s]
  ep  47: loss=0.6173  test_acc=78.45%  (best 78.45 @ ep 47)  [8.7s]
  ep  48: loss=0.6032  test_acc=75.77%  (best 78.45 @ ep 47)  [8.2s]
  ep  49: loss=0.5951  test_acc=76.59%  (best 78.45 @ ep 47)  [8.6s]
  ep  50: loss=0.6008  test_acc=77.05%  (best 78.45 @ ep 47)  [10.7s]  [logged per-sample loss: mean=0.592]
  ep  51: loss=0.5793  test_acc=73.28%  (best 78.45 @ ep 47)  [8.2s]
  ep  52: loss=0.5764  test_acc=76.40%  (best 78.45 @ ep 47)  [8.4s]
  ep  53: loss=0.5643  test_acc=77.90%  (best 78.45 @ ep 47)  [8.0s]
  ep  54: loss=0.5701  test_acc=74.50%  (best 78.45 @ ep 47)  [8.4s]
  ep  55: loss=0.5590  test_acc=79.05%  (best 79.05 @ ep 55)  [8.4s]
  ep  56: loss=0.5429  test_acc=75.38%  (best 79.05 @ ep 55)  [8.3s]
  ep  57: loss=0.5402  test_acc=75.91%  (best 79.05 @ ep 55)  [8.2s]
  ep  58: loss=0.5338  test_acc=75.49%  (best 79.05 @ ep 55)  [8.6s]
  ep  59: loss=0.5230  test_acc=76.46%  (best 79.05 @ ep 55)  [8.3s]
  ep  60: loss=0.5126  test_acc=78.75%  (best 79.05 @ ep 55)  [7.7s]
  ep  61: loss=0.5123  test_acc=77.78%  (best 79.05 @ ep 55)  [8.3s]
  ep  62: loss=0.4898  test_acc=78.98%  (best 79.05 @ ep 55)  [8.4s]
  ep  63: loss=0.4863  test_acc=75.96%  (best 79.05 @ ep 55)  [8.4s]
  ep  64: loss=0.4727  test_acc=78.57%  (best 79.05 @ ep 55)  [8.4s]
  ep  65: loss=0.4714  test_acc=76.66%  (best 79.05 @ ep 55)  [8.3s]
  ep  66: loss=0.4582  test_acc=76.37%  (best 79.05 @ ep 55)  [8.4s]
  ep  67: loss=0.4394  test_acc=76.40%  (best 79.05 @ ep 55)  [8.1s]
  ep  68: loss=0.4264  test_acc=78.23%  (best 79.05 @ ep 55)  [8.2s]
  ep  69: loss=0.4214  test_acc=78.92%  (best 79.05 @ ep 55)  [8.5s]
  ep  70: loss=0.4006  test_acc=76.64%  (best 79.05 @ ep 55)  [8.3s]
  ep  71: loss=0.3983  test_acc=78.16%  (best 79.05 @ ep 55)  [9.0s]
  ep  72: loss=0.3841  test_acc=75.91%  (best 79.05 @ ep 55)  [8.7s]
  ep  73: loss=0.3692  test_acc=80.62%  (best 80.62 @ ep 73)  [9.4s]
  ep  74: loss=0.3522  test_acc=78.55%  (best 80.62 @ ep 73)  [8.7s]
  ep  75: loss=0.3414  test_acc=77.58%  (best 80.62 @ ep 73)  [11.7s]  [logged per-sample loss: mean=0.317]
  ep  76: loss=0.3271  test_acc=79.60%  (best 80.62 @ ep 73)  [9.1s]
  ep  77: loss=0.3080  test_acc=78.53%  (best 80.62 @ ep 73)  [9.6s]
  ep  78: loss=0.3038  test_acc=77.46%  (best 80.62 @ ep 73)  [3.5s]
  ep  79: loss=0.2861  test_acc=79.18%  (best 80.62 @ ep 73)  [3.6s]
  ep  80: loss=0.2723  test_acc=77.60%  (best 80.62 @ ep 73)  [3.7s]
  ep  81: loss=0.2495  test_acc=79.14%  (best 80.62 @ ep 73)  [3.8s]
  ep  82: loss=0.2409  test_acc=79.68%  (best 80.62 @ ep 73)  [3.8s]
  ep  83: loss=0.2250  test_acc=79.25%  (best 80.62 @ ep 73)  [3.7s]
  ep  84: loss=0.2107  test_acc=78.20%  (best 80.62 @ ep 73)  [3.9s]
  ep  85: loss=0.1991  test_acc=78.52%  (best 80.62 @ ep 73)  [3.6s]
  ep  86: loss=0.1877  test_acc=79.07%  (best 80.62 @ ep 73)  [3.8s]
  ep  87: loss=0.1742  test_acc=79.15%  (best 80.62 @ ep 73)  [3.9s]
  ep  88: loss=0.1682  test_acc=79.32%  (best 80.62 @ ep 73)  [3.6s]
  ep  89: loss=0.1571  test_acc=79.24%  (best 80.62 @ ep 73)  [3.8s]
  ep  90: loss=0.1466  test_acc=79.89%  (best 80.62 @ ep 73)  [3.5s]
  ep  91: loss=0.1423  test_acc=79.70%  (best 80.62 @ ep 73)  [3.5s]
  ep  92: loss=0.1370  test_acc=79.23%  (best 80.62 @ ep 73)  [3.8s]
  ep  93: loss=0.1274  test_acc=79.62%  (best 80.62 @ ep 73)  [3.6s]
  ep  94: loss=0.1260  test_acc=79.77%  (best 80.62 @ ep 73)  [5.8s]
  ep  95: loss=0.1207  test_acc=79.48%  (best 80.62 @ ep 73)  [7.8s]
  ep  96: loss=0.1200  test_acc=79.43%  (best 80.62 @ ep 73)  [7.8s]
  ep  97: loss=0.1202  test_acc=79.28%  (best 80.62 @ ep 73)  [8.3s]
  ep  98: loss=0.1146  test_acc=79.27%  (best 80.62 @ ep 73)  [9.1s]
  ep  99: loss=0.1176  test_acc=79.48%  (best 80.62 @ ep 73)  [5.5s]  [logged per-sample loss: mean=0.089]

saved /path/to/ciln-workspace/journal_edition/robustness_transfer/results_v4/erm/ours_v2_clean__elastic_transform_sev3__seed0.json: best 80.62% @ ep 73
