condition=ours_v2_noisy__defocus_blur_sev1 seed=2 gpu=2
/path/to/ciln-workspace/venv/lib/python3.12/site-packages/torchvision/datasets/cifar.py:83: VisibleDeprecationWarning: dtype(): align should be passed as Python or NumPy boolean but got `align=0`. Did you mean to pass a tuple to create a subarray type? (Deprecated NumPy 2.4)
  entry = pickle.load(f, encoding="latin1")
image_source=noisy  N_train=22500  noise_rate=8.62%
  ep   0: acc1=31.85%  acc2=46.46%  ens=39.16%  (best 39.16 @ ep 0)  [8.2s]
  ep   1: acc1=47.95%  acc2=46.28%  ens=47.11%  (best 47.11 @ ep 1)  [7.3s]
  ep   2: acc1=57.19%  acc2=51.80%  ens=54.50%  (best 54.50 @ ep 2)  [7.6s]
  ep   3: acc1=62.22%  acc2=63.74%  ens=62.98%  (best 62.98 @ ep 3)  [7.6s]
  ep   4: acc1=61.27%  acc2=61.87%  ens=61.57%  (best 62.98 @ ep 3)  [23.2s]
  ep   5: acc1=59.93%  acc2=66.02%  ens=62.98%  (best 62.98 @ ep 3)  [31.9s]  [w on clean=0.780, on noisy=0.502]
  ep   6: acc1=66.58%  acc2=69.88%  ens=68.23%  (best 68.23 @ ep 6)  [7.3s]
  ep   7: acc1=70.83%  acc2=66.55%  ens=68.69%  (best 68.69 @ ep 7)  [7.7s]
  ep   8: acc1=68.10%  acc2=71.94%  ens=70.02%  (best 70.02 @ ep 8)  [8.0s]
  ep   9: acc1=72.60%  acc2=71.04%  ens=71.82%  (best 71.82 @ ep 9)  [7.4s]
  ep  10: acc1=40.74%  acc2=44.77%  ens=42.75%  (best 71.82 @ ep 9)  [65.1s]  [w on clean=0.667, on noisy=0.416]
  ep  11: acc1=45.00%  acc2=41.19%  ens=43.09%  (best 71.82 @ ep 9)  [32.8s]
  ep  12: acc1=41.40%  acc2=37.63%  ens=39.52%  (best 71.82 @ ep 9)  [38.6s]
  ep  13: acc1=35.76%  acc2=37.77%  ens=36.77%  (best 71.82 @ ep 9)  [36.8s]
  ep  14: acc1=41.43%  acc2=37.17%  ens=39.30%  (best 71.82 @ ep 9)  [48.3s]
  ep  15: acc1=40.51%  acc2=43.36%  ens=41.94%  (best 71.82 @ ep 9)  [66.4s]
  ep  16: acc1=35.89%  acc2=43.89%  ens=39.89%  (best 71.82 @ ep 9)  [42.2s]
  ep  17: acc1=49.35%  acc2=36.06%  ens=42.70%  (best 71.82 @ ep 9)  [112.0s]
  ep  18: acc1=46.31%  acc2=47.92%  ens=47.12%  (best 71.82 @ ep 9)  [38.0s]
  ep  19: acc1=46.52%  acc2=46.15%  ens=46.34%  (best 71.82 @ ep 9)  [218.0s]
  ep  20: acc1=51.22%  acc2=47.02%  ens=49.12%  (best 71.82 @ ep 9)  [39.6s]  [w on clean=0.731, on noisy=0.462]
  ep  21: acc1=45.24%  acc2=44.29%  ens=44.77%  (best 71.82 @ ep 9)  [72.7s]
  ep  22: acc1=47.68%  acc2=43.48%  ens=45.58%  (best 71.82 @ ep 9)  [38.8s]
  ep  23: acc1=45.48%  acc2=44.98%  ens=45.23%  (best 71.82 @ ep 9)  [100.9s]
  ep  24: acc1=40.96%  acc2=43.91%  ens=42.44%  (best 71.82 @ ep 9)  [37.6s]
  ep  25: acc1=44.65%  acc2=43.26%  ens=43.95%  (best 71.82 @ ep 9)  [83.6s]
  ep  26: acc1=46.50%  acc2=40.46%  ens=43.48%  (best 71.82 @ ep 9)  [39.9s]
  ep  27: acc1=45.04%  acc2=46.10%  ens=45.57%  (best 71.82 @ ep 9)  [38.6s]
  ep  28: acc1=37.12%  acc2=41.52%  ens=39.32%  (best 71.82 @ ep 9)  [136.6s]
  ep  29: acc1=42.22%  acc2=33.95%  ens=38.09%  (best 71.82 @ ep 9)  [38.7s]
  ep  30: acc1=39.41%  acc2=40.20%  ens=39.80%  (best 71.82 @ ep 9)  [54.6s]  [w on clean=0.875, on noisy=0.742]
  ep  31: acc1=42.20%  acc2=37.38%  ens=39.79%  (best 71.82 @ ep 9)  [67.8s]
  ep  32: acc1=49.29%  acc2=44.68%  ens=46.98%  (best 71.82 @ ep 9)  [42.7s]
  ep  33: acc1=42.07%  acc2=41.35%  ens=41.71%  (best 71.82 @ ep 9)  [102.5s]
  ep  34: acc1=44.62%  acc2=45.19%  ens=44.91%  (best 71.82 @ ep 9)  [49.5s]
  ep  35: acc1=50.01%  acc2=50.85%  ens=50.43%  (best 71.82 @ ep 9)  [79.8s]
  ep  36: acc1=48.35%  acc2=41.22%  ens=44.78%  (best 71.82 @ ep 9)  [66.1s]
  ep  37: acc1=44.30%  acc2=42.63%  ens=43.46%  (best 71.82 @ ep 9)  [42.0s]
  ep  38: acc1=49.38%  acc2=48.83%  ens=49.10%  (best 71.82 @ ep 9)  [123.4s]
  ep  39: acc1=40.59%  acc2=43.29%  ens=41.94%  (best 71.82 @ ep 9)  [47.2s]
  ep  40: acc1=47.89%  acc2=44.65%  ens=46.27%  (best 71.82 @ ep 9)  [41.7s]
  ep  41: acc1=54.99%  acc2=47.80%  ens=51.40%  (best 71.82 @ ep 9)  [133.3s]
  ep  42: acc1=53.18%  acc2=47.95%  ens=50.57%  (best 71.82 @ ep 9)  [47.9s]
  ep  43: acc1=53.85%  acc2=48.44%  ens=51.14%  (best 71.82 @ ep 9)  [110.1s]
  ep  44: acc1=50.86%  acc2=53.31%  ens=52.09%  (best 71.82 @ ep 9)  [57.7s]
  ep  45: acc1=54.48%  acc2=51.62%  ens=53.05%  (best 71.82 @ ep 9)  [41.3s]
  ep  46: acc1=53.37%  acc2=54.69%  ens=54.03%  (best 71.82 @ ep 9)  [47.2s]
  ep  47: acc1=52.98%  acc2=50.22%  ens=51.60%  (best 71.82 @ ep 9)  [55.5s]
  ep  48: acc1=56.84%  acc2=52.86%  ens=54.85%  (best 71.82 @ ep 9)  [42.6s]
  ep  49: acc1=56.68%  acc2=55.56%  ens=56.12%  (best 71.82 @ ep 9)  [250.0s]
  ep  50: acc1=55.79%  acc2=50.26%  ens=53.02%  (best 71.82 @ ep 9)  [45.8s]  [w on clean=0.904, on noisy=0.808]
  ep  51: acc1=58.35%  acc2=52.35%  ens=55.35%  (best 71.82 @ ep 9)  [80.1s]
  ep  52: acc1=55.10%  acc2=54.75%  ens=54.93%  (best 71.82 @ ep 9)  [125.8s]
  ep  53: acc1=54.32%  acc2=54.76%  ens=54.54%  (best 71.82 @ ep 9)  [42.8s]
  ep  54: acc1=56.41%  acc2=55.21%  ens=55.81%  (best 71.82 @ ep 9)  [184.1s]
  ep  55: acc1=55.98%  acc2=55.21%  ens=55.59%  (best 71.82 @ ep 9)  [43.4s]
  ep  56: acc1=53.01%  acc2=54.30%  ens=53.66%  (best 71.82 @ ep 9)  [53.0s]
  ep  57: acc1=50.82%  acc2=56.53%  ens=53.68%  (best 71.82 @ ep 9)  [139.5s]
  ep  58: acc1=56.46%  acc2=50.82%  ens=53.64%  (best 71.82 @ ep 9)  [43.7s]
  ep  59: acc1=55.14%  acc2=52.96%  ens=54.05%  (best 71.82 @ ep 9)  [295.7s]
  ep  60: acc1=56.75%  acc2=50.31%  ens=53.53%  (best 71.82 @ ep 9)  [42.9s]
  ep  61: acc1=57.62%  acc2=55.43%  ens=56.53%  (best 71.82 @ ep 9)  [47.5s]
  ep  62: acc1=54.44%  acc2=59.94%  ens=57.19%  (best 71.82 @ ep 9)  [214.9s]
  ep  63: acc1=55.98%  acc2=55.23%  ens=55.60%  (best 71.82 @ ep 9)  [191.1s]
  ep  64: acc1=60.65%  acc2=54.45%  ens=57.55%  (best 71.82 @ ep 9)  [94.8s]
  ep  65: acc1=54.61%  acc2=55.81%  ens=55.21%  (best 71.82 @ ep 9)  [43.0s]
  ep  66: acc1=57.46%  acc2=56.91%  ens=57.18%  (best 71.82 @ ep 9)  [44.4s]
  ep  67: acc1=56.55%  acc2=59.15%  ens=57.85%  (best 71.82 @ ep 9)  [42.0s]
  ep  68: acc1=58.73%  acc2=56.70%  ens=57.72%  (best 71.82 @ ep 9)  [42.3s]
  ep  69: acc1=57.52%  acc2=56.46%  ens=56.99%  (best 71.82 @ ep 9)  [224.6s]
  ep  70: acc1=57.63%  acc2=59.68%  ens=58.66%  (best 71.82 @ ep 9)  [41.3s]
  ep  71: acc1=58.10%  acc2=57.58%  ens=57.84%  (best 71.82 @ ep 9)  [45.8s]
  ep  72: acc1=56.01%  acc2=57.33%  ens=56.67%  (best 71.82 @ ep 9)  [79.0s]
  ep  73: acc1=56.63%  acc2=56.85%  ens=56.74%  (best 71.82 @ ep 9)  [43.0s]
  ep  74: acc1=58.80%  acc2=59.97%  ens=59.38%  (best 71.82 @ ep 9)  [194.0s]
  ep  75: acc1=58.98%  acc2=60.35%  ens=59.66%  (best 71.82 @ ep 9)  [49.0s]  [w on clean=0.905, on noisy=0.811]
  ep  76: acc1=59.47%  acc2=58.17%  ens=58.82%  (best 71.82 @ ep 9)  [45.8s]
  ep  77: acc1=58.94%  acc2=57.35%  ens=58.15%  (best 71.82 @ ep 9)  [55.5s]
  ep  78: acc1=58.56%  acc2=59.57%  ens=59.06%  (best 71.82 @ ep 9)  [43.9s]
  ep  79: acc1=58.98%  acc2=60.28%  ens=59.63%  (best 71.82 @ ep 9)  [179.0s]
  ep  80: acc1=59.46%  acc2=58.80%  ens=59.13%  (best 71.82 @ ep 9)  [42.1s]
  ep  81: acc1=57.23%  acc2=59.56%  ens=58.39%  (best 71.82 @ ep 9)  [42.6s]
  ep  82: acc1=59.67%  acc2=59.90%  ens=59.78%  (best 71.82 @ ep 9)  [154.4s]
  ep  83: acc1=59.46%  acc2=59.78%  ens=59.62%  (best 71.82 @ ep 9)  [42.7s]
  ep  84: acc1=59.82%  acc2=59.65%  ens=59.74%  (best 71.82 @ ep 9)  [73.3s]
  ep  85: acc1=60.38%  acc2=59.86%  ens=60.12%  (best 71.82 @ ep 9)  [51.3s]
  ep  86: acc1=60.34%  acc2=60.91%  ens=60.62%  (best 71.82 @ ep 9)  [43.9s]
  ep  87: acc1=59.60%  acc2=59.64%  ens=59.62%  (best 71.82 @ ep 9)  [49.9s]
  ep  88: acc1=58.16%  acc2=60.00%  ens=59.08%  (best 71.82 @ ep 9)  [51.4s]
  ep  89: acc1=59.91%  acc2=60.47%  ens=60.19%  (best 71.82 @ ep 9)  [43.5s]
  ep  90: acc1=60.77%  acc2=60.75%  ens=60.76%  (best 71.82 @ ep 9)  [167.3s]
  ep  91: acc1=60.34%  acc2=61.22%  ens=60.78%  (best 71.82 @ ep 9)  [46.5s]
  ep  92: acc1=60.55%  acc2=60.89%  ens=60.72%  (best 71.82 @ ep 9)  [43.4s]
  ep  93: acc1=60.65%  acc2=60.71%  ens=60.68%  (best 71.82 @ ep 9)  [87.6s]
  ep  94: acc1=59.95%  acc2=60.60%  ens=60.27%  (best 71.82 @ ep 9)  [45.4s]
  ep  95: acc1=60.58%  acc2=61.16%  ens=60.87%  (best 71.82 @ ep 9)  [42.9s]
  ep  96: acc1=60.49%  acc2=60.38%  ens=60.43%  (best 71.82 @ ep 9)  [72.5s]
  ep  97: acc1=60.24%  acc2=60.77%  ens=60.51%  (best 71.82 @ ep 9)  [168.5s]
  ep  98: acc1=60.44%  acc2=60.95%  ens=60.70%  (best 71.82 @ ep 9)  [41.9s]
  ep  99: acc1=61.06%  acc2=60.56%  ens=60.81%  (best 71.82 @ ep 9)  [57.6s]  [w on clean=0.905, on noisy=0.810]

saved /path/to/ciln-workspace/journal_edition/robustness_transfer/results_v4/dividemix/ours_v2_noisy__defocus_blur_sev1__seed2.json: best ens-acc 71.82% @ ep 9
