condition=ours_v2_clean__pixelate_sev5 seed=1 gpu=1
/path/to/ciln-workspace/venv/lib/python3.12/site-packages/torchvision/datasets/cifar.py:83: VisibleDeprecationWarning: dtype(): align should be passed as Python or NumPy boolean but got `align=0`. Did you mean to pass a tuple to create a subarray type? (Deprecated NumPy 2.4)
  entry = pickle.load(f, encoding="latin1")
image_source=clean  N=22500  noise_rate=58.23%
  ep   0: loss=1.6861  test_acc=21.18%  (best 21.18 @ ep 0)  [4.4s]
  ep   1: loss=1.5221  test_acc=25.87%  (best 25.87 @ ep 1)  [3.5s]
  ep   2: loss=1.4331  test_acc=32.90%  (best 32.90 @ ep 2)  [3.8s]
  ep   3: loss=1.3881  test_acc=26.95%  (best 32.90 @ ep 2)  [3.6s]
  ep   4: loss=1.3564  test_acc=27.60%  (best 32.90 @ ep 2)  [3.6s]
  ep   5: loss=1.3248  test_acc=27.58%  (best 32.90 @ ep 2)  [5.3s]  [logged per-sample loss: mean=1.310]
  ep   6: loss=1.3115  test_acc=28.61%  (best 32.90 @ ep 2)  [3.8s]
  ep   7: loss=1.2880  test_acc=33.43%  (best 33.43 @ ep 7)  [3.7s]
  ep   8: loss=1.2774  test_acc=28.30%  (best 33.43 @ ep 7)  [3.7s]
  ep   9: loss=1.2710  test_acc=34.52%  (best 34.52 @ ep 9)  [3.7s]
  ep  10: loss=1.2524  test_acc=36.26%  (best 36.26 @ ep 10)  [5.7s]  [logged per-sample loss: mean=1.268]
  ep  11: loss=1.2460  test_acc=31.17%  (best 36.26 @ ep 10)  [7.0s]
  ep  12: loss=1.2456  test_acc=31.15%  (best 36.26 @ ep 10)  [3.6s]
  ep  13: loss=1.2312  test_acc=35.09%  (best 36.26 @ ep 10)  [3.5s]
  ep  14: loss=1.2287  test_acc=37.09%  (best 37.09 @ ep 14)  [4.0s]
  ep  15: loss=1.2174  test_acc=32.29%  (best 37.09 @ ep 14)  [3.6s]
  ep  16: loss=1.2157  test_acc=33.08%  (best 37.09 @ ep 14)  [3.6s]
  ep  17: loss=1.2042  test_acc=31.07%  (best 37.09 @ ep 14)  [3.6s]
  ep  18: loss=1.2135  test_acc=38.05%  (best 38.05 @ ep 18)  [3.6s]
  ep  19: loss=1.1934  test_acc=32.13%  (best 38.05 @ ep 18)  [3.7s]
  ep  20: loss=1.1921  test_acc=40.03%  (best 40.03 @ ep 20)  [5.4s]  [logged per-sample loss: mean=1.225]
  ep  21: loss=1.1877  test_acc=39.06%  (best 40.03 @ ep 20)  [3.5s]
  ep  22: loss=1.1829  test_acc=38.77%  (best 40.03 @ ep 20)  [3.7s]
  ep  23: loss=1.1785  test_acc=39.55%  (best 40.03 @ ep 20)  [3.5s]
  ep  24: loss=1.1723  test_acc=37.65%  (best 40.03 @ ep 20)  [3.6s]
  ep  25: loss=1.1729  test_acc=39.12%  (best 40.03 @ ep 20)  [3.6s]
  ep  26: loss=1.1666  test_acc=32.26%  (best 40.03 @ ep 20)  [3.6s]
  ep  27: loss=1.1596  test_acc=38.45%  (best 40.03 @ ep 20)  [3.7s]
  ep  28: loss=1.1553  test_acc=40.38%  (best 40.38 @ ep 28)  [6.1s]
  ep  29: loss=1.1592  test_acc=38.93%  (best 40.38 @ ep 28)  [8.0s]
  ep  30: loss=1.1519  test_acc=34.41%  (best 40.38 @ ep 28)  [11.3s]  [logged per-sample loss: mean=1.209]
  ep  31: loss=1.1431  test_acc=42.82%  (best 42.82 @ ep 31)  [9.0s]
  ep  32: loss=1.1362  test_acc=37.84%  (best 42.82 @ ep 31)  [8.3s]
  ep  33: loss=1.1364  test_acc=36.14%  (best 42.82 @ ep 31)  [8.5s]
  ep  34: loss=1.1377  test_acc=42.20%  (best 42.82 @ ep 31)  [7.9s]
  ep  35: loss=1.1235  test_acc=34.43%  (best 42.82 @ ep 31)  [8.3s]
  ep  36: loss=1.1261  test_acc=39.11%  (best 42.82 @ ep 31)  [7.9s]
  ep  37: loss=1.1147  test_acc=41.90%  (best 42.82 @ ep 31)  [7.8s]
  ep  38: loss=1.1170  test_acc=37.89%  (best 42.82 @ ep 31)  [8.0s]
  ep  39: loss=1.1123  test_acc=41.53%  (best 42.82 @ ep 31)  [7.9s]
  ep  40: loss=1.1069  test_acc=39.28%  (best 42.82 @ ep 31)  [8.0s]
  ep  41: loss=1.1061  test_acc=41.01%  (best 42.82 @ ep 31)  [8.1s]
  ep  42: loss=1.1017  test_acc=39.23%  (best 42.82 @ ep 31)  [8.4s]
  ep  43: loss=1.0873  test_acc=32.98%  (best 42.82 @ ep 31)  [8.1s]
  ep  44: loss=1.0913  test_acc=34.68%  (best 42.82 @ ep 31)  [8.0s]
  ep  45: loss=1.0883  test_acc=35.61%  (best 42.82 @ ep 31)  [8.2s]
  ep  46: loss=1.0799  test_acc=37.89%  (best 42.82 @ ep 31)  [8.2s]
  ep  47: loss=1.0792  test_acc=36.62%  (best 42.82 @ ep 31)  [8.2s]
  ep  48: loss=1.0693  test_acc=38.39%  (best 42.82 @ ep 31)  [8.4s]
  ep  49: loss=1.0671  test_acc=39.67%  (best 42.82 @ ep 31)  [8.2s]
  ep  50: loss=1.0584  test_acc=45.66%  (best 45.66 @ ep 50)  [11.4s]  [logged per-sample loss: mean=1.178]
  ep  51: loss=1.0572  test_acc=37.00%  (best 45.66 @ ep 50)  [8.2s]
  ep  52: loss=1.0494  test_acc=36.95%  (best 45.66 @ ep 50)  [8.2s]
  ep  53: loss=1.0450  test_acc=38.90%  (best 45.66 @ ep 50)  [8.2s]
  ep  54: loss=1.0339  test_acc=38.11%  (best 45.66 @ ep 50)  [7.9s]
  ep  55: loss=1.0311  test_acc=47.64%  (best 47.64 @ ep 55)  [8.5s]
  ep  56: loss=1.0288  test_acc=40.79%  (best 47.64 @ ep 55)  [8.1s]
  ep  57: loss=1.0201  test_acc=39.86%  (best 47.64 @ ep 55)  [8.2s]
  ep  58: loss=1.0123  test_acc=43.65%  (best 47.64 @ ep 55)  [8.2s]
  ep  59: loss=1.0004  test_acc=37.62%  (best 47.64 @ ep 55)  [7.8s]
  ep  60: loss=0.9971  test_acc=39.77%  (best 47.64 @ ep 55)  [3.6s]
  ep  61: loss=0.9911  test_acc=45.43%  (best 47.64 @ ep 55)  [3.6s]
  ep  62: loss=0.9768  test_acc=41.36%  (best 47.64 @ ep 55)  [3.7s]
  ep  63: loss=0.9716  test_acc=35.88%  (best 47.64 @ ep 55)  [4.0s]
  ep  64: loss=0.9666  test_acc=36.53%  (best 47.64 @ ep 55)  [3.6s]
  ep  65: loss=0.9495  test_acc=40.45%  (best 47.64 @ ep 55)  [3.6s]
  ep  66: loss=0.9470  test_acc=38.67%  (best 47.64 @ ep 55)  [3.6s]
  ep  67: loss=0.9319  test_acc=38.73%  (best 47.64 @ ep 55)  [3.6s]
  ep  68: loss=0.9318  test_acc=39.48%  (best 47.64 @ ep 55)  [3.7s]
  ep  69: loss=0.9157  test_acc=42.93%  (best 47.64 @ ep 55)  [3.7s]
  ep  70: loss=0.8967  test_acc=37.08%  (best 47.64 @ ep 55)  [3.9s]
  ep  71: loss=0.8882  test_acc=42.54%  (best 47.64 @ ep 55)  [3.5s]
  ep  72: loss=0.8726  test_acc=40.98%  (best 47.64 @ ep 55)  [3.5s]
  ep  73: loss=0.8622  test_acc=42.88%  (best 47.64 @ ep 55)  [3.6s]
  ep  74: loss=0.8495  test_acc=42.39%  (best 47.64 @ ep 55)  [3.7s]
  ep  75: loss=0.8391  test_acc=41.73%  (best 47.64 @ ep 55)  [5.5s]  [logged per-sample loss: mean=0.795]
  ep  76: loss=0.8208  test_acc=39.90%  (best 47.64 @ ep 55)  [8.0s]
  ep  77: loss=0.7988  test_acc=39.36%  (best 47.64 @ ep 55)  [8.5s]
  ep  78: loss=0.7869  test_acc=41.29%  (best 47.64 @ ep 55)  [8.1s]
  ep  79: loss=0.7771  test_acc=38.41%  (best 47.64 @ ep 55)  [8.0s]
  ep  80: loss=0.7561  test_acc=37.42%  (best 47.64 @ ep 55)  [8.1s]
  ep  81: loss=0.7372  test_acc=46.31%  (best 47.64 @ ep 55)  [7.8s]
  ep  82: loss=0.7171  test_acc=42.95%  (best 47.64 @ ep 55)  [7.7s]
  ep  83: loss=0.7026  test_acc=42.28%  (best 47.64 @ ep 55)  [8.0s]
  ep  84: loss=0.6766  test_acc=40.76%  (best 47.64 @ ep 55)  [7.9s]
  ep  85: loss=0.6614  test_acc=42.13%  (best 47.64 @ ep 55)  [8.3s]
  ep  86: loss=0.6372  test_acc=39.42%  (best 47.64 @ ep 55)  [8.6s]
  ep  87: loss=0.6215  test_acc=39.80%  (best 47.64 @ ep 55)  [8.2s]
  ep  88: loss=0.5929  test_acc=39.82%  (best 47.64 @ ep 55)  [8.2s]
  ep  89: loss=0.5766  test_acc=40.67%  (best 47.64 @ ep 55)  [8.3s]
  ep  90: loss=0.5612  test_acc=39.91%  (best 47.64 @ ep 55)  [8.6s]
  ep  91: loss=0.5397  test_acc=40.38%  (best 47.64 @ ep 55)  [11.0s]
  ep  92: loss=0.5264  test_acc=40.24%  (best 47.64 @ ep 55)  [9.2s]
  ep  93: loss=0.5099  test_acc=41.72%  (best 47.64 @ ep 55)  [4.3s]
  ep  94: loss=0.5056  test_acc=40.64%  (best 47.64 @ ep 55)  [3.6s]
  ep  95: loss=0.4934  test_acc=41.01%  (best 47.64 @ ep 55)  [3.5s]
  ep  96: loss=0.4818  test_acc=40.88%  (best 47.64 @ ep 55)  [3.5s]
  ep  97: loss=0.4779  test_acc=40.47%  (best 47.64 @ ep 55)  [3.7s]
  ep  98: loss=0.4736  test_acc=40.57%  (best 47.64 @ ep 55)  [3.5s]
  ep  99: loss=0.4724  test_acc=40.22%  (best 47.64 @ ep 55)  [5.3s]  [logged per-sample loss: mean=0.411]

saved /path/to/ciln-workspace/journal_edition/robustness_transfer/results_v4/erm/ours_v2_clean__pixelate_sev5__seed1.json: best 47.64% @ ep 55
