condition=ours_v2_clean__gaussian_noise_sev3 seed=0 gpu=1
/path/to/ciln-workspace/venv/lib/python3.12/site-packages/torchvision/datasets/cifar.py:83: VisibleDeprecationWarning: dtype(): align should be passed as Python or NumPy boolean but got `align=0`. Did you mean to pass a tuple to create a subarray type? (Deprecated NumPy 2.4)
  entry = pickle.load(f, encoding="latin1")
image_source=clean  N=22500  noise_rate=48.86%
  ep   0: R(t)=1.000  acc1=17.50%  acc2=15.16%  ens=16.33%  (best 16.33 @ ep 0)  [7.6s]
  ep   1: R(t)=0.845  acc1=28.20%  acc2=29.66%  ens=28.93%  (best 28.93 @ ep 1)  [6.5s]
  ep   2: R(t)=0.781  acc1=28.45%  acc2=29.85%  ens=29.15%  (best 29.15 @ ep 2)  [6.4s]
  ep   3: R(t)=0.732  acc1=19.10%  acc2=19.92%  ens=19.51%  (best 29.15 @ ep 2)  [6.5s]
  ep   4: R(t)=0.691  acc1=25.34%  acc2=23.14%  ens=24.24%  (best 29.15 @ ep 2)  [6.3s]
  ep   5: R(t)=0.654  acc1=24.30%  acc2=29.62%  ens=26.96%  (best 29.15 @ ep 2)  [9.8s]  [sel1+2: prec=0.484, recall_clean=0.649]
  ep   6: R(t)=0.622  acc1=38.21%  acc2=38.74%  ens=38.48%  (best 38.48 @ ep 6)  [6.5s]
  ep   7: R(t)=0.591  acc1=32.66%  acc2=23.02%  ens=27.84%  (best 38.48 @ ep 6)  [14.1s]
  ep   8: R(t)=0.563  acc1=37.66%  acc2=35.12%  ens=36.39%  (best 38.48 @ ep 6)  [18.3s]
  ep   9: R(t)=0.536  acc1=33.86%  acc2=34.36%  ens=34.11%  (best 38.48 @ ep 6)  [17.4s]
  ep  10: R(t)=0.511  acc1=31.10%  acc2=32.83%  ens=31.96%  (best 38.48 @ ep 6)  [23.9s]  [sel1+2: prec=0.527, recall_clean=0.561]
  ep  11: R(t)=0.511  acc1=28.90%  acc2=38.47%  ens=33.68%  (best 38.48 @ ep 6)  [17.7s]
  ep  12: R(t)=0.511  acc1=27.66%  acc2=30.55%  ens=29.11%  (best 38.48 @ ep 6)  [17.2s]
  ep  13: R(t)=0.511  acc1=26.63%  acc2=29.79%  ens=28.21%  (best 38.48 @ ep 6)  [18.4s]
  ep  14: R(t)=0.511  acc1=32.20%  acc2=28.72%  ens=30.46%  (best 38.48 @ ep 6)  [17.3s]
  ep  15: R(t)=0.511  acc1=36.39%  acc2=38.12%  ens=37.26%  (best 38.48 @ ep 6)  [6.6s]
  ep  16: R(t)=0.511  acc1=39.47%  acc2=36.82%  ens=38.15%  (best 38.48 @ ep 6)  [6.1s]
  ep  17: R(t)=0.511  acc1=41.23%  acc2=37.51%  ens=39.37%  (best 39.37 @ ep 17)  [6.3s]
  ep  18: R(t)=0.511  acc1=38.20%  acc2=31.74%  ens=34.97%  (best 39.37 @ ep 17)  [6.5s]
  ep  19: R(t)=0.511  acc1=29.31%  acc2=30.44%  ens=29.88%  (best 39.37 @ ep 17)  [6.3s]
  ep  20: R(t)=0.511  acc1=34.13%  acc2=40.12%  ens=37.12%  (best 39.37 @ ep 17)  [10.5s]  [sel1+2: prec=0.556, recall_clean=0.586]
  ep  21: R(t)=0.511  acc1=35.69%  acc2=36.47%  ens=36.08%  (best 39.37 @ ep 17)  [6.7s]
  ep  22: R(t)=0.511  acc1=37.46%  acc2=31.21%  ens=34.34%  (best 39.37 @ ep 17)  [6.6s]
  ep  23: R(t)=0.511  acc1=35.44%  acc2=34.85%  ens=35.14%  (best 39.37 @ ep 17)  [6.5s]
  ep  24: R(t)=0.511  acc1=44.39%  acc2=43.93%  ens=44.16%  (best 44.16 @ ep 24)  [18.7s]
  ep  25: R(t)=0.511  acc1=24.98%  acc2=32.13%  ens=28.55%  (best 44.16 @ ep 24)  [17.9s]
  ep  26: R(t)=0.511  acc1=29.21%  acc2=35.25%  ens=32.23%  (best 44.16 @ ep 24)  [18.9s]
  ep  27: R(t)=0.511  acc1=31.07%  acc2=34.15%  ens=32.61%  (best 44.16 @ ep 24)  [19.0s]
  ep  28: R(t)=0.511  acc1=35.37%  acc2=37.92%  ens=36.65%  (best 44.16 @ ep 24)  [18.5s]
  ep  29: R(t)=0.511  acc1=32.33%  acc2=39.53%  ens=35.93%  (best 44.16 @ ep 24)  [17.7s]
  ep  30: R(t)=0.511  acc1=37.51%  acc2=32.91%  ens=35.21%  (best 44.16 @ ep 24)  [24.4s]  [sel1+2: prec=0.552, recall_clean=0.583]
  ep  31: R(t)=0.511  acc1=32.79%  acc2=35.16%  ens=33.98%  (best 44.16 @ ep 24)  [17.6s]
  ep  32: R(t)=0.511  acc1=34.40%  acc2=42.65%  ens=38.52%  (best 44.16 @ ep 24)  [18.5s]
  ep  33: R(t)=0.511  acc1=38.28%  acc2=40.35%  ens=39.31%  (best 44.16 @ ep 24)  [17.3s]
  ep  34: R(t)=0.511  acc1=44.13%  acc2=46.10%  ens=45.12%  (best 45.12 @ ep 34)  [17.7s]
  ep  35: R(t)=0.511  acc1=36.45%  acc2=40.27%  ens=38.36%  (best 45.12 @ ep 34)  [18.1s]
  ep  36: R(t)=0.511  acc1=35.58%  acc2=40.39%  ens=37.98%  (best 45.12 @ ep 34)  [17.9s]
  ep  37: R(t)=0.511  acc1=32.85%  acc2=33.62%  ens=33.24%  (best 45.12 @ ep 34)  [17.3s]
  ep  38: R(t)=0.511  acc1=33.26%  acc2=37.34%  ens=35.30%  (best 45.12 @ ep 34)  [19.4s]
  ep  39: R(t)=0.511  acc1=41.85%  acc2=38.02%  ens=39.93%  (best 45.12 @ ep 34)  [17.1s]
  ep  40: R(t)=0.511  acc1=31.96%  acc2=36.39%  ens=34.17%  (best 45.12 @ ep 34)  [18.2s]
  ep  41: R(t)=0.511  acc1=40.85%  acc2=42.44%  ens=41.64%  (best 45.12 @ ep 34)  [17.1s]
  ep  42: R(t)=0.511  acc1=36.92%  acc2=38.47%  ens=37.70%  (best 45.12 @ ep 34)  [17.3s]
  ep  43: R(t)=0.511  acc1=38.41%  acc2=41.24%  ens=39.83%  (best 45.12 @ ep 34)  [16.9s]
  ep  44: R(t)=0.511  acc1=27.51%  acc2=35.00%  ens=31.25%  (best 45.12 @ ep 34)  [16.3s]
  ep  45: R(t)=0.511  acc1=37.84%  acc2=35.77%  ens=36.80%  (best 45.12 @ ep 34)  [18.3s]
  ep  46: R(t)=0.511  acc1=36.28%  acc2=38.27%  ens=37.28%  (best 45.12 @ ep 34)  [17.1s]
  ep  47: R(t)=0.511  acc1=36.97%  acc2=39.71%  ens=38.34%  (best 45.12 @ ep 34)  [17.2s]
  ep  48: R(t)=0.511  acc1=40.96%  acc2=42.00%  ens=41.48%  (best 45.12 @ ep 34)  [18.3s]
  ep  49: R(t)=0.511  acc1=33.56%  acc2=36.76%  ens=35.16%  (best 45.12 @ ep 34)  [16.8s]
  ep  50: R(t)=0.511  acc1=39.57%  acc2=39.45%  ens=39.51%  (best 45.12 @ ep 34)  [26.6s]  [sel1+2: prec=0.565, recall_clean=0.593]
  ep  51: R(t)=0.511  acc1=43.62%  acc2=37.99%  ens=40.80%  (best 45.12 @ ep 34)  [19.2s]
  ep  52: R(t)=0.511  acc1=42.16%  acc2=39.73%  ens=40.95%  (best 45.12 @ ep 34)  [18.8s]
  ep  53: R(t)=0.511  acc1=42.21%  acc2=44.91%  ens=43.56%  (best 45.12 @ ep 34)  [17.6s]
  ep  54: R(t)=0.511  acc1=35.53%  acc2=36.40%  ens=35.97%  (best 45.12 @ ep 34)  [18.4s]
  ep  55: R(t)=0.511  acc1=39.12%  acc2=37.17%  ens=38.14%  (best 45.12 @ ep 34)  [17.9s]
  ep  56: R(t)=0.511  acc1=36.33%  acc2=39.03%  ens=37.68%  (best 45.12 @ ep 34)  [17.4s]
  ep  57: R(t)=0.511  acc1=39.27%  acc2=41.14%  ens=40.20%  (best 45.12 @ ep 34)  [17.2s]
  ep  58: R(t)=0.511  acc1=40.91%  acc2=43.15%  ens=42.03%  (best 45.12 @ ep 34)  [17.2s]
  ep  59: R(t)=0.511  acc1=42.31%  acc2=40.01%  ens=41.16%  (best 45.12 @ ep 34)  [6.5s]
  ep  60: R(t)=0.511  acc1=35.00%  acc2=35.40%  ens=35.20%  (best 45.12 @ ep 34)  [6.7s]
  ep  61: R(t)=0.511  acc1=38.42%  acc2=42.31%  ens=40.36%  (best 45.12 @ ep 34)  [6.3s]
  ep  62: R(t)=0.511  acc1=42.54%  acc2=42.52%  ens=42.53%  (best 45.12 @ ep 34)  [6.6s]
  ep  63: R(t)=0.511  acc1=36.59%  acc2=35.03%  ens=35.81%  (best 45.12 @ ep 34)  [6.6s]
  ep  64: R(t)=0.511  acc1=43.07%  acc2=42.91%  ens=42.99%  (best 45.12 @ ep 34)  [6.5s]
  ep  65: R(t)=0.511  acc1=35.70%  acc2=38.75%  ens=37.22%  (best 45.12 @ ep 34)  [6.4s]
  ep  66: R(t)=0.511  acc1=40.38%  acc2=41.34%  ens=40.86%  (best 45.12 @ ep 34)  [6.4s]
  ep  67: R(t)=0.511  acc1=37.35%  acc2=37.50%  ens=37.42%  (best 45.12 @ ep 34)  [6.6s]
  ep  68: R(t)=0.511  acc1=40.19%  acc2=37.53%  ens=38.86%  (best 45.12 @ ep 34)  [13.9s]
  ep  69: R(t)=0.511  acc1=39.29%  acc2=42.95%  ens=41.12%  (best 45.12 @ ep 34)  [16.6s]
  ep  70: R(t)=0.511  acc1=40.60%  acc2=41.65%  ens=41.12%  (best 45.12 @ ep 34)  [18.6s]
  ep  71: R(t)=0.511  acc1=43.73%  acc2=43.18%  ens=43.45%  (best 45.12 @ ep 34)  [16.4s]
  ep  72: R(t)=0.511  acc1=43.82%  acc2=43.51%  ens=43.66%  (best 45.12 @ ep 34)  [17.3s]
  ep  73: R(t)=0.511  acc1=41.10%  acc2=38.53%  ens=39.81%  (best 45.12 @ ep 34)  [17.0s]
  ep  74: R(t)=0.511  acc1=41.95%  acc2=41.28%  ens=41.62%  (best 45.12 @ ep 34)  [18.6s]
  ep  75: R(t)=0.511  acc1=40.93%  acc2=43.90%  ens=42.42%  (best 45.12 @ ep 34)  [13.9s]  [sel1+2: prec=0.590, recall_clean=0.611]
  ep  76: R(t)=0.511  acc1=39.88%  acc2=39.21%  ens=39.54%  (best 45.12 @ ep 34)  [6.5s]
  ep  77: R(t)=0.511  acc1=43.27%  acc2=41.99%  ens=42.63%  (best 45.12 @ ep 34)  [6.7s]
  ep  78: R(t)=0.511  acc1=41.28%  acc2=41.09%  ens=41.19%  (best 45.12 @ ep 34)  [6.5s]
  ep  79: R(t)=0.511  acc1=43.95%  acc2=42.13%  ens=43.04%  (best 45.12 @ ep 34)  [6.4s]
  ep  80: R(t)=0.511  acc1=45.23%  acc2=45.38%  ens=45.30%  (best 45.30 @ ep 80)  [6.6s]
  ep  81: R(t)=0.511  acc1=43.98%  acc2=44.74%  ens=44.36%  (best 45.30 @ ep 80)  [6.5s]
  ep  82: R(t)=0.511  acc1=39.49%  acc2=39.66%  ens=39.57%  (best 45.30 @ ep 80)  [6.8s]
  ep  83: R(t)=0.511  acc1=42.34%  acc2=41.27%  ens=41.81%  (best 45.30 @ ep 80)  [6.4s]
  ep  84: R(t)=0.511  acc1=41.82%  acc2=41.89%  ens=41.85%  (best 45.30 @ ep 80)  [14.4s]
  ep  85: R(t)=0.511  acc1=43.35%  acc2=42.88%  ens=43.12%  (best 45.30 @ ep 80)  [17.8s]
  ep  86: R(t)=0.511  acc1=44.63%  acc2=43.92%  ens=44.27%  (best 45.30 @ ep 80)  [17.3s]
  ep  87: R(t)=0.511  acc1=43.63%  acc2=44.51%  ens=44.07%  (best 45.30 @ ep 80)  [17.7s]
  ep  88: R(t)=0.511  acc1=43.67%  acc2=43.49%  ens=43.58%  (best 45.30 @ ep 80)  [17.2s]
  ep  89: R(t)=0.511  acc1=44.03%  acc2=43.14%  ens=43.59%  (best 45.30 @ ep 80)  [16.8s]
  ep  90: R(t)=0.511  acc1=43.27%  acc2=43.30%  ens=43.28%  (best 45.30 @ ep 80)  [6.5s]
  ep  91: R(t)=0.511  acc1=43.61%  acc2=44.10%  ens=43.85%  (best 45.30 @ ep 80)  [6.6s]
  ep  92: R(t)=0.511  acc1=44.17%  acc2=44.77%  ens=44.47%  (best 45.30 @ ep 80)  [6.5s]
  ep  93: R(t)=0.511  acc1=43.96%  acc2=44.14%  ens=44.05%  (best 45.30 @ ep 80)  [6.5s]
  ep  94: R(t)=0.511  acc1=42.79%  acc2=43.07%  ens=42.93%  (best 45.30 @ ep 80)  [6.4s]
  ep  95: R(t)=0.511  acc1=43.56%  acc2=43.75%  ens=43.66%  (best 45.30 @ ep 80)  [6.6s]
  ep  96: R(t)=0.511  acc1=43.72%  acc2=44.02%  ens=43.87%  (best 45.30 @ ep 80)  [6.6s]
  ep  97: R(t)=0.511  acc1=43.36%  acc2=43.76%  ens=43.56%  (best 45.30 @ ep 80)  [6.4s]
  ep  98: R(t)=0.511  acc1=43.49%  acc2=43.70%  ens=43.59%  (best 45.30 @ ep 80)  [6.5s]
  ep  99: R(t)=0.511  acc1=42.87%  acc2=43.08%  ens=42.98%  (best 45.30 @ ep 80)  [18.4s]  [sel1+2: prec=0.602, recall_clean=0.613]

saved /path/to/ciln-workspace/journal_edition/robustness_transfer/results_v4/coteaching/ours_v2_clean__gaussian_noise_sev3__seed0.json: best ens-acc 45.30% @ ep 80
