condition=ours_v2_noisy__elastic_transform_sev3 seed=2 gpu=2
/path/to/ciln-workspace/venv/lib/python3.12/site-packages/torchvision/datasets/cifar.py:83: VisibleDeprecationWarning: dtype(): align should be passed as Python or NumPy boolean but got `align=0`. Did you mean to pass a tuple to create a subarray type? (Deprecated NumPy 2.4)
  entry = pickle.load(f, encoding="latin1")
image_source=noisy  N_train=22500  noise_rate=17.52%
  ep   0: acc1=39.73%  acc2=35.18%  ens=37.45%  (best 37.45 @ ep 0)  [8.2s]
  ep   1: acc1=48.87%  acc2=43.19%  ens=46.03%  (best 46.03 @ ep 1)  [7.4s]
  ep   2: acc1=47.80%  acc2=47.44%  ens=47.62%  (best 47.62 @ ep 2)  [7.1s]
  ep   3: acc1=54.14%  acc2=56.80%  ens=55.47%  (best 55.47 @ ep 3)  [7.2s]
  ep   4: acc1=53.51%  acc2=55.50%  ens=54.51%  (best 55.47 @ ep 3)  [7.5s]
  ep   5: acc1=62.34%  acc2=60.49%  ens=61.41%  (best 61.41 @ ep 5)  [10.7s]  [w on clean=0.806, on noisy=0.465]
  ep   6: acc1=55.81%  acc2=64.75%  ens=60.28%  (best 61.41 @ ep 5)  [7.5s]
  ep   7: acc1=63.09%  acc2=55.77%  ens=59.43%  (best 61.41 @ ep 5)  [12.4s]
  ep   8: acc1=63.76%  acc2=61.23%  ens=62.49%  (best 62.49 @ ep 8)  [7.6s]
  ep   9: acc1=67.78%  acc2=68.89%  ens=68.33%  (best 68.33 @ ep 9)  [7.7s]
  ep  10: acc1=48.49%  acc2=38.55%  ens=43.52%  (best 68.33 @ ep 9)  [42.4s]  [w on clean=0.660, on noisy=0.399]
  ep  11: acc1=34.08%  acc2=34.01%  ens=34.05%  (best 68.33 @ ep 9)  [35.7s]
  ep  12: acc1=30.09%  acc2=30.85%  ens=30.47%  (best 68.33 @ ep 9)  [27.7s]
  ep  13: acc1=33.13%  acc2=26.01%  ens=29.57%  (best 68.33 @ ep 9)  [56.9s]
  ep  14: acc1=29.78%  acc2=29.17%  ens=29.48%  (best 68.33 @ ep 9)  [29.2s]
  ep  15: acc1=32.85%  acc2=33.42%  ens=33.14%  (best 68.33 @ ep 9)  [78.2s]
  ep  16: acc1=34.75%  acc2=33.74%  ens=34.24%  (best 68.33 @ ep 9)  [32.2s]
  ep  17: acc1=37.29%  acc2=37.01%  ens=37.15%  (best 68.33 @ ep 9)  [80.4s]
  ep  18: acc1=36.24%  acc2=37.46%  ens=36.85%  (best 68.33 @ ep 9)  [34.3s]
  ep  19: acc1=35.49%  acc2=33.44%  ens=34.47%  (best 68.33 @ ep 9)  [117.6s]
  ep  20: acc1=39.70%  acc2=39.54%  ens=39.62%  (best 68.33 @ ep 9)  [38.1s]  [w on clean=0.708, on noisy=0.520]
  ep  21: acc1=41.22%  acc2=37.74%  ens=39.48%  (best 68.33 @ ep 9)  [42.0s]
  ep  22: acc1=35.98%  acc2=36.93%  ens=36.46%  (best 68.33 @ ep 9)  [34.3s]
  ep  23: acc1=41.27%  acc2=40.98%  ens=41.12%  (best 68.33 @ ep 9)  [41.8s]
  ep  24: acc1=40.48%  acc2=33.47%  ens=36.98%  (best 68.33 @ ep 9)  [34.1s]
  ep  25: acc1=40.23%  acc2=39.02%  ens=39.62%  (best 68.33 @ ep 9)  [111.8s]
  ep  26: acc1=42.15%  acc2=37.14%  ens=39.64%  (best 68.33 @ ep 9)  [34.8s]
  ep  27: acc1=41.87%  acc2=37.34%  ens=39.61%  (best 68.33 @ ep 9)  [77.0s]
  ep  28: acc1=38.90%  acc2=37.50%  ens=38.20%  (best 68.33 @ ep 9)  [34.0s]
  ep  29: acc1=39.81%  acc2=38.50%  ens=39.16%  (best 68.33 @ ep 9)  [48.8s]
  ep  30: acc1=39.37%  acc2=35.95%  ens=37.66%  (best 68.33 @ ep 9)  [43.6s]  [w on clean=0.709, on noisy=0.528]
  ep  31: acc1=32.28%  acc2=36.94%  ens=34.61%  (best 68.33 @ ep 9)  [34.6s]
  ep  32: acc1=34.92%  acc2=36.87%  ens=35.89%  (best 68.33 @ ep 9)  [99.3s]
  ep  33: acc1=40.66%  acc2=35.60%  ens=38.13%  (best 68.33 @ ep 9)  [40.7s]
  ep  34: acc1=38.89%  acc2=40.83%  ens=39.86%  (best 68.33 @ ep 9)  [36.1s]
  ep  35: acc1=36.07%  acc2=37.35%  ens=36.71%  (best 68.33 @ ep 9)  [54.6s]
  ep  36: acc1=41.30%  acc2=40.21%  ens=40.75%  (best 68.33 @ ep 9)  [36.1s]
  ep  37: acc1=43.59%  acc2=39.61%  ens=41.60%  (best 68.33 @ ep 9)  [41.8s]
  ep  38: acc1=39.08%  acc2=39.16%  ens=39.12%  (best 68.33 @ ep 9)  [36.3s]
  ep  39: acc1=42.16%  acc2=38.18%  ens=40.17%  (best 68.33 @ ep 9)  [43.9s]
  ep  40: acc1=42.37%  acc2=42.81%  ens=42.59%  (best 68.33 @ ep 9)  [46.8s]
  ep  41: acc1=42.84%  acc2=39.92%  ens=41.38%  (best 68.33 @ ep 9)  [35.9s]
  ep  42: acc1=41.42%  acc2=41.19%  ens=41.30%  (best 68.33 @ ep 9)  [104.3s]
  ep  43: acc1=39.38%  acc2=40.19%  ens=39.78%  (best 68.33 @ ep 9)  [40.5s]
  ep  44: acc1=38.26%  acc2=40.04%  ens=39.15%  (best 68.33 @ ep 9)  [32.9s]
  ep  45: acc1=44.27%  acc2=40.15%  ens=42.21%  (best 68.33 @ ep 9)  [36.4s]
  ep  46: acc1=42.94%  acc2=39.12%  ens=41.03%  (best 68.33 @ ep 9)  [66.4s]
  ep  47: acc1=39.80%  acc2=40.21%  ens=40.01%  (best 68.33 @ ep 9)  [37.5s]
  ep  48: acc1=38.88%  acc2=38.45%  ens=38.66%  (best 68.33 @ ep 9)  [66.9s]
  ep  49: acc1=39.84%  acc2=40.54%  ens=40.19%  (best 68.33 @ ep 9)  [38.8s]
  ep  50: acc1=44.97%  acc2=41.02%  ens=42.99%  (best 68.33 @ ep 9)  [52.9s]  [w on clean=0.709, on noisy=0.526]
  ep  51: acc1=43.55%  acc2=42.00%  ens=42.77%  (best 68.33 @ ep 9)  [35.2s]
  ep  52: acc1=41.87%  acc2=41.10%  ens=41.48%  (best 68.33 @ ep 9)  [142.7s]
  ep  53: acc1=43.75%  acc2=40.58%  ens=42.16%  (best 68.33 @ ep 9)  [38.3s]
  ep  54: acc1=40.36%  acc2=40.92%  ens=40.64%  (best 68.33 @ ep 9)  [56.1s]
  ep  55: acc1=42.72%  acc2=38.35%  ens=40.53%  (best 68.33 @ ep 9)  [35.3s]
  ep  56: acc1=42.69%  acc2=41.13%  ens=41.91%  (best 68.33 @ ep 9)  [53.5s]
  ep  57: acc1=41.63%  acc2=42.20%  ens=41.91%  (best 68.33 @ ep 9)  [34.8s]
  ep  58: acc1=42.45%  acc2=40.05%  ens=41.25%  (best 68.33 @ ep 9)  [35.9s]
  ep  59: acc1=41.13%  acc2=42.13%  ens=41.63%  (best 68.33 @ ep 9)  [38.0s]
  ep  60: acc1=44.39%  acc2=42.73%  ens=43.56%  (best 68.33 @ ep 9)  [35.8s]
  ep  61: acc1=43.34%  acc2=43.18%  ens=43.26%  (best 68.33 @ ep 9)  [35.8s]
  ep  62: acc1=41.04%  acc2=41.94%  ens=41.49%  (best 68.33 @ ep 9)  [32.9s]
  ep  63: acc1=42.60%  acc2=43.88%  ens=43.24%  (best 68.33 @ ep 9)  [62.3s]
  ep  64: acc1=43.66%  acc2=41.86%  ens=42.76%  (best 68.33 @ ep 9)  [34.8s]
  ep  65: acc1=42.69%  acc2=44.20%  ens=43.45%  (best 68.33 @ ep 9)  [35.2s]
  ep  66: acc1=45.26%  acc2=43.41%  ens=44.34%  (best 68.33 @ ep 9)  [33.6s]
  ep  67: acc1=43.85%  acc2=42.74%  ens=43.30%  (best 68.33 @ ep 9)  [170.5s]
  ep  68: acc1=44.90%  acc2=43.55%  ens=44.23%  (best 68.33 @ ep 9)  [34.3s]
  ep  69: acc1=46.61%  acc2=43.30%  ens=44.95%  (best 68.33 @ ep 9)  [35.7s]
  ep  70: acc1=44.92%  acc2=44.11%  ens=44.52%  (best 68.33 @ ep 9)  [34.7s]
  ep  71: acc1=44.33%  acc2=42.23%  ens=43.28%  (best 68.33 @ ep 9)  [167.6s]
  ep  72: acc1=44.38%  acc2=43.14%  ens=43.76%  (best 68.33 @ ep 9)  [37.4s]
  ep  73: acc1=44.07%  acc2=42.52%  ens=43.30%  (best 68.33 @ ep 9)  [149.0s]
  ep  74: acc1=44.31%  acc2=43.11%  ens=43.71%  (best 68.33 @ ep 9)  [33.8s]
  ep  75: acc1=44.46%  acc2=42.18%  ens=43.32%  (best 68.33 @ ep 9)  [115.2s]  [w on clean=0.709, on noisy=0.527]
  ep  76: acc1=43.00%  acc2=44.14%  ens=43.57%  (best 68.33 @ ep 9)  [34.9s]
  ep  77: acc1=44.66%  acc2=43.86%  ens=44.26%  (best 68.33 @ ep 9)  [66.5s]
  ep  78: acc1=46.02%  acc2=45.02%  ens=45.52%  (best 68.33 @ ep 9)  [34.0s]
  ep  79: acc1=44.82%  acc2=44.11%  ens=44.46%  (best 68.33 @ ep 9)  [35.3s]
  ep  80: acc1=44.33%  acc2=44.46%  ens=44.40%  (best 68.33 @ ep 9)  [32.6s]
  ep  81: acc1=44.95%  acc2=45.24%  ens=45.09%  (best 68.33 @ ep 9)  [35.3s]
  ep  82: acc1=45.56%  acc2=44.59%  ens=45.07%  (best 68.33 @ ep 9)  [34.0s]
  ep  83: acc1=45.16%  acc2=45.24%  ens=45.20%  (best 68.33 @ ep 9)  [40.9s]
  ep  84: acc1=45.43%  acc2=44.26%  ens=44.84%  (best 68.33 @ ep 9)  [36.4s]
  ep  85: acc1=45.11%  acc2=44.10%  ens=44.60%  (best 68.33 @ ep 9)  [36.6s]
  ep  86: acc1=44.93%  acc2=45.23%  ens=45.08%  (best 68.33 @ ep 9)  [37.1s]
  ep  87: acc1=45.98%  acc2=44.05%  ens=45.02%  (best 68.33 @ ep 9)  [34.7s]
  ep  88: acc1=45.02%  acc2=43.83%  ens=44.43%  (best 68.33 @ ep 9)  [35.6s]
  ep  89: acc1=44.87%  acc2=44.63%  ens=44.75%  (best 68.33 @ ep 9)  [35.6s]
  ep  90: acc1=45.50%  acc2=45.09%  ens=45.30%  (best 68.33 @ ep 9)  [36.4s]
  ep  91: acc1=45.98%  acc2=44.83%  ens=45.40%  (best 68.33 @ ep 9)  [34.6s]
  ep  92: acc1=45.25%  acc2=45.19%  ens=45.22%  (best 68.33 @ ep 9)  [54.5s]
  ep  93: acc1=45.51%  acc2=44.61%  ens=45.06%  (best 68.33 @ ep 9)  [33.2s]
  ep  94: acc1=45.43%  acc2=44.89%  ens=45.16%  (best 68.33 @ ep 9)  [59.2s]
  ep  95: acc1=45.72%  acc2=44.91%  ens=45.31%  (best 68.33 @ ep 9)  [33.0s]
  ep  96: acc1=45.27%  acc2=44.68%  ens=44.98%  (best 68.33 @ ep 9)  [38.9s]
  ep  97: acc1=45.07%  acc2=44.41%  ens=44.74%  (best 68.33 @ ep 9)  [37.4s]
  ep  98: acc1=45.21%  acc2=44.96%  ens=45.08%  (best 68.33 @ ep 9)  [34.0s]
  ep  99: acc1=44.89%  acc2=44.91%  ens=44.90%  (best 68.33 @ ep 9)  [81.6s]  [w on clean=0.709, on noisy=0.526]

saved /path/to/ciln-workspace/journal_edition/robustness_transfer/results_v4/dividemix/ours_v2_noisy__elastic_transform_sev3__seed2.json: best ens-acc 68.33% @ ep 9
