condition=ours_v2_noisy__pixelate_sev1 seed=2 gpu=2
/path/to/ciln-workspace/venv/lib/python3.12/site-packages/torchvision/datasets/cifar.py:83: VisibleDeprecationWarning: dtype(): align should be passed as Python or NumPy boolean but got `align=0`. Did you mean to pass a tuple to create a subarray type? (Deprecated NumPy 2.4)
  entry = pickle.load(f, encoding="latin1")
image_source=noisy  N=22500  noise_rate=11.68%
  ep   0: loss=1.8729  test_acc=31.56%  (best 31.56 @ ep 0)  [4.5s]
  ep   1: loss=1.5835  test_acc=41.92%  (best 41.92 @ ep 1)  [3.8s]
  ep   2: loss=1.3715  test_acc=51.12%  (best 51.12 @ ep 2)  [3.5s]
  ep   3: loss=1.2146  test_acc=55.97%  (best 55.97 @ ep 3)  [3.9s]
  ep   4: loss=1.1189  test_acc=53.49%  (best 55.97 @ ep 3)  [3.6s]
  ep   5: loss=1.0444  test_acc=62.02%  (best 62.02 @ ep 5)  [5.3s]  [logged per-sample loss: mean=1.037]
  ep   6: loss=0.9779  test_acc=58.72%  (best 62.02 @ ep 5)  [3.6s]
  ep   7: loss=0.9295  test_acc=64.16%  (best 64.16 @ ep 7)  [3.7s]
  ep   8: loss=0.8832  test_acc=62.64%  (best 64.16 @ ep 7)  [3.9s]
  ep   9: loss=0.8534  test_acc=68.97%  (best 68.97 @ ep 9)  [3.9s]
  ep  10: loss=0.8282  test_acc=62.43%  (best 68.97 @ ep 9)  [5.6s]  [logged per-sample loss: mean=1.195]
  ep  11: loss=0.8124  test_acc=66.93%  (best 68.97 @ ep 9)  [3.5s]
  ep  12: loss=0.7907  test_acc=68.90%  (best 68.97 @ ep 9)  [3.5s]
  ep  13: loss=0.7680  test_acc=67.74%  (best 68.97 @ ep 9)  [3.6s]
  ep  14: loss=0.7639  test_acc=60.13%  (best 68.97 @ ep 9)  [5.3s]
  ep  15: loss=0.7416  test_acc=59.70%  (best 68.97 @ ep 9)  [8.0s]
  ep  16: loss=0.7311  test_acc=67.13%  (best 68.97 @ ep 9)  [8.7s]
  ep  17: loss=0.7232  test_acc=71.17%  (best 71.17 @ ep 17)  [8.6s]
  ep  18: loss=0.7053  test_acc=72.37%  (best 72.37 @ ep 18)  [7.9s]
  ep  19: loss=0.6939  test_acc=66.35%  (best 72.37 @ ep 18)  [8.7s]
  ep  20: loss=0.6874  test_acc=74.94%  (best 74.94 @ ep 20)  [12.0s]  [logged per-sample loss: mean=0.726]
  ep  21: loss=0.6888  test_acc=70.75%  (best 74.94 @ ep 20)  [9.2s]
  ep  22: loss=0.6734  test_acc=72.07%  (best 74.94 @ ep 20)  [8.9s]
  ep  23: loss=0.6756  test_acc=73.40%  (best 74.94 @ ep 20)  [8.0s]
  ep  24: loss=0.6563  test_acc=74.64%  (best 74.94 @ ep 20)  [8.5s]
  ep  25: loss=0.6525  test_acc=65.77%  (best 74.94 @ ep 20)  [8.5s]
  ep  26: loss=0.6472  test_acc=73.30%  (best 74.94 @ ep 20)  [8.7s]
  ep  27: loss=0.6382  test_acc=74.47%  (best 74.94 @ ep 20)  [8.3s]
  ep  28: loss=0.6375  test_acc=73.63%  (best 74.94 @ ep 20)  [8.2s]
  ep  29: loss=0.6174  test_acc=74.23%  (best 74.94 @ ep 20)  [8.2s]
  ep  30: loss=0.6211  test_acc=73.46%  (best 74.94 @ ep 20)  [11.1s]  [logged per-sample loss: mean=0.791]
  ep  31: loss=0.6129  test_acc=73.41%  (best 74.94 @ ep 20)  [8.3s]
  ep  32: loss=0.6150  test_acc=73.22%  (best 74.94 @ ep 20)  [3.7s]
  ep  33: loss=0.5910  test_acc=70.53%  (best 74.94 @ ep 20)  [3.5s]
  ep  34: loss=0.6023  test_acc=66.87%  (best 74.94 @ ep 20)  [3.9s]
  ep  35: loss=0.5873  test_acc=75.68%  (best 75.68 @ ep 35)  [3.7s]
  ep  36: loss=0.5832  test_acc=76.54%  (best 76.54 @ ep 36)  [3.7s]
  ep  37: loss=0.5770  test_acc=68.71%  (best 76.54 @ ep 36)  [3.5s]
  ep  38: loss=0.5771  test_acc=72.97%  (best 76.54 @ ep 36)  [3.7s]
  ep  39: loss=0.5557  test_acc=77.92%  (best 77.92 @ ep 39)  [3.7s]
  ep  40: loss=0.5534  test_acc=78.52%  (best 78.52 @ ep 40)  [3.7s]
  ep  41: loss=0.5489  test_acc=73.84%  (best 78.52 @ ep 40)  [3.6s]
  ep  42: loss=0.5465  test_acc=76.23%  (best 78.52 @ ep 40)  [3.5s]
  ep  43: loss=0.5507  test_acc=76.30%  (best 78.52 @ ep 40)  [3.7s]
  ep  44: loss=0.5353  test_acc=78.04%  (best 78.52 @ ep 40)  [3.8s]
  ep  45: loss=0.5215  test_acc=78.86%  (best 78.86 @ ep 45)  [3.6s]
  ep  46: loss=0.5241  test_acc=77.90%  (best 78.86 @ ep 45)  [3.7s]
  ep  47: loss=0.5167  test_acc=74.88%  (best 78.86 @ ep 45)  [3.6s]
  ep  48: loss=0.5065  test_acc=75.79%  (best 78.86 @ ep 45)  [6.6s]
  ep  49: loss=0.4953  test_acc=76.59%  (best 78.86 @ ep 45)  [8.0s]
  ep  50: loss=0.4913  test_acc=79.03%  (best 79.03 @ ep 50)  [12.0s]  [logged per-sample loss: mean=0.535]
  ep  51: loss=0.4812  test_acc=80.34%  (best 80.34 @ ep 51)  [9.6s]
  ep  52: loss=0.4776  test_acc=79.57%  (best 80.34 @ ep 51)  [8.1s]
  ep  53: loss=0.4708  test_acc=80.22%  (best 80.34 @ ep 51)  [8.3s]
  ep  54: loss=0.4659  test_acc=77.00%  (best 80.34 @ ep 51)  [8.5s]
  ep  55: loss=0.4622  test_acc=80.06%  (best 80.34 @ ep 51)  [8.3s]
  ep  56: loss=0.4440  test_acc=80.05%  (best 80.34 @ ep 51)  [8.2s]
  ep  57: loss=0.4377  test_acc=82.00%  (best 82.00 @ ep 57)  [8.5s]
  ep  58: loss=0.4339  test_acc=75.57%  (best 82.00 @ ep 57)  [8.1s]
  ep  59: loss=0.4155  test_acc=79.44%  (best 82.00 @ ep 57)  [8.2s]
  ep  60: loss=0.4131  test_acc=82.10%  (best 82.10 @ ep 60)  [8.7s]
  ep  61: loss=0.4095  test_acc=77.84%  (best 82.10 @ ep 60)  [8.3s]
  ep  62: loss=0.3898  test_acc=79.94%  (best 82.10 @ ep 60)  [8.7s]
  ep  63: loss=0.3805  test_acc=78.39%  (best 82.10 @ ep 60)  [8.7s]
  ep  64: loss=0.3811  test_acc=80.80%  (best 82.10 @ ep 60)  [8.5s]
  ep  65: loss=0.3671  test_acc=81.17%  (best 82.10 @ ep 60)  [8.5s]
  ep  66: loss=0.3583  test_acc=80.58%  (best 82.10 @ ep 60)  [8.7s]
  ep  67: loss=0.3519  test_acc=81.04%  (best 82.10 @ ep 60)  [8.6s]
  ep  68: loss=0.3365  test_acc=82.03%  (best 82.10 @ ep 60)  [8.8s]
  ep  69: loss=0.3159  test_acc=79.63%  (best 82.10 @ ep 60)  [8.0s]
  ep  70: loss=0.3181  test_acc=80.50%  (best 82.10 @ ep 60)  [8.2s]
  ep  71: loss=0.3023  test_acc=80.84%  (best 82.10 @ ep 60)  [8.3s]
  ep  72: loss=0.2921  test_acc=78.87%  (best 82.10 @ ep 60)  [8.1s]
  ep  73: loss=0.2755  test_acc=81.23%  (best 82.10 @ ep 60)  [8.1s]
  ep  74: loss=0.2730  test_acc=82.00%  (best 82.10 @ ep 60)  [8.5s]
  ep  75: loss=0.2494  test_acc=82.48%  (best 82.48 @ ep 75)  [11.6s]  [logged per-sample loss: mean=0.224]
  ep  76: loss=0.2419  test_acc=81.16%  (best 82.48 @ ep 75)  [10.3s]
  ep  77: loss=0.2305  test_acc=82.06%  (best 82.48 @ ep 75)  [9.0s]
  ep  78: loss=0.2223  test_acc=82.15%  (best 82.48 @ ep 75)  [8.4s]
  ep  79: loss=0.2031  test_acc=82.55%  (best 82.55 @ ep 79)  [8.1s]
  ep  80: loss=0.1910  test_acc=83.79%  (best 83.79 @ ep 80)  [8.2s]
  ep  81: loss=0.1880  test_acc=83.19%  (best 83.79 @ ep 80)  [7.6s]
  ep  82: loss=0.1733  test_acc=83.29%  (best 83.79 @ ep 80)  [7.7s]
  ep  83: loss=0.1576  test_acc=83.60%  (best 83.79 @ ep 80)  [7.9s]
  ep  84: loss=0.1476  test_acc=83.18%  (best 83.79 @ ep 80)  [7.9s]
  ep  85: loss=0.1396  test_acc=83.40%  (best 83.79 @ ep 80)  [8.4s]
  ep  86: loss=0.1274  test_acc=83.71%  (best 83.79 @ ep 80)  [8.1s]
  ep  87: loss=0.1203  test_acc=84.01%  (best 84.01 @ ep 87)  [8.6s]
  ep  88: loss=0.1130  test_acc=83.62%  (best 84.01 @ ep 87)  [8.8s]
  ep  89: loss=0.1068  test_acc=83.82%  (best 84.01 @ ep 87)  [9.2s]
  ep  90: loss=0.0996  test_acc=84.08%  (best 84.08 @ ep 90)  [8.3s]
  ep  91: loss=0.0940  test_acc=83.94%  (best 84.08 @ ep 90)  [8.4s]
  ep  92: loss=0.0893  test_acc=83.81%  (best 84.08 @ ep 90)  [8.6s]
  ep  93: loss=0.0863  test_acc=83.94%  (best 84.08 @ ep 90)  [8.4s]
  ep  94: loss=0.0863  test_acc=83.98%  (best 84.08 @ ep 90)  [7.8s]
  ep  95: loss=0.0824  test_acc=84.06%  (best 84.08 @ ep 90)  [8.4s]
  ep  96: loss=0.0821  test_acc=84.09%  (best 84.09 @ ep 96)  [7.9s]
  ep  97: loss=0.0811  test_acc=84.13%  (best 84.13 @ ep 97)  [8.3s]
  ep  98: loss=0.0801  test_acc=84.01%  (best 84.13 @ ep 97)  [8.5s]
  ep  99: loss=0.0798  test_acc=84.14%  (best 84.14 @ ep 99)  [11.3s]  [logged per-sample loss: mean=0.053]

saved /path/to/ciln-workspace/journal_edition/robustness_transfer/results_v4/erm/ours_v2_noisy__pixelate_sev1__seed2.json: best 84.14% @ ep 99
