condition=ours_v2_noisy__frost_sev1 seed=2 gpu=2
/path/to/ciln-workspace/venv/lib/python3.12/site-packages/torchvision/datasets/cifar.py:83: VisibleDeprecationWarning: dtype(): align should be passed as Python or NumPy boolean but got `align=0`. Did you mean to pass a tuple to create a subarray type? (Deprecated NumPy 2.4)
  entry = pickle.load(f, encoding="latin1")
image_source=noisy  N=22500  noise_rate=10.16%
  ep   0: loss=1.8783  test_acc=32.59%  (best 32.59 @ ep 0)  [4.5s]
  ep   1: loss=1.5451  test_acc=41.89%  (best 41.89 @ ep 1)  [3.5s]
  ep   2: loss=1.3517  test_acc=52.38%  (best 52.38 @ ep 2)  [3.5s]
  ep   3: loss=1.2131  test_acc=54.55%  (best 54.55 @ ep 3)  [3.7s]
  ep   4: loss=1.1005  test_acc=49.46%  (best 54.55 @ ep 3)  [3.5s]
  ep   5: loss=1.0408  test_acc=51.45%  (best 54.55 @ ep 3)  [5.4s]  [logged per-sample loss: mean=1.597]
  ep   6: loss=0.9818  test_acc=54.68%  (best 54.68 @ ep 6)  [3.8s]
  ep   7: loss=0.9307  test_acc=65.05%  (best 65.05 @ ep 7)  [3.7s]
  ep   8: loss=0.8762  test_acc=65.03%  (best 65.05 @ ep 7)  [3.8s]
  ep   9: loss=0.8390  test_acc=66.91%  (best 66.91 @ ep 9)  [3.7s]
  ep  10: loss=0.8156  test_acc=66.96%  (best 66.96 @ ep 10)  [5.2s]  [logged per-sample loss: mean=0.964]
  ep  11: loss=0.7813  test_acc=68.80%  (best 68.80 @ ep 11)  [7.6s]
  ep  12: loss=0.7667  test_acc=65.00%  (best 68.80 @ ep 11)  [8.1s]
  ep  13: loss=0.7387  test_acc=72.29%  (best 72.29 @ ep 13)  [8.5s]
  ep  14: loss=0.7163  test_acc=68.30%  (best 72.29 @ ep 13)  [8.5s]
  ep  15: loss=0.7032  test_acc=71.80%  (best 72.29 @ ep 13)  [8.3s]
  ep  16: loss=0.6956  test_acc=59.22%  (best 72.29 @ ep 13)  [8.7s]
  ep  17: loss=0.6763  test_acc=72.41%  (best 72.41 @ ep 17)  [8.7s]
  ep  18: loss=0.6744  test_acc=73.89%  (best 73.89 @ ep 18)  [8.4s]
  ep  19: loss=0.6637  test_acc=72.05%  (best 73.89 @ ep 18)  [8.1s]
  ep  20: loss=0.6517  test_acc=70.96%  (best 73.89 @ ep 18)  [11.6s]  [logged per-sample loss: mean=0.704]
  ep  21: loss=0.6367  test_acc=69.94%  (best 73.89 @ ep 18)  [8.7s]
  ep  22: loss=0.6302  test_acc=70.39%  (best 73.89 @ ep 18)  [8.5s]
  ep  23: loss=0.6305  test_acc=67.95%  (best 73.89 @ ep 18)  [3.5s]
  ep  24: loss=0.6257  test_acc=71.93%  (best 73.89 @ ep 18)  [3.8s]
  ep  25: loss=0.6030  test_acc=66.83%  (best 73.89 @ ep 18)  [3.7s]
  ep  26: loss=0.6007  test_acc=74.64%  (best 74.64 @ ep 26)  [3.9s]
  ep  27: loss=0.5936  test_acc=66.19%  (best 74.64 @ ep 26)  [3.9s]
  ep  28: loss=0.5898  test_acc=66.30%  (best 74.64 @ ep 26)  [3.9s]
  ep  29: loss=0.5745  test_acc=70.60%  (best 74.64 @ ep 26)  [4.0s]
  ep  30: loss=0.5756  test_acc=70.16%  (best 74.64 @ ep 26)  [5.3s]  [logged per-sample loss: mean=0.766]
  ep  31: loss=0.5687  test_acc=75.95%  (best 75.95 @ ep 31)  [3.8s]
  ep  32: loss=0.5722  test_acc=77.44%  (best 77.44 @ ep 32)  [3.7s]
  ep  33: loss=0.5506  test_acc=75.72%  (best 77.44 @ ep 32)  [3.5s]
  ep  34: loss=0.5491  test_acc=66.51%  (best 77.44 @ ep 32)  [3.8s]
  ep  35: loss=0.5484  test_acc=74.80%  (best 77.44 @ ep 32)  [3.8s]
  ep  36: loss=0.5366  test_acc=73.35%  (best 77.44 @ ep 32)  [3.5s]
  ep  37: loss=0.5291  test_acc=74.79%  (best 77.44 @ ep 32)  [3.6s]
  ep  38: loss=0.5252  test_acc=74.80%  (best 77.44 @ ep 32)  [4.9s]
  ep  39: loss=0.5159  test_acc=78.27%  (best 78.27 @ ep 39)  [10.0s]
  ep  40: loss=0.5217  test_acc=73.35%  (best 78.27 @ ep 39)  [8.7s]
  ep  41: loss=0.5013  test_acc=74.45%  (best 78.27 @ ep 39)  [9.0s]
  ep  42: loss=0.5026  test_acc=73.96%  (best 78.27 @ ep 39)  [9.1s]
  ep  43: loss=0.4958  test_acc=78.25%  (best 78.27 @ ep 39)  [8.9s]
  ep  44: loss=0.4795  test_acc=70.53%  (best 78.27 @ ep 39)  [9.1s]
  ep  45: loss=0.4843  test_acc=79.13%  (best 79.13 @ ep 45)  [8.6s]
  ep  46: loss=0.4779  test_acc=76.95%  (best 79.13 @ ep 45)  [9.1s]
  ep  47: loss=0.4712  test_acc=75.59%  (best 79.13 @ ep 45)  [9.0s]
  ep  48: loss=0.4553  test_acc=75.27%  (best 79.13 @ ep 45)  [8.7s]
  ep  49: loss=0.4530  test_acc=78.35%  (best 79.13 @ ep 45)  [9.1s]
  ep  50: loss=0.4425  test_acc=74.24%  (best 79.13 @ ep 45)  [13.0s]  [logged per-sample loss: mean=0.581]
  ep  51: loss=0.4437  test_acc=79.24%  (best 79.24 @ ep 51)  [9.3s]
  ep  52: loss=0.4358  test_acc=77.72%  (best 79.24 @ ep 51)  [9.9s]
  ep  53: loss=0.4251  test_acc=77.89%  (best 79.24 @ ep 51)  [9.6s]
  ep  54: loss=0.4193  test_acc=77.78%  (best 79.24 @ ep 51)  [8.6s]
  ep  55: loss=0.4127  test_acc=75.15%  (best 79.24 @ ep 51)  [9.3s]
  ep  56: loss=0.3973  test_acc=81.58%  (best 81.58 @ ep 56)  [7.7s]
  ep  57: loss=0.3848  test_acc=75.06%  (best 81.58 @ ep 56)  [3.6s]
  ep  58: loss=0.3906  test_acc=75.42%  (best 81.58 @ ep 56)  [3.8s]
  ep  59: loss=0.3709  test_acc=79.03%  (best 81.58 @ ep 56)  [3.6s]
  ep  60: loss=0.3726  test_acc=78.95%  (best 81.58 @ ep 56)  [3.6s]
  ep  61: loss=0.3542  test_acc=81.15%  (best 81.58 @ ep 56)  [3.7s]
  ep  62: loss=0.3527  test_acc=80.03%  (best 81.58 @ ep 56)  [3.5s]
  ep  63: loss=0.3320  test_acc=78.87%  (best 81.58 @ ep 56)  [3.5s]
  ep  64: loss=0.3329  test_acc=80.33%  (best 81.58 @ ep 56)  [3.5s]
  ep  65: loss=0.3243  test_acc=81.70%  (best 81.70 @ ep 65)  [3.7s]
  ep  66: loss=0.3190  test_acc=80.69%  (best 81.70 @ ep 65)  [3.7s]
  ep  67: loss=0.3032  test_acc=81.11%  (best 81.70 @ ep 65)  [3.6s]
  ep  68: loss=0.2900  test_acc=81.34%  (best 81.70 @ ep 65)  [3.6s]
  ep  69: loss=0.2829  test_acc=79.50%  (best 81.70 @ ep 65)  [3.6s]
  ep  70: loss=0.2722  test_acc=83.20%  (best 83.20 @ ep 70)  [3.5s]
  ep  71: loss=0.2606  test_acc=76.31%  (best 83.20 @ ep 70)  [3.6s]
  ep  72: loss=0.2488  test_acc=79.29%  (best 83.20 @ ep 70)  [3.6s]
  ep  73: loss=0.2378  test_acc=82.80%  (best 83.20 @ ep 70)  [3.9s]
  ep  74: loss=0.2249  test_acc=81.63%  (best 83.20 @ ep 70)  [8.3s]
  ep  75: loss=0.2152  test_acc=82.79%  (best 83.20 @ ep 70)  [10.4s]  [logged per-sample loss: mean=0.200]
  ep  76: loss=0.2071  test_acc=82.16%  (best 83.20 @ ep 70)  [8.3s]
  ep  77: loss=0.1894  test_acc=82.67%  (best 83.20 @ ep 70)  [8.4s]
  ep  78: loss=0.1806  test_acc=83.31%  (best 83.31 @ ep 78)  [8.2s]
  ep  79: loss=0.1665  test_acc=82.19%  (best 83.31 @ ep 78)  [8.7s]
  ep  80: loss=0.1491  test_acc=82.68%  (best 83.31 @ ep 78)  [8.1s]
  ep  81: loss=0.1449  test_acc=83.05%  (best 83.31 @ ep 78)  [8.4s]
  ep  82: loss=0.1360  test_acc=83.05%  (best 83.31 @ ep 78)  [8.7s]
  ep  83: loss=0.1238  test_acc=83.88%  (best 83.88 @ ep 83)  [7.8s]
  ep  84: loss=0.1116  test_acc=84.03%  (best 84.03 @ ep 84)  [7.3s]
  ep  85: loss=0.0996  test_acc=83.75%  (best 84.03 @ ep 84)  [8.0s]
  ep  86: loss=0.0992  test_acc=84.28%  (best 84.28 @ ep 86)  [8.6s]
  ep  87: loss=0.0919  test_acc=84.10%  (best 84.28 @ ep 86)  [7.6s]
  ep  88: loss=0.0863  test_acc=84.16%  (best 84.28 @ ep 86)  [8.0s]
  ep  89: loss=0.0785  test_acc=84.30%  (best 84.30 @ ep 89)  [8.6s]
  ep  90: loss=0.0756  test_acc=84.05%  (best 84.30 @ ep 89)  [8.3s]
  ep  91: loss=0.0706  test_acc=84.31%  (best 84.31 @ ep 91)  [7.9s]
  ep  92: loss=0.0670  test_acc=83.92%  (best 84.31 @ ep 91)  [8.1s]
  ep  93: loss=0.0645  test_acc=84.05%  (best 84.31 @ ep 91)  [8.0s]
  ep  94: loss=0.0631  test_acc=84.48%  (best 84.48 @ ep 94)  [8.0s]
  ep  95: loss=0.0616  test_acc=84.17%  (best 84.48 @ ep 94)  [7.9s]
  ep  96: loss=0.0607  test_acc=84.05%  (best 84.48 @ ep 94)  [8.1s]
  ep  97: loss=0.0587  test_acc=84.18%  (best 84.48 @ ep 94)  [8.3s]
  ep  98: loss=0.0574  test_acc=84.19%  (best 84.48 @ ep 94)  [4.2s]
  ep  99: loss=0.0597  test_acc=84.16%  (best 84.48 @ ep 94)  [5.4s]  [logged per-sample loss: mean=0.038]

saved /path/to/ciln-workspace/journal_edition/robustness_transfer/results_v4/erm/ours_v2_noisy__frost_sev1__seed2.json: best 84.48% @ ep 94
