condition=ours_v2_noisy__gaussian_noise_sev3 seed=0 gpu=2
/path/to/ciln-workspace/venv/lib/python3.12/site-packages/torchvision/datasets/cifar.py:83: VisibleDeprecationWarning: dtype(): align should be passed as Python or NumPy boolean but got `align=0`. Did you mean to pass a tuple to create a subarray type? (Deprecated NumPy 2.4)
  entry = pickle.load(f, encoding="latin1")
image_source=noisy  N=22500  noise_rate=48.86%
  ep   0: loss=1.8195  test_acc=22.64%  (best 22.64 @ ep 0)  [4.5s]
  ep   1: loss=1.6697  test_acc=22.04%  (best 22.64 @ ep 0)  [3.7s]
  ep   2: loss=1.6001  test_acc=26.24%  (best 26.24 @ ep 2)  [3.6s]
  ep   3: loss=1.5374  test_acc=25.31%  (best 26.24 @ ep 2)  [3.7s]
  ep   4: loss=1.4989  test_acc=26.43%  (best 26.43 @ ep 4)  [3.5s]
  ep   5: loss=1.4631  test_acc=33.59%  (best 33.59 @ ep 5)  [5.4s]  [logged per-sample loss: mean=1.535]
  ep   6: loss=1.4379  test_acc=32.53%  (best 33.59 @ ep 5)  [3.8s]
  ep   7: loss=1.4154  test_acc=34.43%  (best 34.43 @ ep 7)  [3.7s]
  ep   8: loss=1.3988  test_acc=37.23%  (best 37.23 @ ep 8)  [3.7s]
  ep   9: loss=1.3834  test_acc=39.06%  (best 39.06 @ ep 9)  [3.6s]
  ep  10: loss=1.3747  test_acc=41.34%  (best 41.34 @ ep 10)  [5.2s]  [logged per-sample loss: mean=1.804]
  ep  11: loss=1.3619  test_acc=37.79%  (best 41.34 @ ep 10)  [3.7s]
  ep  12: loss=1.3556  test_acc=45.16%  (best 45.16 @ ep 12)  [3.7s]
  ep  13: loss=1.3393  test_acc=44.17%  (best 45.16 @ ep 12)  [6.7s]
  ep  14: loss=1.3357  test_acc=41.05%  (best 45.16 @ ep 12)  [8.7s]
  ep  15: loss=1.3220  test_acc=47.63%  (best 47.63 @ ep 15)  [9.6s]
  ep  16: loss=1.3149  test_acc=42.50%  (best 47.63 @ ep 15)  [7.9s]
  ep  17: loss=1.3077  test_acc=44.75%  (best 47.63 @ ep 15)  [3.4s]
  ep  18: loss=1.3028  test_acc=47.80%  (best 47.80 @ ep 18)  [3.9s]
  ep  19: loss=1.2861  test_acc=50.36%  (best 50.36 @ ep 19)  [3.5s]
  ep  20: loss=1.2790  test_acc=42.97%  (best 50.36 @ ep 19)  [5.5s]  [logged per-sample loss: mean=1.275]
  ep  21: loss=1.2718  test_acc=36.01%  (best 50.36 @ ep 19)  [3.7s]
  ep  22: loss=1.2650  test_acc=44.27%  (best 50.36 @ ep 19)  [3.7s]
  ep  23: loss=1.2638  test_acc=46.25%  (best 50.36 @ ep 19)  [3.4s]
  ep  24: loss=1.2547  test_acc=43.47%  (best 50.36 @ ep 19)  [3.5s]
  ep  25: loss=1.2452  test_acc=46.22%  (best 50.36 @ ep 19)  [3.7s]
  ep  26: loss=1.2383  test_acc=45.83%  (best 50.36 @ ep 19)  [3.5s]
  ep  27: loss=1.2303  test_acc=47.44%  (best 50.36 @ ep 19)  [3.7s]
  ep  28: loss=1.2352  test_acc=46.51%  (best 50.36 @ ep 19)  [3.7s]
  ep  29: loss=1.2215  test_acc=46.20%  (best 50.36 @ ep 19)  [4.0s]
  ep  30: loss=1.2189  test_acc=48.29%  (best 50.36 @ ep 19)  [5.3s]  [logged per-sample loss: mean=1.357]
  ep  31: loss=1.2133  test_acc=42.76%  (best 50.36 @ ep 19)  [3.5s]
  ep  32: loss=1.2047  test_acc=51.75%  (best 51.75 @ ep 32)  [3.5s]
  ep  33: loss=1.2033  test_acc=54.65%  (best 54.65 @ ep 33)  [6.6s]
  ep  34: loss=1.1971  test_acc=43.75%  (best 54.65 @ ep 33)  [8.1s]
  ep  35: loss=1.1942  test_acc=54.37%  (best 54.65 @ ep 33)  [8.3s]
  ep  36: loss=1.1840  test_acc=52.10%  (best 54.65 @ ep 33)  [8.3s]
  ep  37: loss=1.1715  test_acc=53.42%  (best 54.65 @ ep 33)  [8.4s]
  ep  38: loss=1.1745  test_acc=57.43%  (best 57.43 @ ep 38)  [8.4s]
  ep  39: loss=1.1683  test_acc=54.67%  (best 57.43 @ ep 38)  [8.2s]
  ep  40: loss=1.1659  test_acc=56.84%  (best 57.43 @ ep 38)  [8.4s]
  ep  41: loss=1.1600  test_acc=40.41%  (best 57.43 @ ep 38)  [8.4s]
  ep  42: loss=1.1572  test_acc=54.18%  (best 57.43 @ ep 38)  [7.8s]
  ep  43: loss=1.1478  test_acc=55.37%  (best 57.43 @ ep 38)  [8.3s]
  ep  44: loss=1.1500  test_acc=52.39%  (best 57.43 @ ep 38)  [8.2s]
  ep  45: loss=1.1326  test_acc=54.73%  (best 57.43 @ ep 38)  [7.8s]
  ep  46: loss=1.1348  test_acc=56.54%  (best 57.43 @ ep 38)  [8.8s]
  ep  47: loss=1.1267  test_acc=56.98%  (best 57.43 @ ep 38)  [8.3s]
  ep  48: loss=1.1204  test_acc=47.46%  (best 57.43 @ ep 38)  [8.2s]
  ep  49: loss=1.1157  test_acc=55.71%  (best 57.43 @ ep 38)  [8.0s]
  ep  50: loss=1.1096  test_acc=53.15%  (best 57.43 @ ep 38)  [10.8s]  [logged per-sample loss: mean=1.118]
  ep  51: loss=1.1093  test_acc=58.29%  (best 58.29 @ ep 51)  [8.1s]
  ep  52: loss=1.1008  test_acc=62.06%  (best 62.06 @ ep 52)  [8.3s]
  ep  53: loss=1.0908  test_acc=53.96%  (best 62.06 @ ep 52)  [8.0s]
  ep  54: loss=1.0837  test_acc=53.65%  (best 62.06 @ ep 52)  [8.0s]
  ep  55: loss=1.0713  test_acc=55.58%  (best 62.06 @ ep 52)  [8.3s]
  ep  56: loss=1.0782  test_acc=56.80%  (best 62.06 @ ep 52)  [8.4s]
  ep  57: loss=1.0645  test_acc=56.54%  (best 62.06 @ ep 52)  [8.4s]
  ep  58: loss=1.0587  test_acc=57.94%  (best 62.06 @ ep 52)  [8.4s]
  ep  59: loss=1.0513  test_acc=51.41%  (best 62.06 @ ep 52)  [8.0s]
  ep  60: loss=1.0392  test_acc=58.60%  (best 62.06 @ ep 52)  [8.6s]
  ep  61: loss=1.0264  test_acc=60.05%  (best 62.06 @ ep 52)  [8.2s]
  ep  62: loss=1.0239  test_acc=57.40%  (best 62.06 @ ep 52)  [7.8s]
  ep  63: loss=1.0083  test_acc=54.90%  (best 62.06 @ ep 52)  [8.5s]
  ep  64: loss=1.0115  test_acc=60.27%  (best 62.06 @ ep 52)  [9.7s]
  ep  65: loss=1.0011  test_acc=58.03%  (best 62.06 @ ep 52)  [7.8s]
  ep  66: loss=0.9895  test_acc=56.24%  (best 62.06 @ ep 52)  [3.6s]
  ep  67: loss=0.9674  test_acc=46.55%  (best 62.06 @ ep 52)  [3.8s]
  ep  68: loss=0.9551  test_acc=56.63%  (best 62.06 @ ep 52)  [3.7s]
  ep  69: loss=0.9604  test_acc=61.71%  (best 62.06 @ ep 52)  [3.5s]
  ep  70: loss=0.9404  test_acc=60.34%  (best 62.06 @ ep 52)  [3.6s]
  ep  71: loss=0.9284  test_acc=54.97%  (best 62.06 @ ep 52)  [3.8s]
  ep  72: loss=0.9179  test_acc=47.94%  (best 62.06 @ ep 52)  [3.5s]
  ep  73: loss=0.8982  test_acc=51.29%  (best 62.06 @ ep 52)  [3.5s]
  ep  74: loss=0.8919  test_acc=48.23%  (best 62.06 @ ep 52)  [3.6s]
  ep  75: loss=0.8756  test_acc=53.44%  (best 62.06 @ ep 52)  [5.5s]  [logged per-sample loss: mean=0.883]
  ep  76: loss=0.8660  test_acc=58.53%  (best 62.06 @ ep 52)  [3.8s]
  ep  77: loss=0.8457  test_acc=49.62%  (best 62.06 @ ep 52)  [3.6s]
  ep  78: loss=0.8315  test_acc=55.53%  (best 62.06 @ ep 52)  [3.6s]
  ep  79: loss=0.8122  test_acc=56.02%  (best 62.06 @ ep 52)  [3.5s]
  ep  80: loss=0.7910  test_acc=57.30%  (best 62.06 @ ep 52)  [3.8s]
  ep  81: loss=0.7779  test_acc=59.60%  (best 62.06 @ ep 52)  [4.1s]
  ep  82: loss=0.7557  test_acc=55.83%  (best 62.06 @ ep 52)  [8.4s]
  ep  83: loss=0.7457  test_acc=50.34%  (best 62.06 @ ep 52)  [8.6s]
  ep  84: loss=0.7145  test_acc=56.29%  (best 62.06 @ ep 52)  [9.1s]
  ep  85: loss=0.7062  test_acc=54.74%  (best 62.06 @ ep 52)  [8.8s]
  ep  86: loss=0.6811  test_acc=53.31%  (best 62.06 @ ep 52)  [8.7s]
  ep  87: loss=0.6591  test_acc=52.79%  (best 62.06 @ ep 52)  [6.3s]
  ep  88: loss=0.6359  test_acc=55.13%  (best 62.06 @ ep 52)  [3.7s]
  ep  89: loss=0.6189  test_acc=54.44%  (best 62.06 @ ep 52)  [3.8s]
  ep  90: loss=0.5971  test_acc=54.48%  (best 62.06 @ ep 52)  [3.6s]
  ep  91: loss=0.5812  test_acc=54.48%  (best 62.06 @ ep 52)  [3.7s]
  ep  92: loss=0.5680  test_acc=53.34%  (best 62.06 @ ep 52)  [3.7s]
  ep  93: loss=0.5566  test_acc=54.29%  (best 62.06 @ ep 52)  [3.5s]
  ep  94: loss=0.5377  test_acc=54.55%  (best 62.06 @ ep 52)  [3.4s]
  ep  95: loss=0.5337  test_acc=53.94%  (best 62.06 @ ep 52)  [3.6s]
  ep  96: loss=0.5232  test_acc=54.16%  (best 62.06 @ ep 52)  [3.7s]
  ep  97: loss=0.5208  test_acc=54.58%  (best 62.06 @ ep 52)  [3.5s]
  ep  98: loss=0.5095  test_acc=54.14%  (best 62.06 @ ep 52)  [3.4s]
  ep  99: loss=0.5115  test_acc=55.25%  (best 62.06 @ ep 52)  [5.5s]  [logged per-sample loss: mean=0.460]

saved /path/to/ciln-workspace/journal_edition/robustness_transfer/results_v4/erm/ours_v2_noisy__gaussian_noise_sev3__seed0.json: best 62.06% @ ep 52
