condition=ours_v2_noisy__contrast_sev5 seed=2 gpu=2
/path/to/ciln-workspace/venv/lib/python3.12/site-packages/torchvision/datasets/cifar.py:83: VisibleDeprecationWarning: dtype(): align should be passed as Python or NumPy boolean but got `align=0`. Did you mean to pass a tuple to create a subarray type? (Deprecated NumPy 2.4)
  entry = pickle.load(f, encoding="latin1")
image_source=noisy  N=22500  noise_rate=47.51%
  ep   0: loss=1.9127  test_acc=17.31%  (best 17.31 @ ep 0)  [4.3s]
  ep   1: loss=1.8441  test_acc=20.31%  (best 20.31 @ ep 1)  [3.5s]
  ep   2: loss=1.8315  test_acc=19.94%  (best 20.31 @ ep 1)  [3.6s]
  ep   3: loss=1.8173  test_acc=18.06%  (best 20.31 @ ep 1)  [5.2s]
  ep   4: loss=1.8075  test_acc=19.49%  (best 20.31 @ ep 1)  [8.0s]
  ep   5: loss=1.7952  test_acc=18.36%  (best 20.31 @ ep 1)  [11.8s]  [logged per-sample loss: mean=1.768]
  ep   6: loss=1.7747  test_acc=15.94%  (best 20.31 @ ep 1)  [8.3s]
  ep   7: loss=1.7577  test_acc=19.74%  (best 20.31 @ ep 1)  [8.2s]
  ep   8: loss=1.7324  test_acc=18.91%  (best 20.31 @ ep 1)  [8.4s]
  ep   9: loss=1.7087  test_acc=20.73%  (best 20.73 @ ep 9)  [8.7s]
  ep  10: loss=1.6925  test_acc=20.96%  (best 20.96 @ ep 10)  [12.3s]  [logged per-sample loss: mean=1.724]
  ep  11: loss=1.6730  test_acc=19.60%  (best 20.96 @ ep 10)  [7.9s]
  ep  12: loss=1.6571  test_acc=17.31%  (best 20.96 @ ep 10)  [8.2s]
  ep  13: loss=1.6311  test_acc=21.45%  (best 21.45 @ ep 13)  [7.9s]
  ep  14: loss=1.6209  test_acc=17.01%  (best 21.45 @ ep 13)  [8.2s]
  ep  15: loss=1.5942  test_acc=17.73%  (best 21.45 @ ep 13)  [7.9s]
  ep  16: loss=1.5673  test_acc=18.62%  (best 21.45 @ ep 13)  [8.9s]
  ep  17: loss=1.5572  test_acc=21.49%  (best 21.49 @ ep 17)  [8.2s]
  ep  18: loss=1.5396  test_acc=23.86%  (best 23.86 @ ep 18)  [7.9s]
  ep  19: loss=1.5162  test_acc=25.37%  (best 25.37 @ ep 19)  [8.0s]
  ep  20: loss=1.5006  test_acc=32.50%  (best 32.50 @ ep 20)  [11.0s]  [logged per-sample loss: mean=1.504]
  ep  21: loss=1.4762  test_acc=31.23%  (best 32.50 @ ep 20)  [8.3s]
  ep  22: loss=1.4524  test_acc=29.99%  (best 32.50 @ ep 20)  [7.9s]
  ep  23: loss=1.4354  test_acc=32.71%  (best 32.71 @ ep 23)  [8.0s]
  ep  24: loss=1.4247  test_acc=32.05%  (best 32.71 @ ep 23)  [7.8s]
  ep  25: loss=1.4094  test_acc=37.47%  (best 37.47 @ ep 25)  [8.1s]
  ep  26: loss=1.3937  test_acc=31.79%  (best 37.47 @ ep 25)  [8.0s]
  ep  27: loss=1.3807  test_acc=39.15%  (best 39.15 @ ep 27)  [8.3s]
  ep  28: loss=1.3785  test_acc=36.85%  (best 39.15 @ ep 27)  [8.2s]
  ep  29: loss=1.3517  test_acc=39.89%  (best 39.89 @ ep 29)  [8.2s]
  ep  30: loss=1.3518  test_acc=37.51%  (best 39.89 @ ep 29)  [11.6s]  [logged per-sample loss: mean=1.405]
  ep  31: loss=1.3424  test_acc=38.13%  (best 39.89 @ ep 29)  [8.4s]
  ep  32: loss=1.3288  test_acc=41.48%  (best 41.48 @ ep 32)  [9.0s]
  ep  33: loss=1.3225  test_acc=45.66%  (best 45.66 @ ep 33)  [8.4s]
  ep  34: loss=1.3214  test_acc=41.07%  (best 45.66 @ ep 33)  [7.9s]
  ep  35: loss=1.3010  test_acc=47.20%  (best 47.20 @ ep 35)  [8.4s]
  ep  36: loss=1.2950  test_acc=36.64%  (best 47.20 @ ep 35)  [7.8s]
  ep  37: loss=1.2925  test_acc=32.73%  (best 47.20 @ ep 35)  [8.2s]
  ep  38: loss=1.2824  test_acc=39.92%  (best 47.20 @ ep 35)  [4.2s]
  ep  39: loss=1.2737  test_acc=48.39%  (best 48.39 @ ep 39)  [3.6s]
  ep  40: loss=1.2648  test_acc=49.44%  (best 49.44 @ ep 40)  [3.5s]
  ep  41: loss=1.2642  test_acc=48.84%  (best 49.44 @ ep 40)  [3.6s]
  ep  42: loss=1.2546  test_acc=43.97%  (best 49.44 @ ep 40)  [3.7s]
  ep  43: loss=1.2403  test_acc=48.15%  (best 49.44 @ ep 40)  [3.6s]
  ep  44: loss=1.2406  test_acc=46.68%  (best 49.44 @ ep 40)  [3.6s]
  ep  45: loss=1.2355  test_acc=46.85%  (best 49.44 @ ep 40)  [3.6s]
  ep  46: loss=1.2326  test_acc=44.11%  (best 49.44 @ ep 40)  [3.7s]
  ep  47: loss=1.2188  test_acc=46.11%  (best 49.44 @ ep 40)  [3.6s]
  ep  48: loss=1.2192  test_acc=49.29%  (best 49.44 @ ep 40)  [3.6s]
  ep  49: loss=1.2047  test_acc=37.79%  (best 49.44 @ ep 40)  [3.5s]
  ep  50: loss=1.2007  test_acc=46.38%  (best 49.44 @ ep 40)  [5.1s]  [logged per-sample loss: mean=1.295]
  ep  51: loss=1.1966  test_acc=45.28%  (best 49.44 @ ep 40)  [3.7s]
  ep  52: loss=1.1926  test_acc=44.66%  (best 49.44 @ ep 40)  [3.8s]
  ep  53: loss=1.1847  test_acc=44.15%  (best 49.44 @ ep 40)  [3.6s]
  ep  54: loss=1.1830  test_acc=43.82%  (best 49.44 @ ep 40)  [3.4s]
  ep  55: loss=1.1622  test_acc=44.52%  (best 49.44 @ ep 40)  [6.1s]
  ep  56: loss=1.1640  test_acc=48.90%  (best 49.44 @ ep 40)  [8.9s]
  ep  57: loss=1.1562  test_acc=46.41%  (best 49.44 @ ep 40)  [8.4s]
  ep  58: loss=1.1484  test_acc=49.24%  (best 49.44 @ ep 40)  [8.0s]
  ep  59: loss=1.1357  test_acc=44.86%  (best 49.44 @ ep 40)  [8.3s]
  ep  60: loss=1.1326  test_acc=44.18%  (best 49.44 @ ep 40)  [7.9s]
  ep  61: loss=1.1231  test_acc=48.40%  (best 49.44 @ ep 40)  [8.0s]
  ep  62: loss=1.1199  test_acc=43.40%  (best 49.44 @ ep 40)  [8.5s]
  ep  63: loss=1.1081  test_acc=49.01%  (best 49.44 @ ep 40)  [8.7s]
  ep  64: loss=1.0973  test_acc=43.51%  (best 49.44 @ ep 40)  [8.3s]
  ep  65: loss=1.0908  test_acc=48.48%  (best 49.44 @ ep 40)  [8.6s]
  ep  66: loss=1.0773  test_acc=50.65%  (best 50.65 @ ep 66)  [8.2s]
  ep  67: loss=1.0719  test_acc=51.02%  (best 51.02 @ ep 67)  [8.0s]
  ep  68: loss=1.0561  test_acc=46.04%  (best 51.02 @ ep 67)  [8.9s]
  ep  69: loss=1.0443  test_acc=44.91%  (best 51.02 @ ep 67)  [8.8s]
  ep  70: loss=1.0337  test_acc=47.06%  (best 51.02 @ ep 67)  [9.6s]
  ep  71: loss=1.0236  test_acc=43.21%  (best 51.02 @ ep 67)  [8.8s]
  ep  72: loss=1.0158  test_acc=44.06%  (best 51.02 @ ep 67)  [9.4s]
  ep  73: loss=0.9951  test_acc=42.21%  (best 51.02 @ ep 67)  [8.6s]
  ep  74: loss=0.9897  test_acc=47.00%  (best 51.02 @ ep 67)  [8.8s]
  ep  75: loss=0.9769  test_acc=47.94%  (best 51.02 @ ep 67)  [11.8s]  [logged per-sample loss: mean=0.974]
  ep  76: loss=0.9619  test_acc=48.17%  (best 51.02 @ ep 67)  [8.8s]
  ep  77: loss=0.9467  test_acc=51.48%  (best 51.48 @ ep 77)  [9.2s]
  ep  78: loss=0.9363  test_acc=49.33%  (best 51.48 @ ep 77)  [9.2s]
  ep  79: loss=0.9191  test_acc=47.39%  (best 51.48 @ ep 77)  [9.7s]
  ep  80: loss=0.8978  test_acc=44.09%  (best 51.48 @ ep 77)  [9.3s]
  ep  81: loss=0.8794  test_acc=48.95%  (best 51.48 @ ep 77)  [9.0s]
  ep  82: loss=0.8639  test_acc=47.86%  (best 51.48 @ ep 77)  [10.2s]
  ep  83: loss=0.8433  test_acc=47.60%  (best 51.48 @ ep 77)  [9.5s]
  ep  84: loss=0.8320  test_acc=44.87%  (best 51.48 @ ep 77)  [9.8s]
  ep  85: loss=0.8114  test_acc=40.81%  (best 51.48 @ ep 77)  [10.2s]
  ep  86: loss=0.8015  test_acc=44.10%  (best 51.48 @ ep 77)  [9.5s]
  ep  87: loss=0.7816  test_acc=43.44%  (best 51.48 @ ep 77)  [8.9s]
  ep  88: loss=0.7553  test_acc=43.64%  (best 51.48 @ ep 77)  [9.0s]
  ep  89: loss=0.7382  test_acc=43.92%  (best 51.48 @ ep 77)  [9.5s]
  ep  90: loss=0.7250  test_acc=44.21%  (best 51.48 @ ep 77)  [8.9s]
  ep  91: loss=0.7076  test_acc=44.87%  (best 51.48 @ ep 77)  [9.2s]
  ep  92: loss=0.6885  test_acc=43.96%  (best 51.48 @ ep 77)  [9.1s]
  ep  93: loss=0.6766  test_acc=43.43%  (best 51.48 @ ep 77)  [9.0s]
  ep  94: loss=0.6700  test_acc=43.41%  (best 51.48 @ ep 77)  [8.6s]
  ep  95: loss=0.6585  test_acc=42.36%  (best 51.48 @ ep 77)  [9.1s]
  ep  96: loss=0.6508  test_acc=42.37%  (best 51.48 @ ep 77)  [10.2s]
  ep  97: loss=0.6437  test_acc=41.91%  (best 51.48 @ ep 77)  [9.6s]
  ep  98: loss=0.6433  test_acc=42.25%  (best 51.48 @ ep 77)  [8.8s]
  ep  99: loss=0.6373  test_acc=42.49%  (best 51.48 @ ep 77)  [11.8s]  [logged per-sample loss: mean=0.603]

saved /path/to/ciln-workspace/journal_edition/robustness_transfer/results_v4/erm/ours_v2_noisy__contrast_sev5__seed2.json: best 51.48% @ ep 77
