condition=ours_v2_clean__glass_blur_sev3 seed=1 gpu=1
/path/to/ciln-workspace/venv/lib/python3.12/site-packages/torchvision/datasets/cifar.py:83: VisibleDeprecationWarning: dtype(): align should be passed as Python or NumPy boolean but got `align=0`. Did you mean to pass a tuple to create a subarray type? (Deprecated NumPy 2.4)
  entry = pickle.load(f, encoding="latin1")
image_source=clean  N=22500  noise_rate=64.68%
  ep   0: R(t)=1.000  acc1=11.61%  acc2=15.65%  ens=13.63%  (best 13.63 @ ep 0)  [7.3s]
  ep   1: R(t)=0.795  acc1=17.89%  acc2=16.80%  ens=17.34%  (best 17.34 @ ep 1)  [6.4s]
  ep   2: R(t)=0.711  acc1=22.36%  acc2=22.58%  ens=22.47%  (best 22.47 @ ep 2)  [6.3s]
  ep   3: R(t)=0.646  acc1=16.73%  acc2=19.29%  ens=18.01%  (best 22.47 @ ep 2)  [6.5s]
  ep   4: R(t)=0.591  acc1=19.44%  acc2=18.13%  ens=18.79%  (best 22.47 @ ep 2)  [6.4s]
  ep   5: R(t)=0.543  acc1=22.05%  acc2=21.57%  ens=21.81%  (best 22.47 @ ep 2)  [10.2s]  [sel1+2: prec=0.318, recall_clean=0.504]
  ep   6: R(t)=0.499  acc1=18.15%  acc2=19.80%  ens=18.98%  (best 22.47 @ ep 2)  [13.0s]
  ep   7: R(t)=0.459  acc1=20.87%  acc2=20.82%  ens=20.84%  (best 22.47 @ ep 2)  [17.4s]
  ep   8: R(t)=0.422  acc1=18.19%  acc2=17.98%  ens=18.09%  (best 22.47 @ ep 2)  [16.7s]
  ep   9: R(t)=0.386  acc1=17.30%  acc2=17.20%  ens=17.25%  (best 22.47 @ ep 2)  [16.5s]
  ep  10: R(t)=0.353  acc1=16.46%  acc2=16.71%  ens=16.59%  (best 22.47 @ ep 2)  [21.5s]  [sel1+2: prec=0.249, recall_clean=0.256]
  ep  11: R(t)=0.353  acc1=16.33%  acc2=15.68%  ens=16.00%  (best 22.47 @ ep 2)  [17.7s]
  ep  12: R(t)=0.353  acc1=14.58%  acc2=17.02%  ens=15.80%  (best 22.47 @ ep 2)  [16.2s]
  ep  13: R(t)=0.353  acc1=15.12%  acc2=15.43%  ens=15.28%  (best 22.47 @ ep 2)  [16.7s]
  ep  14: R(t)=0.353  acc1=17.40%  acc2=16.13%  ens=16.77%  (best 22.47 @ ep 2)  [16.3s]
  ep  15: R(t)=0.353  acc1=18.03%  acc2=15.42%  ens=16.73%  (best 22.47 @ ep 2)  [16.7s]
  ep  16: R(t)=0.353  acc1=17.49%  acc2=15.58%  ens=16.54%  (best 22.47 @ ep 2)  [16.3s]
  ep  17: R(t)=0.353  acc1=15.50%  acc2=18.08%  ens=16.79%  (best 22.47 @ ep 2)  [16.6s]
  ep  18: R(t)=0.353  acc1=10.36%  acc2=12.82%  ens=11.59%  (best 22.47 @ ep 2)  [15.9s]
  ep  19: R(t)=0.353  acc1=13.48%  acc2=14.36%  ens=13.92%  (best 22.47 @ ep 2)  [15.6s]
  ep  20: R(t)=0.353  acc1=13.39%  acc2=13.19%  ens=13.29%  (best 22.47 @ ep 2)  [21.8s]  [sel1+2: prec=0.244, recall_clean=0.253]
  ep  21: R(t)=0.353  acc1=16.38%  acc2=17.55%  ens=16.96%  (best 22.47 @ ep 2)  [18.0s]
  ep  22: R(t)=0.353  acc1=13.73%  acc2=13.01%  ens=13.37%  (best 22.47 @ ep 2)  [17.6s]
  ep  23: R(t)=0.353  acc1=14.88%  acc2=15.24%  ens=15.06%  (best 22.47 @ ep 2)  [16.9s]
  ep  24: R(t)=0.353  acc1=16.14%  acc2=16.69%  ens=16.41%  (best 22.47 @ ep 2)  [16.5s]
  ep  25: R(t)=0.353  acc1=13.51%  acc2=14.41%  ens=13.96%  (best 22.47 @ ep 2)  [16.3s]
  ep  26: R(t)=0.353  acc1=13.60%  acc2=14.10%  ens=13.85%  (best 22.47 @ ep 2)  [17.7s]
  ep  27: R(t)=0.353  acc1=13.33%  acc2=15.11%  ens=14.22%  (best 22.47 @ ep 2)  [17.6s]
  ep  28: R(t)=0.353  acc1=13.33%  acc2=14.90%  ens=14.12%  (best 22.47 @ ep 2)  [16.5s]
  ep  29: R(t)=0.353  acc1=14.64%  acc2=14.67%  ens=14.66%  (best 22.47 @ ep 2)  [16.2s]
  ep  30: R(t)=0.353  acc1=11.73%  acc2=14.89%  ens=13.31%  (best 22.47 @ ep 2)  [21.4s]  [sel1+2: prec=0.229, recall_clean=0.234]
  ep  31: R(t)=0.353  acc1=14.72%  acc2=14.91%  ens=14.82%  (best 22.47 @ ep 2)  [17.8s]
  ep  32: R(t)=0.353  acc1=16.29%  acc2=15.40%  ens=15.84%  (best 22.47 @ ep 2)  [17.8s]
  ep  33: R(t)=0.353  acc1=12.13%  acc2=13.37%  ens=12.75%  (best 22.47 @ ep 2)  [17.2s]
  ep  34: R(t)=0.353  acc1=15.61%  acc2=15.57%  ens=15.59%  (best 22.47 @ ep 2)  [16.8s]
  ep  35: R(t)=0.353  acc1=14.73%  acc2=15.30%  ens=15.02%  (best 22.47 @ ep 2)  [17.4s]
  ep  36: R(t)=0.353  acc1=13.75%  acc2=13.00%  ens=13.38%  (best 22.47 @ ep 2)  [17.8s]
  ep  37: R(t)=0.353  acc1=13.64%  acc2=14.11%  ens=13.87%  (best 22.47 @ ep 2)  [18.0s]
  ep  38: R(t)=0.353  acc1=14.82%  acc2=15.03%  ens=14.92%  (best 22.47 @ ep 2)  [17.0s]
  ep  39: R(t)=0.353  acc1=15.52%  acc2=15.13%  ens=15.32%  (best 22.47 @ ep 2)  [17.5s]
  ep  40: R(t)=0.353  acc1=13.01%  acc2=13.20%  ens=13.11%  (best 22.47 @ ep 2)  [16.4s]
  ep  41: R(t)=0.353  acc1=13.76%  acc2=13.55%  ens=13.66%  (best 22.47 @ ep 2)  [15.9s]
  ep  42: R(t)=0.353  acc1=14.99%  acc2=15.10%  ens=15.04%  (best 22.47 @ ep 2)  [16.5s]
  ep  43: R(t)=0.353  acc1=15.87%  acc2=14.77%  ens=15.32%  (best 22.47 @ ep 2)  [16.8s]
  ep  44: R(t)=0.353  acc1=15.78%  acc2=15.49%  ens=15.63%  (best 22.47 @ ep 2)  [16.3s]
  ep  45: R(t)=0.353  acc1=15.78%  acc2=15.25%  ens=15.52%  (best 22.47 @ ep 2)  [17.0s]
  ep  46: R(t)=0.353  acc1=15.54%  acc2=16.10%  ens=15.82%  (best 22.47 @ ep 2)  [16.8s]
  ep  47: R(t)=0.353  acc1=13.59%  acc2=13.77%  ens=13.68%  (best 22.47 @ ep 2)  [16.4s]
  ep  48: R(t)=0.353  acc1=16.63%  acc2=15.41%  ens=16.02%  (best 22.47 @ ep 2)  [16.7s]
  ep  49: R(t)=0.353  acc1=15.35%  acc2=15.38%  ens=15.37%  (best 22.47 @ ep 2)  [16.5s]
  ep  50: R(t)=0.353  acc1=12.53%  acc2=13.85%  ens=13.19%  (best 22.47 @ ep 2)  [21.9s]  [sel1+2: prec=0.246, recall_clean=0.248]
  ep  51: R(t)=0.353  acc1=15.92%  acc2=15.66%  ens=15.79%  (best 22.47 @ ep 2)  [18.0s]
  ep  52: R(t)=0.353  acc1=13.93%  acc2=13.89%  ens=13.91%  (best 22.47 @ ep 2)  [16.7s]
  ep  53: R(t)=0.353  acc1=14.43%  acc2=14.43%  ens=14.43%  (best 22.47 @ ep 2)  [16.5s]
  ep  54: R(t)=0.353  acc1=13.52%  acc2=13.20%  ens=13.36%  (best 22.47 @ ep 2)  [16.7s]
  ep  55: R(t)=0.353  acc1=14.19%  acc2=13.37%  ens=13.78%  (best 22.47 @ ep 2)  [16.3s]
  ep  56: R(t)=0.353  acc1=13.90%  acc2=13.33%  ens=13.61%  (best 22.47 @ ep 2)  [15.8s]
  ep  57: R(t)=0.353  acc1=14.70%  acc2=15.34%  ens=15.02%  (best 22.47 @ ep 2)  [17.0s]
  ep  58: R(t)=0.353  acc1=14.32%  acc2=15.06%  ens=14.69%  (best 22.47 @ ep 2)  [16.6s]
  ep  59: R(t)=0.353  acc1=15.76%  acc2=15.67%  ens=15.72%  (best 22.47 @ ep 2)  [17.0s]
  ep  60: R(t)=0.353  acc1=15.19%  acc2=15.19%  ens=15.19%  (best 22.47 @ ep 2)  [16.7s]
  ep  61: R(t)=0.353  acc1=13.97%  acc2=14.31%  ens=14.14%  (best 22.47 @ ep 2)  [16.5s]
  ep  62: R(t)=0.353  acc1=15.68%  acc2=15.53%  ens=15.60%  (best 22.47 @ ep 2)  [17.1s]
  ep  63: R(t)=0.353  acc1=15.89%  acc2=15.26%  ens=15.57%  (best 22.47 @ ep 2)  [16.1s]
  ep  64: R(t)=0.353  acc1=16.18%  acc2=14.97%  ens=15.57%  (best 22.47 @ ep 2)  [15.9s]
  ep  65: R(t)=0.353  acc1=15.15%  acc2=15.17%  ens=15.16%  (best 22.47 @ ep 2)  [16.2s]
  ep  66: R(t)=0.353  acc1=15.32%  acc2=15.08%  ens=15.20%  (best 22.47 @ ep 2)  [16.4s]
  ep  67: R(t)=0.353  acc1=13.81%  acc2=13.90%  ens=13.86%  (best 22.47 @ ep 2)  [15.7s]
  ep  68: R(t)=0.353  acc1=13.33%  acc2=13.37%  ens=13.35%  (best 22.47 @ ep 2)  [17.8s]
  ep  69: R(t)=0.353  acc1=14.69%  acc2=14.66%  ens=14.67%  (best 22.47 @ ep 2)  [17.8s]
  ep  70: R(t)=0.353  acc1=15.03%  acc2=14.28%  ens=14.66%  (best 22.47 @ ep 2)  [16.2s]
  ep  71: R(t)=0.353  acc1=15.38%  acc2=15.65%  ens=15.52%  (best 22.47 @ ep 2)  [17.6s]
  ep  72: R(t)=0.353  acc1=15.84%  acc2=15.56%  ens=15.70%  (best 22.47 @ ep 2)  [8.5s]
  ep  73: R(t)=0.353  acc1=15.84%  acc2=15.85%  ens=15.85%  (best 22.47 @ ep 2)  [6.5s]
  ep  74: R(t)=0.353  acc1=15.67%  acc2=15.48%  ens=15.57%  (best 22.47 @ ep 2)  [6.6s]
  ep  75: R(t)=0.353  acc1=14.42%  acc2=14.41%  ens=14.41%  (best 22.47 @ ep 2)  [10.1s]  [sel1+2: prec=0.234, recall_clean=0.234]
  ep  76: R(t)=0.353  acc1=14.36%  acc2=14.71%  ens=14.54%  (best 22.47 @ ep 2)  [6.5s]
  ep  77: R(t)=0.353  acc1=14.62%  acc2=14.57%  ens=14.59%  (best 22.47 @ ep 2)  [6.6s]
  ep  78: R(t)=0.353  acc1=15.30%  acc2=15.07%  ens=15.18%  (best 22.47 @ ep 2)  [6.2s]
  ep  79: R(t)=0.353  acc1=14.83%  acc2=15.10%  ens=14.96%  (best 22.47 @ ep 2)  [6.6s]
  ep  80: R(t)=0.353  acc1=14.24%  acc2=14.24%  ens=14.24%  (best 22.47 @ ep 2)  [6.5s]
  ep  81: R(t)=0.353  acc1=15.26%  acc2=14.79%  ens=15.02%  (best 22.47 @ ep 2)  [15.4s]
  ep  82: R(t)=0.353  acc1=14.59%  acc2=14.63%  ens=14.61%  (best 22.47 @ ep 2)  [16.8s]
  ep  83: R(t)=0.353  acc1=14.80%  acc2=14.86%  ens=14.83%  (best 22.47 @ ep 2)  [16.6s]
  ep  84: R(t)=0.353  acc1=14.83%  acc2=14.81%  ens=14.82%  (best 22.47 @ ep 2)  [16.2s]
  ep  85: R(t)=0.353  acc1=14.72%  acc2=14.88%  ens=14.80%  (best 22.47 @ ep 2)  [17.5s]
  ep  86: R(t)=0.353  acc1=14.99%  acc2=14.90%  ens=14.95%  (best 22.47 @ ep 2)  [16.7s]
  ep  87: R(t)=0.353  acc1=14.67%  acc2=14.78%  ens=14.72%  (best 22.47 @ ep 2)  [17.9s]
  ep  88: R(t)=0.353  acc1=15.10%  acc2=14.54%  ens=14.82%  (best 22.47 @ ep 2)  [16.0s]
  ep  89: R(t)=0.353  acc1=14.76%  acc2=14.76%  ens=14.76%  (best 22.47 @ ep 2)  [16.5s]
  ep  90: R(t)=0.353  acc1=14.55%  acc2=14.64%  ens=14.59%  (best 22.47 @ ep 2)  [17.0s]
  ep  91: R(t)=0.353  acc1=14.40%  acc2=14.47%  ens=14.43%  (best 22.47 @ ep 2)  [17.6s]
  ep  92: R(t)=0.353  acc1=14.83%  acc2=14.83%  ens=14.83%  (best 22.47 @ ep 2)  [17.0s]
  ep  93: R(t)=0.353  acc1=14.70%  acc2=14.70%  ens=14.70%  (best 22.47 @ ep 2)  [15.7s]
  ep  94: R(t)=0.353  acc1=14.70%  acc2=14.64%  ens=14.67%  (best 22.47 @ ep 2)  [6.3s]
  ep  95: R(t)=0.353  acc1=14.68%  acc2=14.66%  ens=14.67%  (best 22.47 @ ep 2)  [6.5s]
  ep  96: R(t)=0.353  acc1=14.57%  acc2=14.61%  ens=14.59%  (best 22.47 @ ep 2)  [6.6s]
  ep  97: R(t)=0.353  acc1=14.73%  acc2=14.76%  ens=14.74%  (best 22.47 @ ep 2)  [6.6s]
  ep  98: R(t)=0.353  acc1=14.78%  acc2=14.86%  ens=14.82%  (best 22.47 @ ep 2)  [6.8s]
  ep  99: R(t)=0.353  acc1=14.69%  acc2=14.65%  ens=14.67%  (best 22.47 @ ep 2)  [10.2s]  [sel1+2: prec=0.232, recall_clean=0.231]

saved /path/to/ciln-workspace/journal_edition/robustness_transfer/results_v4/coteaching/ours_v2_clean__glass_blur_sev3__seed1.json: best ens-acc 22.47% @ ep 2
