condition=ours_v2_noisy__elastic_transform_sev3 seed=1 gpu=2
/path/to/ciln-workspace/venv/lib/python3.12/site-packages/torchvision/datasets/cifar.py:83: VisibleDeprecationWarning: dtype(): align should be passed as Python or NumPy boolean but got `align=0`. Did you mean to pass a tuple to create a subarray type? (Deprecated NumPy 2.4)
  entry = pickle.load(f, encoding="latin1")
image_source=noisy  N_train=22500  noise_rate=17.52%
  ep   0: acc1=36.04%  acc2=29.14%  ens=32.59%  (best 32.59 @ ep 0)  [8.0s]
  ep   1: acc1=47.55%  acc2=32.24%  ens=39.90%  (best 39.90 @ ep 1)  [7.5s]
  ep   2: acc1=48.85%  acc2=54.53%  ens=51.69%  (best 51.69 @ ep 2)  [7.6s]
  ep   3: acc1=50.46%  acc2=49.59%  ens=50.03%  (best 51.69 @ ep 2)  [7.3s]
  ep   4: acc1=56.75%  acc2=58.53%  ens=57.64%  (best 57.64 @ ep 4)  [7.6s]
  ep   5: acc1=56.26%  acc2=65.50%  ens=60.88%  (best 60.88 @ ep 5)  [11.7s]  [w on clean=0.770, on noisy=0.538]
  ep   6: acc1=65.82%  acc2=60.74%  ens=63.28%  (best 63.28 @ ep 6)  [25.8s]
  ep   7: acc1=60.53%  acc2=62.27%  ens=61.40%  (best 63.28 @ ep 6)  [26.6s]
  ep   8: acc1=63.30%  acc2=62.88%  ens=63.09%  (best 63.28 @ ep 6)  [26.6s]
  ep   9: acc1=61.08%  acc2=68.45%  ens=64.77%  (best 64.77 @ ep 9)  [26.2s]
  ep  10: acc1=48.73%  acc2=33.61%  ens=41.17%  (best 64.77 @ ep 9)  [77.3s]  [w on clean=0.689, on noisy=0.406]
  ep  11: acc1=29.18%  acc2=25.49%  ens=27.33%  (best 64.77 @ ep 9)  [89.9s]
  ep  12: acc1=24.05%  acc2=20.47%  ens=22.26%  (best 64.77 @ ep 9)  [38.0s]
  ep  13: acc1=22.32%  acc2=22.72%  ens=22.52%  (best 64.77 @ ep 9)  [31.2s]
  ep  14: acc1=22.65%  acc2=21.90%  ens=22.27%  (best 64.77 @ ep 9)  [62.3s]
  ep  15: acc1=20.66%  acc2=21.81%  ens=21.23%  (best 64.77 @ ep 9)  [34.0s]
  ep  16: acc1=25.85%  acc2=25.63%  ens=25.74%  (best 64.77 @ ep 9)  [147.9s]
  ep  17: acc1=29.73%  acc2=27.14%  ens=28.43%  (best 64.77 @ ep 9)  [37.7s]
  ep  18: acc1=28.86%  acc2=31.91%  ens=30.39%  (best 64.77 @ ep 9)  [122.6s]
  ep  19: acc1=32.90%  acc2=27.98%  ens=30.44%  (best 64.77 @ ep 9)  [38.2s]
  ep  20: acc1=20.40%  acc2=25.51%  ens=22.95%  (best 64.77 @ ep 9)  [50.1s]  [w on clean=0.804, on noisy=0.689]
  ep  21: acc1=25.72%  acc2=23.94%  ens=24.83%  (best 64.77 @ ep 9)  [79.4s]
  ep  22: acc1=25.97%  acc2=31.27%  ens=28.62%  (best 64.77 @ ep 9)  [39.3s]
  ep  23: acc1=24.95%  acc2=28.46%  ens=26.71%  (best 64.77 @ ep 9)  [72.9s]
  ep  24: acc1=28.59%  acc2=31.71%  ens=30.15%  (best 64.77 @ ep 9)  [38.3s]
  ep  25: acc1=30.68%  acc2=36.21%  ens=33.45%  (best 64.77 @ ep 9)  [41.4s]
  ep  26: acc1=34.87%  acc2=39.64%  ens=37.26%  (best 64.77 @ ep 9)  [85.4s]
  ep  27: acc1=38.87%  acc2=33.73%  ens=36.30%  (best 64.77 @ ep 9)  [39.3s]
  ep  28: acc1=36.70%  acc2=30.15%  ens=33.42%  (best 64.77 @ ep 9)  [48.7s]
  ep  29: acc1=30.81%  acc2=28.91%  ens=29.86%  (best 64.77 @ ep 9)  [92.0s]
  ep  30: acc1=27.39%  acc2=26.49%  ens=26.94%  (best 64.77 @ ep 9)  [42.2s]  [w on clean=0.804, on noisy=0.689]
  ep  31: acc1=27.63%  acc2=31.58%  ens=29.61%  (best 64.77 @ ep 9)  [42.0s]
  ep  32: acc1=34.81%  acc2=37.29%  ens=36.05%  (best 64.77 @ ep 9)  [80.4s]
  ep  33: acc1=36.56%  acc2=37.83%  ens=37.20%  (best 64.77 @ ep 9)  [59.1s]
  ep  34: acc1=34.13%  acc2=32.55%  ens=33.34%  (best 64.77 @ ep 9)  [112.3s]
  ep  35: acc1=32.62%  acc2=36.35%  ens=34.48%  (best 64.77 @ ep 9)  [45.6s]
  ep  36: acc1=37.63%  acc2=38.51%  ens=38.07%  (best 64.77 @ ep 9)  [127.9s]
  ep  37: acc1=38.28%  acc2=33.88%  ens=36.08%  (best 64.77 @ ep 9)  [42.5s]
  ep  38: acc1=32.78%  acc2=35.45%  ens=34.11%  (best 64.77 @ ep 9)  [63.1s]
  ep  39: acc1=35.02%  acc2=35.99%  ens=35.50%  (best 64.77 @ ep 9)  [38.6s]
  ep  40: acc1=36.46%  acc2=35.44%  ens=35.95%  (best 64.77 @ ep 9)  [43.5s]
  ep  41: acc1=34.22%  acc2=37.15%  ens=35.69%  (best 64.77 @ ep 9)  [48.1s]
  ep  42: acc1=42.10%  acc2=40.03%  ens=41.06%  (best 64.77 @ ep 9)  [37.0s]
  ep  43: acc1=40.93%  acc2=38.12%  ens=39.52%  (best 64.77 @ ep 9)  [98.3s]
  ep  44: acc1=37.13%  acc2=36.95%  ens=37.04%  (best 64.77 @ ep 9)  [37.0s]
  ep  45: acc1=38.30%  acc2=40.26%  ens=39.28%  (best 64.77 @ ep 9)  [144.9s]
  ep  46: acc1=36.12%  acc2=36.70%  ens=36.41%  (best 64.77 @ ep 9)  [39.4s]
  ep  47: acc1=37.28%  acc2=33.30%  ens=35.29%  (best 64.77 @ ep 9)  [251.5s]
  ep  48: acc1=37.53%  acc2=39.80%  ens=38.67%  (best 64.77 @ ep 9)  [43.3s]
  ep  49: acc1=42.70%  acc2=33.57%  ens=38.13%  (best 64.77 @ ep 9)  [197.1s]
  ep  50: acc1=37.21%  acc2=35.96%  ens=36.59%  (best 64.77 @ ep 9)  [40.2s]  [w on clean=0.804, on noisy=0.690]
  ep  51: acc1=34.19%  acc2=39.10%  ens=36.65%  (best 64.77 @ ep 9)  [53.5s]
  ep  52: acc1=35.96%  acc2=41.28%  ens=38.62%  (best 64.77 @ ep 9)  [110.3s]
  ep  53: acc1=35.60%  acc2=38.92%  ens=37.26%  (best 64.77 @ ep 9)  [47.1s]
  ep  54: acc1=33.23%  acc2=38.93%  ens=36.08%  (best 64.77 @ ep 9)  [51.5s]
  ep  55: acc1=39.05%  acc2=42.13%  ens=40.59%  (best 64.77 @ ep 9)  [38.6s]
  ep  56: acc1=45.11%  acc2=42.36%  ens=43.73%  (best 64.77 @ ep 9)  [85.0s]
  ep  57: acc1=40.32%  acc2=38.36%  ens=39.34%  (best 64.77 @ ep 9)  [51.3s]
  ep  58: acc1=37.97%  acc2=35.83%  ens=36.90%  (best 64.77 @ ep 9)  [38.4s]
  ep  59: acc1=40.05%  acc2=40.04%  ens=40.04%  (best 64.77 @ ep 9)  [38.9s]
  ep  60: acc1=43.04%  acc2=44.65%  ens=43.84%  (best 64.77 @ ep 9)  [38.3s]
  ep  61: acc1=42.56%  acc2=42.12%  ens=42.34%  (best 64.77 @ ep 9)  [75.8s]
  ep  62: acc1=42.69%  acc2=40.37%  ens=41.53%  (best 64.77 @ ep 9)  [69.3s]
  ep  63: acc1=36.40%  acc2=38.25%  ens=37.32%  (best 64.77 @ ep 9)  [43.8s]
  ep  64: acc1=42.00%  acc2=40.42%  ens=41.21%  (best 64.77 @ ep 9)  [117.2s]
  ep  65: acc1=46.22%  acc2=43.23%  ens=44.73%  (best 64.77 @ ep 9)  [73.8s]
  ep  66: acc1=42.47%  acc2=44.11%  ens=43.29%  (best 64.77 @ ep 9)  [42.2s]
  ep  67: acc1=42.41%  acc2=45.47%  ens=43.94%  (best 64.77 @ ep 9)  [39.0s]
  ep  68: acc1=43.85%  acc2=44.22%  ens=44.04%  (best 64.77 @ ep 9)  [58.6s]
  ep  69: acc1=42.72%  acc2=44.70%  ens=43.71%  (best 64.77 @ ep 9)  [37.3s]
  ep  70: acc1=40.91%  acc2=43.92%  ens=42.42%  (best 64.77 @ ep 9)  [92.0s]
  ep  71: acc1=42.69%  acc2=45.72%  ens=44.20%  (best 64.77 @ ep 9)  [41.7s]
  ep  72: acc1=40.03%  acc2=45.39%  ens=42.71%  (best 64.77 @ ep 9)  [38.4s]
  ep  73: acc1=45.33%  acc2=43.26%  ens=44.29%  (best 64.77 @ ep 9)  [124.9s]
  ep  74: acc1=43.21%  acc2=45.24%  ens=44.23%  (best 64.77 @ ep 9)  [37.9s]
  ep  75: acc1=40.56%  acc2=43.35%  ens=41.95%  (best 64.77 @ ep 9)  [80.2s]  [w on clean=0.804, on noisy=0.689]
  ep  76: acc1=42.66%  acc2=44.51%  ens=43.58%  (best 64.77 @ ep 9)  [58.8s]
  ep  77: acc1=44.18%  acc2=42.88%  ens=43.53%  (best 64.77 @ ep 9)  [36.9s]
  ep  78: acc1=44.99%  acc2=44.44%  ens=44.72%  (best 64.77 @ ep 9)  [145.3s]
  ep  79: acc1=44.64%  acc2=44.80%  ens=44.72%  (best 64.77 @ ep 9)  [42.4s]
  ep  80: acc1=43.94%  acc2=44.37%  ens=44.16%  (best 64.77 @ ep 9)  [62.0s]
  ep  81: acc1=43.98%  acc2=45.02%  ens=44.50%  (best 64.77 @ ep 9)  [50.9s]
  ep  82: acc1=42.84%  acc2=45.49%  ens=44.16%  (best 64.77 @ ep 9)  [77.4s]
  ep  83: acc1=44.48%  acc2=43.27%  ens=43.88%  (best 64.77 @ ep 9)  [42.5s]
  ep  84: acc1=44.04%  acc2=42.84%  ens=43.44%  (best 64.77 @ ep 9)  [98.9s]
  ep  85: acc1=43.65%  acc2=46.33%  ens=44.99%  (best 64.77 @ ep 9)  [84.3s]
  ep  86: acc1=42.70%  acc2=43.31%  ens=43.00%  (best 64.77 @ ep 9)  [37.9s]
  ep  87: acc1=44.62%  acc2=44.94%  ens=44.78%  (best 64.77 @ ep 9)  [50.4s]
  ep  88: acc1=43.87%  acc2=44.30%  ens=44.08%  (best 64.77 @ ep 9)  [52.6s]
  ep  89: acc1=44.53%  acc2=45.29%  ens=44.91%  (best 64.77 @ ep 9)  [121.6s]
  ep  90: acc1=44.65%  acc2=44.38%  ens=44.52%  (best 64.77 @ ep 9)  [111.1s]
  ep  91: acc1=44.08%  acc2=45.90%  ens=44.99%  (best 64.77 @ ep 9)  [38.6s]
  ep  92: acc1=45.27%  acc2=46.08%  ens=45.67%  (best 64.77 @ ep 9)  [119.2s]
  ep  93: acc1=43.84%  acc2=45.58%  ens=44.71%  (best 64.77 @ ep 9)  [39.8s]
  ep  94: acc1=44.88%  acc2=45.92%  ens=45.40%  (best 64.77 @ ep 9)  [52.5s]
  ep  95: acc1=44.38%  acc2=45.08%  ens=44.73%  (best 64.77 @ ep 9)  [38.9s]
  ep  96: acc1=44.07%  acc2=45.74%  ens=44.90%  (best 64.77 @ ep 9)  [152.7s]
  ep  97: acc1=44.08%  acc2=45.73%  ens=44.91%  (best 64.77 @ ep 9)  [41.4s]
  ep  98: acc1=44.11%  acc2=45.82%  ens=44.96%  (best 64.77 @ ep 9)  [141.5s]
  ep  99: acc1=44.24%  acc2=44.70%  ens=44.47%  (best 64.77 @ ep 9)  [41.1s]  [w on clean=0.804, on noisy=0.689]

saved /path/to/ciln-workspace/journal_edition/robustness_transfer/results_v4/dividemix/ours_v2_noisy__elastic_transform_sev3__seed1.json: best ens-acc 64.77% @ ep 9
