condition=ours_v2_clean__snow_sev3 seed=0 gpu=1
/path/to/ciln-workspace/venv/lib/python3.12/site-packages/torchvision/datasets/cifar.py:83: VisibleDeprecationWarning: dtype(): align should be passed as Python or NumPy boolean but got `align=0`. Did you mean to pass a tuple to create a subarray type? (Deprecated NumPy 2.4)
  entry = pickle.load(f, encoding="latin1")
image_source=clean  N=22500  noise_rate=19.37%
  ep   0: R(t)=1.000  acc1=30.45%  acc2=32.17%  ens=31.31%  (best 31.31 @ ep 0)  [7.7s]
  ep   1: R(t)=0.939  acc1=38.30%  acc2=40.22%  ens=39.26%  (best 39.26 @ ep 1)  [6.3s]
  ep   2: R(t)=0.913  acc1=43.82%  acc2=45.91%  ens=44.87%  (best 44.87 @ ep 2)  [6.4s]
  ep   3: R(t)=0.894  acc1=47.47%  acc2=55.00%  ens=51.24%  (best 51.24 @ ep 3)  [6.4s]
  ep   4: R(t)=0.877  acc1=51.99%  acc2=48.57%  ens=50.28%  (best 51.24 @ ep 3)  [6.4s]
  ep   5: R(t)=0.863  acc1=54.52%  acc2=54.95%  ens=54.73%  (best 54.73 @ ep 5)  [10.0s]  [sel1+2: prec=0.847, recall_clean=0.937]
  ep   6: R(t)=0.850  acc1=56.85%  acc2=60.08%  ens=58.47%  (best 58.47 @ ep 6)  [6.8s]
  ep   7: R(t)=0.838  acc1=43.73%  acc2=57.97%  ens=50.85%  (best 58.47 @ ep 6)  [15.2s]
  ep   8: R(t)=0.827  acc1=57.21%  acc2=60.19%  ens=58.70%  (best 58.70 @ ep 8)  [17.8s]
  ep   9: R(t)=0.816  acc1=54.97%  acc2=46.50%  ens=50.73%  (best 58.70 @ ep 8)  [19.0s]
  ep  10: R(t)=0.806  acc1=63.67%  acc2=64.09%  ens=63.88%  (best 63.88 @ ep 10)  [24.3s]  [sel1+2: prec=0.874, recall_clean=0.918]
  ep  11: R(t)=0.806  acc1=63.28%  acc2=59.20%  ens=61.24%  (best 63.88 @ ep 10)  [17.2s]
  ep  12: R(t)=0.806  acc1=66.52%  acc2=67.47%  ens=67.00%  (best 67.00 @ ep 12)  [17.9s]
  ep  13: R(t)=0.806  acc1=65.35%  acc2=56.88%  ens=61.11%  (best 67.00 @ ep 12)  [16.3s]
  ep  14: R(t)=0.806  acc1=67.18%  acc2=68.71%  ens=67.94%  (best 67.94 @ ep 14)  [17.0s]
  ep  15: R(t)=0.806  acc1=70.70%  acc2=64.89%  ens=67.80%  (best 67.94 @ ep 14)  [17.9s]
  ep  16: R(t)=0.806  acc1=62.73%  acc2=58.65%  ens=60.69%  (best 67.94 @ ep 14)  [17.4s]
  ep  17: R(t)=0.806  acc1=66.67%  acc2=65.44%  ens=66.05%  (best 67.94 @ ep 14)  [11.4s]
  ep  18: R(t)=0.806  acc1=68.76%  acc2=68.79%  ens=68.77%  (best 68.77 @ ep 18)  [6.8s]
  ep  19: R(t)=0.806  acc1=72.57%  acc2=73.47%  ens=73.02%  (best 73.02 @ ep 19)  [6.4s]
  ep  20: R(t)=0.806  acc1=65.35%  acc2=71.04%  ens=68.20%  (best 73.02 @ ep 19)  [10.5s]  [sel1+2: prec=0.889, recall_clean=0.931]
  ep  21: R(t)=0.806  acc1=65.92%  acc2=70.49%  ens=68.20%  (best 73.02 @ ep 19)  [6.4s]
  ep  22: R(t)=0.806  acc1=64.87%  acc2=67.29%  ens=66.08%  (best 73.02 @ ep 19)  [6.5s]
  ep  23: R(t)=0.806  acc1=67.86%  acc2=70.86%  ens=69.36%  (best 73.02 @ ep 19)  [6.8s]
  ep  24: R(t)=0.806  acc1=71.42%  acc2=66.52%  ens=68.97%  (best 73.02 @ ep 19)  [6.4s]
  ep  25: R(t)=0.806  acc1=71.58%  acc2=72.83%  ens=72.20%  (best 73.02 @ ep 19)  [6.3s]
  ep  26: R(t)=0.806  acc1=72.75%  acc2=70.63%  ens=71.69%  (best 73.02 @ ep 19)  [10.7s]
  ep  27: R(t)=0.806  acc1=73.12%  acc2=72.33%  ens=72.72%  (best 73.02 @ ep 19)  [19.8s]
  ep  28: R(t)=0.806  acc1=71.39%  acc2=73.36%  ens=72.38%  (best 73.02 @ ep 19)  [19.8s]
  ep  29: R(t)=0.806  acc1=68.78%  acc2=68.39%  ens=68.58%  (best 73.02 @ ep 19)  [6.3s]
  ep  30: R(t)=0.806  acc1=75.00%  acc2=68.66%  ens=71.83%  (best 73.02 @ ep 19)  [9.9s]  [sel1+2: prec=0.894, recall_clean=0.935]
  ep  31: R(t)=0.806  acc1=73.42%  acc2=68.64%  ens=71.03%  (best 73.02 @ ep 19)  [6.3s]
  ep  32: R(t)=0.806  acc1=71.53%  acc2=66.67%  ens=69.10%  (best 73.02 @ ep 19)  [6.5s]
  ep  33: R(t)=0.806  acc1=71.20%  acc2=68.31%  ens=69.75%  (best 73.02 @ ep 19)  [6.7s]
  ep  34: R(t)=0.806  acc1=74.96%  acc2=70.66%  ens=72.81%  (best 73.02 @ ep 19)  [6.7s]
  ep  35: R(t)=0.806  acc1=70.60%  acc2=72.19%  ens=71.39%  (best 73.02 @ ep 19)  [6.3s]
  ep  36: R(t)=0.806  acc1=75.35%  acc2=71.20%  ens=73.28%  (best 73.28 @ ep 36)  [6.3s]
  ep  37: R(t)=0.806  acc1=74.93%  acc2=74.46%  ens=74.69%  (best 74.69 @ ep 37)  [6.6s]
  ep  38: R(t)=0.806  acc1=66.60%  acc2=73.43%  ens=70.02%  (best 74.69 @ ep 37)  [12.8s]
  ep  39: R(t)=0.806  acc1=73.37%  acc2=69.93%  ens=71.65%  (best 74.69 @ ep 37)  [16.8s]
  ep  40: R(t)=0.806  acc1=72.99%  acc2=67.77%  ens=70.38%  (best 74.69 @ ep 37)  [18.6s]
  ep  41: R(t)=0.806  acc1=70.49%  acc2=69.36%  ens=69.92%  (best 74.69 @ ep 37)  [19.1s]
  ep  42: R(t)=0.806  acc1=73.98%  acc2=73.32%  ens=73.65%  (best 74.69 @ ep 37)  [16.3s]
  ep  43: R(t)=0.806  acc1=75.67%  acc2=74.19%  ens=74.93%  (best 74.93 @ ep 43)  [16.6s]
  ep  44: R(t)=0.806  acc1=74.69%  acc2=75.62%  ens=75.16%  (best 75.16 @ ep 44)  [17.8s]
  ep  45: R(t)=0.806  acc1=78.23%  acc2=71.75%  ens=74.99%  (best 75.16 @ ep 44)  [17.7s]
  ep  46: R(t)=0.806  acc1=73.19%  acc2=71.43%  ens=72.31%  (best 75.16 @ ep 44)  [17.0s]
  ep  47: R(t)=0.806  acc1=78.99%  acc2=77.82%  ens=78.41%  (best 78.41 @ ep 47)  [16.8s]
  ep  48: R(t)=0.806  acc1=75.41%  acc2=76.64%  ens=76.02%  (best 78.41 @ ep 47)  [16.9s]
  ep  49: R(t)=0.806  acc1=75.01%  acc2=73.82%  ens=74.41%  (best 78.41 @ ep 47)  [18.5s]
  ep  50: R(t)=0.806  acc1=74.54%  acc2=73.85%  ens=74.19%  (best 78.41 @ ep 47)  [25.4s]  [sel1+2: prec=0.906, recall_clean=0.941]
  ep  51: R(t)=0.806  acc1=76.23%  acc2=75.64%  ens=75.94%  (best 78.41 @ ep 47)  [6.7s]
  ep  52: R(t)=0.806  acc1=72.81%  acc2=72.51%  ens=72.66%  (best 78.41 @ ep 47)  [6.4s]
  ep  53: R(t)=0.806  acc1=77.44%  acc2=75.21%  ens=76.33%  (best 78.41 @ ep 47)  [6.9s]
  ep  54: R(t)=0.806  acc1=79.15%  acc2=75.87%  ens=77.51%  (best 78.41 @ ep 47)  [6.4s]
  ep  55: R(t)=0.806  acc1=77.78%  acc2=73.90%  ens=75.84%  (best 78.41 @ ep 47)  [6.3s]
  ep  56: R(t)=0.806  acc1=77.64%  acc2=78.14%  ens=77.89%  (best 78.41 @ ep 47)  [6.5s]
  ep  57: R(t)=0.806  acc1=77.58%  acc2=72.84%  ens=75.21%  (best 78.41 @ ep 47)  [6.5s]
  ep  58: R(t)=0.806  acc1=79.71%  acc2=76.67%  ens=78.19%  (best 78.41 @ ep 47)  [6.3s]
  ep  59: R(t)=0.806  acc1=75.25%  acc2=76.64%  ens=75.94%  (best 78.41 @ ep 47)  [6.4s]
  ep  60: R(t)=0.806  acc1=79.19%  acc2=79.54%  ens=79.36%  (best 79.36 @ ep 60)  [10.1s]
  ep  61: R(t)=0.806  acc1=80.01%  acc2=77.02%  ens=78.52%  (best 79.36 @ ep 60)  [18.9s]
  ep  62: R(t)=0.806  acc1=79.25%  acc2=79.54%  ens=79.39%  (best 79.39 @ ep 62)  [22.0s]
  ep  63: R(t)=0.806  acc1=81.15%  acc2=78.67%  ens=79.91%  (best 79.91 @ ep 63)  [20.1s]
  ep  64: R(t)=0.806  acc1=78.87%  acc2=79.00%  ens=78.94%  (best 79.91 @ ep 63)  [19.2s]
  ep  65: R(t)=0.806  acc1=78.04%  acc2=79.62%  ens=78.83%  (best 79.91 @ ep 63)  [6.2s]
  ep  66: R(t)=0.806  acc1=79.67%  acc2=78.58%  ens=79.12%  (best 79.91 @ ep 63)  [6.2s]
  ep  67: R(t)=0.806  acc1=80.60%  acc2=81.61%  ens=81.11%  (best 81.11 @ ep 67)  [6.4s]
  ep  68: R(t)=0.806  acc1=80.74%  acc2=79.80%  ens=80.27%  (best 81.11 @ ep 67)  [6.4s]
  ep  69: R(t)=0.806  acc1=80.93%  acc2=79.02%  ens=79.97%  (best 81.11 @ ep 67)  [6.4s]
  ep  70: R(t)=0.806  acc1=79.36%  acc2=79.84%  ens=79.60%  (best 81.11 @ ep 67)  [6.3s]
  ep  71: R(t)=0.806  acc1=80.41%  acc2=80.85%  ens=80.63%  (best 81.11 @ ep 67)  [6.6s]
  ep  72: R(t)=0.806  acc1=80.48%  acc2=81.14%  ens=80.81%  (best 81.11 @ ep 67)  [6.5s]
  ep  73: R(t)=0.806  acc1=81.76%  acc2=81.99%  ens=81.88%  (best 81.88 @ ep 73)  [6.6s]
  ep  74: R(t)=0.806  acc1=82.51%  acc2=81.99%  ens=82.25%  (best 82.25 @ ep 74)  [11.5s]
  ep  75: R(t)=0.806  acc1=82.88%  acc2=81.48%  ens=82.18%  (best 82.25 @ ep 74)  [29.4s]  [sel1+2: prec=0.917, recall_clean=0.947]
  ep  76: R(t)=0.806  acc1=82.68%  acc2=82.56%  ens=82.62%  (best 82.62 @ ep 76)  [19.3s]
  ep  77: R(t)=0.806  acc1=82.75%  acc2=81.03%  ens=81.89%  (best 82.62 @ ep 76)  [20.3s]
  ep  78: R(t)=0.806  acc1=82.91%  acc2=82.54%  ens=82.73%  (best 82.73 @ ep 78)  [17.6s]
  ep  79: R(t)=0.806  acc1=82.67%  acc2=82.29%  ens=82.48%  (best 82.73 @ ep 78)  [6.4s]
  ep  80: R(t)=0.806  acc1=83.12%  acc2=82.39%  ens=82.75%  (best 82.75 @ ep 80)  [6.7s]
  ep  81: R(t)=0.806  acc1=83.64%  acc2=83.03%  ens=83.34%  (best 83.34 @ ep 81)  [6.3s]
  ep  82: R(t)=0.806  acc1=82.95%  acc2=82.91%  ens=82.93%  (best 83.34 @ ep 81)  [6.5s]
  ep  83: R(t)=0.806  acc1=83.09%  acc2=83.36%  ens=83.22%  (best 83.34 @ ep 81)  [6.5s]
  ep  84: R(t)=0.806  acc1=83.28%  acc2=83.09%  ens=83.19%  (best 83.34 @ ep 81)  [6.7s]
  ep  85: R(t)=0.806  acc1=83.20%  acc2=83.61%  ens=83.41%  (best 83.41 @ ep 85)  [6.5s]
  ep  86: R(t)=0.806  acc1=83.51%  acc2=82.51%  ens=83.01%  (best 83.41 @ ep 85)  [6.3s]
  ep  87: R(t)=0.806  acc1=83.64%  acc2=83.42%  ens=83.53%  (best 83.53 @ ep 87)  [6.3s]
  ep  88: R(t)=0.806  acc1=83.79%  acc2=83.64%  ens=83.72%  (best 83.72 @ ep 88)  [12.0s]
  ep  89: R(t)=0.806  acc1=83.92%  acc2=83.56%  ens=83.74%  (best 83.74 @ ep 89)  [19.1s]
  ep  90: R(t)=0.806  acc1=83.66%  acc2=83.44%  ens=83.55%  (best 83.74 @ ep 89)  [18.1s]
  ep  91: R(t)=0.806  acc1=83.60%  acc2=83.55%  ens=83.58%  (best 83.74 @ ep 89)  [18.8s]
  ep  92: R(t)=0.806  acc1=83.96%  acc2=83.51%  ens=83.73%  (best 83.74 @ ep 89)  [20.1s]
  ep  93: R(t)=0.806  acc1=83.78%  acc2=83.46%  ens=83.62%  (best 83.74 @ ep 89)  [17.8s]
  ep  94: R(t)=0.806  acc1=83.72%  acc2=83.70%  ens=83.71%  (best 83.74 @ ep 89)  [22.0s]
  ep  95: R(t)=0.806  acc1=83.70%  acc2=83.69%  ens=83.69%  (best 83.74 @ ep 89)  [18.1s]
  ep  96: R(t)=0.806  acc1=83.89%  acc2=83.98%  ens=83.94%  (best 83.94 @ ep 96)  [19.9s]
  ep  97: R(t)=0.806  acc1=83.91%  acc2=83.79%  ens=83.85%  (best 83.94 @ ep 96)  [18.1s]
  ep  98: R(t)=0.806  acc1=83.77%  acc2=83.80%  ens=83.78%  (best 83.94 @ ep 96)  [19.4s]
  ep  99: R(t)=0.806  acc1=83.92%  acc2=83.85%  ens=83.89%  (best 83.94 @ ep 96)  [10.0s]  [sel1+2: prec=0.924, recall_clean=0.943]

saved /path/to/ciln-workspace/journal_edition/robustness_transfer/results_v4/coteaching/ours_v2_clean__snow_sev3__seed0.json: best ens-acc 83.94% @ ep 96
