condition=ours_v2_noisy__glass_blur_sev3 seed=0 gpu=2
/path/to/ciln-workspace/venv/lib/python3.12/site-packages/torchvision/datasets/cifar.py:83: VisibleDeprecationWarning: dtype(): align should be passed as Python or NumPy boolean but got `align=0`. Did you mean to pass a tuple to create a subarray type? (Deprecated NumPy 2.4)
  entry = pickle.load(f, encoding="latin1")
image_source=noisy  N=22500  noise_rate=64.68%
  ep   0: loss=1.7146  test_acc=16.94%  (best 16.94 @ ep 0)  [4.4s]
  ep   1: loss=1.6150  test_acc=18.41%  (best 18.41 @ ep 1)  [3.4s]
  ep   2: loss=1.5697  test_acc=22.45%  (best 22.45 @ ep 2)  [4.0s]
  ep   3: loss=1.5393  test_acc=23.85%  (best 23.85 @ ep 3)  [3.5s]
  ep   4: loss=1.5109  test_acc=25.46%  (best 25.46 @ ep 4)  [3.9s]
  ep   5: loss=1.4835  test_acc=25.70%  (best 25.70 @ ep 5)  [5.3s]  [logged per-sample loss: mean=1.470]
  ep   6: loss=1.4754  test_acc=28.09%  (best 28.09 @ ep 6)  [3.7s]
  ep   7: loss=1.4599  test_acc=23.98%  (best 28.09 @ ep 6)  [3.6s]
  ep   8: loss=1.4517  test_acc=28.40%  (best 28.40 @ ep 8)  [4.0s]
  ep   9: loss=1.4404  test_acc=28.51%  (best 28.51 @ ep 9)  [3.6s]
  ep  10: loss=1.4367  test_acc=32.01%  (best 32.01 @ ep 10)  [5.2s]  [logged per-sample loss: mean=1.415]
  ep  11: loss=1.4273  test_acc=28.88%  (best 32.01 @ ep 10)  [3.5s]
  ep  12: loss=1.4183  test_acc=34.98%  (best 34.98 @ ep 12)  [3.8s]
  ep  13: loss=1.4093  test_acc=36.60%  (best 36.60 @ ep 13)  [4.6s]
  ep  14: loss=1.4062  test_acc=24.17%  (best 36.60 @ ep 13)  [9.1s]
  ep  15: loss=1.4070  test_acc=33.83%  (best 36.60 @ ep 13)  [9.0s]
  ep  16: loss=1.3988  test_acc=30.94%  (best 36.60 @ ep 13)  [9.2s]
  ep  17: loss=1.3960  test_acc=34.79%  (best 36.60 @ ep 13)  [9.5s]
  ep  18: loss=1.3946  test_acc=32.71%  (best 36.60 @ ep 13)  [9.3s]
  ep  19: loss=1.3898  test_acc=35.37%  (best 36.60 @ ep 13)  [9.0s]
  ep  20: loss=1.3838  test_acc=36.88%  (best 36.88 @ ep 20)  [11.1s]  [logged per-sample loss: mean=1.451]
  ep  21: loss=1.3845  test_acc=33.38%  (best 36.88 @ ep 20)  [8.8s]
  ep  22: loss=1.3748  test_acc=36.91%  (best 36.91 @ ep 22)  [8.7s]
  ep  23: loss=1.3779  test_acc=36.33%  (best 36.91 @ ep 22)  [9.5s]
  ep  24: loss=1.3706  test_acc=32.05%  (best 36.91 @ ep 22)  [9.3s]
  ep  25: loss=1.3668  test_acc=31.62%  (best 36.91 @ ep 22)  [9.0s]
  ep  26: loss=1.3607  test_acc=36.63%  (best 36.91 @ ep 22)  [8.9s]
  ep  27: loss=1.3578  test_acc=35.96%  (best 36.91 @ ep 22)  [9.0s]
  ep  28: loss=1.3577  test_acc=36.84%  (best 36.91 @ ep 22)  [9.4s]
  ep  29: loss=1.3567  test_acc=34.87%  (best 36.91 @ ep 22)  [7.7s]
  ep  30: loss=1.3492  test_acc=42.25%  (best 42.25 @ ep 30)  [5.5s]  [logged per-sample loss: mean=1.343]
  ep  31: loss=1.3499  test_acc=38.50%  (best 42.25 @ ep 30)  [3.6s]
  ep  32: loss=1.3425  test_acc=39.37%  (best 42.25 @ ep 30)  [3.8s]
  ep  33: loss=1.3409  test_acc=28.11%  (best 42.25 @ ep 30)  [3.7s]
  ep  34: loss=1.3349  test_acc=40.61%  (best 42.25 @ ep 30)  [3.5s]
  ep  35: loss=1.3320  test_acc=37.31%  (best 42.25 @ ep 30)  [3.7s]
  ep  36: loss=1.3254  test_acc=39.45%  (best 42.25 @ ep 30)  [3.6s]
  ep  37: loss=1.3233  test_acc=40.52%  (best 42.25 @ ep 30)  [3.8s]
  ep  38: loss=1.3191  test_acc=39.47%  (best 42.25 @ ep 30)  [3.9s]
  ep  39: loss=1.3166  test_acc=40.26%  (best 42.25 @ ep 30)  [3.8s]
  ep  40: loss=1.3133  test_acc=40.16%  (best 42.25 @ ep 30)  [3.6s]
  ep  41: loss=1.3100  test_acc=42.13%  (best 42.25 @ ep 30)  [3.5s]
  ep  42: loss=1.3063  test_acc=38.10%  (best 42.25 @ ep 30)  [3.6s]
  ep  43: loss=1.2996  test_acc=36.91%  (best 42.25 @ ep 30)  [3.5s]
  ep  44: loss=1.2955  test_acc=38.25%  (best 42.25 @ ep 30)  [3.4s]
  ep  45: loss=1.2893  test_acc=39.58%  (best 42.25 @ ep 30)  [3.6s]
  ep  46: loss=1.2920  test_acc=46.88%  (best 46.88 @ ep 46)  [7.3s]
  ep  47: loss=1.2860  test_acc=37.66%  (best 46.88 @ ep 46)  [8.2s]
  ep  48: loss=1.2830  test_acc=41.38%  (best 46.88 @ ep 46)  [8.5s]
  ep  49: loss=1.2784  test_acc=39.57%  (best 46.88 @ ep 46)  [8.2s]
  ep  50: loss=1.2736  test_acc=43.11%  (best 46.88 @ ep 46)  [12.3s]  [logged per-sample loss: mean=1.272]
  ep  51: loss=1.2624  test_acc=38.47%  (best 46.88 @ ep 46)  [9.4s]
  ep  52: loss=1.2622  test_acc=40.68%  (best 46.88 @ ep 46)  [10.0s]
  ep  53: loss=1.2586  test_acc=43.68%  (best 46.88 @ ep 46)  [10.0s]
  ep  54: loss=1.2510  test_acc=43.46%  (best 46.88 @ ep 46)  [8.5s]
  ep  55: loss=1.2454  test_acc=45.56%  (best 46.88 @ ep 46)  [8.8s]
  ep  56: loss=1.2396  test_acc=42.11%  (best 46.88 @ ep 46)  [9.8s]
  ep  57: loss=1.2337  test_acc=42.72%  (best 46.88 @ ep 46)  [9.7s]
  ep  58: loss=1.2285  test_acc=40.79%  (best 46.88 @ ep 46)  [8.9s]
  ep  59: loss=1.2226  test_acc=45.76%  (best 46.88 @ ep 46)  [8.8s]
  ep  60: loss=1.2119  test_acc=42.41%  (best 46.88 @ ep 46)  [8.9s]
  ep  61: loss=1.2079  test_acc=47.42%  (best 47.42 @ ep 61)  [8.4s]
  ep  62: loss=1.1963  test_acc=42.40%  (best 47.42 @ ep 61)  [8.8s]
  ep  63: loss=1.1953  test_acc=43.32%  (best 47.42 @ ep 61)  [8.2s]
  ep  64: loss=1.1835  test_acc=45.37%  (best 47.42 @ ep 61)  [7.9s]
  ep  65: loss=1.1726  test_acc=43.75%  (best 47.42 @ ep 61)  [9.1s]
  ep  66: loss=1.1692  test_acc=43.03%  (best 47.42 @ ep 61)  [9.8s]
  ep  67: loss=1.1609  test_acc=44.10%  (best 47.42 @ ep 61)  [9.0s]
  ep  68: loss=1.1437  test_acc=41.44%  (best 47.42 @ ep 61)  [9.1s]
  ep  69: loss=1.1388  test_acc=41.91%  (best 47.42 @ ep 61)  [10.2s]
  ep  70: loss=1.1329  test_acc=45.53%  (best 47.42 @ ep 61)  [3.6s]
  ep  71: loss=1.1196  test_acc=46.50%  (best 47.42 @ ep 61)  [3.7s]
  ep  72: loss=1.1079  test_acc=47.65%  (best 47.65 @ ep 72)  [3.6s]
  ep  73: loss=1.0931  test_acc=45.01%  (best 47.65 @ ep 72)  [3.5s]
  ep  74: loss=1.0835  test_acc=46.97%  (best 47.65 @ ep 72)  [3.5s]
  ep  75: loss=1.0721  test_acc=47.00%  (best 47.65 @ ep 72)  [5.6s]  [logged per-sample loss: mean=1.039]
  ep  76: loss=1.0514  test_acc=44.77%  (best 47.65 @ ep 72)  [3.5s]
  ep  77: loss=1.0428  test_acc=42.65%  (best 47.65 @ ep 72)  [3.6s]
  ep  78: loss=1.0253  test_acc=44.70%  (best 47.65 @ ep 72)  [3.8s]
  ep  79: loss=1.0133  test_acc=45.17%  (best 47.65 @ ep 72)  [3.7s]
  ep  80: loss=0.9838  test_acc=45.43%  (best 47.65 @ ep 72)  [3.7s]
  ep  81: loss=0.9781  test_acc=46.45%  (best 47.65 @ ep 72)  [3.5s]
  ep  82: loss=0.9546  test_acc=43.35%  (best 47.65 @ ep 72)  [3.7s]
  ep  83: loss=0.9394  test_acc=41.84%  (best 47.65 @ ep 72)  [3.8s]
  ep  84: loss=0.9137  test_acc=44.62%  (best 47.65 @ ep 72)  [3.5s]
  ep  85: loss=0.9045  test_acc=42.24%  (best 47.65 @ ep 72)  [3.8s]
  ep  86: loss=0.8752  test_acc=44.20%  (best 47.65 @ ep 72)  [6.2s]
  ep  87: loss=0.8591  test_acc=45.96%  (best 47.65 @ ep 72)  [7.6s]
  ep  88: loss=0.8354  test_acc=44.76%  (best 47.65 @ ep 72)  [8.1s]
  ep  89: loss=0.8179  test_acc=42.87%  (best 47.65 @ ep 72)  [8.4s]
  ep  90: loss=0.7986  test_acc=44.85%  (best 47.65 @ ep 72)  [8.0s]
  ep  91: loss=0.7802  test_acc=44.80%  (best 47.65 @ ep 72)  [7.7s]
  ep  92: loss=0.7561  test_acc=45.35%  (best 47.65 @ ep 72)  [7.9s]
  ep  93: loss=0.7501  test_acc=45.33%  (best 47.65 @ ep 72)  [8.3s]
  ep  94: loss=0.7329  test_acc=45.03%  (best 47.65 @ ep 72)  [8.0s]
  ep  95: loss=0.7232  test_acc=44.57%  (best 47.65 @ ep 72)  [7.9s]
  ep  96: loss=0.7120  test_acc=44.55%  (best 47.65 @ ep 72)  [8.3s]
  ep  97: loss=0.7054  test_acc=43.84%  (best 47.65 @ ep 72)  [8.0s]
  ep  98: loss=0.6977  test_acc=44.13%  (best 47.65 @ ep 72)  [8.0s]
  ep  99: loss=0.7006  test_acc=44.47%  (best 47.65 @ ep 72)  [11.5s]  [logged per-sample loss: mean=0.641]

saved /path/to/ciln-workspace/journal_edition/robustness_transfer/results_v4/erm/ours_v2_noisy__glass_blur_sev3__seed0.json: best 47.65% @ ep 72
