condition=ours_v2_noisy__contrast_sev5 seed=1 gpu=2
/path/to/ciln-workspace/venv/lib/python3.12/site-packages/torchvision/datasets/cifar.py:83: VisibleDeprecationWarning: dtype(): align should be passed as Python or NumPy boolean but got `align=0`. Did you mean to pass a tuple to create a subarray type? (Deprecated NumPy 2.4)
  entry = pickle.load(f, encoding="latin1")
image_source=noisy  N=22500  noise_rate=47.51%
  ep   0: loss=1.9005  test_acc=18.76%  (best 18.76 @ ep 0)  [4.2s]
  ep   1: loss=1.8397  test_acc=20.40%  (best 20.40 @ ep 1)  [3.4s]
  ep   2: loss=1.8195  test_acc=18.52%  (best 20.40 @ ep 1)  [3.6s]
  ep   3: loss=1.8100  test_acc=19.44%  (best 20.40 @ ep 1)  [3.5s]
  ep   4: loss=1.7930  test_acc=19.10%  (best 20.40 @ ep 1)  [3.7s]
  ep   5: loss=1.7814  test_acc=20.93%  (best 20.93 @ ep 5)  [5.3s]  [logged per-sample loss: mean=1.756]
  ep   6: loss=1.7615  test_acc=17.73%  (best 20.93 @ ep 5)  [3.6s]
  ep   7: loss=1.7386  test_acc=17.47%  (best 20.93 @ ep 5)  [3.7s]
  ep   8: loss=1.7125  test_acc=16.69%  (best 20.93 @ ep 5)  [3.7s]
  ep   9: loss=1.6953  test_acc=16.55%  (best 20.93 @ ep 5)  [3.6s]
  ep  10: loss=1.6766  test_acc=20.23%  (best 20.93 @ ep 5)  [5.3s]  [logged per-sample loss: mean=1.671]
  ep  11: loss=1.6599  test_acc=17.18%  (best 20.93 @ ep 5)  [3.6s]
  ep  12: loss=1.6495  test_acc=20.09%  (best 20.93 @ ep 5)  [3.7s]
  ep  13: loss=1.6349  test_acc=21.27%  (best 21.27 @ ep 13)  [3.5s]
  ep  14: loss=1.6025  test_acc=20.43%  (best 21.27 @ ep 13)  [8.0s]
  ep  15: loss=1.5868  test_acc=19.24%  (best 21.27 @ ep 13)  [8.3s]
  ep  16: loss=1.5676  test_acc=20.51%  (best 21.27 @ ep 13)  [8.5s]
  ep  17: loss=1.5484  test_acc=30.28%  (best 30.28 @ ep 17)  [8.6s]
  ep  18: loss=1.5288  test_acc=29.17%  (best 30.28 @ ep 17)  [7.9s]
  ep  19: loss=1.5063  test_acc=19.69%  (best 30.28 @ ep 17)  [7.8s]
  ep  20: loss=1.4880  test_acc=34.13%  (best 34.13 @ ep 20)  [11.0s]  [logged per-sample loss: mean=1.906]
  ep  21: loss=1.4727  test_acc=27.12%  (best 34.13 @ ep 20)  [8.4s]
  ep  22: loss=1.4600  test_acc=27.06%  (best 34.13 @ ep 20)  [8.1s]
  ep  23: loss=1.4478  test_acc=33.29%  (best 34.13 @ ep 20)  [8.1s]
  ep  24: loss=1.4389  test_acc=31.78%  (best 34.13 @ ep 20)  [8.5s]
  ep  25: loss=1.4219  test_acc=40.27%  (best 40.27 @ ep 25)  [8.1s]
  ep  26: loss=1.4040  test_acc=33.19%  (best 40.27 @ ep 25)  [8.6s]
  ep  27: loss=1.3987  test_acc=32.01%  (best 40.27 @ ep 25)  [8.2s]
  ep  28: loss=1.3872  test_acc=44.50%  (best 44.50 @ ep 28)  [8.9s]
  ep  29: loss=1.3731  test_acc=33.64%  (best 44.50 @ ep 28)  [8.1s]
  ep  30: loss=1.3553  test_acc=39.53%  (best 44.50 @ ep 28)  [10.6s]  [logged per-sample loss: mean=1.418]
  ep  31: loss=1.3427  test_acc=34.26%  (best 44.50 @ ep 28)  [8.7s]
  ep  32: loss=1.3334  test_acc=37.69%  (best 44.50 @ ep 28)  [7.7s]
  ep  33: loss=1.3257  test_acc=42.01%  (best 44.50 @ ep 28)  [8.5s]
  ep  34: loss=1.3156  test_acc=38.96%  (best 44.50 @ ep 28)  [8.4s]
  ep  35: loss=1.3019  test_acc=40.95%  (best 44.50 @ ep 28)  [8.0s]
  ep  36: loss=1.3011  test_acc=40.89%  (best 44.50 @ ep 28)  [8.0s]
  ep  37: loss=1.2919  test_acc=39.11%  (best 44.50 @ ep 28)  [8.4s]
  ep  38: loss=1.2766  test_acc=42.16%  (best 44.50 @ ep 28)  [8.3s]
  ep  39: loss=1.2800  test_acc=44.02%  (best 44.50 @ ep 28)  [8.4s]
  ep  40: loss=1.2618  test_acc=40.78%  (best 44.50 @ ep 28)  [8.6s]
  ep  41: loss=1.2623  test_acc=47.10%  (best 47.10 @ ep 41)  [8.6s]
  ep  42: loss=1.2511  test_acc=38.51%  (best 47.10 @ ep 41)  [6.8s]
  ep  43: loss=1.2468  test_acc=45.89%  (best 47.10 @ ep 41)  [3.5s]
  ep  44: loss=1.2386  test_acc=40.07%  (best 47.10 @ ep 41)  [3.6s]
  ep  45: loss=1.2369  test_acc=38.70%  (best 47.10 @ ep 41)  [3.6s]
  ep  46: loss=1.2324  test_acc=48.60%  (best 48.60 @ ep 46)  [3.5s]
  ep  47: loss=1.2226  test_acc=46.30%  (best 48.60 @ ep 46)  [3.8s]
  ep  48: loss=1.2144  test_acc=42.59%  (best 48.60 @ ep 46)  [3.8s]
  ep  49: loss=1.2063  test_acc=37.89%  (best 48.60 @ ep 46)  [3.4s]
  ep  50: loss=1.2009  test_acc=45.69%  (best 48.60 @ ep 46)  [5.1s]  [logged per-sample loss: mean=1.338]
  ep  51: loss=1.1997  test_acc=45.65%  (best 48.60 @ ep 46)  [3.5s]
  ep  52: loss=1.1914  test_acc=44.32%  (best 48.60 @ ep 46)  [3.5s]
  ep  53: loss=1.1871  test_acc=46.30%  (best 48.60 @ ep 46)  [3.5s]
  ep  54: loss=1.1779  test_acc=42.52%  (best 48.60 @ ep 46)  [3.4s]
  ep  55: loss=1.1713  test_acc=43.57%  (best 48.60 @ ep 46)  [3.6s]
  ep  56: loss=1.1635  test_acc=44.36%  (best 48.60 @ ep 46)  [3.5s]
  ep  57: loss=1.1624  test_acc=31.03%  (best 48.60 @ ep 46)  [3.6s]
  ep  58: loss=1.1482  test_acc=51.57%  (best 51.57 @ ep 58)  [3.6s]
  ep  59: loss=1.1476  test_acc=41.77%  (best 51.57 @ ep 58)  [7.3s]
  ep  60: loss=1.1359  test_acc=40.22%  (best 51.57 @ ep 58)  [8.1s]
  ep  61: loss=1.1238  test_acc=35.72%  (best 51.57 @ ep 58)  [8.1s]
  ep  62: loss=1.1122  test_acc=46.89%  (best 51.57 @ ep 58)  [8.0s]
  ep  63: loss=1.1049  test_acc=40.17%  (best 51.57 @ ep 58)  [8.2s]
  ep  64: loss=1.0994  test_acc=42.54%  (best 51.57 @ ep 58)  [7.8s]
  ep  65: loss=1.0887  test_acc=34.35%  (best 51.57 @ ep 58)  [8.0s]
  ep  66: loss=1.0851  test_acc=37.53%  (best 51.57 @ ep 58)  [8.4s]
  ep  67: loss=1.0726  test_acc=41.70%  (best 51.57 @ ep 58)  [8.1s]
  ep  68: loss=1.0643  test_acc=49.88%  (best 51.57 @ ep 58)  [8.1s]
  ep  69: loss=1.0530  test_acc=41.92%  (best 51.57 @ ep 58)  [8.4s]
  ep  70: loss=1.0420  test_acc=31.51%  (best 51.57 @ ep 58)  [8.3s]
  ep  71: loss=1.0282  test_acc=38.10%  (best 51.57 @ ep 58)  [8.2s]
  ep  72: loss=1.0267  test_acc=35.00%  (best 51.57 @ ep 58)  [8.2s]
  ep  73: loss=1.0103  test_acc=39.46%  (best 51.57 @ ep 58)  [8.3s]
  ep  74: loss=0.9896  test_acc=43.83%  (best 51.57 @ ep 58)  [8.4s]
  ep  75: loss=0.9807  test_acc=37.01%  (best 51.57 @ ep 58)  [10.9s]  [logged per-sample loss: mean=1.001]
  ep  76: loss=0.9613  test_acc=39.08%  (best 51.57 @ ep 58)  [8.5s]
  ep  77: loss=0.9583  test_acc=34.47%  (best 51.57 @ ep 58)  [8.5s]
  ep  78: loss=0.9334  test_acc=38.60%  (best 51.57 @ ep 58)  [8.0s]
  ep  79: loss=0.9191  test_acc=36.21%  (best 51.57 @ ep 58)  [7.9s]
  ep  80: loss=0.9060  test_acc=41.79%  (best 51.57 @ ep 58)  [8.1s]
  ep  81: loss=0.8868  test_acc=43.64%  (best 51.57 @ ep 58)  [8.4s]
  ep  82: loss=0.8740  test_acc=32.69%  (best 51.57 @ ep 58)  [8.1s]
  ep  83: loss=0.8578  test_acc=35.01%  (best 51.57 @ ep 58)  [7.9s]
  ep  84: loss=0.8321  test_acc=34.89%  (best 51.57 @ ep 58)  [7.5s]
  ep  85: loss=0.8092  test_acc=36.83%  (best 51.57 @ ep 58)  [8.2s]
  ep  86: loss=0.8020  test_acc=36.07%  (best 51.57 @ ep 58)  [8.2s]
  ep  87: loss=0.7799  test_acc=34.22%  (best 51.57 @ ep 58)  [8.5s]
  ep  88: loss=0.7604  test_acc=38.00%  (best 51.57 @ ep 58)  [8.3s]
  ep  89: loss=0.7506  test_acc=36.82%  (best 51.57 @ ep 58)  [7.8s]
  ep  90: loss=0.7273  test_acc=38.23%  (best 51.57 @ ep 58)  [3.5s]
  ep  91: loss=0.7109  test_acc=34.21%  (best 51.57 @ ep 58)  [3.6s]
  ep  92: loss=0.6945  test_acc=37.70%  (best 51.57 @ ep 58)  [3.5s]
  ep  93: loss=0.6867  test_acc=37.04%  (best 51.57 @ ep 58)  [3.7s]
  ep  94: loss=0.6817  test_acc=36.66%  (best 51.57 @ ep 58)  [3.5s]
  ep  95: loss=0.6698  test_acc=36.81%  (best 51.57 @ ep 58)  [3.5s]
  ep  96: loss=0.6560  test_acc=37.34%  (best 51.57 @ ep 58)  [3.6s]
  ep  97: loss=0.6498  test_acc=37.41%  (best 51.57 @ ep 58)  [3.5s]
  ep  98: loss=0.6436  test_acc=37.57%  (best 51.57 @ ep 58)  [3.6s]
  ep  99: loss=0.6410  test_acc=37.57%  (best 51.57 @ ep 58)  [5.1s]  [logged per-sample loss: mean=0.607]

saved /path/to/ciln-workspace/journal_edition/robustness_transfer/results_v4/erm/ours_v2_noisy__contrast_sev5__seed1.json: best 51.57% @ ep 58
