condition=ours_v2_noisy__defocus_blur_sev1 seed=0 gpu=2
/path/to/ciln-workspace/venv/lib/python3.12/site-packages/torchvision/datasets/cifar.py:83: VisibleDeprecationWarning: dtype(): align should be passed as Python or NumPy boolean but got `align=0`. Did you mean to pass a tuple to create a subarray type? (Deprecated NumPy 2.4)
  entry = pickle.load(f, encoding="latin1")
image_source=noisy  N_train=22500  noise_rate=8.62%
  ep   0: acc1=37.63%  acc2=39.04%  ens=38.34%  (best 38.34 @ ep 0)  [8.7s]
  ep   1: acc1=47.39%  acc2=50.26%  ens=48.83%  (best 48.83 @ ep 1)  [7.3s]
  ep   2: acc1=53.87%  acc2=55.18%  ens=54.52%  (best 54.52 @ ep 2)  [7.5s]
  ep   3: acc1=56.49%  acc2=56.46%  ens=56.47%  (best 56.47 @ ep 3)  [7.3s]
  ep   4: acc1=57.94%  acc2=55.75%  ens=56.84%  (best 56.84 @ ep 4)  [7.6s]
  ep   5: acc1=67.07%  acc2=61.56%  ens=64.31%  (best 64.31 @ ep 5)  [11.5s]  [w on clean=0.796, on noisy=0.449]
  ep   6: acc1=64.50%  acc2=68.88%  ens=66.69%  (best 66.69 @ ep 6)  [7.5s]
  ep   7: acc1=71.56%  acc2=72.76%  ens=72.16%  (best 72.16 @ ep 7)  [19.5s]
  ep   8: acc1=69.09%  acc2=70.63%  ens=69.86%  (best 72.16 @ ep 7)  [24.2s]
  ep   9: acc1=73.27%  acc2=72.45%  ens=72.86%  (best 72.86 @ ep 9)  [16.5s]
  ep  10: acc1=45.02%  acc2=38.20%  ens=41.61%  (best 72.86 @ ep 9)  [42.8s]  [w on clean=0.650, on noisy=0.369]
  ep  11: acc1=33.77%  acc2=36.51%  ens=35.14%  (best 72.86 @ ep 9)  [39.2s]
  ep  12: acc1=35.17%  acc2=34.25%  ens=34.71%  (best 72.86 @ ep 9)  [32.2s]
  ep  13: acc1=33.55%  acc2=28.55%  ens=31.05%  (best 72.86 @ ep 9)  [134.4s]
  ep  14: acc1=33.77%  acc2=36.24%  ens=35.00%  (best 72.86 @ ep 9)  [37.2s]
  ep  15: acc1=40.63%  acc2=38.41%  ens=39.52%  (best 72.86 @ ep 9)  [107.2s]
  ep  16: acc1=39.19%  acc2=40.55%  ens=39.87%  (best 72.86 @ ep 9)  [38.4s]
  ep  17: acc1=44.23%  acc2=45.04%  ens=44.64%  (best 72.86 @ ep 9)  [78.1s]
  ep  18: acc1=44.54%  acc2=46.13%  ens=45.34%  (best 72.86 @ ep 9)  [40.3s]
  ep  19: acc1=47.80%  acc2=45.41%  ens=46.60%  (best 72.86 @ ep 9)  [38.9s]
  ep  20: acc1=46.52%  acc2=44.39%  ens=45.45%  (best 72.86 @ ep 9)  [78.0s]  [w on clean=0.809, on noisy=0.645]
  ep  21: acc1=46.61%  acc2=43.08%  ens=44.84%  (best 72.86 @ ep 9)  [81.1s]
  ep  22: acc1=42.33%  acc2=45.96%  ens=44.15%  (best 72.86 @ ep 9)  [39.1s]
  ep  23: acc1=43.02%  acc2=46.57%  ens=44.80%  (best 72.86 @ ep 9)  [69.8s]
  ep  24: acc1=48.27%  acc2=47.34%  ens=47.80%  (best 72.86 @ ep 9)  [39.4s]
  ep  25: acc1=50.13%  acc2=47.53%  ens=48.83%  (best 72.86 @ ep 9)  [45.1s]
  ep  26: acc1=47.56%  acc2=47.32%  ens=47.44%  (best 72.86 @ ep 9)  [44.5s]
  ep  27: acc1=48.41%  acc2=48.68%  ens=48.55%  (best 72.86 @ ep 9)  [37.3s]
  ep  28: acc1=49.61%  acc2=48.45%  ens=49.03%  (best 72.86 @ ep 9)  [100.2s]
  ep  29: acc1=44.55%  acc2=45.18%  ens=44.87%  (best 72.86 @ ep 9)  [38.6s]
  ep  30: acc1=46.87%  acc2=49.00%  ens=47.94%  (best 72.86 @ ep 9)  [65.4s]  [w on clean=0.808, on noisy=0.641]
  ep  31: acc1=49.43%  acc2=50.90%  ens=50.17%  (best 72.86 @ ep 9)  [149.3s]
  ep  32: acc1=50.86%  acc2=44.27%  ens=47.57%  (best 72.86 @ ep 9)  [38.3s]
  ep  33: acc1=44.81%  acc2=49.50%  ens=47.16%  (best 72.86 @ ep 9)  [115.7s]
  ep  34: acc1=45.63%  acc2=46.79%  ens=46.21%  (best 72.86 @ ep 9)  [40.3s]
  ep  35: acc1=48.80%  acc2=46.60%  ens=47.70%  (best 72.86 @ ep 9)  [139.8s]
  ep  36: acc1=47.62%  acc2=46.70%  ens=47.16%  (best 72.86 @ ep 9)  [41.3s]
  ep  37: acc1=44.87%  acc2=51.60%  ens=48.23%  (best 72.86 @ ep 9)  [143.6s]
  ep  38: acc1=50.06%  acc2=47.78%  ens=48.92%  (best 72.86 @ ep 9)  [46.9s]
  ep  39: acc1=43.49%  acc2=46.49%  ens=44.99%  (best 72.86 @ ep 9)  [38.6s]
  ep  40: acc1=47.48%  acc2=47.76%  ens=47.62%  (best 72.86 @ ep 9)  [57.3s]
  ep  41: acc1=49.65%  acc2=51.05%  ens=50.35%  (best 72.86 @ ep 9)  [38.1s]
  ep  42: acc1=48.24%  acc2=50.58%  ens=49.41%  (best 72.86 @ ep 9)  [63.9s]
  ep  43: acc1=51.15%  acc2=53.86%  ens=52.51%  (best 72.86 @ ep 9)  [43.7s]
  ep  44: acc1=50.78%  acc2=48.83%  ens=49.80%  (best 72.86 @ ep 9)  [37.8s]
  ep  45: acc1=50.65%  acc2=49.19%  ens=49.92%  (best 72.86 @ ep 9)  [54.1s]
  ep  46: acc1=50.43%  acc2=50.44%  ens=50.43%  (best 72.86 @ ep 9)  [38.3s]
  ep  47: acc1=51.68%  acc2=52.32%  ens=52.00%  (best 72.86 @ ep 9)  [59.6s]
  ep  48: acc1=51.35%  acc2=51.69%  ens=51.52%  (best 72.86 @ ep 9)  [70.3s]
  ep  49: acc1=51.32%  acc2=53.72%  ens=52.52%  (best 72.86 @ ep 9)  [52.5s]
  ep  50: acc1=51.07%  acc2=52.55%  ens=51.81%  (best 72.86 @ ep 9)  [72.0s]  [w on clean=0.809, on noisy=0.645]
  ep  51: acc1=51.39%  acc2=53.55%  ens=52.47%  (best 72.86 @ ep 9)  [38.3s]
  ep  52: acc1=50.86%  acc2=52.97%  ens=51.91%  (best 72.86 @ ep 9)  [57.4s]
  ep  53: acc1=52.57%  acc2=53.17%  ens=52.87%  (best 72.86 @ ep 9)  [37.6s]
  ep  54: acc1=50.88%  acc2=51.78%  ens=51.33%  (best 72.86 @ ep 9)  [39.0s]
  ep  55: acc1=50.19%  acc2=51.66%  ens=50.92%  (best 72.86 @ ep 9)  [97.3s]
  ep  56: acc1=51.85%  acc2=53.86%  ens=52.85%  (best 72.86 @ ep 9)  [38.5s]
  ep  57: acc1=51.52%  acc2=53.87%  ens=52.70%  (best 72.86 @ ep 9)  [38.3s]
  ep  58: acc1=52.78%  acc2=53.38%  ens=53.08%  (best 72.86 @ ep 9)  [39.6s]
  ep  59: acc1=53.85%  acc2=53.74%  ens=53.79%  (best 72.86 @ ep 9)  [95.2s]
  ep  60: acc1=54.56%  acc2=53.76%  ens=54.16%  (best 72.86 @ ep 9)  [51.8s]
  ep  61: acc1=53.12%  acc2=53.16%  ens=53.14%  (best 72.86 @ ep 9)  [38.8s]
  ep  62: acc1=53.07%  acc2=53.75%  ens=53.41%  (best 72.86 @ ep 9)  [92.4s]
  ep  63: acc1=54.54%  acc2=52.04%  ens=53.29%  (best 72.86 @ ep 9)  [38.8s]
  ep  64: acc1=52.20%  acc2=54.66%  ens=53.43%  (best 72.86 @ ep 9)  [49.1s]
  ep  65: acc1=53.62%  acc2=54.59%  ens=54.11%  (best 72.86 @ ep 9)  [39.5s]
  ep  66: acc1=54.44%  acc2=55.51%  ens=54.97%  (best 72.86 @ ep 9)  [45.6s]
  ep  67: acc1=54.27%  acc2=55.08%  ens=54.67%  (best 72.86 @ ep 9)  [42.8s]
  ep  68: acc1=55.23%  acc2=54.03%  ens=54.63%  (best 72.86 @ ep 9)  [37.7s]
  ep  69: acc1=54.52%  acc2=54.68%  ens=54.60%  (best 72.86 @ ep 9)  [49.5s]
  ep  70: acc1=53.08%  acc2=54.85%  ens=53.96%  (best 72.86 @ ep 9)  [60.6s]
  ep  71: acc1=52.77%  acc2=56.36%  ens=54.56%  (best 72.86 @ ep 9)  [40.7s]
  ep  72: acc1=55.60%  acc2=56.49%  ens=56.05%  (best 72.86 @ ep 9)  [40.1s]
  ep  73: acc1=56.53%  acc2=56.53%  ens=56.53%  (best 72.86 @ ep 9)  [38.5s]
  ep  74: acc1=55.03%  acc2=54.32%  ens=54.68%  (best 72.86 @ ep 9)  [49.5s]
  ep  75: acc1=57.07%  acc2=55.16%  ens=56.12%  (best 72.86 @ ep 9)  [48.7s]  [w on clean=0.809, on noisy=0.645]
  ep  76: acc1=54.88%  acc2=54.22%  ens=54.55%  (best 72.86 @ ep 9)  [39.4s]
  ep  77: acc1=55.91%  acc2=55.57%  ens=55.74%  (best 72.86 @ ep 9)  [198.4s]
  ep  78: acc1=55.65%  acc2=55.77%  ens=55.71%  (best 72.86 @ ep 9)  [42.0s]
  ep  79: acc1=55.02%  acc2=56.42%  ens=55.72%  (best 72.86 @ ep 9)  [40.3s]
  ep  80: acc1=55.60%  acc2=55.99%  ens=55.79%  (best 72.86 @ ep 9)  [70.2s]
  ep  81: acc1=55.87%  acc2=55.67%  ens=55.77%  (best 72.86 @ ep 9)  [60.8s]
  ep  82: acc1=56.31%  acc2=57.40%  ens=56.85%  (best 72.86 @ ep 9)  [129.3s]
  ep  83: acc1=56.39%  acc2=57.13%  ens=56.76%  (best 72.86 @ ep 9)  [39.7s]
  ep  84: acc1=56.62%  acc2=56.01%  ens=56.32%  (best 72.86 @ ep 9)  [119.8s]
  ep  85: acc1=55.89%  acc2=56.34%  ens=56.12%  (best 72.86 @ ep 9)  [38.6s]
  ep  86: acc1=55.75%  acc2=55.89%  ens=55.82%  (best 72.86 @ ep 9)  [53.6s]
  ep  87: acc1=56.65%  acc2=56.37%  ens=56.51%  (best 72.86 @ ep 9)  [69.4s]
  ep  88: acc1=55.55%  acc2=56.43%  ens=55.99%  (best 72.86 @ ep 9)  [38.2s]
  ep  89: acc1=55.49%  acc2=56.72%  ens=56.11%  (best 72.86 @ ep 9)  [65.2s]
  ep  90: acc1=56.47%  acc2=57.00%  ens=56.73%  (best 72.86 @ ep 9)  [38.7s]
  ep  91: acc1=56.72%  acc2=57.21%  ens=56.96%  (best 72.86 @ ep 9)  [64.7s]
  ep  92: acc1=56.25%  acc2=56.59%  ens=56.42%  (best 72.86 @ ep 9)  [77.5s]
  ep  93: acc1=56.53%  acc2=56.78%  ens=56.66%  (best 72.86 @ ep 9)  [47.3s]
  ep  94: acc1=56.56%  acc2=56.90%  ens=56.73%  (best 72.86 @ ep 9)  [128.2s]
  ep  95: acc1=56.50%  acc2=56.86%  ens=56.68%  (best 72.86 @ ep 9)  [41.9s]
  ep  96: acc1=56.53%  acc2=56.89%  ens=56.71%  (best 72.86 @ ep 9)  [52.8s]
  ep  97: acc1=56.24%  acc2=56.82%  ens=56.53%  (best 72.86 @ ep 9)  [39.3s]
  ep  98: acc1=56.40%  acc2=56.99%  ens=56.69%  (best 72.86 @ ep 9)  [46.4s]
  ep  99: acc1=56.61%  acc2=56.82%  ens=56.72%  (best 72.86 @ ep 9)  [54.3s]  [w on clean=0.809, on noisy=0.643]

saved /path/to/ciln-workspace/journal_edition/robustness_transfer/results_v4/dividemix/ours_v2_noisy__defocus_blur_sev1__seed0.json: best ens-acc 72.86% @ ep 9
