condition=ours_v2_clean__contrast_sev5 seed=0 gpu=1
/path/to/ciln-workspace/venv/lib/python3.12/site-packages/torchvision/datasets/cifar.py:83: VisibleDeprecationWarning: dtype(): align should be passed as Python or NumPy boolean but got `align=0`. Did you mean to pass a tuple to create a subarray type? (Deprecated NumPy 2.4)
  entry = pickle.load(f, encoding="latin1")
image_source=clean  N=22500  noise_rate=47.51%
  ep   0: loss=1.8125  test_acc=22.66%  (best 22.66 @ ep 0)  [4.4s]
  ep   1: loss=1.6807  test_acc=28.10%  (best 28.10 @ ep 1)  [3.4s]
  ep   2: loss=1.6145  test_acc=33.90%  (best 33.90 @ ep 2)  [3.7s]
  ep   3: loss=1.5570  test_acc=31.60%  (best 33.90 @ ep 2)  [3.6s]
  ep   4: loss=1.5059  test_acc=30.00%  (best 33.90 @ ep 2)  [3.6s]
  ep   5: loss=1.4579  test_acc=36.18%  (best 36.18 @ ep 5)  [5.5s]  [logged per-sample loss: mean=1.487]
  ep   6: loss=1.4342  test_acc=36.56%  (best 36.56 @ ep 6)  [3.6s]
  ep   7: loss=1.4121  test_acc=35.18%  (best 36.56 @ ep 6)  [3.9s]
  ep   8: loss=1.3984  test_acc=33.65%  (best 36.56 @ ep 6)  [8.2s]
  ep   9: loss=1.3821  test_acc=39.40%  (best 39.40 @ ep 9)  [8.1s]
  ep  10: loss=1.3734  test_acc=32.37%  (best 39.40 @ ep 9)  [10.9s]  [logged per-sample loss: mean=1.535]
  ep  11: loss=1.3582  test_acc=36.75%  (best 39.40 @ ep 9)  [8.2s]
  ep  12: loss=1.3511  test_acc=43.12%  (best 43.12 @ ep 12)  [8.0s]
  ep  13: loss=1.3326  test_acc=42.23%  (best 43.12 @ ep 12)  [7.8s]
  ep  14: loss=1.3223  test_acc=41.58%  (best 43.12 @ ep 12)  [7.4s]
  ep  15: loss=1.3179  test_acc=37.47%  (best 43.12 @ ep 12)  [8.0s]
  ep  16: loss=1.3065  test_acc=41.47%  (best 43.12 @ ep 12)  [8.5s]
  ep  17: loss=1.2966  test_acc=43.65%  (best 43.65 @ ep 17)  [8.3s]
  ep  18: loss=1.2971  test_acc=44.47%  (best 44.47 @ ep 18)  [8.1s]
  ep  19: loss=1.2878  test_acc=45.97%  (best 45.97 @ ep 19)  [7.6s]
  ep  20: loss=1.2761  test_acc=40.61%  (best 45.97 @ ep 19)  [11.1s]  [logged per-sample loss: mean=1.508]
  ep  21: loss=1.2747  test_acc=31.67%  (best 45.97 @ ep 19)  [8.2s]
  ep  22: loss=1.2683  test_acc=43.84%  (best 45.97 @ ep 19)  [7.9s]
  ep  23: loss=1.2637  test_acc=38.92%  (best 45.97 @ ep 19)  [7.7s]
  ep  24: loss=1.2602  test_acc=52.04%  (best 52.04 @ ep 24)  [8.1s]
  ep  25: loss=1.2520  test_acc=53.17%  (best 53.17 @ ep 25)  [8.0s]
  ep  26: loss=1.2379  test_acc=46.10%  (best 53.17 @ ep 25)  [8.2s]
  ep  27: loss=1.2434  test_acc=48.99%  (best 53.17 @ ep 25)  [8.0s]
  ep  28: loss=1.2377  test_acc=47.13%  (best 53.17 @ ep 25)  [8.3s]
  ep  29: loss=1.2288  test_acc=48.75%  (best 53.17 @ ep 25)  [8.2s]
  ep  30: loss=1.2292  test_acc=46.64%  (best 53.17 @ ep 25)  [11.9s]  [logged per-sample loss: mean=1.452]
  ep  31: loss=1.2265  test_acc=50.87%  (best 53.17 @ ep 25)  [7.4s]
  ep  32: loss=1.2251  test_acc=46.71%  (best 53.17 @ ep 25)  [8.2s]
  ep  33: loss=1.2135  test_acc=44.38%  (best 53.17 @ ep 25)  [8.0s]
  ep  34: loss=1.2100  test_acc=54.46%  (best 54.46 @ ep 34)  [7.8s]
  ep  35: loss=1.2050  test_acc=52.96%  (best 54.46 @ ep 34)  [7.9s]
  ep  36: loss=1.1952  test_acc=54.65%  (best 54.65 @ ep 36)  [8.2s]
  ep  37: loss=1.1949  test_acc=42.66%  (best 54.65 @ ep 36)  [8.4s]
  ep  38: loss=1.1878  test_acc=52.42%  (best 54.65 @ ep 36)  [8.3s]
  ep  39: loss=1.1945  test_acc=51.00%  (best 54.65 @ ep 36)  [8.0s]
  ep  40: loss=1.1755  test_acc=55.00%  (best 55.00 @ ep 40)  [8.3s]
  ep  41: loss=1.1788  test_acc=48.26%  (best 55.00 @ ep 40)  [7.9s]
  ep  42: loss=1.1675  test_acc=52.66%  (best 55.00 @ ep 40)  [7.8s]
  ep  43: loss=1.1647  test_acc=52.02%  (best 55.00 @ ep 40)  [7.9s]
  ep  44: loss=1.1610  test_acc=54.78%  (best 55.00 @ ep 40)  [8.1s]
  ep  45: loss=1.1552  test_acc=52.84%  (best 55.00 @ ep 40)  [8.0s]
  ep  46: loss=1.1512  test_acc=55.30%  (best 55.30 @ ep 46)  [8.2s]
  ep  47: loss=1.1499  test_acc=50.92%  (best 55.30 @ ep 46)  [7.4s]
  ep  48: loss=1.1425  test_acc=48.63%  (best 55.30 @ ep 46)  [3.7s]
  ep  49: loss=1.1374  test_acc=53.67%  (best 55.30 @ ep 46)  [3.6s]
  ep  50: loss=1.1250  test_acc=51.18%  (best 55.30 @ ep 46)  [5.6s]  [logged per-sample loss: mean=1.110]
  ep  51: loss=1.1166  test_acc=53.16%  (best 55.30 @ ep 46)  [3.5s]
  ep  52: loss=1.1183  test_acc=56.88%  (best 56.88 @ ep 52)  [3.5s]
  ep  53: loss=1.1101  test_acc=53.45%  (best 56.88 @ ep 52)  [3.5s]
  ep  54: loss=1.1055  test_acc=42.32%  (best 56.88 @ ep 52)  [3.6s]
  ep  55: loss=1.0999  test_acc=46.64%  (best 56.88 @ ep 52)  [3.7s]
  ep  56: loss=1.0941  test_acc=55.13%  (best 56.88 @ ep 52)  [3.7s]
  ep  57: loss=1.0782  test_acc=53.84%  (best 56.88 @ ep 52)  [3.5s]
  ep  58: loss=1.0686  test_acc=59.56%  (best 59.56 @ ep 58)  [3.6s]
  ep  59: loss=1.0648  test_acc=49.22%  (best 59.56 @ ep 58)  [3.5s]
  ep  60: loss=1.0550  test_acc=55.24%  (best 59.56 @ ep 58)  [3.5s]
  ep  61: loss=1.0448  test_acc=53.06%  (best 59.56 @ ep 58)  [3.6s]
  ep  62: loss=1.0404  test_acc=48.80%  (best 59.56 @ ep 58)  [3.5s]
  ep  63: loss=1.0224  test_acc=46.51%  (best 59.56 @ ep 58)  [3.8s]
  ep  64: loss=1.0223  test_acc=46.87%  (best 59.56 @ ep 58)  [3.8s]
  ep  65: loss=1.0069  test_acc=44.38%  (best 59.56 @ ep 58)  [8.4s]
  ep  66: loss=1.0067  test_acc=54.37%  (best 59.56 @ ep 58)  [8.6s]
  ep  67: loss=0.9872  test_acc=57.01%  (best 59.56 @ ep 58)  [8.1s]
  ep  68: loss=0.9797  test_acc=55.35%  (best 59.56 @ ep 58)  [8.7s]
  ep  69: loss=0.9615  test_acc=55.30%  (best 59.56 @ ep 58)  [8.2s]
  ep  70: loss=0.9494  test_acc=53.59%  (best 59.56 @ ep 58)  [8.3s]
  ep  71: loss=0.9394  test_acc=49.12%  (best 59.56 @ ep 58)  [8.1s]
  ep  72: loss=0.9266  test_acc=54.24%  (best 59.56 @ ep 58)  [7.9s]
  ep  73: loss=0.9112  test_acc=53.40%  (best 59.56 @ ep 58)  [8.3s]
  ep  74: loss=0.9039  test_acc=46.36%  (best 59.56 @ ep 58)  [8.0s]
  ep  75: loss=0.8845  test_acc=52.60%  (best 59.56 @ ep 58)  [11.5s]  [logged per-sample loss: mean=0.871]
  ep  76: loss=0.8711  test_acc=57.24%  (best 59.56 @ ep 58)  [9.0s]
  ep  77: loss=0.8543  test_acc=46.19%  (best 59.56 @ ep 58)  [8.3s]
  ep  78: loss=0.8387  test_acc=53.98%  (best 59.56 @ ep 58)  [8.5s]
  ep  79: loss=0.8165  test_acc=49.62%  (best 59.56 @ ep 58)  [4.9s]
  ep  80: loss=0.7979  test_acc=50.78%  (best 59.56 @ ep 58)  [3.7s]
  ep  81: loss=0.7753  test_acc=54.66%  (best 59.56 @ ep 58)  [3.5s]
  ep  82: loss=0.7640  test_acc=51.41%  (best 59.56 @ ep 58)  [3.6s]
  ep  83: loss=0.7449  test_acc=51.36%  (best 59.56 @ ep 58)  [3.6s]
  ep  84: loss=0.7168  test_acc=50.48%  (best 59.56 @ ep 58)  [3.4s]
  ep  85: loss=0.7076  test_acc=54.68%  (best 59.56 @ ep 58)  [3.5s]
  ep  86: loss=0.6854  test_acc=48.17%  (best 59.56 @ ep 58)  [3.7s]
  ep  87: loss=0.6635  test_acc=51.58%  (best 59.56 @ ep 58)  [3.8s]
  ep  88: loss=0.6419  test_acc=51.13%  (best 59.56 @ ep 58)  [3.6s]
  ep  89: loss=0.6193  test_acc=51.37%  (best 59.56 @ ep 58)  [3.5s]
  ep  90: loss=0.6014  test_acc=52.78%  (best 59.56 @ ep 58)  [3.7s]
  ep  91: loss=0.5849  test_acc=52.49%  (best 59.56 @ ep 58)  [3.6s]
  ep  92: loss=0.5720  test_acc=52.50%  (best 59.56 @ ep 58)  [3.5s]
  ep  93: loss=0.5499  test_acc=52.65%  (best 59.56 @ ep 58)  [3.6s]
  ep  94: loss=0.5420  test_acc=52.83%  (best 59.56 @ ep 58)  [3.6s]
  ep  95: loss=0.5372  test_acc=51.44%  (best 59.56 @ ep 58)  [3.8s]
  ep  96: loss=0.5248  test_acc=52.78%  (best 59.56 @ ep 58)  [6.4s]
  ep  97: loss=0.5232  test_acc=52.39%  (best 59.56 @ ep 58)  [8.4s]
  ep  98: loss=0.5133  test_acc=52.05%  (best 59.56 @ ep 58)  [8.3s]
  ep  99: loss=0.5131  test_acc=52.60%  (best 59.56 @ ep 58)  [11.0s]  [logged per-sample loss: mean=0.465]

saved /path/to/ciln-workspace/journal_edition/robustness_transfer/results_v4/erm/ours_v2_clean__contrast_sev5__seed0.json: best 59.56% @ ep 58
