condition=ours_v2_noisy__gaussian_noise_sev1 seed=0 gpu=2
/path/to/ciln-workspace/venv/lib/python3.12/site-packages/torchvision/datasets/cifar.py:83: VisibleDeprecationWarning: dtype(): align should be passed as Python or NumPy boolean but got `align=0`. Did you mean to pass a tuple to create a subarray type? (Deprecated NumPy 2.4)
  entry = pickle.load(f, encoding="latin1")
image_source=noisy  N=22500  noise_rate=21.27%
  ep   0: R(t)=1.000  acc1=29.91%  acc2=29.89%  ens=29.90%  (best 29.90 @ ep 0)  [7.4s]
  ep   1: R(t)=0.933  acc1=42.69%  acc2=44.72%  ens=43.70%  (best 43.70 @ ep 1)  [6.6s]
  ep   2: R(t)=0.905  acc1=41.81%  acc2=43.51%  ens=42.66%  (best 43.70 @ ep 1)  [6.6s]
  ep   3: R(t)=0.883  acc1=48.08%  acc2=52.32%  ens=50.20%  (best 50.20 @ ep 3)  [6.5s]
  ep   4: R(t)=0.865  acc1=55.30%  acc2=52.74%  ens=54.02%  (best 54.02 @ ep 4)  [6.3s]
  ep   5: R(t)=0.850  acc1=47.56%  acc2=38.46%  ens=43.01%  (best 54.02 @ ep 4)  [9.8s]  [sel1+2: prec=0.822, recall_clean=0.927]
  ep   6: R(t)=0.835  acc1=57.11%  acc2=48.57%  ens=52.84%  (best 54.02 @ ep 4)  [6.4s]
  ep   7: R(t)=0.822  acc1=57.12%  acc2=53.10%  ens=55.11%  (best 55.11 @ ep 7)  [13.5s]
  ep   8: R(t)=0.810  acc1=53.78%  acc2=50.50%  ens=52.14%  (best 55.11 @ ep 7)  [19.0s]
  ep   9: R(t)=0.798  acc1=55.31%  acc2=61.47%  ens=58.39%  (best 58.39 @ ep 9)  [19.6s]
  ep  10: R(t)=0.787  acc1=63.22%  acc2=57.90%  ens=60.56%  (best 60.56 @ ep 10)  [26.6s]  [sel1+2: prec=0.847, recall_clean=0.897]
  ep  11: R(t)=0.787  acc1=57.26%  acc2=49.28%  ens=53.27%  (best 60.56 @ ep 10)  [18.2s]
  ep  12: R(t)=0.787  acc1=61.11%  acc2=62.02%  ens=61.57%  (best 61.57 @ ep 12)  [20.2s]
  ep  13: R(t)=0.787  acc1=63.73%  acc2=62.85%  ens=63.29%  (best 63.29 @ ep 13)  [17.4s]
  ep  14: R(t)=0.787  acc1=67.49%  acc2=66.95%  ens=67.22%  (best 67.22 @ ep 14)  [17.6s]
  ep  15: R(t)=0.787  acc1=59.80%  acc2=56.06%  ens=57.93%  (best 67.22 @ ep 14)  [21.4s]
  ep  16: R(t)=0.787  acc1=62.75%  acc2=60.40%  ens=61.58%  (best 67.22 @ ep 14)  [21.0s]
  ep  17: R(t)=0.787  acc1=68.37%  acc2=54.22%  ens=61.30%  (best 67.22 @ ep 14)  [19.8s]
  ep  18: R(t)=0.787  acc1=61.69%  acc2=59.19%  ens=60.44%  (best 67.22 @ ep 14)  [7.5s]
  ep  19: R(t)=0.787  acc1=63.44%  acc2=61.06%  ens=62.25%  (best 67.22 @ ep 14)  [6.7s]
  ep  20: R(t)=0.787  acc1=63.61%  acc2=67.12%  ens=65.37%  (best 67.22 @ ep 14)  [9.7s]  [sel1+2: prec=0.861, recall_clean=0.912]
  ep  21: R(t)=0.787  acc1=69.03%  acc2=61.59%  ens=65.31%  (best 67.22 @ ep 14)  [6.2s]
  ep  22: R(t)=0.787  acc1=62.29%  acc2=69.63%  ens=65.96%  (best 67.22 @ ep 14)  [6.5s]
  ep  23: R(t)=0.787  acc1=68.56%  acc2=60.50%  ens=64.53%  (best 67.22 @ ep 14)  [6.7s]
  ep  24: R(t)=0.787  acc1=65.36%  acc2=66.48%  ens=65.92%  (best 67.22 @ ep 14)  [6.2s]
  ep  25: R(t)=0.787  acc1=63.96%  acc2=68.17%  ens=66.06%  (best 67.22 @ ep 14)  [6.6s]
  ep  26: R(t)=0.787  acc1=66.33%  acc2=67.52%  ens=66.92%  (best 67.22 @ ep 14)  [6.9s]
  ep  27: R(t)=0.787  acc1=70.13%  acc2=66.88%  ens=68.50%  (best 68.50 @ ep 27)  [17.6s]
  ep  28: R(t)=0.787  acc1=70.93%  acc2=67.92%  ens=69.42%  (best 69.42 @ ep 28)  [17.6s]
  ep  29: R(t)=0.787  acc1=66.40%  acc2=54.20%  ens=60.30%  (best 69.42 @ ep 28)  [18.5s]
  ep  30: R(t)=0.787  acc1=55.53%  acc2=64.22%  ens=59.88%  (best 69.42 @ ep 28)  [27.5s]  [sel1+2: prec=0.866, recall_clean=0.918]
  ep  31: R(t)=0.787  acc1=67.69%  acc2=68.87%  ens=68.28%  (best 69.42 @ ep 28)  [18.7s]
  ep  32: R(t)=0.787  acc1=68.77%  acc2=70.02%  ens=69.40%  (best 69.42 @ ep 28)  [18.7s]
  ep  33: R(t)=0.787  acc1=66.04%  acc2=66.21%  ens=66.12%  (best 69.42 @ ep 28)  [14.4s]
  ep  34: R(t)=0.787  acc1=69.97%  acc2=70.44%  ens=70.21%  (best 70.21 @ ep 34)  [6.6s]
  ep  35: R(t)=0.787  acc1=75.34%  acc2=72.36%  ens=73.85%  (best 73.85 @ ep 35)  [6.5s]
  ep  36: R(t)=0.787  acc1=64.04%  acc2=69.07%  ens=66.55%  (best 73.85 @ ep 35)  [6.3s]
  ep  37: R(t)=0.787  acc1=67.81%  acc2=62.75%  ens=65.28%  (best 73.85 @ ep 35)  [6.4s]
  ep  38: R(t)=0.787  acc1=67.82%  acc2=70.95%  ens=69.39%  (best 73.85 @ ep 35)  [6.4s]
  ep  39: R(t)=0.787  acc1=66.31%  acc2=66.32%  ens=66.31%  (best 73.85 @ ep 35)  [6.5s]
  ep  40: R(t)=0.787  acc1=70.58%  acc2=72.86%  ens=71.72%  (best 73.85 @ ep 35)  [6.4s]
  ep  41: R(t)=0.787  acc1=70.42%  acc2=72.63%  ens=71.52%  (best 73.85 @ ep 35)  [6.5s]
  ep  42: R(t)=0.787  acc1=73.70%  acc2=72.47%  ens=73.08%  (best 73.85 @ ep 35)  [6.4s]
  ep  43: R(t)=0.787  acc1=71.45%  acc2=73.28%  ens=72.36%  (best 73.85 @ ep 35)  [15.3s]
  ep  44: R(t)=0.787  acc1=72.01%  acc2=69.10%  ens=70.55%  (best 73.85 @ ep 35)  [19.6s]
  ep  45: R(t)=0.787  acc1=70.45%  acc2=76.10%  ens=73.28%  (best 73.85 @ ep 35)  [18.7s]
  ep  46: R(t)=0.787  acc1=74.83%  acc2=73.58%  ens=74.20%  (best 74.20 @ ep 46)  [17.2s]
  ep  47: R(t)=0.787  acc1=73.58%  acc2=70.96%  ens=72.27%  (best 74.20 @ ep 46)  [6.7s]
  ep  48: R(t)=0.787  acc1=72.96%  acc2=74.09%  ens=73.52%  (best 74.20 @ ep 46)  [7.0s]
  ep  49: R(t)=0.787  acc1=73.92%  acc2=73.54%  ens=73.73%  (best 74.20 @ ep 46)  [6.8s]
  ep  50: R(t)=0.787  acc1=74.53%  acc2=75.28%  ens=74.91%  (best 74.91 @ ep 50)  [10.6s]  [sel1+2: prec=0.876, recall_clean=0.923]
  ep  51: R(t)=0.787  acc1=76.50%  acc2=76.32%  ens=76.41%  (best 76.41 @ ep 51)  [6.5s]
  ep  52: R(t)=0.787  acc1=69.97%  acc2=71.76%  ens=70.86%  (best 76.41 @ ep 51)  [6.5s]
  ep  53: R(t)=0.787  acc1=71.86%  acc2=75.18%  ens=73.52%  (best 76.41 @ ep 51)  [6.5s]
  ep  54: R(t)=0.787  acc1=74.85%  acc2=67.12%  ens=70.99%  (best 76.41 @ ep 51)  [6.6s]
  ep  55: R(t)=0.787  acc1=74.08%  acc2=76.24%  ens=75.16%  (best 76.41 @ ep 51)  [9.1s]
  ep  56: R(t)=0.787  acc1=74.95%  acc2=75.43%  ens=75.19%  (best 76.41 @ ep 51)  [6.4s]
  ep  57: R(t)=0.787  acc1=73.95%  acc2=74.07%  ens=74.01%  (best 76.41 @ ep 51)  [6.5s]
  ep  58: R(t)=0.787  acc1=71.74%  acc2=75.13%  ens=73.44%  (best 76.41 @ ep 51)  [6.7s]
  ep  59: R(t)=0.787  acc1=75.21%  acc2=75.42%  ens=75.31%  (best 76.41 @ ep 51)  [6.3s]
  ep  60: R(t)=0.787  acc1=75.84%  acc2=75.88%  ens=75.86%  (best 76.41 @ ep 51)  [6.5s]
  ep  61: R(t)=0.787  acc1=75.60%  acc2=76.82%  ens=76.21%  (best 76.41 @ ep 51)  [6.3s]
  ep  62: R(t)=0.787  acc1=76.73%  acc2=76.89%  ens=76.81%  (best 76.81 @ ep 62)  [6.9s]
  ep  63: R(t)=0.787  acc1=75.40%  acc2=76.80%  ens=76.10%  (best 76.81 @ ep 62)  [6.6s]
  ep  64: R(t)=0.787  acc1=75.76%  acc2=75.21%  ens=75.48%  (best 76.81 @ ep 62)  [6.3s]
  ep  65: R(t)=0.787  acc1=76.89%  acc2=75.17%  ens=76.03%  (best 76.81 @ ep 62)  [14.7s]
  ep  66: R(t)=0.787  acc1=77.50%  acc2=77.43%  ens=77.47%  (best 77.47 @ ep 66)  [16.4s]
  ep  67: R(t)=0.787  acc1=76.68%  acc2=74.36%  ens=75.52%  (best 77.47 @ ep 66)  [6.5s]
  ep  68: R(t)=0.787  acc1=77.61%  acc2=77.63%  ens=77.62%  (best 77.62 @ ep 68)  [6.4s]
  ep  69: R(t)=0.787  acc1=75.94%  acc2=75.08%  ens=75.51%  (best 77.62 @ ep 68)  [6.5s]
  ep  70: R(t)=0.787  acc1=77.53%  acc2=79.88%  ens=78.70%  (best 78.70 @ ep 70)  [6.9s]
  ep  71: R(t)=0.787  acc1=78.34%  acc2=79.12%  ens=78.73%  (best 78.73 @ ep 71)  [6.1s]
  ep  72: R(t)=0.787  acc1=78.15%  acc2=78.61%  ens=78.38%  (best 78.73 @ ep 71)  [6.4s]
  ep  73: R(t)=0.787  acc1=79.69%  acc2=78.24%  ens=78.97%  (best 78.97 @ ep 73)  [6.6s]
  ep  74: R(t)=0.787  acc1=80.27%  acc2=80.78%  ens=80.53%  (best 80.53 @ ep 74)  [6.2s]
  ep  75: R(t)=0.787  acc1=79.22%  acc2=79.45%  ens=79.33%  (best 80.53 @ ep 74)  [10.8s]  [sel1+2: prec=0.890, recall_clean=0.927]
  ep  76: R(t)=0.787  acc1=79.71%  acc2=80.97%  ens=80.34%  (best 80.53 @ ep 74)  [18.6s]
  ep  77: R(t)=0.787  acc1=79.08%  acc2=79.34%  ens=79.21%  (best 80.53 @ ep 74)  [17.9s]
  ep  78: R(t)=0.787  acc1=79.60%  acc2=78.93%  ens=79.27%  (best 80.53 @ ep 74)  [17.7s]
  ep  79: R(t)=0.787  acc1=80.53%  acc2=80.43%  ens=80.48%  (best 80.53 @ ep 74)  [7.7s]
  ep  80: R(t)=0.787  acc1=80.23%  acc2=78.79%  ens=79.51%  (best 80.53 @ ep 74)  [6.5s]
  ep  81: R(t)=0.787  acc1=80.52%  acc2=81.47%  ens=80.99%  (best 80.99 @ ep 81)  [6.2s]
  ep  82: R(t)=0.787  acc1=79.41%  acc2=80.17%  ens=79.79%  (best 80.99 @ ep 81)  [6.1s]
  ep  83: R(t)=0.787  acc1=79.52%  acc2=80.03%  ens=79.77%  (best 80.99 @ ep 81)  [6.1s]
  ep  84: R(t)=0.787  acc1=79.91%  acc2=80.50%  ens=80.20%  (best 80.99 @ ep 81)  [6.4s]
  ep  85: R(t)=0.787  acc1=81.31%  acc2=81.30%  ens=81.31%  (best 81.31 @ ep 85)  [6.4s]
  ep  86: R(t)=0.787  acc1=80.66%  acc2=80.55%  ens=80.60%  (best 81.31 @ ep 85)  [6.6s]
  ep  87: R(t)=0.787  acc1=80.60%  acc2=81.48%  ens=81.04%  (best 81.31 @ ep 85)  [6.7s]
  ep  88: R(t)=0.787  acc1=80.90%  acc2=81.16%  ens=81.03%  (best 81.31 @ ep 85)  [7.7s]
  ep  89: R(t)=0.787  acc1=80.56%  acc2=81.13%  ens=80.84%  (best 81.31 @ ep 85)  [17.4s]
  ep  90: R(t)=0.787  acc1=80.85%  acc2=81.22%  ens=81.03%  (best 81.31 @ ep 85)  [17.3s]
  ep  91: R(t)=0.787  acc1=80.92%  acc2=80.85%  ens=80.89%  (best 81.31 @ ep 85)  [17.8s]
  ep  92: R(t)=0.787  acc1=80.92%  acc2=81.17%  ens=81.05%  (best 81.31 @ ep 85)  [18.9s]
  ep  93: R(t)=0.787  acc1=81.15%  acc2=81.31%  ens=81.23%  (best 81.31 @ ep 85)  [17.1s]
  ep  94: R(t)=0.787  acc1=80.77%  acc2=81.06%  ens=80.92%  (best 81.31 @ ep 85)  [16.2s]
  ep  95: R(t)=0.787  acc1=80.71%  acc2=81.17%  ens=80.94%  (best 81.31 @ ep 85)  [17.2s]
  ep  96: R(t)=0.787  acc1=80.55%  acc2=80.92%  ens=80.73%  (best 81.31 @ ep 85)  [17.8s]
  ep  97: R(t)=0.787  acc1=80.56%  acc2=81.04%  ens=80.80%  (best 81.31 @ ep 85)  [16.5s]
  ep  98: R(t)=0.787  acc1=80.50%  acc2=81.19%  ens=80.84%  (best 81.31 @ ep 85)  [17.4s]
  ep  99: R(t)=0.787  acc1=80.79%  acc2=80.98%  ens=80.88%  (best 81.31 @ ep 85)  [22.9s]  [sel1+2: prec=0.897, recall_clean=0.923]

saved /path/to/ciln-workspace/journal_edition/robustness_transfer/results_v4/coteaching/ours_v2_noisy__gaussian_noise_sev1__seed0.json: best ens-acc 81.31% @ ep 85
