condition=ours_v2_clean__defocus_blur_sev1 seed=2 gpu=1
/path/to/ciln-workspace/venv/lib/python3.12/site-packages/torchvision/datasets/cifar.py:83: VisibleDeprecationWarning: dtype(): align should be passed as Python or NumPy boolean but got `align=0`. Did you mean to pass a tuple to create a subarray type? (Deprecated NumPy 2.4)
  entry = pickle.load(f, encoding="latin1")
image_source=clean  N_train=22500  noise_rate=8.62%
  ep   0: acc1=42.71%  acc2=38.46%  ens=40.59%  (best 40.59 @ ep 0)  [18.3s]
  ep   1: acc1=53.92%  acc2=51.83%  ens=52.88%  (best 52.88 @ ep 1)  [7.1s]
  ep   2: acc1=60.88%  acc2=48.88%  ens=54.88%  (best 54.88 @ ep 2)  [7.4s]
  ep   3: acc1=61.73%  acc2=48.80%  ens=55.27%  (best 55.27 @ ep 3)  [7.5s]
  ep   4: acc1=61.05%  acc2=61.02%  ens=61.03%  (best 61.03 @ ep 4)  [7.9s]
  ep   5: acc1=64.86%  acc2=65.26%  ens=65.06%  (best 65.06 @ ep 5)  [11.4s]  [w on clean=0.764, on noisy=0.422]
  ep   6: acc1=65.49%  acc2=69.58%  ens=67.53%  (best 67.53 @ ep 6)  [7.7s]
  ep   7: acc1=66.59%  acc2=69.55%  ens=68.07%  (best 68.07 @ ep 7)  [7.2s]
  ep   8: acc1=66.13%  acc2=71.02%  ens=68.58%  (best 68.58 @ ep 8)  [21.9s]
  ep   9: acc1=70.94%  acc2=70.05%  ens=70.49%  (best 70.49 @ ep 9)  [23.5s]
  ep  10: acc1=41.62%  acc2=29.46%  ens=35.54%  (best 70.49 @ ep 9)  [44.3s]  [w on clean=0.651, on noisy=0.375]
  ep  11: acc1=28.50%  acc2=22.81%  ens=25.66%  (best 70.49 @ ep 9)  [100.3s]
  ep  12: acc1=27.29%  acc2=24.77%  ens=26.03%  (best 70.49 @ ep 9)  [33.8s]
  ep  13: acc1=35.98%  acc2=35.81%  ens=35.89%  (best 70.49 @ ep 9)  [161.7s]
  ep  14: acc1=34.62%  acc2=37.52%  ens=36.07%  (best 70.49 @ ep 9)  [90.1s]
  ep  15: acc1=39.52%  acc2=34.28%  ens=36.90%  (best 70.49 @ ep 9)  [74.6s]
  ep  16: acc1=37.77%  acc2=35.28%  ens=36.52%  (best 70.49 @ ep 9)  [40.1s]
  ep  17: acc1=41.51%  acc2=38.47%  ens=39.99%  (best 70.49 @ ep 9)  [102.5s]
  ep  18: acc1=39.69%  acc2=40.15%  ens=39.92%  (best 70.49 @ ep 9)  [38.3s]
  ep  19: acc1=39.50%  acc2=41.24%  ens=40.37%  (best 70.49 @ ep 9)  [85.5s]
  ep  20: acc1=41.15%  acc2=37.75%  ens=39.45%  (best 70.49 @ ep 9)  [43.0s]  [w on clean=0.904, on noisy=0.812]
  ep  21: acc1=37.15%  acc2=39.71%  ens=38.43%  (best 70.49 @ ep 9)  [35.3s]
  ep  22: acc1=42.28%  acc2=35.75%  ens=39.02%  (best 70.49 @ ep 9)  [134.7s]
  ep  23: acc1=40.27%  acc2=41.08%  ens=40.67%  (best 70.49 @ ep 9)  [38.6s]
  ep  24: acc1=45.73%  acc2=41.19%  ens=43.46%  (best 70.49 @ ep 9)  [47.7s]
  ep  25: acc1=37.77%  acc2=42.65%  ens=40.21%  (best 70.49 @ ep 9)  [36.6s]
  ep  26: acc1=42.07%  acc2=41.60%  ens=41.84%  (best 70.49 @ ep 9)  [61.9s]
  ep  27: acc1=34.80%  acc2=42.93%  ens=38.87%  (best 70.49 @ ep 9)  [36.6s]
  ep  28: acc1=42.60%  acc2=34.26%  ens=38.43%  (best 70.49 @ ep 9)  [95.4s]
  ep  29: acc1=34.67%  acc2=45.26%  ens=39.97%  (best 70.49 @ ep 9)  [34.3s]
  ep  30: acc1=43.63%  acc2=37.57%  ens=40.60%  (best 70.49 @ ep 9)  [83.8s]  [w on clean=0.904, on noisy=0.813]
  ep  31: acc1=33.31%  acc2=39.52%  ens=36.41%  (best 70.49 @ ep 9)  [54.5s]
  ep  32: acc1=39.81%  acc2=38.58%  ens=39.20%  (best 70.49 @ ep 9)  [39.4s]
  ep  33: acc1=37.06%  acc2=40.61%  ens=38.83%  (best 70.49 @ ep 9)  [93.3s]
  ep  34: acc1=40.87%  acc2=28.29%  ens=34.58%  (best 70.49 @ ep 9)  [57.7s]
  ep  35: acc1=38.08%  acc2=47.79%  ens=42.94%  (best 70.49 @ ep 9)  [42.2s]
  ep  36: acc1=41.73%  acc2=34.95%  ens=38.34%  (best 70.49 @ ep 9)  [37.7s]
  ep  37: acc1=39.04%  acc2=45.23%  ens=42.13%  (best 70.49 @ ep 9)  [130.4s]
  ep  38: acc1=46.07%  acc2=44.12%  ens=45.09%  (best 70.49 @ ep 9)  [44.3s]
  ep  39: acc1=46.62%  acc2=48.82%  ens=47.72%  (best 70.49 @ ep 9)  [119.5s]
  ep  40: acc1=47.36%  acc2=51.18%  ens=49.27%  (best 70.49 @ ep 9)  [59.6s]
  ep  41: acc1=47.14%  acc2=47.96%  ens=47.55%  (best 70.49 @ ep 9)  [43.9s]
  ep  42: acc1=44.14%  acc2=48.59%  ens=46.37%  (best 70.49 @ ep 9)  [47.9s]
  ep  43: acc1=49.00%  acc2=41.82%  ens=45.41%  (best 70.49 @ ep 9)  [56.4s]
  ep  44: acc1=46.16%  acc2=47.76%  ens=46.96%  (best 70.49 @ ep 9)  [89.2s]
  ep  45: acc1=50.47%  acc2=49.15%  ens=49.81%  (best 70.49 @ ep 9)  [206.3s]
  ep  46: acc1=47.85%  acc2=46.28%  ens=47.06%  (best 70.49 @ ep 9)  [82.2s]
  ep  47: acc1=50.51%  acc2=48.51%  ens=49.51%  (best 70.49 @ ep 9)  [43.1s]
  ep  48: acc1=47.94%  acc2=48.36%  ens=48.15%  (best 70.49 @ ep 9)  [127.0s]
  ep  49: acc1=49.69%  acc2=52.98%  ens=51.33%  (best 70.49 @ ep 9)  [46.4s]
  ep  50: acc1=46.20%  acc2=47.78%  ens=46.99%  (best 70.49 @ ep 9)  [184.7s]  [w on clean=0.905, on noisy=0.814]
  ep  51: acc1=47.19%  acc2=44.44%  ens=45.81%  (best 70.49 @ ep 9)  [52.6s]
  ep  52: acc1=47.86%  acc2=49.40%  ens=48.63%  (best 70.49 @ ep 9)  [43.9s]
  ep  53: acc1=46.12%  acc2=55.67%  ens=50.90%  (best 70.49 @ ep 9)  [140.5s]
  ep  54: acc1=49.66%  acc2=53.78%  ens=51.72%  (best 70.49 @ ep 9)  [134.4s]
  ep  55: acc1=50.70%  acc2=49.41%  ens=50.06%  (best 70.49 @ ep 9)  [202.5s]
  ep  56: acc1=51.70%  acc2=54.41%  ens=53.06%  (best 70.49 @ ep 9)  [49.7s]
  ep  57: acc1=51.79%  acc2=51.15%  ens=51.47%  (best 70.49 @ ep 9)  [43.7s]
  ep  58: acc1=51.27%  acc2=52.79%  ens=52.03%  (best 70.49 @ ep 9)  [367.5s]
  ep  59: acc1=52.35%  acc2=53.68%  ens=53.02%  (best 70.49 @ ep 9)  [46.6s]
  ep  60: acc1=51.87%  acc2=54.51%  ens=53.19%  (best 70.49 @ ep 9)  [97.4s]
  ep  61: acc1=52.52%  acc2=53.75%  ens=53.13%  (best 70.49 @ ep 9)  [47.1s]
  ep  62: acc1=51.00%  acc2=48.28%  ens=49.64%  (best 70.49 @ ep 9)  [43.4s]
  ep  63: acc1=52.17%  acc2=55.09%  ens=53.63%  (best 70.49 @ ep 9)  [46.0s]
  ep  64: acc1=52.96%  acc2=55.55%  ens=54.25%  (best 70.49 @ ep 9)  [216.8s]
  ep  65: acc1=52.85%  acc2=53.77%  ens=53.31%  (best 70.49 @ ep 9)  [51.6s]
  ep  66: acc1=53.20%  acc2=55.54%  ens=54.37%  (best 70.49 @ ep 9)  [47.3s]
  ep  67: acc1=53.81%  acc2=52.48%  ens=53.14%  (best 70.49 @ ep 9)  [75.7s]
  ep  68: acc1=53.79%  acc2=55.50%  ens=54.65%  (best 70.49 @ ep 9)  [44.3s]
  ep  69: acc1=51.12%  acc2=55.08%  ens=53.10%  (best 70.49 @ ep 9)  [199.1s]
  ep  70: acc1=53.57%  acc2=53.24%  ens=53.40%  (best 70.49 @ ep 9)  [43.8s]
  ep  71: acc1=56.24%  acc2=54.37%  ens=55.31%  (best 70.49 @ ep 9)  [51.6s]
  ep  72: acc1=54.14%  acc2=54.88%  ens=54.51%  (best 70.49 @ ep 9)  [56.4s]
  ep  73: acc1=51.84%  acc2=55.60%  ens=53.72%  (best 70.49 @ ep 9)  [47.5s]
  ep  74: acc1=54.58%  acc2=54.40%  ens=54.49%  (best 70.49 @ ep 9)  [176.8s]
  ep  75: acc1=56.67%  acc2=55.39%  ens=56.03%  (best 70.49 @ ep 9)  [46.8s]  [w on clean=0.905, on noisy=0.813]
  ep  76: acc1=55.80%  acc2=54.65%  ens=55.23%  (best 70.49 @ ep 9)  [49.5s]
  ep  77: acc1=55.84%  acc2=56.29%  ens=56.06%  (best 70.49 @ ep 9)  [154.3s]
  ep  78: acc1=54.68%  acc2=55.62%  ens=55.15%  (best 70.49 @ ep 9)  [76.7s]
  ep  79: acc1=55.29%  acc2=57.14%  ens=56.21%  (best 70.49 @ ep 9)  [44.7s]
  ep  80: acc1=56.00%  acc2=54.82%  ens=55.41%  (best 70.49 @ ep 9)  [51.7s]
  ep  81: acc1=54.77%  acc2=56.90%  ens=55.83%  (best 70.49 @ ep 9)  [53.7s]
  ep  82: acc1=55.42%  acc2=55.94%  ens=55.68%  (best 70.49 @ ep 9)  [45.4s]
  ep  83: acc1=56.21%  acc2=54.85%  ens=55.53%  (best 70.49 @ ep 9)  [50.4s]
  ep  84: acc1=54.70%  acc2=56.19%  ens=55.45%  (best 70.49 @ ep 9)  [169.7s]
  ep  85: acc1=55.56%  acc2=57.29%  ens=56.42%  (best 70.49 @ ep 9)  [43.2s]
  ep  86: acc1=56.10%  acc2=56.93%  ens=56.52%  (best 70.49 @ ep 9)  [46.4s]
  ep  87: acc1=56.47%  acc2=57.09%  ens=56.78%  (best 70.49 @ ep 9)  [88.6s]
  ep  88: acc1=56.85%  acc2=57.14%  ens=56.99%  (best 70.49 @ ep 9)  [44.6s]
  ep  89: acc1=56.59%  acc2=56.73%  ens=56.66%  (best 70.49 @ ep 9)  [45.9s]
  ep  90: acc1=55.72%  acc2=56.92%  ens=56.32%  (best 70.49 @ ep 9)  [73.9s]
  ep  91: acc1=56.05%  acc2=56.68%  ens=56.36%  (best 70.49 @ ep 9)  [43.0s]
  ep  92: acc1=56.69%  acc2=57.30%  ens=56.99%  (best 70.49 @ ep 9)  [167.5s]
  ep  93: acc1=56.28%  acc2=56.41%  ens=56.34%  (best 70.49 @ ep 9)  [55.3s]
  ep  94: acc1=55.94%  acc2=57.12%  ens=56.53%  (best 70.49 @ ep 9)  [46.6s]
  ep  95: acc1=56.33%  acc2=57.13%  ens=56.73%  (best 70.49 @ ep 9)  [73.3s]
  ep  96: acc1=56.78%  acc2=57.46%  ens=57.12%  (best 70.49 @ ep 9)  [136.0s]
  ep  97: acc1=56.12%  acc2=57.16%  ens=56.64%  (best 70.49 @ ep 9)  [45.1s]
  ep  98: acc1=56.41%  acc2=57.34%  ens=56.88%  (best 70.49 @ ep 9)  [110.6s]
  ep  99: acc1=56.58%  acc2=57.33%  ens=56.95%  (best 70.49 @ ep 9)  [90.1s]  [w on clean=0.905, on noisy=0.813]

saved /path/to/ciln-workspace/journal_edition/robustness_transfer/results_v4/dividemix/ours_v2_clean__defocus_blur_sev1__seed2.json: best ens-acc 70.49% @ ep 9
