condition=ours_v2_noisy__defocus_blur_sev1 seed=0 gpu=2
/path/to/ciln-workspace/venv/lib/python3.12/site-packages/torchvision/datasets/cifar.py:83: VisibleDeprecationWarning: dtype(): align should be passed as Python or NumPy boolean but got `align=0`. Did you mean to pass a tuple to create a subarray type? (Deprecated NumPy 2.4)
  entry = pickle.load(f, encoding="latin1")
image_source=noisy  N=22500  noise_rate=8.62%
  ep   0: loss=1.9130  test_acc=34.08%  (best 34.08 @ ep 0)  [4.6s]
  ep   1: loss=1.6147  test_acc=37.52%  (best 37.52 @ ep 1)  [3.5s]
  ep   2: loss=1.3968  test_acc=37.12%  (best 37.52 @ ep 1)  [3.6s]
  ep   3: loss=1.2383  test_acc=46.94%  (best 46.94 @ ep 3)  [3.5s]
  ep   4: loss=1.1212  test_acc=58.72%  (best 58.72 @ ep 4)  [3.5s]
  ep   5: loss=1.0310  test_acc=63.39%  (best 63.39 @ ep 5)  [5.5s]  [logged per-sample loss: mean=1.035]
  ep   6: loss=0.9477  test_acc=61.36%  (best 63.39 @ ep 5)  [3.6s]
  ep   7: loss=0.8969  test_acc=68.03%  (best 68.03 @ ep 7)  [3.6s]
  ep   8: loss=0.8355  test_acc=61.65%  (best 68.03 @ ep 7)  [3.6s]
  ep   9: loss=0.7929  test_acc=63.44%  (best 68.03 @ ep 7)  [3.6s]
  ep  10: loss=0.7566  test_acc=65.68%  (best 68.03 @ ep 7)  [5.6s]  [logged per-sample loss: mean=0.948]
  ep  11: loss=0.7261  test_acc=67.02%  (best 68.03 @ ep 7)  [3.6s]
  ep  12: loss=0.6936  test_acc=65.75%  (best 68.03 @ ep 7)  [3.6s]
  ep  13: loss=0.6819  test_acc=73.12%  (best 73.12 @ ep 13)  [3.6s]
  ep  14: loss=0.6584  test_acc=69.98%  (best 73.12 @ ep 13)  [3.5s]
  ep  15: loss=0.6543  test_acc=70.97%  (best 73.12 @ ep 13)  [8.5s]
  ep  16: loss=0.6363  test_acc=68.07%  (best 73.12 @ ep 13)  [8.9s]
  ep  17: loss=0.6257  test_acc=75.12%  (best 75.12 @ ep 17)  [9.1s]
  ep  18: loss=0.6210  test_acc=74.21%  (best 75.12 @ ep 17)  [8.0s]
  ep  19: loss=0.6138  test_acc=60.81%  (best 75.12 @ ep 17)  [8.3s]
  ep  20: loss=0.5966  test_acc=70.36%  (best 75.12 @ ep 17)  [12.4s]  [logged per-sample loss: mean=0.771]
  ep  21: loss=0.5876  test_acc=75.92%  (best 75.92 @ ep 21)  [9.9s]
  ep  22: loss=0.5823  test_acc=65.50%  (best 75.92 @ ep 21)  [8.2s]
  ep  23: loss=0.5701  test_acc=76.46%  (best 76.46 @ ep 23)  [8.7s]
  ep  24: loss=0.5704  test_acc=75.99%  (best 76.46 @ ep 23)  [8.9s]
  ep  25: loss=0.5583  test_acc=66.61%  (best 76.46 @ ep 23)  [9.3s]
  ep  26: loss=0.5552  test_acc=75.39%  (best 76.46 @ ep 23)  [9.6s]
  ep  27: loss=0.5540  test_acc=76.82%  (best 76.82 @ ep 27)  [8.6s]
  ep  28: loss=0.5382  test_acc=78.07%  (best 78.07 @ ep 28)  [8.7s]
  ep  29: loss=0.5356  test_acc=66.70%  (best 78.07 @ ep 28)  [9.1s]
  ep  30: loss=0.5227  test_acc=76.63%  (best 78.07 @ ep 28)  [12.0s]  [logged per-sample loss: mean=0.572]
  ep  31: loss=0.5231  test_acc=76.01%  (best 78.07 @ ep 28)  [9.3s]
  ep  32: loss=0.5152  test_acc=71.32%  (best 78.07 @ ep 28)  [8.9s]
  ep  33: loss=0.5166  test_acc=77.03%  (best 78.07 @ ep 28)  [8.8s]
  ep  34: loss=0.4958  test_acc=76.81%  (best 78.07 @ ep 28)  [10.6s]
  ep  35: loss=0.4900  test_acc=76.27%  (best 78.07 @ ep 28)  [10.0s]
  ep  36: loss=0.4848  test_acc=76.61%  (best 78.07 @ ep 28)  [9.0s]
  ep  37: loss=0.4784  test_acc=76.67%  (best 78.07 @ ep 28)  [9.3s]
  ep  38: loss=0.4779  test_acc=74.56%  (best 78.07 @ ep 28)  [9.7s]
  ep  39: loss=0.4826  test_acc=74.31%  (best 78.07 @ ep 28)  [9.8s]
  ep  40: loss=0.4704  test_acc=62.54%  (best 78.07 @ ep 28)  [9.8s]
  ep  41: loss=0.4526  test_acc=77.88%  (best 78.07 @ ep 28)  [8.9s]
  ep  42: loss=0.4558  test_acc=71.32%  (best 78.07 @ ep 28)  [9.7s]
  ep  43: loss=0.4502  test_acc=77.12%  (best 78.07 @ ep 28)  [9.2s]
  ep  44: loss=0.4372  test_acc=78.44%  (best 78.44 @ ep 44)  [9.8s]
  ep  45: loss=0.4380  test_acc=77.01%  (best 78.44 @ ep 44)  [9.4s]
  ep  46: loss=0.4258  test_acc=78.41%  (best 78.44 @ ep 44)  [8.8s]
  ep  47: loss=0.4249  test_acc=79.91%  (best 79.91 @ ep 47)  [8.6s]
  ep  48: loss=0.4115  test_acc=71.80%  (best 79.91 @ ep 47)  [8.5s]
  ep  49: loss=0.4115  test_acc=79.36%  (best 79.91 @ ep 47)  [9.1s]
  ep  50: loss=0.4097  test_acc=77.70%  (best 79.91 @ ep 47)  [12.6s]  [logged per-sample loss: mean=0.520]
  ep  51: loss=0.3967  test_acc=78.05%  (best 79.91 @ ep 47)  [9.9s]
  ep  52: loss=0.3880  test_acc=78.84%  (best 79.91 @ ep 47)  [10.2s]
  ep  53: loss=0.3806  test_acc=79.90%  (best 79.91 @ ep 47)  [9.6s]
  ep  54: loss=0.3770  test_acc=81.58%  (best 81.58 @ ep 54)  [9.2s]
  ep  55: loss=0.3692  test_acc=79.37%  (best 81.58 @ ep 54)  [10.2s]
  ep  56: loss=0.3570  test_acc=78.58%  (best 81.58 @ ep 54)  [9.5s]
  ep  57: loss=0.3562  test_acc=79.85%  (best 81.58 @ ep 54)  [8.9s]
  ep  58: loss=0.3425  test_acc=79.28%  (best 81.58 @ ep 54)  [8.7s]
  ep  59: loss=0.3349  test_acc=79.36%  (best 81.58 @ ep 54)  [8.9s]
  ep  60: loss=0.3331  test_acc=82.26%  (best 82.26 @ ep 60)  [8.1s]
  ep  61: loss=0.3142  test_acc=80.59%  (best 82.26 @ ep 60)  [9.0s]
  ep  62: loss=0.3065  test_acc=81.80%  (best 82.26 @ ep 60)  [8.6s]
  ep  63: loss=0.3051  test_acc=79.95%  (best 82.26 @ ep 60)  [8.7s]
  ep  64: loss=0.2967  test_acc=82.36%  (best 82.36 @ ep 64)  [8.8s]
  ep  65: loss=0.2879  test_acc=82.18%  (best 82.36 @ ep 64)  [8.6s]
  ep  66: loss=0.2802  test_acc=80.92%  (best 82.36 @ ep 64)  [8.6s]
  ep  67: loss=0.2721  test_acc=82.67%  (best 82.67 @ ep 67)  [8.3s]
  ep  68: loss=0.2617  test_acc=83.63%  (best 83.63 @ ep 68)  [8.8s]
  ep  69: loss=0.2421  test_acc=82.86%  (best 83.63 @ ep 68)  [7.7s]
  ep  70: loss=0.2458  test_acc=81.81%  (best 83.63 @ ep 68)  [7.8s]
  ep  71: loss=0.2331  test_acc=83.07%  (best 83.63 @ ep 68)  [3.6s]
  ep  72: loss=0.2284  test_acc=83.39%  (best 83.63 @ ep 68)  [3.7s]
  ep  73: loss=0.2047  test_acc=82.30%  (best 83.63 @ ep 68)  [3.7s]
  ep  74: loss=0.1984  test_acc=82.80%  (best 83.63 @ ep 68)  [3.6s]
  ep  75: loss=0.1896  test_acc=83.04%  (best 83.63 @ ep 68)  [5.3s]  [logged per-sample loss: mean=0.165]
  ep  76: loss=0.1787  test_acc=82.38%  (best 83.63 @ ep 68)  [3.4s]
  ep  77: loss=0.1680  test_acc=83.81%  (best 83.81 @ ep 77)  [3.8s]
  ep  78: loss=0.1535  test_acc=82.54%  (best 83.81 @ ep 77)  [3.8s]
  ep  79: loss=0.1514  test_acc=84.48%  (best 84.48 @ ep 79)  [3.8s]
  ep  80: loss=0.1384  test_acc=83.70%  (best 84.48 @ ep 79)  [3.8s]
  ep  81: loss=0.1259  test_acc=83.74%  (best 84.48 @ ep 79)  [3.6s]
  ep  82: loss=0.1175  test_acc=84.64%  (best 84.64 @ ep 82)  [3.9s]
  ep  83: loss=0.1122  test_acc=84.80%  (best 84.80 @ ep 83)  [3.8s]
  ep  84: loss=0.1021  test_acc=84.78%  (best 84.80 @ ep 83)  [3.5s]
  ep  85: loss=0.0925  test_acc=85.12%  (best 85.12 @ ep 85)  [3.8s]
  ep  86: loss=0.0878  test_acc=84.56%  (best 85.12 @ ep 85)  [3.5s]
  ep  87: loss=0.0791  test_acc=84.96%  (best 85.12 @ ep 85)  [6.3s]
  ep  88: loss=0.0706  test_acc=85.35%  (best 85.35 @ ep 88)  [8.0s]
  ep  89: loss=0.0674  test_acc=84.89%  (best 85.35 @ ep 88)  [8.2s]
  ep  90: loss=0.0663  test_acc=85.47%  (best 85.47 @ ep 90)  [8.2s]
  ep  91: loss=0.0607  test_acc=85.37%  (best 85.47 @ ep 90)  [8.9s]
  ep  92: loss=0.0604  test_acc=85.32%  (best 85.47 @ ep 90)  [8.5s]
  ep  93: loss=0.0554  test_acc=85.52%  (best 85.52 @ ep 93)  [8.3s]
  ep  94: loss=0.0540  test_acc=85.32%  (best 85.52 @ ep 93)  [8.5s]
  ep  95: loss=0.0537  test_acc=85.19%  (best 85.52 @ ep 93)  [8.5s]
  ep  96: loss=0.0515  test_acc=85.60%  (best 85.60 @ ep 96)  [8.6s]
  ep  97: loss=0.0529  test_acc=85.54%  (best 85.60 @ ep 96)  [8.9s]
  ep  98: loss=0.0506  test_acc=85.41%  (best 85.60 @ ep 96)  [8.7s]
  ep  99: loss=0.0535  test_acc=85.39%  (best 85.60 @ ep 96)  [11.8s]  [logged per-sample loss: mean=0.030]

saved /path/to/ciln-workspace/journal_edition/robustness_transfer/results_v4/erm/ours_v2_noisy__defocus_blur_sev1__seed0.json: best 85.60% @ ep 96
