condition=ours_v2_noisy__pixelate_sev1 seed=0 gpu=2
/path/to/ciln-workspace/venv/lib/python3.12/site-packages/torchvision/datasets/cifar.py:83: VisibleDeprecationWarning: dtype(): align should be passed as Python or NumPy boolean but got `align=0`. Did you mean to pass a tuple to create a subarray type? (Deprecated NumPy 2.4)
  entry = pickle.load(f, encoding="latin1")
image_source=noisy  N_train=22500  noise_rate=11.68%
  ep   0: acc1=32.45%  acc2=31.46%  ens=31.95%  (best 31.95 @ ep 0)  [8.4s]
  ep   1: acc1=40.98%  acc2=48.65%  ens=44.81%  (best 44.81 @ ep 1)  [7.2s]
  ep   2: acc1=49.81%  acc2=52.49%  ens=51.15%  (best 51.15 @ ep 2)  [7.4s]
  ep   3: acc1=59.61%  acc2=60.53%  ens=60.07%  (best 60.07 @ ep 3)  [7.4s]
  ep   4: acc1=58.79%  acc2=62.74%  ens=60.77%  (best 60.77 @ ep 4)  [7.4s]
  ep   5: acc1=58.72%  acc2=57.88%  ens=58.30%  (best 60.77 @ ep 4)  [19.8s]  [w on clean=0.781, on noisy=0.457]
  ep   6: acc1=66.50%  acc2=64.36%  ens=65.43%  (best 65.43 @ ep 6)  [27.1s]
  ep   7: acc1=66.23%  acc2=66.61%  ens=66.42%  (best 66.42 @ ep 7)  [27.6s]
  ep   8: acc1=59.91%  acc2=65.40%  ens=62.65%  (best 66.42 @ ep 7)  [16.1s]
  ep   9: acc1=71.26%  acc2=65.18%  ens=68.22%  (best 68.22 @ ep 9)  [7.7s]
  ep  10: acc1=36.47%  acc2=33.17%  ens=34.82%  (best 68.22 @ ep 9)  [41.9s]  [w on clean=0.591, on noisy=0.412]
  ep  11: acc1=30.95%  acc2=29.01%  ens=29.98%  (best 68.22 @ ep 9)  [31.7s]
  ep  12: acc1=27.08%  acc2=37.49%  ens=32.28%  (best 68.22 @ ep 9)  [33.0s]
  ep  13: acc1=33.37%  acc2=29.58%  ens=31.47%  (best 68.22 @ ep 9)  [80.2s]
  ep  14: acc1=29.61%  acc2=31.73%  ens=30.67%  (best 68.22 @ ep 9)  [33.4s]
  ep  15: acc1=33.57%  acc2=35.87%  ens=34.72%  (best 68.22 @ ep 9)  [46.6s]
  ep  16: acc1=37.69%  acc2=33.90%  ens=35.80%  (best 68.22 @ ep 9)  [52.2s]
  ep  17: acc1=33.17%  acc2=36.07%  ens=34.62%  (best 68.22 @ ep 9)  [39.7s]
  ep  18: acc1=36.43%  acc2=36.20%  ens=36.31%  (best 68.22 @ ep 9)  [79.8s]
  ep  19: acc1=35.88%  acc2=37.99%  ens=36.94%  (best 68.22 @ ep 9)  [39.9s]
  ep  20: acc1=40.80%  acc2=41.72%  ens=41.26%  (best 68.22 @ ep 9)  [93.8s]  [w on clean=0.749, on noisy=0.566]
  ep  21: acc1=40.56%  acc2=44.05%  ens=42.31%  (best 68.22 @ ep 9)  [39.4s]
  ep  22: acc1=42.40%  acc2=45.80%  ens=44.10%  (best 68.22 @ ep 9)  [41.4s]
  ep  23: acc1=44.61%  acc2=46.33%  ens=45.47%  (best 68.22 @ ep 9)  [41.1s]
  ep  24: acc1=36.00%  acc2=42.06%  ens=39.03%  (best 68.22 @ ep 9)  [37.3s]
  ep  25: acc1=42.94%  acc2=35.24%  ens=39.09%  (best 68.22 @ ep 9)  [37.1s]
  ep  26: acc1=36.58%  acc2=42.40%  ens=39.49%  (best 68.22 @ ep 9)  [35.2s]
  ep  27: acc1=40.34%  acc2=41.15%  ens=40.74%  (best 68.22 @ ep 9)  [153.9s]
  ep  28: acc1=41.72%  acc2=47.86%  ens=44.79%  (best 68.22 @ ep 9)  [36.9s]
  ep  29: acc1=41.92%  acc2=39.31%  ens=40.62%  (best 68.22 @ ep 9)  [37.8s]
  ep  30: acc1=40.96%  acc2=44.10%  ens=42.53%  (best 68.22 @ ep 9)  [77.2s]  [w on clean=0.584, on noisy=0.356]
  ep  31: acc1=45.98%  acc2=44.49%  ens=45.23%  (best 68.22 @ ep 9)  [36.2s]
  ep  32: acc1=42.17%  acc2=45.43%  ens=43.80%  (best 68.22 @ ep 9)  [71.2s]
  ep  33: acc1=43.78%  acc2=36.62%  ens=40.20%  (best 68.22 @ ep 9)  [38.3s]
  ep  34: acc1=39.11%  acc2=43.89%  ens=41.50%  (best 68.22 @ ep 9)  [59.2s]
  ep  35: acc1=43.95%  acc2=36.98%  ens=40.47%  (best 68.22 @ ep 9)  [41.3s]
  ep  36: acc1=37.69%  acc2=40.72%  ens=39.20%  (best 68.22 @ ep 9)  [80.7s]
  ep  37: acc1=35.39%  acc2=36.49%  ens=35.94%  (best 68.22 @ ep 9)  [45.0s]
  ep  38: acc1=36.67%  acc2=39.92%  ens=38.30%  (best 68.22 @ ep 9)  [41.1s]
  ep  39: acc1=39.68%  acc2=32.69%  ens=36.19%  (best 68.22 @ ep 9)  [42.3s]
  ep  40: acc1=37.48%  acc2=47.69%  ens=42.59%  (best 68.22 @ ep 9)  [39.8s]
  ep  41: acc1=39.75%  acc2=40.56%  ens=40.16%  (best 68.22 @ ep 9)  [68.7s]
  ep  42: acc1=40.17%  acc2=38.54%  ens=39.36%  (best 68.22 @ ep 9)  [38.8s]
  ep  43: acc1=43.29%  acc2=37.85%  ens=40.57%  (best 68.22 @ ep 9)  [58.6s]
  ep  44: acc1=44.78%  acc2=45.91%  ens=45.34%  (best 68.22 @ ep 9)  [48.7s]
  ep  45: acc1=44.22%  acc2=45.68%  ens=44.95%  (best 68.22 @ ep 9)  [43.9s]
  ep  46: acc1=42.52%  acc2=44.45%  ens=43.48%  (best 68.22 @ ep 9)  [94.0s]
  ep  47: acc1=45.56%  acc2=49.28%  ens=47.42%  (best 68.22 @ ep 9)  [43.1s]
  ep  48: acc1=43.74%  acc2=44.79%  ens=44.27%  (best 68.22 @ ep 9)  [42.4s]
  ep  49: acc1=49.75%  acc2=48.85%  ens=49.30%  (best 68.22 @ ep 9)  [55.9s]
  ep  50: acc1=48.52%  acc2=44.82%  ens=46.67%  (best 68.22 @ ep 9)  [49.8s]  [w on clean=0.908, on noisy=0.859]
  ep  51: acc1=45.44%  acc2=47.43%  ens=46.44%  (best 68.22 @ ep 9)  [43.2s]
  ep  52: acc1=51.05%  acc2=51.40%  ens=51.23%  (best 68.22 @ ep 9)  [64.8s]
  ep  53: acc1=50.52%  acc2=49.76%  ens=50.14%  (best 68.22 @ ep 9)  [127.8s]
  ep  54: acc1=49.12%  acc2=50.38%  ens=49.75%  (best 68.22 @ ep 9)  [44.2s]
  ep  55: acc1=50.60%  acc2=46.29%  ens=48.45%  (best 68.22 @ ep 9)  [168.3s]
  ep  56: acc1=47.93%  acc2=49.37%  ens=48.65%  (best 68.22 @ ep 9)  [51.2s]
  ep  57: acc1=54.08%  acc2=48.62%  ens=51.35%  (best 68.22 @ ep 9)  [44.1s]
  ep  58: acc1=54.29%  acc2=51.68%  ens=52.99%  (best 68.22 @ ep 9)  [112.7s]
  ep  59: acc1=51.01%  acc2=53.24%  ens=52.12%  (best 68.22 @ ep 9)  [162.3s]
  ep  60: acc1=52.10%  acc2=52.82%  ens=52.46%  (best 68.22 @ ep 9)  [44.5s]
  ep  61: acc1=52.30%  acc2=53.19%  ens=52.74%  (best 68.22 @ ep 9)  [44.9s]
  ep  62: acc1=52.23%  acc2=48.50%  ens=50.36%  (best 68.22 @ ep 9)  [100.0s]
  ep  63: acc1=53.09%  acc2=50.75%  ens=51.92%  (best 68.22 @ ep 9)  [45.9s]
  ep  64: acc1=52.60%  acc2=52.39%  ens=52.50%  (best 68.22 @ ep 9)  [48.9s]
  ep  65: acc1=53.56%  acc2=52.50%  ens=53.03%  (best 68.22 @ ep 9)  [122.7s]
  ep  66: acc1=53.63%  acc2=50.82%  ens=52.23%  (best 68.22 @ ep 9)  [43.3s]
  ep  67: acc1=51.50%  acc2=52.32%  ens=51.91%  (best 68.22 @ ep 9)  [50.8s]
  ep  68: acc1=51.89%  acc2=54.28%  ens=53.09%  (best 68.22 @ ep 9)  [45.7s]
  ep  69: acc1=52.80%  acc2=54.36%  ens=53.58%  (best 68.22 @ ep 9)  [42.9s]
  ep  70: acc1=53.72%  acc2=54.57%  ens=54.14%  (best 68.22 @ ep 9)  [46.5s]
  ep  71: acc1=52.38%  acc2=55.87%  ens=54.12%  (best 68.22 @ ep 9)  [55.5s]
  ep  72: acc1=52.32%  acc2=54.09%  ens=53.21%  (best 68.22 @ ep 9)  [42.5s]
  ep  73: acc1=54.36%  acc2=53.58%  ens=53.97%  (best 68.22 @ ep 9)  [71.6s]
  ep  74: acc1=54.24%  acc2=56.09%  ens=55.16%  (best 68.22 @ ep 9)  [89.8s]
  ep  75: acc1=53.47%  acc2=55.21%  ens=54.34%  (best 68.22 @ ep 9)  [50.9s]  [w on clean=0.908, on noisy=0.859]
  ep  76: acc1=54.41%  acc2=52.77%  ens=53.59%  (best 68.22 @ ep 9)  [135.5s]
  ep  77: acc1=54.94%  acc2=55.56%  ens=55.25%  (best 68.22 @ ep 9)  [150.0s]
  ep  78: acc1=54.29%  acc2=56.83%  ens=55.56%  (best 68.22 @ ep 9)  [85.9s]
  ep  79: acc1=56.02%  acc2=54.79%  ens=55.41%  (best 68.22 @ ep 9)  [136.8s]
  ep  80: acc1=56.92%  acc2=54.06%  ens=55.49%  (best 68.22 @ ep 9)  [43.8s]
  ep  81: acc1=55.78%  acc2=55.52%  ens=55.65%  (best 68.22 @ ep 9)  [211.2s]
  ep  82: acc1=56.09%  acc2=53.70%  ens=54.90%  (best 68.22 @ ep 9)  [47.4s]
  ep  83: acc1=55.61%  acc2=55.41%  ens=55.51%  (best 68.22 @ ep 9)  [51.4s]
  ep  84: acc1=54.90%  acc2=57.12%  ens=56.01%  (best 68.22 @ ep 9)  [114.1s]
  ep  85: acc1=55.84%  acc2=55.76%  ens=55.80%  (best 68.22 @ ep 9)  [42.8s]
  ep  86: acc1=55.95%  acc2=55.34%  ens=55.65%  (best 68.22 @ ep 9)  [46.2s]
  ep  87: acc1=55.56%  acc2=56.46%  ens=56.01%  (best 68.22 @ ep 9)  [62.9s]
  ep  88: acc1=55.70%  acc2=57.37%  ens=56.54%  (best 68.22 @ ep 9)  [50.2s]
  ep  89: acc1=56.63%  acc2=56.63%  ens=56.63%  (best 68.22 @ ep 9)  [48.8s]
  ep  90: acc1=56.31%  acc2=56.79%  ens=56.55%  (best 68.22 @ ep 9)  [68.5s]
  ep  91: acc1=56.59%  acc2=56.93%  ens=56.76%  (best 68.22 @ ep 9)  [43.0s]
  ep  92: acc1=56.99%  acc2=57.28%  ens=57.14%  (best 68.22 @ ep 9)  [65.3s]
  ep  93: acc1=56.40%  acc2=57.19%  ens=56.79%  (best 68.22 @ ep 9)  [102.5s]
  ep  94: acc1=56.08%  acc2=57.40%  ens=56.74%  (best 68.22 @ ep 9)  [42.3s]
  ep  95: acc1=56.32%  acc2=56.82%  ens=56.57%  (best 68.22 @ ep 9)  [97.7s]
  ep  96: acc1=56.60%  acc2=56.61%  ens=56.60%  (best 68.22 @ ep 9)  [43.5s]
  ep  97: acc1=56.20%  acc2=56.65%  ens=56.43%  (best 68.22 @ ep 9)  [44.2s]
  ep  98: acc1=56.41%  acc2=57.41%  ens=56.91%  (best 68.22 @ ep 9)  [318.6s]
  ep  99: acc1=56.74%  acc2=57.41%  ens=57.08%  (best 68.22 @ ep 9)  [47.6s]  [w on clean=0.908, on noisy=0.859]

saved /path/to/ciln-workspace/journal_edition/robustness_transfer/results_v4/dividemix/ours_v2_noisy__pixelate_sev1__seed0.json: best ens-acc 68.22% @ ep 9
