condition=ours_v2_clean__pixelate_sev5 seed=0 gpu=1
/path/to/ciln-workspace/venv/lib/python3.12/site-packages/torchvision/datasets/cifar.py:83: VisibleDeprecationWarning: dtype(): align should be passed as Python or NumPy boolean but got `align=0`. Did you mean to pass a tuple to create a subarray type? (Deprecated NumPy 2.4)
  entry = pickle.load(f, encoding="latin1")
image_source=clean  N=22500  noise_rate=58.23%
  ep   0: R(t)=1.000  acc1=21.09%  acc2=19.79%  ens=20.44%  (best 20.44 @ ep 0)  [7.6s]
  ep   1: R(t)=0.816  acc1=22.23%  acc2=24.63%  ens=23.43%  (best 23.43 @ ep 1)  [6.7s]
  ep   2: R(t)=0.740  acc1=22.00%  acc2=25.20%  ens=23.60%  (best 23.60 @ ep 2)  [6.3s]
  ep   3: R(t)=0.681  acc1=23.33%  acc2=24.05%  ens=23.69%  (best 23.69 @ ep 3)  [6.3s]
  ep   4: R(t)=0.632  acc1=24.37%  acc2=25.78%  ens=25.07%  (best 25.07 @ ep 4)  [6.3s]
  ep   5: R(t)=0.588  acc1=24.90%  acc2=23.84%  ens=24.37%  (best 25.07 @ ep 4)  [9.8s]  [sel1+2: prec=0.398, recall_clean=0.585]
  ep   6: R(t)=0.549  acc1=26.36%  acc2=25.82%  ens=26.09%  (best 26.09 @ ep 6)  [6.4s]
  ep   7: R(t)=0.513  acc1=25.46%  acc2=22.04%  ens=23.75%  (best 26.09 @ ep 6)  [15.9s]
  ep   8: R(t)=0.479  acc1=22.63%  acc2=21.66%  ens=22.14%  (best 26.09 @ ep 6)  [18.2s]
  ep   9: R(t)=0.448  acc1=22.65%  acc2=22.30%  ens=22.48%  (best 26.09 @ ep 6)  [16.1s]
  ep  10: R(t)=0.418  acc1=23.17%  acc2=25.30%  ens=24.23%  (best 26.09 @ ep 6)  [25.3s]  [sel1+2: prec=0.434, recall_clean=0.463]
  ep  11: R(t)=0.418  acc1=20.78%  acc2=24.17%  ens=22.48%  (best 26.09 @ ep 6)  [16.7s]
  ep  12: R(t)=0.418  acc1=23.64%  acc2=23.92%  ens=23.78%  (best 26.09 @ ep 6)  [17.9s]
  ep  13: R(t)=0.418  acc1=21.29%  acc2=20.83%  ens=21.06%  (best 26.09 @ ep 6)  [16.0s]
  ep  14: R(t)=0.418  acc1=22.65%  acc2=24.18%  ens=23.41%  (best 26.09 @ ep 6)  [16.3s]
  ep  15: R(t)=0.418  acc1=19.34%  acc2=19.92%  ens=19.63%  (best 26.09 @ ep 6)  [16.3s]
  ep  16: R(t)=0.418  acc1=25.74%  acc2=24.30%  ens=25.02%  (best 26.09 @ ep 6)  [17.2s]
  ep  17: R(t)=0.418  acc1=23.62%  acc2=23.20%  ens=23.41%  (best 26.09 @ ep 6)  [17.2s]
  ep  18: R(t)=0.418  acc1=23.56%  acc2=24.00%  ens=23.78%  (best 26.09 @ ep 6)  [17.4s]
  ep  19: R(t)=0.418  acc1=22.23%  acc2=22.28%  ens=22.25%  (best 26.09 @ ep 6)  [19.5s]
  ep  20: R(t)=0.418  acc1=23.85%  acc2=23.12%  ens=23.48%  (best 26.09 @ ep 6)  [22.3s]  [sel1+2: prec=0.427, recall_clean=0.450]
  ep  21: R(t)=0.418  acc1=23.44%  acc2=22.15%  ens=22.79%  (best 26.09 @ ep 6)  [6.6s]
  ep  22: R(t)=0.418  acc1=25.02%  acc2=24.77%  ens=24.89%  (best 26.09 @ ep 6)  [6.5s]
  ep  23: R(t)=0.418  acc1=21.75%  acc2=22.89%  ens=22.32%  (best 26.09 @ ep 6)  [6.4s]
  ep  24: R(t)=0.418  acc1=23.63%  acc2=25.67%  ens=24.65%  (best 26.09 @ ep 6)  [6.4s]
  ep  25: R(t)=0.418  acc1=24.13%  acc2=24.33%  ens=24.23%  (best 26.09 @ ep 6)  [6.4s]
  ep  26: R(t)=0.418  acc1=22.89%  acc2=22.30%  ens=22.59%  (best 26.09 @ ep 6)  [6.6s]
  ep  27: R(t)=0.418  acc1=21.35%  acc2=22.60%  ens=21.98%  (best 26.09 @ ep 6)  [6.4s]
  ep  28: R(t)=0.418  acc1=23.38%  acc2=22.78%  ens=23.08%  (best 26.09 @ ep 6)  [6.5s]
  ep  29: R(t)=0.418  acc1=22.37%  acc2=22.37%  ens=22.37%  (best 26.09 @ ep 6)  [6.4s]
  ep  30: R(t)=0.418  acc1=24.25%  acc2=23.14%  ens=23.70%  (best 26.09 @ ep 6)  [26.8s]  [sel1+2: prec=0.426, recall_clean=0.451]
  ep  31: R(t)=0.418  acc1=21.16%  acc2=21.62%  ens=21.39%  (best 26.09 @ ep 6)  [17.6s]
  ep  32: R(t)=0.418  acc1=22.73%  acc2=23.15%  ens=22.94%  (best 26.09 @ ep 6)  [18.4s]
  ep  33: R(t)=0.418  acc1=21.86%  acc2=22.20%  ens=22.03%  (best 26.09 @ ep 6)  [16.6s]
  ep  34: R(t)=0.418  acc1=23.13%  acc2=22.82%  ens=22.98%  (best 26.09 @ ep 6)  [6.7s]
  ep  35: R(t)=0.418  acc1=20.25%  acc2=21.46%  ens=20.86%  (best 26.09 @ ep 6)  [6.3s]
  ep  36: R(t)=0.418  acc1=24.30%  acc2=25.78%  ens=25.04%  (best 26.09 @ ep 6)  [6.4s]
  ep  37: R(t)=0.418  acc1=23.08%  acc2=21.87%  ens=22.48%  (best 26.09 @ ep 6)  [6.6s]
  ep  38: R(t)=0.418  acc1=21.66%  acc2=19.28%  ens=20.47%  (best 26.09 @ ep 6)  [6.2s]
  ep  39: R(t)=0.418  acc1=22.79%  acc2=22.34%  ens=22.56%  (best 26.09 @ ep 6)  [6.3s]
  ep  40: R(t)=0.418  acc1=24.44%  acc2=23.67%  ens=24.05%  (best 26.09 @ ep 6)  [6.3s]
  ep  41: R(t)=0.418  acc1=17.84%  acc2=17.64%  ens=17.74%  (best 26.09 @ ep 6)  [6.2s]
  ep  42: R(t)=0.418  acc1=21.32%  acc2=21.96%  ens=21.64%  (best 26.09 @ ep 6)  [6.3s]
  ep  43: R(t)=0.418  acc1=21.56%  acc2=22.37%  ens=21.96%  (best 26.09 @ ep 6)  [8.4s]
  ep  44: R(t)=0.418  acc1=21.23%  acc2=20.21%  ens=20.72%  (best 26.09 @ ep 6)  [17.3s]
  ep  45: R(t)=0.418  acc1=22.84%  acc2=22.31%  ens=22.57%  (best 26.09 @ ep 6)  [16.6s]
  ep  46: R(t)=0.418  acc1=21.89%  acc2=21.17%  ens=21.53%  (best 26.09 @ ep 6)  [16.3s]
  ep  47: R(t)=0.418  acc1=22.59%  acc2=21.64%  ens=22.12%  (best 26.09 @ ep 6)  [16.3s]
  ep  48: R(t)=0.418  acc1=22.54%  acc2=21.06%  ens=21.80%  (best 26.09 @ ep 6)  [16.3s]
  ep  49: R(t)=0.418  acc1=23.77%  acc2=23.10%  ens=23.43%  (best 26.09 @ ep 6)  [16.6s]
  ep  50: R(t)=0.418  acc1=22.13%  acc2=22.31%  ens=22.22%  (best 26.09 @ ep 6)  [23.3s]  [sel1+2: prec=0.430, recall_clean=0.452]
  ep  51: R(t)=0.418  acc1=22.86%  acc2=22.17%  ens=22.52%  (best 26.09 @ ep 6)  [13.2s]
  ep  52: R(t)=0.418  acc1=20.91%  acc2=21.69%  ens=21.30%  (best 26.09 @ ep 6)  [6.5s]
  ep  53: R(t)=0.418  acc1=22.14%  acc2=20.47%  ens=21.31%  (best 26.09 @ ep 6)  [6.3s]
  ep  54: R(t)=0.418  acc1=19.01%  acc2=20.93%  ens=19.97%  (best 26.09 @ ep 6)  [6.1s]
  ep  55: R(t)=0.418  acc1=22.87%  acc2=21.55%  ens=22.21%  (best 26.09 @ ep 6)  [6.6s]
  ep  56: R(t)=0.418  acc1=22.09%  acc2=22.67%  ens=22.38%  (best 26.09 @ ep 6)  [6.2s]
  ep  57: R(t)=0.418  acc1=22.17%  acc2=22.03%  ens=22.10%  (best 26.09 @ ep 6)  [6.4s]
  ep  58: R(t)=0.418  acc1=21.86%  acc2=21.70%  ens=21.78%  (best 26.09 @ ep 6)  [6.7s]
  ep  59: R(t)=0.418  acc1=22.11%  acc2=22.31%  ens=22.21%  (best 26.09 @ ep 6)  [6.3s]
  ep  60: R(t)=0.418  acc1=23.31%  acc2=22.67%  ens=22.99%  (best 26.09 @ ep 6)  [6.3s]
  ep  61: R(t)=0.418  acc1=22.87%  acc2=22.90%  ens=22.88%  (best 26.09 @ ep 6)  [10.8s]
  ep  62: R(t)=0.418  acc1=21.00%  acc2=21.46%  ens=21.23%  (best 26.09 @ ep 6)  [16.9s]
  ep  63: R(t)=0.418  acc1=22.41%  acc2=21.91%  ens=22.16%  (best 26.09 @ ep 6)  [17.1s]
  ep  64: R(t)=0.418  acc1=22.70%  acc2=22.61%  ens=22.66%  (best 26.09 @ ep 6)  [6.6s]
  ep  65: R(t)=0.418  acc1=21.23%  acc2=20.78%  ens=21.01%  (best 26.09 @ ep 6)  [6.6s]
  ep  66: R(t)=0.418  acc1=23.13%  acc2=22.76%  ens=22.95%  (best 26.09 @ ep 6)  [6.6s]
  ep  67: R(t)=0.418  acc1=22.17%  acc2=21.20%  ens=21.68%  (best 26.09 @ ep 6)  [6.4s]
  ep  68: R(t)=0.418  acc1=22.42%  acc2=22.73%  ens=22.57%  (best 26.09 @ ep 6)  [6.7s]
  ep  69: R(t)=0.418  acc1=21.95%  acc2=21.30%  ens=21.62%  (best 26.09 @ ep 6)  [6.6s]
  ep  70: R(t)=0.418  acc1=21.64%  acc2=22.86%  ens=22.25%  (best 26.09 @ ep 6)  [6.3s]
  ep  71: R(t)=0.418  acc1=22.66%  acc2=22.50%  ens=22.58%  (best 26.09 @ ep 6)  [6.6s]
  ep  72: R(t)=0.418  acc1=22.58%  acc2=23.28%  ens=22.93%  (best 26.09 @ ep 6)  [6.6s]
  ep  73: R(t)=0.418  acc1=22.19%  acc2=21.55%  ens=21.87%  (best 26.09 @ ep 6)  [13.9s]
  ep  74: R(t)=0.418  acc1=22.67%  acc2=22.89%  ens=22.78%  (best 26.09 @ ep 6)  [16.0s]
  ep  75: R(t)=0.418  acc1=23.22%  acc2=22.92%  ens=23.07%  (best 26.09 @ ep 6)  [25.3s]  [sel1+2: prec=0.434, recall_clean=0.445]
  ep  76: R(t)=0.418  acc1=22.79%  acc2=22.54%  ens=22.66%  (best 26.09 @ ep 6)  [20.0s]
  ep  77: R(t)=0.418  acc1=22.08%  acc2=22.13%  ens=22.11%  (best 26.09 @ ep 6)  [16.4s]
  ep  78: R(t)=0.418  acc1=23.23%  acc2=23.36%  ens=23.29%  (best 26.09 @ ep 6)  [17.5s]
  ep  79: R(t)=0.418  acc1=23.18%  acc2=23.13%  ens=23.16%  (best 26.09 @ ep 6)  [17.0s]
  ep  80: R(t)=0.418  acc1=22.91%  acc2=22.99%  ens=22.95%  (best 26.09 @ ep 6)  [15.5s]
  ep  81: R(t)=0.418  acc1=22.81%  acc2=22.73%  ens=22.77%  (best 26.09 @ ep 6)  [15.2s]
  ep  82: R(t)=0.418  acc1=22.92%  acc2=23.00%  ens=22.96%  (best 26.09 @ ep 6)  [15.8s]
  ep  83: R(t)=0.418  acc1=23.10%  acc2=23.05%  ens=23.08%  (best 26.09 @ ep 6)  [17.9s]
  ep  84: R(t)=0.418  acc1=23.01%  acc2=23.26%  ens=23.14%  (best 26.09 @ ep 6)  [16.4s]
  ep  85: R(t)=0.418  acc1=22.94%  acc2=22.94%  ens=22.94%  (best 26.09 @ ep 6)  [16.2s]
  ep  86: R(t)=0.418  acc1=23.39%  acc2=23.16%  ens=23.28%  (best 26.09 @ ep 6)  [8.5s]
  ep  87: R(t)=0.418  acc1=23.28%  acc2=23.15%  ens=23.22%  (best 26.09 @ ep 6)  [6.7s]
  ep  88: R(t)=0.418  acc1=23.18%  acc2=23.20%  ens=23.19%  (best 26.09 @ ep 6)  [6.7s]
  ep  89: R(t)=0.418  acc1=23.12%  acc2=23.08%  ens=23.10%  (best 26.09 @ ep 6)  [6.5s]
  ep  90: R(t)=0.418  acc1=23.25%  acc2=23.35%  ens=23.30%  (best 26.09 @ ep 6)  [6.6s]
  ep  91: R(t)=0.418  acc1=23.28%  acc2=23.24%  ens=23.26%  (best 26.09 @ ep 6)  [6.5s]
  ep  92: R(t)=0.418  acc1=23.17%  acc2=23.05%  ens=23.11%  (best 26.09 @ ep 6)  [6.6s]
  ep  93: R(t)=0.418  acc1=23.23%  acc2=23.21%  ens=23.22%  (best 26.09 @ ep 6)  [6.4s]
  ep  94: R(t)=0.418  acc1=23.33%  acc2=23.35%  ens=23.34%  (best 26.09 @ ep 6)  [6.5s]
  ep  95: R(t)=0.418  acc1=23.31%  acc2=23.30%  ens=23.30%  (best 26.09 @ ep 6)  [7.5s]
  ep  96: R(t)=0.418  acc1=23.37%  acc2=23.41%  ens=23.39%  (best 26.09 @ ep 6)  [16.3s]
  ep  97: R(t)=0.418  acc1=23.25%  acc2=23.23%  ens=23.24%  (best 26.09 @ ep 6)  [17.3s]
  ep  98: R(t)=0.418  acc1=23.24%  acc2=23.18%  ens=23.21%  (best 26.09 @ ep 6)  [16.4s]
  ep  99: R(t)=0.418  acc1=23.31%  acc2=23.28%  ens=23.29%  (best 26.09 @ ep 6)  [19.0s]  [sel1+2: prec=0.446, recall_clean=0.450]

saved /path/to/ciln-workspace/journal_edition/robustness_transfer/results_v4/coteaching/ours_v2_clean__pixelate_sev5__seed0.json: best ens-acc 26.09% @ ep 6
