condition=ours_v2_clean__gaussian_noise_sev1 seed=1 gpu=1
/path/to/ciln-workspace/venv/lib/python3.12/site-packages/torchvision/datasets/cifar.py:83: VisibleDeprecationWarning: dtype(): align should be passed as Python or NumPy boolean but got `align=0`. Did you mean to pass a tuple to create a subarray type? (Deprecated NumPy 2.4)
  entry = pickle.load(f, encoding="latin1")
image_source=clean  N_train=22500  noise_rate=21.27%
  ep   0: acc1=41.28%  acc2=34.58%  ens=37.93%  (best 37.93 @ ep 0)  [8.9s]
  ep   1: acc1=49.95%  acc2=46.59%  ens=48.27%  (best 48.27 @ ep 1)  [7.4s]
  ep   2: acc1=51.74%  acc2=46.90%  ens=49.32%  (best 49.32 @ ep 2)  [7.5s]
  ep   3: acc1=60.45%  acc2=50.62%  ens=55.54%  (best 55.54 @ ep 3)  [7.9s]
  ep   4: acc1=52.07%  acc2=54.58%  ens=53.33%  (best 55.54 @ ep 3)  [7.3s]
  ep   5: acc1=52.74%  acc2=56.99%  ens=54.86%  (best 55.54 @ ep 3)  [12.0s]  [w on clean=0.787, on noisy=0.614]
  ep   6: acc1=57.08%  acc2=58.17%  ens=57.62%  (best 57.62 @ ep 6)  [22.9s]
  ep   7: acc1=66.01%  acc2=54.66%  ens=60.34%  (best 60.34 @ ep 7)  [7.7s]
  ep   8: acc1=61.23%  acc2=65.18%  ens=63.20%  (best 63.20 @ ep 8)  [7.4s]
  ep   9: acc1=68.60%  acc2=65.79%  ens=67.20%  (best 67.20 @ ep 9)  [7.3s]
  ep  10: acc1=48.18%  acc2=40.82%  ens=44.50%  (best 67.20 @ ep 9)  [57.0s]  [w on clean=0.671, on noisy=0.416]
  ep  11: acc1=45.05%  acc2=40.08%  ens=42.56%  (best 67.20 @ ep 9)  [32.5s]
  ep  12: acc1=32.93%  acc2=31.60%  ens=32.27%  (best 67.20 @ ep 9)  [39.1s]
  ep  13: acc1=29.81%  acc2=25.09%  ens=27.45%  (best 67.20 @ ep 9)  [39.2s]
  ep  14: acc1=33.12%  acc2=35.09%  ens=34.10%  (best 67.20 @ ep 9)  [56.2s]
  ep  15: acc1=35.61%  acc2=41.09%  ens=38.35%  (best 67.20 @ ep 9)  [58.8s]
  ep  16: acc1=44.21%  acc2=44.75%  ens=44.48%  (best 67.20 @ ep 9)  [40.8s]
  ep  17: acc1=42.49%  acc2=43.27%  ens=42.88%  (best 67.20 @ ep 9)  [82.3s]
  ep  18: acc1=44.19%  acc2=40.28%  ens=42.23%  (best 67.20 @ ep 9)  [45.6s]
  ep  19: acc1=43.44%  acc2=41.01%  ens=42.23%  (best 67.20 @ ep 9)  [66.5s]
  ep  20: acc1=40.00%  acc2=41.98%  ens=40.99%  (best 67.20 @ ep 9)  [45.3s]  [w on clean=0.832, on noisy=0.816]
  ep  21: acc1=39.68%  acc2=46.93%  ens=43.30%  (best 67.20 @ ep 9)  [46.1s]
  ep  22: acc1=43.46%  acc2=40.89%  ens=42.17%  (best 67.20 @ ep 9)  [41.0s]
  ep  23: acc1=43.03%  acc2=45.47%  ens=44.25%  (best 67.20 @ ep 9)  [229.1s]
  ep  24: acc1=47.65%  acc2=43.06%  ens=45.36%  (best 67.20 @ ep 9)  [43.1s]
  ep  25: acc1=42.07%  acc2=44.63%  ens=43.35%  (best 67.20 @ ep 9)  [196.4s]
  ep  26: acc1=38.79%  acc2=46.94%  ens=42.86%  (best 67.20 @ ep 9)  [41.3s]
  ep  27: acc1=47.05%  acc2=42.04%  ens=44.55%  (best 67.20 @ ep 9)  [82.4s]
  ep  28: acc1=42.05%  acc2=46.65%  ens=44.35%  (best 67.20 @ ep 9)  [92.7s]
  ep  29: acc1=46.14%  acc2=48.06%  ens=47.10%  (best 67.20 @ ep 9)  [41.6s]
  ep  30: acc1=44.76%  acc2=49.01%  ens=46.88%  (best 67.20 @ ep 9)  [182.1s]  [w on clean=0.831, on noisy=0.816]
  ep  31: acc1=45.66%  acc2=47.63%  ens=46.65%  (best 67.20 @ ep 9)  [41.5s]
  ep  32: acc1=50.02%  acc2=45.27%  ens=47.64%  (best 67.20 @ ep 9)  [84.1s]
  ep  33: acc1=49.32%  acc2=45.26%  ens=47.29%  (best 67.20 @ ep 9)  [109.5s]
  ep  34: acc1=46.59%  acc2=44.87%  ens=45.73%  (best 67.20 @ ep 9)  [45.3s]
  ep  35: acc1=43.91%  acc2=47.26%  ens=45.59%  (best 67.20 @ ep 9)  [48.1s]
  ep  36: acc1=48.85%  acc2=48.64%  ens=48.74%  (best 67.20 @ ep 9)  [50.5s]
  ep  37: acc1=45.15%  acc2=48.36%  ens=46.76%  (best 67.20 @ ep 9)  [41.0s]
  ep  38: acc1=46.62%  acc2=50.33%  ens=48.48%  (best 67.20 @ ep 9)  [42.8s]
  ep  39: acc1=53.20%  acc2=45.75%  ens=49.48%  (best 67.20 @ ep 9)  [106.1s]
  ep  40: acc1=48.09%  acc2=50.64%  ens=49.36%  (best 67.20 @ ep 9)  [41.4s]
  ep  41: acc1=50.00%  acc2=53.03%  ens=51.52%  (best 67.20 @ ep 9)  [163.3s]
  ep  42: acc1=50.76%  acc2=48.11%  ens=49.44%  (best 67.20 @ ep 9)  [40.4s]
  ep  43: acc1=50.10%  acc2=52.05%  ens=51.08%  (best 67.20 @ ep 9)  [49.1s]
  ep  44: acc1=49.95%  acc2=52.52%  ens=51.23%  (best 67.20 @ ep 9)  [73.0s]
  ep  45: acc1=49.91%  acc2=51.03%  ens=50.47%  (best 67.20 @ ep 9)  [41.0s]
  ep  46: acc1=46.96%  acc2=44.50%  ens=45.73%  (best 67.20 @ ep 9)  [94.8s]
  ep  47: acc1=52.37%  acc2=52.45%  ens=52.41%  (best 67.20 @ ep 9)  [45.7s]
  ep  48: acc1=51.36%  acc2=48.63%  ens=49.99%  (best 67.20 @ ep 9)  [40.8s]
  ep  49: acc1=51.57%  acc2=49.55%  ens=50.56%  (best 67.20 @ ep 9)  [108.0s]
  ep  50: acc1=50.05%  acc2=53.51%  ens=51.78%  (best 67.20 @ ep 9)  [56.7s]  [w on clean=0.832, on noisy=0.815]
  ep  51: acc1=53.26%  acc2=51.63%  ens=52.45%  (best 67.20 @ ep 9)  [41.2s]
  ep  52: acc1=51.20%  acc2=54.57%  ens=52.89%  (best 67.20 @ ep 9)  [42.6s]
  ep  53: acc1=53.54%  acc2=49.14%  ens=51.34%  (best 67.20 @ ep 9)  [47.4s]
  ep  54: acc1=52.95%  acc2=52.86%  ens=52.91%  (best 67.20 @ ep 9)  [45.4s]
  ep  55: acc1=50.59%  acc2=53.76%  ens=52.17%  (best 67.20 @ ep 9)  [118.0s]
  ep  56: acc1=51.32%  acc2=53.69%  ens=52.51%  (best 67.20 @ ep 9)  [52.1s]
  ep  57: acc1=53.03%  acc2=53.30%  ens=53.16%  (best 67.20 @ ep 9)  [41.5s]
  ep  58: acc1=52.65%  acc2=53.58%  ens=53.12%  (best 67.20 @ ep 9)  [137.8s]
  ep  59: acc1=54.32%  acc2=53.50%  ens=53.91%  (best 67.20 @ ep 9)  [42.9s]
  ep  60: acc1=53.32%  acc2=52.24%  ens=52.78%  (best 67.20 @ ep 9)  [134.9s]
  ep  61: acc1=54.01%  acc2=53.70%  ens=53.86%  (best 67.20 @ ep 9)  [84.4s]
  ep  62: acc1=53.42%  acc2=54.86%  ens=54.14%  (best 67.20 @ ep 9)  [84.2s]
  ep  63: acc1=52.95%  acc2=54.43%  ens=53.69%  (best 67.20 @ ep 9)  [70.2s]
  ep  64: acc1=55.00%  acc2=56.47%  ens=55.73%  (best 67.20 @ ep 9)  [47.4s]
  ep  65: acc1=55.92%  acc2=54.75%  ens=55.34%  (best 67.20 @ ep 9)  [46.5s]
  ep  66: acc1=55.39%  acc2=53.38%  ens=54.38%  (best 67.20 @ ep 9)  [47.9s]
  ep  67: acc1=56.93%  acc2=55.35%  ens=56.14%  (best 67.20 @ ep 9)  [45.0s]
  ep  68: acc1=53.34%  acc2=55.10%  ens=54.22%  (best 67.20 @ ep 9)  [296.9s]
  ep  69: acc1=56.77%  acc2=56.18%  ens=56.47%  (best 67.20 @ ep 9)  [74.6s]
  ep  70: acc1=52.58%  acc2=54.83%  ens=53.71%  (best 67.20 @ ep 9)  [110.4s]
  ep  71: acc1=54.91%  acc2=55.58%  ens=55.24%  (best 67.20 @ ep 9)  [42.8s]
  ep  72: acc1=56.18%  acc2=55.22%  ens=55.70%  (best 67.20 @ ep 9)  [146.6s]
  ep  73: acc1=54.95%  acc2=57.43%  ens=56.19%  (best 67.20 @ ep 9)  [41.8s]
  ep  74: acc1=56.94%  acc2=56.35%  ens=56.65%  (best 67.20 @ ep 9)  [52.9s]
  ep  75: acc1=55.40%  acc2=55.77%  ens=55.58%  (best 67.20 @ ep 9)  [149.8s]  [w on clean=0.832, on noisy=0.816]
  ep  76: acc1=56.58%  acc2=55.90%  ens=56.24%  (best 67.20 @ ep 9)  [41.9s]
  ep  77: acc1=58.02%  acc2=57.09%  ens=57.55%  (best 67.20 @ ep 9)  [93.6s]
  ep  78: acc1=55.59%  acc2=56.12%  ens=55.85%  (best 67.20 @ ep 9)  [45.0s]
  ep  79: acc1=57.33%  acc2=55.94%  ens=56.64%  (best 67.20 @ ep 9)  [50.9s]
  ep  80: acc1=57.75%  acc2=55.81%  ens=56.78%  (best 67.20 @ ep 9)  [58.6s]
  ep  81: acc1=56.87%  acc2=56.91%  ens=56.89%  (best 67.20 @ ep 9)  [41.9s]
  ep  82: acc1=56.42%  acc2=57.39%  ens=56.91%  (best 67.20 @ ep 9)  [102.0s]
  ep  83: acc1=56.64%  acc2=56.87%  ens=56.76%  (best 67.20 @ ep 9)  [58.0s]
  ep  84: acc1=57.93%  acc2=56.64%  ens=57.29%  (best 67.20 @ ep 9)  [43.0s]
  ep  85: acc1=57.71%  acc2=56.67%  ens=57.19%  (best 67.20 @ ep 9)  [158.4s]
  ep  86: acc1=57.36%  acc2=57.05%  ens=57.20%  (best 67.20 @ ep 9)  [45.2s]
  ep  87: acc1=57.71%  acc2=56.85%  ens=57.28%  (best 67.20 @ ep 9)  [317.5s]
  ep  88: acc1=58.74%  acc2=56.87%  ens=57.80%  (best 67.20 @ ep 9)  [42.7s]
  ep  89: acc1=57.20%  acc2=56.93%  ens=57.06%  (best 67.20 @ ep 9)  [49.1s]
  ep  90: acc1=57.39%  acc2=57.22%  ens=57.31%  (best 67.20 @ ep 9)  [121.6s]
  ep  91: acc1=57.54%  acc2=57.20%  ens=57.37%  (best 67.20 @ ep 9)  [42.6s]
  ep  92: acc1=57.96%  acc2=57.15%  ens=57.55%  (best 67.20 @ ep 9)  [43.6s]
  ep  93: acc1=57.56%  acc2=57.52%  ens=57.54%  (best 67.20 @ ep 9)  [59.8s]
  ep  94: acc1=57.89%  acc2=57.65%  ens=57.77%  (best 67.20 @ ep 9)  [48.3s]
  ep  95: acc1=57.69%  acc2=57.19%  ens=57.44%  (best 67.20 @ ep 9)  [76.5s]
  ep  96: acc1=57.87%  acc2=57.54%  ens=57.71%  (best 67.20 @ ep 9)  [40.5s]
  ep  97: acc1=57.92%  acc2=57.20%  ens=57.56%  (best 67.20 @ ep 9)  [95.3s]
  ep  98: acc1=57.74%  acc2=57.25%  ens=57.50%  (best 67.20 @ ep 9)  [133.1s]
  ep  99: acc1=57.60%  acc2=57.17%  ens=57.38%  (best 67.20 @ ep 9)  [45.5s]  [w on clean=0.832, on noisy=0.815]

saved /path/to/ciln-workspace/journal_edition/robustness_transfer/results_v4/dividemix/ours_v2_clean__gaussian_noise_sev1__seed1.json: best ens-acc 67.20% @ ep 9
