condition=ours_v2_clean__contrast_sev5 seed=1 gpu=1
/path/to/ciln-workspace/venv/lib/python3.12/site-packages/torchvision/datasets/cifar.py:83: VisibleDeprecationWarning: dtype(): align should be passed as Python or NumPy boolean but got `align=0`. Did you mean to pass a tuple to create a subarray type? (Deprecated NumPy 2.4)
  entry = pickle.load(f, encoding="latin1")
image_source=clean  N_train=22500  noise_rate=47.51%
  ep   0: acc1=32.77%  acc2=21.95%  ens=27.36%  (best 27.36 @ ep 0)  [8.4s]
  ep   1: acc1=28.11%  acc2=28.21%  ens=28.16%  (best 28.16 @ ep 1)  [7.4s]
  ep   2: acc1=33.40%  acc2=28.82%  ens=31.11%  (best 31.11 @ ep 2)  [7.8s]
  ep   3: acc1=39.18%  acc2=40.17%  ens=39.67%  (best 39.67 @ ep 3)  [8.7s]
  ep   4: acc1=32.73%  acc2=35.42%  ens=34.08%  (best 39.67 @ ep 3)  [8.1s]
  ep   5: acc1=38.44%  acc2=40.16%  ens=39.30%  (best 39.67 @ ep 3)  [11.9s]  [w on clean=0.736, on noisy=0.662]
  ep   6: acc1=45.05%  acc2=44.84%  ens=44.95%  (best 44.95 @ ep 6)  [7.6s]
  ep   7: acc1=42.32%  acc2=40.56%  ens=41.44%  (best 44.95 @ ep 6)  [7.9s]
  ep   8: acc1=40.46%  acc2=40.36%  ens=40.41%  (best 44.95 @ ep 6)  [7.6s]
  ep   9: acc1=45.80%  acc2=48.18%  ens=46.99%  (best 46.99 @ ep 9)  [7.4s]
  ep  10: acc1=36.33%  acc2=30.73%  ens=33.53%  (best 46.99 @ ep 9)  [129.0s]  [w on clean=0.652, on noisy=0.668]
  ep  11: acc1=29.06%  acc2=29.49%  ens=29.28%  (best 46.99 @ ep 9)  [34.6s]
  ep  12: acc1=27.65%  acc2=23.56%  ens=25.61%  (best 46.99 @ ep 9)  [186.8s]
  ep  13: acc1=21.17%  acc2=21.42%  ens=21.30%  (best 46.99 @ ep 9)  [32.1s]
  ep  14: acc1=20.80%  acc2=17.66%  ens=19.23%  (best 46.99 @ ep 9)  [195.5s]
  ep  15: acc1=18.73%  acc2=16.32%  ens=17.53%  (best 46.99 @ ep 9)  [30.7s]
  ep  16: acc1=18.43%  acc2=18.85%  ens=18.64%  (best 46.99 @ ep 9)  [25.7s]
  ep  17: acc1=18.80%  acc2=18.18%  ens=18.49%  (best 46.99 @ ep 9)  [95.9s]
  ep  18: acc1=19.10%  acc2=19.90%  ens=19.50%  (best 46.99 @ ep 9)  [26.7s]
  ep  19: acc1=18.96%  acc2=19.74%  ens=19.35%  (best 46.99 @ ep 9)  [28.6s]
  ep  20: acc1=20.14%  acc2=18.99%  ens=19.56%  (best 46.99 @ ep 9)  [61.5s]  [w on clean=0.379, on noisy=0.649]
  ep  21: acc1=19.71%  acc2=17.30%  ens=18.50%  (best 46.99 @ ep 9)  [28.6s]
  ep  22: acc1=19.20%  acc2=19.81%  ens=19.50%  (best 46.99 @ ep 9)  [100.4s]
  ep  23: acc1=20.30%  acc2=19.37%  ens=19.84%  (best 46.99 @ ep 9)  [29.5s]
  ep  24: acc1=20.13%  acc2=20.04%  ens=20.09%  (best 46.99 @ ep 9)  [45.6s]
  ep  25: acc1=20.29%  acc2=20.76%  ens=20.52%  (best 46.99 @ ep 9)  [29.3s]
  ep  26: acc1=21.25%  acc2=21.02%  ens=21.13%  (best 46.99 @ ep 9)  [29.4s]
  ep  27: acc1=20.36%  acc2=20.56%  ens=20.46%  (best 46.99 @ ep 9)  [29.2s]
  ep  28: acc1=21.13%  acc2=20.90%  ens=21.02%  (best 46.99 @ ep 9)  [69.0s]
  ep  29: acc1=20.52%  acc2=20.44%  ens=20.48%  (best 46.99 @ ep 9)  [35.1s]
  ep  30: acc1=20.39%  acc2=19.98%  ens=20.18%  (best 46.99 @ ep 9)  [35.3s]  [w on clean=0.416, on noisy=0.715]
  ep  31: acc1=20.93%  acc2=20.22%  ens=20.57%  (best 46.99 @ ep 9)  [62.2s]
  ep  32: acc1=20.75%  acc2=20.72%  ens=20.73%  (best 46.99 @ ep 9)  [31.3s]
  ep  33: acc1=20.66%  acc2=20.68%  ens=20.67%  (best 46.99 @ ep 9)  [41.8s]
  ep  34: acc1=20.80%  acc2=20.71%  ens=20.76%  (best 46.99 @ ep 9)  [31.0s]
  ep  35: acc1=21.20%  acc2=21.36%  ens=21.28%  (best 46.99 @ ep 9)  [72.6s]
  ep  36: acc1=21.17%  acc2=21.11%  ens=21.14%  (best 46.99 @ ep 9)  [29.8s]
  ep  37: acc1=20.27%  acc2=19.11%  ens=19.69%  (best 46.99 @ ep 9)  [32.4s]
  ep  38: acc1=20.76%  acc2=20.57%  ens=20.66%  (best 46.99 @ ep 9)  [30.6s]
  ep  39: acc1=20.81%  acc2=20.41%  ens=20.61%  (best 46.99 @ ep 9)  [62.1s]
  ep  40: acc1=20.81%  acc2=21.46%  ens=21.14%  (best 46.99 @ ep 9)  [29.9s]
  ep  41: acc1=20.66%  acc2=20.04%  ens=20.35%  (best 46.99 @ ep 9)  [35.6s]
  ep  42: acc1=20.78%  acc2=20.72%  ens=20.75%  (best 46.99 @ ep 9)  [30.7s]
  ep  43: acc1=20.28%  acc2=21.51%  ens=20.90%  (best 46.99 @ ep 9)  [30.9s]
  ep  44: acc1=21.39%  acc2=21.36%  ens=21.38%  (best 46.99 @ ep 9)  [33.3s]
  ep  45: acc1=21.69%  acc2=21.08%  ens=21.38%  (best 46.99 @ ep 9)  [29.5s]
  ep  46: acc1=21.21%  acc2=20.60%  ens=20.91%  (best 46.99 @ ep 9)  [34.3s]
  ep  47: acc1=20.49%  acc2=21.65%  ens=21.07%  (best 46.99 @ ep 9)  [30.0s]
  ep  48: acc1=21.25%  acc2=20.68%  ens=20.96%  (best 46.99 @ ep 9)  [39.2s]
  ep  49: acc1=20.78%  acc2=21.23%  ens=21.01%  (best 46.99 @ ep 9)  [29.8s]
  ep  50: acc1=20.50%  acc2=20.80%  ens=20.65%  (best 46.99 @ ep 9)  [37.0s]  [w on clean=0.417, on noisy=0.731]
  ep  51: acc1=21.06%  acc2=21.28%  ens=21.17%  (best 46.99 @ ep 9)  [29.6s]
  ep  52: acc1=21.02%  acc2=21.25%  ens=21.13%  (best 46.99 @ ep 9)  [192.5s]
  ep  53: acc1=21.15%  acc2=21.47%  ens=21.31%  (best 46.99 @ ep 9)  [29.8s]
  ep  54: acc1=21.06%  acc2=20.81%  ens=20.94%  (best 46.99 @ ep 9)  [47.6s]
  ep  55: acc1=21.13%  acc2=21.18%  ens=21.15%  (best 46.99 @ ep 9)  [30.2s]
  ep  56: acc1=21.10%  acc2=20.59%  ens=20.84%  (best 46.99 @ ep 9)  [37.8s]
  ep  57: acc1=21.49%  acc2=21.44%  ens=21.46%  (best 46.99 @ ep 9)  [36.9s]
  ep  58: acc1=21.14%  acc2=21.20%  ens=21.17%  (best 46.99 @ ep 9)  [30.0s]
  ep  59: acc1=21.02%  acc2=21.43%  ens=21.22%  (best 46.99 @ ep 9)  [47.7s]
  ep  60: acc1=21.89%  acc2=21.64%  ens=21.77%  (best 46.99 @ ep 9)  [30.6s]
  ep  61: acc1=21.38%  acc2=21.95%  ens=21.66%  (best 46.99 @ ep 9)  [160.9s]
  ep  62: acc1=21.46%  acc2=21.75%  ens=21.61%  (best 46.99 @ ep 9)  [30.2s]
  ep  63: acc1=20.99%  acc2=21.05%  ens=21.02%  (best 46.99 @ ep 9)  [42.0s]
  ep  64: acc1=21.20%  acc2=20.88%  ens=21.04%  (best 46.99 @ ep 9)  [30.8s]
  ep  65: acc1=21.07%  acc2=21.74%  ens=21.41%  (best 46.99 @ ep 9)  [46.5s]
  ep  66: acc1=21.31%  acc2=21.86%  ens=21.58%  (best 46.99 @ ep 9)  [31.6s]
  ep  67: acc1=21.34%  acc2=21.60%  ens=21.47%  (best 46.99 @ ep 9)  [54.6s]
  ep  68: acc1=21.35%  acc2=21.01%  ens=21.18%  (best 46.99 @ ep 9)  [30.2s]
  ep  69: acc1=21.85%  acc2=21.41%  ens=21.63%  (best 46.99 @ ep 9)  [63.3s]
  ep  70: acc1=21.61%  acc2=21.38%  ens=21.49%  (best 46.99 @ ep 9)  [30.0s]
  ep  71: acc1=21.31%  acc2=21.79%  ens=21.55%  (best 46.99 @ ep 9)  [35.7s]
  ep  72: acc1=21.42%  acc2=21.81%  ens=21.62%  (best 46.99 @ ep 9)  [30.6s]
  ep  73: acc1=21.81%  acc2=21.60%  ens=21.70%  (best 46.99 @ ep 9)  [32.0s]
  ep  74: acc1=21.64%  acc2=21.29%  ens=21.46%  (best 46.99 @ ep 9)  [30.6s]
  ep  75: acc1=21.30%  acc2=21.84%  ens=21.57%  (best 46.99 @ ep 9)  [35.5s]  [w on clean=0.418, on noisy=0.738]
  ep  76: acc1=21.77%  acc2=21.26%  ens=21.52%  (best 46.99 @ ep 9)  [30.5s]
  ep  77: acc1=21.42%  acc2=21.30%  ens=21.36%  (best 46.99 @ ep 9)  [46.8s]
  ep  78: acc1=21.45%  acc2=21.42%  ens=21.43%  (best 46.99 @ ep 9)  [138.5s]
  ep  79: acc1=21.38%  acc2=21.51%  ens=21.45%  (best 46.99 @ ep 9)  [30.6s]
  ep  80: acc1=21.77%  acc2=21.83%  ens=21.80%  (best 46.99 @ ep 9)  [162.4s]
  ep  81: acc1=21.59%  acc2=21.86%  ens=21.73%  (best 46.99 @ ep 9)  [30.5s]
  ep  82: acc1=21.66%  acc2=21.72%  ens=21.69%  (best 46.99 @ ep 9)  [67.0s]
  ep  83: acc1=21.88%  acc2=21.69%  ens=21.79%  (best 46.99 @ ep 9)  [30.0s]
  ep  84: acc1=21.57%  acc2=22.05%  ens=21.81%  (best 46.99 @ ep 9)  [32.9s]
  ep  85: acc1=21.61%  acc2=21.77%  ens=21.69%  (best 46.99 @ ep 9)  [30.5s]
  ep  86: acc1=21.60%  acc2=21.85%  ens=21.73%  (best 46.99 @ ep 9)  [30.0s]
  ep  87: acc1=21.87%  acc2=22.07%  ens=21.97%  (best 46.99 @ ep 9)  [36.3s]
  ep  88: acc1=21.80%  acc2=21.90%  ens=21.85%  (best 46.99 @ ep 9)  [30.4s]
  ep  89: acc1=21.98%  acc2=21.95%  ens=21.96%  (best 46.99 @ ep 9)  [32.4s]
  ep  90: acc1=21.90%  acc2=21.86%  ens=21.88%  (best 46.99 @ ep 9)  [29.9s]
  ep  91: acc1=21.90%  acc2=21.86%  ens=21.88%  (best 46.99 @ ep 9)  [32.3s]
  ep  92: acc1=21.84%  acc2=21.95%  ens=21.89%  (best 46.99 @ ep 9)  [31.4s]
  ep  93: acc1=21.88%  acc2=21.88%  ens=21.88%  (best 46.99 @ ep 9)  [43.6s]
  ep  94: acc1=21.87%  acc2=21.95%  ens=21.91%  (best 46.99 @ ep 9)  [30.4s]
  ep  95: acc1=21.95%  acc2=21.91%  ens=21.93%  (best 46.99 @ ep 9)  [91.2s]
  ep  96: acc1=21.96%  acc2=21.95%  ens=21.95%  (best 46.99 @ ep 9)  [30.6s]
  ep  97: acc1=21.97%  acc2=21.99%  ens=21.98%  (best 46.99 @ ep 9)  [39.8s]
  ep  98: acc1=21.91%  acc2=21.94%  ens=21.93%  (best 46.99 @ ep 9)  [30.5s]
  ep  99: acc1=21.88%  acc2=21.93%  ens=21.91%  (best 46.99 @ ep 9)  [112.1s]  [w on clean=0.418, on noisy=0.738]

saved /path/to/ciln-workspace/journal_edition/robustness_transfer/results_v4/dividemix/ours_v2_clean__contrast_sev5__seed1.json: best ens-acc 46.99% @ ep 9
