condition=ours_v2_noisy__pixelate_sev1 seed=1 gpu=2
/path/to/ciln-workspace/venv/lib/python3.12/site-packages/torchvision/datasets/cifar.py:83: VisibleDeprecationWarning: dtype(): align should be passed as Python or NumPy boolean but got `align=0`. Did you mean to pass a tuple to create a subarray type? (Deprecated NumPy 2.4)
  entry = pickle.load(f, encoding="latin1")
image_source=noisy  N=22500  noise_rate=11.68%
  ep   0: loss=1.8847  test_acc=31.91%  (best 31.91 @ ep 0)  [4.3s]
  ep   1: loss=1.6121  test_acc=41.56%  (best 41.56 @ ep 1)  [3.6s]
  ep   2: loss=1.4092  test_acc=44.96%  (best 44.96 @ ep 2)  [3.8s]
  ep   3: loss=1.2602  test_acc=52.33%  (best 52.33 @ ep 3)  [3.5s]
  ep   4: loss=1.1524  test_acc=60.89%  (best 60.89 @ ep 4)  [3.5s]
  ep   5: loss=1.0864  test_acc=62.36%  (best 62.36 @ ep 5)  [5.3s]  [logged per-sample loss: mean=1.088]
  ep   6: loss=1.0010  test_acc=62.11%  (best 62.36 @ ep 5)  [3.5s]
  ep   7: loss=0.9438  test_acc=62.33%  (best 62.36 @ ep 5)  [3.4s]
  ep   8: loss=0.8923  test_acc=61.11%  (best 62.36 @ ep 5)  [3.6s]
  ep   9: loss=0.8658  test_acc=67.23%  (best 67.23 @ ep 9)  [3.6s]
  ep  10: loss=0.8220  test_acc=71.42%  (best 71.42 @ ep 10)  [5.5s]  [logged per-sample loss: mean=0.815]
  ep  11: loss=0.8070  test_acc=65.95%  (best 71.42 @ ep 10)  [3.7s]
  ep  12: loss=0.7918  test_acc=73.18%  (best 73.18 @ ep 12)  [5.3s]
  ep  13: loss=0.7752  test_acc=70.18%  (best 73.18 @ ep 12)  [8.8s]
  ep  14: loss=0.7592  test_acc=71.24%  (best 73.18 @ ep 12)  [8.2s]
  ep  15: loss=0.7340  test_acc=71.48%  (best 73.18 @ ep 12)  [8.3s]
  ep  16: loss=0.7237  test_acc=72.14%  (best 73.18 @ ep 12)  [8.5s]
  ep  17: loss=0.7136  test_acc=66.92%  (best 73.18 @ ep 12)  [8.3s]
  ep  18: loss=0.7040  test_acc=75.58%  (best 75.58 @ ep 18)  [8.8s]
  ep  19: loss=0.6867  test_acc=75.81%  (best 75.81 @ ep 19)  [8.8s]
  ep  20: loss=0.6814  test_acc=72.96%  (best 75.81 @ ep 19)  [11.4s]  [logged per-sample loss: mean=0.775]
  ep  21: loss=0.6767  test_acc=72.01%  (best 75.81 @ ep 19)  [8.7s]
  ep  22: loss=0.6678  test_acc=72.84%  (best 75.81 @ ep 19)  [8.3s]
  ep  23: loss=0.6609  test_acc=68.80%  (best 75.81 @ ep 19)  [8.2s]
  ep  24: loss=0.6526  test_acc=73.24%  (best 75.81 @ ep 19)  [8.1s]
  ep  25: loss=0.6331  test_acc=78.20%  (best 78.20 @ ep 25)  [8.5s]
  ep  26: loss=0.6350  test_acc=67.25%  (best 78.20 @ ep 25)  [8.2s]
  ep  27: loss=0.6360  test_acc=76.66%  (best 78.20 @ ep 25)  [8.5s]
  ep  28: loss=0.6277  test_acc=70.92%  (best 78.20 @ ep 25)  [8.7s]
  ep  29: loss=0.6242  test_acc=73.10%  (best 78.20 @ ep 25)  [8.3s]
  ep  30: loss=0.5999  test_acc=72.82%  (best 78.20 @ ep 25)  [12.1s]  [logged per-sample loss: mean=0.689]
  ep  31: loss=0.6092  test_acc=74.13%  (best 78.20 @ ep 25)  [8.6s]
  ep  32: loss=0.5840  test_acc=69.33%  (best 78.20 @ ep 25)  [8.1s]
  ep  33: loss=0.5927  test_acc=74.41%  (best 78.20 @ ep 25)  [8.1s]
  ep  34: loss=0.5832  test_acc=71.63%  (best 78.20 @ ep 25)  [7.9s]
  ep  35: loss=0.5783  test_acc=75.58%  (best 78.20 @ ep 25)  [8.8s]
  ep  36: loss=0.5715  test_acc=76.15%  (best 78.20 @ ep 25)  [8.3s]
  ep  37: loss=0.5608  test_acc=78.04%  (best 78.20 @ ep 25)  [7.9s]
  ep  38: loss=0.5521  test_acc=72.23%  (best 78.20 @ ep 25)  [8.5s]
  ep  39: loss=0.5548  test_acc=78.48%  (best 78.48 @ ep 39)  [8.4s]
  ep  40: loss=0.5436  test_acc=76.67%  (best 78.48 @ ep 39)  [8.7s]
  ep  41: loss=0.5338  test_acc=73.63%  (best 78.48 @ ep 39)  [8.1s]
  ep  42: loss=0.5321  test_acc=75.86%  (best 78.48 @ ep 39)  [9.3s]
  ep  43: loss=0.5272  test_acc=76.37%  (best 78.48 @ ep 39)  [8.6s]
  ep  44: loss=0.5277  test_acc=79.00%  (best 79.00 @ ep 44)  [8.1s]
  ep  45: loss=0.5076  test_acc=77.80%  (best 79.00 @ ep 44)  [8.2s]
  ep  46: loss=0.4987  test_acc=78.11%  (best 79.00 @ ep 44)  [8.2s]
  ep  47: loss=0.5069  test_acc=78.59%  (best 79.00 @ ep 44)  [8.2s]
  ep  48: loss=0.4937  test_acc=81.05%  (best 81.05 @ ep 48)  [3.6s]
  ep  49: loss=0.4834  test_acc=73.64%  (best 81.05 @ ep 48)  [3.5s]
  ep  50: loss=0.4800  test_acc=81.29%  (best 81.29 @ ep 50)  [5.1s]  [logged per-sample loss: mean=0.441]
  ep  51: loss=0.4678  test_acc=78.92%  (best 81.29 @ ep 50)  [3.8s]
  ep  52: loss=0.4556  test_acc=78.68%  (best 81.29 @ ep 50)  [3.6s]
  ep  53: loss=0.4587  test_acc=77.49%  (best 81.29 @ ep 50)  [3.4s]
  ep  54: loss=0.4459  test_acc=79.07%  (best 81.29 @ ep 50)  [3.6s]
  ep  55: loss=0.4394  test_acc=78.69%  (best 81.29 @ ep 50)  [3.7s]
  ep  56: loss=0.4387  test_acc=78.53%  (best 81.29 @ ep 50)  [3.5s]
  ep  57: loss=0.4180  test_acc=79.83%  (best 81.29 @ ep 50)  [3.7s]
  ep  58: loss=0.4183  test_acc=78.84%  (best 81.29 @ ep 50)  [3.5s]
  ep  59: loss=0.3988  test_acc=81.72%  (best 81.72 @ ep 59)  [3.5s]
  ep  60: loss=0.3964  test_acc=80.20%  (best 81.72 @ ep 59)  [3.7s]
  ep  61: loss=0.3842  test_acc=80.75%  (best 81.72 @ ep 59)  [3.8s]
  ep  62: loss=0.3811  test_acc=80.97%  (best 81.72 @ ep 59)  [3.5s]
  ep  63: loss=0.3642  test_acc=79.76%  (best 81.72 @ ep 59)  [3.5s]
  ep  64: loss=0.3575  test_acc=80.11%  (best 81.72 @ ep 59)  [6.8s]
  ep  65: loss=0.3498  test_acc=81.64%  (best 81.72 @ ep 59)  [8.5s]
  ep  66: loss=0.3394  test_acc=81.01%  (best 81.72 @ ep 59)  [8.7s]
  ep  67: loss=0.3255  test_acc=80.93%  (best 81.72 @ ep 59)  [9.0s]
  ep  68: loss=0.3143  test_acc=82.18%  (best 82.18 @ ep 68)  [8.6s]
  ep  69: loss=0.3078  test_acc=81.72%  (best 82.18 @ ep 68)  [9.4s]
  ep  70: loss=0.3000  test_acc=82.12%  (best 82.18 @ ep 68)  [9.6s]
  ep  71: loss=0.2791  test_acc=76.78%  (best 82.18 @ ep 68)  [9.1s]
  ep  72: loss=0.2716  test_acc=80.90%  (best 82.18 @ ep 68)  [9.1s]
  ep  73: loss=0.2610  test_acc=82.06%  (best 82.18 @ ep 68)  [9.3s]
  ep  74: loss=0.2445  test_acc=81.96%  (best 82.18 @ ep 68)  [9.2s]
  ep  75: loss=0.2363  test_acc=82.71%  (best 82.71 @ ep 75)  [11.8s]  [logged per-sample loss: mean=0.222]
  ep  76: loss=0.2207  test_acc=82.22%  (best 82.71 @ ep 75)  [10.1s]
  ep  77: loss=0.2069  test_acc=82.02%  (best 82.71 @ ep 75)  [8.3s]
  ep  78: loss=0.1999  test_acc=82.40%  (best 82.71 @ ep 75)  [3.7s]
  ep  79: loss=0.1848  test_acc=82.52%  (best 82.71 @ ep 75)  [3.6s]
  ep  80: loss=0.1738  test_acc=82.78%  (best 82.78 @ ep 80)  [3.4s]
  ep  81: loss=0.1604  test_acc=82.63%  (best 82.78 @ ep 80)  [3.8s]
  ep  82: loss=0.1477  test_acc=82.58%  (best 82.78 @ ep 80)  [3.7s]
  ep  83: loss=0.1437  test_acc=83.34%  (best 83.34 @ ep 83)  [3.7s]
  ep  84: loss=0.1327  test_acc=83.65%  (best 83.65 @ ep 84)  [3.9s]
  ep  85: loss=0.1238  test_acc=83.83%  (best 83.83 @ ep 85)  [3.6s]
  ep  86: loss=0.1133  test_acc=82.80%  (best 83.83 @ ep 85)  [3.8s]
  ep  87: loss=0.1032  test_acc=83.39%  (best 83.83 @ ep 85)  [3.6s]
  ep  88: loss=0.1001  test_acc=83.29%  (best 83.83 @ ep 85)  [3.6s]
  ep  89: loss=0.0925  test_acc=83.10%  (best 83.83 @ ep 85)  [3.4s]
  ep  90: loss=0.0861  test_acc=83.77%  (best 83.83 @ ep 85)  [3.5s]
  ep  91: loss=0.0791  test_acc=83.64%  (best 83.83 @ ep 85)  [3.8s]
  ep  92: loss=0.0783  test_acc=83.88%  (best 83.88 @ ep 92)  [3.5s]
  ep  93: loss=0.0750  test_acc=83.76%  (best 83.88 @ ep 92)  [3.7s]
  ep  94: loss=0.0723  test_acc=83.81%  (best 83.88 @ ep 92)  [3.8s]
  ep  95: loss=0.0700  test_acc=83.78%  (best 83.88 @ ep 92)  [8.3s]
  ep  96: loss=0.0672  test_acc=83.95%  (best 83.95 @ ep 96)  [8.8s]
  ep  97: loss=0.0684  test_acc=84.02%  (best 84.02 @ ep 97)  [9.9s]
  ep  98: loss=0.0661  test_acc=83.95%  (best 84.02 @ ep 97)  [8.4s]
  ep  99: loss=0.0670  test_acc=83.99%  (best 84.02 @ ep 97)  [12.5s]  [logged per-sample loss: mean=0.041]

saved /path/to/ciln-workspace/journal_edition/robustness_transfer/results_v4/erm/ours_v2_noisy__pixelate_sev1__seed1.json: best 84.02% @ ep 97
