condition=ours_v2_clean__pixelate_sev1 seed=1 gpu=1
/path/to/ciln-workspace/venv/lib/python3.12/site-packages/torchvision/datasets/cifar.py:83: VisibleDeprecationWarning: dtype(): align should be passed as Python or NumPy boolean but got `align=0`. Did you mean to pass a tuple to create a subarray type? (Deprecated NumPy 2.4)
  entry = pickle.load(f, encoding="latin1")
image_source=clean  N=22500  noise_rate=11.68%
  ep   0: R(t)=1.000  acc1=27.73%  acc2=27.13%  ens=27.43%  (best 27.43 @ ep 0)  [7.4s]
  ep   1: R(t)=0.963  acc1=41.50%  acc2=42.89%  ens=42.20%  (best 42.20 @ ep 1)  [6.6s]
  ep   2: R(t)=0.948  acc1=49.24%  acc2=47.96%  ens=48.60%  (best 48.60 @ ep 2)  [6.5s]
  ep   3: R(t)=0.936  acc1=51.76%  acc2=53.63%  ens=52.70%  (best 52.70 @ ep 3)  [6.8s]
  ep   4: R(t)=0.926  acc1=55.40%  acc2=60.06%  ens=57.73%  (best 57.73 @ ep 4)  [6.8s]
  ep   5: R(t)=0.917  acc1=53.63%  acc2=57.01%  ens=55.32%  (best 57.73 @ ep 4)  [10.4s]  [sel1+2: prec=0.904, recall_clean=0.960]
  ep   6: R(t)=0.910  acc1=64.39%  acc2=60.19%  ens=62.29%  (best 62.29 @ ep 6)  [14.6s]
  ep   7: R(t)=0.902  acc1=63.19%  acc2=58.56%  ens=60.88%  (best 62.29 @ ep 6)  [17.8s]
  ep   8: R(t)=0.896  acc1=68.39%  acc2=66.97%  ens=67.68%  (best 67.68 @ ep 8)  [18.8s]
  ep   9: R(t)=0.889  acc1=67.67%  acc2=69.76%  ens=68.71%  (best 68.71 @ ep 9)  [17.8s]
  ep  10: R(t)=0.883  acc1=68.49%  acc2=69.56%  ens=69.03%  (best 69.03 @ ep 10)  [23.5s]  [sel1+2: prec=0.916, recall_clean=0.949]
  ep  11: R(t)=0.883  acc1=69.09%  acc2=68.08%  ens=68.58%  (best 69.03 @ ep 10)  [18.4s]
  ep  12: R(t)=0.883  acc1=68.54%  acc2=71.90%  ens=70.22%  (best 70.22 @ ep 12)  [17.5s]
  ep  13: R(t)=0.883  acc1=70.38%  acc2=74.39%  ens=72.39%  (best 72.39 @ ep 13)  [16.3s]
  ep  14: R(t)=0.883  acc1=70.99%  acc2=72.09%  ens=71.54%  (best 72.39 @ ep 13)  [17.6s]
  ep  15: R(t)=0.883  acc1=67.26%  acc2=67.37%  ens=67.31%  (best 72.39 @ ep 13)  [18.1s]
  ep  16: R(t)=0.883  acc1=69.48%  acc2=70.02%  ens=69.75%  (best 72.39 @ ep 13)  [17.8s]
  ep  17: R(t)=0.883  acc1=69.00%  acc2=72.45%  ens=70.72%  (best 72.39 @ ep 13)  [17.8s]
  ep  18: R(t)=0.883  acc1=68.82%  acc2=69.83%  ens=69.33%  (best 72.39 @ ep 13)  [18.3s]
  ep  19: R(t)=0.883  acc1=69.91%  acc2=73.16%  ens=71.54%  (best 72.39 @ ep 13)  [17.8s]
  ep  20: R(t)=0.883  acc1=73.89%  acc2=73.41%  ens=73.65%  (best 73.65 @ ep 20)  [23.7s]  [sel1+2: prec=0.921, recall_clean=0.954]
  ep  21: R(t)=0.883  acc1=72.48%  acc2=69.79%  ens=71.13%  (best 73.65 @ ep 20)  [16.5s]
  ep  22: R(t)=0.883  acc1=68.44%  acc2=67.63%  ens=68.03%  (best 73.65 @ ep 20)  [7.2s]
  ep  23: R(t)=0.883  acc1=72.86%  acc2=68.91%  ens=70.88%  (best 73.65 @ ep 20)  [6.5s]
  ep  24: R(t)=0.883  acc1=71.98%  acc2=75.31%  ens=73.65%  (best 73.65 @ ep 20)  [7.1s]
  ep  25: R(t)=0.883  acc1=74.37%  acc2=74.92%  ens=74.65%  (best 74.65 @ ep 25)  [6.3s]
  ep  26: R(t)=0.883  acc1=70.84%  acc2=71.57%  ens=71.21%  (best 74.65 @ ep 25)  [6.4s]
  ep  27: R(t)=0.883  acc1=74.86%  acc2=70.60%  ens=72.73%  (best 74.65 @ ep 25)  [6.3s]
  ep  28: R(t)=0.883  acc1=77.64%  acc2=74.17%  ens=75.91%  (best 75.91 @ ep 28)  [6.5s]
  ep  29: R(t)=0.883  acc1=75.07%  acc2=72.00%  ens=73.53%  (best 75.91 @ ep 28)  [6.5s]
  ep  30: R(t)=0.883  acc1=75.66%  acc2=78.09%  ens=76.88%  (best 76.88 @ ep 30)  [11.4s]  [sel1+2: prec=0.926, recall_clean=0.958]
  ep  31: R(t)=0.883  acc1=78.44%  acc2=77.59%  ens=78.02%  (best 78.02 @ ep 31)  [18.8s]
  ep  32: R(t)=0.883  acc1=77.20%  acc2=78.12%  ens=77.66%  (best 78.02 @ ep 31)  [18.4s]
  ep  33: R(t)=0.883  acc1=75.96%  acc2=75.39%  ens=75.67%  (best 78.02 @ ep 31)  [17.8s]
  ep  34: R(t)=0.883  acc1=69.92%  acc2=71.42%  ens=70.67%  (best 78.02 @ ep 31)  [17.9s]
  ep  35: R(t)=0.883  acc1=70.92%  acc2=77.68%  ens=74.30%  (best 78.02 @ ep 31)  [18.3s]
  ep  36: R(t)=0.883  acc1=76.70%  acc2=74.92%  ens=75.81%  (best 78.02 @ ep 31)  [17.9s]
  ep  37: R(t)=0.883  acc1=75.15%  acc2=71.38%  ens=73.27%  (best 78.02 @ ep 31)  [17.9s]
  ep  38: R(t)=0.883  acc1=75.32%  acc2=74.16%  ens=74.74%  (best 78.02 @ ep 31)  [17.3s]
  ep  39: R(t)=0.883  acc1=77.92%  acc2=77.60%  ens=77.76%  (best 78.02 @ ep 31)  [17.9s]
  ep  40: R(t)=0.883  acc1=72.98%  acc2=74.55%  ens=73.77%  (best 78.02 @ ep 31)  [17.9s]
  ep  41: R(t)=0.883  acc1=73.33%  acc2=76.24%  ens=74.78%  (best 78.02 @ ep 31)  [15.0s]
  ep  42: R(t)=0.883  acc1=77.65%  acc2=79.00%  ens=78.33%  (best 78.33 @ ep 42)  [6.6s]
  ep  43: R(t)=0.883  acc1=76.39%  acc2=76.09%  ens=76.24%  (best 78.33 @ ep 42)  [6.6s]
  ep  44: R(t)=0.883  acc1=77.94%  acc2=74.41%  ens=76.17%  (best 78.33 @ ep 42)  [6.4s]
  ep  45: R(t)=0.883  acc1=78.33%  acc2=73.16%  ens=75.74%  (best 78.33 @ ep 42)  [6.3s]
  ep  46: R(t)=0.883  acc1=71.67%  acc2=77.68%  ens=74.67%  (best 78.33 @ ep 42)  [6.4s]
  ep  47: R(t)=0.883  acc1=78.96%  acc2=71.17%  ens=75.06%  (best 78.33 @ ep 42)  [6.8s]
  ep  48: R(t)=0.883  acc1=79.45%  acc2=77.42%  ens=78.44%  (best 78.44 @ ep 48)  [6.5s]
  ep  49: R(t)=0.883  acc1=77.79%  acc2=78.44%  ens=78.11%  (best 78.44 @ ep 48)  [6.4s]
  ep  50: R(t)=0.883  acc1=75.93%  acc2=77.88%  ens=76.91%  (best 78.44 @ ep 48)  [11.3s]  [sel1+2: prec=0.930, recall_clean=0.960]
  ep  51: R(t)=0.883  acc1=81.08%  acc2=78.88%  ens=79.98%  (best 79.98 @ ep 51)  [17.3s]
  ep  52: R(t)=0.883  acc1=79.76%  acc2=78.11%  ens=78.94%  (best 79.98 @ ep 51)  [17.7s]
  ep  53: R(t)=0.883  acc1=78.64%  acc2=79.67%  ens=79.16%  (best 79.98 @ ep 51)  [18.8s]
  ep  54: R(t)=0.883  acc1=82.25%  acc2=80.19%  ens=81.22%  (best 81.22 @ ep 54)  [18.7s]
  ep  55: R(t)=0.883  acc1=74.67%  acc2=80.10%  ens=77.39%  (best 81.22 @ ep 54)  [17.0s]
  ep  56: R(t)=0.883  acc1=81.47%  acc2=81.86%  ens=81.66%  (best 81.66 @ ep 56)  [16.7s]
  ep  57: R(t)=0.883  acc1=81.38%  acc2=81.92%  ens=81.65%  (best 81.66 @ ep 56)  [17.3s]
  ep  58: R(t)=0.883  acc1=82.22%  acc2=77.89%  ens=80.06%  (best 81.66 @ ep 56)  [18.8s]
  ep  59: R(t)=0.883  acc1=79.64%  acc2=79.62%  ens=79.63%  (best 81.66 @ ep 56)  [17.8s]
  ep  60: R(t)=0.883  acc1=80.24%  acc2=80.93%  ens=80.58%  (best 81.66 @ ep 56)  [17.3s]
  ep  61: R(t)=0.883  acc1=81.37%  acc2=81.29%  ens=81.33%  (best 81.66 @ ep 56)  [17.3s]
  ep  62: R(t)=0.883  acc1=80.52%  acc2=81.52%  ens=81.02%  (best 81.66 @ ep 56)  [16.7s]
  ep  63: R(t)=0.883  acc1=80.82%  acc2=80.63%  ens=80.73%  (best 81.66 @ ep 56)  [18.0s]
  ep  64: R(t)=0.883  acc1=82.45%  acc2=82.43%  ens=82.44%  (best 82.44 @ ep 64)  [17.8s]
  ep  65: R(t)=0.883  acc1=83.31%  acc2=81.93%  ens=82.62%  (best 82.62 @ ep 65)  [17.3s]
  ep  66: R(t)=0.883  acc1=81.01%  acc2=79.70%  ens=80.36%  (best 82.62 @ ep 65)  [18.1s]
  ep  67: R(t)=0.883  acc1=83.13%  acc2=82.53%  ens=82.83%  (best 82.83 @ ep 67)  [6.7s]
  ep  68: R(t)=0.883  acc1=82.19%  acc2=83.22%  ens=82.71%  (best 82.83 @ ep 67)  [6.4s]
  ep  69: R(t)=0.883  acc1=83.25%  acc2=83.72%  ens=83.49%  (best 83.49 @ ep 69)  [6.7s]
  ep  70: R(t)=0.883  acc1=83.65%  acc2=83.21%  ens=83.43%  (best 83.49 @ ep 69)  [6.6s]
  ep  71: R(t)=0.883  acc1=83.13%  acc2=82.79%  ens=82.96%  (best 83.49 @ ep 69)  [6.6s]
  ep  72: R(t)=0.883  acc1=83.63%  acc2=83.73%  ens=83.68%  (best 83.68 @ ep 72)  [6.5s]
  ep  73: R(t)=0.883  acc1=84.42%  acc2=82.34%  ens=83.38%  (best 83.68 @ ep 72)  [6.0s]
  ep  74: R(t)=0.883  acc1=83.84%  acc2=84.35%  ens=84.10%  (best 84.10 @ ep 74)  [6.5s]
  ep  75: R(t)=0.883  acc1=84.54%  acc2=84.01%  ens=84.28%  (best 84.28 @ ep 75)  [12.4s]  [sel1+2: prec=0.936, recall_clean=0.960]
  ep  76: R(t)=0.883  acc1=84.76%  acc2=84.85%  ens=84.80%  (best 84.80 @ ep 76)  [18.3s]
  ep  77: R(t)=0.883  acc1=84.09%  acc2=84.66%  ens=84.38%  (best 84.80 @ ep 76)  [19.5s]
  ep  78: R(t)=0.883  acc1=85.08%  acc2=84.95%  ens=85.02%  (best 85.02 @ ep 78)  [16.6s]
  ep  79: R(t)=0.883  acc1=84.98%  acc2=85.27%  ens=85.12%  (best 85.12 @ ep 79)  [16.9s]
  ep  80: R(t)=0.883  acc1=84.65%  acc2=84.60%  ens=84.62%  (best 85.12 @ ep 79)  [14.7s]
  ep  81: R(t)=0.883  acc1=85.24%  acc2=85.10%  ens=85.17%  (best 85.17 @ ep 81)  [6.8s]
  ep  82: R(t)=0.883  acc1=85.86%  acc2=85.68%  ens=85.77%  (best 85.77 @ ep 82)  [6.6s]
  ep  83: R(t)=0.883  acc1=85.84%  acc2=85.29%  ens=85.56%  (best 85.77 @ ep 82)  [6.5s]
  ep  84: R(t)=0.883  acc1=85.76%  acc2=85.29%  ens=85.53%  (best 85.77 @ ep 82)  [6.4s]
  ep  85: R(t)=0.883  acc1=85.79%  acc2=85.79%  ens=85.79%  (best 85.79 @ ep 85)  [7.0s]
  ep  86: R(t)=0.883  acc1=85.84%  acc2=86.07%  ens=85.95%  (best 85.95 @ ep 86)  [6.6s]
  ep  87: R(t)=0.883  acc1=86.00%  acc2=85.86%  ens=85.93%  (best 85.95 @ ep 86)  [6.5s]
  ep  88: R(t)=0.883  acc1=85.97%  acc2=86.02%  ens=86.00%  (best 86.00 @ ep 88)  [6.7s]
  ep  89: R(t)=0.883  acc1=86.00%  acc2=85.78%  ens=85.89%  (best 86.00 @ ep 88)  [6.6s]
  ep  90: R(t)=0.883  acc1=86.31%  acc2=85.97%  ens=86.14%  (best 86.14 @ ep 90)  [15.9s]
  ep  91: R(t)=0.883  acc1=86.10%  acc2=86.05%  ens=86.08%  (best 86.14 @ ep 90)  [6.2s]
  ep  92: R(t)=0.883  acc1=86.28%  acc2=85.87%  ens=86.08%  (best 86.14 @ ep 90)  [6.4s]
  ep  93: R(t)=0.883  acc1=86.44%  acc2=86.08%  ens=86.26%  (best 86.26 @ ep 93)  [6.4s]
  ep  94: R(t)=0.883  acc1=86.42%  acc2=86.14%  ens=86.28%  (best 86.28 @ ep 94)  [6.3s]
  ep  95: R(t)=0.883  acc1=86.27%  acc2=85.99%  ens=86.13%  (best 86.28 @ ep 94)  [6.4s]
  ep  96: R(t)=0.883  acc1=86.56%  acc2=86.14%  ens=86.35%  (best 86.35 @ ep 96)  [6.9s]
  ep  97: R(t)=0.883  acc1=86.55%  acc2=86.10%  ens=86.33%  (best 86.35 @ ep 96)  [6.5s]
  ep  98: R(t)=0.883  acc1=86.56%  acc2=86.16%  ens=86.36%  (best 86.36 @ ep 98)  [6.7s]
  ep  99: R(t)=0.883  acc1=86.61%  acc2=86.20%  ens=86.41%  (best 86.41 @ ep 99)  [10.0s]  [sel1+2: prec=0.940, recall_clean=0.958]

saved /path/to/ciln-workspace/journal_edition/robustness_transfer/results_v4/coteaching/ours_v2_clean__pixelate_sev1__seed1.json: best ens-acc 86.41% @ ep 99
