condition=ours_v2_noisy__pixelate_sev5 seed=0 gpu=2
/path/to/ciln-workspace/venv/lib/python3.12/site-packages/torchvision/datasets/cifar.py:83: VisibleDeprecationWarning: dtype(): align should be passed as Python or NumPy boolean but got `align=0`. Did you mean to pass a tuple to create a subarray type? (Deprecated NumPy 2.4)
  entry = pickle.load(f, encoding="latin1")
image_source=noisy  N=22500  noise_rate=58.23%
  ep   0: loss=1.7275  test_acc=16.68%  (best 16.68 @ ep 0)  [4.5s]
  ep   1: loss=1.5764  test_acc=22.33%  (best 22.33 @ ep 1)  [3.6s]
  ep   2: loss=1.4928  test_acc=25.14%  (best 25.14 @ ep 2)  [4.0s]
  ep   3: loss=1.4277  test_acc=27.30%  (best 27.30 @ ep 3)  [3.9s]
  ep   4: loss=1.3956  test_acc=30.33%  (best 30.33 @ ep 4)  [3.8s]
  ep   5: loss=1.3655  test_acc=30.18%  (best 30.33 @ ep 4)  [5.3s]  [logged per-sample loss: mean=1.371]
  ep   6: loss=1.3474  test_acc=28.12%  (best 30.33 @ ep 4)  [3.6s]
  ep   7: loss=1.3256  test_acc=37.18%  (best 37.18 @ ep 7)  [3.7s]
  ep   8: loss=1.3061  test_acc=30.45%  (best 37.18 @ ep 7)  [3.6s]
  ep   9: loss=1.2966  test_acc=30.98%  (best 37.18 @ ep 7)  [3.7s]
  ep  10: loss=1.2802  test_acc=36.07%  (best 37.18 @ ep 7)  [5.5s]  [logged per-sample loss: mean=1.635]
  ep  11: loss=1.2724  test_acc=29.75%  (best 37.18 @ ep 7)  [3.9s]
  ep  12: loss=1.2619  test_acc=35.47%  (best 37.18 @ ep 7)  [8.2s]
  ep  13: loss=1.2579  test_acc=36.13%  (best 37.18 @ ep 7)  [8.2s]
  ep  14: loss=1.2491  test_acc=32.32%  (best 37.18 @ ep 7)  [8.4s]
  ep  15: loss=1.2410  test_acc=32.32%  (best 37.18 @ ep 7)  [8.1s]
  ep  16: loss=1.2313  test_acc=40.04%  (best 40.04 @ ep 16)  [8.6s]
  ep  17: loss=1.2244  test_acc=40.73%  (best 40.73 @ ep 17)  [8.5s]
  ep  18: loss=1.2247  test_acc=34.23%  (best 40.73 @ ep 17)  [8.2s]
  ep  19: loss=1.2173  test_acc=32.72%  (best 40.73 @ ep 17)  [8.1s]
  ep  20: loss=1.2063  test_acc=35.49%  (best 40.73 @ ep 17)  [11.3s]  [logged per-sample loss: mean=1.250]
  ep  21: loss=1.2058  test_acc=29.48%  (best 40.73 @ ep 17)  [8.4s]
  ep  22: loss=1.1992  test_acc=35.37%  (best 40.73 @ ep 17)  [8.5s]
  ep  23: loss=1.1926  test_acc=40.75%  (best 40.75 @ ep 23)  [8.0s]
  ep  24: loss=1.1821  test_acc=38.69%  (best 40.75 @ ep 23)  [8.6s]
  ep  25: loss=1.1845  test_acc=35.42%  (best 40.75 @ ep 23)  [8.0s]
  ep  26: loss=1.1822  test_acc=35.28%  (best 40.75 @ ep 23)  [8.3s]
  ep  27: loss=1.1717  test_acc=34.40%  (best 40.75 @ ep 23)  [8.0s]
  ep  28: loss=1.1685  test_acc=37.17%  (best 40.75 @ ep 23)  [8.3s]
  ep  29: loss=1.1705  test_acc=40.30%  (best 40.75 @ ep 23)  [7.9s]
  ep  30: loss=1.1559  test_acc=39.55%  (best 40.75 @ ep 23)  [8.1s]  [logged per-sample loss: mean=1.163]
  ep  31: loss=1.1543  test_acc=34.04%  (best 40.75 @ ep 23)  [3.4s]
  ep  32: loss=1.1547  test_acc=39.02%  (best 40.75 @ ep 23)  [3.6s]
  ep  33: loss=1.1548  test_acc=39.32%  (best 40.75 @ ep 23)  [3.5s]
  ep  34: loss=1.1474  test_acc=42.13%  (best 42.13 @ ep 34)  [3.4s]
  ep  35: loss=1.1399  test_acc=37.91%  (best 42.13 @ ep 34)  [3.6s]
  ep  36: loss=1.1351  test_acc=41.48%  (best 42.13 @ ep 34)  [3.7s]
  ep  37: loss=1.1362  test_acc=44.44%  (best 44.44 @ ep 37)  [3.5s]
  ep  38: loss=1.1265  test_acc=37.38%  (best 44.44 @ ep 37)  [3.8s]
  ep  39: loss=1.1214  test_acc=37.24%  (best 44.44 @ ep 37)  [3.9s]
  ep  40: loss=1.1224  test_acc=44.96%  (best 44.96 @ ep 40)  [3.8s]
  ep  41: loss=1.1146  test_acc=32.47%  (best 44.96 @ ep 40)  [3.5s]
  ep  42: loss=1.1074  test_acc=34.13%  (best 44.96 @ ep 40)  [3.6s]
  ep  43: loss=1.1091  test_acc=43.48%  (best 44.96 @ ep 40)  [3.6s]
  ep  44: loss=1.1004  test_acc=38.41%  (best 44.96 @ ep 40)  [3.5s]
  ep  45: loss=1.0968  test_acc=43.16%  (best 44.96 @ ep 40)  [3.6s]
  ep  46: loss=1.0951  test_acc=34.19%  (best 44.96 @ ep 40)  [3.6s]
  ep  47: loss=1.0845  test_acc=42.28%  (best 44.96 @ ep 40)  [3.8s]
  ep  48: loss=1.0849  test_acc=44.80%  (best 44.96 @ ep 40)  [8.9s]
  ep  49: loss=1.0770  test_acc=44.76%  (best 44.96 @ ep 40)  [9.2s]
  ep  50: loss=1.0747  test_acc=46.87%  (best 46.87 @ ep 50)  [11.8s]  [logged per-sample loss: mean=1.126]
  ep  51: loss=1.0633  test_acc=44.89%  (best 46.87 @ ep 50)  [9.1s]
  ep  52: loss=1.0594  test_acc=42.48%  (best 46.87 @ ep 50)  [8.3s]
  ep  53: loss=1.0568  test_acc=39.46%  (best 46.87 @ ep 50)  [9.3s]
  ep  54: loss=1.0431  test_acc=42.19%  (best 46.87 @ ep 50)  [7.9s]
  ep  55: loss=1.0399  test_acc=40.44%  (best 46.87 @ ep 50)  [3.6s]
  ep  56: loss=1.0353  test_acc=39.50%  (best 46.87 @ ep 50)  [3.6s]
  ep  57: loss=1.0298  test_acc=41.50%  (best 46.87 @ ep 50)  [3.7s]
  ep  58: loss=1.0263  test_acc=45.59%  (best 46.87 @ ep 50)  [3.6s]
  ep  59: loss=1.0222  test_acc=43.82%  (best 46.87 @ ep 50)  [3.6s]
  ep  60: loss=1.0070  test_acc=41.88%  (best 46.87 @ ep 50)  [3.6s]
  ep  61: loss=1.0076  test_acc=44.49%  (best 46.87 @ ep 50)  [3.7s]
  ep  62: loss=0.9927  test_acc=40.51%  (best 46.87 @ ep 50)  [3.7s]
  ep  63: loss=0.9868  test_acc=44.83%  (best 46.87 @ ep 50)  [3.5s]
  ep  64: loss=0.9778  test_acc=37.48%  (best 46.87 @ ep 50)  [3.6s]
  ep  65: loss=0.9800  test_acc=42.30%  (best 46.87 @ ep 50)  [3.7s]
  ep  66: loss=0.9661  test_acc=43.69%  (best 46.87 @ ep 50)  [3.4s]
  ep  67: loss=0.9577  test_acc=42.78%  (best 46.87 @ ep 50)  [3.5s]
  ep  68: loss=0.9471  test_acc=40.07%  (best 46.87 @ ep 50)  [3.6s]
  ep  69: loss=0.9349  test_acc=40.22%  (best 46.87 @ ep 50)  [3.5s]
  ep  70: loss=0.9249  test_acc=47.10%  (best 47.10 @ ep 70)  [3.6s]
  ep  71: loss=0.9139  test_acc=46.42%  (best 47.10 @ ep 70)  [3.8s]
  ep  72: loss=0.9020  test_acc=44.94%  (best 47.10 @ ep 70)  [8.1s]
  ep  73: loss=0.8944  test_acc=45.35%  (best 47.10 @ ep 70)  [8.6s]
  ep  74: loss=0.8787  test_acc=41.02%  (best 47.10 @ ep 70)  [7.8s]
  ep  75: loss=0.8643  test_acc=46.50%  (best 47.10 @ ep 70)  [12.2s]  [logged per-sample loss: mean=0.870]
  ep  76: loss=0.8554  test_acc=46.92%  (best 47.10 @ ep 70)  [10.3s]
  ep  77: loss=0.8332  test_acc=49.11%  (best 49.11 @ ep 77)  [8.5s]
  ep  78: loss=0.8192  test_acc=45.26%  (best 49.11 @ ep 77)  [8.5s]
  ep  79: loss=0.8082  test_acc=45.55%  (best 49.11 @ ep 77)  [8.2s]
  ep  80: loss=0.7959  test_acc=39.35%  (best 49.11 @ ep 77)  [8.7s]
  ep  81: loss=0.7722  test_acc=43.48%  (best 49.11 @ ep 77)  [8.2s]
  ep  82: loss=0.7646  test_acc=44.31%  (best 49.11 @ ep 77)  [8.0s]
  ep  83: loss=0.7392  test_acc=46.18%  (best 49.11 @ ep 77)  [7.9s]
  ep  84: loss=0.7243  test_acc=42.93%  (best 49.11 @ ep 77)  [7.9s]
  ep  85: loss=0.7151  test_acc=44.30%  (best 49.11 @ ep 77)  [8.2s]
  ep  86: loss=0.6952  test_acc=45.53%  (best 49.11 @ ep 77)  [8.2s]
  ep  87: loss=0.6659  test_acc=45.12%  (best 49.11 @ ep 77)  [8.2s]
  ep  88: loss=0.6511  test_acc=45.24%  (best 49.11 @ ep 77)  [8.7s]
  ep  89: loss=0.6375  test_acc=40.73%  (best 49.11 @ ep 77)  [8.6s]
  ep  90: loss=0.6169  test_acc=45.65%  (best 49.11 @ ep 77)  [7.9s]
  ep  91: loss=0.6011  test_acc=46.34%  (best 49.11 @ ep 77)  [8.0s]
  ep  92: loss=0.5870  test_acc=45.04%  (best 49.11 @ ep 77)  [8.2s]
  ep  93: loss=0.5659  test_acc=44.63%  (best 49.11 @ ep 77)  [8.3s]
  ep  94: loss=0.5583  test_acc=44.15%  (best 49.11 @ ep 77)  [7.9s]
  ep  95: loss=0.5461  test_acc=44.97%  (best 49.11 @ ep 77)  [8.9s]
  ep  96: loss=0.5477  test_acc=44.71%  (best 49.11 @ ep 77)  [7.7s]
  ep  97: loss=0.5388  test_acc=44.57%  (best 49.11 @ ep 77)  [8.0s]
  ep  98: loss=0.5268  test_acc=44.10%  (best 49.11 @ ep 77)  [8.3s]
  ep  99: loss=0.5350  test_acc=44.17%  (best 49.11 @ ep 77)  [10.4s]  [logged per-sample loss: mean=0.467]

saved /path/to/ciln-workspace/journal_edition/robustness_transfer/results_v4/erm/ours_v2_noisy__pixelate_sev5__seed0.json: best 49.11% @ ep 77
