condition=ours_v2_noisy__pixelate_sev5 seed=1 gpu=2
/path/to/ciln-workspace/venv/lib/python3.12/site-packages/torchvision/datasets/cifar.py:83: VisibleDeprecationWarning: dtype(): align should be passed as Python or NumPy boolean but got `align=0`. Did you mean to pass a tuple to create a subarray type? (Deprecated NumPy 2.4)
  entry = pickle.load(f, encoding="latin1")
image_source=noisy  N_train=22500  noise_rate=58.23%
  ep   0: acc1=24.70%  acc2=22.42%  ens=23.56%  (best 23.56 @ ep 0)  [8.3s]
  ep   1: acc1=20.41%  acc2=24.86%  ens=22.63%  (best 23.56 @ ep 0)  [7.4s]
  ep   2: acc1=29.79%  acc2=31.87%  ens=30.83%  (best 30.83 @ ep 2)  [7.3s]
  ep   3: acc1=32.90%  acc2=32.63%  ens=32.77%  (best 32.77 @ ep 3)  [7.4s]
  ep   4: acc1=30.18%  acc2=33.05%  ens=31.62%  (best 32.77 @ ep 3)  [7.4s]
  ep   5: acc1=31.74%  acc2=29.41%  ens=30.57%  (best 32.77 @ ep 3)  [16.9s]  [w on clean=0.707, on noisy=0.627]
  ep   6: acc1=36.44%  acc2=35.03%  ens=35.73%  (best 35.73 @ ep 6)  [29.3s]
  ep   7: acc1=34.51%  acc2=34.57%  ens=34.54%  (best 35.73 @ ep 6)  [24.3s]
  ep   8: acc1=38.34%  acc2=29.73%  ens=34.04%  (best 35.73 @ ep 6)  [7.6s]
  ep   9: acc1=29.31%  acc2=35.97%  ens=32.64%  (best 35.73 @ ep 6)  [7.1s]
  ep  10: acc1=21.33%  acc2=18.53%  ens=19.93%  (best 35.73 @ ep 6)  [40.6s]  [w on clean=0.690, on noisy=0.780]
  ep  11: acc1=16.34%  acc2=16.57%  ens=16.45%  (best 35.73 @ ep 6)  [126.8s]
  ep  12: acc1=16.23%  acc2=16.34%  ens=16.29%  (best 35.73 @ ep 6)  [29.5s]
  ep  13: acc1=16.16%  acc2=16.24%  ens=16.20%  (best 35.73 @ ep 6)  [63.3s]
  ep  14: acc1=16.33%  acc2=16.13%  ens=16.23%  (best 35.73 @ ep 6)  [31.2s]
  ep  15: acc1=16.52%  acc2=16.58%  ens=16.55%  (best 35.73 @ ep 6)  [54.4s]
  ep  16: acc1=17.01%  acc2=16.34%  ens=16.68%  (best 35.73 @ ep 6)  [32.7s]
  ep  17: acc1=16.17%  acc2=16.17%  ens=16.17%  (best 35.73 @ ep 6)  [132.8s]
  ep  18: acc1=16.60%  acc2=16.03%  ens=16.32%  (best 35.73 @ ep 6)  [32.6s]
  ep  19: acc1=16.18%  acc2=16.20%  ens=16.19%  (best 35.73 @ ep 6)  [32.2s]
  ep  20: acc1=16.42%  acc2=15.52%  ens=15.97%  (best 35.73 @ ep 6)  [41.5s]  [w on clean=0.546, on noisy=0.782]
  ep  21: acc1=15.32%  acc2=15.14%  ens=15.23%  (best 35.73 @ ep 6)  [47.5s]
  ep  22: acc1=16.17%  acc2=13.64%  ens=14.91%  (best 35.73 @ ep 6)  [75.3s]
  ep  23: acc1=13.45%  acc2=14.87%  ens=14.16%  (best 35.73 @ ep 6)  [33.5s]
  ep  24: acc1=14.44%  acc2=13.56%  ens=14.00%  (best 35.73 @ ep 6)  [55.3s]
  ep  25: acc1=13.11%  acc2=14.38%  ens=13.75%  (best 35.73 @ ep 6)  [32.1s]
  ep  26: acc1=14.54%  acc2=14.99%  ens=14.77%  (best 35.73 @ ep 6)  [38.0s]
  ep  27: acc1=13.46%  acc2=13.90%  ens=13.68%  (best 35.73 @ ep 6)  [32.7s]
  ep  28: acc1=12.13%  acc2=10.90%  ens=11.52%  (best 35.73 @ ep 6)  [67.4s]
  ep  29: acc1=10.03%  acc2=13.17%  ens=11.60%  (best 35.73 @ ep 6)  [34.2s]
  ep  30: acc1=12.81%  acc2=16.83%  ens=14.82%  (best 35.73 @ ep 6)  [37.0s]  [w on clean=0.555, on noisy=0.799]
  ep  31: acc1=14.87%  acc2=15.97%  ens=15.42%  (best 35.73 @ ep 6)  [38.9s]
  ep  32: acc1=12.43%  acc2=14.22%  ens=13.32%  (best 35.73 @ ep 6)  [34.1s]
  ep  33: acc1=16.28%  acc2=17.00%  ens=16.64%  (best 35.73 @ ep 6)  [123.0s]
  ep  34: acc1=16.88%  acc2=19.07%  ens=17.98%  (best 35.73 @ ep 6)  [134.7s]
  ep  35: acc1=18.45%  acc2=17.08%  ens=17.77%  (best 35.73 @ ep 6)  [33.7s]
  ep  36: acc1=17.90%  acc2=19.41%  ens=18.66%  (best 35.73 @ ep 6)  [33.7s]
  ep  37: acc1=17.79%  acc2=14.60%  ens=16.19%  (best 35.73 @ ep 6)  [40.3s]
  ep  38: acc1=12.96%  acc2=17.90%  ens=15.43%  (best 35.73 @ ep 6)  [35.6s]
  ep  39: acc1=17.22%  acc2=18.20%  ens=17.71%  (best 35.73 @ ep 6)  [40.1s]
  ep  40: acc1=18.65%  acc2=18.55%  ens=18.60%  (best 35.73 @ ep 6)  [37.0s]
  ep  41: acc1=18.16%  acc2=18.02%  ens=18.09%  (best 35.73 @ ep 6)  [224.3s]
  ep  42: acc1=17.69%  acc2=18.70%  ens=18.20%  (best 35.73 @ ep 6)  [35.4s]
  ep  43: acc1=19.44%  acc2=20.17%  ens=19.80%  (best 35.73 @ ep 6)  [128.9s]
  ep  44: acc1=20.28%  acc2=20.49%  ens=20.39%  (best 35.73 @ ep 6)  [41.0s]
  ep  45: acc1=17.30%  acc2=18.57%  ens=17.94%  (best 35.73 @ ep 6)  [87.6s]
  ep  46: acc1=18.36%  acc2=20.08%  ens=19.22%  (best 35.73 @ ep 6)  [57.6s]
  ep  47: acc1=19.64%  acc2=18.79%  ens=19.21%  (best 35.73 @ ep 6)  [54.1s]
  ep  48: acc1=20.50%  acc2=20.40%  ens=20.45%  (best 35.73 @ ep 6)  [63.6s]
  ep  49: acc1=20.72%  acc2=19.53%  ens=20.12%  (best 35.73 @ ep 6)  [35.8s]
  ep  50: acc1=19.37%  acc2=21.03%  ens=20.20%  (best 35.73 @ ep 6)  [46.3s]  [w on clean=0.555, on noisy=0.799]
  ep  51: acc1=19.46%  acc2=19.06%  ens=19.26%  (best 35.73 @ ep 6)  [37.4s]
  ep  52: acc1=16.14%  acc2=17.12%  ens=16.63%  (best 35.73 @ ep 6)  [34.3s]
  ep  53: acc1=17.24%  acc2=18.49%  ens=17.87%  (best 35.73 @ ep 6)  [191.6s]
  ep  54: acc1=18.99%  acc2=18.73%  ens=18.86%  (best 35.73 @ ep 6)  [33.9s]
  ep  55: acc1=18.88%  acc2=18.88%  ens=18.88%  (best 35.73 @ ep 6)  [34.3s]
  ep  56: acc1=20.65%  acc2=19.20%  ens=19.92%  (best 35.73 @ ep 6)  [34.3s]
  ep  57: acc1=19.41%  acc2=20.90%  ens=20.16%  (best 35.73 @ ep 6)  [58.0s]
  ep  58: acc1=19.77%  acc2=20.40%  ens=20.08%  (best 35.73 @ ep 6)  [33.0s]
  ep  59: acc1=21.59%  acc2=20.34%  ens=20.96%  (best 35.73 @ ep 6)  [101.4s]
  ep  60: acc1=19.43%  acc2=19.98%  ens=19.71%  (best 35.73 @ ep 6)  [33.9s]
  ep  61: acc1=20.62%  acc2=20.41%  ens=20.52%  (best 35.73 @ ep 6)  [40.7s]
  ep  62: acc1=19.31%  acc2=19.84%  ens=19.57%  (best 35.73 @ ep 6)  [33.4s]
  ep  63: acc1=19.64%  acc2=19.14%  ens=19.39%  (best 35.73 @ ep 6)  [86.5s]
  ep  64: acc1=19.62%  acc2=19.27%  ens=19.45%  (best 35.73 @ ep 6)  [33.8s]
  ep  65: acc1=19.32%  acc2=19.12%  ens=19.22%  (best 35.73 @ ep 6)  [61.4s]
  ep  66: acc1=19.26%  acc2=18.69%  ens=18.98%  (best 35.73 @ ep 6)  [34.0s]
  ep  67: acc1=19.55%  acc2=20.23%  ens=19.89%  (best 35.73 @ ep 6)  [44.3s]
  ep  68: acc1=19.36%  acc2=18.85%  ens=19.11%  (best 35.73 @ ep 6)  [53.8s]
  ep  69: acc1=19.24%  acc2=19.49%  ens=19.36%  (best 35.73 @ ep 6)  [34.5s]
  ep  70: acc1=19.53%  acc2=18.71%  ens=19.12%  (best 35.73 @ ep 6)  [102.9s]
  ep  71: acc1=19.82%  acc2=19.29%  ens=19.55%  (best 35.73 @ ep 6)  [34.7s]
  ep  72: acc1=19.52%  acc2=20.11%  ens=19.81%  (best 35.73 @ ep 6)  [40.6s]
  ep  73: acc1=19.75%  acc2=19.92%  ens=19.84%  (best 35.73 @ ep 6)  [34.7s]
  ep  74: acc1=19.73%  acc2=19.10%  ens=19.41%  (best 35.73 @ ep 6)  [57.3s]
  ep  75: acc1=19.69%  acc2=19.89%  ens=19.79%  (best 35.73 @ ep 6)  [105.5s]  [w on clean=0.555, on noisy=0.799]
  ep  76: acc1=19.64%  acc2=19.54%  ens=19.59%  (best 35.73 @ ep 6)  [33.5s]
  ep  77: acc1=19.55%  acc2=18.43%  ens=18.99%  (best 35.73 @ ep 6)  [72.4s]
  ep  78: acc1=19.26%  acc2=19.97%  ens=19.61%  (best 35.73 @ ep 6)  [33.6s]
  ep  79: acc1=20.10%  acc2=19.28%  ens=19.69%  (best 35.73 @ ep 6)  [103.4s]
  ep  80: acc1=19.38%  acc2=18.98%  ens=19.18%  (best 35.73 @ ep 6)  [98.9s]
  ep  81: acc1=19.82%  acc2=19.05%  ens=19.43%  (best 35.73 @ ep 6)  [34.4s]
  ep  82: acc1=19.25%  acc2=20.15%  ens=19.70%  (best 35.73 @ ep 6)  [73.4s]
  ep  83: acc1=19.98%  acc2=19.86%  ens=19.92%  (best 35.73 @ ep 6)  [34.9s]
  ep  84: acc1=19.97%  acc2=19.61%  ens=19.79%  (best 35.73 @ ep 6)  [146.0s]
  ep  85: acc1=19.66%  acc2=19.74%  ens=19.70%  (best 35.73 @ ep 6)  [43.4s]
  ep  86: acc1=19.96%  acc2=19.91%  ens=19.93%  (best 35.73 @ ep 6)  [47.5s]
  ep  87: acc1=19.86%  acc2=19.30%  ens=19.58%  (best 35.73 @ ep 6)  [126.6s]
  ep  88: acc1=19.51%  acc2=19.92%  ens=19.71%  (best 35.73 @ ep 6)  [34.3s]
  ep  89: acc1=20.05%  acc2=19.67%  ens=19.86%  (best 35.73 @ ep 6)  [45.7s]
  ep  90: acc1=19.85%  acc2=19.27%  ens=19.56%  (best 35.73 @ ep 6)  [33.6s]
  ep  91: acc1=19.60%  acc2=20.06%  ens=19.83%  (best 35.73 @ ep 6)  [41.0s]
  ep  92: acc1=19.64%  acc2=19.46%  ens=19.55%  (best 35.73 @ ep 6)  [48.9s]
  ep  93: acc1=19.78%  acc2=20.03%  ens=19.91%  (best 35.73 @ ep 6)  [296.8s]
  ep  94: acc1=19.80%  acc2=19.77%  ens=19.79%  (best 35.73 @ ep 6)  [35.1s]
  ep  95: acc1=19.91%  acc2=19.65%  ens=19.78%  (best 35.73 @ ep 6)  [36.3s]
  ep  96: acc1=20.25%  acc2=19.76%  ens=20.00%  (best 35.73 @ ep 6)  [35.1s]
  ep  97: acc1=19.71%  acc2=19.72%  ens=19.71%  (best 35.73 @ ep 6)  [107.7s]
  ep  98: acc1=19.87%  acc2=19.75%  ens=19.81%  (best 35.73 @ ep 6)  [36.4s]
  ep  99: acc1=19.86%  acc2=19.85%  ens=19.86%  (best 35.73 @ ep 6)  [48.8s]  [w on clean=0.555, on noisy=0.799]

saved /path/to/ciln-workspace/journal_edition/robustness_transfer/results_v4/dividemix/ours_v2_noisy__pixelate_sev5__seed1.json: best ens-acc 35.73% @ ep 6
