condition=ours_v2_clean__pixelate_sev1 seed=2 gpu=1
/path/to/ciln-workspace/venv/lib/python3.12/site-packages/torchvision/datasets/cifar.py:83: VisibleDeprecationWarning: dtype(): align should be passed as Python or NumPy boolean but got `align=0`. Did you mean to pass a tuple to create a subarray type? (Deprecated NumPy 2.4)
  entry = pickle.load(f, encoding="latin1")
image_source=clean  N=22500  noise_rate=11.68%
  ep   0: R(t)=1.000  acc1=35.97%  acc2=33.65%  ens=34.81%  (best 34.81 @ ep 0)  [7.6s]
  ep   1: R(t)=0.963  acc1=43.90%  acc2=45.11%  ens=44.51%  (best 44.51 @ ep 1)  [6.3s]
  ep   2: R(t)=0.948  acc1=47.33%  acc2=44.50%  ens=45.91%  (best 45.91 @ ep 2)  [6.7s]
  ep   3: R(t)=0.936  acc1=57.96%  acc2=53.04%  ens=55.50%  (best 55.50 @ ep 3)  [6.9s]
  ep   4: R(t)=0.926  acc1=51.90%  acc2=52.86%  ens=52.38%  (best 55.50 @ ep 3)  [7.1s]
  ep   5: R(t)=0.917  acc1=64.86%  acc2=55.97%  ens=60.41%  (best 60.41 @ ep 5)  [10.3s]  [sel1+2: prec=0.904, recall_clean=0.959]
  ep   6: R(t)=0.910  acc1=62.14%  acc2=57.10%  ens=59.62%  (best 60.41 @ ep 5)  [6.7s]
  ep   7: R(t)=0.902  acc1=54.26%  acc2=64.29%  ens=59.27%  (best 60.41 @ ep 5)  [7.0s]
  ep   8: R(t)=0.896  acc1=68.35%  acc2=64.13%  ens=66.24%  (best 66.24 @ ep 8)  [6.8s]
  ep   9: R(t)=0.889  acc1=53.64%  acc2=62.91%  ens=58.27%  (best 66.24 @ ep 8)  [6.5s]
  ep  10: R(t)=0.883  acc1=65.43%  acc2=66.57%  ens=66.00%  (best 66.24 @ ep 8)  [9.9s]  [sel1+2: prec=0.916, recall_clean=0.950]
  ep  11: R(t)=0.883  acc1=65.29%  acc2=70.97%  ens=68.13%  (best 68.13 @ ep 11)  [6.2s]
  ep  12: R(t)=0.883  acc1=70.45%  acc2=71.58%  ens=71.02%  (best 71.02 @ ep 12)  [6.8s]
  ep  13: R(t)=0.883  acc1=65.43%  acc2=48.65%  ens=57.04%  (best 71.02 @ ep 12)  [6.4s]
  ep  14: R(t)=0.883  acc1=69.57%  acc2=69.19%  ens=69.38%  (best 71.02 @ ep 12)  [6.6s]
  ep  15: R(t)=0.883  acc1=72.15%  acc2=75.28%  ens=73.72%  (best 73.72 @ ep 15)  [7.0s]
  ep  16: R(t)=0.883  acc1=61.72%  acc2=65.68%  ens=63.70%  (best 73.72 @ ep 15)  [16.1s]
  ep  17: R(t)=0.883  acc1=69.37%  acc2=60.09%  ens=64.73%  (best 73.72 @ ep 15)  [16.8s]
  ep  18: R(t)=0.883  acc1=61.19%  acc2=51.61%  ens=56.40%  (best 73.72 @ ep 15)  [18.1s]
  ep  19: R(t)=0.883  acc1=70.81%  acc2=71.46%  ens=71.13%  (best 73.72 @ ep 15)  [16.6s]
  ep  20: R(t)=0.883  acc1=73.91%  acc2=72.79%  ens=73.35%  (best 73.72 @ ep 15)  [23.7s]  [sel1+2: prec=0.921, recall_clean=0.955]
  ep  21: R(t)=0.883  acc1=73.11%  acc2=66.31%  ens=69.71%  (best 73.72 @ ep 15)  [17.4s]
  ep  22: R(t)=0.883  acc1=61.59%  acc2=71.64%  ens=66.62%  (best 73.72 @ ep 15)  [18.1s]
  ep  23: R(t)=0.883  acc1=73.21%  acc2=76.84%  ens=75.02%  (best 75.02 @ ep 23)  [18.1s]
  ep  24: R(t)=0.883  acc1=69.76%  acc2=71.27%  ens=70.52%  (best 75.02 @ ep 23)  [17.1s]
  ep  25: R(t)=0.883  acc1=73.06%  acc2=74.05%  ens=73.56%  (best 75.02 @ ep 23)  [17.9s]
  ep  26: R(t)=0.883  acc1=74.64%  acc2=78.30%  ens=76.47%  (best 76.47 @ ep 26)  [16.0s]
  ep  27: R(t)=0.883  acc1=76.51%  acc2=74.29%  ens=75.40%  (best 76.47 @ ep 26)  [16.3s]
  ep  28: R(t)=0.883  acc1=74.20%  acc2=64.34%  ens=69.27%  (best 76.47 @ ep 26)  [17.5s]
  ep  29: R(t)=0.883  acc1=77.38%  acc2=73.82%  ens=75.60%  (best 76.47 @ ep 26)  [17.3s]
  ep  30: R(t)=0.883  acc1=76.67%  acc2=68.73%  ens=72.70%  (best 76.47 @ ep 26)  [23.0s]  [sel1+2: prec=0.925, recall_clean=0.957]
  ep  31: R(t)=0.883  acc1=74.77%  acc2=65.21%  ens=69.99%  (best 76.47 @ ep 26)  [17.8s]
  ep  32: R(t)=0.883  acc1=74.02%  acc2=73.85%  ens=73.94%  (best 76.47 @ ep 26)  [17.2s]
  ep  33: R(t)=0.883  acc1=70.36%  acc2=71.11%  ens=70.73%  (best 76.47 @ ep 26)  [17.8s]
  ep  34: R(t)=0.883  acc1=75.98%  acc2=73.55%  ens=74.77%  (best 76.47 @ ep 26)  [17.1s]
  ep  35: R(t)=0.883  acc1=70.68%  acc2=75.39%  ens=73.04%  (best 76.47 @ ep 26)  [16.6s]
  ep  36: R(t)=0.883  acc1=77.71%  acc2=77.91%  ens=77.81%  (best 77.81 @ ep 36)  [17.9s]
  ep  37: R(t)=0.883  acc1=77.95%  acc2=74.48%  ens=76.22%  (best 77.81 @ ep 36)  [17.4s]
  ep  38: R(t)=0.883  acc1=72.32%  acc2=74.96%  ens=73.64%  (best 77.81 @ ep 36)  [17.6s]
  ep  39: R(t)=0.883  acc1=78.00%  acc2=74.85%  ens=76.43%  (best 77.81 @ ep 36)  [18.0s]
  ep  40: R(t)=0.883  acc1=77.50%  acc2=73.82%  ens=75.66%  (best 77.81 @ ep 36)  [17.3s]
  ep  41: R(t)=0.883  acc1=77.89%  acc2=75.02%  ens=76.46%  (best 77.81 @ ep 36)  [19.3s]
  ep  42: R(t)=0.883  acc1=77.96%  acc2=77.01%  ens=77.48%  (best 77.81 @ ep 36)  [16.2s]
  ep  43: R(t)=0.883  acc1=77.52%  acc2=72.88%  ens=75.20%  (best 77.81 @ ep 36)  [18.8s]
  ep  44: R(t)=0.883  acc1=76.19%  acc2=77.28%  ens=76.73%  (best 77.81 @ ep 36)  [17.2s]
  ep  45: R(t)=0.883  acc1=78.41%  acc2=77.65%  ens=78.03%  (best 78.03 @ ep 45)  [9.2s]
  ep  46: R(t)=0.883  acc1=79.26%  acc2=80.70%  ens=79.98%  (best 79.98 @ ep 46)  [6.6s]
  ep  47: R(t)=0.883  acc1=77.51%  acc2=79.75%  ens=78.63%  (best 79.98 @ ep 46)  [6.5s]
  ep  48: R(t)=0.883  acc1=78.80%  acc2=77.71%  ens=78.26%  (best 79.98 @ ep 46)  [6.7s]
  ep  49: R(t)=0.883  acc1=76.47%  acc2=80.15%  ens=78.31%  (best 79.98 @ ep 46)  [6.5s]
  ep  50: R(t)=0.883  acc1=77.29%  acc2=75.79%  ens=76.54%  (best 79.98 @ ep 46)  [9.9s]  [sel1+2: prec=0.929, recall_clean=0.959]
  ep  51: R(t)=0.883  acc1=78.77%  acc2=80.04%  ens=79.40%  (best 79.98 @ ep 46)  [6.6s]
  ep  52: R(t)=0.883  acc1=79.13%  acc2=77.95%  ens=78.54%  (best 79.98 @ ep 46)  [6.6s]
  ep  53: R(t)=0.883  acc1=79.71%  acc2=80.07%  ens=79.89%  (best 79.98 @ ep 46)  [6.6s]
  ep  54: R(t)=0.883  acc1=77.84%  acc2=78.91%  ens=78.38%  (best 79.98 @ ep 46)  [15.7s]
  ep  55: R(t)=0.883  acc1=76.82%  acc2=77.99%  ens=77.41%  (best 79.98 @ ep 46)  [16.7s]
  ep  56: R(t)=0.883  acc1=82.07%  acc2=79.07%  ens=80.57%  (best 80.57 @ ep 56)  [17.4s]
  ep  57: R(t)=0.883  acc1=81.65%  acc2=79.23%  ens=80.44%  (best 80.57 @ ep 56)  [15.5s]
  ep  58: R(t)=0.883  acc1=79.68%  acc2=80.33%  ens=80.00%  (best 80.57 @ ep 56)  [6.1s]
  ep  59: R(t)=0.883  acc1=81.50%  acc2=79.77%  ens=80.63%  (best 80.63 @ ep 59)  [6.6s]
  ep  60: R(t)=0.883  acc1=78.24%  acc2=81.10%  ens=79.67%  (best 80.63 @ ep 59)  [6.5s]
  ep  61: R(t)=0.883  acc1=78.16%  acc2=80.40%  ens=79.28%  (best 80.63 @ ep 59)  [6.5s]
  ep  62: R(t)=0.883  acc1=80.74%  acc2=80.10%  ens=80.42%  (best 80.63 @ ep 59)  [6.4s]
  ep  63: R(t)=0.883  acc1=80.03%  acc2=82.23%  ens=81.13%  (best 81.13 @ ep 63)  [6.6s]
  ep  64: R(t)=0.883  acc1=81.81%  acc2=81.81%  ens=81.81%  (best 81.81 @ ep 64)  [6.5s]
  ep  65: R(t)=0.883  acc1=80.92%  acc2=80.13%  ens=80.53%  (best 81.81 @ ep 64)  [6.3s]
  ep  66: R(t)=0.883  acc1=81.74%  acc2=82.93%  ens=82.34%  (best 82.34 @ ep 66)  [6.2s]
  ep  67: R(t)=0.883  acc1=83.28%  acc2=82.22%  ens=82.75%  (best 82.75 @ ep 67)  [15.7s]
  ep  68: R(t)=0.883  acc1=81.11%  acc2=81.61%  ens=81.36%  (best 82.75 @ ep 67)  [17.9s]
  ep  69: R(t)=0.883  acc1=83.44%  acc2=82.30%  ens=82.87%  (best 82.87 @ ep 69)  [17.6s]
  ep  70: R(t)=0.883  acc1=82.42%  acc2=82.45%  ens=82.44%  (best 82.87 @ ep 69)  [17.0s]
  ep  71: R(t)=0.883  acc1=82.92%  acc2=83.90%  ens=83.41%  (best 83.41 @ ep 71)  [17.1s]
  ep  72: R(t)=0.883  acc1=83.74%  acc2=83.22%  ens=83.48%  (best 83.48 @ ep 72)  [18.7s]
  ep  73: R(t)=0.883  acc1=81.88%  acc2=82.75%  ens=82.31%  (best 83.48 @ ep 72)  [17.6s]
  ep  74: R(t)=0.883  acc1=84.72%  acc2=84.21%  ens=84.46%  (best 84.46 @ ep 74)  [17.9s]
  ep  75: R(t)=0.883  acc1=84.82%  acc2=84.28%  ens=84.55%  (best 84.55 @ ep 75)  [22.3s]  [sel1+2: prec=0.935, recall_clean=0.960]
  ep  76: R(t)=0.883  acc1=84.09%  acc2=84.16%  ens=84.12%  (best 84.55 @ ep 75)  [6.8s]
  ep  77: R(t)=0.883  acc1=84.75%  acc2=85.04%  ens=84.90%  (best 84.90 @ ep 77)  [6.6s]
  ep  78: R(t)=0.883  acc1=84.58%  acc2=85.28%  ens=84.93%  (best 84.93 @ ep 78)  [6.8s]
  ep  79: R(t)=0.883  acc1=84.87%  acc2=85.23%  ens=85.05%  (best 85.05 @ ep 79)  [6.3s]
  ep  80: R(t)=0.883  acc1=85.49%  acc2=85.47%  ens=85.48%  (best 85.48 @ ep 80)  [6.2s]
  ep  81: R(t)=0.883  acc1=85.49%  acc2=84.80%  ens=85.15%  (best 85.48 @ ep 80)  [6.6s]
  ep  82: R(t)=0.883  acc1=85.60%  acc2=85.80%  ens=85.70%  (best 85.70 @ ep 82)  [6.7s]
  ep  83: R(t)=0.883  acc1=85.69%  acc2=85.63%  ens=85.66%  (best 85.70 @ ep 82)  [6.3s]
  ep  84: R(t)=0.883  acc1=85.62%  acc2=85.78%  ens=85.70%  (best 85.70 @ ep 82)  [9.1s]
  ep  85: R(t)=0.883  acc1=85.14%  acc2=85.86%  ens=85.50%  (best 85.70 @ ep 82)  [17.0s]
  ep  86: R(t)=0.883  acc1=85.83%  acc2=85.94%  ens=85.89%  (best 85.89 @ ep 86)  [18.7s]
  ep  87: R(t)=0.883  acc1=85.88%  acc2=85.99%  ens=85.94%  (best 85.94 @ ep 87)  [18.0s]
  ep  88: R(t)=0.883  acc1=85.93%  acc2=85.69%  ens=85.81%  (best 85.94 @ ep 87)  [18.5s]
  ep  89: R(t)=0.883  acc1=86.25%  acc2=86.32%  ens=86.28%  (best 86.28 @ ep 89)  [18.9s]
  ep  90: R(t)=0.883  acc1=86.31%  acc2=86.00%  ens=86.16%  (best 86.28 @ ep 89)  [17.7s]
  ep  91: R(t)=0.883  acc1=86.29%  acc2=86.18%  ens=86.23%  (best 86.28 @ ep 89)  [17.6s]
  ep  92: R(t)=0.883  acc1=86.07%  acc2=86.18%  ens=86.12%  (best 86.28 @ ep 89)  [17.2s]
  ep  93: R(t)=0.883  acc1=86.21%  acc2=86.21%  ens=86.21%  (best 86.28 @ ep 89)  [18.0s]
  ep  94: R(t)=0.883  acc1=86.08%  acc2=85.99%  ens=86.03%  (best 86.28 @ ep 89)  [16.7s]
  ep  95: R(t)=0.883  acc1=86.12%  acc2=86.20%  ens=86.16%  (best 86.28 @ ep 89)  [17.0s]
  ep  96: R(t)=0.883  acc1=86.32%  acc2=86.20%  ens=86.26%  (best 86.28 @ ep 89)  [17.1s]
  ep  97: R(t)=0.883  acc1=86.31%  acc2=86.21%  ens=86.26%  (best 86.28 @ ep 89)  [16.6s]
  ep  98: R(t)=0.883  acc1=86.34%  acc2=86.32%  ens=86.33%  (best 86.33 @ ep 98)  [17.0s]
  ep  99: R(t)=0.883  acc1=86.23%  acc2=86.18%  ens=86.20%  (best 86.33 @ ep 98)  [22.3s]  [sel1+2: prec=0.940, recall_clean=0.957]

saved /path/to/ciln-workspace/journal_edition/robustness_transfer/results_v4/coteaching/ours_v2_clean__pixelate_sev1__seed2.json: best ens-acc 86.33% @ ep 98
