condition=ours_v2_noisy__defocus_blur_sev1 seed=1 gpu=2
/path/to/ciln-workspace/venv/lib/python3.12/site-packages/torchvision/datasets/cifar.py:83: VisibleDeprecationWarning: dtype(): align should be passed as Python or NumPy boolean but got `align=0`. Did you mean to pass a tuple to create a subarray type? (Deprecated NumPy 2.4)
  entry = pickle.load(f, encoding="latin1")
image_source=noisy  N_train=22500  noise_rate=8.62%
  ep   0: acc1=40.79%  acc2=40.65%  ens=40.72%  (best 40.72 @ ep 0)  [8.5s]
  ep   1: acc1=53.08%  acc2=50.67%  ens=51.88%  (best 51.88 @ ep 1)  [7.3s]
  ep   2: acc1=57.76%  acc2=56.20%  ens=56.98%  (best 56.98 @ ep 2)  [7.4s]
  ep   3: acc1=60.69%  acc2=51.45%  ens=56.07%  (best 56.98 @ ep 2)  [7.2s]
  ep   4: acc1=60.36%  acc2=60.24%  ens=60.30%  (best 60.30 @ ep 4)  [7.3s]
  ep   5: acc1=58.47%  acc2=62.30%  ens=60.38%  (best 60.38 @ ep 5)  [19.8s]  [w on clean=0.786, on noisy=0.435]
  ep   6: acc1=62.61%  acc2=63.65%  ens=63.13%  (best 63.13 @ ep 6)  [24.9s]
  ep   7: acc1=65.73%  acc2=67.13%  ens=66.43%  (best 66.43 @ ep 7)  [30.4s]
  ep   8: acc1=71.03%  acc2=71.97%  ens=71.50%  (best 71.50 @ ep 8)  [28.2s]
  ep   9: acc1=67.41%  acc2=69.81%  ens=68.61%  (best 71.50 @ ep 8)  [23.6s]
  ep  10: acc1=45.99%  acc2=45.38%  ens=45.68%  (best 71.50 @ ep 8)  [72.9s]  [w on clean=0.668, on noisy=0.381]
  ep  11: acc1=40.22%  acc2=35.00%  ens=37.61%  (best 71.50 @ ep 8)  [55.4s]
  ep  12: acc1=33.58%  acc2=32.82%  ens=33.20%  (best 71.50 @ ep 8)  [37.1s]
  ep  13: acc1=34.39%  acc2=33.11%  ens=33.75%  (best 71.50 @ ep 8)  [59.9s]
  ep  14: acc1=40.80%  acc2=31.74%  ens=36.27%  (best 71.50 @ ep 8)  [36.1s]
  ep  15: acc1=39.57%  acc2=36.71%  ens=38.14%  (best 71.50 @ ep 8)  [51.4s]
  ep  16: acc1=42.58%  acc2=41.44%  ens=42.01%  (best 71.50 @ ep 8)  [41.3s]
  ep  17: acc1=35.60%  acc2=36.95%  ens=36.27%  (best 71.50 @ ep 8)  [39.5s]
  ep  18: acc1=42.25%  acc2=42.55%  ens=42.40%  (best 71.50 @ ep 8)  [94.3s]
  ep  19: acc1=40.33%  acc2=38.64%  ens=39.49%  (best 71.50 @ ep 8)  [58.2s]
  ep  20: acc1=40.08%  acc2=41.35%  ens=40.72%  (best 71.50 @ ep 8)  [150.3s]  [w on clean=0.809, on noisy=0.643]
  ep  21: acc1=38.24%  acc2=37.50%  ens=37.87%  (best 71.50 @ ep 8)  [77.2s]
  ep  22: acc1=41.98%  acc2=44.91%  ens=43.45%  (best 71.50 @ ep 8)  [110.7s]
  ep  23: acc1=44.21%  acc2=46.28%  ens=45.25%  (best 71.50 @ ep 8)  [114.6s]
  ep  24: acc1=44.96%  acc2=46.08%  ens=45.52%  (best 71.50 @ ep 8)  [61.2s]
  ep  25: acc1=47.34%  acc2=42.42%  ens=44.88%  (best 71.50 @ ep 8)  [52.9s]
  ep  26: acc1=46.21%  acc2=46.34%  ens=46.27%  (best 71.50 @ ep 8)  [102.7s]
  ep  27: acc1=45.48%  acc2=46.27%  ens=45.88%  (best 71.50 @ ep 8)  [38.5s]
  ep  28: acc1=47.52%  acc2=46.12%  ens=46.82%  (best 71.50 @ ep 8)  [130.4s]
  ep  29: acc1=42.51%  acc2=45.11%  ens=43.81%  (best 71.50 @ ep 8)  [38.5s]
  ep  30: acc1=49.17%  acc2=49.13%  ens=49.15%  (best 71.50 @ ep 8)  [42.3s]  [w on clean=0.808, on noisy=0.632]
  ep  31: acc1=46.67%  acc2=42.55%  ens=44.61%  (best 71.50 @ ep 8)  [108.3s]
  ep  32: acc1=45.76%  acc2=43.11%  ens=44.44%  (best 71.50 @ ep 8)  [39.4s]
  ep  33: acc1=51.66%  acc2=46.15%  ens=48.91%  (best 71.50 @ ep 8)  [115.8s]
  ep  34: acc1=51.73%  acc2=46.89%  ens=49.31%  (best 71.50 @ ep 8)  [37.4s]
  ep  35: acc1=47.62%  acc2=45.21%  ens=46.41%  (best 71.50 @ ep 8)  [96.7s]
  ep  36: acc1=51.63%  acc2=53.85%  ens=52.74%  (best 71.50 @ ep 8)  [62.3s]
  ep  37: acc1=52.37%  acc2=50.70%  ens=51.53%  (best 71.50 @ ep 8)  [40.4s]
  ep  38: acc1=51.29%  acc2=43.16%  ens=47.23%  (best 71.50 @ ep 8)  [83.7s]
  ep  39: acc1=51.47%  acc2=49.30%  ens=50.39%  (best 71.50 @ ep 8)  [38.6s]
  ep  40: acc1=45.88%  acc2=51.03%  ens=48.45%  (best 71.50 @ ep 8)  [92.9s]
  ep  41: acc1=52.12%  acc2=53.45%  ens=52.78%  (best 71.50 @ ep 8)  [56.9s]
  ep  42: acc1=53.32%  acc2=47.27%  ens=50.30%  (best 71.50 @ ep 8)  [45.8s]
  ep  43: acc1=52.59%  acc2=52.69%  ens=52.64%  (best 71.50 @ ep 8)  [39.5s]
  ep  44: acc1=47.58%  acc2=52.72%  ens=50.15%  (best 71.50 @ ep 8)  [37.9s]
  ep  45: acc1=52.30%  acc2=51.97%  ens=52.13%  (best 71.50 @ ep 8)  [43.6s]
  ep  46: acc1=51.16%  acc2=53.77%  ens=52.47%  (best 71.50 @ ep 8)  [54.3s]
  ep  47: acc1=50.32%  acc2=52.92%  ens=51.62%  (best 71.50 @ ep 8)  [38.4s]
  ep  48: acc1=54.28%  acc2=54.99%  ens=54.63%  (best 71.50 @ ep 8)  [179.2s]
  ep  49: acc1=55.14%  acc2=55.67%  ens=55.40%  (best 71.50 @ ep 8)  [39.3s]
  ep  50: acc1=54.70%  acc2=53.91%  ens=54.31%  (best 71.50 @ ep 8)  [47.1s]  [w on clean=0.809, on noisy=0.634]
  ep  51: acc1=52.21%  acc2=53.71%  ens=52.96%  (best 71.50 @ ep 8)  [38.2s]
  ep  52: acc1=52.48%  acc2=57.07%  ens=54.77%  (best 71.50 @ ep 8)  [43.4s]
  ep  53: acc1=53.57%  acc2=54.00%  ens=53.78%  (best 71.50 @ ep 8)  [49.8s]
  ep  54: acc1=53.22%  acc2=55.80%  ens=54.51%  (best 71.50 @ ep 8)  [39.5s]
  ep  55: acc1=54.64%  acc2=54.44%  ens=54.54%  (best 71.50 @ ep 8)  [95.2s]
  ep  56: acc1=55.86%  acc2=56.53%  ens=56.19%  (best 71.50 @ ep 8)  [38.3s]
  ep  57: acc1=56.34%  acc2=56.01%  ens=56.17%  (best 71.50 @ ep 8)  [194.2s]
  ep  58: acc1=55.96%  acc2=54.90%  ens=55.43%  (best 71.50 @ ep 8)  [37.4s]
  ep  59: acc1=53.20%  acc2=57.86%  ens=55.53%  (best 71.50 @ ep 8)  [61.7s]
  ep  60: acc1=59.37%  acc2=55.06%  ens=57.21%  (best 71.50 @ ep 8)  [41.9s]
  ep  61: acc1=55.66%  acc2=56.65%  ens=56.16%  (best 71.50 @ ep 8)  [39.0s]
  ep  62: acc1=56.53%  acc2=55.62%  ens=56.08%  (best 71.50 @ ep 8)  [113.7s]
  ep  63: acc1=57.13%  acc2=57.17%  ens=57.15%  (best 71.50 @ ep 8)  [37.8s]
  ep  64: acc1=56.33%  acc2=56.48%  ens=56.40%  (best 71.50 @ ep 8)  [222.5s]
  ep  65: acc1=56.88%  acc2=58.30%  ens=57.59%  (best 71.50 @ ep 8)  [38.4s]
  ep  66: acc1=57.90%  acc2=57.36%  ens=57.63%  (best 71.50 @ ep 8)  [140.8s]
  ep  67: acc1=56.84%  acc2=58.12%  ens=57.48%  (best 71.50 @ ep 8)  [40.2s]
  ep  68: acc1=58.06%  acc2=56.33%  ens=57.19%  (best 71.50 @ ep 8)  [53.9s]
  ep  69: acc1=56.14%  acc2=57.63%  ens=56.89%  (best 71.50 @ ep 8)  [49.1s]
  ep  70: acc1=56.98%  acc2=58.44%  ens=57.71%  (best 71.50 @ ep 8)  [38.2s]
  ep  71: acc1=57.05%  acc2=58.89%  ens=57.97%  (best 71.50 @ ep 8)  [85.9s]
  ep  72: acc1=57.32%  acc2=58.59%  ens=57.95%  (best 71.50 @ ep 8)  [38.5s]
  ep  73: acc1=56.56%  acc2=59.33%  ens=57.95%  (best 71.50 @ ep 8)  [110.1s]
  ep  74: acc1=57.12%  acc2=58.32%  ens=57.72%  (best 71.50 @ ep 8)  [78.3s]
  ep  75: acc1=55.95%  acc2=58.07%  ens=57.01%  (best 71.50 @ ep 8)  [41.7s]  [w on clean=0.808, on noisy=0.631]
  ep  76: acc1=56.67%  acc2=57.38%  ens=57.02%  (best 71.50 @ ep 8)  [195.9s]
  ep  77: acc1=57.17%  acc2=58.99%  ens=58.08%  (best 71.50 @ ep 8)  [37.8s]
  ep  78: acc1=57.49%  acc2=57.19%  ens=57.34%  (best 71.50 @ ep 8)  [99.2s]
  ep  79: acc1=57.56%  acc2=57.56%  ens=57.56%  (best 71.50 @ ep 8)  [39.9s]
  ep  80: acc1=57.51%  acc2=57.20%  ens=57.36%  (best 71.50 @ ep 8)  [271.1s]
  ep  81: acc1=58.12%  acc2=58.14%  ens=58.13%  (best 71.50 @ ep 8)  [38.1s]
  ep  82: acc1=58.13%  acc2=57.89%  ens=58.01%  (best 71.50 @ ep 8)  [63.6s]
  ep  83: acc1=57.05%  acc2=59.22%  ens=58.14%  (best 71.50 @ ep 8)  [39.9s]
  ep  84: acc1=58.24%  acc2=57.72%  ens=57.98%  (best 71.50 @ ep 8)  [43.9s]
  ep  85: acc1=58.50%  acc2=59.44%  ens=58.97%  (best 71.50 @ ep 8)  [47.1s]
  ep  86: acc1=58.10%  acc2=58.98%  ens=58.54%  (best 71.50 @ ep 8)  [38.6s]
  ep  87: acc1=58.85%  acc2=59.03%  ens=58.94%  (best 71.50 @ ep 8)  [41.1s]
  ep  88: acc1=58.81%  acc2=59.82%  ens=59.31%  (best 71.50 @ ep 8)  [55.1s]
  ep  89: acc1=58.65%  acc2=59.01%  ens=58.83%  (best 71.50 @ ep 8)  [53.9s]
  ep  90: acc1=58.56%  acc2=58.92%  ens=58.74%  (best 71.50 @ ep 8)  [46.2s]
  ep  91: acc1=58.99%  acc2=59.05%  ens=59.02%  (best 71.50 @ ep 8)  [39.4s]
  ep  92: acc1=59.22%  acc2=59.01%  ens=59.11%  (best 71.50 @ ep 8)  [41.1s]
  ep  93: acc1=59.69%  acc2=59.07%  ens=59.38%  (best 71.50 @ ep 8)  [42.6s]
  ep  94: acc1=58.48%  acc2=59.20%  ens=58.84%  (best 71.50 @ ep 8)  [151.5s]
  ep  95: acc1=59.34%  acc2=59.28%  ens=59.31%  (best 71.50 @ ep 8)  [56.8s]
  ep  96: acc1=59.15%  acc2=59.58%  ens=59.37%  (best 71.50 @ ep 8)  [104.7s]
  ep  97: acc1=59.31%  acc2=59.17%  ens=59.24%  (best 71.50 @ ep 8)  [102.2s]
  ep  98: acc1=58.86%  acc2=59.32%  ens=59.09%  (best 71.50 @ ep 8)  [49.4s]
  ep  99: acc1=59.12%  acc2=59.01%  ens=59.06%  (best 71.50 @ ep 8)  [52.5s]  [w on clean=0.808, on noisy=0.632]

saved /path/to/ciln-workspace/journal_edition/robustness_transfer/results_v4/dividemix/ours_v2_noisy__defocus_blur_sev1__seed1.json: best ens-acc 71.50% @ ep 8
