condition=ours_v2_clean__frost_sev1 seed=0 gpu=1
/path/to/ciln-workspace/venv/lib/python3.12/site-packages/torchvision/datasets/cifar.py:83: VisibleDeprecationWarning: dtype(): align should be passed as Python or NumPy boolean but got `align=0`. Did you mean to pass a tuple to create a subarray type? (Deprecated NumPy 2.4)
  entry = pickle.load(f, encoding="latin1")
image_source=clean  N_train=22500  noise_rate=10.16%
  ep   0: acc1=39.87%  acc2=37.93%  ens=38.90%  (best 38.90 @ ep 0)  [8.3s]
  ep   1: acc1=38.19%  acc2=52.08%  ens=45.14%  (best 45.14 @ ep 1)  [7.5s]
  ep   2: acc1=55.46%  acc2=57.98%  ens=56.72%  (best 56.72 @ ep 2)  [13.9s]
  ep   3: acc1=61.74%  acc2=50.24%  ens=55.99%  (best 56.72 @ ep 2)  [16.9s]
  ep   4: acc1=63.02%  acc2=52.91%  ens=57.97%  (best 57.97 @ ep 4)  [16.6s]
  ep   5: acc1=63.24%  acc2=64.85%  ens=64.05%  (best 64.05 @ ep 5)  [26.0s]  [w on clean=0.820, on noisy=0.504]
  ep   6: acc1=62.21%  acc2=66.86%  ens=64.53%  (best 64.53 @ ep 6)  [16.9s]
  ep   7: acc1=67.98%  acc2=70.88%  ens=69.43%  (best 69.43 @ ep 7)  [17.1s]
  ep   8: acc1=69.99%  acc2=73.05%  ens=71.52%  (best 71.52 @ ep 8)  [16.4s]
  ep   9: acc1=71.35%  acc2=69.86%  ens=70.61%  (best 71.52 @ ep 8)  [17.4s]
  ep  10: acc1=43.34%  acc2=34.59%  ens=38.96%  (best 71.52 @ ep 8)  [108.5s]  [w on clean=0.490, on noisy=0.270]
  ep  11: acc1=27.19%  acc2=25.39%  ens=26.29%  (best 71.52 @ ep 8)  [31.5s]
  ep  12: acc1=25.56%  acc2=28.97%  ens=27.27%  (best 71.52 @ ep 8)  [30.6s]
  ep  13: acc1=36.52%  acc2=31.73%  ens=34.13%  (best 71.52 @ ep 8)  [38.2s]
  ep  14: acc1=32.01%  acc2=38.29%  ens=35.15%  (best 71.52 @ ep 8)  [37.6s]
  ep  15: acc1=38.83%  acc2=33.03%  ens=35.93%  (best 71.52 @ ep 8)  [105.7s]
  ep  16: acc1=38.57%  acc2=40.16%  ens=39.37%  (best 71.52 @ ep 8)  [154.4s]
  ep  17: acc1=40.09%  acc2=36.12%  ens=38.10%  (best 71.52 @ ep 8)  [40.2s]
  ep  18: acc1=41.45%  acc2=40.16%  ens=40.80%  (best 71.52 @ ep 8)  [132.9s]
  ep  19: acc1=42.49%  acc2=40.41%  ens=41.45%  (best 71.52 @ ep 8)  [41.8s]
  ep  20: acc1=42.73%  acc2=39.25%  ens=40.99%  (best 71.52 @ ep 8)  [79.0s]  [w on clean=0.814, on noisy=0.713]
  ep  21: acc1=40.47%  acc2=40.10%  ens=40.29%  (best 71.52 @ ep 8)  [204.2s]
  ep  22: acc1=39.21%  acc2=40.70%  ens=39.95%  (best 71.52 @ ep 8)  [42.3s]
  ep  23: acc1=45.56%  acc2=39.85%  ens=42.71%  (best 71.52 @ ep 8)  [66.9s]
  ep  24: acc1=46.71%  acc2=43.37%  ens=45.04%  (best 71.52 @ ep 8)  [41.2s]
  ep  25: acc1=47.90%  acc2=45.14%  ens=46.52%  (best 71.52 @ ep 8)  [66.9s]
  ep  26: acc1=45.89%  acc2=42.21%  ens=44.05%  (best 71.52 @ ep 8)  [57.2s]
  ep  27: acc1=48.58%  acc2=47.47%  ens=48.02%  (best 71.52 @ ep 8)  [41.5s]
  ep  28: acc1=50.95%  acc2=48.59%  ens=49.77%  (best 71.52 @ ep 8)  [40.2s]
  ep  29: acc1=45.80%  acc2=49.72%  ens=47.76%  (best 71.52 @ ep 8)  [48.2s]
  ep  30: acc1=42.06%  acc2=40.97%  ens=41.52%  (best 71.52 @ ep 8)  [43.7s]  [w on clean=0.814, on noisy=0.708]
  ep  31: acc1=46.97%  acc2=47.75%  ens=47.36%  (best 71.52 @ ep 8)  [106.4s]
  ep  32: acc1=45.53%  acc2=47.85%  ens=46.69%  (best 71.52 @ ep 8)  [41.4s]
  ep  33: acc1=45.12%  acc2=49.75%  ens=47.44%  (best 71.52 @ ep 8)  [39.5s]
  ep  34: acc1=52.64%  acc2=48.48%  ens=50.56%  (best 71.52 @ ep 8)  [50.8s]
  ep  35: acc1=47.79%  acc2=47.67%  ens=47.73%  (best 71.52 @ ep 8)  [40.4s]
  ep  36: acc1=50.35%  acc2=48.30%  ens=49.32%  (best 71.52 @ ep 8)  [74.8s]
  ep  37: acc1=48.98%  acc2=49.18%  ens=49.08%  (best 71.52 @ ep 8)  [50.0s]
  ep  38: acc1=49.26%  acc2=48.84%  ens=49.05%  (best 71.52 @ ep 8)  [40.9s]
  ep  39: acc1=49.74%  acc2=43.10%  ens=46.42%  (best 71.52 @ ep 8)  [214.1s]
  ep  40: acc1=50.80%  acc2=48.80%  ens=49.80%  (best 71.52 @ ep 8)  [39.6s]
  ep  41: acc1=51.66%  acc2=49.62%  ens=50.64%  (best 71.52 @ ep 8)  [44.0s]
  ep  42: acc1=50.38%  acc2=42.01%  ens=46.20%  (best 71.52 @ ep 8)  [55.0s]
  ep  43: acc1=50.42%  acc2=42.08%  ens=46.25%  (best 71.52 @ ep 8)  [63.6s]
  ep  44: acc1=50.40%  acc2=49.71%  ens=50.06%  (best 71.52 @ ep 8)  [74.4s]
  ep  45: acc1=51.13%  acc2=49.13%  ens=50.13%  (best 71.52 @ ep 8)  [40.4s]
  ep  46: acc1=48.77%  acc2=48.14%  ens=48.46%  (best 71.52 @ ep 8)  [97.3s]
  ep  47: acc1=50.89%  acc2=54.52%  ens=52.70%  (best 71.52 @ ep 8)  [80.9s]
  ep  48: acc1=51.23%  acc2=53.74%  ens=52.49%  (best 71.52 @ ep 8)  [101.0s]
  ep  49: acc1=54.53%  acc2=52.82%  ens=53.68%  (best 71.52 @ ep 8)  [54.7s]
  ep  50: acc1=52.92%  acc2=50.13%  ens=51.52%  (best 71.52 @ ep 8)  [43.2s]  [w on clean=0.815, on noisy=0.713]
  ep  51: acc1=52.20%  acc2=46.97%  ens=49.59%  (best 71.52 @ ep 8)  [87.9s]
  ep  52: acc1=48.26%  acc2=49.14%  ens=48.70%  (best 71.52 @ ep 8)  [38.9s]
  ep  53: acc1=54.64%  acc2=55.40%  ens=55.02%  (best 71.52 @ ep 8)  [94.7s]
  ep  54: acc1=54.59%  acc2=56.00%  ens=55.30%  (best 71.52 @ ep 8)  [53.9s]
  ep  55: acc1=54.91%  acc2=50.88%  ens=52.90%  (best 71.52 @ ep 8)  [41.0s]
  ep  56: acc1=48.25%  acc2=51.59%  ens=49.92%  (best 71.52 @ ep 8)  [58.2s]
  ep  57: acc1=50.34%  acc2=53.78%  ens=52.06%  (best 71.52 @ ep 8)  [39.8s]
  ep  58: acc1=54.03%  acc2=50.18%  ens=52.11%  (best 71.52 @ ep 8)  [41.2s]
  ep  59: acc1=52.01%  acc2=54.08%  ens=53.04%  (best 71.52 @ ep 8)  [116.5s]
  ep  60: acc1=54.69%  acc2=52.04%  ens=53.36%  (best 71.52 @ ep 8)  [40.7s]
  ep  61: acc1=52.11%  acc2=56.77%  ens=54.44%  (best 71.52 @ ep 8)  [144.8s]
  ep  62: acc1=54.50%  acc2=55.11%  ens=54.81%  (best 71.52 @ ep 8)  [58.3s]
  ep  63: acc1=55.64%  acc2=56.00%  ens=55.82%  (best 71.52 @ ep 8)  [42.3s]
  ep  64: acc1=55.28%  acc2=54.66%  ens=54.97%  (best 71.52 @ ep 8)  [135.6s]
  ep  65: acc1=52.00%  acc2=52.83%  ens=52.41%  (best 71.52 @ ep 8)  [89.0s]
  ep  66: acc1=54.73%  acc2=53.96%  ens=54.34%  (best 71.52 @ ep 8)  [40.5s]
  ep  67: acc1=54.15%  acc2=54.89%  ens=54.52%  (best 71.52 @ ep 8)  [40.4s]
  ep  68: acc1=55.35%  acc2=55.40%  ens=55.38%  (best 71.52 @ ep 8)  [103.3s]
  ep  69: acc1=54.79%  acc2=54.61%  ens=54.70%  (best 71.52 @ ep 8)  [66.9s]
  ep  70: acc1=54.43%  acc2=54.20%  ens=54.32%  (best 71.52 @ ep 8)  [41.2s]
  ep  71: acc1=55.42%  acc2=53.66%  ens=54.54%  (best 71.52 @ ep 8)  [80.7s]
  ep  72: acc1=56.44%  acc2=53.90%  ens=55.17%  (best 71.52 @ ep 8)  [39.0s]
  ep  73: acc1=53.33%  acc2=55.56%  ens=54.45%  (best 71.52 @ ep 8)  [44.1s]
  ep  74: acc1=55.16%  acc2=55.19%  ens=55.17%  (best 71.52 @ ep 8)  [156.8s]
  ep  75: acc1=58.23%  acc2=56.47%  ens=57.35%  (best 71.52 @ ep 8)  [148.6s]  [w on clean=0.815, on noisy=0.708]
  ep  76: acc1=57.35%  acc2=56.40%  ens=56.88%  (best 71.52 @ ep 8)  [40.5s]
  ep  77: acc1=56.89%  acc2=56.33%  ens=56.61%  (best 71.52 @ ep 8)  [40.1s]
  ep  78: acc1=56.00%  acc2=55.48%  ens=55.74%  (best 71.52 @ ep 8)  [135.1s]
  ep  79: acc1=55.28%  acc2=56.51%  ens=55.90%  (best 71.52 @ ep 8)  [38.9s]
  ep  80: acc1=55.59%  acc2=57.49%  ens=56.54%  (best 71.52 @ ep 8)  [41.7s]
  ep  81: acc1=56.75%  acc2=57.18%  ens=56.96%  (best 71.52 @ ep 8)  [53.5s]
  ep  82: acc1=56.41%  acc2=56.85%  ens=56.63%  (best 71.52 @ ep 8)  [40.9s]
  ep  83: acc1=57.07%  acc2=57.72%  ens=57.39%  (best 71.52 @ ep 8)  [44.9s]
  ep  84: acc1=57.19%  acc2=56.51%  ens=56.85%  (best 71.52 @ ep 8)  [97.2s]
  ep  85: acc1=55.38%  acc2=56.98%  ens=56.18%  (best 71.52 @ ep 8)  [39.2s]
  ep  86: acc1=56.74%  acc2=57.03%  ens=56.89%  (best 71.52 @ ep 8)  [80.3s]
  ep  87: acc1=57.07%  acc2=56.56%  ens=56.81%  (best 71.52 @ ep 8)  [44.3s]
  ep  88: acc1=57.84%  acc2=57.75%  ens=57.79%  (best 71.52 @ ep 8)  [41.4s]
  ep  89: acc1=57.40%  acc2=57.95%  ens=57.67%  (best 71.52 @ ep 8)  [82.6s]
  ep  90: acc1=57.52%  acc2=57.71%  ens=57.61%  (best 71.52 @ ep 8)  [41.6s]
  ep  91: acc1=57.64%  acc2=57.56%  ens=57.60%  (best 71.52 @ ep 8)  [42.7s]
  ep  92: acc1=57.86%  acc2=57.86%  ens=57.86%  (best 71.52 @ ep 8)  [155.4s]
  ep  93: acc1=57.34%  acc2=57.78%  ens=57.56%  (best 71.52 @ ep 8)  [41.6s]
  ep  94: acc1=57.61%  acc2=57.64%  ens=57.62%  (best 71.52 @ ep 8)  [56.9s]
  ep  95: acc1=57.60%  acc2=57.33%  ens=57.46%  (best 71.52 @ ep 8)  [41.3s]
  ep  96: acc1=57.52%  acc2=57.41%  ens=57.47%  (best 71.52 @ ep 8)  [39.6s]
  ep  97: acc1=57.50%  acc2=57.61%  ens=57.55%  (best 71.52 @ ep 8)  [49.8s]
  ep  98: acc1=57.60%  acc2=57.53%  ens=57.56%  (best 71.52 @ ep 8)  [45.5s]
  ep  99: acc1=57.54%  acc2=57.81%  ens=57.67%  (best 71.52 @ ep 8)  [115.9s]  [w on clean=0.815, on noisy=0.707]

saved /path/to/ciln-workspace/journal_edition/robustness_transfer/results_v4/dividemix/ours_v2_clean__frost_sev1__seed0.json: best ens-acc 71.52% @ ep 8
