condition=ours_v2_noisy__pixelate_sev5 seed=2 gpu=2
/path/to/ciln-workspace/venv/lib/python3.12/site-packages/torchvision/datasets/cifar.py:83: VisibleDeprecationWarning: dtype(): align should be passed as Python or NumPy boolean but got `align=0`. Did you mean to pass a tuple to create a subarray type? (Deprecated NumPy 2.4)
  entry = pickle.load(f, encoding="latin1")
image_source=noisy  N=22500  noise_rate=58.23%
  ep   0: loss=1.6855  test_acc=24.52%  (best 24.52 @ ep 0)  [4.4s]
  ep   1: loss=1.5444  test_acc=24.08%  (best 24.52 @ ep 0)  [3.5s]
  ep   2: loss=1.4745  test_acc=26.38%  (best 26.38 @ ep 2)  [3.5s]
  ep   3: loss=1.4128  test_acc=27.11%  (best 27.11 @ ep 3)  [3.5s]
  ep   4: loss=1.3821  test_acc=28.83%  (best 28.83 @ ep 4)  [3.5s]
  ep   5: loss=1.3471  test_acc=23.87%  (best 28.83 @ ep 4)  [5.2s]  [logged per-sample loss: mean=1.461]
  ep   6: loss=1.3272  test_acc=32.58%  (best 32.58 @ ep 6)  [4.0s]
  ep   7: loss=1.3083  test_acc=30.29%  (best 32.58 @ ep 6)  [8.1s]
  ep   8: loss=1.2937  test_acc=34.33%  (best 34.33 @ ep 8)  [8.3s]
  ep   9: loss=1.2774  test_acc=33.42%  (best 34.33 @ ep 8)  [8.1s]
  ep  10: loss=1.2685  test_acc=32.20%  (best 34.33 @ ep 8)  [11.3s]  [logged per-sample loss: mean=1.264]
  ep  11: loss=1.2607  test_acc=32.07%  (best 34.33 @ ep 8)  [7.9s]
  ep  12: loss=1.2509  test_acc=35.11%  (best 35.11 @ ep 12)  [8.3s]
  ep  13: loss=1.2454  test_acc=37.63%  (best 37.63 @ ep 13)  [8.4s]
  ep  14: loss=1.2379  test_acc=35.55%  (best 37.63 @ ep 13)  [8.0s]
  ep  15: loss=1.2305  test_acc=38.94%  (best 38.94 @ ep 15)  [8.0s]
  ep  16: loss=1.2230  test_acc=33.30%  (best 38.94 @ ep 15)  [8.1s]
  ep  17: loss=1.2173  test_acc=35.11%  (best 38.94 @ ep 15)  [8.2s]
  ep  18: loss=1.2140  test_acc=30.69%  (best 38.94 @ ep 15)  [8.2s]
  ep  19: loss=1.2074  test_acc=44.26%  (best 44.26 @ ep 19)  [7.8s]
  ep  20: loss=1.1939  test_acc=40.49%  (best 44.26 @ ep 19)  [12.0s]  [logged per-sample loss: mean=1.210]
  ep  21: loss=1.1916  test_acc=34.20%  (best 44.26 @ ep 19)  [7.8s]
  ep  22: loss=1.1875  test_acc=34.64%  (best 44.26 @ ep 19)  [8.1s]
  ep  23: loss=1.1876  test_acc=37.88%  (best 44.26 @ ep 19)  [6.1s]
  ep  24: loss=1.1762  test_acc=33.07%  (best 44.26 @ ep 19)  [3.6s]
  ep  25: loss=1.1763  test_acc=42.02%  (best 44.26 @ ep 19)  [3.7s]
  ep  26: loss=1.1691  test_acc=37.71%  (best 44.26 @ ep 19)  [3.4s]
  ep  27: loss=1.1658  test_acc=40.44%  (best 44.26 @ ep 19)  [3.6s]
  ep  28: loss=1.1597  test_acc=33.75%  (best 44.26 @ ep 19)  [3.7s]
  ep  29: loss=1.1538  test_acc=36.56%  (best 44.26 @ ep 19)  [3.5s]
  ep  30: loss=1.1554  test_acc=41.06%  (best 44.26 @ ep 19)  [5.3s]  [logged per-sample loss: mean=1.140]
  ep  31: loss=1.1528  test_acc=33.26%  (best 44.26 @ ep 19)  [3.6s]
  ep  32: loss=1.1497  test_acc=38.87%  (best 44.26 @ ep 19)  [3.8s]
  ep  33: loss=1.1374  test_acc=41.95%  (best 44.26 @ ep 19)  [3.6s]
  ep  34: loss=1.1378  test_acc=36.49%  (best 44.26 @ ep 19)  [3.6s]
  ep  35: loss=1.1406  test_acc=38.46%  (best 44.26 @ ep 19)  [3.8s]
  ep  36: loss=1.1263  test_acc=33.27%  (best 44.26 @ ep 19)  [3.7s]
  ep  37: loss=1.1250  test_acc=41.14%  (best 44.26 @ ep 19)  [3.7s]
  ep  38: loss=1.1184  test_acc=40.58%  (best 44.26 @ ep 19)  [3.8s]
  ep  39: loss=1.1168  test_acc=42.77%  (best 44.26 @ ep 19)  [3.6s]
  ep  40: loss=1.1103  test_acc=37.27%  (best 44.26 @ ep 19)  [5.7s]
  ep  41: loss=1.1047  test_acc=37.95%  (best 44.26 @ ep 19)  [8.4s]
  ep  42: loss=1.1017  test_acc=41.29%  (best 44.26 @ ep 19)  [9.4s]
  ep  43: loss=1.1048  test_acc=41.30%  (best 44.26 @ ep 19)  [8.3s]
  ep  44: loss=1.1008  test_acc=42.17%  (best 44.26 @ ep 19)  [9.4s]
  ep  45: loss=1.0874  test_acc=38.19%  (best 44.26 @ ep 19)  [9.1s]
  ep  46: loss=1.0830  test_acc=43.86%  (best 44.26 @ ep 19)  [8.9s]
  ep  47: loss=1.0803  test_acc=43.47%  (best 44.26 @ ep 19)  [9.1s]
  ep  48: loss=1.0807  test_acc=38.50%  (best 44.26 @ ep 19)  [8.9s]
  ep  49: loss=1.0685  test_acc=41.21%  (best 44.26 @ ep 19)  [9.8s]
  ep  50: loss=1.0622  test_acc=42.42%  (best 44.26 @ ep 19)  [12.5s]  [logged per-sample loss: mean=1.055]
  ep  51: loss=1.0511  test_acc=43.28%  (best 44.26 @ ep 19)  [9.1s]
  ep  52: loss=1.0522  test_acc=43.17%  (best 44.26 @ ep 19)  [8.9s]
  ep  53: loss=1.0542  test_acc=41.93%  (best 44.26 @ ep 19)  [5.4s]
  ep  54: loss=1.0402  test_acc=46.37%  (best 46.37 @ ep 54)  [3.6s]
  ep  55: loss=1.0392  test_acc=39.84%  (best 46.37 @ ep 54)  [3.8s]
  ep  56: loss=1.0278  test_acc=44.82%  (best 46.37 @ ep 54)  [3.7s]
  ep  57: loss=1.0174  test_acc=39.92%  (best 46.37 @ ep 54)  [3.7s]
  ep  58: loss=1.0147  test_acc=45.47%  (best 46.37 @ ep 54)  [3.6s]
  ep  59: loss=1.0049  test_acc=41.67%  (best 46.37 @ ep 54)  [3.7s]
  ep  60: loss=1.0051  test_acc=49.94%  (best 49.94 @ ep 60)  [3.9s]
  ep  61: loss=0.9930  test_acc=45.84%  (best 49.94 @ ep 60)  [3.5s]
  ep  62: loss=0.9817  test_acc=43.26%  (best 49.94 @ ep 60)  [3.7s]
  ep  63: loss=0.9768  test_acc=42.23%  (best 49.94 @ ep 60)  [3.8s]
  ep  64: loss=0.9721  test_acc=44.54%  (best 49.94 @ ep 60)  [3.6s]
  ep  65: loss=0.9615  test_acc=42.67%  (best 49.94 @ ep 60)  [3.6s]
  ep  66: loss=0.9463  test_acc=46.25%  (best 49.94 @ ep 60)  [3.6s]
  ep  67: loss=0.9394  test_acc=47.09%  (best 49.94 @ ep 60)  [3.6s]
  ep  68: loss=0.9296  test_acc=45.01%  (best 49.94 @ ep 60)  [3.5s]
  ep  69: loss=0.9195  test_acc=47.91%  (best 49.94 @ ep 60)  [3.6s]
  ep  70: loss=0.9057  test_acc=47.91%  (best 49.94 @ ep 60)  [7.9s]
  ep  71: loss=0.8963  test_acc=43.46%  (best 49.94 @ ep 60)  [7.8s]
  ep  72: loss=0.8798  test_acc=43.61%  (best 49.94 @ ep 60)  [7.9s]
  ep  73: loss=0.8763  test_acc=44.77%  (best 49.94 @ ep 60)  [8.3s]
  ep  74: loss=0.8551  test_acc=47.29%  (best 49.94 @ ep 60)  [8.0s]
  ep  75: loss=0.8406  test_acc=46.09%  (best 49.94 @ ep 60)  [12.1s]  [logged per-sample loss: mean=0.871]
  ep  76: loss=0.8254  test_acc=42.91%  (best 49.94 @ ep 60)  [10.5s]
  ep  77: loss=0.8153  test_acc=43.95%  (best 49.94 @ ep 60)  [7.8s]
  ep  78: loss=0.7978  test_acc=47.28%  (best 49.94 @ ep 60)  [7.9s]
  ep  79: loss=0.7840  test_acc=47.96%  (best 49.94 @ ep 60)  [8.0s]
  ep  80: loss=0.7622  test_acc=45.44%  (best 49.94 @ ep 60)  [8.3s]
  ep  81: loss=0.7463  test_acc=47.39%  (best 49.94 @ ep 60)  [8.0s]
  ep  82: loss=0.7334  test_acc=45.87%  (best 49.94 @ ep 60)  [8.3s]
  ep  83: loss=0.7066  test_acc=47.07%  (best 49.94 @ ep 60)  [8.2s]
  ep  84: loss=0.6875  test_acc=46.76%  (best 49.94 @ ep 60)  [8.2s]
  ep  85: loss=0.6773  test_acc=46.46%  (best 49.94 @ ep 60)  [8.7s]
  ep  86: loss=0.6600  test_acc=46.89%  (best 49.94 @ ep 60)  [8.0s]
  ep  87: loss=0.6252  test_acc=46.53%  (best 49.94 @ ep 60)  [8.0s]
  ep  88: loss=0.6099  test_acc=47.39%  (best 49.94 @ ep 60)  [7.8s]
  ep  89: loss=0.5964  test_acc=45.63%  (best 49.94 @ ep 60)  [8.3s]
  ep  90: loss=0.5730  test_acc=46.83%  (best 49.94 @ ep 60)  [7.8s]
  ep  91: loss=0.5599  test_acc=47.36%  (best 49.94 @ ep 60)  [8.1s]
  ep  92: loss=0.5418  test_acc=47.70%  (best 49.94 @ ep 60)  [8.1s]
  ep  93: loss=0.5282  test_acc=45.92%  (best 49.94 @ ep 60)  [7.9s]
  ep  94: loss=0.5204  test_acc=46.17%  (best 49.94 @ ep 60)  [8.3s]
  ep  95: loss=0.5075  test_acc=46.74%  (best 49.94 @ ep 60)  [7.7s]
  ep  96: loss=0.4995  test_acc=46.82%  (best 49.94 @ ep 60)  [8.2s]
  ep  97: loss=0.4928  test_acc=47.22%  (best 49.94 @ ep 60)  [7.6s]
  ep  98: loss=0.4943  test_acc=47.03%  (best 49.94 @ ep 60)  [7.8s]
  ep  99: loss=0.4879  test_acc=47.09%  (best 49.94 @ ep 60)  [11.3s]  [logged per-sample loss: mean=0.428]

saved /path/to/ciln-workspace/journal_edition/robustness_transfer/results_v4/erm/ours_v2_noisy__pixelate_sev5__seed2.json: best 49.94% @ ep 60
