condition=ours_v2_noisy__frost_sev1 seed=0 gpu=2
/path/to/ciln-workspace/venv/lib/python3.12/site-packages/torchvision/datasets/cifar.py:83: VisibleDeprecationWarning: dtype(): align should be passed as Python or NumPy boolean but got `align=0`. Did you mean to pass a tuple to create a subarray type? (Deprecated NumPy 2.4)
  entry = pickle.load(f, encoding="latin1")
image_source=noisy  N=22500  noise_rate=10.16%
  ep   0: loss=1.8567  test_acc=34.76%  (best 34.76 @ ep 0)  [4.4s]
  ep   1: loss=1.5364  test_acc=40.08%  (best 40.08 @ ep 1)  [3.6s]
  ep   2: loss=1.3104  test_acc=50.84%  (best 50.84 @ ep 2)  [3.7s]
  ep   3: loss=1.1768  test_acc=55.19%  (best 55.19 @ ep 3)  [3.6s]
  ep   4: loss=1.0740  test_acc=61.38%  (best 61.38 @ ep 4)  [3.5s]
  ep   5: loss=0.9859  test_acc=61.29%  (best 61.38 @ ep 4)  [5.7s]  [logged per-sample loss: mean=1.049]
  ep   6: loss=0.9235  test_acc=56.62%  (best 61.38 @ ep 4)  [3.6s]
  ep   7: loss=0.8728  test_acc=62.09%  (best 62.09 @ ep 7)  [3.6s]
  ep   8: loss=0.8261  test_acc=65.77%  (best 65.77 @ ep 8)  [3.8s]
  ep   9: loss=0.7963  test_acc=67.32%  (best 67.32 @ ep 9)  [3.8s]
  ep  10: loss=0.7681  test_acc=65.91%  (best 67.32 @ ep 9)  [5.2s]  [logged per-sample loss: mean=0.946]
  ep  11: loss=0.7430  test_acc=70.12%  (best 70.12 @ ep 11)  [3.8s]
  ep  12: loss=0.7246  test_acc=62.74%  (best 70.12 @ ep 11)  [3.9s]
  ep  13: loss=0.7057  test_acc=74.60%  (best 74.60 @ ep 13)  [6.1s]
  ep  14: loss=0.6996  test_acc=57.39%  (best 74.60 @ ep 13)  [9.7s]
  ep  15: loss=0.6834  test_acc=70.09%  (best 74.60 @ ep 13)  [9.1s]
  ep  16: loss=0.6705  test_acc=67.58%  (best 74.60 @ ep 13)  [4.9s]
  ep  17: loss=0.6754  test_acc=73.86%  (best 74.60 @ ep 13)  [3.6s]
  ep  18: loss=0.6528  test_acc=70.09%  (best 74.60 @ ep 13)  [3.6s]
  ep  19: loss=0.6372  test_acc=73.32%  (best 74.60 @ ep 13)  [3.5s]
  ep  20: loss=0.6324  test_acc=71.76%  (best 74.60 @ ep 13)  [5.2s]  [logged per-sample loss: mean=0.751]
  ep  21: loss=0.6243  test_acc=68.88%  (best 74.60 @ ep 13)  [3.6s]
  ep  22: loss=0.6205  test_acc=74.36%  (best 74.60 @ ep 13)  [3.6s]
  ep  23: loss=0.6109  test_acc=75.06%  (best 75.06 @ ep 23)  [3.6s]
  ep  24: loss=0.6083  test_acc=71.25%  (best 75.06 @ ep 23)  [3.6s]
  ep  25: loss=0.6053  test_acc=68.02%  (best 75.06 @ ep 23)  [3.5s]
  ep  26: loss=0.5885  test_acc=73.98%  (best 75.06 @ ep 23)  [3.5s]
  ep  27: loss=0.5841  test_acc=75.09%  (best 75.09 @ ep 27)  [3.5s]
  ep  28: loss=0.5846  test_acc=74.32%  (best 75.09 @ ep 27)  [3.6s]
  ep  29: loss=0.5721  test_acc=74.31%  (best 75.09 @ ep 27)  [3.7s]
  ep  30: loss=0.5603  test_acc=71.23%  (best 75.09 @ ep 27)  [5.5s]  [logged per-sample loss: mean=0.701]
  ep  31: loss=0.5735  test_acc=72.30%  (best 75.09 @ ep 27)  [4.0s]
  ep  32: loss=0.5575  test_acc=78.02%  (best 78.02 @ ep 32)  [6.5s]
  ep  33: loss=0.5381  test_acc=74.98%  (best 78.02 @ ep 32)  [8.4s]
  ep  34: loss=0.5370  test_acc=73.83%  (best 78.02 @ ep 32)  [8.8s]
  ep  35: loss=0.5284  test_acc=75.99%  (best 78.02 @ ep 32)  [8.9s]
  ep  36: loss=0.5191  test_acc=68.17%  (best 78.02 @ ep 32)  [8.5s]
  ep  37: loss=0.5271  test_acc=73.99%  (best 78.02 @ ep 32)  [8.1s]
  ep  38: loss=0.5022  test_acc=77.94%  (best 78.02 @ ep 32)  [8.2s]
  ep  39: loss=0.5130  test_acc=76.12%  (best 78.02 @ ep 32)  [8.2s]
  ep  40: loss=0.5054  test_acc=68.88%  (best 78.02 @ ep 32)  [8.3s]
  ep  41: loss=0.4948  test_acc=78.05%  (best 78.05 @ ep 41)  [8.1s]
  ep  42: loss=0.5016  test_acc=64.95%  (best 78.05 @ ep 41)  [8.5s]
  ep  43: loss=0.4841  test_acc=75.00%  (best 78.05 @ ep 41)  [8.6s]
  ep  44: loss=0.4842  test_acc=79.27%  (best 79.27 @ ep 44)  [8.6s]
  ep  45: loss=0.4784  test_acc=80.44%  (best 80.44 @ ep 45)  [8.0s]
  ep  46: loss=0.4625  test_acc=74.44%  (best 80.44 @ ep 45)  [8.2s]
  ep  47: loss=0.4672  test_acc=77.02%  (best 80.44 @ ep 45)  [8.1s]
  ep  48: loss=0.4601  test_acc=79.51%  (best 80.44 @ ep 45)  [8.4s]
  ep  49: loss=0.4527  test_acc=76.71%  (best 80.44 @ ep 45)  [8.1s]
  ep  50: loss=0.4417  test_acc=75.13%  (best 80.44 @ ep 45)  [11.3s]  [logged per-sample loss: mean=0.599]
  ep  51: loss=0.4386  test_acc=78.22%  (best 80.44 @ ep 45)  [8.2s]
  ep  52: loss=0.4278  test_acc=78.50%  (best 80.44 @ ep 45)  [3.8s]
  ep  53: loss=0.4257  test_acc=78.47%  (best 80.44 @ ep 45)  [3.6s]
  ep  54: loss=0.4072  test_acc=79.44%  (best 80.44 @ ep 45)  [3.5s]
  ep  55: loss=0.4095  test_acc=80.09%  (best 80.44 @ ep 45)  [3.6s]
  ep  56: loss=0.3929  test_acc=76.31%  (best 80.44 @ ep 45)  [3.9s]
  ep  57: loss=0.3895  test_acc=76.06%  (best 80.44 @ ep 45)  [3.5s]
  ep  58: loss=0.3799  test_acc=75.98%  (best 80.44 @ ep 45)  [3.6s]
  ep  59: loss=0.3681  test_acc=79.65%  (best 80.44 @ ep 45)  [3.6s]
  ep  60: loss=0.3666  test_acc=79.58%  (best 80.44 @ ep 45)  [3.8s]
  ep  61: loss=0.3556  test_acc=79.26%  (best 80.44 @ ep 45)  [3.9s]
  ep  62: loss=0.3395  test_acc=80.29%  (best 80.44 @ ep 45)  [3.6s]
  ep  63: loss=0.3391  test_acc=77.08%  (best 80.44 @ ep 45)  [3.7s]
  ep  64: loss=0.3353  test_acc=80.55%  (best 80.55 @ ep 64)  [3.7s]
  ep  65: loss=0.3264  test_acc=79.89%  (best 80.55 @ ep 64)  [3.5s]
  ep  66: loss=0.3124  test_acc=77.49%  (best 80.55 @ ep 64)  [3.6s]
  ep  67: loss=0.3003  test_acc=81.41%  (best 81.41 @ ep 67)  [3.5s]
  ep  68: loss=0.2828  test_acc=82.32%  (best 82.32 @ ep 68)  [3.5s]
  ep  69: loss=0.2726  test_acc=82.14%  (best 82.32 @ ep 68)  [7.7s]
  ep  70: loss=0.2665  test_acc=82.56%  (best 82.56 @ ep 70)  [8.3s]
  ep  71: loss=0.2597  test_acc=79.28%  (best 82.56 @ ep 70)  [8.0s]
  ep  72: loss=0.2496  test_acc=82.64%  (best 82.64 @ ep 72)  [8.4s]
  ep  73: loss=0.2380  test_acc=81.98%  (best 82.64 @ ep 72)  [7.8s]
  ep  74: loss=0.2253  test_acc=81.28%  (best 82.64 @ ep 72)  [8.2s]
  ep  75: loss=0.2050  test_acc=79.93%  (best 82.64 @ ep 72)  [11.2s]  [logged per-sample loss: mean=0.264]
  ep  76: loss=0.1985  test_acc=82.26%  (best 82.64 @ ep 72)  [9.5s]
  ep  77: loss=0.1922  test_acc=81.18%  (best 82.64 @ ep 72)  [8.2s]
  ep  78: loss=0.1788  test_acc=82.61%  (best 82.64 @ ep 72)  [8.4s]
  ep  79: loss=0.1710  test_acc=83.13%  (best 83.13 @ ep 79)  [8.2s]
  ep  80: loss=0.1531  test_acc=83.23%  (best 83.23 @ ep 80)  [8.0s]
  ep  81: loss=0.1438  test_acc=82.74%  (best 83.23 @ ep 80)  [8.1s]
  ep  82: loss=0.1307  test_acc=83.62%  (best 83.62 @ ep 82)  [8.4s]
  ep  83: loss=0.1233  test_acc=83.30%  (best 83.62 @ ep 82)  [8.5s]
  ep  84: loss=0.1149  test_acc=83.49%  (best 83.62 @ ep 82)  [8.2s]
  ep  85: loss=0.1048  test_acc=83.85%  (best 83.85 @ ep 85)  [8.2s]
  ep  86: loss=0.0998  test_acc=84.06%  (best 84.06 @ ep 86)  [7.1s]
  ep  87: loss=0.0955  test_acc=84.13%  (best 84.13 @ ep 87)  [7.5s]
  ep  88: loss=0.0836  test_acc=84.15%  (best 84.15 @ ep 88)  [8.1s]
  ep  89: loss=0.0801  test_acc=84.33%  (best 84.33 @ ep 89)  [8.2s]
  ep  90: loss=0.0766  test_acc=84.24%  (best 84.33 @ ep 89)  [8.7s]
  ep  91: loss=0.0704  test_acc=84.47%  (best 84.47 @ ep 91)  [8.4s]
  ep  92: loss=0.0690  test_acc=84.35%  (best 84.47 @ ep 91)  [7.9s]
  ep  93: loss=0.0641  test_acc=84.35%  (best 84.47 @ ep 91)  [8.0s]
  ep  94: loss=0.0652  test_acc=84.30%  (best 84.47 @ ep 91)  [8.0s]
  ep  95: loss=0.0622  test_acc=84.39%  (best 84.47 @ ep 91)  [8.5s]
  ep  96: loss=0.0600  test_acc=84.35%  (best 84.47 @ ep 91)  [7.9s]
  ep  97: loss=0.0624  test_acc=84.03%  (best 84.47 @ ep 91)  [7.7s]
  ep  98: loss=0.0621  test_acc=84.34%  (best 84.47 @ ep 91)  [8.6s]
  ep  99: loss=0.0596  test_acc=84.10%  (best 84.47 @ ep 91)  [12.2s]  [logged per-sample loss: mean=0.036]

saved /path/to/ciln-workspace/journal_edition/robustness_transfer/results_v4/erm/ours_v2_noisy__frost_sev1__seed0.json: best 84.47% @ ep 91
