condition=ours_v2_noisy__gaussian_noise_sev1 seed=2 gpu=2
/path/to/ciln-workspace/venv/lib/python3.12/site-packages/torchvision/datasets/cifar.py:83: VisibleDeprecationWarning: dtype(): align should be passed as Python or NumPy boolean but got `align=0`. Did you mean to pass a tuple to create a subarray type? (Deprecated NumPy 2.4)
  entry = pickle.load(f, encoding="latin1")
image_source=noisy  N=22500  noise_rate=21.27%
  ep   0: R(t)=1.000  acc1=34.54%  acc2=37.25%  ens=35.89%  (best 35.89 @ ep 0)  [7.7s]
  ep   1: R(t)=0.933  acc1=44.04%  acc2=41.49%  ens=42.77%  (best 42.77 @ ep 1)  [6.8s]
  ep   2: R(t)=0.905  acc1=48.10%  acc2=45.78%  ens=46.94%  (best 46.94 @ ep 2)  [6.6s]
  ep   3: R(t)=0.883  acc1=48.34%  acc2=52.07%  ens=50.20%  (best 50.20 @ ep 3)  [6.5s]
  ep   4: R(t)=0.865  acc1=53.85%  acc2=55.36%  ens=54.60%  (best 54.60 @ ep 4)  [6.5s]
  ep   5: R(t)=0.850  acc1=53.50%  acc2=53.60%  ens=53.55%  (best 54.60 @ ep 4)  [10.0s]  [sel1+2: prec=0.823, recall_clean=0.926]
  ep   6: R(t)=0.835  acc1=54.59%  acc2=56.63%  ens=55.61%  (best 55.61 @ ep 6)  [11.3s]
  ep   7: R(t)=0.822  acc1=51.78%  acc2=60.78%  ens=56.28%  (best 56.28 @ ep 7)  [19.1s]
  ep   8: R(t)=0.810  acc1=59.89%  acc2=47.55%  ens=53.72%  (best 56.28 @ ep 7)  [19.3s]
  ep   9: R(t)=0.798  acc1=62.99%  acc2=61.06%  ens=62.02%  (best 62.02 @ ep 9)  [18.6s]
  ep  10: R(t)=0.787  acc1=64.44%  acc2=68.12%  ens=66.28%  (best 66.28 @ ep 10)  [26.8s]  [sel1+2: prec=0.850, recall_clean=0.900]
  ep  11: R(t)=0.787  acc1=63.68%  acc2=66.94%  ens=65.31%  (best 66.28 @ ep 10)  [20.4s]
  ep  12: R(t)=0.787  acc1=64.50%  acc2=64.95%  ens=64.72%  (best 66.28 @ ep 10)  [17.9s]
  ep  13: R(t)=0.787  acc1=64.77%  acc2=60.62%  ens=62.70%  (best 66.28 @ ep 10)  [17.6s]
  ep  14: R(t)=0.787  acc1=59.48%  acc2=65.59%  ens=62.54%  (best 66.28 @ ep 10)  [6.4s]
  ep  15: R(t)=0.787  acc1=66.96%  acc2=61.61%  ens=64.28%  (best 66.28 @ ep 10)  [6.7s]
  ep  16: R(t)=0.787  acc1=66.58%  acc2=66.70%  ens=66.64%  (best 66.64 @ ep 16)  [6.4s]
  ep  17: R(t)=0.787  acc1=63.59%  acc2=65.32%  ens=64.45%  (best 66.64 @ ep 16)  [6.6s]
  ep  18: R(t)=0.787  acc1=66.55%  acc2=62.84%  ens=64.69%  (best 66.64 @ ep 16)  [6.9s]
  ep  19: R(t)=0.787  acc1=64.53%  acc2=62.03%  ens=63.28%  (best 66.64 @ ep 16)  [6.4s]
  ep  20: R(t)=0.787  acc1=58.44%  acc2=63.03%  ens=60.74%  (best 66.64 @ ep 16)  [9.8s]  [sel1+2: prec=0.863, recall_clean=0.911]
  ep  21: R(t)=0.787  acc1=66.47%  acc2=59.17%  ens=62.82%  (best 66.64 @ ep 16)  [6.3s]
  ep  22: R(t)=0.787  acc1=67.86%  acc2=71.46%  ens=69.66%  (best 69.66 @ ep 22)  [6.9s]
  ep  23: R(t)=0.787  acc1=68.38%  acc2=65.41%  ens=66.89%  (best 69.66 @ ep 22)  [18.6s]
  ep  24: R(t)=0.787  acc1=66.27%  acc2=69.17%  ens=67.72%  (best 69.66 @ ep 22)  [17.7s]
  ep  25: R(t)=0.787  acc1=71.19%  acc2=69.78%  ens=70.48%  (best 70.48 @ ep 25)  [18.2s]
  ep  26: R(t)=0.787  acc1=70.56%  acc2=70.60%  ens=70.58%  (best 70.58 @ ep 26)  [19.2s]
  ep  27: R(t)=0.787  acc1=69.41%  acc2=72.14%  ens=70.78%  (best 70.78 @ ep 27)  [19.2s]
  ep  28: R(t)=0.787  acc1=68.50%  acc2=70.01%  ens=69.25%  (best 70.78 @ ep 27)  [16.6s]
  ep  29: R(t)=0.787  acc1=69.50%  acc2=69.87%  ens=69.69%  (best 70.78 @ ep 27)  [6.3s]
  ep  30: R(t)=0.787  acc1=70.91%  acc2=70.06%  ens=70.48%  (best 70.78 @ ep 27)  [9.8s]  [sel1+2: prec=0.869, recall_clean=0.919]
  ep  31: R(t)=0.787  acc1=70.40%  acc2=66.61%  ens=68.50%  (best 70.78 @ ep 27)  [6.4s]
  ep  32: R(t)=0.787  acc1=62.35%  acc2=64.73%  ens=63.54%  (best 70.78 @ ep 27)  [6.3s]
  ep  33: R(t)=0.787  acc1=70.30%  acc2=71.47%  ens=70.88%  (best 70.88 @ ep 33)  [6.5s]
  ep  34: R(t)=0.787  acc1=69.47%  acc2=70.03%  ens=69.75%  (best 70.88 @ ep 33)  [6.5s]
  ep  35: R(t)=0.787  acc1=60.36%  acc2=73.87%  ens=67.12%  (best 70.88 @ ep 33)  [6.4s]
  ep  36: R(t)=0.787  acc1=72.49%  acc2=67.97%  ens=70.23%  (best 70.88 @ ep 33)  [6.4s]
  ep  37: R(t)=0.787  acc1=70.68%  acc2=70.29%  ens=70.48%  (best 70.88 @ ep 33)  [6.6s]
  ep  38: R(t)=0.787  acc1=71.03%  acc2=67.48%  ens=69.25%  (best 70.88 @ ep 33)  [16.3s]
  ep  39: R(t)=0.787  acc1=71.93%  acc2=72.96%  ens=72.45%  (best 72.45 @ ep 39)  [18.1s]
  ep  40: R(t)=0.787  acc1=75.17%  acc2=70.16%  ens=72.67%  (best 72.67 @ ep 40)  [18.4s]
  ep  41: R(t)=0.787  acc1=73.24%  acc2=69.49%  ens=71.36%  (best 72.67 @ ep 40)  [19.4s]
  ep  42: R(t)=0.787  acc1=71.37%  acc2=74.15%  ens=72.76%  (best 72.76 @ ep 42)  [16.7s]
  ep  43: R(t)=0.787  acc1=71.91%  acc2=71.61%  ens=71.76%  (best 72.76 @ ep 42)  [17.6s]
  ep  44: R(t)=0.787  acc1=73.11%  acc2=72.35%  ens=72.73%  (best 72.76 @ ep 42)  [19.5s]
  ep  45: R(t)=0.787  acc1=74.87%  acc2=74.94%  ens=74.91%  (best 74.91 @ ep 45)  [16.9s]
  ep  46: R(t)=0.787  acc1=72.82%  acc2=69.96%  ens=71.39%  (best 74.91 @ ep 45)  [16.9s]
  ep  47: R(t)=0.787  acc1=75.78%  acc2=74.28%  ens=75.03%  (best 75.03 @ ep 47)  [17.4s]
  ep  48: R(t)=0.787  acc1=72.62%  acc2=70.21%  ens=71.41%  (best 75.03 @ ep 47)  [18.1s]
  ep  49: R(t)=0.787  acc1=69.39%  acc2=68.51%  ens=68.95%  (best 75.03 @ ep 47)  [17.3s]
  ep  50: R(t)=0.787  acc1=73.42%  acc2=74.49%  ens=73.95%  (best 75.03 @ ep 47)  [25.3s]  [sel1+2: prec=0.880, recall_clean=0.925]
  ep  51: R(t)=0.787  acc1=75.87%  acc2=75.37%  ens=75.62%  (best 75.62 @ ep 51)  [16.6s]
  ep  52: R(t)=0.787  acc1=73.23%  acc2=69.52%  ens=71.38%  (best 75.62 @ ep 51)  [16.9s]
  ep  53: R(t)=0.787  acc1=75.67%  acc2=74.75%  ens=75.21%  (best 75.62 @ ep 51)  [17.1s]
  ep  54: R(t)=0.787  acc1=77.49%  acc2=76.41%  ens=76.95%  (best 76.95 @ ep 54)  [11.4s]
  ep  55: R(t)=0.787  acc1=75.40%  acc2=74.95%  ens=75.17%  (best 76.95 @ ep 54)  [6.7s]
  ep  56: R(t)=0.787  acc1=76.88%  acc2=77.02%  ens=76.95%  (best 76.95 @ ep 54)  [6.8s]
  ep  57: R(t)=0.787  acc1=75.90%  acc2=70.38%  ens=73.14%  (best 76.95 @ ep 54)  [6.3s]
  ep  58: R(t)=0.787  acc1=75.98%  acc2=77.26%  ens=76.62%  (best 76.95 @ ep 54)  [6.4s]
  ep  59: R(t)=0.787  acc1=77.76%  acc2=75.44%  ens=76.60%  (best 76.95 @ ep 54)  [6.2s]
  ep  60: R(t)=0.787  acc1=77.68%  acc2=77.33%  ens=77.50%  (best 77.50 @ ep 60)  [6.7s]
  ep  61: R(t)=0.787  acc1=74.28%  acc2=78.01%  ens=76.14%  (best 77.50 @ ep 60)  [6.6s]
  ep  62: R(t)=0.787  acc1=78.77%  acc2=77.05%  ens=77.91%  (best 77.91 @ ep 62)  [6.8s]
  ep  63: R(t)=0.787  acc1=76.06%  acc2=72.14%  ens=74.10%  (best 77.91 @ ep 62)  [7.3s]
  ep  64: R(t)=0.787  acc1=76.36%  acc2=76.36%  ens=76.36%  (best 77.91 @ ep 62)  [16.7s]
  ep  65: R(t)=0.787  acc1=78.79%  acc2=77.96%  ens=78.38%  (best 78.38 @ ep 65)  [16.4s]
  ep  66: R(t)=0.787  acc1=74.92%  acc2=76.30%  ens=75.61%  (best 78.38 @ ep 65)  [18.3s]
  ep  67: R(t)=0.787  acc1=77.89%  acc2=77.62%  ens=77.75%  (best 78.38 @ ep 65)  [19.3s]
  ep  68: R(t)=0.787  acc1=78.04%  acc2=79.00%  ens=78.52%  (best 78.52 @ ep 68)  [17.3s]
  ep  69: R(t)=0.787  acc1=77.51%  acc2=78.44%  ens=77.97%  (best 78.52 @ ep 68)  [16.6s]
  ep  70: R(t)=0.787  acc1=76.91%  acc2=74.93%  ens=75.92%  (best 78.52 @ ep 68)  [17.1s]
  ep  71: R(t)=0.787  acc1=81.11%  acc2=78.54%  ens=79.83%  (best 79.83 @ ep 71)  [18.1s]
  ep  72: R(t)=0.787  acc1=77.85%  acc2=78.00%  ens=77.92%  (best 79.83 @ ep 71)  [17.4s]
  ep  73: R(t)=0.787  acc1=79.30%  acc2=79.20%  ens=79.25%  (best 79.83 @ ep 71)  [19.7s]
  ep  74: R(t)=0.787  acc1=79.58%  acc2=79.28%  ens=79.43%  (best 79.83 @ ep 71)  [16.8s]
  ep  75: R(t)=0.787  acc1=79.06%  acc2=79.88%  ens=79.47%  (best 79.83 @ ep 71)  [17.4s]  [sel1+2: prec=0.892, recall_clean=0.928]
  ep  76: R(t)=0.787  acc1=80.50%  acc2=80.09%  ens=80.30%  (best 80.30 @ ep 76)  [6.1s]
  ep  77: R(t)=0.787  acc1=78.79%  acc2=78.33%  ens=78.56%  (best 80.30 @ ep 76)  [6.4s]
  ep  78: R(t)=0.787  acc1=80.85%  acc2=79.90%  ens=80.38%  (best 80.38 @ ep 78)  [6.7s]
  ep  79: R(t)=0.787  acc1=80.44%  acc2=81.16%  ens=80.80%  (best 80.80 @ ep 79)  [6.2s]
  ep  80: R(t)=0.787  acc1=80.33%  acc2=80.77%  ens=80.55%  (best 80.80 @ ep 79)  [6.5s]
  ep  81: R(t)=0.787  acc1=80.80%  acc2=80.57%  ens=80.69%  (best 80.80 @ ep 79)  [6.6s]
  ep  82: R(t)=0.787  acc1=80.49%  acc2=81.31%  ens=80.90%  (best 80.90 @ ep 82)  [6.7s]
  ep  83: R(t)=0.787  acc1=80.44%  acc2=81.69%  ens=81.06%  (best 81.06 @ ep 83)  [6.1s]
  ep  84: R(t)=0.787  acc1=80.59%  acc2=81.63%  ens=81.11%  (best 81.11 @ ep 84)  [7.4s]
  ep  85: R(t)=0.787  acc1=81.42%  acc2=81.24%  ens=81.33%  (best 81.33 @ ep 85)  [17.7s]
  ep  86: R(t)=0.787  acc1=81.17%  acc2=80.97%  ens=81.07%  (best 81.33 @ ep 85)  [19.5s]
  ep  87: R(t)=0.787  acc1=81.15%  acc2=81.30%  ens=81.22%  (best 81.33 @ ep 85)  [17.6s]
  ep  88: R(t)=0.787  acc1=81.52%  acc2=81.77%  ens=81.64%  (best 81.64 @ ep 88)  [16.9s]
  ep  89: R(t)=0.787  acc1=80.61%  acc2=81.00%  ens=80.81%  (best 81.64 @ ep 88)  [18.8s]
  ep  90: R(t)=0.787  acc1=81.28%  acc2=81.72%  ens=81.50%  (best 81.64 @ ep 88)  [9.2s]
  ep  91: R(t)=0.787  acc1=81.42%  acc2=81.86%  ens=81.64%  (best 81.64 @ ep 88)  [6.5s]
  ep  92: R(t)=0.787  acc1=81.96%  acc2=82.05%  ens=82.00%  (best 82.00 @ ep 92)  [6.4s]
  ep  93: R(t)=0.787  acc1=81.53%  acc2=81.84%  ens=81.69%  (best 82.00 @ ep 92)  [6.5s]
  ep  94: R(t)=0.787  acc1=81.48%  acc2=81.67%  ens=81.58%  (best 82.00 @ ep 92)  [6.2s]
  ep  95: R(t)=0.787  acc1=81.31%  acc2=81.86%  ens=81.58%  (best 82.00 @ ep 92)  [6.2s]
  ep  96: R(t)=0.787  acc1=81.33%  acc2=81.80%  ens=81.56%  (best 82.00 @ ep 92)  [6.6s]
  ep  97: R(t)=0.787  acc1=81.29%  acc2=81.67%  ens=81.48%  (best 82.00 @ ep 92)  [6.4s]
  ep  98: R(t)=0.787  acc1=81.15%  acc2=81.84%  ens=81.50%  (best 82.00 @ ep 92)  [6.3s]
  ep  99: R(t)=0.787  acc1=81.41%  acc2=81.81%  ens=81.61%  (best 82.00 @ ep 92)  [12.6s]  [sel1+2: prec=0.898, recall_clean=0.925]

saved /path/to/ciln-workspace/journal_edition/robustness_transfer/results_v4/coteaching/ours_v2_noisy__gaussian_noise_sev1__seed2.json: best ens-acc 82.00% @ ep 92
