condition=ours_v2_noisy__glass_blur_sev3 seed=0 gpu=2
/path/to/ciln-workspace/venv/lib/python3.12/site-packages/torchvision/datasets/cifar.py:83: VisibleDeprecationWarning: dtype(): align should be passed as Python or NumPy boolean but got `align=0`. Did you mean to pass a tuple to create a subarray type? (Deprecated NumPy 2.4)
  entry = pickle.load(f, encoding="latin1")
image_source=noisy  N=22500  noise_rate=64.68%
  ep   0: R(t)=1.000  acc1=13.81%  acc2=10.50%  ens=12.15%  (best 12.15 @ ep 0)  [7.6s]
  ep   1: R(t)=0.795  acc1=21.14%  acc2=21.21%  ens=21.18%  (best 21.18 @ ep 1)  [6.4s]
  ep   2: R(t)=0.711  acc1=20.77%  acc2=21.63%  ens=21.20%  (best 21.20 @ ep 2)  [6.5s]
  ep   3: R(t)=0.646  acc1=16.67%  acc2=16.05%  ens=16.36%  (best 21.20 @ ep 2)  [6.7s]
  ep   4: R(t)=0.591  acc1=20.52%  acc2=17.65%  ens=19.09%  (best 21.20 @ ep 2)  [6.4s]
  ep   5: R(t)=0.543  acc1=19.19%  acc2=19.25%  ens=19.22%  (best 21.20 @ ep 2)  [10.3s]  [sel1+2: prec=0.308, recall_clean=0.483]
  ep   6: R(t)=0.499  acc1=17.95%  acc2=18.96%  ens=18.45%  (best 21.20 @ ep 2)  [17.2s]
  ep   7: R(t)=0.459  acc1=17.07%  acc2=17.99%  ens=17.53%  (best 21.20 @ ep 2)  [16.1s]
  ep   8: R(t)=0.422  acc1=17.87%  acc2=19.21%  ens=18.54%  (best 21.20 @ ep 2)  [17.3s]
  ep   9: R(t)=0.386  acc1=17.72%  acc2=17.16%  ens=17.44%  (best 21.20 @ ep 2)  [12.3s]
  ep  10: R(t)=0.353  acc1=17.25%  acc2=17.48%  ens=17.36%  (best 21.20 @ ep 2)  [9.6s]  [sel1+2: prec=0.250, recall_clean=0.254]
  ep  11: R(t)=0.353  acc1=16.47%  acc2=16.85%  ens=16.66%  (best 21.20 @ ep 2)  [6.4s]
  ep  12: R(t)=0.353  acc1=15.03%  acc2=15.88%  ens=15.46%  (best 21.20 @ ep 2)  [6.6s]
  ep  13: R(t)=0.353  acc1=13.07%  acc2=18.33%  ens=15.70%  (best 21.20 @ ep 2)  [6.3s]
  ep  14: R(t)=0.353  acc1=13.32%  acc2=15.75%  ens=14.54%  (best 21.20 @ ep 2)  [6.5s]
  ep  15: R(t)=0.353  acc1=19.05%  acc2=18.40%  ens=18.73%  (best 21.20 @ ep 2)  [6.6s]
  ep  16: R(t)=0.353  acc1=16.38%  acc2=16.18%  ens=16.28%  (best 21.20 @ ep 2)  [6.4s]
  ep  17: R(t)=0.353  acc1=15.64%  acc2=13.47%  ens=14.56%  (best 21.20 @ ep 2)  [6.7s]
  ep  18: R(t)=0.353  acc1=18.73%  acc2=16.35%  ens=17.54%  (best 21.20 @ ep 2)  [9.0s]
  ep  19: R(t)=0.353  acc1=14.25%  acc2=13.64%  ens=13.94%  (best 21.20 @ ep 2)  [16.7s]
  ep  20: R(t)=0.353  acc1=13.60%  acc2=14.88%  ens=14.24%  (best 21.20 @ ep 2)  [22.7s]  [sel1+2: prec=0.232, recall_clean=0.234]
  ep  21: R(t)=0.353  acc1=13.82%  acc2=13.05%  ens=13.44%  (best 21.20 @ ep 2)  [17.0s]
  ep  22: R(t)=0.353  acc1=14.00%  acc2=12.72%  ens=13.36%  (best 21.20 @ ep 2)  [16.0s]
  ep  23: R(t)=0.353  acc1=13.56%  acc2=13.45%  ens=13.51%  (best 21.20 @ ep 2)  [17.9s]
  ep  24: R(t)=0.353  acc1=14.39%  acc2=15.26%  ens=14.82%  (best 21.20 @ ep 2)  [16.4s]
  ep  25: R(t)=0.353  acc1=16.48%  acc2=16.76%  ens=16.62%  (best 21.20 @ ep 2)  [18.6s]
  ep  26: R(t)=0.353  acc1=15.57%  acc2=15.56%  ens=15.57%  (best 21.20 @ ep 2)  [17.4s]
  ep  27: R(t)=0.353  acc1=13.79%  acc2=13.52%  ens=13.66%  (best 21.20 @ ep 2)  [16.6s]
  ep  28: R(t)=0.353  acc1=13.51%  acc2=14.02%  ens=13.76%  (best 21.20 @ ep 2)  [17.8s]
  ep  29: R(t)=0.353  acc1=15.07%  acc2=13.52%  ens=14.29%  (best 21.20 @ ep 2)  [18.1s]
  ep  30: R(t)=0.353  acc1=14.67%  acc2=14.46%  ens=14.56%  (best 21.20 @ ep 2)  [23.7s]  [sel1+2: prec=0.237, recall_clean=0.240]
  ep  31: R(t)=0.353  acc1=13.78%  acc2=13.64%  ens=13.71%  (best 21.20 @ ep 2)  [17.1s]
  ep  32: R(t)=0.353  acc1=14.39%  acc2=14.47%  ens=14.43%  (best 21.20 @ ep 2)  [16.5s]
  ep  33: R(t)=0.353  acc1=12.48%  acc2=14.93%  ens=13.71%  (best 21.20 @ ep 2)  [17.8s]
  ep  34: R(t)=0.353  acc1=13.59%  acc2=13.28%  ens=13.44%  (best 21.20 @ ep 2)  [17.4s]
  ep  35: R(t)=0.353  acc1=14.68%  acc2=14.58%  ens=14.63%  (best 21.20 @ ep 2)  [16.6s]
  ep  36: R(t)=0.353  acc1=12.71%  acc2=12.95%  ens=12.83%  (best 21.20 @ ep 2)  [17.0s]
  ep  37: R(t)=0.353  acc1=14.19%  acc2=15.11%  ens=14.65%  (best 21.20 @ ep 2)  [16.7s]
  ep  38: R(t)=0.353  acc1=14.79%  acc2=14.13%  ens=14.46%  (best 21.20 @ ep 2)  [18.1s]
  ep  39: R(t)=0.353  acc1=15.34%  acc2=15.44%  ens=15.39%  (best 21.20 @ ep 2)  [18.0s]
  ep  40: R(t)=0.353  acc1=16.82%  acc2=17.19%  ens=17.00%  (best 21.20 @ ep 2)  [16.8s]
  ep  41: R(t)=0.353  acc1=13.49%  acc2=13.57%  ens=13.53%  (best 21.20 @ ep 2)  [15.8s]
  ep  42: R(t)=0.353  acc1=16.47%  acc2=16.86%  ens=16.67%  (best 21.20 @ ep 2)  [16.6s]
  ep  43: R(t)=0.353  acc1=13.52%  acc2=13.38%  ens=13.45%  (best 21.20 @ ep 2)  [16.6s]
  ep  44: R(t)=0.353  acc1=14.56%  acc2=14.04%  ens=14.30%  (best 21.20 @ ep 2)  [16.9s]
  ep  45: R(t)=0.353  acc1=15.33%  acc2=15.56%  ens=15.44%  (best 21.20 @ ep 2)  [16.8s]
  ep  46: R(t)=0.353  acc1=15.95%  acc2=16.78%  ens=16.37%  (best 21.20 @ ep 2)  [16.7s]
  ep  47: R(t)=0.353  acc1=13.58%  acc2=13.50%  ens=13.54%  (best 21.20 @ ep 2)  [17.1s]
  ep  48: R(t)=0.353  acc1=14.31%  acc2=14.51%  ens=14.41%  (best 21.20 @ ep 2)  [19.6s]
  ep  49: R(t)=0.353  acc1=15.39%  acc2=15.64%  ens=15.52%  (best 21.20 @ ep 2)  [17.9s]
  ep  50: R(t)=0.353  acc1=14.95%  acc2=15.04%  ens=14.99%  (best 21.20 @ ep 2)  [9.7s]  [sel1+2: prec=0.244, recall_clean=0.243]
  ep  51: R(t)=0.353  acc1=15.12%  acc2=15.11%  ens=15.12%  (best 21.20 @ ep 2)  [6.3s]
  ep  52: R(t)=0.353  acc1=15.07%  acc2=15.27%  ens=15.17%  (best 21.20 @ ep 2)  [6.4s]
  ep  53: R(t)=0.353  acc1=14.82%  acc2=15.78%  ens=15.30%  (best 21.20 @ ep 2)  [6.2s]
  ep  54: R(t)=0.353  acc1=16.41%  acc2=15.92%  ens=16.17%  (best 21.20 @ ep 2)  [6.2s]
  ep  55: R(t)=0.353  acc1=15.39%  acc2=15.62%  ens=15.51%  (best 21.20 @ ep 2)  [6.4s]
  ep  56: R(t)=0.353  acc1=15.82%  acc2=16.19%  ens=16.00%  (best 21.20 @ ep 2)  [6.4s]
  ep  57: R(t)=0.353  acc1=14.96%  acc2=15.13%  ens=15.04%  (best 21.20 @ ep 2)  [6.4s]
  ep  58: R(t)=0.353  acc1=15.98%  acc2=15.81%  ens=15.89%  (best 21.20 @ ep 2)  [6.3s]
  ep  59: R(t)=0.353  acc1=15.50%  acc2=15.36%  ens=15.43%  (best 21.20 @ ep 2)  [15.4s]
  ep  60: R(t)=0.353  acc1=15.94%  acc2=16.04%  ens=15.99%  (best 21.20 @ ep 2)  [17.2s]
  ep  61: R(t)=0.353  acc1=15.54%  acc2=15.56%  ens=15.55%  (best 21.20 @ ep 2)  [16.1s]
  ep  62: R(t)=0.353  acc1=15.50%  acc2=15.49%  ens=15.50%  (best 21.20 @ ep 2)  [16.6s]
  ep  63: R(t)=0.353  acc1=15.24%  acc2=15.10%  ens=15.17%  (best 21.20 @ ep 2)  [16.0s]
  ep  64: R(t)=0.353  acc1=15.44%  acc2=15.44%  ens=15.44%  (best 21.20 @ ep 2)  [16.5s]
  ep  65: R(t)=0.353  acc1=15.46%  acc2=15.02%  ens=15.24%  (best 21.20 @ ep 2)  [6.7s]
  ep  66: R(t)=0.353  acc1=16.53%  acc2=16.06%  ens=16.29%  (best 21.20 @ ep 2)  [6.7s]
  ep  67: R(t)=0.353  acc1=13.97%  acc2=13.90%  ens=13.94%  (best 21.20 @ ep 2)  [6.6s]
  ep  68: R(t)=0.353  acc1=13.90%  acc2=13.89%  ens=13.90%  (best 21.20 @ ep 2)  [6.6s]
  ep  69: R(t)=0.353  acc1=14.64%  acc2=14.51%  ens=14.57%  (best 21.20 @ ep 2)  [6.5s]
  ep  70: R(t)=0.353  acc1=14.61%  acc2=14.45%  ens=14.53%  (best 21.20 @ ep 2)  [6.3s]
  ep  71: R(t)=0.353  acc1=15.18%  acc2=15.17%  ens=15.17%  (best 21.20 @ ep 2)  [6.4s]
  ep  72: R(t)=0.353  acc1=15.28%  acc2=15.38%  ens=15.33%  (best 21.20 @ ep 2)  [6.6s]
  ep  73: R(t)=0.353  acc1=15.16%  acc2=15.14%  ens=15.15%  (best 21.20 @ ep 2)  [6.4s]
  ep  74: R(t)=0.353  acc1=14.61%  acc2=14.59%  ens=14.60%  (best 21.20 @ ep 2)  [8.7s]
  ep  75: R(t)=0.353  acc1=14.24%  acc2=14.11%  ens=14.17%  (best 21.20 @ ep 2)  [24.7s]  [sel1+2: prec=0.247, recall_clean=0.246]
  ep  76: R(t)=0.353  acc1=15.18%  acc2=15.19%  ens=15.18%  (best 21.20 @ ep 2)  [19.4s]
  ep  77: R(t)=0.353  acc1=14.55%  acc2=14.47%  ens=14.51%  (best 21.20 @ ep 2)  [17.5s]
  ep  78: R(t)=0.353  acc1=14.66%  acc2=14.90%  ens=14.78%  (best 21.20 @ ep 2)  [16.8s]
  ep  79: R(t)=0.353  acc1=14.26%  acc2=14.26%  ens=14.26%  (best 21.20 @ ep 2)  [18.0s]
  ep  80: R(t)=0.353  acc1=15.01%  acc2=14.98%  ens=14.99%  (best 21.20 @ ep 2)  [18.8s]
  ep  81: R(t)=0.353  acc1=15.46%  acc2=15.39%  ens=15.43%  (best 21.20 @ ep 2)  [17.9s]
  ep  82: R(t)=0.353  acc1=15.06%  acc2=15.11%  ens=15.09%  (best 21.20 @ ep 2)  [18.8s]
  ep  83: R(t)=0.353  acc1=15.28%  acc2=15.35%  ens=15.32%  (best 21.20 @ ep 2)  [18.8s]
  ep  84: R(t)=0.353  acc1=15.37%  acc2=15.42%  ens=15.39%  (best 21.20 @ ep 2)  [15.7s]
  ep  85: R(t)=0.353  acc1=15.04%  acc2=15.04%  ens=15.04%  (best 21.20 @ ep 2)  [6.6s]
  ep  86: R(t)=0.353  acc1=15.23%  acc2=15.20%  ens=15.21%  (best 21.20 @ ep 2)  [6.7s]
  ep  87: R(t)=0.353  acc1=15.01%  acc2=15.04%  ens=15.02%  (best 21.20 @ ep 2)  [6.5s]
  ep  88: R(t)=0.353  acc1=15.39%  acc2=15.45%  ens=15.42%  (best 21.20 @ ep 2)  [6.5s]
  ep  89: R(t)=0.353  acc1=15.30%  acc2=15.35%  ens=15.32%  (best 21.20 @ ep 2)  [6.5s]
  ep  90: R(t)=0.353  acc1=15.22%  acc2=15.15%  ens=15.18%  (best 21.20 @ ep 2)  [6.7s]
  ep  91: R(t)=0.353  acc1=15.15%  acc2=15.24%  ens=15.20%  (best 21.20 @ ep 2)  [6.1s]
  ep  92: R(t)=0.353  acc1=15.39%  acc2=15.39%  ens=15.39%  (best 21.20 @ ep 2)  [6.5s]
  ep  93: R(t)=0.353  acc1=15.41%  acc2=15.44%  ens=15.43%  (best 21.20 @ ep 2)  [6.9s]
  ep  94: R(t)=0.353  acc1=15.17%  acc2=15.20%  ens=15.18%  (best 21.20 @ ep 2)  [18.4s]
  ep  95: R(t)=0.353  acc1=15.19%  acc2=15.24%  ens=15.21%  (best 21.20 @ ep 2)  [18.2s]
  ep  96: R(t)=0.353  acc1=15.18%  acc2=15.24%  ens=15.21%  (best 21.20 @ ep 2)  [19.9s]
  ep  97: R(t)=0.353  acc1=15.52%  acc2=15.53%  ens=15.53%  (best 21.20 @ ep 2)  [16.7s]
  ep  98: R(t)=0.353  acc1=15.42%  acc2=15.46%  ens=15.44%  (best 21.20 @ ep 2)  [6.6s]
  ep  99: R(t)=0.353  acc1=15.26%  acc2=15.31%  ens=15.29%  (best 21.20 @ ep 2)  [9.4s]  [sel1+2: prec=0.248, recall_clean=0.247]

saved /path/to/ciln-workspace/journal_edition/robustness_transfer/results_v4/coteaching/ours_v2_noisy__glass_blur_sev3__seed0.json: best ens-acc 21.20% @ ep 2
