condition=ours_v2_clean__frost_sev1 seed=1 gpu=1
/path/to/ciln-workspace/venv/lib/python3.12/site-packages/torchvision/datasets/cifar.py:83: VisibleDeprecationWarning: dtype(): align should be passed as Python or NumPy boolean but got `align=0`. Did you mean to pass a tuple to create a subarray type? (Deprecated NumPy 2.4)
  entry = pickle.load(f, encoding="latin1")
image_source=clean  N_train=22500  noise_rate=10.16%
  ep   0: acc1=37.10%  acc2=36.74%  ens=36.92%  (best 36.92 @ ep 0)  [8.3s]
  ep   1: acc1=51.12%  acc2=50.73%  ens=50.92%  (best 50.92 @ ep 1)  [7.4s]
  ep   2: acc1=56.77%  acc2=50.73%  ens=53.75%  (best 53.75 @ ep 2)  [7.4s]
  ep   3: acc1=57.95%  acc2=59.31%  ens=58.63%  (best 58.63 @ ep 3)  [10.6s]
  ep   4: acc1=65.51%  acc2=59.83%  ens=62.67%  (best 62.67 @ ep 4)  [27.4s]
  ep   5: acc1=67.33%  acc2=65.93%  ens=66.63%  (best 66.63 @ ep 5)  [33.6s]  [w on clean=0.807, on noisy=0.433]
  ep   6: acc1=67.61%  acc2=70.01%  ens=68.81%  (best 68.81 @ ep 6)  [25.7s]
  ep   7: acc1=72.02%  acc2=71.70%  ens=71.86%  (best 71.86 @ ep 7)  [25.2s]
  ep   8: acc1=71.36%  acc2=68.60%  ens=69.98%  (best 71.86 @ ep 7)  [20.8s]
  ep   9: acc1=72.01%  acc2=72.34%  ens=72.17%  (best 72.17 @ ep 9)  [7.6s]
  ep  10: acc1=47.56%  acc2=39.85%  ens=43.71%  (best 72.17 @ ep 9)  [43.8s]  [w on clean=0.617, on noisy=0.335]
  ep  11: acc1=43.35%  acc2=30.32%  ens=36.84%  (best 72.17 @ ep 9)  [97.6s]
  ep  12: acc1=29.19%  acc2=32.56%  ens=30.87%  (best 72.17 @ ep 9)  [32.4s]
  ep  13: acc1=32.10%  acc2=36.42%  ens=34.26%  (best 72.17 @ ep 9)  [44.3s]
  ep  14: acc1=33.90%  acc2=37.59%  ens=35.75%  (best 72.17 @ ep 9)  [35.8s]
  ep  15: acc1=29.67%  acc2=38.38%  ens=34.02%  (best 72.17 @ ep 9)  [127.5s]
  ep  16: acc1=38.59%  acc2=36.74%  ens=37.67%  (best 72.17 @ ep 9)  [35.8s]
  ep  17: acc1=36.51%  acc2=33.51%  ens=35.01%  (best 72.17 @ ep 9)  [164.6s]
  ep  18: acc1=40.68%  acc2=33.31%  ens=36.99%  (best 72.17 @ ep 9)  [35.9s]
  ep  19: acc1=33.69%  acc2=35.99%  ens=34.84%  (best 72.17 @ ep 9)  [82.9s]
  ep  20: acc1=36.33%  acc2=38.01%  ens=37.17%  (best 72.17 @ ep 9)  [48.3s]  [w on clean=0.717, on noisy=0.609]
  ep  21: acc1=33.68%  acc2=41.95%  ens=37.81%  (best 72.17 @ ep 9)  [87.8s]
  ep  22: acc1=40.50%  acc2=37.52%  ens=39.01%  (best 72.17 @ ep 9)  [47.7s]
  ep  23: acc1=39.95%  acc2=41.34%  ens=40.64%  (best 72.17 @ ep 9)  [45.5s]
  ep  24: acc1=39.61%  acc2=42.57%  ens=41.09%  (best 72.17 @ ep 9)  [100.4s]
  ep  25: acc1=41.87%  acc2=38.70%  ens=40.29%  (best 72.17 @ ep 9)  [35.1s]
  ep  26: acc1=42.50%  acc2=35.71%  ens=39.11%  (best 72.17 @ ep 9)  [44.0s]
  ep  27: acc1=36.69%  acc2=44.17%  ens=40.43%  (best 72.17 @ ep 9)  [35.9s]
  ep  28: acc1=38.81%  acc2=42.87%  ens=40.84%  (best 72.17 @ ep 9)  [114.7s]
  ep  29: acc1=43.49%  acc2=42.32%  ens=42.91%  (best 72.17 @ ep 9)  [35.1s]
  ep  30: acc1=41.19%  acc2=43.98%  ens=42.59%  (best 72.17 @ ep 9)  [84.2s]  [w on clean=0.717, on noisy=0.607]
  ep  31: acc1=41.92%  acc2=43.18%  ens=42.55%  (best 72.17 @ ep 9)  [35.6s]
  ep  32: acc1=45.77%  acc2=40.92%  ens=43.34%  (best 72.17 @ ep 9)  [59.5s]
  ep  33: acc1=38.95%  acc2=43.81%  ens=41.38%  (best 72.17 @ ep 9)  [48.8s]
  ep  34: acc1=44.74%  acc2=43.96%  ens=44.35%  (best 72.17 @ ep 9)  [123.1s]
  ep  35: acc1=42.04%  acc2=43.56%  ens=42.80%  (best 72.17 @ ep 9)  [40.5s]
  ep  36: acc1=41.89%  acc2=36.52%  ens=39.20%  (best 72.17 @ ep 9)  [39.1s]
  ep  37: acc1=43.32%  acc2=46.42%  ens=44.87%  (best 72.17 @ ep 9)  [107.2s]
  ep  38: acc1=41.64%  acc2=44.11%  ens=42.88%  (best 72.17 @ ep 9)  [36.7s]
  ep  39: acc1=45.50%  acc2=44.61%  ens=45.05%  (best 72.17 @ ep 9)  [113.7s]
  ep  40: acc1=45.69%  acc2=44.88%  ens=45.28%  (best 72.17 @ ep 9)  [107.7s]
  ep  41: acc1=44.47%  acc2=44.53%  ens=44.50%  (best 72.17 @ ep 9)  [36.4s]
  ep  42: acc1=41.78%  acc2=41.46%  ens=41.62%  (best 72.17 @ ep 9)  [40.5s]
  ep  43: acc1=44.96%  acc2=42.73%  ens=43.84%  (best 72.17 @ ep 9)  [85.9s]
  ep  44: acc1=41.09%  acc2=46.18%  ens=43.64%  (best 72.17 @ ep 9)  [36.0s]
  ep  45: acc1=45.10%  acc2=44.38%  ens=44.74%  (best 72.17 @ ep 9)  [36.6s]
  ep  46: acc1=40.78%  acc2=44.72%  ens=42.75%  (best 72.17 @ ep 9)  [36.2s]
  ep  47: acc1=46.68%  acc2=48.23%  ens=47.46%  (best 72.17 @ ep 9)  [66.8s]
  ep  48: acc1=47.80%  acc2=48.43%  ens=48.11%  (best 72.17 @ ep 9)  [35.5s]
  ep  49: acc1=48.85%  acc2=45.58%  ens=47.21%  (best 72.17 @ ep 9)  [44.5s]
  ep  50: acc1=44.96%  acc2=41.43%  ens=43.20%  (best 72.17 @ ep 9)  [48.5s]  [w on clean=0.717, on noisy=0.605]
  ep  51: acc1=48.34%  acc2=49.71%  ens=49.02%  (best 72.17 @ ep 9)  [79.5s]
  ep  52: acc1=47.71%  acc2=46.97%  ens=47.34%  (best 72.17 @ ep 9)  [39.6s]
  ep  53: acc1=45.47%  acc2=46.07%  ens=45.77%  (best 72.17 @ ep 9)  [36.7s]
  ep  54: acc1=46.11%  acc2=48.26%  ens=47.19%  (best 72.17 @ ep 9)  [57.4s]
  ep  55: acc1=50.50%  acc2=51.22%  ens=50.86%  (best 72.17 @ ep 9)  [36.2s]
  ep  56: acc1=45.27%  acc2=46.12%  ens=45.69%  (best 72.17 @ ep 9)  [103.3s]
  ep  57: acc1=48.00%  acc2=43.48%  ens=45.74%  (best 72.17 @ ep 9)  [36.0s]
  ep  58: acc1=46.29%  acc2=47.38%  ens=46.84%  (best 72.17 @ ep 9)  [149.7s]
  ep  59: acc1=45.69%  acc2=43.47%  ens=44.58%  (best 72.17 @ ep 9)  [35.4s]
  ep  60: acc1=47.29%  acc2=46.97%  ens=47.13%  (best 72.17 @ ep 9)  [53.0s]
  ep  61: acc1=48.53%  acc2=47.13%  ens=47.83%  (best 72.17 @ ep 9)  [36.4s]
  ep  62: acc1=47.77%  acc2=48.44%  ens=48.10%  (best 72.17 @ ep 9)  [79.3s]
  ep  63: acc1=50.14%  acc2=47.94%  ens=49.04%  (best 72.17 @ ep 9)  [36.4s]
  ep  64: acc1=48.49%  acc2=49.86%  ens=49.18%  (best 72.17 @ ep 9)  [42.4s]
  ep  65: acc1=49.46%  acc2=50.02%  ens=49.74%  (best 72.17 @ ep 9)  [65.9s]
  ep  66: acc1=49.77%  acc2=48.98%  ens=49.38%  (best 72.17 @ ep 9)  [38.9s]
  ep  67: acc1=48.05%  acc2=49.35%  ens=48.70%  (best 72.17 @ ep 9)  [35.6s]
  ep  68: acc1=49.66%  acc2=50.04%  ens=49.85%  (best 72.17 @ ep 9)  [37.0s]
  ep  69: acc1=50.32%  acc2=50.58%  ens=50.45%  (best 72.17 @ ep 9)  [50.4s]
  ep  70: acc1=50.82%  acc2=50.46%  ens=50.64%  (best 72.17 @ ep 9)  [35.8s]
  ep  71: acc1=50.98%  acc2=49.41%  ens=50.20%  (best 72.17 @ ep 9)  [48.1s]
  ep  72: acc1=49.71%  acc2=50.57%  ens=50.14%  (best 72.17 @ ep 9)  [35.5s]
  ep  73: acc1=49.92%  acc2=51.59%  ens=50.75%  (best 72.17 @ ep 9)  [53.8s]
  ep  74: acc1=49.95%  acc2=49.48%  ens=49.71%  (best 72.17 @ ep 9)  [38.5s]
  ep  75: acc1=51.36%  acc2=49.53%  ens=50.44%  (best 72.17 @ ep 9)  [154.1s]  [w on clean=0.718, on noisy=0.609]
  ep  76: acc1=49.65%  acc2=51.08%  ens=50.37%  (best 72.17 @ ep 9)  [34.8s]
  ep  77: acc1=50.15%  acc2=50.64%  ens=50.39%  (best 72.17 @ ep 9)  [64.8s]
  ep  78: acc1=51.57%  acc2=51.55%  ens=51.56%  (best 72.17 @ ep 9)  [62.7s]
  ep  79: acc1=50.84%  acc2=51.33%  ens=51.09%  (best 72.17 @ ep 9)  [39.7s]
  ep  80: acc1=50.08%  acc2=50.22%  ens=50.15%  (best 72.17 @ ep 9)  [41.1s]
  ep  81: acc1=49.48%  acc2=49.34%  ens=49.41%  (best 72.17 @ ep 9)  [35.9s]
  ep  82: acc1=49.71%  acc2=49.78%  ens=49.74%  (best 72.17 @ ep 9)  [106.8s]
  ep  83: acc1=50.22%  acc2=50.48%  ens=50.35%  (best 72.17 @ ep 9)  [35.1s]
  ep  84: acc1=50.45%  acc2=51.10%  ens=50.77%  (best 72.17 @ ep 9)  [64.5s]
  ep  85: acc1=51.21%  acc2=51.22%  ens=51.21%  (best 72.17 @ ep 9)  [36.9s]
  ep  86: acc1=50.78%  acc2=51.61%  ens=51.20%  (best 72.17 @ ep 9)  [38.1s]
  ep  87: acc1=51.52%  acc2=51.23%  ens=51.37%  (best 72.17 @ ep 9)  [49.4s]
  ep  88: acc1=51.93%  acc2=51.30%  ens=51.62%  (best 72.17 @ ep 9)  [36.6s]
  ep  89: acc1=51.46%  acc2=51.31%  ens=51.38%  (best 72.17 @ ep 9)  [58.7s]
  ep  90: acc1=51.28%  acc2=51.71%  ens=51.50%  (best 72.17 @ ep 9)  [36.3s]
  ep  91: acc1=51.33%  acc2=51.43%  ens=51.38%  (best 72.17 @ ep 9)  [164.3s]
  ep  92: acc1=51.48%  acc2=50.94%  ens=51.21%  (best 72.17 @ ep 9)  [35.4s]
  ep  93: acc1=51.18%  acc2=51.28%  ens=51.23%  (best 72.17 @ ep 9)  [43.7s]
  ep  94: acc1=51.27%  acc2=51.18%  ens=51.23%  (best 72.17 @ ep 9)  [37.6s]
  ep  95: acc1=50.92%  acc2=51.06%  ens=50.99%  (best 72.17 @ ep 9)  [59.2s]
  ep  96: acc1=51.21%  acc2=51.17%  ens=51.19%  (best 72.17 @ ep 9)  [36.1s]
  ep  97: acc1=51.49%  acc2=51.39%  ens=51.44%  (best 72.17 @ ep 9)  [60.2s]
  ep  98: acc1=51.20%  acc2=50.96%  ens=51.08%  (best 72.17 @ ep 9)  [44.2s]
  ep  99: acc1=51.30%  acc2=51.26%  ens=51.28%  (best 72.17 @ ep 9)  [41.6s]  [w on clean=0.717, on noisy=0.605]

saved /path/to/ciln-workspace/journal_edition/robustness_transfer/results_v4/dividemix/ours_v2_clean__frost_sev1__seed1.json: best ens-acc 72.17% @ ep 9
