condition=ours_v2_clean__gaussian_noise_sev3 seed=0 gpu=1
/path/to/ciln-workspace/venv/lib/python3.12/site-packages/torchvision/datasets/cifar.py:83: VisibleDeprecationWarning: dtype(): align should be passed as Python or NumPy boolean but got `align=0`. Did you mean to pass a tuple to create a subarray type? (Deprecated NumPy 2.4)
  entry = pickle.load(f, encoding="latin1")
image_source=clean  N=22500  noise_rate=48.86%
  ep   0: loss=1.8168  test_acc=20.78%  (best 20.78 @ ep 0)  [4.4s]
  ep   1: loss=1.6421  test_acc=22.40%  (best 22.40 @ ep 1)  [3.6s]
  ep   2: loss=1.5650  test_acc=25.50%  (best 25.50 @ ep 2)  [3.7s]
  ep   3: loss=1.5031  test_acc=24.45%  (best 25.50 @ ep 2)  [3.8s]
  ep   4: loss=1.4658  test_acc=25.40%  (best 25.50 @ ep 2)  [3.5s]
  ep   5: loss=1.4282  test_acc=32.67%  (best 32.67 @ ep 5)  [5.4s]  [logged per-sample loss: mean=1.450]
  ep   6: loss=1.4034  test_acc=35.19%  (best 35.19 @ ep 6)  [3.7s]
  ep   7: loss=1.3847  test_acc=38.63%  (best 38.63 @ ep 7)  [3.6s]
  ep   8: loss=1.3579  test_acc=39.86%  (best 39.86 @ ep 8)  [3.8s]
  ep   9: loss=1.3472  test_acc=42.10%  (best 42.10 @ ep 9)  [3.8s]
  ep  10: loss=1.3372  test_acc=41.34%  (best 42.10 @ ep 9)  [5.7s]  [logged per-sample loss: mean=1.381]
  ep  11: loss=1.3299  test_acc=30.06%  (best 42.10 @ ep 9)  [3.7s]
  ep  12: loss=1.3183  test_acc=43.38%  (best 43.38 @ ep 12)  [7.4s]
  ep  13: loss=1.3135  test_acc=47.50%  (best 47.50 @ ep 13)  [8.8s]
  ep  14: loss=1.3052  test_acc=45.34%  (best 47.50 @ ep 13)  [9.6s]
  ep  15: loss=1.2899  test_acc=53.54%  (best 53.54 @ ep 15)  [7.8s]
  ep  16: loss=1.2871  test_acc=42.25%  (best 53.54 @ ep 15)  [3.7s]
  ep  17: loss=1.2754  test_acc=46.27%  (best 53.54 @ ep 15)  [3.5s]
  ep  18: loss=1.2743  test_acc=52.80%  (best 53.54 @ ep 15)  [3.6s]
  ep  19: loss=1.2560  test_acc=46.77%  (best 53.54 @ ep 15)  [3.5s]
  ep  20: loss=1.2506  test_acc=40.08%  (best 53.54 @ ep 15)  [5.4s]  [logged per-sample loss: mean=1.267]
  ep  21: loss=1.2438  test_acc=42.79%  (best 53.54 @ ep 15)  [3.6s]
  ep  22: loss=1.2422  test_acc=49.88%  (best 53.54 @ ep 15)  [3.5s]
  ep  23: loss=1.2398  test_acc=47.29%  (best 53.54 @ ep 15)  [3.8s]
  ep  24: loss=1.2275  test_acc=43.47%  (best 53.54 @ ep 15)  [3.7s]
  ep  25: loss=1.2195  test_acc=44.13%  (best 53.54 @ ep 15)  [3.8s]
  ep  26: loss=1.2177  test_acc=50.83%  (best 53.54 @ ep 15)  [3.6s]
  ep  27: loss=1.2093  test_acc=49.62%  (best 53.54 @ ep 15)  [3.5s]
  ep  28: loss=1.2069  test_acc=48.97%  (best 53.54 @ ep 15)  [3.5s]
  ep  29: loss=1.2012  test_acc=50.60%  (best 53.54 @ ep 15)  [3.9s]
  ep  30: loss=1.1989  test_acc=45.15%  (best 53.54 @ ep 15)  [5.5s]  [logged per-sample loss: mean=1.252]
  ep  31: loss=1.1910  test_acc=54.07%  (best 54.07 @ ep 31)  [4.2s]
  ep  32: loss=1.1858  test_acc=51.26%  (best 54.07 @ ep 31)  [8.3s]
  ep  33: loss=1.1858  test_acc=53.78%  (best 54.07 @ ep 31)  [8.4s]
  ep  34: loss=1.1824  test_acc=49.70%  (best 54.07 @ ep 31)  [8.2s]
  ep  35: loss=1.1732  test_acc=49.15%  (best 54.07 @ ep 31)  [8.8s]
  ep  36: loss=1.1693  test_acc=55.82%  (best 55.82 @ ep 36)  [8.5s]
  ep  37: loss=1.1586  test_acc=43.69%  (best 55.82 @ ep 36)  [8.8s]
  ep  38: loss=1.1601  test_acc=48.26%  (best 55.82 @ ep 36)  [8.3s]
  ep  39: loss=1.1497  test_acc=47.65%  (best 55.82 @ ep 36)  [8.2s]
  ep  40: loss=1.1511  test_acc=57.68%  (best 57.68 @ ep 40)  [8.1s]
  ep  41: loss=1.1464  test_acc=43.72%  (best 57.68 @ ep 40)  [8.4s]
  ep  42: loss=1.1443  test_acc=43.49%  (best 57.68 @ ep 40)  [8.3s]
  ep  43: loss=1.1399  test_acc=52.75%  (best 57.68 @ ep 40)  [8.4s]
  ep  44: loss=1.1353  test_acc=56.59%  (best 57.68 @ ep 40)  [8.7s]
  ep  45: loss=1.1250  test_acc=41.70%  (best 57.68 @ ep 40)  [8.0s]
  ep  46: loss=1.1232  test_acc=50.40%  (best 57.68 @ ep 40)  [8.1s]
  ep  47: loss=1.1182  test_acc=47.63%  (best 57.68 @ ep 40)  [8.1s]
  ep  48: loss=1.1084  test_acc=57.60%  (best 57.68 @ ep 40)  [8.1s]
  ep  49: loss=1.1040  test_acc=51.98%  (best 57.68 @ ep 40)  [8.4s]
  ep  50: loss=1.0995  test_acc=49.26%  (best 57.68 @ ep 40)  [11.2s]  [logged per-sample loss: mean=1.134]
  ep  51: loss=1.0978  test_acc=55.69%  (best 57.68 @ ep 40)  [8.0s]
  ep  52: loss=1.0889  test_acc=57.97%  (best 57.97 @ ep 52)  [8.1s]
  ep  53: loss=1.0829  test_acc=46.23%  (best 57.97 @ ep 52)  [8.1s]
  ep  54: loss=1.0747  test_acc=54.84%  (best 57.97 @ ep 52)  [8.8s]
  ep  55: loss=1.0662  test_acc=56.55%  (best 57.97 @ ep 52)  [8.2s]
  ep  56: loss=1.0732  test_acc=52.35%  (best 57.97 @ ep 52)  [8.6s]
  ep  57: loss=1.0553  test_acc=59.78%  (best 59.78 @ ep 57)  [8.0s]
  ep  58: loss=1.0540  test_acc=55.80%  (best 59.78 @ ep 57)  [8.6s]
  ep  59: loss=1.0386  test_acc=53.07%  (best 59.78 @ ep 57)  [7.9s]
  ep  60: loss=1.0308  test_acc=54.11%  (best 59.78 @ ep 57)  [8.2s]
  ep  61: loss=1.0258  test_acc=57.96%  (best 59.78 @ ep 57)  [8.3s]
  ep  62: loss=1.0178  test_acc=51.18%  (best 59.78 @ ep 57)  [9.7s]
  ep  63: loss=1.0076  test_acc=57.95%  (best 59.78 @ ep 57)  [9.0s]
  ep  64: loss=1.0072  test_acc=50.39%  (best 59.78 @ ep 57)  [3.6s]
  ep  65: loss=0.9962  test_acc=50.62%  (best 59.78 @ ep 57)  [3.5s]
  ep  66: loss=0.9850  test_acc=58.19%  (best 59.78 @ ep 57)  [3.6s]
  ep  67: loss=0.9674  test_acc=52.26%  (best 59.78 @ ep 57)  [3.6s]
  ep  68: loss=0.9615  test_acc=55.42%  (best 59.78 @ ep 57)  [3.8s]
  ep  69: loss=0.9537  test_acc=54.68%  (best 59.78 @ ep 57)  [3.6s]
  ep  70: loss=0.9405  test_acc=53.56%  (best 59.78 @ ep 57)  [3.6s]
  ep  71: loss=0.9370  test_acc=52.00%  (best 59.78 @ ep 57)  [4.0s]
  ep  72: loss=0.9176  test_acc=47.21%  (best 59.78 @ ep 57)  [3.8s]
  ep  73: loss=0.9022  test_acc=49.26%  (best 59.78 @ ep 57)  [3.6s]
  ep  74: loss=0.8906  test_acc=42.67%  (best 59.78 @ ep 57)  [3.5s]
  ep  75: loss=0.8764  test_acc=55.10%  (best 59.78 @ ep 57)  [5.3s]  [logged per-sample loss: mean=0.853]
  ep  76: loss=0.8653  test_acc=53.17%  (best 59.78 @ ep 57)  [3.8s]
  ep  77: loss=0.8471  test_acc=49.83%  (best 59.78 @ ep 57)  [3.8s]
  ep  78: loss=0.8347  test_acc=48.53%  (best 59.78 @ ep 57)  [3.6s]
  ep  79: loss=0.8148  test_acc=56.39%  (best 59.78 @ ep 57)  [3.6s]
  ep  80: loss=0.8042  test_acc=53.96%  (best 59.78 @ ep 57)  [8.5s]
  ep  81: loss=0.7824  test_acc=53.88%  (best 59.78 @ ep 57)  [8.7s]
  ep  82: loss=0.7650  test_acc=50.24%  (best 59.78 @ ep 57)  [9.0s]
  ep  83: loss=0.7490  test_acc=52.15%  (best 59.78 @ ep 57)  [9.2s]
  ep  84: loss=0.7319  test_acc=54.80%  (best 59.78 @ ep 57)  [8.7s]
  ep  85: loss=0.7125  test_acc=49.60%  (best 59.78 @ ep 57)  [6.9s]
  ep  86: loss=0.6930  test_acc=56.03%  (best 59.78 @ ep 57)  [3.6s]
  ep  87: loss=0.6710  test_acc=51.25%  (best 59.78 @ ep 57)  [3.6s]
  ep  88: loss=0.6501  test_acc=51.77%  (best 59.78 @ ep 57)  [3.9s]
  ep  89: loss=0.6345  test_acc=52.23%  (best 59.78 @ ep 57)  [3.5s]
  ep  90: loss=0.6220  test_acc=51.59%  (best 59.78 @ ep 57)  [3.7s]
  ep  91: loss=0.6030  test_acc=49.92%  (best 59.78 @ ep 57)  [3.6s]
  ep  92: loss=0.5837  test_acc=50.96%  (best 59.78 @ ep 57)  [3.9s]
  ep  93: loss=0.5755  test_acc=51.89%  (best 59.78 @ ep 57)  [3.6s]
  ep  94: loss=0.5622  test_acc=51.33%  (best 59.78 @ ep 57)  [3.7s]
  ep  95: loss=0.5554  test_acc=50.14%  (best 59.78 @ ep 57)  [3.8s]
  ep  96: loss=0.5412  test_acc=50.04%  (best 59.78 @ ep 57)  [3.8s]
  ep  97: loss=0.5365  test_acc=50.71%  (best 59.78 @ ep 57)  [3.6s]
  ep  98: loss=0.5332  test_acc=50.69%  (best 59.78 @ ep 57)  [3.6s]
  ep  99: loss=0.5357  test_acc=51.34%  (best 59.78 @ ep 57)  [5.8s]  [logged per-sample loss: mean=0.480]

saved /path/to/ciln-workspace/journal_edition/robustness_transfer/results_v4/erm/ours_v2_clean__gaussian_noise_sev3__seed0.json: best 59.78% @ ep 57
