condition=ours_v2_clean__snow_sev3 seed=0 gpu=1
/path/to/ciln-workspace/venv/lib/python3.12/site-packages/torchvision/datasets/cifar.py:83: VisibleDeprecationWarning: dtype(): align should be passed as Python or NumPy boolean but got `align=0`. Did you mean to pass a tuple to create a subarray type? (Deprecated NumPy 2.4)
  entry = pickle.load(f, encoding="latin1")
image_source=clean  N=22500  noise_rate=19.37%
  ep   0: loss=1.8998  test_acc=34.97%  (best 34.97 @ ep 0)  [4.2s]
  ep   1: loss=1.6253  test_acc=39.08%  (best 39.08 @ ep 1)  [3.6s]
  ep   2: loss=1.4388  test_acc=49.30%  (best 49.30 @ ep 2)  [3.8s]
  ep   3: loss=1.2990  test_acc=56.55%  (best 56.55 @ ep 3)  [4.0s]
  ep   4: loss=1.2090  test_acc=54.13%  (best 56.55 @ ep 3)  [3.8s]
  ep   5: loss=1.1483  test_acc=64.08%  (best 64.08 @ ep 5)  [5.8s]  [logged per-sample loss: mean=1.097]
  ep   6: loss=1.0968  test_acc=63.77%  (best 64.08 @ ep 5)  [3.6s]
  ep   7: loss=1.0566  test_acc=64.05%  (best 64.08 @ ep 5)  [3.5s]
  ep   8: loss=1.0311  test_acc=56.41%  (best 64.08 @ ep 5)  [3.7s]
  ep   9: loss=0.9976  test_acc=65.60%  (best 65.60 @ ep 9)  [3.6s]
  ep  10: loss=0.9841  test_acc=72.04%  (best 72.04 @ ep 10)  [5.3s]  [logged per-sample loss: mean=0.948]
  ep  11: loss=0.9558  test_acc=69.86%  (best 72.04 @ ep 10)  [5.4s]
  ep  12: loss=0.9369  test_acc=54.47%  (best 72.04 @ ep 10)  [9.0s]
  ep  13: loss=0.9334  test_acc=70.30%  (best 72.04 @ ep 10)  [9.0s]
  ep  14: loss=0.9202  test_acc=62.90%  (best 72.04 @ ep 10)  [11.1s]
  ep  15: loss=0.9174  test_acc=72.12%  (best 72.12 @ ep 15)  [9.2s]
  ep  16: loss=0.8980  test_acc=67.06%  (best 72.12 @ ep 15)  [9.7s]
  ep  17: loss=0.8879  test_acc=72.05%  (best 72.12 @ ep 15)  [8.0s]
  ep  18: loss=0.8873  test_acc=68.75%  (best 72.12 @ ep 15)  [3.8s]
  ep  19: loss=0.8805  test_acc=73.73%  (best 73.73 @ ep 19)  [3.7s]
  ep  20: loss=0.8682  test_acc=69.19%  (best 73.73 @ ep 19)  [5.7s]  [logged per-sample loss: mean=0.964]
  ep  21: loss=0.8693  test_acc=69.29%  (best 73.73 @ ep 19)  [3.5s]
  ep  22: loss=0.8649  test_acc=66.10%  (best 73.73 @ ep 19)  [3.7s]
  ep  23: loss=0.8509  test_acc=71.92%  (best 73.73 @ ep 19)  [3.6s]
  ep  24: loss=0.8495  test_acc=67.22%  (best 73.73 @ ep 19)  [3.7s]
  ep  25: loss=0.8469  test_acc=73.33%  (best 73.73 @ ep 19)  [3.8s]
  ep  26: loss=0.8418  test_acc=71.85%  (best 73.73 @ ep 19)  [3.7s]
  ep  27: loss=0.8241  test_acc=70.10%  (best 73.73 @ ep 19)  [3.7s]
  ep  28: loss=0.8225  test_acc=62.38%  (best 73.73 @ ep 19)  [3.8s]
  ep  29: loss=0.8205  test_acc=72.33%  (best 73.73 @ ep 19)  [4.0s]
  ep  30: loss=0.8103  test_acc=74.93%  (best 74.93 @ ep 30)  [5.3s]  [logged per-sample loss: mean=0.838]
  ep  31: loss=0.8116  test_acc=73.10%  (best 74.93 @ ep 30)  [3.7s]
  ep  32: loss=0.8046  test_acc=74.73%  (best 74.93 @ ep 30)  [3.8s]
  ep  33: loss=0.7934  test_acc=72.98%  (best 74.93 @ ep 30)  [8.2s]
  ep  34: loss=0.7951  test_acc=73.74%  (best 74.93 @ ep 30)  [9.1s]
  ep  35: loss=0.7871  test_acc=72.91%  (best 74.93 @ ep 30)  [8.6s]
  ep  36: loss=0.7776  test_acc=73.96%  (best 74.93 @ ep 30)  [8.8s]
  ep  37: loss=0.7810  test_acc=75.04%  (best 75.04 @ ep 37)  [8.7s]
  ep  38: loss=0.7702  test_acc=73.97%  (best 75.04 @ ep 37)  [8.6s]
  ep  39: loss=0.7704  test_acc=71.79%  (best 75.04 @ ep 37)  [8.2s]
  ep  40: loss=0.7579  test_acc=73.33%  (best 75.04 @ ep 37)  [8.0s]
  ep  41: loss=0.7493  test_acc=75.17%  (best 75.17 @ ep 41)  [8.3s]
  ep  42: loss=0.7485  test_acc=75.37%  (best 75.37 @ ep 42)  [8.6s]
  ep  43: loss=0.7451  test_acc=76.17%  (best 76.17 @ ep 43)  [8.1s]
  ep  44: loss=0.7365  test_acc=75.27%  (best 76.17 @ ep 43)  [5.5s]
  ep  45: loss=0.7301  test_acc=76.50%  (best 76.50 @ ep 45)  [3.6s]
  ep  46: loss=0.7248  test_acc=77.41%  (best 77.41 @ ep 46)  [3.6s]
  ep  47: loss=0.7223  test_acc=75.25%  (best 77.41 @ ep 46)  [3.6s]
  ep  48: loss=0.7111  test_acc=75.50%  (best 77.41 @ ep 46)  [3.8s]
  ep  49: loss=0.7014  test_acc=76.12%  (best 77.41 @ ep 46)  [3.5s]
  ep  50: loss=0.6989  test_acc=74.38%  (best 77.41 @ ep 46)  [5.4s]  [logged per-sample loss: mean=0.782]
  ep  51: loss=0.6945  test_acc=74.43%  (best 77.41 @ ep 46)  [3.5s]
  ep  52: loss=0.6908  test_acc=75.70%  (best 77.41 @ ep 46)  [3.5s]
  ep  53: loss=0.6789  test_acc=77.44%  (best 77.44 @ ep 53)  [3.8s]
  ep  54: loss=0.6704  test_acc=75.76%  (best 77.44 @ ep 53)  [3.8s]
  ep  55: loss=0.6664  test_acc=73.18%  (best 77.44 @ ep 53)  [3.6s]
  ep  56: loss=0.6554  test_acc=73.21%  (best 77.44 @ ep 53)  [3.8s]
  ep  57: loss=0.6522  test_acc=72.85%  (best 77.44 @ ep 53)  [3.9s]
  ep  58: loss=0.6340  test_acc=77.29%  (best 77.44 @ ep 53)  [3.6s]
  ep  59: loss=0.6304  test_acc=73.61%  (best 77.44 @ ep 53)  [4.0s]
  ep  60: loss=0.6242  test_acc=76.80%  (best 77.44 @ ep 53)  [4.2s]
  ep  61: loss=0.6176  test_acc=76.82%  (best 77.44 @ ep 53)  [9.9s]
  ep  62: loss=0.6035  test_acc=78.35%  (best 78.35 @ ep 62)  [9.9s]
  ep  63: loss=0.5949  test_acc=78.66%  (best 78.66 @ ep 63)  [9.8s]
  ep  64: loss=0.5878  test_acc=75.70%  (best 78.66 @ ep 63)  [9.1s]
  ep  65: loss=0.5730  test_acc=77.37%  (best 78.66 @ ep 63)  [9.2s]
  ep  66: loss=0.5644  test_acc=77.89%  (best 78.66 @ ep 63)  [9.6s]
  ep  67: loss=0.5594  test_acc=77.46%  (best 78.66 @ ep 63)  [6.1s]
  ep  68: loss=0.5430  test_acc=78.80%  (best 78.80 @ ep 68)  [3.6s]
  ep  69: loss=0.5268  test_acc=78.05%  (best 78.80 @ ep 68)  [3.6s]
  ep  70: loss=0.5175  test_acc=76.99%  (best 78.80 @ ep 68)  [3.5s]
  ep  71: loss=0.5111  test_acc=78.07%  (best 78.80 @ ep 68)  [3.4s]
  ep  72: loss=0.4804  test_acc=77.74%  (best 78.80 @ ep 68)  [3.5s]
  ep  73: loss=0.4852  test_acc=77.98%  (best 78.80 @ ep 68)  [3.8s]
  ep  74: loss=0.4649  test_acc=78.16%  (best 78.80 @ ep 68)  [3.7s]
  ep  75: loss=0.4528  test_acc=77.09%  (best 78.80 @ ep 68)  [5.2s]  [logged per-sample loss: mean=0.418]
  ep  76: loss=0.4357  test_acc=78.19%  (best 78.80 @ ep 68)  [3.5s]
  ep  77: loss=0.4211  test_acc=77.52%  (best 78.80 @ ep 68)  [3.6s]
  ep  78: loss=0.4046  test_acc=77.83%  (best 78.80 @ ep 68)  [3.6s]
  ep  79: loss=0.3982  test_acc=76.21%  (best 78.80 @ ep 68)  [3.6s]
  ep  80: loss=0.3772  test_acc=77.24%  (best 78.80 @ ep 68)  [4.0s]
  ep  81: loss=0.3599  test_acc=77.76%  (best 78.80 @ ep 68)  [3.7s]
  ep  82: loss=0.3425  test_acc=77.55%  (best 78.80 @ ep 68)  [3.7s]
  ep  83: loss=0.3250  test_acc=78.38%  (best 78.80 @ ep 68)  [4.4s]
  ep  84: loss=0.3117  test_acc=77.95%  (best 78.80 @ ep 68)  [8.0s]
  ep  85: loss=0.2948  test_acc=77.98%  (best 78.80 @ ep 68)  [8.4s]
  ep  86: loss=0.2860  test_acc=78.19%  (best 78.80 @ ep 68)  [8.3s]
  ep  87: loss=0.2580  test_acc=78.34%  (best 78.80 @ ep 68)  [9.0s]
  ep  88: loss=0.2516  test_acc=77.59%  (best 78.80 @ ep 68)  [8.5s]
  ep  89: loss=0.2348  test_acc=77.81%  (best 78.80 @ ep 68)  [8.3s]
  ep  90: loss=0.2239  test_acc=78.34%  (best 78.80 @ ep 68)  [8.2s]
  ep  91: loss=0.2213  test_acc=77.94%  (best 78.80 @ ep 68)  [8.2s]
  ep  92: loss=0.2089  test_acc=78.17%  (best 78.80 @ ep 68)  [8.5s]
  ep  93: loss=0.1989  test_acc=78.35%  (best 78.80 @ ep 68)  [8.1s]
  ep  94: loss=0.1951  test_acc=77.89%  (best 78.80 @ ep 68)  [5.8s]
  ep  95: loss=0.1896  test_acc=78.20%  (best 78.80 @ ep 68)  [3.8s]
  ep  96: loss=0.1817  test_acc=78.32%  (best 78.80 @ ep 68)  [4.0s]
  ep  97: loss=0.1843  test_acc=78.16%  (best 78.80 @ ep 68)  [3.6s]
  ep  98: loss=0.1799  test_acc=78.20%  (best 78.80 @ ep 68)  [3.6s]
  ep  99: loss=0.1798  test_acc=78.11%  (best 78.80 @ ep 68)  [5.3s]  [logged per-sample loss: mean=0.142]

saved /path/to/ciln-workspace/journal_edition/robustness_transfer/results_v4/erm/ours_v2_clean__snow_sev3__seed0.json: best 78.80% @ ep 68
