condition=ours_v2_clean__snow_sev3 seed=2 gpu=1
/path/to/ciln-workspace/venv/lib/python3.12/site-packages/torchvision/datasets/cifar.py:83: VisibleDeprecationWarning: dtype(): align should be passed as Python or NumPy boolean but got `align=0`. Did you mean to pass a tuple to create a subarray type? (Deprecated NumPy 2.4)
  entry = pickle.load(f, encoding="latin1")
image_source=clean  N=22500  noise_rate=19.37%
  ep   0: loss=1.9165  test_acc=33.03%  (best 33.03 @ ep 0)  [4.8s]
  ep   1: loss=1.6240  test_acc=41.26%  (best 41.26 @ ep 1)  [3.4s]
  ep   2: loss=1.4481  test_acc=50.49%  (best 50.49 @ ep 2)  [3.7s]
  ep   3: loss=1.3055  test_acc=54.40%  (best 54.40 @ ep 3)  [3.9s]
  ep   4: loss=1.2189  test_acc=59.65%  (best 59.65 @ ep 4)  [3.5s]
  ep   5: loss=1.1454  test_acc=61.88%  (best 61.88 @ ep 5)  [5.3s]  [logged per-sample loss: mean=1.152]
  ep   6: loss=1.1060  test_acc=58.31%  (best 61.88 @ ep 5)  [3.7s]
  ep   7: loss=1.0548  test_acc=61.00%  (best 61.88 @ ep 5)  [3.8s]
  ep   8: loss=1.0206  test_acc=63.45%  (best 63.45 @ ep 8)  [3.8s]
  ep   9: loss=0.9861  test_acc=61.59%  (best 63.45 @ ep 8)  [3.6s]
  ep  10: loss=0.9755  test_acc=62.07%  (best 63.45 @ ep 8)  [5.5s]  [logged per-sample loss: mean=1.246]
  ep  11: loss=0.9519  test_acc=64.95%  (best 64.95 @ ep 11)  [6.0s]
  ep  12: loss=0.9447  test_acc=69.57%  (best 69.57 @ ep 12)  [8.6s]
  ep  13: loss=0.9211  test_acc=72.44%  (best 72.44 @ ep 13)  [9.2s]
  ep  14: loss=0.9120  test_acc=67.95%  (best 72.44 @ ep 13)  [8.6s]
  ep  15: loss=0.9004  test_acc=64.97%  (best 72.44 @ ep 13)  [9.1s]
  ep  16: loss=0.8980  test_acc=68.49%  (best 72.44 @ ep 13)  [3.7s]
  ep  17: loss=0.8894  test_acc=69.23%  (best 72.44 @ ep 13)  [3.7s]
  ep  18: loss=0.8748  test_acc=70.59%  (best 72.44 @ ep 13)  [3.5s]
  ep  19: loss=0.8659  test_acc=71.09%  (best 72.44 @ ep 13)  [3.7s]
  ep  20: loss=0.8584  test_acc=61.35%  (best 72.44 @ ep 13)  [5.4s]  [logged per-sample loss: mean=1.296]
  ep  21: loss=0.8585  test_acc=69.66%  (best 72.44 @ ep 13)  [4.0s]
  ep  22: loss=0.8440  test_acc=70.91%  (best 72.44 @ ep 13)  [3.7s]
  ep  23: loss=0.8427  test_acc=74.17%  (best 74.17 @ ep 23)  [3.6s]
  ep  24: loss=0.8383  test_acc=70.62%  (best 74.17 @ ep 23)  [3.5s]
  ep  25: loss=0.8256  test_acc=72.25%  (best 74.17 @ ep 23)  [3.7s]
  ep  26: loss=0.8234  test_acc=67.15%  (best 74.17 @ ep 23)  [3.8s]
  ep  27: loss=0.8189  test_acc=66.69%  (best 74.17 @ ep 23)  [3.7s]
  ep  28: loss=0.8177  test_acc=71.85%  (best 74.17 @ ep 23)  [3.9s]
  ep  29: loss=0.8102  test_acc=71.96%  (best 74.17 @ ep 23)  [3.7s]
  ep  30: loss=0.7992  test_acc=72.03%  (best 74.17 @ ep 23)  [5.6s]  [logged per-sample loss: mean=0.890]
  ep  31: loss=0.8032  test_acc=71.19%  (best 74.17 @ ep 23)  [3.5s]
  ep  32: loss=0.7891  test_acc=72.93%  (best 74.17 @ ep 23)  [8.0s]
  ep  33: loss=0.7895  test_acc=72.74%  (best 74.17 @ ep 23)  [8.2s]
  ep  34: loss=0.7801  test_acc=75.95%  (best 75.95 @ ep 34)  [8.8s]
  ep  35: loss=0.7801  test_acc=72.64%  (best 75.95 @ ep 34)  [8.4s]
  ep  36: loss=0.7719  test_acc=74.71%  (best 75.95 @ ep 34)  [8.1s]
  ep  37: loss=0.7606  test_acc=74.06%  (best 75.95 @ ep 34)  [8.3s]
  ep  38: loss=0.7611  test_acc=67.96%  (best 75.95 @ ep 34)  [8.7s]
  ep  39: loss=0.7597  test_acc=74.61%  (best 75.95 @ ep 34)  [7.8s]
  ep  40: loss=0.7493  test_acc=70.65%  (best 75.95 @ ep 34)  [6.7s]
  ep  41: loss=0.7425  test_acc=76.16%  (best 76.16 @ ep 41)  [3.8s]
  ep  42: loss=0.7372  test_acc=72.29%  (best 76.16 @ ep 41)  [3.6s]
  ep  43: loss=0.7348  test_acc=71.15%  (best 76.16 @ ep 41)  [3.5s]
  ep  44: loss=0.7306  test_acc=70.08%  (best 76.16 @ ep 41)  [3.6s]
  ep  45: loss=0.7188  test_acc=72.04%  (best 76.16 @ ep 41)  [3.7s]
  ep  46: loss=0.7176  test_acc=76.97%  (best 76.97 @ ep 46)  [3.6s]
  ep  47: loss=0.7036  test_acc=73.70%  (best 76.97 @ ep 46)  [3.8s]
  ep  48: loss=0.7042  test_acc=76.86%  (best 76.97 @ ep 46)  [3.6s]
  ep  49: loss=0.6952  test_acc=71.26%  (best 76.97 @ ep 46)  [3.6s]
  ep  50: loss=0.6895  test_acc=76.23%  (best 76.97 @ ep 46)  [5.2s]  [logged per-sample loss: mean=0.689]
  ep  51: loss=0.6793  test_acc=76.52%  (best 76.97 @ ep 46)  [3.9s]
  ep  52: loss=0.6730  test_acc=74.72%  (best 76.97 @ ep 46)  [3.8s]
  ep  53: loss=0.6639  test_acc=74.06%  (best 76.97 @ ep 46)  [3.8s]
  ep  54: loss=0.6593  test_acc=73.81%  (best 76.97 @ ep 46)  [3.5s]
  ep  55: loss=0.6455  test_acc=76.79%  (best 76.97 @ ep 46)  [3.6s]
  ep  56: loss=0.6334  test_acc=74.31%  (best 76.97 @ ep 46)  [3.6s]
  ep  57: loss=0.6344  test_acc=78.45%  (best 78.45 @ ep 57)  [6.0s]
  ep  58: loss=0.6264  test_acc=73.14%  (best 78.45 @ ep 57)  [8.1s]
  ep  59: loss=0.6166  test_acc=75.54%  (best 78.45 @ ep 57)  [8.3s]
  ep  60: loss=0.6076  test_acc=77.16%  (best 78.45 @ ep 57)  [8.5s]
  ep  61: loss=0.6002  test_acc=77.51%  (best 78.45 @ ep 57)  [8.6s]
  ep  62: loss=0.5821  test_acc=76.72%  (best 78.45 @ ep 57)  [7.9s]
  ep  63: loss=0.5834  test_acc=76.04%  (best 78.45 @ ep 57)  [8.2s]
  ep  64: loss=0.5721  test_acc=75.82%  (best 78.45 @ ep 57)  [8.0s]
  ep  65: loss=0.5442  test_acc=73.58%  (best 78.45 @ ep 57)  [9.0s]
  ep  66: loss=0.5470  test_acc=76.75%  (best 78.45 @ ep 57)  [8.8s]
  ep  67: loss=0.5276  test_acc=77.76%  (best 78.45 @ ep 57)  [8.1s]
  ep  68: loss=0.5163  test_acc=76.70%  (best 78.45 @ ep 57)  [8.1s]
  ep  69: loss=0.5148  test_acc=74.65%  (best 78.45 @ ep 57)  [8.7s]
  ep  70: loss=0.4938  test_acc=76.92%  (best 78.45 @ ep 57)  [8.0s]
  ep  71: loss=0.4751  test_acc=77.93%  (best 78.45 @ ep 57)  [8.6s]
  ep  72: loss=0.4664  test_acc=77.55%  (best 78.45 @ ep 57)  [9.0s]
  ep  73: loss=0.4521  test_acc=77.72%  (best 78.45 @ ep 57)  [9.1s]
  ep  74: loss=0.4395  test_acc=77.20%  (best 78.45 @ ep 57)  [9.0s]
  ep  75: loss=0.4249  test_acc=77.95%  (best 78.45 @ ep 57)  [7.9s]  [logged per-sample loss: mean=0.373]
  ep  76: loss=0.4033  test_acc=77.83%  (best 78.45 @ ep 57)  [3.9s]
  ep  77: loss=0.3910  test_acc=77.13%  (best 78.45 @ ep 57)  [3.6s]
  ep  78: loss=0.3761  test_acc=76.80%  (best 78.45 @ ep 57)  [3.6s]
  ep  79: loss=0.3645  test_acc=78.09%  (best 78.45 @ ep 57)  [3.7s]
  ep  80: loss=0.3430  test_acc=75.90%  (best 78.45 @ ep 57)  [3.5s]
  ep  81: loss=0.3345  test_acc=77.40%  (best 78.45 @ ep 57)  [3.9s]
  ep  82: loss=0.3166  test_acc=77.99%  (best 78.45 @ ep 57)  [3.9s]
  ep  83: loss=0.2944  test_acc=77.90%  (best 78.45 @ ep 57)  [3.9s]
  ep  84: loss=0.2758  test_acc=77.62%  (best 78.45 @ ep 57)  [3.5s]
  ep  85: loss=0.2625  test_acc=78.73%  (best 78.73 @ ep 85)  [3.7s]
  ep  86: loss=0.2489  test_acc=78.55%  (best 78.73 @ ep 85)  [3.7s]
  ep  87: loss=0.2412  test_acc=78.46%  (best 78.73 @ ep 85)  [3.6s]
  ep  88: loss=0.2220  test_acc=78.73%  (best 78.73 @ ep 85)  [3.6s]
  ep  89: loss=0.2082  test_acc=78.16%  (best 78.73 @ ep 85)  [3.8s]
  ep  90: loss=0.1989  test_acc=78.30%  (best 78.73 @ ep 85)  [3.9s]
  ep  91: loss=0.1918  test_acc=78.19%  (best 78.73 @ ep 85)  [7.0s]
  ep  92: loss=0.1849  test_acc=78.16%  (best 78.73 @ ep 85)  [8.6s]
  ep  93: loss=0.1778  test_acc=78.17%  (best 78.73 @ ep 85)  [8.7s]
  ep  94: loss=0.1701  test_acc=78.20%  (best 78.73 @ ep 85)  [8.7s]
  ep  95: loss=0.1649  test_acc=78.25%  (best 78.73 @ ep 85)  [8.7s]
  ep  96: loss=0.1620  test_acc=78.46%  (best 78.73 @ ep 85)  [12.5s]
  ep  97: loss=0.1601  test_acc=78.38%  (best 78.73 @ ep 85)  [3.6s]
  ep  98: loss=0.1553  test_acc=78.04%  (best 78.73 @ ep 85)  [3.7s]
  ep  99: loss=0.1607  test_acc=78.11%  (best 78.73 @ ep 85)  [5.4s]  [logged per-sample loss: mean=0.125]

saved /path/to/ciln-workspace/journal_edition/robustness_transfer/results_v4/erm/ours_v2_clean__snow_sev3__seed2.json: best 78.73% @ ep 85
