condition=ours_v2_noisy__gaussian_noise_sev3 seed=1 gpu=2
/path/to/ciln-workspace/venv/lib/python3.12/site-packages/torchvision/datasets/cifar.py:83: VisibleDeprecationWarning: dtype(): align should be passed as Python or NumPy boolean but got `align=0`. Did you mean to pass a tuple to create a subarray type? (Deprecated NumPy 2.4)
  entry = pickle.load(f, encoding="latin1")
image_source=noisy  N=22500  noise_rate=48.86%
  ep   0: loss=1.8648  test_acc=24.17%  (best 24.17 @ ep 0)  [5.9s]
  ep   1: loss=1.7038  test_acc=29.54%  (best 29.54 @ ep 1)  [3.6s]
  ep   2: loss=1.6233  test_acc=26.81%  (best 29.54 @ ep 1)  [3.5s]
  ep   3: loss=1.5596  test_acc=34.00%  (best 34.00 @ ep 3)  [3.5s]
  ep   4: loss=1.5084  test_acc=26.91%  (best 34.00 @ ep 3)  [3.8s]
  ep   5: loss=1.4664  test_acc=34.28%  (best 34.28 @ ep 5)  [5.2s]  [logged per-sample loss: mean=1.502]
  ep   6: loss=1.4362  test_acc=37.50%  (best 37.50 @ ep 6)  [3.5s]
  ep   7: loss=1.4172  test_acc=31.98%  (best 37.50 @ ep 6)  [3.9s]
  ep   8: loss=1.3965  test_acc=39.58%  (best 39.58 @ ep 8)  [3.9s]
  ep   9: loss=1.3804  test_acc=46.93%  (best 46.93 @ ep 9)  [3.6s]
  ep  10: loss=1.3656  test_acc=29.00%  (best 46.93 @ ep 9)  [5.5s]  [logged per-sample loss: mean=1.591]
  ep  11: loss=1.3543  test_acc=44.56%  (best 46.93 @ ep 9)  [3.6s]
  ep  12: loss=1.3433  test_acc=38.85%  (best 46.93 @ ep 9)  [3.6s]
  ep  13: loss=1.3354  test_acc=36.73%  (best 46.93 @ ep 9)  [3.6s]
  ep  14: loss=1.3337  test_acc=38.73%  (best 46.93 @ ep 9)  [3.5s]
  ep  15: loss=1.3101  test_acc=47.01%  (best 47.01 @ ep 15)  [3.7s]
  ep  16: loss=1.2999  test_acc=43.02%  (best 47.01 @ ep 15)  [3.7s]
  ep  17: loss=1.2955  test_acc=42.45%  (best 47.01 @ ep 15)  [6.5s]
  ep  18: loss=1.2856  test_acc=40.24%  (best 47.01 @ ep 15)  [9.7s]
  ep  19: loss=1.2765  test_acc=44.08%  (best 47.01 @ ep 15)  [9.3s]
  ep  20: loss=1.2682  test_acc=38.85%  (best 47.01 @ ep 15)  [11.6s]  [logged per-sample loss: mean=1.358]
  ep  21: loss=1.2619  test_acc=51.64%  (best 51.64 @ ep 21)  [10.2s]
  ep  22: loss=1.2584  test_acc=40.89%  (best 51.64 @ ep 21)  [10.3s]
  ep  23: loss=1.2466  test_acc=55.89%  (best 55.89 @ ep 23)  [10.4s]
  ep  24: loss=1.2518  test_acc=51.87%  (best 55.89 @ ep 23)  [10.0s]
  ep  25: loss=1.2353  test_acc=51.98%  (best 55.89 @ ep 23)  [9.0s]
  ep  26: loss=1.2292  test_acc=53.72%  (best 55.89 @ ep 23)  [9.8s]
  ep  27: loss=1.2216  test_acc=49.09%  (best 55.89 @ ep 23)  [9.4s]
  ep  28: loss=1.2174  test_acc=52.51%  (best 55.89 @ ep 23)  [9.2s]
  ep  29: loss=1.2162  test_acc=46.88%  (best 55.89 @ ep 23)  [9.0s]
  ep  30: loss=1.2084  test_acc=53.05%  (best 55.89 @ ep 23)  [12.8s]  [logged per-sample loss: mean=1.191]
  ep  31: loss=1.1995  test_acc=49.25%  (best 55.89 @ ep 23)  [9.0s]
  ep  32: loss=1.2004  test_acc=51.47%  (best 55.89 @ ep 23)  [8.9s]
  ep  33: loss=1.1943  test_acc=55.54%  (best 55.89 @ ep 23)  [8.8s]
  ep  34: loss=1.1830  test_acc=48.02%  (best 55.89 @ ep 23)  [9.3s]
  ep  35: loss=1.1765  test_acc=58.30%  (best 58.30 @ ep 35)  [9.3s]
  ep  36: loss=1.1726  test_acc=51.72%  (best 58.30 @ ep 35)  [8.3s]
  ep  37: loss=1.1710  test_acc=58.50%  (best 58.50 @ ep 37)  [9.1s]
  ep  38: loss=1.1692  test_acc=54.01%  (best 58.50 @ ep 37)  [9.8s]
  ep  39: loss=1.1625  test_acc=53.26%  (best 58.50 @ ep 37)  [10.2s]
  ep  40: loss=1.1536  test_acc=48.26%  (best 58.50 @ ep 37)  [8.9s]
  ep  41: loss=1.1543  test_acc=48.27%  (best 58.50 @ ep 37)  [8.7s]
  ep  42: loss=1.1456  test_acc=37.68%  (best 58.50 @ ep 37)  [9.3s]
  ep  43: loss=1.1324  test_acc=50.30%  (best 58.50 @ ep 37)  [9.4s]
  ep  44: loss=1.1347  test_acc=60.91%  (best 60.91 @ ep 44)  [9.0s]
  ep  45: loss=1.1276  test_acc=50.56%  (best 60.91 @ ep 44)  [8.7s]
  ep  46: loss=1.1268  test_acc=50.57%  (best 60.91 @ ep 44)  [7.8s]
  ep  47: loss=1.1153  test_acc=48.49%  (best 60.91 @ ep 44)  [3.8s]
  ep  48: loss=1.1157  test_acc=54.15%  (best 60.91 @ ep 44)  [3.6s]
  ep  49: loss=1.1048  test_acc=50.53%  (best 60.91 @ ep 44)  [3.7s]
  ep  50: loss=1.0985  test_acc=50.51%  (best 60.91 @ ep 44)  [5.7s]  [logged per-sample loss: mean=1.135]
  ep  51: loss=1.0968  test_acc=57.24%  (best 60.91 @ ep 44)  [3.9s]
  ep  52: loss=1.0854  test_acc=48.44%  (best 60.91 @ ep 44)  [3.6s]
  ep  53: loss=1.0758  test_acc=48.81%  (best 60.91 @ ep 44)  [3.7s]
  ep  54: loss=1.0728  test_acc=44.96%  (best 60.91 @ ep 44)  [3.9s]
  ep  55: loss=1.0701  test_acc=57.23%  (best 60.91 @ ep 44)  [3.7s]
  ep  56: loss=1.0536  test_acc=47.15%  (best 60.91 @ ep 44)  [3.8s]
  ep  57: loss=1.0536  test_acc=55.89%  (best 60.91 @ ep 44)  [3.9s]
  ep  58: loss=1.0406  test_acc=56.17%  (best 60.91 @ ep 44)  [3.6s]
  ep  59: loss=1.0333  test_acc=47.54%  (best 60.91 @ ep 44)  [3.8s]
  ep  60: loss=1.0262  test_acc=57.02%  (best 60.91 @ ep 44)  [3.6s]
  ep  61: loss=1.0166  test_acc=54.16%  (best 60.91 @ ep 44)  [3.5s]
  ep  62: loss=1.0084  test_acc=52.01%  (best 60.91 @ ep 44)  [4.0s]
  ep  63: loss=1.0029  test_acc=52.29%  (best 60.91 @ ep 44)  [7.8s]
  ep  64: loss=0.9803  test_acc=51.82%  (best 60.91 @ ep 44)  [8.4s]
  ep  65: loss=0.9809  test_acc=48.09%  (best 60.91 @ ep 44)  [8.2s]
  ep  66: loss=0.9729  test_acc=49.36%  (best 60.91 @ ep 44)  [8.6s]
  ep  67: loss=0.9503  test_acc=47.40%  (best 60.91 @ ep 44)  [8.3s]
  ep  68: loss=0.9405  test_acc=51.14%  (best 60.91 @ ep 44)  [8.7s]
  ep  69: loss=0.9309  test_acc=53.02%  (best 60.91 @ ep 44)  [8.7s]
  ep  70: loss=0.9265  test_acc=49.86%  (best 60.91 @ ep 44)  [8.4s]
  ep  71: loss=0.9025  test_acc=55.10%  (best 60.91 @ ep 44)  [8.6s]
  ep  72: loss=0.8901  test_acc=51.92%  (best 60.91 @ ep 44)  [8.7s]
  ep  73: loss=0.8750  test_acc=51.79%  (best 60.91 @ ep 44)  [8.6s]
  ep  74: loss=0.8600  test_acc=58.55%  (best 60.91 @ ep 44)  [8.1s]
  ep  75: loss=0.8491  test_acc=50.59%  (best 60.91 @ ep 44)  [12.2s]  [logged per-sample loss: mean=0.822]
  ep  76: loss=0.8303  test_acc=53.36%  (best 60.91 @ ep 44)  [8.5s]
  ep  77: loss=0.8089  test_acc=49.08%  (best 60.91 @ ep 44)  [8.6s]
  ep  78: loss=0.7929  test_acc=50.91%  (best 60.91 @ ep 44)  [9.0s]
  ep  79: loss=0.7765  test_acc=47.81%  (best 60.91 @ ep 44)  [8.4s]
  ep  80: loss=0.7646  test_acc=55.19%  (best 60.91 @ ep 44)  [7.9s]
  ep  81: loss=0.7390  test_acc=53.07%  (best 60.91 @ ep 44)  [8.3s]
  ep  82: loss=0.7230  test_acc=51.11%  (best 60.91 @ ep 44)  [8.3s]
  ep  83: loss=0.6959  test_acc=53.14%  (best 60.91 @ ep 44)  [9.0s]
  ep  84: loss=0.6746  test_acc=51.97%  (best 60.91 @ ep 44)  [8.4s]
  ep  85: loss=0.6617  test_acc=54.77%  (best 60.91 @ ep 44)  [8.3s]
  ep  86: loss=0.6375  test_acc=54.60%  (best 60.91 @ ep 44)  [8.9s]
  ep  87: loss=0.6115  test_acc=48.29%  (best 60.91 @ ep 44)  [8.6s]
  ep  88: loss=0.5891  test_acc=51.81%  (best 60.91 @ ep 44)  [7.9s]
  ep  89: loss=0.5766  test_acc=50.76%  (best 60.91 @ ep 44)  [8.9s]
  ep  90: loss=0.5535  test_acc=50.16%  (best 60.91 @ ep 44)  [8.7s]
  ep  91: loss=0.5354  test_acc=50.41%  (best 60.91 @ ep 44)  [8.8s]
  ep  92: loss=0.5198  test_acc=50.84%  (best 60.91 @ ep 44)  [8.8s]
  ep  93: loss=0.5097  test_acc=50.57%  (best 60.91 @ ep 44)  [8.2s]
  ep  94: loss=0.5051  test_acc=50.98%  (best 60.91 @ ep 44)  [8.4s]
  ep  95: loss=0.4865  test_acc=51.59%  (best 60.91 @ ep 44)  [8.6s]
  ep  96: loss=0.4792  test_acc=51.03%  (best 60.91 @ ep 44)  [8.4s]
  ep  97: loss=0.4800  test_acc=51.66%  (best 60.91 @ ep 44)  [8.8s]
  ep  98: loss=0.4715  test_acc=51.62%  (best 60.91 @ ep 44)  [9.5s]
  ep  99: loss=0.4724  test_acc=51.98%  (best 60.91 @ ep 44)  [12.8s]  [logged per-sample loss: mean=0.413]

saved /path/to/ciln-workspace/journal_edition/robustness_transfer/results_v4/erm/ours_v2_noisy__gaussian_noise_sev3__seed1.json: best 60.91% @ ep 44
