condition=ours_v2_clean__pixelate_sev1 seed=0 gpu=1
/path/to/ciln-workspace/venv/lib/python3.12/site-packages/torchvision/datasets/cifar.py:83: VisibleDeprecationWarning: dtype(): align should be passed as Python or NumPy boolean but got `align=0`. Did you mean to pass a tuple to create a subarray type? (Deprecated NumPy 2.4)
  entry = pickle.load(f, encoding="latin1")
image_source=clean  N=22500  noise_rate=11.68%
  ep   0: loss=1.8752  test_acc=32.95%  (best 32.95 @ ep 0)  [4.3s]
  ep   1: loss=1.5635  test_acc=36.21%  (best 36.21 @ ep 1)  [3.8s]
  ep   2: loss=1.3735  test_acc=44.50%  (best 44.50 @ ep 2)  [3.7s]
  ep   3: loss=1.2283  test_acc=54.92%  (best 54.92 @ ep 3)  [3.6s]
  ep   4: loss=1.1246  test_acc=58.93%  (best 58.93 @ ep 4)  [3.5s]
  ep   5: loss=1.0484  test_acc=62.77%  (best 62.77 @ ep 5)  [5.3s]  [logged per-sample loss: mean=1.065]
  ep   6: loss=0.9920  test_acc=58.19%  (best 62.77 @ ep 5)  [3.9s]
  ep   7: loss=0.9341  test_acc=67.39%  (best 67.39 @ ep 7)  [3.5s]
  ep   8: loss=0.8830  test_acc=68.12%  (best 68.12 @ ep 8)  [3.6s]
  ep   9: loss=0.8569  test_acc=56.26%  (best 68.12 @ ep 8)  [3.6s]
  ep  10: loss=0.8246  test_acc=70.90%  (best 70.90 @ ep 10)  [5.5s]  [logged per-sample loss: mean=0.874]
  ep  11: loss=0.8055  test_acc=61.55%  (best 70.90 @ ep 10)  [3.8s]
  ep  12: loss=0.7756  test_acc=64.32%  (best 70.90 @ ep 10)  [5.0s]
  ep  13: loss=0.7613  test_acc=65.86%  (best 70.90 @ ep 10)  [8.5s]
  ep  14: loss=0.7395  test_acc=62.52%  (best 70.90 @ ep 10)  [8.4s]
  ep  15: loss=0.7293  test_acc=71.72%  (best 71.72 @ ep 15)  [8.7s]
  ep  16: loss=0.7107  test_acc=74.04%  (best 74.04 @ ep 16)  [8.8s]
  ep  17: loss=0.7011  test_acc=67.88%  (best 74.04 @ ep 16)  [8.9s]
  ep  18: loss=0.7001  test_acc=64.01%  (best 74.04 @ ep 16)  [8.8s]
  ep  19: loss=0.6856  test_acc=71.76%  (best 74.04 @ ep 16)  [9.0s]
  ep  20: loss=0.6759  test_acc=71.56%  (best 74.04 @ ep 16)  [13.2s]  [logged per-sample loss: mean=0.803]
  ep  21: loss=0.6611  test_acc=70.07%  (best 74.04 @ ep 16)  [9.5s]
  ep  22: loss=0.6566  test_acc=70.80%  (best 74.04 @ ep 16)  [8.9s]
  ep  23: loss=0.6425  test_acc=75.64%  (best 75.64 @ ep 23)  [3.7s]
  ep  24: loss=0.6391  test_acc=73.12%  (best 75.64 @ ep 23)  [3.5s]
  ep  25: loss=0.6392  test_acc=75.07%  (best 75.64 @ ep 23)  [3.6s]
  ep  26: loss=0.6266  test_acc=77.58%  (best 77.58 @ ep 26)  [3.6s]
  ep  27: loss=0.6304  test_acc=71.95%  (best 77.58 @ ep 26)  [3.6s]
  ep  28: loss=0.6124  test_acc=72.93%  (best 77.58 @ ep 26)  [3.8s]
  ep  29: loss=0.6060  test_acc=78.04%  (best 78.04 @ ep 29)  [3.8s]
  ep  30: loss=0.6044  test_acc=76.93%  (best 78.04 @ ep 29)  [5.4s]  [logged per-sample loss: mean=0.687]
  ep  31: loss=0.6002  test_acc=72.87%  (best 78.04 @ ep 29)  [3.5s]
  ep  32: loss=0.5948  test_acc=76.70%  (best 78.04 @ ep 29)  [3.6s]
  ep  33: loss=0.5784  test_acc=76.41%  (best 78.04 @ ep 29)  [4.0s]
  ep  34: loss=0.5766  test_acc=77.95%  (best 78.04 @ ep 29)  [3.8s]
  ep  35: loss=0.5688  test_acc=78.62%  (best 78.62 @ ep 35)  [3.8s]
  ep  36: loss=0.5702  test_acc=76.72%  (best 78.62 @ ep 35)  [3.8s]
  ep  37: loss=0.5566  test_acc=77.80%  (best 78.62 @ ep 35)  [3.7s]
  ep  38: loss=0.5473  test_acc=76.14%  (best 78.62 @ ep 35)  [4.2s]
  ep  39: loss=0.5467  test_acc=71.20%  (best 78.62 @ ep 35)  [7.9s]
  ep  40: loss=0.5396  test_acc=76.78%  (best 78.62 @ ep 35)  [8.6s]
  ep  41: loss=0.5353  test_acc=76.21%  (best 78.62 @ ep 35)  [8.3s]
  ep  42: loss=0.5278  test_acc=73.25%  (best 78.62 @ ep 35)  [8.4s]
  ep  43: loss=0.5252  test_acc=76.38%  (best 78.62 @ ep 35)  [8.5s]
  ep  44: loss=0.5223  test_acc=76.57%  (best 78.62 @ ep 35)  [8.4s]
  ep  45: loss=0.5097  test_acc=78.22%  (best 78.62 @ ep 35)  [8.3s]
  ep  46: loss=0.4962  test_acc=77.96%  (best 78.62 @ ep 35)  [8.6s]
  ep  47: loss=0.4964  test_acc=78.69%  (best 78.69 @ ep 47)  [8.5s]
  ep  48: loss=0.4907  test_acc=74.07%  (best 78.69 @ ep 47)  [8.5s]
  ep  49: loss=0.4859  test_acc=79.80%  (best 79.80 @ ep 49)  [8.2s]
  ep  50: loss=0.4718  test_acc=80.86%  (best 80.86 @ ep 50)  [11.6s]  [logged per-sample loss: mean=0.447]
  ep  51: loss=0.4816  test_acc=77.15%  (best 80.86 @ ep 50)  [8.1s]
  ep  52: loss=0.4647  test_acc=80.21%  (best 80.86 @ ep 50)  [8.4s]
  ep  53: loss=0.4608  test_acc=80.53%  (best 80.86 @ ep 50)  [8.6s]
  ep  54: loss=0.4449  test_acc=77.47%  (best 80.86 @ ep 50)  [8.8s]
  ep  55: loss=0.4433  test_acc=80.17%  (best 80.86 @ ep 50)  [8.1s]
  ep  56: loss=0.4339  test_acc=79.82%  (best 80.86 @ ep 50)  [8.2s]
  ep  57: loss=0.4261  test_acc=78.71%  (best 80.86 @ ep 50)  [9.2s]
  ep  58: loss=0.4139  test_acc=81.39%  (best 81.39 @ ep 58)  [8.5s]
  ep  59: loss=0.4082  test_acc=77.20%  (best 81.39 @ ep 58)  [9.4s]
  ep  60: loss=0.3941  test_acc=82.24%  (best 82.24 @ ep 60)  [8.8s]
  ep  61: loss=0.3855  test_acc=81.26%  (best 82.24 @ ep 60)  [8.5s]
  ep  62: loss=0.3743  test_acc=81.25%  (best 82.24 @ ep 60)  [8.6s]
  ep  63: loss=0.3768  test_acc=77.89%  (best 82.24 @ ep 60)  [8.5s]
  ep  64: loss=0.3577  test_acc=79.22%  (best 82.24 @ ep 60)  [8.3s]
  ep  65: loss=0.3570  test_acc=81.55%  (best 82.24 @ ep 60)  [8.6s]
  ep  66: loss=0.3457  test_acc=82.03%  (best 82.24 @ ep 60)  [9.0s]
  ep  67: loss=0.3259  test_acc=81.57%  (best 82.24 @ ep 60)  [9.1s]
  ep  68: loss=0.3174  test_acc=80.85%  (best 82.24 @ ep 60)  [9.3s]
  ep  69: loss=0.3121  test_acc=81.33%  (best 82.24 @ ep 60)  [9.0s]
  ep  70: loss=0.2967  test_acc=82.25%  (best 82.25 @ ep 70)  [7.5s]
  ep  71: loss=0.2972  test_acc=82.24%  (best 82.25 @ ep 70)  [3.7s]
  ep  72: loss=0.2730  test_acc=82.50%  (best 82.50 @ ep 72)  [3.6s]
  ep  73: loss=0.2683  test_acc=81.94%  (best 82.50 @ ep 72)  [3.5s]
  ep  74: loss=0.2510  test_acc=80.83%  (best 82.50 @ ep 72)  [3.7s]
  ep  75: loss=0.2430  test_acc=82.22%  (best 82.50 @ ep 72)  [5.4s]  [logged per-sample loss: mean=0.245]
  ep  76: loss=0.2346  test_acc=80.75%  (best 82.50 @ ep 72)  [3.6s]
  ep  77: loss=0.2203  test_acc=81.97%  (best 82.50 @ ep 72)  [3.6s]
  ep  78: loss=0.2045  test_acc=83.03%  (best 83.03 @ ep 78)  [3.5s]
  ep  79: loss=0.1958  test_acc=82.29%  (best 83.03 @ ep 78)  [3.6s]
  ep  80: loss=0.1821  test_acc=82.86%  (best 83.03 @ ep 78)  [3.9s]
  ep  81: loss=0.1627  test_acc=81.16%  (best 83.03 @ ep 78)  [3.5s]
  ep  82: loss=0.1550  test_acc=82.76%  (best 83.03 @ ep 78)  [3.6s]
  ep  83: loss=0.1436  test_acc=82.91%  (best 83.03 @ ep 78)  [3.7s]
  ep  84: loss=0.1385  test_acc=82.60%  (best 83.03 @ ep 78)  [3.6s]
  ep  85: loss=0.1245  test_acc=83.35%  (best 83.35 @ ep 85)  [3.7s]
  ep  86: loss=0.1139  test_acc=83.44%  (best 83.44 @ ep 86)  [3.5s]
  ep  87: loss=0.1109  test_acc=83.68%  (best 83.68 @ ep 87)  [5.4s]
  ep  88: loss=0.1007  test_acc=83.39%  (best 83.68 @ ep 87)  [7.9s]
  ep  89: loss=0.0927  test_acc=83.83%  (best 83.83 @ ep 89)  [9.1s]
  ep  90: loss=0.0901  test_acc=83.45%  (best 83.83 @ ep 89)  [8.6s]
  ep  91: loss=0.0839  test_acc=83.69%  (best 83.83 @ ep 89)  [9.4s]
  ep  92: loss=0.0812  test_acc=83.62%  (best 83.83 @ ep 89)  [8.4s]
  ep  93: loss=0.0758  test_acc=83.66%  (best 83.83 @ ep 89)  [9.4s]
  ep  94: loss=0.0739  test_acc=83.63%  (best 83.83 @ ep 89)  [8.8s]
  ep  95: loss=0.0750  test_acc=83.74%  (best 83.83 @ ep 89)  [9.4s]
  ep  96: loss=0.0698  test_acc=83.79%  (best 83.83 @ ep 89)  [9.5s]
  ep  97: loss=0.0717  test_acc=83.68%  (best 83.83 @ ep 89)  [9.0s]
  ep  98: loss=0.0695  test_acc=83.71%  (best 83.83 @ ep 89)  [10.0s]
  ep  99: loss=0.0681  test_acc=83.46%  (best 83.83 @ ep 89)  [9.8s]  [logged per-sample loss: mean=0.044]

saved /path/to/ciln-workspace/journal_edition/robustness_transfer/results_v4/erm/ours_v2_clean__pixelate_sev1__seed0.json: best 83.83% @ ep 89
