condition=ours_v2_noisy__gaussian_noise_sev3 seed=0 gpu=2
/path/to/ciln-workspace/venv/lib/python3.12/site-packages/torchvision/datasets/cifar.py:83: VisibleDeprecationWarning: dtype(): align should be passed as Python or NumPy boolean but got `align=0`. Did you mean to pass a tuple to create a subarray type? (Deprecated NumPy 2.4)
  entry = pickle.load(f, encoding="latin1")
image_source=noisy  N=22500  noise_rate=48.86%
  ep   0: R(t)=1.000  acc1=16.22%  acc2=14.66%  ens=15.44%  (best 15.44 @ ep 0)  [7.1s]
  ep   1: R(t)=0.845  acc1=24.47%  acc2=21.63%  ens=23.05%  (best 23.05 @ ep 1)  [6.4s]
  ep   2: R(t)=0.781  acc1=25.46%  acc2=26.87%  ens=26.16%  (best 26.16 @ ep 2)  [6.6s]
  ep   3: R(t)=0.732  acc1=20.95%  acc2=23.45%  ens=22.20%  (best 26.16 @ ep 2)  [6.4s]
  ep   4: R(t)=0.691  acc1=28.24%  acc2=28.45%  ens=28.34%  (best 28.34 @ ep 4)  [6.4s]
  ep   5: R(t)=0.654  acc1=32.06%  acc2=26.53%  ens=29.29%  (best 29.29 @ ep 5)  [10.1s]  [sel1+2: prec=0.475, recall_clean=0.631]
  ep   6: R(t)=0.622  acc1=33.33%  acc2=36.96%  ens=35.14%  (best 35.14 @ ep 6)  [6.6s]
  ep   7: R(t)=0.591  acc1=31.05%  acc2=25.85%  ens=28.45%  (best 35.14 @ ep 6)  [7.0s]
  ep   8: R(t)=0.563  acc1=34.59%  acc2=33.29%  ens=33.94%  (best 35.14 @ ep 6)  [19.6s]
  ep   9: R(t)=0.536  acc1=30.95%  acc2=26.41%  ens=28.68%  (best 35.14 @ ep 6)  [17.8s]
  ep  10: R(t)=0.511  acc1=28.38%  acc2=29.01%  ens=28.70%  (best 35.14 @ ep 6)  [23.0s]  [sel1+2: prec=0.498, recall_clean=0.529]
  ep  11: R(t)=0.511  acc1=24.13%  acc2=34.11%  ens=29.12%  (best 35.14 @ ep 6)  [18.1s]
  ep  12: R(t)=0.511  acc1=23.51%  acc2=27.33%  ens=25.42%  (best 35.14 @ ep 6)  [18.1s]
  ep  13: R(t)=0.511  acc1=29.81%  acc2=28.74%  ens=29.27%  (best 35.14 @ ep 6)  [18.3s]
  ep  14: R(t)=0.511  acc1=33.34%  acc2=29.29%  ens=31.31%  (best 35.14 @ ep 6)  [17.4s]
  ep  15: R(t)=0.511  acc1=36.50%  acc2=35.87%  ens=36.19%  (best 36.19 @ ep 15)  [13.0s]
  ep  16: R(t)=0.511  acc1=35.27%  acc2=34.90%  ens=35.09%  (best 36.19 @ ep 15)  [6.3s]
  ep  17: R(t)=0.511  acc1=33.37%  acc2=33.42%  ens=33.39%  (best 36.19 @ ep 15)  [6.5s]
  ep  18: R(t)=0.511  acc1=32.01%  acc2=34.06%  ens=33.04%  (best 36.19 @ ep 15)  [6.7s]
  ep  19: R(t)=0.511  acc1=37.64%  acc2=34.74%  ens=36.19%  (best 36.19 @ ep 19)  [6.5s]
  ep  20: R(t)=0.511  acc1=39.37%  acc2=38.43%  ens=38.90%  (best 38.90 @ ep 20)  [9.8s]  [sel1+2: prec=0.537, recall_clean=0.570]
  ep  21: R(t)=0.511  acc1=32.03%  acc2=35.02%  ens=33.52%  (best 38.90 @ ep 20)  [6.9s]
  ep  22: R(t)=0.511  acc1=38.62%  acc2=42.15%  ens=40.38%  (best 40.38 @ ep 22)  [6.4s]
  ep  23: R(t)=0.511  acc1=35.73%  acc2=30.91%  ens=33.32%  (best 40.38 @ ep 22)  [6.4s]
  ep  24: R(t)=0.511  acc1=40.40%  acc2=39.63%  ens=40.02%  (best 40.38 @ ep 22)  [12.7s]
  ep  25: R(t)=0.511  acc1=38.52%  acc2=37.09%  ens=37.80%  (best 40.38 @ ep 22)  [18.2s]
  ep  26: R(t)=0.511  acc1=35.56%  acc2=30.46%  ens=33.01%  (best 40.38 @ ep 22)  [17.5s]
  ep  27: R(t)=0.511  acc1=40.86%  acc2=38.89%  ens=39.88%  (best 40.38 @ ep 22)  [19.2s]
  ep  28: R(t)=0.511  acc1=35.88%  acc2=35.94%  ens=35.91%  (best 40.38 @ ep 22)  [18.4s]
  ep  29: R(t)=0.511  acc1=39.49%  acc2=35.96%  ens=37.72%  (best 40.38 @ ep 22)  [18.4s]
  ep  30: R(t)=0.511  acc1=34.01%  acc2=38.30%  ens=36.16%  (best 40.38 @ ep 22)  [25.3s]  [sel1+2: prec=0.539, recall_clean=0.570]
  ep  31: R(t)=0.511  acc1=35.96%  acc2=33.79%  ens=34.88%  (best 40.38 @ ep 22)  [18.3s]
  ep  32: R(t)=0.511  acc1=34.84%  acc2=39.82%  ens=37.33%  (best 40.38 @ ep 22)  [19.2s]
  ep  33: R(t)=0.511  acc1=41.48%  acc2=36.09%  ens=38.79%  (best 40.38 @ ep 22)  [17.4s]
  ep  34: R(t)=0.511  acc1=42.16%  acc2=40.69%  ens=41.42%  (best 41.42 @ ep 34)  [17.3s]
  ep  35: R(t)=0.511  acc1=39.54%  acc2=41.33%  ens=40.44%  (best 41.42 @ ep 34)  [18.0s]
  ep  36: R(t)=0.511  acc1=36.33%  acc2=37.53%  ens=36.93%  (best 41.42 @ ep 34)  [18.0s]
  ep  37: R(t)=0.511  acc1=35.79%  acc2=34.90%  ens=35.34%  (best 41.42 @ ep 34)  [17.0s]
  ep  38: R(t)=0.511  acc1=39.13%  acc2=41.07%  ens=40.10%  (best 41.42 @ ep 34)  [18.5s]
  ep  39: R(t)=0.511  acc1=42.14%  acc2=40.54%  ens=41.34%  (best 41.42 @ ep 34)  [18.2s]
  ep  40: R(t)=0.511  acc1=39.24%  acc2=38.56%  ens=38.90%  (best 41.42 @ ep 34)  [18.2s]
  ep  41: R(t)=0.511  acc1=35.18%  acc2=34.75%  ens=34.97%  (best 41.42 @ ep 34)  [17.4s]
  ep  42: R(t)=0.511  acc1=39.27%  acc2=39.44%  ens=39.35%  (best 41.42 @ ep 34)  [17.5s]
  ep  43: R(t)=0.511  acc1=40.00%  acc2=41.43%  ens=40.72%  (best 41.42 @ ep 34)  [16.7s]
  ep  44: R(t)=0.511  acc1=33.69%  acc2=30.66%  ens=32.17%  (best 41.42 @ ep 34)  [16.6s]
  ep  45: R(t)=0.511  acc1=33.45%  acc2=34.96%  ens=34.21%  (best 41.42 @ ep 34)  [17.4s]
  ep  46: R(t)=0.511  acc1=31.98%  acc2=42.19%  ens=37.09%  (best 41.42 @ ep 34)  [18.1s]
  ep  47: R(t)=0.511  acc1=39.36%  acc2=41.17%  ens=40.27%  (best 41.42 @ ep 34)  [17.3s]
  ep  48: R(t)=0.511  acc1=36.18%  acc2=39.21%  ens=37.70%  (best 41.42 @ ep 34)  [18.5s]
  ep  49: R(t)=0.511  acc1=36.34%  acc2=39.78%  ens=38.06%  (best 41.42 @ ep 34)  [16.7s]
  ep  50: R(t)=0.511  acc1=39.85%  acc2=39.44%  ens=39.64%  (best 41.42 @ ep 34)  [27.0s]  [sel1+2: prec=0.555, recall_clean=0.584]
  ep  51: R(t)=0.511  acc1=40.20%  acc2=45.84%  ens=43.02%  (best 43.02 @ ep 51)  [18.8s]
  ep  52: R(t)=0.511  acc1=43.31%  acc2=41.86%  ens=42.59%  (best 43.02 @ ep 51)  [18.8s]
  ep  53: R(t)=0.511  acc1=41.51%  acc2=44.65%  ens=43.08%  (best 43.08 @ ep 53)  [18.0s]
  ep  54: R(t)=0.511  acc1=38.12%  acc2=43.95%  ens=41.03%  (best 43.08 @ ep 53)  [18.5s]
  ep  55: R(t)=0.511  acc1=41.77%  acc2=41.32%  ens=41.55%  (best 43.08 @ ep 53)  [17.9s]
  ep  56: R(t)=0.511  acc1=42.41%  acc2=46.01%  ens=44.21%  (best 44.21 @ ep 56)  [17.8s]
  ep  57: R(t)=0.511  acc1=45.10%  acc2=43.85%  ens=44.47%  (best 44.47 @ ep 57)  [17.1s]
  ep  58: R(t)=0.511  acc1=39.72%  acc2=42.13%  ens=40.92%  (best 44.47 @ ep 57)  [17.5s]
  ep  59: R(t)=0.511  acc1=45.51%  acc2=44.58%  ens=45.05%  (best 45.05 @ ep 59)  [9.5s]
  ep  60: R(t)=0.511  acc1=37.78%  acc2=39.31%  ens=38.55%  (best 45.05 @ ep 59)  [6.8s]
  ep  61: R(t)=0.511  acc1=40.17%  acc2=41.92%  ens=41.05%  (best 45.05 @ ep 59)  [6.3s]
  ep  62: R(t)=0.511  acc1=44.12%  acc2=41.28%  ens=42.70%  (best 45.05 @ ep 59)  [6.4s]
  ep  63: R(t)=0.511  acc1=41.89%  acc2=39.57%  ens=40.73%  (best 45.05 @ ep 59)  [6.6s]
  ep  64: R(t)=0.511  acc1=41.49%  acc2=43.46%  ens=42.47%  (best 45.05 @ ep 59)  [6.2s]
  ep  65: R(t)=0.511  acc1=39.14%  acc2=40.04%  ens=39.59%  (best 45.05 @ ep 59)  [6.1s]
  ep  66: R(t)=0.511  acc1=40.26%  acc2=40.36%  ens=40.31%  (best 45.05 @ ep 59)  [6.2s]
  ep  67: R(t)=0.511  acc1=41.96%  acc2=44.72%  ens=43.34%  (best 45.05 @ ep 59)  [6.5s]
  ep  68: R(t)=0.511  acc1=42.32%  acc2=44.11%  ens=43.22%  (best 45.05 @ ep 59)  [7.7s]
  ep  69: R(t)=0.511  acc1=38.53%  acc2=40.63%  ens=39.58%  (best 45.05 @ ep 59)  [18.4s]
  ep  70: R(t)=0.511  acc1=42.46%  acc2=45.35%  ens=43.91%  (best 45.05 @ ep 59)  [17.9s]
  ep  71: R(t)=0.511  acc1=41.65%  acc2=44.18%  ens=42.92%  (best 45.05 @ ep 59)  [17.9s]
  ep  72: R(t)=0.511  acc1=45.09%  acc2=47.31%  ens=46.20%  (best 46.20 @ ep 72)  [17.0s]
  ep  73: R(t)=0.511  acc1=40.59%  acc2=43.49%  ens=42.04%  (best 46.20 @ ep 72)  [17.6s]
  ep  74: R(t)=0.511  acc1=44.11%  acc2=40.77%  ens=42.44%  (best 46.20 @ ep 72)  [18.0s]
  ep  75: R(t)=0.511  acc1=42.83%  acc2=41.69%  ens=42.26%  (best 46.20 @ ep 72)  [18.5s]  [sel1+2: prec=0.576, recall_clean=0.597]
  ep  76: R(t)=0.511  acc1=41.58%  acc2=44.45%  ens=43.02%  (best 46.20 @ ep 72)  [6.5s]
  ep  77: R(t)=0.511  acc1=43.74%  acc2=43.67%  ens=43.70%  (best 46.20 @ ep 72)  [6.6s]
  ep  78: R(t)=0.511  acc1=43.80%  acc2=41.25%  ens=42.52%  (best 46.20 @ ep 72)  [6.4s]
  ep  79: R(t)=0.511  acc1=43.03%  acc2=42.27%  ens=42.65%  (best 46.20 @ ep 72)  [6.6s]
  ep  80: R(t)=0.511  acc1=43.90%  acc2=44.55%  ens=44.23%  (best 46.20 @ ep 72)  [6.5s]
  ep  81: R(t)=0.511  acc1=43.01%  acc2=42.05%  ens=42.53%  (best 46.20 @ ep 72)  [6.5s]
  ep  82: R(t)=0.511  acc1=44.11%  acc2=43.39%  ens=43.75%  (best 46.20 @ ep 72)  [6.5s]
  ep  83: R(t)=0.511  acc1=43.85%  acc2=45.03%  ens=44.44%  (best 46.20 @ ep 72)  [6.9s]
  ep  84: R(t)=0.511  acc1=46.58%  acc2=45.40%  ens=45.99%  (best 46.20 @ ep 72)  [9.8s]
  ep  85: R(t)=0.511  acc1=44.83%  acc2=45.19%  ens=45.01%  (best 46.20 @ ep 72)  [17.9s]
  ep  86: R(t)=0.511  acc1=43.50%  acc2=44.81%  ens=44.16%  (best 46.20 @ ep 72)  [17.7s]
  ep  87: R(t)=0.511  acc1=45.64%  acc2=46.22%  ens=45.93%  (best 46.20 @ ep 72)  [17.6s]
  ep  88: R(t)=0.511  acc1=44.58%  acc2=44.99%  ens=44.78%  (best 46.20 @ ep 72)  [18.1s]
  ep  89: R(t)=0.511  acc1=44.18%  acc2=44.23%  ens=44.21%  (best 46.20 @ ep 72)  [18.2s]
  ep  90: R(t)=0.511  acc1=43.42%  acc2=43.87%  ens=43.65%  (best 46.20 @ ep 72)  [7.6s]
  ep  91: R(t)=0.511  acc1=45.73%  acc2=45.67%  ens=45.70%  (best 46.20 @ ep 72)  [6.8s]
  ep  92: R(t)=0.511  acc1=44.18%  acc2=44.77%  ens=44.47%  (best 46.20 @ ep 72)  [6.6s]
  ep  93: R(t)=0.511  acc1=45.52%  acc2=46.05%  ens=45.78%  (best 46.20 @ ep 72)  [6.3s]
  ep  94: R(t)=0.511  acc1=44.29%  acc2=44.29%  ens=44.29%  (best 46.20 @ ep 72)  [6.6s]
  ep  95: R(t)=0.511  acc1=44.41%  acc2=44.60%  ens=44.51%  (best 46.20 @ ep 72)  [6.4s]
  ep  96: R(t)=0.511  acc1=44.43%  acc2=44.81%  ens=44.62%  (best 46.20 @ ep 72)  [6.5s]
  ep  97: R(t)=0.511  acc1=44.27%  acc2=44.40%  ens=44.34%  (best 46.20 @ ep 72)  [6.9s]
  ep  98: R(t)=0.511  acc1=44.58%  acc2=44.92%  ens=44.75%  (best 46.20 @ ep 72)  [6.1s]
  ep  99: R(t)=0.511  acc1=43.66%  acc2=44.04%  ens=43.85%  (best 46.20 @ ep 72)  [14.7s]  [sel1+2: prec=0.585, recall_clean=0.597]

saved /path/to/ciln-workspace/journal_edition/robustness_transfer/results_v4/coteaching/ours_v2_noisy__gaussian_noise_sev3__seed0.json: best ens-acc 46.20% @ ep 72
