condition=ours_v2_noisy__pixelate_sev5 seed=1 gpu=2
/path/to/ciln-workspace/venv/lib/python3.12/site-packages/torchvision/datasets/cifar.py:83: VisibleDeprecationWarning: dtype(): align should be passed as Python or NumPy boolean but got `align=0`. Did you mean to pass a tuple to create a subarray type? (Deprecated NumPy 2.4)
  entry = pickle.load(f, encoding="latin1")
image_source=noisy  N=22500  noise_rate=58.23%
  ep   0: R(t)=1.000  acc1=17.71%  acc2=19.75%  ens=18.73%  (best 18.73 @ ep 0)  [7.4s]
  ep   1: R(t)=0.816  acc1=23.51%  acc2=21.33%  ens=22.42%  (best 22.42 @ ep 1)  [6.7s]
  ep   2: R(t)=0.740  acc1=22.74%  acc2=23.71%  ens=23.23%  (best 23.23 @ ep 2)  [6.4s]
  ep   3: R(t)=0.681  acc1=24.87%  acc2=21.48%  ens=23.18%  (best 23.23 @ ep 2)  [6.4s]
  ep   4: R(t)=0.632  acc1=22.98%  acc2=25.20%  ens=24.09%  (best 24.09 @ ep 4)  [6.3s]
  ep   5: R(t)=0.588  acc1=24.42%  acc2=23.47%  ens=23.95%  (best 24.09 @ ep 4)  [16.9s]  [sel1+2: prec=0.391, recall_clean=0.576]
  ep   6: R(t)=0.549  acc1=24.06%  acc2=27.42%  ens=25.74%  (best 25.74 @ ep 6)  [6.4s]
  ep   7: R(t)=0.513  acc1=26.39%  acc2=24.85%  ens=25.62%  (best 25.74 @ ep 6)  [6.6s]
  ep   8: R(t)=0.479  acc1=24.56%  acc2=24.99%  ens=24.78%  (best 25.74 @ ep 6)  [6.4s]
  ep   9: R(t)=0.448  acc1=22.86%  acc2=22.57%  ens=22.72%  (best 25.74 @ ep 6)  [6.2s]
  ep  10: R(t)=0.418  acc1=19.65%  acc2=20.40%  ens=20.02%  (best 25.74 @ ep 6)  [9.9s]  [sel1+2: prec=0.423, recall_clean=0.448]
  ep  11: R(t)=0.418  acc1=23.41%  acc2=21.40%  ens=22.41%  (best 25.74 @ ep 6)  [6.5s]
  ep  12: R(t)=0.418  acc1=23.08%  acc2=23.26%  ens=23.17%  (best 25.74 @ ep 6)  [6.5s]
  ep  13: R(t)=0.418  acc1=22.55%  acc2=21.30%  ens=21.93%  (best 25.74 @ ep 6)  [6.6s]
  ep  14: R(t)=0.418  acc1=19.35%  acc2=22.78%  ens=21.07%  (best 25.74 @ ep 6)  [8.2s]
  ep  15: R(t)=0.418  acc1=24.12%  acc2=23.43%  ens=23.78%  (best 25.74 @ ep 6)  [17.3s]
  ep  16: R(t)=0.418  acc1=23.46%  acc2=23.06%  ens=23.26%  (best 25.74 @ ep 6)  [18.6s]
  ep  17: R(t)=0.418  acc1=21.66%  acc2=20.37%  ens=21.02%  (best 25.74 @ ep 6)  [18.3s]
  ep  18: R(t)=0.418  acc1=23.53%  acc2=23.31%  ens=23.42%  (best 25.74 @ ep 6)  [6.5s]
  ep  19: R(t)=0.418  acc1=21.49%  acc2=22.05%  ens=21.77%  (best 25.74 @ ep 6)  [6.1s]
  ep  20: R(t)=0.418  acc1=23.28%  acc2=20.97%  ens=22.12%  (best 25.74 @ ep 6)  [9.9s]  [sel1+2: prec=0.423, recall_clean=0.441]
  ep  21: R(t)=0.418  acc1=22.10%  acc2=21.64%  ens=21.87%  (best 25.74 @ ep 6)  [6.8s]
  ep  22: R(t)=0.418  acc1=20.91%  acc2=21.95%  ens=21.43%  (best 25.74 @ ep 6)  [6.7s]
  ep  23: R(t)=0.418  acc1=20.60%  acc2=20.67%  ens=20.63%  (best 25.74 @ ep 6)  [6.3s]
  ep  24: R(t)=0.418  acc1=20.11%  acc2=22.50%  ens=21.31%  (best 25.74 @ ep 6)  [6.4s]
  ep  25: R(t)=0.418  acc1=23.08%  acc2=22.34%  ens=22.71%  (best 25.74 @ ep 6)  [6.7s]
  ep  26: R(t)=0.418  acc1=22.56%  acc2=22.59%  ens=22.57%  (best 25.74 @ ep 6)  [6.9s]
  ep  27: R(t)=0.418  acc1=22.74%  acc2=23.67%  ens=23.20%  (best 25.74 @ ep 6)  [17.7s]
  ep  28: R(t)=0.418  acc1=25.61%  acc2=23.32%  ens=24.46%  (best 25.74 @ ep 6)  [19.5s]
  ep  29: R(t)=0.418  acc1=25.99%  acc2=24.49%  ens=25.24%  (best 25.74 @ ep 6)  [18.6s]
  ep  30: R(t)=0.418  acc1=21.71%  acc2=22.98%  ens=22.34%  (best 25.74 @ ep 6)  [22.9s]  [sel1+2: prec=0.421, recall_clean=0.445]
  ep  31: R(t)=0.418  acc1=23.66%  acc2=23.87%  ens=23.77%  (best 25.74 @ ep 6)  [6.4s]
  ep  32: R(t)=0.418  acc1=20.31%  acc2=21.65%  ens=20.98%  (best 25.74 @ ep 6)  [6.6s]
  ep  33: R(t)=0.418  acc1=23.95%  acc2=24.38%  ens=24.16%  (best 25.74 @ ep 6)  [6.6s]
  ep  34: R(t)=0.418  acc1=24.18%  acc2=24.60%  ens=24.39%  (best 25.74 @ ep 6)  [6.6s]
  ep  35: R(t)=0.418  acc1=21.07%  acc2=23.45%  ens=22.26%  (best 25.74 @ ep 6)  [6.5s]
  ep  36: R(t)=0.418  acc1=25.09%  acc2=23.50%  ens=24.30%  (best 25.74 @ ep 6)  [6.5s]
  ep  37: R(t)=0.418  acc1=23.10%  acc2=23.58%  ens=23.34%  (best 25.74 @ ep 6)  [6.8s]
  ep  38: R(t)=0.418  acc1=21.49%  acc2=20.38%  ens=20.94%  (best 25.74 @ ep 6)  [6.6s]
  ep  39: R(t)=0.418  acc1=23.52%  acc2=22.48%  ens=23.00%  (best 25.74 @ ep 6)  [6.7s]
  ep  40: R(t)=0.418  acc1=24.18%  acc2=23.86%  ens=24.02%  (best 25.74 @ ep 6)  [17.4s]
  ep  41: R(t)=0.418  acc1=22.32%  acc2=21.66%  ens=21.99%  (best 25.74 @ ep 6)  [17.2s]
  ep  42: R(t)=0.418  acc1=22.63%  acc2=22.40%  ens=22.52%  (best 25.74 @ ep 6)  [16.5s]
  ep  43: R(t)=0.418  acc1=21.86%  acc2=25.09%  ens=23.48%  (best 25.74 @ ep 6)  [16.0s]
  ep  44: R(t)=0.418  acc1=23.59%  acc2=23.97%  ens=23.78%  (best 25.74 @ ep 6)  [17.5s]
  ep  45: R(t)=0.418  acc1=22.45%  acc2=23.34%  ens=22.89%  (best 25.74 @ ep 6)  [15.2s]
  ep  46: R(t)=0.418  acc1=24.23%  acc2=23.56%  ens=23.89%  (best 25.74 @ ep 6)  [7.3s]
  ep  47: R(t)=0.418  acc1=23.35%  acc2=22.59%  ens=22.97%  (best 25.74 @ ep 6)  [6.2s]
  ep  48: R(t)=0.418  acc1=22.08%  acc2=24.18%  ens=23.13%  (best 25.74 @ ep 6)  [6.4s]
  ep  49: R(t)=0.418  acc1=23.49%  acc2=23.72%  ens=23.60%  (best 25.74 @ ep 6)  [6.7s]
  ep  50: R(t)=0.418  acc1=20.11%  acc2=22.97%  ens=21.54%  (best 25.74 @ ep 6)  [10.0s]  [sel1+2: prec=0.430, recall_clean=0.450]
  ep  51: R(t)=0.418  acc1=24.44%  acc2=23.34%  ens=23.89%  (best 25.74 @ ep 6)  [6.5s]
  ep  52: R(t)=0.418  acc1=22.67%  acc2=22.64%  ens=22.66%  (best 25.74 @ ep 6)  [6.6s]
  ep  53: R(t)=0.418  acc1=22.73%  acc2=23.71%  ens=23.22%  (best 25.74 @ ep 6)  [6.7s]
  ep  54: R(t)=0.418  acc1=23.35%  acc2=24.85%  ens=24.10%  (best 25.74 @ ep 6)  [6.5s]
  ep  55: R(t)=0.418  acc1=25.04%  acc2=24.13%  ens=24.59%  (best 25.74 @ ep 6)  [13.6s]
  ep  56: R(t)=0.418  acc1=24.62%  acc2=23.89%  ens=24.25%  (best 25.74 @ ep 6)  [16.8s]
  ep  57: R(t)=0.418  acc1=22.46%  acc2=23.49%  ens=22.98%  (best 25.74 @ ep 6)  [17.3s]
  ep  58: R(t)=0.418  acc1=21.99%  acc2=23.81%  ens=22.90%  (best 25.74 @ ep 6)  [16.1s]
  ep  59: R(t)=0.418  acc1=23.27%  acc2=24.90%  ens=24.09%  (best 25.74 @ ep 6)  [16.1s]
  ep  60: R(t)=0.418  acc1=24.23%  acc2=24.99%  ens=24.61%  (best 25.74 @ ep 6)  [16.8s]
  ep  61: R(t)=0.418  acc1=24.11%  acc2=23.91%  ens=24.01%  (best 25.74 @ ep 6)  [17.4s]
  ep  62: R(t)=0.418  acc1=23.69%  acc2=23.85%  ens=23.77%  (best 25.74 @ ep 6)  [17.3s]
  ep  63: R(t)=0.418  acc1=21.58%  acc2=22.77%  ens=22.18%  (best 25.74 @ ep 6)  [16.9s]
  ep  64: R(t)=0.418  acc1=24.31%  acc2=23.85%  ens=24.08%  (best 25.74 @ ep 6)  [17.0s]
  ep  65: R(t)=0.418  acc1=23.31%  acc2=23.51%  ens=23.41%  (best 25.74 @ ep 6)  [16.7s]
  ep  66: R(t)=0.418  acc1=24.15%  acc2=23.65%  ens=23.90%  (best 25.74 @ ep 6)  [16.0s]
  ep  67: R(t)=0.418  acc1=23.85%  acc2=24.20%  ens=24.02%  (best 25.74 @ ep 6)  [16.6s]
  ep  68: R(t)=0.418  acc1=24.31%  acc2=23.79%  ens=24.05%  (best 25.74 @ ep 6)  [18.1s]
  ep  69: R(t)=0.418  acc1=24.38%  acc2=24.40%  ens=24.39%  (best 25.74 @ ep 6)  [17.9s]
  ep  70: R(t)=0.418  acc1=24.27%  acc2=23.43%  ens=23.85%  (best 25.74 @ ep 6)  [17.9s]
  ep  71: R(t)=0.418  acc1=22.91%  acc2=21.70%  ens=22.30%  (best 25.74 @ ep 6)  [16.4s]
  ep  72: R(t)=0.418  acc1=24.22%  acc2=24.67%  ens=24.45%  (best 25.74 @ ep 6)  [16.6s]
  ep  73: R(t)=0.418  acc1=23.91%  acc2=23.79%  ens=23.85%  (best 25.74 @ ep 6)  [16.1s]
  ep  74: R(t)=0.418  acc1=24.38%  acc2=25.40%  ens=24.89%  (best 25.74 @ ep 6)  [17.2s]
  ep  75: R(t)=0.418  acc1=24.64%  acc2=24.38%  ens=24.51%  (best 25.74 @ ep 6)  [22.9s]  [sel1+2: prec=0.445, recall_clean=0.460]
  ep  76: R(t)=0.418  acc1=22.78%  acc2=23.32%  ens=23.05%  (best 25.74 @ ep 6)  [13.1s]
  ep  77: R(t)=0.418  acc1=24.23%  acc2=24.59%  ens=24.41%  (best 25.74 @ ep 6)  [6.7s]
  ep  78: R(t)=0.418  acc1=24.72%  acc2=24.57%  ens=24.64%  (best 25.74 @ ep 6)  [6.5s]
  ep  79: R(t)=0.418  acc1=24.55%  acc2=23.83%  ens=24.19%  (best 25.74 @ ep 6)  [6.4s]
  ep  80: R(t)=0.418  acc1=24.00%  acc2=24.16%  ens=24.08%  (best 25.74 @ ep 6)  [6.6s]
  ep  81: R(t)=0.418  acc1=24.40%  acc2=24.42%  ens=24.41%  (best 25.74 @ ep 6)  [6.6s]
  ep  82: R(t)=0.418  acc1=24.51%  acc2=24.35%  ens=24.43%  (best 25.74 @ ep 6)  [6.5s]
  ep  83: R(t)=0.418  acc1=24.68%  acc2=24.39%  ens=24.54%  (best 25.74 @ ep 6)  [6.3s]
  ep  84: R(t)=0.418  acc1=24.42%  acc2=24.62%  ens=24.52%  (best 25.74 @ ep 6)  [6.4s]
  ep  85: R(t)=0.418  acc1=24.24%  acc2=24.37%  ens=24.30%  (best 25.74 @ ep 6)  [7.3s]
  ep  86: R(t)=0.418  acc1=24.06%  acc2=24.25%  ens=24.15%  (best 25.74 @ ep 6)  [6.6s]
  ep  87: R(t)=0.418  acc1=24.56%  acc2=24.37%  ens=24.46%  (best 25.74 @ ep 6)  [6.4s]
  ep  88: R(t)=0.418  acc1=24.51%  acc2=24.55%  ens=24.53%  (best 25.74 @ ep 6)  [6.4s]
  ep  89: R(t)=0.418  acc1=24.21%  acc2=24.39%  ens=24.30%  (best 25.74 @ ep 6)  [6.5s]
  ep  90: R(t)=0.418  acc1=24.34%  acc2=24.52%  ens=24.43%  (best 25.74 @ ep 6)  [6.5s]
  ep  91: R(t)=0.418  acc1=24.62%  acc2=24.70%  ens=24.66%  (best 25.74 @ ep 6)  [6.5s]
  ep  92: R(t)=0.418  acc1=24.61%  acc2=24.77%  ens=24.69%  (best 25.74 @ ep 6)  [6.6s]
  ep  93: R(t)=0.418  acc1=24.41%  acc2=24.39%  ens=24.40%  (best 25.74 @ ep 6)  [6.4s]
  ep  94: R(t)=0.418  acc1=24.68%  acc2=24.56%  ens=24.62%  (best 25.74 @ ep 6)  [6.6s]
  ep  95: R(t)=0.418  acc1=24.64%  acc2=24.66%  ens=24.65%  (best 25.74 @ ep 6)  [10.6s]
  ep  96: R(t)=0.418  acc1=24.76%  acc2=24.89%  ens=24.82%  (best 25.74 @ ep 6)  [18.2s]
  ep  97: R(t)=0.418  acc1=24.60%  acc2=24.60%  ens=24.60%  (best 25.74 @ ep 6)  [18.6s]
  ep  98: R(t)=0.418  acc1=24.39%  acc2=24.45%  ens=24.42%  (best 25.74 @ ep 6)  [21.3s]
  ep  99: R(t)=0.418  acc1=24.50%  acc2=24.52%  ens=24.51%  (best 25.74 @ ep 6)  [9.6s]  [sel1+2: prec=0.448, recall_clean=0.452]

saved /path/to/ciln-workspace/journal_edition/robustness_transfer/results_v4/coteaching/ours_v2_noisy__pixelate_sev5__seed1.json: best ens-acc 25.74% @ ep 6
