condition=ours_v2_clean__pixelate_sev5 seed=1 gpu=1
/path/to/ciln-workspace/venv/lib/python3.12/site-packages/torchvision/datasets/cifar.py:83: VisibleDeprecationWarning: dtype(): align should be passed as Python or NumPy boolean but got `align=0`. Did you mean to pass a tuple to create a subarray type? (Deprecated NumPy 2.4)
  entry = pickle.load(f, encoding="latin1")
image_source=clean  N_train=22500  noise_rate=58.23%
  ep   0: acc1=19.66%  acc2=24.33%  ens=21.99%  (best 21.99 @ ep 0)  [8.6s]
  ep   1: acc1=20.41%  acc2=25.75%  ens=23.08%  (best 23.08 @ ep 1)  [7.6s]
  ep   2: acc1=26.75%  acc2=33.54%  ens=30.14%  (best 30.14 @ ep 2)  [7.6s]
  ep   3: acc1=34.48%  acc2=35.21%  ens=34.85%  (best 34.85 @ ep 3)  [7.5s]
  ep   4: acc1=26.99%  acc2=30.02%  ens=28.51%  (best 34.85 @ ep 3)  [7.7s]
  ep   5: acc1=32.39%  acc2=32.41%  ens=32.40%  (best 34.85 @ ep 3)  [11.3s]  [w on clean=0.750, on noisy=0.680]
  ep   6: acc1=37.54%  acc2=37.12%  ens=37.33%  (best 37.33 @ ep 6)  [7.6s]
  ep   7: acc1=32.22%  acc2=34.94%  ens=33.58%  (best 37.33 @ ep 6)  [15.1s]
  ep   8: acc1=38.33%  acc2=36.79%  ens=37.56%  (best 37.56 @ ep 8)  [22.1s]
  ep   9: acc1=31.71%  acc2=34.78%  ens=33.25%  (best 37.56 @ ep 8)  [7.5s]
  ep  10: acc1=25.46%  acc2=17.87%  ens=21.66%  (best 37.56 @ ep 8)  [42.3s]  [w on clean=0.692, on noisy=0.750]
  ep  11: acc1=17.68%  acc2=15.28%  ens=16.48%  (best 37.56 @ ep 8)  [47.0s]
  ep  12: acc1=12.33%  acc2=10.91%  ens=11.62%  (best 37.56 @ ep 8)  [37.9s]
  ep  13: acc1=11.10%  acc2=10.27%  ens=10.69%  (best 37.56 @ ep 8)  [39.6s]
  ep  14: acc1=10.80%  acc2=10.58%  ens=10.69%  (best 37.56 @ ep 8)  [202.8s]
  ep  15: acc1=11.04%  acc2=12.67%  ens=11.86%  (best 37.56 @ ep 8)  [117.5s]
  ep  16: acc1=13.03%  acc2=14.54%  ens=13.79%  (best 37.56 @ ep 8)  [46.0s]
  ep  17: acc1=17.68%  acc2=14.77%  ens=16.23%  (best 37.56 @ ep 8)  [39.9s]
  ep  18: acc1=16.38%  acc2=16.40%  ens=16.39%  (best 37.56 @ ep 8)  [94.1s]
  ep  19: acc1=14.83%  acc2=16.84%  ens=15.83%  (best 37.56 @ ep 8)  [39.2s]
  ep  20: acc1=17.96%  acc2=18.83%  ens=18.39%  (best 37.56 @ ep 8)  [45.0s]  [w on clean=0.668, on noisy=0.841]
  ep  21: acc1=16.94%  acc2=14.47%  ens=15.71%  (best 37.56 @ ep 8)  [114.5s]
  ep  22: acc1=16.73%  acc2=17.61%  ens=17.17%  (best 37.56 @ ep 8)  [39.3s]
  ep  23: acc1=18.83%  acc2=20.59%  ens=19.71%  (best 37.56 @ ep 8)  [70.7s]
  ep  24: acc1=19.07%  acc2=16.04%  ens=17.55%  (best 37.56 @ ep 8)  [37.8s]
  ep  25: acc1=16.36%  acc2=19.93%  ens=18.14%  (best 37.56 @ ep 8)  [205.7s]
  ep  26: acc1=16.91%  acc2=18.38%  ens=17.64%  (best 37.56 @ ep 8)  [39.7s]
  ep  27: acc1=18.41%  acc2=19.83%  ens=19.12%  (best 37.56 @ ep 8)  [228.3s]
  ep  28: acc1=21.13%  acc2=21.47%  ens=21.30%  (best 37.56 @ ep 8)  [40.7s]
  ep  29: acc1=21.45%  acc2=19.43%  ens=20.44%  (best 37.56 @ ep 8)  [43.7s]
  ep  30: acc1=21.11%  acc2=21.98%  ens=21.55%  (best 37.56 @ ep 8)  [83.1s]  [w on clean=0.668, on noisy=0.841]
  ep  31: acc1=22.05%  acc2=23.31%  ens=22.68%  (best 37.56 @ ep 8)  [46.5s]
  ep  32: acc1=22.95%  acc2=23.51%  ens=23.23%  (best 37.56 @ ep 8)  [83.8s]
  ep  33: acc1=21.13%  acc2=23.63%  ens=22.38%  (best 37.56 @ ep 8)  [39.7s]
  ep  34: acc1=23.72%  acc2=21.33%  ens=22.53%  (best 37.56 @ ep 8)  [42.9s]
  ep  35: acc1=23.18%  acc2=23.71%  ens=23.45%  (best 37.56 @ ep 8)  [40.2s]
  ep  36: acc1=22.08%  acc2=23.21%  ens=22.64%  (best 37.56 @ ep 8)  [38.1s]
  ep  37: acc1=22.95%  acc2=21.67%  ens=22.31%  (best 37.56 @ ep 8)  [156.7s]
  ep  38: acc1=23.98%  acc2=20.17%  ens=22.07%  (best 37.56 @ ep 8)  [39.7s]
  ep  39: acc1=21.97%  acc2=21.65%  ens=21.81%  (best 37.56 @ ep 8)  [271.1s]
  ep  40: acc1=23.24%  acc2=24.07%  ens=23.65%  (best 37.56 @ ep 8)  [38.0s]
  ep  41: acc1=23.92%  acc2=24.03%  ens=23.98%  (best 37.56 @ ep 8)  [80.1s]
  ep  42: acc1=23.51%  acc2=23.04%  ens=23.28%  (best 37.56 @ ep 8)  [40.1s]
  ep  43: acc1=22.51%  acc2=22.76%  ens=22.63%  (best 37.56 @ ep 8)  [62.3s]
  ep  44: acc1=24.07%  acc2=23.74%  ens=23.90%  (best 37.56 @ ep 8)  [60.3s]
  ep  45: acc1=22.45%  acc2=22.75%  ens=22.60%  (best 37.56 @ ep 8)  [38.6s]
  ep  46: acc1=22.82%  acc2=23.31%  ens=23.06%  (best 37.56 @ ep 8)  [155.6s]
  ep  47: acc1=23.40%  acc2=22.65%  ens=23.03%  (best 37.56 @ ep 8)  [39.5s]
  ep  48: acc1=24.28%  acc2=24.62%  ens=24.45%  (best 37.56 @ ep 8)  [48.0s]
  ep  49: acc1=23.96%  acc2=22.87%  ens=23.41%  (best 37.56 @ ep 8)  [42.3s]
  ep  50: acc1=22.08%  acc2=22.20%  ens=22.14%  (best 37.56 @ ep 8)  [43.3s]  [w on clean=0.668, on noisy=0.840]
  ep  51: acc1=22.19%  acc2=22.86%  ens=22.53%  (best 37.56 @ ep 8)  [67.5s]
  ep  52: acc1=24.49%  acc2=22.90%  ens=23.70%  (best 37.56 @ ep 8)  [40.2s]
  ep  53: acc1=23.33%  acc2=23.21%  ens=23.27%  (best 37.56 @ ep 8)  [48.9s]
  ep  54: acc1=22.79%  acc2=23.68%  ens=23.23%  (best 37.56 @ ep 8)  [81.4s]
  ep  55: acc1=22.80%  acc2=25.22%  ens=24.01%  (best 37.56 @ ep 8)  [39.7s]
  ep  56: acc1=23.07%  acc2=23.46%  ens=23.27%  (best 37.56 @ ep 8)  [111.2s]
  ep  57: acc1=23.30%  acc2=23.38%  ens=23.34%  (best 37.56 @ ep 8)  [39.3s]
  ep  58: acc1=23.57%  acc2=24.17%  ens=23.87%  (best 37.56 @ ep 8)  [143.1s]
  ep  59: acc1=24.15%  acc2=23.77%  ens=23.96%  (best 37.56 @ ep 8)  [47.3s]
  ep  60: acc1=24.63%  acc2=25.10%  ens=24.86%  (best 37.56 @ ep 8)  [42.3s]
  ep  61: acc1=24.86%  acc2=24.35%  ens=24.61%  (best 37.56 @ ep 8)  [46.7s]
  ep  62: acc1=24.08%  acc2=24.53%  ens=24.30%  (best 37.56 @ ep 8)  [39.4s]
  ep  63: acc1=23.86%  acc2=23.03%  ens=23.45%  (best 37.56 @ ep 8)  [41.2s]
  ep  64: acc1=24.46%  acc2=25.02%  ens=24.74%  (best 37.56 @ ep 8)  [98.2s]
  ep  65: acc1=24.44%  acc2=25.30%  ens=24.87%  (best 37.56 @ ep 8)  [40.2s]
  ep  66: acc1=24.31%  acc2=25.67%  ens=24.99%  (best 37.56 @ ep 8)  [65.0s]
  ep  67: acc1=25.87%  acc2=25.20%  ens=25.53%  (best 37.56 @ ep 8)  [39.7s]
  ep  68: acc1=24.57%  acc2=24.67%  ens=24.62%  (best 37.56 @ ep 8)  [58.8s]
  ep  69: acc1=24.22%  acc2=24.32%  ens=24.27%  (best 37.56 @ ep 8)  [60.0s]
  ep  70: acc1=23.27%  acc2=25.38%  ens=24.33%  (best 37.56 @ ep 8)  [47.4s]
  ep  71: acc1=25.23%  acc2=25.49%  ens=25.36%  (best 37.56 @ ep 8)  [157.1s]
  ep  72: acc1=26.03%  acc2=24.17%  ens=25.10%  (best 37.56 @ ep 8)  [40.8s]
  ep  73: acc1=25.25%  acc2=26.04%  ens=25.64%  (best 37.56 @ ep 8)  [105.0s]
  ep  74: acc1=26.16%  acc2=25.17%  ens=25.66%  (best 37.56 @ ep 8)  [40.2s]
  ep  75: acc1=24.89%  acc2=25.09%  ens=24.99%  (best 37.56 @ ep 8)  [149.7s]  [w on clean=0.668, on noisy=0.841]
  ep  76: acc1=25.27%  acc2=24.73%  ens=25.00%  (best 37.56 @ ep 8)  [39.5s]
  ep  77: acc1=24.33%  acc2=24.28%  ens=24.30%  (best 37.56 @ ep 8)  [118.3s]
  ep  78: acc1=26.14%  acc2=25.47%  ens=25.80%  (best 37.56 @ ep 8)  [45.4s]
  ep  79: acc1=25.27%  acc2=25.13%  ens=25.20%  (best 37.56 @ ep 8)  [40.2s]
  ep  80: acc1=25.36%  acc2=25.41%  ens=25.39%  (best 37.56 @ ep 8)  [51.6s]
  ep  81: acc1=25.65%  acc2=25.66%  ens=25.66%  (best 37.56 @ ep 8)  [40.3s]
  ep  82: acc1=26.02%  acc2=26.02%  ens=26.02%  (best 37.56 @ ep 8)  [53.8s]
  ep  83: acc1=26.00%  acc2=26.02%  ens=26.01%  (best 37.56 @ ep 8)  [48.1s]
  ep  84: acc1=25.64%  acc2=25.34%  ens=25.49%  (best 37.56 @ ep 8)  [38.9s]
  ep  85: acc1=26.08%  acc2=26.39%  ens=26.23%  (best 37.56 @ ep 8)  [77.0s]
  ep  86: acc1=25.89%  acc2=25.12%  ens=25.50%  (best 37.56 @ ep 8)  [38.8s]
  ep  87: acc1=25.47%  acc2=25.60%  ens=25.53%  (best 37.56 @ ep 8)  [42.0s]
  ep  88: acc1=26.01%  acc2=25.88%  ens=25.94%  (best 37.56 @ ep 8)  [39.3s]
  ep  89: acc1=25.92%  acc2=25.53%  ens=25.72%  (best 37.56 @ ep 8)  [48.9s]
  ep  90: acc1=25.40%  acc2=25.47%  ens=25.43%  (best 37.56 @ ep 8)  [47.1s]
  ep  91: acc1=25.55%  acc2=25.89%  ens=25.72%  (best 37.56 @ ep 8)  [40.3s]
  ep  92: acc1=25.70%  acc2=25.71%  ens=25.70%  (best 37.56 @ ep 8)  [135.7s]
  ep  93: acc1=25.85%  acc2=25.64%  ens=25.75%  (best 37.56 @ ep 8)  [43.0s]
  ep  94: acc1=25.61%  acc2=25.66%  ens=25.63%  (best 37.56 @ ep 8)  [46.3s]
  ep  95: acc1=25.74%  acc2=25.68%  ens=25.71%  (best 37.56 @ ep 8)  [122.4s]
  ep  96: acc1=25.75%  acc2=25.58%  ens=25.67%  (best 37.56 @ ep 8)  [39.9s]
  ep  97: acc1=25.89%  acc2=25.90%  ens=25.90%  (best 37.56 @ ep 8)  [125.1s]
  ep  98: acc1=25.82%  acc2=25.91%  ens=25.86%  (best 37.56 @ ep 8)  [39.9s]
  ep  99: acc1=25.92%  acc2=25.37%  ens=25.64%  (best 37.56 @ ep 8)  [71.7s]  [w on clean=0.668, on noisy=0.841]

saved /path/to/ciln-workspace/journal_edition/robustness_transfer/results_v4/dividemix/ours_v2_clean__pixelate_sev5__seed1.json: best ens-acc 37.56% @ ep 8
