condition=ours_v2_noisy__elastic_transform_sev3 seed=0 gpu=2
/path/to/ciln-workspace/venv/lib/python3.12/site-packages/torchvision/datasets/cifar.py:83: VisibleDeprecationWarning: dtype(): align should be passed as Python or NumPy boolean but got `align=0`. Did you mean to pass a tuple to create a subarray type? (Deprecated NumPy 2.4)
  entry = pickle.load(f, encoding="latin1")
image_source=noisy  N=22500  noise_rate=17.52%
  ep   0: R(t)=1.000  acc1=34.67%  acc2=32.95%  ens=33.81%  (best 33.81 @ ep 0)  [7.2s]
  ep   1: R(t)=0.945  acc1=37.05%  acc2=39.86%  ens=38.45%  (best 38.45 @ ep 1)  [6.3s]
  ep   2: R(t)=0.922  acc1=40.82%  acc2=46.53%  ens=43.67%  (best 43.67 @ ep 2)  [6.4s]
  ep   3: R(t)=0.904  acc1=43.78%  acc2=47.51%  ens=45.65%  (best 45.65 @ ep 3)  [6.1s]
  ep   4: R(t)=0.889  acc1=53.44%  acc2=49.18%  ens=51.31%  (best 51.31 @ ep 4)  [6.5s]
  ep   5: R(t)=0.876  acc1=46.93%  acc2=48.42%  ens=47.67%  (best 51.31 @ ep 4)  [9.9s]  [sel1+2: prec=0.847, recall_clean=0.932]
  ep   6: R(t)=0.864  acc1=52.40%  acc2=56.13%  ens=54.27%  (best 54.27 @ ep 6)  [6.4s]
  ep   7: R(t)=0.853  acc1=58.82%  acc2=62.45%  ens=60.63%  (best 60.63 @ ep 7)  [18.2s]
  ep   8: R(t)=0.843  acc1=54.48%  acc2=51.86%  ens=53.17%  (best 60.63 @ ep 7)  [18.5s]
  ep   9: R(t)=0.834  acc1=62.56%  acc2=60.98%  ens=61.77%  (best 61.77 @ ep 9)  [17.5s]
  ep  10: R(t)=0.825  acc1=59.82%  acc2=62.03%  ens=60.92%  (best 61.77 @ ep 9)  [23.9s]  [sel1+2: prec=0.867, recall_clean=0.915]
  ep  11: R(t)=0.825  acc1=52.46%  acc2=62.69%  ens=57.57%  (best 61.77 @ ep 9)  [20.4s]
  ep  12: R(t)=0.825  acc1=64.92%  acc2=59.80%  ens=62.36%  (best 62.36 @ ep 12)  [18.3s]
  ep  13: R(t)=0.825  acc1=60.29%  acc2=52.71%  ens=56.50%  (best 62.36 @ ep 12)  [18.8s]
  ep  14: R(t)=0.825  acc1=62.55%  acc2=62.17%  ens=62.36%  (best 62.36 @ ep 12)  [17.5s]
  ep  15: R(t)=0.825  acc1=57.44%  acc2=59.81%  ens=58.62%  (best 62.36 @ ep 12)  [18.9s]
  ep  16: R(t)=0.825  acc1=67.69%  acc2=67.00%  ens=67.34%  (best 67.34 @ ep 16)  [14.8s]
  ep  17: R(t)=0.825  acc1=67.50%  acc2=68.46%  ens=67.98%  (best 67.98 @ ep 17)  [6.5s]
  ep  18: R(t)=0.825  acc1=65.68%  acc2=68.48%  ens=67.08%  (best 67.98 @ ep 17)  [6.9s]
  ep  19: R(t)=0.825  acc1=61.05%  acc2=67.18%  ens=64.11%  (best 67.98 @ ep 17)  [7.0s]
  ep  20: R(t)=0.825  acc1=59.39%  acc2=68.46%  ens=63.92%  (best 67.98 @ ep 17)  [9.8s]  [sel1+2: prec=0.876, recall_clean=0.924]
  ep  21: R(t)=0.825  acc1=64.11%  acc2=62.75%  ens=63.43%  (best 67.98 @ ep 17)  [6.6s]
  ep  22: R(t)=0.825  acc1=66.47%  acc2=65.07%  ens=65.77%  (best 67.98 @ ep 17)  [6.7s]
  ep  23: R(t)=0.825  acc1=70.34%  acc2=71.87%  ens=71.10%  (best 71.10 @ ep 23)  [6.6s]
  ep  24: R(t)=0.825  acc1=69.27%  acc2=64.83%  ens=67.05%  (best 71.10 @ ep 23)  [6.5s]
  ep  25: R(t)=0.825  acc1=61.74%  acc2=61.79%  ens=61.77%  (best 71.10 @ ep 23)  [14.7s]
  ep  26: R(t)=0.825  acc1=70.18%  acc2=72.06%  ens=71.12%  (best 71.12 @ ep 26)  [15.2s]
  ep  27: R(t)=0.825  acc1=69.09%  acc2=69.90%  ens=69.49%  (best 71.12 @ ep 26)  [6.5s]
  ep  28: R(t)=0.825  acc1=66.72%  acc2=62.80%  ens=64.76%  (best 71.12 @ ep 26)  [6.7s]
  ep  29: R(t)=0.825  acc1=51.92%  acc2=63.61%  ens=57.77%  (best 71.12 @ ep 26)  [6.6s]
  ep  30: R(t)=0.825  acc1=69.46%  acc2=65.90%  ens=67.68%  (best 71.12 @ ep 26)  [10.3s]  [sel1+2: prec=0.881, recall_clean=0.929]
  ep  31: R(t)=0.825  acc1=64.46%  acc2=66.11%  ens=65.28%  (best 71.12 @ ep 26)  [6.4s]
  ep  32: R(t)=0.825  acc1=69.62%  acc2=70.50%  ens=70.06%  (best 71.12 @ ep 26)  [6.2s]
  ep  33: R(t)=0.825  acc1=68.79%  acc2=70.78%  ens=69.78%  (best 71.12 @ ep 26)  [6.5s]
  ep  34: R(t)=0.825  acc1=72.76%  acc2=62.93%  ens=67.84%  (best 71.12 @ ep 26)  [6.2s]
  ep  35: R(t)=0.825  acc1=69.34%  acc2=67.38%  ens=68.36%  (best 71.12 @ ep 26)  [10.6s]
  ep  36: R(t)=0.825  acc1=73.28%  acc2=71.31%  ens=72.30%  (best 72.30 @ ep 36)  [19.2s]
  ep  37: R(t)=0.825  acc1=71.67%  acc2=62.95%  ens=67.31%  (best 72.30 @ ep 36)  [17.3s]
  ep  38: R(t)=0.825  acc1=66.99%  acc2=67.46%  ens=67.22%  (best 72.30 @ ep 36)  [17.9s]
  ep  39: R(t)=0.825  acc1=69.39%  acc2=70.59%  ens=69.99%  (best 72.30 @ ep 36)  [15.0s]
  ep  40: R(t)=0.825  acc1=71.89%  acc2=71.14%  ens=71.52%  (best 72.30 @ ep 36)  [6.5s]
  ep  41: R(t)=0.825  acc1=66.22%  acc2=68.97%  ens=67.59%  (best 72.30 @ ep 36)  [6.5s]
  ep  42: R(t)=0.825  acc1=64.30%  acc2=65.54%  ens=64.92%  (best 72.30 @ ep 36)  [6.5s]
  ep  43: R(t)=0.825  acc1=69.60%  acc2=70.54%  ens=70.07%  (best 72.30 @ ep 36)  [6.4s]
  ep  44: R(t)=0.825  acc1=72.86%  acc2=74.39%  ens=73.62%  (best 73.62 @ ep 44)  [6.5s]
  ep  45: R(t)=0.825  acc1=70.36%  acc2=72.79%  ens=71.58%  (best 73.62 @ ep 44)  [6.5s]
  ep  46: R(t)=0.825  acc1=74.24%  acc2=74.64%  ens=74.44%  (best 74.44 @ ep 46)  [6.5s]
  ep  47: R(t)=0.825  acc1=68.63%  acc2=72.48%  ens=70.56%  (best 74.44 @ ep 46)  [6.7s]
  ep  48: R(t)=0.825  acc1=75.69%  acc2=73.21%  ens=74.45%  (best 74.45 @ ep 48)  [6.9s]
  ep  49: R(t)=0.825  acc1=73.55%  acc2=66.91%  ens=70.23%  (best 74.45 @ ep 48)  [7.2s]
  ep  50: R(t)=0.825  acc1=72.79%  acc2=69.24%  ens=71.02%  (best 74.45 @ ep 48)  [10.3s]  [sel1+2: prec=0.890, recall_clean=0.934]
  ep  51: R(t)=0.825  acc1=75.33%  acc2=77.24%  ens=76.28%  (best 76.28 @ ep 51)  [6.5s]
  ep  52: R(t)=0.825  acc1=75.28%  acc2=70.30%  ens=72.79%  (best 76.28 @ ep 51)  [6.3s]
  ep  53: R(t)=0.825  acc1=69.90%  acc2=77.64%  ens=73.77%  (best 76.28 @ ep 51)  [6.5s]
  ep  54: R(t)=0.825  acc1=73.39%  acc2=76.52%  ens=74.95%  (best 76.28 @ ep 51)  [6.4s]
  ep  55: R(t)=0.825  acc1=76.02%  acc2=72.08%  ens=74.05%  (best 76.28 @ ep 51)  [6.5s]
  ep  56: R(t)=0.825  acc1=77.07%  acc2=75.40%  ens=76.24%  (best 76.28 @ ep 51)  [6.3s]
  ep  57: R(t)=0.825  acc1=76.37%  acc2=75.30%  ens=75.84%  (best 76.28 @ ep 51)  [6.3s]
  ep  58: R(t)=0.825  acc1=78.01%  acc2=71.11%  ens=74.56%  (best 76.28 @ ep 51)  [12.0s]
  ep  59: R(t)=0.825  acc1=70.28%  acc2=75.98%  ens=73.13%  (best 76.28 @ ep 51)  [16.8s]
  ep  60: R(t)=0.825  acc1=76.68%  acc2=75.94%  ens=76.31%  (best 76.31 @ ep 60)  [18.5s]
  ep  61: R(t)=0.825  acc1=76.55%  acc2=77.58%  ens=77.07%  (best 77.07 @ ep 61)  [17.2s]
  ep  62: R(t)=0.825  acc1=78.28%  acc2=75.86%  ens=77.07%  (best 77.07 @ ep 62)  [17.8s]
  ep  63: R(t)=0.825  acc1=76.83%  acc2=76.93%  ens=76.88%  (best 77.07 @ ep 62)  [16.7s]
  ep  64: R(t)=0.825  acc1=78.34%  acc2=78.04%  ens=78.19%  (best 78.19 @ ep 64)  [17.4s]
  ep  65: R(t)=0.825  acc1=78.50%  acc2=76.74%  ens=77.62%  (best 78.19 @ ep 64)  [16.0s]
  ep  66: R(t)=0.825  acc1=79.51%  acc2=78.13%  ens=78.82%  (best 78.82 @ ep 66)  [6.5s]
  ep  67: R(t)=0.825  acc1=78.15%  acc2=78.63%  ens=78.39%  (best 78.82 @ ep 66)  [6.5s]
  ep  68: R(t)=0.825  acc1=76.57%  acc2=77.64%  ens=77.11%  (best 78.82 @ ep 66)  [6.6s]
  ep  69: R(t)=0.825  acc1=76.54%  acc2=76.93%  ens=76.73%  (best 78.82 @ ep 66)  [6.5s]
  ep  70: R(t)=0.825  acc1=76.65%  acc2=75.65%  ens=76.15%  (best 78.82 @ ep 66)  [6.6s]
  ep  71: R(t)=0.825  acc1=78.46%  acc2=75.94%  ens=77.20%  (best 78.82 @ ep 66)  [6.5s]
  ep  72: R(t)=0.825  acc1=77.56%  acc2=78.18%  ens=77.87%  (best 78.82 @ ep 66)  [6.6s]
  ep  73: R(t)=0.825  acc1=78.23%  acc2=78.78%  ens=78.50%  (best 78.82 @ ep 66)  [6.2s]
  ep  74: R(t)=0.825  acc1=80.43%  acc2=79.96%  ens=80.19%  (best 80.19 @ ep 74)  [6.5s]
  ep  75: R(t)=0.825  acc1=77.78%  acc2=78.73%  ens=78.26%  (best 80.19 @ ep 74)  [15.7s]  [sel1+2: prec=0.898, recall_clean=0.938]
  ep  76: R(t)=0.825  acc1=78.28%  acc2=79.26%  ens=78.77%  (best 80.19 @ ep 74)  [8.2s]
  ep  77: R(t)=0.825  acc1=79.01%  acc2=79.97%  ens=79.49%  (best 80.19 @ ep 74)  [6.5s]
  ep  78: R(t)=0.825  acc1=80.91%  acc2=80.42%  ens=80.67%  (best 80.67 @ ep 78)  [6.5s]
  ep  79: R(t)=0.825  acc1=81.28%  acc2=80.75%  ens=81.01%  (best 81.01 @ ep 79)  [6.5s]
  ep  80: R(t)=0.825  acc1=80.75%  acc2=80.70%  ens=80.73%  (best 81.01 @ ep 79)  [6.6s]
  ep  81: R(t)=0.825  acc1=81.08%  acc2=81.10%  ens=81.09%  (best 81.09 @ ep 81)  [6.4s]
  ep  82: R(t)=0.825  acc1=81.75%  acc2=81.79%  ens=81.77%  (best 81.77 @ ep 82)  [6.4s]
  ep  83: R(t)=0.825  acc1=80.36%  acc2=81.87%  ens=81.12%  (best 81.77 @ ep 82)  [6.8s]
  ep  84: R(t)=0.825  acc1=81.78%  acc2=81.24%  ens=81.51%  (best 81.77 @ ep 82)  [6.9s]
  ep  85: R(t)=0.825  acc1=81.34%  acc2=81.68%  ens=81.51%  (best 81.77 @ ep 82)  [9.1s]
  ep  86: R(t)=0.825  acc1=81.78%  acc2=82.00%  ens=81.89%  (best 81.89 @ ep 86)  [20.1s]
  ep  87: R(t)=0.825  acc1=81.62%  acc2=81.50%  ens=81.56%  (best 81.89 @ ep 86)  [19.0s]
  ep  88: R(t)=0.825  acc1=81.78%  acc2=81.32%  ens=81.55%  (best 81.89 @ ep 86)  [20.7s]
  ep  89: R(t)=0.825  acc1=81.89%  acc2=81.88%  ens=81.88%  (best 81.89 @ ep 86)  [22.3s]
  ep  90: R(t)=0.825  acc1=82.64%  acc2=81.72%  ens=82.18%  (best 82.18 @ ep 90)  [20.2s]
  ep  91: R(t)=0.825  acc1=82.33%  acc2=81.81%  ens=82.07%  (best 82.18 @ ep 90)  [20.1s]
  ep  92: R(t)=0.825  acc1=82.15%  acc2=81.84%  ens=81.99%  (best 82.18 @ ep 90)  [19.9s]
  ep  93: R(t)=0.825  acc1=82.33%  acc2=82.02%  ens=82.17%  (best 82.18 @ ep 90)  [20.2s]
  ep  94: R(t)=0.825  acc1=82.21%  acc2=81.72%  ens=81.97%  (best 82.18 @ ep 90)  [21.0s]
  ep  95: R(t)=0.825  acc1=81.84%  acc2=81.54%  ens=81.69%  (best 82.18 @ ep 90)  [20.5s]
  ep  96: R(t)=0.825  acc1=82.44%  acc2=82.12%  ens=82.28%  (best 82.28 @ ep 96)  [20.3s]
  ep  97: R(t)=0.825  acc1=82.40%  acc2=81.97%  ens=82.19%  (best 82.28 @ ep 96)  [20.5s]
  ep  98: R(t)=0.825  acc1=82.51%  acc2=82.16%  ens=82.34%  (best 82.34 @ ep 98)  [18.6s]
  ep  99: R(t)=0.825  acc1=82.43%  acc2=82.07%  ens=82.25%  (best 82.34 @ ep 98)  [26.0s]  [sel1+2: prec=0.904, recall_clean=0.933]

saved /path/to/ciln-workspace/journal_edition/robustness_transfer/results_v4/coteaching/ours_v2_noisy__elastic_transform_sev3__seed0.json: best ens-acc 82.34% @ ep 98
