condition=ours_v2_noisy__pixelate_sev5 seed=1 gpu=2
/path/to/ciln-workspace/venv/lib/python3.12/site-packages/torchvision/datasets/cifar.py:83: VisibleDeprecationWarning: dtype(): align should be passed as Python or NumPy boolean but got `align=0`. Did you mean to pass a tuple to create a subarray type? (Deprecated NumPy 2.4)
  entry = pickle.load(f, encoding="latin1")
image_source=noisy  N=22500  noise_rate=58.23%
  ep   0: loss=1.7034  test_acc=15.64%  (best 15.64 @ ep 0)  [4.2s]
  ep   1: loss=1.5509  test_acc=23.23%  (best 23.23 @ ep 1)  [3.8s]
  ep   2: loss=1.4635  test_acc=26.42%  (best 26.42 @ ep 2)  [3.5s]
  ep   3: loss=1.4030  test_acc=30.09%  (best 30.09 @ ep 3)  [3.6s]
  ep   4: loss=1.3762  test_acc=28.20%  (best 30.09 @ ep 3)  [3.9s]
  ep   5: loss=1.3449  test_acc=27.21%  (best 30.09 @ ep 3)  [5.8s]  [logged per-sample loss: mean=1.416]
  ep   6: loss=1.3244  test_acc=30.79%  (best 30.79 @ ep 6)  [3.7s]
  ep   7: loss=1.3081  test_acc=28.57%  (best 30.79 @ ep 6)  [3.5s]
  ep   8: loss=1.2939  test_acc=29.23%  (best 30.79 @ ep 6)  [3.7s]
  ep   9: loss=1.2844  test_acc=36.15%  (best 36.15 @ ep 9)  [3.7s]
  ep  10: loss=1.2718  test_acc=36.55%  (best 36.55 @ ep 10)  [5.1s]  [logged per-sample loss: mean=1.276]
  ep  11: loss=1.2613  test_acc=33.50%  (best 36.55 @ ep 10)  [3.7s]
  ep  12: loss=1.2562  test_acc=31.48%  (best 36.55 @ ep 10)  [6.8s]
  ep  13: loss=1.2451  test_acc=35.16%  (best 36.55 @ ep 10)  [3.8s]
  ep  14: loss=1.2461  test_acc=34.47%  (best 36.55 @ ep 10)  [3.8s]
  ep  15: loss=1.2389  test_acc=35.57%  (best 36.55 @ ep 10)  [3.7s]
  ep  16: loss=1.2327  test_acc=33.76%  (best 36.55 @ ep 10)  [3.5s]
  ep  17: loss=1.2243  test_acc=32.52%  (best 36.55 @ ep 10)  [3.6s]
  ep  18: loss=1.2285  test_acc=40.59%  (best 40.59 @ ep 18)  [3.8s]
  ep  19: loss=1.2097  test_acc=35.27%  (best 40.59 @ ep 18)  [3.7s]
  ep  20: loss=1.2096  test_acc=39.66%  (best 40.59 @ ep 18)  [5.4s]  [logged per-sample loss: mean=1.264]
  ep  21: loss=1.2031  test_acc=38.44%  (best 40.59 @ ep 18)  [3.8s]
  ep  22: loss=1.2006  test_acc=40.25%  (best 40.59 @ ep 18)  [3.7s]
  ep  23: loss=1.1907  test_acc=37.66%  (best 40.59 @ ep 18)  [3.7s]
  ep  24: loss=1.1902  test_acc=40.75%  (best 40.75 @ ep 24)  [3.7s]
  ep  25: loss=1.1871  test_acc=38.57%  (best 40.75 @ ep 24)  [4.0s]
  ep  26: loss=1.1794  test_acc=35.11%  (best 40.75 @ ep 24)  [3.7s]
  ep  27: loss=1.1698  test_acc=39.56%  (best 40.75 @ ep 24)  [3.6s]
  ep  28: loss=1.1665  test_acc=45.18%  (best 45.18 @ ep 28)  [3.9s]
  ep  29: loss=1.1686  test_acc=35.44%  (best 45.18 @ ep 28)  [8.4s]
  ep  30: loss=1.1653  test_acc=32.71%  (best 45.18 @ ep 28)  [10.3s]  [logged per-sample loss: mean=1.341]
  ep  31: loss=1.1499  test_acc=38.48%  (best 45.18 @ ep 28)  [8.5s]
  ep  32: loss=1.1471  test_acc=39.20%  (best 45.18 @ ep 28)  [8.8s]
  ep  33: loss=1.1513  test_acc=36.95%  (best 45.18 @ ep 28)  [8.5s]
  ep  34: loss=1.1474  test_acc=44.43%  (best 45.18 @ ep 28)  [8.6s]
  ep  35: loss=1.1305  test_acc=43.03%  (best 45.18 @ ep 28)  [8.0s]
  ep  36: loss=1.1357  test_acc=41.38%  (best 45.18 @ ep 28)  [8.8s]
  ep  37: loss=1.1276  test_acc=37.16%  (best 45.18 @ ep 28)  [7.8s]
  ep  38: loss=1.1257  test_acc=40.33%  (best 45.18 @ ep 28)  [8.2s]
  ep  39: loss=1.1270  test_acc=43.72%  (best 45.18 @ ep 28)  [8.5s]
  ep  40: loss=1.1165  test_acc=40.15%  (best 45.18 @ ep 28)  [8.3s]
  ep  41: loss=1.1140  test_acc=40.52%  (best 45.18 @ ep 28)  [8.0s]
  ep  42: loss=1.1105  test_acc=38.30%  (best 45.18 @ ep 28)  [8.7s]
  ep  43: loss=1.1020  test_acc=36.44%  (best 45.18 @ ep 28)  [8.3s]
  ep  44: loss=1.0962  test_acc=40.84%  (best 45.18 @ ep 28)  [8.0s]
  ep  45: loss=1.0940  test_acc=39.92%  (best 45.18 @ ep 28)  [8.4s]
  ep  46: loss=1.0912  test_acc=38.81%  (best 45.18 @ ep 28)  [8.3s]
  ep  47: loss=1.0834  test_acc=38.13%  (best 45.18 @ ep 28)  [7.9s]
  ep  48: loss=1.0733  test_acc=41.01%  (best 45.18 @ ep 28)  [8.4s]
  ep  49: loss=1.0754  test_acc=38.04%  (best 45.18 @ ep 28)  [8.1s]
  ep  50: loss=1.0693  test_acc=48.00%  (best 48.00 @ ep 50)  [11.2s]  [logged per-sample loss: mean=1.187]
  ep  51: loss=1.0667  test_acc=44.01%  (best 48.00 @ ep 50)  [8.4s]
  ep  52: loss=1.0611  test_acc=42.18%  (best 48.00 @ ep 50)  [8.3s]
  ep  53: loss=1.0517  test_acc=45.23%  (best 48.00 @ ep 50)  [8.5s]
  ep  54: loss=1.0423  test_acc=42.25%  (best 48.00 @ ep 50)  [8.0s]
  ep  55: loss=1.0409  test_acc=47.87%  (best 48.00 @ ep 50)  [8.7s]
  ep  56: loss=1.0329  test_acc=40.50%  (best 48.00 @ ep 50)  [8.1s]
  ep  57: loss=1.0225  test_acc=45.23%  (best 48.00 @ ep 50)  [8.4s]
  ep  58: loss=1.0141  test_acc=41.73%  (best 48.00 @ ep 50)  [8.5s]
  ep  59: loss=1.0109  test_acc=36.68%  (best 48.00 @ ep 50)  [8.5s]
  ep  60: loss=1.0015  test_acc=42.74%  (best 48.00 @ ep 50)  [3.6s]
  ep  61: loss=0.9949  test_acc=44.20%  (best 48.00 @ ep 50)  [3.6s]
  ep  62: loss=0.9781  test_acc=49.52%  (best 49.52 @ ep 62)  [3.5s]
  ep  63: loss=0.9790  test_acc=41.63%  (best 49.52 @ ep 62)  [3.6s]
  ep  64: loss=0.9709  test_acc=45.93%  (best 49.52 @ ep 62)  [3.9s]
  ep  65: loss=0.9546  test_acc=49.16%  (best 49.52 @ ep 62)  [3.6s]
  ep  66: loss=0.9476  test_acc=48.32%  (best 49.52 @ ep 62)  [3.7s]
  ep  67: loss=0.9409  test_acc=42.24%  (best 49.52 @ ep 62)  [3.5s]
  ep  68: loss=0.9312  test_acc=46.57%  (best 49.52 @ ep 62)  [3.5s]
  ep  69: loss=0.9124  test_acc=46.81%  (best 49.52 @ ep 62)  [3.7s]
  ep  70: loss=0.9068  test_acc=44.93%  (best 49.52 @ ep 62)  [3.5s]
  ep  71: loss=0.8960  test_acc=46.26%  (best 49.52 @ ep 62)  [3.5s]
  ep  72: loss=0.8788  test_acc=43.78%  (best 49.52 @ ep 62)  [3.6s]
  ep  73: loss=0.8668  test_acc=47.31%  (best 49.52 @ ep 62)  [3.7s]
  ep  74: loss=0.8570  test_acc=48.97%  (best 49.52 @ ep 62)  [3.7s]
  ep  75: loss=0.8399  test_acc=47.01%  (best 49.52 @ ep 62)  [5.3s]  [logged per-sample loss: mean=0.830]
  ep  76: loss=0.8245  test_acc=47.62%  (best 49.52 @ ep 62)  [7.2s]
  ep  77: loss=0.8068  test_acc=46.56%  (best 49.52 @ ep 62)  [8.6s]
  ep  78: loss=0.7865  test_acc=45.37%  (best 49.52 @ ep 62)  [8.0s]
  ep  79: loss=0.7746  test_acc=44.41%  (best 49.52 @ ep 62)  [7.9s]
  ep  80: loss=0.7534  test_acc=43.65%  (best 49.52 @ ep 62)  [8.1s]
  ep  81: loss=0.7349  test_acc=48.71%  (best 49.52 @ ep 62)  [8.0s]
  ep  82: loss=0.7170  test_acc=48.26%  (best 49.52 @ ep 62)  [7.6s]
  ep  83: loss=0.7019  test_acc=46.54%  (best 49.52 @ ep 62)  [8.1s]
  ep  84: loss=0.6766  test_acc=44.68%  (best 49.52 @ ep 62)  [8.1s]
  ep  85: loss=0.6604  test_acc=45.73%  (best 49.52 @ ep 62)  [8.4s]
  ep  86: loss=0.6409  test_acc=45.08%  (best 49.52 @ ep 62)  [8.7s]
  ep  87: loss=0.6205  test_acc=43.81%  (best 49.52 @ ep 62)  [8.9s]
  ep  88: loss=0.5983  test_acc=46.28%  (best 49.52 @ ep 62)  [8.4s]
  ep  89: loss=0.5821  test_acc=46.15%  (best 49.52 @ ep 62)  [8.6s]
  ep  90: loss=0.5570  test_acc=45.21%  (best 49.52 @ ep 62)  [8.8s]
  ep  91: loss=0.5377  test_acc=47.07%  (best 49.52 @ ep 62)  [10.9s]
  ep  92: loss=0.5237  test_acc=46.23%  (best 49.52 @ ep 62)  [9.5s]
  ep  93: loss=0.5148  test_acc=46.83%  (best 49.52 @ ep 62)  [4.5s]
  ep  94: loss=0.5022  test_acc=45.64%  (best 49.52 @ ep 62)  [3.9s]
  ep  95: loss=0.4941  test_acc=45.50%  (best 49.52 @ ep 62)  [3.9s]
  ep  96: loss=0.4851  test_acc=45.78%  (best 49.52 @ ep 62)  [3.7s]
  ep  97: loss=0.4778  test_acc=45.44%  (best 49.52 @ ep 62)  [3.7s]
  ep  98: loss=0.4726  test_acc=45.07%  (best 49.52 @ ep 62)  [3.8s]
  ep  99: loss=0.4701  test_acc=45.15%  (best 49.52 @ ep 62)  [5.7s]  [logged per-sample loss: mean=0.419]

saved /path/to/ciln-workspace/journal_edition/robustness_transfer/results_v4/erm/ours_v2_noisy__pixelate_sev5__seed1.json: best 49.52% @ ep 62
