condition=ours_v2_noisy__defocus_blur_sev1 seed=1 gpu=2
/path/to/ciln-workspace/venv/lib/python3.12/site-packages/torchvision/datasets/cifar.py:83: VisibleDeprecationWarning: dtype(): align should be passed as Python or NumPy boolean but got `align=0`. Did you mean to pass a tuple to create a subarray type? (Deprecated NumPy 2.4)
  entry = pickle.load(f, encoding="latin1")
image_source=noisy  N=22500  noise_rate=8.62%
  ep   0: R(t)=1.000  acc1=33.10%  acc2=31.48%  ens=32.29%  (best 32.29 @ ep 0)  [7.7s]
  ep   1: R(t)=0.973  acc1=51.02%  acc2=41.17%  ens=46.09%  (best 46.09 @ ep 1)  [6.7s]
  ep   2: R(t)=0.961  acc1=48.71%  acc2=47.45%  ens=48.08%  (best 48.08 @ ep 2)  [6.5s]
  ep   3: R(t)=0.953  acc1=55.78%  acc2=53.87%  ens=54.82%  (best 54.82 @ ep 3)  [6.8s]
  ep   4: R(t)=0.945  acc1=60.99%  acc2=58.72%  ens=59.86%  (best 59.86 @ ep 4)  [6.7s]
  ep   5: R(t)=0.939  acc1=53.56%  acc2=60.21%  ens=56.88%  (best 59.86 @ ep 4)  [10.4s]  [sel1+2: prec=0.925, recall_clean=0.969]
  ep   6: R(t)=0.933  acc1=55.61%  acc2=59.20%  ens=57.40%  (best 59.86 @ ep 4)  [6.6s]
  ep   7: R(t)=0.928  acc1=64.17%  acc2=60.41%  ens=62.29%  (best 62.29 @ ep 7)  [19.7s]
  ep   8: R(t)=0.923  acc1=62.21%  acc2=67.16%  ens=64.68%  (best 64.68 @ ep 8)  [18.6s]
  ep   9: R(t)=0.918  acc1=68.29%  acc2=66.07%  ens=67.18%  (best 67.18 @ ep 9)  [6.6s]
  ep  10: R(t)=0.914  acc1=67.73%  acc2=67.76%  ens=67.75%  (best 67.75 @ ep 10)  [10.1s]  [sel1+2: prec=0.931, recall_clean=0.960]
  ep  11: R(t)=0.914  acc1=60.14%  acc2=66.37%  ens=63.25%  (best 67.75 @ ep 10)  [6.6s]
  ep  12: R(t)=0.914  acc1=69.55%  acc2=71.92%  ens=70.73%  (best 70.73 @ ep 12)  [6.3s]
  ep  13: R(t)=0.914  acc1=67.38%  acc2=68.58%  ens=67.98%  (best 70.73 @ ep 12)  [6.2s]
  ep  14: R(t)=0.914  acc1=73.89%  acc2=73.06%  ens=73.47%  (best 73.47 @ ep 14)  [6.5s]
  ep  15: R(t)=0.914  acc1=69.70%  acc2=72.79%  ens=71.25%  (best 73.47 @ ep 14)  [6.4s]
  ep  16: R(t)=0.914  acc1=74.13%  acc2=73.60%  ens=73.87%  (best 73.87 @ ep 16)  [6.5s]
  ep  17: R(t)=0.914  acc1=66.01%  acc2=74.09%  ens=70.05%  (best 73.87 @ ep 16)  [7.7s]
  ep  18: R(t)=0.914  acc1=69.21%  acc2=61.32%  ens=65.27%  (best 73.87 @ ep 16)  [18.5s]
  ep  19: R(t)=0.914  acc1=62.61%  acc2=71.73%  ens=67.17%  (best 73.87 @ ep 16)  [17.4s]
  ep  20: R(t)=0.914  acc1=72.51%  acc2=66.93%  ens=69.72%  (best 73.87 @ ep 16)  [23.5s]  [sel1+2: prec=0.936, recall_clean=0.964]
  ep  21: R(t)=0.914  acc1=71.31%  acc2=70.45%  ens=70.88%  (best 73.87 @ ep 16)  [20.3s]
  ep  22: R(t)=0.914  acc1=71.04%  acc2=74.83%  ens=72.93%  (best 73.87 @ ep 16)  [17.2s]
  ep  23: R(t)=0.914  acc1=70.42%  acc2=73.20%  ens=71.81%  (best 73.87 @ ep 16)  [6.7s]
  ep  24: R(t)=0.914  acc1=74.00%  acc2=77.87%  ens=75.94%  (best 75.94 @ ep 24)  [6.6s]
  ep  25: R(t)=0.914  acc1=76.21%  acc2=75.31%  ens=75.76%  (best 75.94 @ ep 24)  [6.3s]
  ep  26: R(t)=0.914  acc1=73.75%  acc2=75.88%  ens=74.82%  (best 75.94 @ ep 24)  [6.2s]
  ep  27: R(t)=0.914  acc1=70.74%  acc2=76.27%  ens=73.50%  (best 75.94 @ ep 24)  [6.6s]
  ep  28: R(t)=0.914  acc1=74.13%  acc2=77.18%  ens=75.66%  (best 75.94 @ ep 24)  [6.6s]
  ep  29: R(t)=0.914  acc1=69.94%  acc2=72.13%  ens=71.03%  (best 75.94 @ ep 24)  [6.5s]
  ep  30: R(t)=0.914  acc1=78.63%  acc2=75.16%  ens=76.89%  (best 76.89 @ ep 30)  [10.1s]  [sel1+2: prec=0.937, recall_clean=0.966]
  ep  31: R(t)=0.914  acc1=72.53%  acc2=73.73%  ens=73.13%  (best 76.89 @ ep 30)  [8.0s]
  ep  32: R(t)=0.914  acc1=73.30%  acc2=74.15%  ens=73.72%  (best 76.89 @ ep 30)  [17.5s]
  ep  33: R(t)=0.914  acc1=76.92%  acc2=78.70%  ens=77.81%  (best 77.81 @ ep 33)  [18.4s]
  ep  34: R(t)=0.914  acc1=72.23%  acc2=77.66%  ens=74.94%  (best 77.81 @ ep 33)  [17.2s]
  ep  35: R(t)=0.914  acc1=78.80%  acc2=74.70%  ens=76.75%  (best 77.81 @ ep 33)  [17.3s]
  ep  36: R(t)=0.914  acc1=76.35%  acc2=71.47%  ens=73.91%  (best 77.81 @ ep 33)  [18.0s]
  ep  37: R(t)=0.914  acc1=74.55%  acc2=65.32%  ens=69.94%  (best 77.81 @ ep 33)  [17.9s]
  ep  38: R(t)=0.914  acc1=73.88%  acc2=76.57%  ens=75.23%  (best 77.81 @ ep 33)  [16.6s]
  ep  39: R(t)=0.914  acc1=73.57%  acc2=78.73%  ens=76.15%  (best 77.81 @ ep 33)  [18.3s]
  ep  40: R(t)=0.914  acc1=67.96%  acc2=72.50%  ens=70.23%  (best 77.81 @ ep 33)  [13.7s]
  ep  41: R(t)=0.914  acc1=77.03%  acc2=79.42%  ens=78.22%  (best 78.22 @ ep 41)  [6.5s]
  ep  42: R(t)=0.914  acc1=78.51%  acc2=77.76%  ens=78.14%  (best 78.22 @ ep 41)  [6.6s]
  ep  43: R(t)=0.914  acc1=74.66%  acc2=76.62%  ens=75.64%  (best 78.22 @ ep 41)  [6.6s]
  ep  44: R(t)=0.914  acc1=78.53%  acc2=79.70%  ens=79.12%  (best 79.12 @ ep 44)  [6.6s]
  ep  45: R(t)=0.914  acc1=78.51%  acc2=76.45%  ens=77.48%  (best 79.12 @ ep 44)  [6.5s]
  ep  46: R(t)=0.914  acc1=79.43%  acc2=74.04%  ens=76.73%  (best 79.12 @ ep 44)  [6.9s]
  ep  47: R(t)=0.914  acc1=72.25%  acc2=79.08%  ens=75.67%  (best 79.12 @ ep 44)  [6.6s]
  ep  48: R(t)=0.914  acc1=78.45%  acc2=81.30%  ens=79.88%  (best 79.88 @ ep 48)  [6.6s]
  ep  49: R(t)=0.914  acc1=74.66%  acc2=77.69%  ens=76.17%  (best 79.88 @ ep 48)  [7.1s]
  ep  50: R(t)=0.914  acc1=80.97%  acc2=80.47%  ens=80.72%  (best 80.72 @ ep 50)  [23.7s]  [sel1+2: prec=0.940, recall_clean=0.967]
  ep  51: R(t)=0.914  acc1=74.83%  acc2=79.51%  ens=77.17%  (best 80.72 @ ep 50)  [17.7s]
  ep  52: R(t)=0.914  acc1=80.10%  acc2=79.98%  ens=80.04%  (best 80.72 @ ep 50)  [19.5s]
  ep  53: R(t)=0.914  acc1=80.54%  acc2=79.64%  ens=80.09%  (best 80.72 @ ep 50)  [17.0s]
  ep  54: R(t)=0.914  acc1=82.36%  acc2=80.08%  ens=81.22%  (best 81.22 @ ep 54)  [18.2s]
  ep  55: R(t)=0.914  acc1=80.52%  acc2=78.31%  ens=79.42%  (best 81.22 @ ep 54)  [18.0s]
  ep  56: R(t)=0.914  acc1=81.71%  acc2=78.61%  ens=80.16%  (best 81.22 @ ep 54)  [17.5s]
  ep  57: R(t)=0.914  acc1=80.32%  acc2=81.07%  ens=80.70%  (best 81.22 @ ep 54)  [17.6s]
  ep  58: R(t)=0.914  acc1=81.29%  acc2=80.18%  ens=80.73%  (best 81.22 @ ep 54)  [18.7s]
  ep  59: R(t)=0.914  acc1=80.73%  acc2=80.34%  ens=80.53%  (best 81.22 @ ep 54)  [17.9s]
  ep  60: R(t)=0.914  acc1=83.45%  acc2=83.02%  ens=83.23%  (best 83.23 @ ep 60)  [18.1s]
  ep  61: R(t)=0.914  acc1=79.63%  acc2=78.96%  ens=79.30%  (best 83.23 @ ep 60)  [18.8s]
  ep  62: R(t)=0.914  acc1=80.65%  acc2=81.52%  ens=81.09%  (best 83.23 @ ep 60)  [19.1s]
  ep  63: R(t)=0.914  acc1=83.07%  acc2=81.18%  ens=82.12%  (best 83.23 @ ep 60)  [16.8s]
  ep  64: R(t)=0.914  acc1=82.66%  acc2=83.14%  ens=82.90%  (best 83.23 @ ep 60)  [20.0s]
  ep  65: R(t)=0.914  acc1=82.16%  acc2=82.91%  ens=82.53%  (best 83.23 @ ep 60)  [18.1s]
  ep  66: R(t)=0.914  acc1=83.25%  acc2=80.99%  ens=82.12%  (best 83.23 @ ep 60)  [17.7s]
  ep  67: R(t)=0.914  acc1=82.96%  acc2=83.53%  ens=83.25%  (best 83.25 @ ep 67)  [18.9s]
  ep  68: R(t)=0.914  acc1=79.64%  acc2=84.43%  ens=82.03%  (best 83.25 @ ep 67)  [17.9s]
  ep  69: R(t)=0.914  acc1=82.18%  acc2=84.28%  ens=83.23%  (best 83.25 @ ep 67)  [17.3s]
  ep  70: R(t)=0.914  acc1=83.48%  acc2=84.49%  ens=83.98%  (best 83.98 @ ep 70)  [17.9s]
  ep  71: R(t)=0.914  acc1=84.64%  acc2=84.05%  ens=84.34%  (best 84.34 @ ep 71)  [16.5s]
  ep  72: R(t)=0.914  acc1=83.96%  acc2=84.59%  ens=84.28%  (best 84.34 @ ep 71)  [6.7s]
  ep  73: R(t)=0.914  acc1=84.69%  acc2=84.52%  ens=84.60%  (best 84.60 @ ep 73)  [7.1s]
  ep  74: R(t)=0.914  acc1=84.40%  acc2=84.78%  ens=84.59%  (best 84.60 @ ep 73)  [6.4s]
  ep  75: R(t)=0.914  acc1=82.93%  acc2=84.76%  ens=83.84%  (best 84.60 @ ep 73)  [10.3s]  [sel1+2: prec=0.945, recall_clean=0.967]
  ep  76: R(t)=0.914  acc1=83.61%  acc2=85.46%  ens=84.54%  (best 84.60 @ ep 73)  [6.6s]
  ep  77: R(t)=0.914  acc1=84.82%  acc2=85.24%  ens=85.03%  (best 85.03 @ ep 77)  [6.5s]
  ep  78: R(t)=0.914  acc1=85.57%  acc2=85.26%  ens=85.41%  (best 85.41 @ ep 78)  [6.4s]
  ep  79: R(t)=0.914  acc1=85.98%  acc2=86.16%  ens=86.07%  (best 86.07 @ ep 79)  [6.4s]
  ep  80: R(t)=0.914  acc1=86.00%  acc2=85.77%  ens=85.89%  (best 86.07 @ ep 79)  [13.6s]
  ep  81: R(t)=0.914  acc1=85.72%  acc2=86.12%  ens=85.92%  (best 86.07 @ ep 79)  [17.3s]
  ep  82: R(t)=0.914  acc1=86.02%  acc2=86.54%  ens=86.28%  (best 86.28 @ ep 82)  [19.4s]
  ep  83: R(t)=0.914  acc1=86.05%  acc2=86.20%  ens=86.12%  (best 86.28 @ ep 82)  [19.1s]
  ep  84: R(t)=0.914  acc1=86.13%  acc2=86.68%  ens=86.41%  (best 86.41 @ ep 84)  [19.0s]
  ep  85: R(t)=0.914  acc1=86.36%  acc2=86.74%  ens=86.55%  (best 86.55 @ ep 85)  [18.9s]
  ep  86: R(t)=0.914  acc1=86.69%  acc2=86.94%  ens=86.81%  (best 86.81 @ ep 86)  [16.6s]
  ep  87: R(t)=0.914  acc1=86.53%  acc2=86.81%  ens=86.67%  (best 86.81 @ ep 86)  [18.8s]
  ep  88: R(t)=0.914  acc1=86.76%  acc2=86.74%  ens=86.75%  (best 86.81 @ ep 86)  [18.0s]
  ep  89: R(t)=0.914  acc1=86.68%  acc2=86.71%  ens=86.69%  (best 86.81 @ ep 86)  [17.9s]
  ep  90: R(t)=0.914  acc1=86.84%  acc2=86.67%  ens=86.76%  (best 86.81 @ ep 86)  [17.4s]
  ep  91: R(t)=0.914  acc1=86.95%  acc2=86.93%  ens=86.94%  (best 86.94 @ ep 91)  [18.7s]
  ep  92: R(t)=0.914  acc1=87.04%  acc2=87.16%  ens=87.10%  (best 87.10 @ ep 92)  [16.9s]
  ep  93: R(t)=0.914  acc1=86.96%  acc2=86.91%  ens=86.94%  (best 87.10 @ ep 92)  [18.6s]
  ep  94: R(t)=0.914  acc1=87.10%  acc2=86.92%  ens=87.01%  (best 87.10 @ ep 92)  [17.2s]
  ep  95: R(t)=0.914  acc1=87.20%  acc2=86.88%  ens=87.04%  (best 87.10 @ ep 92)  [16.0s]
  ep  96: R(t)=0.914  acc1=87.01%  acc2=86.90%  ens=86.95%  (best 87.10 @ ep 92)  [16.8s]
  ep  97: R(t)=0.914  acc1=87.10%  acc2=86.93%  ens=87.02%  (best 87.10 @ ep 92)  [17.3s]
  ep  98: R(t)=0.914  acc1=87.05%  acc2=86.90%  ens=86.98%  (best 87.10 @ ep 92)  [16.6s]
  ep  99: R(t)=0.914  acc1=87.01%  acc2=86.92%  ens=86.97%  (best 87.10 @ ep 92)  [23.8s]  [sel1+2: prec=0.948, recall_clean=0.964]

saved /path/to/ciln-workspace/journal_edition/robustness_transfer/results_v4/coteaching/ours_v2_noisy__defocus_blur_sev1__seed1.json: best ens-acc 87.10% @ ep 92
