condition=ours_v2_clean__contrast_sev5 seed=2 gpu=1
/path/to/ciln-workspace/venv/lib/python3.12/site-packages/torchvision/datasets/cifar.py:83: VisibleDeprecationWarning: dtype(): align should be passed as Python or NumPy boolean but got `align=0`. Did you mean to pass a tuple to create a subarray type? (Deprecated NumPy 2.4)
  entry = pickle.load(f, encoding="latin1")
image_source=clean  N=22500  noise_rate=47.51%
  ep   0: R(t)=1.000  acc1=22.42%  acc2=20.75%  ens=21.58%  (best 21.58 @ ep 0)  [7.2s]
  ep   1: R(t)=0.850  acc1=22.84%  acc2=29.07%  ens=25.96%  (best 25.96 @ ep 1)  [6.6s]
  ep   2: R(t)=0.788  acc1=26.86%  acc2=28.93%  ens=27.90%  (best 27.90 @ ep 2)  [6.5s]
  ep   3: R(t)=0.740  acc1=29.85%  acc2=27.24%  ens=28.54%  (best 28.54 @ ep 3)  [6.5s]
  ep   4: R(t)=0.700  acc1=27.29%  acc2=25.39%  ens=26.34%  (best 28.54 @ ep 3)  [6.7s]
  ep   5: R(t)=0.664  acc1=23.94%  acc2=26.50%  ens=25.22%  (best 28.54 @ ep 3)  [9.8s]  [sel1+2: prec=0.498, recall_clean=0.654]
  ep   6: R(t)=0.632  acc1=29.21%  acc2=28.86%  ens=29.04%  (best 29.04 @ ep 6)  [17.7s]
  ep   7: R(t)=0.603  acc1=29.87%  acc2=33.97%  ens=31.92%  (best 31.92 @ ep 7)  [18.6s]
  ep   8: R(t)=0.575  acc1=26.62%  acc2=31.53%  ens=29.07%  (best 31.92 @ ep 7)  [15.6s]
  ep   9: R(t)=0.549  acc1=28.00%  acc2=31.77%  ens=29.89%  (best 31.92 @ ep 7)  [18.3s]
  ep  10: R(t)=0.525  acc1=24.82%  acc2=26.29%  ens=25.55%  (best 31.92 @ ep 7)  [23.8s]  [sel1+2: prec=0.490, recall_clean=0.515]
  ep  11: R(t)=0.525  acc1=30.08%  acc2=28.32%  ens=29.20%  (best 31.92 @ ep 7)  [19.0s]
  ep  12: R(t)=0.525  acc1=32.41%  acc2=31.31%  ens=31.86%  (best 31.92 @ ep 7)  [16.7s]
  ep  13: R(t)=0.525  acc1=33.96%  acc2=31.67%  ens=32.81%  (best 32.81 @ ep 13)  [16.7s]
  ep  14: R(t)=0.525  acc1=32.61%  acc2=31.87%  ens=32.24%  (best 32.81 @ ep 13)  [18.4s]
  ep  15: R(t)=0.525  acc1=33.94%  acc2=32.95%  ens=33.45%  (best 33.45 @ ep 15)  [17.1s]
  ep  16: R(t)=0.525  acc1=29.84%  acc2=28.94%  ens=29.39%  (best 33.45 @ ep 15)  [16.2s]
  ep  17: R(t)=0.525  acc1=28.66%  acc2=29.00%  ens=28.83%  (best 33.45 @ ep 15)  [16.9s]
  ep  18: R(t)=0.525  acc1=31.44%  acc2=30.51%  ens=30.97%  (best 33.45 @ ep 15)  [16.7s]
  ep  19: R(t)=0.525  acc1=34.86%  acc2=33.08%  ens=33.97%  (best 33.97 @ ep 19)  [18.2s]
  ep  20: R(t)=0.525  acc1=28.02%  acc2=30.87%  ens=29.45%  (best 33.97 @ ep 19)  [18.3s]  [sel1+2: prec=0.514, recall_clean=0.538]
  ep  21: R(t)=0.525  acc1=33.61%  acc2=32.27%  ens=32.94%  (best 33.97 @ ep 19)  [6.5s]
  ep  22: R(t)=0.525  acc1=29.82%  acc2=32.13%  ens=30.97%  (best 33.97 @ ep 19)  [6.4s]
  ep  23: R(t)=0.525  acc1=34.60%  acc2=34.56%  ens=34.58%  (best 34.58 @ ep 23)  [6.4s]
  ep  24: R(t)=0.525  acc1=35.48%  acc2=34.53%  ens=35.00%  (best 35.00 @ ep 24)  [6.3s]
  ep  25: R(t)=0.525  acc1=30.37%  acc2=31.83%  ens=31.10%  (best 35.00 @ ep 24)  [6.4s]
  ep  26: R(t)=0.525  acc1=31.38%  acc2=35.36%  ens=33.37%  (best 35.00 @ ep 24)  [6.4s]
  ep  27: R(t)=0.525  acc1=33.23%  acc2=33.60%  ens=33.41%  (best 35.00 @ ep 24)  [6.3s]
  ep  28: R(t)=0.525  acc1=34.93%  acc2=34.87%  ens=34.90%  (best 35.00 @ ep 24)  [6.5s]
  ep  29: R(t)=0.525  acc1=32.28%  acc2=37.31%  ens=34.80%  (best 35.00 @ ep 24)  [6.3s]
  ep  30: R(t)=0.525  acc1=33.49%  acc2=33.14%  ens=33.31%  (best 35.00 @ ep 24)  [9.9s]  [sel1+2: prec=0.525, recall_clean=0.548]
  ep  31: R(t)=0.525  acc1=34.96%  acc2=32.28%  ens=33.62%  (best 35.00 @ ep 24)  [6.5s]
  ep  32: R(t)=0.525  acc1=32.30%  acc2=31.72%  ens=32.01%  (best 35.00 @ ep 24)  [6.5s]
  ep  33: R(t)=0.525  acc1=34.62%  acc2=35.02%  ens=34.82%  (best 35.00 @ ep 24)  [6.5s]
  ep  34: R(t)=0.525  acc1=34.45%  acc2=33.09%  ens=33.77%  (best 35.00 @ ep 24)  [6.3s]
  ep  35: R(t)=0.525  acc1=37.17%  acc2=35.10%  ens=36.13%  (best 36.13 @ ep 35)  [6.6s]
  ep  36: R(t)=0.525  acc1=35.42%  acc2=32.56%  ens=33.99%  (best 36.13 @ ep 35)  [6.2s]
  ep  37: R(t)=0.525  acc1=33.91%  acc2=33.00%  ens=33.45%  (best 36.13 @ ep 35)  [6.3s]
  ep  38: R(t)=0.525  acc1=35.40%  acc2=34.48%  ens=34.94%  (best 36.13 @ ep 35)  [7.5s]
  ep  39: R(t)=0.525  acc1=37.59%  acc2=35.63%  ens=36.61%  (best 36.61 @ ep 39)  [17.0s]
  ep  40: R(t)=0.525  acc1=34.87%  acc2=32.12%  ens=33.49%  (best 36.61 @ ep 39)  [17.1s]
  ep  41: R(t)=0.525  acc1=35.29%  acc2=34.78%  ens=35.03%  (best 36.61 @ ep 39)  [15.8s]
  ep  42: R(t)=0.525  acc1=38.38%  acc2=35.80%  ens=37.09%  (best 37.09 @ ep 42)  [6.4s]
  ep  43: R(t)=0.525  acc1=37.50%  acc2=40.45%  ens=38.98%  (best 38.98 @ ep 43)  [6.4s]
  ep  44: R(t)=0.525  acc1=34.51%  acc2=36.56%  ens=35.53%  (best 38.98 @ ep 43)  [6.6s]
  ep  45: R(t)=0.525  acc1=36.99%  acc2=39.71%  ens=38.35%  (best 38.98 @ ep 43)  [6.3s]
  ep  46: R(t)=0.525  acc1=36.60%  acc2=36.25%  ens=36.42%  (best 38.98 @ ep 43)  [6.6s]
  ep  47: R(t)=0.525  acc1=36.44%  acc2=34.99%  ens=35.71%  (best 38.98 @ ep 43)  [6.2s]
  ep  48: R(t)=0.525  acc1=37.80%  acc2=36.89%  ens=37.34%  (best 38.98 @ ep 43)  [6.7s]
  ep  49: R(t)=0.525  acc1=30.18%  acc2=29.83%  ens=30.01%  (best 38.98 @ ep 43)  [6.6s]
  ep  50: R(t)=0.525  acc1=39.16%  acc2=38.00%  ens=38.58%  (best 38.98 @ ep 43)  [9.9s]  [sel1+2: prec=0.538, recall_clean=0.558]
  ep  51: R(t)=0.525  acc1=37.86%  acc2=36.78%  ens=37.32%  (best 38.98 @ ep 43)  [16.7s]
  ep  52: R(t)=0.525  acc1=37.84%  acc2=38.95%  ens=38.40%  (best 38.98 @ ep 43)  [17.3s]
  ep  53: R(t)=0.525  acc1=38.89%  acc2=37.78%  ens=38.34%  (best 38.98 @ ep 43)  [18.1s]
  ep  54: R(t)=0.525  acc1=39.11%  acc2=41.44%  ens=40.27%  (best 40.27 @ ep 54)  [16.7s]
  ep  55: R(t)=0.525  acc1=36.47%  acc2=37.08%  ens=36.78%  (best 40.27 @ ep 54)  [18.2s]
  ep  56: R(t)=0.525  acc1=39.65%  acc2=40.05%  ens=39.85%  (best 40.27 @ ep 54)  [19.4s]
  ep  57: R(t)=0.525  acc1=41.73%  acc2=40.92%  ens=41.33%  (best 41.33 @ ep 57)  [19.7s]
  ep  58: R(t)=0.525  acc1=39.61%  acc2=38.10%  ens=38.86%  (best 41.33 @ ep 57)  [17.6s]
  ep  59: R(t)=0.525  acc1=38.57%  acc2=33.70%  ens=36.13%  (best 41.33 @ ep 57)  [12.1s]
  ep  60: R(t)=0.525  acc1=36.46%  acc2=38.71%  ens=37.59%  (best 41.33 @ ep 57)  [6.0s]
  ep  61: R(t)=0.525  acc1=38.25%  acc2=38.29%  ens=38.27%  (best 41.33 @ ep 57)  [6.5s]
  ep  62: R(t)=0.525  acc1=36.97%  acc2=37.36%  ens=37.16%  (best 41.33 @ ep 57)  [6.2s]
  ep  63: R(t)=0.525  acc1=38.84%  acc2=36.59%  ens=37.71%  (best 41.33 @ ep 57)  [6.4s]
  ep  64: R(t)=0.525  acc1=40.25%  acc2=38.75%  ens=39.50%  (best 41.33 @ ep 57)  [6.6s]
  ep  65: R(t)=0.525  acc1=41.96%  acc2=40.44%  ens=41.20%  (best 41.33 @ ep 57)  [6.7s]
  ep  66: R(t)=0.525  acc1=39.73%  acc2=40.22%  ens=39.98%  (best 41.33 @ ep 57)  [6.7s]
  ep  67: R(t)=0.525  acc1=39.36%  acc2=38.01%  ens=38.69%  (best 41.33 @ ep 57)  [6.4s]
  ep  68: R(t)=0.525  acc1=41.53%  acc2=39.80%  ens=40.66%  (best 41.33 @ ep 57)  [7.5s]
  ep  69: R(t)=0.525  acc1=41.24%  acc2=39.47%  ens=40.35%  (best 41.33 @ ep 57)  [18.5s]
  ep  70: R(t)=0.525  acc1=41.12%  acc2=39.97%  ens=40.54%  (best 41.33 @ ep 57)  [18.8s]
  ep  71: R(t)=0.525  acc1=40.47%  acc2=44.03%  ens=42.25%  (best 42.25 @ ep 71)  [19.8s]
  ep  72: R(t)=0.525  acc1=38.12%  acc2=38.34%  ens=38.23%  (best 42.25 @ ep 71)  [18.3s]
  ep  73: R(t)=0.525  acc1=42.12%  acc2=40.50%  ens=41.31%  (best 42.25 @ ep 71)  [19.5s]
  ep  74: R(t)=0.525  acc1=41.38%  acc2=41.72%  ens=41.55%  (best 42.25 @ ep 71)  [17.7s]
  ep  75: R(t)=0.525  acc1=38.93%  acc2=39.29%  ens=39.11%  (best 42.25 @ ep 71)  [10.0s]  [sel1+2: prec=0.554, recall_clean=0.569]
  ep  76: R(t)=0.525  acc1=39.82%  acc2=39.33%  ens=39.57%  (best 42.25 @ ep 71)  [6.3s]
  ep  77: R(t)=0.525  acc1=43.72%  acc2=42.73%  ens=43.23%  (best 43.23 @ ep 77)  [6.3s]
  ep  78: R(t)=0.525  acc1=41.35%  acc2=41.98%  ens=41.66%  (best 43.23 @ ep 77)  [6.3s]
  ep  79: R(t)=0.525  acc1=41.93%  acc2=41.98%  ens=41.95%  (best 43.23 @ ep 77)  [6.6s]
  ep  80: R(t)=0.525  acc1=41.56%  acc2=42.13%  ens=41.84%  (best 43.23 @ ep 77)  [6.4s]
  ep  81: R(t)=0.525  acc1=39.80%  acc2=39.50%  ens=39.65%  (best 43.23 @ ep 77)  [6.3s]
  ep  82: R(t)=0.525  acc1=40.88%  acc2=41.80%  ens=41.34%  (best 43.23 @ ep 77)  [6.4s]
  ep  83: R(t)=0.525  acc1=40.90%  acc2=41.37%  ens=41.13%  (best 43.23 @ ep 77)  [6.6s]
  ep  84: R(t)=0.525  acc1=41.77%  acc2=41.34%  ens=41.55%  (best 43.23 @ ep 77)  [14.8s]
  ep  85: R(t)=0.525  acc1=41.73%  acc2=42.30%  ens=42.02%  (best 43.23 @ ep 77)  [17.6s]
  ep  86: R(t)=0.525  acc1=42.26%  acc2=41.84%  ens=42.05%  (best 43.23 @ ep 77)  [16.4s]
  ep  87: R(t)=0.525  acc1=40.11%  acc2=40.77%  ens=40.44%  (best 43.23 @ ep 77)  [17.5s]
  ep  88: R(t)=0.525  acc1=41.74%  acc2=41.54%  ens=41.64%  (best 43.23 @ ep 77)  [17.4s]
  ep  89: R(t)=0.525  acc1=41.66%  acc2=41.24%  ens=41.45%  (best 43.23 @ ep 77)  [18.5s]
  ep  90: R(t)=0.525  acc1=41.60%  acc2=41.73%  ens=41.66%  (best 43.23 @ ep 77)  [18.0s]
  ep  91: R(t)=0.525  acc1=41.38%  acc2=41.09%  ens=41.23%  (best 43.23 @ ep 77)  [17.6s]
  ep  92: R(t)=0.525  acc1=41.49%  acc2=41.06%  ens=41.27%  (best 43.23 @ ep 77)  [18.8s]
  ep  93: R(t)=0.525  acc1=42.19%  acc2=42.14%  ens=42.16%  (best 43.23 @ ep 77)  [17.0s]
  ep  94: R(t)=0.525  acc1=41.63%  acc2=41.30%  ens=41.46%  (best 43.23 @ ep 77)  [16.7s]
  ep  95: R(t)=0.525  acc1=42.30%  acc2=42.25%  ens=42.27%  (best 43.23 @ ep 77)  [16.8s]
  ep  96: R(t)=0.525  acc1=41.95%  acc2=41.99%  ens=41.97%  (best 43.23 @ ep 77)  [19.0s]
  ep  97: R(t)=0.525  acc1=41.98%  acc2=41.97%  ens=41.98%  (best 43.23 @ ep 77)  [16.4s]
  ep  98: R(t)=0.525  acc1=42.10%  acc2=42.12%  ens=42.11%  (best 43.23 @ ep 77)  [19.2s]
  ep  99: R(t)=0.525  acc1=41.94%  acc2=42.04%  ens=41.99%  (best 43.23 @ ep 77)  [24.2s]  [sel1+2: prec=0.564, recall_clean=0.574]

saved /path/to/ciln-workspace/journal_edition/robustness_transfer/results_v4/coteaching/ours_v2_clean__contrast_sev5__seed2.json: best ens-acc 43.23% @ ep 77
