condition=ours_v2_noisy__contrast_sev5 seed=1 gpu=2
/path/to/ciln-workspace/venv/lib/python3.12/site-packages/torchvision/datasets/cifar.py:83: VisibleDeprecationWarning: dtype(): align should be passed as Python or NumPy boolean but got `align=0`. Did you mean to pass a tuple to create a subarray type? (Deprecated NumPy 2.4)
  entry = pickle.load(f, encoding="latin1")
image_source=noisy  N_train=22500  noise_rate=47.51%
  ep   0: acc1=21.12%  acc2=18.13%  ens=19.62%  (best 19.62 @ ep 0)  [8.5s]
  ep   1: acc1=18.43%  acc2=18.51%  ens=18.47%  (best 19.62 @ ep 0)  [7.3s]
  ep   2: acc1=18.62%  acc2=15.31%  ens=16.97%  (best 19.62 @ ep 0)  [7.2s]
  ep   3: acc1=19.17%  acc2=20.58%  ens=19.88%  (best 19.88 @ ep 3)  [7.3s]
  ep   4: acc1=18.19%  acc2=19.08%  ens=18.64%  (best 19.88 @ ep 3)  [22.6s]
  ep   5: acc1=19.09%  acc2=20.54%  ens=19.81%  (best 19.88 @ ep 3)  [36.3s]  [w on clean=0.463, on noisy=0.600]
  ep   6: acc1=19.46%  acc2=20.77%  ens=20.11%  (best 20.11 @ ep 6)  [27.4s]
  ep   7: acc1=19.63%  acc2=16.28%  ens=17.95%  (best 20.11 @ ep 6)  [28.1s]
  ep   8: acc1=20.97%  acc2=21.55%  ens=21.26%  (best 21.26 @ ep 8)  [16.0s]
  ep   9: acc1=18.83%  acc2=19.55%  ens=19.19%  (best 21.26 @ ep 8)  [7.2s]
  ep  10: acc1=18.52%  acc2=16.48%  ens=17.50%  (best 21.26 @ ep 8)  [38.3s]  [w on clean=0.424, on noisy=0.664]
  ep  11: acc1=12.61%  acc2=11.64%  ens=12.12%  (best 21.26 @ ep 8)  [29.6s]
  ep  12: acc1=11.66%  acc2=12.55%  ens=12.10%  (best 21.26 @ ep 8)  [29.2s]
  ep  13: acc1=13.44%  acc2=14.02%  ens=13.73%  (best 21.26 @ ep 8)  [141.3s]
  ep  14: acc1=13.24%  acc2=13.88%  ens=13.56%  (best 21.26 @ ep 8)  [33.5s]
  ep  15: acc1=12.83%  acc2=15.92%  ens=14.37%  (best 21.26 @ ep 8)  [30.8s]
  ep  16: acc1=13.93%  acc2=13.82%  ens=13.87%  (best 21.26 @ ep 8)  [130.6s]
  ep  17: acc1=14.25%  acc2=14.62%  ens=14.43%  (best 21.26 @ ep 8)  [30.9s]
  ep  18: acc1=13.55%  acc2=13.00%  ens=13.28%  (best 21.26 @ ep 8)  [32.6s]
  ep  19: acc1=13.37%  acc2=12.53%  ens=12.95%  (best 21.26 @ ep 8)  [31.3s]
  ep  20: acc1=12.75%  acc2=13.08%  ens=12.91%  (best 21.26 @ ep 8)  [162.4s]  [w on clean=0.589, on noisy=0.852]
  ep  21: acc1=15.07%  acc2=14.43%  ens=14.75%  (best 21.26 @ ep 8)  [31.7s]
  ep  22: acc1=14.83%  acc2=17.97%  ens=16.40%  (best 21.26 @ ep 8)  [36.0s]
  ep  23: acc1=15.83%  acc2=13.29%  ens=14.56%  (best 21.26 @ ep 8)  [33.1s]
  ep  24: acc1=13.51%  acc2=16.32%  ens=14.92%  (best 21.26 @ ep 8)  [141.7s]
  ep  25: acc1=16.10%  acc2=16.29%  ens=16.19%  (best 21.26 @ ep 8)  [135.9s]
  ep  26: acc1=13.73%  acc2=17.17%  ens=15.45%  (best 21.26 @ ep 8)  [31.6s]
  ep  27: acc1=15.60%  acc2=15.30%  ens=15.45%  (best 21.26 @ ep 8)  [38.9s]
  ep  28: acc1=15.15%  acc2=18.78%  ens=16.96%  (best 21.26 @ ep 8)  [32.7s]
  ep  29: acc1=17.90%  acc2=18.36%  ens=18.13%  (best 21.26 @ ep 8)  [266.4s]
  ep  30: acc1=18.24%  acc2=18.59%  ens=18.41%  (best 21.26 @ ep 8)  [35.2s]  [w on clean=0.589, on noisy=0.852]
  ep  31: acc1=19.06%  acc2=18.83%  ens=18.95%  (best 21.26 @ ep 8)  [43.2s]
  ep  32: acc1=17.28%  acc2=17.71%  ens=17.50%  (best 21.26 @ ep 8)  [30.6s]
  ep  33: acc1=18.40%  acc2=18.63%  ens=18.51%  (best 21.26 @ ep 8)  [62.0s]
  ep  34: acc1=18.31%  acc2=18.13%  ens=18.22%  (best 21.26 @ ep 8)  [180.8s]
  ep  35: acc1=18.76%  acc2=17.97%  ens=18.36%  (best 21.26 @ ep 8)  [31.3s]
  ep  36: acc1=17.66%  acc2=17.10%  ens=17.38%  (best 21.26 @ ep 8)  [32.2s]
  ep  37: acc1=16.83%  acc2=16.67%  ens=16.75%  (best 21.26 @ ep 8)  [30.2s]
  ep  38: acc1=17.87%  acc2=17.70%  ens=17.79%  (best 21.26 @ ep 8)  [38.3s]
  ep  39: acc1=17.68%  acc2=16.52%  ens=17.10%  (best 21.26 @ ep 8)  [31.1s]
  ep  40: acc1=16.58%  acc2=17.20%  ens=16.89%  (best 21.26 @ ep 8)  [119.4s]
  ep  41: acc1=18.00%  acc2=17.68%  ens=17.84%  (best 21.26 @ ep 8)  [31.3s]
  ep  42: acc1=17.53%  acc2=16.86%  ens=17.20%  (best 21.26 @ ep 8)  [40.7s]
  ep  43: acc1=18.01%  acc2=18.01%  ens=18.01%  (best 21.26 @ ep 8)  [34.7s]
  ep  44: acc1=18.90%  acc2=18.90%  ens=18.90%  (best 21.26 @ ep 8)  [83.0s]
  ep  45: acc1=18.97%  acc2=19.12%  ens=19.05%  (best 21.26 @ ep 8)  [38.4s]
  ep  46: acc1=19.35%  acc2=18.95%  ens=19.15%  (best 21.26 @ ep 8)  [30.3s]
  ep  47: acc1=19.41%  acc2=19.03%  ens=19.22%  (best 21.26 @ ep 8)  [239.1s]
  ep  48: acc1=19.12%  acc2=18.77%  ens=18.95%  (best 21.26 @ ep 8)  [29.6s]
  ep  49: acc1=19.15%  acc2=18.78%  ens=18.96%  (best 21.26 @ ep 8)  [29.2s]
  ep  50: acc1=18.68%  acc2=18.80%  ens=18.74%  (best 21.26 @ ep 8)  [35.0s]  [w on clean=0.588, on noisy=0.852]
  ep  51: acc1=16.51%  acc2=17.10%  ens=16.80%  (best 21.26 @ ep 8)  [51.7s]
  ep  52: acc1=17.87%  acc2=18.37%  ens=18.12%  (best 21.26 @ ep 8)  [35.2s]
  ep  53: acc1=18.18%  acc2=18.57%  ens=18.38%  (best 21.26 @ ep 8)  [43.8s]
  ep  54: acc1=18.85%  acc2=18.73%  ens=18.79%  (best 21.26 @ ep 8)  [35.1s]
  ep  55: acc1=17.77%  acc2=18.33%  ens=18.05%  (best 21.26 @ ep 8)  [180.0s]
  ep  56: acc1=16.69%  acc2=17.53%  ens=17.11%  (best 21.26 @ ep 8)  [34.0s]
  ep  57: acc1=17.77%  acc2=17.02%  ens=17.39%  (best 21.26 @ ep 8)  [40.5s]
  ep  58: acc1=16.95%  acc2=17.35%  ens=17.15%  (best 21.26 @ ep 8)  [36.0s]
  ep  59: acc1=17.25%  acc2=17.47%  ens=17.36%  (best 21.26 @ ep 8)  [39.4s]
  ep  60: acc1=17.29%  acc2=17.39%  ens=17.34%  (best 21.26 @ ep 8)  [35.9s]
  ep  61: acc1=17.02%  acc2=17.70%  ens=17.36%  (best 21.26 @ ep 8)  [143.2s]
  ep  62: acc1=17.52%  acc2=17.94%  ens=17.73%  (best 21.26 @ ep 8)  [35.9s]
  ep  63: acc1=16.81%  acc2=16.77%  ens=16.79%  (best 21.26 @ ep 8)  [36.9s]
  ep  64: acc1=16.89%  acc2=16.72%  ens=16.80%  (best 21.26 @ ep 8)  [36.8s]
  ep  65: acc1=17.05%  acc2=17.46%  ens=17.26%  (best 21.26 @ ep 8)  [37.3s]
  ep  66: acc1=17.54%  acc2=17.06%  ens=17.30%  (best 21.26 @ ep 8)  [75.9s]
  ep  67: acc1=17.69%  acc2=17.08%  ens=17.39%  (best 21.26 @ ep 8)  [35.7s]
  ep  68: acc1=17.54%  acc2=17.45%  ens=17.50%  (best 21.26 @ ep 8)  [160.7s]
  ep  69: acc1=17.78%  acc2=17.27%  ens=17.53%  (best 21.26 @ ep 8)  [35.4s]
  ep  70: acc1=18.15%  acc2=17.93%  ens=18.04%  (best 21.26 @ ep 8)  [35.9s]
  ep  71: acc1=17.98%  acc2=17.21%  ens=17.59%  (best 21.26 @ ep 8)  [34.3s]
  ep  72: acc1=17.73%  acc2=17.18%  ens=17.46%  (best 21.26 @ ep 8)  [176.1s]
  ep  73: acc1=17.73%  acc2=17.57%  ens=17.65%  (best 21.26 @ ep 8)  [34.9s]
  ep  74: acc1=17.94%  acc2=18.06%  ens=18.00%  (best 21.26 @ ep 8)  [59.8s]
  ep  75: acc1=18.22%  acc2=17.87%  ens=18.05%  (best 21.26 @ ep 8)  [38.3s]  [w on clean=0.589, on noisy=0.852]
  ep  76: acc1=18.04%  acc2=17.72%  ens=17.88%  (best 21.26 @ ep 8)  [35.9s]
  ep  77: acc1=17.96%  acc2=17.65%  ens=17.80%  (best 21.26 @ ep 8)  [36.5s]
  ep  78: acc1=17.41%  acc2=17.11%  ens=17.26%  (best 21.26 @ ep 8)  [120.8s]
  ep  79: acc1=17.69%  acc2=17.58%  ens=17.64%  (best 21.26 @ ep 8)  [34.7s]
  ep  80: acc1=17.73%  acc2=17.78%  ens=17.76%  (best 21.26 @ ep 8)  [130.8s]
  ep  81: acc1=18.29%  acc2=17.72%  ens=18.00%  (best 21.26 @ ep 8)  [38.6s]
  ep  82: acc1=17.88%  acc2=17.74%  ens=17.81%  (best 21.26 @ ep 8)  [36.2s]
  ep  83: acc1=17.85%  acc2=17.91%  ens=17.88%  (best 21.26 @ ep 8)  [121.8s]
  ep  84: acc1=17.96%  acc2=18.15%  ens=18.05%  (best 21.26 @ ep 8)  [35.1s]
  ep  85: acc1=18.34%  acc2=18.03%  ens=18.19%  (best 21.26 @ ep 8)  [182.1s]
  ep  86: acc1=18.17%  acc2=18.13%  ens=18.15%  (best 21.26 @ ep 8)  [39.0s]
  ep  87: acc1=17.94%  acc2=18.17%  ens=18.05%  (best 21.26 @ ep 8)  [152.5s]
  ep  88: acc1=18.37%  acc2=18.12%  ens=18.25%  (best 21.26 @ ep 8)  [91.7s]
  ep  89: acc1=18.30%  acc2=18.16%  ens=18.23%  (best 21.26 @ ep 8)  [34.5s]
  ep  90: acc1=18.38%  acc2=18.00%  ens=18.19%  (best 21.26 @ ep 8)  [103.5s]
  ep  91: acc1=18.17%  acc2=18.06%  ens=18.12%  (best 21.26 @ ep 8)  [35.7s]
  ep  92: acc1=18.21%  acc2=18.18%  ens=18.20%  (best 21.26 @ ep 8)  [67.8s]
  ep  93: acc1=18.31%  acc2=18.29%  ens=18.30%  (best 21.26 @ ep 8)  [62.0s]
  ep  94: acc1=18.34%  acc2=18.10%  ens=18.22%  (best 21.26 @ ep 8)  [80.0s]
  ep  95: acc1=18.32%  acc2=18.11%  ens=18.21%  (best 21.26 @ ep 8)  [51.4s]
  ep  96: acc1=18.30%  acc2=18.28%  ens=18.29%  (best 21.26 @ ep 8)  [34.1s]
  ep  97: acc1=18.37%  acc2=18.26%  ens=18.32%  (best 21.26 @ ep 8)  [36.6s]
  ep  98: acc1=18.30%  acc2=18.10%  ens=18.20%  (best 21.26 @ ep 8)  [35.9s]
  ep  99: acc1=18.30%  acc2=18.19%  ens=18.25%  (best 21.26 @ ep 8)  [81.6s]  [w on clean=0.589, on noisy=0.852]

saved /path/to/ciln-workspace/journal_edition/robustness_transfer/results_v4/dividemix/ours_v2_noisy__contrast_sev5__seed1.json: best ens-acc 21.26% @ ep 8
