condition=ours_v2_noisy__gaussian_noise_sev1 seed=1 gpu=2
/path/to/ciln-workspace/venv/lib/python3.12/site-packages/torchvision/datasets/cifar.py:83: VisibleDeprecationWarning: dtype(): align should be passed as Python or NumPy boolean but got `align=0`. Did you mean to pass a tuple to create a subarray type? (Deprecated NumPy 2.4)
  entry = pickle.load(f, encoding="latin1")
image_source=noisy  N=22500  noise_rate=21.27%
  ep   0: loss=1.8809  test_acc=27.68%  (best 27.68 @ ep 0)  [4.7s]
  ep   1: loss=1.6119  test_acc=44.65%  (best 44.65 @ ep 1)  [3.4s]
  ep   2: loss=1.4191  test_acc=44.88%  (best 44.88 @ ep 2)  [3.6s]
  ep   3: loss=1.3042  test_acc=56.29%  (best 56.29 @ ep 3)  [3.8s]
  ep   4: loss=1.2116  test_acc=54.95%  (best 56.29 @ ep 3)  [3.7s]
  ep   5: loss=1.1539  test_acc=58.58%  (best 58.58 @ ep 5)  [5.4s]  [logged per-sample loss: mean=1.195]
  ep   6: loss=1.1071  test_acc=62.79%  (best 62.79 @ ep 6)  [3.7s]
  ep   7: loss=1.0550  test_acc=59.65%  (best 62.79 @ ep 6)  [3.6s]
  ep   8: loss=1.0153  test_acc=58.91%  (best 62.79 @ ep 6)  [3.6s]
  ep   9: loss=1.0051  test_acc=59.11%  (best 62.79 @ ep 6)  [3.5s]
  ep  10: loss=0.9571  test_acc=55.87%  (best 62.79 @ ep 6)  [5.3s]  [logged per-sample loss: mean=1.223]
  ep  11: loss=0.9522  test_acc=52.07%  (best 62.79 @ ep 6)  [3.7s]
  ep  12: loss=0.9329  test_acc=65.72%  (best 65.72 @ ep 12)  [3.9s]
  ep  13: loss=0.9106  test_acc=64.85%  (best 65.72 @ ep 12)  [8.9s]
  ep  14: loss=0.9070  test_acc=63.60%  (best 65.72 @ ep 12)  [8.8s]
  ep  15: loss=0.8851  test_acc=67.14%  (best 67.14 @ ep 15)  [8.5s]
  ep  16: loss=0.8815  test_acc=71.96%  (best 71.96 @ ep 16)  [8.8s]
  ep  17: loss=0.8607  test_acc=66.95%  (best 71.96 @ ep 16)  [8.9s]
  ep  18: loss=0.8564  test_acc=67.42%  (best 71.96 @ ep 16)  [7.8s]
  ep  19: loss=0.8473  test_acc=69.75%  (best 71.96 @ ep 16)  [3.5s]
  ep  20: loss=0.8385  test_acc=65.52%  (best 71.96 @ ep 16)  [5.4s]  [logged per-sample loss: mean=1.051]
  ep  21: loss=0.8413  test_acc=69.90%  (best 71.96 @ ep 16)  [3.6s]
  ep  22: loss=0.8260  test_acc=64.45%  (best 71.96 @ ep 16)  [3.6s]
  ep  23: loss=0.8270  test_acc=66.13%  (best 71.96 @ ep 16)  [3.6s]
  ep  24: loss=0.8132  test_acc=72.12%  (best 72.12 @ ep 24)  [3.5s]
  ep  25: loss=0.8066  test_acc=71.70%  (best 72.12 @ ep 24)  [3.7s]
  ep  26: loss=0.7998  test_acc=71.02%  (best 72.12 @ ep 24)  [3.6s]
  ep  27: loss=0.7948  test_acc=73.43%  (best 73.43 @ ep 27)  [3.5s]
  ep  28: loss=0.8004  test_acc=71.95%  (best 73.43 @ ep 27)  [3.6s]
  ep  29: loss=0.7763  test_acc=62.22%  (best 73.43 @ ep 27)  [3.9s]
  ep  30: loss=0.7709  test_acc=66.57%  (best 73.43 @ ep 27)  [5.3s]  [logged per-sample loss: mean=0.930]
  ep  31: loss=0.7667  test_acc=73.52%  (best 73.52 @ ep 31)  [3.7s]
  ep  32: loss=0.7590  test_acc=70.15%  (best 73.52 @ ep 31)  [3.5s]
  ep  33: loss=0.7586  test_acc=73.48%  (best 73.52 @ ep 31)  [3.5s]
  ep  34: loss=0.7536  test_acc=66.99%  (best 73.52 @ ep 31)  [3.5s]
  ep  35: loss=0.7527  test_acc=75.07%  (best 75.07 @ ep 35)  [7.0s]
  ep  36: loss=0.7465  test_acc=71.15%  (best 75.07 @ ep 35)  [8.2s]
  ep  37: loss=0.7310  test_acc=70.95%  (best 75.07 @ ep 35)  [7.8s]
  ep  38: loss=0.7405  test_acc=63.03%  (best 75.07 @ ep 35)  [8.7s]
  ep  39: loss=0.7267  test_acc=72.65%  (best 75.07 @ ep 35)  [7.9s]
  ep  40: loss=0.7166  test_acc=68.51%  (best 75.07 @ ep 35)  [8.4s]
  ep  41: loss=0.7179  test_acc=72.00%  (best 75.07 @ ep 35)  [8.3s]
  ep  42: loss=0.7104  test_acc=69.30%  (best 75.07 @ ep 35)  [8.8s]
  ep  43: loss=0.7024  test_acc=74.82%  (best 75.07 @ ep 35)  [8.5s]
  ep  44: loss=0.6976  test_acc=74.20%  (best 75.07 @ ep 35)  [9.3s]
  ep  45: loss=0.6912  test_acc=75.62%  (best 75.62 @ ep 45)  [8.8s]
  ep  46: loss=0.6810  test_acc=73.96%  (best 75.62 @ ep 45)  [8.7s]
  ep  47: loss=0.6704  test_acc=74.55%  (best 75.62 @ ep 45)  [8.9s]
  ep  48: loss=0.6608  test_acc=74.50%  (best 75.62 @ ep 45)  [8.8s]
  ep  49: loss=0.6615  test_acc=75.44%  (best 75.62 @ ep 45)  [9.0s]
  ep  50: loss=0.6556  test_acc=71.66%  (best 75.62 @ ep 45)  [12.6s]  [logged per-sample loss: mean=0.718]
  ep  51: loss=0.6506  test_acc=70.43%  (best 75.62 @ ep 45)  [10.0s]
  ep  52: loss=0.6450  test_acc=75.62%  (best 75.62 @ ep 45)  [8.9s]
  ep  53: loss=0.6283  test_acc=73.53%  (best 75.62 @ ep 45)  [9.5s]
  ep  54: loss=0.6219  test_acc=75.97%  (best 75.97 @ ep 54)  [9.0s]
  ep  55: loss=0.6155  test_acc=72.86%  (best 75.97 @ ep 54)  [9.3s]
  ep  56: loss=0.6089  test_acc=77.38%  (best 77.38 @ ep 56)  [9.2s]
  ep  57: loss=0.5923  test_acc=74.01%  (best 77.38 @ ep 56)  [8.9s]
  ep  58: loss=0.5931  test_acc=74.64%  (best 77.38 @ ep 56)  [8.6s]
  ep  59: loss=0.5893  test_acc=76.20%  (best 77.38 @ ep 56)  [8.5s]
  ep  60: loss=0.5775  test_acc=75.28%  (best 77.38 @ ep 56)  [10.1s]
  ep  61: loss=0.5634  test_acc=74.67%  (best 77.38 @ ep 56)  [3.5s]
  ep  62: loss=0.5542  test_acc=75.45%  (best 77.38 @ ep 56)  [3.5s]
  ep  63: loss=0.5491  test_acc=74.72%  (best 77.38 @ ep 56)  [3.6s]
  ep  64: loss=0.5347  test_acc=72.95%  (best 77.38 @ ep 56)  [3.7s]
  ep  65: loss=0.5175  test_acc=75.31%  (best 77.38 @ ep 56)  [3.6s]
  ep  66: loss=0.5089  test_acc=75.24%  (best 77.38 @ ep 56)  [3.6s]
  ep  67: loss=0.5031  test_acc=75.32%  (best 77.38 @ ep 56)  [3.7s]
  ep  68: loss=0.4840  test_acc=73.61%  (best 77.38 @ ep 56)  [3.6s]
  ep  69: loss=0.4762  test_acc=76.01%  (best 77.38 @ ep 56)  [3.5s]
  ep  70: loss=0.4673  test_acc=75.26%  (best 77.38 @ ep 56)  [3.6s]
  ep  71: loss=0.4499  test_acc=77.46%  (best 77.46 @ ep 71)  [3.7s]
  ep  72: loss=0.4439  test_acc=75.93%  (best 77.46 @ ep 71)  [3.9s]
  ep  73: loss=0.4274  test_acc=77.46%  (best 77.46 @ ep 71)  [3.6s]
  ep  74: loss=0.4095  test_acc=75.18%  (best 77.46 @ ep 71)  [3.4s]
  ep  75: loss=0.3948  test_acc=76.08%  (best 77.46 @ ep 71)  [5.4s]  [logged per-sample loss: mean=0.361]
  ep  76: loss=0.3773  test_acc=75.80%  (best 77.46 @ ep 71)  [3.6s]
  ep  77: loss=0.3676  test_acc=76.34%  (best 77.46 @ ep 71)  [7.6s]
  ep  78: loss=0.3511  test_acc=75.32%  (best 77.46 @ ep 71)  [8.3s]
  ep  79: loss=0.3427  test_acc=76.90%  (best 77.46 @ ep 71)  [8.3s]
  ep  80: loss=0.3235  test_acc=74.91%  (best 77.46 @ ep 71)  [8.0s]
  ep  81: loss=0.3026  test_acc=74.89%  (best 77.46 @ ep 71)  [8.5s]
  ep  82: loss=0.2912  test_acc=76.28%  (best 77.46 @ ep 71)  [7.9s]
  ep  83: loss=0.2750  test_acc=77.14%  (best 77.46 @ ep 71)  [7.8s]
  ep  84: loss=0.2612  test_acc=75.75%  (best 77.46 @ ep 71)  [8.1s]
  ep  85: loss=0.2450  test_acc=77.17%  (best 77.46 @ ep 71)  [8.1s]
  ep  86: loss=0.2284  test_acc=77.72%  (best 77.72 @ ep 86)  [8.2s]
  ep  87: loss=0.2256  test_acc=77.36%  (best 77.72 @ ep 86)  [7.6s]
  ep  88: loss=0.2127  test_acc=78.70%  (best 78.70 @ ep 88)  [9.1s]
  ep  89: loss=0.2003  test_acc=76.72%  (best 78.70 @ ep 88)  [8.6s]
  ep  90: loss=0.1875  test_acc=77.13%  (best 78.70 @ ep 88)  [8.3s]
  ep  91: loss=0.1799  test_acc=78.06%  (best 78.70 @ ep 88)  [8.6s]
  ep  92: loss=0.1688  test_acc=77.57%  (best 78.70 @ ep 88)  [8.4s]
  ep  93: loss=0.1649  test_acc=77.76%  (best 78.70 @ ep 88)  [8.0s]
  ep  94: loss=0.1605  test_acc=77.66%  (best 78.70 @ ep 88)  [8.1s]
  ep  95: loss=0.1556  test_acc=77.68%  (best 78.70 @ ep 88)  [8.4s]
  ep  96: loss=0.1483  test_acc=77.81%  (best 78.70 @ ep 88)  [8.4s]
  ep  97: loss=0.1520  test_acc=77.90%  (best 78.70 @ ep 88)  [7.8s]
  ep  98: loss=0.1503  test_acc=78.19%  (best 78.70 @ ep 88)  [8.1s]
  ep  99: loss=0.1488  test_acc=78.26%  (best 78.70 @ ep 88)  [11.5s]  [logged per-sample loss: mean=0.113]

saved /path/to/ciln-workspace/journal_edition/robustness_transfer/results_v4/erm/ours_v2_noisy__gaussian_noise_sev1__seed1.json: best 78.70% @ ep 88
