condition=ours_v2_noisy__gaussian_noise_sev3 seed=2 gpu=2
/path/to/ciln-workspace/venv/lib/python3.12/site-packages/torchvision/datasets/cifar.py:83: VisibleDeprecationWarning: dtype(): align should be passed as Python or NumPy boolean but got `align=0`. Did you mean to pass a tuple to create a subarray type? (Deprecated NumPy 2.4)
  entry = pickle.load(f, encoding="latin1")
image_source=noisy  N=22500  noise_rate=48.86%
  ep   0: loss=1.8303  test_acc=21.67%  (best 21.67 @ ep 0)  [4.5s]
  ep   1: loss=1.6470  test_acc=35.67%  (best 35.67 @ ep 1)  [3.5s]
  ep   2: loss=1.5520  test_acc=33.93%  (best 35.67 @ ep 1)  [3.6s]
  ep   3: loss=1.5043  test_acc=34.42%  (best 35.67 @ ep 1)  [3.6s]
  ep   4: loss=1.4736  test_acc=35.52%  (best 35.67 @ ep 1)  [3.6s]
  ep   5: loss=1.4384  test_acc=41.56%  (best 41.56 @ ep 5)  [5.1s]  [logged per-sample loss: mean=1.426]
  ep   6: loss=1.4113  test_acc=35.01%  (best 41.56 @ ep 5)  [3.6s]
  ep   7: loss=1.3985  test_acc=41.03%  (best 41.56 @ ep 5)  [3.8s]
  ep   8: loss=1.3755  test_acc=36.78%  (best 41.56 @ ep 5)  [3.6s]
  ep   9: loss=1.3641  test_acc=37.72%  (best 41.56 @ ep 5)  [3.6s]
  ep  10: loss=1.3511  test_acc=43.71%  (best 43.71 @ ep 10)  [5.4s]  [logged per-sample loss: mean=1.557]
  ep  11: loss=1.3414  test_acc=50.21%  (best 50.21 @ ep 11)  [3.5s]
  ep  12: loss=1.3296  test_acc=44.82%  (best 50.21 @ ep 11)  [3.5s]
  ep  13: loss=1.3149  test_acc=36.60%  (best 50.21 @ ep 11)  [6.9s]
  ep  14: loss=1.3068  test_acc=45.40%  (best 50.21 @ ep 11)  [8.2s]
  ep  15: loss=1.2848  test_acc=43.91%  (best 50.21 @ ep 11)  [8.1s]
  ep  16: loss=1.2923  test_acc=48.37%  (best 50.21 @ ep 11)  [7.9s]
  ep  17: loss=1.2697  test_acc=47.86%  (best 50.21 @ ep 11)  [8.4s]
  ep  18: loss=1.2580  test_acc=48.75%  (best 50.21 @ ep 11)  [8.5s]
  ep  19: loss=1.2553  test_acc=40.54%  (best 50.21 @ ep 11)  [8.9s]
  ep  20: loss=1.2449  test_acc=45.87%  (best 50.21 @ ep 11)  [11.2s]  [logged per-sample loss: mean=1.327]
  ep  21: loss=1.2444  test_acc=39.89%  (best 50.21 @ ep 11)  [8.1s]
  ep  22: loss=1.2371  test_acc=52.25%  (best 52.25 @ ep 22)  [8.4s]
  ep  23: loss=1.2312  test_acc=51.02%  (best 52.25 @ ep 22)  [8.2s]
  ep  24: loss=1.2211  test_acc=43.88%  (best 52.25 @ ep 22)  [8.0s]
  ep  25: loss=1.2172  test_acc=51.77%  (best 52.25 @ ep 22)  [8.5s]
  ep  26: loss=1.2117  test_acc=48.33%  (best 52.25 @ ep 22)  [8.4s]
  ep  27: loss=1.2019  test_acc=43.64%  (best 52.25 @ ep 22)  [7.8s]
  ep  28: loss=1.2071  test_acc=49.01%  (best 52.25 @ ep 22)  [8.2s]
  ep  29: loss=1.1982  test_acc=46.81%  (best 52.25 @ ep 22)  [8.2s]
  ep  30: loss=1.1978  test_acc=48.47%  (best 52.25 @ ep 22)  [10.6s]  [logged per-sample loss: mean=1.187]
  ep  31: loss=1.1839  test_acc=56.16%  (best 56.16 @ ep 31)  [8.1s]
  ep  32: loss=1.1815  test_acc=56.35%  (best 56.35 @ ep 32)  [8.3s]
  ep  33: loss=1.1796  test_acc=53.41%  (best 56.35 @ ep 32)  [3.7s]
  ep  34: loss=1.1726  test_acc=47.56%  (best 56.35 @ ep 32)  [3.9s]
  ep  35: loss=1.1742  test_acc=45.14%  (best 56.35 @ ep 32)  [3.9s]
  ep  36: loss=1.1559  test_acc=60.24%  (best 60.24 @ ep 36)  [3.5s]
  ep  37: loss=1.1584  test_acc=47.80%  (best 60.24 @ ep 36)  [3.6s]
  ep  38: loss=1.1509  test_acc=53.38%  (best 60.24 @ ep 36)  [3.7s]
  ep  39: loss=1.1493  test_acc=46.65%  (best 60.24 @ ep 36)  [3.8s]
  ep  40: loss=1.1429  test_acc=45.95%  (best 60.24 @ ep 36)  [3.6s]
  ep  41: loss=1.1452  test_acc=39.33%  (best 60.24 @ ep 36)  [3.5s]
  ep  42: loss=1.1288  test_acc=60.94%  (best 60.94 @ ep 42)  [3.7s]
  ep  43: loss=1.1299  test_acc=42.92%  (best 60.94 @ ep 42)  [3.7s]
  ep  44: loss=1.1235  test_acc=52.89%  (best 60.94 @ ep 42)  [3.6s]
  ep  45: loss=1.1157  test_acc=56.20%  (best 60.94 @ ep 42)  [3.8s]
  ep  46: loss=1.1085  test_acc=47.06%  (best 60.94 @ ep 42)  [3.8s]
  ep  47: loss=1.1055  test_acc=47.52%  (best 60.94 @ ep 42)  [3.9s]
  ep  48: loss=1.0987  test_acc=49.43%  (best 60.94 @ ep 42)  [3.5s]
  ep  49: loss=1.0874  test_acc=53.46%  (best 60.94 @ ep 42)  [4.7s]
  ep  50: loss=1.0857  test_acc=53.40%  (best 60.94 @ ep 42)  [10.8s]  [logged per-sample loss: mean=1.126]
  ep  51: loss=1.0808  test_acc=47.33%  (best 60.94 @ ep 42)  [8.7s]
  ep  52: loss=1.0722  test_acc=55.32%  (best 60.94 @ ep 42)  [8.7s]
  ep  53: loss=1.0694  test_acc=47.87%  (best 60.94 @ ep 42)  [8.3s]
  ep  54: loss=1.0599  test_acc=50.91%  (best 60.94 @ ep 42)  [8.0s]
  ep  55: loss=1.0495  test_acc=54.46%  (best 60.94 @ ep 42)  [8.3s]
  ep  56: loss=1.0462  test_acc=51.42%  (best 60.94 @ ep 42)  [8.5s]
  ep  57: loss=1.0444  test_acc=52.15%  (best 60.94 @ ep 42)  [8.1s]
  ep  58: loss=1.0318  test_acc=57.33%  (best 60.94 @ ep 42)  [8.4s]
  ep  59: loss=1.0124  test_acc=52.07%  (best 60.94 @ ep 42)  [8.0s]
  ep  60: loss=1.0092  test_acc=51.90%  (best 60.94 @ ep 42)  [8.4s]
  ep  61: loss=1.0013  test_acc=57.53%  (best 60.94 @ ep 42)  [8.5s]
  ep  62: loss=0.9912  test_acc=53.21%  (best 60.94 @ ep 42)  [8.2s]
  ep  63: loss=0.9799  test_acc=53.27%  (best 60.94 @ ep 42)  [8.5s]
  ep  64: loss=0.9792  test_acc=50.14%  (best 60.94 @ ep 42)  [8.2s]
  ep  65: loss=0.9586  test_acc=48.85%  (best 60.94 @ ep 42)  [8.4s]
  ep  66: loss=0.9465  test_acc=52.00%  (best 60.94 @ ep 42)  [7.9s]
  ep  67: loss=0.9414  test_acc=50.97%  (best 60.94 @ ep 42)  [8.1s]
  ep  68: loss=0.9289  test_acc=50.69%  (best 60.94 @ ep 42)  [8.5s]
  ep  69: loss=0.9141  test_acc=44.72%  (best 60.94 @ ep 42)  [7.9s]
  ep  70: loss=0.8977  test_acc=47.82%  (best 60.94 @ ep 42)  [7.7s]
  ep  71: loss=0.8895  test_acc=45.79%  (best 60.94 @ ep 42)  [8.3s]
  ep  72: loss=0.8710  test_acc=50.54%  (best 60.94 @ ep 42)  [8.3s]
  ep  73: loss=0.8626  test_acc=48.87%  (best 60.94 @ ep 42)  [8.1s]
  ep  74: loss=0.8465  test_acc=45.57%  (best 60.94 @ ep 42)  [9.2s]
  ep  75: loss=0.8335  test_acc=52.82%  (best 60.94 @ ep 42)  [11.4s]  [logged per-sample loss: mean=0.818]
  ep  76: loss=0.8064  test_acc=50.70%  (best 60.94 @ ep 42)  [8.7s]
  ep  77: loss=0.7932  test_acc=50.99%  (best 60.94 @ ep 42)  [8.2s]
  ep  78: loss=0.7776  test_acc=51.17%  (best 60.94 @ ep 42)  [8.0s]
  ep  79: loss=0.7597  test_acc=44.33%  (best 60.94 @ ep 42)  [8.7s]
  ep  80: loss=0.7360  test_acc=52.78%  (best 60.94 @ ep 42)  [8.7s]
  ep  81: loss=0.7254  test_acc=57.27%  (best 60.94 @ ep 42)  [8.7s]
  ep  82: loss=0.6982  test_acc=51.91%  (best 60.94 @ ep 42)  [8.0s]
  ep  83: loss=0.6798  test_acc=51.75%  (best 60.94 @ ep 42)  [7.9s]
  ep  84: loss=0.6544  test_acc=50.39%  (best 60.94 @ ep 42)  [7.9s]
  ep  85: loss=0.6389  test_acc=52.36%  (best 60.94 @ ep 42)  [8.5s]
  ep  86: loss=0.6181  test_acc=53.23%  (best 60.94 @ ep 42)  [8.3s]
  ep  87: loss=0.5952  test_acc=53.67%  (best 60.94 @ ep 42)  [8.3s]
  ep  88: loss=0.5751  test_acc=51.97%  (best 60.94 @ ep 42)  [8.3s]
  ep  89: loss=0.5520  test_acc=52.32%  (best 60.94 @ ep 42)  [8.3s]
  ep  90: loss=0.5382  test_acc=52.53%  (best 60.94 @ ep 42)  [8.2s]
  ep  91: loss=0.5194  test_acc=50.88%  (best 60.94 @ ep 42)  [8.7s]
  ep  92: loss=0.5078  test_acc=50.35%  (best 60.94 @ ep 42)  [8.3s]
  ep  93: loss=0.5016  test_acc=51.91%  (best 60.94 @ ep 42)  [8.3s]
  ep  94: loss=0.4810  test_acc=51.28%  (best 60.94 @ ep 42)  [8.1s]
  ep  95: loss=0.4744  test_acc=52.23%  (best 60.94 @ ep 42)  [8.1s]
  ep  96: loss=0.4684  test_acc=51.88%  (best 60.94 @ ep 42)  [8.1s]
  ep  97: loss=0.4628  test_acc=52.07%  (best 60.94 @ ep 42)  [8.4s]
  ep  98: loss=0.4562  test_acc=52.15%  (best 60.94 @ ep 42)  [8.0s]
  ep  99: loss=0.4517  test_acc=51.52%  (best 60.94 @ ep 42)  [10.7s]  [logged per-sample loss: mean=0.405]

saved /path/to/ciln-workspace/journal_edition/robustness_transfer/results_v4/erm/ours_v2_noisy__gaussian_noise_sev3__seed2.json: best 60.94% @ ep 42
