condition=ours_v2_noisy__elastic_transform_sev3 seed=0 gpu=2
/path/to/ciln-workspace/venv/lib/python3.12/site-packages/torchvision/datasets/cifar.py:83: VisibleDeprecationWarning: dtype(): align should be passed as Python or NumPy boolean but got `align=0`. Did you mean to pass a tuple to create a subarray type? (Deprecated NumPy 2.4)
  entry = pickle.load(f, encoding="latin1")
image_source=noisy  N=22500  noise_rate=17.52%
  ep   0: loss=1.9208  test_acc=29.27%  (best 29.27 @ ep 0)  [4.4s]
  ep   1: loss=1.6595  test_acc=38.41%  (best 38.41 @ ep 1)  [3.7s]
  ep   2: loss=1.5201  test_acc=46.50%  (best 46.50 @ ep 2)  [3.8s]
  ep   3: loss=1.3992  test_acc=44.16%  (best 46.50 @ ep 2)  [3.7s]
  ep   4: loss=1.2886  test_acc=57.53%  (best 57.53 @ ep 4)  [3.8s]
  ep   5: loss=1.2008  test_acc=50.47%  (best 57.53 @ ep 4)  [5.3s]  [logged per-sample loss: mean=1.228]
  ep   6: loss=1.1446  test_acc=55.43%  (best 57.53 @ ep 4)  [3.5s]
  ep   7: loss=1.0841  test_acc=63.98%  (best 63.98 @ ep 7)  [3.5s]
  ep   8: loss=1.0379  test_acc=58.21%  (best 63.98 @ ep 7)  [3.6s]
  ep   9: loss=1.0063  test_acc=58.76%  (best 63.98 @ ep 7)  [3.7s]
  ep  10: loss=0.9829  test_acc=62.04%  (best 63.98 @ ep 7)  [5.3s]  [logged per-sample loss: mean=0.997]
  ep  11: loss=0.9563  test_acc=65.15%  (best 65.15 @ ep 11)  [3.4s]
  ep  12: loss=0.9284  test_acc=64.02%  (best 65.15 @ ep 11)  [3.6s]
  ep  13: loss=0.9172  test_acc=62.89%  (best 65.15 @ ep 11)  [4.7s]
  ep  14: loss=0.8982  test_acc=66.14%  (best 66.14 @ ep 14)  [8.0s]
  ep  15: loss=0.8806  test_acc=63.00%  (best 66.14 @ ep 14)  [8.6s]
  ep  16: loss=0.8699  test_acc=69.27%  (best 69.27 @ ep 16)  [7.9s]
  ep  17: loss=0.8558  test_acc=67.12%  (best 69.27 @ ep 16)  [8.1s]
  ep  18: loss=0.8475  test_acc=63.50%  (best 69.27 @ ep 16)  [6.9s]
  ep  19: loss=0.8386  test_acc=68.50%  (best 69.27 @ ep 16)  [3.5s]
  ep  20: loss=0.8198  test_acc=69.05%  (best 69.27 @ ep 16)  [5.2s]  [logged per-sample loss: mean=0.950]
  ep  21: loss=0.8193  test_acc=68.09%  (best 69.27 @ ep 16)  [3.6s]
  ep  22: loss=0.8074  test_acc=72.28%  (best 72.28 @ ep 22)  [3.7s]
  ep  23: loss=0.8073  test_acc=70.07%  (best 72.28 @ ep 22)  [3.5s]
  ep  24: loss=0.7948  test_acc=61.89%  (best 72.28 @ ep 22)  [3.7s]
  ep  25: loss=0.7945  test_acc=65.66%  (best 72.28 @ ep 22)  [3.6s]
  ep  26: loss=0.7795  test_acc=70.53%  (best 72.28 @ ep 22)  [3.4s]
  ep  27: loss=0.7806  test_acc=69.80%  (best 72.28 @ ep 22)  [3.5s]
  ep  28: loss=0.7696  test_acc=73.98%  (best 73.98 @ ep 28)  [3.6s]
  ep  29: loss=0.7618  test_acc=68.80%  (best 73.98 @ ep 28)  [3.5s]
  ep  30: loss=0.7513  test_acc=72.57%  (best 73.98 @ ep 28)  [5.0s]  [logged per-sample loss: mean=0.770]
  ep  31: loss=0.7484  test_acc=74.81%  (best 74.81 @ ep 31)  [3.7s]
  ep  32: loss=0.7462  test_acc=68.59%  (best 74.81 @ ep 31)  [3.5s]
  ep  33: loss=0.7377  test_acc=70.45%  (best 74.81 @ ep 31)  [3.9s]
  ep  34: loss=0.7318  test_acc=67.75%  (best 74.81 @ ep 31)  [3.9s]
  ep  35: loss=0.7256  test_acc=74.03%  (best 74.81 @ ep 31)  [9.0s]
  ep  36: loss=0.7196  test_acc=72.70%  (best 74.81 @ ep 31)  [8.2s]
  ep  37: loss=0.7148  test_acc=73.11%  (best 74.81 @ ep 31)  [8.0s]
  ep  38: loss=0.7047  test_acc=71.37%  (best 74.81 @ ep 31)  [8.6s]
  ep  39: loss=0.7052  test_acc=75.87%  (best 75.87 @ ep 39)  [8.2s]
  ep  40: loss=0.6813  test_acc=74.25%  (best 75.87 @ ep 39)  [8.7s]
  ep  41: loss=0.6854  test_acc=72.51%  (best 75.87 @ ep 39)  [8.7s]
  ep  42: loss=0.6797  test_acc=69.27%  (best 75.87 @ ep 39)  [8.4s]
  ep  43: loss=0.6714  test_acc=75.58%  (best 75.87 @ ep 39)  [8.1s]
  ep  44: loss=0.6678  test_acc=76.51%  (best 76.51 @ ep 44)  [8.0s]
  ep  45: loss=0.6576  test_acc=74.87%  (best 76.51 @ ep 44)  [8.1s]
  ep  46: loss=0.6529  test_acc=74.88%  (best 76.51 @ ep 44)  [8.8s]
  ep  47: loss=0.6443  test_acc=76.03%  (best 76.51 @ ep 44)  [7.9s]
  ep  48: loss=0.6374  test_acc=74.39%  (best 76.51 @ ep 44)  [8.0s]
  ep  49: loss=0.6321  test_acc=69.86%  (best 76.51 @ ep 44)  [8.4s]
  ep  50: loss=0.6269  test_acc=78.37%  (best 78.37 @ ep 50)  [11.1s]  [logged per-sample loss: mean=0.606]
  ep  51: loss=0.6147  test_acc=69.67%  (best 78.37 @ ep 50)  [7.9s]
  ep  52: loss=0.6099  test_acc=77.81%  (best 78.37 @ ep 50)  [8.1s]
  ep  53: loss=0.5945  test_acc=76.15%  (best 78.37 @ ep 50)  [8.7s]
  ep  54: loss=0.5940  test_acc=76.01%  (best 78.37 @ ep 50)  [8.3s]
  ep  55: loss=0.5871  test_acc=77.56%  (best 78.37 @ ep 50)  [8.2s]
  ep  56: loss=0.5713  test_acc=76.39%  (best 78.37 @ ep 50)  [8.7s]
  ep  57: loss=0.5714  test_acc=76.82%  (best 78.37 @ ep 50)  [8.4s]
  ep  58: loss=0.5592  test_acc=77.34%  (best 78.37 @ ep 50)  [8.1s]
  ep  59: loss=0.5480  test_acc=76.82%  (best 78.37 @ ep 50)  [8.3s]
  ep  60: loss=0.5432  test_acc=71.79%  (best 78.37 @ ep 50)  [8.8s]
  ep  61: loss=0.5308  test_acc=78.26%  (best 78.37 @ ep 50)  [8.3s]
  ep  62: loss=0.5162  test_acc=75.98%  (best 78.37 @ ep 50)  [8.4s]
  ep  63: loss=0.5113  test_acc=77.80%  (best 78.37 @ ep 50)  [8.9s]
  ep  64: loss=0.5080  test_acc=79.58%  (best 79.58 @ ep 64)  [8.6s]
  ep  65: loss=0.4994  test_acc=76.15%  (best 79.58 @ ep 64)  [8.4s]
  ep  66: loss=0.4764  test_acc=76.57%  (best 79.58 @ ep 64)  [8.5s]
  ep  67: loss=0.4649  test_acc=76.51%  (best 79.58 @ ep 64)  [8.4s]
  ep  68: loss=0.4514  test_acc=76.28%  (best 79.58 @ ep 64)  [8.3s]
  ep  69: loss=0.4442  test_acc=74.66%  (best 79.58 @ ep 64)  [8.6s]
  ep  70: loss=0.4308  test_acc=77.31%  (best 79.58 @ ep 64)  [8.7s]
  ep  71: loss=0.4246  test_acc=77.05%  (best 79.58 @ ep 64)  [8.6s]
  ep  72: loss=0.4021  test_acc=78.22%  (best 79.58 @ ep 64)  [9.1s]
  ep  73: loss=0.3938  test_acc=79.83%  (best 79.83 @ ep 73)  [9.5s]
  ep  74: loss=0.3843  test_acc=78.49%  (best 79.83 @ ep 73)  [9.6s]
  ep  75: loss=0.3627  test_acc=78.26%  (best 79.83 @ ep 73)  [11.6s]  [logged per-sample loss: mean=0.368]
  ep  76: loss=0.3510  test_acc=79.09%  (best 79.83 @ ep 73)  [9.0s]
  ep  77: loss=0.3411  test_acc=79.08%  (best 79.83 @ ep 73)  [9.3s]
  ep  78: loss=0.3232  test_acc=79.47%  (best 79.83 @ ep 73)  [10.2s]
  ep  79: loss=0.3157  test_acc=77.08%  (best 79.83 @ ep 73)  [3.6s]
  ep  80: loss=0.2908  test_acc=77.44%  (best 79.83 @ ep 73)  [3.7s]
  ep  81: loss=0.2823  test_acc=79.82%  (best 79.83 @ ep 73)  [3.6s]
  ep  82: loss=0.2655  test_acc=78.19%  (best 79.83 @ ep 73)  [3.7s]
  ep  83: loss=0.2490  test_acc=78.57%  (best 79.83 @ ep 73)  [3.5s]
  ep  84: loss=0.2336  test_acc=79.16%  (best 79.83 @ ep 73)  [3.6s]
  ep  85: loss=0.2231  test_acc=79.45%  (best 79.83 @ ep 73)  [3.5s]
  ep  86: loss=0.2104  test_acc=79.13%  (best 79.83 @ ep 73)  [3.6s]
  ep  87: loss=0.2012  test_acc=79.93%  (best 79.93 @ ep 87)  [3.7s]
  ep  88: loss=0.1835  test_acc=79.89%  (best 79.93 @ ep 87)  [3.6s]
  ep  89: loss=0.1794  test_acc=79.91%  (best 79.93 @ ep 87)  [3.6s]
  ep  90: loss=0.1649  test_acc=80.11%  (best 80.11 @ ep 90)  [3.5s]
  ep  91: loss=0.1579  test_acc=79.79%  (best 80.11 @ ep 90)  [3.8s]
  ep  92: loss=0.1561  test_acc=79.82%  (best 80.11 @ ep 90)  [3.7s]
  ep  93: loss=0.1490  test_acc=79.71%  (best 80.11 @ ep 90)  [3.6s]
  ep  94: loss=0.1441  test_acc=79.82%  (best 80.11 @ ep 90)  [3.6s]
  ep  95: loss=0.1426  test_acc=79.64%  (best 80.11 @ ep 90)  [3.9s]
  ep  96: loss=0.1384  test_acc=80.01%  (best 80.11 @ ep 90)  [7.8s]
  ep  97: loss=0.1324  test_acc=80.03%  (best 80.11 @ ep 90)  [8.1s]
  ep  98: loss=0.1367  test_acc=80.01%  (best 80.11 @ ep 90)  [8.2s]
  ep  99: loss=0.1313  test_acc=79.90%  (best 80.11 @ ep 90)  [11.9s]  [logged per-sample loss: mean=0.094]

saved /path/to/ciln-workspace/journal_edition/robustness_transfer/results_v4/erm/ours_v2_noisy__elastic_transform_sev3__seed0.json: best 80.11% @ ep 90
