condition=ours_v2_noisy__defocus_blur_sev1 seed=2 gpu=2
/path/to/ciln-workspace/venv/lib/python3.12/site-packages/torchvision/datasets/cifar.py:83: VisibleDeprecationWarning: dtype(): align should be passed as Python or NumPy boolean but got `align=0`. Did you mean to pass a tuple to create a subarray type? (Deprecated NumPy 2.4)
  entry = pickle.load(f, encoding="latin1")
image_source=noisy  N=22500  noise_rate=8.62%
  ep   0: R(t)=1.000  acc1=35.85%  acc2=37.03%  ens=36.44%  (best 36.44 @ ep 0)  [7.5s]
  ep   1: R(t)=0.973  acc1=45.86%  acc2=41.64%  ens=43.75%  (best 43.75 @ ep 1)  [6.6s]
  ep   2: R(t)=0.961  acc1=49.81%  acc2=44.86%  ens=47.34%  (best 47.34 @ ep 2)  [7.1s]
  ep   3: R(t)=0.953  acc1=53.31%  acc2=51.12%  ens=52.22%  (best 52.22 @ ep 3)  [6.5s]
  ep   4: R(t)=0.945  acc1=56.10%  acc2=58.63%  ens=57.37%  (best 57.37 @ ep 4)  [6.7s]
  ep   5: R(t)=0.939  acc1=63.33%  acc2=60.09%  ens=61.71%  (best 61.71 @ ep 5)  [10.5s]  [sel1+2: prec=0.924, recall_clean=0.969]
  ep   6: R(t)=0.933  acc1=61.14%  acc2=54.49%  ens=57.82%  (best 61.71 @ ep 5)  [6.5s]
  ep   7: R(t)=0.928  acc1=64.64%  acc2=62.53%  ens=63.59%  (best 63.59 @ ep 7)  [19.8s]
  ep   8: R(t)=0.923  acc1=64.51%  acc2=64.47%  ens=64.49%  (best 64.49 @ ep 8)  [21.3s]
  ep   9: R(t)=0.918  acc1=69.31%  acc2=45.77%  ens=57.54%  (best 64.49 @ ep 8)  [19.5s]
  ep  10: R(t)=0.914  acc1=58.63%  acc2=71.07%  ens=64.85%  (best 64.85 @ ep 10)  [22.2s]  [sel1+2: prec=0.932, recall_clean=0.960]
  ep  11: R(t)=0.914  acc1=65.31%  acc2=57.30%  ens=61.30%  (best 64.85 @ ep 10)  [6.3s]
  ep  12: R(t)=0.914  acc1=69.11%  acc2=66.64%  ens=67.88%  (best 67.88 @ ep 12)  [6.1s]
  ep  13: R(t)=0.914  acc1=71.89%  acc2=73.71%  ens=72.80%  (best 72.80 @ ep 13)  [6.2s]
  ep  14: R(t)=0.914  acc1=71.27%  acc2=70.19%  ens=70.73%  (best 72.80 @ ep 13)  [6.7s]
  ep  15: R(t)=0.914  acc1=65.00%  acc2=67.10%  ens=66.05%  (best 72.80 @ ep 13)  [6.6s]
  ep  16: R(t)=0.914  acc1=74.31%  acc2=73.86%  ens=74.09%  (best 74.09 @ ep 16)  [6.6s]
  ep  17: R(t)=0.914  acc1=67.79%  acc2=74.41%  ens=71.10%  (best 74.09 @ ep 16)  [6.7s]
  ep  18: R(t)=0.914  acc1=65.54%  acc2=72.75%  ens=69.14%  (best 74.09 @ ep 16)  [6.6s]
  ep  19: R(t)=0.914  acc1=74.22%  acc2=64.15%  ens=69.19%  (best 74.09 @ ep 16)  [6.4s]
  ep  20: R(t)=0.914  acc1=64.49%  acc2=67.65%  ens=66.07%  (best 74.09 @ ep 16)  [18.3s]  [sel1+2: prec=0.934, recall_clean=0.962]
  ep  21: R(t)=0.914  acc1=69.17%  acc2=71.71%  ens=70.44%  (best 74.09 @ ep 16)  [17.5s]
  ep  22: R(t)=0.914  acc1=71.92%  acc2=65.51%  ens=68.71%  (best 74.09 @ ep 16)  [18.3s]
  ep  23: R(t)=0.914  acc1=71.62%  acc2=74.71%  ens=73.16%  (best 74.09 @ ep 16)  [13.2s]
  ep  24: R(t)=0.914  acc1=71.09%  acc2=75.79%  ens=73.44%  (best 74.09 @ ep 16)  [6.5s]
  ep  25: R(t)=0.914  acc1=76.05%  acc2=72.97%  ens=74.51%  (best 74.51 @ ep 25)  [6.5s]
  ep  26: R(t)=0.914  acc1=74.39%  acc2=73.72%  ens=74.06%  (best 74.51 @ ep 25)  [6.2s]
  ep  27: R(t)=0.914  acc1=73.84%  acc2=75.08%  ens=74.46%  (best 74.51 @ ep 25)  [6.4s]
  ep  28: R(t)=0.914  acc1=74.36%  acc2=71.34%  ens=72.85%  (best 74.51 @ ep 25)  [6.5s]
  ep  29: R(t)=0.914  acc1=76.73%  acc2=76.14%  ens=76.44%  (best 76.44 @ ep 29)  [6.2s]
  ep  30: R(t)=0.914  acc1=78.86%  acc2=73.33%  ens=76.09%  (best 76.44 @ ep 29)  [9.8s]  [sel1+2: prec=0.937, recall_clean=0.965]
  ep  31: R(t)=0.914  acc1=76.79%  acc2=77.38%  ens=77.09%  (best 77.09 @ ep 31)  [6.5s]
  ep  32: R(t)=0.914  acc1=75.20%  acc2=70.18%  ens=72.69%  (best 77.09 @ ep 31)  [10.6s]
  ep  33: R(t)=0.914  acc1=73.89%  acc2=77.26%  ens=75.57%  (best 77.09 @ ep 31)  [17.7s]
  ep  34: R(t)=0.914  acc1=72.09%  acc2=75.60%  ens=73.84%  (best 77.09 @ ep 31)  [18.3s]
  ep  35: R(t)=0.914  acc1=73.83%  acc2=73.47%  ens=73.65%  (best 77.09 @ ep 31)  [16.9s]
  ep  36: R(t)=0.914  acc1=77.12%  acc2=77.51%  ens=77.31%  (best 77.31 @ ep 36)  [16.7s]
  ep  37: R(t)=0.914  acc1=74.27%  acc2=72.53%  ens=73.40%  (best 77.31 @ ep 36)  [8.7s]
  ep  38: R(t)=0.914  acc1=76.95%  acc2=76.68%  ens=76.81%  (best 77.31 @ ep 36)  [6.5s]
  ep  39: R(t)=0.914  acc1=73.72%  acc2=76.86%  ens=75.29%  (best 77.31 @ ep 36)  [6.8s]
  ep  40: R(t)=0.914  acc1=75.55%  acc2=74.08%  ens=74.81%  (best 77.31 @ ep 36)  [6.6s]
  ep  41: R(t)=0.914  acc1=78.92%  acc2=75.09%  ens=77.00%  (best 77.31 @ ep 36)  [6.5s]
  ep  42: R(t)=0.914  acc1=78.65%  acc2=73.06%  ens=75.86%  (best 77.31 @ ep 36)  [6.6s]
  ep  43: R(t)=0.914  acc1=78.27%  acc2=80.56%  ens=79.41%  (best 79.41 @ ep 43)  [6.4s]
  ep  44: R(t)=0.914  acc1=77.28%  acc2=73.84%  ens=75.56%  (best 79.41 @ ep 43)  [6.4s]
  ep  45: R(t)=0.914  acc1=78.84%  acc2=76.70%  ens=77.77%  (best 79.41 @ ep 43)  [6.4s]
  ep  46: R(t)=0.914  acc1=78.29%  acc2=76.31%  ens=77.30%  (best 79.41 @ ep 43)  [7.2s]
  ep  47: R(t)=0.914  acc1=76.97%  acc2=78.44%  ens=77.70%  (best 79.41 @ ep 43)  [18.1s]
  ep  48: R(t)=0.914  acc1=74.40%  acc2=79.40%  ens=76.90%  (best 79.41 @ ep 43)  [18.2s]
  ep  49: R(t)=0.914  acc1=77.92%  acc2=77.92%  ens=77.92%  (best 79.41 @ ep 43)  [18.7s]
  ep  50: R(t)=0.914  acc1=79.03%  acc2=77.52%  ens=78.28%  (best 79.41 @ ep 43)  [26.9s]  [sel1+2: prec=0.940, recall_clean=0.967]
  ep  51: R(t)=0.914  acc1=76.63%  acc2=79.67%  ens=78.15%  (best 79.41 @ ep 43)  [18.1s]
  ep  52: R(t)=0.914  acc1=80.07%  acc2=80.14%  ens=80.11%  (best 80.11 @ ep 52)  [17.8s]
  ep  53: R(t)=0.914  acc1=80.79%  acc2=76.41%  ens=78.60%  (best 80.11 @ ep 52)  [16.8s]
  ep  54: R(t)=0.914  acc1=80.74%  acc2=80.27%  ens=80.51%  (best 80.51 @ ep 54)  [17.3s]
  ep  55: R(t)=0.914  acc1=78.50%  acc2=79.52%  ens=79.01%  (best 80.51 @ ep 54)  [18.8s]
  ep  56: R(t)=0.914  acc1=80.04%  acc2=81.67%  ens=80.86%  (best 80.86 @ ep 56)  [17.5s]
  ep  57: R(t)=0.914  acc1=82.69%  acc2=81.24%  ens=81.97%  (best 81.97 @ ep 57)  [17.6s]
  ep  58: R(t)=0.914  acc1=81.36%  acc2=80.90%  ens=81.13%  (best 81.97 @ ep 57)  [18.4s]
  ep  59: R(t)=0.914  acc1=76.01%  acc2=75.30%  ens=75.66%  (best 81.97 @ ep 57)  [18.0s]
  ep  60: R(t)=0.914  acc1=81.85%  acc2=78.08%  ens=79.97%  (best 81.97 @ ep 57)  [17.8s]
  ep  61: R(t)=0.914  acc1=81.20%  acc2=80.84%  ens=81.02%  (best 81.97 @ ep 57)  [18.0s]
  ep  62: R(t)=0.914  acc1=81.92%  acc2=83.69%  ens=82.80%  (best 82.80 @ ep 62)  [17.5s]
  ep  63: R(t)=0.914  acc1=82.41%  acc2=81.81%  ens=82.11%  (best 82.80 @ ep 62)  [18.2s]
  ep  64: R(t)=0.914  acc1=83.04%  acc2=82.52%  ens=82.78%  (best 82.80 @ ep 62)  [16.9s]
  ep  65: R(t)=0.914  acc1=82.96%  acc2=83.54%  ens=83.25%  (best 83.25 @ ep 65)  [18.9s]
  ep  66: R(t)=0.914  acc1=79.65%  acc2=81.31%  ens=80.48%  (best 83.25 @ ep 65)  [17.5s]
  ep  67: R(t)=0.914  acc1=80.88%  acc2=82.92%  ens=81.90%  (best 83.25 @ ep 65)  [18.5s]
  ep  68: R(t)=0.914  acc1=83.83%  acc2=84.09%  ens=83.96%  (best 83.96 @ ep 68)  [17.4s]
  ep  69: R(t)=0.914  acc1=84.02%  acc2=84.10%  ens=84.06%  (best 84.06 @ ep 69)  [17.3s]
  ep  70: R(t)=0.914  acc1=83.44%  acc2=83.83%  ens=83.64%  (best 84.06 @ ep 69)  [17.9s]
  ep  71: R(t)=0.914  acc1=83.58%  acc2=84.82%  ens=84.20%  (best 84.20 @ ep 71)  [18.4s]
  ep  72: R(t)=0.914  acc1=83.16%  acc2=83.27%  ens=83.21%  (best 84.20 @ ep 71)  [17.4s]
  ep  73: R(t)=0.914  acc1=83.74%  acc2=83.89%  ens=83.81%  (best 84.20 @ ep 71)  [18.8s]
  ep  74: R(t)=0.914  acc1=83.80%  acc2=83.29%  ens=83.55%  (best 84.20 @ ep 71)  [18.6s]
  ep  75: R(t)=0.914  acc1=85.10%  acc2=84.72%  ens=84.91%  (best 84.91 @ ep 75)  [24.2s]  [sel1+2: prec=0.944, recall_clean=0.967]
  ep  76: R(t)=0.914  acc1=83.87%  acc2=85.01%  ens=84.44%  (best 84.91 @ ep 75)  [17.9s]
  ep  77: R(t)=0.914  acc1=85.94%  acc2=85.57%  ens=85.76%  (best 85.76 @ ep 77)  [18.2s]
  ep  78: R(t)=0.914  acc1=85.81%  acc2=85.36%  ens=85.58%  (best 85.76 @ ep 77)  [17.1s]
  ep  79: R(t)=0.914  acc1=85.84%  acc2=85.07%  ens=85.45%  (best 85.76 @ ep 77)  [17.6s]
  ep  80: R(t)=0.914  acc1=85.33%  acc2=85.37%  ens=85.35%  (best 85.76 @ ep 77)  [17.6s]
  ep  81: R(t)=0.914  acc1=86.04%  acc2=85.80%  ens=85.92%  (best 85.92 @ ep 81)  [18.0s]
  ep  82: R(t)=0.914  acc1=86.03%  acc2=85.81%  ens=85.92%  (best 85.92 @ ep 81)  [18.6s]
  ep  83: R(t)=0.914  acc1=86.07%  acc2=86.56%  ens=86.32%  (best 86.32 @ ep 83)  [15.5s]
  ep  84: R(t)=0.914  acc1=85.77%  acc2=86.32%  ens=86.04%  (best 86.32 @ ep 83)  [6.3s]
  ep  85: R(t)=0.914  acc1=86.38%  acc2=86.28%  ens=86.33%  (best 86.33 @ ep 85)  [6.3s]
  ep  86: R(t)=0.914  acc1=86.47%  acc2=86.31%  ens=86.39%  (best 86.39 @ ep 86)  [6.6s]
  ep  87: R(t)=0.914  acc1=86.56%  acc2=86.68%  ens=86.62%  (best 86.62 @ ep 87)  [6.9s]
  ep  88: R(t)=0.914  acc1=86.57%  acc2=86.69%  ens=86.63%  (best 86.63 @ ep 88)  [6.5s]
  ep  89: R(t)=0.914  acc1=86.44%  acc2=86.79%  ens=86.61%  (best 86.63 @ ep 88)  [6.5s]
  ep  90: R(t)=0.914  acc1=86.86%  acc2=86.71%  ens=86.78%  (best 86.78 @ ep 90)  [6.5s]
  ep  91: R(t)=0.914  acc1=86.85%  acc2=86.55%  ens=86.70%  (best 86.78 @ ep 90)  [6.4s]
  ep  92: R(t)=0.914  acc1=86.94%  acc2=86.76%  ens=86.85%  (best 86.85 @ ep 92)  [6.4s]
  ep  93: R(t)=0.914  acc1=86.88%  acc2=86.79%  ens=86.83%  (best 86.85 @ ep 92)  [16.8s]
  ep  94: R(t)=0.914  acc1=86.81%  acc2=86.58%  ens=86.69%  (best 86.85 @ ep 92)  [18.3s]
  ep  95: R(t)=0.914  acc1=86.82%  acc2=86.54%  ens=86.68%  (best 86.85 @ ep 92)  [17.4s]
  ep  96: R(t)=0.914  acc1=86.82%  acc2=86.56%  ens=86.69%  (best 86.85 @ ep 92)  [17.8s]
  ep  97: R(t)=0.914  acc1=86.77%  acc2=86.69%  ens=86.73%  (best 86.85 @ ep 92)  [19.5s]
  ep  98: R(t)=0.914  acc1=86.78%  acc2=86.62%  ens=86.70%  (best 86.85 @ ep 92)  [20.1s]
  ep  99: R(t)=0.914  acc1=86.83%  acc2=86.70%  ens=86.77%  (best 86.85 @ ep 92)  [24.4s]  [sel1+2: prec=0.947, recall_clean=0.965]

saved /path/to/ciln-workspace/journal_edition/robustness_transfer/results_v4/coteaching/ours_v2_noisy__defocus_blur_sev1__seed2.json: best ens-acc 86.85% @ ep 92
