condition=ours_v2_clean__snow_sev3 seed=1 gpu=1
/path/to/ciln-workspace/venv/lib/python3.12/site-packages/torchvision/datasets/cifar.py:83: VisibleDeprecationWarning: dtype(): align should be passed as Python or NumPy boolean but got `align=0`. Did you mean to pass a tuple to create a subarray type? (Deprecated NumPy 2.4)
  entry = pickle.load(f, encoding="latin1")
image_source=clean  N=22500  noise_rate=19.37%
  ep   0: R(t)=1.000  acc1=31.29%  acc2=28.42%  ens=29.85%  (best 29.85 @ ep 0)  [7.3s]
  ep   1: R(t)=0.939  acc1=43.81%  acc2=37.98%  ens=40.90%  (best 40.90 @ ep 1)  [6.4s]
  ep   2: R(t)=0.913  acc1=48.17%  acc2=40.04%  ens=44.10%  (best 44.10 @ ep 2)  [6.4s]
  ep   3: R(t)=0.894  acc1=48.33%  acc2=48.47%  ens=48.40%  (best 48.40 @ ep 3)  [6.2s]
  ep   4: R(t)=0.877  acc1=50.47%  acc2=45.75%  ens=48.11%  (best 48.40 @ ep 3)  [6.4s]
  ep   5: R(t)=0.863  acc1=58.73%  acc2=59.94%  ens=59.34%  (best 59.34 @ ep 5)  [14.0s]  [sel1+2: prec=0.851, recall_clean=0.939]
  ep   6: R(t)=0.850  acc1=58.76%  acc2=57.38%  ens=58.07%  (best 59.34 @ ep 5)  [21.8s]
  ep   7: R(t)=0.838  acc1=62.21%  acc2=57.30%  ens=59.76%  (best 59.76 @ ep 7)  [20.1s]
  ep   8: R(t)=0.827  acc1=58.60%  acc2=50.98%  ens=54.79%  (best 59.76 @ ep 7)  [19.6s]
  ep   9: R(t)=0.816  acc1=65.08%  acc2=63.92%  ens=64.50%  (best 64.50 @ ep 9)  [23.1s]
  ep  10: R(t)=0.806  acc1=60.01%  acc2=60.56%  ens=60.28%  (best 64.50 @ ep 9)  [32.0s]  [sel1+2: prec=0.878, recall_clean=0.920]
  ep  11: R(t)=0.806  acc1=63.23%  acc2=63.91%  ens=63.57%  (best 64.50 @ ep 9)  [23.6s]
  ep  12: R(t)=0.806  acc1=66.50%  acc2=67.60%  ens=67.05%  (best 67.05 @ ep 12)  [19.3s]
  ep  13: R(t)=0.806  acc1=70.06%  acc2=67.48%  ens=68.77%  (best 68.77 @ ep 13)  [19.8s]
  ep  14: R(t)=0.806  acc1=66.83%  acc2=66.11%  ens=66.47%  (best 68.77 @ ep 13)  [20.3s]
  ep  15: R(t)=0.806  acc1=67.64%  acc2=58.21%  ens=62.92%  (best 68.77 @ ep 13)  [18.2s]
  ep  16: R(t)=0.806  acc1=68.48%  acc2=68.58%  ens=68.53%  (best 68.77 @ ep 13)  [20.1s]
  ep  17: R(t)=0.806  acc1=68.06%  acc2=68.90%  ens=68.48%  (best 68.77 @ ep 13)  [19.5s]
  ep  18: R(t)=0.806  acc1=71.62%  acc2=70.40%  ens=71.01%  (best 71.01 @ ep 18)  [6.6s]
  ep  19: R(t)=0.806  acc1=72.74%  acc2=69.31%  ens=71.03%  (best 71.03 @ ep 19)  [6.4s]
  ep  20: R(t)=0.806  acc1=68.08%  acc2=67.95%  ens=68.02%  (best 71.03 @ ep 19)  [10.3s]  [sel1+2: prec=0.888, recall_clean=0.929]
  ep  21: R(t)=0.806  acc1=72.58%  acc2=69.00%  ens=70.79%  (best 71.03 @ ep 19)  [6.4s]
  ep  22: R(t)=0.806  acc1=66.45%  acc2=71.42%  ens=68.93%  (best 71.03 @ ep 19)  [6.5s]
  ep  23: R(t)=0.806  acc1=65.02%  acc2=68.64%  ens=66.83%  (best 71.03 @ ep 19)  [6.3s]
  ep  24: R(t)=0.806  acc1=71.47%  acc2=70.10%  ens=70.78%  (best 71.03 @ ep 19)  [6.3s]
  ep  25: R(t)=0.806  acc1=71.52%  acc2=71.02%  ens=71.27%  (best 71.27 @ ep 25)  [6.4s]
  ep  26: R(t)=0.806  acc1=70.91%  acc2=73.28%  ens=72.09%  (best 72.09 @ ep 26)  [6.2s]
  ep  27: R(t)=0.806  acc1=71.29%  acc2=74.67%  ens=72.98%  (best 72.98 @ ep 27)  [12.5s]
  ep  28: R(t)=0.806  acc1=73.75%  acc2=71.80%  ens=72.78%  (best 72.98 @ ep 27)  [17.6s]
  ep  29: R(t)=0.806  acc1=65.59%  acc2=72.42%  ens=69.01%  (best 72.98 @ ep 27)  [18.0s]
  ep  30: R(t)=0.806  acc1=74.49%  acc2=70.96%  ens=72.72%  (best 72.98 @ ep 27)  [24.5s]  [sel1+2: prec=0.896, recall_clean=0.937]
  ep  31: R(t)=0.806  acc1=73.40%  acc2=71.64%  ens=72.52%  (best 72.98 @ ep 27)  [17.3s]
  ep  32: R(t)=0.806  acc1=70.88%  acc2=70.71%  ens=70.80%  (best 72.98 @ ep 27)  [17.7s]
  ep  33: R(t)=0.806  acc1=72.08%  acc2=74.72%  ens=73.40%  (best 73.40 @ ep 33)  [18.1s]
  ep  34: R(t)=0.806  acc1=72.29%  acc2=75.25%  ens=73.77%  (best 73.77 @ ep 34)  [17.2s]
  ep  35: R(t)=0.806  acc1=70.62%  acc2=72.15%  ens=71.39%  (best 73.77 @ ep 34)  [18.2s]
  ep  36: R(t)=0.806  acc1=76.20%  acc2=74.32%  ens=75.26%  (best 75.26 @ ep 36)  [17.5s]
  ep  37: R(t)=0.806  acc1=76.22%  acc2=77.24%  ens=76.73%  (best 76.73 @ ep 37)  [17.1s]
  ep  38: R(t)=0.806  acc1=73.76%  acc2=75.26%  ens=74.51%  (best 76.73 @ ep 37)  [18.8s]
  ep  39: R(t)=0.806  acc1=74.71%  acc2=77.40%  ens=76.06%  (best 76.73 @ ep 37)  [17.6s]
  ep  40: R(t)=0.806  acc1=75.08%  acc2=75.64%  ens=75.36%  (best 76.73 @ ep 37)  [18.1s]
  ep  41: R(t)=0.806  acc1=74.73%  acc2=75.45%  ens=75.09%  (best 76.73 @ ep 37)  [17.1s]
  ep  42: R(t)=0.806  acc1=74.96%  acc2=72.60%  ens=73.78%  (best 76.73 @ ep 37)  [19.3s]
  ep  43: R(t)=0.806  acc1=75.18%  acc2=75.52%  ens=75.35%  (best 76.73 @ ep 37)  [17.9s]
  ep  44: R(t)=0.806  acc1=73.82%  acc2=71.39%  ens=72.61%  (best 76.73 @ ep 37)  [19.0s]
  ep  45: R(t)=0.806  acc1=73.76%  acc2=77.37%  ens=75.56%  (best 76.73 @ ep 37)  [19.4s]
  ep  46: R(t)=0.806  acc1=73.18%  acc2=74.50%  ens=73.84%  (best 76.73 @ ep 37)  [19.3s]
  ep  47: R(t)=0.806  acc1=68.81%  acc2=72.37%  ens=70.59%  (best 76.73 @ ep 37)  [17.8s]
  ep  48: R(t)=0.806  acc1=75.18%  acc2=76.58%  ens=75.88%  (best 76.73 @ ep 37)  [16.1s]
  ep  49: R(t)=0.806  acc1=78.20%  acc2=75.01%  ens=76.61%  (best 76.73 @ ep 37)  [6.4s]
  ep  50: R(t)=0.806  acc1=76.45%  acc2=78.57%  ens=77.51%  (best 77.51 @ ep 50)  [10.0s]  [sel1+2: prec=0.909, recall_clean=0.945]
  ep  51: R(t)=0.806  acc1=69.61%  acc2=76.77%  ens=73.19%  (best 77.51 @ ep 50)  [6.5s]
  ep  52: R(t)=0.806  acc1=75.72%  acc2=75.71%  ens=75.72%  (best 77.51 @ ep 50)  [6.8s]
  ep  53: R(t)=0.806  acc1=79.11%  acc2=78.35%  ens=78.73%  (best 78.73 @ ep 53)  [6.5s]
  ep  54: R(t)=0.806  acc1=78.77%  acc2=78.03%  ens=78.40%  (best 78.73 @ ep 53)  [6.6s]
  ep  55: R(t)=0.806  acc1=79.19%  acc2=77.82%  ens=78.50%  (best 78.73 @ ep 53)  [6.5s]
  ep  56: R(t)=0.806  acc1=78.56%  acc2=78.77%  ens=78.66%  (best 78.73 @ ep 53)  [6.8s]
  ep  57: R(t)=0.806  acc1=73.97%  acc2=77.51%  ens=75.74%  (best 78.73 @ ep 53)  [7.7s]
  ep  58: R(t)=0.806  acc1=75.64%  acc2=77.90%  ens=76.77%  (best 78.73 @ ep 53)  [18.5s]
  ep  59: R(t)=0.806  acc1=80.06%  acc2=79.71%  ens=79.89%  (best 79.89 @ ep 59)  [18.4s]
  ep  60: R(t)=0.806  acc1=78.51%  acc2=78.76%  ens=78.64%  (best 79.89 @ ep 59)  [18.7s]
  ep  61: R(t)=0.806  acc1=79.51%  acc2=80.95%  ens=80.23%  (best 80.23 @ ep 61)  [19.0s]
  ep  62: R(t)=0.806  acc1=80.33%  acc2=77.95%  ens=79.14%  (best 80.23 @ ep 61)  [19.1s]
  ep  63: R(t)=0.806  acc1=78.67%  acc2=78.02%  ens=78.34%  (best 80.23 @ ep 61)  [17.4s]
  ep  64: R(t)=0.806  acc1=79.58%  acc2=79.52%  ens=79.55%  (best 80.23 @ ep 61)  [19.2s]
  ep  65: R(t)=0.806  acc1=79.36%  acc2=80.66%  ens=80.01%  (best 80.23 @ ep 61)  [16.5s]
  ep  66: R(t)=0.806  acc1=81.14%  acc2=81.72%  ens=81.43%  (best 81.43 @ ep 66)  [6.4s]
  ep  67: R(t)=0.806  acc1=80.59%  acc2=81.00%  ens=80.79%  (best 81.43 @ ep 66)  [6.5s]
  ep  68: R(t)=0.806  acc1=80.47%  acc2=81.08%  ens=80.77%  (best 81.43 @ ep 66)  [6.4s]
  ep  69: R(t)=0.806  acc1=81.60%  acc2=80.88%  ens=81.24%  (best 81.43 @ ep 66)  [6.0s]
  ep  70: R(t)=0.806  acc1=80.34%  acc2=80.93%  ens=80.64%  (best 81.43 @ ep 66)  [6.8s]
  ep  71: R(t)=0.806  acc1=80.82%  acc2=81.38%  ens=81.10%  (best 81.43 @ ep 66)  [6.3s]
  ep  72: R(t)=0.806  acc1=80.55%  acc2=80.93%  ens=80.74%  (best 81.43 @ ep 66)  [6.6s]
  ep  73: R(t)=0.806  acc1=81.79%  acc2=80.93%  ens=81.36%  (best 81.43 @ ep 66)  [6.2s]
  ep  74: R(t)=0.806  acc1=82.75%  acc2=82.18%  ens=82.47%  (best 82.47 @ ep 74)  [6.3s]
  ep  75: R(t)=0.806  acc1=82.62%  acc2=81.19%  ens=81.91%  (best 82.47 @ ep 74)  [22.2s]  [sel1+2: prec=0.918, recall_clean=0.948]
  ep  76: R(t)=0.806  acc1=81.87%  acc2=82.14%  ens=82.00%  (best 82.47 @ ep 74)  [18.2s]
  ep  77: R(t)=0.806  acc1=82.58%  acc2=82.95%  ens=82.77%  (best 82.77 @ ep 77)  [6.5s]
  ep  78: R(t)=0.806  acc1=83.59%  acc2=83.37%  ens=83.48%  (best 83.48 @ ep 78)  [6.7s]
  ep  79: R(t)=0.806  acc1=83.26%  acc2=83.07%  ens=83.17%  (best 83.48 @ ep 78)  [6.4s]
  ep  80: R(t)=0.806  acc1=83.52%  acc2=83.20%  ens=83.36%  (best 83.48 @ ep 78)  [6.2s]
  ep  81: R(t)=0.806  acc1=81.95%  acc2=83.31%  ens=82.63%  (best 83.48 @ ep 78)  [6.2s]
  ep  82: R(t)=0.806  acc1=82.76%  acc2=83.07%  ens=82.92%  (best 83.48 @ ep 78)  [6.5s]
  ep  83: R(t)=0.806  acc1=83.67%  acc2=83.47%  ens=83.57%  (best 83.57 @ ep 83)  [6.3s]
  ep  84: R(t)=0.806  acc1=83.21%  acc2=83.99%  ens=83.60%  (best 83.60 @ ep 84)  [6.5s]
  ep  85: R(t)=0.806  acc1=83.46%  acc2=83.74%  ens=83.60%  (best 83.60 @ ep 85)  [6.5s]
  ep  86: R(t)=0.806  acc1=83.83%  acc2=83.75%  ens=83.79%  (best 83.79 @ ep 86)  [14.9s]
  ep  87: R(t)=0.806  acc1=83.78%  acc2=83.75%  ens=83.77%  (best 83.79 @ ep 86)  [18.9s]
  ep  88: R(t)=0.806  acc1=83.86%  acc2=83.31%  ens=83.58%  (best 83.79 @ ep 86)  [18.5s]
  ep  89: R(t)=0.806  acc1=84.11%  acc2=83.95%  ens=84.03%  (best 84.03 @ ep 89)  [18.2s]
  ep  90: R(t)=0.806  acc1=83.70%  acc2=83.98%  ens=83.84%  (best 84.03 @ ep 89)  [18.2s]
  ep  91: R(t)=0.806  acc1=84.08%  acc2=84.04%  ens=84.06%  (best 84.06 @ ep 91)  [8.6s]
  ep  92: R(t)=0.806  acc1=84.11%  acc2=84.38%  ens=84.24%  (best 84.24 @ ep 92)  [6.5s]
  ep  93: R(t)=0.806  acc1=83.92%  acc2=83.93%  ens=83.93%  (best 84.24 @ ep 92)  [6.4s]
  ep  94: R(t)=0.806  acc1=84.14%  acc2=84.13%  ens=84.14%  (best 84.24 @ ep 92)  [6.2s]
  ep  95: R(t)=0.806  acc1=84.14%  acc2=84.19%  ens=84.17%  (best 84.24 @ ep 92)  [6.4s]
  ep  96: R(t)=0.806  acc1=84.10%  acc2=84.07%  ens=84.08%  (best 84.24 @ ep 92)  [6.4s]
  ep  97: R(t)=0.806  acc1=84.19%  acc2=84.28%  ens=84.23%  (best 84.24 @ ep 92)  [6.6s]
  ep  98: R(t)=0.806  acc1=83.94%  acc2=84.24%  ens=84.09%  (best 84.24 @ ep 92)  [6.4s]
  ep  99: R(t)=0.806  acc1=84.06%  acc2=84.24%  ens=84.15%  (best 84.24 @ ep 92)  [10.0s]  [sel1+2: prec=0.924, recall_clean=0.945]

saved /path/to/ciln-workspace/journal_edition/robustness_transfer/results_v4/coteaching/ours_v2_clean__snow_sev3__seed1.json: best ens-acc 84.24% @ ep 92
