condition=ours_v2_clean__contrast_sev5 seed=0 gpu=1
/path/to/ciln-workspace/venv/lib/python3.12/site-packages/torchvision/datasets/cifar.py:83: VisibleDeprecationWarning: dtype(): align should be passed as Python or NumPy boolean but got `align=0`. Did you mean to pass a tuple to create a subarray type? (Deprecated NumPy 2.4)
  entry = pickle.load(f, encoding="latin1")
image_source=clean  N=22500  noise_rate=47.51%
  ep   0: R(t)=1.000  acc1=21.16%  acc2=22.76%  ens=21.96%  (best 21.96 @ ep 0)  [7.1s]
  ep   1: R(t)=0.850  acc1=26.39%  acc2=25.42%  ens=25.91%  (best 25.91 @ ep 1)  [6.3s]
  ep   2: R(t)=0.788  acc1=26.83%  acc2=26.53%  ens=26.68%  (best 26.68 @ ep 2)  [6.6s]
  ep   3: R(t)=0.740  acc1=30.40%  acc2=32.06%  ens=31.23%  (best 31.23 @ ep 3)  [6.4s]
  ep   4: R(t)=0.700  acc1=27.74%  acc2=29.00%  ens=28.37%  (best 31.23 @ ep 3)  [6.7s]
  ep   5: R(t)=0.664  acc1=26.95%  acc2=29.27%  ens=28.11%  (best 31.23 @ ep 3)  [13.7s]  [sel1+2: prec=0.507, recall_clean=0.663]
  ep   6: R(t)=0.632  acc1=24.57%  acc2=26.05%  ens=25.31%  (best 31.23 @ ep 3)  [19.7s]
  ep   7: R(t)=0.603  acc1=33.44%  acc2=32.74%  ens=33.09%  (best 33.09 @ ep 7)  [19.0s]
  ep   8: R(t)=0.575  acc1=31.02%  acc2=26.65%  ens=28.84%  (best 33.09 @ ep 7)  [7.0s]
  ep   9: R(t)=0.549  acc1=29.92%  acc2=29.50%  ens=29.71%  (best 33.09 @ ep 7)  [6.2s]
  ep  10: R(t)=0.525  acc1=27.58%  acc2=29.24%  ens=28.41%  (best 33.09 @ ep 7)  [9.8s]  [sel1+2: prec=0.494, recall_clean=0.517]
  ep  11: R(t)=0.525  acc1=29.62%  acc2=27.60%  ens=28.61%  (best 33.09 @ ep 7)  [6.3s]
  ep  12: R(t)=0.525  acc1=30.40%  acc2=32.68%  ens=31.54%  (best 33.09 @ ep 7)  [6.1s]
  ep  13: R(t)=0.525  acc1=28.90%  acc2=29.20%  ens=29.05%  (best 33.09 @ ep 7)  [6.6s]
  ep  14: R(t)=0.525  acc1=29.68%  acc2=27.20%  ens=28.44%  (best 33.09 @ ep 7)  [6.2s]
  ep  15: R(t)=0.525  acc1=32.52%  acc2=34.43%  ens=33.48%  (best 33.48 @ ep 15)  [6.5s]
  ep  16: R(t)=0.525  acc1=26.60%  acc2=31.50%  ens=29.05%  (best 33.48 @ ep 15)  [6.4s]
  ep  17: R(t)=0.525  acc1=30.96%  acc2=30.78%  ens=30.87%  (best 33.48 @ ep 15)  [7.9s]
  ep  18: R(t)=0.525  acc1=26.90%  acc2=28.60%  ens=27.75%  (best 33.48 @ ep 15)  [6.5s]
  ep  19: R(t)=0.525  acc1=32.36%  acc2=29.27%  ens=30.82%  (best 33.48 @ ep 15)  [6.2s]
  ep  20: R(t)=0.525  acc1=33.91%  acc2=33.14%  ens=33.52%  (best 33.52 @ ep 20)  [9.9s]  [sel1+2: prec=0.487, recall_clean=0.505]
  ep  21: R(t)=0.525  acc1=30.34%  acc2=31.43%  ens=30.89%  (best 33.52 @ ep 20)  [6.4s]
  ep  22: R(t)=0.525  acc1=33.87%  acc2=31.70%  ens=32.78%  (best 33.52 @ ep 20)  [6.2s]
  ep  23: R(t)=0.525  acc1=33.20%  acc2=30.45%  ens=31.83%  (best 33.52 @ ep 20)  [6.5s]
  ep  24: R(t)=0.525  acc1=33.00%  acc2=34.48%  ens=33.74%  (best 33.74 @ ep 24)  [6.4s]
  ep  25: R(t)=0.525  acc1=35.63%  acc2=36.05%  ens=35.84%  (best 35.84 @ ep 25)  [6.3s]
  ep  26: R(t)=0.525  acc1=32.60%  acc2=33.95%  ens=33.27%  (best 35.84 @ ep 25)  [7.0s]
  ep  27: R(t)=0.525  acc1=31.60%  acc2=29.70%  ens=30.65%  (best 35.84 @ ep 25)  [17.0s]
  ep  28: R(t)=0.525  acc1=29.48%  acc2=33.05%  ens=31.26%  (best 35.84 @ ep 25)  [16.0s]
  ep  29: R(t)=0.525  acc1=33.07%  acc2=32.08%  ens=32.57%  (best 35.84 @ ep 25)  [17.5s]
  ep  30: R(t)=0.525  acc1=30.82%  acc2=33.28%  ens=32.05%  (best 35.84 @ ep 25)  [23.2s]  [sel1+2: prec=0.493, recall_clean=0.512]
  ep  31: R(t)=0.525  acc1=35.39%  acc2=35.55%  ens=35.47%  (best 35.84 @ ep 25)  [18.1s]
  ep  32: R(t)=0.525  acc1=33.95%  acc2=32.73%  ens=33.34%  (best 35.84 @ ep 25)  [17.7s]
  ep  33: R(t)=0.525  acc1=28.98%  acc2=28.56%  ens=28.77%  (best 35.84 @ ep 25)  [16.5s]
  ep  34: R(t)=0.525  acc1=29.99%  acc2=32.60%  ens=31.30%  (best 35.84 @ ep 25)  [7.5s]
  ep  35: R(t)=0.525  acc1=31.76%  acc2=31.41%  ens=31.58%  (best 35.84 @ ep 25)  [6.1s]
  ep  36: R(t)=0.525  acc1=33.88%  acc2=33.61%  ens=33.75%  (best 35.84 @ ep 25)  [6.5s]
  ep  37: R(t)=0.525  acc1=34.44%  acc2=33.94%  ens=34.19%  (best 35.84 @ ep 25)  [6.8s]
  ep  38: R(t)=0.525  acc1=30.95%  acc2=33.53%  ens=32.24%  (best 35.84 @ ep 25)  [6.2s]
  ep  39: R(t)=0.525  acc1=31.79%  acc2=29.32%  ens=30.55%  (best 35.84 @ ep 25)  [6.5s]
  ep  40: R(t)=0.525  acc1=36.12%  acc2=30.79%  ens=33.45%  (best 35.84 @ ep 25)  [6.3s]
  ep  41: R(t)=0.525  acc1=34.76%  acc2=33.47%  ens=34.12%  (best 35.84 @ ep 25)  [6.6s]
  ep  42: R(t)=0.525  acc1=33.78%  acc2=36.79%  ens=35.28%  (best 35.84 @ ep 25)  [6.5s]
  ep  43: R(t)=0.525  acc1=31.16%  acc2=31.39%  ens=31.27%  (best 35.84 @ ep 25)  [7.3s]
  ep  44: R(t)=0.525  acc1=32.02%  acc2=34.48%  ens=33.25%  (best 35.84 @ ep 25)  [16.9s]
  ep  45: R(t)=0.525  acc1=34.60%  acc2=36.53%  ens=35.57%  (best 35.84 @ ep 25)  [19.2s]
  ep  46: R(t)=0.525  acc1=35.73%  acc2=35.23%  ens=35.48%  (best 35.84 @ ep 25)  [16.9s]
  ep  47: R(t)=0.525  acc1=35.96%  acc2=33.13%  ens=34.54%  (best 35.84 @ ep 25)  [16.8s]
  ep  48: R(t)=0.525  acc1=34.55%  acc2=32.30%  ens=33.42%  (best 35.84 @ ep 25)  [18.0s]
  ep  49: R(t)=0.525  acc1=36.80%  acc2=36.79%  ens=36.80%  (best 36.80 @ ep 49)  [19.1s]
  ep  50: R(t)=0.525  acc1=35.26%  acc2=35.55%  ens=35.41%  (best 36.80 @ ep 49)  [24.3s]  [sel1+2: prec=0.516, recall_clean=0.536]
  ep  51: R(t)=0.525  acc1=32.88%  acc2=33.85%  ens=33.37%  (best 36.80 @ ep 49)  [16.5s]
  ep  52: R(t)=0.525  acc1=32.22%  acc2=32.40%  ens=32.31%  (best 36.80 @ ep 49)  [18.0s]
  ep  53: R(t)=0.525  acc1=36.81%  acc2=34.50%  ens=35.66%  (best 36.80 @ ep 49)  [16.8s]
  ep  54: R(t)=0.525  acc1=35.37%  acc2=36.36%  ens=35.87%  (best 36.80 @ ep 49)  [18.0s]
  ep  55: R(t)=0.525  acc1=29.95%  acc2=31.58%  ens=30.76%  (best 36.80 @ ep 49)  [17.6s]
  ep  56: R(t)=0.525  acc1=36.32%  acc2=36.79%  ens=36.56%  (best 36.80 @ ep 49)  [16.9s]
  ep  57: R(t)=0.525  acc1=33.51%  acc2=33.73%  ens=33.62%  (best 36.80 @ ep 49)  [16.8s]
  ep  58: R(t)=0.525  acc1=37.17%  acc2=37.51%  ens=37.34%  (best 37.34 @ ep 58)  [16.6s]
  ep  59: R(t)=0.525  acc1=36.36%  acc2=37.44%  ens=36.90%  (best 37.34 @ ep 58)  [16.3s]
  ep  60: R(t)=0.525  acc1=36.69%  acc2=35.54%  ens=36.11%  (best 37.34 @ ep 58)  [16.1s]
  ep  61: R(t)=0.525  acc1=36.22%  acc2=36.10%  ens=36.16%  (best 37.34 @ ep 58)  [16.0s]
  ep  62: R(t)=0.525  acc1=37.78%  acc2=35.68%  ens=36.73%  (best 37.34 @ ep 58)  [16.8s]
  ep  63: R(t)=0.525  acc1=34.85%  acc2=35.53%  ens=35.19%  (best 37.34 @ ep 58)  [16.7s]
  ep  64: R(t)=0.525  acc1=35.80%  acc2=37.39%  ens=36.59%  (best 37.34 @ ep 58)  [17.2s]
  ep  65: R(t)=0.525  acc1=33.46%  acc2=32.90%  ens=33.18%  (best 37.34 @ ep 58)  [17.7s]
  ep  66: R(t)=0.525  acc1=36.01%  acc2=35.61%  ens=35.81%  (best 37.34 @ ep 58)  [17.0s]
  ep  67: R(t)=0.525  acc1=36.09%  acc2=35.84%  ens=35.97%  (best 37.34 @ ep 58)  [16.1s]
  ep  68: R(t)=0.525  acc1=34.77%  acc2=35.80%  ens=35.28%  (best 37.34 @ ep 58)  [17.7s]
  ep  69: R(t)=0.525  acc1=35.24%  acc2=34.87%  ens=35.05%  (best 37.34 @ ep 58)  [16.9s]
  ep  70: R(t)=0.525  acc1=35.34%  acc2=36.39%  ens=35.87%  (best 37.34 @ ep 58)  [17.2s]
  ep  71: R(t)=0.525  acc1=37.02%  acc2=34.92%  ens=35.97%  (best 37.34 @ ep 58)  [16.6s]
  ep  72: R(t)=0.525  acc1=37.33%  acc2=37.86%  ens=37.59%  (best 37.59 @ ep 72)  [17.8s]
  ep  73: R(t)=0.525  acc1=36.42%  acc2=36.76%  ens=36.59%  (best 37.59 @ ep 72)  [17.1s]
  ep  74: R(t)=0.525  acc1=36.13%  acc2=38.02%  ens=37.08%  (best 37.59 @ ep 72)  [17.0s]
  ep  75: R(t)=0.525  acc1=37.27%  acc2=36.78%  ens=37.02%  (best 37.59 @ ep 72)  [22.1s]  [sel1+2: prec=0.532, recall_clean=0.546]
  ep  76: R(t)=0.525  acc1=38.25%  acc2=36.94%  ens=37.59%  (best 37.59 @ ep 72)  [17.3s]
  ep  77: R(t)=0.525  acc1=37.94%  acc2=38.06%  ens=38.00%  (best 38.00 @ ep 77)  [16.9s]
  ep  78: R(t)=0.525  acc1=38.62%  acc2=38.19%  ens=38.41%  (best 38.41 @ ep 78)  [19.1s]
  ep  79: R(t)=0.525  acc1=38.83%  acc2=38.06%  ens=38.44%  (best 38.44 @ ep 79)  [16.5s]
  ep  80: R(t)=0.525  acc1=38.73%  acc2=39.18%  ens=38.95%  (best 38.95 @ ep 80)  [16.3s]
  ep  81: R(t)=0.525  acc1=37.81%  acc2=38.38%  ens=38.09%  (best 38.95 @ ep 80)  [16.0s]
  ep  82: R(t)=0.525  acc1=37.89%  acc2=38.90%  ens=38.40%  (best 38.95 @ ep 80)  [8.0s]
  ep  83: R(t)=0.525  acc1=37.50%  acc2=37.95%  ens=37.72%  (best 38.95 @ ep 80)  [6.7s]
  ep  84: R(t)=0.525  acc1=38.76%  acc2=39.04%  ens=38.90%  (best 38.95 @ ep 80)  [6.5s]
  ep  85: R(t)=0.525  acc1=38.59%  acc2=39.75%  ens=39.17%  (best 39.17 @ ep 85)  [6.3s]
  ep  86: R(t)=0.525  acc1=37.93%  acc2=38.01%  ens=37.97%  (best 39.17 @ ep 85)  [6.5s]
  ep  87: R(t)=0.525  acc1=38.75%  acc2=38.50%  ens=38.62%  (best 39.17 @ ep 85)  [6.4s]
  ep  88: R(t)=0.525  acc1=39.43%  acc2=39.42%  ens=39.42%  (best 39.42 @ ep 88)  [6.5s]
  ep  89: R(t)=0.525  acc1=38.64%  acc2=38.91%  ens=38.78%  (best 39.42 @ ep 88)  [6.4s]
  ep  90: R(t)=0.525  acc1=38.60%  acc2=39.01%  ens=38.80%  (best 39.42 @ ep 88)  [6.7s]
  ep  91: R(t)=0.525  acc1=38.98%  acc2=39.54%  ens=39.26%  (best 39.42 @ ep 88)  [8.0s]
  ep  92: R(t)=0.525  acc1=39.04%  acc2=39.48%  ens=39.26%  (best 39.42 @ ep 88)  [17.6s]
  ep  93: R(t)=0.525  acc1=38.93%  acc2=39.22%  ens=39.07%  (best 39.42 @ ep 88)  [17.7s]
  ep  94: R(t)=0.525  acc1=38.76%  acc2=38.96%  ens=38.86%  (best 39.42 @ ep 88)  [17.1s]
  ep  95: R(t)=0.525  acc1=38.61%  acc2=38.76%  ens=38.69%  (best 39.42 @ ep 88)  [17.7s]
  ep  96: R(t)=0.525  acc1=38.93%  acc2=39.12%  ens=39.02%  (best 39.42 @ ep 88)  [16.8s]
  ep  97: R(t)=0.525  acc1=38.87%  acc2=39.08%  ens=38.98%  (best 39.42 @ ep 88)  [17.0s]
  ep  98: R(t)=0.525  acc1=38.69%  acc2=38.84%  ens=38.77%  (best 39.42 @ ep 88)  [19.6s]
  ep  99: R(t)=0.525  acc1=38.71%  acc2=39.02%  ens=38.87%  (best 39.42 @ ep 88)  [28.7s]  [sel1+2: prec=0.537, recall_clean=0.548]

saved /path/to/ciln-workspace/journal_edition/robustness_transfer/results_v4/coteaching/ours_v2_clean__contrast_sev5__seed0.json: best ens-acc 39.42% @ ep 88
