condition=ours_v2_clean__pixelate_sev1 seed=2 gpu=1
/path/to/ciln-workspace/venv/lib/python3.12/site-packages/torchvision/datasets/cifar.py:83: VisibleDeprecationWarning: dtype(): align should be passed as Python or NumPy boolean but got `align=0`. Did you mean to pass a tuple to create a subarray type? (Deprecated NumPy 2.4)
  entry = pickle.load(f, encoding="latin1")
image_source=clean  N_train=22500  noise_rate=11.68%
  ep   0: acc1=41.06%  acc2=42.35%  ens=41.71%  (best 41.71 @ ep 0)  [8.2s]
  ep   1: acc1=52.03%  acc2=49.51%  ens=50.77%  (best 50.77 @ ep 1)  [7.7s]
  ep   2: acc1=51.40%  acc2=48.22%  ens=49.81%  (best 50.77 @ ep 1)  [15.0s]
  ep   3: acc1=63.49%  acc2=53.75%  ens=58.62%  (best 58.62 @ ep 3)  [28.5s]
  ep   4: acc1=56.95%  acc2=60.82%  ens=58.88%  (best 58.88 @ ep 4)  [28.8s]
  ep   5: acc1=66.57%  acc2=65.88%  ens=66.22%  (best 66.22 @ ep 5)  [41.7s]  [w on clean=0.719, on noisy=0.328]
  ep   6: acc1=65.70%  acc2=67.85%  ens=66.78%  (best 66.78 @ ep 6)  [24.3s]
  ep   7: acc1=64.08%  acc2=63.79%  ens=63.94%  (best 66.78 @ ep 6)  [7.5s]
  ep   8: acc1=71.57%  acc2=70.20%  ens=70.88%  (best 70.88 @ ep 8)  [7.9s]
  ep   9: acc1=69.02%  acc2=69.26%  ens=69.14%  (best 70.88 @ ep 8)  [7.1s]
  ep  10: acc1=48.28%  acc2=40.77%  ens=44.53%  (best 70.88 @ ep 8)  [54.1s]  [w on clean=0.638, on noisy=0.371]
  ep  11: acc1=35.70%  acc2=29.89%  ens=32.79%  (best 70.88 @ ep 8)  [32.0s]
  ep  12: acc1=29.28%  acc2=34.54%  ens=31.91%  (best 70.88 @ ep 8)  [114.1s]
  ep  13: acc1=34.23%  acc2=31.25%  ens=32.74%  (best 70.88 @ ep 8)  [99.9s]
  ep  14: acc1=32.70%  acc2=33.00%  ens=32.85%  (best 70.88 @ ep 8)  [38.5s]
  ep  15: acc1=40.76%  acc2=44.13%  ens=42.45%  (best 70.88 @ ep 8)  [150.4s]
  ep  16: acc1=43.13%  acc2=40.80%  ens=41.96%  (best 70.88 @ ep 8)  [61.3s]
  ep  17: acc1=43.67%  acc2=43.36%  ens=43.52%  (best 70.88 @ ep 8)  [40.3s]
  ep  18: acc1=41.79%  acc2=40.11%  ens=40.95%  (best 70.88 @ ep 8)  [144.5s]
  ep  19: acc1=41.12%  acc2=43.89%  ens=42.51%  (best 70.88 @ ep 8)  [39.6s]
  ep  20: acc1=38.72%  acc2=40.75%  ens=39.73%  (best 70.88 @ ep 8)  [235.1s]  [w on clean=0.815, on noisy=0.756]
  ep  21: acc1=42.83%  acc2=38.96%  ens=40.90%  (best 70.88 @ ep 8)  [40.7s]
  ep  22: acc1=38.24%  acc2=45.34%  ens=41.79%  (best 70.88 @ ep 8)  [41.2s]
  ep  23: acc1=42.17%  acc2=38.67%  ens=40.42%  (best 70.88 @ ep 8)  [106.5s]
  ep  24: acc1=45.39%  acc2=41.28%  ens=43.34%  (best 70.88 @ ep 8)  [39.5s]
  ep  25: acc1=47.20%  acc2=48.75%  ens=47.98%  (best 70.88 @ ep 8)  [133.3s]
  ep  26: acc1=47.17%  acc2=49.29%  ens=48.23%  (best 70.88 @ ep 8)  [85.3s]
  ep  27: acc1=44.59%  acc2=46.74%  ens=45.66%  (best 70.88 @ ep 8)  [40.6s]
  ep  28: acc1=47.92%  acc2=42.67%  ens=45.30%  (best 70.88 @ ep 8)  [45.2s]
  ep  29: acc1=42.17%  acc2=44.44%  ens=43.31%  (best 70.88 @ ep 8)  [76.4s]
  ep  30: acc1=50.11%  acc2=49.29%  ens=49.70%  (best 70.88 @ ep 8)  [66.4s]  [w on clean=0.816, on noisy=0.759]
  ep  31: acc1=40.76%  acc2=41.69%  ens=41.23%  (best 70.88 @ ep 8)  [58.5s]
  ep  32: acc1=50.46%  acc2=48.52%  ens=49.49%  (best 70.88 @ ep 8)  [40.8s]
  ep  33: acc1=44.63%  acc2=44.01%  ens=44.32%  (best 70.88 @ ep 8)  [136.2s]
  ep  34: acc1=49.11%  acc2=47.23%  ens=48.17%  (best 70.88 @ ep 8)  [86.8s]
  ep  35: acc1=47.90%  acc2=47.20%  ens=47.55%  (best 70.88 @ ep 8)  [48.9s]
  ep  36: acc1=49.85%  acc2=48.02%  ens=48.94%  (best 70.88 @ ep 8)  [146.9s]
  ep  37: acc1=49.52%  acc2=46.79%  ens=48.16%  (best 70.88 @ ep 8)  [40.4s]
  ep  38: acc1=44.63%  acc2=48.28%  ens=46.45%  (best 70.88 @ ep 8)  [106.3s]
  ep  39: acc1=51.42%  acc2=50.25%  ens=50.83%  (best 70.88 @ ep 8)  [40.7s]
  ep  40: acc1=51.20%  acc2=51.05%  ens=51.12%  (best 70.88 @ ep 8)  [81.1s]
  ep  41: acc1=51.35%  acc2=52.05%  ens=51.70%  (best 70.88 @ ep 8)  [120.8s]
  ep  42: acc1=53.46%  acc2=53.19%  ens=53.33%  (best 70.88 @ ep 8)  [40.5s]
  ep  43: acc1=49.69%  acc2=44.37%  ens=47.03%  (best 70.88 @ ep 8)  [45.1s]
  ep  44: acc1=44.96%  acc2=51.24%  ens=48.10%  (best 70.88 @ ep 8)  [76.1s]
  ep  45: acc1=52.21%  acc2=49.82%  ens=51.02%  (best 70.88 @ ep 8)  [52.3s]
  ep  46: acc1=47.72%  acc2=50.47%  ens=49.09%  (best 70.88 @ ep 8)  [72.4s]
  ep  47: acc1=53.92%  acc2=51.18%  ens=52.55%  (best 70.88 @ ep 8)  [40.8s]
  ep  48: acc1=48.97%  acc2=55.43%  ens=52.20%  (best 70.88 @ ep 8)  [301.9s]
  ep  49: acc1=50.44%  acc2=53.64%  ens=52.04%  (best 70.88 @ ep 8)  [40.4s]
  ep  50: acc1=52.99%  acc2=53.21%  ens=53.10%  (best 70.88 @ ep 8)  [73.7s]  [w on clean=0.816, on noisy=0.755]
  ep  51: acc1=52.91%  acc2=49.02%  ens=50.97%  (best 70.88 @ ep 8)  [42.1s]
  ep  52: acc1=52.75%  acc2=52.25%  ens=52.50%  (best 70.88 @ ep 8)  [40.8s]
  ep  53: acc1=52.50%  acc2=50.38%  ens=51.44%  (best 70.88 @ ep 8)  [163.4s]
  ep  54: acc1=51.56%  acc2=50.98%  ens=51.27%  (best 70.88 @ ep 8)  [64.3s]
  ep  55: acc1=53.18%  acc2=54.35%  ens=53.76%  (best 70.88 @ ep 8)  [48.7s]
  ep  56: acc1=56.36%  acc2=53.56%  ens=54.96%  (best 70.88 @ ep 8)  [89.0s]
  ep  57: acc1=52.32%  acc2=50.13%  ens=51.23%  (best 70.88 @ ep 8)  [42.9s]
  ep  58: acc1=51.23%  acc2=53.39%  ens=52.31%  (best 70.88 @ ep 8)  [102.2s]
  ep  59: acc1=52.81%  acc2=51.74%  ens=52.28%  (best 70.88 @ ep 8)  [56.7s]
  ep  60: acc1=54.65%  acc2=55.84%  ens=55.24%  (best 70.88 @ ep 8)  [39.9s]
  ep  61: acc1=52.97%  acc2=52.60%  ens=52.78%  (best 70.88 @ ep 8)  [67.3s]
  ep  62: acc1=55.55%  acc2=54.58%  ens=55.06%  (best 70.88 @ ep 8)  [60.9s]
  ep  63: acc1=49.52%  acc2=52.65%  ens=51.09%  (best 70.88 @ ep 8)  [59.4s]
  ep  64: acc1=54.84%  acc2=52.89%  ens=53.87%  (best 70.88 @ ep 8)  [48.5s]
  ep  65: acc1=54.81%  acc2=53.13%  ens=53.97%  (best 70.88 @ ep 8)  [40.4s]
  ep  66: acc1=56.58%  acc2=55.52%  ens=56.05%  (best 70.88 @ ep 8)  [141.2s]
  ep  67: acc1=55.58%  acc2=56.16%  ens=55.87%  (best 70.88 @ ep 8)  [58.0s]
  ep  68: acc1=54.74%  acc2=53.43%  ens=54.09%  (best 70.88 @ ep 8)  [89.8s]
  ep  69: acc1=52.66%  acc2=54.63%  ens=53.64%  (best 70.88 @ ep 8)  [81.3s]
  ep  70: acc1=53.95%  acc2=53.19%  ens=53.57%  (best 70.88 @ ep 8)  [41.6s]
  ep  71: acc1=54.42%  acc2=57.13%  ens=55.77%  (best 70.88 @ ep 8)  [44.1s]
  ep  72: acc1=56.72%  acc2=54.28%  ens=55.50%  (best 70.88 @ ep 8)  [76.0s]
  ep  73: acc1=55.29%  acc2=57.42%  ens=56.35%  (best 70.88 @ ep 8)  [41.3s]
  ep  74: acc1=56.74%  acc2=57.00%  ens=56.87%  (best 70.88 @ ep 8)  [82.7s]
  ep  75: acc1=54.22%  acc2=56.38%  ens=55.30%  (best 70.88 @ ep 8)  [76.0s]  [w on clean=0.816, on noisy=0.754]
  ep  76: acc1=56.06%  acc2=56.03%  ens=56.05%  (best 70.88 @ ep 8)  [42.3s]
  ep  77: acc1=56.67%  acc2=56.66%  ens=56.66%  (best 70.88 @ ep 8)  [45.9s]
  ep  78: acc1=57.71%  acc2=56.77%  ens=57.24%  (best 70.88 @ ep 8)  [47.1s]
  ep  79: acc1=56.18%  acc2=55.63%  ens=55.91%  (best 70.88 @ ep 8)  [41.1s]
  ep  80: acc1=55.58%  acc2=55.91%  ens=55.74%  (best 70.88 @ ep 8)  [102.8s]
  ep  81: acc1=56.76%  acc2=55.69%  ens=56.22%  (best 70.88 @ ep 8)  [54.4s]
  ep  82: acc1=57.00%  acc2=56.57%  ens=56.78%  (best 70.88 @ ep 8)  [48.8s]
  ep  83: acc1=56.92%  acc2=58.15%  ens=57.54%  (best 70.88 @ ep 8)  [147.0s]
  ep  84: acc1=57.20%  acc2=56.83%  ens=57.01%  (best 70.88 @ ep 8)  [40.2s]
  ep  85: acc1=56.51%  acc2=57.25%  ens=56.88%  (best 70.88 @ ep 8)  [117.9s]
  ep  86: acc1=55.35%  acc2=56.37%  ens=55.86%  (best 70.88 @ ep 8)  [43.2s]
  ep  87: acc1=56.97%  acc2=57.71%  ens=57.34%  (best 70.88 @ ep 8)  [139.6s]
  ep  88: acc1=57.22%  acc2=57.17%  ens=57.19%  (best 70.88 @ ep 8)  [141.5s]
  ep  89: acc1=56.44%  acc2=56.61%  ens=56.53%  (best 70.88 @ ep 8)  [47.7s]
  ep  90: acc1=57.08%  acc2=57.47%  ens=57.27%  (best 70.88 @ ep 8)  [49.9s]
  ep  91: acc1=56.47%  acc2=57.35%  ens=56.91%  (best 70.88 @ ep 8)  [41.0s]
  ep  92: acc1=57.46%  acc2=57.67%  ens=57.56%  (best 70.88 @ ep 8)  [61.0s]
  ep  93: acc1=57.12%  acc2=57.13%  ens=57.12%  (best 70.88 @ ep 8)  [68.7s]
  ep  94: acc1=57.16%  acc2=57.35%  ens=57.26%  (best 70.88 @ ep 8)  [41.8s]
  ep  95: acc1=57.01%  acc2=57.78%  ens=57.39%  (best 70.88 @ ep 8)  [46.7s]
  ep  96: acc1=57.16%  acc2=57.78%  ens=57.47%  (best 70.88 @ ep 8)  [56.4s]
  ep  97: acc1=56.94%  acc2=57.34%  ens=57.14%  (best 70.88 @ ep 8)  [39.3s]
  ep  98: acc1=56.88%  acc2=57.34%  ens=57.11%  (best 70.88 @ ep 8)  [61.8s]
  ep  99: acc1=57.04%  acc2=57.71%  ens=57.38%  (best 70.88 @ ep 8)  [89.0s]  [w on clean=0.816, on noisy=0.757]

saved /path/to/ciln-workspace/journal_edition/robustness_transfer/results_v4/dividemix/ours_v2_clean__pixelate_sev1__seed2.json: best ens-acc 70.88% @ ep 8
