condition=ours_v2_clean__gaussian_noise_sev1 seed=2 gpu=1
/path/to/ciln-workspace/venv/lib/python3.12/site-packages/torchvision/datasets/cifar.py:83: VisibleDeprecationWarning: dtype(): align should be passed as Python or NumPy boolean but got `align=0`. Did you mean to pass a tuple to create a subarray type? (Deprecated NumPy 2.4)
  entry = pickle.load(f, encoding="latin1")
image_source=clean  N=22500  noise_rate=21.27%
  ep   0: loss=1.9176  test_acc=27.90%  (best 27.90 @ ep 0)  [4.3s]
  ep   1: loss=1.6722  test_acc=39.36%  (best 39.36 @ ep 1)  [3.5s]
  ep   2: loss=1.5027  test_acc=38.92%  (best 39.36 @ ep 1)  [3.5s]
  ep   3: loss=1.3627  test_acc=46.55%  (best 46.55 @ ep 3)  [3.8s]
  ep   4: loss=1.2573  test_acc=52.17%  (best 52.17 @ ep 4)  [4.0s]
  ep   5: loss=1.1882  test_acc=50.03%  (best 52.17 @ ep 4)  [5.7s]  [logged per-sample loss: mean=1.351]
  ep   6: loss=1.1305  test_acc=58.69%  (best 58.69 @ ep 6)  [3.7s]
  ep   7: loss=1.0877  test_acc=61.74%  (best 61.74 @ ep 7)  [3.6s]
  ep   8: loss=1.0486  test_acc=60.38%  (best 61.74 @ ep 7)  [3.5s]
  ep   9: loss=1.0157  test_acc=60.26%  (best 61.74 @ ep 7)  [3.5s]
  ep  10: loss=1.0003  test_acc=63.14%  (best 63.14 @ ep 10)  [5.8s]  [logged per-sample loss: mean=1.041]
  ep  11: loss=0.9675  test_acc=62.39%  (best 63.14 @ ep 10)  [3.6s]
  ep  12: loss=0.9413  test_acc=64.69%  (best 64.69 @ ep 12)  [5.7s]
  ep  13: loss=0.9206  test_acc=62.57%  (best 64.69 @ ep 12)  [8.6s]
  ep  14: loss=0.9017  test_acc=70.97%  (best 70.97 @ ep 14)  [8.7s]
  ep  15: loss=0.8826  test_acc=67.56%  (best 70.97 @ ep 14)  [8.0s]
  ep  16: loss=0.8745  test_acc=66.08%  (best 70.97 @ ep 14)  [8.1s]
  ep  17: loss=0.8666  test_acc=67.67%  (best 70.97 @ ep 14)  [8.4s]
  ep  18: loss=0.8550  test_acc=58.57%  (best 70.97 @ ep 14)  [8.4s]
  ep  19: loss=0.8437  test_acc=67.07%  (best 70.97 @ ep 14)  [9.6s]
  ep  20: loss=0.8357  test_acc=60.20%  (best 70.97 @ ep 14)  [11.8s]  [logged per-sample loss: mean=1.106]
  ep  21: loss=0.8273  test_acc=64.13%  (best 70.97 @ ep 14)  [3.6s]
  ep  22: loss=0.8194  test_acc=68.84%  (best 70.97 @ ep 14)  [3.6s]
  ep  23: loss=0.8041  test_acc=69.21%  (best 70.97 @ ep 14)  [3.6s]
  ep  24: loss=0.8068  test_acc=66.08%  (best 70.97 @ ep 14)  [3.6s]
  ep  25: loss=0.7959  test_acc=69.93%  (best 70.97 @ ep 14)  [3.7s]
  ep  26: loss=0.8006  test_acc=71.50%  (best 71.50 @ ep 26)  [3.7s]
  ep  27: loss=0.7850  test_acc=67.52%  (best 71.50 @ ep 26)  [3.7s]
  ep  28: loss=0.7845  test_acc=71.86%  (best 71.86 @ ep 28)  [3.9s]
  ep  29: loss=0.7681  test_acc=61.02%  (best 71.86 @ ep 28)  [3.6s]
  ep  30: loss=0.7641  test_acc=71.53%  (best 71.86 @ ep 28)  [5.5s]  [logged per-sample loss: mean=0.837]
  ep  31: loss=0.7634  test_acc=70.02%  (best 71.86 @ ep 28)  [3.7s]
  ep  32: loss=0.7590  test_acc=65.76%  (best 71.86 @ ep 28)  [3.5s]
  ep  33: loss=0.7528  test_acc=72.68%  (best 72.68 @ ep 33)  [3.6s]
  ep  34: loss=0.7540  test_acc=68.85%  (best 72.68 @ ep 33)  [3.7s]
  ep  35: loss=0.7433  test_acc=64.61%  (best 72.68 @ ep 33)  [3.8s]
  ep  36: loss=0.7296  test_acc=68.20%  (best 72.68 @ ep 33)  [3.6s]
  ep  37: loss=0.7330  test_acc=73.01%  (best 73.01 @ ep 37)  [4.1s]
  ep  38: loss=0.7250  test_acc=71.88%  (best 73.01 @ ep 37)  [7.9s]
  ep  39: loss=0.7182  test_acc=68.58%  (best 73.01 @ ep 37)  [8.0s]
  ep  40: loss=0.7165  test_acc=68.52%  (best 73.01 @ ep 37)  [8.8s]
  ep  41: loss=0.7094  test_acc=76.50%  (best 76.50 @ ep 41)  [8.6s]
  ep  42: loss=0.6984  test_acc=75.42%  (best 76.50 @ ep 41)  [8.2s]
  ep  43: loss=0.6895  test_acc=71.22%  (best 76.50 @ ep 41)  [8.2s]
  ep  44: loss=0.6893  test_acc=73.57%  (best 76.50 @ ep 41)  [8.3s]
  ep  45: loss=0.6822  test_acc=66.75%  (best 76.50 @ ep 41)  [8.9s]
  ep  46: loss=0.6776  test_acc=69.95%  (best 76.50 @ ep 41)  [8.7s]
  ep  47: loss=0.6752  test_acc=71.18%  (best 76.50 @ ep 41)  [8.1s]
  ep  48: loss=0.6597  test_acc=71.61%  (best 76.50 @ ep 41)  [7.9s]
  ep  49: loss=0.6557  test_acc=75.19%  (best 76.50 @ ep 41)  [8.8s]
  ep  50: loss=0.6495  test_acc=70.64%  (best 76.50 @ ep 41)  [12.0s]  [logged per-sample loss: mean=0.786]
  ep  51: loss=0.6384  test_acc=73.98%  (best 76.50 @ ep 41)  [8.1s]
  ep  52: loss=0.6290  test_acc=71.89%  (best 76.50 @ ep 41)  [8.4s]
  ep  53: loss=0.6269  test_acc=72.65%  (best 76.50 @ ep 41)  [8.5s]
  ep  54: loss=0.6211  test_acc=74.02%  (best 76.50 @ ep 41)  [8.5s]
  ep  55: loss=0.6103  test_acc=76.71%  (best 76.71 @ ep 55)  [8.2s]
  ep  56: loss=0.6006  test_acc=71.68%  (best 76.71 @ ep 55)  [8.2s]
  ep  57: loss=0.5952  test_acc=74.97%  (best 76.71 @ ep 55)  [8.2s]
  ep  58: loss=0.5902  test_acc=74.04%  (best 76.71 @ ep 55)  [8.4s]
  ep  59: loss=0.5826  test_acc=70.52%  (best 76.71 @ ep 55)  [8.6s]
  ep  60: loss=0.5752  test_acc=75.82%  (best 76.71 @ ep 55)  [8.0s]
  ep  61: loss=0.5574  test_acc=75.52%  (best 76.71 @ ep 55)  [8.6s]
  ep  62: loss=0.5494  test_acc=77.33%  (best 77.33 @ ep 62)  [8.3s]
  ep  63: loss=0.5468  test_acc=74.59%  (best 77.33 @ ep 62)  [8.3s]
  ep  64: loss=0.5349  test_acc=75.60%  (best 77.33 @ ep 62)  [8.4s]
  ep  65: loss=0.5202  test_acc=72.60%  (best 77.33 @ ep 62)  [8.4s]
  ep  66: loss=0.5133  test_acc=73.06%  (best 77.33 @ ep 62)  [8.5s]
  ep  67: loss=0.4998  test_acc=75.04%  (best 77.33 @ ep 62)  [8.2s]
  ep  68: loss=0.4845  test_acc=75.16%  (best 77.33 @ ep 62)  [8.5s]
  ep  69: loss=0.4830  test_acc=75.49%  (best 77.33 @ ep 62)  [8.4s]
  ep  70: loss=0.4594  test_acc=77.11%  (best 77.33 @ ep 62)  [8.4s]
  ep  71: loss=0.4501  test_acc=78.36%  (best 78.36 @ ep 71)  [8.0s]
  ep  72: loss=0.4432  test_acc=77.46%  (best 78.36 @ ep 71)  [8.6s]
  ep  73: loss=0.4240  test_acc=74.91%  (best 78.36 @ ep 71)  [8.5s]
  ep  74: loss=0.4104  test_acc=74.85%  (best 78.36 @ ep 71)  [8.4s]
  ep  75: loss=0.4009  test_acc=75.36%  (best 78.36 @ ep 71)  [5.4s]  [logged per-sample loss: mean=0.358]
  ep  76: loss=0.3782  test_acc=76.25%  (best 78.36 @ ep 71)  [3.7s]
  ep  77: loss=0.3672  test_acc=75.94%  (best 78.36 @ ep 71)  [3.6s]
  ep  78: loss=0.3522  test_acc=75.96%  (best 78.36 @ ep 71)  [3.8s]
  ep  79: loss=0.3422  test_acc=78.48%  (best 78.48 @ ep 79)  [3.6s]
  ep  80: loss=0.3276  test_acc=77.28%  (best 78.48 @ ep 79)  [3.5s]
  ep  81: loss=0.3134  test_acc=77.28%  (best 78.48 @ ep 79)  [3.6s]
  ep  82: loss=0.2975  test_acc=77.33%  (best 78.48 @ ep 79)  [3.7s]
  ep  83: loss=0.2833  test_acc=75.86%  (best 78.48 @ ep 79)  [3.6s]
  ep  84: loss=0.2652  test_acc=76.01%  (best 78.48 @ ep 79)  [3.7s]
  ep  85: loss=0.2469  test_acc=76.86%  (best 78.48 @ ep 79)  [3.9s]
  ep  86: loss=0.2351  test_acc=77.41%  (best 78.48 @ ep 79)  [3.7s]
  ep  87: loss=0.2207  test_acc=77.03%  (best 78.48 @ ep 79)  [3.6s]
  ep  88: loss=0.2089  test_acc=76.91%  (best 78.48 @ ep 79)  [3.7s]
  ep  89: loss=0.1996  test_acc=76.36%  (best 78.48 @ ep 79)  [3.7s]
  ep  90: loss=0.1882  test_acc=76.76%  (best 78.48 @ ep 79)  [3.7s]
  ep  91: loss=0.1803  test_acc=76.82%  (best 78.48 @ ep 79)  [4.5s]
  ep  92: loss=0.1739  test_acc=76.33%  (best 78.48 @ ep 79)  [8.5s]
  ep  93: loss=0.1657  test_acc=77.01%  (best 78.48 @ ep 79)  [8.1s]
  ep  94: loss=0.1594  test_acc=76.59%  (best 78.48 @ ep 79)  [8.5s]
  ep  95: loss=0.1558  test_acc=77.02%  (best 78.48 @ ep 79)  [8.4s]
  ep  96: loss=0.1564  test_acc=76.80%  (best 78.48 @ ep 79)  [7.8s]
  ep  97: loss=0.1503  test_acc=76.94%  (best 78.48 @ ep 79)  [8.2s]
  ep  98: loss=0.1517  test_acc=76.69%  (best 78.48 @ ep 79)  [8.6s]
  ep  99: loss=0.1515  test_acc=76.58%  (best 78.48 @ ep 79)  [5.5s]  [logged per-sample loss: mean=0.113]

saved /path/to/ciln-workspace/journal_edition/robustness_transfer/results_v4/erm/ours_v2_clean__gaussian_noise_sev1__seed2.json: best 78.48% @ ep 79
