condition=ours_v2_noisy__pixelate_sev1 seed=2 gpu=2
/path/to/ciln-workspace/venv/lib/python3.12/site-packages/torchvision/datasets/cifar.py:83: VisibleDeprecationWarning: dtype(): align should be passed as Python or NumPy boolean but got `align=0`. Did you mean to pass a tuple to create a subarray type? (Deprecated NumPy 2.4)
  entry = pickle.load(f, encoding="latin1")
image_source=noisy  N=22500  noise_rate=11.68%
  ep   0: R(t)=1.000  acc1=34.77%  acc2=29.23%  ens=32.00%  (best 32.00 @ ep 0)  [7.4s]
  ep   1: R(t)=0.963  acc1=43.26%  acc2=39.95%  ens=41.61%  (best 41.61 @ ep 1)  [6.8s]
  ep   2: R(t)=0.948  acc1=48.84%  acc2=49.12%  ens=48.98%  (best 48.98 @ ep 2)  [6.5s]
  ep   3: R(t)=0.936  acc1=54.52%  acc2=54.94%  ens=54.73%  (best 54.73 @ ep 3)  [6.6s]
  ep   4: R(t)=0.926  acc1=58.41%  acc2=50.23%  ens=54.32%  (best 54.73 @ ep 3)  [6.6s]
  ep   5: R(t)=0.917  acc1=61.35%  acc2=61.58%  ens=61.47%  (best 61.47 @ ep 5)  [10.2s]  [sel1+2: prec=0.903, recall_clean=0.960]
  ep   6: R(t)=0.910  acc1=62.75%  acc2=60.09%  ens=61.42%  (best 61.47 @ ep 5)  [6.5s]
  ep   7: R(t)=0.902  acc1=60.14%  acc2=56.47%  ens=58.31%  (best 61.47 @ ep 5)  [6.9s]
  ep   8: R(t)=0.896  acc1=54.77%  acc2=66.70%  ens=60.74%  (best 61.47 @ ep 5)  [6.5s]
  ep   9: R(t)=0.889  acc1=66.12%  acc2=61.13%  ens=63.62%  (best 63.62 @ ep 9)  [6.6s]
  ep  10: R(t)=0.883  acc1=64.95%  acc2=68.17%  ens=66.56%  (best 66.56 @ ep 10)  [10.0s]  [sel1+2: prec=0.915, recall_clean=0.946]
  ep  11: R(t)=0.883  acc1=70.22%  acc2=68.68%  ens=69.45%  (best 69.45 @ ep 11)  [6.5s]
  ep  12: R(t)=0.883  acc1=66.80%  acc2=70.85%  ens=68.83%  (best 69.45 @ ep 11)  [6.5s]
  ep  13: R(t)=0.883  acc1=65.83%  acc2=66.45%  ens=66.14%  (best 69.45 @ ep 11)  [6.5s]
  ep  14: R(t)=0.883  acc1=63.56%  acc2=61.07%  ens=62.32%  (best 69.45 @ ep 11)  [6.6s]
  ep  15: R(t)=0.883  acc1=74.86%  acc2=73.03%  ens=73.94%  (best 73.94 @ ep 15)  [6.3s]
  ep  16: R(t)=0.883  acc1=64.04%  acc2=71.60%  ens=67.82%  (best 73.94 @ ep 15)  [10.8s]
  ep  17: R(t)=0.883  acc1=72.83%  acc2=71.88%  ens=72.35%  (best 73.94 @ ep 15)  [15.8s]
  ep  18: R(t)=0.883  acc1=65.00%  acc2=61.41%  ens=63.20%  (best 73.94 @ ep 15)  [17.5s]
  ep  19: R(t)=0.883  acc1=66.57%  acc2=68.73%  ens=67.65%  (best 73.94 @ ep 15)  [17.5s]
  ep  20: R(t)=0.883  acc1=66.54%  acc2=74.48%  ens=70.51%  (best 73.94 @ ep 15)  [22.6s]  [sel1+2: prec=0.917, recall_clean=0.950]
  ep  21: R(t)=0.883  acc1=67.91%  acc2=71.23%  ens=69.57%  (best 73.94 @ ep 15)  [17.9s]
  ep  22: R(t)=0.883  acc1=59.60%  acc2=65.77%  ens=62.68%  (best 73.94 @ ep 15)  [17.5s]
  ep  23: R(t)=0.883  acc1=73.26%  acc2=73.91%  ens=73.58%  (best 73.94 @ ep 15)  [18.6s]
  ep  24: R(t)=0.883  acc1=71.12%  acc2=72.69%  ens=71.91%  (best 73.94 @ ep 15)  [17.1s]
  ep  25: R(t)=0.883  acc1=71.59%  acc2=67.52%  ens=69.56%  (best 73.94 @ ep 15)  [16.7s]
  ep  26: R(t)=0.883  acc1=74.95%  acc2=76.54%  ens=75.74%  (best 75.74 @ ep 26)  [17.6s]
  ep  27: R(t)=0.883  acc1=68.37%  acc2=76.99%  ens=72.68%  (best 75.74 @ ep 26)  [16.2s]
  ep  28: R(t)=0.883  acc1=71.11%  acc2=72.31%  ens=71.71%  (best 75.74 @ ep 26)  [16.6s]
  ep  29: R(t)=0.883  acc1=65.47%  acc2=69.40%  ens=67.44%  (best 75.74 @ ep 26)  [18.0s]
  ep  30: R(t)=0.883  acc1=72.46%  acc2=73.59%  ens=73.03%  (best 75.74 @ ep 26)  [22.5s]  [sel1+2: prec=0.921, recall_clean=0.954]
  ep  31: R(t)=0.883  acc1=74.56%  acc2=71.37%  ens=72.97%  (best 75.74 @ ep 26)  [17.6s]
  ep  32: R(t)=0.883  acc1=75.18%  acc2=74.71%  ens=74.94%  (best 75.74 @ ep 26)  [17.8s]
  ep  33: R(t)=0.883  acc1=74.06%  acc2=75.42%  ens=74.74%  (best 75.74 @ ep 26)  [17.5s]
  ep  34: R(t)=0.883  acc1=71.73%  acc2=76.26%  ens=74.00%  (best 75.74 @ ep 26)  [17.8s]
  ep  35: R(t)=0.883  acc1=74.83%  acc2=65.55%  ens=70.19%  (best 75.74 @ ep 26)  [17.0s]
  ep  36: R(t)=0.883  acc1=72.25%  acc2=73.35%  ens=72.80%  (best 75.74 @ ep 26)  [16.8s]
  ep  37: R(t)=0.883  acc1=75.19%  acc2=72.29%  ens=73.74%  (best 75.74 @ ep 26)  [17.7s]
  ep  38: R(t)=0.883  acc1=73.72%  acc2=73.67%  ens=73.69%  (best 75.74 @ ep 26)  [17.1s]
  ep  39: R(t)=0.883  acc1=78.70%  acc2=76.17%  ens=77.44%  (best 77.44 @ ep 39)  [17.9s]
  ep  40: R(t)=0.883  acc1=76.78%  acc2=77.73%  ens=77.26%  (best 77.44 @ ep 39)  [17.4s]
  ep  41: R(t)=0.883  acc1=73.67%  acc2=71.41%  ens=72.54%  (best 77.44 @ ep 39)  [17.5s]
  ep  42: R(t)=0.883  acc1=77.49%  acc2=76.51%  ens=77.00%  (best 77.44 @ ep 39)  [18.6s]
  ep  43: R(t)=0.883  acc1=73.11%  acc2=75.49%  ens=74.30%  (best 77.44 @ ep 39)  [18.2s]
  ep  44: R(t)=0.883  acc1=77.24%  acc2=76.99%  ens=77.11%  (best 77.44 @ ep 39)  [17.4s]
  ep  45: R(t)=0.883  acc1=78.35%  acc2=77.59%  ens=77.97%  (best 77.97 @ ep 45)  [16.2s]
  ep  46: R(t)=0.883  acc1=77.48%  acc2=76.54%  ens=77.01%  (best 77.97 @ ep 45)  [6.8s]
  ep  47: R(t)=0.883  acc1=78.16%  acc2=75.97%  ens=77.07%  (best 77.97 @ ep 45)  [6.3s]
  ep  48: R(t)=0.883  acc1=75.28%  acc2=78.35%  ens=76.81%  (best 77.97 @ ep 45)  [6.7s]
  ep  49: R(t)=0.883  acc1=78.54%  acc2=79.40%  ens=78.97%  (best 78.97 @ ep 49)  [6.7s]
  ep  50: R(t)=0.883  acc1=78.32%  acc2=76.98%  ens=77.65%  (best 78.97 @ ep 49)  [9.8s]  [sel1+2: prec=0.926, recall_clean=0.958]
  ep  51: R(t)=0.883  acc1=77.95%  acc2=78.46%  ens=78.20%  (best 78.97 @ ep 49)  [6.2s]
  ep  52: R(t)=0.883  acc1=78.03%  acc2=79.39%  ens=78.71%  (best 78.97 @ ep 49)  [6.4s]
  ep  53: R(t)=0.883  acc1=76.99%  acc2=79.77%  ens=78.38%  (best 78.97 @ ep 49)  [6.6s]
  ep  54: R(t)=0.883  acc1=77.66%  acc2=80.47%  ens=79.06%  (best 79.06 @ ep 54)  [9.6s]
  ep  55: R(t)=0.883  acc1=77.03%  acc2=80.30%  ens=78.67%  (best 79.06 @ ep 54)  [16.7s]
  ep  56: R(t)=0.883  acc1=75.49%  acc2=80.83%  ens=78.16%  (best 79.06 @ ep 54)  [17.1s]
  ep  57: R(t)=0.883  acc1=79.91%  acc2=79.69%  ens=79.80%  (best 79.80 @ ep 57)  [17.6s]
  ep  58: R(t)=0.883  acc1=75.56%  acc2=72.86%  ens=74.21%  (best 79.80 @ ep 57)  [9.9s]
  ep  59: R(t)=0.883  acc1=78.60%  acc2=76.79%  ens=77.70%  (best 79.80 @ ep 57)  [6.5s]
  ep  60: R(t)=0.883  acc1=78.83%  acc2=82.04%  ens=80.44%  (best 80.44 @ ep 60)  [6.5s]
  ep  61: R(t)=0.883  acc1=78.59%  acc2=80.78%  ens=79.69%  (best 80.44 @ ep 60)  [6.5s]
  ep  62: R(t)=0.883  acc1=81.81%  acc2=77.87%  ens=79.84%  (best 80.44 @ ep 60)  [6.4s]
  ep  63: R(t)=0.883  acc1=79.31%  acc2=80.99%  ens=80.15%  (best 80.44 @ ep 60)  [6.7s]
  ep  64: R(t)=0.883  acc1=79.44%  acc2=80.24%  ens=79.84%  (best 80.44 @ ep 60)  [6.5s]
  ep  65: R(t)=0.883  acc1=79.90%  acc2=81.68%  ens=80.79%  (best 80.79 @ ep 65)  [6.3s]
  ep  66: R(t)=0.883  acc1=81.05%  acc2=82.31%  ens=81.68%  (best 81.68 @ ep 66)  [6.7s]
  ep  67: R(t)=0.883  acc1=81.33%  acc2=82.14%  ens=81.73%  (best 81.73 @ ep 67)  [10.2s]
  ep  68: R(t)=0.883  acc1=82.53%  acc2=81.39%  ens=81.96%  (best 81.96 @ ep 68)  [17.0s]
  ep  69: R(t)=0.883  acc1=80.43%  acc2=82.46%  ens=81.45%  (best 81.96 @ ep 68)  [18.2s]
  ep  70: R(t)=0.883  acc1=82.26%  acc2=83.78%  ens=83.02%  (best 83.02 @ ep 70)  [17.4s]
  ep  71: R(t)=0.883  acc1=82.37%  acc2=83.23%  ens=82.80%  (best 83.02 @ ep 70)  [17.6s]
  ep  72: R(t)=0.883  acc1=81.70%  acc2=80.41%  ens=81.05%  (best 83.02 @ ep 70)  [18.8s]
  ep  73: R(t)=0.883  acc1=81.88%  acc2=83.22%  ens=82.55%  (best 83.02 @ ep 70)  [18.3s]
  ep  74: R(t)=0.883  acc1=82.23%  acc2=83.18%  ens=82.71%  (best 83.02 @ ep 70)  [17.1s]
  ep  75: R(t)=0.883  acc1=83.70%  acc2=83.48%  ens=83.59%  (best 83.59 @ ep 75)  [25.7s]  [sel1+2: prec=0.933, recall_clean=0.957]
  ep  76: R(t)=0.883  acc1=83.00%  acc2=82.92%  ens=82.96%  (best 83.59 @ ep 75)  [6.3s]
  ep  77: R(t)=0.883  acc1=84.02%  acc2=84.28%  ens=84.15%  (best 84.15 @ ep 77)  [6.5s]
  ep  78: R(t)=0.883  acc1=84.36%  acc2=83.76%  ens=84.06%  (best 84.15 @ ep 77)  [6.5s]
  ep  79: R(t)=0.883  acc1=83.93%  acc2=83.89%  ens=83.91%  (best 84.15 @ ep 77)  [6.5s]
  ep  80: R(t)=0.883  acc1=84.48%  acc2=83.98%  ens=84.23%  (best 84.23 @ ep 80)  [6.5s]
  ep  81: R(t)=0.883  acc1=84.54%  acc2=84.24%  ens=84.39%  (best 84.39 @ ep 81)  [6.8s]
  ep  82: R(t)=0.883  acc1=84.84%  acc2=85.10%  ens=84.97%  (best 84.97 @ ep 82)  [6.5s]
  ep  83: R(t)=0.883  acc1=84.92%  acc2=84.93%  ens=84.93%  (best 84.97 @ ep 82)  [6.7s]
  ep  84: R(t)=0.883  acc1=84.95%  acc2=84.75%  ens=84.85%  (best 84.97 @ ep 82)  [6.6s]
  ep  85: R(t)=0.883  acc1=84.90%  acc2=85.54%  ens=85.22%  (best 85.22 @ ep 85)  [13.4s]
  ep  86: R(t)=0.883  acc1=85.36%  acc2=85.50%  ens=85.43%  (best 85.43 @ ep 86)  [18.2s]
  ep  87: R(t)=0.883  acc1=85.19%  acc2=85.64%  ens=85.41%  (best 85.43 @ ep 86)  [17.9s]
  ep  88: R(t)=0.883  acc1=85.22%  acc2=85.53%  ens=85.38%  (best 85.43 @ ep 86)  [18.8s]
  ep  89: R(t)=0.883  acc1=85.35%  acc2=85.60%  ens=85.47%  (best 85.47 @ ep 89)  [18.8s]
  ep  90: R(t)=0.883  acc1=85.68%  acc2=85.65%  ens=85.67%  (best 85.67 @ ep 90)  [17.9s]
  ep  91: R(t)=0.883  acc1=85.43%  acc2=85.67%  ens=85.55%  (best 85.67 @ ep 90)  [17.1s]
  ep  92: R(t)=0.883  acc1=85.46%  acc2=85.71%  ens=85.58%  (best 85.67 @ ep 90)  [17.6s]
  ep  93: R(t)=0.883  acc1=85.53%  acc2=85.62%  ens=85.58%  (best 85.67 @ ep 90)  [17.2s]
  ep  94: R(t)=0.883  acc1=85.37%  acc2=85.53%  ens=85.45%  (best 85.67 @ ep 90)  [18.1s]
  ep  95: R(t)=0.883  acc1=85.52%  acc2=85.77%  ens=85.64%  (best 85.67 @ ep 90)  [17.0s]
  ep  96: R(t)=0.883  acc1=85.44%  acc2=85.74%  ens=85.59%  (best 85.67 @ ep 90)  [16.3s]
  ep  97: R(t)=0.883  acc1=85.66%  acc2=85.81%  ens=85.73%  (best 85.73 @ ep 97)  [17.2s]
  ep  98: R(t)=0.883  acc1=85.66%  acc2=85.77%  ens=85.72%  (best 85.73 @ ep 97)  [17.2s]
  ep  99: R(t)=0.883  acc1=85.44%  acc2=85.68%  ens=85.56%  (best 85.73 @ ep 97)  [22.8s]  [sel1+2: prec=0.936, recall_clean=0.954]

saved /path/to/ciln-workspace/journal_edition/robustness_transfer/results_v4/coteaching/ours_v2_noisy__pixelate_sev1__seed2.json: best ens-acc 85.73% @ ep 97
