condition=ours_v2_clean__contrast_sev5 seed=1 gpu=1
/path/to/ciln-workspace/venv/lib/python3.12/site-packages/torchvision/datasets/cifar.py:83: VisibleDeprecationWarning: dtype(): align should be passed as Python or NumPy boolean but got `align=0`. Did you mean to pass a tuple to create a subarray type? (Deprecated NumPy 2.4)
  entry = pickle.load(f, encoding="latin1")
image_source=clean  N=22500  noise_rate=47.51%
  ep   0: loss=1.8090  test_acc=25.84%  (best 25.84 @ ep 0)  [4.4s]
  ep   1: loss=1.6667  test_acc=30.01%  (best 30.01 @ ep 1)  [3.6s]
  ep   2: loss=1.6021  test_acc=29.73%  (best 30.01 @ ep 1)  [3.7s]
  ep   3: loss=1.5339  test_acc=33.44%  (best 33.44 @ ep 3)  [3.6s]
  ep   4: loss=1.4854  test_acc=39.25%  (best 39.25 @ ep 4)  [4.0s]
  ep   5: loss=1.4463  test_acc=36.87%  (best 39.25 @ ep 4)  [5.4s]  [logged per-sample loss: mean=1.434]
  ep   6: loss=1.4192  test_acc=40.19%  (best 40.19 @ ep 6)  [3.6s]
  ep   7: loss=1.4032  test_acc=41.32%  (best 41.32 @ ep 7)  [3.7s]
  ep   8: loss=1.3853  test_acc=45.95%  (best 45.95 @ ep 8)  [3.6s]
  ep   9: loss=1.3754  test_acc=39.44%  (best 45.95 @ ep 8)  [3.9s]
  ep  10: loss=1.3568  test_acc=42.03%  (best 45.95 @ ep 8)  [5.5s]  [logged per-sample loss: mean=1.413]
  ep  11: loss=1.3511  test_acc=43.64%  (best 45.95 @ ep 8)  [3.7s]
  ep  12: loss=1.3419  test_acc=38.57%  (best 45.95 @ ep 8)  [3.9s]
  ep  13: loss=1.3297  test_acc=40.81%  (best 45.95 @ ep 8)  [6.2s]
  ep  14: loss=1.3257  test_acc=40.70%  (best 45.95 @ ep 8)  [7.8s]
  ep  15: loss=1.3147  test_acc=44.84%  (best 45.95 @ ep 8)  [8.3s]
  ep  16: loss=1.3096  test_acc=43.27%  (best 45.95 @ ep 8)  [8.5s]
  ep  17: loss=1.3007  test_acc=51.98%  (best 51.98 @ ep 17)  [7.8s]
  ep  18: loss=1.2904  test_acc=48.42%  (best 51.98 @ ep 17)  [8.1s]
  ep  19: loss=1.2871  test_acc=41.26%  (best 51.98 @ ep 17)  [8.1s]
  ep  20: loss=1.2810  test_acc=42.36%  (best 51.98 @ ep 17)  [11.4s]  [logged per-sample loss: mean=1.627]
  ep  21: loss=1.2748  test_acc=46.61%  (best 51.98 @ ep 17)  [8.0s]
  ep  22: loss=1.2770  test_acc=54.05%  (best 54.05 @ ep 22)  [8.2s]
  ep  23: loss=1.2655  test_acc=46.87%  (best 54.05 @ ep 22)  [8.4s]
  ep  24: loss=1.2612  test_acc=40.37%  (best 54.05 @ ep 22)  [7.7s]
  ep  25: loss=1.2559  test_acc=47.75%  (best 54.05 @ ep 22)  [8.7s]
  ep  26: loss=1.2475  test_acc=56.61%  (best 56.61 @ ep 26)  [8.4s]
  ep  27: loss=1.2379  test_acc=48.13%  (best 56.61 @ ep 26)  [8.5s]
  ep  28: loss=1.2434  test_acc=43.04%  (best 56.61 @ ep 26)  [8.4s]
  ep  29: loss=1.2381  test_acc=43.16%  (best 56.61 @ ep 26)  [8.4s]
  ep  30: loss=1.2287  test_acc=46.60%  (best 56.61 @ ep 26)  [10.9s]  [logged per-sample loss: mean=1.294]
  ep  31: loss=1.2235  test_acc=45.99%  (best 56.61 @ ep 26)  [8.1s]
  ep  32: loss=1.2159  test_acc=53.85%  (best 56.61 @ ep 26)  [8.1s]
  ep  33: loss=1.2183  test_acc=48.25%  (best 56.61 @ ep 26)  [8.7s]
  ep  34: loss=1.2103  test_acc=47.47%  (best 56.61 @ ep 26)  [8.4s]
  ep  35: loss=1.2020  test_acc=41.37%  (best 56.61 @ ep 26)  [8.2s]
  ep  36: loss=1.2005  test_acc=41.29%  (best 56.61 @ ep 26)  [8.4s]
  ep  37: loss=1.1965  test_acc=47.38%  (best 56.61 @ ep 26)  [8.2s]
  ep  38: loss=1.1963  test_acc=42.65%  (best 56.61 @ ep 26)  [8.3s]
  ep  39: loss=1.1876  test_acc=51.60%  (best 56.61 @ ep 26)  [8.6s]
  ep  40: loss=1.1738  test_acc=48.07%  (best 56.61 @ ep 26)  [8.7s]
  ep  41: loss=1.1761  test_acc=47.73%  (best 56.61 @ ep 26)  [7.9s]
  ep  42: loss=1.1700  test_acc=44.02%  (best 56.61 @ ep 26)  [4.0s]
  ep  43: loss=1.1656  test_acc=45.87%  (best 56.61 @ ep 26)  [3.5s]
  ep  44: loss=1.1637  test_acc=48.85%  (best 56.61 @ ep 26)  [3.7s]
  ep  45: loss=1.1564  test_acc=53.41%  (best 56.61 @ ep 26)  [3.6s]
  ep  46: loss=1.1516  test_acc=45.49%  (best 56.61 @ ep 26)  [3.5s]
  ep  47: loss=1.1431  test_acc=55.34%  (best 56.61 @ ep 26)  [3.5s]
  ep  48: loss=1.1406  test_acc=50.74%  (best 56.61 @ ep 26)  [3.6s]
  ep  49: loss=1.1300  test_acc=47.68%  (best 56.61 @ ep 26)  [3.6s]
  ep  50: loss=1.1271  test_acc=40.21%  (best 56.61 @ ep 26)  [5.4s]  [logged per-sample loss: mean=1.359]
  ep  51: loss=1.1225  test_acc=57.04%  (best 57.04 @ ep 51)  [3.6s]
  ep  52: loss=1.1137  test_acc=45.77%  (best 57.04 @ ep 51)  [3.6s]
  ep  53: loss=1.1137  test_acc=53.06%  (best 57.04 @ ep 51)  [3.6s]
  ep  54: loss=1.1025  test_acc=49.30%  (best 57.04 @ ep 51)  [3.6s]
  ep  55: loss=1.0958  test_acc=51.99%  (best 57.04 @ ep 51)  [3.7s]
  ep  56: loss=1.0887  test_acc=51.25%  (best 57.04 @ ep 51)  [3.6s]
  ep  57: loss=1.0861  test_acc=44.40%  (best 57.04 @ ep 51)  [3.6s]
  ep  58: loss=1.0664  test_acc=46.01%  (best 57.04 @ ep 51)  [6.0s]
  ep  59: loss=1.0639  test_acc=45.94%  (best 57.04 @ ep 51)  [8.4s]
  ep  60: loss=1.0589  test_acc=55.00%  (best 57.04 @ ep 51)  [7.8s]
  ep  61: loss=1.0427  test_acc=45.28%  (best 57.04 @ ep 51)  [7.8s]
  ep  62: loss=1.0361  test_acc=48.84%  (best 57.04 @ ep 51)  [8.5s]
  ep  63: loss=1.0301  test_acc=50.21%  (best 57.04 @ ep 51)  [7.8s]
  ep  64: loss=1.0184  test_acc=54.32%  (best 57.04 @ ep 51)  [8.0s]
  ep  65: loss=1.0096  test_acc=49.45%  (best 57.04 @ ep 51)  [8.2s]
  ep  66: loss=1.0033  test_acc=55.65%  (best 57.04 @ ep 51)  [8.0s]
  ep  67: loss=0.9918  test_acc=53.01%  (best 57.04 @ ep 51)  [7.9s]
  ep  68: loss=0.9724  test_acc=52.62%  (best 57.04 @ ep 51)  [8.7s]
  ep  69: loss=0.9660  test_acc=52.74%  (best 57.04 @ ep 51)  [8.2s]
  ep  70: loss=0.9529  test_acc=52.84%  (best 57.04 @ ep 51)  [8.5s]
  ep  71: loss=0.9402  test_acc=55.16%  (best 57.04 @ ep 51)  [8.4s]
  ep  72: loss=0.9287  test_acc=56.76%  (best 57.04 @ ep 51)  [8.2s]
  ep  73: loss=0.9115  test_acc=54.73%  (best 57.04 @ ep 51)  [8.5s]
  ep  74: loss=0.8984  test_acc=49.94%  (best 57.04 @ ep 51)  [8.3s]
  ep  75: loss=0.8863  test_acc=56.37%  (best 57.04 @ ep 51)  [10.8s]  [logged per-sample loss: mean=0.870]
  ep  76: loss=0.8691  test_acc=49.72%  (best 57.04 @ ep 51)  [8.2s]
  ep  77: loss=0.8567  test_acc=54.36%  (best 57.04 @ ep 51)  [8.2s]
  ep  78: loss=0.8299  test_acc=50.97%  (best 57.04 @ ep 51)  [7.9s]
  ep  79: loss=0.8183  test_acc=50.48%  (best 57.04 @ ep 51)  [8.1s]
  ep  80: loss=0.8002  test_acc=56.83%  (best 57.04 @ ep 51)  [8.3s]
  ep  81: loss=0.7749  test_acc=52.96%  (best 57.04 @ ep 51)  [7.7s]
  ep  82: loss=0.7623  test_acc=52.12%  (best 57.04 @ ep 51)  [8.0s]
  ep  83: loss=0.7455  test_acc=49.67%  (best 57.04 @ ep 51)  [7.9s]
  ep  84: loss=0.7206  test_acc=50.59%  (best 57.04 @ ep 51)  [8.4s]
  ep  85: loss=0.6959  test_acc=49.31%  (best 57.04 @ ep 51)  [8.3s]
  ep  86: loss=0.6807  test_acc=49.41%  (best 57.04 @ ep 51)  [8.1s]
  ep  87: loss=0.6520  test_acc=51.28%  (best 57.04 @ ep 51)  [8.2s]
  ep  88: loss=0.6330  test_acc=52.78%  (best 57.04 @ ep 51)  [8.4s]
  ep  89: loss=0.6219  test_acc=51.24%  (best 57.04 @ ep 51)  [4.0s]
  ep  90: loss=0.5994  test_acc=50.74%  (best 57.04 @ ep 51)  [3.7s]
  ep  91: loss=0.5814  test_acc=52.42%  (best 57.04 @ ep 51)  [3.7s]
  ep  92: loss=0.5706  test_acc=51.50%  (best 57.04 @ ep 51)  [3.5s]
  ep  93: loss=0.5571  test_acc=51.81%  (best 57.04 @ ep 51)  [3.9s]
  ep  94: loss=0.5428  test_acc=51.18%  (best 57.04 @ ep 51)  [3.7s]
  ep  95: loss=0.5356  test_acc=51.07%  (best 57.04 @ ep 51)  [3.9s]
  ep  96: loss=0.5224  test_acc=51.66%  (best 57.04 @ ep 51)  [3.6s]
  ep  97: loss=0.5223  test_acc=51.92%  (best 57.04 @ ep 51)  [3.5s]
  ep  98: loss=0.5178  test_acc=51.33%  (best 57.04 @ ep 51)  [3.7s]
  ep  99: loss=0.5126  test_acc=51.82%  (best 57.04 @ ep 51)  [5.4s]  [logged per-sample loss: mean=0.467]

saved /path/to/ciln-workspace/journal_edition/robustness_transfer/results_v4/erm/ours_v2_clean__contrast_sev5__seed1.json: best 57.04% @ ep 51
