condition=ours_v2_noisy__pixelate_sev1 seed=0 gpu=2
/path/to/ciln-workspace/venv/lib/python3.12/site-packages/torchvision/datasets/cifar.py:83: VisibleDeprecationWarning: dtype(): align should be passed as Python or NumPy boolean but got `align=0`. Did you mean to pass a tuple to create a subarray type? (Deprecated NumPy 2.4)
  entry = pickle.load(f, encoding="latin1")
image_source=noisy  N=22500  noise_rate=11.68%
  ep   0: loss=1.8724  test_acc=31.66%  (best 31.66 @ ep 0)  [4.5s]
  ep   1: loss=1.5895  test_acc=35.34%  (best 35.34 @ ep 1)  [3.5s]
  ep   2: loss=1.3834  test_acc=51.96%  (best 51.96 @ ep 2)  [3.6s]
  ep   3: loss=1.2319  test_acc=59.09%  (best 59.09 @ ep 3)  [3.8s]
  ep   4: loss=1.1160  test_acc=54.15%  (best 59.09 @ ep 3)  [3.6s]
  ep   5: loss=1.0322  test_acc=65.94%  (best 65.94 @ ep 5)  [5.5s]  [logged per-sample loss: mean=1.001]
  ep   6: loss=0.9749  test_acc=68.03%  (best 68.03 @ ep 6)  [3.6s]
  ep   7: loss=0.9220  test_acc=57.56%  (best 68.03 @ ep 6)  [3.5s]
  ep   8: loss=0.8738  test_acc=60.93%  (best 68.03 @ ep 6)  [3.8s]
  ep   9: loss=0.8578  test_acc=71.76%  (best 71.76 @ ep 9)  [3.6s]
  ep  10: loss=0.8267  test_acc=69.52%  (best 71.76 @ ep 9)  [5.4s]  [logged per-sample loss: mean=0.889]
  ep  11: loss=0.8150  test_acc=68.18%  (best 71.76 @ ep 9)  [3.5s]
  ep  12: loss=0.7825  test_acc=68.75%  (best 71.76 @ ep 9)  [3.7s]
  ep  13: loss=0.7696  test_acc=73.37%  (best 73.37 @ ep 13)  [8.7s]
  ep  14: loss=0.7558  test_acc=65.62%  (best 73.37 @ ep 13)  [9.1s]
  ep  15: loss=0.7438  test_acc=67.11%  (best 73.37 @ ep 13)  [8.8s]
  ep  16: loss=0.7292  test_acc=70.64%  (best 73.37 @ ep 13)  [8.8s]
  ep  17: loss=0.7173  test_acc=62.84%  (best 73.37 @ ep 13)  [9.2s]
  ep  18: loss=0.7169  test_acc=65.57%  (best 73.37 @ ep 13)  [8.7s]
  ep  19: loss=0.7057  test_acc=71.97%  (best 73.37 @ ep 13)  [9.2s]
  ep  20: loss=0.6865  test_acc=73.76%  (best 73.76 @ ep 20)  [13.1s]  [logged per-sample loss: mean=0.756]
  ep  21: loss=0.6824  test_acc=64.74%  (best 73.76 @ ep 20)  [9.7s]
  ep  22: loss=0.6841  test_acc=73.54%  (best 73.76 @ ep 20)  [9.3s]
  ep  23: loss=0.6569  test_acc=72.19%  (best 73.76 @ ep 20)  [3.6s]
  ep  24: loss=0.6618  test_acc=68.42%  (best 73.76 @ ep 20)  [3.7s]
  ep  25: loss=0.6541  test_acc=70.93%  (best 73.76 @ ep 20)  [3.8s]
  ep  26: loss=0.6534  test_acc=75.67%  (best 75.67 @ ep 26)  [3.6s]
  ep  27: loss=0.6461  test_acc=72.63%  (best 75.67 @ ep 26)  [3.5s]
  ep  28: loss=0.6325  test_acc=77.94%  (best 77.94 @ ep 28)  [3.5s]
  ep  29: loss=0.6314  test_acc=73.17%  (best 77.94 @ ep 28)  [3.5s]
  ep  30: loss=0.6290  test_acc=71.19%  (best 77.94 @ ep 28)  [5.2s]  [logged per-sample loss: mean=0.827]
  ep  31: loss=0.6187  test_acc=71.33%  (best 77.94 @ ep 28)  [3.7s]
  ep  32: loss=0.6163  test_acc=76.36%  (best 77.94 @ ep 28)  [3.6s]
  ep  33: loss=0.6094  test_acc=72.42%  (best 77.94 @ ep 28)  [3.6s]
  ep  34: loss=0.5996  test_acc=76.54%  (best 77.94 @ ep 28)  [3.6s]
  ep  35: loss=0.5877  test_acc=73.49%  (best 77.94 @ ep 28)  [3.6s]
  ep  36: loss=0.5886  test_acc=72.70%  (best 77.94 @ ep 28)  [3.7s]
  ep  37: loss=0.5777  test_acc=75.50%  (best 77.94 @ ep 28)  [3.5s]
  ep  38: loss=0.5732  test_acc=77.62%  (best 77.94 @ ep 28)  [3.7s]
  ep  39: loss=0.5716  test_acc=74.07%  (best 77.94 @ ep 28)  [6.7s]
  ep  40: loss=0.5581  test_acc=73.26%  (best 77.94 @ ep 28)  [8.2s]
  ep  41: loss=0.5596  test_acc=78.80%  (best 78.80 @ ep 41)  [8.6s]
  ep  42: loss=0.5556  test_acc=70.83%  (best 78.80 @ ep 41)  [8.3s]
  ep  43: loss=0.5429  test_acc=79.09%  (best 79.09 @ ep 43)  [8.3s]
  ep  44: loss=0.5397  test_acc=76.46%  (best 79.09 @ ep 43)  [8.7s]
  ep  45: loss=0.5252  test_acc=78.95%  (best 79.09 @ ep 43)  [8.6s]
  ep  46: loss=0.5185  test_acc=79.54%  (best 79.54 @ ep 46)  [8.7s]
  ep  47: loss=0.5184  test_acc=77.33%  (best 79.54 @ ep 46)  [9.0s]
  ep  48: loss=0.5120  test_acc=78.09%  (best 79.54 @ ep 46)  [8.8s]
  ep  49: loss=0.5064  test_acc=76.41%  (best 79.54 @ ep 46)  [8.3s]
  ep  50: loss=0.4987  test_acc=79.07%  (best 79.54 @ ep 46)  [11.2s]  [logged per-sample loss: mean=0.538]
  ep  51: loss=0.4969  test_acc=79.38%  (best 79.54 @ ep 46)  [8.7s]
  ep  52: loss=0.4845  test_acc=81.60%  (best 81.60 @ ep 52)  [8.6s]
  ep  53: loss=0.4773  test_acc=81.66%  (best 81.66 @ ep 53)  [8.3s]
  ep  54: loss=0.4630  test_acc=78.98%  (best 81.66 @ ep 53)  [9.1s]
  ep  55: loss=0.4672  test_acc=77.01%  (best 81.66 @ ep 53)  [8.4s]
  ep  56: loss=0.4562  test_acc=80.02%  (best 81.66 @ ep 53)  [8.3s]
  ep  57: loss=0.4417  test_acc=80.01%  (best 81.66 @ ep 53)  [9.2s]
  ep  58: loss=0.4357  test_acc=77.02%  (best 81.66 @ ep 53)  [8.4s]
  ep  59: loss=0.4257  test_acc=78.67%  (best 81.66 @ ep 53)  [9.6s]
  ep  60: loss=0.4164  test_acc=80.95%  (best 81.66 @ ep 53)  [8.8s]
  ep  61: loss=0.4087  test_acc=77.83%  (best 81.66 @ ep 53)  [8.4s]
  ep  62: loss=0.3960  test_acc=81.73%  (best 81.73 @ ep 62)  [8.7s]
  ep  63: loss=0.3952  test_acc=80.57%  (best 81.73 @ ep 62)  [9.0s]
  ep  64: loss=0.3770  test_acc=81.14%  (best 81.73 @ ep 62)  [8.4s]
  ep  65: loss=0.3710  test_acc=80.94%  (best 81.73 @ ep 62)  [9.0s]
  ep  66: loss=0.3664  test_acc=79.60%  (best 81.73 @ ep 62)  [9.0s]
  ep  67: loss=0.3440  test_acc=80.14%  (best 81.73 @ ep 62)  [9.3s]
  ep  68: loss=0.3415  test_acc=80.50%  (best 81.73 @ ep 62)  [9.5s]
  ep  69: loss=0.3318  test_acc=82.45%  (best 82.45 @ ep 69)  [9.2s]
  ep  70: loss=0.3222  test_acc=82.13%  (best 82.45 @ ep 69)  [8.0s]
  ep  71: loss=0.3116  test_acc=83.04%  (best 83.04 @ ep 71)  [3.6s]
  ep  72: loss=0.2990  test_acc=81.50%  (best 83.04 @ ep 71)  [3.5s]
  ep  73: loss=0.2856  test_acc=82.98%  (best 83.04 @ ep 71)  [3.4s]
  ep  74: loss=0.2755  test_acc=82.97%  (best 83.04 @ ep 71)  [3.6s]
  ep  75: loss=0.2649  test_acc=80.83%  (best 83.04 @ ep 71)  [5.3s]  [logged per-sample loss: mean=0.269]
  ep  76: loss=0.2539  test_acc=83.83%  (best 83.83 @ ep 76)  [3.5s]
  ep  77: loss=0.2326  test_acc=81.81%  (best 83.83 @ ep 76)  [3.7s]
  ep  78: loss=0.2218  test_acc=82.91%  (best 83.83 @ ep 76)  [3.7s]
  ep  79: loss=0.2201  test_acc=82.45%  (best 83.83 @ ep 76)  [3.8s]
  ep  80: loss=0.2023  test_acc=84.00%  (best 84.00 @ ep 80)  [3.5s]
  ep  81: loss=0.1913  test_acc=83.70%  (best 84.00 @ ep 80)  [3.5s]
  ep  82: loss=0.1781  test_acc=82.12%  (best 84.00 @ ep 80)  [3.7s]
  ep  83: loss=0.1631  test_acc=84.31%  (best 84.31 @ ep 83)  [3.5s]
  ep  84: loss=0.1599  test_acc=82.36%  (best 84.31 @ ep 83)  [3.5s]
  ep  85: loss=0.1449  test_acc=83.45%  (best 84.31 @ ep 83)  [3.8s]
  ep  86: loss=0.1387  test_acc=83.06%  (best 84.31 @ ep 83)  [3.7s]
  ep  87: loss=0.1266  test_acc=83.55%  (best 84.31 @ ep 83)  [4.6s]
  ep  88: loss=0.1187  test_acc=83.19%  (best 84.31 @ ep 83)  [8.3s]
  ep  89: loss=0.1142  test_acc=83.92%  (best 84.31 @ ep 83)  [9.3s]
  ep  90: loss=0.1052  test_acc=84.24%  (best 84.31 @ ep 83)  [8.6s]
  ep  91: loss=0.1014  test_acc=84.19%  (best 84.31 @ ep 83)  [9.0s]
  ep  92: loss=0.0977  test_acc=83.96%  (best 84.31 @ ep 83)  [8.4s]
  ep  93: loss=0.0922  test_acc=84.43%  (best 84.43 @ ep 93)  [9.2s]
  ep  94: loss=0.0881  test_acc=84.22%  (best 84.43 @ ep 93)  [9.1s]
  ep  95: loss=0.0861  test_acc=84.41%  (best 84.43 @ ep 93)  [9.2s]
  ep  96: loss=0.0837  test_acc=84.23%  (best 84.43 @ ep 93)  [9.8s]
  ep  97: loss=0.0888  test_acc=84.28%  (best 84.43 @ ep 93)  [9.1s]
  ep  98: loss=0.0851  test_acc=84.17%  (best 84.43 @ ep 93)  [10.2s]
  ep  99: loss=0.0817  test_acc=84.40%  (best 84.43 @ ep 93)  [10.3s]  [logged per-sample loss: mean=0.054]

saved /path/to/ciln-workspace/journal_edition/robustness_transfer/results_v4/erm/ours_v2_noisy__pixelate_sev1__seed0.json: best 84.43% @ ep 93
