condition=ours_v2_noisy__frost_sev1 seed=1 gpu=2
/path/to/ciln-workspace/venv/lib/python3.12/site-packages/torchvision/datasets/cifar.py:83: VisibleDeprecationWarning: dtype(): align should be passed as Python or NumPy boolean but got `align=0`. Did you mean to pass a tuple to create a subarray type? (Deprecated NumPy 2.4)
  entry = pickle.load(f, encoding="latin1")
image_source=noisy  N=22500  noise_rate=10.16%
  ep   0: loss=1.8664  test_acc=26.14%  (best 26.14 @ ep 0)  [4.3s]
  ep   1: loss=1.5425  test_acc=32.85%  (best 32.85 @ ep 1)  [3.5s]
  ep   2: loss=1.3170  test_acc=44.37%  (best 44.37 @ ep 2)  [3.7s]
  ep   3: loss=1.1648  test_acc=57.72%  (best 57.72 @ ep 3)  [3.5s]
  ep   4: loss=1.0451  test_acc=59.46%  (best 59.46 @ ep 4)  [3.8s]
  ep   5: loss=0.9735  test_acc=63.52%  (best 63.52 @ ep 5)  [5.2s]  [logged per-sample loss: mean=1.006]
  ep   6: loss=0.9049  test_acc=55.53%  (best 63.52 @ ep 5)  [3.5s]
  ep   7: loss=0.8516  test_acc=56.59%  (best 63.52 @ ep 5)  [3.8s]
  ep   8: loss=0.8024  test_acc=61.00%  (best 63.52 @ ep 5)  [3.6s]
  ep   9: loss=0.7916  test_acc=69.82%  (best 69.82 @ ep 9)  [3.7s]
  ep  10: loss=0.7582  test_acc=66.68%  (best 69.82 @ ep 9)  [5.4s]  [logged per-sample loss: mean=1.002]
  ep  11: loss=0.7442  test_acc=64.48%  (best 69.82 @ ep 9)  [3.7s]
  ep  12: loss=0.7284  test_acc=70.76%  (best 70.76 @ ep 12)  [3.8s]
  ep  13: loss=0.7087  test_acc=72.06%  (best 72.06 @ ep 13)  [7.5s]
  ep  14: loss=0.7012  test_acc=71.28%  (best 72.06 @ ep 13)  [9.3s]
  ep  15: loss=0.6756  test_acc=66.30%  (best 72.06 @ ep 13)  [9.2s]
  ep  16: loss=0.6616  test_acc=71.59%  (best 72.06 @ ep 13)  [8.6s]
  ep  17: loss=0.6558  test_acc=70.24%  (best 72.06 @ ep 13)  [9.1s]
  ep  18: loss=0.6461  test_acc=70.12%  (best 72.06 @ ep 13)  [9.6s]
  ep  19: loss=0.6344  test_acc=72.03%  (best 72.06 @ ep 13)  [9.2s]
  ep  20: loss=0.6292  test_acc=70.44%  (best 72.06 @ ep 13)  [11.7s]  [logged per-sample loss: mean=0.865]
  ep  21: loss=0.6256  test_acc=66.69%  (best 72.06 @ ep 13)  [9.5s]
  ep  22: loss=0.6190  test_acc=75.54%  (best 75.54 @ ep 22)  [10.7s]
  ep  23: loss=0.6109  test_acc=73.43%  (best 75.54 @ ep 22)  [9.9s]
  ep  24: loss=0.6045  test_acc=64.19%  (best 75.54 @ ep 22)  [8.6s]
  ep  25: loss=0.5941  test_acc=75.11%  (best 75.54 @ ep 22)  [3.6s]
  ep  26: loss=0.5886  test_acc=66.91%  (best 75.54 @ ep 22)  [3.6s]
  ep  27: loss=0.5846  test_acc=77.18%  (best 77.18 @ ep 27)  [3.8s]
  ep  28: loss=0.5758  test_acc=75.51%  (best 77.18 @ ep 27)  [4.0s]
  ep  29: loss=0.5795  test_acc=76.58%  (best 77.18 @ ep 27)  [3.5s]
  ep  30: loss=0.5598  test_acc=76.62%  (best 77.18 @ ep 27)  [5.2s]  [logged per-sample loss: mean=0.709]
  ep  31: loss=0.5510  test_acc=73.86%  (best 77.18 @ ep 27)  [3.7s]
  ep  32: loss=0.5446  test_acc=76.93%  (best 77.18 @ ep 27)  [3.6s]
  ep  33: loss=0.5466  test_acc=73.56%  (best 77.18 @ ep 27)  [3.7s]
  ep  34: loss=0.5492  test_acc=77.03%  (best 77.18 @ ep 27)  [3.7s]
  ep  35: loss=0.5323  test_acc=75.91%  (best 77.18 @ ep 27)  [3.7s]
  ep  36: loss=0.5251  test_acc=77.74%  (best 77.74 @ ep 36)  [3.5s]
  ep  37: loss=0.5130  test_acc=74.87%  (best 77.74 @ ep 36)  [4.0s]
  ep  38: loss=0.5155  test_acc=71.54%  (best 77.74 @ ep 36)  [3.6s]
  ep  39: loss=0.5151  test_acc=74.30%  (best 77.74 @ ep 36)  [3.5s]
  ep  40: loss=0.4987  test_acc=74.58%  (best 77.74 @ ep 36)  [4.0s]
  ep  41: loss=0.4965  test_acc=75.12%  (best 77.74 @ ep 36)  [8.7s]
  ep  42: loss=0.4870  test_acc=77.62%  (best 77.74 @ ep 36)  [9.2s]
  ep  43: loss=0.4845  test_acc=73.12%  (best 77.74 @ ep 36)  [10.1s]
  ep  44: loss=0.4805  test_acc=78.86%  (best 78.86 @ ep 44)  [10.0s]
  ep  45: loss=0.4716  test_acc=77.31%  (best 78.86 @ ep 44)  [11.1s]
  ep  46: loss=0.4569  test_acc=70.77%  (best 78.86 @ ep 44)  [10.8s]
  ep  47: loss=0.4629  test_acc=77.73%  (best 78.86 @ ep 44)  [10.2s]
  ep  48: loss=0.4501  test_acc=77.51%  (best 78.86 @ ep 44)  [9.6s]
  ep  49: loss=0.4475  test_acc=76.49%  (best 78.86 @ ep 44)  [10.8s]
  ep  50: loss=0.4391  test_acc=77.34%  (best 78.86 @ ep 44)  [5.3s]  [logged per-sample loss: mean=0.545]
  ep  51: loss=0.4359  test_acc=81.34%  (best 81.34 @ ep 51)  [3.9s]
  ep  52: loss=0.4191  test_acc=73.92%  (best 81.34 @ ep 51)  [3.6s]
  ep  53: loss=0.4195  test_acc=77.82%  (best 81.34 @ ep 51)  [3.6s]
  ep  54: loss=0.4139  test_acc=78.85%  (best 81.34 @ ep 51)  [3.8s]
  ep  55: loss=0.4008  test_acc=76.80%  (best 81.34 @ ep 51)  [3.6s]
  ep  56: loss=0.3893  test_acc=80.51%  (best 81.34 @ ep 51)  [3.9s]
  ep  57: loss=0.3863  test_acc=79.95%  (best 81.34 @ ep 51)  [3.8s]
  ep  58: loss=0.3757  test_acc=80.49%  (best 81.34 @ ep 51)  [3.6s]
  ep  59: loss=0.3731  test_acc=80.49%  (best 81.34 @ ep 51)  [3.6s]
  ep  60: loss=0.3573  test_acc=77.65%  (best 81.34 @ ep 51)  [3.8s]
  ep  61: loss=0.3536  test_acc=78.58%  (best 81.34 @ ep 51)  [3.9s]
  ep  62: loss=0.3512  test_acc=82.41%  (best 82.41 @ ep 62)  [3.7s]
  ep  63: loss=0.3407  test_acc=80.74%  (best 82.41 @ ep 62)  [3.5s]
  ep  64: loss=0.3214  test_acc=82.17%  (best 82.41 @ ep 62)  [3.8s]
  ep  65: loss=0.3241  test_acc=78.95%  (best 82.41 @ ep 62)  [4.5s]
  ep  66: loss=0.3040  test_acc=81.86%  (best 82.41 @ ep 62)  [9.5s]
  ep  67: loss=0.2990  test_acc=80.23%  (best 82.41 @ ep 62)  [10.0s]
  ep  68: loss=0.2785  test_acc=82.13%  (best 82.41 @ ep 62)  [9.4s]
  ep  69: loss=0.2821  test_acc=82.81%  (best 82.81 @ ep 69)  [8.9s]
  ep  70: loss=0.2684  test_acc=81.31%  (best 82.81 @ ep 69)  [9.6s]
  ep  71: loss=0.2422  test_acc=80.62%  (best 82.81 @ ep 69)  [8.9s]
  ep  72: loss=0.2413  test_acc=83.04%  (best 83.04 @ ep 72)  [8.9s]
  ep  73: loss=0.2332  test_acc=80.51%  (best 83.04 @ ep 72)  [9.9s]
  ep  74: loss=0.2245  test_acc=81.04%  (best 83.04 @ ep 72)  [3.7s]
  ep  75: loss=0.2060  test_acc=82.74%  (best 83.04 @ ep 72)  [5.4s]  [logged per-sample loss: mean=0.175]
  ep  76: loss=0.1943  test_acc=83.62%  (best 83.62 @ ep 76)  [3.5s]
  ep  77: loss=0.1895  test_acc=82.12%  (best 83.62 @ ep 76)  [3.8s]
  ep  78: loss=0.1773  test_acc=83.39%  (best 83.62 @ ep 76)  [3.7s]
  ep  79: loss=0.1675  test_acc=82.81%  (best 83.62 @ ep 76)  [3.8s]
  ep  80: loss=0.1547  test_acc=82.99%  (best 83.62 @ ep 76)  [3.6s]
  ep  81: loss=0.1381  test_acc=83.24%  (best 83.62 @ ep 76)  [3.6s]
  ep  82: loss=0.1281  test_acc=83.23%  (best 83.62 @ ep 76)  [3.5s]
  ep  83: loss=0.1247  test_acc=83.71%  (best 83.71 @ ep 83)  [3.4s]
  ep  84: loss=0.1102  test_acc=83.40%  (best 83.71 @ ep 83)  [3.7s]
  ep  85: loss=0.1013  test_acc=83.85%  (best 83.85 @ ep 85)  [3.5s]
  ep  86: loss=0.0991  test_acc=83.82%  (best 83.85 @ ep 85)  [3.6s]
  ep  87: loss=0.0882  test_acc=84.47%  (best 84.47 @ ep 87)  [3.5s]
  ep  88: loss=0.0815  test_acc=84.16%  (best 84.47 @ ep 87)  [3.6s]
  ep  89: loss=0.0766  test_acc=83.81%  (best 84.47 @ ep 87)  [3.7s]
  ep  90: loss=0.0736  test_acc=84.33%  (best 84.47 @ ep 87)  [3.8s]
  ep  91: loss=0.0685  test_acc=83.92%  (best 84.47 @ ep 87)  [7.9s]
  ep  92: loss=0.0644  test_acc=84.44%  (best 84.47 @ ep 87)  [8.2s]
  ep  93: loss=0.0619  test_acc=84.54%  (best 84.54 @ ep 93)  [8.4s]
  ep  94: loss=0.0628  test_acc=84.49%  (best 84.54 @ ep 93)  [8.8s]
  ep  95: loss=0.0610  test_acc=84.28%  (best 84.54 @ ep 93)  [8.6s]
  ep  96: loss=0.0586  test_acc=84.20%  (best 84.54 @ ep 93)  [9.1s]
  ep  97: loss=0.0575  test_acc=84.37%  (best 84.54 @ ep 93)  [8.6s]
  ep  98: loss=0.0583  test_acc=84.26%  (best 84.54 @ ep 93)  [6.1s]
  ep  99: loss=0.0592  test_acc=84.70%  (best 84.70 @ ep 99)  [5.3s]  [logged per-sample loss: mean=0.038]

saved /path/to/ciln-workspace/journal_edition/robustness_transfer/results_v4/erm/ours_v2_noisy__frost_sev1__seed1.json: best 84.70% @ ep 99
