condition=ours_v2_clean__snow_sev3 seed=1 gpu=1
/path/to/ciln-workspace/venv/lib/python3.12/site-packages/torchvision/datasets/cifar.py:83: VisibleDeprecationWarning: dtype(): align should be passed as Python or NumPy boolean but got `align=0`. Did you mean to pass a tuple to create a subarray type? (Deprecated NumPy 2.4)
  entry = pickle.load(f, encoding="latin1")
image_source=clean  N=22500  noise_rate=19.37%
  ep   0: loss=1.9011  test_acc=32.77%  (best 32.77 @ ep 0)  [4.5s]
  ep   1: loss=1.6336  test_acc=39.37%  (best 39.37 @ ep 1)  [3.6s]
  ep   2: loss=1.4420  test_acc=45.16%  (best 45.16 @ ep 2)  [3.7s]
  ep   3: loss=1.3137  test_acc=49.94%  (best 49.94 @ ep 3)  [3.8s]
  ep   4: loss=1.2355  test_acc=53.78%  (best 53.78 @ ep 4)  [3.6s]
  ep   5: loss=1.1907  test_acc=60.58%  (best 60.58 @ ep 5)  [5.7s]  [logged per-sample loss: mean=1.190]
  ep   6: loss=1.1340  test_acc=57.96%  (best 60.58 @ ep 5)  [3.6s]
  ep   7: loss=1.0916  test_acc=58.39%  (best 60.58 @ ep 5)  [3.7s]
  ep   8: loss=1.0534  test_acc=62.32%  (best 62.32 @ ep 8)  [6.9s]
  ep   9: loss=1.0235  test_acc=68.49%  (best 68.49 @ ep 9)  [9.2s]
  ep  10: loss=0.9949  test_acc=61.03%  (best 68.49 @ ep 9)  [10.0s]  [logged per-sample loss: mean=1.202]
  ep  11: loss=0.9809  test_acc=62.47%  (best 68.49 @ ep 9)  [3.6s]
  ep  12: loss=0.9654  test_acc=65.06%  (best 68.49 @ ep 9)  [3.5s]
  ep  13: loss=0.9441  test_acc=64.14%  (best 68.49 @ ep 9)  [3.6s]
  ep  14: loss=0.9331  test_acc=67.42%  (best 68.49 @ ep 9)  [3.9s]
  ep  15: loss=0.9153  test_acc=70.13%  (best 70.13 @ ep 15)  [3.5s]
  ep  16: loss=0.9111  test_acc=64.46%  (best 70.13 @ ep 15)  [3.5s]
  ep  17: loss=0.9032  test_acc=73.00%  (best 73.00 @ ep 17)  [3.9s]
  ep  18: loss=0.8888  test_acc=68.91%  (best 73.00 @ ep 17)  [3.8s]
  ep  19: loss=0.8890  test_acc=67.68%  (best 73.00 @ ep 17)  [3.5s]
  ep  20: loss=0.8688  test_acc=70.27%  (best 73.00 @ ep 17)  [5.2s]  [logged per-sample loss: mean=0.997]
  ep  21: loss=0.8702  test_acc=61.70%  (best 73.00 @ ep 17)  [3.6s]
  ep  22: loss=0.8658  test_acc=69.20%  (best 73.00 @ ep 17)  [3.8s]
  ep  23: loss=0.8544  test_acc=74.07%  (best 74.07 @ ep 23)  [3.8s]
  ep  24: loss=0.8479  test_acc=68.25%  (best 74.07 @ ep 23)  [3.6s]
  ep  25: loss=0.8372  test_acc=70.24%  (best 74.07 @ ep 23)  [3.5s]
  ep  26: loss=0.8354  test_acc=71.40%  (best 74.07 @ ep 23)  [3.5s]
  ep  27: loss=0.8309  test_acc=70.97%  (best 74.07 @ ep 23)  [5.8s]
  ep  28: loss=0.8223  test_acc=75.36%  (best 75.36 @ ep 28)  [9.0s]
  ep  29: loss=0.8167  test_acc=58.86%  (best 75.36 @ ep 28)  [8.9s]
  ep  30: loss=0.8118  test_acc=69.57%  (best 75.36 @ ep 28)  [12.9s]  [logged per-sample loss: mean=0.955]
  ep  31: loss=0.8023  test_acc=75.72%  (best 75.72 @ ep 31)  [8.7s]
  ep  32: loss=0.8014  test_acc=64.45%  (best 75.72 @ ep 31)  [8.5s]
  ep  33: loss=0.7901  test_acc=76.57%  (best 76.57 @ ep 33)  [8.2s]
  ep  34: loss=0.7899  test_acc=71.38%  (best 76.57 @ ep 33)  [8.0s]
  ep  35: loss=0.7886  test_acc=72.68%  (best 76.57 @ ep 33)  [8.3s]
  ep  36: loss=0.7738  test_acc=70.06%  (best 76.57 @ ep 33)  [7.8s]
  ep  37: loss=0.7711  test_acc=73.84%  (best 76.57 @ ep 33)  [8.4s]
  ep  38: loss=0.7702  test_acc=71.46%  (best 76.57 @ ep 33)  [9.1s]
  ep  39: loss=0.7615  test_acc=69.77%  (best 76.57 @ ep 33)  [8.5s]
  ep  40: loss=0.7537  test_acc=73.95%  (best 76.57 @ ep 33)  [8.2s]
  ep  41: loss=0.7470  test_acc=73.97%  (best 76.57 @ ep 33)  [7.9s]
  ep  42: loss=0.7432  test_acc=75.29%  (best 76.57 @ ep 33)  [4.3s]
  ep  43: loss=0.7381  test_acc=75.38%  (best 76.57 @ ep 33)  [3.7s]
  ep  44: loss=0.7360  test_acc=66.96%  (best 76.57 @ ep 33)  [3.7s]
  ep  45: loss=0.7365  test_acc=76.15%  (best 76.57 @ ep 33)  [3.9s]
  ep  46: loss=0.7178  test_acc=75.70%  (best 76.57 @ ep 33)  [3.8s]
  ep  47: loss=0.7129  test_acc=75.63%  (best 76.57 @ ep 33)  [3.4s]
  ep  48: loss=0.7044  test_acc=72.73%  (best 76.57 @ ep 33)  [3.7s]
  ep  49: loss=0.7019  test_acc=73.81%  (best 76.57 @ ep 33)  [3.9s]
  ep  50: loss=0.6888  test_acc=77.57%  (best 77.57 @ ep 50)  [5.4s]  [logged per-sample loss: mean=0.651]
  ep  51: loss=0.6856  test_acc=73.60%  (best 77.57 @ ep 50)  [3.6s]
  ep  52: loss=0.6813  test_acc=70.71%  (best 77.57 @ ep 50)  [3.5s]
  ep  53: loss=0.6716  test_acc=74.35%  (best 77.57 @ ep 50)  [3.7s]
  ep  54: loss=0.6692  test_acc=75.45%  (best 77.57 @ ep 50)  [3.9s]
  ep  55: loss=0.6566  test_acc=76.60%  (best 77.57 @ ep 50)  [3.5s]
  ep  56: loss=0.6493  test_acc=74.11%  (best 77.57 @ ep 50)  [3.7s]
  ep  57: loss=0.6332  test_acc=73.77%  (best 77.57 @ ep 50)  [3.5s]
  ep  58: loss=0.6335  test_acc=75.34%  (best 77.57 @ ep 50)  [7.9s]
  ep  59: loss=0.6258  test_acc=79.06%  (best 79.06 @ ep 59)  [8.1s]
  ep  60: loss=0.6208  test_acc=76.08%  (best 79.06 @ ep 59)  [8.3s]
  ep  61: loss=0.6101  test_acc=73.13%  (best 79.06 @ ep 59)  [8.4s]
  ep  62: loss=0.5943  test_acc=78.02%  (best 79.06 @ ep 59)  [8.4s]
  ep  63: loss=0.5889  test_acc=76.09%  (best 79.06 @ ep 59)  [8.0s]
  ep  64: loss=0.5785  test_acc=77.07%  (best 79.06 @ ep 59)  [8.0s]
  ep  65: loss=0.5647  test_acc=76.42%  (best 79.06 @ ep 59)  [8.1s]
  ep  66: loss=0.5480  test_acc=77.34%  (best 79.06 @ ep 59)  [8.3s]
  ep  67: loss=0.5364  test_acc=77.29%  (best 79.06 @ ep 59)  [8.4s]
  ep  68: loss=0.5318  test_acc=77.82%  (best 79.06 @ ep 59)  [8.2s]
  ep  69: loss=0.5185  test_acc=77.01%  (best 79.06 @ ep 59)  [7.8s]
  ep  70: loss=0.5119  test_acc=77.05%  (best 79.06 @ ep 59)  [7.8s]
  ep  71: loss=0.4984  test_acc=76.02%  (best 79.06 @ ep 59)  [8.6s]
  ep  72: loss=0.4837  test_acc=77.27%  (best 79.06 @ ep 59)  [8.5s]
  ep  73: loss=0.4631  test_acc=78.58%  (best 79.06 @ ep 59)  [8.3s]
  ep  74: loss=0.4485  test_acc=78.21%  (best 79.06 @ ep 59)  [8.7s]
  ep  75: loss=0.4353  test_acc=76.63%  (best 79.06 @ ep 59)  [9.6s]  [logged per-sample loss: mean=0.450]
  ep  76: loss=0.4215  test_acc=74.20%  (best 79.06 @ ep 59)  [3.7s]
  ep  77: loss=0.4054  test_acc=77.54%  (best 79.06 @ ep 59)  [3.7s]
  ep  78: loss=0.3877  test_acc=77.26%  (best 79.06 @ ep 59)  [3.9s]
  ep  79: loss=0.3679  test_acc=76.33%  (best 79.06 @ ep 59)  [3.8s]
  ep  80: loss=0.3572  test_acc=77.28%  (best 79.06 @ ep 59)  [3.8s]
  ep  81: loss=0.3429  test_acc=77.19%  (best 79.06 @ ep 59)  [3.4s]
  ep  82: loss=0.3211  test_acc=77.95%  (best 79.06 @ ep 59)  [3.7s]
  ep  83: loss=0.3054  test_acc=77.48%  (best 79.06 @ ep 59)  [3.7s]
  ep  84: loss=0.2841  test_acc=78.29%  (best 79.06 @ ep 59)  [3.7s]
  ep  85: loss=0.2740  test_acc=78.42%  (best 79.06 @ ep 59)  [3.7s]
  ep  86: loss=0.2586  test_acc=78.37%  (best 79.06 @ ep 59)  [3.6s]
  ep  87: loss=0.2483  test_acc=78.39%  (best 79.06 @ ep 59)  [3.6s]
  ep  88: loss=0.2267  test_acc=78.57%  (best 79.06 @ ep 59)  [3.5s]
  ep  89: loss=0.2164  test_acc=78.16%  (best 79.06 @ ep 59)  [3.5s]
  ep  90: loss=0.2033  test_acc=78.32%  (best 79.06 @ ep 59)  [3.9s]
  ep  91: loss=0.1880  test_acc=78.33%  (best 79.06 @ ep 59)  [3.9s]
  ep  92: loss=0.1816  test_acc=78.29%  (best 79.06 @ ep 59)  [6.5s]
  ep  93: loss=0.1808  test_acc=78.59%  (best 79.06 @ ep 59)  [8.2s]
  ep  94: loss=0.1761  test_acc=78.38%  (best 79.06 @ ep 59)  [8.1s]
  ep  95: loss=0.1674  test_acc=78.49%  (best 79.06 @ ep 59)  [8.2s]
  ep  96: loss=0.1658  test_acc=78.32%  (best 79.06 @ ep 59)  [8.3s]
  ep  97: loss=0.1603  test_acc=78.45%  (best 79.06 @ ep 59)  [11.1s]
  ep  98: loss=0.1571  test_acc=78.52%  (best 79.06 @ ep 59)  [10.3s]
  ep  99: loss=0.1648  test_acc=78.43%  (best 79.06 @ ep 59)  [5.4s]  [logged per-sample loss: mean=0.123]

saved /path/to/ciln-workspace/journal_edition/robustness_transfer/results_v4/erm/ours_v2_clean__snow_sev3__seed1.json: best 79.06% @ ep 59
