condition=ours_v2_clean__gaussian_noise_sev1 seed=1 gpu=1
/path/to/ciln-workspace/venv/lib/python3.12/site-packages/torchvision/datasets/cifar.py:83: VisibleDeprecationWarning: dtype(): align should be passed as Python or NumPy boolean but got `align=0`. Did you mean to pass a tuple to create a subarray type? (Deprecated NumPy 2.4)
  entry = pickle.load(f, encoding="latin1")
image_source=clean  N=22500  noise_rate=21.27%
  ep   0: R(t)=1.000  acc1=33.79%  acc2=34.58%  ens=34.19%  (best 34.19 @ ep 0)  [7.7s]
  ep   1: R(t)=0.933  acc1=43.80%  acc2=41.34%  ens=42.57%  (best 42.57 @ ep 1)  [6.7s]
  ep   2: R(t)=0.905  acc1=49.46%  acc2=43.39%  ens=46.42%  (best 46.42 @ ep 2)  [6.4s]
  ep   3: R(t)=0.883  acc1=49.73%  acc2=46.73%  ens=48.23%  (best 48.23 @ ep 3)  [6.3s]
  ep   4: R(t)=0.865  acc1=51.16%  acc2=53.19%  ens=52.18%  (best 52.18 @ ep 4)  [6.5s]
  ep   5: R(t)=0.850  acc1=56.75%  acc2=55.85%  ens=56.30%  (best 56.30 @ ep 5)  [10.0s]  [sel1+2: prec=0.826, recall_clean=0.927]
  ep   6: R(t)=0.835  acc1=51.32%  acc2=57.65%  ens=54.49%  (best 56.30 @ ep 5)  [10.2s]
  ep   7: R(t)=0.822  acc1=60.38%  acc2=60.30%  ens=60.34%  (best 60.34 @ ep 7)  [18.1s]
  ep   8: R(t)=0.810  acc1=63.93%  acc2=64.67%  ens=64.30%  (best 64.30 @ ep 8)  [17.1s]
  ep   9: R(t)=0.798  acc1=61.27%  acc2=49.20%  ens=55.23%  (best 64.30 @ ep 8)  [18.3s]
  ep  10: R(t)=0.787  acc1=56.67%  acc2=62.30%  ens=59.48%  (best 64.30 @ ep 8)  [24.2s]  [sel1+2: prec=0.854, recall_clean=0.902]
  ep  11: R(t)=0.787  acc1=63.13%  acc2=62.99%  ens=63.06%  (best 64.30 @ ep 8)  [16.7s]
  ep  12: R(t)=0.787  acc1=64.19%  acc2=65.89%  ens=65.04%  (best 65.04 @ ep 12)  [15.7s]
  ep  13: R(t)=0.787  acc1=63.79%  acc2=68.92%  ens=66.36%  (best 66.36 @ ep 13)  [6.5s]
  ep  14: R(t)=0.787  acc1=62.82%  acc2=62.08%  ens=62.45%  (best 66.36 @ ep 13)  [6.5s]
  ep  15: R(t)=0.787  acc1=62.43%  acc2=59.35%  ens=60.89%  (best 66.36 @ ep 13)  [6.4s]
  ep  16: R(t)=0.787  acc1=60.25%  acc2=68.66%  ens=64.45%  (best 66.36 @ ep 13)  [6.4s]
  ep  17: R(t)=0.787  acc1=62.70%  acc2=65.56%  ens=64.13%  (best 66.36 @ ep 13)  [6.4s]
  ep  18: R(t)=0.787  acc1=64.00%  acc2=69.29%  ens=66.64%  (best 66.64 @ ep 18)  [6.7s]
  ep  19: R(t)=0.787  acc1=64.97%  acc2=69.16%  ens=67.06%  (best 67.06 @ ep 19)  [6.5s]
  ep  20: R(t)=0.787  acc1=72.92%  acc2=67.18%  ens=70.05%  (best 70.05 @ ep 20)  [10.1s]  [sel1+2: prec=0.871, recall_clean=0.922]
  ep  21: R(t)=0.787  acc1=71.47%  acc2=67.17%  ens=69.32%  (best 70.05 @ ep 20)  [9.1s]
  ep  22: R(t)=0.787  acc1=63.94%  acc2=65.10%  ens=64.52%  (best 70.05 @ ep 20)  [17.3s]
  ep  23: R(t)=0.787  acc1=60.63%  acc2=67.92%  ens=64.27%  (best 70.05 @ ep 20)  [18.1s]
  ep  24: R(t)=0.787  acc1=62.32%  acc2=62.49%  ens=62.41%  (best 70.05 @ ep 20)  [10.3s]
  ep  25: R(t)=0.787  acc1=69.83%  acc2=70.45%  ens=70.14%  (best 70.14 @ ep 25)  [6.5s]
  ep  26: R(t)=0.787  acc1=67.98%  acc2=65.04%  ens=66.51%  (best 70.14 @ ep 25)  [6.5s]
  ep  27: R(t)=0.787  acc1=63.86%  acc2=64.67%  ens=64.27%  (best 70.14 @ ep 25)  [6.8s]
  ep  28: R(t)=0.787  acc1=64.17%  acc2=70.43%  ens=67.30%  (best 70.14 @ ep 25)  [6.4s]
  ep  29: R(t)=0.787  acc1=65.37%  acc2=66.33%  ens=65.85%  (best 70.14 @ ep 25)  [6.3s]
  ep  30: R(t)=0.787  acc1=73.03%  acc2=67.56%  ens=70.30%  (best 70.30 @ ep 30)  [10.0s]  [sel1+2: prec=0.878, recall_clean=0.925]
  ep  31: R(t)=0.787  acc1=71.83%  acc2=71.57%  ens=71.70%  (best 71.70 @ ep 31)  [6.2s]
  ep  32: R(t)=0.787  acc1=68.79%  acc2=64.21%  ens=66.50%  (best 71.70 @ ep 31)  [6.2s]
  ep  33: R(t)=0.787  acc1=67.15%  acc2=67.31%  ens=67.23%  (best 71.70 @ ep 31)  [9.7s]
  ep  34: R(t)=0.787  acc1=73.89%  acc2=71.50%  ens=72.69%  (best 72.69 @ ep 34)  [19.6s]
  ep  35: R(t)=0.787  acc1=68.17%  acc2=68.14%  ens=68.16%  (best 72.69 @ ep 34)  [18.6s]
  ep  36: R(t)=0.787  acc1=71.93%  acc2=69.55%  ens=70.74%  (best 72.69 @ ep 34)  [18.9s]
  ep  37: R(t)=0.787  acc1=67.33%  acc2=74.18%  ens=70.75%  (best 72.69 @ ep 34)  [18.7s]
  ep  38: R(t)=0.787  acc1=74.03%  acc2=71.90%  ens=72.96%  (best 72.96 @ ep 38)  [20.4s]
  ep  39: R(t)=0.787  acc1=74.99%  acc2=75.28%  ens=75.13%  (best 75.13 @ ep 39)  [20.4s]
  ep  40: R(t)=0.787  acc1=73.44%  acc2=72.73%  ens=73.08%  (best 75.13 @ ep 39)  [14.5s]
  ep  41: R(t)=0.787  acc1=74.19%  acc2=74.64%  ens=74.41%  (best 75.13 @ ep 39)  [6.3s]
  ep  42: R(t)=0.787  acc1=67.73%  acc2=71.77%  ens=69.75%  (best 75.13 @ ep 39)  [6.6s]
  ep  43: R(t)=0.787  acc1=76.54%  acc2=74.76%  ens=75.65%  (best 75.65 @ ep 43)  [6.4s]
  ep  44: R(t)=0.787  acc1=70.36%  acc2=73.13%  ens=71.74%  (best 75.65 @ ep 43)  [6.6s]
  ep  45: R(t)=0.787  acc1=73.10%  acc2=72.14%  ens=72.62%  (best 75.65 @ ep 43)  [6.5s]
  ep  46: R(t)=0.787  acc1=69.10%  acc2=74.22%  ens=71.66%  (best 75.65 @ ep 43)  [6.5s]
  ep  47: R(t)=0.787  acc1=74.59%  acc2=76.60%  ens=75.59%  (best 75.65 @ ep 43)  [6.4s]
  ep  48: R(t)=0.787  acc1=73.54%  acc2=73.10%  ens=73.32%  (best 75.65 @ ep 43)  [6.4s]
  ep  49: R(t)=0.787  acc1=75.31%  acc2=75.54%  ens=75.42%  (best 75.65 @ ep 43)  [6.5s]
  ep  50: R(t)=0.787  acc1=76.44%  acc2=76.26%  ens=76.35%  (best 76.35 @ ep 50)  [26.1s]  [sel1+2: prec=0.884, recall_clean=0.929]
  ep  51: R(t)=0.787  acc1=75.16%  acc2=75.04%  ens=75.10%  (best 76.35 @ ep 50)  [19.1s]
  ep  52: R(t)=0.787  acc1=76.32%  acc2=76.45%  ens=76.38%  (best 76.38 @ ep 52)  [19.4s]
  ep  53: R(t)=0.787  acc1=74.14%  acc2=74.19%  ens=74.16%  (best 76.38 @ ep 52)  [18.7s]
  ep  54: R(t)=0.787  acc1=75.60%  acc2=77.27%  ens=76.44%  (best 76.44 @ ep 54)  [18.8s]
  ep  55: R(t)=0.787  acc1=74.84%  acc2=74.28%  ens=74.56%  (best 76.44 @ ep 54)  [20.8s]
  ep  56: R(t)=0.787  acc1=74.02%  acc2=78.51%  ens=76.27%  (best 76.44 @ ep 54)  [20.6s]
  ep  57: R(t)=0.787  acc1=74.59%  acc2=77.24%  ens=75.91%  (best 76.44 @ ep 54)  [20.4s]
  ep  58: R(t)=0.787  acc1=76.46%  acc2=75.22%  ens=75.84%  (best 76.44 @ ep 54)  [23.2s]
  ep  59: R(t)=0.787  acc1=76.64%  acc2=76.05%  ens=76.34%  (best 76.44 @ ep 54)  [22.8s]
  ep  60: R(t)=0.787  acc1=77.12%  acc2=77.69%  ens=77.41%  (best 77.41 @ ep 60)  [21.0s]
  ep  61: R(t)=0.787  acc1=76.27%  acc2=77.00%  ens=76.64%  (best 77.41 @ ep 60)  [22.4s]
  ep  62: R(t)=0.787  acc1=76.36%  acc2=77.71%  ens=77.03%  (best 77.41 @ ep 60)  [20.0s]
  ep  63: R(t)=0.787  acc1=75.50%  acc2=77.62%  ens=76.56%  (best 77.41 @ ep 60)  [19.7s]
  ep  64: R(t)=0.787  acc1=76.51%  acc2=76.49%  ens=76.50%  (best 77.41 @ ep 60)  [17.3s]
  ep  65: R(t)=0.787  acc1=76.82%  acc2=76.61%  ens=76.72%  (best 77.41 @ ep 60)  [6.3s]
  ep  66: R(t)=0.787  acc1=79.20%  acc2=79.35%  ens=79.28%  (best 79.28 @ ep 66)  [6.7s]
  ep  67: R(t)=0.787  acc1=78.56%  acc2=77.83%  ens=78.19%  (best 79.28 @ ep 66)  [6.3s]
  ep  68: R(t)=0.787  acc1=79.00%  acc2=78.65%  ens=78.83%  (best 79.28 @ ep 66)  [6.3s]
  ep  69: R(t)=0.787  acc1=77.38%  acc2=79.14%  ens=78.26%  (best 79.28 @ ep 66)  [6.5s]
  ep  70: R(t)=0.787  acc1=76.66%  acc2=79.44%  ens=78.05%  (best 79.28 @ ep 66)  [6.5s]
  ep  71: R(t)=0.787  acc1=79.34%  acc2=77.92%  ens=78.63%  (best 79.28 @ ep 66)  [6.3s]
  ep  72: R(t)=0.787  acc1=76.24%  acc2=78.43%  ens=77.33%  (best 79.28 @ ep 66)  [6.4s]
  ep  73: R(t)=0.787  acc1=80.25%  acc2=81.84%  ens=81.05%  (best 81.05 @ ep 73)  [6.7s]
  ep  74: R(t)=0.787  acc1=79.73%  acc2=79.77%  ens=79.75%  (best 81.05 @ ep 73)  [14.3s]
  ep  75: R(t)=0.787  acc1=79.44%  acc2=79.34%  ens=79.39%  (best 81.05 @ ep 73)  [28.8s]  [sel1+2: prec=0.899, recall_clean=0.934]
  ep  76: R(t)=0.787  acc1=78.79%  acc2=79.94%  ens=79.36%  (best 81.05 @ ep 73)  [18.6s]
  ep  77: R(t)=0.787  acc1=79.45%  acc2=79.75%  ens=79.60%  (best 81.05 @ ep 73)  [19.7s]
  ep  78: R(t)=0.787  acc1=81.15%  acc2=81.36%  ens=81.25%  (best 81.25 @ ep 78)  [6.7s]
  ep  79: R(t)=0.787  acc1=81.26%  acc2=80.59%  ens=80.92%  (best 81.25 @ ep 78)  [6.7s]
  ep  80: R(t)=0.787  acc1=80.98%  acc2=80.16%  ens=80.57%  (best 81.25 @ ep 78)  [6.6s]
  ep  81: R(t)=0.787  acc1=80.24%  acc2=81.33%  ens=80.78%  (best 81.25 @ ep 78)  [6.6s]
  ep  82: R(t)=0.787  acc1=80.88%  acc2=80.63%  ens=80.75%  (best 81.25 @ ep 78)  [6.4s]
  ep  83: R(t)=0.787  acc1=81.28%  acc2=82.06%  ens=81.67%  (best 81.67 @ ep 83)  [6.6s]
  ep  84: R(t)=0.787  acc1=81.17%  acc2=81.84%  ens=81.51%  (best 81.67 @ ep 83)  [6.6s]
  ep  85: R(t)=0.787  acc1=80.64%  acc2=81.61%  ens=81.12%  (best 81.67 @ ep 83)  [6.4s]
  ep  86: R(t)=0.787  acc1=81.67%  acc2=81.63%  ens=81.65%  (best 81.67 @ ep 83)  [6.5s]
  ep  87: R(t)=0.787  acc1=82.38%  acc2=82.21%  ens=82.30%  (best 82.30 @ ep 87)  [7.4s]
  ep  88: R(t)=0.787  acc1=81.32%  acc2=82.14%  ens=81.73%  (best 82.30 @ ep 87)  [17.1s]
  ep  89: R(t)=0.787  acc1=82.11%  acc2=82.39%  ens=82.25%  (best 82.30 @ ep 87)  [17.1s]
  ep  90: R(t)=0.787  acc1=81.56%  acc2=81.82%  ens=81.69%  (best 82.30 @ ep 87)  [16.6s]
  ep  91: R(t)=0.787  acc1=82.07%  acc2=82.05%  ens=82.06%  (best 82.30 @ ep 87)  [18.0s]
  ep  92: R(t)=0.787  acc1=81.89%  acc2=82.18%  ens=82.03%  (best 82.30 @ ep 87)  [16.9s]
  ep  93: R(t)=0.787  acc1=81.72%  acc2=82.24%  ens=81.98%  (best 82.30 @ ep 87)  [16.8s]
  ep  94: R(t)=0.787  acc1=81.90%  acc2=82.18%  ens=82.04%  (best 82.30 @ ep 87)  [18.6s]
  ep  95: R(t)=0.787  acc1=82.14%  acc2=81.95%  ens=82.05%  (best 82.30 @ ep 87)  [18.9s]
  ep  96: R(t)=0.787  acc1=82.08%  acc2=82.19%  ens=82.14%  (best 82.30 @ ep 87)  [17.7s]
  ep  97: R(t)=0.787  acc1=82.26%  acc2=82.40%  ens=82.33%  (best 82.33 @ ep 97)  [17.3s]
  ep  98: R(t)=0.787  acc1=81.75%  acc2=81.99%  ens=81.87%  (best 82.33 @ ep 97)  [16.8s]
  ep  99: R(t)=0.787  acc1=81.72%  acc2=82.05%  ens=81.89%  (best 82.33 @ ep 97)  [21.9s]  [sel1+2: prec=0.908, recall_clean=0.933]

saved /path/to/ciln-workspace/journal_edition/robustness_transfer/results_v4/coteaching/ours_v2_clean__gaussian_noise_sev1__seed1.json: best ens-acc 82.33% @ ep 97
