condition=ours_v2_clean__elastic_transform_sev3 seed=2 gpu=1
/path/to/ciln-workspace/venv/lib/python3.12/site-packages/torchvision/datasets/cifar.py:83: VisibleDeprecationWarning: dtype(): align should be passed as Python or NumPy boolean but got `align=0`. Did you mean to pass a tuple to create a subarray type? (Deprecated NumPy 2.4)
  entry = pickle.load(f, encoding="latin1")
image_source=clean  N=22500  noise_rate=17.52%
  ep   0: R(t)=1.000  acc1=37.04%  acc2=35.66%  ens=36.35%  (best 36.35 @ ep 0)  [7.7s]
  ep   1: R(t)=0.945  acc1=48.09%  acc2=40.93%  ens=44.51%  (best 44.51 @ ep 1)  [6.5s]
  ep   2: R(t)=0.922  acc1=52.41%  acc2=44.33%  ens=48.37%  (best 48.37 @ ep 2)  [6.8s]
  ep   3: R(t)=0.904  acc1=48.89%  acc2=50.06%  ens=49.48%  (best 49.48 @ ep 3)  [6.6s]
  ep   4: R(t)=0.889  acc1=50.35%  acc2=60.17%  ens=55.26%  (best 55.26 @ ep 4)  [6.4s]
  ep   5: R(t)=0.876  acc1=56.92%  acc2=61.08%  ens=59.00%  (best 59.00 @ ep 5)  [12.0s]  [sel1+2: prec=0.857, recall_clean=0.941]
  ep   6: R(t)=0.864  acc1=57.95%  acc2=53.41%  ens=55.68%  (best 59.00 @ ep 5)  [19.9s]
  ep   7: R(t)=0.853  acc1=62.95%  acc2=57.48%  ens=60.21%  (best 60.21 @ ep 7)  [21.2s]
  ep   8: R(t)=0.843  acc1=60.49%  acc2=59.79%  ens=60.14%  (best 60.21 @ ep 7)  [19.4s]
  ep   9: R(t)=0.834  acc1=59.20%  acc2=53.80%  ens=56.50%  (best 60.21 @ ep 7)  [19.9s]
  ep  10: R(t)=0.825  acc1=63.91%  acc2=64.45%  ens=64.18%  (best 64.18 @ ep 10)  [29.6s]  [sel1+2: prec=0.881, recall_clean=0.927]
  ep  11: R(t)=0.825  acc1=64.42%  acc2=69.92%  ens=67.17%  (best 67.17 @ ep 11)  [19.1s]
  ep  12: R(t)=0.825  acc1=62.02%  acc2=67.27%  ens=64.64%  (best 67.17 @ ep 11)  [18.9s]
  ep  13: R(t)=0.825  acc1=64.51%  acc2=71.26%  ens=67.88%  (best 67.88 @ ep 13)  [19.3s]
  ep  14: R(t)=0.825  acc1=69.90%  acc2=65.98%  ens=67.94%  (best 67.94 @ ep 14)  [19.4s]
  ep  15: R(t)=0.825  acc1=64.49%  acc2=67.92%  ens=66.20%  (best 67.94 @ ep 14)  [20.0s]
  ep  16: R(t)=0.825  acc1=67.31%  acc2=72.34%  ens=69.83%  (best 69.83 @ ep 16)  [21.9s]
  ep  17: R(t)=0.825  acc1=68.90%  acc2=65.99%  ens=67.44%  (best 69.83 @ ep 16)  [20.1s]
  ep  18: R(t)=0.825  acc1=62.42%  acc2=70.68%  ens=66.55%  (best 69.83 @ ep 16)  [20.7s]
  ep  19: R(t)=0.825  acc1=69.31%  acc2=72.29%  ens=70.80%  (best 70.80 @ ep 19)  [20.4s]
  ep  20: R(t)=0.825  acc1=65.82%  acc2=67.60%  ens=66.71%  (best 70.80 @ ep 19)  [30.6s]  [sel1+2: prec=0.891, recall_clean=0.937]
  ep  21: R(t)=0.825  acc1=67.91%  acc2=69.78%  ens=68.84%  (best 70.80 @ ep 19)  [18.9s]
  ep  22: R(t)=0.825  acc1=69.84%  acc2=66.43%  ens=68.14%  (best 70.80 @ ep 19)  [22.2s]
  ep  23: R(t)=0.825  acc1=67.00%  acc2=74.73%  ens=70.86%  (best 70.86 @ ep 23)  [23.6s]
  ep  24: R(t)=0.825  acc1=68.64%  acc2=72.10%  ens=70.37%  (best 70.86 @ ep 23)  [22.2s]
  ep  25: R(t)=0.825  acc1=70.74%  acc2=72.18%  ens=71.46%  (best 71.46 @ ep 25)  [21.3s]
  ep  26: R(t)=0.825  acc1=71.30%  acc2=70.99%  ens=71.14%  (best 71.46 @ ep 25)  [19.8s]
  ep  27: R(t)=0.825  acc1=71.67%  acc2=70.43%  ens=71.05%  (best 71.46 @ ep 25)  [21.0s]
  ep  28: R(t)=0.825  acc1=66.96%  acc2=71.05%  ens=69.01%  (best 71.46 @ ep 25)  [18.5s]
  ep  29: R(t)=0.825  acc1=72.70%  acc2=71.89%  ens=72.30%  (best 72.30 @ ep 29)  [18.7s]
  ep  30: R(t)=0.825  acc1=62.83%  acc2=65.35%  ens=64.09%  (best 72.30 @ ep 29)  [29.3s]  [sel1+2: prec=0.897, recall_clean=0.941]
  ep  31: R(t)=0.825  acc1=72.53%  acc2=71.46%  ens=72.00%  (best 72.30 @ ep 29)  [22.3s]
  ep  32: R(t)=0.825  acc1=72.67%  acc2=72.35%  ens=72.51%  (best 72.51 @ ep 32)  [20.3s]
  ep  33: R(t)=0.825  acc1=72.26%  acc2=73.74%  ens=73.00%  (best 73.00 @ ep 33)  [20.2s]
  ep  34: R(t)=0.825  acc1=66.10%  acc2=74.79%  ens=70.45%  (best 73.00 @ ep 33)  [19.9s]
  ep  35: R(t)=0.825  acc1=72.98%  acc2=74.64%  ens=73.81%  (best 73.81 @ ep 35)  [15.9s]
  ep  36: R(t)=0.825  acc1=63.96%  acc2=66.55%  ens=65.25%  (best 73.81 @ ep 35)  [6.3s]
  ep  37: R(t)=0.825  acc1=73.99%  acc2=74.12%  ens=74.06%  (best 74.06 @ ep 37)  [6.5s]
  ep  38: R(t)=0.825  acc1=70.84%  acc2=71.76%  ens=71.30%  (best 74.06 @ ep 37)  [6.7s]
  ep  39: R(t)=0.825  acc1=73.76%  acc2=73.76%  ens=73.76%  (best 74.06 @ ep 37)  [6.3s]
  ep  40: R(t)=0.825  acc1=73.02%  acc2=75.64%  ens=74.33%  (best 74.33 @ ep 40)  [6.4s]
  ep  41: R(t)=0.825  acc1=73.58%  acc2=75.83%  ens=74.70%  (best 74.70 @ ep 41)  [6.7s]
  ep  42: R(t)=0.825  acc1=68.63%  acc2=69.93%  ens=69.28%  (best 74.70 @ ep 41)  [6.5s]
  ep  43: R(t)=0.825  acc1=73.94%  acc2=71.78%  ens=72.86%  (best 74.70 @ ep 41)  [6.6s]
  ep  44: R(t)=0.825  acc1=76.04%  acc2=76.48%  ens=76.26%  (best 76.26 @ ep 44)  [6.4s]
  ep  45: R(t)=0.825  acc1=72.31%  acc2=75.39%  ens=73.85%  (best 76.26 @ ep 44)  [18.0s]
  ep  46: R(t)=0.825  acc1=73.11%  acc2=78.38%  ens=75.74%  (best 76.26 @ ep 44)  [20.3s]
  ep  47: R(t)=0.825  acc1=77.11%  acc2=76.98%  ens=77.05%  (best 77.05 @ ep 47)  [17.0s]
  ep  48: R(t)=0.825  acc1=75.54%  acc2=76.79%  ens=76.16%  (best 77.05 @ ep 47)  [6.8s]
  ep  49: R(t)=0.825  acc1=76.16%  acc2=76.96%  ens=76.56%  (best 77.05 @ ep 47)  [6.5s]
  ep  50: R(t)=0.825  acc1=77.99%  acc2=68.38%  ens=73.19%  (best 77.05 @ ep 47)  [10.3s]  [sel1+2: prec=0.904, recall_clean=0.947]
  ep  51: R(t)=0.825  acc1=72.96%  acc2=75.50%  ens=74.23%  (best 77.05 @ ep 47)  [6.3s]
  ep  52: R(t)=0.825  acc1=72.30%  acc2=74.84%  ens=73.57%  (best 77.05 @ ep 47)  [6.3s]
  ep  53: R(t)=0.825  acc1=74.75%  acc2=77.48%  ens=76.11%  (best 77.05 @ ep 47)  [5.9s]
  ep  54: R(t)=0.825  acc1=77.78%  acc2=73.45%  ens=75.62%  (best 77.05 @ ep 47)  [6.4s]
  ep  55: R(t)=0.825  acc1=73.51%  acc2=75.01%  ens=74.26%  (best 77.05 @ ep 47)  [6.5s]
  ep  56: R(t)=0.825  acc1=78.01%  acc2=75.57%  ens=76.79%  (best 77.05 @ ep 47)  [9.8s]
  ep  57: R(t)=0.825  acc1=73.87%  acc2=76.28%  ens=75.08%  (best 77.05 @ ep 47)  [6.1s]
  ep  58: R(t)=0.825  acc1=76.39%  acc2=78.36%  ens=77.38%  (best 77.38 @ ep 58)  [6.4s]
  ep  59: R(t)=0.825  acc1=77.50%  acc2=78.08%  ens=77.79%  (best 77.79 @ ep 59)  [6.1s]
  ep  60: R(t)=0.825  acc1=77.76%  acc2=79.04%  ens=78.40%  (best 78.40 @ ep 60)  [6.3s]
  ep  61: R(t)=0.825  acc1=81.57%  acc2=79.90%  ens=80.73%  (best 80.73 @ ep 61)  [6.4s]
  ep  62: R(t)=0.825  acc1=76.68%  acc2=76.50%  ens=76.59%  (best 80.73 @ ep 61)  [6.5s]
  ep  63: R(t)=0.825  acc1=78.11%  acc2=78.89%  ens=78.50%  (best 80.73 @ ep 61)  [6.0s]
  ep  64: R(t)=0.825  acc1=78.69%  acc2=80.25%  ens=79.47%  (best 80.73 @ ep 61)  [6.3s]
  ep  65: R(t)=0.825  acc1=80.20%  acc2=78.05%  ens=79.12%  (best 80.73 @ ep 61)  [6.5s]
  ep  66: R(t)=0.825  acc1=81.23%  acc2=80.87%  ens=81.05%  (best 81.05 @ ep 66)  [7.3s]
  ep  67: R(t)=0.825  acc1=79.64%  acc2=80.40%  ens=80.02%  (best 81.05 @ ep 66)  [6.5s]
  ep  68: R(t)=0.825  acc1=78.52%  acc2=78.76%  ens=78.64%  (best 81.05 @ ep 66)  [6.6s]
  ep  69: R(t)=0.825  acc1=77.82%  acc2=79.24%  ens=78.53%  (best 81.05 @ ep 66)  [6.9s]
  ep  70: R(t)=0.825  acc1=79.70%  acc2=79.22%  ens=79.46%  (best 81.05 @ ep 66)  [6.4s]
  ep  71: R(t)=0.825  acc1=79.88%  acc2=79.31%  ens=79.59%  (best 81.05 @ ep 66)  [6.6s]
  ep  72: R(t)=0.825  acc1=79.11%  acc2=81.57%  ens=80.34%  (best 81.05 @ ep 66)  [6.7s]
  ep  73: R(t)=0.825  acc1=81.45%  acc2=80.08%  ens=80.77%  (best 81.05 @ ep 66)  [6.4s]
  ep  74: R(t)=0.825  acc1=81.57%  acc2=82.41%  ens=81.99%  (best 81.99 @ ep 74)  [6.5s]
  ep  75: R(t)=0.825  acc1=81.32%  acc2=81.46%  ens=81.39%  (best 81.99 @ ep 74)  [18.3s]  [sel1+2: prec=0.914, recall_clean=0.951]
  ep  76: R(t)=0.825  acc1=82.61%  acc2=81.88%  ens=82.24%  (best 82.24 @ ep 76)  [18.2s]
  ep  77: R(t)=0.825  acc1=82.85%  acc2=81.77%  ens=82.31%  (best 82.31 @ ep 77)  [21.1s]
  ep  78: R(t)=0.825  acc1=82.76%  acc2=83.16%  ens=82.96%  (best 82.96 @ ep 78)  [19.1s]
  ep  79: R(t)=0.825  acc1=82.14%  acc2=81.76%  ens=81.95%  (best 82.96 @ ep 78)  [22.0s]
  ep  80: R(t)=0.825  acc1=82.40%  acc2=82.76%  ens=82.58%  (best 82.96 @ ep 78)  [19.8s]
  ep  81: R(t)=0.825  acc1=82.25%  acc2=82.75%  ens=82.50%  (best 82.96 @ ep 78)  [19.8s]
  ep  82: R(t)=0.825  acc1=82.75%  acc2=82.49%  ens=82.62%  (best 82.96 @ ep 78)  [19.3s]
  ep  83: R(t)=0.825  acc1=83.38%  acc2=83.24%  ens=83.31%  (best 83.31 @ ep 83)  [21.3s]
  ep  84: R(t)=0.825  acc1=82.58%  acc2=83.22%  ens=82.90%  (best 83.31 @ ep 83)  [22.9s]
  ep  85: R(t)=0.825  acc1=82.81%  acc2=83.00%  ens=82.91%  (best 83.31 @ ep 83)  [22.1s]
  ep  86: R(t)=0.825  acc1=82.94%  acc2=83.20%  ens=83.07%  (best 83.31 @ ep 83)  [20.4s]
  ep  87: R(t)=0.825  acc1=83.05%  acc2=83.15%  ens=83.10%  (best 83.31 @ ep 83)  [18.8s]
  ep  88: R(t)=0.825  acc1=82.92%  acc2=82.85%  ens=82.89%  (best 83.31 @ ep 83)  [19.0s]
  ep  89: R(t)=0.825  acc1=82.92%  acc2=82.96%  ens=82.94%  (best 83.31 @ ep 83)  [22.9s]
  ep  90: R(t)=0.825  acc1=83.48%  acc2=83.88%  ens=83.68%  (best 83.68 @ ep 90)  [20.6s]
  ep  91: R(t)=0.825  acc1=83.50%  acc2=83.63%  ens=83.56%  (best 83.68 @ ep 90)  [21.3s]
  ep  92: R(t)=0.825  acc1=83.36%  acc2=83.58%  ens=83.47%  (best 83.68 @ ep 90)  [20.9s]
  ep  93: R(t)=0.825  acc1=83.73%  acc2=83.76%  ens=83.75%  (best 83.75 @ ep 93)  [14.4s]
  ep  94: R(t)=0.825  acc1=83.52%  acc2=83.36%  ens=83.44%  (best 83.75 @ ep 93)  [6.6s]
  ep  95: R(t)=0.825  acc1=83.71%  acc2=83.71%  ens=83.71%  (best 83.75 @ ep 93)  [6.5s]
  ep  96: R(t)=0.825  acc1=83.41%  acc2=83.47%  ens=83.44%  (best 83.75 @ ep 93)  [6.5s]
  ep  97: R(t)=0.825  acc1=83.60%  acc2=83.58%  ens=83.59%  (best 83.75 @ ep 93)  [6.4s]
  ep  98: R(t)=0.825  acc1=83.75%  acc2=83.64%  ens=83.70%  (best 83.75 @ ep 93)  [6.3s]
  ep  99: R(t)=0.825  acc1=83.37%  acc2=83.39%  ens=83.38%  (best 83.75 @ ep 93)  [10.3s]  [sel1+2: prec=0.919, recall_clean=0.944]

saved /path/to/ciln-workspace/journal_edition/robustness_transfer/results_v4/coteaching/ours_v2_clean__elastic_transform_sev3__seed2.json: best ens-acc 83.75% @ ep 93
