condition=ours_v2_noisy__pixelate_sev1 seed=1 gpu=2
/path/to/ciln-workspace/venv/lib/python3.12/site-packages/torchvision/datasets/cifar.py:83: VisibleDeprecationWarning: dtype(): align should be passed as Python or NumPy boolean but got `align=0`. Did you mean to pass a tuple to create a subarray type? (Deprecated NumPy 2.4)
  entry = pickle.load(f, encoding="latin1")
image_source=noisy  N=22500  noise_rate=11.68%
  ep   0: R(t)=1.000  acc1=36.47%  acc2=32.14%  ens=34.30%  (best 34.30 @ ep 0)  [7.6s]
  ep   1: R(t)=0.963  acc1=35.28%  acc2=39.32%  ens=37.30%  (best 37.30 @ ep 1)  [6.4s]
  ep   2: R(t)=0.948  acc1=45.78%  acc2=45.71%  ens=45.75%  (best 45.75 @ ep 2)  [6.6s]
  ep   3: R(t)=0.936  acc1=52.52%  acc2=47.63%  ens=50.08%  (best 50.08 @ ep 3)  [6.9s]
  ep   4: R(t)=0.926  acc1=57.14%  acc2=58.66%  ens=57.90%  (best 57.90 @ ep 4)  [6.4s]
  ep   5: R(t)=0.917  acc1=57.36%  acc2=53.95%  ens=55.66%  (best 57.90 @ ep 4)  [10.1s]  [sel1+2: prec=0.902, recall_clean=0.961]
  ep   6: R(t)=0.910  acc1=46.04%  acc2=61.10%  ens=53.57%  (best 57.90 @ ep 4)  [6.9s]
  ep   7: R(t)=0.902  acc1=61.11%  acc2=63.03%  ens=62.07%  (best 62.07 @ ep 7)  [18.1s]
  ep   8: R(t)=0.896  acc1=65.66%  acc2=63.86%  ens=64.76%  (best 64.76 @ ep 8)  [17.8s]
  ep   9: R(t)=0.889  acc1=53.87%  acc2=63.85%  ens=58.86%  (best 64.76 @ ep 8)  [18.0s]
  ep  10: R(t)=0.883  acc1=66.22%  acc2=67.47%  ens=66.84%  (best 66.84 @ ep 10)  [23.6s]  [sel1+2: prec=0.912, recall_clean=0.945]
  ep  11: R(t)=0.883  acc1=67.61%  acc2=63.02%  ens=65.31%  (best 66.84 @ ep 10)  [18.3s]
  ep  12: R(t)=0.883  acc1=64.69%  acc2=63.41%  ens=64.05%  (best 66.84 @ ep 10)  [17.9s]
  ep  13: R(t)=0.883  acc1=68.89%  acc2=68.33%  ens=68.61%  (best 68.61 @ ep 13)  [17.1s]
  ep  14: R(t)=0.883  acc1=72.71%  acc2=67.10%  ens=69.91%  (best 69.91 @ ep 14)  [16.5s]
  ep  15: R(t)=0.883  acc1=70.38%  acc2=69.76%  ens=70.07%  (best 70.07 @ ep 15)  [18.1s]
  ep  16: R(t)=0.883  acc1=66.15%  acc2=69.56%  ens=67.86%  (best 70.07 @ ep 15)  [17.8s]
  ep  17: R(t)=0.883  acc1=67.72%  acc2=66.94%  ens=67.33%  (best 70.07 @ ep 15)  [19.5s]
  ep  18: R(t)=0.883  acc1=74.05%  acc2=72.85%  ens=73.45%  (best 73.45 @ ep 18)  [17.2s]
  ep  19: R(t)=0.883  acc1=75.62%  acc2=72.59%  ens=74.11%  (best 74.11 @ ep 19)  [18.3s]
  ep  20: R(t)=0.883  acc1=72.23%  acc2=66.66%  ens=69.45%  (best 74.11 @ ep 19)  [23.6s]  [sel1+2: prec=0.917, recall_clean=0.953]
  ep  21: R(t)=0.883  acc1=68.61%  acc2=74.62%  ens=71.62%  (best 74.11 @ ep 19)  [17.9s]
  ep  22: R(t)=0.883  acc1=68.18%  acc2=72.26%  ens=70.22%  (best 74.11 @ ep 19)  [13.1s]
  ep  23: R(t)=0.883  acc1=67.40%  acc2=71.33%  ens=69.37%  (best 74.11 @ ep 19)  [6.5s]
  ep  24: R(t)=0.883  acc1=70.88%  acc2=71.64%  ens=71.26%  (best 74.11 @ ep 19)  [6.2s]
  ep  25: R(t)=0.883  acc1=76.94%  acc2=74.09%  ens=75.52%  (best 75.52 @ ep 25)  [6.5s]
  ep  26: R(t)=0.883  acc1=74.84%  acc2=73.64%  ens=74.24%  (best 75.52 @ ep 25)  [6.8s]
  ep  27: R(t)=0.883  acc1=70.42%  acc2=72.33%  ens=71.38%  (best 75.52 @ ep 25)  [6.6s]
  ep  28: R(t)=0.883  acc1=73.62%  acc2=73.49%  ens=73.55%  (best 75.52 @ ep 25)  [6.4s]
  ep  29: R(t)=0.883  acc1=75.39%  acc2=74.32%  ens=74.86%  (best 75.52 @ ep 25)  [6.4s]
  ep  30: R(t)=0.883  acc1=74.24%  acc2=74.06%  ens=74.15%  (best 75.52 @ ep 25)  [10.0s]  [sel1+2: prec=0.922, recall_clean=0.955]
  ep  31: R(t)=0.883  acc1=74.78%  acc2=74.42%  ens=74.60%  (best 75.52 @ ep 25)  [13.3s]
  ep  32: R(t)=0.883  acc1=74.94%  acc2=76.61%  ens=75.77%  (best 75.77 @ ep 32)  [19.2s]
  ep  33: R(t)=0.883  acc1=76.10%  acc2=76.50%  ens=76.30%  (best 76.30 @ ep 33)  [18.2s]
  ep  34: R(t)=0.883  acc1=73.08%  acc2=74.25%  ens=73.67%  (best 76.30 @ ep 33)  [17.4s]
  ep  35: R(t)=0.883  acc1=63.57%  acc2=67.60%  ens=65.59%  (best 76.30 @ ep 33)  [18.3s]
  ep  36: R(t)=0.883  acc1=76.34%  acc2=77.22%  ens=76.78%  (best 76.78 @ ep 36)  [18.0s]
  ep  37: R(t)=0.883  acc1=76.71%  acc2=78.66%  ens=77.69%  (best 77.69 @ ep 37)  [18.8s]
  ep  38: R(t)=0.883  acc1=78.03%  acc2=75.38%  ens=76.70%  (best 77.69 @ ep 37)  [16.4s]
  ep  39: R(t)=0.883  acc1=76.80%  acc2=78.96%  ens=77.88%  (best 77.88 @ ep 39)  [17.5s]
  ep  40: R(t)=0.883  acc1=75.69%  acc2=76.69%  ens=76.19%  (best 77.88 @ ep 39)  [17.0s]
  ep  41: R(t)=0.883  acc1=73.92%  acc2=75.61%  ens=74.76%  (best 77.88 @ ep 39)  [18.6s]
  ep  42: R(t)=0.883  acc1=78.61%  acc2=76.37%  ens=77.49%  (best 77.88 @ ep 39)  [9.2s]
  ep  43: R(t)=0.883  acc1=72.59%  acc2=72.83%  ens=72.71%  (best 77.88 @ ep 39)  [6.8s]
  ep  44: R(t)=0.883  acc1=77.96%  acc2=76.61%  ens=77.28%  (best 77.88 @ ep 39)  [6.5s]
  ep  45: R(t)=0.883  acc1=71.32%  acc2=72.60%  ens=71.96%  (best 77.88 @ ep 39)  [6.5s]
  ep  46: R(t)=0.883  acc1=75.20%  acc2=78.28%  ens=76.74%  (best 77.88 @ ep 39)  [6.6s]
  ep  47: R(t)=0.883  acc1=77.63%  acc2=78.15%  ens=77.89%  (best 77.89 @ ep 47)  [6.4s]
  ep  48: R(t)=0.883  acc1=72.40%  acc2=74.76%  ens=73.58%  (best 77.89 @ ep 47)  [6.6s]
  ep  49: R(t)=0.883  acc1=76.22%  acc2=73.65%  ens=74.94%  (best 77.89 @ ep 47)  [6.6s]
  ep  50: R(t)=0.883  acc1=77.99%  acc2=78.19%  ens=78.09%  (best 78.09 @ ep 50)  [10.1s]  [sel1+2: prec=0.926, recall_clean=0.958]
  ep  51: R(t)=0.883  acc1=78.32%  acc2=78.99%  ens=78.66%  (best 78.66 @ ep 51)  [12.9s]
  ep  52: R(t)=0.883  acc1=78.28%  acc2=80.26%  ens=79.27%  (best 79.27 @ ep 52)  [18.0s]
  ep  53: R(t)=0.883  acc1=73.25%  acc2=76.54%  ens=74.89%  (best 79.27 @ ep 52)  [18.3s]
  ep  54: R(t)=0.883  acc1=77.87%  acc2=77.67%  ens=77.77%  (best 79.27 @ ep 52)  [18.4s]
  ep  55: R(t)=0.883  acc1=75.74%  acc2=80.81%  ens=78.28%  (best 79.27 @ ep 52)  [18.1s]
  ep  56: R(t)=0.883  acc1=81.19%  acc2=80.22%  ens=80.70%  (best 80.70 @ ep 56)  [17.3s]
  ep  57: R(t)=0.883  acc1=79.73%  acc2=81.46%  ens=80.59%  (best 80.70 @ ep 56)  [16.7s]
  ep  58: R(t)=0.883  acc1=78.77%  acc2=79.80%  ens=79.29%  (best 80.70 @ ep 56)  [18.9s]
  ep  59: R(t)=0.883  acc1=80.07%  acc2=79.40%  ens=79.73%  (best 80.70 @ ep 56)  [17.2s]
  ep  60: R(t)=0.883  acc1=79.31%  acc2=81.64%  ens=80.48%  (best 80.70 @ ep 56)  [18.1s]
  ep  61: R(t)=0.883  acc1=81.97%  acc2=81.82%  ens=81.90%  (best 81.90 @ ep 61)  [17.3s]
  ep  62: R(t)=0.883  acc1=77.10%  acc2=80.30%  ens=78.70%  (best 81.90 @ ep 61)  [17.0s]
  ep  63: R(t)=0.883  acc1=81.37%  acc2=77.66%  ens=79.52%  (best 81.90 @ ep 61)  [17.0s]
  ep  64: R(t)=0.883  acc1=80.00%  acc2=82.68%  ens=81.34%  (best 81.90 @ ep 61)  [17.5s]
  ep  65: R(t)=0.883  acc1=82.19%  acc2=83.14%  ens=82.67%  (best 82.67 @ ep 65)  [17.5s]
  ep  66: R(t)=0.883  acc1=82.46%  acc2=82.44%  ens=82.45%  (best 82.67 @ ep 65)  [17.9s]
  ep  67: R(t)=0.883  acc1=78.37%  acc2=81.80%  ens=80.08%  (best 82.67 @ ep 65)  [12.1s]
  ep  68: R(t)=0.883  acc1=82.51%  acc2=80.10%  ens=81.31%  (best 82.67 @ ep 65)  [6.5s]
  ep  69: R(t)=0.883  acc1=82.84%  acc2=81.91%  ens=82.38%  (best 82.67 @ ep 65)  [6.6s]
  ep  70: R(t)=0.883  acc1=82.85%  acc2=82.63%  ens=82.74%  (best 82.74 @ ep 70)  [6.6s]
  ep  71: R(t)=0.883  acc1=82.77%  acc2=83.03%  ens=82.90%  (best 82.90 @ ep 71)  [6.4s]
  ep  72: R(t)=0.883  acc1=83.80%  acc2=83.25%  ens=83.53%  (best 83.53 @ ep 72)  [6.3s]
  ep  73: R(t)=0.883  acc1=83.99%  acc2=84.13%  ens=84.06%  (best 84.06 @ ep 73)  [6.3s]
  ep  74: R(t)=0.883  acc1=83.75%  acc2=83.35%  ens=83.55%  (best 84.06 @ ep 73)  [6.4s]
  ep  75: R(t)=0.883  acc1=84.03%  acc2=82.73%  ens=83.38%  (best 84.06 @ ep 73)  [10.0s]  [sel1+2: prec=0.932, recall_clean=0.958]
  ep  76: R(t)=0.883  acc1=84.10%  acc2=84.20%  ens=84.15%  (best 84.15 @ ep 76)  [16.7s]
  ep  77: R(t)=0.883  acc1=84.57%  acc2=84.34%  ens=84.45%  (best 84.45 @ ep 77)  [18.7s]
  ep  78: R(t)=0.883  acc1=85.13%  acc2=84.25%  ens=84.69%  (best 84.69 @ ep 78)  [18.5s]
  ep  79: R(t)=0.883  acc1=84.45%  acc2=84.56%  ens=84.51%  (best 84.69 @ ep 78)  [16.3s]
  ep  80: R(t)=0.883  acc1=85.07%  acc2=85.18%  ens=85.12%  (best 85.12 @ ep 80)  [18.3s]
  ep  81: R(t)=0.883  acc1=85.16%  acc2=83.91%  ens=84.54%  (best 85.12 @ ep 80)  [6.8s]
  ep  82: R(t)=0.883  acc1=84.81%  acc2=85.01%  ens=84.91%  (best 85.12 @ ep 80)  [6.6s]
  ep  83: R(t)=0.883  acc1=85.07%  acc2=85.06%  ens=85.06%  (best 85.12 @ ep 80)  [6.5s]
  ep  84: R(t)=0.883  acc1=84.81%  acc2=84.97%  ens=84.89%  (best 85.12 @ ep 80)  [6.6s]
  ep  85: R(t)=0.883  acc1=85.60%  acc2=85.51%  ens=85.56%  (best 85.56 @ ep 85)  [6.7s]
  ep  86: R(t)=0.883  acc1=85.54%  acc2=85.16%  ens=85.35%  (best 85.56 @ ep 85)  [6.5s]
  ep  87: R(t)=0.883  acc1=85.80%  acc2=85.33%  ens=85.56%  (best 85.56 @ ep 87)  [6.5s]
  ep  88: R(t)=0.883  acc1=85.61%  acc2=85.22%  ens=85.41%  (best 85.56 @ ep 87)  [6.4s]
  ep  89: R(t)=0.883  acc1=85.89%  acc2=85.35%  ens=85.62%  (best 85.62 @ ep 89)  [6.3s]
  ep  90: R(t)=0.883  acc1=85.98%  acc2=85.59%  ens=85.78%  (best 85.78 @ ep 90)  [7.6s]
  ep  91: R(t)=0.883  acc1=86.15%  acc2=85.80%  ens=85.97%  (best 85.97 @ ep 91)  [14.9s]
  ep  92: R(t)=0.883  acc1=86.05%  acc2=85.59%  ens=85.82%  (best 85.97 @ ep 91)  [6.5s]
  ep  93: R(t)=0.883  acc1=85.82%  acc2=85.52%  ens=85.67%  (best 85.97 @ ep 91)  [6.5s]
  ep  94: R(t)=0.883  acc1=85.90%  acc2=85.55%  ens=85.73%  (best 85.97 @ ep 91)  [6.5s]
  ep  95: R(t)=0.883  acc1=85.85%  acc2=85.64%  ens=85.75%  (best 85.97 @ ep 91)  [6.6s]
  ep  96: R(t)=0.883  acc1=85.91%  acc2=85.72%  ens=85.81%  (best 85.97 @ ep 91)  [6.5s]
  ep  97: R(t)=0.883  acc1=85.97%  acc2=85.79%  ens=85.88%  (best 85.97 @ ep 91)  [6.6s]
  ep  98: R(t)=0.883  acc1=85.99%  acc2=85.47%  ens=85.73%  (best 85.97 @ ep 91)  [6.5s]
  ep  99: R(t)=0.883  acc1=86.03%  acc2=85.77%  ens=85.90%  (best 85.97 @ ep 91)  [10.3s]  [sel1+2: prec=0.935, recall_clean=0.954]

saved /path/to/ciln-workspace/journal_edition/robustness_transfer/results_v4/coteaching/ours_v2_noisy__pixelate_sev1__seed1.json: best ens-acc 85.97% @ ep 91
