condition=ours_v2_noisy__gaussian_noise_sev1 seed=0 gpu=2
/path/to/ciln-workspace/venv/lib/python3.12/site-packages/torchvision/datasets/cifar.py:83: VisibleDeprecationWarning: dtype(): align should be passed as Python or NumPy boolean but got `align=0`. Did you mean to pass a tuple to create a subarray type? (Deprecated NumPy 2.4)
  entry = pickle.load(f, encoding="latin1")
image_source=noisy  N=22500  noise_rate=21.27%
  ep   0: loss=1.8845  test_acc=34.08%  (best 34.08 @ ep 0)  [4.6s]
  ep   1: loss=1.6177  test_acc=39.48%  (best 39.48 @ ep 1)  [3.8s]
  ep   2: loss=1.4549  test_acc=42.05%  (best 42.05 @ ep 2)  [3.7s]
  ep   3: loss=1.3330  test_acc=54.39%  (best 54.39 @ ep 3)  [3.6s]
  ep   4: loss=1.2401  test_acc=57.38%  (best 57.38 @ ep 4)  [3.7s]
  ep   5: loss=1.1737  test_acc=55.17%  (best 57.38 @ ep 4)  [5.4s]  [logged per-sample loss: mean=1.260]
  ep   6: loss=1.1242  test_acc=63.51%  (best 63.51 @ ep 6)  [3.6s]
  ep   7: loss=1.0935  test_acc=64.03%  (best 64.03 @ ep 7)  [3.6s]
  ep   8: loss=1.0577  test_acc=57.45%  (best 64.03 @ ep 7)  [3.9s]
  ep   9: loss=1.0210  test_acc=66.70%  (best 66.70 @ ep 9)  [3.8s]
  ep  10: loss=1.0113  test_acc=57.81%  (best 66.70 @ ep 9)  [5.3s]  [logged per-sample loss: mean=1.279]
  ep  11: loss=0.9754  test_acc=61.54%  (best 66.70 @ ep 9)  [3.6s]
  ep  12: loss=0.9526  test_acc=65.78%  (best 66.70 @ ep 9)  [3.8s]
  ep  13: loss=0.9341  test_acc=62.13%  (best 66.70 @ ep 9)  [3.7s]
  ep  14: loss=0.9282  test_acc=63.39%  (best 66.70 @ ep 9)  [3.5s]
  ep  15: loss=0.9080  test_acc=66.79%  (best 66.79 @ ep 15)  [3.8s]
  ep  16: loss=0.8901  test_acc=61.39%  (best 66.79 @ ep 15)  [3.8s]
  ep  17: loss=0.8808  test_acc=67.66%  (best 67.66 @ ep 17)  [3.8s]
  ep  18: loss=0.8858  test_acc=67.38%  (best 67.66 @ ep 17)  [3.6s]
  ep  19: loss=0.8593  test_acc=67.94%  (best 67.94 @ ep 19)  [3.7s]
  ep  20: loss=0.8632  test_acc=67.25%  (best 67.94 @ ep 19)  [5.2s]  [logged per-sample loss: mean=0.928]
  ep  21: loss=0.8499  test_acc=67.78%  (best 67.94 @ ep 19)  [3.6s]
  ep  22: loss=0.8356  test_acc=68.51%  (best 68.51 @ ep 22)  [3.6s]
  ep  23: loss=0.8323  test_acc=69.28%  (best 69.28 @ ep 23)  [3.5s]
  ep  24: loss=0.8305  test_acc=73.10%  (best 73.10 @ ep 24)  [3.7s]
  ep  25: loss=0.8281  test_acc=62.70%  (best 73.10 @ ep 24)  [3.8s]
  ep  26: loss=0.8203  test_acc=70.33%  (best 73.10 @ ep 24)  [4.7s]
  ep  27: loss=0.8125  test_acc=71.15%  (best 73.10 @ ep 24)  [7.9s]
  ep  28: loss=0.8095  test_acc=75.67%  (best 75.67 @ ep 28)  [8.3s]
  ep  29: loss=0.7883  test_acc=71.38%  (best 75.67 @ ep 28)  [8.6s]
  ep  30: loss=0.7873  test_acc=72.30%  (best 75.67 @ ep 28)  [12.5s]  [logged per-sample loss: mean=0.810]
  ep  31: loss=0.7868  test_acc=73.79%  (best 75.67 @ ep 28)  [8.1s]
  ep  32: loss=0.7849  test_acc=68.41%  (best 75.67 @ ep 28)  [8.5s]
  ep  33: loss=0.7720  test_acc=73.12%  (best 75.67 @ ep 28)  [8.3s]
  ep  34: loss=0.7684  test_acc=65.71%  (best 75.67 @ ep 28)  [8.4s]
  ep  35: loss=0.7630  test_acc=72.95%  (best 75.67 @ ep 28)  [7.9s]
  ep  36: loss=0.7609  test_acc=72.86%  (best 75.67 @ ep 28)  [8.3s]
  ep  37: loss=0.7557  test_acc=70.53%  (best 75.67 @ ep 28)  [8.1s]
  ep  38: loss=0.7458  test_acc=72.98%  (best 75.67 @ ep 28)  [8.3s]
  ep  39: loss=0.7424  test_acc=72.22%  (best 75.67 @ ep 28)  [8.5s]
  ep  40: loss=0.7430  test_acc=69.73%  (best 75.67 @ ep 28)  [8.1s]
  ep  41: loss=0.7365  test_acc=73.07%  (best 75.67 @ ep 28)  [8.1s]
  ep  42: loss=0.7318  test_acc=68.31%  (best 75.67 @ ep 28)  [7.9s]
  ep  43: loss=0.7165  test_acc=68.50%  (best 75.67 @ ep 28)  [8.9s]
  ep  44: loss=0.7169  test_acc=74.72%  (best 75.67 @ ep 28)  [9.2s]
  ep  45: loss=0.7028  test_acc=74.33%  (best 75.67 @ ep 28)  [8.9s]
  ep  46: loss=0.7012  test_acc=70.15%  (best 75.67 @ ep 28)  [8.1s]
  ep  47: loss=0.6987  test_acc=75.81%  (best 75.81 @ ep 47)  [8.9s]
  ep  48: loss=0.6863  test_acc=68.69%  (best 75.81 @ ep 47)  [8.4s]
  ep  49: loss=0.6749  test_acc=67.91%  (best 75.81 @ ep 47)  [8.2s]
  ep  50: loss=0.6750  test_acc=74.79%  (best 75.81 @ ep 47)  [11.9s]  [logged per-sample loss: mean=0.705]
  ep  51: loss=0.6609  test_acc=75.73%  (best 75.81 @ ep 47)  [8.0s]
  ep  52: loss=0.6613  test_acc=72.48%  (best 75.81 @ ep 47)  [8.6s]
  ep  53: loss=0.6489  test_acc=70.01%  (best 75.81 @ ep 47)  [8.4s]
  ep  54: loss=0.6456  test_acc=75.15%  (best 75.81 @ ep 47)  [8.3s]
  ep  55: loss=0.6314  test_acc=76.66%  (best 76.66 @ ep 55)  [8.5s]
  ep  56: loss=0.6303  test_acc=64.96%  (best 76.66 @ ep 55)  [8.1s]
  ep  57: loss=0.6209  test_acc=73.50%  (best 76.66 @ ep 55)  [8.7s]
  ep  58: loss=0.6044  test_acc=73.58%  (best 76.66 @ ep 55)  [8.3s]
  ep  59: loss=0.6002  test_acc=74.21%  (best 76.66 @ ep 55)  [8.3s]
  ep  60: loss=0.5984  test_acc=71.85%  (best 76.66 @ ep 55)  [8.1s]
  ep  61: loss=0.5897  test_acc=76.76%  (best 76.76 @ ep 61)  [8.5s]
  ep  62: loss=0.5733  test_acc=75.30%  (best 76.76 @ ep 61)  [4.9s]
  ep  63: loss=0.5592  test_acc=73.17%  (best 76.76 @ ep 61)  [3.5s]
  ep  64: loss=0.5489  test_acc=73.86%  (best 76.76 @ ep 61)  [3.8s]
  ep  65: loss=0.5486  test_acc=73.89%  (best 76.76 @ ep 61)  [3.5s]
  ep  66: loss=0.5329  test_acc=74.46%  (best 76.76 @ ep 61)  [3.5s]
  ep  67: loss=0.5200  test_acc=71.65%  (best 76.76 @ ep 61)  [3.6s]
  ep  68: loss=0.5090  test_acc=77.58%  (best 77.58 @ ep 68)  [3.5s]
  ep  69: loss=0.4973  test_acc=76.96%  (best 77.58 @ ep 68)  [3.6s]
  ep  70: loss=0.4898  test_acc=75.15%  (best 77.58 @ ep 68)  [3.7s]
  ep  71: loss=0.4726  test_acc=77.67%  (best 77.67 @ ep 71)  [3.4s]
  ep  72: loss=0.4547  test_acc=75.45%  (best 77.67 @ ep 71)  [3.6s]
  ep  73: loss=0.4477  test_acc=74.68%  (best 77.67 @ ep 71)  [3.5s]
  ep  74: loss=0.4341  test_acc=77.03%  (best 77.67 @ ep 71)  [3.6s]
  ep  75: loss=0.4238  test_acc=73.59%  (best 77.67 @ ep 71)  [5.2s]  [logged per-sample loss: mean=0.424]
  ep  76: loss=0.4039  test_acc=72.34%  (best 77.67 @ ep 71)  [3.6s]
  ep  77: loss=0.3943  test_acc=74.74%  (best 77.67 @ ep 71)  [3.5s]
  ep  78: loss=0.3777  test_acc=76.60%  (best 77.67 @ ep 71)  [3.6s]
  ep  79: loss=0.3624  test_acc=75.74%  (best 77.67 @ ep 71)  [4.0s]
  ep  80: loss=0.3449  test_acc=73.10%  (best 77.67 @ ep 71)  [8.2s]
  ep  81: loss=0.3247  test_acc=76.76%  (best 77.67 @ ep 71)  [8.7s]
  ep  82: loss=0.3166  test_acc=76.68%  (best 77.67 @ ep 71)  [8.5s]
  ep  83: loss=0.2981  test_acc=74.87%  (best 77.67 @ ep 71)  [8.4s]
  ep  84: loss=0.2823  test_acc=76.37%  (best 77.67 @ ep 71)  [8.7s]
  ep  85: loss=0.2681  test_acc=76.89%  (best 77.67 @ ep 71)  [8.7s]
  ep  86: loss=0.2520  test_acc=77.52%  (best 77.67 @ ep 71)  [8.3s]
  ep  87: loss=0.2389  test_acc=76.70%  (best 77.67 @ ep 71)  [8.3s]
  ep  88: loss=0.2259  test_acc=76.45%  (best 77.67 @ ep 71)  [8.5s]
  ep  89: loss=0.2173  test_acc=76.26%  (best 77.67 @ ep 71)  [8.0s]
  ep  90: loss=0.2062  test_acc=76.94%  (best 77.67 @ ep 71)  [8.1s]
  ep  91: loss=0.1959  test_acc=76.31%  (best 77.67 @ ep 71)  [8.3s]
  ep  92: loss=0.1915  test_acc=76.79%  (best 77.67 @ ep 71)  [8.9s]
  ep  93: loss=0.1845  test_acc=76.64%  (best 77.67 @ ep 71)  [8.5s]
  ep  94: loss=0.1776  test_acc=76.74%  (best 77.67 @ ep 71)  [8.9s]
  ep  95: loss=0.1687  test_acc=76.46%  (best 77.67 @ ep 71)  [8.9s]
  ep  96: loss=0.1678  test_acc=76.26%  (best 77.67 @ ep 71)  [8.5s]
  ep  97: loss=0.1682  test_acc=76.55%  (best 77.67 @ ep 71)  [9.0s]
  ep  98: loss=0.1653  test_acc=76.44%  (best 77.67 @ ep 71)  [8.3s]
  ep  99: loss=0.1597  test_acc=76.84%  (best 77.67 @ ep 71)  [9.3s]  [logged per-sample loss: mean=0.127]

saved /path/to/ciln-workspace/journal_edition/robustness_transfer/results_v4/erm/ours_v2_noisy__gaussian_noise_sev1__seed0.json: best 77.67% @ ep 71
