condition=ours_v2_clean__defocus_blur_sev1 seed=0 gpu=1
/path/to/ciln-workspace/venv/lib/python3.12/site-packages/torchvision/datasets/cifar.py:83: VisibleDeprecationWarning: dtype(): align should be passed as Python or NumPy boolean but got `align=0`. Did you mean to pass a tuple to create a subarray type? (Deprecated NumPy 2.4)
  entry = pickle.load(f, encoding="latin1")
image_source=clean  N=22500  noise_rate=8.62%
  ep   0: loss=1.8689  test_acc=37.98%  (best 37.98 @ ep 0)  [4.3s]
  ep   1: loss=1.5844  test_acc=36.12%  (best 37.98 @ ep 0)  [3.7s]
  ep   2: loss=1.3836  test_acc=42.50%  (best 42.50 @ ep 2)  [3.8s]
  ep   3: loss=1.2049  test_acc=52.65%  (best 52.65 @ ep 3)  [3.7s]
  ep   4: loss=1.0696  test_acc=59.33%  (best 59.33 @ ep 4)  [3.6s]
  ep   5: loss=0.9850  test_acc=60.36%  (best 60.36 @ ep 5)  [5.6s]  [logged per-sample loss: mean=1.106]
  ep   6: loss=0.9096  test_acc=65.99%  (best 65.99 @ ep 6)  [3.6s]
  ep   7: loss=0.8489  test_acc=68.16%  (best 68.16 @ ep 7)  [3.8s]
  ep   8: loss=0.7967  test_acc=70.25%  (best 70.25 @ ep 8)  [3.5s]
  ep   9: loss=0.7663  test_acc=72.74%  (best 72.74 @ ep 9)  [3.6s]
  ep  10: loss=0.7317  test_acc=62.82%  (best 72.74 @ ep 9)  [5.4s]  [logged per-sample loss: mean=1.132]
  ep  11: loss=0.6991  test_acc=64.30%  (best 72.74 @ ep 9)  [3.6s]
  ep  12: loss=0.6855  test_acc=66.73%  (best 72.74 @ ep 9)  [3.6s]
  ep  13: loss=0.6667  test_acc=65.60%  (best 72.74 @ ep 9)  [5.1s]
  ep  14: loss=0.6537  test_acc=72.92%  (best 72.92 @ ep 14)  [9.0s]
  ep  15: loss=0.6463  test_acc=67.26%  (best 72.92 @ ep 14)  [8.6s]
  ep  16: loss=0.6337  test_acc=62.27%  (best 72.92 @ ep 14)  [8.7s]
  ep  17: loss=0.6217  test_acc=72.05%  (best 72.92 @ ep 14)  [7.9s]
  ep  18: loss=0.6150  test_acc=65.43%  (best 72.92 @ ep 14)  [8.4s]
  ep  19: loss=0.5975  test_acc=71.75%  (best 72.92 @ ep 14)  [9.0s]
  ep  20: loss=0.5918  test_acc=76.02%  (best 76.02 @ ep 20)  [12.5s]  [logged per-sample loss: mean=0.661]
  ep  21: loss=0.5788  test_acc=77.06%  (best 77.06 @ ep 21)  [7.8s]
  ep  22: loss=0.5726  test_acc=76.16%  (best 77.06 @ ep 21)  [8.6s]
  ep  23: loss=0.5645  test_acc=79.28%  (best 79.28 @ ep 23)  [8.6s]
  ep  24: loss=0.5566  test_acc=76.16%  (best 79.28 @ ep 23)  [9.2s]
  ep  25: loss=0.5603  test_acc=71.09%  (best 79.28 @ ep 23)  [9.3s]
  ep  26: loss=0.5489  test_acc=77.69%  (best 79.28 @ ep 23)  [8.7s]
  ep  27: loss=0.5348  test_acc=77.64%  (best 79.28 @ ep 23)  [8.4s]
  ep  28: loss=0.5258  test_acc=77.80%  (best 79.28 @ ep 23)  [9.0s]
  ep  29: loss=0.5361  test_acc=78.97%  (best 79.28 @ ep 23)  [9.3s]
  ep  30: loss=0.5116  test_acc=73.18%  (best 79.28 @ ep 23)  [12.1s]  [logged per-sample loss: mean=0.665]
  ep  31: loss=0.5180  test_acc=73.89%  (best 79.28 @ ep 23)  [9.1s]
  ep  32: loss=0.5078  test_acc=78.72%  (best 79.28 @ ep 23)  [8.5s]
  ep  33: loss=0.5084  test_acc=79.19%  (best 79.28 @ ep 23)  [10.4s]
  ep  34: loss=0.4984  test_acc=75.76%  (best 79.28 @ ep 23)  [9.9s]
  ep  35: loss=0.4950  test_acc=78.93%  (best 79.28 @ ep 23)  [9.2s]
  ep  36: loss=0.4803  test_acc=67.18%  (best 79.28 @ ep 23)  [9.3s]
  ep  37: loss=0.4793  test_acc=77.20%  (best 79.28 @ ep 23)  [9.6s]
  ep  38: loss=0.4739  test_acc=73.55%  (best 79.28 @ ep 23)  [9.8s]
  ep  39: loss=0.4754  test_acc=79.75%  (best 79.75 @ ep 39)  [9.7s]
  ep  40: loss=0.4569  test_acc=77.15%  (best 79.75 @ ep 39)  [9.0s]
  ep  41: loss=0.4553  test_acc=79.48%  (best 79.75 @ ep 39)  [9.8s]
  ep  42: loss=0.4445  test_acc=74.50%  (best 79.75 @ ep 39)  [9.2s]
  ep  43: loss=0.4442  test_acc=79.05%  (best 79.75 @ ep 39)  [9.7s]
  ep  44: loss=0.4382  test_acc=78.32%  (best 79.75 @ ep 39)  [8.5s]
  ep  45: loss=0.4294  test_acc=79.73%  (best 79.75 @ ep 39)  [8.7s]
  ep  46: loss=0.4296  test_acc=76.39%  (best 79.75 @ ep 39)  [8.7s]
  ep  47: loss=0.4086  test_acc=80.42%  (best 80.42 @ ep 47)  [8.5s]
  ep  48: loss=0.4152  test_acc=79.06%  (best 80.42 @ ep 47)  [9.2s]
  ep  49: loss=0.4157  test_acc=80.30%  (best 80.42 @ ep 47)  [10.1s]
  ep  50: loss=0.3998  test_acc=80.23%  (best 80.42 @ ep 47)  [12.5s]  [logged per-sample loss: mean=0.402]
  ep  51: loss=0.3937  test_acc=80.45%  (best 80.45 @ ep 51)  [10.2s]
  ep  52: loss=0.3772  test_acc=80.00%  (best 80.45 @ ep 51)  [9.5s]
  ep  53: loss=0.3774  test_acc=78.41%  (best 80.45 @ ep 51)  [9.1s]
  ep  54: loss=0.3701  test_acc=78.94%  (best 80.45 @ ep 51)  [10.2s]
  ep  55: loss=0.3644  test_acc=81.57%  (best 81.57 @ ep 55)  [9.3s]
  ep  56: loss=0.3516  test_acc=78.69%  (best 81.57 @ ep 55)  [8.7s]
  ep  57: loss=0.3535  test_acc=78.30%  (best 81.57 @ ep 55)  [8.8s]
  ep  58: loss=0.3404  test_acc=77.87%  (best 81.57 @ ep 55)  [8.8s]
  ep  59: loss=0.3289  test_acc=76.01%  (best 81.57 @ ep 55)  [8.0s]
  ep  60: loss=0.3299  test_acc=81.53%  (best 81.57 @ ep 55)  [8.4s]
  ep  61: loss=0.3087  test_acc=79.69%  (best 81.57 @ ep 55)  [8.6s]
  ep  62: loss=0.3103  test_acc=80.88%  (best 81.57 @ ep 55)  [8.7s]
  ep  63: loss=0.3028  test_acc=80.44%  (best 81.57 @ ep 55)  [8.7s]
  ep  64: loss=0.2850  test_acc=82.62%  (best 82.62 @ ep 64)  [8.3s]
  ep  65: loss=0.2902  test_acc=82.39%  (best 82.62 @ ep 64)  [8.3s]
  ep  66: loss=0.2787  test_acc=80.37%  (best 82.62 @ ep 64)  [8.2s]
  ep  67: loss=0.2661  test_acc=83.72%  (best 83.72 @ ep 67)  [8.5s]
  ep  68: loss=0.2556  test_acc=81.68%  (best 83.72 @ ep 67)  [8.0s]
  ep  69: loss=0.2467  test_acc=81.77%  (best 83.72 @ ep 67)  [7.9s]
  ep  70: loss=0.2305  test_acc=83.02%  (best 83.72 @ ep 67)  [4.2s]
  ep  71: loss=0.2241  test_acc=82.71%  (best 83.72 @ ep 67)  [3.9s]
  ep  72: loss=0.2232  test_acc=83.04%  (best 83.72 @ ep 67)  [3.5s]
  ep  73: loss=0.2044  test_acc=83.57%  (best 83.72 @ ep 67)  [3.7s]
  ep  74: loss=0.1982  test_acc=83.17%  (best 83.72 @ ep 67)  [3.5s]
  ep  75: loss=0.1879  test_acc=83.54%  (best 83.72 @ ep 67)  [5.7s]  [logged per-sample loss: mean=0.174]
  ep  76: loss=0.1765  test_acc=84.11%  (best 84.11 @ ep 76)  [3.9s]
  ep  77: loss=0.1670  test_acc=83.07%  (best 84.11 @ ep 76)  [3.6s]
  ep  78: loss=0.1570  test_acc=83.79%  (best 84.11 @ ep 76)  [3.6s]
  ep  79: loss=0.1468  test_acc=84.13%  (best 84.13 @ ep 79)  [3.7s]
  ep  80: loss=0.1353  test_acc=84.55%  (best 84.55 @ ep 80)  [3.9s]
  ep  81: loss=0.1228  test_acc=84.72%  (best 84.72 @ ep 81)  [3.6s]
  ep  82: loss=0.1156  test_acc=84.66%  (best 84.72 @ ep 81)  [3.6s]
  ep  83: loss=0.1089  test_acc=84.47%  (best 84.72 @ ep 81)  [3.6s]
  ep  84: loss=0.1010  test_acc=85.08%  (best 85.08 @ ep 84)  [3.5s]
  ep  85: loss=0.0920  test_acc=85.05%  (best 85.08 @ ep 84)  [3.8s]
  ep  86: loss=0.0822  test_acc=85.08%  (best 85.08 @ ep 84)  [3.7s]
  ep  87: loss=0.0823  test_acc=85.48%  (best 85.48 @ ep 87)  [8.0s]
  ep  88: loss=0.0734  test_acc=85.19%  (best 85.48 @ ep 87)  [8.1s]
  ep  89: loss=0.0693  test_acc=85.37%  (best 85.48 @ ep 87)  [7.8s]
  ep  90: loss=0.0653  test_acc=85.43%  (best 85.48 @ ep 87)  [8.8s]
  ep  91: loss=0.0611  test_acc=85.40%  (best 85.48 @ ep 87)  [8.7s]
  ep  92: loss=0.0583  test_acc=85.63%  (best 85.63 @ ep 92)  [8.3s]
  ep  93: loss=0.0574  test_acc=85.27%  (best 85.63 @ ep 92)  [7.8s]
  ep  94: loss=0.0569  test_acc=85.66%  (best 85.66 @ ep 94)  [8.3s]
  ep  95: loss=0.0519  test_acc=85.49%  (best 85.66 @ ep 94)  [8.7s]
  ep  96: loss=0.0517  test_acc=85.64%  (best 85.66 @ ep 94)  [8.6s]
  ep  97: loss=0.0524  test_acc=85.70%  (best 85.70 @ ep 97)  [8.5s]
  ep  98: loss=0.0531  test_acc=85.67%  (best 85.70 @ ep 97)  [8.4s]
  ep  99: loss=0.0513  test_acc=85.61%  (best 85.70 @ ep 97)  [15.5s]  [logged per-sample loss: mean=0.031]

saved /path/to/ciln-workspace/journal_edition/robustness_transfer/results_v4/erm/ours_v2_clean__defocus_blur_sev1__seed0.json: best 85.70% @ ep 97
