condition=ours_v2_clean__frost_sev1 seed=2 gpu=1
/path/to/ciln-workspace/venv/lib/python3.12/site-packages/torchvision/datasets/cifar.py:83: VisibleDeprecationWarning: dtype(): align should be passed as Python or NumPy boolean but got `align=0`. Did you mean to pass a tuple to create a subarray type? (Deprecated NumPy 2.4)
  entry = pickle.load(f, encoding="latin1")
image_source=clean  N=22500  noise_rate=10.16%
  ep   0: R(t)=1.000  acc1=36.13%  acc2=34.78%  ens=35.46%  (best 35.46 @ ep 0)  [7.6s]
  ep   1: R(t)=0.968  acc1=49.93%  acc2=44.46%  ens=47.20%  (best 47.20 @ ep 1)  [11.9s]
  ep   2: R(t)=0.955  acc1=58.20%  acc2=53.61%  ens=55.91%  (best 55.91 @ ep 2)  [16.8s]
  ep   3: R(t)=0.944  acc1=54.99%  acc2=54.00%  ens=54.50%  (best 55.91 @ ep 2)  [16.5s]
  ep   4: R(t)=0.936  acc1=52.81%  acc2=59.25%  ens=56.03%  (best 56.03 @ ep 4)  [19.4s]
  ep   5: R(t)=0.928  acc1=55.98%  acc2=58.53%  ens=57.26%  (best 57.26 @ ep 5)  [27.8s]  [sel1+2: prec=0.911, recall_clean=0.965]
  ep   6: R(t)=0.921  acc1=62.84%  acc2=60.35%  ens=61.59%  (best 61.59 @ ep 6)  [16.8s]
  ep   7: R(t)=0.915  acc1=65.91%  acc2=60.27%  ens=63.09%  (best 63.09 @ ep 7)  [19.7s]
  ep   8: R(t)=0.909  acc1=66.72%  acc2=64.35%  ens=65.53%  (best 65.53 @ ep 8)  [17.1s]
  ep   9: R(t)=0.904  acc1=61.75%  acc2=56.47%  ens=59.11%  (best 65.53 @ ep 8)  [20.1s]
  ep  10: R(t)=0.898  acc1=69.88%  acc2=63.45%  ens=66.66%  (best 66.66 @ ep 10)  [25.0s]  [sel1+2: prec=0.923, recall_clean=0.954]
  ep  11: R(t)=0.898  acc1=71.08%  acc2=69.66%  ens=70.37%  (best 70.37 @ ep 11)  [17.3s]
  ep  12: R(t)=0.898  acc1=69.44%  acc2=63.84%  ens=66.64%  (best 70.37 @ ep 11)  [17.6s]
  ep  13: R(t)=0.898  acc1=62.65%  acc2=66.39%  ens=64.52%  (best 70.37 @ ep 11)  [17.6s]
  ep  14: R(t)=0.898  acc1=70.29%  acc2=70.60%  ens=70.45%  (best 70.45 @ ep 14)  [18.7s]
  ep  15: R(t)=0.898  acc1=73.16%  acc2=72.62%  ens=72.89%  (best 72.89 @ ep 15)  [17.4s]
  ep  16: R(t)=0.898  acc1=72.43%  acc2=73.53%  ens=72.98%  (best 72.98 @ ep 16)  [17.9s]
  ep  17: R(t)=0.898  acc1=73.13%  acc2=65.44%  ens=69.28%  (best 72.98 @ ep 16)  [18.8s]
  ep  18: R(t)=0.898  acc1=69.86%  acc2=64.53%  ens=67.20%  (best 72.98 @ ep 16)  [17.6s]
  ep  19: R(t)=0.898  acc1=71.89%  acc2=72.19%  ens=72.04%  (best 72.98 @ ep 16)  [19.8s]
  ep  20: R(t)=0.898  acc1=69.38%  acc2=69.04%  ens=69.21%  (best 72.98 @ ep 16)  [26.2s]  [sel1+2: prec=0.927, recall_clean=0.957]
  ep  21: R(t)=0.898  acc1=65.40%  acc2=73.88%  ens=69.64%  (best 72.98 @ ep 16)  [16.8s]
  ep  22: R(t)=0.898  acc1=68.15%  acc2=64.97%  ens=66.56%  (best 72.98 @ ep 16)  [17.5s]
  ep  23: R(t)=0.898  acc1=75.46%  acc2=66.11%  ens=70.79%  (best 72.98 @ ep 16)  [16.5s]
  ep  24: R(t)=0.898  acc1=71.82%  acc2=72.16%  ens=71.99%  (best 72.98 @ ep 16)  [16.7s]
  ep  25: R(t)=0.898  acc1=68.16%  acc2=72.30%  ens=70.23%  (best 72.98 @ ep 16)  [16.6s]
  ep  26: R(t)=0.898  acc1=73.14%  acc2=76.28%  ens=74.71%  (best 74.71 @ ep 26)  [17.9s]
  ep  27: R(t)=0.898  acc1=71.16%  acc2=73.54%  ens=72.35%  (best 74.71 @ ep 26)  [18.4s]
  ep  28: R(t)=0.898  acc1=72.86%  acc2=71.87%  ens=72.36%  (best 74.71 @ ep 26)  [18.8s]
  ep  29: R(t)=0.898  acc1=71.16%  acc2=75.33%  ens=73.25%  (best 74.71 @ ep 26)  [18.6s]
  ep  30: R(t)=0.898  acc1=74.40%  acc2=76.06%  ens=75.23%  (best 75.23 @ ep 30)  [26.2s]  [sel1+2: prec=0.930, recall_clean=0.963]
  ep  31: R(t)=0.898  acc1=73.44%  acc2=72.99%  ens=73.22%  (best 75.23 @ ep 30)  [16.5s]
  ep  32: R(t)=0.898  acc1=75.38%  acc2=73.76%  ens=74.57%  (best 75.23 @ ep 30)  [16.9s]
  ep  33: R(t)=0.898  acc1=77.43%  acc2=67.16%  ens=72.30%  (best 75.23 @ ep 30)  [17.1s]
  ep  34: R(t)=0.898  acc1=76.37%  acc2=72.22%  ens=74.30%  (best 75.23 @ ep 30)  [19.2s]
  ep  35: R(t)=0.898  acc1=64.28%  acc2=69.81%  ens=67.05%  (best 75.23 @ ep 30)  [18.3s]
  ep  36: R(t)=0.898  acc1=71.67%  acc2=71.44%  ens=71.56%  (best 75.23 @ ep 30)  [18.2s]
  ep  37: R(t)=0.898  acc1=78.62%  acc2=78.47%  ens=78.55%  (best 78.55 @ ep 37)  [16.9s]
  ep  38: R(t)=0.898  acc1=76.54%  acc2=77.32%  ens=76.93%  (best 78.55 @ ep 37)  [17.7s]
  ep  39: R(t)=0.898  acc1=78.52%  acc2=77.88%  ens=78.20%  (best 78.55 @ ep 37)  [18.3s]
  ep  40: R(t)=0.898  acc1=75.14%  acc2=73.79%  ens=74.47%  (best 78.55 @ ep 37)  [17.5s]
  ep  41: R(t)=0.898  acc1=77.15%  acc2=76.99%  ens=77.07%  (best 78.55 @ ep 37)  [18.9s]
  ep  42: R(t)=0.898  acc1=75.58%  acc2=78.47%  ens=77.03%  (best 78.55 @ ep 37)  [18.6s]
  ep  43: R(t)=0.898  acc1=70.06%  acc2=76.66%  ens=73.36%  (best 78.55 @ ep 37)  [16.1s]
  ep  44: R(t)=0.898  acc1=78.78%  acc2=76.26%  ens=77.52%  (best 78.55 @ ep 37)  [6.3s]
  ep  45: R(t)=0.898  acc1=75.90%  acc2=79.05%  ens=77.48%  (best 78.55 @ ep 37)  [6.7s]
  ep  46: R(t)=0.898  acc1=76.61%  acc2=80.32%  ens=78.47%  (best 78.55 @ ep 37)  [6.6s]
  ep  47: R(t)=0.898  acc1=77.78%  acc2=76.48%  ens=77.13%  (best 78.55 @ ep 37)  [6.3s]
  ep  48: R(t)=0.898  acc1=74.30%  acc2=76.74%  ens=75.52%  (best 78.55 @ ep 37)  [6.5s]
  ep  49: R(t)=0.898  acc1=80.04%  acc2=81.22%  ens=80.63%  (best 80.63 @ ep 49)  [7.0s]
  ep  50: R(t)=0.898  acc1=78.05%  acc2=78.68%  ens=78.36%  (best 80.63 @ ep 49)  [9.8s]  [sel1+2: prec=0.934, recall_clean=0.963]
  ep  51: R(t)=0.898  acc1=79.93%  acc2=79.79%  ens=79.86%  (best 80.63 @ ep 49)  [6.5s]
  ep  52: R(t)=0.898  acc1=79.78%  acc2=75.89%  ens=77.83%  (best 80.63 @ ep 49)  [8.1s]
  ep  53: R(t)=0.898  acc1=78.25%  acc2=79.86%  ens=79.05%  (best 80.63 @ ep 49)  [19.2s]
  ep  54: R(t)=0.898  acc1=72.95%  acc2=78.32%  ens=75.64%  (best 80.63 @ ep 49)  [18.2s]
  ep  55: R(t)=0.898  acc1=80.42%  acc2=81.20%  ens=80.81%  (best 80.81 @ ep 55)  [18.2s]
  ep  56: R(t)=0.898  acc1=79.77%  acc2=79.00%  ens=79.38%  (best 80.81 @ ep 55)  [16.7s]
  ep  57: R(t)=0.898  acc1=79.39%  acc2=81.00%  ens=80.20%  (best 80.81 @ ep 55)  [18.2s]
  ep  58: R(t)=0.898  acc1=81.61%  acc2=81.52%  ens=81.56%  (best 81.56 @ ep 58)  [15.6s]
  ep  59: R(t)=0.898  acc1=81.26%  acc2=76.84%  ens=79.05%  (best 81.56 @ ep 58)  [6.5s]
  ep  60: R(t)=0.898  acc1=81.47%  acc2=80.25%  ens=80.86%  (best 81.56 @ ep 58)  [6.5s]
  ep  61: R(t)=0.898  acc1=81.74%  acc2=81.77%  ens=81.75%  (best 81.75 @ ep 61)  [6.4s]
  ep  62: R(t)=0.898  acc1=81.67%  acc2=80.48%  ens=81.08%  (best 81.75 @ ep 61)  [6.2s]
  ep  63: R(t)=0.898  acc1=83.17%  acc2=81.29%  ens=82.23%  (best 82.23 @ ep 63)  [6.5s]
  ep  64: R(t)=0.898  acc1=83.21%  acc2=82.53%  ens=82.87%  (best 82.87 @ ep 64)  [6.8s]
  ep  65: R(t)=0.898  acc1=82.81%  acc2=81.87%  ens=82.34%  (best 82.87 @ ep 64)  [6.5s]
  ep  66: R(t)=0.898  acc1=81.27%  acc2=81.26%  ens=81.27%  (best 82.87 @ ep 64)  [6.4s]
  ep  67: R(t)=0.898  acc1=82.78%  acc2=81.74%  ens=82.26%  (best 82.87 @ ep 64)  [6.4s]
  ep  68: R(t)=0.898  acc1=82.53%  acc2=81.95%  ens=82.24%  (best 82.87 @ ep 64)  [19.7s]
  ep  69: R(t)=0.898  acc1=81.96%  acc2=81.92%  ens=81.94%  (best 82.87 @ ep 64)  [21.1s]
  ep  70: R(t)=0.898  acc1=83.94%  acc2=81.58%  ens=82.76%  (best 82.87 @ ep 64)  [24.9s]
  ep  71: R(t)=0.898  acc1=82.53%  acc2=83.54%  ens=83.03%  (best 83.03 @ ep 71)  [18.9s]
  ep  72: R(t)=0.898  acc1=82.08%  acc2=82.88%  ens=82.48%  (best 83.03 @ ep 71)  [19.9s]
  ep  73: R(t)=0.898  acc1=84.66%  acc2=84.76%  ens=84.71%  (best 84.71 @ ep 73)  [16.9s]
  ep  74: R(t)=0.898  acc1=84.58%  acc2=84.70%  ens=84.64%  (best 84.71 @ ep 73)  [6.5s]
  ep  75: R(t)=0.898  acc1=83.50%  acc2=84.62%  ens=84.06%  (best 84.71 @ ep 73)  [10.0s]  [sel1+2: prec=0.938, recall_clean=0.963]
  ep  76: R(t)=0.898  acc1=84.62%  acc2=83.56%  ens=84.09%  (best 84.71 @ ep 73)  [6.8s]
  ep  77: R(t)=0.898  acc1=85.15%  acc2=85.07%  ens=85.11%  (best 85.11 @ ep 77)  [6.6s]
  ep  78: R(t)=0.898  acc1=84.26%  acc2=84.62%  ens=84.44%  (best 85.11 @ ep 77)  [6.5s]
  ep  79: R(t)=0.898  acc1=85.22%  acc2=84.67%  ens=84.95%  (best 85.11 @ ep 77)  [6.7s]
  ep  80: R(t)=0.898  acc1=85.20%  acc2=85.10%  ens=85.15%  (best 85.15 @ ep 80)  [6.1s]
  ep  81: R(t)=0.898  acc1=85.50%  acc2=85.52%  ens=85.51%  (best 85.51 @ ep 81)  [6.5s]
  ep  82: R(t)=0.898  acc1=85.23%  acc2=85.38%  ens=85.30%  (best 85.51 @ ep 81)  [11.6s]
  ep  83: R(t)=0.898  acc1=86.05%  acc2=85.52%  ens=85.78%  (best 85.78 @ ep 83)  [18.1s]
  ep  84: R(t)=0.898  acc1=86.15%  acc2=86.13%  ens=86.14%  (best 86.14 @ ep 84)  [20.4s]
  ep  85: R(t)=0.898  acc1=86.01%  acc2=86.22%  ens=86.11%  (best 86.14 @ ep 84)  [12.8s]
  ep  86: R(t)=0.898  acc1=86.41%  acc2=86.18%  ens=86.30%  (best 86.30 @ ep 86)  [6.2s]
  ep  87: R(t)=0.898  acc1=86.14%  acc2=86.44%  ens=86.29%  (best 86.30 @ ep 86)  [6.5s]
  ep  88: R(t)=0.898  acc1=86.56%  acc2=86.22%  ens=86.39%  (best 86.39 @ ep 88)  [6.4s]
  ep  89: R(t)=0.898  acc1=86.41%  acc2=86.26%  ens=86.34%  (best 86.39 @ ep 88)  [6.5s]
  ep  90: R(t)=0.898  acc1=86.52%  acc2=86.26%  ens=86.39%  (best 86.39 @ ep 88)  [6.4s]
  ep  91: R(t)=0.898  acc1=86.41%  acc2=86.31%  ens=86.36%  (best 86.39 @ ep 88)  [6.4s]
  ep  92: R(t)=0.898  acc1=86.37%  acc2=86.43%  ens=86.40%  (best 86.40 @ ep 92)  [6.5s]
  ep  93: R(t)=0.898  acc1=86.38%  acc2=86.21%  ens=86.30%  (best 86.40 @ ep 92)  [6.5s]
  ep  94: R(t)=0.898  acc1=86.53%  acc2=86.30%  ens=86.41%  (best 86.41 @ ep 94)  [6.4s]
  ep  95: R(t)=0.898  acc1=86.65%  acc2=86.42%  ens=86.54%  (best 86.54 @ ep 95)  [14.9s]
  ep  96: R(t)=0.898  acc1=86.51%  acc2=86.37%  ens=86.44%  (best 86.54 @ ep 95)  [17.7s]
  ep  97: R(t)=0.898  acc1=86.57%  acc2=86.42%  ens=86.50%  (best 86.54 @ ep 95)  [19.6s]
  ep  98: R(t)=0.898  acc1=86.51%  acc2=86.28%  ens=86.39%  (best 86.54 @ ep 95)  [17.6s]
  ep  99: R(t)=0.898  acc1=86.62%  acc2=86.38%  ens=86.50%  (best 86.54 @ ep 95)  [28.8s]  [sel1+2: prec=0.943, recall_clean=0.961]

saved /path/to/ciln-workspace/journal_edition/robustness_transfer/results_v4/coteaching/ours_v2_clean__frost_sev1__seed2.json: best ens-acc 86.54% @ ep 95
