condition=ours_v2_noisy__glass_blur_sev3 seed=2 gpu=2
/path/to/ciln-workspace/venv/lib/python3.12/site-packages/torchvision/datasets/cifar.py:83: VisibleDeprecationWarning: dtype(): align should be passed as Python or NumPy boolean but got `align=0`. Did you mean to pass a tuple to create a subarray type? (Deprecated NumPy 2.4)
  entry = pickle.load(f, encoding="latin1")
image_source=noisy  N=22500  noise_rate=64.68%
  ep   0: R(t)=1.000  acc1=19.39%  acc2=17.17%  ens=18.28%  (best 18.28 @ ep 0)  [11.9s]
  ep   1: R(t)=0.795  acc1=14.08%  acc2=18.69%  ens=16.38%  (best 18.28 @ ep 0)  [17.4s]
  ep   2: R(t)=0.711  acc1=16.79%  acc2=16.04%  ens=16.41%  (best 18.28 @ ep 0)  [17.7s]
  ep   3: R(t)=0.646  acc1=16.59%  acc2=17.38%  ens=16.98%  (best 18.28 @ ep 0)  [18.6s]
  ep   4: R(t)=0.591  acc1=18.31%  acc2=18.62%  ens=18.46%  (best 18.46 @ ep 4)  [18.0s]
  ep   5: R(t)=0.543  acc1=18.93%  acc2=18.22%  ens=18.57%  (best 18.57 @ ep 5)  [28.0s]  [sel1+2: prec=0.303, recall_clean=0.476]
  ep   6: R(t)=0.499  acc1=18.87%  acc2=19.71%  ens=19.29%  (best 19.29 @ ep 6)  [16.9s]
  ep   7: R(t)=0.459  acc1=17.83%  acc2=18.11%  ens=17.97%  (best 19.29 @ ep 6)  [16.8s]
  ep   8: R(t)=0.422  acc1=17.93%  acc2=19.99%  ens=18.96%  (best 19.29 @ ep 6)  [16.6s]
  ep   9: R(t)=0.386  acc1=16.55%  acc2=15.93%  ens=16.24%  (best 19.29 @ ep 6)  [17.9s]
  ep  10: R(t)=0.353  acc1=15.59%  acc2=15.38%  ens=15.48%  (best 19.29 @ ep 6)  [24.0s]  [sel1+2: prec=0.237, recall_clean=0.244]
  ep  11: R(t)=0.353  acc1=15.88%  acc2=17.01%  ens=16.45%  (best 19.29 @ ep 6)  [16.2s]
  ep  12: R(t)=0.353  acc1=13.96%  acc2=13.61%  ens=13.79%  (best 19.29 @ ep 6)  [6.4s]
  ep  13: R(t)=0.353  acc1=18.51%  acc2=15.73%  ens=17.12%  (best 19.29 @ ep 6)  [6.7s]
  ep  14: R(t)=0.353  acc1=18.05%  acc2=16.47%  ens=17.26%  (best 19.29 @ ep 6)  [6.4s]
  ep  15: R(t)=0.353  acc1=16.38%  acc2=17.72%  ens=17.05%  (best 19.29 @ ep 6)  [6.5s]
  ep  16: R(t)=0.353  acc1=16.93%  acc2=16.31%  ens=16.62%  (best 19.29 @ ep 6)  [6.5s]
  ep  17: R(t)=0.353  acc1=16.59%  acc2=14.00%  ens=15.29%  (best 19.29 @ ep 6)  [6.4s]
  ep  18: R(t)=0.353  acc1=15.30%  acc2=15.33%  ens=15.32%  (best 19.29 @ ep 6)  [6.5s]
  ep  19: R(t)=0.353  acc1=15.17%  acc2=15.76%  ens=15.47%  (best 19.29 @ ep 6)  [6.3s]
  ep  20: R(t)=0.353  acc1=15.70%  acc2=15.14%  ens=15.42%  (best 19.29 @ ep 6)  [9.9s]  [sel1+2: prec=0.254, recall_clean=0.260]
  ep  21: R(t)=0.353  acc1=14.24%  acc2=14.25%  ens=14.24%  (best 19.29 @ ep 6)  [14.0s]
  ep  22: R(t)=0.353  acc1=16.22%  acc2=16.12%  ens=16.17%  (best 19.29 @ ep 6)  [6.0s]
  ep  23: R(t)=0.353  acc1=13.99%  acc2=12.52%  ens=13.26%  (best 19.29 @ ep 6)  [6.4s]
  ep  24: R(t)=0.353  acc1=14.00%  acc2=14.26%  ens=14.13%  (best 19.29 @ ep 6)  [6.4s]
  ep  25: R(t)=0.353  acc1=14.15%  acc2=14.59%  ens=14.37%  (best 19.29 @ ep 6)  [6.0s]
  ep  26: R(t)=0.353  acc1=15.05%  acc2=15.79%  ens=15.42%  (best 19.29 @ ep 6)  [6.7s]
  ep  27: R(t)=0.353  acc1=16.02%  acc2=15.74%  ens=15.88%  (best 19.29 @ ep 6)  [6.5s]
  ep  28: R(t)=0.353  acc1=12.67%  acc2=12.33%  ens=12.50%  (best 19.29 @ ep 6)  [6.3s]
  ep  29: R(t)=0.353  acc1=14.59%  acc2=15.35%  ens=14.97%  (best 19.29 @ ep 6)  [6.4s]
  ep  30: R(t)=0.353  acc1=16.15%  acc2=16.22%  ens=16.18%  (best 19.29 @ ep 6)  [9.8s]  [sel1+2: prec=0.259, recall_clean=0.261]
  ep  31: R(t)=0.353  acc1=16.62%  acc2=15.47%  ens=16.04%  (best 19.29 @ ep 6)  [15.5s]
  ep  32: R(t)=0.353  acc1=16.07%  acc2=16.34%  ens=16.20%  (best 19.29 @ ep 6)  [16.1s]
  ep  33: R(t)=0.353  acc1=14.50%  acc2=15.54%  ens=15.02%  (best 19.29 @ ep 6)  [17.0s]
  ep  34: R(t)=0.353  acc1=14.88%  acc2=15.61%  ens=15.24%  (best 19.29 @ ep 6)  [16.1s]
  ep  35: R(t)=0.353  acc1=13.12%  acc2=13.19%  ens=13.15%  (best 19.29 @ ep 6)  [16.1s]
  ep  36: R(t)=0.353  acc1=16.29%  acc2=16.21%  ens=16.25%  (best 19.29 @ ep 6)  [14.0s]
  ep  37: R(t)=0.353  acc1=15.13%  acc2=14.95%  ens=15.04%  (best 19.29 @ ep 6)  [6.5s]
  ep  38: R(t)=0.353  acc1=13.12%  acc2=13.78%  ens=13.45%  (best 19.29 @ ep 6)  [6.3s]
  ep  39: R(t)=0.353  acc1=14.36%  acc2=14.37%  ens=14.37%  (best 19.29 @ ep 6)  [6.7s]
  ep  40: R(t)=0.353  acc1=14.50%  acc2=14.19%  ens=14.34%  (best 19.29 @ ep 6)  [6.4s]
  ep  41: R(t)=0.353  acc1=15.52%  acc2=17.11%  ens=16.32%  (best 19.29 @ ep 6)  [6.3s]
  ep  42: R(t)=0.353  acc1=15.79%  acc2=15.64%  ens=15.72%  (best 19.29 @ ep 6)  [6.4s]
  ep  43: R(t)=0.353  acc1=15.41%  acc2=15.27%  ens=15.34%  (best 19.29 @ ep 6)  [6.4s]
  ep  44: R(t)=0.353  acc1=14.88%  acc2=14.82%  ens=14.85%  (best 19.29 @ ep 6)  [6.3s]
  ep  45: R(t)=0.353  acc1=16.74%  acc2=15.95%  ens=16.34%  (best 19.29 @ ep 6)  [6.5s]
  ep  46: R(t)=0.353  acc1=14.14%  acc2=15.08%  ens=14.61%  (best 19.29 @ ep 6)  [11.3s]
  ep  47: R(t)=0.353  acc1=14.46%  acc2=14.67%  ens=14.56%  (best 19.29 @ ep 6)  [17.0s]
  ep  48: R(t)=0.353  acc1=14.03%  acc2=13.71%  ens=13.87%  (best 19.29 @ ep 6)  [18.2s]
  ep  49: R(t)=0.353  acc1=14.42%  acc2=14.41%  ens=14.41%  (best 19.29 @ ep 6)  [16.6s]
  ep  50: R(t)=0.353  acc1=14.78%  acc2=14.89%  ens=14.83%  (best 19.29 @ ep 6)  [24.7s]  [sel1+2: prec=0.242, recall_clean=0.241]
  ep  51: R(t)=0.353  acc1=14.83%  acc2=14.61%  ens=14.72%  (best 19.29 @ ep 6)  [17.0s]
  ep  52: R(t)=0.353  acc1=15.05%  acc2=15.28%  ens=15.17%  (best 19.29 @ ep 6)  [17.6s]
  ep  53: R(t)=0.353  acc1=16.20%  acc2=16.27%  ens=16.23%  (best 19.29 @ ep 6)  [16.7s]
  ep  54: R(t)=0.353  acc1=15.54%  acc2=15.64%  ens=15.59%  (best 19.29 @ ep 6)  [15.8s]
  ep  55: R(t)=0.353  acc1=15.00%  acc2=15.06%  ens=15.03%  (best 19.29 @ ep 6)  [16.2s]
  ep  56: R(t)=0.353  acc1=14.32%  acc2=14.28%  ens=14.30%  (best 19.29 @ ep 6)  [18.3s]
  ep  57: R(t)=0.353  acc1=13.87%  acc2=13.81%  ens=13.84%  (best 19.29 @ ep 6)  [19.2s]
  ep  58: R(t)=0.353  acc1=15.99%  acc2=16.08%  ens=16.04%  (best 19.29 @ ep 6)  [18.8s]
  ep  59: R(t)=0.353  acc1=14.94%  acc2=14.94%  ens=14.94%  (best 19.29 @ ep 6)  [18.5s]
  ep  60: R(t)=0.353  acc1=15.83%  acc2=16.10%  ens=15.97%  (best 19.29 @ ep 6)  [17.9s]
  ep  61: R(t)=0.353  acc1=15.61%  acc2=15.45%  ens=15.53%  (best 19.29 @ ep 6)  [16.9s]
  ep  62: R(t)=0.353  acc1=14.99%  acc2=15.01%  ens=15.00%  (best 19.29 @ ep 6)  [17.0s]
  ep  63: R(t)=0.353  acc1=14.13%  acc2=14.17%  ens=14.15%  (best 19.29 @ ep 6)  [17.3s]
  ep  64: R(t)=0.353  acc1=14.28%  acc2=14.36%  ens=14.32%  (best 19.29 @ ep 6)  [18.8s]
  ep  65: R(t)=0.353  acc1=14.01%  acc2=13.91%  ens=13.96%  (best 19.29 @ ep 6)  [17.1s]
  ep  66: R(t)=0.353  acc1=14.32%  acc2=14.75%  ens=14.53%  (best 19.29 @ ep 6)  [19.9s]
  ep  67: R(t)=0.353  acc1=14.26%  acc2=14.31%  ens=14.29%  (best 19.29 @ ep 6)  [18.2s]
  ep  68: R(t)=0.353  acc1=15.60%  acc2=15.67%  ens=15.63%  (best 19.29 @ ep 6)  [16.0s]
  ep  69: R(t)=0.353  acc1=14.94%  acc2=14.73%  ens=14.83%  (best 19.29 @ ep 6)  [6.5s]
  ep  70: R(t)=0.353  acc1=14.97%  acc2=14.75%  ens=14.86%  (best 19.29 @ ep 6)  [6.3s]
  ep  71: R(t)=0.353  acc1=14.22%  acc2=14.06%  ens=14.14%  (best 19.29 @ ep 6)  [6.0s]
  ep  72: R(t)=0.353  acc1=14.31%  acc2=14.50%  ens=14.41%  (best 19.29 @ ep 6)  [6.1s]
  ep  73: R(t)=0.353  acc1=13.93%  acc2=13.77%  ens=13.85%  (best 19.29 @ ep 6)  [5.9s]
  ep  74: R(t)=0.353  acc1=13.93%  acc2=13.91%  ens=13.92%  (best 19.29 @ ep 6)  [6.2s]
  ep  75: R(t)=0.353  acc1=14.16%  acc2=14.02%  ens=14.09%  (best 19.29 @ ep 6)  [9.5s]  [sel1+2: prec=0.231, recall_clean=0.230]
  ep  76: R(t)=0.353  acc1=13.79%  acc2=13.74%  ens=13.76%  (best 19.29 @ ep 6)  [6.4s]
  ep  77: R(t)=0.353  acc1=14.70%  acc2=14.70%  ens=14.70%  (best 19.29 @ ep 6)  [6.3s]
  ep  78: R(t)=0.353  acc1=14.10%  acc2=14.08%  ens=14.09%  (best 19.29 @ ep 6)  [13.4s]
  ep  79: R(t)=0.353  acc1=14.11%  acc2=14.06%  ens=14.09%  (best 19.29 @ ep 6)  [15.4s]
  ep  80: R(t)=0.353  acc1=14.18%  acc2=14.20%  ens=14.19%  (best 19.29 @ ep 6)  [14.4s]
  ep  81: R(t)=0.353  acc1=14.14%  acc2=14.11%  ens=14.12%  (best 19.29 @ ep 6)  [6.5s]
  ep  82: R(t)=0.353  acc1=13.92%  acc2=13.90%  ens=13.91%  (best 19.29 @ ep 6)  [6.6s]
  ep  83: R(t)=0.353  acc1=14.37%  acc2=14.57%  ens=14.47%  (best 19.29 @ ep 6)  [6.5s]
  ep  84: R(t)=0.353  acc1=14.19%  acc2=14.15%  ens=14.17%  (best 19.29 @ ep 6)  [6.5s]
  ep  85: R(t)=0.353  acc1=14.25%  acc2=14.23%  ens=14.24%  (best 19.29 @ ep 6)  [6.4s]
  ep  86: R(t)=0.353  acc1=14.17%  acc2=14.14%  ens=14.16%  (best 19.29 @ ep 6)  [6.3s]
  ep  87: R(t)=0.353  acc1=14.27%  acc2=14.25%  ens=14.26%  (best 19.29 @ ep 6)  [6.4s]
  ep  88: R(t)=0.353  acc1=14.36%  acc2=14.37%  ens=14.37%  (best 19.29 @ ep 6)  [6.4s]
  ep  89: R(t)=0.353  acc1=14.52%  acc2=14.54%  ens=14.53%  (best 19.29 @ ep 6)  [6.2s]
  ep  90: R(t)=0.353  acc1=14.59%  acc2=14.57%  ens=14.58%  (best 19.29 @ ep 6)  [10.4s]
  ep  91: R(t)=0.353  acc1=14.61%  acc2=14.60%  ens=14.61%  (best 19.29 @ ep 6)  [17.4s]
  ep  92: R(t)=0.353  acc1=14.88%  acc2=14.91%  ens=14.89%  (best 19.29 @ ep 6)  [16.6s]
  ep  93: R(t)=0.353  acc1=14.79%  acc2=14.88%  ens=14.83%  (best 19.29 @ ep 6)  [17.4s]
  ep  94: R(t)=0.353  acc1=14.54%  acc2=14.56%  ens=14.55%  (best 19.29 @ ep 6)  [15.9s]
  ep  95: R(t)=0.353  acc1=14.45%  acc2=14.47%  ens=14.46%  (best 19.29 @ ep 6)  [16.6s]
  ep  96: R(t)=0.353  acc1=14.74%  acc2=14.78%  ens=14.76%  (best 19.29 @ ep 6)  [16.4s]
  ep  97: R(t)=0.353  acc1=14.89%  acc2=14.92%  ens=14.91%  (best 19.29 @ ep 6)  [15.9s]
  ep  98: R(t)=0.353  acc1=14.62%  acc2=14.66%  ens=14.64%  (best 19.29 @ ep 6)  [16.7s]
  ep  99: R(t)=0.353  acc1=14.95%  acc2=14.95%  ens=14.95%  (best 19.29 @ ep 6)  [24.5s]  [sel1+2: prec=0.234, recall_clean=0.233]

saved /path/to/ciln-workspace/journal_edition/robustness_transfer/results_v4/coteaching/ours_v2_noisy__glass_blur_sev3__seed2.json: best ens-acc 19.29% @ ep 6
