condition=ours_v2_clean__elastic_transform_sev3 seed=0 gpu=1
/path/to/ciln-workspace/venv/lib/python3.12/site-packages/torchvision/datasets/cifar.py:83: VisibleDeprecationWarning: dtype(): align should be passed as Python or NumPy boolean but got `align=0`. Did you mean to pass a tuple to create a subarray type? (Deprecated NumPy 2.4)
  entry = pickle.load(f, encoding="latin1")
image_source=clean  N_train=22500  noise_rate=17.52%
  ep   0: acc1=29.01%  acc2=38.20%  ens=33.61%  (best 33.61 @ ep 0)  [8.8s]
  ep   1: acc1=38.45%  acc2=45.87%  ens=42.16%  (best 42.16 @ ep 1)  [7.3s]
  ep   2: acc1=51.49%  acc2=54.77%  ens=53.13%  (best 53.13 @ ep 2)  [7.6s]
  ep   3: acc1=52.62%  acc2=58.71%  ens=55.66%  (best 55.66 @ ep 3)  [7.9s]
  ep   4: acc1=52.90%  acc2=59.21%  ens=56.05%  (best 56.05 @ ep 4)  [7.5s]
  ep   5: acc1=65.27%  acc2=63.78%  ens=64.53%  (best 64.53 @ ep 5)  [11.8s]  [w on clean=0.818, on noisy=0.431]
  ep   6: acc1=61.91%  acc2=56.94%  ens=59.42%  (best 64.53 @ ep 5)  [7.8s]
  ep   7: acc1=64.36%  acc2=68.19%  ens=66.27%  (best 66.27 @ ep 7)  [23.8s]
  ep   8: acc1=67.49%  acc2=65.62%  ens=66.56%  (best 66.56 @ ep 8)  [24.8s]
  ep   9: acc1=67.52%  acc2=68.47%  ens=68.00%  (best 68.00 @ ep 9)  [7.7s]
  ep  10: acc1=44.20%  acc2=33.96%  ens=39.08%  (best 68.00 @ ep 9)  [43.6s]  [w on clean=0.658, on noisy=0.355]
  ep  11: acc1=26.20%  acc2=21.47%  ens=23.84%  (best 68.00 @ ep 9)  [34.1s]
  ep  12: acc1=16.90%  acc2=13.72%  ens=15.31%  (best 68.00 @ ep 9)  [31.2s]
  ep  13: acc1=18.59%  acc2=18.81%  ens=18.70%  (best 68.00 @ ep 9)  [182.4s]
  ep  14: acc1=21.69%  acc2=13.73%  ens=17.71%  (best 68.00 @ ep 9)  [136.6s]
  ep  15: acc1=20.80%  acc2=24.27%  ens=22.54%  (best 68.00 @ ep 9)  [32.0s]
  ep  16: acc1=26.11%  acc2=21.75%  ens=23.93%  (best 68.00 @ ep 9)  [114.5s]
  ep  17: acc1=30.48%  acc2=35.31%  ens=32.90%  (best 68.00 @ ep 9)  [34.4s]
  ep  18: acc1=28.66%  acc2=32.57%  ens=30.62%  (best 68.00 @ ep 9)  [34.6s]
  ep  19: acc1=31.67%  acc2=35.53%  ens=33.60%  (best 68.00 @ ep 9)  [33.6s]
  ep  20: acc1=27.82%  acc2=29.31%  ens=28.57%  (best 68.00 @ ep 9)  [130.6s]  [w on clean=0.699, on noisy=0.417]
  ep  21: acc1=34.08%  acc2=32.56%  ens=33.32%  (best 68.00 @ ep 9)  [32.3s]
  ep  22: acc1=33.56%  acc2=36.24%  ens=34.90%  (best 68.00 @ ep 9)  [94.9s]
  ep  23: acc1=35.65%  acc2=34.38%  ens=35.01%  (best 68.00 @ ep 9)  [35.0s]
  ep  24: acc1=34.75%  acc2=39.11%  ens=36.93%  (best 68.00 @ ep 9)  [65.0s]
  ep  25: acc1=34.57%  acc2=39.33%  ens=36.95%  (best 68.00 @ ep 9)  [34.2s]
  ep  26: acc1=36.75%  acc2=36.44%  ens=36.59%  (best 68.00 @ ep 9)  [49.4s]
  ep  27: acc1=37.94%  acc2=40.61%  ens=39.28%  (best 68.00 @ ep 9)  [37.2s]
  ep  28: acc1=38.35%  acc2=36.21%  ens=37.28%  (best 68.00 @ ep 9)  [79.1s]
  ep  29: acc1=40.52%  acc2=43.00%  ens=41.76%  (best 68.00 @ ep 9)  [37.8s]
  ep  30: acc1=33.19%  acc2=36.74%  ens=34.97%  (best 68.00 @ ep 9)  [45.6s]  [w on clean=0.713, on noisy=0.474]
  ep  31: acc1=39.23%  acc2=41.41%  ens=40.32%  (best 68.00 @ ep 9)  [36.8s]
  ep  32: acc1=42.13%  acc2=40.83%  ens=41.48%  (best 68.00 @ ep 9)  [34.2s]
  ep  33: acc1=41.85%  acc2=42.37%  ens=42.11%  (best 68.00 @ ep 9)  [79.0s]
  ep  34: acc1=39.43%  acc2=38.24%  ens=38.83%  (best 68.00 @ ep 9)  [35.5s]
  ep  35: acc1=32.35%  acc2=34.57%  ens=33.46%  (best 68.00 @ ep 9)  [91.6s]
  ep  36: acc1=42.51%  acc2=38.09%  ens=40.30%  (best 68.00 @ ep 9)  [35.6s]
  ep  37: acc1=39.73%  acc2=40.00%  ens=39.87%  (best 68.00 @ ep 9)  [79.3s]
  ep  38: acc1=43.57%  acc2=41.89%  ens=42.73%  (best 68.00 @ ep 9)  [35.5s]
  ep  39: acc1=41.68%  acc2=41.38%  ens=41.53%  (best 68.00 @ ep 9)  [46.7s]
  ep  40: acc1=42.27%  acc2=39.33%  ens=40.80%  (best 68.00 @ ep 9)  [34.9s]
  ep  41: acc1=39.08%  acc2=45.15%  ens=42.12%  (best 68.00 @ ep 9)  [40.1s]
  ep  42: acc1=42.15%  acc2=40.49%  ens=41.32%  (best 68.00 @ ep 9)  [71.8s]
  ep  43: acc1=38.28%  acc2=38.17%  ens=38.22%  (best 68.00 @ ep 9)  [34.6s]
  ep  44: acc1=41.05%  acc2=41.11%  ens=41.08%  (best 68.00 @ ep 9)  [90.7s]
  ep  45: acc1=39.57%  acc2=43.36%  ens=41.46%  (best 68.00 @ ep 9)  [58.3s]
  ep  46: acc1=40.15%  acc2=41.61%  ens=40.88%  (best 68.00 @ ep 9)  [43.3s]
  ep  47: acc1=43.26%  acc2=45.36%  ens=44.31%  (best 68.00 @ ep 9)  [115.0s]
  ep  48: acc1=42.73%  acc2=42.38%  ens=42.55%  (best 68.00 @ ep 9)  [35.1s]
  ep  49: acc1=44.00%  acc2=43.78%  ens=43.89%  (best 68.00 @ ep 9)  [292.8s]
  ep  50: acc1=45.34%  acc2=43.33%  ens=44.34%  (best 68.00 @ ep 9)  [39.9s]  [w on clean=0.713, on noisy=0.477]
  ep  51: acc1=43.93%  acc2=44.96%  ens=44.45%  (best 68.00 @ ep 9)  [68.7s]
  ep  52: acc1=47.35%  acc2=45.19%  ens=46.27%  (best 68.00 @ ep 9)  [36.3s]
  ep  53: acc1=44.13%  acc2=46.16%  ens=45.15%  (best 68.00 @ ep 9)  [52.8s]
  ep  54: acc1=46.46%  acc2=46.29%  ens=46.38%  (best 68.00 @ ep 9)  [34.0s]
  ep  55: acc1=46.27%  acc2=45.10%  ens=45.68%  (best 68.00 @ ep 9)  [45.5s]
  ep  56: acc1=41.56%  acc2=44.50%  ens=43.03%  (best 68.00 @ ep 9)  [35.3s]
  ep  57: acc1=44.40%  acc2=46.19%  ens=45.29%  (best 68.00 @ ep 9)  [75.6s]
  ep  58: acc1=43.07%  acc2=45.87%  ens=44.47%  (best 68.00 @ ep 9)  [37.2s]
  ep  59: acc1=45.91%  acc2=45.99%  ens=45.95%  (best 68.00 @ ep 9)  [34.2s]
  ep  60: acc1=46.63%  acc2=46.38%  ens=46.50%  (best 68.00 @ ep 9)  [34.5s]
  ep  61: acc1=47.01%  acc2=44.58%  ens=45.79%  (best 68.00 @ ep 9)  [34.2s]
  ep  62: acc1=44.76%  acc2=47.61%  ens=46.18%  (best 68.00 @ ep 9)  [87.2s]
  ep  63: acc1=45.87%  acc2=43.36%  ens=44.62%  (best 68.00 @ ep 9)  [34.4s]
  ep  64: acc1=45.69%  acc2=47.77%  ens=46.73%  (best 68.00 @ ep 9)  [35.3s]
  ep  65: acc1=47.08%  acc2=47.03%  ens=47.05%  (best 68.00 @ ep 9)  [34.3s]
  ep  66: acc1=47.01%  acc2=47.39%  ens=47.20%  (best 68.00 @ ep 9)  [45.4s]
  ep  67: acc1=46.84%  acc2=44.88%  ens=45.86%  (best 68.00 @ ep 9)  [37.7s]
  ep  68: acc1=47.87%  acc2=45.72%  ens=46.79%  (best 68.00 @ ep 9)  [143.6s]
  ep  69: acc1=47.61%  acc2=46.85%  ens=47.23%  (best 68.00 @ ep 9)  [40.0s]
  ep  70: acc1=48.07%  acc2=46.45%  ens=47.26%  (best 68.00 @ ep 9)  [99.5s]
  ep  71: acc1=47.39%  acc2=46.24%  ens=46.81%  (best 68.00 @ ep 9)  [41.4s]
  ep  72: acc1=47.00%  acc2=46.82%  ens=46.91%  (best 68.00 @ ep 9)  [64.0s]
  ep  73: acc1=48.15%  acc2=49.13%  ens=48.64%  (best 68.00 @ ep 9)  [35.5s]
  ep  74: acc1=48.16%  acc2=49.26%  ens=48.71%  (best 68.00 @ ep 9)  [142.3s]
  ep  75: acc1=47.51%  acc2=49.45%  ens=48.48%  (best 68.00 @ ep 9)  [42.2s]  [w on clean=0.713, on noisy=0.476]
  ep  76: acc1=48.42%  acc2=49.49%  ens=48.96%  (best 68.00 @ ep 9)  [120.9s]
  ep  77: acc1=48.35%  acc2=47.85%  ens=48.10%  (best 68.00 @ ep 9)  [35.1s]
  ep  78: acc1=49.23%  acc2=48.47%  ens=48.85%  (best 68.00 @ ep 9)  [47.3s]
  ep  79: acc1=48.18%  acc2=49.57%  ens=48.88%  (best 68.00 @ ep 9)  [34.7s]
  ep  80: acc1=49.09%  acc2=49.33%  ens=49.21%  (best 68.00 @ ep 9)  [75.3s]
  ep  81: acc1=49.20%  acc2=50.50%  ens=49.85%  (best 68.00 @ ep 9)  [35.5s]
  ep  82: acc1=49.18%  acc2=50.22%  ens=49.70%  (best 68.00 @ ep 9)  [66.0s]
  ep  83: acc1=50.75%  acc2=50.07%  ens=50.41%  (best 68.00 @ ep 9)  [35.2s]
  ep  84: acc1=48.55%  acc2=49.92%  ens=49.23%  (best 68.00 @ ep 9)  [35.0s]
  ep  85: acc1=50.14%  acc2=49.45%  ens=49.80%  (best 68.00 @ ep 9)  [72.5s]
  ep  86: acc1=49.80%  acc2=50.59%  ens=50.20%  (best 68.00 @ ep 9)  [43.2s]
  ep  87: acc1=50.49%  acc2=50.82%  ens=50.66%  (best 68.00 @ ep 9)  [46.1s]
  ep  88: acc1=50.00%  acc2=50.38%  ens=50.19%  (best 68.00 @ ep 9)  [35.3s]
  ep  89: acc1=49.68%  acc2=50.48%  ens=50.08%  (best 68.00 @ ep 9)  [83.1s]
  ep  90: acc1=49.37%  acc2=50.12%  ens=49.74%  (best 68.00 @ ep 9)  [34.5s]
  ep  91: acc1=49.87%  acc2=50.27%  ens=50.07%  (best 68.00 @ ep 9)  [38.4s]
  ep  92: acc1=49.79%  acc2=50.38%  ens=50.09%  (best 68.00 @ ep 9)  [36.1s]
  ep  93: acc1=50.27%  acc2=50.64%  ens=50.46%  (best 68.00 @ ep 9)  [99.5s]
  ep  94: acc1=50.45%  acc2=50.95%  ens=50.70%  (best 68.00 @ ep 9)  [35.8s]
  ep  95: acc1=50.65%  acc2=50.82%  ens=50.73%  (best 68.00 @ ep 9)  [117.6s]
  ep  96: acc1=50.44%  acc2=51.12%  ens=50.78%  (best 68.00 @ ep 9)  [35.6s]
  ep  97: acc1=50.51%  acc2=50.56%  ens=50.53%  (best 68.00 @ ep 9)  [124.9s]
  ep  98: acc1=50.16%  acc2=50.61%  ens=50.39%  (best 68.00 @ ep 9)  [34.8s]
  ep  99: acc1=50.44%  acc2=50.88%  ens=50.66%  (best 68.00 @ ep 9)  [62.4s]  [w on clean=0.713, on noisy=0.475]

saved /path/to/ciln-workspace/journal_edition/robustness_transfer/results_v4/dividemix/ours_v2_clean__elastic_transform_sev3__seed0.json: best ens-acc 68.00% @ ep 9
