condition=ours_v2_noisy__pixelate_sev5 seed=0 gpu=2
/path/to/ciln-workspace/venv/lib/python3.12/site-packages/torchvision/datasets/cifar.py:83: VisibleDeprecationWarning: dtype(): align should be passed as Python or NumPy boolean but got `align=0`. Did you mean to pass a tuple to create a subarray type? (Deprecated NumPy 2.4)
  entry = pickle.load(f, encoding="latin1")
image_source=noisy  N_train=22500  noise_rate=58.23%
  ep   0: acc1=19.62%  acc2=20.11%  ens=19.86%  (best 19.86 @ ep 0)  [8.2s]
  ep   1: acc1=26.07%  acc2=25.52%  ens=25.80%  (best 25.80 @ ep 1)  [11.1s]
  ep   2: acc1=24.85%  acc2=30.84%  ens=27.84%  (best 27.84 @ ep 2)  [7.4s]
  ep   3: acc1=30.06%  acc2=29.56%  ens=29.81%  (best 29.81 @ ep 3)  [7.1s]
  ep   4: acc1=30.21%  acc2=29.06%  ens=29.64%  (best 29.81 @ ep 3)  [7.0s]
  ep   5: acc1=29.92%  acc2=31.88%  ens=30.90%  (best 30.90 @ ep 5)  [11.0s]  [w on clean=0.696, on noisy=0.660]
  ep   6: acc1=36.35%  acc2=34.63%  ens=35.49%  (best 35.49 @ ep 6)  [7.4s]
  ep   7: acc1=35.53%  acc2=34.34%  ens=34.94%  (best 35.49 @ ep 6)  [7.6s]
  ep   8: acc1=37.98%  acc2=35.95%  ens=36.97%  (best 36.97 @ ep 8)  [7.1s]
  ep   9: acc1=33.20%  acc2=36.49%  ens=34.85%  (best 36.97 @ ep 8)  [30.0s]
  ep  10: acc1=23.51%  acc2=16.99%  ens=20.25%  (best 36.97 @ ep 8)  [179.8s]  [w on clean=0.651, on noisy=0.696]
  ep  11: acc1=16.63%  acc2=16.90%  ens=16.77%  (best 36.97 @ ep 8)  [36.5s]
  ep  12: acc1=14.87%  acc2=13.66%  ens=14.27%  (best 36.97 @ ep 8)  [265.5s]
  ep  13: acc1=14.75%  acc2=15.30%  ens=15.02%  (best 36.97 @ ep 8)  [34.9s]
  ep  14: acc1=15.01%  acc2=14.05%  ens=14.53%  (best 36.97 @ ep 8)  [63.3s]
  ep  15: acc1=14.61%  acc2=13.20%  ens=13.91%  (best 36.97 @ ep 8)  [36.3s]
  ep  16: acc1=12.23%  acc2=17.35%  ens=14.79%  (best 36.97 @ ep 8)  [82.3s]
  ep  17: acc1=12.92%  acc2=12.44%  ens=12.68%  (best 36.97 @ ep 8)  [37.4s]
  ep  18: acc1=13.06%  acc2=16.73%  ens=14.89%  (best 36.97 @ ep 8)  [118.5s]
  ep  19: acc1=10.39%  acc2=10.55%  ens=10.47%  (best 36.97 @ ep 8)  [38.3s]
  ep  20: acc1=12.69%  acc2=19.18%  ens=15.93%  (best 36.97 @ ep 8)  [41.5s]  [w on clean=0.668, on noisy=0.841]
  ep  21: acc1=16.76%  acc2=19.06%  ens=17.91%  (best 36.97 @ ep 8)  [64.9s]
  ep  22: acc1=13.86%  acc2=16.80%  ens=15.33%  (best 36.97 @ ep 8)  [37.3s]
  ep  23: acc1=11.61%  acc2=14.68%  ens=13.15%  (best 36.97 @ ep 8)  [104.6s]
  ep  24: acc1=17.52%  acc2=15.73%  ens=16.62%  (best 36.97 @ ep 8)  [61.1s]
  ep  25: acc1=21.96%  acc2=21.01%  ens=21.48%  (best 36.97 @ ep 8)  [58.3s]
  ep  26: acc1=20.47%  acc2=19.63%  ens=20.05%  (best 36.97 @ ep 8)  [69.2s]
  ep  27: acc1=19.44%  acc2=15.84%  ens=17.64%  (best 36.97 @ ep 8)  [41.8s]
  ep  28: acc1=15.10%  acc2=16.92%  ens=16.01%  (best 36.97 @ ep 8)  [115.3s]
  ep  29: acc1=19.93%  acc2=17.36%  ens=18.64%  (best 36.97 @ ep 8)  [43.2s]
  ep  30: acc1=16.15%  acc2=20.34%  ens=18.25%  (best 36.97 @ ep 8)  [52.6s]  [w on clean=0.668, on noisy=0.841]
  ep  31: acc1=24.29%  acc2=19.65%  ens=21.97%  (best 36.97 @ ep 8)  [36.2s]
  ep  32: acc1=17.37%  acc2=23.64%  ens=20.51%  (best 36.97 @ ep 8)  [285.9s]
  ep  33: acc1=19.09%  acc2=19.01%  ens=19.05%  (best 36.97 @ ep 8)  [39.1s]
  ep  34: acc1=20.25%  acc2=21.43%  ens=20.84%  (best 36.97 @ ep 8)  [245.1s]
  ep  35: acc1=15.09%  acc2=15.34%  ens=15.21%  (best 36.97 @ ep 8)  [95.9s]
  ep  36: acc1=21.84%  acc2=22.49%  ens=22.17%  (best 36.97 @ ep 8)  [70.7s]
  ep  37: acc1=22.97%  acc2=22.11%  ens=22.54%  (best 36.97 @ ep 8)  [38.9s]
  ep  38: acc1=23.51%  acc2=24.20%  ens=23.85%  (best 36.97 @ ep 8)  [132.1s]
  ep  39: acc1=23.99%  acc2=24.35%  ens=24.17%  (best 36.97 @ ep 8)  [39.2s]
  ep  40: acc1=24.16%  acc2=23.30%  ens=23.73%  (best 36.97 @ ep 8)  [87.3s]
  ep  41: acc1=21.41%  acc2=24.70%  ens=23.05%  (best 36.97 @ ep 8)  [39.1s]
  ep  42: acc1=24.17%  acc2=23.46%  ens=23.82%  (best 36.97 @ ep 8)  [41.5s]
  ep  43: acc1=22.00%  acc2=22.35%  ens=22.18%  (best 36.97 @ ep 8)  [93.0s]
  ep  44: acc1=23.71%  acc2=23.97%  ens=23.84%  (best 36.97 @ ep 8)  [100.1s]
  ep  45: acc1=24.65%  acc2=20.59%  ens=22.62%  (best 36.97 @ ep 8)  [72.4s]
  ep  46: acc1=25.84%  acc2=23.47%  ens=24.65%  (best 36.97 @ ep 8)  [184.7s]
  ep  47: acc1=22.82%  acc2=23.03%  ens=22.93%  (best 36.97 @ ep 8)  [38.7s]
  ep  48: acc1=24.71%  acc2=23.03%  ens=23.87%  (best 36.97 @ ep 8)  [37.8s]
  ep  49: acc1=22.39%  acc2=21.48%  ens=21.93%  (best 36.97 @ ep 8)  [55.9s]
  ep  50: acc1=22.61%  acc2=24.21%  ens=23.41%  (best 36.97 @ ep 8)  [42.6s]  [w on clean=0.668, on noisy=0.841]
  ep  51: acc1=25.15%  acc2=23.96%  ens=24.55%  (best 36.97 @ ep 8)  [146.1s]
  ep  52: acc1=23.63%  acc2=23.71%  ens=23.67%  (best 36.97 @ ep 8)  [38.5s]
  ep  53: acc1=20.82%  acc2=25.71%  ens=23.27%  (best 36.97 @ ep 8)  [51.3s]
  ep  54: acc1=22.04%  acc2=22.35%  ens=22.20%  (best 36.97 @ ep 8)  [38.8s]
  ep  55: acc1=24.39%  acc2=22.80%  ens=23.59%  (best 36.97 @ ep 8)  [70.3s]
  ep  56: acc1=23.89%  acc2=24.22%  ens=24.05%  (best 36.97 @ ep 8)  [46.6s]
  ep  57: acc1=26.04%  acc2=24.19%  ens=25.11%  (best 36.97 @ ep 8)  [36.3s]
  ep  58: acc1=25.60%  acc2=25.56%  ens=25.58%  (best 36.97 @ ep 8)  [51.8s]
  ep  59: acc1=26.24%  acc2=23.80%  ens=25.02%  (best 36.97 @ ep 8)  [37.4s]
  ep  60: acc1=24.72%  acc2=24.66%  ens=24.69%  (best 36.97 @ ep 8)  [122.4s]
  ep  61: acc1=23.71%  acc2=22.86%  ens=23.29%  (best 36.97 @ ep 8)  [38.7s]
  ep  62: acc1=24.82%  acc2=23.80%  ens=24.31%  (best 36.97 @ ep 8)  [41.7s]
  ep  63: acc1=24.74%  acc2=23.25%  ens=24.00%  (best 36.97 @ ep 8)  [42.3s]
  ep  64: acc1=23.80%  acc2=24.11%  ens=23.95%  (best 36.97 @ ep 8)  [36.8s]
  ep  65: acc1=24.53%  acc2=24.07%  ens=24.30%  (best 36.97 @ ep 8)  [59.6s]
  ep  66: acc1=25.52%  acc2=23.58%  ens=24.55%  (best 36.97 @ ep 8)  [38.3s]
  ep  67: acc1=23.48%  acc2=26.06%  ens=24.77%  (best 36.97 @ ep 8)  [88.2s]
  ep  68: acc1=25.01%  acc2=24.46%  ens=24.74%  (best 36.97 @ ep 8)  [39.0s]
  ep  69: acc1=23.47%  acc2=25.23%  ens=24.35%  (best 36.97 @ ep 8)  [38.1s]
  ep  70: acc1=24.43%  acc2=24.79%  ens=24.61%  (best 36.97 @ ep 8)  [73.3s]
  ep  71: acc1=25.16%  acc2=25.94%  ens=25.55%  (best 36.97 @ ep 8)  [40.3s]
  ep  72: acc1=24.87%  acc2=24.95%  ens=24.91%  (best 36.97 @ ep 8)  [38.9s]
  ep  73: acc1=25.11%  acc2=25.30%  ens=25.20%  (best 36.97 @ ep 8)  [151.5s]
  ep  74: acc1=23.57%  acc2=26.85%  ens=25.21%  (best 36.97 @ ep 8)  [78.0s]
  ep  75: acc1=24.80%  acc2=25.21%  ens=25.00%  (best 36.97 @ ep 8)  [100.4s]  [w on clean=0.668, on noisy=0.841]
  ep  76: acc1=24.91%  acc2=25.62%  ens=25.26%  (best 36.97 @ ep 8)  [37.7s]
  ep  77: acc1=25.70%  acc2=25.26%  ens=25.48%  (best 36.97 @ ep 8)  [68.2s]
  ep  78: acc1=24.41%  acc2=26.21%  ens=25.31%  (best 36.97 @ ep 8)  [56.4s]
  ep  79: acc1=26.25%  acc2=25.62%  ens=25.93%  (best 36.97 @ ep 8)  [41.0s]
  ep  80: acc1=25.57%  acc2=25.90%  ens=25.73%  (best 36.97 @ ep 8)  [72.7s]
  ep  81: acc1=25.46%  acc2=25.96%  ens=25.71%  (best 36.97 @ ep 8)  [40.1s]
  ep  82: acc1=25.31%  acc2=26.02%  ens=25.66%  (best 36.97 @ ep 8)  [144.7s]
  ep  83: acc1=25.02%  acc2=25.98%  ens=25.50%  (best 36.97 @ ep 8)  [36.5s]
  ep  84: acc1=25.28%  acc2=25.22%  ens=25.25%  (best 36.97 @ ep 8)  [58.6s]
  ep  85: acc1=24.85%  acc2=25.10%  ens=24.98%  (best 36.97 @ ep 8)  [87.4s]
  ep  86: acc1=25.56%  acc2=25.58%  ens=25.57%  (best 36.97 @ ep 8)  [69.9s]
  ep  87: acc1=25.42%  acc2=26.54%  ens=25.98%  (best 36.97 @ ep 8)  [100.3s]
  ep  88: acc1=25.48%  acc2=25.72%  ens=25.60%  (best 36.97 @ ep 8)  [61.3s]
  ep  89: acc1=24.74%  acc2=25.08%  ens=24.91%  (best 36.97 @ ep 8)  [135.4s]
  ep  90: acc1=25.14%  acc2=25.83%  ens=25.49%  (best 36.97 @ ep 8)  [85.3s]
  ep  91: acc1=25.30%  acc2=25.60%  ens=25.45%  (best 36.97 @ ep 8)  [38.0s]
  ep  92: acc1=25.30%  acc2=25.99%  ens=25.64%  (best 36.97 @ ep 8)  [37.2s]
  ep  93: acc1=25.73%  acc2=26.02%  ens=25.87%  (best 36.97 @ ep 8)  [223.9s]
  ep  94: acc1=25.31%  acc2=25.68%  ens=25.50%  (best 36.97 @ ep 8)  [103.3s]
  ep  95: acc1=25.26%  acc2=26.14%  ens=25.70%  (best 36.97 @ ep 8)  [74.9s]
  ep  96: acc1=25.60%  acc2=26.14%  ens=25.87%  (best 36.97 @ ep 8)  [37.7s]
  ep  97: acc1=25.11%  acc2=26.09%  ens=25.60%  (best 36.97 @ ep 8)  [155.3s]
  ep  98: acc1=25.33%  acc2=26.05%  ens=25.69%  (best 36.97 @ ep 8)  [74.3s]
  ep  99: acc1=25.28%  acc2=26.28%  ens=25.78%  (best 36.97 @ ep 8)  [141.5s]  [w on clean=0.668, on noisy=0.841]

saved /path/to/ciln-workspace/journal_edition/robustness_transfer/results_v4/dividemix/ours_v2_noisy__pixelate_sev5__seed0.json: best ens-acc 36.97% @ ep 8
