condition=ours_v2_noisy__snow_sev3 seed=1 gpu=2
/path/to/ciln-workspace/venv/lib/python3.12/site-packages/torchvision/datasets/cifar.py:83: VisibleDeprecationWarning: dtype(): align should be passed as Python or NumPy boolean but got `align=0`. Did you mean to pass a tuple to create a subarray type? (Deprecated NumPy 2.4)
  entry = pickle.load(f, encoding="latin1")
image_source=noisy  N_train=22500  noise_rate=19.37%
  ep   0: acc1=38.10%  acc2=35.73%  ens=36.91%  (best 36.91 @ ep 0)  [8.0s]
  ep   1: acc1=44.41%  acc2=40.24%  ens=42.33%  (best 42.33 @ ep 1)  [7.0s]
  ep   2: acc1=52.33%  acc2=44.34%  ens=48.34%  (best 48.34 @ ep 2)  [7.0s]
  ep   3: acc1=53.78%  acc2=52.20%  ens=52.99%  (best 52.99 @ ep 3)  [7.3s]
  ep   4: acc1=56.59%  acc2=57.46%  ens=57.02%  (best 57.02 @ ep 4)  [21.0s]
  ep   5: acc1=51.15%  acc2=59.50%  ens=55.33%  (best 57.02 @ ep 4)  [37.6s]  [w on clean=0.723, on noisy=0.469]
  ep   6: acc1=61.13%  acc2=63.91%  ens=62.52%  (best 62.52 @ ep 6)  [7.7s]
  ep   7: acc1=65.71%  acc2=62.53%  ens=64.12%  (best 64.12 @ ep 7)  [7.5s]
  ep   8: acc1=67.45%  acc2=67.04%  ens=67.25%  (best 67.25 @ ep 8)  [7.2s]
  ep   9: acc1=66.14%  acc2=65.85%  ens=66.00%  (best 67.25 @ ep 8)  [7.9s]
  ep  10: acc1=50.08%  acc2=41.97%  ens=46.03%  (best 67.25 @ ep 8)  [40.9s]  [w on clean=0.666, on noisy=0.397]
  ep  11: acc1=39.40%  acc2=42.23%  ens=40.81%  (best 67.25 @ ep 8)  [30.4s]
  ep  12: acc1=41.80%  acc2=30.88%  ens=36.34%  (best 67.25 @ ep 8)  [145.6s]
  ep  13: acc1=36.36%  acc2=36.41%  ens=36.38%  (best 67.25 @ ep 8)  [36.6s]
  ep  14: acc1=34.74%  acc2=28.50%  ens=31.62%  (best 67.25 @ ep 8)  [47.0s]
  ep  15: acc1=29.30%  acc2=31.83%  ens=30.56%  (best 67.25 @ ep 8)  [37.1s]
  ep  16: acc1=32.13%  acc2=29.19%  ens=30.66%  (best 67.25 @ ep 8)  [87.8s]
  ep  17: acc1=31.20%  acc2=29.65%  ens=30.43%  (best 67.25 @ ep 8)  [43.2s]
  ep  18: acc1=31.17%  acc2=28.38%  ens=29.77%  (best 67.25 @ ep 8)  [47.2s]
  ep  19: acc1=31.52%  acc2=29.79%  ens=30.65%  (best 67.25 @ ep 8)  [171.3s]
  ep  20: acc1=30.28%  acc2=30.83%  ens=30.55%  (best 67.25 @ ep 8)  [55.7s]  [w on clean=0.905, on noisy=0.826]
  ep  21: acc1=32.69%  acc2=29.90%  ens=31.30%  (best 67.25 @ ep 8)  [179.5s]
  ep  22: acc1=21.74%  acc2=34.78%  ens=28.26%  (best 67.25 @ ep 8)  [45.4s]
  ep  23: acc1=33.88%  acc2=31.35%  ens=32.62%  (best 67.25 @ ep 8)  [45.3s]
  ep  24: acc1=25.61%  acc2=29.49%  ens=27.55%  (best 67.25 @ ep 8)  [140.0s]
  ep  25: acc1=31.39%  acc2=27.77%  ens=29.58%  (best 67.25 @ ep 8)  [70.3s]
  ep  26: acc1=30.03%  acc2=31.41%  ens=30.72%  (best 67.25 @ ep 8)  [176.9s]
  ep  27: acc1=40.54%  acc2=37.01%  ens=38.77%  (best 67.25 @ ep 8)  [43.3s]
  ep  28: acc1=34.17%  acc2=33.85%  ens=34.01%  (best 67.25 @ ep 8)  [110.8s]
  ep  29: acc1=37.73%  acc2=34.82%  ens=36.27%  (best 67.25 @ ep 8)  [42.0s]
  ep  30: acc1=30.62%  acc2=34.02%  ens=32.32%  (best 67.25 @ ep 8)  [52.3s]  [w on clean=0.905, on noisy=0.830]
  ep  31: acc1=35.56%  acc2=36.35%  ens=35.96%  (best 67.25 @ ep 8)  [45.2s]
  ep  32: acc1=39.01%  acc2=33.04%  ens=36.02%  (best 67.25 @ ep 8)  [56.9s]
  ep  33: acc1=37.32%  acc2=26.12%  ens=31.72%  (best 67.25 @ ep 8)  [41.8s]
  ep  34: acc1=41.77%  acc2=36.80%  ens=39.29%  (best 67.25 @ ep 8)  [154.8s]
  ep  35: acc1=36.43%  acc2=32.65%  ens=34.54%  (best 67.25 @ ep 8)  [42.5s]
  ep  36: acc1=47.30%  acc2=33.02%  ens=40.16%  (best 67.25 @ ep 8)  [68.2s]
  ep  37: acc1=37.55%  acc2=36.27%  ens=36.91%  (best 67.25 @ ep 8)  [107.0s]
  ep  38: acc1=38.19%  acc2=36.66%  ens=37.42%  (best 67.25 @ ep 8)  [42.1s]
  ep  39: acc1=37.79%  acc2=32.02%  ens=34.90%  (best 67.25 @ ep 8)  [101.5s]
  ep  40: acc1=39.90%  acc2=43.01%  ens=41.45%  (best 67.25 @ ep 8)  [52.2s]
  ep  41: acc1=42.78%  acc2=33.33%  ens=38.05%  (best 67.25 @ ep 8)  [42.7s]
  ep  42: acc1=39.05%  acc2=32.07%  ens=35.56%  (best 67.25 @ ep 8)  [333.1s]
  ep  43: acc1=31.80%  acc2=39.59%  ens=35.70%  (best 67.25 @ ep 8)  [42.3s]
  ep  44: acc1=40.53%  acc2=40.98%  ens=40.75%  (best 67.25 @ ep 8)  [182.1s]
  ep  45: acc1=42.58%  acc2=44.39%  ens=43.48%  (best 67.25 @ ep 8)  [46.6s]
  ep  46: acc1=35.31%  acc2=34.55%  ens=34.93%  (best 67.25 @ ep 8)  [67.9s]
  ep  47: acc1=43.27%  acc2=43.90%  ens=43.58%  (best 67.25 @ ep 8)  [44.1s]
  ep  48: acc1=41.68%  acc2=38.44%  ens=40.06%  (best 67.25 @ ep 8)  [43.3s]
  ep  49: acc1=40.54%  acc2=39.69%  ens=40.12%  (best 67.25 @ ep 8)  [49.9s]
  ep  50: acc1=45.08%  acc2=38.05%  ens=41.56%  (best 67.25 @ ep 8)  [87.2s]  [w on clean=0.905, on noisy=0.829]
  ep  51: acc1=40.64%  acc2=41.09%  ens=40.86%  (best 67.25 @ ep 8)  [41.8s]
  ep  52: acc1=39.57%  acc2=39.61%  ens=39.59%  (best 67.25 @ ep 8)  [42.2s]
  ep  53: acc1=36.38%  acc2=41.73%  ens=39.05%  (best 67.25 @ ep 8)  [197.3s]
  ep  54: acc1=42.19%  acc2=40.55%  ens=41.37%  (best 67.25 @ ep 8)  [42.1s]
  ep  55: acc1=43.16%  acc2=44.95%  ens=44.05%  (best 67.25 @ ep 8)  [43.6s]
  ep  56: acc1=46.00%  acc2=42.96%  ens=44.48%  (best 67.25 @ ep 8)  [71.1s]
  ep  57: acc1=41.10%  acc2=40.55%  ens=40.83%  (best 67.25 @ ep 8)  [41.7s]
  ep  58: acc1=42.54%  acc2=39.04%  ens=40.79%  (best 67.25 @ ep 8)  [94.7s]
  ep  59: acc1=43.13%  acc2=40.23%  ens=41.68%  (best 67.25 @ ep 8)  [111.1s]
  ep  60: acc1=41.09%  acc2=41.72%  ens=41.41%  (best 67.25 @ ep 8)  [42.6s]
  ep  61: acc1=43.48%  acc2=42.97%  ens=43.23%  (best 67.25 @ ep 8)  [51.9s]
  ep  62: acc1=42.67%  acc2=45.49%  ens=44.08%  (best 67.25 @ ep 8)  [139.4s]
  ep  63: acc1=45.16%  acc2=42.57%  ens=43.86%  (best 67.25 @ ep 8)  [49.5s]
  ep  64: acc1=43.64%  acc2=45.63%  ens=44.64%  (best 67.25 @ ep 8)  [219.9s]
  ep  65: acc1=46.91%  acc2=39.69%  ens=43.30%  (best 67.25 @ ep 8)  [42.1s]
  ep  66: acc1=41.17%  acc2=44.81%  ens=42.99%  (best 67.25 @ ep 8)  [44.9s]
  ep  67: acc1=45.84%  acc2=44.67%  ens=45.26%  (best 67.25 @ ep 8)  [47.0s]
  ep  68: acc1=44.96%  acc2=46.15%  ens=45.55%  (best 67.25 @ ep 8)  [79.6s]
  ep  69: acc1=44.62%  acc2=44.71%  ens=44.66%  (best 67.25 @ ep 8)  [157.4s]
  ep  70: acc1=43.88%  acc2=44.25%  ens=44.06%  (best 67.25 @ ep 8)  [49.7s]
  ep  71: acc1=46.66%  acc2=47.49%  ens=47.08%  (best 67.25 @ ep 8)  [112.7s]
  ep  72: acc1=47.69%  acc2=43.19%  ens=45.44%  (best 67.25 @ ep 8)  [42.5s]
  ep  73: acc1=49.10%  acc2=45.88%  ens=47.49%  (best 67.25 @ ep 8)  [103.1s]
  ep  74: acc1=48.34%  acc2=42.52%  ens=45.43%  (best 67.25 @ ep 8)  [45.5s]
  ep  75: acc1=48.34%  acc2=46.65%  ens=47.49%  (best 67.25 @ ep 8)  [44.6s]  [w on clean=0.905, on noisy=0.829]
  ep  76: acc1=48.92%  acc2=46.25%  ens=47.59%  (best 67.25 @ ep 8)  [43.4s]
  ep  77: acc1=48.68%  acc2=46.50%  ens=47.59%  (best 67.25 @ ep 8)  [131.6s]
  ep  78: acc1=46.35%  acc2=48.36%  ens=47.36%  (best 67.25 @ ep 8)  [41.1s]
  ep  79: acc1=47.67%  acc2=46.37%  ens=47.02%  (best 67.25 @ ep 8)  [161.7s]
  ep  80: acc1=47.39%  acc2=44.97%  ens=46.18%  (best 67.25 @ ep 8)  [68.2s]
  ep  81: acc1=49.63%  acc2=47.58%  ens=48.60%  (best 67.25 @ ep 8)  [41.9s]
  ep  82: acc1=48.19%  acc2=49.33%  ens=48.76%  (best 67.25 @ ep 8)  [73.7s]
  ep  83: acc1=50.50%  acc2=49.31%  ens=49.91%  (best 67.25 @ ep 8)  [84.2s]
  ep  84: acc1=50.57%  acc2=47.90%  ens=49.23%  (best 67.25 @ ep 8)  [65.8s]
  ep  85: acc1=48.37%  acc2=49.03%  ens=48.70%  (best 67.25 @ ep 8)  [169.9s]
  ep  86: acc1=48.40%  acc2=48.26%  ens=48.33%  (best 67.25 @ ep 8)  [42.6s]
  ep  87: acc1=48.64%  acc2=49.56%  ens=49.10%  (best 67.25 @ ep 8)  [168.3s]
  ep  88: acc1=49.80%  acc2=49.21%  ens=49.50%  (best 67.25 @ ep 8)  [42.1s]
  ep  89: acc1=48.92%  acc2=49.21%  ens=49.07%  (best 67.25 @ ep 8)  [132.1s]
  ep  90: acc1=49.70%  acc2=47.21%  ens=48.46%  (best 67.25 @ ep 8)  [62.1s]
  ep  91: acc1=49.04%  acc2=48.66%  ens=48.85%  (best 67.25 @ ep 8)  [43.8s]
  ep  92: acc1=50.40%  acc2=48.81%  ens=49.60%  (best 67.25 @ ep 8)  [163.4s]
  ep  93: acc1=50.08%  acc2=48.69%  ens=49.38%  (best 67.25 @ ep 8)  [42.1s]
  ep  94: acc1=50.25%  acc2=48.64%  ens=49.44%  (best 67.25 @ ep 8)  [45.2s]
  ep  95: acc1=49.46%  acc2=48.38%  ens=48.92%  (best 67.25 @ ep 8)  [105.2s]
  ep  96: acc1=49.98%  acc2=48.92%  ens=49.45%  (best 67.25 @ ep 8)  [44.0s]
  ep  97: acc1=51.04%  acc2=48.95%  ens=49.99%  (best 67.25 @ ep 8)  [47.1s]
  ep  98: acc1=50.27%  acc2=48.75%  ens=49.51%  (best 67.25 @ ep 8)  [57.7s]
  ep  99: acc1=50.46%  acc2=48.84%  ens=49.65%  (best 67.25 @ ep 8)  [49.1s]  [w on clean=0.905, on noisy=0.830]

saved /path/to/ciln-workspace/journal_edition/robustness_transfer/results_v4/dividemix/ours_v2_noisy__snow_sev3__seed1.json: best ens-acc 67.25% @ ep 8
