condition=ours_v2_noisy__defocus_blur_sev1 seed=2 gpu=2
/path/to/ciln-workspace/venv/lib/python3.12/site-packages/torchvision/datasets/cifar.py:83: VisibleDeprecationWarning: dtype(): align should be passed as Python or NumPy boolean but got `align=0`. Did you mean to pass a tuple to create a subarray type? (Deprecated NumPy 2.4)
  entry = pickle.load(f, encoding="latin1")
image_source=noisy  N=22500  noise_rate=8.62%
  ep   0: loss=1.8823  test_acc=34.76%  (best 34.76 @ ep 0)  [4.5s]
  ep   1: loss=1.5957  test_acc=38.70%  (best 38.70 @ ep 1)  [3.4s]
  ep   2: loss=1.3974  test_acc=52.80%  (best 52.80 @ ep 2)  [3.6s]
  ep   3: loss=1.2051  test_acc=58.74%  (best 58.74 @ ep 3)  [3.7s]
  ep   4: loss=1.0787  test_acc=58.58%  (best 58.74 @ ep 3)  [3.6s]
  ep   5: loss=0.9964  test_acc=56.05%  (best 58.74 @ ep 3)  [5.4s]  [logged per-sample loss: mean=1.227]
  ep   6: loss=0.9202  test_acc=61.09%  (best 61.09 @ ep 6)  [3.7s]
  ep   7: loss=0.8630  test_acc=67.45%  (best 67.45 @ ep 7)  [3.9s]
  ep   8: loss=0.8140  test_acc=68.84%  (best 68.84 @ ep 8)  [3.6s]
  ep   9: loss=0.7697  test_acc=69.72%  (best 69.72 @ ep 9)  [3.6s]
  ep  10: loss=0.7428  test_acc=69.07%  (best 69.72 @ ep 9)  [5.5s]  [logged per-sample loss: mean=0.867]
  ep  11: loss=0.7260  test_acc=70.61%  (best 70.61 @ ep 11)  [3.8s]
  ep  12: loss=0.7009  test_acc=57.12%  (best 70.61 @ ep 11)  [3.6s]
  ep  13: loss=0.6857  test_acc=73.04%  (best 73.04 @ ep 13)  [3.6s]
  ep  14: loss=0.6707  test_acc=68.62%  (best 73.04 @ ep 13)  [3.5s]
  ep  15: loss=0.6483  test_acc=68.09%  (best 73.04 @ ep 13)  [3.5s]
  ep  16: loss=0.6396  test_acc=73.80%  (best 73.80 @ ep 16)  [3.6s]
  ep  17: loss=0.6308  test_acc=72.72%  (best 73.80 @ ep 16)  [3.7s]
  ep  18: loss=0.6237  test_acc=71.70%  (best 73.80 @ ep 16)  [3.5s]
  ep  19: loss=0.6077  test_acc=74.40%  (best 74.40 @ ep 19)  [3.6s]
  ep  20: loss=0.6006  test_acc=77.19%  (best 77.19 @ ep 20)  [5.4s]  [logged per-sample loss: mean=0.595]
  ep  21: loss=0.5958  test_acc=60.67%  (best 77.19 @ ep 20)  [3.5s]
  ep  22: loss=0.5775  test_acc=72.54%  (best 77.19 @ ep 20)  [3.7s]
  ep  23: loss=0.5811  test_acc=74.57%  (best 77.19 @ ep 20)  [3.5s]
  ep  24: loss=0.5648  test_acc=72.62%  (best 77.19 @ ep 20)  [3.6s]
  ep  25: loss=0.5640  test_acc=69.15%  (best 77.19 @ ep 20)  [3.6s]
  ep  26: loss=0.5611  test_acc=72.45%  (best 77.19 @ ep 20)  [3.5s]
  ep  27: loss=0.5518  test_acc=69.86%  (best 77.19 @ ep 20)  [3.8s]
  ep  28: loss=0.5442  test_acc=70.80%  (best 77.19 @ ep 20)  [3.6s]
  ep  29: loss=0.5256  test_acc=74.98%  (best 77.19 @ ep 20)  [3.6s]
  ep  30: loss=0.5332  test_acc=67.58%  (best 77.19 @ ep 20)  [5.2s]  [logged per-sample loss: mean=0.895]
  ep  31: loss=0.5236  test_acc=71.98%  (best 77.19 @ ep 20)  [8.5s]
  ep  32: loss=0.5261  test_acc=73.48%  (best 77.19 @ ep 20)  [9.9s]
  ep  33: loss=0.5116  test_acc=75.91%  (best 77.19 @ ep 20)  [9.2s]
  ep  34: loss=0.5177  test_acc=76.21%  (best 77.19 @ ep 20)  [9.3s]
  ep  35: loss=0.5006  test_acc=78.32%  (best 78.32 @ ep 35)  [9.7s]
  ep  36: loss=0.4947  test_acc=75.83%  (best 78.32 @ ep 35)  [8.7s]
  ep  37: loss=0.4884  test_acc=74.49%  (best 78.32 @ ep 35)  [8.5s]
  ep  38: loss=0.4829  test_acc=77.32%  (best 78.32 @ ep 35)  [8.5s]
  ep  39: loss=0.4844  test_acc=73.76%  (best 78.32 @ ep 35)  [8.3s]
  ep  40: loss=0.4650  test_acc=75.81%  (best 78.32 @ ep 35)  [9.7s]
  ep  41: loss=0.4709  test_acc=77.75%  (best 78.32 @ ep 35)  [9.2s]
  ep  42: loss=0.4693  test_acc=73.85%  (best 78.32 @ ep 35)  [8.8s]
  ep  43: loss=0.4656  test_acc=78.23%  (best 78.32 @ ep 35)  [9.2s]
  ep  44: loss=0.4484  test_acc=75.44%  (best 78.32 @ ep 35)  [8.8s]
  ep  45: loss=0.4451  test_acc=79.89%  (best 79.89 @ ep 45)  [10.2s]
  ep  46: loss=0.4451  test_acc=79.16%  (best 79.89 @ ep 45)  [9.1s]
  ep  47: loss=0.4321  test_acc=80.48%  (best 80.48 @ ep 47)  [10.6s]
  ep  48: loss=0.4189  test_acc=75.11%  (best 80.48 @ ep 47)  [9.9s]
  ep  49: loss=0.4193  test_acc=81.18%  (best 81.18 @ ep 49)  [10.4s]
  ep  50: loss=0.4155  test_acc=79.84%  (best 81.18 @ ep 49)  [13.4s]  [logged per-sample loss: mean=0.424]
  ep  51: loss=0.3978  test_acc=75.29%  (best 81.18 @ ep 49)  [9.2s]
  ep  52: loss=0.4033  test_acc=81.01%  (best 81.18 @ ep 49)  [3.5s]
  ep  53: loss=0.3957  test_acc=79.89%  (best 81.18 @ ep 49)  [3.6s]
  ep  54: loss=0.3872  test_acc=76.21%  (best 81.18 @ ep 49)  [3.7s]
  ep  55: loss=0.3789  test_acc=76.54%  (best 81.18 @ ep 49)  [3.5s]
  ep  56: loss=0.3691  test_acc=79.01%  (best 81.18 @ ep 49)  [3.5s]
  ep  57: loss=0.3673  test_acc=81.42%  (best 81.42 @ ep 57)  [3.8s]
  ep  58: loss=0.3586  test_acc=76.71%  (best 81.42 @ ep 57)  [3.8s]
  ep  59: loss=0.3508  test_acc=83.07%  (best 83.07 @ ep 59)  [3.8s]
  ep  60: loss=0.3363  test_acc=82.68%  (best 83.07 @ ep 59)  [3.5s]
  ep  61: loss=0.3332  test_acc=80.53%  (best 83.07 @ ep 59)  [3.6s]
  ep  62: loss=0.3171  test_acc=79.87%  (best 83.07 @ ep 59)  [3.7s]
  ep  63: loss=0.3210  test_acc=80.73%  (best 83.07 @ ep 59)  [3.8s]
  ep  64: loss=0.3091  test_acc=79.87%  (best 83.07 @ ep 59)  [3.5s]
  ep  65: loss=0.2990  test_acc=79.37%  (best 83.07 @ ep 59)  [3.8s]
  ep  66: loss=0.2855  test_acc=82.40%  (best 83.07 @ ep 59)  [3.9s]
  ep  67: loss=0.2798  test_acc=83.41%  (best 83.41 @ ep 67)  [3.6s]
  ep  68: loss=0.2654  test_acc=83.19%  (best 83.41 @ ep 67)  [3.5s]
  ep  69: loss=0.2622  test_acc=82.30%  (best 83.41 @ ep 67)  [5.7s]
  ep  70: loss=0.2478  test_acc=82.03%  (best 83.41 @ ep 67)  [8.5s]
  ep  71: loss=0.2376  test_acc=82.25%  (best 83.41 @ ep 67)  [8.6s]
  ep  72: loss=0.2334  test_acc=81.54%  (best 83.41 @ ep 67)  [8.2s]
  ep  73: loss=0.2148  test_acc=80.91%  (best 83.41 @ ep 67)  [8.8s]
  ep  74: loss=0.2082  test_acc=82.48%  (best 83.41 @ ep 67)  [7.9s]
  ep  75: loss=0.1979  test_acc=83.47%  (best 83.47 @ ep 75)  [11.3s]  [logged per-sample loss: mean=0.169]
  ep  76: loss=0.1918  test_acc=83.23%  (best 83.47 @ ep 75)  [8.3s]
  ep  77: loss=0.1759  test_acc=83.17%  (best 83.47 @ ep 75)  [8.5s]
  ep  78: loss=0.1682  test_acc=83.55%  (best 83.55 @ ep 78)  [8.3s]
  ep  79: loss=0.1569  test_acc=84.40%  (best 84.40 @ ep 79)  [7.9s]
  ep  80: loss=0.1459  test_acc=84.34%  (best 84.40 @ ep 79)  [8.2s]
  ep  81: loss=0.1342  test_acc=84.62%  (best 84.62 @ ep 81)  [8.9s]
  ep  82: loss=0.1327  test_acc=84.79%  (best 84.79 @ ep 82)  [8.0s]
  ep  83: loss=0.1181  test_acc=84.94%  (best 84.94 @ ep 83)  [8.3s]
  ep  84: loss=0.1084  test_acc=84.72%  (best 84.94 @ ep 83)  [8.5s]
  ep  85: loss=0.0996  test_acc=84.34%  (best 84.94 @ ep 83)  [7.8s]
  ep  86: loss=0.0924  test_acc=85.04%  (best 85.04 @ ep 86)  [8.3s]
  ep  87: loss=0.0893  test_acc=84.84%  (best 85.04 @ ep 86)  [8.7s]
  ep  88: loss=0.0820  test_acc=84.85%  (best 85.04 @ ep 86)  [8.1s]
  ep  89: loss=0.0798  test_acc=84.97%  (best 85.04 @ ep 86)  [8.4s]
  ep  90: loss=0.0744  test_acc=84.89%  (best 85.04 @ ep 86)  [8.4s]
  ep  91: loss=0.0668  test_acc=85.20%  (best 85.20 @ ep 91)  [8.0s]
  ep  92: loss=0.0673  test_acc=85.16%  (best 85.20 @ ep 91)  [8.2s]
  ep  93: loss=0.0630  test_acc=85.01%  (best 85.20 @ ep 91)  [8.1s]
  ep  94: loss=0.0636  test_acc=85.10%  (best 85.20 @ ep 91)  [8.8s]
  ep  95: loss=0.0590  test_acc=85.24%  (best 85.24 @ ep 95)  [8.4s]
  ep  96: loss=0.0557  test_acc=85.08%  (best 85.24 @ ep 95)  [8.3s]
  ep  97: loss=0.0577  test_acc=85.06%  (best 85.24 @ ep 95)  [8.2s]
  ep  98: loss=0.0561  test_acc=85.27%  (best 85.27 @ ep 98)  [8.5s]
  ep  99: loss=0.0573  test_acc=85.33%  (best 85.33 @ ep 99)  [11.0s]  [logged per-sample loss: mean=0.036]

saved /path/to/ciln-workspace/journal_edition/robustness_transfer/results_v4/erm/ours_v2_noisy__defocus_blur_sev1__seed2.json: best 85.33% @ ep 99
