condition=ours_v2_noisy__contrast_sev5 seed=0 gpu=2
/path/to/ciln-workspace/venv/lib/python3.12/site-packages/torchvision/datasets/cifar.py:83: VisibleDeprecationWarning: dtype(): align should be passed as Python or NumPy boolean but got `align=0`. Did you mean to pass a tuple to create a subarray type? (Deprecated NumPy 2.4)
  entry = pickle.load(f, encoding="latin1")
image_source=noisy  N_train=22500  noise_rate=47.51%
  ep   0: acc1=19.41%  acc2=18.59%  ens=19.00%  (best 19.00 @ ep 0)  [8.0s]
  ep   1: acc1=20.76%  acc2=19.63%  ens=20.20%  (best 20.20 @ ep 1)  [13.7s]
  ep   2: acc1=19.24%  acc2=19.29%  ens=19.27%  (best 20.20 @ ep 1)  [13.1s]
  ep   3: acc1=19.00%  acc2=17.07%  ens=18.04%  (best 20.20 @ ep 1)  [7.2s]
  ep   4: acc1=17.34%  acc2=19.08%  ens=18.21%  (best 20.20 @ ep 1)  [7.7s]
  ep   5: acc1=17.83%  acc2=18.07%  ens=17.95%  (best 20.20 @ ep 1)  [11.1s]  [w on clean=0.588, on noisy=0.640]
  ep   6: acc1=16.32%  acc2=21.26%  ens=18.79%  (best 20.20 @ ep 1)  [7.4s]
  ep   7: acc1=19.95%  acc2=21.28%  ens=20.61%  (best 20.61 @ ep 7)  [7.6s]
  ep   8: acc1=20.35%  acc2=19.53%  ens=19.94%  (best 20.61 @ ep 7)  [7.3s]
  ep   9: acc1=19.24%  acc2=23.82%  ens=21.53%  (best 21.53 @ ep 9)  [7.1s]
  ep  10: acc1=19.20%  acc2=17.62%  ens=18.41%  (best 21.53 @ ep 9)  [335.4s]  [w on clean=0.351, on noisy=0.597]
  ep  11: acc1=15.16%  acc2=13.06%  ens=14.11%  (best 21.53 @ ep 9)  [25.0s]
  ep  12: acc1=13.26%  acc2=13.34%  ens=13.30%  (best 21.53 @ ep 9)  [28.4s]
  ep  13: acc1=13.69%  acc2=14.43%  ens=14.06%  (best 21.53 @ ep 9)  [63.6s]
  ep  14: acc1=15.05%  acc2=15.46%  ens=15.25%  (best 21.53 @ ep 9)  [30.7s]
  ep  15: acc1=16.98%  acc2=13.34%  ens=15.16%  (best 21.53 @ ep 9)  [59.6s]
  ep  16: acc1=14.25%  acc2=14.16%  ens=14.21%  (best 21.53 @ ep 9)  [30.6s]
  ep  17: acc1=14.11%  acc2=14.46%  ens=14.29%  (best 21.53 @ ep 9)  [51.0s]
  ep  18: acc1=13.44%  acc2=14.57%  ens=14.01%  (best 21.53 @ ep 9)  [30.3s]
  ep  19: acc1=16.80%  acc2=13.50%  ens=15.15%  (best 21.53 @ ep 9)  [83.8s]
  ep  20: acc1=13.53%  acc2=16.19%  ens=14.86%  (best 21.53 @ ep 9)  [34.0s]  [w on clean=0.502, on noisy=0.778]
  ep  21: acc1=17.94%  acc2=15.64%  ens=16.79%  (best 21.53 @ ep 9)  [64.5s]
  ep  22: acc1=18.28%  acc2=17.75%  ens=18.01%  (best 21.53 @ ep 9)  [31.4s]
  ep  23: acc1=19.51%  acc2=17.01%  ens=18.26%  (best 21.53 @ ep 9)  [68.4s]
  ep  24: acc1=18.07%  acc2=16.53%  ens=17.30%  (best 21.53 @ ep 9)  [338.0s]
  ep  25: acc1=18.36%  acc2=17.03%  ens=17.70%  (best 21.53 @ ep 9)  [30.1s]
  ep  26: acc1=16.42%  acc2=16.33%  ens=16.38%  (best 21.53 @ ep 9)  [44.5s]
  ep  27: acc1=16.89%  acc2=14.84%  ens=15.87%  (best 21.53 @ ep 9)  [38.8s]
  ep  28: acc1=17.13%  acc2=14.45%  ens=15.79%  (best 21.53 @ ep 9)  [31.0s]
  ep  29: acc1=16.29%  acc2=15.57%  ens=15.93%  (best 21.53 @ ep 9)  [32.0s]
  ep  30: acc1=17.11%  acc2=16.39%  ens=16.75%  (best 21.53 @ ep 9)  [34.6s]  [w on clean=0.502, on noisy=0.774]
  ep  31: acc1=18.54%  acc2=17.29%  ens=17.91%  (best 21.53 @ ep 9)  [40.4s]
  ep  32: acc1=18.68%  acc2=19.10%  ens=18.89%  (best 21.53 @ ep 9)  [30.2s]
  ep  33: acc1=19.84%  acc2=17.82%  ens=18.83%  (best 21.53 @ ep 9)  [30.1s]
  ep  34: acc1=19.39%  acc2=18.07%  ens=18.73%  (best 21.53 @ ep 9)  [30.1s]
  ep  35: acc1=19.54%  acc2=18.07%  ens=18.80%  (best 21.53 @ ep 9)  [100.5s]
  ep  36: acc1=19.38%  acc2=18.17%  ens=18.77%  (best 21.53 @ ep 9)  [30.8s]
  ep  37: acc1=19.25%  acc2=18.65%  ens=18.95%  (best 21.53 @ ep 9)  [66.1s]
  ep  38: acc1=19.08%  acc2=15.70%  ens=17.39%  (best 21.53 @ ep 9)  [30.6s]
  ep  39: acc1=17.61%  acc2=15.38%  ens=16.49%  (best 21.53 @ ep 9)  [38.2s]
  ep  40: acc1=18.13%  acc2=17.56%  ens=17.84%  (best 21.53 @ ep 9)  [29.8s]
  ep  41: acc1=19.32%  acc2=18.62%  ens=18.97%  (best 21.53 @ ep 9)  [59.4s]
  ep  42: acc1=19.47%  acc2=16.72%  ens=18.09%  (best 21.53 @ ep 9)  [30.5s]
  ep  43: acc1=19.14%  acc2=17.40%  ens=18.27%  (best 21.53 @ ep 9)  [41.9s]
  ep  44: acc1=18.48%  acc2=18.00%  ens=18.24%  (best 21.53 @ ep 9)  [29.8s]
  ep  45: acc1=18.77%  acc2=18.77%  ens=18.77%  (best 21.53 @ ep 9)  [40.9s]
  ep  46: acc1=19.34%  acc2=18.23%  ens=18.79%  (best 21.53 @ ep 9)  [31.1s]
  ep  47: acc1=19.26%  acc2=18.34%  ens=18.80%  (best 21.53 @ ep 9)  [35.8s]
  ep  48: acc1=18.96%  acc2=17.58%  ens=18.27%  (best 21.53 @ ep 9)  [39.7s]
  ep  49: acc1=18.51%  acc2=17.54%  ens=18.02%  (best 21.53 @ ep 9)  [31.5s]
  ep  50: acc1=18.88%  acc2=17.68%  ens=18.28%  (best 21.53 @ ep 9)  [44.6s]  [w on clean=0.503, on noisy=0.779]
  ep  51: acc1=18.17%  acc2=17.61%  ens=17.89%  (best 21.53 @ ep 9)  [37.8s]
  ep  52: acc1=18.96%  acc2=18.16%  ens=18.56%  (best 21.53 @ ep 9)  [73.0s]
  ep  53: acc1=18.46%  acc2=18.36%  ens=18.41%  (best 21.53 @ ep 9)  [32.0s]
  ep  54: acc1=18.78%  acc2=18.22%  ens=18.50%  (best 21.53 @ ep 9)  [33.2s]
  ep  55: acc1=18.38%  acc2=16.87%  ens=17.62%  (best 21.53 @ ep 9)  [32.7s]
  ep  56: acc1=17.60%  acc2=17.77%  ens=17.69%  (best 21.53 @ ep 9)  [64.1s]
  ep  57: acc1=18.39%  acc2=17.79%  ens=18.09%  (best 21.53 @ ep 9)  [31.2s]
  ep  58: acc1=18.86%  acc2=17.71%  ens=18.29%  (best 21.53 @ ep 9)  [175.2s]
  ep  59: acc1=18.01%  acc2=18.00%  ens=18.00%  (best 21.53 @ ep 9)  [34.1s]
  ep  60: acc1=18.61%  acc2=17.56%  ens=18.09%  (best 21.53 @ ep 9)  [88.2s]
  ep  61: acc1=17.82%  acc2=17.68%  ens=17.75%  (best 21.53 @ ep 9)  [32.3s]
  ep  62: acc1=17.14%  acc2=17.62%  ens=17.38%  (best 21.53 @ ep 9)  [32.4s]
  ep  63: acc1=17.40%  acc2=17.86%  ens=17.63%  (best 21.53 @ ep 9)  [32.4s]
  ep  64: acc1=18.08%  acc2=18.73%  ens=18.40%  (best 21.53 @ ep 9)  [107.5s]
  ep  65: acc1=18.09%  acc2=18.55%  ens=18.32%  (best 21.53 @ ep 9)  [33.3s]
  ep  66: acc1=18.52%  acc2=18.61%  ens=18.56%  (best 21.53 @ ep 9)  [63.8s]
  ep  67: acc1=18.57%  acc2=18.47%  ens=18.52%  (best 21.53 @ ep 9)  [41.8s]
  ep  68: acc1=18.96%  acc2=18.52%  ens=18.74%  (best 21.53 @ ep 9)  [31.5s]
  ep  69: acc1=18.80%  acc2=17.64%  ens=18.22%  (best 21.53 @ ep 9)  [65.7s]
  ep  70: acc1=18.01%  acc2=18.34%  ens=18.18%  (best 21.53 @ ep 9)  [31.1s]
  ep  71: acc1=18.75%  acc2=17.52%  ens=18.14%  (best 21.53 @ ep 9)  [32.2s]
  ep  72: acc1=18.25%  acc2=18.24%  ens=18.25%  (best 21.53 @ ep 9)  [31.5s]
  ep  73: acc1=19.10%  acc2=18.25%  ens=18.68%  (best 21.53 @ ep 9)  [37.1s]
  ep  74: acc1=18.78%  acc2=17.40%  ens=18.09%  (best 21.53 @ ep 9)  [33.5s]
  ep  75: acc1=18.56%  acc2=17.88%  ens=18.22%  (best 21.53 @ ep 9)  [42.8s]  [w on clean=0.503, on noisy=0.779]
  ep  76: acc1=18.69%  acc2=16.65%  ens=17.67%  (best 21.53 @ ep 9)  [46.1s]
  ep  77: acc1=18.16%  acc2=17.64%  ens=17.90%  (best 21.53 @ ep 9)  [38.2s]
  ep  78: acc1=18.38%  acc2=17.63%  ens=18.00%  (best 21.53 @ ep 9)  [50.0s]
  ep  79: acc1=18.53%  acc2=16.94%  ens=17.73%  (best 21.53 @ ep 9)  [33.0s]
  ep  80: acc1=18.57%  acc2=17.19%  ens=17.88%  (best 21.53 @ ep 9)  [61.5s]
  ep  81: acc1=18.37%  acc2=17.14%  ens=17.75%  (best 21.53 @ ep 9)  [40.1s]
  ep  82: acc1=18.80%  acc2=17.92%  ens=18.36%  (best 21.53 @ ep 9)  [32.4s]
  ep  83: acc1=18.99%  acc2=17.74%  ens=18.37%  (best 21.53 @ ep 9)  [152.1s]
  ep  84: acc1=18.88%  acc2=17.25%  ens=18.06%  (best 21.53 @ ep 9)  [32.3s]
  ep  85: acc1=18.36%  acc2=16.54%  ens=17.45%  (best 21.53 @ ep 9)  [242.2s]
  ep  86: acc1=18.57%  acc2=17.77%  ens=18.17%  (best 21.53 @ ep 9)  [32.0s]
  ep  87: acc1=18.60%  acc2=17.07%  ens=17.84%  (best 21.53 @ ep 9)  [72.9s]
  ep  88: acc1=18.72%  acc2=17.26%  ens=17.99%  (best 21.53 @ ep 9)  [34.7s]
  ep  89: acc1=18.53%  acc2=16.89%  ens=17.71%  (best 21.53 @ ep 9)  [75.8s]
  ep  90: acc1=18.63%  acc2=17.09%  ens=17.86%  (best 21.53 @ ep 9)  [31.2s]
  ep  91: acc1=18.55%  acc2=16.99%  ens=17.77%  (best 21.53 @ ep 9)  [38.6s]
  ep  92: acc1=18.53%  acc2=16.97%  ens=17.75%  (best 21.53 @ ep 9)  [255.9s]
  ep  93: acc1=18.47%  acc2=16.99%  ens=17.73%  (best 21.53 @ ep 9)  [32.9s]
  ep  94: acc1=18.56%  acc2=17.12%  ens=17.84%  (best 21.53 @ ep 9)  [92.1s]
  ep  95: acc1=18.60%  acc2=17.03%  ens=17.82%  (best 21.53 @ ep 9)  [40.8s]
  ep  96: acc1=18.50%  acc2=17.21%  ens=17.85%  (best 21.53 @ ep 9)  [34.4s]
  ep  97: acc1=18.49%  acc2=17.26%  ens=17.88%  (best 21.53 @ ep 9)  [41.9s]
  ep  98: acc1=18.50%  acc2=17.23%  ens=17.87%  (best 21.53 @ ep 9)  [50.4s]
  ep  99: acc1=18.57%  acc2=17.06%  ens=17.82%  (best 21.53 @ ep 9)  [242.2s]  [w on clean=0.503, on noisy=0.779]

saved /path/to/ciln-workspace/journal_edition/robustness_transfer/results_v4/dividemix/ours_v2_noisy__contrast_sev5__seed0.json: best ens-acc 21.53% @ ep 9
