condition=ours_v2_clean__elastic_transform_sev3 seed=1 gpu=1
/path/to/ciln-workspace/venv/lib/python3.12/site-packages/torchvision/datasets/cifar.py:83: VisibleDeprecationWarning: dtype(): align should be passed as Python or NumPy boolean but got `align=0`. Did you mean to pass a tuple to create a subarray type? (Deprecated NumPy 2.4)
  entry = pickle.load(f, encoding="latin1")
image_source=clean  N_train=22500  noise_rate=17.52%
  ep   0: acc1=37.14%  acc2=30.05%  ens=33.59%  (best 33.59 @ ep 0)  [8.0s]
  ep   1: acc1=52.64%  acc2=49.05%  ens=50.84%  (best 50.84 @ ep 1)  [7.8s]
  ep   2: acc1=54.85%  acc2=54.68%  ens=54.77%  (best 54.77 @ ep 2)  [7.7s]
  ep   3: acc1=59.00%  acc2=61.72%  ens=60.36%  (best 60.36 @ ep 3)  [10.6s]
  ep   4: acc1=62.66%  acc2=61.00%  ens=61.83%  (best 61.83 @ ep 4)  [7.6s]
  ep   5: acc1=63.12%  acc2=63.29%  ens=63.20%  (best 63.20 @ ep 5)  [11.1s]  [w on clean=0.825, on noisy=0.500]
  ep   6: acc1=62.28%  acc2=67.64%  ens=64.96%  (best 64.96 @ ep 6)  [7.9s]
  ep   7: acc1=68.44%  acc2=63.31%  ens=65.88%  (best 65.88 @ ep 7)  [7.7s]
  ep   8: acc1=68.64%  acc2=66.55%  ens=67.59%  (best 67.59 @ ep 8)  [7.5s]
  ep   9: acc1=69.00%  acc2=69.03%  ens=69.02%  (best 69.02 @ ep 9)  [7.4s]
  ep  10: acc1=50.85%  acc2=35.88%  ens=43.36%  (best 69.02 @ ep 9)  [53.5s]  [w on clean=0.670, on noisy=0.407]
  ep  11: acc1=32.14%  acc2=32.10%  ens=32.12%  (best 69.02 @ ep 9)  [56.2s]
  ep  12: acc1=28.21%  acc2=30.81%  ens=29.51%  (best 69.02 @ ep 9)  [60.4s]
  ep  13: acc1=31.34%  acc2=34.52%  ens=32.93%  (best 69.02 @ ep 9)  [32.3s]
  ep  14: acc1=32.30%  acc2=32.74%  ens=32.52%  (best 69.02 @ ep 9)  [141.3s]
  ep  15: acc1=28.94%  acc2=36.20%  ens=32.57%  (best 69.02 @ ep 9)  [36.2s]
  ep  16: acc1=36.55%  acc2=33.81%  ens=35.18%  (best 69.02 @ ep 9)  [252.3s]
  ep  17: acc1=35.85%  acc2=36.57%  ens=36.21%  (best 69.02 @ ep 9)  [38.6s]
  ep  18: acc1=31.31%  acc2=36.35%  ens=33.83%  (best 69.02 @ ep 9)  [198.8s]
  ep  19: acc1=38.60%  acc2=34.55%  ens=36.58%  (best 69.02 @ ep 9)  [40.0s]
  ep  20: acc1=30.47%  acc2=35.37%  ens=32.92%  (best 69.02 @ ep 9)  [59.4s]  [w on clean=0.787, on noisy=0.784]
  ep  21: acc1=34.94%  acc2=33.00%  ens=33.97%  (best 69.02 @ ep 9)  [110.6s]
  ep  22: acc1=39.98%  acc2=36.56%  ens=38.27%  (best 69.02 @ ep 9)  [45.9s]
  ep  23: acc1=38.50%  acc2=41.48%  ens=39.99%  (best 69.02 @ ep 9)  [58.4s]
  ep  24: acc1=42.74%  acc2=37.38%  ens=40.06%  (best 69.02 @ ep 9)  [39.1s]
  ep  25: acc1=42.69%  acc2=40.42%  ens=41.55%  (best 69.02 @ ep 9)  [87.9s]
  ep  26: acc1=41.59%  acc2=45.93%  ens=43.76%  (best 69.02 @ ep 9)  [52.7s]
  ep  27: acc1=43.62%  acc2=43.87%  ens=43.74%  (best 69.02 @ ep 9)  [39.0s]
  ep  28: acc1=46.31%  acc2=42.22%  ens=44.27%  (best 69.02 @ ep 9)  [40.5s]
  ep  29: acc1=45.92%  acc2=43.40%  ens=44.66%  (best 69.02 @ ep 9)  [76.7s]
  ep  30: acc1=45.45%  acc2=45.86%  ens=45.66%  (best 69.02 @ ep 9)  [44.0s]  [w on clean=0.789, on noisy=0.790]
  ep  31: acc1=45.26%  acc2=40.27%  ens=42.77%  (best 69.02 @ ep 9)  [78.5s]
  ep  32: acc1=39.05%  acc2=38.32%  ens=38.69%  (best 69.02 @ ep 9)  [39.9s]
  ep  33: acc1=41.71%  acc2=40.94%  ens=41.33%  (best 69.02 @ ep 9)  [155.6s]
  ep  34: acc1=39.06%  acc2=37.58%  ens=38.32%  (best 69.02 @ ep 9)  [38.9s]
  ep  35: acc1=41.04%  acc2=40.12%  ens=40.58%  (best 69.02 @ ep 9)  [44.7s]
  ep  36: acc1=38.21%  acc2=40.71%  ens=39.46%  (best 69.02 @ ep 9)  [60.4s]
  ep  37: acc1=40.26%  acc2=44.96%  ens=42.61%  (best 69.02 @ ep 9)  [40.0s]
  ep  38: acc1=42.24%  acc2=42.66%  ens=42.45%  (best 69.02 @ ep 9)  [90.0s]
  ep  39: acc1=40.80%  acc2=39.61%  ens=40.20%  (best 69.02 @ ep 9)  [40.8s]
  ep  40: acc1=40.41%  acc2=39.84%  ens=40.12%  (best 69.02 @ ep 9)  [38.8s]
  ep  41: acc1=39.64%  acc2=38.82%  ens=39.23%  (best 69.02 @ ep 9)  [126.6s]
  ep  42: acc1=39.37%  acc2=37.59%  ens=38.48%  (best 69.02 @ ep 9)  [39.1s]
  ep  43: acc1=40.74%  acc2=40.18%  ens=40.46%  (best 69.02 @ ep 9)  [79.7s]
  ep  44: acc1=40.65%  acc2=42.99%  ens=41.82%  (best 69.02 @ ep 9)  [60.7s]
  ep  45: acc1=41.31%  acc2=41.26%  ens=41.29%  (best 69.02 @ ep 9)  [39.9s]
  ep  46: acc1=38.88%  acc2=40.49%  ens=39.68%  (best 69.02 @ ep 9)  [149.3s]
  ep  47: acc1=40.14%  acc2=39.34%  ens=39.74%  (best 69.02 @ ep 9)  [43.1s]
  ep  48: acc1=39.05%  acc2=38.31%  ens=38.68%  (best 69.02 @ ep 9)  [75.3s]
  ep  49: acc1=38.37%  acc2=37.64%  ens=38.01%  (best 69.02 @ ep 9)  [41.7s]
  ep  50: acc1=41.28%  acc2=41.46%  ens=41.37%  (best 69.02 @ ep 9)  [86.6s]  [w on clean=0.789, on noisy=0.792]
  ep  51: acc1=41.23%  acc2=39.69%  ens=40.46%  (best 69.02 @ ep 9)  [39.6s]
  ep  52: acc1=41.03%  acc2=39.58%  ens=40.30%  (best 69.02 @ ep 9)  [143.3s]
  ep  53: acc1=38.65%  acc2=36.39%  ens=37.52%  (best 69.02 @ ep 9)  [43.5s]
  ep  54: acc1=40.63%  acc2=39.69%  ens=40.16%  (best 69.02 @ ep 9)  [52.3s]
  ep  55: acc1=40.32%  acc2=40.87%  ens=40.60%  (best 69.02 @ ep 9)  [39.1s]
  ep  56: acc1=41.63%  acc2=40.70%  ens=41.16%  (best 69.02 @ ep 9)  [106.5s]
  ep  57: acc1=41.85%  acc2=39.43%  ens=40.64%  (best 69.02 @ ep 9)  [144.2s]
  ep  58: acc1=39.49%  acc2=39.42%  ens=39.45%  (best 69.02 @ ep 9)  [40.8s]
  ep  59: acc1=39.94%  acc2=41.48%  ens=40.71%  (best 69.02 @ ep 9)  [118.6s]
  ep  60: acc1=44.05%  acc2=38.80%  ens=41.42%  (best 69.02 @ ep 9)  [42.9s]
  ep  61: acc1=40.60%  acc2=40.76%  ens=40.68%  (best 69.02 @ ep 9)  [54.1s]
  ep  62: acc1=41.03%  acc2=39.46%  ens=40.24%  (best 69.02 @ ep 9)  [40.2s]
  ep  63: acc1=41.74%  acc2=41.28%  ens=41.51%  (best 69.02 @ ep 9)  [154.8s]
  ep  64: acc1=40.60%  acc2=40.31%  ens=40.46%  (best 69.02 @ ep 9)  [40.8s]
  ep  65: acc1=40.47%  acc2=42.75%  ens=41.61%  (best 69.02 @ ep 9)  [144.3s]
  ep  66: acc1=41.52%  acc2=39.09%  ens=40.30%  (best 69.02 @ ep 9)  [40.2s]
  ep  67: acc1=40.42%  acc2=40.73%  ens=40.58%  (best 69.02 @ ep 9)  [60.8s]
  ep  68: acc1=40.53%  acc2=42.01%  ens=41.27%  (best 69.02 @ ep 9)  [47.7s]
  ep  69: acc1=43.38%  acc2=43.11%  ens=43.24%  (best 69.02 @ ep 9)  [39.6s]
  ep  70: acc1=41.69%  acc2=41.64%  ens=41.66%  (best 69.02 @ ep 9)  [44.9s]
  ep  71: acc1=42.60%  acc2=44.28%  ens=43.44%  (best 69.02 @ ep 9)  [72.0s]
  ep  72: acc1=44.63%  acc2=44.82%  ens=44.73%  (best 69.02 @ ep 9)  [44.3s]
  ep  73: acc1=43.06%  acc2=43.51%  ens=43.28%  (best 69.02 @ ep 9)  [88.4s]
  ep  74: acc1=44.48%  acc2=42.80%  ens=43.64%  (best 69.02 @ ep 9)  [83.7s]
  ep  75: acc1=42.79%  acc2=44.94%  ens=43.86%  (best 69.02 @ ep 9)  [45.1s]  [w on clean=0.789, on noisy=0.794]
  ep  76: acc1=43.28%  acc2=44.31%  ens=43.80%  (best 69.02 @ ep 9)  [128.0s]
  ep  77: acc1=43.09%  acc2=44.33%  ens=43.71%  (best 69.02 @ ep 9)  [39.9s]
  ep  78: acc1=45.38%  acc2=44.07%  ens=44.73%  (best 69.02 @ ep 9)  [47.8s]
  ep  79: acc1=43.58%  acc2=43.80%  ens=43.69%  (best 69.02 @ ep 9)  [50.2s]
  ep  80: acc1=44.43%  acc2=43.76%  ens=44.09%  (best 69.02 @ ep 9)  [39.9s]
  ep  81: acc1=44.03%  acc2=44.55%  ens=44.29%  (best 69.02 @ ep 9)  [117.7s]
  ep  82: acc1=44.19%  acc2=43.99%  ens=44.09%  (best 69.02 @ ep 9)  [74.1s]
  ep  83: acc1=44.38%  acc2=44.51%  ens=44.45%  (best 69.02 @ ep 9)  [49.5s]
  ep  84: acc1=45.34%  acc2=44.15%  ens=44.75%  (best 69.02 @ ep 9)  [56.5s]
  ep  85: acc1=44.53%  acc2=45.15%  ens=44.84%  (best 69.02 @ ep 9)  [40.3s]
  ep  86: acc1=43.85%  acc2=44.16%  ens=44.01%  (best 69.02 @ ep 9)  [45.1s]
  ep  87: acc1=45.10%  acc2=44.86%  ens=44.98%  (best 69.02 @ ep 9)  [108.1s]
  ep  88: acc1=44.32%  acc2=45.03%  ens=44.67%  (best 69.02 @ ep 9)  [45.0s]
  ep  89: acc1=45.42%  acc2=44.75%  ens=45.08%  (best 69.02 @ ep 9)  [63.1s]
  ep  90: acc1=45.70%  acc2=44.74%  ens=45.22%  (best 69.02 @ ep 9)  [41.4s]
  ep  91: acc1=45.08%  acc2=45.24%  ens=45.16%  (best 69.02 @ ep 9)  [50.4s]
  ep  92: acc1=44.87%  acc2=45.46%  ens=45.16%  (best 69.02 @ ep 9)  [46.7s]
  ep  93: acc1=45.24%  acc2=45.18%  ens=45.21%  (best 69.02 @ ep 9)  [46.9s]
  ep  94: acc1=44.19%  acc2=44.96%  ens=44.57%  (best 69.02 @ ep 9)  [52.5s]
  ep  95: acc1=44.80%  acc2=44.86%  ens=44.83%  (best 69.02 @ ep 9)  [38.7s]
  ep  96: acc1=44.97%  acc2=44.95%  ens=44.96%  (best 69.02 @ ep 9)  [118.8s]
  ep  97: acc1=45.41%  acc2=44.99%  ens=45.20%  (best 69.02 @ ep 9)  [40.9s]
  ep  98: acc1=45.45%  acc2=45.47%  ens=45.46%  (best 69.02 @ ep 9)  [41.9s]
  ep  99: acc1=45.10%  acc2=44.95%  ens=45.03%  (best 69.02 @ ep 9)  [77.3s]  [w on clean=0.789, on noisy=0.793]

saved /path/to/ciln-workspace/journal_edition/robustness_transfer/results_v4/dividemix/ours_v2_clean__elastic_transform_sev3__seed1.json: best ens-acc 69.02% @ ep 9
