condition=ours_v2_clean__gaussian_noise_sev3 seed=2 gpu=1
/path/to/ciln-workspace/venv/lib/python3.12/site-packages/torchvision/datasets/cifar.py:83: VisibleDeprecationWarning: dtype(): align should be passed as Python or NumPy boolean but got `align=0`. Did you mean to pass a tuple to create a subarray type? (Deprecated NumPy 2.4)
  entry = pickle.load(f, encoding="latin1")
image_source=clean  N=22500  noise_rate=48.86%
  ep   0: loss=1.8251  test_acc=21.90%  (best 21.90 @ ep 0)  [4.4s]
  ep   1: loss=1.6331  test_acc=34.42%  (best 34.42 @ ep 1)  [3.8s]
  ep   2: loss=1.5428  test_acc=34.18%  (best 34.42 @ ep 1)  [3.6s]
  ep   3: loss=1.4907  test_acc=40.22%  (best 40.22 @ ep 3)  [3.6s]
  ep   4: loss=1.4538  test_acc=33.17%  (best 40.22 @ ep 3)  [3.8s]
  ep   5: loss=1.4157  test_acc=44.05%  (best 44.05 @ ep 5)  [5.3s]  [logged per-sample loss: mean=1.675]
  ep   6: loss=1.3967  test_acc=35.13%  (best 44.05 @ ep 5)  [3.6s]
  ep   7: loss=1.3752  test_acc=38.56%  (best 44.05 @ ep 5)  [3.8s]
  ep   8: loss=1.3599  test_acc=32.35%  (best 44.05 @ ep 5)  [3.8s]
  ep   9: loss=1.3433  test_acc=39.77%  (best 44.05 @ ep 5)  [3.8s]
  ep  10: loss=1.3278  test_acc=44.18%  (best 44.18 @ ep 10)  [5.4s]  [logged per-sample loss: mean=1.335]
  ep  11: loss=1.3182  test_acc=51.02%  (best 51.02 @ ep 11)  [3.9s]
  ep  12: loss=1.3155  test_acc=39.39%  (best 51.02 @ ep 11)  [5.3s]
  ep  13: loss=1.2966  test_acc=41.70%  (best 51.02 @ ep 11)  [8.2s]
  ep  14: loss=1.2934  test_acc=46.00%  (best 51.02 @ ep 11)  [7.8s]
  ep  15: loss=1.2724  test_acc=45.62%  (best 51.02 @ ep 11)  [8.0s]
  ep  16: loss=1.2782  test_acc=46.58%  (best 51.02 @ ep 11)  [8.6s]
  ep  17: loss=1.2614  test_acc=53.76%  (best 53.76 @ ep 17)  [8.3s]
  ep  18: loss=1.2479  test_acc=45.01%  (best 53.76 @ ep 17)  [8.9s]
  ep  19: loss=1.2444  test_acc=53.32%  (best 53.76 @ ep 17)  [8.4s]
  ep  20: loss=1.2292  test_acc=43.28%  (best 53.76 @ ep 17)  [11.1s]  [logged per-sample loss: mean=1.294]
  ep  21: loss=1.2342  test_acc=45.83%  (best 53.76 @ ep 17)  [8.2s]
  ep  22: loss=1.2272  test_acc=57.49%  (best 57.49 @ ep 22)  [8.3s]
  ep  23: loss=1.2221  test_acc=50.24%  (best 57.49 @ ep 22)  [8.3s]
  ep  24: loss=1.2117  test_acc=50.42%  (best 57.49 @ ep 22)  [8.5s]
  ep  25: loss=1.2067  test_acc=50.98%  (best 57.49 @ ep 22)  [8.0s]
  ep  26: loss=1.2029  test_acc=51.98%  (best 57.49 @ ep 22)  [8.3s]
  ep  27: loss=1.1962  test_acc=47.44%  (best 57.49 @ ep 22)  [8.2s]
  ep  28: loss=1.1951  test_acc=52.33%  (best 57.49 @ ep 22)  [7.9s]
  ep  29: loss=1.1881  test_acc=46.36%  (best 57.49 @ ep 22)  [8.1s]
  ep  30: loss=1.1908  test_acc=46.95%  (best 57.49 @ ep 22)  [11.0s]  [logged per-sample loss: mean=1.241]
  ep  31: loss=1.1795  test_acc=60.88%  (best 60.88 @ ep 31)  [7.7s]
  ep  32: loss=1.1794  test_acc=53.44%  (best 60.88 @ ep 31)  [5.7s]
  ep  33: loss=1.1750  test_acc=49.05%  (best 60.88 @ ep 31)  [3.7s]
  ep  34: loss=1.1692  test_acc=32.88%  (best 60.88 @ ep 31)  [3.6s]
  ep  35: loss=1.1686  test_acc=51.89%  (best 60.88 @ ep 31)  [3.7s]
  ep  36: loss=1.1623  test_acc=60.51%  (best 60.88 @ ep 31)  [3.9s]
  ep  37: loss=1.1516  test_acc=47.31%  (best 60.88 @ ep 31)  [3.5s]
  ep  38: loss=1.1491  test_acc=52.04%  (best 60.88 @ ep 31)  [3.6s]
  ep  39: loss=1.1460  test_acc=42.24%  (best 60.88 @ ep 31)  [3.5s]
  ep  40: loss=1.1434  test_acc=47.79%  (best 60.88 @ ep 31)  [3.6s]
  ep  41: loss=1.1423  test_acc=46.55%  (best 60.88 @ ep 31)  [3.8s]
  ep  42: loss=1.1325  test_acc=53.88%  (best 60.88 @ ep 31)  [3.8s]
  ep  43: loss=1.1272  test_acc=43.71%  (best 60.88 @ ep 31)  [3.5s]
  ep  44: loss=1.1235  test_acc=51.19%  (best 60.88 @ ep 31)  [3.6s]
  ep  45: loss=1.1158  test_acc=57.88%  (best 60.88 @ ep 31)  [3.7s]
  ep  46: loss=1.1138  test_acc=54.21%  (best 60.88 @ ep 31)  [3.6s]
  ep  47: loss=1.1056  test_acc=46.07%  (best 60.88 @ ep 31)  [3.7s]
  ep  48: loss=1.1016  test_acc=45.19%  (best 60.88 @ ep 31)  [3.8s]
  ep  49: loss=1.0936  test_acc=49.71%  (best 60.88 @ ep 31)  [7.9s]
  ep  50: loss=1.0931  test_acc=52.53%  (best 60.88 @ ep 31)  [11.2s]  [logged per-sample loss: mean=1.093]
  ep  51: loss=1.0871  test_acc=46.52%  (best 60.88 @ ep 31)  [8.6s]
  ep  52: loss=1.0822  test_acc=56.47%  (best 60.88 @ ep 31)  [8.1s]
  ep  53: loss=1.0717  test_acc=43.42%  (best 60.88 @ ep 31)  [8.1s]
  ep  54: loss=1.0615  test_acc=57.56%  (best 60.88 @ ep 31)  [8.2s]
  ep  55: loss=1.0565  test_acc=50.18%  (best 60.88 @ ep 31)  [8.2s]
  ep  56: loss=1.0520  test_acc=54.30%  (best 60.88 @ ep 31)  [7.8s]
  ep  57: loss=1.0456  test_acc=52.61%  (best 60.88 @ ep 31)  [8.4s]
  ep  58: loss=1.0333  test_acc=53.70%  (best 60.88 @ ep 31)  [8.0s]
  ep  59: loss=1.0211  test_acc=40.87%  (best 60.88 @ ep 31)  [8.1s]
  ep  60: loss=1.0207  test_acc=52.75%  (best 60.88 @ ep 31)  [8.3s]
  ep  61: loss=1.0104  test_acc=56.79%  (best 60.88 @ ep 31)  [8.3s]
  ep  62: loss=1.0025  test_acc=47.87%  (best 60.88 @ ep 31)  [8.4s]
  ep  63: loss=0.9930  test_acc=50.61%  (best 60.88 @ ep 31)  [8.5s]
  ep  64: loss=0.9879  test_acc=48.49%  (best 60.88 @ ep 31)  [8.8s]
  ep  65: loss=0.9680  test_acc=49.64%  (best 60.88 @ ep 31)  [8.1s]
  ep  66: loss=0.9597  test_acc=51.61%  (best 60.88 @ ep 31)  [7.8s]
  ep  67: loss=0.9538  test_acc=51.43%  (best 60.88 @ ep 31)  [8.5s]
  ep  68: loss=0.9467  test_acc=45.55%  (best 60.88 @ ep 31)  [8.3s]
  ep  69: loss=0.9254  test_acc=49.59%  (best 60.88 @ ep 31)  [7.7s]
  ep  70: loss=0.9212  test_acc=46.95%  (best 60.88 @ ep 31)  [8.2s]
  ep  71: loss=0.9029  test_acc=49.82%  (best 60.88 @ ep 31)  [7.8s]
  ep  72: loss=0.8910  test_acc=52.09%  (best 60.88 @ ep 31)  [8.1s]
  ep  73: loss=0.8777  test_acc=54.83%  (best 60.88 @ ep 31)  [8.7s]
  ep  74: loss=0.8660  test_acc=44.39%  (best 60.88 @ ep 31)  [8.7s]
  ep  75: loss=0.8546  test_acc=51.26%  (best 60.88 @ ep 31)  [11.0s]  [logged per-sample loss: mean=0.841]
  ep  76: loss=0.8348  test_acc=48.57%  (best 60.88 @ ep 31)  [8.7s]
  ep  77: loss=0.8157  test_acc=51.51%  (best 60.88 @ ep 31)  [8.3s]
  ep  78: loss=0.7959  test_acc=52.64%  (best 60.88 @ ep 31)  [8.4s]
  ep  79: loss=0.7787  test_acc=48.61%  (best 60.88 @ ep 31)  [8.0s]
  ep  80: loss=0.7566  test_acc=50.95%  (best 60.88 @ ep 31)  [8.8s]
  ep  81: loss=0.7452  test_acc=54.10%  (best 60.88 @ ep 31)  [8.3s]
  ep  82: loss=0.7284  test_acc=51.76%  (best 60.88 @ ep 31)  [8.4s]
  ep  83: loss=0.7051  test_acc=53.40%  (best 60.88 @ ep 31)  [8.0s]
  ep  84: loss=0.6744  test_acc=48.76%  (best 60.88 @ ep 31)  [8.1s]
  ep  85: loss=0.6560  test_acc=52.17%  (best 60.88 @ ep 31)  [8.3s]
  ep  86: loss=0.6423  test_acc=50.32%  (best 60.88 @ ep 31)  [8.3s]
  ep  87: loss=0.6201  test_acc=52.94%  (best 60.88 @ ep 31)  [8.3s]
  ep  88: loss=0.6002  test_acc=49.82%  (best 60.88 @ ep 31)  [8.3s]
  ep  89: loss=0.5845  test_acc=53.87%  (best 60.88 @ ep 31)  [8.2s]
  ep  90: loss=0.5638  test_acc=50.57%  (best 60.88 @ ep 31)  [8.2s]
  ep  91: loss=0.5447  test_acc=52.38%  (best 60.88 @ ep 31)  [8.6s]
  ep  92: loss=0.5222  test_acc=49.88%  (best 60.88 @ ep 31)  [8.5s]
  ep  93: loss=0.5120  test_acc=50.60%  (best 60.88 @ ep 31)  [8.3s]
  ep  94: loss=0.4990  test_acc=50.31%  (best 60.88 @ ep 31)  [8.2s]
  ep  95: loss=0.4885  test_acc=51.63%  (best 60.88 @ ep 31)  [8.1s]
  ep  96: loss=0.4885  test_acc=50.81%  (best 60.88 @ ep 31)  [8.3s]
  ep  97: loss=0.4814  test_acc=50.68%  (best 60.88 @ ep 31)  [8.0s]
  ep  98: loss=0.4723  test_acc=50.68%  (best 60.88 @ ep 31)  [8.5s]
  ep  99: loss=0.4776  test_acc=50.17%  (best 60.88 @ ep 31)  [10.6s]  [logged per-sample loss: mean=0.422]

saved /path/to/ciln-workspace/journal_edition/robustness_transfer/results_v4/erm/ours_v2_clean__gaussian_noise_sev3__seed2.json: best 60.88% @ ep 31
