condition=ours_v2_clean__defocus_blur_sev1 seed=0 gpu=1
/path/to/ciln-workspace/venv/lib/python3.12/site-packages/torchvision/datasets/cifar.py:83: VisibleDeprecationWarning: dtype(): align should be passed as Python or NumPy boolean but got `align=0`. Did you mean to pass a tuple to create a subarray type? (Deprecated NumPy 2.4)
  entry = pickle.load(f, encoding="latin1")
image_source=clean  N=22500  noise_rate=8.62%
  ep   0: R(t)=1.000  acc1=30.53%  acc2=31.50%  ens=31.02%  (best 31.02 @ ep 0)  [7.2s]
  ep   1: R(t)=0.973  acc1=41.10%  acc2=44.65%  ens=42.88%  (best 42.88 @ ep 1)  [6.3s]
  ep   2: R(t)=0.961  acc1=51.29%  acc2=50.98%  ens=51.13%  (best 51.13 @ ep 2)  [6.7s]
  ep   3: R(t)=0.953  acc1=58.32%  acc2=58.15%  ens=58.24%  (best 58.24 @ ep 3)  [6.5s]
  ep   4: R(t)=0.945  acc1=56.80%  acc2=61.50%  ens=59.15%  (best 59.15 @ ep 4)  [6.2s]
  ep   5: R(t)=0.939  acc1=56.47%  acc2=53.71%  ens=55.09%  (best 59.15 @ ep 4)  [10.5s]  [sel1+2: prec=0.924, recall_clean=0.968]
  ep   6: R(t)=0.933  acc1=58.83%  acc2=64.22%  ens=61.53%  (best 61.53 @ ep 6)  [7.3s]
  ep   7: R(t)=0.928  acc1=62.96%  acc2=69.50%  ens=66.23%  (best 66.23 @ ep 7)  [18.2s]
  ep   8: R(t)=0.923  acc1=62.93%  acc2=58.45%  ens=60.69%  (best 66.23 @ ep 7)  [18.3s]
  ep   9: R(t)=0.918  acc1=62.53%  acc2=57.75%  ens=60.14%  (best 66.23 @ ep 7)  [19.1s]
  ep  10: R(t)=0.914  acc1=64.96%  acc2=71.87%  ens=68.42%  (best 68.42 @ ep 10)  [23.8s]  [sel1+2: prec=0.931, recall_clean=0.960]
  ep  11: R(t)=0.914  acc1=69.45%  acc2=68.94%  ens=69.20%  (best 69.20 @ ep 11)  [18.8s]
  ep  12: R(t)=0.914  acc1=72.08%  acc2=70.31%  ens=71.19%  (best 71.19 @ ep 12)  [16.7s]
  ep  13: R(t)=0.914  acc1=66.86%  acc2=70.54%  ens=68.70%  (best 71.19 @ ep 12)  [16.5s]
  ep  14: R(t)=0.914  acc1=72.84%  acc2=75.17%  ens=74.01%  (best 74.01 @ ep 14)  [19.3s]
  ep  15: R(t)=0.914  acc1=73.48%  acc2=69.93%  ens=71.70%  (best 74.01 @ ep 14)  [17.4s]
  ep  16: R(t)=0.914  acc1=68.71%  acc2=70.87%  ens=69.79%  (best 74.01 @ ep 14)  [16.4s]
  ep  17: R(t)=0.914  acc1=72.83%  acc2=74.48%  ens=73.66%  (best 74.01 @ ep 14)  [9.4s]
  ep  18: R(t)=0.914  acc1=72.60%  acc2=75.08%  ens=73.84%  (best 74.01 @ ep 14)  [6.6s]
  ep  19: R(t)=0.914  acc1=69.45%  acc2=74.36%  ens=71.91%  (best 74.01 @ ep 14)  [6.6s]
  ep  20: R(t)=0.914  acc1=70.39%  acc2=70.16%  ens=70.28%  (best 74.01 @ ep 14)  [9.8s]  [sel1+2: prec=0.935, recall_clean=0.964]
  ep  21: R(t)=0.914  acc1=70.06%  acc2=69.65%  ens=69.86%  (best 74.01 @ ep 14)  [6.4s]
  ep  22: R(t)=0.914  acc1=72.69%  acc2=70.27%  ens=71.48%  (best 74.01 @ ep 14)  [6.3s]
  ep  23: R(t)=0.914  acc1=71.44%  acc2=73.89%  ens=72.67%  (best 74.01 @ ep 14)  [6.3s]
  ep  24: R(t)=0.914  acc1=73.96%  acc2=69.82%  ens=71.89%  (best 74.01 @ ep 14)  [6.4s]
  ep  25: R(t)=0.914  acc1=72.25%  acc2=76.87%  ens=74.56%  (best 74.56 @ ep 25)  [6.3s]
  ep  26: R(t)=0.914  acc1=71.25%  acc2=70.32%  ens=70.79%  (best 74.56 @ ep 25)  [10.7s]
  ep  27: R(t)=0.914  acc1=72.93%  acc2=71.87%  ens=72.40%  (best 74.56 @ ep 25)  [17.8s]
  ep  28: R(t)=0.914  acc1=79.23%  acc2=73.82%  ens=76.53%  (best 76.53 @ ep 28)  [18.1s]
  ep  29: R(t)=0.914  acc1=75.55%  acc2=76.18%  ens=75.87%  (best 76.53 @ ep 28)  [16.7s]
  ep  30: R(t)=0.914  acc1=73.48%  acc2=78.18%  ens=75.83%  (best 76.53 @ ep 28)  [25.3s]  [sel1+2: prec=0.936, recall_clean=0.964]
  ep  31: R(t)=0.914  acc1=75.35%  acc2=74.57%  ens=74.96%  (best 76.53 @ ep 28)  [19.9s]
  ep  32: R(t)=0.914  acc1=78.07%  acc2=74.00%  ens=76.03%  (best 76.53 @ ep 28)  [17.7s]
  ep  33: R(t)=0.914  acc1=71.76%  acc2=65.52%  ens=68.64%  (best 76.53 @ ep 28)  [11.7s]
  ep  34: R(t)=0.914  acc1=76.10%  acc2=75.56%  ens=75.83%  (best 76.53 @ ep 28)  [6.4s]
  ep  35: R(t)=0.914  acc1=76.67%  acc2=69.90%  ens=73.28%  (best 76.53 @ ep 28)  [6.6s]
  ep  36: R(t)=0.914  acc1=78.18%  acc2=77.55%  ens=77.87%  (best 77.87 @ ep 36)  [6.3s]
  ep  37: R(t)=0.914  acc1=77.80%  acc2=75.63%  ens=76.72%  (best 77.87 @ ep 36)  [6.3s]
  ep  38: R(t)=0.914  acc1=78.37%  acc2=78.77%  ens=78.57%  (best 78.57 @ ep 38)  [6.2s]
  ep  39: R(t)=0.914  acc1=76.53%  acc2=74.50%  ens=75.52%  (best 78.57 @ ep 38)  [6.5s]
  ep  40: R(t)=0.914  acc1=79.27%  acc2=78.05%  ens=78.66%  (best 78.66 @ ep 40)  [6.1s]
  ep  41: R(t)=0.914  acc1=74.39%  acc2=77.06%  ens=75.72%  (best 78.66 @ ep 40)  [6.5s]
  ep  42: R(t)=0.914  acc1=78.93%  acc2=77.68%  ens=78.31%  (best 78.66 @ ep 40)  [6.7s]
  ep  43: R(t)=0.914  acc1=74.40%  acc2=70.40%  ens=72.40%  (best 78.66 @ ep 40)  [21.3s]
  ep  44: R(t)=0.914  acc1=75.14%  acc2=79.40%  ens=77.27%  (best 78.66 @ ep 40)  [19.6s]
  ep  45: R(t)=0.914  acc1=77.48%  acc2=74.90%  ens=76.19%  (best 78.66 @ ep 40)  [19.3s]
  ep  46: R(t)=0.914  acc1=76.08%  acc2=76.25%  ens=76.16%  (best 78.66 @ ep 40)  [19.7s]
  ep  47: R(t)=0.914  acc1=78.39%  acc2=76.63%  ens=77.51%  (best 78.66 @ ep 40)  [22.0s]
  ep  48: R(t)=0.914  acc1=78.41%  acc2=79.18%  ens=78.79%  (best 78.79 @ ep 48)  [23.1s]
  ep  49: R(t)=0.914  acc1=77.90%  acc2=79.24%  ens=78.57%  (best 78.79 @ ep 48)  [20.5s]
  ep  50: R(t)=0.914  acc1=79.41%  acc2=78.34%  ens=78.88%  (best 78.88 @ ep 50)  [29.6s]  [sel1+2: prec=0.940, recall_clean=0.968]
  ep  51: R(t)=0.914  acc1=81.71%  acc2=76.80%  ens=79.26%  (best 79.26 @ ep 51)  [17.6s]
  ep  52: R(t)=0.914  acc1=80.92%  acc2=80.37%  ens=80.64%  (best 80.64 @ ep 52)  [18.7s]
  ep  53: R(t)=0.914  acc1=81.69%  acc2=81.22%  ens=81.45%  (best 81.45 @ ep 53)  [20.4s]
  ep  54: R(t)=0.914  acc1=76.01%  acc2=80.30%  ens=78.16%  (best 81.45 @ ep 53)  [16.9s]
  ep  55: R(t)=0.914  acc1=81.07%  acc2=79.70%  ens=80.38%  (best 81.45 @ ep 53)  [6.6s]
  ep  56: R(t)=0.914  acc1=78.65%  acc2=80.88%  ens=79.77%  (best 81.45 @ ep 53)  [6.5s]
  ep  57: R(t)=0.914  acc1=80.21%  acc2=80.97%  ens=80.59%  (best 81.45 @ ep 53)  [6.4s]
  ep  58: R(t)=0.914  acc1=79.89%  acc2=81.04%  ens=80.47%  (best 81.45 @ ep 53)  [6.7s]
  ep  59: R(t)=0.914  acc1=79.38%  acc2=78.77%  ens=79.07%  (best 81.45 @ ep 53)  [6.4s]
  ep  60: R(t)=0.914  acc1=82.64%  acc2=82.84%  ens=82.74%  (best 82.74 @ ep 60)  [6.4s]
  ep  61: R(t)=0.914  acc1=81.80%  acc2=78.02%  ens=79.91%  (best 82.74 @ ep 60)  [6.7s]
  ep  62: R(t)=0.914  acc1=83.29%  acc2=82.19%  ens=82.74%  (best 82.74 @ ep 60)  [6.7s]
  ep  63: R(t)=0.914  acc1=82.43%  acc2=79.66%  ens=81.05%  (best 82.74 @ ep 60)  [7.1s]
  ep  64: R(t)=0.914  acc1=81.85%  acc2=83.45%  ens=82.65%  (best 82.74 @ ep 60)  [19.9s]
  ep  65: R(t)=0.914  acc1=81.13%  acc2=80.38%  ens=80.75%  (best 82.74 @ ep 60)  [20.6s]
  ep  66: R(t)=0.914  acc1=83.19%  acc2=80.35%  ens=81.77%  (best 82.74 @ ep 60)  [15.0s]
  ep  67: R(t)=0.914  acc1=82.17%  acc2=83.95%  ens=83.06%  (best 83.06 @ ep 67)  [6.4s]
  ep  68: R(t)=0.914  acc1=82.88%  acc2=82.00%  ens=82.44%  (best 83.06 @ ep 67)  [6.5s]
  ep  69: R(t)=0.914  acc1=83.42%  acc2=84.05%  ens=83.73%  (best 83.73 @ ep 69)  [6.7s]
  ep  70: R(t)=0.914  acc1=84.04%  acc2=82.78%  ens=83.41%  (best 83.73 @ ep 69)  [6.6s]
  ep  71: R(t)=0.914  acc1=84.00%  acc2=82.47%  ens=83.23%  (best 83.73 @ ep 69)  [6.6s]
  ep  72: R(t)=0.914  acc1=84.46%  acc2=83.90%  ens=84.18%  (best 84.18 @ ep 72)  [6.6s]
  ep  73: R(t)=0.914  acc1=85.18%  acc2=84.49%  ens=84.83%  (best 84.83 @ ep 73)  [6.3s]
  ep  74: R(t)=0.914  acc1=85.10%  acc2=84.58%  ens=84.84%  (best 84.84 @ ep 74)  [6.0s]
  ep  75: R(t)=0.914  acc1=85.37%  acc2=83.34%  ens=84.36%  (best 84.84 @ ep 74)  [9.9s]  [sel1+2: prec=0.945, recall_clean=0.967]
  ep  76: R(t)=0.914  acc1=84.98%  acc2=85.11%  ens=85.04%  (best 85.04 @ ep 76)  [15.8s]
  ep  77: R(t)=0.914  acc1=85.08%  acc2=84.45%  ens=84.77%  (best 85.04 @ ep 76)  [17.8s]
  ep  78: R(t)=0.914  acc1=85.85%  acc2=84.95%  ens=85.40%  (best 85.40 @ ep 78)  [18.0s]
  ep  79: R(t)=0.914  acc1=85.19%  acc2=84.98%  ens=85.08%  (best 85.40 @ ep 78)  [17.8s]
  ep  80: R(t)=0.914  acc1=86.20%  acc2=85.13%  ens=85.66%  (best 85.66 @ ep 80)  [16.8s]
  ep  81: R(t)=0.914  acc1=86.23%  acc2=85.58%  ens=85.91%  (best 85.91 @ ep 81)  [17.3s]
  ep  82: R(t)=0.914  acc1=85.68%  acc2=85.60%  ens=85.64%  (best 85.91 @ ep 81)  [17.1s]
  ep  83: R(t)=0.914  acc1=86.48%  acc2=86.09%  ens=86.28%  (best 86.28 @ ep 83)  [18.3s]
  ep  84: R(t)=0.914  acc1=86.25%  acc2=86.10%  ens=86.17%  (best 86.28 @ ep 83)  [18.7s]
  ep  85: R(t)=0.914  acc1=86.42%  acc2=86.31%  ens=86.37%  (best 86.37 @ ep 85)  [17.8s]
  ep  86: R(t)=0.914  acc1=86.65%  acc2=86.38%  ens=86.52%  (best 86.52 @ ep 86)  [16.9s]
  ep  87: R(t)=0.914  acc1=86.68%  acc2=86.40%  ens=86.54%  (best 86.54 @ ep 87)  [12.9s]
  ep  88: R(t)=0.914  acc1=86.50%  acc2=86.48%  ens=86.49%  (best 86.54 @ ep 87)  [6.2s]
  ep  89: R(t)=0.914  acc1=86.63%  acc2=86.41%  ens=86.52%  (best 86.54 @ ep 87)  [6.5s]
  ep  90: R(t)=0.914  acc1=86.92%  acc2=86.58%  ens=86.75%  (best 86.75 @ ep 90)  [6.4s]
  ep  91: R(t)=0.914  acc1=86.88%  acc2=86.51%  ens=86.69%  (best 86.75 @ ep 90)  [6.4s]
  ep  92: R(t)=0.914  acc1=86.93%  acc2=86.37%  ens=86.65%  (best 86.75 @ ep 90)  [6.3s]
  ep  93: R(t)=0.914  acc1=86.99%  acc2=86.24%  ens=86.61%  (best 86.75 @ ep 90)  [6.3s]
  ep  94: R(t)=0.914  acc1=87.01%  acc2=86.30%  ens=86.65%  (best 86.75 @ ep 90)  [6.5s]
  ep  95: R(t)=0.914  acc1=86.92%  acc2=86.27%  ens=86.59%  (best 86.75 @ ep 90)  [6.2s]
  ep  96: R(t)=0.914  acc1=86.82%  acc2=86.43%  ens=86.62%  (best 86.75 @ ep 90)  [6.6s]
  ep  97: R(t)=0.914  acc1=86.93%  acc2=86.41%  ens=86.67%  (best 86.75 @ ep 90)  [18.2s]
  ep  98: R(t)=0.914  acc1=86.77%  acc2=86.41%  ens=86.59%  (best 86.75 @ ep 90)  [18.0s]
  ep  99: R(t)=0.914  acc1=86.89%  acc2=86.36%  ens=86.62%  (best 86.75 @ ep 90)  [24.8s]  [sel1+2: prec=0.946, recall_clean=0.964]

saved /path/to/ciln-workspace/journal_edition/robustness_transfer/results_v4/coteaching/ours_v2_clean__defocus_blur_sev1__seed0.json: best ens-acc 86.75% @ ep 90
