condition=ours_v2_clean__pixelate_sev5 seed=1 gpu=1
/path/to/ciln-workspace/venv/lib/python3.12/site-packages/torchvision/datasets/cifar.py:83: VisibleDeprecationWarning: dtype(): align should be passed as Python or NumPy boolean but got `align=0`. Did you mean to pass a tuple to create a subarray type? (Deprecated NumPy 2.4)
  entry = pickle.load(f, encoding="latin1")
image_source=clean  N=22500  noise_rate=58.23%
  ep   0: R(t)=1.000  acc1=22.05%  acc2=19.50%  ens=20.77%  (best 20.77 @ ep 0)  [7.1s]
  ep   1: R(t)=0.816  acc1=23.02%  acc2=23.86%  ens=23.44%  (best 23.44 @ ep 1)  [6.3s]
  ep   2: R(t)=0.740  acc1=21.91%  acc2=22.64%  ens=22.27%  (best 23.44 @ ep 1)  [6.2s]
  ep   3: R(t)=0.681  acc1=22.93%  acc2=23.16%  ens=23.04%  (best 23.44 @ ep 1)  [6.7s]
  ep   4: R(t)=0.632  acc1=26.39%  acc2=28.13%  ens=27.26%  (best 27.26 @ ep 4)  [6.4s]
  ep   5: R(t)=0.588  acc1=24.75%  acc2=24.43%  ens=24.59%  (best 27.26 @ ep 4)  [10.2s]  [sel1+2: prec=0.398, recall_clean=0.584]
  ep   6: R(t)=0.549  acc1=23.36%  acc2=24.52%  ens=23.94%  (best 27.26 @ ep 4)  [15.2s]
  ep   7: R(t)=0.513  acc1=24.35%  acc2=25.80%  ens=25.08%  (best 27.26 @ ep 4)  [6.4s]
  ep   8: R(t)=0.479  acc1=24.68%  acc2=26.97%  ens=25.82%  (best 27.26 @ ep 4)  [6.6s]
  ep   9: R(t)=0.448  acc1=20.62%  acc2=22.34%  ens=21.48%  (best 27.26 @ ep 4)  [6.4s]
  ep  10: R(t)=0.418  acc1=21.35%  acc2=23.03%  ens=22.19%  (best 27.26 @ ep 4)  [9.8s]  [sel1+2: prec=0.432, recall_clean=0.461]
  ep  11: R(t)=0.418  acc1=24.14%  acc2=24.40%  ens=24.27%  (best 27.26 @ ep 4)  [6.4s]
  ep  12: R(t)=0.418  acc1=22.81%  acc2=21.76%  ens=22.29%  (best 27.26 @ ep 4)  [6.4s]
  ep  13: R(t)=0.418  acc1=25.20%  acc2=25.24%  ens=25.22%  (best 27.26 @ ep 4)  [6.6s]
  ep  14: R(t)=0.418  acc1=21.75%  acc2=20.70%  ens=21.22%  (best 27.26 @ ep 4)  [6.5s]
  ep  15: R(t)=0.418  acc1=21.83%  acc2=21.63%  ens=21.73%  (best 27.26 @ ep 4)  [9.3s]
  ep  16: R(t)=0.418  acc1=22.65%  acc2=22.78%  ens=22.72%  (best 27.26 @ ep 4)  [17.3s]
  ep  17: R(t)=0.418  acc1=23.05%  acc2=24.71%  ens=23.88%  (best 27.26 @ ep 4)  [18.3s]
  ep  18: R(t)=0.418  acc1=22.39%  acc2=24.11%  ens=23.25%  (best 27.26 @ ep 4)  [17.4s]
  ep  19: R(t)=0.418  acc1=23.12%  acc2=22.15%  ens=22.63%  (best 27.26 @ ep 4)  [6.6s]
  ep  20: R(t)=0.418  acc1=21.38%  acc2=20.93%  ens=21.16%  (best 27.26 @ ep 4)  [9.9s]  [sel1+2: prec=0.430, recall_clean=0.454]
  ep  21: R(t)=0.418  acc1=20.84%  acc2=20.82%  ens=20.83%  (best 27.26 @ ep 4)  [6.5s]
  ep  22: R(t)=0.418  acc1=21.81%  acc2=20.42%  ens=21.12%  (best 27.26 @ ep 4)  [6.2s]
  ep  23: R(t)=0.418  acc1=22.01%  acc2=24.33%  ens=23.17%  (best 27.26 @ ep 4)  [6.6s]
  ep  24: R(t)=0.418  acc1=22.03%  acc2=22.38%  ens=22.20%  (best 27.26 @ ep 4)  [6.5s]
  ep  25: R(t)=0.418  acc1=19.13%  acc2=18.88%  ens=19.00%  (best 27.26 @ ep 4)  [6.6s]
  ep  26: R(t)=0.418  acc1=21.62%  acc2=21.68%  ens=21.65%  (best 27.26 @ ep 4)  [6.5s]
  ep  27: R(t)=0.418  acc1=20.45%  acc2=19.99%  ens=20.22%  (best 27.26 @ ep 4)  [8.0s]
  ep  28: R(t)=0.418  acc1=20.34%  acc2=20.46%  ens=20.40%  (best 27.26 @ ep 4)  [17.5s]
  ep  29: R(t)=0.418  acc1=22.22%  acc2=21.60%  ens=21.91%  (best 27.26 @ ep 4)  [18.8s]
  ep  30: R(t)=0.418  acc1=19.26%  acc2=19.39%  ens=19.32%  (best 27.26 @ ep 4)  [24.1s]  [sel1+2: prec=0.424, recall_clean=0.442]
  ep  31: R(t)=0.418  acc1=21.48%  acc2=21.05%  ens=21.27%  (best 27.26 @ ep 4)  [16.3s]
  ep  32: R(t)=0.418  acc1=21.74%  acc2=22.15%  ens=21.95%  (best 27.26 @ ep 4)  [6.4s]
  ep  33: R(t)=0.418  acc1=21.90%  acc2=21.74%  ens=21.82%  (best 27.26 @ ep 4)  [6.5s]
  ep  34: R(t)=0.418  acc1=20.11%  acc2=21.01%  ens=20.56%  (best 27.26 @ ep 4)  [6.5s]
  ep  35: R(t)=0.418  acc1=18.32%  acc2=21.59%  ens=19.96%  (best 27.26 @ ep 4)  [6.4s]
  ep  36: R(t)=0.418  acc1=22.53%  acc2=23.74%  ens=23.14%  (best 27.26 @ ep 4)  [6.4s]
  ep  37: R(t)=0.418  acc1=21.08%  acc2=21.37%  ens=21.22%  (best 27.26 @ ep 4)  [6.1s]
  ep  38: R(t)=0.418  acc1=23.65%  acc2=21.57%  ens=22.61%  (best 27.26 @ ep 4)  [6.7s]
  ep  39: R(t)=0.418  acc1=19.24%  acc2=20.57%  ens=19.91%  (best 27.26 @ ep 4)  [6.1s]
  ep  40: R(t)=0.418  acc1=20.94%  acc2=21.04%  ens=20.99%  (best 27.26 @ ep 4)  [6.3s]
  ep  41: R(t)=0.418  acc1=20.36%  acc2=18.85%  ens=19.61%  (best 27.26 @ ep 4)  [13.1s]
  ep  42: R(t)=0.418  acc1=21.12%  acc2=22.52%  ens=21.82%  (best 27.26 @ ep 4)  [16.6s]
  ep  43: R(t)=0.418  acc1=21.68%  acc2=21.70%  ens=21.69%  (best 27.26 @ ep 4)  [16.7s]
  ep  44: R(t)=0.418  acc1=19.93%  acc2=21.06%  ens=20.50%  (best 27.26 @ ep 4)  [16.1s]
  ep  45: R(t)=0.418  acc1=23.01%  acc2=21.92%  ens=22.47%  (best 27.26 @ ep 4)  [16.9s]
  ep  46: R(t)=0.418  acc1=20.05%  acc2=20.37%  ens=20.21%  (best 27.26 @ ep 4)  [16.4s]
  ep  47: R(t)=0.418  acc1=22.28%  acc2=22.43%  ens=22.36%  (best 27.26 @ ep 4)  [10.8s]
  ep  48: R(t)=0.418  acc1=20.67%  acc2=20.82%  ens=20.75%  (best 27.26 @ ep 4)  [6.7s]
  ep  49: R(t)=0.418  acc1=20.43%  acc2=21.35%  ens=20.89%  (best 27.26 @ ep 4)  [6.1s]
  ep  50: R(t)=0.418  acc1=22.33%  acc2=21.15%  ens=21.74%  (best 27.26 @ ep 4)  [9.6s]  [sel1+2: prec=0.421, recall_clean=0.440]
  ep  51: R(t)=0.418  acc1=23.17%  acc2=21.63%  ens=22.40%  (best 27.26 @ ep 4)  [6.2s]
  ep  52: R(t)=0.418  acc1=20.93%  acc2=20.08%  ens=20.51%  (best 27.26 @ ep 4)  [6.3s]
  ep  53: R(t)=0.418  acc1=21.69%  acc2=22.26%  ens=21.98%  (best 27.26 @ ep 4)  [6.3s]
  ep  54: R(t)=0.418  acc1=22.92%  acc2=22.93%  ens=22.93%  (best 27.26 @ ep 4)  [6.3s]
  ep  55: R(t)=0.418  acc1=21.75%  acc2=22.31%  ens=22.03%  (best 27.26 @ ep 4)  [6.2s]
  ep  56: R(t)=0.418  acc1=22.24%  acc2=22.34%  ens=22.29%  (best 27.26 @ ep 4)  [6.9s]
  ep  57: R(t)=0.418  acc1=21.65%  acc2=21.64%  ens=21.64%  (best 27.26 @ ep 4)  [16.0s]
  ep  58: R(t)=0.418  acc1=22.18%  acc2=22.46%  ens=22.32%  (best 27.26 @ ep 4)  [16.4s]
  ep  59: R(t)=0.418  acc1=23.84%  acc2=23.05%  ens=23.45%  (best 27.26 @ ep 4)  [17.4s]
  ep  60: R(t)=0.418  acc1=21.69%  acc2=20.65%  ens=21.17%  (best 27.26 @ ep 4)  [15.8s]
  ep  61: R(t)=0.418  acc1=23.59%  acc2=20.34%  ens=21.96%  (best 27.26 @ ep 4)  [16.3s]
  ep  62: R(t)=0.418  acc1=22.38%  acc2=22.49%  ens=22.43%  (best 27.26 @ ep 4)  [17.1s]
  ep  63: R(t)=0.418  acc1=21.50%  acc2=20.62%  ens=21.06%  (best 27.26 @ ep 4)  [17.7s]
  ep  64: R(t)=0.418  acc1=22.16%  acc2=22.41%  ens=22.29%  (best 27.26 @ ep 4)  [16.8s]
  ep  65: R(t)=0.418  acc1=22.18%  acc2=21.95%  ens=22.07%  (best 27.26 @ ep 4)  [16.9s]
  ep  66: R(t)=0.418  acc1=22.82%  acc2=22.24%  ens=22.53%  (best 27.26 @ ep 4)  [17.0s]
  ep  67: R(t)=0.418  acc1=22.16%  acc2=22.75%  ens=22.45%  (best 27.26 @ ep 4)  [17.0s]
  ep  68: R(t)=0.418  acc1=22.39%  acc2=22.27%  ens=22.33%  (best 27.26 @ ep 4)  [16.1s]
  ep  69: R(t)=0.418  acc1=22.22%  acc2=22.93%  ens=22.57%  (best 27.26 @ ep 4)  [16.7s]
  ep  70: R(t)=0.418  acc1=22.51%  acc2=22.36%  ens=22.43%  (best 27.26 @ ep 4)  [17.7s]
  ep  71: R(t)=0.418  acc1=22.49%  acc2=23.45%  ens=22.97%  (best 27.26 @ ep 4)  [17.6s]
  ep  72: R(t)=0.418  acc1=22.19%  acc2=21.85%  ens=22.02%  (best 27.26 @ ep 4)  [17.9s]
  ep  73: R(t)=0.418  acc1=22.16%  acc2=22.02%  ens=22.09%  (best 27.26 @ ep 4)  [16.1s]
  ep  74: R(t)=0.418  acc1=20.96%  acc2=22.25%  ens=21.61%  (best 27.26 @ ep 4)  [16.6s]
  ep  75: R(t)=0.418  acc1=22.57%  acc2=22.80%  ens=22.68%  (best 27.26 @ ep 4)  [22.1s]  [sel1+2: prec=0.437, recall_clean=0.451]
  ep  76: R(t)=0.418  acc1=22.88%  acc2=22.75%  ens=22.82%  (best 27.26 @ ep 4)  [16.8s]
  ep  77: R(t)=0.418  acc1=23.01%  acc2=23.41%  ens=23.21%  (best 27.26 @ ep 4)  [17.4s]
  ep  78: R(t)=0.418  acc1=22.64%  acc2=22.65%  ens=22.64%  (best 27.26 @ ep 4)  [10.0s]
  ep  79: R(t)=0.418  acc1=22.69%  acc2=22.80%  ens=22.74%  (best 27.26 @ ep 4)  [6.3s]
  ep  80: R(t)=0.418  acc1=22.77%  acc2=22.79%  ens=22.78%  (best 27.26 @ ep 4)  [6.5s]
  ep  81: R(t)=0.418  acc1=22.48%  acc2=22.79%  ens=22.63%  (best 27.26 @ ep 4)  [6.5s]
  ep  82: R(t)=0.418  acc1=22.36%  acc2=22.14%  ens=22.25%  (best 27.26 @ ep 4)  [6.2s]
  ep  83: R(t)=0.418  acc1=22.60%  acc2=22.59%  ens=22.59%  (best 27.26 @ ep 4)  [6.7s]
  ep  84: R(t)=0.418  acc1=23.02%  acc2=22.69%  ens=22.85%  (best 27.26 @ ep 4)  [6.3s]
  ep  85: R(t)=0.418  acc1=22.56%  acc2=22.54%  ens=22.55%  (best 27.26 @ ep 4)  [6.4s]
  ep  86: R(t)=0.418  acc1=22.83%  acc2=22.93%  ens=22.88%  (best 27.26 @ ep 4)  [6.6s]
  ep  87: R(t)=0.418  acc1=23.00%  acc2=22.76%  ens=22.88%  (best 27.26 @ ep 4)  [7.7s]
  ep  88: R(t)=0.418  acc1=23.14%  acc2=23.42%  ens=23.28%  (best 27.26 @ ep 4)  [6.2s]
  ep  89: R(t)=0.418  acc1=23.08%  acc2=22.86%  ens=22.97%  (best 27.26 @ ep 4)  [6.3s]
  ep  90: R(t)=0.418  acc1=22.83%  acc2=22.82%  ens=22.82%  (best 27.26 @ ep 4)  [6.2s]
  ep  91: R(t)=0.418  acc1=23.13%  acc2=23.13%  ens=23.13%  (best 27.26 @ ep 4)  [6.2s]
  ep  92: R(t)=0.418  acc1=23.05%  acc2=23.07%  ens=23.06%  (best 27.26 @ ep 4)  [6.5s]
  ep  93: R(t)=0.418  acc1=23.02%  acc2=23.09%  ens=23.05%  (best 27.26 @ ep 4)  [6.1s]
  ep  94: R(t)=0.418  acc1=23.13%  acc2=23.17%  ens=23.15%  (best 27.26 @ ep 4)  [6.8s]
  ep  95: R(t)=0.418  acc1=23.23%  acc2=23.21%  ens=23.22%  (best 27.26 @ ep 4)  [6.4s]
  ep  96: R(t)=0.418  acc1=23.35%  acc2=23.29%  ens=23.32%  (best 27.26 @ ep 4)  [6.6s]
  ep  97: R(t)=0.418  acc1=23.17%  acc2=23.19%  ens=23.18%  (best 27.26 @ ep 4)  [9.4s]
  ep  98: R(t)=0.418  acc1=22.99%  acc2=22.87%  ens=22.93%  (best 27.26 @ ep 4)  [18.5s]
  ep  99: R(t)=0.418  acc1=23.14%  acc2=23.05%  ens=23.09%  (best 27.26 @ ep 4)  [24.9s]  [sel1+2: prec=0.442, recall_clean=0.445]

saved /path/to/ciln-workspace/journal_edition/robustness_transfer/results_v4/coteaching/ours_v2_clean__pixelate_sev5__seed1.json: best ens-acc 27.26% @ ep 4
