condition=ours_v2_noisy__contrast_sev5 seed=1 gpu=2
/path/to/ciln-workspace/venv/lib/python3.12/site-packages/torchvision/datasets/cifar.py:83: VisibleDeprecationWarning: dtype(): align should be passed as Python or NumPy boolean but got `align=0`. Did you mean to pass a tuple to create a subarray type? (Deprecated NumPy 2.4)
  entry = pickle.load(f, encoding="latin1")
image_source=noisy  N=22500  noise_rate=47.51%
  ep   0: R(t)=1.000  acc1=19.81%  acc2=19.96%  ens=19.89%  (best 19.89 @ ep 0)  [20.8s]
  ep   1: R(t)=0.850  acc1=18.58%  acc2=17.00%  ens=17.79%  (best 19.89 @ ep 0)  [6.4s]
  ep   2: R(t)=0.788  acc1=19.97%  acc2=19.07%  ens=19.52%  (best 19.89 @ ep 0)  [6.7s]
  ep   3: R(t)=0.740  acc1=19.94%  acc2=20.10%  ens=20.02%  (best 20.02 @ ep 3)  [6.6s]
  ep   4: R(t)=0.700  acc1=20.05%  acc2=20.63%  ens=20.34%  (best 20.34 @ ep 4)  [6.8s]
  ep   5: R(t)=0.664  acc1=19.26%  acc2=19.43%  ens=19.35%  (best 20.34 @ ep 4)  [10.3s]  [sel1+2: prec=0.453, recall_clean=0.582]
  ep   6: R(t)=0.632  acc1=18.92%  acc2=19.21%  ens=19.06%  (best 20.34 @ ep 4)  [6.7s]
  ep   7: R(t)=0.603  acc1=19.86%  acc2=17.98%  ens=18.92%  (best 20.34 @ ep 4)  [6.4s]
  ep   8: R(t)=0.575  acc1=18.98%  acc2=18.33%  ens=18.66%  (best 20.34 @ ep 4)  [6.5s]
  ep   9: R(t)=0.549  acc1=20.53%  acc2=20.25%  ens=20.39%  (best 20.39 @ ep 9)  [9.5s]
  ep  10: R(t)=0.525  acc1=18.16%  acc2=18.17%  ens=18.16%  (best 20.39 @ ep 9)  [19.4s]  [sel1+2: prec=0.408, recall_clean=0.414]
  ep  11: R(t)=0.525  acc1=19.66%  acc2=19.11%  ens=19.38%  (best 20.39 @ ep 9)  [6.5s]
  ep  12: R(t)=0.525  acc1=18.92%  acc2=18.55%  ens=18.74%  (best 20.39 @ ep 9)  [6.4s]
  ep  13: R(t)=0.525  acc1=18.15%  acc2=17.76%  ens=17.95%  (best 20.39 @ ep 9)  [6.5s]
  ep  14: R(t)=0.525  acc1=18.97%  acc2=19.16%  ens=19.06%  (best 20.39 @ ep 9)  [6.3s]
  ep  15: R(t)=0.525  acc1=18.72%  acc2=18.62%  ens=18.67%  (best 20.39 @ ep 9)  [6.5s]
  ep  16: R(t)=0.525  acc1=19.26%  acc2=18.83%  ens=19.05%  (best 20.39 @ ep 9)  [6.4s]
  ep  17: R(t)=0.525  acc1=19.80%  acc2=19.11%  ens=19.45%  (best 20.39 @ ep 9)  [6.4s]
  ep  18: R(t)=0.525  acc1=15.77%  acc2=16.39%  ens=16.08%  (best 20.39 @ ep 9)  [6.4s]
  ep  19: R(t)=0.525  acc1=18.99%  acc2=19.05%  ens=19.02%  (best 20.39 @ ep 9)  [7.5s]
  ep  20: R(t)=0.525  acc1=19.40%  acc2=20.37%  ens=19.89%  (best 20.39 @ ep 9)  [24.3s]  [sel1+2: prec=0.410, recall_clean=0.414]
  ep  21: R(t)=0.525  acc1=16.69%  acc2=16.95%  ens=16.82%  (best 20.39 @ ep 9)  [19.0s]
  ep  22: R(t)=0.525  acc1=18.11%  acc2=18.31%  ens=18.21%  (best 20.39 @ ep 9)  [16.8s]
  ep  23: R(t)=0.525  acc1=18.95%  acc2=19.54%  ens=19.25%  (best 20.39 @ ep 9)  [17.8s]
  ep  24: R(t)=0.525  acc1=18.23%  acc2=18.57%  ens=18.40%  (best 20.39 @ ep 9)  [17.5s]
  ep  25: R(t)=0.525  acc1=17.47%  acc2=17.51%  ens=17.49%  (best 20.39 @ ep 9)  [18.6s]
  ep  26: R(t)=0.525  acc1=18.18%  acc2=18.93%  ens=18.55%  (best 20.39 @ ep 9)  [16.0s]
  ep  27: R(t)=0.525  acc1=16.57%  acc2=16.47%  ens=16.52%  (best 20.39 @ ep 9)  [16.0s]
  ep  28: R(t)=0.525  acc1=19.63%  acc2=20.56%  ens=20.10%  (best 20.39 @ ep 9)  [16.5s]
  ep  29: R(t)=0.525  acc1=18.00%  acc2=18.51%  ens=18.25%  (best 20.39 @ ep 9)  [15.7s]
  ep  30: R(t)=0.525  acc1=14.97%  acc2=14.69%  ens=14.83%  (best 20.39 @ ep 9)  [25.1s]  [sel1+2: prec=0.408, recall_clean=0.413]
  ep  31: R(t)=0.525  acc1=18.29%  acc2=19.18%  ens=18.74%  (best 20.39 @ ep 9)  [19.5s]
  ep  32: R(t)=0.525  acc1=20.09%  acc2=20.57%  ens=20.33%  (best 20.39 @ ep 9)  [13.0s]
  ep  33: R(t)=0.525  acc1=17.81%  acc2=18.09%  ens=17.95%  (best 20.39 @ ep 9)  [6.5s]
  ep  34: R(t)=0.525  acc1=14.66%  acc2=15.86%  ens=15.26%  (best 20.39 @ ep 9)  [6.7s]
  ep  35: R(t)=0.525  acc1=16.72%  acc2=17.06%  ens=16.89%  (best 20.39 @ ep 9)  [6.6s]
  ep  36: R(t)=0.525  acc1=17.03%  acc2=17.32%  ens=17.18%  (best 20.39 @ ep 9)  [6.4s]
  ep  37: R(t)=0.525  acc1=16.21%  acc2=16.40%  ens=16.30%  (best 20.39 @ ep 9)  [6.5s]
  ep  38: R(t)=0.525  acc1=19.28%  acc2=20.28%  ens=19.78%  (best 20.39 @ ep 9)  [6.4s]
  ep  39: R(t)=0.525  acc1=15.12%  acc2=14.48%  ens=14.80%  (best 20.39 @ ep 9)  [6.6s]
  ep  40: R(t)=0.525  acc1=16.91%  acc2=17.60%  ens=17.25%  (best 20.39 @ ep 9)  [6.5s]
  ep  41: R(t)=0.525  acc1=17.65%  acc2=17.86%  ens=17.75%  (best 20.39 @ ep 9)  [7.6s]
  ep  42: R(t)=0.525  acc1=18.79%  acc2=18.65%  ens=18.72%  (best 20.39 @ ep 9)  [17.3s]
  ep  43: R(t)=0.525  acc1=19.36%  acc2=19.66%  ens=19.51%  (best 20.39 @ ep 9)  [16.4s]
  ep  44: R(t)=0.525  acc1=17.29%  acc2=17.60%  ens=17.45%  (best 20.39 @ ep 9)  [17.3s]
  ep  45: R(t)=0.525  acc1=18.40%  acc2=17.83%  ens=18.11%  (best 20.39 @ ep 9)  [17.3s]
  ep  46: R(t)=0.525  acc1=15.89%  acc2=15.89%  ens=15.89%  (best 20.39 @ ep 9)  [18.0s]
  ep  47: R(t)=0.525  acc1=18.04%  acc2=16.80%  ens=17.42%  (best 20.39 @ ep 9)  [9.3s]
  ep  48: R(t)=0.525  acc1=17.77%  acc2=17.80%  ens=17.79%  (best 20.39 @ ep 9)  [6.5s]
  ep  49: R(t)=0.525  acc1=17.81%  acc2=17.99%  ens=17.90%  (best 20.39 @ ep 9)  [6.9s]
  ep  50: R(t)=0.525  acc1=17.37%  acc2=16.85%  ens=17.11%  (best 20.39 @ ep 9)  [10.0s]  [sel1+2: prec=0.412, recall_clean=0.415]
  ep  51: R(t)=0.525  acc1=19.59%  acc2=18.95%  ens=19.27%  (best 20.39 @ ep 9)  [6.5s]
  ep  52: R(t)=0.525  acc1=16.48%  acc2=16.24%  ens=16.36%  (best 20.39 @ ep 9)  [6.4s]
  ep  53: R(t)=0.525  acc1=17.68%  acc2=17.61%  ens=17.64%  (best 20.39 @ ep 9)  [6.3s]
  ep  54: R(t)=0.525  acc1=19.94%  acc2=20.08%  ens=20.01%  (best 20.39 @ ep 9)  [6.5s]
  ep  55: R(t)=0.525  acc1=18.96%  acc2=18.61%  ens=18.79%  (best 20.39 @ ep 9)  [6.3s]
  ep  56: R(t)=0.525  acc1=19.04%  acc2=19.23%  ens=19.14%  (best 20.39 @ ep 9)  [13.5s]
  ep  57: R(t)=0.525  acc1=17.11%  acc2=16.84%  ens=16.98%  (best 20.39 @ ep 9)  [16.8s]
  ep  58: R(t)=0.525  acc1=18.49%  acc2=18.66%  ens=18.57%  (best 20.39 @ ep 9)  [19.7s]
  ep  59: R(t)=0.525  acc1=17.69%  acc2=17.51%  ens=17.60%  (best 20.39 @ ep 9)  [17.2s]
  ep  60: R(t)=0.525  acc1=16.13%  acc2=14.99%  ens=15.56%  (best 20.39 @ ep 9)  [18.6s]
  ep  61: R(t)=0.525  acc1=18.82%  acc2=18.79%  ens=18.80%  (best 20.39 @ ep 9)  [16.6s]
  ep  62: R(t)=0.525  acc1=19.83%  acc2=19.47%  ens=19.65%  (best 20.39 @ ep 9)  [16.8s]
  ep  63: R(t)=0.525  acc1=19.33%  acc2=18.76%  ens=19.05%  (best 20.39 @ ep 9)  [18.1s]
  ep  64: R(t)=0.525  acc1=19.39%  acc2=18.99%  ens=19.19%  (best 20.39 @ ep 9)  [6.2s]
  ep  65: R(t)=0.525  acc1=19.08%  acc2=18.71%  ens=18.89%  (best 20.39 @ ep 9)  [6.7s]
  ep  66: R(t)=0.525  acc1=16.88%  acc2=16.91%  ens=16.89%  (best 20.39 @ ep 9)  [6.2s]
  ep  67: R(t)=0.525  acc1=17.81%  acc2=17.92%  ens=17.87%  (best 20.39 @ ep 9)  [6.5s]
  ep  68: R(t)=0.525  acc1=18.53%  acc2=18.37%  ens=18.45%  (best 20.39 @ ep 9)  [6.4s]
  ep  69: R(t)=0.525  acc1=18.01%  acc2=17.16%  ens=17.59%  (best 20.39 @ ep 9)  [6.5s]
  ep  70: R(t)=0.525  acc1=16.93%  acc2=17.15%  ens=17.04%  (best 20.39 @ ep 9)  [6.7s]
  ep  71: R(t)=0.525  acc1=16.31%  acc2=17.05%  ens=16.68%  (best 20.39 @ ep 9)  [6.3s]
  ep  72: R(t)=0.525  acc1=18.15%  acc2=18.47%  ens=18.31%  (best 20.39 @ ep 9)  [6.4s]
  ep  73: R(t)=0.525  acc1=17.17%  acc2=16.89%  ens=17.03%  (best 20.39 @ ep 9)  [10.5s]
  ep  74: R(t)=0.525  acc1=16.79%  acc2=16.20%  ens=16.49%  (best 20.39 @ ep 9)  [17.5s]
  ep  75: R(t)=0.525  acc1=17.59%  acc2=17.46%  ens=17.53%  (best 20.39 @ ep 9)  [24.1s]  [sel1+2: prec=0.416, recall_clean=0.419]
  ep  76: R(t)=0.525  acc1=19.28%  acc2=19.19%  ens=19.23%  (best 20.39 @ ep 9)  [11.4s]
  ep  77: R(t)=0.525  acc1=18.44%  acc2=18.97%  ens=18.70%  (best 20.39 @ ep 9)  [6.6s]
  ep  78: R(t)=0.525  acc1=19.19%  acc2=19.34%  ens=19.27%  (best 20.39 @ ep 9)  [6.5s]
  ep  79: R(t)=0.525  acc1=16.78%  acc2=16.67%  ens=16.73%  (best 20.39 @ ep 9)  [6.7s]
  ep  80: R(t)=0.525  acc1=17.68%  acc2=17.56%  ens=17.62%  (best 20.39 @ ep 9)  [6.6s]
  ep  81: R(t)=0.525  acc1=18.68%  acc2=18.66%  ens=18.67%  (best 20.39 @ ep 9)  [6.4s]
  ep  82: R(t)=0.525  acc1=19.06%  acc2=18.95%  ens=19.00%  (best 20.39 @ ep 9)  [6.7s]
  ep  83: R(t)=0.525  acc1=19.42%  acc2=19.14%  ens=19.28%  (best 20.39 @ ep 9)  [6.6s]
  ep  84: R(t)=0.525  acc1=18.38%  acc2=17.86%  ens=18.12%  (best 20.39 @ ep 9)  [6.5s]
  ep  85: R(t)=0.525  acc1=19.61%  acc2=19.56%  ens=19.59%  (best 20.39 @ ep 9)  [6.8s]
  ep  86: R(t)=0.525  acc1=19.12%  acc2=19.45%  ens=19.29%  (best 20.39 @ ep 9)  [16.9s]
  ep  87: R(t)=0.525  acc1=19.68%  acc2=19.57%  ens=19.62%  (best 20.39 @ ep 9)  [16.7s]
  ep  88: R(t)=0.525  acc1=19.66%  acc2=19.64%  ens=19.65%  (best 20.39 @ ep 9)  [16.5s]
  ep  89: R(t)=0.525  acc1=19.33%  acc2=19.15%  ens=19.24%  (best 20.39 @ ep 9)  [16.5s]
  ep  90: R(t)=0.525  acc1=19.68%  acc2=19.21%  ens=19.45%  (best 20.39 @ ep 9)  [17.2s]
  ep  91: R(t)=0.525  acc1=19.58%  acc2=19.14%  ens=19.36%  (best 20.39 @ ep 9)  [16.8s]
  ep  92: R(t)=0.525  acc1=19.74%  acc2=19.37%  ens=19.55%  (best 20.39 @ ep 9)  [16.5s]
  ep  93: R(t)=0.525  acc1=19.61%  acc2=19.51%  ens=19.56%  (best 20.39 @ ep 9)  [16.3s]
  ep  94: R(t)=0.525  acc1=19.59%  acc2=19.29%  ens=19.44%  (best 20.39 @ ep 9)  [18.1s]
  ep  95: R(t)=0.525  acc1=19.67%  acc2=19.38%  ens=19.53%  (best 20.39 @ ep 9)  [16.4s]
  ep  96: R(t)=0.525  acc1=19.84%  acc2=19.50%  ens=19.67%  (best 20.39 @ ep 9)  [17.3s]
  ep  97: R(t)=0.525  acc1=19.61%  acc2=19.40%  ens=19.50%  (best 20.39 @ ep 9)  [17.8s]
  ep  98: R(t)=0.525  acc1=19.49%  acc2=19.27%  ens=19.38%  (best 20.39 @ ep 9)  [17.4s]
  ep  99: R(t)=0.525  acc1=19.71%  acc2=19.38%  ens=19.55%  (best 20.39 @ ep 9)  [21.8s]  [sel1+2: prec=0.418, recall_clean=0.419]

saved /path/to/ciln-workspace/journal_edition/robustness_transfer/results_v4/coteaching/ours_v2_noisy__contrast_sev5__seed1.json: best ens-acc 20.39% @ ep 9
