condition=ours_v2_clean__glass_blur_sev3 seed=2 gpu=1
/path/to/ciln-workspace/venv/lib/python3.12/site-packages/torchvision/datasets/cifar.py:83: VisibleDeprecationWarning: dtype(): align should be passed as Python or NumPy boolean but got `align=0`. Did you mean to pass a tuple to create a subarray type? (Deprecated NumPy 2.4)
  entry = pickle.load(f, encoding="latin1")
image_source=clean  N=22500  noise_rate=64.68%
  ep   0: loss=1.7268  test_acc=16.42%  (best 16.42 @ ep 0)  [4.6s]
  ep   1: loss=1.6219  test_acc=19.88%  (best 19.88 @ ep 1)  [3.7s]
  ep   2: loss=1.5822  test_acc=17.97%  (best 19.88 @ ep 1)  [3.7s]
  ep   3: loss=1.5489  test_acc=16.79%  (best 19.88 @ ep 1)  [3.6s]
  ep   4: loss=1.5199  test_acc=20.44%  (best 20.44 @ ep 4)  [3.6s]
  ep   5: loss=1.4908  test_acc=22.17%  (best 22.17 @ ep 5)  [5.4s]  [logged per-sample loss: mean=1.487]
  ep   6: loss=1.4759  test_acc=26.28%  (best 26.28 @ ep 6)  [3.8s]
  ep   7: loss=1.4550  test_acc=27.10%  (best 27.10 @ ep 7)  [7.6s]
  ep   8: loss=1.4471  test_acc=24.43%  (best 27.10 @ ep 7)  [8.2s]
  ep   9: loss=1.4331  test_acc=23.52%  (best 27.10 @ ep 7)  [8.6s]
  ep  10: loss=1.4225  test_acc=23.56%  (best 27.10 @ ep 7)  [10.9s]  [logged per-sample loss: mean=1.576]
  ep  11: loss=1.4207  test_acc=28.60%  (best 28.60 @ ep 11)  [8.2s]
  ep  12: loss=1.4095  test_acc=25.95%  (best 28.60 @ ep 11)  [8.0s]
  ep  13: loss=1.4026  test_acc=25.51%  (best 28.60 @ ep 11)  [8.3s]
  ep  14: loss=1.3988  test_acc=28.58%  (best 28.60 @ ep 11)  [8.1s]
  ep  15: loss=1.3952  test_acc=26.94%  (best 28.60 @ ep 11)  [8.6s]
  ep  16: loss=1.3891  test_acc=31.96%  (best 31.96 @ ep 16)  [8.1s]
  ep  17: loss=1.3864  test_acc=32.46%  (best 32.46 @ ep 17)  [8.1s]
  ep  18: loss=1.3864  test_acc=29.76%  (best 32.46 @ ep 17)  [7.9s]
  ep  19: loss=1.3830  test_acc=30.40%  (best 32.46 @ ep 17)  [8.4s]
  ep  20: loss=1.3708  test_acc=32.73%  (best 32.73 @ ep 20)  [11.0s]  [logged per-sample loss: mean=1.427]
  ep  21: loss=1.3721  test_acc=33.14%  (best 33.14 @ ep 21)  [7.9s]
  ep  22: loss=1.3679  test_acc=28.83%  (best 33.14 @ ep 21)  [8.1s]
  ep  23: loss=1.3651  test_acc=30.73%  (best 33.14 @ ep 21)  [8.0s]
  ep  24: loss=1.3623  test_acc=35.40%  (best 35.40 @ ep 24)  [8.1s]
  ep  25: loss=1.3579  test_acc=27.51%  (best 35.40 @ ep 24)  [8.3s]
  ep  26: loss=1.3540  test_acc=33.23%  (best 35.40 @ ep 24)  [8.4s]
  ep  27: loss=1.3540  test_acc=37.88%  (best 37.88 @ ep 27)  [9.7s]
  ep  28: loss=1.3466  test_acc=29.78%  (best 37.88 @ ep 27)  [8.0s]
  ep  29: loss=1.3411  test_acc=30.17%  (best 37.88 @ ep 27)  [8.9s]
  ep  30: loss=1.3391  test_acc=32.09%  (best 37.88 @ ep 27)  [12.2s]  [logged per-sample loss: mean=1.314]
  ep  31: loss=1.3374  test_acc=32.03%  (best 37.88 @ ep 27)  [9.1s]
  ep  32: loss=1.3340  test_acc=34.07%  (best 37.88 @ ep 27)  [10.0s]
  ep  33: loss=1.3290  test_acc=30.22%  (best 37.88 @ ep 27)  [9.0s]
  ep  34: loss=1.3305  test_acc=37.06%  (best 37.88 @ ep 27)  [10.1s]
  ep  35: loss=1.3220  test_acc=32.54%  (best 37.88 @ ep 27)  [9.6s]
  ep  36: loss=1.3197  test_acc=35.19%  (best 37.88 @ ep 27)  [8.7s]
  ep  37: loss=1.3102  test_acc=29.77%  (best 37.88 @ ep 27)  [3.7s]
  ep  38: loss=1.3160  test_acc=32.89%  (best 37.88 @ ep 27)  [3.7s]
  ep  39: loss=1.3053  test_acc=39.86%  (best 39.86 @ ep 39)  [3.8s]
  ep  40: loss=1.3019  test_acc=31.23%  (best 39.86 @ ep 39)  [3.6s]
  ep  41: loss=1.3023  test_acc=25.55%  (best 39.86 @ ep 39)  [3.6s]
  ep  42: loss=1.2955  test_acc=37.58%  (best 39.86 @ ep 39)  [3.6s]
  ep  43: loss=1.2938  test_acc=39.93%  (best 39.93 @ ep 43)  [3.8s]
  ep  44: loss=1.2947  test_acc=34.12%  (best 39.93 @ ep 43)  [3.8s]
  ep  45: loss=1.2895  test_acc=31.27%  (best 39.93 @ ep 43)  [3.7s]
  ep  46: loss=1.2853  test_acc=33.90%  (best 39.93 @ ep 43)  [3.6s]
  ep  47: loss=1.2798  test_acc=36.16%  (best 39.93 @ ep 43)  [3.5s]
  ep  48: loss=1.2745  test_acc=39.28%  (best 39.93 @ ep 43)  [3.7s]
  ep  49: loss=1.2684  test_acc=37.90%  (best 39.93 @ ep 43)  [3.8s]
  ep  50: loss=1.2655  test_acc=36.42%  (best 39.93 @ ep 43)  [5.6s]  [logged per-sample loss: mean=1.266]
  ep  51: loss=1.2634  test_acc=40.04%  (best 40.04 @ ep 51)  [3.6s]
  ep  52: loss=1.2535  test_acc=33.74%  (best 40.04 @ ep 51)  [4.3s]
  ep  53: loss=1.2513  test_acc=34.22%  (best 40.04 @ ep 51)  [9.3s]
  ep  54: loss=1.2429  test_acc=39.57%  (best 40.04 @ ep 51)  [8.9s]
  ep  55: loss=1.2379  test_acc=37.76%  (best 40.04 @ ep 51)  [8.9s]
  ep  56: loss=1.2344  test_acc=34.83%  (best 40.04 @ ep 51)  [9.1s]
  ep  57: loss=1.2323  test_acc=35.52%  (best 40.04 @ ep 51)  [8.6s]
  ep  58: loss=1.2290  test_acc=37.93%  (best 40.04 @ ep 51)  [9.2s]
  ep  59: loss=1.2194  test_acc=33.17%  (best 40.04 @ ep 51)  [8.8s]
  ep  60: loss=1.2056  test_acc=38.99%  (best 40.04 @ ep 51)  [8.9s]
  ep  61: loss=1.2008  test_acc=39.97%  (best 40.04 @ ep 51)  [9.6s]
  ep  62: loss=1.1952  test_acc=34.81%  (best 40.04 @ ep 51)  [9.1s]
  ep  63: loss=1.1915  test_acc=35.64%  (best 40.04 @ ep 51)  [9.5s]
  ep  64: loss=1.1869  test_acc=32.56%  (best 40.04 @ ep 51)  [8.9s]
  ep  65: loss=1.1743  test_acc=35.64%  (best 40.04 @ ep 51)  [9.0s]
  ep  66: loss=1.1680  test_acc=37.84%  (best 40.04 @ ep 51)  [9.6s]
  ep  67: loss=1.1575  test_acc=34.63%  (best 40.04 @ ep 51)  [9.9s]
  ep  68: loss=1.1491  test_acc=37.75%  (best 40.04 @ ep 51)  [8.8s]
  ep  69: loss=1.1401  test_acc=35.66%  (best 40.04 @ ep 51)  [9.3s]
  ep  70: loss=1.1259  test_acc=33.19%  (best 40.04 @ ep 51)  [8.7s]
  ep  71: loss=1.1211  test_acc=37.10%  (best 40.04 @ ep 51)  [9.4s]
  ep  72: loss=1.1086  test_acc=34.95%  (best 40.04 @ ep 51)  [10.4s]
  ep  73: loss=1.0967  test_acc=35.27%  (best 40.04 @ ep 51)  [10.2s]
  ep  74: loss=1.0868  test_acc=39.79%  (best 40.04 @ ep 51)  [8.6s]
  ep  75: loss=1.0657  test_acc=34.72%  (best 40.04 @ ep 51)  [5.7s]  [logged per-sample loss: mean=1.047]
  ep  76: loss=1.0554  test_acc=39.54%  (best 40.04 @ ep 51)  [3.6s]
  ep  77: loss=1.0524  test_acc=38.54%  (best 40.04 @ ep 51)  [3.6s]
  ep  78: loss=1.0315  test_acc=35.07%  (best 40.04 @ ep 51)  [3.6s]
  ep  79: loss=1.0133  test_acc=35.57%  (best 40.04 @ ep 51)  [3.6s]
  ep  80: loss=0.9970  test_acc=37.19%  (best 40.04 @ ep 51)  [3.6s]
  ep  81: loss=0.9843  test_acc=38.45%  (best 40.04 @ ep 51)  [3.6s]
  ep  82: loss=0.9669  test_acc=32.14%  (best 40.04 @ ep 51)  [3.7s]
  ep  83: loss=0.9503  test_acc=37.66%  (best 40.04 @ ep 51)  [3.6s]
  ep  84: loss=0.9296  test_acc=36.54%  (best 40.04 @ ep 51)  [3.8s]
  ep  85: loss=0.9069  test_acc=35.51%  (best 40.04 @ ep 51)  [3.8s]
  ep  86: loss=0.8865  test_acc=36.47%  (best 40.04 @ ep 51)  [3.6s]
  ep  87: loss=0.8676  test_acc=40.19%  (best 40.19 @ ep 87)  [3.9s]
  ep  88: loss=0.8497  test_acc=35.86%  (best 40.19 @ ep 87)  [3.8s]
  ep  89: loss=0.8257  test_acc=36.13%  (best 40.19 @ ep 87)  [3.7s]
  ep  90: loss=0.8081  test_acc=37.65%  (best 40.19 @ ep 87)  [3.8s]
  ep  91: loss=0.7876  test_acc=35.63%  (best 40.19 @ ep 87)  [6.7s]
  ep  92: loss=0.7761  test_acc=37.12%  (best 40.19 @ ep 87)  [8.5s]
  ep  93: loss=0.7570  test_acc=36.90%  (best 40.19 @ ep 87)  [8.1s]
  ep  94: loss=0.7398  test_acc=36.28%  (best 40.19 @ ep 87)  [8.1s]
  ep  95: loss=0.7352  test_acc=36.24%  (best 40.19 @ ep 87)  [8.0s]
  ep  96: loss=0.7233  test_acc=36.12%  (best 40.19 @ ep 87)  [8.3s]
  ep  97: loss=0.7160  test_acc=36.00%  (best 40.19 @ ep 87)  [8.3s]
  ep  98: loss=0.7063  test_acc=36.01%  (best 40.19 @ ep 87)  [9.9s]
  ep  99: loss=0.7136  test_acc=35.66%  (best 40.19 @ ep 87)  [5.5s]  [logged per-sample loss: mean=0.657]

saved /path/to/ciln-workspace/journal_edition/robustness_transfer/results_v4/erm/ours_v2_clean__glass_blur_sev3__seed2.json: best 40.19% @ ep 87
