condition=ours_v2_noisy__gaussian_noise_sev1 seed=2 gpu=2
/path/to/ciln-workspace/venv/lib/python3.12/site-packages/torchvision/datasets/cifar.py:83: VisibleDeprecationWarning: dtype(): align should be passed as Python or NumPy boolean but got `align=0`. Did you mean to pass a tuple to create a subarray type? (Deprecated NumPy 2.4)
  entry = pickle.load(f, encoding="latin1")
image_source=noisy  N=22500  noise_rate=21.27%
  ep   0: loss=1.8882  test_acc=35.18%  (best 35.18 @ ep 0)  [4.5s]
  ep   1: loss=1.5990  test_acc=41.92%  (best 41.92 @ ep 1)  [3.7s]
  ep   2: loss=1.4145  test_acc=41.06%  (best 41.92 @ ep 1)  [3.8s]
  ep   3: loss=1.2903  test_acc=50.30%  (best 50.30 @ ep 3)  [3.9s]
  ep   4: loss=1.2070  test_acc=58.49%  (best 58.49 @ ep 4)  [3.8s]
  ep   5: loss=1.1532  test_acc=54.55%  (best 58.49 @ ep 4)  [5.4s]  [logged per-sample loss: mean=1.228]
  ep   6: loss=1.1102  test_acc=59.13%  (best 59.13 @ ep 6)  [3.7s]
  ep   7: loss=1.0705  test_acc=51.51%  (best 59.13 @ ep 6)  [3.6s]
  ep   8: loss=1.0286  test_acc=62.49%  (best 62.49 @ ep 8)  [3.6s]
  ep   9: loss=1.0004  test_acc=50.96%  (best 62.49 @ ep 8)  [3.8s]
  ep  10: loss=0.9837  test_acc=59.95%  (best 62.49 @ ep 8)  [5.6s]  [logged per-sample loss: mean=1.118]
  ep  11: loss=0.9644  test_acc=70.82%  (best 70.82 @ ep 11)  [3.6s]
  ep  12: loss=0.9428  test_acc=61.14%  (best 70.82 @ ep 11)  [3.9s]
  ep  13: loss=0.9332  test_acc=67.15%  (best 70.82 @ ep 11)  [3.8s]
  ep  14: loss=0.9104  test_acc=64.12%  (best 70.82 @ ep 11)  [9.1s]
  ep  15: loss=0.8915  test_acc=57.89%  (best 70.82 @ ep 11)  [8.6s]
  ep  16: loss=0.8834  test_acc=66.72%  (best 70.82 @ ep 11)  [8.6s]
  ep  17: loss=0.8767  test_acc=68.09%  (best 70.82 @ ep 11)  [7.9s]
  ep  18: loss=0.8646  test_acc=69.03%  (best 70.82 @ ep 11)  [8.4s]
  ep  19: loss=0.8553  test_acc=62.37%  (best 70.82 @ ep 11)  [8.5s]
  ep  20: loss=0.8475  test_acc=63.67%  (best 70.82 @ ep 11)  [11.9s]  [logged per-sample loss: mean=1.176]
  ep  21: loss=0.8328  test_acc=58.11%  (best 70.82 @ ep 11)  [9.4s]
  ep  22: loss=0.8306  test_acc=74.21%  (best 74.21 @ ep 22)  [5.2s]
  ep  23: loss=0.8180  test_acc=73.43%  (best 74.21 @ ep 22)  [4.0s]
  ep  24: loss=0.8266  test_acc=70.48%  (best 74.21 @ ep 22)  [3.6s]
  ep  25: loss=0.8092  test_acc=68.99%  (best 74.21 @ ep 22)  [3.5s]
  ep  26: loss=0.8096  test_acc=67.32%  (best 74.21 @ ep 22)  [3.7s]
  ep  27: loss=0.8021  test_acc=73.98%  (best 74.21 @ ep 22)  [3.6s]
  ep  28: loss=0.8044  test_acc=72.21%  (best 74.21 @ ep 22)  [3.7s]
  ep  29: loss=0.7882  test_acc=72.17%  (best 74.21 @ ep 22)  [3.7s]
  ep  30: loss=0.7789  test_acc=69.47%  (best 74.21 @ ep 22)  [5.4s]  [logged per-sample loss: mean=0.896]
  ep  31: loss=0.7796  test_acc=68.16%  (best 74.21 @ ep 22)  [3.8s]
  ep  32: loss=0.7746  test_acc=74.37%  (best 74.37 @ ep 32)  [3.9s]
  ep  33: loss=0.7673  test_acc=73.40%  (best 74.37 @ ep 32)  [3.5s]
  ep  34: loss=0.7612  test_acc=70.81%  (best 74.37 @ ep 32)  [3.6s]
  ep  35: loss=0.7523  test_acc=68.64%  (best 74.37 @ ep 32)  [3.7s]
  ep  36: loss=0.7414  test_acc=69.24%  (best 74.37 @ ep 32)  [3.5s]
  ep  37: loss=0.7466  test_acc=67.67%  (best 74.37 @ ep 32)  [3.5s]
  ep  38: loss=0.7387  test_acc=66.06%  (best 74.37 @ ep 32)  [3.6s]
  ep  39: loss=0.7301  test_acc=73.40%  (best 74.37 @ ep 32)  [6.5s]
  ep  40: loss=0.7171  test_acc=68.56%  (best 74.37 @ ep 32)  [7.9s]
  ep  41: loss=0.7160  test_acc=73.32%  (best 74.37 @ ep 32)  [8.4s]
  ep  42: loss=0.7132  test_acc=76.02%  (best 76.02 @ ep 42)  [8.4s]
  ep  43: loss=0.7020  test_acc=71.78%  (best 76.02 @ ep 42)  [8.4s]
  ep  44: loss=0.7020  test_acc=74.14%  (best 76.02 @ ep 42)  [8.2s]
  ep  45: loss=0.6965  test_acc=70.39%  (best 76.02 @ ep 42)  [8.6s]
  ep  46: loss=0.6855  test_acc=76.64%  (best 76.64 @ ep 46)  [8.3s]
  ep  47: loss=0.6859  test_acc=66.46%  (best 76.64 @ ep 46)  [8.7s]
  ep  48: loss=0.6622  test_acc=74.04%  (best 76.64 @ ep 46)  [8.6s]
  ep  49: loss=0.6691  test_acc=75.48%  (best 76.64 @ ep 46)  [7.9s]
  ep  50: loss=0.6561  test_acc=71.61%  (best 76.64 @ ep 46)  [11.4s]  [logged per-sample loss: mean=0.840]
  ep  51: loss=0.6450  test_acc=75.25%  (best 76.64 @ ep 46)  [9.4s]
  ep  52: loss=0.6469  test_acc=71.87%  (best 76.64 @ ep 46)  [8.1s]
  ep  53: loss=0.6353  test_acc=78.91%  (best 78.91 @ ep 53)  [8.2s]
  ep  54: loss=0.6233  test_acc=71.07%  (best 78.91 @ ep 53)  [8.2s]
  ep  55: loss=0.6211  test_acc=71.50%  (best 78.91 @ ep 53)  [8.5s]
  ep  56: loss=0.6107  test_acc=74.58%  (best 78.91 @ ep 53)  [8.4s]
  ep  57: loss=0.6053  test_acc=74.76%  (best 78.91 @ ep 53)  [8.0s]
  ep  58: loss=0.5936  test_acc=68.17%  (best 78.91 @ ep 53)  [8.4s]
  ep  59: loss=0.5868  test_acc=73.25%  (best 78.91 @ ep 53)  [8.2s]
  ep  60: loss=0.5690  test_acc=75.38%  (best 78.91 @ ep 53)  [8.4s]
  ep  61: loss=0.5721  test_acc=76.38%  (best 78.91 @ ep 53)  [8.5s]
  ep  62: loss=0.5497  test_acc=76.90%  (best 78.91 @ ep 53)  [8.4s]
  ep  63: loss=0.5538  test_acc=75.33%  (best 78.91 @ ep 53)  [8.7s]
  ep  64: loss=0.5342  test_acc=75.76%  (best 78.91 @ ep 53)  [8.2s]
  ep  65: loss=0.5249  test_acc=75.07%  (best 78.91 @ ep 53)  [7.9s]
  ep  66: loss=0.5145  test_acc=75.43%  (best 78.91 @ ep 53)  [8.2s]
  ep  67: loss=0.5055  test_acc=76.24%  (best 78.91 @ ep 53)  [8.5s]
  ep  68: loss=0.4930  test_acc=75.21%  (best 78.91 @ ep 53)  [8.3s]
  ep  69: loss=0.4899  test_acc=76.60%  (best 78.91 @ ep 53)  [8.2s]
  ep  70: loss=0.4613  test_acc=78.71%  (best 78.91 @ ep 53)  [8.1s]
  ep  71: loss=0.4492  test_acc=74.85%  (best 78.91 @ ep 53)  [8.7s]
  ep  72: loss=0.4362  test_acc=76.09%  (best 78.91 @ ep 53)  [8.5s]
  ep  73: loss=0.4278  test_acc=75.79%  (best 78.91 @ ep 53)  [8.4s]
  ep  74: loss=0.4105  test_acc=76.32%  (best 78.91 @ ep 53)  [8.7s]
  ep  75: loss=0.4057  test_acc=76.04%  (best 78.91 @ ep 53)  [11.5s]  [logged per-sample loss: mean=0.362]
  ep  76: loss=0.3808  test_acc=74.09%  (best 78.91 @ ep 53)  [3.6s]
  ep  77: loss=0.3638  test_acc=74.38%  (best 78.91 @ ep 53)  [3.5s]
  ep  78: loss=0.3556  test_acc=74.04%  (best 78.91 @ ep 53)  [3.6s]
  ep  79: loss=0.3297  test_acc=77.47%  (best 78.91 @ ep 53)  [3.6s]
  ep  80: loss=0.3204  test_acc=76.98%  (best 78.91 @ ep 53)  [3.5s]
  ep  81: loss=0.3089  test_acc=76.37%  (best 78.91 @ ep 53)  [3.7s]
  ep  82: loss=0.2977  test_acc=77.51%  (best 78.91 @ ep 53)  [3.8s]
  ep  83: loss=0.2780  test_acc=76.68%  (best 78.91 @ ep 53)  [3.9s]
  ep  84: loss=0.2632  test_acc=76.55%  (best 78.91 @ ep 53)  [3.8s]
  ep  85: loss=0.2448  test_acc=76.90%  (best 78.91 @ ep 53)  [3.5s]
  ep  86: loss=0.2317  test_acc=76.50%  (best 78.91 @ ep 53)  [3.7s]
  ep  87: loss=0.2181  test_acc=77.34%  (best 78.91 @ ep 53)  [3.6s]
  ep  88: loss=0.2091  test_acc=77.86%  (best 78.91 @ ep 53)  [3.7s]
  ep  89: loss=0.2043  test_acc=78.01%  (best 78.91 @ ep 53)  [3.9s]
  ep  90: loss=0.1880  test_acc=76.98%  (best 78.91 @ ep 53)  [3.8s]
  ep  91: loss=0.1796  test_acc=77.76%  (best 78.91 @ ep 53)  [4.0s]
  ep  92: loss=0.1711  test_acc=76.62%  (best 78.91 @ ep 53)  [3.8s]
  ep  93: loss=0.1637  test_acc=77.37%  (best 78.91 @ ep 53)  [6.9s]
  ep  94: loss=0.1607  test_acc=77.74%  (best 78.91 @ ep 53)  [8.1s]
  ep  95: loss=0.1585  test_acc=78.10%  (best 78.91 @ ep 53)  [8.0s]
  ep  96: loss=0.1565  test_acc=77.80%  (best 78.91 @ ep 53)  [8.6s]
  ep  97: loss=0.1513  test_acc=77.74%  (best 78.91 @ ep 53)  [8.5s]
  ep  98: loss=0.1475  test_acc=77.21%  (best 78.91 @ ep 53)  [8.3s]
  ep  99: loss=0.1514  test_acc=77.23%  (best 78.91 @ ep 53)  [11.6s]  [logged per-sample loss: mean=0.113]

saved /path/to/ciln-workspace/journal_edition/robustness_transfer/results_v4/erm/ours_v2_noisy__gaussian_noise_sev1__seed2.json: best 78.91% @ ep 53
