condition=ours_v2_noisy__pixelate_sev5 seed=2 gpu=2
/path/to/ciln-workspace/venv/lib/python3.12/site-packages/torchvision/datasets/cifar.py:83: VisibleDeprecationWarning: dtype(): align should be passed as Python or NumPy boolean but got `align=0`. Did you mean to pass a tuple to create a subarray type? (Deprecated NumPy 2.4)
  entry = pickle.load(f, encoding="latin1")
image_source=noisy  N=22500  noise_rate=58.23%
  ep   0: R(t)=1.000  acc1=21.49%  acc2=23.00%  ens=22.25%  (best 22.25 @ ep 0)  [7.5s]
  ep   1: R(t)=0.816  acc1=25.29%  acc2=22.69%  ens=23.99%  (best 23.99 @ ep 1)  [6.2s]
  ep   2: R(t)=0.740  acc1=26.55%  acc2=26.55%  ens=26.55%  (best 26.55 @ ep 2)  [6.7s]
  ep   3: R(t)=0.681  acc1=28.67%  acc2=28.20%  ens=28.43%  (best 28.43 @ ep 3)  [6.5s]
  ep   4: R(t)=0.632  acc1=28.73%  acc2=27.16%  ens=27.94%  (best 28.43 @ ep 3)  [6.5s]
  ep   5: R(t)=0.588  acc1=27.70%  acc2=25.17%  ens=26.43%  (best 28.43 @ ep 3)  [10.5s]  [sel1+2: prec=0.406, recall_clean=0.598]
  ep   6: R(t)=0.549  acc1=27.20%  acc2=28.51%  ens=27.86%  (best 28.43 @ ep 3)  [17.4s]
  ep   7: R(t)=0.513  acc1=24.78%  acc2=23.73%  ens=24.25%  (best 28.43 @ ep 3)  [14.6s]
  ep   8: R(t)=0.479  acc1=25.61%  acc2=25.72%  ens=25.66%  (best 28.43 @ ep 3)  [6.8s]
  ep   9: R(t)=0.448  acc1=27.31%  acc2=23.75%  ens=25.53%  (best 28.43 @ ep 3)  [6.4s]
  ep  10: R(t)=0.418  acc1=24.90%  acc2=25.83%  ens=25.36%  (best 28.43 @ ep 3)  [9.8s]  [sel1+2: prec=0.451, recall_clean=0.483]
  ep  11: R(t)=0.418  acc1=22.00%  acc2=19.19%  ens=20.59%  (best 28.43 @ ep 3)  [6.4s]
  ep  12: R(t)=0.418  acc1=21.22%  acc2=23.51%  ens=22.37%  (best 28.43 @ ep 3)  [6.7s]
  ep  13: R(t)=0.418  acc1=23.11%  acc2=24.38%  ens=23.75%  (best 28.43 @ ep 3)  [6.4s]
  ep  14: R(t)=0.418  acc1=23.46%  acc2=22.07%  ens=22.77%  (best 28.43 @ ep 3)  [6.4s]
  ep  15: R(t)=0.418  acc1=21.70%  acc2=21.57%  ens=21.63%  (best 28.43 @ ep 3)  [6.6s]
  ep  16: R(t)=0.418  acc1=24.08%  acc2=22.82%  ens=23.45%  (best 28.43 @ ep 3)  [7.7s]
  ep  17: R(t)=0.418  acc1=21.76%  acc2=24.67%  ens=23.21%  (best 28.43 @ ep 3)  [17.7s]
  ep  18: R(t)=0.418  acc1=22.42%  acc2=24.37%  ens=23.39%  (best 28.43 @ ep 3)  [17.9s]
  ep  19: R(t)=0.418  acc1=22.41%  acc2=22.96%  ens=22.68%  (best 28.43 @ ep 3)  [17.2s]
  ep  20: R(t)=0.418  acc1=23.59%  acc2=23.47%  ens=23.53%  (best 28.43 @ ep 3)  [23.5s]  [sel1+2: prec=0.426, recall_clean=0.452]
  ep  21: R(t)=0.418  acc1=20.89%  acc2=21.97%  ens=21.43%  (best 28.43 @ ep 3)  [17.1s]
  ep  22: R(t)=0.418  acc1=19.67%  acc2=18.22%  ens=18.95%  (best 28.43 @ ep 3)  [17.0s]
  ep  23: R(t)=0.418  acc1=20.80%  acc2=22.40%  ens=21.60%  (best 28.43 @ ep 3)  [16.1s]
  ep  24: R(t)=0.418  acc1=23.61%  acc2=23.83%  ens=23.72%  (best 28.43 @ ep 3)  [16.0s]
  ep  25: R(t)=0.418  acc1=23.55%  acc2=24.83%  ens=24.19%  (best 28.43 @ ep 3)  [16.0s]
  ep  26: R(t)=0.418  acc1=23.07%  acc2=24.31%  ens=23.69%  (best 28.43 @ ep 3)  [16.1s]
  ep  27: R(t)=0.418  acc1=21.42%  acc2=21.40%  ens=21.41%  (best 28.43 @ ep 3)  [16.6s]
  ep  28: R(t)=0.418  acc1=20.38%  acc2=20.18%  ens=20.28%  (best 28.43 @ ep 3)  [17.1s]
  ep  29: R(t)=0.418  acc1=22.62%  acc2=21.67%  ens=22.14%  (best 28.43 @ ep 3)  [12.1s]
  ep  30: R(t)=0.418  acc1=24.64%  acc2=23.92%  ens=24.28%  (best 28.43 @ ep 3)  [10.0s]  [sel1+2: prec=0.427, recall_clean=0.454]
  ep  31: R(t)=0.418  acc1=24.42%  acc2=22.29%  ens=23.35%  (best 28.43 @ ep 3)  [6.5s]
  ep  32: R(t)=0.418  acc1=20.66%  acc2=22.62%  ens=21.64%  (best 28.43 @ ep 3)  [6.4s]
  ep  33: R(t)=0.418  acc1=24.85%  acc2=25.15%  ens=25.00%  (best 28.43 @ ep 3)  [6.6s]
  ep  34: R(t)=0.418  acc1=22.37%  acc2=22.89%  ens=22.63%  (best 28.43 @ ep 3)  [6.3s]
  ep  35: R(t)=0.418  acc1=21.49%  acc2=22.56%  ens=22.02%  (best 28.43 @ ep 3)  [6.5s]
  ep  36: R(t)=0.418  acc1=21.47%  acc2=21.68%  ens=21.57%  (best 28.43 @ ep 3)  [6.5s]
  ep  37: R(t)=0.418  acc1=21.34%  acc2=21.96%  ens=21.65%  (best 28.43 @ ep 3)  [6.6s]
  ep  38: R(t)=0.418  acc1=21.98%  acc2=21.93%  ens=21.95%  (best 28.43 @ ep 3)  [9.2s]
  ep  39: R(t)=0.418  acc1=20.87%  acc2=21.19%  ens=21.03%  (best 28.43 @ ep 3)  [16.8s]
  ep  40: R(t)=0.418  acc1=21.70%  acc2=22.30%  ens=22.00%  (best 28.43 @ ep 3)  [16.1s]
  ep  41: R(t)=0.418  acc1=22.15%  acc2=22.72%  ens=22.43%  (best 28.43 @ ep 3)  [16.9s]
  ep  42: R(t)=0.418  acc1=21.68%  acc2=22.59%  ens=22.13%  (best 28.43 @ ep 3)  [17.0s]
  ep  43: R(t)=0.418  acc1=21.88%  acc2=21.64%  ens=21.76%  (best 28.43 @ ep 3)  [16.5s]
  ep  44: R(t)=0.418  acc1=22.83%  acc2=21.17%  ens=22.00%  (best 28.43 @ ep 3)  [15.4s]
  ep  45: R(t)=0.418  acc1=22.96%  acc2=21.15%  ens=22.05%  (best 28.43 @ ep 3)  [16.7s]
  ep  46: R(t)=0.418  acc1=23.23%  acc2=23.56%  ens=23.39%  (best 28.43 @ ep 3)  [16.2s]
  ep  47: R(t)=0.418  acc1=21.20%  acc2=22.96%  ens=22.08%  (best 28.43 @ ep 3)  [17.2s]
  ep  48: R(t)=0.418  acc1=21.54%  acc2=21.97%  ens=21.76%  (best 28.43 @ ep 3)  [16.7s]
  ep  49: R(t)=0.418  acc1=23.24%  acc2=22.02%  ens=22.63%  (best 28.43 @ ep 3)  [16.6s]
  ep  50: R(t)=0.418  acc1=22.94%  acc2=22.43%  ens=22.68%  (best 28.43 @ ep 3)  [22.5s]  [sel1+2: prec=0.419, recall_clean=0.437]
  ep  51: R(t)=0.418  acc1=20.86%  acc2=21.11%  ens=20.98%  (best 28.43 @ ep 3)  [16.0s]
  ep  52: R(t)=0.418  acc1=22.69%  acc2=23.09%  ens=22.89%  (best 28.43 @ ep 3)  [16.2s]
  ep  53: R(t)=0.418  acc1=23.13%  acc2=22.45%  ens=22.79%  (best 28.43 @ ep 3)  [16.9s]
  ep  54: R(t)=0.418  acc1=21.00%  acc2=23.77%  ens=22.38%  (best 28.43 @ ep 3)  [7.7s]
  ep  55: R(t)=0.418  acc1=23.79%  acc2=23.60%  ens=23.70%  (best 28.43 @ ep 3)  [6.6s]
  ep  56: R(t)=0.418  acc1=22.26%  acc2=20.43%  ens=21.34%  (best 28.43 @ ep 3)  [6.4s]
  ep  57: R(t)=0.418  acc1=22.62%  acc2=22.61%  ens=22.62%  (best 28.43 @ ep 3)  [6.4s]
  ep  58: R(t)=0.418  acc1=22.83%  acc2=22.70%  ens=22.77%  (best 28.43 @ ep 3)  [6.5s]
  ep  59: R(t)=0.418  acc1=22.28%  acc2=21.88%  ens=22.08%  (best 28.43 @ ep 3)  [6.4s]
  ep  60: R(t)=0.418  acc1=22.01%  acc2=21.16%  ens=21.58%  (best 28.43 @ ep 3)  [6.3s]
  ep  61: R(t)=0.418  acc1=21.39%  acc2=23.75%  ens=22.57%  (best 28.43 @ ep 3)  [6.4s]
  ep  62: R(t)=0.418  acc1=23.72%  acc2=23.42%  ens=23.57%  (best 28.43 @ ep 3)  [6.3s]
  ep  63: R(t)=0.418  acc1=23.36%  acc2=24.29%  ens=23.83%  (best 28.43 @ ep 3)  [7.1s]
  ep  64: R(t)=0.418  acc1=22.90%  acc2=22.84%  ens=22.87%  (best 28.43 @ ep 3)  [15.5s]
  ep  65: R(t)=0.418  acc1=23.58%  acc2=22.91%  ens=23.24%  (best 28.43 @ ep 3)  [16.0s]
  ep  66: R(t)=0.418  acc1=23.40%  acc2=23.18%  ens=23.29%  (best 28.43 @ ep 3)  [15.8s]
  ep  67: R(t)=0.418  acc1=23.15%  acc2=23.02%  ens=23.09%  (best 28.43 @ ep 3)  [17.7s]
  ep  68: R(t)=0.418  acc1=22.93%  acc2=23.09%  ens=23.01%  (best 28.43 @ ep 3)  [16.3s]
  ep  69: R(t)=0.418  acc1=23.38%  acc2=23.67%  ens=23.53%  (best 28.43 @ ep 3)  [16.2s]
  ep  70: R(t)=0.418  acc1=21.53%  acc2=22.72%  ens=22.12%  (best 28.43 @ ep 3)  [15.0s]
  ep  71: R(t)=0.418  acc1=21.96%  acc2=22.70%  ens=22.33%  (best 28.43 @ ep 3)  [6.4s]
  ep  72: R(t)=0.418  acc1=22.54%  acc2=22.44%  ens=22.49%  (best 28.43 @ ep 3)  [6.7s]
  ep  73: R(t)=0.418  acc1=23.37%  acc2=23.93%  ens=23.65%  (best 28.43 @ ep 3)  [6.4s]
  ep  74: R(t)=0.418  acc1=23.07%  acc2=23.12%  ens=23.09%  (best 28.43 @ ep 3)  [6.5s]
  ep  75: R(t)=0.418  acc1=22.52%  acc2=22.24%  ens=22.38%  (best 28.43 @ ep 3)  [9.7s]  [sel1+2: prec=0.432, recall_clean=0.444]
  ep  76: R(t)=0.418  acc1=22.79%  acc2=23.07%  ens=22.93%  (best 28.43 @ ep 3)  [6.8s]
  ep  77: R(t)=0.418  acc1=22.80%  acc2=23.56%  ens=23.18%  (best 28.43 @ ep 3)  [6.7s]
  ep  78: R(t)=0.418  acc1=23.27%  acc2=23.99%  ens=23.63%  (best 28.43 @ ep 3)  [6.5s]
  ep  79: R(t)=0.418  acc1=23.73%  acc2=23.29%  ens=23.51%  (best 28.43 @ ep 3)  [7.7s]
  ep  80: R(t)=0.418  acc1=24.13%  acc2=23.99%  ens=24.06%  (best 28.43 @ ep 3)  [18.7s]
  ep  81: R(t)=0.418  acc1=23.42%  acc2=23.51%  ens=23.46%  (best 28.43 @ ep 3)  [16.8s]
  ep  82: R(t)=0.418  acc1=23.80%  acc2=23.56%  ens=23.68%  (best 28.43 @ ep 3)  [17.5s]
  ep  83: R(t)=0.418  acc1=23.39%  acc2=23.39%  ens=23.39%  (best 28.43 @ ep 3)  [17.5s]
  ep  84: R(t)=0.418  acc1=23.94%  acc2=23.52%  ens=23.73%  (best 28.43 @ ep 3)  [16.8s]
  ep  85: R(t)=0.418  acc1=23.57%  acc2=23.52%  ens=23.54%  (best 28.43 @ ep 3)  [16.9s]
  ep  86: R(t)=0.418  acc1=23.39%  acc2=23.28%  ens=23.34%  (best 28.43 @ ep 3)  [15.6s]
  ep  87: R(t)=0.418  acc1=23.43%  acc2=23.44%  ens=23.43%  (best 28.43 @ ep 3)  [17.6s]
  ep  88: R(t)=0.418  acc1=23.55%  acc2=23.50%  ens=23.52%  (best 28.43 @ ep 3)  [16.4s]
  ep  89: R(t)=0.418  acc1=23.49%  acc2=23.44%  ens=23.46%  (best 28.43 @ ep 3)  [6.6s]
  ep  90: R(t)=0.418  acc1=23.44%  acc2=23.34%  ens=23.39%  (best 28.43 @ ep 3)  [6.6s]
  ep  91: R(t)=0.418  acc1=23.40%  acc2=23.32%  ens=23.36%  (best 28.43 @ ep 3)  [6.4s]
  ep  92: R(t)=0.418  acc1=23.39%  acc2=23.42%  ens=23.40%  (best 28.43 @ ep 3)  [6.5s]
  ep  93: R(t)=0.418  acc1=23.49%  acc2=23.42%  ens=23.45%  (best 28.43 @ ep 3)  [6.4s]
  ep  94: R(t)=0.418  acc1=23.39%  acc2=23.33%  ens=23.36%  (best 28.43 @ ep 3)  [6.3s]
  ep  95: R(t)=0.418  acc1=23.50%  acc2=23.50%  ens=23.50%  (best 28.43 @ ep 3)  [6.5s]
  ep  96: R(t)=0.418  acc1=23.30%  acc2=23.29%  ens=23.29%  (best 28.43 @ ep 3)  [6.7s]
  ep  97: R(t)=0.418  acc1=23.47%  acc2=23.49%  ens=23.48%  (best 28.43 @ ep 3)  [6.3s]
  ep  98: R(t)=0.418  acc1=23.39%  acc2=23.45%  ens=23.42%  (best 28.43 @ ep 3)  [13.4s]
  ep  99: R(t)=0.418  acc1=23.50%  acc2=23.47%  ens=23.48%  (best 28.43 @ ep 3)  [9.8s]  [sel1+2: prec=0.442, recall_clean=0.446]

saved /path/to/ciln-workspace/journal_edition/robustness_transfer/results_v4/coteaching/ours_v2_noisy__pixelate_sev5__seed2.json: best ens-acc 28.43% @ ep 3
