condition=ours_v2_noisy__elastic_transform_sev3 seed=2 gpu=2
/path/to/ciln-workspace/venv/lib/python3.12/site-packages/torchvision/datasets/cifar.py:83: VisibleDeprecationWarning: dtype(): align should be passed as Python or NumPy boolean but got `align=0`. Did you mean to pass a tuple to create a subarray type? (Deprecated NumPy 2.4)
  entry = pickle.load(f, encoding="latin1")
image_source=noisy  N=22500  noise_rate=17.52%
  ep   0: loss=1.9146  test_acc=33.68%  (best 33.68 @ ep 0)  [4.3s]
  ep   1: loss=1.6660  test_acc=40.17%  (best 40.17 @ ep 1)  [3.5s]
  ep   2: loss=1.5078  test_acc=47.38%  (best 47.38 @ ep 2)  [3.6s]
  ep   3: loss=1.3593  test_acc=52.28%  (best 52.28 @ ep 3)  [3.6s]
  ep   4: loss=1.2476  test_acc=52.83%  (best 52.83 @ ep 4)  [3.5s]
  ep   5: loss=1.1674  test_acc=60.14%  (best 60.14 @ ep 5)  [5.7s]  [logged per-sample loss: mean=1.198]
  ep   6: loss=1.1049  test_acc=46.37%  (best 60.14 @ ep 5)  [3.9s]
  ep   7: loss=1.0548  test_acc=64.14%  (best 64.14 @ ep 7)  [3.6s]
  ep   8: loss=1.0137  test_acc=61.28%  (best 64.14 @ ep 7)  [3.5s]
  ep   9: loss=0.9859  test_acc=58.50%  (best 64.14 @ ep 7)  [3.5s]
  ep  10: loss=0.9574  test_acc=62.13%  (best 64.14 @ ep 7)  [5.3s]  [logged per-sample loss: mean=1.054]
  ep  11: loss=0.9337  test_acc=61.57%  (best 64.14 @ ep 7)  [3.6s]
  ep  12: loss=0.9124  test_acc=63.45%  (best 64.14 @ ep 7)  [3.8s]
  ep  13: loss=0.9093  test_acc=70.40%  (best 70.40 @ ep 13)  [3.5s]
  ep  14: loss=0.8802  test_acc=69.71%  (best 70.40 @ ep 13)  [8.2s]
  ep  15: loss=0.8711  test_acc=69.99%  (best 70.40 @ ep 13)  [9.4s]
  ep  16: loss=0.8551  test_acc=57.72%  (best 70.40 @ ep 13)  [9.5s]
  ep  17: loss=0.8535  test_acc=69.08%  (best 70.40 @ ep 13)  [10.3s]
  ep  18: loss=0.8372  test_acc=67.34%  (best 70.40 @ ep 13)  [9.9s]
  ep  19: loss=0.8293  test_acc=68.49%  (best 70.40 @ ep 13)  [9.9s]
  ep  20: loss=0.8192  test_acc=68.19%  (best 70.40 @ ep 13)  [13.4s]  [logged per-sample loss: mean=0.839]
  ep  21: loss=0.8102  test_acc=71.03%  (best 71.03 @ ep 21)  [9.1s]
  ep  22: loss=0.8051  test_acc=68.65%  (best 71.03 @ ep 21)  [9.3s]
  ep  23: loss=0.7952  test_acc=75.38%  (best 75.38 @ ep 23)  [9.7s]
  ep  24: loss=0.7879  test_acc=63.65%  (best 75.38 @ ep 23)  [9.6s]
  ep  25: loss=0.7828  test_acc=70.88%  (best 75.38 @ ep 23)  [9.0s]
  ep  26: loss=0.7675  test_acc=67.92%  (best 75.38 @ ep 23)  [9.6s]
  ep  27: loss=0.7755  test_acc=73.46%  (best 75.38 @ ep 23)  [10.2s]
  ep  28: loss=0.7626  test_acc=69.85%  (best 75.38 @ ep 23)  [3.6s]
  ep  29: loss=0.7454  test_acc=70.92%  (best 75.38 @ ep 23)  [4.0s]
  ep  30: loss=0.7511  test_acc=72.70%  (best 75.38 @ ep 23)  [5.2s]  [logged per-sample loss: mean=0.816]
  ep  31: loss=0.7532  test_acc=72.56%  (best 75.38 @ ep 23)  [3.6s]
  ep  32: loss=0.7289  test_acc=70.15%  (best 75.38 @ ep 23)  [3.6s]
  ep  33: loss=0.7293  test_acc=74.87%  (best 75.38 @ ep 23)  [3.8s]
  ep  34: loss=0.7210  test_acc=73.24%  (best 75.38 @ ep 23)  [3.6s]
  ep  35: loss=0.7198  test_acc=72.69%  (best 75.38 @ ep 23)  [3.6s]
  ep  36: loss=0.7094  test_acc=72.86%  (best 75.38 @ ep 23)  [3.7s]
  ep  37: loss=0.6984  test_acc=75.25%  (best 75.38 @ ep 23)  [3.6s]
  ep  38: loss=0.6925  test_acc=71.92%  (best 75.38 @ ep 23)  [3.5s]
  ep  39: loss=0.6937  test_acc=72.52%  (best 75.38 @ ep 23)  [3.9s]
  ep  40: loss=0.6855  test_acc=74.75%  (best 75.38 @ ep 23)  [3.8s]
  ep  41: loss=0.6820  test_acc=76.42%  (best 76.42 @ ep 41)  [3.7s]
  ep  42: loss=0.6667  test_acc=73.65%  (best 76.42 @ ep 41)  [3.6s]
  ep  43: loss=0.6750  test_acc=74.91%  (best 76.42 @ ep 41)  [3.7s]
  ep  44: loss=0.6586  test_acc=72.50%  (best 76.42 @ ep 41)  [10.4s]
  ep  45: loss=0.6570  test_acc=76.02%  (best 76.42 @ ep 41)  [9.5s]
  ep  46: loss=0.6470  test_acc=73.08%  (best 76.42 @ ep 41)  [9.9s]
  ep  47: loss=0.6409  test_acc=70.81%  (best 76.42 @ ep 41)  [4.9s]
  ep  48: loss=0.6334  test_acc=76.53%  (best 76.53 @ ep 48)  [3.6s]
  ep  49: loss=0.6187  test_acc=75.93%  (best 76.53 @ ep 48)  [3.6s]
  ep  50: loss=0.6121  test_acc=74.74%  (best 76.53 @ ep 48)  [5.2s]  [logged per-sample loss: mean=0.763]
  ep  51: loss=0.6100  test_acc=74.93%  (best 76.53 @ ep 48)  [3.9s]
  ep  52: loss=0.5996  test_acc=73.38%  (best 76.53 @ ep 48)  [3.6s]
  ep  53: loss=0.5937  test_acc=75.12%  (best 76.53 @ ep 48)  [3.9s]
  ep  54: loss=0.5854  test_acc=78.02%  (best 78.02 @ ep 54)  [3.7s]
  ep  55: loss=0.5781  test_acc=74.89%  (best 78.02 @ ep 54)  [3.7s]
  ep  56: loss=0.5641  test_acc=75.08%  (best 78.02 @ ep 54)  [3.8s]
  ep  57: loss=0.5617  test_acc=75.28%  (best 78.02 @ ep 54)  [3.5s]
  ep  58: loss=0.5390  test_acc=76.76%  (best 78.02 @ ep 54)  [3.9s]
  ep  59: loss=0.5376  test_acc=77.34%  (best 78.02 @ ep 54)  [3.6s]
  ep  60: loss=0.5323  test_acc=76.19%  (best 78.02 @ ep 54)  [3.6s]
  ep  61: loss=0.5228  test_acc=77.24%  (best 78.02 @ ep 54)  [3.6s]
  ep  62: loss=0.5102  test_acc=78.20%  (best 78.20 @ ep 62)  [3.7s]
  ep  63: loss=0.4963  test_acc=75.03%  (best 78.20 @ ep 62)  [4.3s]
  ep  64: loss=0.4914  test_acc=77.99%  (best 78.20 @ ep 62)  [7.7s]
  ep  65: loss=0.4770  test_acc=77.02%  (best 78.20 @ ep 62)  [8.7s]
  ep  66: loss=0.4643  test_acc=77.09%  (best 78.20 @ ep 62)  [8.2s]
  ep  67: loss=0.4556  test_acc=77.48%  (best 78.20 @ ep 62)  [9.2s]
  ep  68: loss=0.4384  test_acc=77.87%  (best 78.20 @ ep 62)  [8.6s]
  ep  69: loss=0.4268  test_acc=76.35%  (best 78.20 @ ep 62)  [9.1s]
  ep  70: loss=0.4194  test_acc=77.23%  (best 78.20 @ ep 62)  [3.6s]
  ep  71: loss=0.4002  test_acc=79.54%  (best 79.54 @ ep 71)  [3.5s]
  ep  72: loss=0.3949  test_acc=77.94%  (best 79.54 @ ep 71)  [3.7s]
  ep  73: loss=0.3774  test_acc=79.32%  (best 79.54 @ ep 71)  [3.8s]
  ep  74: loss=0.3618  test_acc=77.27%  (best 79.54 @ ep 71)  [3.5s]
  ep  75: loss=0.3625  test_acc=77.40%  (best 79.54 @ ep 71)  [5.4s]  [logged per-sample loss: mean=0.337]
  ep  76: loss=0.3350  test_acc=78.08%  (best 79.54 @ ep 71)  [3.6s]
  ep  77: loss=0.3194  test_acc=78.07%  (best 79.54 @ ep 71)  [3.5s]
  ep  78: loss=0.3105  test_acc=76.81%  (best 79.54 @ ep 71)  [3.7s]
  ep  79: loss=0.2873  test_acc=77.04%  (best 79.54 @ ep 71)  [3.5s]
  ep  80: loss=0.2821  test_acc=78.30%  (best 79.54 @ ep 71)  [3.8s]
  ep  81: loss=0.2631  test_acc=79.07%  (best 79.54 @ ep 71)  [3.5s]
  ep  82: loss=0.2476  test_acc=77.90%  (best 79.54 @ ep 71)  [3.5s]
  ep  83: loss=0.2381  test_acc=78.96%  (best 79.54 @ ep 71)  [3.5s]
  ep  84: loss=0.2241  test_acc=78.21%  (best 79.54 @ ep 71)  [3.6s]
  ep  85: loss=0.2029  test_acc=79.06%  (best 79.54 @ ep 71)  [3.5s]
  ep  86: loss=0.1983  test_acc=79.27%  (best 79.54 @ ep 71)  [4.9s]
  ep  87: loss=0.1851  test_acc=77.98%  (best 79.54 @ ep 71)  [8.1s]
  ep  88: loss=0.1725  test_acc=79.34%  (best 79.54 @ ep 71)  [8.3s]
  ep  89: loss=0.1596  test_acc=78.93%  (best 79.54 @ ep 71)  [8.0s]
  ep  90: loss=0.1534  test_acc=79.01%  (best 79.54 @ ep 71)  [8.9s]
  ep  91: loss=0.1484  test_acc=78.64%  (best 79.54 @ ep 71)  [8.6s]
  ep  92: loss=0.1425  test_acc=78.96%  (best 79.54 @ ep 71)  [8.8s]
  ep  93: loss=0.1369  test_acc=79.01%  (best 79.54 @ ep 71)  [8.3s]
  ep  94: loss=0.1333  test_acc=79.09%  (best 79.54 @ ep 71)  [8.6s]
  ep  95: loss=0.1271  test_acc=78.98%  (best 79.54 @ ep 71)  [8.6s]
  ep  96: loss=0.1238  test_acc=78.86%  (best 79.54 @ ep 71)  [8.1s]
  ep  97: loss=0.1198  test_acc=79.19%  (best 79.54 @ ep 71)  [9.0s]
  ep  98: loss=0.1204  test_acc=78.93%  (best 79.54 @ ep 71)  [8.3s]
  ep  99: loss=0.1252  test_acc=79.12%  (best 79.54 @ ep 71)  [10.6s]  [logged per-sample loss: mean=0.087]

saved /path/to/ciln-workspace/journal_edition/robustness_transfer/results_v4/erm/ours_v2_noisy__elastic_transform_sev3__seed2.json: best 79.54% @ ep 71
