condition=ours_v2_clean__pixelate_sev5 seed=2 gpu=1
/path/to/ciln-workspace/venv/lib/python3.12/site-packages/torchvision/datasets/cifar.py:83: VisibleDeprecationWarning: dtype(): align should be passed as Python or NumPy boolean but got `align=0`. Did you mean to pass a tuple to create a subarray type? (Deprecated NumPy 2.4)
  entry = pickle.load(f, encoding="latin1")
image_source=clean  N=22500  noise_rate=58.23%
  ep   0: loss=1.6675  test_acc=26.47%  (best 26.47 @ ep 0)  [4.4s]
  ep   1: loss=1.4952  test_acc=25.32%  (best 26.47 @ ep 0)  [3.6s]
  ep   2: loss=1.4271  test_acc=25.42%  (best 26.47 @ ep 0)  [3.9s]
  ep   3: loss=1.3740  test_acc=29.12%  (best 29.12 @ ep 3)  [3.7s]
  ep   4: loss=1.3440  test_acc=31.75%  (best 31.75 @ ep 4)  [3.6s]
  ep   5: loss=1.3192  test_acc=29.96%  (best 31.75 @ ep 4)  [5.4s]  [logged per-sample loss: mean=1.305]
  ep   6: loss=1.3009  test_acc=30.83%  (best 31.75 @ ep 4)  [5.5s]
  ep   7: loss=1.2752  test_acc=26.82%  (best 31.75 @ ep 4)  [8.0s]
  ep   8: loss=1.2649  test_acc=36.61%  (best 36.61 @ ep 8)  [8.3s]
  ep   9: loss=1.2548  test_acc=35.14%  (best 36.61 @ ep 8)  [8.1s]
  ep  10: loss=1.2463  test_acc=38.13%  (best 38.13 @ ep 10)  [11.6s]  [logged per-sample loss: mean=1.296]
  ep  11: loss=1.2395  test_acc=30.16%  (best 38.13 @ ep 10)  [8.1s]
  ep  12: loss=1.2303  test_acc=39.16%  (best 39.16 @ ep 12)  [8.3s]
  ep  13: loss=1.2195  test_acc=35.63%  (best 39.16 @ ep 12)  [8.1s]
  ep  14: loss=1.2143  test_acc=33.96%  (best 39.16 @ ep 12)  [8.2s]
  ep  15: loss=1.2070  test_acc=34.84%  (best 39.16 @ ep 12)  [7.8s]
  ep  16: loss=1.2040  test_acc=34.05%  (best 39.16 @ ep 12)  [8.3s]
  ep  17: loss=1.1970  test_acc=35.30%  (best 39.16 @ ep 12)  [8.3s]
  ep  18: loss=1.2000  test_acc=36.09%  (best 39.16 @ ep 12)  [8.0s]
  ep  19: loss=1.1919  test_acc=40.23%  (best 40.23 @ ep 19)  [8.2s]
  ep  20: loss=1.1793  test_acc=35.37%  (best 40.23 @ ep 19)  [12.0s]  [logged per-sample loss: mean=1.205]
  ep  21: loss=1.1782  test_acc=35.97%  (best 40.23 @ ep 19)  [7.8s]
  ep  22: loss=1.1712  test_acc=33.03%  (best 40.23 @ ep 19)  [8.7s]
  ep  23: loss=1.1707  test_acc=36.71%  (best 40.23 @ ep 19)  [3.8s]
  ep  24: loss=1.1635  test_acc=30.05%  (best 40.23 @ ep 19)  [3.6s]
  ep  25: loss=1.1617  test_acc=38.08%  (best 40.23 @ ep 19)  [3.8s]
  ep  26: loss=1.1541  test_acc=35.25%  (best 40.23 @ ep 19)  [3.7s]
  ep  27: loss=1.1524  test_acc=36.95%  (best 40.23 @ ep 19)  [3.6s]
  ep  28: loss=1.1442  test_acc=35.87%  (best 40.23 @ ep 19)  [3.9s]
  ep  29: loss=1.1390  test_acc=37.84%  (best 40.23 @ ep 19)  [3.7s]
  ep  30: loss=1.1420  test_acc=38.04%  (best 40.23 @ ep 19)  [5.5s]  [logged per-sample loss: mean=1.168]
  ep  31: loss=1.1377  test_acc=29.65%  (best 40.23 @ ep 19)  [3.6s]
  ep  32: loss=1.1329  test_acc=31.49%  (best 40.23 @ ep 19)  [3.6s]
  ep  33: loss=1.1281  test_acc=43.53%  (best 43.53 @ ep 33)  [3.8s]
  ep  34: loss=1.1233  test_acc=33.84%  (best 43.53 @ ep 33)  [3.8s]
  ep  35: loss=1.1237  test_acc=39.56%  (best 43.53 @ ep 33)  [3.9s]
  ep  36: loss=1.1107  test_acc=30.85%  (best 43.53 @ ep 33)  [3.6s]
  ep  37: loss=1.1148  test_acc=42.56%  (best 43.53 @ ep 33)  [3.7s]
  ep  38: loss=1.1032  test_acc=39.34%  (best 43.53 @ ep 33)  [3.6s]
  ep  39: loss=1.1009  test_acc=37.28%  (best 43.53 @ ep 33)  [5.3s]
  ep  40: loss=1.1001  test_acc=35.39%  (best 43.53 @ ep 33)  [8.6s]
  ep  41: loss=1.0941  test_acc=35.45%  (best 43.53 @ ep 33)  [9.3s]
  ep  42: loss=1.0896  test_acc=42.89%  (best 43.53 @ ep 33)  [8.5s]
  ep  43: loss=1.0938  test_acc=38.20%  (best 43.53 @ ep 33)  [9.3s]
  ep  44: loss=1.0855  test_acc=33.20%  (best 43.53 @ ep 33)  [8.8s]
  ep  45: loss=1.0718  test_acc=39.51%  (best 43.53 @ ep 33)  [9.3s]
  ep  46: loss=1.0727  test_acc=41.69%  (best 43.53 @ ep 33)  [8.8s]
  ep  47: loss=1.0726  test_acc=42.86%  (best 43.53 @ ep 33)  [9.0s]
  ep  48: loss=1.0641  test_acc=35.96%  (best 43.53 @ ep 33)  [9.9s]
  ep  49: loss=1.0552  test_acc=41.18%  (best 43.53 @ ep 33)  [10.1s]
  ep  50: loss=1.0512  test_acc=35.80%  (best 43.53 @ ep 33)  [12.0s]  [logged per-sample loss: mean=1.083]
  ep  51: loss=1.0459  test_acc=42.96%  (best 43.53 @ ep 33)  [9.0s]
  ep  52: loss=1.0381  test_acc=42.64%  (best 43.53 @ ep 33)  [5.6s]
  ep  53: loss=1.0366  test_acc=41.73%  (best 43.53 @ ep 33)  [3.6s]
  ep  54: loss=1.0324  test_acc=42.72%  (best 43.53 @ ep 33)  [3.6s]
  ep  55: loss=1.0231  test_acc=36.88%  (best 43.53 @ ep 33)  [3.7s]
  ep  56: loss=1.0201  test_acc=37.19%  (best 43.53 @ ep 33)  [3.7s]
  ep  57: loss=1.0102  test_acc=34.13%  (best 43.53 @ ep 33)  [3.6s]
  ep  58: loss=1.0035  test_acc=39.76%  (best 43.53 @ ep 33)  [3.7s]
  ep  59: loss=0.9948  test_acc=39.02%  (best 43.53 @ ep 33)  [3.5s]
  ep  60: loss=0.9890  test_acc=43.40%  (best 43.53 @ ep 33)  [3.6s]
  ep  61: loss=0.9829  test_acc=37.53%  (best 43.53 @ ep 33)  [3.9s]
  ep  62: loss=0.9732  test_acc=44.52%  (best 44.52 @ ep 62)  [3.6s]
  ep  63: loss=0.9647  test_acc=41.40%  (best 44.52 @ ep 62)  [4.0s]
  ep  64: loss=0.9545  test_acc=42.99%  (best 44.52 @ ep 62)  [3.8s]
  ep  65: loss=0.9500  test_acc=40.21%  (best 44.52 @ ep 62)  [3.7s]
  ep  66: loss=0.9402  test_acc=42.99%  (best 44.52 @ ep 62)  [3.8s]
  ep  67: loss=0.9320  test_acc=45.22%  (best 45.22 @ ep 67)  [3.8s]
  ep  68: loss=0.9152  test_acc=43.70%  (best 45.22 @ ep 67)  [3.8s]
  ep  69: loss=0.9078  test_acc=44.94%  (best 45.22 @ ep 67)  [8.9s]
  ep  70: loss=0.8923  test_acc=41.63%  (best 45.22 @ ep 67)  [7.8s]
  ep  71: loss=0.8845  test_acc=37.40%  (best 45.22 @ ep 67)  [7.7s]
  ep  72: loss=0.8708  test_acc=37.80%  (best 45.22 @ ep 67)  [8.4s]
  ep  73: loss=0.8594  test_acc=40.57%  (best 45.22 @ ep 67)  [8.1s]
  ep  74: loss=0.8433  test_acc=42.73%  (best 45.22 @ ep 67)  [9.0s]
  ep  75: loss=0.8326  test_acc=41.44%  (best 45.22 @ ep 67)  [13.4s]  [logged per-sample loss: mean=0.823]
  ep  76: loss=0.8162  test_acc=38.40%  (best 45.22 @ ep 67)  [8.0s]
  ep  77: loss=0.7992  test_acc=43.61%  (best 45.22 @ ep 67)  [7.8s]
  ep  78: loss=0.7762  test_acc=40.85%  (best 45.22 @ ep 67)  [7.9s]
  ep  79: loss=0.7718  test_acc=42.93%  (best 45.22 @ ep 67)  [8.5s]
  ep  80: loss=0.7454  test_acc=40.19%  (best 45.22 @ ep 67)  [8.4s]
  ep  81: loss=0.7335  test_acc=44.26%  (best 45.22 @ ep 67)  [8.4s]
  ep  82: loss=0.7187  test_acc=44.23%  (best 45.22 @ ep 67)  [8.3s]
  ep  83: loss=0.6887  test_acc=41.99%  (best 45.22 @ ep 67)  [8.1s]
  ep  84: loss=0.6775  test_acc=39.84%  (best 45.22 @ ep 67)  [8.5s]
  ep  85: loss=0.6496  test_acc=42.29%  (best 45.22 @ ep 67)  [8.0s]
  ep  86: loss=0.6337  test_acc=44.55%  (best 45.22 @ ep 67)  [8.2s]
  ep  87: loss=0.6106  test_acc=41.73%  (best 45.22 @ ep 67)  [8.1s]
  ep  88: loss=0.5930  test_acc=40.94%  (best 45.22 @ ep 67)  [8.0s]
  ep  89: loss=0.5737  test_acc=39.89%  (best 45.22 @ ep 67)  [8.4s]
  ep  90: loss=0.5550  test_acc=41.81%  (best 45.22 @ ep 67)  [8.3s]
  ep  91: loss=0.5448  test_acc=40.65%  (best 45.22 @ ep 67)  [7.7s]
  ep  92: loss=0.5224  test_acc=40.35%  (best 45.22 @ ep 67)  [7.9s]
  ep  93: loss=0.5104  test_acc=40.19%  (best 45.22 @ ep 67)  [8.3s]
  ep  94: loss=0.5001  test_acc=40.48%  (best 45.22 @ ep 67)  [8.0s]
  ep  95: loss=0.4876  test_acc=41.16%  (best 45.22 @ ep 67)  [7.9s]
  ep  96: loss=0.4860  test_acc=40.89%  (best 45.22 @ ep 67)  [7.9s]
  ep  97: loss=0.4762  test_acc=41.26%  (best 45.22 @ ep 67)  [7.9s]
  ep  98: loss=0.4663  test_acc=41.24%  (best 45.22 @ ep 67)  [10.2s]
  ep  99: loss=0.4689  test_acc=40.93%  (best 45.22 @ ep 67)  [5.5s]  [logged per-sample loss: mean=0.410]

saved /path/to/ciln-workspace/journal_edition/robustness_transfer/results_v4/erm/ours_v2_clean__pixelate_sev5__seed2.json: best 45.22% @ ep 67
