condition=ours_v2_noisy__defocus_blur_sev1 seed=1 gpu=2
/path/to/ciln-workspace/venv/lib/python3.12/site-packages/torchvision/datasets/cifar.py:83: VisibleDeprecationWarning: dtype(): align should be passed as Python or NumPy boolean but got `align=0`. Did you mean to pass a tuple to create a subarray type? (Deprecated NumPy 2.4)
  entry = pickle.load(f, encoding="latin1")
image_source=noisy  N=22500  noise_rate=8.62%
  ep   0: loss=1.8374  test_acc=32.79%  (best 32.79 @ ep 0)  [4.5s]
  ep   1: loss=1.4964  test_acc=42.45%  (best 42.45 @ ep 1)  [3.6s]
  ep   2: loss=1.2729  test_acc=51.95%  (best 51.95 @ ep 2)  [3.8s]
  ep   3: loss=1.1390  test_acc=58.70%  (best 58.70 @ ep 3)  [3.8s]
  ep   4: loss=1.0410  test_acc=60.85%  (best 60.85 @ ep 4)  [3.9s]
  ep   5: loss=0.9893  test_acc=55.37%  (best 60.85 @ ep 4)  [5.3s]  [logged per-sample loss: mean=1.210]
  ep   6: loss=0.9314  test_acc=64.05%  (best 64.05 @ ep 6)  [3.5s]
  ep   7: loss=0.8605  test_acc=62.31%  (best 64.05 @ ep 6)  [3.5s]
  ep   8: loss=0.8147  test_acc=71.13%  (best 71.13 @ ep 8)  [3.6s]
  ep   9: loss=0.7805  test_acc=64.15%  (best 71.13 @ ep 8)  [3.6s]
  ep  10: loss=0.7466  test_acc=56.33%  (best 71.13 @ ep 8)  [5.7s]  [logged per-sample loss: mean=1.737]
  ep  11: loss=0.7287  test_acc=67.73%  (best 71.13 @ ep 8)  [3.6s]
  ep  12: loss=0.7094  test_acc=74.74%  (best 74.74 @ ep 12)  [3.6s]
  ep  13: loss=0.6863  test_acc=74.38%  (best 74.74 @ ep 12)  [9.4s]
  ep  14: loss=0.6686  test_acc=71.52%  (best 74.74 @ ep 12)  [9.5s]
  ep  15: loss=0.6534  test_acc=68.49%  (best 74.74 @ ep 12)  [10.1s]
  ep  16: loss=0.6379  test_acc=69.99%  (best 74.74 @ ep 12)  [8.9s]
  ep  17: loss=0.6174  test_acc=75.58%  (best 75.58 @ ep 17)  [3.6s]
  ep  18: loss=0.6127  test_acc=64.54%  (best 75.58 @ ep 17)  [3.7s]
  ep  19: loss=0.6069  test_acc=68.51%  (best 75.58 @ ep 17)  [3.7s]
  ep  20: loss=0.5943  test_acc=73.61%  (best 75.58 @ ep 17)  [5.2s]  [logged per-sample loss: mean=0.670]
  ep  21: loss=0.5860  test_acc=73.82%  (best 75.58 @ ep 17)  [3.7s]
  ep  22: loss=0.5842  test_acc=70.27%  (best 75.58 @ ep 17)  [3.7s]
  ep  23: loss=0.5658  test_acc=77.43%  (best 77.43 @ ep 23)  [3.5s]
  ep  24: loss=0.5659  test_acc=71.64%  (best 77.43 @ ep 23)  [3.6s]
  ep  25: loss=0.5471  test_acc=74.69%  (best 77.43 @ ep 23)  [3.5s]
  ep  26: loss=0.5465  test_acc=54.58%  (best 77.43 @ ep 23)  [3.8s]
  ep  27: loss=0.5434  test_acc=77.11%  (best 77.43 @ ep 23)  [3.7s]
  ep  28: loss=0.5343  test_acc=74.44%  (best 77.43 @ ep 23)  [3.5s]
  ep  29: loss=0.5313  test_acc=73.89%  (best 77.43 @ ep 23)  [3.8s]
  ep  30: loss=0.5207  test_acc=78.32%  (best 78.32 @ ep 30)  [5.3s]  [logged per-sample loss: mean=0.549]
  ep  31: loss=0.5134  test_acc=76.96%  (best 78.32 @ ep 30)  [3.7s]
  ep  32: loss=0.5097  test_acc=72.39%  (best 78.32 @ ep 30)  [4.9s]
  ep  33: loss=0.5039  test_acc=77.23%  (best 78.32 @ ep 30)  [8.4s]
  ep  34: loss=0.4982  test_acc=68.57%  (best 78.32 @ ep 30)  [8.5s]
  ep  35: loss=0.4925  test_acc=75.04%  (best 78.32 @ ep 30)  [8.1s]
  ep  36: loss=0.4911  test_acc=75.18%  (best 78.32 @ ep 30)  [9.5s]
  ep  37: loss=0.4786  test_acc=66.96%  (best 78.32 @ ep 30)  [9.1s]
  ep  38: loss=0.4780  test_acc=78.00%  (best 78.32 @ ep 30)  [8.9s]
  ep  39: loss=0.4749  test_acc=78.92%  (best 78.92 @ ep 39)  [8.1s]
  ep  40: loss=0.4649  test_acc=79.75%  (best 79.75 @ ep 40)  [8.8s]
  ep  41: loss=0.4452  test_acc=74.49%  (best 79.75 @ ep 40)  [9.2s]
  ep  42: loss=0.4473  test_acc=77.62%  (best 79.75 @ ep 40)  [8.9s]
  ep  43: loss=0.4408  test_acc=77.86%  (best 79.75 @ ep 40)  [9.2s]
  ep  44: loss=0.4476  test_acc=77.26%  (best 79.75 @ ep 40)  [8.3s]
  ep  45: loss=0.4379  test_acc=78.76%  (best 79.75 @ ep 40)  [8.2s]
  ep  46: loss=0.4176  test_acc=77.58%  (best 79.75 @ ep 40)  [9.3s]
  ep  47: loss=0.4201  test_acc=76.91%  (best 79.75 @ ep 40)  [9.6s]
  ep  48: loss=0.4151  test_acc=78.24%  (best 79.75 @ ep 40)  [9.5s]
  ep  49: loss=0.4130  test_acc=79.45%  (best 79.75 @ ep 40)  [10.2s]
  ep  50: loss=0.4041  test_acc=76.10%  (best 79.75 @ ep 40)  [12.3s]  [logged per-sample loss: mean=0.579]
  ep  51: loss=0.3983  test_acc=74.81%  (best 79.75 @ ep 40)  [8.8s]
  ep  52: loss=0.3828  test_acc=81.15%  (best 81.15 @ ep 52)  [7.0s]
  ep  53: loss=0.3742  test_acc=79.11%  (best 81.15 @ ep 52)  [3.5s]
  ep  54: loss=0.3702  test_acc=80.51%  (best 81.15 @ ep 52)  [3.6s]
  ep  55: loss=0.3670  test_acc=81.12%  (best 81.15 @ ep 52)  [3.5s]
  ep  56: loss=0.3611  test_acc=80.94%  (best 81.15 @ ep 52)  [3.8s]
  ep  57: loss=0.3492  test_acc=80.59%  (best 81.15 @ ep 52)  [3.6s]
  ep  58: loss=0.3382  test_acc=79.97%  (best 81.15 @ ep 52)  [3.6s]
  ep  59: loss=0.3229  test_acc=78.85%  (best 81.15 @ ep 52)  [3.7s]
  ep  60: loss=0.3253  test_acc=80.62%  (best 81.15 @ ep 52)  [3.6s]
  ep  61: loss=0.3161  test_acc=79.69%  (best 81.15 @ ep 52)  [3.7s]
  ep  62: loss=0.3075  test_acc=78.61%  (best 81.15 @ ep 52)  [3.5s]
  ep  63: loss=0.2966  test_acc=80.64%  (best 81.15 @ ep 52)  [3.5s]
  ep  64: loss=0.2873  test_acc=81.55%  (best 81.55 @ ep 64)  [3.6s]
  ep  65: loss=0.2877  test_acc=81.31%  (best 81.55 @ ep 64)  [3.5s]
  ep  66: loss=0.2700  test_acc=82.81%  (best 82.81 @ ep 66)  [3.6s]
  ep  67: loss=0.2659  test_acc=79.25%  (best 82.81 @ ep 66)  [3.8s]
  ep  68: loss=0.2519  test_acc=80.95%  (best 82.81 @ ep 66)  [3.5s]
  ep  69: loss=0.2402  test_acc=81.51%  (best 82.81 @ ep 66)  [5.3s]
  ep  70: loss=0.2383  test_acc=81.53%  (best 82.81 @ ep 66)  [8.6s]
  ep  71: loss=0.2239  test_acc=82.49%  (best 82.81 @ ep 66)  [8.2s]
  ep  72: loss=0.2042  test_acc=83.29%  (best 83.29 @ ep 72)  [8.4s]
  ep  73: loss=0.2035  test_acc=82.63%  (best 83.29 @ ep 72)  [8.1s]
  ep  74: loss=0.1994  test_acc=82.76%  (best 83.29 @ ep 72)  [8.2s]
  ep  75: loss=0.1845  test_acc=82.81%  (best 83.29 @ ep 72)  [12.8s]  [logged per-sample loss: mean=0.181]
  ep  76: loss=0.1710  test_acc=84.03%  (best 84.03 @ ep 76)  [8.0s]
  ep  77: loss=0.1598  test_acc=84.45%  (best 84.45 @ ep 77)  [8.4s]
  ep  78: loss=0.1488  test_acc=82.99%  (best 84.45 @ ep 77)  [8.0s]
  ep  79: loss=0.1428  test_acc=84.09%  (best 84.45 @ ep 77)  [7.9s]
  ep  80: loss=0.1324  test_acc=84.27%  (best 84.45 @ ep 77)  [8.9s]
  ep  81: loss=0.1220  test_acc=83.60%  (best 84.45 @ ep 77)  [8.7s]
  ep  82: loss=0.1114  test_acc=83.84%  (best 84.45 @ ep 77)  [8.3s]
  ep  83: loss=0.1018  test_acc=84.50%  (best 84.50 @ ep 83)  [8.5s]
  ep  84: loss=0.0927  test_acc=84.51%  (best 84.51 @ ep 84)  [7.9s]
  ep  85: loss=0.0873  test_acc=84.23%  (best 84.51 @ ep 84)  [7.9s]
  ep  86: loss=0.0841  test_acc=84.77%  (best 84.77 @ ep 86)  [8.2s]
  ep  87: loss=0.0786  test_acc=84.76%  (best 84.77 @ ep 86)  [8.1s]
  ep  88: loss=0.0709  test_acc=84.87%  (best 84.87 @ ep 88)  [8.2s]
  ep  89: loss=0.0638  test_acc=84.92%  (best 84.92 @ ep 89)  [8.0s]
  ep  90: loss=0.0605  test_acc=85.10%  (best 85.10 @ ep 90)  [8.1s]
  ep  91: loss=0.0576  test_acc=85.03%  (best 85.10 @ ep 90)  [7.8s]
  ep  92: loss=0.0556  test_acc=85.06%  (best 85.10 @ ep 90)  [7.9s]
  ep  93: loss=0.0519  test_acc=85.21%  (best 85.21 @ ep 93)  [8.6s]
  ep  94: loss=0.0525  test_acc=84.83%  (best 85.21 @ ep 93)  [8.3s]
  ep  95: loss=0.0500  test_acc=85.01%  (best 85.21 @ ep 93)  [8.0s]
  ep  96: loss=0.0493  test_acc=84.98%  (best 85.21 @ ep 93)  [8.3s]
  ep  97: loss=0.0478  test_acc=84.86%  (best 85.21 @ ep 93)  [8.1s]
  ep  98: loss=0.0499  test_acc=84.96%  (best 85.21 @ ep 93)  [8.5s]
  ep  99: loss=0.0466  test_acc=85.00%  (best 85.21 @ ep 93)  [11.4s]  [logged per-sample loss: mean=0.028]

saved /path/to/ciln-workspace/journal_edition/robustness_transfer/results_v4/erm/ours_v2_noisy__defocus_blur_sev1__seed1.json: best 85.21% @ ep 93
