condition=ours_v2_clean__frost_sev1 seed=1 gpu=1
/path/to/ciln-workspace/venv/lib/python3.12/site-packages/torchvision/datasets/cifar.py:83: VisibleDeprecationWarning: dtype(): align should be passed as Python or NumPy boolean but got `align=0`. Did you mean to pass a tuple to create a subarray type? (Deprecated NumPy 2.4)
  entry = pickle.load(f, encoding="latin1")
image_source=clean  N=22500  noise_rate=10.16%
  ep   0: loss=1.8499  test_acc=37.55%  (best 37.55 @ ep 0)  [4.4s]
  ep   1: loss=1.5679  test_acc=37.79%  (best 37.79 @ ep 1)  [3.7s]
  ep   2: loss=1.3531  test_acc=45.78%  (best 45.78 @ ep 2)  [3.6s]
  ep   3: loss=1.1776  test_acc=56.75%  (best 56.75 @ ep 3)  [3.7s]
  ep   4: loss=1.0653  test_acc=60.89%  (best 60.89 @ ep 4)  [3.6s]
  ep   5: loss=1.0074  test_acc=61.52%  (best 61.52 @ ep 5)  [5.3s]  [logged per-sample loss: mean=1.082]
  ep   6: loss=0.9363  test_acc=62.95%  (best 62.95 @ ep 6)  [3.7s]
  ep   7: loss=0.8863  test_acc=59.68%  (best 62.95 @ ep 6)  [3.6s]
  ep   8: loss=0.8209  test_acc=64.37%  (best 64.37 @ ep 8)  [3.7s]
  ep   9: loss=0.7893  test_acc=60.80%  (best 64.37 @ ep 8)  [3.7s]
  ep  10: loss=0.7490  test_acc=63.07%  (best 64.37 @ ep 8)  [5.4s]  [logged per-sample loss: mean=1.124]
  ep  11: loss=0.7399  test_acc=71.45%  (best 71.45 @ ep 11)  [3.6s]
  ep  12: loss=0.7161  test_acc=71.26%  (best 71.45 @ ep 11)  [7.8s]
  ep  13: loss=0.6953  test_acc=68.03%  (best 71.45 @ ep 11)  [9.1s]
  ep  14: loss=0.6838  test_acc=58.99%  (best 71.45 @ ep 11)  [9.7s]
  ep  15: loss=0.6632  test_acc=70.10%  (best 71.45 @ ep 11)  [8.5s]
  ep  16: loss=0.6380  test_acc=69.77%  (best 71.45 @ ep 11)  [9.1s]
  ep  17: loss=0.6354  test_acc=75.20%  (best 75.20 @ ep 17)  [9.5s]
  ep  18: loss=0.6318  test_acc=65.08%  (best 75.20 @ ep 17)  [8.8s]
  ep  19: loss=0.6217  test_acc=70.55%  (best 75.20 @ ep 17)  [9.2s]
  ep  20: loss=0.6044  test_acc=65.32%  (best 75.20 @ ep 17)  [12.3s]  [logged per-sample loss: mean=1.057]
  ep  21: loss=0.6096  test_acc=73.88%  (best 75.20 @ ep 17)  [10.7s]
  ep  22: loss=0.5915  test_acc=75.04%  (best 75.20 @ ep 17)  [9.8s]
  ep  23: loss=0.5945  test_acc=74.61%  (best 75.20 @ ep 17)  [8.3s]
  ep  24: loss=0.5805  test_acc=70.83%  (best 75.20 @ ep 17)  [3.9s]
  ep  25: loss=0.5716  test_acc=76.10%  (best 76.10 @ ep 25)  [3.6s]
  ep  26: loss=0.5616  test_acc=68.36%  (best 76.10 @ ep 25)  [3.5s]
  ep  27: loss=0.5645  test_acc=76.04%  (best 76.10 @ ep 25)  [3.6s]
  ep  28: loss=0.5584  test_acc=74.12%  (best 76.10 @ ep 25)  [3.7s]
  ep  29: loss=0.5511  test_acc=77.13%  (best 77.13 @ ep 29)  [3.7s]
  ep  30: loss=0.5385  test_acc=74.75%  (best 77.13 @ ep 29)  [5.5s]  [logged per-sample loss: mean=0.705]
  ep  31: loss=0.5342  test_acc=72.39%  (best 77.13 @ ep 29)  [3.7s]
  ep  32: loss=0.5327  test_acc=78.45%  (best 78.45 @ ep 32)  [3.6s]
  ep  33: loss=0.5233  test_acc=72.07%  (best 78.45 @ ep 32)  [3.7s]
  ep  34: loss=0.5232  test_acc=80.40%  (best 80.40 @ ep 34)  [3.6s]
  ep  35: loss=0.5112  test_acc=77.47%  (best 80.40 @ ep 34)  [3.8s]
  ep  36: loss=0.5107  test_acc=78.89%  (best 80.40 @ ep 34)  [3.7s]
  ep  37: loss=0.4976  test_acc=73.86%  (best 80.40 @ ep 34)  [3.6s]
  ep  38: loss=0.4983  test_acc=73.13%  (best 80.40 @ ep 34)  [3.9s]
  ep  39: loss=0.4969  test_acc=71.18%  (best 80.40 @ ep 34)  [4.5s]
  ep  40: loss=0.4885  test_acc=75.49%  (best 80.40 @ ep 34)  [8.4s]
  ep  41: loss=0.4769  test_acc=74.33%  (best 80.40 @ ep 34)  [9.1s]
  ep  42: loss=0.4725  test_acc=76.43%  (best 80.40 @ ep 34)  [9.9s]
  ep  43: loss=0.4621  test_acc=79.15%  (best 80.40 @ ep 34)  [9.9s]
  ep  44: loss=0.4625  test_acc=79.18%  (best 80.40 @ ep 34)  [11.0s]
  ep  45: loss=0.4517  test_acc=77.53%  (best 80.40 @ ep 34)  [10.0s]
  ep  46: loss=0.4463  test_acc=75.86%  (best 80.40 @ ep 34)  [10.4s]
  ep  47: loss=0.4460  test_acc=79.95%  (best 80.40 @ ep 34)  [9.7s]
  ep  48: loss=0.4372  test_acc=79.02%  (best 80.40 @ ep 34)  [11.2s]
  ep  49: loss=0.4247  test_acc=79.86%  (best 80.40 @ ep 34)  [4.0s]
  ep  50: loss=0.4254  test_acc=78.30%  (best 80.40 @ ep 34)  [5.2s]  [logged per-sample loss: mean=0.481]
  ep  51: loss=0.4203  test_acc=78.85%  (best 80.40 @ ep 34)  [3.6s]
  ep  52: loss=0.4044  test_acc=78.83%  (best 80.40 @ ep 34)  [3.7s]
  ep  53: loss=0.4058  test_acc=71.20%  (best 80.40 @ ep 34)  [3.5s]
  ep  54: loss=0.3987  test_acc=78.55%  (best 80.40 @ ep 34)  [3.5s]
  ep  55: loss=0.3876  test_acc=81.07%  (best 81.07 @ ep 55)  [3.6s]
  ep  56: loss=0.3815  test_acc=78.36%  (best 81.07 @ ep 55)  [3.7s]
  ep  57: loss=0.3628  test_acc=80.70%  (best 81.07 @ ep 55)  [3.7s]
  ep  58: loss=0.3709  test_acc=78.12%  (best 81.07 @ ep 55)  [3.9s]
  ep  59: loss=0.3559  test_acc=81.07%  (best 81.07 @ ep 55)  [3.7s]
  ep  60: loss=0.3428  test_acc=82.13%  (best 82.13 @ ep 60)  [3.6s]
  ep  61: loss=0.3384  test_acc=81.43%  (best 82.13 @ ep 60)  [3.7s]
  ep  62: loss=0.3362  test_acc=82.43%  (best 82.43 @ ep 62)  [3.6s]
  ep  63: loss=0.3244  test_acc=81.14%  (best 82.43 @ ep 62)  [3.8s]
  ep  64: loss=0.3116  test_acc=80.30%  (best 82.43 @ ep 62)  [4.2s]
  ep  65: loss=0.3041  test_acc=80.06%  (best 82.43 @ ep 62)  [9.3s]
  ep  66: loss=0.2986  test_acc=81.96%  (best 82.43 @ ep 62)  [10.5s]
  ep  67: loss=0.2915  test_acc=80.96%  (best 82.43 @ ep 62)  [9.1s]
  ep  68: loss=0.2760  test_acc=80.34%  (best 82.43 @ ep 62)  [8.8s]
  ep  69: loss=0.2605  test_acc=83.17%  (best 83.17 @ ep 69)  [9.8s]
  ep  70: loss=0.2511  test_acc=83.37%  (best 83.37 @ ep 70)  [8.9s]
  ep  71: loss=0.2477  test_acc=81.92%  (best 83.37 @ ep 70)  [9.1s]
  ep  72: loss=0.2318  test_acc=82.83%  (best 83.37 @ ep 70)  [10.2s]
  ep  73: loss=0.2181  test_acc=82.51%  (best 83.37 @ ep 70)  [3.6s]
  ep  74: loss=0.2099  test_acc=81.69%  (best 83.37 @ ep 70)  [3.7s]
  ep  75: loss=0.1973  test_acc=82.69%  (best 83.37 @ ep 70)  [5.6s]  [logged per-sample loss: mean=0.191]
  ep  76: loss=0.1856  test_acc=82.80%  (best 83.37 @ ep 70)  [3.5s]
  ep  77: loss=0.1751  test_acc=83.38%  (best 83.38 @ ep 77)  [3.7s]
  ep  78: loss=0.1661  test_acc=83.76%  (best 83.76 @ ep 78)  [3.6s]
  ep  79: loss=0.1527  test_acc=82.85%  (best 83.76 @ ep 78)  [3.7s]
  ep  80: loss=0.1404  test_acc=83.86%  (best 83.86 @ ep 80)  [3.6s]
  ep  81: loss=0.1332  test_acc=83.78%  (best 83.86 @ ep 80)  [3.7s]
  ep  82: loss=0.1206  test_acc=84.20%  (best 84.20 @ ep 82)  [3.6s]
  ep  83: loss=0.1186  test_acc=83.69%  (best 84.20 @ ep 82)  [3.8s]
  ep  84: loss=0.1050  test_acc=83.60%  (best 84.20 @ ep 82)  [3.8s]
  ep  85: loss=0.0969  test_acc=84.59%  (best 84.59 @ ep 85)  [3.7s]
  ep  86: loss=0.0942  test_acc=84.40%  (best 84.59 @ ep 85)  [3.8s]
  ep  87: loss=0.0812  test_acc=84.73%  (best 84.73 @ ep 87)  [3.5s]
  ep  88: loss=0.0748  test_acc=84.77%  (best 84.77 @ ep 88)  [3.9s]
  ep  89: loss=0.0725  test_acc=84.69%  (best 84.77 @ ep 88)  [4.9s]
  ep  90: loss=0.0684  test_acc=84.64%  (best 84.77 @ ep 88)  [7.9s]
  ep  91: loss=0.0637  test_acc=84.65%  (best 84.77 @ ep 88)  [8.1s]
  ep  92: loss=0.0613  test_acc=84.55%  (best 84.77 @ ep 88)  [8.7s]
  ep  93: loss=0.0574  test_acc=84.83%  (best 84.83 @ ep 93)  [8.7s]
  ep  94: loss=0.0569  test_acc=84.98%  (best 84.98 @ ep 94)  [8.5s]
  ep  95: loss=0.0575  test_acc=84.83%  (best 84.98 @ ep 94)  [9.3s]
  ep  96: loss=0.0532  test_acc=84.87%  (best 84.98 @ ep 94)  [8.6s]
  ep  97: loss=0.0546  test_acc=84.71%  (best 84.98 @ ep 94)  [4.8s]
  ep  98: loss=0.0511  test_acc=84.75%  (best 84.98 @ ep 94)  [3.9s]
  ep  99: loss=0.0548  test_acc=84.67%  (best 84.98 @ ep 94)  [5.4s]  [logged per-sample loss: mean=0.032]

saved /path/to/ciln-workspace/journal_edition/robustness_transfer/results_v4/erm/ours_v2_clean__frost_sev1__seed1.json: best 84.98% @ ep 94
