condition=ours_v2_clean__defocus_blur_sev1 seed=2 gpu=1
/path/to/ciln-workspace/venv/lib/python3.12/site-packages/torchvision/datasets/cifar.py:83: VisibleDeprecationWarning: dtype(): align should be passed as Python or NumPy boolean but got `align=0`. Did you mean to pass a tuple to create a subarray type? (Deprecated NumPy 2.4)
  entry = pickle.load(f, encoding="latin1")
image_source=clean  N=22500  noise_rate=8.62%
  ep   0: R(t)=1.000  acc1=36.61%  acc2=37.04%  ens=36.82%  (best 36.82 @ ep 0)  [7.6s]
  ep   1: R(t)=0.973  acc1=43.42%  acc2=42.92%  ens=43.17%  (best 43.17 @ ep 1)  [6.6s]
  ep   2: R(t)=0.961  acc1=44.07%  acc2=52.19%  ens=48.13%  (best 48.13 @ ep 2)  [6.6s]
  ep   3: R(t)=0.953  acc1=59.11%  acc2=54.34%  ens=56.73%  (best 56.73 @ ep 3)  [6.5s]
  ep   4: R(t)=0.945  acc1=47.32%  acc2=60.66%  ens=53.99%  (best 56.73 @ ep 3)  [6.6s]
  ep   5: R(t)=0.939  acc1=64.89%  acc2=66.31%  ens=65.60%  (best 65.60 @ ep 5)  [9.9s]  [sel1+2: prec=0.924, recall_clean=0.967]
  ep   6: R(t)=0.933  acc1=63.69%  acc2=59.91%  ens=61.80%  (best 65.60 @ ep 5)  [6.6s]
  ep   7: R(t)=0.928  acc1=63.20%  acc2=58.75%  ens=60.98%  (best 65.60 @ ep 5)  [7.2s]
  ep   8: R(t)=0.923  acc1=68.67%  acc2=67.09%  ens=67.88%  (best 67.88 @ ep 8)  [19.3s]
  ep   9: R(t)=0.918  acc1=55.75%  acc2=62.20%  ens=58.98%  (best 67.88 @ ep 8)  [20.9s]
  ep  10: R(t)=0.914  acc1=67.12%  acc2=67.31%  ens=67.22%  (best 67.88 @ ep 8)  [25.3s]  [sel1+2: prec=0.932, recall_clean=0.961]
  ep  11: R(t)=0.914  acc1=70.38%  acc2=68.90%  ens=69.64%  (best 69.64 @ ep 11)  [16.0s]
  ep  12: R(t)=0.914  acc1=69.55%  acc2=71.57%  ens=70.56%  (best 70.56 @ ep 12)  [6.2s]
  ep  13: R(t)=0.914  acc1=72.13%  acc2=69.17%  ens=70.65%  (best 70.65 @ ep 13)  [6.6s]
  ep  14: R(t)=0.914  acc1=66.62%  acc2=69.53%  ens=68.08%  (best 70.65 @ ep 13)  [6.5s]
  ep  15: R(t)=0.914  acc1=73.47%  acc2=73.28%  ens=73.38%  (best 73.38 @ ep 15)  [6.6s]
  ep  16: R(t)=0.914  acc1=66.94%  acc2=70.08%  ens=68.51%  (best 73.38 @ ep 15)  [6.5s]
  ep  17: R(t)=0.914  acc1=71.02%  acc2=72.81%  ens=71.91%  (best 73.38 @ ep 15)  [6.6s]
  ep  18: R(t)=0.914  acc1=61.00%  acc2=71.00%  ens=66.00%  (best 73.38 @ ep 15)  [6.5s]
  ep  19: R(t)=0.914  acc1=74.74%  acc2=66.02%  ens=70.38%  (best 73.38 @ ep 15)  [6.4s]
  ep  20: R(t)=0.914  acc1=77.27%  acc2=74.56%  ens=75.91%  (best 75.91 @ ep 20)  [11.0s]  [sel1+2: prec=0.934, recall_clean=0.962]
  ep  21: R(t)=0.914  acc1=68.76%  acc2=66.73%  ens=67.75%  (best 75.91 @ ep 20)  [19.0s]
  ep  22: R(t)=0.914  acc1=71.78%  acc2=62.11%  ens=66.94%  (best 75.91 @ ep 20)  [17.5s]
  ep  23: R(t)=0.914  acc1=72.98%  acc2=76.04%  ens=74.51%  (best 75.91 @ ep 20)  [18.3s]
  ep  24: R(t)=0.914  acc1=78.02%  acc2=78.33%  ens=78.17%  (best 78.17 @ ep 24)  [9.1s]
  ep  25: R(t)=0.914  acc1=74.33%  acc2=70.27%  ens=72.30%  (best 78.17 @ ep 24)  [6.6s]
  ep  26: R(t)=0.914  acc1=78.00%  acc2=77.25%  ens=77.62%  (best 78.17 @ ep 24)  [6.5s]
  ep  27: R(t)=0.914  acc1=77.41%  acc2=78.66%  ens=78.03%  (best 78.17 @ ep 24)  [6.5s]
  ep  28: R(t)=0.914  acc1=75.15%  acc2=75.05%  ens=75.10%  (best 78.17 @ ep 24)  [6.5s]
  ep  29: R(t)=0.914  acc1=75.74%  acc2=75.09%  ens=75.41%  (best 78.17 @ ep 24)  [6.7s]
  ep  30: R(t)=0.914  acc1=75.81%  acc2=75.78%  ens=75.80%  (best 78.17 @ ep 24)  [10.3s]  [sel1+2: prec=0.937, recall_clean=0.967]
  ep  31: R(t)=0.914  acc1=72.56%  acc2=73.27%  ens=72.91%  (best 78.17 @ ep 24)  [6.6s]
  ep  32: R(t)=0.914  acc1=73.85%  acc2=76.61%  ens=75.23%  (best 78.17 @ ep 24)  [6.4s]
  ep  33: R(t)=0.914  acc1=77.15%  acc2=78.56%  ens=77.85%  (best 78.17 @ ep 24)  [17.5s]
  ep  34: R(t)=0.914  acc1=76.11%  acc2=78.35%  ens=77.23%  (best 78.17 @ ep 24)  [18.2s]
  ep  35: R(t)=0.914  acc1=76.72%  acc2=77.19%  ens=76.95%  (best 78.17 @ ep 24)  [17.1s]
  ep  36: R(t)=0.914  acc1=76.56%  acc2=76.86%  ens=76.71%  (best 78.17 @ ep 24)  [17.6s]
  ep  37: R(t)=0.914  acc1=75.72%  acc2=77.62%  ens=76.67%  (best 78.17 @ ep 24)  [13.2s]
  ep  38: R(t)=0.914  acc1=79.68%  acc2=79.49%  ens=79.58%  (best 79.58 @ ep 38)  [6.4s]
  ep  39: R(t)=0.914  acc1=79.40%  acc2=74.12%  ens=76.76%  (best 79.58 @ ep 38)  [6.7s]
  ep  40: R(t)=0.914  acc1=76.32%  acc2=70.57%  ens=73.45%  (best 79.58 @ ep 38)  [6.5s]
  ep  41: R(t)=0.914  acc1=75.70%  acc2=78.77%  ens=77.23%  (best 79.58 @ ep 38)  [6.4s]
  ep  42: R(t)=0.914  acc1=75.77%  acc2=76.03%  ens=75.90%  (best 79.58 @ ep 38)  [6.4s]
  ep  43: R(t)=0.914  acc1=76.36%  acc2=77.26%  ens=76.81%  (best 79.58 @ ep 38)  [6.6s]
  ep  44: R(t)=0.914  acc1=74.12%  acc2=75.65%  ens=74.89%  (best 79.58 @ ep 38)  [6.5s]
  ep  45: R(t)=0.914  acc1=79.29%  acc2=78.23%  ens=78.76%  (best 79.58 @ ep 38)  [6.6s]
  ep  46: R(t)=0.914  acc1=77.35%  acc2=80.55%  ens=78.95%  (best 79.58 @ ep 38)  [6.4s]
  ep  47: R(t)=0.914  acc1=77.14%  acc2=80.55%  ens=78.84%  (best 79.58 @ ep 38)  [14.2s]
  ep  48: R(t)=0.914  acc1=79.33%  acc2=78.19%  ens=78.76%  (best 79.58 @ ep 38)  [18.0s]
  ep  49: R(t)=0.914  acc1=79.21%  acc2=73.97%  ens=76.59%  (best 79.58 @ ep 38)  [18.3s]
  ep  50: R(t)=0.914  acc1=80.15%  acc2=74.28%  ens=77.22%  (best 79.58 @ ep 38)  [27.8s]  [sel1+2: prec=0.939, recall_clean=0.968]
  ep  51: R(t)=0.914  acc1=81.46%  acc2=80.42%  ens=80.94%  (best 80.94 @ ep 51)  [17.5s]
  ep  52: R(t)=0.914  acc1=81.62%  acc2=78.90%  ens=80.26%  (best 80.94 @ ep 51)  [17.7s]
  ep  53: R(t)=0.914  acc1=81.61%  acc2=78.60%  ens=80.11%  (best 80.94 @ ep 51)  [17.7s]
  ep  54: R(t)=0.914  acc1=80.53%  acc2=78.54%  ens=79.53%  (best 80.94 @ ep 51)  [17.3s]
  ep  55: R(t)=0.914  acc1=79.67%  acc2=81.09%  ens=80.38%  (best 80.94 @ ep 51)  [17.6s]
  ep  56: R(t)=0.914  acc1=82.18%  acc2=81.13%  ens=81.66%  (best 81.66 @ ep 56)  [18.0s]
  ep  57: R(t)=0.914  acc1=81.39%  acc2=80.58%  ens=80.98%  (best 81.66 @ ep 56)  [16.4s]
  ep  58: R(t)=0.914  acc1=82.24%  acc2=80.12%  ens=81.18%  (best 81.66 @ ep 56)  [18.9s]
  ep  59: R(t)=0.914  acc1=78.11%  acc2=74.80%  ens=76.46%  (best 81.66 @ ep 56)  [17.3s]
  ep  60: R(t)=0.914  acc1=82.44%  acc2=81.41%  ens=81.92%  (best 81.92 @ ep 60)  [17.7s]
  ep  61: R(t)=0.914  acc1=80.49%  acc2=81.62%  ens=81.05%  (best 81.92 @ ep 60)  [18.7s]
  ep  62: R(t)=0.914  acc1=81.97%  acc2=82.17%  ens=82.07%  (best 82.07 @ ep 62)  [17.7s]
  ep  63: R(t)=0.914  acc1=82.48%  acc2=82.81%  ens=82.64%  (best 82.64 @ ep 63)  [17.4s]
  ep  64: R(t)=0.914  acc1=80.84%  acc2=82.71%  ens=81.77%  (best 82.64 @ ep 63)  [18.0s]
  ep  65: R(t)=0.914  acc1=82.42%  acc2=83.68%  ens=83.05%  (best 83.05 @ ep 65)  [18.1s]
  ep  66: R(t)=0.914  acc1=83.34%  acc2=83.52%  ens=83.43%  (best 83.43 @ ep 66)  [17.4s]
  ep  67: R(t)=0.914  acc1=82.71%  acc2=83.86%  ens=83.28%  (best 83.43 @ ep 66)  [18.0s]
  ep  68: R(t)=0.914  acc1=82.38%  acc2=82.82%  ens=82.60%  (best 83.43 @ ep 66)  [17.6s]
  ep  69: R(t)=0.914  acc1=82.96%  acc2=82.15%  ens=82.56%  (best 83.43 @ ep 66)  [17.5s]
  ep  70: R(t)=0.914  acc1=84.06%  acc2=83.80%  ens=83.93%  (best 83.93 @ ep 70)  [17.6s]
  ep  71: R(t)=0.914  acc1=84.10%  acc2=83.77%  ens=83.94%  (best 83.94 @ ep 71)  [17.3s]
  ep  72: R(t)=0.914  acc1=80.47%  acc2=81.37%  ens=80.92%  (best 83.94 @ ep 71)  [18.4s]
  ep  73: R(t)=0.914  acc1=84.22%  acc2=84.07%  ens=84.15%  (best 84.15 @ ep 73)  [18.0s]
  ep  74: R(t)=0.914  acc1=84.65%  acc2=84.24%  ens=84.45%  (best 84.45 @ ep 74)  [18.9s]
  ep  75: R(t)=0.914  acc1=85.42%  acc2=84.50%  ens=84.96%  (best 84.96 @ ep 75)  [23.7s]  [sel1+2: prec=0.945, recall_clean=0.968]
  ep  76: R(t)=0.914  acc1=84.38%  acc2=85.11%  ens=84.75%  (best 84.96 @ ep 75)  [17.2s]
  ep  77: R(t)=0.914  acc1=85.75%  acc2=85.85%  ens=85.80%  (best 85.80 @ ep 77)  [19.0s]
  ep  78: R(t)=0.914  acc1=86.12%  acc2=85.74%  ens=85.93%  (best 85.93 @ ep 78)  [18.0s]
  ep  79: R(t)=0.914  acc1=85.97%  acc2=85.81%  ens=85.89%  (best 85.93 @ ep 78)  [17.4s]
  ep  80: R(t)=0.914  acc1=85.77%  acc2=85.48%  ens=85.62%  (best 85.93 @ ep 78)  [17.3s]
  ep  81: R(t)=0.914  acc1=85.95%  acc2=85.52%  ens=85.73%  (best 85.93 @ ep 78)  [17.3s]
  ep  82: R(t)=0.914  acc1=85.87%  acc2=86.02%  ens=85.95%  (best 85.95 @ ep 82)  [18.4s]
  ep  83: R(t)=0.914  acc1=86.44%  acc2=86.32%  ens=86.38%  (best 86.38 @ ep 83)  [19.1s]
  ep  84: R(t)=0.914  acc1=86.70%  acc2=86.18%  ens=86.44%  (best 86.44 @ ep 84)  [9.3s]
  ep  85: R(t)=0.914  acc1=86.62%  acc2=86.30%  ens=86.46%  (best 86.46 @ ep 85)  [6.3s]
  ep  86: R(t)=0.914  acc1=86.96%  acc2=86.87%  ens=86.92%  (best 86.92 @ ep 86)  [6.6s]
  ep  87: R(t)=0.914  acc1=86.97%  acc2=86.91%  ens=86.94%  (best 86.94 @ ep 87)  [6.8s]
  ep  88: R(t)=0.914  acc1=87.28%  acc2=86.82%  ens=87.05%  (best 87.05 @ ep 88)  [6.4s]
  ep  89: R(t)=0.914  acc1=86.83%  acc2=86.64%  ens=86.73%  (best 87.05 @ ep 88)  [6.6s]
  ep  90: R(t)=0.914  acc1=87.26%  acc2=86.81%  ens=87.03%  (best 87.05 @ ep 88)  [6.6s]
  ep  91: R(t)=0.914  acc1=87.42%  acc2=86.97%  ens=87.19%  (best 87.19 @ ep 91)  [6.4s]
  ep  92: R(t)=0.914  acc1=87.20%  acc2=86.79%  ens=87.00%  (best 87.19 @ ep 91)  [6.3s]
  ep  93: R(t)=0.914  acc1=87.12%  acc2=87.00%  ens=87.06%  (best 87.19 @ ep 91)  [7.4s]
  ep  94: R(t)=0.914  acc1=87.19%  acc2=86.85%  ens=87.02%  (best 87.19 @ ep 91)  [19.1s]
  ep  95: R(t)=0.914  acc1=87.23%  acc2=87.00%  ens=87.11%  (best 87.19 @ ep 91)  [17.4s]
  ep  96: R(t)=0.914  acc1=87.06%  acc2=86.88%  ens=86.97%  (best 87.19 @ ep 91)  [17.8s]
  ep  97: R(t)=0.914  acc1=87.12%  acc2=87.06%  ens=87.09%  (best 87.19 @ ep 91)  [17.8s]
  ep  98: R(t)=0.914  acc1=87.23%  acc2=87.16%  ens=87.19%  (best 87.19 @ ep 91)  [19.3s]
  ep  99: R(t)=0.914  acc1=87.07%  acc2=87.02%  ens=87.04%  (best 87.19 @ ep 91)  [26.0s]  [sel1+2: prec=0.948, recall_clean=0.966]

saved /path/to/ciln-workspace/journal_edition/robustness_transfer/results_v4/coteaching/ours_v2_clean__defocus_blur_sev1__seed2.json: best ens-acc 87.19% @ ep 91
