condition=ours_v2_clean__glass_blur_sev3 seed=2 gpu=1
/path/to/ciln-workspace/venv/lib/python3.12/site-packages/torchvision/datasets/cifar.py:83: VisibleDeprecationWarning: dtype(): align should be passed as Python or NumPy boolean but got `align=0`. Did you mean to pass a tuple to create a subarray type? (Deprecated NumPy 2.4)
  entry = pickle.load(f, encoding="latin1")
image_source=clean  N=22500  noise_rate=64.68%
  ep   0: R(t)=1.000  acc1=19.13%  acc2=16.75%  ens=17.94%  (best 17.94 @ ep 0)  [13.8s]
  ep   1: R(t)=0.795  acc1=19.36%  acc2=20.42%  ens=19.89%  (best 19.89 @ ep 1)  [17.0s]
  ep   2: R(t)=0.711  acc1=16.04%  acc2=18.18%  ens=17.11%  (best 19.89 @ ep 1)  [17.7s]
  ep   3: R(t)=0.646  acc1=15.09%  acc2=17.54%  ens=16.32%  (best 19.89 @ ep 1)  [18.5s]
  ep   4: R(t)=0.591  acc1=18.94%  acc2=18.52%  ens=18.73%  (best 19.89 @ ep 1)  [18.0s]
  ep   5: R(t)=0.543  acc1=16.70%  acc2=17.12%  ens=16.91%  (best 19.89 @ ep 1)  [27.6s]  [sel1+2: prec=0.315, recall_clean=0.494]
  ep   6: R(t)=0.499  acc1=18.35%  acc2=19.26%  ens=18.80%  (best 19.89 @ ep 1)  [17.2s]
  ep   7: R(t)=0.459  acc1=20.63%  acc2=19.82%  ens=20.22%  (best 20.22 @ ep 7)  [17.1s]
  ep   8: R(t)=0.422  acc1=19.00%  acc2=19.15%  ens=19.07%  (best 20.22 @ ep 7)  [16.8s]
  ep   9: R(t)=0.386  acc1=16.38%  acc2=16.56%  ens=16.47%  (best 20.22 @ ep 7)  [18.0s]
  ep  10: R(t)=0.353  acc1=15.83%  acc2=16.36%  ens=16.09%  (best 20.22 @ ep 7)  [23.8s]  [sel1+2: prec=0.234, recall_clean=0.241]
  ep  11: R(t)=0.353  acc1=16.68%  acc2=16.94%  ens=16.81%  (best 20.22 @ ep 7)  [15.6s]
  ep  12: R(t)=0.353  acc1=16.57%  acc2=15.58%  ens=16.07%  (best 20.22 @ ep 7)  [6.5s]
  ep  13: R(t)=0.353  acc1=18.09%  acc2=16.55%  ens=17.32%  (best 20.22 @ ep 7)  [6.6s]
  ep  14: R(t)=0.353  acc1=15.18%  acc2=14.87%  ens=15.02%  (best 20.22 @ ep 7)  [6.3s]
  ep  15: R(t)=0.353  acc1=14.12%  acc2=13.89%  ens=14.01%  (best 20.22 @ ep 7)  [6.2s]
  ep  16: R(t)=0.353  acc1=14.06%  acc2=12.91%  ens=13.48%  (best 20.22 @ ep 7)  [6.7s]
  ep  17: R(t)=0.353  acc1=15.85%  acc2=16.24%  ens=16.04%  (best 20.22 @ ep 7)  [6.4s]
  ep  18: R(t)=0.353  acc1=15.61%  acc2=15.65%  ens=15.63%  (best 20.22 @ ep 7)  [6.6s]
  ep  19: R(t)=0.353  acc1=13.63%  acc2=13.74%  ens=13.69%  (best 20.22 @ ep 7)  [6.0s]
  ep  20: R(t)=0.353  acc1=14.57%  acc2=16.22%  ens=15.39%  (best 20.22 @ ep 7)  [11.2s]  [sel1+2: prec=0.250, recall_clean=0.254]
  ep  21: R(t)=0.353  acc1=16.75%  acc2=16.67%  ens=16.71%  (best 20.22 @ ep 7)  [12.7s]
  ep  22: R(t)=0.353  acc1=13.39%  acc2=13.37%  ens=13.38%  (best 20.22 @ ep 7)  [6.4s]
  ep  23: R(t)=0.353  acc1=13.62%  acc2=13.90%  ens=13.76%  (best 20.22 @ ep 7)  [6.9s]
  ep  24: R(t)=0.353  acc1=15.19%  acc2=15.05%  ens=15.12%  (best 20.22 @ ep 7)  [6.7s]
  ep  25: R(t)=0.353  acc1=14.81%  acc2=15.00%  ens=14.91%  (best 20.22 @ ep 7)  [6.4s]
  ep  26: R(t)=0.353  acc1=15.09%  acc2=14.58%  ens=14.84%  (best 20.22 @ ep 7)  [6.3s]
  ep  27: R(t)=0.353  acc1=16.75%  acc2=16.50%  ens=16.62%  (best 20.22 @ ep 7)  [6.7s]
  ep  28: R(t)=0.353  acc1=14.77%  acc2=14.76%  ens=14.77%  (best 20.22 @ ep 7)  [6.6s]
  ep  29: R(t)=0.353  acc1=14.29%  acc2=14.53%  ens=14.41%  (best 20.22 @ ep 7)  [6.8s]
  ep  30: R(t)=0.353  acc1=13.30%  acc2=13.17%  ens=13.24%  (best 20.22 @ ep 7)  [12.0s]  [sel1+2: prec=0.248, recall_clean=0.250]
  ep  31: R(t)=0.353  acc1=13.74%  acc2=13.58%  ens=13.66%  (best 20.22 @ ep 7)  [15.7s]
  ep  32: R(t)=0.353  acc1=16.61%  acc2=15.61%  ens=16.11%  (best 20.22 @ ep 7)  [16.0s]
  ep  33: R(t)=0.353  acc1=16.04%  acc2=16.28%  ens=16.16%  (best 20.22 @ ep 7)  [17.0s]
  ep  34: R(t)=0.353  acc1=14.12%  acc2=13.81%  ens=13.96%  (best 20.22 @ ep 7)  [15.9s]
  ep  35: R(t)=0.353  acc1=13.69%  acc2=13.12%  ens=13.41%  (best 20.22 @ ep 7)  [15.9s]
  ep  36: R(t)=0.353  acc1=15.45%  acc2=16.60%  ens=16.02%  (best 20.22 @ ep 7)  [10.3s]
  ep  37: R(t)=0.353  acc1=15.68%  acc2=14.75%  ens=15.21%  (best 20.22 @ ep 7)  [6.3s]
  ep  38: R(t)=0.353  acc1=15.28%  acc2=14.43%  ens=14.86%  (best 20.22 @ ep 7)  [6.4s]
  ep  39: R(t)=0.353  acc1=13.94%  acc2=14.12%  ens=14.03%  (best 20.22 @ ep 7)  [6.5s]
  ep  40: R(t)=0.353  acc1=13.41%  acc2=13.91%  ens=13.66%  (best 20.22 @ ep 7)  [6.5s]
  ep  41: R(t)=0.353  acc1=15.94%  acc2=16.31%  ens=16.12%  (best 20.22 @ ep 7)  [6.5s]
  ep  42: R(t)=0.353  acc1=14.38%  acc2=14.43%  ens=14.41%  (best 20.22 @ ep 7)  [6.0s]
  ep  43: R(t)=0.353  acc1=14.03%  acc2=15.19%  ens=14.61%  (best 20.22 @ ep 7)  [6.3s]
  ep  44: R(t)=0.353  acc1=13.48%  acc2=13.45%  ens=13.46%  (best 20.22 @ ep 7)  [6.2s]
  ep  45: R(t)=0.353  acc1=16.58%  acc2=15.77%  ens=16.18%  (best 20.22 @ ep 7)  [6.2s]
  ep  46: R(t)=0.353  acc1=14.56%  acc2=14.15%  ens=14.36%  (best 20.22 @ ep 7)  [12.5s]
  ep  47: R(t)=0.353  acc1=15.18%  acc2=15.05%  ens=15.12%  (best 20.22 @ ep 7)  [16.9s]
  ep  48: R(t)=0.353  acc1=14.80%  acc2=14.78%  ens=14.79%  (best 20.22 @ ep 7)  [18.2s]
  ep  49: R(t)=0.353  acc1=13.22%  acc2=13.72%  ens=13.47%  (best 20.22 @ ep 7)  [17.2s]
  ep  50: R(t)=0.353  acc1=13.02%  acc2=12.19%  ens=12.61%  (best 20.22 @ ep 7)  [24.7s]  [sel1+2: prec=0.225, recall_clean=0.229]
  ep  51: R(t)=0.353  acc1=13.29%  acc2=13.77%  ens=13.53%  (best 20.22 @ ep 7)  [16.7s]
  ep  52: R(t)=0.353  acc1=14.49%  acc2=14.14%  ens=14.31%  (best 20.22 @ ep 7)  [17.6s]
  ep  53: R(t)=0.353  acc1=15.56%  acc2=15.33%  ens=15.44%  (best 20.22 @ ep 7)  [16.7s]
  ep  54: R(t)=0.353  acc1=16.05%  acc2=15.95%  ens=16.00%  (best 20.22 @ ep 7)  [15.9s]
  ep  55: R(t)=0.353  acc1=16.66%  acc2=16.73%  ens=16.70%  (best 20.22 @ ep 7)  [16.2s]
  ep  56: R(t)=0.353  acc1=15.12%  acc2=15.13%  ens=15.12%  (best 20.22 @ ep 7)  [18.1s]
  ep  57: R(t)=0.353  acc1=13.10%  acc2=13.39%  ens=13.25%  (best 20.22 @ ep 7)  [19.3s]
  ep  58: R(t)=0.353  acc1=14.79%  acc2=15.51%  ens=15.15%  (best 20.22 @ ep 7)  [18.6s]
  ep  59: R(t)=0.353  acc1=15.35%  acc2=15.24%  ens=15.29%  (best 20.22 @ ep 7)  [18.4s]
  ep  60: R(t)=0.353  acc1=15.43%  acc2=15.63%  ens=15.53%  (best 20.22 @ ep 7)  [17.9s]
  ep  61: R(t)=0.353  acc1=14.84%  acc2=14.68%  ens=14.76%  (best 20.22 @ ep 7)  [16.9s]
  ep  62: R(t)=0.353  acc1=14.51%  acc2=14.80%  ens=14.66%  (best 20.22 @ ep 7)  [17.0s]
  ep  63: R(t)=0.353  acc1=14.92%  acc2=15.19%  ens=15.06%  (best 20.22 @ ep 7)  [17.4s]
  ep  64: R(t)=0.353  acc1=14.88%  acc2=14.89%  ens=14.88%  (best 20.22 @ ep 7)  [18.6s]
  ep  65: R(t)=0.353  acc1=15.48%  acc2=15.18%  ens=15.33%  (best 20.22 @ ep 7)  [17.3s]
  ep  66: R(t)=0.353  acc1=13.69%  acc2=15.37%  ens=14.53%  (best 20.22 @ ep 7)  [19.8s]
  ep  67: R(t)=0.353  acc1=15.11%  acc2=15.10%  ens=15.11%  (best 20.22 @ ep 7)  [18.1s]
  ep  68: R(t)=0.353  acc1=15.21%  acc2=15.16%  ens=15.19%  (best 20.22 @ ep 7)  [15.1s]
  ep  69: R(t)=0.353  acc1=14.69%  acc2=14.53%  ens=14.61%  (best 20.22 @ ep 7)  [6.3s]
  ep  70: R(t)=0.353  acc1=14.59%  acc2=14.57%  ens=14.58%  (best 20.22 @ ep 7)  [6.3s]
  ep  71: R(t)=0.353  acc1=14.25%  acc2=13.93%  ens=14.09%  (best 20.22 @ ep 7)  [6.2s]
  ep  72: R(t)=0.353  acc1=14.63%  acc2=14.77%  ens=14.70%  (best 20.22 @ ep 7)  [6.4s]
  ep  73: R(t)=0.353  acc1=14.53%  acc2=14.61%  ens=14.57%  (best 20.22 @ ep 7)  [6.6s]
  ep  74: R(t)=0.353  acc1=14.07%  acc2=14.10%  ens=14.08%  (best 20.22 @ ep 7)  [6.5s]
  ep  75: R(t)=0.353  acc1=14.19%  acc2=14.17%  ens=14.18%  (best 20.22 @ ep 7)  [9.8s]  [sel1+2: prec=0.233, recall_clean=0.233]
  ep  76: R(t)=0.353  acc1=14.27%  acc2=13.94%  ens=14.11%  (best 20.22 @ ep 7)  [6.2s]
  ep  77: R(t)=0.353  acc1=15.45%  acc2=15.46%  ens=15.46%  (best 20.22 @ ep 7)  [7.1s]
  ep  78: R(t)=0.353  acc1=14.43%  acc2=14.95%  ens=14.69%  (best 20.22 @ ep 7)  [16.1s]
  ep  79: R(t)=0.353  acc1=14.36%  acc2=14.40%  ens=14.38%  (best 20.22 @ ep 7)  [15.9s]
  ep  80: R(t)=0.353  acc1=14.30%  acc2=14.33%  ens=14.31%  (best 20.22 @ ep 7)  [9.9s]
  ep  81: R(t)=0.353  acc1=14.10%  acc2=14.08%  ens=14.09%  (best 20.22 @ ep 7)  [6.4s]
  ep  82: R(t)=0.353  acc1=14.05%  acc2=14.05%  ens=14.05%  (best 20.22 @ ep 7)  [6.4s]
  ep  83: R(t)=0.353  acc1=14.75%  acc2=14.79%  ens=14.77%  (best 20.22 @ ep 7)  [6.4s]
  ep  84: R(t)=0.353  acc1=14.26%  acc2=14.28%  ens=14.27%  (best 20.22 @ ep 7)  [6.4s]
  ep  85: R(t)=0.353  acc1=14.25%  acc2=14.25%  ens=14.25%  (best 20.22 @ ep 7)  [6.4s]
  ep  86: R(t)=0.353  acc1=14.11%  acc2=14.12%  ens=14.12%  (best 20.22 @ ep 7)  [6.5s]
  ep  87: R(t)=0.353  acc1=14.27%  acc2=14.30%  ens=14.28%  (best 20.22 @ ep 7)  [6.5s]
  ep  88: R(t)=0.353  acc1=14.39%  acc2=14.41%  ens=14.40%  (best 20.22 @ ep 7)  [6.3s]
  ep  89: R(t)=0.353  acc1=14.67%  acc2=14.56%  ens=14.62%  (best 20.22 @ ep 7)  [6.5s]
  ep  90: R(t)=0.353  acc1=14.87%  acc2=14.81%  ens=14.84%  (best 20.22 @ ep 7)  [15.6s]
  ep  91: R(t)=0.353  acc1=15.16%  acc2=14.97%  ens=15.07%  (best 20.22 @ ep 7)  [16.7s]
  ep  92: R(t)=0.353  acc1=15.27%  acc2=15.15%  ens=15.21%  (best 20.22 @ ep 7)  [17.4s]
  ep  93: R(t)=0.353  acc1=15.05%  acc2=15.00%  ens=15.02%  (best 20.22 @ ep 7)  [17.5s]
  ep  94: R(t)=0.353  acc1=14.82%  acc2=14.83%  ens=14.82%  (best 20.22 @ ep 7)  [15.8s]
  ep  95: R(t)=0.353  acc1=14.82%  acc2=14.76%  ens=14.79%  (best 20.22 @ ep 7)  [16.4s]
  ep  96: R(t)=0.353  acc1=15.26%  acc2=15.18%  ens=15.22%  (best 20.22 @ ep 7)  [16.6s]
  ep  97: R(t)=0.353  acc1=15.29%  acc2=15.22%  ens=15.26%  (best 20.22 @ ep 7)  [16.8s]
  ep  98: R(t)=0.353  acc1=15.01%  acc2=14.94%  ens=14.97%  (best 20.22 @ ep 7)  [17.7s]
  ep  99: R(t)=0.353  acc1=15.29%  acc2=15.23%  ens=15.26%  (best 20.22 @ ep 7)  [25.2s]  [sel1+2: prec=0.238, recall_clean=0.237]

saved /path/to/ciln-workspace/journal_edition/robustness_transfer/results_v4/coteaching/ours_v2_clean__glass_blur_sev3__seed2.json: best ens-acc 20.22% @ ep 7
