condition=ours_v2_clean__frost_sev1 seed=2 gpu=1
/path/to/ciln-workspace/venv/lib/python3.12/site-packages/torchvision/datasets/cifar.py:83: VisibleDeprecationWarning: dtype(): align should be passed as Python or NumPy boolean but got `align=0`. Did you mean to pass a tuple to create a subarray type? (Deprecated NumPy 2.4)
  entry = pickle.load(f, encoding="latin1")
image_source=clean  N_train=22500  noise_rate=10.16%
  ep   0: acc1=31.30%  acc2=38.19%  ens=34.75%  (best 34.75 @ ep 0)  [24.1s]
  ep   1: acc1=48.70%  acc2=44.12%  ens=46.41%  (best 46.41 @ ep 1)  [29.2s]
  ep   2: acc1=60.69%  acc2=52.75%  ens=56.72%  (best 56.72 @ ep 2)  [25.0s]
  ep   3: acc1=58.20%  acc2=54.05%  ens=56.12%  (best 56.72 @ ep 2)  [16.3s]
  ep   4: acc1=59.87%  acc2=52.23%  ens=56.05%  (best 56.72 @ ep 2)  [7.4s]
  ep   5: acc1=66.03%  acc2=64.91%  ens=65.47%  (best 65.47 @ ep 5)  [11.1s]  [w on clean=0.799, on noisy=0.428]
  ep   6: acc1=69.50%  acc2=66.67%  ens=68.08%  (best 68.08 @ ep 6)  [7.4s]
  ep   7: acc1=69.91%  acc2=68.04%  ens=68.98%  (best 68.98 @ ep 7)  [7.5s]
  ep   8: acc1=67.05%  acc2=64.51%  ens=65.78%  (best 68.98 @ ep 7)  [7.3s]
  ep   9: acc1=72.10%  acc2=71.63%  ens=71.86%  (best 71.86 @ ep 9)  [7.4s]
  ep  10: acc1=51.16%  acc2=44.30%  ens=47.73%  (best 71.86 @ ep 9)  [76.3s]  [w on clean=0.677, on noisy=0.394]
  ep  11: acc1=44.89%  acc2=37.96%  ens=41.42%  (best 71.86 @ ep 9)  [37.3s]
  ep  12: acc1=35.10%  acc2=30.44%  ens=32.77%  (best 71.86 @ ep 9)  [36.0s]
  ep  13: acc1=29.97%  acc2=28.51%  ens=29.24%  (best 71.86 @ ep 9)  [154.0s]
  ep  14: acc1=31.80%  acc2=34.71%  ens=33.26%  (best 71.86 @ ep 9)  [90.1s]
  ep  15: acc1=37.24%  acc2=32.73%  ens=34.98%  (best 71.86 @ ep 9)  [94.4s]
  ep  16: acc1=40.20%  acc2=35.33%  ens=37.77%  (best 71.86 @ ep 9)  [49.6s]
  ep  17: acc1=38.00%  acc2=38.03%  ens=38.02%  (best 71.86 @ ep 9)  [238.9s]
  ep  18: acc1=42.04%  acc2=48.29%  ens=45.16%  (best 71.86 @ ep 9)  [107.4s]
  ep  19: acc1=45.22%  acc2=40.62%  ens=42.92%  (best 71.86 @ ep 9)  [97.4s]
  ep  20: acc1=44.05%  acc2=41.13%  ens=42.59%  (best 71.86 @ ep 9)  [46.8s]  [w on clean=0.909, on noisy=0.885]
  ep  21: acc1=41.08%  acc2=46.24%  ens=43.66%  (best 71.86 @ ep 9)  [75.8s]
  ep  22: acc1=46.75%  acc2=40.88%  ens=43.82%  (best 71.86 @ ep 9)  [68.9s]
  ep  23: acc1=44.03%  acc2=42.80%  ens=43.42%  (best 71.86 @ ep 9)  [45.2s]
  ep  24: acc1=38.28%  acc2=46.46%  ens=42.37%  (best 71.86 @ ep 9)  [154.5s]
  ep  25: acc1=49.63%  acc2=45.71%  ens=47.67%  (best 71.86 @ ep 9)  [131.8s]
  ep  26: acc1=53.25%  acc2=48.05%  ens=50.65%  (best 71.86 @ ep 9)  [45.8s]
  ep  27: acc1=43.58%  acc2=47.17%  ens=45.38%  (best 71.86 @ ep 9)  [94.7s]
  ep  28: acc1=45.90%  acc2=44.03%  ens=44.96%  (best 71.86 @ ep 9)  [161.9s]
  ep  29: acc1=51.81%  acc2=47.19%  ens=49.50%  (best 71.86 @ ep 9)  [44.6s]
  ep  30: acc1=49.91%  acc2=52.57%  ens=51.24%  (best 71.86 @ ep 9)  [123.2s]  [w on clean=0.909, on noisy=0.882]
  ep  31: acc1=45.45%  acc2=51.91%  ens=48.68%  (best 71.86 @ ep 9)  [94.0s]
  ep  32: acc1=52.62%  acc2=52.33%  ens=52.48%  (best 71.86 @ ep 9)  [45.2s]
  ep  33: acc1=48.97%  acc2=46.83%  ens=47.90%  (best 71.86 @ ep 9)  [75.2s]
  ep  34: acc1=49.62%  acc2=54.18%  ens=51.90%  (best 71.86 @ ep 9)  [50.4s]
  ep  35: acc1=49.05%  acc2=45.30%  ens=47.17%  (best 71.86 @ ep 9)  [44.1s]
  ep  36: acc1=50.08%  acc2=47.75%  ens=48.91%  (best 71.86 @ ep 9)  [48.8s]
  ep  37: acc1=54.14%  acc2=49.98%  ens=52.06%  (best 71.86 @ ep 9)  [49.7s]
  ep  38: acc1=50.96%  acc2=50.93%  ens=50.94%  (best 71.86 @ ep 9)  [120.5s]
  ep  39: acc1=55.38%  acc2=48.27%  ens=51.82%  (best 71.86 @ ep 9)  [44.9s]
  ep  40: acc1=54.32%  acc2=49.64%  ens=51.98%  (best 71.86 @ ep 9)  [108.9s]
  ep  41: acc1=56.34%  acc2=50.19%  ens=53.27%  (best 71.86 @ ep 9)  [68.3s]
  ep  42: acc1=54.19%  acc2=53.79%  ens=53.99%  (best 71.86 @ ep 9)  [44.2s]
  ep  43: acc1=54.02%  acc2=51.40%  ens=52.71%  (best 71.86 @ ep 9)  [113.0s]
  ep  44: acc1=51.61%  acc2=53.81%  ens=52.71%  (best 71.86 @ ep 9)  [52.9s]
  ep  45: acc1=55.13%  acc2=54.37%  ens=54.75%  (best 71.86 @ ep 9)  [44.9s]
  ep  46: acc1=53.30%  acc2=49.06%  ens=51.18%  (best 71.86 @ ep 9)  [48.2s]
  ep  47: acc1=54.55%  acc2=51.64%  ens=53.10%  (best 71.86 @ ep 9)  [78.8s]
  ep  48: acc1=51.88%  acc2=55.41%  ens=53.65%  (best 71.86 @ ep 9)  [44.6s]
  ep  49: acc1=55.11%  acc2=52.39%  ens=53.75%  (best 71.86 @ ep 9)  [59.0s]
  ep  50: acc1=53.05%  acc2=52.11%  ens=52.58%  (best 71.86 @ ep 9)  [72.3s]  [w on clean=0.909, on noisy=0.881]
  ep  51: acc1=54.68%  acc2=50.48%  ens=52.58%  (best 71.86 @ ep 9)  [95.6s]
  ep  52: acc1=54.27%  acc2=53.41%  ens=53.84%  (best 71.86 @ ep 9)  [45.0s]
  ep  53: acc1=56.12%  acc2=56.09%  ens=56.11%  (best 71.86 @ ep 9)  [122.0s]
  ep  54: acc1=57.03%  acc2=56.32%  ens=56.68%  (best 71.86 @ ep 9)  [45.2s]
  ep  55: acc1=55.70%  acc2=54.84%  ens=55.27%  (best 71.86 @ ep 9)  [44.5s]
  ep  56: acc1=53.07%  acc2=56.31%  ens=54.69%  (best 71.86 @ ep 9)  [56.9s]
  ep  57: acc1=58.76%  acc2=54.96%  ens=56.86%  (best 71.86 @ ep 9)  [46.3s]
  ep  58: acc1=55.81%  acc2=55.07%  ens=55.44%  (best 71.86 @ ep 9)  [84.8s]
  ep  59: acc1=54.94%  acc2=54.68%  ens=54.81%  (best 71.86 @ ep 9)  [45.4s]
  ep  60: acc1=58.75%  acc2=56.62%  ens=57.69%  (best 71.86 @ ep 9)  [68.9s]
  ep  61: acc1=56.02%  acc2=57.58%  ens=56.80%  (best 71.86 @ ep 9)  [46.5s]
  ep  62: acc1=58.73%  acc2=57.85%  ens=58.29%  (best 71.86 @ ep 9)  [45.6s]
  ep  63: acc1=59.00%  acc2=53.68%  ens=56.34%  (best 71.86 @ ep 9)  [54.4s]
  ep  64: acc1=59.22%  acc2=56.40%  ens=57.81%  (best 71.86 @ ep 9)  [118.4s]
  ep  65: acc1=56.72%  acc2=58.36%  ens=57.54%  (best 71.86 @ ep 9)  [45.4s]
  ep  66: acc1=56.91%  acc2=56.97%  ens=56.94%  (best 71.86 @ ep 9)  [220.8s]
  ep  67: acc1=55.25%  acc2=55.26%  ens=55.25%  (best 71.86 @ ep 9)  [104.9s]
  ep  68: acc1=57.95%  acc2=56.21%  ens=57.08%  (best 71.86 @ ep 9)  [43.4s]
  ep  69: acc1=56.69%  acc2=56.05%  ens=56.37%  (best 71.86 @ ep 9)  [95.2s]
  ep  70: acc1=56.39%  acc2=54.11%  ens=55.25%  (best 71.86 @ ep 9)  [61.3s]
  ep  71: acc1=58.02%  acc2=59.62%  ens=58.82%  (best 71.86 @ ep 9)  [88.5s]
  ep  72: acc1=55.90%  acc2=58.55%  ens=57.23%  (best 71.86 @ ep 9)  [46.2s]
  ep  73: acc1=59.05%  acc2=58.74%  ens=58.90%  (best 71.86 @ ep 9)  [68.4s]
  ep  74: acc1=59.58%  acc2=60.33%  ens=59.96%  (best 71.86 @ ep 9)  [46.9s]
  ep  75: acc1=57.26%  acc2=60.88%  ens=59.07%  (best 71.86 @ ep 9)  [109.5s]  [w on clean=0.909, on noisy=0.883]
  ep  76: acc1=58.02%  acc2=56.91%  ens=57.47%  (best 71.86 @ ep 9)  [43.5s]
  ep  77: acc1=59.95%  acc2=60.03%  ens=59.99%  (best 71.86 @ ep 9)  [45.0s]
  ep  78: acc1=57.74%  acc2=58.99%  ens=58.37%  (best 71.86 @ ep 9)  [97.4s]
  ep  79: acc1=58.76%  acc2=61.10%  ens=59.93%  (best 71.86 @ ep 9)  [58.4s]
  ep  80: acc1=60.09%  acc2=60.41%  ens=60.25%  (best 71.86 @ ep 9)  [46.2s]
  ep  81: acc1=59.00%  acc2=59.57%  ens=59.28%  (best 71.86 @ ep 9)  [63.1s]
  ep  82: acc1=60.17%  acc2=59.16%  ens=59.66%  (best 71.86 @ ep 9)  [87.3s]
  ep  83: acc1=60.17%  acc2=59.36%  ens=59.77%  (best 71.86 @ ep 9)  [51.5s]
  ep  84: acc1=59.28%  acc2=61.08%  ens=60.18%  (best 71.86 @ ep 9)  [88.5s]
  ep  85: acc1=58.45%  acc2=58.75%  ens=58.60%  (best 71.86 @ ep 9)  [47.6s]
  ep  86: acc1=60.53%  acc2=59.26%  ens=59.89%  (best 71.86 @ ep 9)  [43.8s]
  ep  87: acc1=59.98%  acc2=59.40%  ens=59.69%  (best 71.86 @ ep 9)  [49.0s]
  ep  88: acc1=60.43%  acc2=60.99%  ens=60.71%  (best 71.86 @ ep 9)  [51.7s]
  ep  89: acc1=61.22%  acc2=60.34%  ens=60.78%  (best 71.86 @ ep 9)  [161.4s]
  ep  90: acc1=60.05%  acc2=60.27%  ens=60.16%  (best 71.86 @ ep 9)  [43.1s]
  ep  91: acc1=60.62%  acc2=60.26%  ens=60.44%  (best 71.86 @ ep 9)  [43.9s]
  ep  92: acc1=60.57%  acc2=60.26%  ens=60.41%  (best 71.86 @ ep 9)  [83.6s]
  ep  93: acc1=60.60%  acc2=60.36%  ens=60.48%  (best 71.86 @ ep 9)  [43.5s]
  ep  94: acc1=60.12%  acc2=60.44%  ens=60.28%  (best 71.86 @ ep 9)  [78.5s]
  ep  95: acc1=60.84%  acc2=59.50%  ens=60.17%  (best 71.86 @ ep 9)  [69.5s]
  ep  96: acc1=60.45%  acc2=60.35%  ens=60.40%  (best 71.86 @ ep 9)  [46.4s]
  ep  97: acc1=60.49%  acc2=60.72%  ens=60.60%  (best 71.86 @ ep 9)  [95.5s]
  ep  98: acc1=60.62%  acc2=60.29%  ens=60.45%  (best 71.86 @ ep 9)  [61.9s]
  ep  99: acc1=60.81%  acc2=60.34%  ens=60.58%  (best 71.86 @ ep 9)  [53.8s]  [w on clean=0.909, on noisy=0.882]

saved /path/to/ciln-workspace/journal_edition/robustness_transfer/results_v4/dividemix/ours_v2_clean__frost_sev1__seed2.json: best ens-acc 71.86% @ ep 9
