condition=ours_v2_clean__pixelate_sev1 seed=0 gpu=1
/path/to/ciln-workspace/venv/lib/python3.12/site-packages/torchvision/datasets/cifar.py:83: VisibleDeprecationWarning: dtype(): align should be passed as Python or NumPy boolean but got `align=0`. Did you mean to pass a tuple to create a subarray type? (Deprecated NumPy 2.4)
  entry = pickle.load(f, encoding="latin1")
image_source=clean  N_train=22500  noise_rate=11.68%
  ep   0: acc1=34.48%  acc2=35.54%  ens=35.01%  (best 35.01 @ ep 0)  [8.6s]
  ep   1: acc1=41.79%  acc2=46.71%  ens=44.25%  (best 44.25 @ ep 1)  [7.2s]
  ep   2: acc1=49.40%  acc2=55.19%  ens=52.30%  (best 52.30 @ ep 2)  [7.2s]
  ep   3: acc1=61.88%  acc2=61.64%  ens=61.76%  (best 61.76 @ ep 3)  [7.5s]
  ep   4: acc1=59.38%  acc2=56.70%  ens=58.04%  (best 61.76 @ ep 3)  [7.2s]
  ep   5: acc1=64.11%  acc2=64.30%  ens=64.20%  (best 64.20 @ ep 5)  [17.8s]  [w on clean=0.808, on noisy=0.424]
  ep   6: acc1=62.06%  acc2=59.03%  ens=60.55%  (best 64.20 @ ep 5)  [28.3s]
  ep   7: acc1=58.98%  acc2=69.02%  ens=64.00%  (best 64.20 @ ep 5)  [7.2s]
  ep   8: acc1=62.78%  acc2=65.89%  ens=64.34%  (best 64.34 @ ep 8)  [7.6s]
  ep   9: acc1=71.74%  acc2=70.59%  ens=71.17%  (best 71.17 @ ep 9)  [7.5s]
  ep  10: acc1=50.37%  acc2=38.53%  ens=44.45%  (best 71.17 @ ep 9)  [61.5s]  [w on clean=0.648, on noisy=0.386]
  ep  11: acc1=30.24%  acc2=26.28%  ens=28.26%  (best 71.17 @ ep 9)  [32.3s]
  ep  12: acc1=23.86%  acc2=25.07%  ens=24.46%  (best 71.17 @ ep 9)  [27.3s]
  ep  13: acc1=23.25%  acc2=25.77%  ens=24.51%  (best 71.17 @ ep 9)  [32.7s]
  ep  14: acc1=25.47%  acc2=29.51%  ens=27.49%  (best 71.17 @ ep 9)  [30.7s]
  ep  15: acc1=29.38%  acc2=32.37%  ens=30.87%  (best 71.17 @ ep 9)  [82.7s]
  ep  16: acc1=37.91%  acc2=37.29%  ens=37.60%  (best 71.17 @ ep 9)  [32.8s]
  ep  17: acc1=35.29%  acc2=36.45%  ens=35.87%  (best 71.17 @ ep 9)  [31.2s]
  ep  18: acc1=34.40%  acc2=35.56%  ens=34.98%  (best 71.17 @ ep 9)  [30.8s]
  ep  19: acc1=35.83%  acc2=37.98%  ens=36.91%  (best 71.17 @ ep 9)  [44.4s]
  ep  20: acc1=27.86%  acc2=34.76%  ens=31.31%  (best 71.17 @ ep 9)  [36.7s]  [w on clean=0.559, on noisy=0.404]
  ep  21: acc1=41.25%  acc2=39.29%  ens=40.27%  (best 71.17 @ ep 9)  [37.6s]
  ep  22: acc1=38.07%  acc2=40.20%  ens=39.13%  (best 71.17 @ ep 9)  [47.2s]
  ep  23: acc1=45.28%  acc2=38.63%  ens=41.95%  (best 71.17 @ ep 9)  [41.1s]
  ep  24: acc1=36.51%  acc2=43.56%  ens=40.03%  (best 71.17 @ ep 9)  [110.3s]
  ep  25: acc1=43.74%  acc2=43.15%  ens=43.45%  (best 71.17 @ ep 9)  [46.8s]
  ep  26: acc1=43.39%  acc2=44.05%  ens=43.72%  (best 71.17 @ ep 9)  [164.9s]
  ep  27: acc1=48.16%  acc2=42.40%  ens=45.28%  (best 71.17 @ ep 9)  [40.8s]
  ep  28: acc1=44.02%  acc2=43.09%  ens=43.55%  (best 71.17 @ ep 9)  [46.9s]
  ep  29: acc1=43.76%  acc2=42.86%  ens=43.31%  (best 71.17 @ ep 9)  [39.8s]
  ep  30: acc1=44.75%  acc2=47.60%  ens=46.17%  (best 71.17 @ ep 9)  [110.5s]  [w on clean=0.801, on noisy=0.782]
  ep  31: acc1=46.09%  acc2=42.74%  ens=44.41%  (best 71.17 @ ep 9)  [153.0s]
  ep  32: acc1=43.96%  acc2=44.60%  ens=44.28%  (best 71.17 @ ep 9)  [41.3s]
  ep  33: acc1=46.19%  acc2=46.17%  ens=46.18%  (best 71.17 @ ep 9)  [41.3s]
  ep  34: acc1=44.09%  acc2=45.08%  ens=44.58%  (best 71.17 @ ep 9)  [39.3s]
  ep  35: acc1=48.65%  acc2=46.24%  ens=47.45%  (best 71.17 @ ep 9)  [94.9s]
  ep  36: acc1=48.37%  acc2=47.46%  ens=47.91%  (best 71.17 @ ep 9)  [46.4s]
  ep  37: acc1=51.01%  acc2=48.75%  ens=49.88%  (best 71.17 @ ep 9)  [39.6s]
  ep  38: acc1=46.07%  acc2=47.08%  ens=46.58%  (best 71.17 @ ep 9)  [121.9s]
  ep  39: acc1=46.05%  acc2=44.11%  ens=45.08%  (best 71.17 @ ep 9)  [42.7s]
  ep  40: acc1=44.81%  acc2=42.90%  ens=43.85%  (best 71.17 @ ep 9)  [45.0s]
  ep  41: acc1=44.24%  acc2=44.79%  ens=44.52%  (best 71.17 @ ep 9)  [43.1s]
  ep  42: acc1=43.94%  acc2=45.96%  ens=44.95%  (best 71.17 @ ep 9)  [38.8s]
  ep  43: acc1=44.43%  acc2=41.56%  ens=42.99%  (best 71.17 @ ep 9)  [44.3s]
  ep  44: acc1=39.86%  acc2=42.69%  ens=41.27%  (best 71.17 @ ep 9)  [51.8s]
  ep  45: acc1=40.10%  acc2=42.15%  ens=41.12%  (best 71.17 @ ep 9)  [40.1s]
  ep  46: acc1=41.41%  acc2=41.16%  ens=41.29%  (best 71.17 @ ep 9)  [69.5s]
  ep  47: acc1=41.95%  acc2=41.12%  ens=41.53%  (best 71.17 @ ep 9)  [85.5s]
  ep  48: acc1=42.60%  acc2=44.25%  ens=43.43%  (best 71.17 @ ep 9)  [40.8s]
  ep  49: acc1=38.06%  acc2=42.67%  ens=40.37%  (best 71.17 @ ep 9)  [133.8s]
  ep  50: acc1=41.35%  acc2=41.39%  ens=41.37%  (best 71.17 @ ep 9)  [44.4s]  [w on clean=0.801, on noisy=0.785]
  ep  51: acc1=45.43%  acc2=42.22%  ens=43.83%  (best 71.17 @ ep 9)  [190.4s]
  ep  52: acc1=45.88%  acc2=43.11%  ens=44.49%  (best 71.17 @ ep 9)  [39.3s]
  ep  53: acc1=42.90%  acc2=43.85%  ens=43.38%  (best 71.17 @ ep 9)  [133.1s]
  ep  54: acc1=42.37%  acc2=44.95%  ens=43.66%  (best 71.17 @ ep 9)  [38.6s]
  ep  55: acc1=43.66%  acc2=42.65%  ens=43.16%  (best 71.17 @ ep 9)  [206.7s]
  ep  56: acc1=45.27%  acc2=46.82%  ens=46.05%  (best 71.17 @ ep 9)  [41.5s]
  ep  57: acc1=46.11%  acc2=44.21%  ens=45.16%  (best 71.17 @ ep 9)  [52.3s]
  ep  58: acc1=46.35%  acc2=46.62%  ens=46.48%  (best 71.17 @ ep 9)  [112.1s]
  ep  59: acc1=45.63%  acc2=46.17%  ens=45.90%  (best 71.17 @ ep 9)  [39.1s]
  ep  60: acc1=46.22%  acc2=46.66%  ens=46.44%  (best 71.17 @ ep 9)  [43.1s]
  ep  61: acc1=45.32%  acc2=43.35%  ens=44.34%  (best 71.17 @ ep 9)  [57.8s]
  ep  62: acc1=46.31%  acc2=47.26%  ens=46.78%  (best 71.17 @ ep 9)  [40.0s]
  ep  63: acc1=46.82%  acc2=45.13%  ens=45.98%  (best 71.17 @ ep 9)  [53.6s]
  ep  64: acc1=43.49%  acc2=45.96%  ens=44.73%  (best 71.17 @ ep 9)  [38.8s]
  ep  65: acc1=45.61%  acc2=47.66%  ens=46.64%  (best 71.17 @ ep 9)  [65.2s]
  ep  66: acc1=48.26%  acc2=46.05%  ens=47.16%  (best 71.17 @ ep 9)  [60.1s]
  ep  67: acc1=46.80%  acc2=48.64%  ens=47.72%  (best 71.17 @ ep 9)  [41.6s]
  ep  68: acc1=48.41%  acc2=46.60%  ens=47.50%  (best 71.17 @ ep 9)  [98.0s]
  ep  69: acc1=48.01%  acc2=47.57%  ens=47.79%  (best 71.17 @ ep 9)  [44.5s]
  ep  70: acc1=45.70%  acc2=46.07%  ens=45.88%  (best 71.17 @ ep 9)  [94.5s]
  ep  71: acc1=47.99%  acc2=45.96%  ens=46.98%  (best 71.17 @ ep 9)  [40.1s]
  ep  72: acc1=45.68%  acc2=48.01%  ens=46.85%  (best 71.17 @ ep 9)  [40.5s]
  ep  73: acc1=45.63%  acc2=48.08%  ens=46.86%  (best 71.17 @ ep 9)  [291.3s]
  ep  74: acc1=47.99%  acc2=48.42%  ens=48.20%  (best 71.17 @ ep 9)  [63.2s]
  ep  75: acc1=47.40%  acc2=49.25%  ens=48.32%  (best 71.17 @ ep 9)  [61.5s]  [w on clean=0.801, on noisy=0.785]
  ep  76: acc1=48.29%  acc2=47.69%  ens=47.99%  (best 71.17 @ ep 9)  [42.3s]
  ep  77: acc1=48.58%  acc2=48.17%  ens=48.38%  (best 71.17 @ ep 9)  [83.4s]
  ep  78: acc1=49.11%  acc2=48.77%  ens=48.94%  (best 71.17 @ ep 9)  [54.9s]
  ep  79: acc1=48.22%  acc2=50.13%  ens=49.18%  (best 71.17 @ ep 9)  [48.5s]
  ep  80: acc1=47.26%  acc2=49.49%  ens=48.38%  (best 71.17 @ ep 9)  [49.0s]
  ep  81: acc1=48.32%  acc2=47.83%  ens=48.08%  (best 71.17 @ ep 9)  [39.3s]
  ep  82: acc1=48.75%  acc2=51.01%  ens=49.88%  (best 71.17 @ ep 9)  [59.5s]
  ep  83: acc1=49.44%  acc2=50.69%  ens=50.07%  (best 71.17 @ ep 9)  [97.3s]
  ep  84: acc1=49.49%  acc2=50.76%  ens=50.12%  (best 71.17 @ ep 9)  [44.8s]
  ep  85: acc1=49.57%  acc2=49.88%  ens=49.72%  (best 71.17 @ ep 9)  [39.6s]
  ep  86: acc1=49.45%  acc2=50.38%  ens=49.91%  (best 71.17 @ ep 9)  [51.3s]
  ep  87: acc1=50.46%  acc2=50.83%  ens=50.65%  (best 71.17 @ ep 9)  [40.1s]
  ep  88: acc1=50.15%  acc2=50.61%  ens=50.38%  (best 71.17 @ ep 9)  [62.6s]
  ep  89: acc1=49.84%  acc2=50.61%  ens=50.22%  (best 71.17 @ ep 9)  [39.4s]
  ep  90: acc1=50.47%  acc2=50.03%  ens=50.25%  (best 71.17 @ ep 9)  [180.8s]
  ep  91: acc1=50.45%  acc2=50.31%  ens=50.38%  (best 71.17 @ ep 9)  [66.2s]
  ep  92: acc1=49.72%  acc2=50.82%  ens=50.27%  (best 71.17 @ ep 9)  [40.1s]
  ep  93: acc1=50.44%  acc2=49.79%  ens=50.11%  (best 71.17 @ ep 9)  [215.3s]
  ep  94: acc1=50.01%  acc2=50.47%  ens=50.24%  (best 71.17 @ ep 9)  [365.6s]
  ep  95: acc1=50.70%  acc2=50.79%  ens=50.74%  (best 71.17 @ ep 9)  [98.8s]
  ep  96: acc1=50.10%  acc2=50.59%  ens=50.34%  (best 71.17 @ ep 9)  [42.3s]
  ep  97: acc1=50.15%  acc2=50.49%  ens=50.32%  (best 71.17 @ ep 9)  [39.4s]
  ep  98: acc1=50.64%  acc2=51.15%  ens=50.90%  (best 71.17 @ ep 9)  [103.7s]
  ep  99: acc1=49.95%  acc2=51.06%  ens=50.51%  (best 71.17 @ ep 9)  [80.9s]  [w on clean=0.801, on noisy=0.784]

saved /path/to/ciln-workspace/journal_edition/robustness_transfer/results_v4/dividemix/ours_v2_clean__pixelate_sev1__seed0.json: best ens-acc 71.17% @ ep 9
