condition=ours_v2_noisy__snow_sev3 seed=2 gpu=2
/path/to/ciln-workspace/venv/lib/python3.12/site-packages/torchvision/datasets/cifar.py:83: VisibleDeprecationWarning: dtype(): align should be passed as Python or NumPy boolean but got `align=0`. Did you mean to pass a tuple to create a subarray type? (Deprecated NumPy 2.4)
  entry = pickle.load(f, encoding="latin1")
image_source=noisy  N=22500  noise_rate=19.37%
  ep   0: loss=1.9260  test_acc=25.91%  (best 25.91 @ ep 0)  [4.4s]
  ep   1: loss=1.6558  test_acc=40.98%  (best 40.98 @ ep 1)  [3.7s]
  ep   2: loss=1.5087  test_acc=47.46%  (best 47.46 @ ep 2)  [3.5s]
  ep   3: loss=1.4035  test_acc=49.31%  (best 49.31 @ ep 3)  [3.6s]
  ep   4: loss=1.3227  test_acc=52.12%  (best 52.12 @ ep 4)  [3.5s]
  ep   5: loss=1.2473  test_acc=50.90%  (best 52.12 @ ep 4)  [5.5s]  [logged per-sample loss: mean=1.445]
  ep   6: loss=1.2147  test_acc=54.96%  (best 54.96 @ ep 6)  [3.6s]
  ep   7: loss=1.1679  test_acc=56.45%  (best 56.45 @ ep 7)  [3.7s]
  ep   8: loss=1.1167  test_acc=62.65%  (best 62.65 @ ep 8)  [3.9s]
  ep   9: loss=1.0759  test_acc=56.10%  (best 62.65 @ ep 8)  [3.8s]
  ep  10: loss=1.0467  test_acc=65.43%  (best 65.43 @ ep 10)  [5.2s]  [logged per-sample loss: mean=1.158]
  ep  11: loss=1.0217  test_acc=62.93%  (best 65.43 @ ep 10)  [3.6s]
  ep  12: loss=1.0101  test_acc=64.32%  (best 65.43 @ ep 10)  [3.6s]
  ep  13: loss=0.9780  test_acc=68.36%  (best 68.36 @ ep 13)  [3.5s]
  ep  14: loss=0.9584  test_acc=64.00%  (best 68.36 @ ep 13)  [4.8s]
  ep  15: loss=0.9509  test_acc=64.39%  (best 68.36 @ ep 13)  [9.2s]
  ep  16: loss=0.9381  test_acc=67.64%  (best 68.36 @ ep 13)  [9.5s]
  ep  17: loss=0.9333  test_acc=63.71%  (best 68.36 @ ep 13)  [8.7s]
  ep  18: loss=0.9147  test_acc=68.61%  (best 68.61 @ ep 18)  [9.5s]
  ep  19: loss=0.9110  test_acc=70.76%  (best 70.76 @ ep 19)  [3.8s]
  ep  20: loss=0.8931  test_acc=72.76%  (best 72.76 @ ep 20)  [5.2s]  [logged per-sample loss: mean=0.899]
  ep  21: loss=0.8848  test_acc=71.55%  (best 72.76 @ ep 20)  [3.6s]
  ep  22: loss=0.8684  test_acc=69.93%  (best 72.76 @ ep 20)  [3.6s]
  ep  23: loss=0.8688  test_acc=71.22%  (best 72.76 @ ep 20)  [3.8s]
  ep  24: loss=0.8590  test_acc=71.76%  (best 72.76 @ ep 20)  [3.5s]
  ep  25: loss=0.8466  test_acc=72.55%  (best 72.76 @ ep 20)  [3.8s]
  ep  26: loss=0.8413  test_acc=66.01%  (best 72.76 @ ep 20)  [3.9s]
  ep  27: loss=0.8361  test_acc=70.01%  (best 72.76 @ ep 20)  [3.8s]
  ep  28: loss=0.8383  test_acc=74.58%  (best 74.58 @ ep 28)  [3.6s]
  ep  29: loss=0.8306  test_acc=72.20%  (best 74.58 @ ep 28)  [3.6s]
  ep  30: loss=0.8172  test_acc=74.57%  (best 74.58 @ ep 28)  [5.1s]  [logged per-sample loss: mean=0.868]
  ep  31: loss=0.8110  test_acc=71.65%  (best 74.58 @ ep 28)  [3.6s]
  ep  32: loss=0.8047  test_acc=72.81%  (best 74.58 @ ep 28)  [3.5s]
  ep  33: loss=0.7970  test_acc=73.15%  (best 74.58 @ ep 28)  [3.6s]
  ep  34: loss=0.7821  test_acc=73.17%  (best 74.58 @ ep 28)  [3.7s]
  ep  35: loss=0.7835  test_acc=70.73%  (best 74.58 @ ep 28)  [6.4s]
  ep  36: loss=0.7776  test_acc=74.07%  (best 74.58 @ ep 28)  [8.1s]
  ep  37: loss=0.7695  test_acc=74.93%  (best 74.93 @ ep 37)  [8.3s]
  ep  38: loss=0.7756  test_acc=72.40%  (best 74.93 @ ep 37)  [8.9s]
  ep  39: loss=0.7576  test_acc=68.73%  (best 74.93 @ ep 37)  [8.0s]
  ep  40: loss=0.7470  test_acc=75.24%  (best 75.24 @ ep 40)  [8.6s]
  ep  41: loss=0.7415  test_acc=76.03%  (best 76.03 @ ep 41)  [8.5s]
  ep  42: loss=0.7370  test_acc=75.54%  (best 76.03 @ ep 41)  [8.4s]
  ep  43: loss=0.7348  test_acc=74.20%  (best 76.03 @ ep 41)  [8.2s]
  ep  44: loss=0.7304  test_acc=73.98%  (best 76.03 @ ep 41)  [3.6s]
  ep  45: loss=0.7090  test_acc=77.58%  (best 77.58 @ ep 45)  [3.5s]
  ep  46: loss=0.7222  test_acc=75.97%  (best 77.58 @ ep 45)  [3.6s]
  ep  47: loss=0.7053  test_acc=74.43%  (best 77.58 @ ep 45)  [3.8s]
  ep  48: loss=0.7067  test_acc=76.26%  (best 77.58 @ ep 45)  [3.8s]
  ep  49: loss=0.6899  test_acc=73.24%  (best 77.58 @ ep 45)  [3.7s]
  ep  50: loss=0.6838  test_acc=74.65%  (best 77.58 @ ep 45)  [5.3s]  [logged per-sample loss: mean=0.740]
  ep  51: loss=0.6734  test_acc=74.10%  (best 77.58 @ ep 45)  [3.7s]
  ep  52: loss=0.6738  test_acc=76.02%  (best 77.58 @ ep 45)  [3.6s]
  ep  53: loss=0.6589  test_acc=75.39%  (best 77.58 @ ep 45)  [3.6s]
  ep  54: loss=0.6503  test_acc=74.49%  (best 77.58 @ ep 45)  [3.8s]
  ep  55: loss=0.6372  test_acc=78.61%  (best 78.61 @ ep 55)  [3.6s]
  ep  56: loss=0.6266  test_acc=77.01%  (best 78.61 @ ep 55)  [3.6s]
  ep  57: loss=0.6206  test_acc=78.93%  (best 78.93 @ ep 57)  [3.6s]
  ep  58: loss=0.6202  test_acc=76.41%  (best 78.93 @ ep 57)  [3.5s]
  ep  59: loss=0.6051  test_acc=76.39%  (best 78.93 @ ep 57)  [3.7s]
  ep  60: loss=0.5939  test_acc=77.41%  (best 78.93 @ ep 57)  [4.0s]
  ep  61: loss=0.5872  test_acc=76.91%  (best 78.93 @ ep 57)  [8.0s]
  ep  62: loss=0.5697  test_acc=77.13%  (best 78.93 @ ep 57)  [8.1s]
  ep  63: loss=0.5675  test_acc=76.60%  (best 78.93 @ ep 57)  [8.4s]
  ep  64: loss=0.5584  test_acc=75.77%  (best 78.93 @ ep 57)  [8.4s]
  ep  65: loss=0.5406  test_acc=78.79%  (best 78.93 @ ep 57)  [8.3s]
  ep  66: loss=0.5349  test_acc=79.27%  (best 79.27 @ ep 66)  [8.2s]
  ep  67: loss=0.5139  test_acc=80.48%  (best 80.48 @ ep 67)  [8.4s]
  ep  68: loss=0.5016  test_acc=78.22%  (best 80.48 @ ep 67)  [8.8s]
  ep  69: loss=0.5042  test_acc=78.25%  (best 80.48 @ ep 67)  [8.9s]
  ep  70: loss=0.4774  test_acc=79.06%  (best 80.48 @ ep 67)  [8.3s]
  ep  71: loss=0.4649  test_acc=79.19%  (best 80.48 @ ep 67)  [7.9s]
  ep  72: loss=0.4503  test_acc=77.85%  (best 80.48 @ ep 67)  [8.8s]
  ep  73: loss=0.4375  test_acc=78.42%  (best 80.48 @ ep 67)  [7.9s]
  ep  74: loss=0.4255  test_acc=77.27%  (best 80.48 @ ep 67)  [8.2s]
  ep  75: loss=0.4129  test_acc=78.83%  (best 80.48 @ ep 67)  [11.6s]  [logged per-sample loss: mean=0.400]
  ep  76: loss=0.3907  test_acc=79.08%  (best 80.48 @ ep 67)  [9.1s]
  ep  77: loss=0.3794  test_acc=80.03%  (best 80.48 @ ep 67)  [9.2s]
  ep  78: loss=0.3623  test_acc=78.39%  (best 80.48 @ ep 67)  [6.6s]
  ep  79: loss=0.3430  test_acc=78.72%  (best 80.48 @ ep 67)  [3.6s]
  ep  80: loss=0.3295  test_acc=79.02%  (best 80.48 @ ep 67)  [3.7s]
  ep  81: loss=0.3135  test_acc=79.39%  (best 80.48 @ ep 67)  [3.6s]
  ep  82: loss=0.2952  test_acc=80.56%  (best 80.56 @ ep 82)  [3.5s]
  ep  83: loss=0.2791  test_acc=80.15%  (best 80.56 @ ep 82)  [3.8s]
  ep  84: loss=0.2614  test_acc=79.70%  (best 80.56 @ ep 82)  [3.7s]
  ep  85: loss=0.2549  test_acc=79.65%  (best 80.56 @ ep 82)  [3.5s]
  ep  86: loss=0.2356  test_acc=80.47%  (best 80.56 @ ep 82)  [3.6s]
  ep  87: loss=0.2210  test_acc=79.80%  (best 80.56 @ ep 82)  [3.6s]
  ep  88: loss=0.2094  test_acc=80.40%  (best 80.56 @ ep 82)  [3.7s]
  ep  89: loss=0.1990  test_acc=80.47%  (best 80.56 @ ep 82)  [3.8s]
  ep  90: loss=0.1881  test_acc=80.74%  (best 80.74 @ ep 90)  [3.8s]
  ep  91: loss=0.1787  test_acc=80.82%  (best 80.82 @ ep 91)  [3.9s]
  ep  92: loss=0.1773  test_acc=81.01%  (best 81.01 @ ep 92)  [3.9s]
  ep  93: loss=0.1655  test_acc=80.63%  (best 81.01 @ ep 92)  [3.7s]
  ep  94: loss=0.1609  test_acc=80.74%  (best 81.01 @ ep 92)  [3.6s]
  ep  95: loss=0.1525  test_acc=81.10%  (best 81.10 @ ep 95)  [8.3s]
  ep  96: loss=0.1554  test_acc=80.86%  (best 81.10 @ ep 95)  [8.4s]
  ep  97: loss=0.1502  test_acc=80.91%  (best 81.10 @ ep 95)  [9.0s]
  ep  98: loss=0.1499  test_acc=80.77%  (best 81.10 @ ep 95)  [8.6s]
  ep  99: loss=0.1552  test_acc=80.80%  (best 81.10 @ ep 95)  [11.5s]  [logged per-sample loss: mean=0.117]

saved /path/to/ciln-workspace/journal_edition/robustness_transfer/results_v4/erm/ours_v2_noisy__snow_sev3__seed2.json: best 81.10% @ ep 95
