condition=ours_v2_clean__elastic_transform_sev3 seed=0 gpu=1
/path/to/ciln-workspace/venv/lib/python3.12/site-packages/torchvision/datasets/cifar.py:83: VisibleDeprecationWarning: dtype(): align should be passed as Python or NumPy boolean but got `align=0`. Did you mean to pass a tuple to create a subarray type? (Deprecated NumPy 2.4)
  entry = pickle.load(f, encoding="latin1")
image_source=clean  N=22500  noise_rate=17.52%
  ep   0: R(t)=1.000  acc1=24.80%  acc2=30.25%  ens=27.52%  (best 27.52 @ ep 0)  [7.5s]
  ep   1: R(t)=0.945  acc1=42.20%  acc2=39.96%  ens=41.08%  (best 41.08 @ ep 1)  [6.6s]
  ep   2: R(t)=0.922  acc1=50.63%  acc2=43.87%  ens=47.25%  (best 47.25 @ ep 2)  [6.5s]
  ep   3: R(t)=0.904  acc1=52.38%  acc2=54.24%  ens=53.31%  (best 53.31 @ ep 3)  [6.3s]
  ep   4: R(t)=0.889  acc1=50.58%  acc2=55.48%  ens=53.03%  (best 53.31 @ ep 3)  [6.2s]
  ep   5: R(t)=0.876  acc1=55.20%  acc2=55.12%  ens=55.16%  (best 55.16 @ ep 5)  [10.2s]  [sel1+2: prec=0.853, recall_clean=0.936]
  ep   6: R(t)=0.864  acc1=58.77%  acc2=62.02%  ens=60.39%  (best 60.39 @ ep 6)  [6.5s]
  ep   7: R(t)=0.853  acc1=63.98%  acc2=62.01%  ens=63.00%  (best 63.00 @ ep 7)  [7.4s]
  ep   8: R(t)=0.843  acc1=62.01%  acc2=54.12%  ens=58.06%  (best 63.00 @ ep 7)  [18.7s]
  ep   9: R(t)=0.834  acc1=63.58%  acc2=66.57%  ens=65.07%  (best 65.07 @ ep 9)  [18.6s]
  ep  10: R(t)=0.825  acc1=55.86%  acc2=60.42%  ens=58.14%  (best 65.07 @ ep 9)  [23.0s]  [sel1+2: prec=0.877, recall_clean=0.921]
  ep  11: R(t)=0.825  acc1=55.54%  acc2=63.79%  ens=59.66%  (best 65.07 @ ep 9)  [18.3s]
  ep  12: R(t)=0.825  acc1=61.65%  acc2=64.98%  ens=63.32%  (best 65.07 @ ep 9)  [20.2s]
  ep  13: R(t)=0.825  acc1=63.28%  acc2=67.54%  ens=65.41%  (best 65.41 @ ep 13)  [18.3s]
  ep  14: R(t)=0.825  acc1=70.22%  acc2=63.31%  ens=66.77%  (best 66.77 @ ep 14)  [18.7s]
  ep  15: R(t)=0.825  acc1=66.87%  acc2=65.37%  ens=66.12%  (best 66.77 @ ep 14)  [17.2s]
  ep  16: R(t)=0.825  acc1=72.24%  acc2=63.49%  ens=67.86%  (best 67.86 @ ep 16)  [19.2s]
  ep  17: R(t)=0.825  acc1=67.86%  acc2=66.72%  ens=67.29%  (best 67.86 @ ep 16)  [13.3s]
  ep  18: R(t)=0.825  acc1=68.50%  acc2=71.31%  ens=69.91%  (best 69.91 @ ep 18)  [6.6s]
  ep  19: R(t)=0.825  acc1=71.96%  acc2=66.10%  ens=69.03%  (best 69.91 @ ep 18)  [6.6s]
  ep  20: R(t)=0.825  acc1=69.31%  acc2=66.36%  ens=67.84%  (best 69.91 @ ep 18)  [10.0s]  [sel1+2: prec=0.889, recall_clean=0.935]
  ep  21: R(t)=0.825  acc1=72.05%  acc2=66.97%  ens=69.51%  (best 69.91 @ ep 18)  [6.3s]
  ep  22: R(t)=0.825  acc1=68.33%  acc2=67.22%  ens=67.78%  (best 69.91 @ ep 18)  [6.2s]
  ep  23: R(t)=0.825  acc1=71.88%  acc2=70.18%  ens=71.03%  (best 71.03 @ ep 23)  [6.6s]
  ep  24: R(t)=0.825  acc1=71.19%  acc2=72.76%  ens=71.97%  (best 71.97 @ ep 24)  [6.4s]
  ep  25: R(t)=0.825  acc1=73.80%  acc2=74.16%  ens=73.98%  (best 73.98 @ ep 25)  [6.5s]
  ep  26: R(t)=0.825  acc1=68.37%  acc2=68.36%  ens=68.36%  (best 73.98 @ ep 25)  [14.2s]
  ep  27: R(t)=0.825  acc1=69.57%  acc2=74.09%  ens=71.83%  (best 73.98 @ ep 25)  [15.6s]
  ep  28: R(t)=0.825  acc1=69.25%  acc2=73.76%  ens=71.50%  (best 73.98 @ ep 25)  [6.4s]
  ep  29: R(t)=0.825  acc1=70.59%  acc2=71.55%  ens=71.07%  (best 73.98 @ ep 25)  [6.5s]
  ep  30: R(t)=0.825  acc1=68.10%  acc2=62.42%  ens=65.26%  (best 73.98 @ ep 25)  [10.0s]  [sel1+2: prec=0.894, recall_clean=0.938]
  ep  31: R(t)=0.825  acc1=72.37%  acc2=68.98%  ens=70.67%  (best 73.98 @ ep 25)  [6.2s]
  ep  32: R(t)=0.825  acc1=74.01%  acc2=72.91%  ens=73.46%  (best 73.98 @ ep 25)  [6.4s]
  ep  33: R(t)=0.825  acc1=76.92%  acc2=71.03%  ens=73.98%  (best 73.98 @ ep 25)  [6.4s]
  ep  34: R(t)=0.825  acc1=73.78%  acc2=74.59%  ens=74.19%  (best 74.19 @ ep 34)  [6.2s]
  ep  35: R(t)=0.825  acc1=72.62%  acc2=71.86%  ens=72.24%  (best 74.19 @ ep 34)  [6.3s]
  ep  36: R(t)=0.825  acc1=73.75%  acc2=72.97%  ens=73.36%  (best 74.19 @ ep 34)  [7.7s]
  ep  37: R(t)=0.825  acc1=75.41%  acc2=71.97%  ens=73.69%  (best 74.19 @ ep 34)  [19.4s]
  ep  38: R(t)=0.825  acc1=76.01%  acc2=73.71%  ens=74.86%  (best 74.86 @ ep 38)  [17.2s]
  ep  39: R(t)=0.825  acc1=70.62%  acc2=70.12%  ens=70.37%  (best 74.86 @ ep 38)  [17.9s]
  ep  40: R(t)=0.825  acc1=68.79%  acc2=68.68%  ens=68.73%  (best 74.86 @ ep 38)  [17.1s]
  ep  41: R(t)=0.825  acc1=71.33%  acc2=67.97%  ens=69.65%  (best 74.86 @ ep 38)  [6.3s]
  ep  42: R(t)=0.825  acc1=74.06%  acc2=75.42%  ens=74.74%  (best 74.86 @ ep 38)  [6.4s]
  ep  43: R(t)=0.825  acc1=75.56%  acc2=75.32%  ens=75.44%  (best 75.44 @ ep 43)  [6.3s]
  ep  44: R(t)=0.825  acc1=76.33%  acc2=73.88%  ens=75.11%  (best 75.44 @ ep 43)  [6.3s]
  ep  45: R(t)=0.825  acc1=75.65%  acc2=73.57%  ens=74.61%  (best 75.44 @ ep 43)  [6.6s]
  ep  46: R(t)=0.825  acc1=69.78%  acc2=70.24%  ens=70.01%  (best 75.44 @ ep 43)  [6.6s]
  ep  47: R(t)=0.825  acc1=76.37%  acc2=76.91%  ens=76.64%  (best 76.64 @ ep 47)  [6.2s]
  ep  48: R(t)=0.825  acc1=76.49%  acc2=76.72%  ens=76.61%  (best 76.64 @ ep 47)  [6.5s]
  ep  49: R(t)=0.825  acc1=72.92%  acc2=72.83%  ens=72.88%  (best 76.64 @ ep 47)  [6.5s]
  ep  50: R(t)=0.825  acc1=76.26%  acc2=73.97%  ens=75.11%  (best 76.64 @ ep 47)  [11.8s]  [sel1+2: prec=0.903, recall_clean=0.944]
  ep  51: R(t)=0.825  acc1=75.99%  acc2=75.80%  ens=75.89%  (best 76.64 @ ep 47)  [6.6s]
  ep  52: R(t)=0.825  acc1=77.36%  acc2=77.43%  ens=77.39%  (best 77.39 @ ep 52)  [6.8s]
  ep  53: R(t)=0.825  acc1=77.12%  acc2=77.25%  ens=77.18%  (best 77.39 @ ep 52)  [6.5s]
  ep  54: R(t)=0.825  acc1=77.77%  acc2=78.04%  ens=77.91%  (best 77.91 @ ep 54)  [6.5s]
  ep  55: R(t)=0.825  acc1=75.13%  acc2=76.84%  ens=75.98%  (best 77.91 @ ep 54)  [6.6s]
  ep  56: R(t)=0.825  acc1=78.52%  acc2=78.31%  ens=78.42%  (best 78.42 @ ep 56)  [6.3s]
  ep  57: R(t)=0.825  acc1=79.82%  acc2=76.21%  ens=78.02%  (best 78.42 @ ep 56)  [6.4s]
  ep  58: R(t)=0.825  acc1=80.44%  acc2=77.14%  ens=78.79%  (best 78.79 @ ep 58)  [6.2s]
  ep  59: R(t)=0.825  acc1=77.67%  acc2=77.37%  ens=77.52%  (best 78.79 @ ep 58)  [7.9s]
  ep  60: R(t)=0.825  acc1=80.43%  acc2=76.49%  ens=78.46%  (best 78.79 @ ep 58)  [16.9s]
  ep  61: R(t)=0.825  acc1=78.63%  acc2=77.61%  ens=78.12%  (best 78.79 @ ep 58)  [17.3s]
  ep  62: R(t)=0.825  acc1=79.63%  acc2=79.70%  ens=79.67%  (best 79.67 @ ep 62)  [17.7s]
  ep  63: R(t)=0.825  acc1=75.50%  acc2=80.00%  ens=77.75%  (best 79.67 @ ep 62)  [18.0s]
  ep  64: R(t)=0.825  acc1=79.88%  acc2=79.20%  ens=79.54%  (best 79.67 @ ep 62)  [16.7s]
  ep  65: R(t)=0.825  acc1=77.73%  acc2=75.91%  ens=76.82%  (best 79.67 @ ep 62)  [18.2s]
  ep  66: R(t)=0.825  acc1=80.01%  acc2=79.55%  ens=79.78%  (best 79.78 @ ep 66)  [16.5s]
  ep  67: R(t)=0.825  acc1=80.78%  acc2=80.70%  ens=80.74%  (best 80.74 @ ep 67)  [8.9s]
  ep  68: R(t)=0.825  acc1=81.15%  acc2=82.35%  ens=81.75%  (best 81.75 @ ep 68)  [6.6s]
  ep  69: R(t)=0.825  acc1=80.39%  acc2=81.56%  ens=80.97%  (best 81.75 @ ep 68)  [6.6s]
  ep  70: R(t)=0.825  acc1=79.93%  acc2=80.61%  ens=80.27%  (best 81.75 @ ep 68)  [6.6s]
  ep  71: R(t)=0.825  acc1=79.80%  acc2=80.11%  ens=79.95%  (best 81.75 @ ep 68)  [6.5s]
  ep  72: R(t)=0.825  acc1=79.65%  acc2=81.03%  ens=80.34%  (best 81.75 @ ep 68)  [6.7s]
  ep  73: R(t)=0.825  acc1=82.26%  acc2=82.62%  ens=82.44%  (best 82.44 @ ep 73)  [6.7s]
  ep  74: R(t)=0.825  acc1=81.88%  acc2=82.29%  ens=82.08%  (best 82.44 @ ep 73)  [6.5s]
  ep  75: R(t)=0.825  acc1=79.78%  acc2=81.73%  ens=80.75%  (best 82.44 @ ep 73)  [10.5s]  [sel1+2: prec=0.915, recall_clean=0.948]
  ep  76: R(t)=0.825  acc1=82.23%  acc2=82.46%  ens=82.34%  (best 82.44 @ ep 73)  [15.2s]
  ep  77: R(t)=0.825  acc1=82.08%  acc2=80.97%  ens=81.53%  (best 82.44 @ ep 73)  [7.4s]
  ep  78: R(t)=0.825  acc1=81.99%  acc2=80.06%  ens=81.02%  (best 82.44 @ ep 73)  [6.5s]
  ep  79: R(t)=0.825  acc1=82.43%  acc2=82.88%  ens=82.66%  (best 82.66 @ ep 79)  [6.4s]
  ep  80: R(t)=0.825  acc1=81.76%  acc2=82.36%  ens=82.06%  (best 82.66 @ ep 79)  [6.2s]
  ep  81: R(t)=0.825  acc1=82.79%  acc2=83.10%  ens=82.95%  (best 82.95 @ ep 81)  [6.4s]
  ep  82: R(t)=0.825  acc1=82.54%  acc2=82.68%  ens=82.61%  (best 82.95 @ ep 81)  [6.4s]
  ep  83: R(t)=0.825  acc1=82.97%  acc2=83.74%  ens=83.36%  (best 83.36 @ ep 83)  [7.2s]
  ep  84: R(t)=0.825  acc1=83.05%  acc2=82.95%  ens=83.00%  (best 83.36 @ ep 83)  [6.4s]
  ep  85: R(t)=0.825  acc1=83.17%  acc2=82.82%  ens=82.99%  (best 83.36 @ ep 83)  [6.7s]
  ep  86: R(t)=0.825  acc1=83.33%  acc2=83.66%  ens=83.50%  (best 83.50 @ ep 86)  [9.6s]
  ep  87: R(t)=0.825  acc1=83.36%  acc2=83.20%  ens=83.28%  (best 83.50 @ ep 86)  [20.1s]
  ep  88: R(t)=0.825  acc1=83.33%  acc2=83.59%  ens=83.46%  (best 83.50 @ ep 86)  [18.9s]
  ep  89: R(t)=0.825  acc1=83.58%  acc2=84.08%  ens=83.83%  (best 83.83 @ ep 89)  [20.8s]
  ep  90: R(t)=0.825  acc1=83.55%  acc2=84.43%  ens=83.99%  (best 83.99 @ ep 90)  [22.2s]
  ep  91: R(t)=0.825  acc1=83.17%  acc2=83.99%  ens=83.58%  (best 83.99 @ ep 90)  [21.0s]
  ep  92: R(t)=0.825  acc1=83.36%  acc2=83.80%  ens=83.58%  (best 83.99 @ ep 90)  [20.0s]
  ep  93: R(t)=0.825  acc1=83.07%  acc2=83.50%  ens=83.28%  (best 83.99 @ ep 90)  [19.7s]
  ep  94: R(t)=0.825  acc1=83.40%  acc2=83.88%  ens=83.64%  (best 83.99 @ ep 90)  [19.9s]
  ep  95: R(t)=0.825  acc1=83.35%  acc2=83.67%  ens=83.51%  (best 83.99 @ ep 90)  [20.8s]
  ep  96: R(t)=0.825  acc1=83.13%  acc2=83.71%  ens=83.42%  (best 83.99 @ ep 90)  [19.6s]
  ep  97: R(t)=0.825  acc1=83.16%  acc2=83.73%  ens=83.45%  (best 83.99 @ ep 90)  [21.1s]
  ep  98: R(t)=0.825  acc1=83.27%  acc2=83.68%  ens=83.47%  (best 83.99 @ ep 90)  [20.7s]
  ep  99: R(t)=0.825  acc1=83.22%  acc2=83.71%  ens=83.47%  (best 83.99 @ ep 90)  [24.9s]  [sel1+2: prec=0.919, recall_clean=0.943]

saved /path/to/ciln-workspace/journal_edition/robustness_transfer/results_v4/coteaching/ours_v2_clean__elastic_transform_sev3__seed0.json: best ens-acc 83.99% @ ep 90
