condition=ours_v2_clean__gaussian_noise_sev1 seed=2 gpu=1
/path/to/ciln-workspace/venv/lib/python3.12/site-packages/torchvision/datasets/cifar.py:83: VisibleDeprecationWarning: dtype(): align should be passed as Python or NumPy boolean but got `align=0`. Did you mean to pass a tuple to create a subarray type? (Deprecated NumPy 2.4)
  entry = pickle.load(f, encoding="latin1")
image_source=clean  N=22500  noise_rate=21.27%
  ep   0: R(t)=1.000  acc1=42.34%  acc2=35.03%  ens=38.69%  (best 38.69 @ ep 0)  [7.6s]
  ep   1: R(t)=0.933  acc1=47.64%  acc2=43.17%  ens=45.40%  (best 45.40 @ ep 1)  [6.5s]
  ep   2: R(t)=0.905  acc1=52.29%  acc2=43.55%  ens=47.92%  (best 47.92 @ ep 2)  [6.4s]
  ep   3: R(t)=0.883  acc1=48.80%  acc2=49.40%  ens=49.10%  (best 49.10 @ ep 3)  [6.5s]
  ep   4: R(t)=0.865  acc1=47.89%  acc2=55.41%  ens=51.65%  (best 51.65 @ ep 4)  [6.5s]
  ep   5: R(t)=0.850  acc1=57.35%  acc2=56.22%  ens=56.78%  (best 56.78 @ ep 5)  [10.2s]  [sel1+2: prec=0.828, recall_clean=0.933]
  ep   6: R(t)=0.835  acc1=62.36%  acc2=60.68%  ens=61.52%  (best 61.52 @ ep 6)  [12.9s]
  ep   7: R(t)=0.822  acc1=57.04%  acc2=61.70%  ens=59.37%  (best 61.52 @ ep 6)  [19.2s]
  ep   8: R(t)=0.810  acc1=58.89%  acc2=59.54%  ens=59.21%  (best 61.52 @ ep 6)  [19.2s]
  ep   9: R(t)=0.798  acc1=46.58%  acc2=56.14%  ens=51.36%  (best 61.52 @ ep 6)  [18.6s]
  ep  10: R(t)=0.787  acc1=63.52%  acc2=55.05%  ens=59.28%  (best 61.52 @ ep 6)  [26.4s]  [sel1+2: prec=0.860, recall_clean=0.910]
  ep  11: R(t)=0.787  acc1=64.43%  acc2=57.55%  ens=60.99%  (best 61.52 @ ep 6)  [20.5s]
  ep  12: R(t)=0.787  acc1=68.84%  acc2=68.35%  ens=68.59%  (best 68.59 @ ep 12)  [18.1s]
  ep  13: R(t)=0.787  acc1=67.07%  acc2=64.21%  ens=65.64%  (best 68.59 @ ep 12)  [16.5s]
  ep  14: R(t)=0.787  acc1=65.51%  acc2=61.98%  ens=63.75%  (best 68.59 @ ep 12)  [6.3s]
  ep  15: R(t)=0.787  acc1=69.26%  acc2=61.19%  ens=65.22%  (best 68.59 @ ep 12)  [6.2s]
  ep  16: R(t)=0.787  acc1=63.90%  acc2=65.92%  ens=64.91%  (best 68.59 @ ep 12)  [6.6s]
  ep  17: R(t)=0.787  acc1=71.78%  acc2=67.85%  ens=69.81%  (best 69.81 @ ep 17)  [6.7s]
  ep  18: R(t)=0.787  acc1=61.84%  acc2=64.95%  ens=63.40%  (best 69.81 @ ep 17)  [6.7s]
  ep  19: R(t)=0.787  acc1=66.11%  acc2=69.10%  ens=67.61%  (best 69.81 @ ep 17)  [6.4s]
  ep  20: R(t)=0.787  acc1=66.03%  acc2=64.35%  ens=65.19%  (best 69.81 @ ep 17)  [10.5s]  [sel1+2: prec=0.872, recall_clean=0.921]
  ep  21: R(t)=0.787  acc1=66.13%  acc2=57.92%  ens=62.02%  (best 69.81 @ ep 17)  [6.5s]
  ep  22: R(t)=0.787  acc1=72.67%  acc2=67.71%  ens=70.19%  (best 70.19 @ ep 22)  [8.1s]
  ep  23: R(t)=0.787  acc1=70.55%  acc2=67.65%  ens=69.10%  (best 70.19 @ ep 22)  [18.8s]
  ep  24: R(t)=0.787  acc1=66.95%  acc2=67.41%  ens=67.18%  (best 70.19 @ ep 22)  [17.8s]
  ep  25: R(t)=0.787  acc1=72.22%  acc2=70.50%  ens=71.36%  (best 71.36 @ ep 25)  [17.9s]
  ep  26: R(t)=0.787  acc1=70.18%  acc2=71.70%  ens=70.94%  (best 71.36 @ ep 25)  [19.0s]
  ep  27: R(t)=0.787  acc1=70.54%  acc2=70.00%  ens=70.27%  (best 71.36 @ ep 25)  [19.1s]
  ep  28: R(t)=0.787  acc1=65.04%  acc2=70.08%  ens=67.56%  (best 71.36 @ ep 25)  [15.4s]
  ep  29: R(t)=0.787  acc1=69.02%  acc2=69.48%  ens=69.25%  (best 71.36 @ ep 25)  [6.5s]
  ep  30: R(t)=0.787  acc1=71.14%  acc2=72.27%  ens=71.70%  (best 71.70 @ ep 30)  [9.8s]  [sel1+2: prec=0.880, recall_clean=0.927]
  ep  31: R(t)=0.787  acc1=67.66%  acc2=73.49%  ens=70.58%  (best 71.70 @ ep 30)  [6.4s]
  ep  32: R(t)=0.787  acc1=72.63%  acc2=71.74%  ens=72.19%  (best 72.19 @ ep 32)  [6.6s]
  ep  33: R(t)=0.787  acc1=67.31%  acc2=68.42%  ens=67.86%  (best 72.19 @ ep 32)  [6.6s]
  ep  34: R(t)=0.787  acc1=57.73%  acc2=66.77%  ens=62.25%  (best 72.19 @ ep 32)  [6.3s]
  ep  35: R(t)=0.787  acc1=71.97%  acc2=72.66%  ens=72.31%  (best 72.31 @ ep 35)  [6.4s]
  ep  36: R(t)=0.787  acc1=74.68%  acc2=70.71%  ens=72.69%  (best 72.69 @ ep 36)  [6.6s]
  ep  37: R(t)=0.787  acc1=73.86%  acc2=71.53%  ens=72.69%  (best 72.69 @ ep 36)  [7.1s]
  ep  38: R(t)=0.787  acc1=67.17%  acc2=74.63%  ens=70.90%  (best 72.69 @ ep 36)  [18.4s]
  ep  39: R(t)=0.787  acc1=68.44%  acc2=72.37%  ens=70.41%  (best 72.69 @ ep 36)  [18.3s]
  ep  40: R(t)=0.787  acc1=74.34%  acc2=66.63%  ens=70.48%  (best 72.69 @ ep 36)  [18.0s]
  ep  41: R(t)=0.787  acc1=67.30%  acc2=74.22%  ens=70.76%  (best 72.69 @ ep 36)  [18.7s]
  ep  42: R(t)=0.787  acc1=68.32%  acc2=74.59%  ens=71.45%  (best 72.69 @ ep 36)  [17.5s]
  ep  43: R(t)=0.787  acc1=73.73%  acc2=66.01%  ens=69.87%  (best 72.69 @ ep 36)  [17.6s]
  ep  44: R(t)=0.787  acc1=71.92%  acc2=69.76%  ens=70.84%  (best 72.69 @ ep 36)  [19.2s]
  ep  45: R(t)=0.787  acc1=72.14%  acc2=73.58%  ens=72.86%  (best 72.86 @ ep 45)  [17.2s]
  ep  46: R(t)=0.787  acc1=74.16%  acc2=71.54%  ens=72.85%  (best 72.86 @ ep 45)  [17.1s]
  ep  47: R(t)=0.787  acc1=76.91%  acc2=74.16%  ens=75.53%  (best 75.53 @ ep 47)  [18.0s]
  ep  48: R(t)=0.787  acc1=72.47%  acc2=65.12%  ens=68.80%  (best 75.53 @ ep 47)  [17.9s]
  ep  49: R(t)=0.787  acc1=70.32%  acc2=73.98%  ens=72.15%  (best 75.53 @ ep 47)  [17.7s]
  ep  50: R(t)=0.787  acc1=75.21%  acc2=73.43%  ens=74.32%  (best 75.53 @ ep 47)  [25.7s]  [sel1+2: prec=0.887, recall_clean=0.932]
  ep  51: R(t)=0.787  acc1=75.98%  acc2=75.33%  ens=75.66%  (best 75.66 @ ep 51)  [16.5s]
  ep  52: R(t)=0.787  acc1=74.03%  acc2=73.86%  ens=73.94%  (best 75.66 @ ep 51)  [17.4s]
  ep  53: R(t)=0.787  acc1=76.58%  acc2=74.79%  ens=75.69%  (best 75.69 @ ep 53)  [16.9s]
  ep  54: R(t)=0.787  acc1=72.63%  acc2=78.32%  ens=75.48%  (best 75.69 @ ep 53)  [7.8s]
  ep  55: R(t)=0.787  acc1=75.70%  acc2=74.38%  ens=75.04%  (best 75.69 @ ep 53)  [6.3s]
  ep  56: R(t)=0.787  acc1=74.73%  acc2=75.40%  ens=75.06%  (best 75.69 @ ep 53)  [6.7s]
  ep  57: R(t)=0.787  acc1=74.27%  acc2=76.89%  ens=75.58%  (best 75.69 @ ep 53)  [6.4s]
  ep  58: R(t)=0.787  acc1=78.81%  acc2=74.53%  ens=76.67%  (best 76.67 @ ep 58)  [6.5s]
  ep  59: R(t)=0.787  acc1=78.47%  acc2=75.65%  ens=77.06%  (best 77.06 @ ep 59)  [6.5s]
  ep  60: R(t)=0.787  acc1=76.45%  acc2=74.62%  ens=75.53%  (best 77.06 @ ep 59)  [6.5s]
  ep  61: R(t)=0.787  acc1=78.86%  acc2=75.11%  ens=76.98%  (best 77.06 @ ep 59)  [6.6s]
  ep  62: R(t)=0.787  acc1=75.41%  acc2=77.29%  ens=76.35%  (best 77.06 @ ep 59)  [6.4s]
  ep  63: R(t)=0.787  acc1=78.29%  acc2=76.60%  ens=77.45%  (best 77.45 @ ep 63)  [11.0s]
  ep  64: R(t)=0.787  acc1=77.73%  acc2=77.12%  ens=77.42%  (best 77.45 @ ep 63)  [17.0s]
  ep  65: R(t)=0.787  acc1=79.55%  acc2=77.52%  ens=78.53%  (best 78.53 @ ep 65)  [16.4s]
  ep  66: R(t)=0.787  acc1=79.64%  acc2=77.70%  ens=78.67%  (best 78.67 @ ep 66)  [18.5s]
  ep  67: R(t)=0.787  acc1=81.04%  acc2=79.62%  ens=80.33%  (best 80.33 @ ep 67)  [19.1s]
  ep  68: R(t)=0.787  acc1=79.77%  acc2=79.30%  ens=79.53%  (best 80.33 @ ep 67)  [17.3s]
  ep  69: R(t)=0.787  acc1=78.64%  acc2=78.98%  ens=78.81%  (best 80.33 @ ep 67)  [17.1s]
  ep  70: R(t)=0.787  acc1=80.08%  acc2=78.81%  ens=79.44%  (best 80.33 @ ep 67)  [17.2s]
  ep  71: R(t)=0.787  acc1=79.83%  acc2=80.79%  ens=80.31%  (best 80.33 @ ep 67)  [17.7s]
  ep  72: R(t)=0.787  acc1=78.39%  acc2=78.84%  ens=78.61%  (best 80.33 @ ep 67)  [17.6s]
  ep  73: R(t)=0.787  acc1=79.82%  acc2=79.84%  ens=79.83%  (best 80.33 @ ep 67)  [19.7s]
  ep  74: R(t)=0.787  acc1=80.25%  acc2=80.31%  ens=80.28%  (best 80.33 @ ep 67)  [16.6s]
  ep  75: R(t)=0.787  acc1=79.91%  acc2=79.48%  ens=79.70%  (best 80.33 @ ep 67)  [13.5s]  [sel1+2: prec=0.901, recall_clean=0.936]
  ep  76: R(t)=0.787  acc1=80.40%  acc2=79.22%  ens=79.81%  (best 80.33 @ ep 67)  [6.6s]
  ep  77: R(t)=0.787  acc1=81.65%  acc2=80.61%  ens=81.13%  (best 81.13 @ ep 77)  [6.5s]
  ep  78: R(t)=0.787  acc1=80.40%  acc2=81.09%  ens=80.75%  (best 81.13 @ ep 77)  [6.6s]
  ep  79: R(t)=0.787  acc1=81.28%  acc2=81.28%  ens=81.28%  (best 81.28 @ ep 79)  [6.6s]
  ep  80: R(t)=0.787  acc1=81.46%  acc2=81.60%  ens=81.53%  (best 81.53 @ ep 80)  [6.4s]
  ep  81: R(t)=0.787  acc1=80.83%  acc2=80.54%  ens=80.69%  (best 81.53 @ ep 80)  [6.4s]
  ep  82: R(t)=0.787  acc1=81.35%  acc2=80.20%  ens=80.77%  (best 81.53 @ ep 80)  [6.2s]
  ep  83: R(t)=0.787  acc1=82.22%  acc2=81.63%  ens=81.92%  (best 81.92 @ ep 83)  [6.3s]
  ep  84: R(t)=0.787  acc1=81.73%  acc2=82.01%  ens=81.87%  (best 81.92 @ ep 83)  [11.8s]
  ep  85: R(t)=0.787  acc1=81.90%  acc2=81.52%  ens=81.71%  (best 81.92 @ ep 83)  [18.3s]
  ep  86: R(t)=0.787  acc1=82.06%  acc2=81.68%  ens=81.87%  (best 81.92 @ ep 83)  [20.3s]
  ep  87: R(t)=0.787  acc1=81.63%  acc2=81.67%  ens=81.65%  (best 81.92 @ ep 83)  [16.7s]
  ep  88: R(t)=0.787  acc1=82.17%  acc2=81.77%  ens=81.97%  (best 81.97 @ ep 88)  [18.2s]
  ep  89: R(t)=0.787  acc1=81.80%  acc2=80.90%  ens=81.35%  (best 81.97 @ ep 88)  [16.5s]
  ep  90: R(t)=0.787  acc1=82.41%  acc2=81.57%  ens=81.99%  (best 81.99 @ ep 90)  [6.6s]
  ep  91: R(t)=0.787  acc1=82.69%  acc2=82.00%  ens=82.34%  (best 82.34 @ ep 91)  [6.4s]
  ep  92: R(t)=0.787  acc1=82.71%  acc2=81.93%  ens=82.32%  (best 82.34 @ ep 91)  [6.4s]
  ep  93: R(t)=0.787  acc1=82.44%  acc2=81.42%  ens=81.93%  (best 82.34 @ ep 91)  [6.3s]
  ep  94: R(t)=0.787  acc1=82.65%  acc2=82.05%  ens=82.35%  (best 82.35 @ ep 94)  [6.4s]
  ep  95: R(t)=0.787  acc1=82.67%  acc2=82.05%  ens=82.36%  (best 82.36 @ ep 95)  [6.5s]
  ep  96: R(t)=0.787  acc1=82.90%  acc2=81.71%  ens=82.31%  (best 82.36 @ ep 95)  [6.6s]
  ep  97: R(t)=0.787  acc1=82.45%  acc2=81.75%  ens=82.10%  (best 82.36 @ ep 95)  [6.6s]
  ep  98: R(t)=0.787  acc1=82.45%  acc2=81.86%  ens=82.16%  (best 82.36 @ ep 95)  [6.5s]
  ep  99: R(t)=0.787  acc1=82.87%  acc2=82.10%  ens=82.48%  (best 82.48 @ ep 99)  [18.1s]  [sel1+2: prec=0.907, recall_clean=0.933]

saved /path/to/ciln-workspace/journal_edition/robustness_transfer/results_v4/coteaching/ours_v2_clean__gaussian_noise_sev1__seed2.json: best ens-acc 82.48% @ ep 99
