/path/to/ciln-workspace/venv/lib/python3.12/site-packages/torchvision/datasets/cifar.py:83: VisibleDeprecationWarning: dtype(): align should be passed as Python or NumPy boolean but got `align=0`. Did you mean to pass a tuple to create a subarray type? (Deprecated NumPy 2.4)
  entry = pickle.load(f, encoding="latin1")
condition=ours_v2_ccp_noisy__pixelate_sev5 seed=0 gpu=1
image_source=noisy  N=17469  noise_rate=53.02%
  ep   0: R(t)=1.000  acc1=19.05%  acc2=21.83%  ens=20.44%  (best 20.44 @ ep 0)  [6.7s]
  ep   1: R(t)=0.832  acc1=25.38%  acc2=27.04%  ens=26.21%  (best 26.21 @ ep 1)  [5.6s]
  ep   2: R(t)=0.763  acc1=24.87%  acc2=25.06%  ens=24.96%  (best 26.21 @ ep 1)  [5.4s]
  ep   3: R(t)=0.710  acc1=22.52%  acc2=24.50%  ens=23.51%  (best 26.21 @ ep 1)  [5.5s]
  ep   4: R(t)=0.665  acc1=23.85%  acc2=23.75%  ens=23.80%  (best 26.21 @ ep 1)  [5.3s]
  ep   5: R(t)=0.625  acc1=27.84%  acc2=25.00%  ens=26.42%  (best 26.42 @ ep 5)  [8.2s]  [sel1+2: prec=0.444, recall_clean=0.615]
  ep   6: R(t)=0.589  acc1=25.01%  acc2=26.83%  ens=25.92%  (best 26.42 @ ep 5)  [5.7s]
  ep   7: R(t)=0.556  acc1=25.08%  acc2=26.15%  ens=25.61%  (best 26.42 @ ep 5)  [5.6s]
  ep   8: R(t)=0.526  acc1=25.09%  acc2=24.60%  ens=24.84%  (best 26.42 @ ep 5)  [5.4s]
  ep   9: R(t)=0.497  acc1=24.05%  acc2=23.97%  ens=24.01%  (best 26.42 @ ep 5)  [7.8s]
  ep  10: R(t)=0.470  acc1=25.49%  acc2=24.69%  ens=25.09%  (best 26.42 @ ep 5)  [19.5s]  [sel1+2: prec=0.494, recall_clean=0.528]
  ep  11: R(t)=0.470  acc1=26.58%  acc2=27.58%  ens=27.08%  (best 27.08 @ ep 11)  [16.3s]
  ep  12: R(t)=0.470  acc1=26.28%  acc2=27.48%  ens=26.88%  (best 27.08 @ ep 11)  [17.3s]
  ep  13: R(t)=0.470  acc1=25.39%  acc2=23.24%  ens=24.32%  (best 27.08 @ ep 11)  [5.5s]
  ep  14: R(t)=0.470  acc1=21.97%  acc2=28.10%  ens=25.04%  (best 27.08 @ ep 11)  [5.3s]
  ep  15: R(t)=0.470  acc1=25.52%  acc2=25.35%  ens=25.43%  (best 27.08 @ ep 11)  [5.4s]
  ep  16: R(t)=0.470  acc1=26.97%  acc2=29.11%  ens=28.04%  (best 28.04 @ ep 16)  [5.4s]
  ep  17: R(t)=0.470  acc1=25.63%  acc2=26.84%  ens=26.23%  (best 28.04 @ ep 16)  [5.1s]
  ep  18: R(t)=0.470  acc1=27.20%  acc2=28.11%  ens=27.66%  (best 28.04 @ ep 16)  [5.4s]
  ep  19: R(t)=0.470  acc1=24.69%  acc2=26.12%  ens=25.41%  (best 28.04 @ ep 16)  [5.4s]
  ep  20: R(t)=0.470  acc1=26.58%  acc2=25.35%  ens=25.96%  (best 28.04 @ ep 16)  [8.3s]  [sel1+2: prec=0.500, recall_clean=0.533]
  ep  21: R(t)=0.470  acc1=26.87%  acc2=26.43%  ens=26.65%  (best 28.04 @ ep 16)  [5.5s]
  ep  22: R(t)=0.470  acc1=22.46%  acc2=23.49%  ens=22.98%  (best 28.04 @ ep 16)  [5.5s]
  ep  23: R(t)=0.470  acc1=21.72%  acc2=23.04%  ens=22.38%  (best 28.04 @ ep 16)  [7.9s]
  ep  24: R(t)=0.470  acc1=21.31%  acc2=26.95%  ens=24.13%  (best 28.04 @ ep 16)  [12.8s]
  ep  25: R(t)=0.470  acc1=23.60%  acc2=25.37%  ens=24.48%  (best 28.04 @ ep 16)  [12.9s]
  ep  26: R(t)=0.470  acc1=24.58%  acc2=24.90%  ens=24.74%  (best 28.04 @ ep 16)  [12.6s]
  ep  27: R(t)=0.470  acc1=19.66%  acc2=22.89%  ens=21.27%  (best 28.04 @ ep 16)  [13.0s]
  ep  28: R(t)=0.470  acc1=25.59%  acc2=24.46%  ens=25.03%  (best 28.04 @ ep 16)  [12.6s]
  ep  29: R(t)=0.470  acc1=25.05%  acc2=23.12%  ens=24.09%  (best 28.04 @ ep 16)  [12.2s]
  ep  30: R(t)=0.470  acc1=24.01%  acc2=22.54%  ens=23.28%  (best 28.04 @ ep 16)  [18.3s]  [sel1+2: prec=0.478, recall_clean=0.507]
  ep  31: R(t)=0.470  acc1=25.24%  acc2=25.73%  ens=25.49%  (best 28.04 @ ep 16)  [15.1s]
  ep  32: R(t)=0.470  acc1=24.18%  acc2=23.33%  ens=23.75%  (best 28.04 @ ep 16)  [19.3s]
  ep  33: R(t)=0.470  acc1=24.04%  acc2=20.11%  ens=22.07%  (best 28.04 @ ep 16)  [5.4s]
  ep  34: R(t)=0.470  acc1=25.37%  acc2=25.01%  ens=25.19%  (best 28.04 @ ep 16)  [5.7s]
  ep  35: R(t)=0.470  acc1=26.06%  acc2=25.55%  ens=25.80%  (best 28.04 @ ep 16)  [5.6s]
  ep  36: R(t)=0.470  acc1=24.58%  acc2=23.31%  ens=23.95%  (best 28.04 @ ep 16)  [5.6s]
  ep  37: R(t)=0.470  acc1=23.62%  acc2=23.71%  ens=23.66%  (best 28.04 @ ep 16)  [5.6s]
  ep  38: R(t)=0.470  acc1=24.01%  acc2=24.47%  ens=24.24%  (best 28.04 @ ep 16)  [5.6s]
  ep  39: R(t)=0.470  acc1=23.79%  acc2=25.41%  ens=24.60%  (best 28.04 @ ep 16)  [5.3s]
  ep  40: R(t)=0.470  acc1=25.97%  acc2=24.68%  ens=25.32%  (best 28.04 @ ep 16)  [5.6s]
  ep  41: R(t)=0.470  acc1=22.02%  acc2=23.14%  ens=22.58%  (best 28.04 @ ep 16)  [5.4s]
  ep  42: R(t)=0.470  acc1=24.62%  acc2=25.03%  ens=24.83%  (best 28.04 @ ep 16)  [5.6s]
  ep  43: R(t)=0.470  acc1=23.52%  acc2=24.15%  ens=23.84%  (best 28.04 @ ep 16)  [5.5s]
  ep  44: R(t)=0.470  acc1=25.42%  acc2=26.94%  ens=26.18%  (best 28.04 @ ep 16)  [7.8s]
  ep  45: R(t)=0.470  acc1=24.17%  acc2=23.62%  ens=23.89%  (best 28.04 @ ep 16)  [12.2s]
  ep  46: R(t)=0.470  acc1=25.00%  acc2=24.78%  ens=24.89%  (best 28.04 @ ep 16)  [12.4s]
  ep  47: R(t)=0.470  acc1=25.49%  acc2=25.83%  ens=25.66%  (best 28.04 @ ep 16)  [13.7s]
  ep  48: R(t)=0.470  acc1=23.50%  acc2=23.34%  ens=23.42%  (best 28.04 @ ep 16)  [7.2s]
  ep  49: R(t)=0.470  acc1=22.77%  acc2=25.34%  ens=24.05%  (best 28.04 @ ep 16)  [5.3s]
  ep  50: R(t)=0.470  acc1=25.50%  acc2=26.30%  ens=25.90%  (best 28.04 @ ep 16)  [8.2s]  [sel1+2: prec=0.476, recall_clean=0.499]
  ep  51: R(t)=0.470  acc1=22.44%  acc2=24.16%  ens=23.30%  (best 28.04 @ ep 16)  [5.5s]
  ep  52: R(t)=0.470  acc1=25.29%  acc2=25.39%  ens=25.34%  (best 28.04 @ ep 16)  [5.5s]
  ep  53: R(t)=0.470  acc1=26.51%  acc2=26.39%  ens=26.45%  (best 28.04 @ ep 16)  [5.3s]
  ep  54: R(t)=0.470  acc1=25.12%  acc2=23.71%  ens=24.41%  (best 28.04 @ ep 16)  [5.6s]
  ep  55: R(t)=0.470  acc1=24.40%  acc2=23.55%  ens=23.97%  (best 28.04 @ ep 16)  [5.7s]
  ep  56: R(t)=0.470  acc1=24.86%  acc2=24.38%  ens=24.62%  (best 28.04 @ ep 16)  [5.3s]
  ep  57: R(t)=0.470  acc1=25.70%  acc2=25.10%  ens=25.40%  (best 28.04 @ ep 16)  [5.4s]
  ep  58: R(t)=0.470  acc1=27.13%  acc2=26.22%  ens=26.67%  (best 28.04 @ ep 16)  [5.9s]
  ep  59: R(t)=0.470  acc1=25.58%  acc2=25.27%  ens=25.42%  (best 28.04 @ ep 16)  [14.8s]
  ep  60: R(t)=0.470  acc1=27.19%  acc2=25.31%  ens=26.25%  (best 28.04 @ ep 16)  [15.8s]
  ep  61: R(t)=0.470  acc1=25.71%  acc2=26.05%  ens=25.88%  (best 28.04 @ ep 16)  [14.3s]
  ep  62: R(t)=0.470  acc1=24.47%  acc2=25.12%  ens=24.80%  (best 28.04 @ ep 16)  [14.4s]
  ep  63: R(t)=0.470  acc1=27.07%  acc2=26.97%  ens=27.02%  (best 28.04 @ ep 16)  [16.5s]
  ep  64: R(t)=0.470  acc1=25.63%  acc2=24.06%  ens=24.84%  (best 28.04 @ ep 16)  [16.3s]
  ep  65: R(t)=0.470  acc1=25.51%  acc2=25.73%  ens=25.62%  (best 28.04 @ ep 16)  [14.6s]
  ep  66: R(t)=0.470  acc1=25.10%  acc2=25.11%  ens=25.11%  (best 28.04 @ ep 16)  [5.4s]
  ep  67: R(t)=0.470  acc1=25.80%  acc2=24.93%  ens=25.36%  (best 28.04 @ ep 16)  [5.5s]
  ep  68: R(t)=0.470  acc1=26.09%  acc2=26.12%  ens=26.11%  (best 28.04 @ ep 16)  [5.8s]
  ep  69: R(t)=0.470  acc1=23.84%  acc2=24.51%  ens=24.18%  (best 28.04 @ ep 16)  [5.7s]
  ep  70: R(t)=0.470  acc1=26.08%  acc2=25.85%  ens=25.96%  (best 28.04 @ ep 16)  [5.6s]
  ep  71: R(t)=0.470  acc1=25.91%  acc2=26.13%  ens=26.02%  (best 28.04 @ ep 16)  [5.3s]
  ep  72: R(t)=0.470  acc1=24.51%  acc2=24.35%  ens=24.43%  (best 28.04 @ ep 16)  [5.4s]
  ep  73: R(t)=0.470  acc1=24.99%  acc2=26.19%  ens=25.59%  (best 28.04 @ ep 16)  [5.4s]
  ep  74: R(t)=0.470  acc1=26.65%  acc2=26.24%  ens=26.45%  (best 28.04 @ ep 16)  [5.4s]
  ep  75: R(t)=0.470  acc1=26.71%  acc2=26.56%  ens=26.63%  (best 28.04 @ ep 16)  [8.0s]  [sel1+2: prec=0.500, recall_clean=0.515]
  ep  76: R(t)=0.470  acc1=25.29%  acc2=25.08%  ens=25.19%  (best 28.04 @ ep 16)  [9.6s]
  ep  77: R(t)=0.470  acc1=25.44%  acc2=25.54%  ens=25.49%  (best 28.04 @ ep 16)  [14.3s]
  ep  78: R(t)=0.470  acc1=24.88%  acc2=25.31%  ens=25.09%  (best 28.04 @ ep 16)  [14.2s]
  ep  79: R(t)=0.470  acc1=26.86%  acc2=26.94%  ens=26.90%  (best 28.04 @ ep 16)  [13.7s]
  ep  80: R(t)=0.470  acc1=26.53%  acc2=26.62%  ens=26.57%  (best 28.04 @ ep 16)  [13.4s]
  ep  81: R(t)=0.470  acc1=25.41%  acc2=25.43%  ens=25.42%  (best 28.04 @ ep 16)  [13.5s]
  ep  82: R(t)=0.470  acc1=25.86%  acc2=25.93%  ens=25.90%  (best 28.04 @ ep 16)  [14.8s]
  ep  83: R(t)=0.470  acc1=26.21%  acc2=26.18%  ens=26.20%  (best 28.04 @ ep 16)  [14.7s]
  ep  84: R(t)=0.470  acc1=26.07%  acc2=26.40%  ens=26.23%  (best 28.04 @ ep 16)  [13.7s]
  ep  85: R(t)=0.470  acc1=26.12%  acc2=25.84%  ens=25.98%  (best 28.04 @ ep 16)  [14.9s]
  ep  86: R(t)=0.470  acc1=26.68%  acc2=26.12%  ens=26.40%  (best 28.04 @ ep 16)  [14.2s]
  ep  87: R(t)=0.470  acc1=26.09%  acc2=25.96%  ens=26.02%  (best 28.04 @ ep 16)  [15.5s]
  ep  88: R(t)=0.470  acc1=25.93%  acc2=26.24%  ens=26.09%  (best 28.04 @ ep 16)  [15.4s]
  ep  89: R(t)=0.470  acc1=25.89%  acc2=25.87%  ens=25.88%  (best 28.04 @ ep 16)  [18.0s]
  ep  90: R(t)=0.470  acc1=26.14%  acc2=26.37%  ens=26.25%  (best 28.04 @ ep 16)  [15.6s]
  ep  91: R(t)=0.470  acc1=26.23%  acc2=26.39%  ens=26.31%  (best 28.04 @ ep 16)  [14.4s]
  ep  92: R(t)=0.470  acc1=26.16%  acc2=26.07%  ens=26.11%  (best 28.04 @ ep 16)  [14.9s]
  ep  93: R(t)=0.470  acc1=26.25%  acc2=26.04%  ens=26.15%  (best 28.04 @ ep 16)  [16.3s]
  ep  94: R(t)=0.470  acc1=26.40%  acc2=26.33%  ens=26.36%  (best 28.04 @ ep 16)  [17.6s]
  ep  95: R(t)=0.470  acc1=26.44%  acc2=26.52%  ens=26.48%  (best 28.04 @ ep 16)  [15.1s]
  ep  96: R(t)=0.470  acc1=26.03%  acc2=26.08%  ens=26.05%  (best 28.04 @ ep 16)  [17.0s]
  ep  97: R(t)=0.470  acc1=26.34%  acc2=26.30%  ens=26.32%  (best 28.04 @ ep 16)  [13.7s]
  ep  98: R(t)=0.470  acc1=26.37%  acc2=26.40%  ens=26.39%  (best 28.04 @ ep 16)  [15.4s]
  ep  99: R(t)=0.470  acc1=26.22%  acc2=26.21%  ens=26.21%  (best 28.04 @ ep 16)  [20.4s]  [sel1+2: prec=0.502, recall_clean=0.510]

saved /path/to/ciln-workspace/journal_edition/robustness_transfer/results_v4/coteaching/ours_v2_ccp_noisy__pixelate_sev5__seed0.json: best ens-acc 28.04% @ ep 16
