/path/to/ciln-workspace/venv/lib/python3.12/site-packages/torchvision/datasets/cifar.py:83: VisibleDeprecationWarning: dtype(): align should be passed as Python or NumPy boolean but got `align=0`. Did you mean to pass a tuple to create a subarray type? (Deprecated NumPy 2.4)
  entry = pickle.load(f, encoding="latin1")
condition=ours_v2_ccp_noisy__glass_blur_sev3 seed=2 gpu=1
image_source=noisy  N=17469  noise_rate=61.98%
  ep   0: R(t)=1.000  acc1=17.78%  acc2=18.70%  ens=18.24%  (best 18.24 @ ep 0)  [6.4s]
  ep   1: R(t)=0.804  acc1=16.87%  acc2=15.37%  ens=16.12%  (best 18.24 @ ep 0)  [5.5s]
  ep   2: R(t)=0.723  acc1=18.87%  acc2=19.63%  ens=19.25%  (best 19.25 @ ep 2)  [5.6s]
  ep   3: R(t)=0.660  acc1=20.24%  acc2=20.19%  ens=20.21%  (best 20.21 @ ep 3)  [5.5s]
  ep   4: R(t)=0.608  acc1=15.32%  acc2=15.84%  ens=15.58%  (best 20.21 @ ep 3)  [5.5s]
  ep   5: R(t)=0.562  acc1=20.15%  acc2=19.45%  ens=19.80%  (best 20.21 @ ep 3)  [8.3s]  [sel1+2: prec=0.323, recall_clean=0.490]
  ep   6: R(t)=0.520  acc1=21.02%  acc2=20.99%  ens=21.01%  (best 21.01 @ ep 6)  [5.4s]
  ep   7: R(t)=0.481  acc1=19.68%  acc2=19.96%  ens=19.82%  (best 21.01 @ ep 6)  [5.5s]
  ep   8: R(t)=0.446  acc1=17.28%  acc2=17.62%  ens=17.45%  (best 21.01 @ ep 6)  [8.0s]
  ep   9: R(t)=0.412  acc1=15.46%  acc2=14.53%  ens=14.99%  (best 21.01 @ ep 6)  [14.3s]
  ep  10: R(t)=0.380  acc1=17.49%  acc2=15.81%  ens=16.65%  (best 21.01 @ ep 6)  [20.7s]  [sel1+2: prec=0.267, recall_clean=0.276]
  ep  11: R(t)=0.380  acc1=15.25%  acc2=16.18%  ens=15.72%  (best 21.01 @ ep 6)  [15.5s]
  ep  12: R(t)=0.380  acc1=17.94%  acc2=17.73%  ens=17.84%  (best 21.01 @ ep 6)  [15.1s]
  ep  13: R(t)=0.380  acc1=18.55%  acc2=19.58%  ens=19.06%  (best 21.01 @ ep 6)  [17.3s]
  ep  14: R(t)=0.380  acc1=18.53%  acc2=18.66%  ens=18.59%  (best 21.01 @ ep 6)  [18.1s]
  ep  15: R(t)=0.380  acc1=18.88%  acc2=18.88%  ens=18.88%  (best 21.01 @ ep 6)  [15.8s]
  ep  16: R(t)=0.380  acc1=16.98%  acc2=17.19%  ens=17.09%  (best 21.01 @ ep 6)  [5.6s]
  ep  17: R(t)=0.380  acc1=18.31%  acc2=18.37%  ens=18.34%  (best 21.01 @ ep 6)  [5.5s]
  ep  18: R(t)=0.380  acc1=19.33%  acc2=18.68%  ens=19.00%  (best 21.01 @ ep 6)  [5.5s]
  ep  19: R(t)=0.380  acc1=17.83%  acc2=18.08%  ens=17.95%  (best 21.01 @ ep 6)  [5.4s]
  ep  20: R(t)=0.380  acc1=17.21%  acc2=15.79%  ens=16.50%  (best 21.01 @ ep 6)  [8.2s]  [sel1+2: prec=0.290, recall_clean=0.298]
  ep  21: R(t)=0.380  acc1=16.43%  acc2=19.22%  ens=17.83%  (best 21.01 @ ep 6)  [5.5s]
  ep  22: R(t)=0.380  acc1=18.33%  acc2=18.72%  ens=18.52%  (best 21.01 @ ep 6)  [5.4s]
  ep  23: R(t)=0.380  acc1=18.07%  acc2=17.36%  ens=17.71%  (best 21.01 @ ep 6)  [5.7s]
  ep  24: R(t)=0.380  acc1=18.53%  acc2=18.12%  ens=18.32%  (best 21.01 @ ep 6)  [5.8s]
  ep  25: R(t)=0.380  acc1=19.78%  acc2=19.58%  ens=19.68%  (best 21.01 @ ep 6)  [5.6s]
  ep  26: R(t)=0.380  acc1=17.07%  acc2=16.66%  ens=16.86%  (best 21.01 @ ep 6)  [11.6s]
  ep  27: R(t)=0.380  acc1=18.58%  acc2=17.96%  ens=18.27%  (best 21.01 @ ep 6)  [14.6s]
  ep  28: R(t)=0.380  acc1=15.86%  acc2=15.54%  ens=15.70%  (best 21.01 @ ep 6)  [14.1s]
  ep  29: R(t)=0.380  acc1=18.13%  acc2=18.49%  ens=18.31%  (best 21.01 @ ep 6)  [15.6s]
  ep  30: R(t)=0.380  acc1=19.37%  acc2=18.23%  ens=18.80%  (best 21.01 @ ep 6)  [20.2s]  [sel1+2: prec=0.286, recall_clean=0.293]
  ep  31: R(t)=0.380  acc1=18.69%  acc2=17.75%  ens=18.22%  (best 21.01 @ ep 6)  [15.1s]
  ep  32: R(t)=0.380  acc1=17.43%  acc2=19.14%  ens=18.29%  (best 21.01 @ ep 6)  [15.4s]
  ep  33: R(t)=0.380  acc1=17.34%  acc2=18.08%  ens=17.71%  (best 21.01 @ ep 6)  [16.1s]
  ep  34: R(t)=0.380  acc1=19.18%  acc2=19.85%  ens=19.52%  (best 21.01 @ ep 6)  [15.6s]
  ep  35: R(t)=0.380  acc1=19.16%  acc2=18.72%  ens=18.94%  (best 21.01 @ ep 6)  [16.5s]
  ep  36: R(t)=0.380  acc1=17.72%  acc2=16.79%  ens=17.25%  (best 21.01 @ ep 6)  [13.9s]
  ep  37: R(t)=0.380  acc1=19.50%  acc2=20.44%  ens=19.97%  (best 21.01 @ ep 6)  [14.1s]
  ep  38: R(t)=0.380  acc1=15.62%  acc2=18.04%  ens=16.83%  (best 21.01 @ ep 6)  [14.2s]
  ep  39: R(t)=0.380  acc1=18.44%  acc2=18.27%  ens=18.36%  (best 21.01 @ ep 6)  [13.6s]
  ep  40: R(t)=0.380  acc1=17.38%  acc2=18.15%  ens=17.77%  (best 21.01 @ ep 6)  [12.4s]
  ep  41: R(t)=0.380  acc1=18.61%  acc2=17.96%  ens=18.29%  (best 21.01 @ ep 6)  [5.4s]
  ep  42: R(t)=0.380  acc1=16.68%  acc2=16.27%  ens=16.48%  (best 21.01 @ ep 6)  [5.3s]
  ep  43: R(t)=0.380  acc1=17.89%  acc2=17.52%  ens=17.70%  (best 21.01 @ ep 6)  [5.5s]
  ep  44: R(t)=0.380  acc1=18.14%  acc2=18.14%  ens=18.14%  (best 21.01 @ ep 6)  [5.5s]
  ep  45: R(t)=0.380  acc1=18.37%  acc2=19.08%  ens=18.73%  (best 21.01 @ ep 6)  [5.5s]
  ep  46: R(t)=0.380  acc1=18.07%  acc2=17.12%  ens=17.59%  (best 21.01 @ ep 6)  [5.4s]
  ep  47: R(t)=0.380  acc1=18.26%  acc2=18.78%  ens=18.52%  (best 21.01 @ ep 6)  [5.5s]
  ep  48: R(t)=0.380  acc1=17.61%  acc2=18.10%  ens=17.85%  (best 21.01 @ ep 6)  [5.4s]
  ep  49: R(t)=0.380  acc1=18.76%  acc2=18.25%  ens=18.50%  (best 21.01 @ ep 6)  [5.5s]
  ep  50: R(t)=0.380  acc1=18.63%  acc2=17.58%  ens=18.11%  (best 21.01 @ ep 6)  [8.5s]  [sel1+2: prec=0.289, recall_clean=0.298]
  ep  51: R(t)=0.380  acc1=19.27%  acc2=19.66%  ens=19.46%  (best 21.01 @ ep 6)  [6.5s]
  ep  52: R(t)=0.380  acc1=18.52%  acc2=19.20%  ens=18.86%  (best 21.01 @ ep 6)  [14.4s]
  ep  53: R(t)=0.380  acc1=17.80%  acc2=17.36%  ens=17.58%  (best 21.01 @ ep 6)  [13.3s]
  ep  54: R(t)=0.380  acc1=17.44%  acc2=17.71%  ens=17.58%  (best 21.01 @ ep 6)  [14.2s]
  ep  55: R(t)=0.380  acc1=17.63%  acc2=17.91%  ens=17.77%  (best 21.01 @ ep 6)  [13.5s]
  ep  56: R(t)=0.380  acc1=19.13%  acc2=19.17%  ens=19.15%  (best 21.01 @ ep 6)  [13.8s]
  ep  57: R(t)=0.380  acc1=16.74%  acc2=17.28%  ens=17.01%  (best 21.01 @ ep 6)  [14.1s]
  ep  58: R(t)=0.380  acc1=18.97%  acc2=19.38%  ens=19.18%  (best 21.01 @ ep 6)  [13.4s]
  ep  59: R(t)=0.380  acc1=19.12%  acc2=19.44%  ens=19.28%  (best 21.01 @ ep 6)  [13.9s]
  ep  60: R(t)=0.380  acc1=17.72%  acc2=18.81%  ens=18.26%  (best 21.01 @ ep 6)  [13.0s]
  ep  61: R(t)=0.380  acc1=17.83%  acc2=18.04%  ens=17.94%  (best 21.01 @ ep 6)  [14.0s]
  ep  62: R(t)=0.380  acc1=17.07%  acc2=16.19%  ens=16.63%  (best 21.01 @ ep 6)  [14.0s]
  ep  63: R(t)=0.380  acc1=19.40%  acc2=19.12%  ens=19.26%  (best 21.01 @ ep 6)  [14.6s]
  ep  64: R(t)=0.380  acc1=19.40%  acc2=19.35%  ens=19.38%  (best 21.01 @ ep 6)  [13.5s]
  ep  65: R(t)=0.380  acc1=18.47%  acc2=18.86%  ens=18.66%  (best 21.01 @ ep 6)  [14.3s]
  ep  66: R(t)=0.380  acc1=19.39%  acc2=19.85%  ens=19.62%  (best 21.01 @ ep 6)  [13.1s]
  ep  67: R(t)=0.380  acc1=19.11%  acc2=18.81%  ens=18.96%  (best 21.01 @ ep 6)  [13.2s]
  ep  68: R(t)=0.380  acc1=18.72%  acc2=19.23%  ens=18.98%  (best 21.01 @ ep 6)  [13.0s]
  ep  69: R(t)=0.380  acc1=17.87%  acc2=18.13%  ens=18.00%  (best 21.01 @ ep 6)  [12.9s]
  ep  70: R(t)=0.380  acc1=18.87%  acc2=19.26%  ens=19.06%  (best 21.01 @ ep 6)  [13.7s]
  ep  71: R(t)=0.380  acc1=19.79%  acc2=19.47%  ens=19.63%  (best 21.01 @ ep 6)  [13.6s]
  ep  72: R(t)=0.380  acc1=17.95%  acc2=18.59%  ens=18.27%  (best 21.01 @ ep 6)  [14.9s]
  ep  73: R(t)=0.380  acc1=19.25%  acc2=18.20%  ens=18.73%  (best 21.01 @ ep 6)  [6.7s]
  ep  74: R(t)=0.380  acc1=18.95%  acc2=18.60%  ens=18.77%  (best 21.01 @ ep 6)  [5.4s]
  ep  75: R(t)=0.380  acc1=19.17%  acc2=18.26%  ens=18.71%  (best 21.01 @ ep 6)  [8.3s]  [sel1+2: prec=0.295, recall_clean=0.303]
  ep  76: R(t)=0.380  acc1=18.27%  acc2=18.21%  ens=18.24%  (best 21.01 @ ep 6)  [5.5s]
  ep  77: R(t)=0.380  acc1=19.11%  acc2=18.90%  ens=19.00%  (best 21.01 @ ep 6)  [5.6s]
  ep  78: R(t)=0.380  acc1=19.11%  acc2=18.81%  ens=18.96%  (best 21.01 @ ep 6)  [5.6s]
  ep  79: R(t)=0.380  acc1=19.49%  acc2=19.71%  ens=19.60%  (best 21.01 @ ep 6)  [5.7s]
  ep  80: R(t)=0.380  acc1=19.62%  acc2=19.48%  ens=19.55%  (best 21.01 @ ep 6)  [5.6s]
  ep  81: R(t)=0.380  acc1=19.30%  acc2=19.28%  ens=19.29%  (best 21.01 @ ep 6)  [5.9s]
  ep  82: R(t)=0.380  acc1=18.98%  acc2=19.47%  ens=19.23%  (best 21.01 @ ep 6)  [6.0s]
  ep  83: R(t)=0.380  acc1=19.59%  acc2=19.01%  ens=19.30%  (best 21.01 @ ep 6)  [6.6s]
  ep  84: R(t)=0.380  acc1=19.85%  acc2=20.05%  ens=19.95%  (best 21.01 @ ep 6)  [14.6s]
  ep  85: R(t)=0.380  acc1=19.93%  acc2=20.12%  ens=20.02%  (best 21.01 @ ep 6)  [14.1s]
  ep  86: R(t)=0.380  acc1=19.50%  acc2=19.58%  ens=19.54%  (best 21.01 @ ep 6)  [12.4s]
  ep  87: R(t)=0.380  acc1=19.75%  acc2=19.56%  ens=19.66%  (best 21.01 @ ep 6)  [5.5s]
  ep  88: R(t)=0.380  acc1=19.57%  acc2=19.40%  ens=19.49%  (best 21.01 @ ep 6)  [5.8s]
  ep  89: R(t)=0.380  acc1=19.96%  acc2=19.92%  ens=19.94%  (best 21.01 @ ep 6)  [5.4s]
  ep  90: R(t)=0.380  acc1=20.22%  acc2=20.21%  ens=20.21%  (best 21.01 @ ep 6)  [5.3s]
  ep  91: R(t)=0.380  acc1=20.07%  acc2=20.09%  ens=20.08%  (best 21.01 @ ep 6)  [5.6s]
  ep  92: R(t)=0.380  acc1=20.07%  acc2=20.14%  ens=20.11%  (best 21.01 @ ep 6)  [5.5s]
  ep  93: R(t)=0.380  acc1=20.15%  acc2=20.29%  ens=20.22%  (best 21.01 @ ep 6)  [5.6s]
  ep  94: R(t)=0.380  acc1=19.91%  acc2=19.98%  ens=19.95%  (best 21.01 @ ep 6)  [5.6s]
  ep  95: R(t)=0.380  acc1=19.88%  acc2=19.86%  ens=19.87%  (best 21.01 @ ep 6)  [5.3s]
  ep  96: R(t)=0.380  acc1=20.13%  acc2=20.18%  ens=20.16%  (best 21.01 @ ep 6)  [5.6s]
  ep  97: R(t)=0.380  acc1=19.99%  acc2=20.09%  ens=20.04%  (best 21.01 @ ep 6)  [7.3s]
  ep  98: R(t)=0.380  acc1=20.23%  acc2=20.29%  ens=20.26%  (best 21.01 @ ep 6)  [15.8s]
  ep  99: R(t)=0.380  acc1=20.14%  acc2=20.19%  ens=20.16%  (best 21.01 @ ep 6)  [8.8s]  [sel1+2: prec=0.303, recall_clean=0.308]

saved /path/to/ciln-workspace/journal_edition/robustness_transfer/results_v4/coteaching/ours_v2_ccp_noisy__glass_blur_sev3__seed2.json: best ens-acc 21.01% @ ep 6
