/path/to/ciln-workspace/venv/lib/python3.12/site-packages/torchvision/datasets/cifar.py:83: VisibleDeprecationWarning: dtype(): align should be passed as Python or NumPy boolean but got `align=0`. Did you mean to pass a tuple to create a subarray type? (Deprecated NumPy 2.4)
  entry = pickle.load(f, encoding="latin1")
condition=ours_v2_ccp_noisy__glass_blur_sev3 seed=0 gpu=1
image_source=noisy  N=17469  noise_rate=61.98%
  ep   0: R(t)=1.000  acc1=14.90%  acc2=9.06%  ens=11.98%  (best 11.98 @ ep 0)  [6.3s]
  ep   1: R(t)=0.804  acc1=20.94%  acc2=21.16%  ens=21.05%  (best 21.05 @ ep 1)  [5.3s]
  ep   2: R(t)=0.723  acc1=17.38%  acc2=16.45%  ens=16.92%  (best 21.05 @ ep 1)  [5.5s]
  ep   3: R(t)=0.660  acc1=17.25%  acc2=15.97%  ens=16.61%  (best 21.05 @ ep 1)  [5.3s]
  ep   4: R(t)=0.608  acc1=21.67%  acc2=23.23%  ens=22.45%  (best 22.45 @ ep 4)  [5.5s]
  ep   5: R(t)=0.562  acc1=20.91%  acc2=22.74%  ens=21.82%  (best 22.45 @ ep 4)  [8.1s]  [sel1+2: prec=0.340, recall_clean=0.520]
  ep   6: R(t)=0.520  acc1=17.03%  acc2=17.80%  ens=17.41%  (best 22.45 @ ep 4)  [5.6s]
  ep   7: R(t)=0.481  acc1=18.41%  acc2=19.06%  ens=18.74%  (best 22.45 @ ep 4)  [5.3s]
  ep   8: R(t)=0.446  acc1=19.45%  acc2=19.24%  ens=19.35%  (best 22.45 @ ep 4)  [5.4s]
  ep   9: R(t)=0.412  acc1=18.80%  acc2=18.60%  ens=18.70%  (best 22.45 @ ep 4)  [12.6s]
  ep  10: R(t)=0.380  acc1=19.74%  acc2=18.99%  ens=19.36%  (best 22.45 @ ep 4)  [18.7s]  [sel1+2: prec=0.289, recall_clean=0.300]
  ep  11: R(t)=0.380  acc1=19.33%  acc2=19.04%  ens=19.19%  (best 22.45 @ ep 4)  [5.6s]
  ep  12: R(t)=0.380  acc1=19.88%  acc2=20.37%  ens=20.12%  (best 22.45 @ ep 4)  [5.5s]
  ep  13: R(t)=0.380  acc1=18.23%  acc2=20.07%  ens=19.15%  (best 22.45 @ ep 4)  [5.7s]
  ep  14: R(t)=0.380  acc1=17.07%  acc2=14.75%  ens=15.91%  (best 22.45 @ ep 4)  [5.6s]
  ep  15: R(t)=0.380  acc1=20.22%  acc2=19.60%  ens=19.91%  (best 22.45 @ ep 4)  [5.5s]
  ep  16: R(t)=0.380  acc1=18.06%  acc2=19.55%  ens=18.80%  (best 22.45 @ ep 4)  [5.3s]
  ep  17: R(t)=0.380  acc1=19.03%  acc2=18.05%  ens=18.54%  (best 22.45 @ ep 4)  [5.3s]
  ep  18: R(t)=0.380  acc1=19.62%  acc2=19.66%  ens=19.64%  (best 22.45 @ ep 4)  [5.4s]
  ep  19: R(t)=0.380  acc1=17.53%  acc2=17.39%  ens=17.46%  (best 22.45 @ ep 4)  [5.5s]
  ep  20: R(t)=0.380  acc1=18.32%  acc2=17.42%  ens=17.87%  (best 22.45 @ ep 4)  [8.2s]  [sel1+2: prec=0.284, recall_clean=0.294]
  ep  21: R(t)=0.380  acc1=18.73%  acc2=19.05%  ens=18.89%  (best 22.45 @ ep 4)  [5.6s]
  ep  22: R(t)=0.380  acc1=18.21%  acc2=18.49%  ens=18.35%  (best 22.45 @ ep 4)  [12.1s]
  ep  23: R(t)=0.380  acc1=18.22%  acc2=18.31%  ens=18.27%  (best 22.45 @ ep 4)  [14.1s]
  ep  24: R(t)=0.380  acc1=16.91%  acc2=16.22%  ens=16.57%  (best 22.45 @ ep 4)  [14.6s]
  ep  25: R(t)=0.380  acc1=18.16%  acc2=18.93%  ens=18.55%  (best 22.45 @ ep 4)  [14.4s]
  ep  26: R(t)=0.380  acc1=17.74%  acc2=18.45%  ens=18.09%  (best 22.45 @ ep 4)  [13.2s]
  ep  27: R(t)=0.380  acc1=16.53%  acc2=16.88%  ens=16.71%  (best 22.45 @ ep 4)  [12.4s]
  ep  28: R(t)=0.380  acc1=17.72%  acc2=18.12%  ens=17.92%  (best 22.45 @ ep 4)  [14.5s]
  ep  29: R(t)=0.380  acc1=19.14%  acc2=18.07%  ens=18.61%  (best 22.45 @ ep 4)  [14.7s]
  ep  30: R(t)=0.380  acc1=18.56%  acc2=19.06%  ens=18.81%  (best 22.45 @ ep 4)  [20.1s]  [sel1+2: prec=0.293, recall_clean=0.301]
  ep  31: R(t)=0.380  acc1=18.31%  acc2=16.75%  ens=17.53%  (best 22.45 @ ep 4)  [14.1s]
  ep  32: R(t)=0.380  acc1=19.12%  acc2=18.88%  ens=19.00%  (best 22.45 @ ep 4)  [14.0s]
  ep  33: R(t)=0.380  acc1=18.49%  acc2=18.01%  ens=18.25%  (best 22.45 @ ep 4)  [13.2s]
  ep  34: R(t)=0.380  acc1=17.85%  acc2=19.44%  ens=18.64%  (best 22.45 @ ep 4)  [14.5s]
  ep  35: R(t)=0.380  acc1=19.44%  acc2=19.62%  ens=19.53%  (best 22.45 @ ep 4)  [13.6s]
  ep  36: R(t)=0.380  acc1=19.66%  acc2=18.50%  ens=19.08%  (best 22.45 @ ep 4)  [15.9s]
  ep  37: R(t)=0.380  acc1=19.04%  acc2=15.70%  ens=17.37%  (best 22.45 @ ep 4)  [13.3s]
  ep  38: R(t)=0.380  acc1=19.95%  acc2=16.63%  ens=18.29%  (best 22.45 @ ep 4)  [14.9s]
  ep  39: R(t)=0.380  acc1=15.78%  acc2=17.63%  ens=16.71%  (best 22.45 @ ep 4)  [15.1s]
  ep  40: R(t)=0.380  acc1=13.81%  acc2=15.38%  ens=14.59%  (best 22.45 @ ep 4)  [16.4s]
  ep  41: R(t)=0.380  acc1=18.39%  acc2=17.49%  ens=17.94%  (best 22.45 @ ep 4)  [5.4s]
  ep  42: R(t)=0.380  acc1=19.94%  acc2=18.99%  ens=19.46%  (best 22.45 @ ep 4)  [5.5s]
  ep  43: R(t)=0.380  acc1=18.30%  acc2=19.05%  ens=18.68%  (best 22.45 @ ep 4)  [5.6s]
  ep  44: R(t)=0.380  acc1=18.30%  acc2=17.82%  ens=18.06%  (best 22.45 @ ep 4)  [5.4s]
  ep  45: R(t)=0.380  acc1=17.78%  acc2=19.06%  ens=18.42%  (best 22.45 @ ep 4)  [5.4s]
  ep  46: R(t)=0.380  acc1=19.52%  acc2=19.66%  ens=19.59%  (best 22.45 @ ep 4)  [5.4s]
  ep  47: R(t)=0.380  acc1=19.38%  acc2=19.41%  ens=19.39%  (best 22.45 @ ep 4)  [5.4s]
  ep  48: R(t)=0.380  acc1=19.70%  acc2=19.90%  ens=19.80%  (best 22.45 @ ep 4)  [5.6s]
  ep  49: R(t)=0.380  acc1=17.92%  acc2=16.59%  ens=17.25%  (best 22.45 @ ep 4)  [5.3s]
  ep  50: R(t)=0.380  acc1=17.93%  acc2=17.43%  ens=17.68%  (best 22.45 @ ep 4)  [8.0s]  [sel1+2: prec=0.286, recall_clean=0.295]
  ep  51: R(t)=0.380  acc1=18.30%  acc2=17.86%  ens=18.08%  (best 22.45 @ ep 4)  [8.4s]
  ep  52: R(t)=0.380  acc1=19.45%  acc2=19.44%  ens=19.45%  (best 22.45 @ ep 4)  [14.6s]
  ep  53: R(t)=0.380  acc1=18.48%  acc2=17.42%  ens=17.95%  (best 22.45 @ ep 4)  [13.9s]
  ep  54: R(t)=0.380  acc1=18.71%  acc2=18.37%  ens=18.54%  (best 22.45 @ ep 4)  [13.3s]
  ep  55: R(t)=0.380  acc1=17.22%  acc2=15.42%  ens=16.32%  (best 22.45 @ ep 4)  [14.8s]
  ep  56: R(t)=0.380  acc1=18.50%  acc2=19.24%  ens=18.87%  (best 22.45 @ ep 4)  [16.0s]
  ep  57: R(t)=0.380  acc1=20.43%  acc2=19.20%  ens=19.81%  (best 22.45 @ ep 4)  [12.5s]
  ep  58: R(t)=0.380  acc1=19.56%  acc2=19.63%  ens=19.60%  (best 22.45 @ ep 4)  [5.6s]
  ep  59: R(t)=0.380  acc1=19.26%  acc2=18.74%  ens=19.00%  (best 22.45 @ ep 4)  [5.6s]
  ep  60: R(t)=0.380  acc1=19.65%  acc2=19.27%  ens=19.46%  (best 22.45 @ ep 4)  [5.3s]
  ep  61: R(t)=0.380  acc1=18.87%  acc2=19.63%  ens=19.25%  (best 22.45 @ ep 4)  [5.6s]
  ep  62: R(t)=0.380  acc1=16.93%  acc2=16.80%  ens=16.87%  (best 22.45 @ ep 4)  [5.5s]
  ep  63: R(t)=0.380  acc1=18.88%  acc2=18.95%  ens=18.91%  (best 22.45 @ ep 4)  [5.8s]
  ep  64: R(t)=0.380  acc1=20.38%  acc2=19.76%  ens=20.07%  (best 22.45 @ ep 4)  [5.6s]
  ep  65: R(t)=0.380  acc1=18.99%  acc2=19.22%  ens=19.11%  (best 22.45 @ ep 4)  [5.4s]
  ep  66: R(t)=0.380  acc1=20.03%  acc2=19.77%  ens=19.90%  (best 22.45 @ ep 4)  [5.4s]
  ep  67: R(t)=0.380  acc1=19.34%  acc2=19.67%  ens=19.50%  (best 22.45 @ ep 4)  [5.5s]
  ep  68: R(t)=0.380  acc1=19.79%  acc2=19.94%  ens=19.86%  (best 22.45 @ ep 4)  [5.5s]
  ep  69: R(t)=0.380  acc1=19.96%  acc2=19.92%  ens=19.94%  (best 22.45 @ ep 4)  [12.2s]
  ep  70: R(t)=0.380  acc1=20.10%  acc2=20.36%  ens=20.23%  (best 22.45 @ ep 4)  [13.2s]
  ep  71: R(t)=0.380  acc1=20.28%  acc2=20.53%  ens=20.41%  (best 22.45 @ ep 4)  [5.8s]
  ep  72: R(t)=0.380  acc1=19.48%  acc2=19.96%  ens=19.72%  (best 22.45 @ ep 4)  [5.3s]
  ep  73: R(t)=0.380  acc1=19.21%  acc2=19.35%  ens=19.28%  (best 22.45 @ ep 4)  [5.7s]
  ep  74: R(t)=0.380  acc1=19.42%  acc2=20.03%  ens=19.73%  (best 22.45 @ ep 4)  [5.6s]
  ep  75: R(t)=0.380  acc1=19.77%  acc2=18.40%  ens=19.09%  (best 22.45 @ ep 4)  [8.7s]  [sel1+2: prec=0.306, recall_clean=0.314]
  ep  76: R(t)=0.380  acc1=18.93%  acc2=19.99%  ens=19.46%  (best 22.45 @ ep 4)  [5.8s]
  ep  77: R(t)=0.380  acc1=19.29%  acc2=19.41%  ens=19.35%  (best 22.45 @ ep 4)  [5.4s]
  ep  78: R(t)=0.380  acc1=19.85%  acc2=19.98%  ens=19.91%  (best 22.45 @ ep 4)  [5.2s]
  ep  79: R(t)=0.380  acc1=18.91%  acc2=19.46%  ens=19.18%  (best 22.45 @ ep 4)  [5.2s]
  ep  80: R(t)=0.380  acc1=18.92%  acc2=18.92%  ens=18.92%  (best 22.45 @ ep 4)  [5.6s]
  ep  81: R(t)=0.380  acc1=19.31%  acc2=19.37%  ens=19.34%  (best 22.45 @ ep 4)  [8.5s]
  ep  82: R(t)=0.380  acc1=19.39%  acc2=19.34%  ens=19.36%  (best 22.45 @ ep 4)  [15.1s]
  ep  83: R(t)=0.380  acc1=19.76%  acc2=19.52%  ens=19.64%  (best 22.45 @ ep 4)  [13.9s]
  ep  84: R(t)=0.380  acc1=19.87%  acc2=19.96%  ens=19.91%  (best 22.45 @ ep 4)  [15.3s]
  ep  85: R(t)=0.380  acc1=19.84%  acc2=19.92%  ens=19.88%  (best 22.45 @ ep 4)  [14.6s]
  ep  86: R(t)=0.380  acc1=20.03%  acc2=19.98%  ens=20.00%  (best 22.45 @ ep 4)  [15.6s]
  ep  87: R(t)=0.380  acc1=20.39%  acc2=20.27%  ens=20.33%  (best 22.45 @ ep 4)  [14.7s]
  ep  88: R(t)=0.380  acc1=20.39%  acc2=20.32%  ens=20.36%  (best 22.45 @ ep 4)  [15.9s]
  ep  89: R(t)=0.380  acc1=20.34%  acc2=20.28%  ens=20.31%  (best 22.45 @ ep 4)  [15.6s]
  ep  90: R(t)=0.380  acc1=20.25%  acc2=20.15%  ens=20.20%  (best 22.45 @ ep 4)  [12.4s]
  ep  91: R(t)=0.380  acc1=20.07%  acc2=20.08%  ens=20.07%  (best 22.45 @ ep 4)  [5.6s]
  ep  92: R(t)=0.380  acc1=20.64%  acc2=20.62%  ens=20.63%  (best 22.45 @ ep 4)  [5.6s]
  ep  93: R(t)=0.380  acc1=20.63%  acc2=20.73%  ens=20.68%  (best 22.45 @ ep 4)  [5.3s]
  ep  94: R(t)=0.380  acc1=20.44%  acc2=20.50%  ens=20.47%  (best 22.45 @ ep 4)  [5.3s]
  ep  95: R(t)=0.380  acc1=20.32%  acc2=20.35%  ens=20.33%  (best 22.45 @ ep 4)  [5.3s]
  ep  96: R(t)=0.380  acc1=20.45%  acc2=20.53%  ens=20.49%  (best 22.45 @ ep 4)  [5.2s]
  ep  97: R(t)=0.380  acc1=20.41%  acc2=20.44%  ens=20.42%  (best 22.45 @ ep 4)  [5.6s]
  ep  98: R(t)=0.380  acc1=20.35%  acc2=20.37%  ens=20.36%  (best 22.45 @ ep 4)  [5.5s]
  ep  99: R(t)=0.380  acc1=20.40%  acc2=20.45%  ens=20.42%  (best 22.45 @ ep 4)  [9.0s]  [sel1+2: prec=0.308, recall_clean=0.313]

saved /path/to/ciln-workspace/journal_edition/robustness_transfer/results_v4/coteaching/ours_v2_ccp_noisy__glass_blur_sev3__seed0.json: best ens-acc 22.45% @ ep 4
