/path/to/ciln-workspace/venv/lib/python3.12/site-packages/torchvision/datasets/cifar.py:83: VisibleDeprecationWarning: dtype(): align should be passed as Python or NumPy boolean but got `align=0`. Did you mean to pass a tuple to create a subarray type? (Deprecated NumPy 2.4)
  entry = pickle.load(f, encoding="latin1")
condition=ours_v2_noisy__shot_noise_sev5 seed=1 gpu=1
image_source=noisy  N=22500  noise_rate=54.72%
  ep   0: R(t)=1.000  acc1=16.06%  acc2=15.71%  ens=15.88%  (best 15.88 @ ep 0)  [7.4s]
  ep   1: R(t)=0.827  acc1=20.84%  acc2=21.46%  ens=21.15%  (best 21.15 @ ep 1)  [6.2s]
  ep   2: R(t)=0.755  acc1=17.13%  acc2=17.16%  ens=17.14%  (best 21.15 @ ep 1)  [6.6s]
  ep   3: R(t)=0.700  acc1=18.94%  acc2=20.08%  ens=19.51%  (best 21.15 @ ep 1)  [6.3s]
  ep   4: R(t)=0.654  acc1=18.36%  acc2=22.65%  ens=20.51%  (best 21.15 @ ep 1)  [6.4s]
  ep   5: R(t)=0.613  acc1=25.45%  acc2=24.71%  ens=25.08%  (best 25.08 @ ep 5)  [9.8s]  [sel1+2: prec=0.374, recall_clean=0.522]
  ep   6: R(t)=0.576  acc1=18.80%  acc2=17.57%  ens=18.19%  (best 25.08 @ ep 5)  [6.2s]
  ep   7: R(t)=0.542  acc1=18.88%  acc2=20.24%  ens=19.56%  (best 25.08 @ ep 5)  [13.0s]
  ep   8: R(t)=0.511  acc1=19.13%  acc2=18.87%  ens=19.00%  (best 25.08 @ ep 5)  [16.7s]
  ep   9: R(t)=0.481  acc1=16.83%  acc2=19.13%  ens=17.98%  (best 25.08 @ ep 5)  [16.4s]
  ep  10: R(t)=0.453  acc1=21.42%  acc2=21.10%  ens=21.26%  (best 25.08 @ ep 5)  [20.7s]  [sel1+2: prec=0.360, recall_clean=0.374]
  ep  11: R(t)=0.453  acc1=15.14%  acc2=16.85%  ens=16.00%  (best 25.08 @ ep 5)  [16.4s]
  ep  12: R(t)=0.453  acc1=17.76%  acc2=20.37%  ens=19.06%  (best 25.08 @ ep 5)  [15.8s]
  ep  13: R(t)=0.453  acc1=23.68%  acc2=24.53%  ens=24.10%  (best 25.08 @ ep 5)  [16.8s]
  ep  14: R(t)=0.453  acc1=17.90%  acc2=16.89%  ens=17.39%  (best 25.08 @ ep 5)  [15.6s]
  ep  15: R(t)=0.453  acc1=18.86%  acc2=17.87%  ens=18.36%  (best 25.08 @ ep 5)  [16.6s]
  ep  16: R(t)=0.453  acc1=15.91%  acc2=18.66%  ens=17.29%  (best 25.08 @ ep 5)  [15.3s]
  ep  17: R(t)=0.453  acc1=24.27%  acc2=25.80%  ens=25.04%  (best 25.08 @ ep 5)  [16.1s]
  ep  18: R(t)=0.453  acc1=18.39%  acc2=21.15%  ens=19.77%  (best 25.08 @ ep 5)  [15.4s]
  ep  19: R(t)=0.453  acc1=18.91%  acc2=19.79%  ens=19.35%  (best 25.08 @ ep 5)  [15.2s]
  ep  20: R(t)=0.453  acc1=18.66%  acc2=21.37%  ens=20.02%  (best 25.08 @ ep 5)  [20.9s]  [sel1+2: prec=0.366, recall_clean=0.380]
  ep  21: R(t)=0.453  acc1=21.76%  acc2=20.12%  ens=20.94%  (best 25.08 @ ep 5)  [15.7s]
  ep  22: R(t)=0.453  acc1=21.27%  acc2=19.49%  ens=20.38%  (best 25.08 @ ep 5)  [16.2s]
  ep  23: R(t)=0.453  acc1=19.33%  acc2=19.80%  ens=19.56%  (best 25.08 @ ep 5)  [16.1s]
  ep  24: R(t)=0.453  acc1=17.29%  acc2=22.14%  ens=19.71%  (best 25.08 @ ep 5)  [15.9s]
  ep  25: R(t)=0.453  acc1=23.51%  acc2=24.91%  ens=24.21%  (best 25.08 @ ep 5)  [15.6s]
  ep  26: R(t)=0.453  acc1=20.39%  acc2=21.48%  ens=20.93%  (best 25.08 @ ep 5)  [16.8s]
  ep  27: R(t)=0.453  acc1=26.81%  acc2=25.23%  ens=26.02%  (best 26.02 @ ep 27)  [16.5s]
  ep  28: R(t)=0.453  acc1=19.61%  acc2=21.10%  ens=20.36%  (best 26.02 @ ep 27)  [15.4s]
  ep  29: R(t)=0.453  acc1=21.37%  acc2=21.71%  ens=21.54%  (best 26.02 @ ep 27)  [15.4s]
  ep  30: R(t)=0.453  acc1=22.60%  acc2=23.26%  ens=22.93%  (best 26.02 @ ep 27)  [20.7s]  [sel1+2: prec=0.370, recall_clean=0.384]
  ep  31: R(t)=0.453  acc1=19.05%  acc2=17.31%  ens=18.18%  (best 26.02 @ ep 27)  [16.3s]
  ep  32: R(t)=0.453  acc1=26.09%  acc2=24.37%  ens=25.23%  (best 26.02 @ ep 27)  [15.8s]
  ep  33: R(t)=0.453  acc1=21.96%  acc2=23.25%  ens=22.61%  (best 26.02 @ ep 27)  [16.6s]
  ep  34: R(t)=0.453  acc1=26.74%  acc2=25.00%  ens=25.87%  (best 26.02 @ ep 27)  [16.0s]
  ep  35: R(t)=0.453  acc1=27.37%  acc2=25.68%  ens=26.52%  (best 26.52 @ ep 35)  [16.3s]
  ep  36: R(t)=0.453  acc1=28.01%  acc2=28.46%  ens=28.23%  (best 28.23 @ ep 36)  [15.8s]
  ep  37: R(t)=0.453  acc1=24.26%  acc2=23.55%  ens=23.90%  (best 28.23 @ ep 36)  [15.6s]
  ep  38: R(t)=0.453  acc1=20.54%  acc2=21.16%  ens=20.85%  (best 28.23 @ ep 36)  [14.8s]
  ep  39: R(t)=0.453  acc1=26.04%  acc2=25.28%  ens=25.66%  (best 28.23 @ ep 36)  [14.5s]
  ep  40: R(t)=0.453  acc1=23.47%  acc2=25.31%  ens=24.39%  (best 28.23 @ ep 36)  [15.9s]
  ep  41: R(t)=0.453  acc1=22.65%  acc2=23.22%  ens=22.93%  (best 28.23 @ ep 36)  [15.8s]
  ep  42: R(t)=0.453  acc1=22.87%  acc2=22.64%  ens=22.75%  (best 28.23 @ ep 36)  [16.0s]
  ep  43: R(t)=0.453  acc1=21.20%  acc2=21.37%  ens=21.28%  (best 28.23 @ ep 36)  [16.3s]
  ep  44: R(t)=0.453  acc1=23.81%  acc2=23.21%  ens=23.51%  (best 28.23 @ ep 36)  [6.4s]
  ep  45: R(t)=0.453  acc1=25.23%  acc2=24.86%  ens=25.05%  (best 28.23 @ ep 36)  [6.2s]
  ep  46: R(t)=0.453  acc1=22.22%  acc2=21.89%  ens=22.06%  (best 28.23 @ ep 36)  [6.5s]
  ep  47: R(t)=0.453  acc1=21.80%  acc2=21.30%  ens=21.55%  (best 28.23 @ ep 36)  [6.1s]
  ep  48: R(t)=0.453  acc1=26.50%  acc2=24.79%  ens=25.64%  (best 28.23 @ ep 36)  [6.2s]
  ep  49: R(t)=0.453  acc1=22.14%  acc2=20.71%  ens=21.43%  (best 28.23 @ ep 36)  [6.2s]
  ep  50: R(t)=0.453  acc1=28.18%  acc2=27.72%  ens=27.95%  (best 28.23 @ ep 36)  [9.5s]  [sel1+2: prec=0.382, recall_clean=0.395]
  ep  51: R(t)=0.453  acc1=21.32%  acc2=23.49%  ens=22.41%  (best 28.23 @ ep 36)  [6.3s]
  ep  52: R(t)=0.453  acc1=22.61%  acc2=23.63%  ens=23.12%  (best 28.23 @ ep 36)  [6.4s]
  ep  53: R(t)=0.453  acc1=24.69%  acc2=25.66%  ens=25.18%  (best 28.23 @ ep 36)  [15.8s]
  ep  54: R(t)=0.453  acc1=24.72%  acc2=26.21%  ens=25.46%  (best 28.23 @ ep 36)  [16.0s]
  ep  55: R(t)=0.453  acc1=25.24%  acc2=22.91%  ens=24.08%  (best 28.23 @ ep 36)  [6.4s]
  ep  56: R(t)=0.453  acc1=27.35%  acc2=26.83%  ens=27.09%  (best 28.23 @ ep 36)  [6.2s]
  ep  57: R(t)=0.453  acc1=22.59%  acc2=21.87%  ens=22.23%  (best 28.23 @ ep 36)  [6.3s]
  ep  58: R(t)=0.453  acc1=24.54%  acc2=23.63%  ens=24.09%  (best 28.23 @ ep 36)  [6.4s]
  ep  59: R(t)=0.453  acc1=24.36%  acc2=26.45%  ens=25.41%  (best 28.23 @ ep 36)  [6.3s]
  ep  60: R(t)=0.453  acc1=23.23%  acc2=22.72%  ens=22.98%  (best 28.23 @ ep 36)  [6.5s]
  ep  61: R(t)=0.453  acc1=25.37%  acc2=24.56%  ens=24.96%  (best 28.23 @ ep 36)  [6.3s]
  ep  62: R(t)=0.453  acc1=21.78%  acc2=21.45%  ens=21.62%  (best 28.23 @ ep 36)  [6.4s]
  ep  63: R(t)=0.453  acc1=27.23%  acc2=26.56%  ens=26.90%  (best 28.23 @ ep 36)  [6.4s]
  ep  64: R(t)=0.453  acc1=24.50%  acc2=24.63%  ens=24.56%  (best 28.23 @ ep 36)  [13.3s]
  ep  65: R(t)=0.453  acc1=22.46%  acc2=23.02%  ens=22.74%  (best 28.23 @ ep 36)  [15.9s]
  ep  66: R(t)=0.453  acc1=22.88%  acc2=23.12%  ens=23.00%  (best 28.23 @ ep 36)  [16.5s]
  ep  67: R(t)=0.453  acc1=25.49%  acc2=25.91%  ens=25.70%  (best 28.23 @ ep 36)  [15.6s]
  ep  68: R(t)=0.453  acc1=25.10%  acc2=23.36%  ens=24.23%  (best 28.23 @ ep 36)  [15.0s]
  ep  69: R(t)=0.453  acc1=22.88%  acc2=23.46%  ens=23.17%  (best 28.23 @ ep 36)  [16.0s]
  ep  70: R(t)=0.453  acc1=24.58%  acc2=23.12%  ens=23.85%  (best 28.23 @ ep 36)  [10.3s]
  ep  71: R(t)=0.453  acc1=23.66%  acc2=23.04%  ens=23.35%  (best 28.23 @ ep 36)  [6.4s]
  ep  72: R(t)=0.453  acc1=24.30%  acc2=24.36%  ens=24.33%  (best 28.23 @ ep 36)  [6.2s]
  ep  73: R(t)=0.453  acc1=24.63%  acc2=25.67%  ens=25.15%  (best 28.23 @ ep 36)  [6.6s]
  ep  74: R(t)=0.453  acc1=25.60%  acc2=25.18%  ens=25.39%  (best 28.23 @ ep 36)  [6.5s]
  ep  75: R(t)=0.453  acc1=24.37%  acc2=25.77%  ens=25.07%  (best 28.23 @ ep 36)  [9.6s]  [sel1+2: prec=0.398, recall_clean=0.410]
  ep  76: R(t)=0.453  acc1=25.14%  acc2=26.54%  ens=25.84%  (best 28.23 @ ep 36)  [6.3s]
  ep  77: R(t)=0.453  acc1=23.82%  acc2=25.00%  ens=24.41%  (best 28.23 @ ep 36)  [6.3s]
  ep  78: R(t)=0.453  acc1=24.93%  acc2=24.57%  ens=24.75%  (best 28.23 @ ep 36)  [6.1s]
  ep  79: R(t)=0.453  acc1=25.66%  acc2=25.28%  ens=25.47%  (best 28.23 @ ep 36)  [7.4s]
  ep  80: R(t)=0.453  acc1=26.07%  acc2=25.05%  ens=25.56%  (best 28.23 @ ep 36)  [16.1s]
  ep  81: R(t)=0.453  acc1=25.44%  acc2=25.40%  ens=25.42%  (best 28.23 @ ep 36)  [15.4s]
  ep  82: R(t)=0.453  acc1=24.79%  acc2=25.04%  ens=24.92%  (best 28.23 @ ep 36)  [15.3s]
  ep  83: R(t)=0.453  acc1=27.55%  acc2=27.53%  ens=27.54%  (best 28.23 @ ep 36)  [16.5s]
  ep  84: R(t)=0.453  acc1=27.79%  acc2=27.47%  ens=27.63%  (best 28.23 @ ep 36)  [16.3s]
  ep  85: R(t)=0.453  acc1=26.63%  acc2=26.65%  ens=26.64%  (best 28.23 @ ep 36)  [16.4s]
  ep  86: R(t)=0.453  acc1=26.45%  acc2=25.71%  ens=26.08%  (best 28.23 @ ep 36)  [16.3s]
  ep  87: R(t)=0.453  acc1=26.47%  acc2=26.34%  ens=26.41%  (best 28.23 @ ep 36)  [15.3s]
  ep  88: R(t)=0.453  acc1=26.03%  acc2=26.00%  ens=26.02%  (best 28.23 @ ep 36)  [16.7s]
  ep  89: R(t)=0.453  acc1=27.02%  acc2=26.85%  ens=26.93%  (best 28.23 @ ep 36)  [16.1s]
  ep  90: R(t)=0.453  acc1=26.56%  acc2=26.66%  ens=26.61%  (best 28.23 @ ep 36)  [15.4s]
  ep  91: R(t)=0.453  acc1=26.48%  acc2=26.61%  ens=26.54%  (best 28.23 @ ep 36)  [16.3s]
  ep  92: R(t)=0.453  acc1=26.53%  acc2=26.51%  ens=26.52%  (best 28.23 @ ep 36)  [16.1s]
  ep  93: R(t)=0.453  acc1=26.38%  acc2=26.09%  ens=26.23%  (best 28.23 @ ep 36)  [15.8s]
  ep  94: R(t)=0.453  acc1=26.69%  acc2=26.72%  ens=26.71%  (best 28.23 @ ep 36)  [15.4s]
  ep  95: R(t)=0.453  acc1=26.28%  acc2=26.20%  ens=26.24%  (best 28.23 @ ep 36)  [15.9s]
  ep  96: R(t)=0.453  acc1=26.14%  acc2=26.15%  ens=26.15%  (best 28.23 @ ep 36)  [14.9s]
  ep  97: R(t)=0.453  acc1=26.59%  acc2=26.75%  ens=26.67%  (best 28.23 @ ep 36)  [16.1s]
  ep  98: R(t)=0.453  acc1=26.69%  acc2=26.72%  ens=26.71%  (best 28.23 @ ep 36)  [16.8s]
  ep  99: R(t)=0.453  acc1=26.73%  acc2=26.82%  ens=26.77%  (best 28.23 @ ep 36)  [21.4s]  [sel1+2: prec=0.407, recall_clean=0.415]

saved /path/to/ciln-workspace/journal_edition/robustness_transfer/results_v4/coteaching/ours_v2_noisy__shot_noise_sev5__seed1.json: best ens-acc 28.23% @ ep 36
