/path/to/ciln-workspace/venv/lib/python3.12/site-packages/torchvision/datasets/cifar.py:83: VisibleDeprecationWarning: dtype(): align should be passed as Python or NumPy boolean but got `align=0`. Did you mean to pass a tuple to create a subarray type? (Deprecated NumPy 2.4)
  entry = pickle.load(f, encoding="latin1")
condition=ours_v2_ccp_noisy__pixelate_sev5 seed=1 gpu=1
image_source=noisy  N=17469  noise_rate=53.02%
  ep   0: R(t)=1.000  acc1=17.13%  acc2=19.18%  ens=18.15%  (best 18.15 @ ep 0)  [6.7s]
  ep   1: R(t)=0.832  acc1=22.35%  acc2=22.38%  ens=22.37%  (best 22.37 @ ep 1)  [5.4s]
  ep   2: R(t)=0.763  acc1=26.33%  acc2=26.69%  ens=26.51%  (best 26.51 @ ep 2)  [5.5s]
  ep   3: R(t)=0.710  acc1=24.70%  acc2=23.57%  ens=24.14%  (best 26.51 @ ep 2)  [5.3s]
  ep   4: R(t)=0.665  acc1=24.62%  acc2=25.62%  ens=25.12%  (best 26.51 @ ep 2)  [5.4s]
  ep   5: R(t)=0.625  acc1=25.87%  acc2=26.34%  ens=26.11%  (best 26.51 @ ep 2)  [8.5s]  [sel1+2: prec=0.443, recall_clean=0.616]
  ep   6: R(t)=0.589  acc1=24.99%  acc2=25.54%  ens=25.27%  (best 26.51 @ ep 2)  [5.2s]
  ep   7: R(t)=0.556  acc1=25.50%  acc2=25.25%  ens=25.38%  (best 26.51 @ ep 2)  [5.5s]
  ep   8: R(t)=0.526  acc1=26.43%  acc2=25.46%  ens=25.94%  (best 26.51 @ ep 2)  [5.4s]
  ep   9: R(t)=0.497  acc1=23.17%  acc2=25.53%  ens=24.35%  (best 26.51 @ ep 2)  [6.5s]
  ep  10: R(t)=0.470  acc1=24.07%  acc2=24.68%  ens=24.38%  (best 26.51 @ ep 2)  [18.3s]  [sel1+2: prec=0.490, recall_clean=0.527]
  ep  11: R(t)=0.470  acc1=25.87%  acc2=27.43%  ens=26.65%  (best 26.65 @ ep 11)  [13.9s]
  ep  12: R(t)=0.470  acc1=22.25%  acc2=23.74%  ens=22.99%  (best 26.65 @ ep 11)  [14.5s]
  ep  13: R(t)=0.470  acc1=24.05%  acc2=23.48%  ens=23.77%  (best 26.65 @ ep 11)  [13.3s]
  ep  14: R(t)=0.470  acc1=25.15%  acc2=23.00%  ens=24.08%  (best 26.65 @ ep 11)  [15.2s]
  ep  15: R(t)=0.470  acc1=26.76%  acc2=24.88%  ens=25.82%  (best 26.65 @ ep 11)  [14.8s]
  ep  16: R(t)=0.470  acc1=24.54%  acc2=24.09%  ens=24.32%  (best 26.65 @ ep 11)  [15.2s]
  ep  17: R(t)=0.470  acc1=24.09%  acc2=24.86%  ens=24.47%  (best 26.65 @ ep 11)  [14.1s]
  ep  18: R(t)=0.470  acc1=22.86%  acc2=23.69%  ens=23.28%  (best 26.65 @ ep 11)  [13.8s]
  ep  19: R(t)=0.470  acc1=23.54%  acc2=26.25%  ens=24.89%  (best 26.65 @ ep 11)  [14.1s]
  ep  20: R(t)=0.470  acc1=26.20%  acc2=26.68%  ens=26.44%  (best 26.65 @ ep 11)  [18.7s]  [sel1+2: prec=0.499, recall_clean=0.530]
  ep  21: R(t)=0.470  acc1=26.16%  acc2=25.99%  ens=26.08%  (best 26.65 @ ep 11)  [13.7s]
  ep  22: R(t)=0.470  acc1=25.26%  acc2=25.36%  ens=25.31%  (best 26.65 @ ep 11)  [13.3s]
  ep  23: R(t)=0.470  acc1=27.82%  acc2=28.94%  ens=28.38%  (best 28.38 @ ep 23)  [13.0s]
  ep  24: R(t)=0.470  acc1=25.41%  acc2=28.15%  ens=26.78%  (best 28.38 @ ep 23)  [14.7s]
  ep  25: R(t)=0.470  acc1=21.98%  acc2=24.35%  ens=23.16%  (best 28.38 @ ep 23)  [15.5s]
  ep  26: R(t)=0.470  acc1=24.00%  acc2=25.31%  ens=24.65%  (best 28.38 @ ep 23)  [15.2s]
  ep  27: R(t)=0.470  acc1=26.29%  acc2=24.44%  ens=25.37%  (best 28.38 @ ep 23)  [17.0s]
  ep  28: R(t)=0.470  acc1=25.41%  acc2=23.98%  ens=24.70%  (best 28.38 @ ep 23)  [14.8s]
  ep  29: R(t)=0.470  acc1=25.76%  acc2=24.26%  ens=25.01%  (best 28.38 @ ep 23)  [15.1s]
  ep  30: R(t)=0.470  acc1=25.78%  acc2=24.73%  ens=25.25%  (best 28.38 @ ep 23)  [18.3s]  [sel1+2: prec=0.490, recall_clean=0.516]
  ep  31: R(t)=0.470  acc1=23.73%  acc2=24.65%  ens=24.19%  (best 28.38 @ ep 23)  [13.1s]
  ep  32: R(t)=0.470  acc1=22.51%  acc2=23.38%  ens=22.95%  (best 28.38 @ ep 23)  [13.4s]
  ep  33: R(t)=0.470  acc1=26.19%  acc2=23.74%  ens=24.96%  (best 28.38 @ ep 23)  [13.3s]
  ep  34: R(t)=0.470  acc1=25.35%  acc2=24.68%  ens=25.01%  (best 28.38 @ ep 23)  [15.3s]
  ep  35: R(t)=0.470  acc1=24.91%  acc2=25.84%  ens=25.38%  (best 28.38 @ ep 23)  [13.8s]
  ep  36: R(t)=0.470  acc1=24.78%  acc2=25.20%  ens=24.99%  (best 28.38 @ ep 23)  [13.2s]
  ep  37: R(t)=0.470  acc1=23.81%  acc2=24.84%  ens=24.33%  (best 28.38 @ ep 23)  [13.9s]
  ep  38: R(t)=0.470  acc1=25.28%  acc2=23.39%  ens=24.34%  (best 28.38 @ ep 23)  [14.9s]
  ep  39: R(t)=0.470  acc1=23.82%  acc2=23.64%  ens=23.73%  (best 28.38 @ ep 23)  [13.4s]
  ep  40: R(t)=0.470  acc1=24.44%  acc2=24.01%  ens=24.23%  (best 28.38 @ ep 23)  [14.1s]
  ep  41: R(t)=0.470  acc1=24.35%  acc2=25.60%  ens=24.98%  (best 28.38 @ ep 23)  [13.8s]
  ep  42: R(t)=0.470  acc1=24.87%  acc2=25.36%  ens=25.11%  (best 28.38 @ ep 23)  [15.5s]
  ep  43: R(t)=0.470  acc1=26.26%  acc2=26.36%  ens=26.31%  (best 28.38 @ ep 23)  [15.4s]
  ep  44: R(t)=0.470  acc1=25.87%  acc2=23.52%  ens=24.70%  (best 28.38 @ ep 23)  [14.6s]
  ep  45: R(t)=0.470  acc1=23.78%  acc2=25.48%  ens=24.63%  (best 28.38 @ ep 23)  [14.7s]
  ep  46: R(t)=0.470  acc1=22.86%  acc2=22.81%  ens=22.84%  (best 28.38 @ ep 23)  [15.6s]
  ep  47: R(t)=0.470  acc1=24.67%  acc2=24.73%  ens=24.70%  (best 28.38 @ ep 23)  [12.9s]
  ep  48: R(t)=0.470  acc1=25.93%  acc2=26.42%  ens=26.17%  (best 28.38 @ ep 23)  [5.5s]
  ep  49: R(t)=0.470  acc1=25.49%  acc2=27.07%  ens=26.28%  (best 28.38 @ ep 23)  [5.7s]
  ep  50: R(t)=0.470  acc1=22.17%  acc2=23.66%  ens=22.92%  (best 28.38 @ ep 23)  [8.2s]  [sel1+2: prec=0.487, recall_clean=0.512]
  ep  51: R(t)=0.470  acc1=23.16%  acc2=22.79%  ens=22.98%  (best 28.38 @ ep 23)  [5.6s]
  ep  52: R(t)=0.470  acc1=25.57%  acc2=25.32%  ens=25.44%  (best 28.38 @ ep 23)  [5.6s]
  ep  53: R(t)=0.470  acc1=26.75%  acc2=25.98%  ens=26.36%  (best 28.38 @ ep 23)  [5.4s]
  ep  54: R(t)=0.470  acc1=25.09%  acc2=26.35%  ens=25.72%  (best 28.38 @ ep 23)  [5.4s]
  ep  55: R(t)=0.470  acc1=25.86%  acc2=25.79%  ens=25.82%  (best 28.38 @ ep 23)  [5.9s]
  ep  56: R(t)=0.470  acc1=26.06%  acc2=26.39%  ens=26.22%  (best 28.38 @ ep 23)  [5.4s]
  ep  57: R(t)=0.470  acc1=22.58%  acc2=24.38%  ens=23.48%  (best 28.38 @ ep 23)  [5.7s]
  ep  58: R(t)=0.470  acc1=24.86%  acc2=24.26%  ens=24.56%  (best 28.38 @ ep 23)  [10.5s]
  ep  59: R(t)=0.470  acc1=26.45%  acc2=25.00%  ens=25.72%  (best 28.38 @ ep 23)  [12.1s]
  ep  60: R(t)=0.470  acc1=23.32%  acc2=25.49%  ens=24.40%  (best 28.38 @ ep 23)  [5.6s]
  ep  61: R(t)=0.470  acc1=25.66%  acc2=25.98%  ens=25.82%  (best 28.38 @ ep 23)  [5.5s]
  ep  62: R(t)=0.470  acc1=24.32%  acc2=24.47%  ens=24.39%  (best 28.38 @ ep 23)  [5.5s]
  ep  63: R(t)=0.470  acc1=23.37%  acc2=23.85%  ens=23.61%  (best 28.38 @ ep 23)  [5.4s]
  ep  64: R(t)=0.470  acc1=25.44%  acc2=26.00%  ens=25.72%  (best 28.38 @ ep 23)  [5.5s]
  ep  65: R(t)=0.470  acc1=25.39%  acc2=25.20%  ens=25.30%  (best 28.38 @ ep 23)  [5.3s]
  ep  66: R(t)=0.470  acc1=25.01%  acc2=25.08%  ens=25.05%  (best 28.38 @ ep 23)  [5.5s]
  ep  67: R(t)=0.470  acc1=27.27%  acc2=26.62%  ens=26.94%  (best 28.38 @ ep 23)  [5.6s]
  ep  68: R(t)=0.470  acc1=26.55%  acc2=25.49%  ens=26.02%  (best 28.38 @ ep 23)  [5.5s]
  ep  69: R(t)=0.470  acc1=25.99%  acc2=25.47%  ens=25.73%  (best 28.38 @ ep 23)  [5.5s]
  ep  70: R(t)=0.470  acc1=26.31%  acc2=24.61%  ens=25.46%  (best 28.38 @ ep 23)  [5.7s]
  ep  71: R(t)=0.470  acc1=25.66%  acc2=25.78%  ens=25.72%  (best 28.38 @ ep 23)  [11.8s]
  ep  72: R(t)=0.470  acc1=25.45%  acc2=25.64%  ens=25.55%  (best 28.38 @ ep 23)  [5.5s]
  ep  73: R(t)=0.470  acc1=24.84%  acc2=25.25%  ens=25.05%  (best 28.38 @ ep 23)  [5.6s]
  ep  74: R(t)=0.470  acc1=26.12%  acc2=25.87%  ens=26.00%  (best 28.38 @ ep 23)  [5.6s]
  ep  75: R(t)=0.470  acc1=26.38%  acc2=26.00%  ens=26.19%  (best 28.38 @ ep 23)  [8.1s]  [sel1+2: prec=0.492, recall_clean=0.507]
  ep  76: R(t)=0.470  acc1=25.69%  acc2=25.25%  ens=25.47%  (best 28.38 @ ep 23)  [5.3s]
  ep  77: R(t)=0.470  acc1=26.08%  acc2=25.52%  ens=25.80%  (best 28.38 @ ep 23)  [5.6s]
  ep  78: R(t)=0.470  acc1=25.50%  acc2=25.37%  ens=25.43%  (best 28.38 @ ep 23)  [5.3s]
  ep  79: R(t)=0.470  acc1=24.84%  acc2=25.56%  ens=25.20%  (best 28.38 @ ep 23)  [5.4s]
  ep  80: R(t)=0.470  acc1=27.00%  acc2=26.54%  ens=26.77%  (best 28.38 @ ep 23)  [5.4s]
  ep  81: R(t)=0.470  acc1=26.52%  acc2=25.47%  ens=26.00%  (best 28.38 @ ep 23)  [5.4s]
  ep  82: R(t)=0.470  acc1=26.00%  acc2=25.84%  ens=25.92%  (best 28.38 @ ep 23)  [6.2s]
  ep  83: R(t)=0.470  acc1=25.62%  acc2=25.65%  ens=25.63%  (best 28.38 @ ep 23)  [6.7s]
  ep  84: R(t)=0.470  acc1=26.26%  acc2=26.27%  ens=26.27%  (best 28.38 @ ep 23)  [5.7s]
  ep  85: R(t)=0.470  acc1=25.74%  acc2=25.75%  ens=25.75%  (best 28.38 @ ep 23)  [5.5s]
  ep  86: R(t)=0.470  acc1=26.33%  acc2=25.93%  ens=26.13%  (best 28.38 @ ep 23)  [5.6s]
  ep  87: R(t)=0.470  acc1=26.27%  acc2=25.96%  ens=26.11%  (best 28.38 @ ep 23)  [5.6s]
  ep  88: R(t)=0.470  acc1=26.70%  acc2=26.52%  ens=26.61%  (best 28.38 @ ep 23)  [5.7s]
  ep  89: R(t)=0.470  acc1=26.62%  acc2=26.38%  ens=26.50%  (best 28.38 @ ep 23)  [5.5s]
  ep  90: R(t)=0.470  acc1=26.44%  acc2=26.44%  ens=26.44%  (best 28.38 @ ep 23)  [5.7s]
  ep  91: R(t)=0.470  acc1=26.30%  acc2=26.32%  ens=26.31%  (best 28.38 @ ep 23)  [5.8s]
  ep  92: R(t)=0.470  acc1=26.26%  acc2=26.32%  ens=26.29%  (best 28.38 @ ep 23)  [5.5s]
  ep  93: R(t)=0.470  acc1=26.53%  acc2=26.53%  ens=26.53%  (best 28.38 @ ep 23)  [5.7s]
  ep  94: R(t)=0.470  acc1=26.43%  acc2=26.44%  ens=26.43%  (best 28.38 @ ep 23)  [11.1s]
  ep  95: R(t)=0.470  acc1=26.19%  acc2=26.21%  ens=26.20%  (best 28.38 @ ep 23)  [13.2s]
  ep  96: R(t)=0.470  acc1=26.43%  acc2=26.37%  ens=26.40%  (best 28.38 @ ep 23)  [13.0s]
  ep  97: R(t)=0.470  acc1=26.59%  acc2=26.56%  ens=26.58%  (best 28.38 @ ep 23)  [13.4s]
  ep  98: R(t)=0.470  acc1=26.39%  acc2=26.34%  ens=26.37%  (best 28.38 @ ep 23)  [13.8s]
  ep  99: R(t)=0.470  acc1=26.48%  acc2=26.46%  ens=26.47%  (best 28.38 @ ep 23)  [18.1s]  [sel1+2: prec=0.502, recall_clean=0.510]

saved /path/to/ciln-workspace/journal_edition/robustness_transfer/results_v4/coteaching/ours_v2_ccp_noisy__pixelate_sev5__seed1.json: best ens-acc 28.38% @ ep 23
