/path/to/ciln-workspace/venv/lib/python3.12/site-packages/torchvision/datasets/cifar.py:83: VisibleDeprecationWarning: dtype(): align should be passed as Python or NumPy boolean but got `align=0`. Did you mean to pass a tuple to create a subarray type? (Deprecated NumPy 2.4)
  entry = pickle.load(f, encoding="latin1")
condition=ours_v2_ccp_clean__glass_blur_sev3 seed=0 gpu=0
image_source=clean  N=17469  noise_rate=61.98%
  ep   0: R(t)=1.000  acc1=14.79%  acc2=12.96%  ens=13.87%  (best 13.87 @ ep 0)  [6.3s]
  ep   1: R(t)=0.804  acc1=22.26%  acc2=20.22%  ens=21.24%  (best 21.24 @ ep 1)  [5.3s]
  ep   2: R(t)=0.723  acc1=17.97%  acc2=19.82%  ens=18.89%  (best 21.24 @ ep 1)  [5.4s]
  ep   3: R(t)=0.660  acc1=15.89%  acc2=17.15%  ens=16.52%  (best 21.24 @ ep 1)  [5.4s]
  ep   4: R(t)=0.608  acc1=22.29%  acc2=20.52%  ens=21.40%  (best 21.40 @ ep 4)  [5.3s]
  ep   5: R(t)=0.562  acc1=18.80%  acc2=21.82%  ens=20.31%  (best 21.40 @ ep 4)  [8.0s]  [sel1+2: prec=0.343, recall_clean=0.525]
  ep   6: R(t)=0.520  acc1=21.99%  acc2=22.85%  ens=22.42%  (best 22.42 @ ep 6)  [5.3s]
  ep   7: R(t)=0.481  acc1=20.80%  acc2=20.39%  ens=20.59%  (best 22.42 @ ep 6)  [7.0s]
  ep   8: R(t)=0.446  acc1=21.16%  acc2=20.42%  ens=20.79%  (best 22.42 @ ep 6)  [13.8s]
  ep   9: R(t)=0.412  acc1=16.63%  acc2=16.73%  ens=16.68%  (best 22.42 @ ep 6)  [13.8s]
  ep  10: R(t)=0.380  acc1=17.94%  acc2=19.05%  ens=18.50%  (best 22.42 @ ep 6)  [8.1s]  [sel1+2: prec=0.284, recall_clean=0.292]
  ep  11: R(t)=0.380  acc1=19.06%  acc2=18.52%  ens=18.79%  (best 22.42 @ ep 6)  [5.2s]
  ep  12: R(t)=0.380  acc1=19.30%  acc2=12.51%  ens=15.90%  (best 22.42 @ ep 6)  [5.3s]
  ep  13: R(t)=0.380  acc1=18.90%  acc2=20.14%  ens=19.52%  (best 22.42 @ ep 6)  [5.2s]
  ep  14: R(t)=0.380  acc1=16.84%  acc2=15.99%  ens=16.41%  (best 22.42 @ ep 6)  [5.2s]
  ep  15: R(t)=0.380  acc1=17.66%  acc2=18.51%  ens=18.09%  (best 22.42 @ ep 6)  [5.3s]
  ep  16: R(t)=0.380  acc1=19.34%  acc2=18.92%  ens=19.13%  (best 22.42 @ ep 6)  [5.2s]
  ep  17: R(t)=0.380  acc1=16.10%  acc2=18.55%  ens=17.33%  (best 22.42 @ ep 6)  [5.2s]
  ep  18: R(t)=0.380  acc1=18.58%  acc2=15.75%  ens=17.16%  (best 22.42 @ ep 6)  [5.3s]
  ep  19: R(t)=0.380  acc1=17.76%  acc2=15.85%  ens=16.80%  (best 22.42 @ ep 6)  [5.4s]
  ep  20: R(t)=0.380  acc1=17.70%  acc2=19.61%  ens=18.66%  (best 22.42 @ ep 6)  [9.4s]  [sel1+2: prec=0.296, recall_clean=0.307]
  ep  21: R(t)=0.380  acc1=19.01%  acc2=14.85%  ens=16.93%  (best 22.42 @ ep 6)  [13.0s]
  ep  22: R(t)=0.380  acc1=18.91%  acc2=18.15%  ens=18.53%  (best 22.42 @ ep 6)  [14.0s]
  ep  23: R(t)=0.380  acc1=16.64%  acc2=15.15%  ens=15.89%  (best 22.42 @ ep 6)  [14.4s]
  ep  24: R(t)=0.380  acc1=19.81%  acc2=17.71%  ens=18.76%  (best 22.42 @ ep 6)  [14.4s]
  ep  25: R(t)=0.380  acc1=17.46%  acc2=18.28%  ens=17.87%  (best 22.42 @ ep 6)  [13.4s]
  ep  26: R(t)=0.380  acc1=17.52%  acc2=17.15%  ens=17.34%  (best 22.42 @ ep 6)  [12.3s]
  ep  27: R(t)=0.380  acc1=19.50%  acc2=18.39%  ens=18.95%  (best 22.42 @ ep 6)  [14.6s]
  ep  28: R(t)=0.380  acc1=19.42%  acc2=19.46%  ens=19.44%  (best 22.42 @ ep 6)  [14.6s]
  ep  29: R(t)=0.380  acc1=19.68%  acc2=20.07%  ens=19.88%  (best 22.42 @ ep 6)  [15.3s]
  ep  30: R(t)=0.380  acc1=18.10%  acc2=17.78%  ens=17.94%  (best 22.42 @ ep 6)  [18.9s]  [sel1+2: prec=0.296, recall_clean=0.306]
  ep  31: R(t)=0.380  acc1=19.13%  acc2=17.82%  ens=18.48%  (best 22.42 @ ep 6)  [14.4s]
  ep  32: R(t)=0.380  acc1=16.92%  acc2=19.20%  ens=18.06%  (best 22.42 @ ep 6)  [12.9s]
  ep  33: R(t)=0.380  acc1=16.91%  acc2=19.31%  ens=18.11%  (best 22.42 @ ep 6)  [14.1s]
  ep  34: R(t)=0.380  acc1=19.69%  acc2=19.18%  ens=19.43%  (best 22.42 @ ep 6)  [13.2s]
  ep  35: R(t)=0.380  acc1=19.09%  acc2=19.42%  ens=19.25%  (best 22.42 @ ep 6)  [15.7s]
  ep  36: R(t)=0.380  acc1=14.27%  acc2=15.78%  ens=15.02%  (best 22.42 @ ep 6)  [13.1s]
  ep  37: R(t)=0.380  acc1=17.77%  acc2=17.24%  ens=17.50%  (best 22.42 @ ep 6)  [14.5s]
  ep  38: R(t)=0.380  acc1=18.88%  acc2=18.51%  ens=18.70%  (best 22.42 @ ep 6)  [15.1s]
  ep  39: R(t)=0.380  acc1=18.27%  acc2=18.61%  ens=18.44%  (best 22.42 @ ep 6)  [15.7s]
  ep  40: R(t)=0.380  acc1=15.56%  acc2=18.01%  ens=16.79%  (best 22.42 @ ep 6)  [5.4s]
  ep  41: R(t)=0.380  acc1=19.93%  acc2=19.53%  ens=19.73%  (best 22.42 @ ep 6)  [5.4s]
  ep  42: R(t)=0.380  acc1=20.19%  acc2=18.49%  ens=19.34%  (best 22.42 @ ep 6)  [5.4s]
  ep  43: R(t)=0.380  acc1=18.49%  acc2=19.50%  ens=19.00%  (best 22.42 @ ep 6)  [5.5s]
  ep  44: R(t)=0.380  acc1=18.77%  acc2=20.01%  ens=19.39%  (best 22.42 @ ep 6)  [5.5s]
  ep  45: R(t)=0.380  acc1=18.70%  acc2=18.81%  ens=18.75%  (best 22.42 @ ep 6)  [5.4s]
  ep  46: R(t)=0.380  acc1=19.15%  acc2=19.33%  ens=19.24%  (best 22.42 @ ep 6)  [5.3s]
  ep  47: R(t)=0.380  acc1=19.80%  acc2=19.10%  ens=19.45%  (best 22.42 @ ep 6)  [5.4s]
  ep  48: R(t)=0.380  acc1=19.46%  acc2=18.39%  ens=18.93%  (best 22.42 @ ep 6)  [5.6s]
  ep  49: R(t)=0.380  acc1=17.57%  acc2=18.21%  ens=17.89%  (best 22.42 @ ep 6)  [5.4s]
  ep  50: R(t)=0.380  acc1=15.57%  acc2=17.87%  ens=16.72%  (best 22.42 @ ep 6)  [11.9s]  [sel1+2: prec=0.276, recall_clean=0.284]
  ep  51: R(t)=0.380  acc1=18.28%  acc2=18.00%  ens=18.14%  (best 22.42 @ ep 6)  [14.8s]
  ep  52: R(t)=0.380  acc1=19.13%  acc2=18.77%  ens=18.95%  (best 22.42 @ ep 6)  [13.9s]
  ep  53: R(t)=0.380  acc1=19.18%  acc2=18.29%  ens=18.74%  (best 22.42 @ ep 6)  [13.4s]
  ep  54: R(t)=0.380  acc1=20.61%  acc2=20.48%  ens=20.55%  (best 22.42 @ ep 6)  [14.4s]
  ep  55: R(t)=0.380  acc1=17.70%  acc2=17.31%  ens=17.50%  (best 22.42 @ ep 6)  [15.4s]
  ep  56: R(t)=0.380  acc1=17.30%  acc2=18.49%  ens=17.89%  (best 22.42 @ ep 6)  [12.1s]
  ep  57: R(t)=0.380  acc1=17.59%  acc2=18.88%  ens=18.23%  (best 22.42 @ ep 6)  [5.7s]
  ep  58: R(t)=0.380  acc1=20.07%  acc2=19.91%  ens=19.99%  (best 22.42 @ ep 6)  [5.4s]
  ep  59: R(t)=0.380  acc1=18.81%  acc2=19.47%  ens=19.14%  (best 22.42 @ ep 6)  [5.3s]
  ep  60: R(t)=0.380  acc1=19.18%  acc2=18.40%  ens=18.79%  (best 22.42 @ ep 6)  [5.7s]
  ep  61: R(t)=0.380  acc1=20.44%  acc2=20.10%  ens=20.27%  (best 22.42 @ ep 6)  [5.4s]
  ep  62: R(t)=0.380  acc1=18.71%  acc2=19.79%  ens=19.25%  (best 22.42 @ ep 6)  [5.5s]
  ep  63: R(t)=0.380  acc1=19.35%  acc2=19.14%  ens=19.25%  (best 22.42 @ ep 6)  [5.4s]
  ep  64: R(t)=0.380  acc1=19.62%  acc2=20.06%  ens=19.84%  (best 22.42 @ ep 6)  [5.6s]
  ep  65: R(t)=0.380  acc1=18.25%  acc2=17.97%  ens=18.11%  (best 22.42 @ ep 6)  [5.0s]
  ep  66: R(t)=0.380  acc1=19.58%  acc2=19.51%  ens=19.55%  (best 22.42 @ ep 6)  [5.7s]
  ep  67: R(t)=0.380  acc1=19.18%  acc2=19.03%  ens=19.11%  (best 22.42 @ ep 6)  [5.6s]
  ep  68: R(t)=0.380  acc1=19.32%  acc2=19.40%  ens=19.36%  (best 22.42 @ ep 6)  [12.7s]
  ep  69: R(t)=0.380  acc1=20.04%  acc2=19.63%  ens=19.84%  (best 22.42 @ ep 6)  [12.7s]
  ep  70: R(t)=0.380  acc1=20.03%  acc2=19.81%  ens=19.92%  (best 22.42 @ ep 6)  [5.7s]
  ep  71: R(t)=0.380  acc1=20.49%  acc2=19.98%  ens=20.23%  (best 22.42 @ ep 6)  [5.3s]
  ep  72: R(t)=0.380  acc1=19.20%  acc2=20.01%  ens=19.61%  (best 22.42 @ ep 6)  [5.4s]
  ep  73: R(t)=0.380  acc1=19.52%  acc2=19.30%  ens=19.41%  (best 22.42 @ ep 6)  [5.0s]
  ep  74: R(t)=0.380  acc1=20.09%  acc2=19.86%  ens=19.97%  (best 22.42 @ ep 6)  [5.6s]
  ep  75: R(t)=0.380  acc1=20.14%  acc2=19.82%  ens=19.98%  (best 22.42 @ ep 6)  [8.1s]  [sel1+2: prec=0.307, recall_clean=0.314]
  ep  76: R(t)=0.380  acc1=18.84%  acc2=19.02%  ens=18.93%  (best 22.42 @ ep 6)  [5.8s]
  ep  77: R(t)=0.380  acc1=18.53%  acc2=18.91%  ens=18.72%  (best 22.42 @ ep 6)  [5.5s]
  ep  78: R(t)=0.380  acc1=20.21%  acc2=20.11%  ens=20.16%  (best 22.42 @ ep 6)  [5.5s]
  ep  79: R(t)=0.380  acc1=18.97%  acc2=19.55%  ens=19.26%  (best 22.42 @ ep 6)  [5.3s]
  ep  80: R(t)=0.380  acc1=19.24%  acc2=19.39%  ens=19.31%  (best 22.42 @ ep 6)  [7.9s]
  ep  81: R(t)=0.380  acc1=19.03%  acc2=19.30%  ens=19.16%  (best 22.42 @ ep 6)  [15.6s]
  ep  82: R(t)=0.380  acc1=19.88%  acc2=19.86%  ens=19.87%  (best 22.42 @ ep 6)  [13.6s]
  ep  83: R(t)=0.380  acc1=19.87%  acc2=19.62%  ens=19.75%  (best 22.42 @ ep 6)  [15.4s]
  ep  84: R(t)=0.380  acc1=19.87%  acc2=19.72%  ens=19.79%  (best 22.42 @ ep 6)  [14.6s]
  ep  85: R(t)=0.380  acc1=19.63%  acc2=19.70%  ens=19.66%  (best 22.42 @ ep 6)  [15.2s]
  ep  86: R(t)=0.380  acc1=19.77%  acc2=19.70%  ens=19.73%  (best 22.42 @ ep 6)  [14.9s]
  ep  87: R(t)=0.380  acc1=20.51%  acc2=20.46%  ens=20.48%  (best 22.42 @ ep 6)  [16.1s]
  ep  88: R(t)=0.380  acc1=20.61%  acc2=20.56%  ens=20.59%  (best 22.42 @ ep 6)  [15.4s]
  ep  89: R(t)=0.380  acc1=20.14%  acc2=20.06%  ens=20.10%  (best 22.42 @ ep 6)  [12.5s]
  ep  90: R(t)=0.380  acc1=20.14%  acc2=20.19%  ens=20.16%  (best 22.42 @ ep 6)  [5.3s]
  ep  91: R(t)=0.380  acc1=19.77%  acc2=19.81%  ens=19.79%  (best 22.42 @ ep 6)  [5.2s]
  ep  92: R(t)=0.380  acc1=20.26%  acc2=20.27%  ens=20.27%  (best 22.42 @ ep 6)  [5.3s]
  ep  93: R(t)=0.380  acc1=20.65%  acc2=20.55%  ens=20.60%  (best 22.42 @ ep 6)  [5.6s]
  ep  94: R(t)=0.380  acc1=20.36%  acc2=20.23%  ens=20.30%  (best 22.42 @ ep 6)  [5.6s]
  ep  95: R(t)=0.380  acc1=20.12%  acc2=20.13%  ens=20.12%  (best 22.42 @ ep 6)  [5.6s]
  ep  96: R(t)=0.380  acc1=20.21%  acc2=20.19%  ens=20.20%  (best 22.42 @ ep 6)  [5.5s]
  ep  97: R(t)=0.380  acc1=20.19%  acc2=20.15%  ens=20.17%  (best 22.42 @ ep 6)  [5.5s]
  ep  98: R(t)=0.380  acc1=20.09%  acc2=19.94%  ens=20.02%  (best 22.42 @ ep 6)  [5.6s]
  ep  99: R(t)=0.380  acc1=20.09%  acc2=20.01%  ens=20.05%  (best 22.42 @ ep 6)  [8.2s]  [sel1+2: prec=0.313, recall_clean=0.317]

saved /path/to/ciln-workspace/journal_edition/robustness_transfer/results_v4/coteaching/ours_v2_ccp_clean__glass_blur_sev3__seed0.json: best ens-acc 22.42% @ ep 6
