/path/to/ciln-workspace/venv/lib/python3.12/site-packages/torchvision/datasets/cifar.py:83: VisibleDeprecationWarning: dtype(): align should be passed as Python or NumPy boolean but got `align=0`. Did you mean to pass a tuple to create a subarray type? (Deprecated NumPy 2.4)
  entry = pickle.load(f, encoding="latin1")
condition=ours_v2_ccp_clean__glass_blur_sev3 seed=2 gpu=0
image_source=clean  N=17469  noise_rate=61.98%
  ep   0: R(t)=1.000  acc1=19.41%  acc2=18.54%  ens=18.98%  (best 18.98 @ ep 0)  [6.8s]
  ep   1: R(t)=0.804  acc1=17.44%  acc2=18.22%  ens=17.83%  (best 18.98 @ ep 0)  [5.3s]
  ep   2: R(t)=0.723  acc1=20.57%  acc2=19.85%  ens=20.21%  (best 20.21 @ ep 2)  [5.6s]
  ep   3: R(t)=0.660  acc1=18.20%  acc2=19.36%  ens=18.78%  (best 20.21 @ ep 2)  [5.4s]
  ep   4: R(t)=0.608  acc1=18.92%  acc2=17.50%  ens=18.21%  (best 20.21 @ ep 2)  [5.6s]
  ep   5: R(t)=0.562  acc1=19.26%  acc2=18.93%  ens=19.10%  (best 20.21 @ ep 2)  [8.4s]  [sel1+2: prec=0.323, recall_clean=0.492]
  ep   6: R(t)=0.520  acc1=21.85%  acc2=21.41%  ens=21.63%  (best 21.63 @ ep 6)  [5.3s]
  ep   7: R(t)=0.481  acc1=19.21%  acc2=19.33%  ens=19.27%  (best 21.63 @ ep 6)  [5.3s]
  ep   8: R(t)=0.446  acc1=19.13%  acc2=19.60%  ens=19.36%  (best 21.63 @ ep 6)  [8.2s]
  ep   9: R(t)=0.412  acc1=18.12%  acc2=17.43%  ens=17.78%  (best 21.63 @ ep 6)  [14.4s]
  ep  10: R(t)=0.380  acc1=16.60%  acc2=16.56%  ens=16.58%  (best 21.63 @ ep 6)  [20.8s]  [sel1+2: prec=0.268, recall_clean=0.278]
  ep  11: R(t)=0.380  acc1=16.36%  acc2=14.37%  ens=15.37%  (best 21.63 @ ep 6)  [15.4s]
  ep  12: R(t)=0.380  acc1=18.08%  acc2=16.97%  ens=17.52%  (best 21.63 @ ep 6)  [14.7s]
  ep  13: R(t)=0.380  acc1=17.33%  acc2=16.88%  ens=17.11%  (best 21.63 @ ep 6)  [17.0s]
  ep  14: R(t)=0.380  acc1=17.29%  acc2=17.80%  ens=17.54%  (best 21.63 @ ep 6)  [18.0s]
  ep  15: R(t)=0.380  acc1=18.58%  acc2=19.17%  ens=18.88%  (best 21.63 @ ep 6)  [15.4s]
  ep  16: R(t)=0.380  acc1=18.95%  acc2=16.90%  ens=17.93%  (best 21.63 @ ep 6)  [5.4s]
  ep  17: R(t)=0.380  acc1=19.44%  acc2=17.88%  ens=18.66%  (best 21.63 @ ep 6)  [5.6s]
  ep  18: R(t)=0.380  acc1=19.72%  acc2=19.62%  ens=19.67%  (best 21.63 @ ep 6)  [5.7s]
  ep  19: R(t)=0.380  acc1=18.24%  acc2=18.61%  ens=18.43%  (best 21.63 @ ep 6)  [5.5s]
  ep  20: R(t)=0.380  acc1=15.86%  acc2=16.29%  ens=16.07%  (best 21.63 @ ep 6)  [8.1s]  [sel1+2: prec=0.270, recall_clean=0.278]
  ep  21: R(t)=0.380  acc1=17.63%  acc2=18.34%  ens=17.98%  (best 21.63 @ ep 6)  [5.4s]
  ep  22: R(t)=0.380  acc1=17.62%  acc2=18.59%  ens=18.11%  (best 21.63 @ ep 6)  [5.5s]
  ep  23: R(t)=0.380  acc1=19.49%  acc2=19.58%  ens=19.54%  (best 21.63 @ ep 6)  [5.5s]
  ep  24: R(t)=0.380  acc1=16.76%  acc2=16.83%  ens=16.79%  (best 21.63 @ ep 6)  [5.4s]
  ep  25: R(t)=0.380  acc1=19.20%  acc2=18.99%  ens=19.10%  (best 21.63 @ ep 6)  [5.5s]
  ep  26: R(t)=0.380  acc1=17.84%  acc2=17.70%  ens=17.77%  (best 21.63 @ ep 6)  [10.2s]
  ep  27: R(t)=0.380  acc1=18.45%  acc2=18.37%  ens=18.41%  (best 21.63 @ ep 6)  [15.5s]
  ep  28: R(t)=0.380  acc1=14.36%  acc2=15.26%  ens=14.81%  (best 21.63 @ ep 6)  [13.9s]
  ep  29: R(t)=0.380  acc1=16.87%  acc2=17.52%  ens=17.20%  (best 21.63 @ ep 6)  [15.7s]
  ep  30: R(t)=0.380  acc1=18.62%  acc2=18.40%  ens=18.51%  (best 21.63 @ ep 6)  [19.8s]  [sel1+2: prec=0.296, recall_clean=0.303]
  ep  31: R(t)=0.380  acc1=19.91%  acc2=16.83%  ens=18.37%  (best 21.63 @ ep 6)  [15.1s]
  ep  32: R(t)=0.380  acc1=18.39%  acc2=17.14%  ens=17.77%  (best 21.63 @ ep 6)  [15.1s]
  ep  33: R(t)=0.380  acc1=18.59%  acc2=17.91%  ens=18.25%  (best 21.63 @ ep 6)  [16.0s]
  ep  34: R(t)=0.380  acc1=19.73%  acc2=18.37%  ens=19.05%  (best 21.63 @ ep 6)  [15.0s]
  ep  35: R(t)=0.380  acc1=18.75%  acc2=19.11%  ens=18.93%  (best 21.63 @ ep 6)  [16.7s]
  ep  36: R(t)=0.380  acc1=18.65%  acc2=18.79%  ens=18.72%  (best 21.63 @ ep 6)  [13.9s]
  ep  37: R(t)=0.380  acc1=18.98%  acc2=18.67%  ens=18.82%  (best 21.63 @ ep 6)  [14.2s]
  ep  38: R(t)=0.380  acc1=18.83%  acc2=19.19%  ens=19.01%  (best 21.63 @ ep 6)  [14.2s]
  ep  39: R(t)=0.380  acc1=18.90%  acc2=18.81%  ens=18.86%  (best 21.63 @ ep 6)  [13.4s]
  ep  40: R(t)=0.380  acc1=17.64%  acc2=17.72%  ens=17.68%  (best 21.63 @ ep 6)  [13.4s]
  ep  41: R(t)=0.380  acc1=15.09%  acc2=14.66%  ens=14.88%  (best 21.63 @ ep 6)  [5.3s]
  ep  42: R(t)=0.380  acc1=15.58%  acc2=16.80%  ens=16.19%  (best 21.63 @ ep 6)  [5.5s]
  ep  43: R(t)=0.380  acc1=17.78%  acc2=16.86%  ens=17.32%  (best 21.63 @ ep 6)  [5.5s]
  ep  44: R(t)=0.380  acc1=17.69%  acc2=17.52%  ens=17.60%  (best 21.63 @ ep 6)  [5.6s]
  ep  45: R(t)=0.380  acc1=19.55%  acc2=19.30%  ens=19.43%  (best 21.63 @ ep 6)  [5.7s]
  ep  46: R(t)=0.380  acc1=16.89%  acc2=17.89%  ens=17.39%  (best 21.63 @ ep 6)  [5.1s]
  ep  47: R(t)=0.380  acc1=20.30%  acc2=19.81%  ens=20.05%  (best 21.63 @ ep 6)  [5.5s]
  ep  48: R(t)=0.380  acc1=17.99%  acc2=18.19%  ens=18.09%  (best 21.63 @ ep 6)  [5.5s]
  ep  49: R(t)=0.380  acc1=19.43%  acc2=18.47%  ens=18.95%  (best 21.63 @ ep 6)  [5.4s]
  ep  50: R(t)=0.380  acc1=18.32%  acc2=18.53%  ens=18.43%  (best 21.63 @ ep 6)  [8.3s]  [sel1+2: prec=0.306, recall_clean=0.315]
  ep  51: R(t)=0.380  acc1=19.38%  acc2=19.12%  ens=19.25%  (best 21.63 @ ep 6)  [5.3s]
  ep  52: R(t)=0.380  acc1=18.02%  acc2=18.53%  ens=18.27%  (best 21.63 @ ep 6)  [14.0s]
  ep  53: R(t)=0.380  acc1=18.11%  acc2=18.20%  ens=18.15%  (best 21.63 @ ep 6)  [13.1s]
  ep  54: R(t)=0.380  acc1=19.17%  acc2=18.47%  ens=18.82%  (best 21.63 @ ep 6)  [13.7s]
  ep  55: R(t)=0.380  acc1=18.94%  acc2=18.87%  ens=18.91%  (best 21.63 @ ep 6)  [13.7s]
  ep  56: R(t)=0.380  acc1=19.10%  acc2=18.96%  ens=19.03%  (best 21.63 @ ep 6)  [13.4s]
  ep  57: R(t)=0.380  acc1=17.64%  acc2=17.81%  ens=17.73%  (best 21.63 @ ep 6)  [14.1s]
  ep  58: R(t)=0.380  acc1=18.38%  acc2=18.41%  ens=18.39%  (best 21.63 @ ep 6)  [13.4s]
  ep  59: R(t)=0.380  acc1=18.79%  acc2=19.02%  ens=18.91%  (best 21.63 @ ep 6)  [13.8s]
  ep  60: R(t)=0.380  acc1=18.41%  acc2=18.37%  ens=18.39%  (best 21.63 @ ep 6)  [13.0s]
  ep  61: R(t)=0.380  acc1=18.15%  acc2=18.60%  ens=18.38%  (best 21.63 @ ep 6)  [13.5s]
  ep  62: R(t)=0.380  acc1=17.76%  acc2=16.93%  ens=17.34%  (best 21.63 @ ep 6)  [14.1s]
  ep  63: R(t)=0.380  acc1=19.46%  acc2=19.43%  ens=19.45%  (best 21.63 @ ep 6)  [14.3s]
  ep  64: R(t)=0.380  acc1=19.60%  acc2=19.52%  ens=19.56%  (best 21.63 @ ep 6)  [12.9s]
  ep  65: R(t)=0.380  acc1=17.66%  acc2=18.89%  ens=18.28%  (best 21.63 @ ep 6)  [14.3s]
  ep  66: R(t)=0.380  acc1=19.73%  acc2=19.29%  ens=19.51%  (best 21.63 @ ep 6)  [13.0s]
  ep  67: R(t)=0.380  acc1=20.05%  acc2=19.54%  ens=19.80%  (best 21.63 @ ep 6)  [13.2s]
  ep  68: R(t)=0.380  acc1=17.44%  acc2=18.46%  ens=17.95%  (best 21.63 @ ep 6)  [13.4s]
  ep  69: R(t)=0.380  acc1=18.74%  acc2=18.67%  ens=18.70%  (best 21.63 @ ep 6)  [12.9s]
  ep  70: R(t)=0.380  acc1=18.80%  acc2=18.46%  ens=18.63%  (best 21.63 @ ep 6)  [13.5s]
  ep  71: R(t)=0.380  acc1=20.57%  acc2=20.16%  ens=20.36%  (best 21.63 @ ep 6)  [13.5s]
  ep  72: R(t)=0.380  acc1=18.33%  acc2=18.51%  ens=18.42%  (best 21.63 @ ep 6)  [14.5s]
  ep  73: R(t)=0.380  acc1=19.59%  acc2=18.95%  ens=19.27%  (best 21.63 @ ep 6)  [10.4s]
  ep  74: R(t)=0.380  acc1=19.14%  acc2=19.07%  ens=19.11%  (best 21.63 @ ep 6)  [5.6s]
  ep  75: R(t)=0.380  acc1=19.26%  acc2=19.25%  ens=19.25%  (best 21.63 @ ep 6)  [8.2s]  [sel1+2: prec=0.294, recall_clean=0.302]
  ep  76: R(t)=0.380  acc1=19.69%  acc2=19.81%  ens=19.75%  (best 21.63 @ ep 6)  [5.5s]
  ep  77: R(t)=0.380  acc1=19.33%  acc2=19.69%  ens=19.51%  (best 21.63 @ ep 6)  [5.4s]
  ep  78: R(t)=0.380  acc1=19.16%  acc2=19.30%  ens=19.23%  (best 21.63 @ ep 6)  [5.5s]
  ep  79: R(t)=0.380  acc1=20.34%  acc2=19.87%  ens=20.11%  (best 21.63 @ ep 6)  [5.4s]
  ep  80: R(t)=0.380  acc1=20.13%  acc2=20.69%  ens=20.41%  (best 21.63 @ ep 6)  [5.4s]
  ep  81: R(t)=0.380  acc1=20.30%  acc2=20.34%  ens=20.32%  (best 21.63 @ ep 6)  [5.3s]
  ep  82: R(t)=0.380  acc1=20.66%  acc2=20.46%  ens=20.56%  (best 21.63 @ ep 6)  [5.5s]
  ep  83: R(t)=0.380  acc1=20.43%  acc2=20.31%  ens=20.37%  (best 21.63 @ ep 6)  [5.6s]
  ep  84: R(t)=0.380  acc1=20.28%  acc2=20.02%  ens=20.15%  (best 21.63 @ ep 6)  [7.4s]
  ep  85: R(t)=0.380  acc1=20.29%  acc2=20.27%  ens=20.28%  (best 21.63 @ ep 6)  [14.5s]
  ep  86: R(t)=0.380  acc1=20.15%  acc2=20.01%  ens=20.08%  (best 21.63 @ ep 6)  [13.9s]
  ep  87: R(t)=0.380  acc1=20.16%  acc2=20.34%  ens=20.25%  (best 21.63 @ ep 6)  [11.5s]
  ep  88: R(t)=0.380  acc1=20.10%  acc2=20.25%  ens=20.18%  (best 21.63 @ ep 6)  [5.6s]
  ep  89: R(t)=0.380  acc1=20.42%  acc2=20.54%  ens=20.48%  (best 21.63 @ ep 6)  [5.8s]
  ep  90: R(t)=0.380  acc1=20.45%  acc2=20.45%  ens=20.45%  (best 21.63 @ ep 6)  [5.3s]
  ep  91: R(t)=0.380  acc1=19.76%  acc2=19.89%  ens=19.82%  (best 21.63 @ ep 6)  [5.4s]
  ep  92: R(t)=0.380  acc1=19.99%  acc2=19.94%  ens=19.96%  (best 21.63 @ ep 6)  [5.4s]
  ep  93: R(t)=0.380  acc1=20.14%  acc2=20.21%  ens=20.17%  (best 21.63 @ ep 6)  [5.5s]
  ep  94: R(t)=0.380  acc1=19.96%  acc2=20.02%  ens=19.99%  (best 21.63 @ ep 6)  [5.2s]
  ep  95: R(t)=0.380  acc1=19.85%  acc2=19.91%  ens=19.88%  (best 21.63 @ ep 6)  [5.3s]
  ep  96: R(t)=0.380  acc1=20.20%  acc2=20.21%  ens=20.21%  (best 21.63 @ ep 6)  [5.0s]
  ep  97: R(t)=0.380  acc1=20.10%  acc2=20.14%  ens=20.12%  (best 21.63 @ ep 6)  [5.2s]
  ep  98: R(t)=0.380  acc1=20.24%  acc2=20.30%  ens=20.27%  (best 21.63 @ ep 6)  [6.9s]
  ep  99: R(t)=0.380  acc1=20.15%  acc2=20.18%  ens=20.16%  (best 21.63 @ ep 6)  [19.4s]  [sel1+2: prec=0.303, recall_clean=0.309]

saved /path/to/ciln-workspace/journal_edition/robustness_transfer/results_v4/coteaching/ours_v2_ccp_clean__glass_blur_sev3__seed2.json: best ens-acc 21.63% @ ep 6
