/path/to/ciln-workspace/venv/lib/python3.12/site-packages/torchvision/datasets/cifar.py:83: VisibleDeprecationWarning: dtype(): align should be passed as Python or NumPy boolean but got `align=0`. Did you mean to pass a tuple to create a subarray type? (Deprecated NumPy 2.4)
  entry = pickle.load(f, encoding="latin1")
condition=ours_v2_noisy__shot_noise_sev5 seed=2 gpu=1
image_source=noisy  N=22500  noise_rate=54.72%
  ep   0: R(t)=1.000  acc1=20.35%  acc2=19.02%  ens=19.68%  (best 19.68 @ ep 0)  [7.3s]
  ep   1: R(t)=0.827  acc1=21.53%  acc2=21.34%  ens=21.43%  (best 21.43 @ ep 1)  [6.0s]
  ep   2: R(t)=0.755  acc1=23.85%  acc2=22.60%  ens=23.23%  (best 23.23 @ ep 2)  [6.6s]
  ep   3: R(t)=0.700  acc1=22.04%  acc2=14.12%  ens=18.08%  (best 23.23 @ ep 2)  [6.2s]
  ep   4: R(t)=0.654  acc1=21.36%  acc2=20.99%  ens=21.18%  (best 23.23 @ ep 2)  [6.4s]
  ep   5: R(t)=0.613  acc1=20.14%  acc2=17.43%  ens=18.79%  (best 23.23 @ ep 2)  [9.8s]  [sel1+2: prec=0.366, recall_clean=0.510]
  ep   6: R(t)=0.576  acc1=20.43%  acc2=18.70%  ens=19.56%  (best 23.23 @ ep 2)  [6.4s]
  ep   7: R(t)=0.542  acc1=20.75%  acc2=19.90%  ens=20.32%  (best 23.23 @ ep 2)  [7.7s]
  ep   8: R(t)=0.511  acc1=20.13%  acc2=19.79%  ens=19.96%  (best 23.23 @ ep 2)  [6.4s]
  ep   9: R(t)=0.481  acc1=23.47%  acc2=22.56%  ens=23.02%  (best 23.23 @ ep 2)  [6.4s]
  ep  10: R(t)=0.453  acc1=21.00%  acc2=18.55%  ens=19.77%  (best 23.23 @ ep 2)  [9.7s]  [sel1+2: prec=0.361, recall_clean=0.379]
  ep  11: R(t)=0.453  acc1=23.82%  acc2=23.34%  ens=23.58%  (best 23.58 @ ep 11)  [6.4s]
  ep  12: R(t)=0.453  acc1=23.56%  acc2=19.98%  ens=21.77%  (best 23.58 @ ep 11)  [6.2s]
  ep  13: R(t)=0.453  acc1=26.31%  acc2=27.07%  ens=26.69%  (best 26.69 @ ep 13)  [6.3s]
  ep  14: R(t)=0.453  acc1=24.20%  acc2=25.69%  ens=24.95%  (best 26.69 @ ep 13)  [6.4s]
  ep  15: R(t)=0.453  acc1=23.67%  acc2=22.91%  ens=23.29%  (best 26.69 @ ep 13)  [6.2s]
  ep  16: R(t)=0.453  acc1=22.75%  acc2=18.67%  ens=20.71%  (best 26.69 @ ep 13)  [6.5s]
  ep  17: R(t)=0.453  acc1=23.48%  acc2=23.54%  ens=23.51%  (best 26.69 @ ep 13)  [15.2s]
  ep  18: R(t)=0.453  acc1=21.59%  acc2=18.74%  ens=20.16%  (best 26.69 @ ep 13)  [16.1s]
  ep  19: R(t)=0.453  acc1=19.95%  acc2=20.49%  ens=20.22%  (best 26.69 @ ep 13)  [16.2s]
  ep  20: R(t)=0.453  acc1=19.89%  acc2=20.78%  ens=20.34%  (best 26.69 @ ep 13)  [19.7s]  [sel1+2: prec=0.373, recall_clean=0.388]
  ep  21: R(t)=0.453  acc1=22.11%  acc2=22.43%  ens=22.27%  (best 26.69 @ ep 13)  [14.9s]
  ep  22: R(t)=0.453  acc1=20.31%  acc2=21.74%  ens=21.02%  (best 26.69 @ ep 13)  [15.2s]
  ep  23: R(t)=0.453  acc1=22.74%  acc2=22.81%  ens=22.78%  (best 26.69 @ ep 13)  [15.9s]
  ep  24: R(t)=0.453  acc1=23.60%  acc2=23.89%  ens=23.75%  (best 26.69 @ ep 13)  [15.7s]
  ep  25: R(t)=0.453  acc1=21.45%  acc2=18.53%  ens=19.99%  (best 26.69 @ ep 13)  [16.0s]
  ep  26: R(t)=0.453  acc1=24.27%  acc2=22.83%  ens=23.55%  (best 26.69 @ ep 13)  [10.7s]
  ep  27: R(t)=0.453  acc1=24.56%  acc2=22.19%  ens=23.38%  (best 26.69 @ ep 13)  [6.5s]
  ep  28: R(t)=0.453  acc1=22.73%  acc2=23.07%  ens=22.90%  (best 26.69 @ ep 13)  [6.2s]
  ep  29: R(t)=0.453  acc1=19.69%  acc2=20.67%  ens=20.18%  (best 26.69 @ ep 13)  [6.2s]
  ep  30: R(t)=0.453  acc1=29.94%  acc2=28.37%  ens=29.15%  (best 29.15 @ ep 30)  [9.9s]  [sel1+2: prec=0.368, recall_clean=0.382]
  ep  31: R(t)=0.453  acc1=23.77%  acc2=24.48%  ens=24.12%  (best 29.15 @ ep 30)  [6.3s]
  ep  32: R(t)=0.453  acc1=21.05%  acc2=24.29%  ens=22.67%  (best 29.15 @ ep 30)  [6.2s]
  ep  33: R(t)=0.453  acc1=20.60%  acc2=22.26%  ens=21.43%  (best 29.15 @ ep 30)  [6.4s]
  ep  34: R(t)=0.453  acc1=22.25%  acc2=23.83%  ens=23.04%  (best 29.15 @ ep 30)  [6.1s]
  ep  35: R(t)=0.453  acc1=22.99%  acc2=23.73%  ens=23.36%  (best 29.15 @ ep 30)  [10.0s]
  ep  36: R(t)=0.453  acc1=25.63%  acc2=25.50%  ens=25.56%  (best 29.15 @ ep 30)  [15.2s]
  ep  37: R(t)=0.453  acc1=23.13%  acc2=23.49%  ens=23.31%  (best 29.15 @ ep 30)  [15.5s]
  ep  38: R(t)=0.453  acc1=21.56%  acc2=25.74%  ens=23.65%  (best 29.15 @ ep 30)  [15.1s]
  ep  39: R(t)=0.453  acc1=23.60%  acc2=22.45%  ens=23.03%  (best 29.15 @ ep 30)  [15.6s]
  ep  40: R(t)=0.453  acc1=21.37%  acc2=20.79%  ens=21.08%  (best 29.15 @ ep 30)  [15.9s]
  ep  41: R(t)=0.453  acc1=22.23%  acc2=21.95%  ens=22.09%  (best 29.15 @ ep 30)  [15.6s]
  ep  42: R(t)=0.453  acc1=24.06%  acc2=22.70%  ens=23.38%  (best 29.15 @ ep 30)  [15.2s]
  ep  43: R(t)=0.453  acc1=21.11%  acc2=22.14%  ens=21.62%  (best 29.15 @ ep 30)  [16.7s]
  ep  44: R(t)=0.453  acc1=28.17%  acc2=27.58%  ens=27.88%  (best 29.15 @ ep 30)  [16.1s]
  ep  45: R(t)=0.453  acc1=22.60%  acc2=24.56%  ens=23.58%  (best 29.15 @ ep 30)  [15.1s]
  ep  46: R(t)=0.453  acc1=27.73%  acc2=25.55%  ens=26.64%  (best 29.15 @ ep 30)  [16.7s]
  ep  47: R(t)=0.453  acc1=20.51%  acc2=20.62%  ens=20.57%  (best 29.15 @ ep 30)  [15.8s]
  ep  48: R(t)=0.453  acc1=20.40%  acc2=21.43%  ens=20.91%  (best 29.15 @ ep 30)  [17.4s]
  ep  49: R(t)=0.453  acc1=24.96%  acc2=23.79%  ens=24.38%  (best 29.15 @ ep 30)  [16.8s]
  ep  50: R(t)=0.453  acc1=20.87%  acc2=22.16%  ens=21.52%  (best 29.15 @ ep 30)  [21.7s]  [sel1+2: prec=0.382, recall_clean=0.396]
  ep  51: R(t)=0.453  acc1=25.17%  acc2=26.59%  ens=25.88%  (best 29.15 @ ep 30)  [16.0s]
  ep  52: R(t)=0.453  acc1=18.54%  acc2=20.10%  ens=19.32%  (best 29.15 @ ep 30)  [15.4s]
  ep  53: R(t)=0.453  acc1=22.39%  acc2=21.00%  ens=21.69%  (best 29.15 @ ep 30)  [16.3s]
  ep  54: R(t)=0.453  acc1=23.10%  acc2=23.69%  ens=23.39%  (best 29.15 @ ep 30)  [16.6s]
  ep  55: R(t)=0.453  acc1=21.65%  acc2=19.42%  ens=20.54%  (best 29.15 @ ep 30)  [17.4s]
  ep  56: R(t)=0.453  acc1=26.23%  acc2=25.62%  ens=25.92%  (best 29.15 @ ep 30)  [16.1s]
  ep  57: R(t)=0.453  acc1=23.75%  acc2=24.16%  ens=23.95%  (best 29.15 @ ep 30)  [15.8s]
  ep  58: R(t)=0.453  acc1=25.40%  acc2=24.11%  ens=24.75%  (best 29.15 @ ep 30)  [16.3s]
  ep  59: R(t)=0.453  acc1=25.38%  acc2=22.81%  ens=24.09%  (best 29.15 @ ep 30)  [16.3s]
  ep  60: R(t)=0.453  acc1=24.02%  acc2=23.42%  ens=23.72%  (best 29.15 @ ep 30)  [15.6s]
  ep  61: R(t)=0.453  acc1=25.47%  acc2=26.94%  ens=26.21%  (best 29.15 @ ep 30)  [14.8s]
  ep  62: R(t)=0.453  acc1=23.99%  acc2=21.54%  ens=22.77%  (best 29.15 @ ep 30)  [16.5s]
  ep  63: R(t)=0.453  acc1=23.54%  acc2=20.47%  ens=22.00%  (best 29.15 @ ep 30)  [18.5s]
  ep  64: R(t)=0.453  acc1=23.17%  acc2=22.16%  ens=22.66%  (best 29.15 @ ep 30)  [16.7s]
  ep  65: R(t)=0.453  acc1=27.61%  acc2=28.43%  ens=28.02%  (best 29.15 @ ep 30)  [8.4s]
  ep  66: R(t)=0.453  acc1=26.73%  acc2=24.89%  ens=25.81%  (best 29.15 @ ep 30)  [6.3s]
  ep  67: R(t)=0.453  acc1=23.99%  acc2=23.74%  ens=23.86%  (best 29.15 @ ep 30)  [6.3s]
  ep  68: R(t)=0.453  acc1=22.35%  acc2=22.86%  ens=22.61%  (best 29.15 @ ep 30)  [6.5s]
  ep  69: R(t)=0.453  acc1=24.12%  acc2=24.33%  ens=24.22%  (best 29.15 @ ep 30)  [6.1s]
  ep  70: R(t)=0.453  acc1=27.93%  acc2=27.57%  ens=27.75%  (best 29.15 @ ep 30)  [6.3s]
  ep  71: R(t)=0.453  acc1=25.75%  acc2=24.92%  ens=25.34%  (best 29.15 @ ep 30)  [6.3s]
  ep  72: R(t)=0.453  acc1=27.64%  acc2=27.24%  ens=27.44%  (best 29.15 @ ep 30)  [6.3s]
  ep  73: R(t)=0.453  acc1=27.87%  acc2=27.37%  ens=27.62%  (best 29.15 @ ep 30)  [6.4s]
  ep  74: R(t)=0.453  acc1=27.18%  acc2=26.72%  ens=26.95%  (best 29.15 @ ep 30)  [6.8s]
  ep  75: R(t)=0.453  acc1=27.68%  acc2=26.45%  ens=27.07%  (best 29.15 @ ep 30)  [22.2s]  [sel1+2: prec=0.395, recall_clean=0.406]
  ep  76: R(t)=0.453  acc1=25.82%  acc2=25.97%  ens=25.90%  (best 29.15 @ ep 30)  [15.9s]
  ep  77: R(t)=0.453  acc1=26.42%  acc2=27.25%  ens=26.83%  (best 29.15 @ ep 30)  [16.9s]
  ep  78: R(t)=0.453  acc1=26.09%  acc2=25.30%  ens=25.70%  (best 29.15 @ ep 30)  [15.7s]
  ep  79: R(t)=0.453  acc1=26.28%  acc2=25.60%  ens=25.94%  (best 29.15 @ ep 30)  [14.5s]
  ep  80: R(t)=0.453  acc1=26.26%  acc2=24.95%  ens=25.61%  (best 29.15 @ ep 30)  [6.5s]
  ep  81: R(t)=0.453  acc1=25.70%  acc2=26.88%  ens=26.29%  (best 29.15 @ ep 30)  [6.2s]
  ep  82: R(t)=0.453  acc1=27.40%  acc2=26.93%  ens=27.16%  (best 29.15 @ ep 30)  [6.5s]
  ep  83: R(t)=0.453  acc1=26.20%  acc2=26.35%  ens=26.28%  (best 29.15 @ ep 30)  [6.5s]
  ep  84: R(t)=0.453  acc1=25.96%  acc2=25.48%  ens=25.72%  (best 29.15 @ ep 30)  [6.6s]
  ep  85: R(t)=0.453  acc1=27.15%  acc2=26.96%  ens=27.05%  (best 29.15 @ ep 30)  [6.7s]
  ep  86: R(t)=0.453  acc1=27.25%  acc2=26.85%  ens=27.05%  (best 29.15 @ ep 30)  [6.4s]
  ep  87: R(t)=0.453  acc1=27.03%  acc2=26.64%  ens=26.83%  (best 29.15 @ ep 30)  [6.7s]
  ep  88: R(t)=0.453  acc1=27.05%  acc2=26.88%  ens=26.96%  (best 29.15 @ ep 30)  [6.2s]
  ep  89: R(t)=0.453  acc1=26.86%  acc2=26.61%  ens=26.73%  (best 29.15 @ ep 30)  [9.5s]
  ep  90: R(t)=0.453  acc1=27.95%  acc2=27.62%  ens=27.79%  (best 29.15 @ ep 30)  [15.7s]
  ep  91: R(t)=0.453  acc1=27.42%  acc2=27.50%  ens=27.46%  (best 29.15 @ ep 30)  [16.2s]
  ep  92: R(t)=0.453  acc1=27.58%  acc2=27.29%  ens=27.43%  (best 29.15 @ ep 30)  [15.9s]
  ep  93: R(t)=0.453  acc1=27.62%  acc2=27.52%  ens=27.57%  (best 29.15 @ ep 30)  [16.7s]
  ep  94: R(t)=0.453  acc1=27.76%  acc2=27.75%  ens=27.76%  (best 29.15 @ ep 30)  [15.6s]
  ep  95: R(t)=0.453  acc1=28.21%  acc2=28.26%  ens=28.23%  (best 29.15 @ ep 30)  [16.1s]
  ep  96: R(t)=0.453  acc1=28.09%  acc2=27.96%  ens=28.02%  (best 29.15 @ ep 30)  [16.3s]
  ep  97: R(t)=0.453  acc1=27.78%  acc2=27.67%  ens=27.73%  (best 29.15 @ ep 30)  [17.0s]
  ep  98: R(t)=0.453  acc1=27.80%  acc2=27.62%  ens=27.71%  (best 29.15 @ ep 30)  [17.3s]
  ep  99: R(t)=0.453  acc1=27.83%  acc2=27.70%  ens=27.77%  (best 29.15 @ ep 30)  [21.0s]  [sel1+2: prec=0.408, recall_clean=0.415]

saved /path/to/ciln-workspace/journal_edition/robustness_transfer/results_v4/coteaching/ours_v2_noisy__shot_noise_sev5__seed2.json: best ens-acc 29.15% @ ep 30
