/path/to/ciln-workspace/venv/lib/python3.12/site-packages/torchvision/datasets/cifar.py:83: VisibleDeprecationWarning: dtype(): align should be passed as Python or NumPy boolean but got `align=0`. Did you mean to pass a tuple to create a subarray type? (Deprecated NumPy 2.4)
  entry = pickle.load(f, encoding="latin1")
condition=ours_v2_ccp_clean__pixelate_sev5 seed=1 gpu=0
image_source=clean  N=17469  noise_rate=53.02%
  ep   0: R(t)=1.000  acc1=18.17%  acc2=18.57%  ens=18.37%  (best 18.37 @ ep 0)  [6.3s]
  ep   1: R(t)=0.832  acc1=20.17%  acc2=24.68%  ens=22.43%  (best 22.43 @ ep 1)  [5.1s]
  ep   2: R(t)=0.763  acc1=24.87%  acc2=26.26%  ens=25.56%  (best 25.56 @ ep 2)  [5.5s]
  ep   3: R(t)=0.710  acc1=24.58%  acc2=23.61%  ens=24.09%  (best 25.56 @ ep 2)  [5.6s]
  ep   4: R(t)=0.665  acc1=28.98%  acc2=27.34%  ens=28.16%  (best 28.16 @ ep 4)  [5.5s]
  ep   5: R(t)=0.625  acc1=25.05%  acc2=26.18%  ens=25.61%  (best 28.16 @ ep 4)  [9.8s]  [sel1+2: prec=0.458, recall_clean=0.639]
  ep   6: R(t)=0.589  acc1=27.51%  acc2=24.43%  ens=25.97%  (best 28.16 @ ep 4)  [13.9s]
  ep   7: R(t)=0.556  acc1=24.51%  acc2=24.20%  ens=24.36%  (best 28.16 @ ep 4)  [13.7s]
  ep   8: R(t)=0.526  acc1=24.54%  acc2=29.39%  ens=26.96%  (best 28.16 @ ep 4)  [14.5s]
  ep   9: R(t)=0.497  acc1=27.51%  acc2=24.41%  ens=25.96%  (best 28.16 @ ep 4)  [13.3s]
  ep  10: R(t)=0.470  acc1=23.02%  acc2=24.05%  ens=23.54%  (best 28.16 @ ep 4)  [19.8s]  [sel1+2: prec=0.499, recall_clean=0.536]
  ep  11: R(t)=0.470  acc1=22.97%  acc2=22.75%  ens=22.86%  (best 28.16 @ ep 4)  [14.1s]
  ep  12: R(t)=0.470  acc1=27.09%  acc2=25.49%  ens=26.29%  (best 28.16 @ ep 4)  [15.1s]
  ep  13: R(t)=0.470  acc1=24.41%  acc2=24.14%  ens=24.28%  (best 28.16 @ ep 4)  [13.8s]
  ep  14: R(t)=0.470  acc1=26.81%  acc2=24.77%  ens=25.79%  (best 28.16 @ ep 4)  [13.8s]
  ep  15: R(t)=0.470  acc1=25.36%  acc2=25.55%  ens=25.45%  (best 28.16 @ ep 4)  [13.8s]
  ep  16: R(t)=0.470  acc1=24.41%  acc2=24.14%  ens=24.28%  (best 28.16 @ ep 4)  [14.3s]
  ep  17: R(t)=0.470  acc1=22.50%  acc2=24.79%  ens=23.64%  (best 28.16 @ ep 4)  [13.7s]
  ep  18: R(t)=0.470  acc1=25.37%  acc2=23.96%  ens=24.66%  (best 28.16 @ ep 4)  [13.1s]
  ep  19: R(t)=0.470  acc1=23.00%  acc2=25.39%  ens=24.20%  (best 28.16 @ ep 4)  [13.1s]
  ep  20: R(t)=0.470  acc1=22.68%  acc2=21.17%  ens=21.93%  (best 28.16 @ ep 4)  [19.6s]  [sel1+2: prec=0.484, recall_clean=0.508]
  ep  21: R(t)=0.470  acc1=26.06%  acc2=25.01%  ens=25.53%  (best 28.16 @ ep 4)  [15.4s]
  ep  22: R(t)=0.470  acc1=23.00%  acc2=23.45%  ens=23.23%  (best 28.16 @ ep 4)  [15.1s]
  ep  23: R(t)=0.470  acc1=24.08%  acc2=19.10%  ens=21.59%  (best 28.16 @ ep 4)  [17.0s]
  ep  24: R(t)=0.470  acc1=23.86%  acc2=24.87%  ens=24.37%  (best 28.16 @ ep 4)  [14.7s]
  ep  25: R(t)=0.470  acc1=23.36%  acc2=21.51%  ens=22.43%  (best 28.16 @ ep 4)  [15.2s]
  ep  26: R(t)=0.470  acc1=25.65%  acc2=27.96%  ens=26.80%  (best 28.16 @ ep 4)  [13.9s]
  ep  27: R(t)=0.470  acc1=21.27%  acc2=23.98%  ens=22.62%  (best 28.16 @ ep 4)  [12.8s]
  ep  28: R(t)=0.470  acc1=27.40%  acc2=26.53%  ens=26.96%  (best 28.16 @ ep 4)  [13.4s]
  ep  29: R(t)=0.470  acc1=27.49%  acc2=26.72%  ens=27.11%  (best 28.16 @ ep 4)  [13.3s]
  ep  30: R(t)=0.470  acc1=26.67%  acc2=25.70%  ens=26.19%  (best 28.16 @ ep 4)  [20.0s]  [sel1+2: prec=0.478, recall_clean=0.505]
  ep  31: R(t)=0.470  acc1=23.83%  acc2=25.78%  ens=24.80%  (best 28.16 @ ep 4)  [13.7s]
  ep  32: R(t)=0.470  acc1=25.08%  acc2=24.17%  ens=24.63%  (best 28.16 @ ep 4)  [13.6s]
  ep  33: R(t)=0.470  acc1=24.60%  acc2=23.86%  ens=24.23%  (best 28.16 @ ep 4)  [13.9s]
  ep  34: R(t)=0.470  acc1=25.03%  acc2=25.14%  ens=25.09%  (best 28.16 @ ep 4)  [14.3s]
  ep  35: R(t)=0.470  acc1=25.31%  acc2=25.47%  ens=25.39%  (best 28.16 @ ep 4)  [13.7s]
  ep  36: R(t)=0.470  acc1=23.86%  acc2=23.76%  ens=23.81%  (best 28.16 @ ep 4)  [14.1s]
  ep  37: R(t)=0.470  acc1=24.35%  acc2=22.60%  ens=23.48%  (best 28.16 @ ep 4)  [13.9s]
  ep  38: R(t)=0.470  acc1=24.87%  acc2=23.09%  ens=23.98%  (best 28.16 @ ep 4)  [15.6s]
  ep  39: R(t)=0.470  acc1=25.13%  acc2=23.61%  ens=24.37%  (best 28.16 @ ep 4)  [15.4s]
  ep  40: R(t)=0.470  acc1=24.03%  acc2=23.86%  ens=23.95%  (best 28.16 @ ep 4)  [14.7s]
  ep  41: R(t)=0.470  acc1=26.55%  acc2=28.23%  ens=27.39%  (best 28.16 @ ep 4)  [14.6s]
  ep  42: R(t)=0.470  acc1=25.76%  acc2=24.72%  ens=25.24%  (best 28.16 @ ep 4)  [15.4s]
  ep  43: R(t)=0.470  acc1=26.42%  acc2=24.97%  ens=25.70%  (best 28.16 @ ep 4)  [12.4s]
  ep  44: R(t)=0.470  acc1=24.05%  acc2=23.52%  ens=23.79%  (best 28.16 @ ep 4)  [5.6s]
  ep  45: R(t)=0.470  acc1=23.85%  acc2=24.29%  ens=24.07%  (best 28.16 @ ep 4)  [5.6s]
  ep  46: R(t)=0.470  acc1=25.86%  acc2=25.68%  ens=25.77%  (best 28.16 @ ep 4)  [5.8s]
  ep  47: R(t)=0.470  acc1=25.83%  acc2=24.98%  ens=25.41%  (best 28.16 @ ep 4)  [5.6s]
  ep  48: R(t)=0.470  acc1=24.70%  acc2=23.20%  ens=23.95%  (best 28.16 @ ep 4)  [5.7s]
  ep  49: R(t)=0.470  acc1=26.70%  acc2=25.91%  ens=26.30%  (best 28.16 @ ep 4)  [5.5s]
  ep  50: R(t)=0.470  acc1=22.81%  acc2=24.63%  ens=23.72%  (best 28.16 @ ep 4)  [8.3s]  [sel1+2: prec=0.492, recall_clean=0.518]
  ep  51: R(t)=0.470  acc1=24.67%  acc2=23.34%  ens=24.00%  (best 28.16 @ ep 4)  [5.5s]
  ep  52: R(t)=0.470  acc1=23.65%  acc2=22.08%  ens=22.86%  (best 28.16 @ ep 4)  [5.4s]
  ep  53: R(t)=0.470  acc1=26.44%  acc2=24.45%  ens=25.45%  (best 28.16 @ ep 4)  [5.5s]
  ep  54: R(t)=0.470  acc1=25.73%  acc2=29.03%  ens=27.38%  (best 28.16 @ ep 4)  [11.3s]
  ep  55: R(t)=0.470  acc1=25.72%  acc2=25.90%  ens=25.81%  (best 28.16 @ ep 4)  [12.0s]
  ep  56: R(t)=0.470  acc1=25.47%  acc2=24.97%  ens=25.22%  (best 28.16 @ ep 4)  [5.4s]
  ep  57: R(t)=0.470  acc1=24.91%  acc2=24.70%  ens=24.80%  (best 28.16 @ ep 4)  [5.4s]
  ep  58: R(t)=0.470  acc1=26.37%  acc2=26.82%  ens=26.60%  (best 28.16 @ ep 4)  [5.4s]
  ep  59: R(t)=0.470  acc1=25.17%  acc2=24.35%  ens=24.76%  (best 28.16 @ ep 4)  [5.5s]
  ep  60: R(t)=0.470  acc1=24.20%  acc2=24.61%  ens=24.40%  (best 28.16 @ ep 4)  [5.5s]
  ep  61: R(t)=0.470  acc1=25.95%  acc2=24.59%  ens=25.27%  (best 28.16 @ ep 4)  [5.3s]
  ep  62: R(t)=0.470  acc1=24.69%  acc2=24.26%  ens=24.48%  (best 28.16 @ ep 4)  [5.4s]
  ep  63: R(t)=0.470  acc1=25.88%  acc2=26.09%  ens=25.99%  (best 28.16 @ ep 4)  [5.4s]
  ep  64: R(t)=0.470  acc1=25.63%  acc2=26.43%  ens=26.03%  (best 28.16 @ ep 4)  [5.7s]
  ep  65: R(t)=0.470  acc1=25.14%  acc2=24.62%  ens=24.88%  (best 28.16 @ ep 4)  [5.6s]
  ep  66: R(t)=0.470  acc1=25.53%  acc2=25.10%  ens=25.31%  (best 28.16 @ ep 4)  [5.4s]
  ep  67: R(t)=0.470  acc1=26.80%  acc2=23.92%  ens=25.36%  (best 28.16 @ ep 4)  [12.1s]
  ep  68: R(t)=0.470  acc1=26.94%  acc2=25.35%  ens=26.14%  (best 28.16 @ ep 4)  [5.5s]
  ep  69: R(t)=0.470  acc1=26.36%  acc2=26.70%  ens=26.53%  (best 28.16 @ ep 4)  [5.4s]
  ep  70: R(t)=0.470  acc1=26.14%  acc2=25.55%  ens=25.85%  (best 28.16 @ ep 4)  [5.5s]
  ep  71: R(t)=0.470  acc1=25.68%  acc2=25.54%  ens=25.61%  (best 28.16 @ ep 4)  [5.6s]
  ep  72: R(t)=0.470  acc1=25.90%  acc2=26.16%  ens=26.03%  (best 28.16 @ ep 4)  [5.4s]
  ep  73: R(t)=0.470  acc1=26.59%  acc2=25.54%  ens=26.07%  (best 28.16 @ ep 4)  [5.4s]
  ep  74: R(t)=0.470  acc1=26.06%  acc2=25.57%  ens=25.81%  (best 28.16 @ ep 4)  [5.3s]
  ep  75: R(t)=0.470  acc1=26.64%  acc2=26.94%  ens=26.79%  (best 28.16 @ ep 4)  [8.1s]  [sel1+2: prec=0.501, recall_clean=0.518]
  ep  76: R(t)=0.470  acc1=26.92%  acc2=26.87%  ens=26.90%  (best 28.16 @ ep 4)  [5.5s]
  ep  77: R(t)=0.470  acc1=26.19%  acc2=26.73%  ens=26.46%  (best 28.16 @ ep 4)  [5.6s]
  ep  78: R(t)=0.470  acc1=26.02%  acc2=26.35%  ens=26.19%  (best 28.16 @ ep 4)  [6.7s]
  ep  79: R(t)=0.470  acc1=26.17%  acc2=26.41%  ens=26.29%  (best 28.16 @ ep 4)  [5.9s]
  ep  80: R(t)=0.470  acc1=26.81%  acc2=26.87%  ens=26.84%  (best 28.16 @ ep 4)  [5.3s]
  ep  81: R(t)=0.470  acc1=26.49%  acc2=26.92%  ens=26.71%  (best 28.16 @ ep 4)  [5.3s]
  ep  82: R(t)=0.470  acc1=25.93%  acc2=25.80%  ens=25.86%  (best 28.16 @ ep 4)  [5.7s]
  ep  83: R(t)=0.470  acc1=25.45%  acc2=25.51%  ens=25.48%  (best 28.16 @ ep 4)  [5.5s]
  ep  84: R(t)=0.470  acc1=26.63%  acc2=26.33%  ens=26.48%  (best 28.16 @ ep 4)  [5.6s]
  ep  85: R(t)=0.470  acc1=25.93%  acc2=26.20%  ens=26.06%  (best 28.16 @ ep 4)  [5.5s]
  ep  86: R(t)=0.470  acc1=26.76%  acc2=26.58%  ens=26.67%  (best 28.16 @ ep 4)  [5.5s]
  ep  87: R(t)=0.470  acc1=26.67%  acc2=26.68%  ens=26.67%  (best 28.16 @ ep 4)  [5.5s]
  ep  88: R(t)=0.470  acc1=26.78%  acc2=26.91%  ens=26.84%  (best 28.16 @ ep 4)  [5.5s]
  ep  89: R(t)=0.470  acc1=26.49%  acc2=26.52%  ens=26.51%  (best 28.16 @ ep 4)  [5.8s]
  ep  90: R(t)=0.470  acc1=26.60%  acc2=26.45%  ens=26.52%  (best 28.16 @ ep 4)  [9.5s]
  ep  91: R(t)=0.470  acc1=26.67%  acc2=26.58%  ens=26.62%  (best 28.16 @ ep 4)  [13.1s]
  ep  92: R(t)=0.470  acc1=26.42%  acc2=26.56%  ens=26.49%  (best 28.16 @ ep 4)  [13.0s]
  ep  93: R(t)=0.470  acc1=26.59%  acc2=26.61%  ens=26.60%  (best 28.16 @ ep 4)  [13.4s]
  ep  94: R(t)=0.470  acc1=26.48%  acc2=26.53%  ens=26.51%  (best 28.16 @ ep 4)  [14.1s]
  ep  95: R(t)=0.470  acc1=26.38%  acc2=26.30%  ens=26.34%  (best 28.16 @ ep 4)  [14.1s]
  ep  96: R(t)=0.470  acc1=26.82%  acc2=26.82%  ens=26.82%  (best 28.16 @ ep 4)  [13.9s]
  ep  97: R(t)=0.470  acc1=26.54%  acc2=26.49%  ens=26.52%  (best 28.16 @ ep 4)  [5.4s]
  ep  98: R(t)=0.470  acc1=26.50%  acc2=26.40%  ens=26.45%  (best 28.16 @ ep 4)  [5.2s]
  ep  99: R(t)=0.470  acc1=26.63%  acc2=26.69%  ens=26.66%  (best 28.16 @ ep 4)  [8.3s]  [sel1+2: prec=0.509, recall_clean=0.517]

saved /path/to/ciln-workspace/journal_edition/robustness_transfer/results_v4/coteaching/ours_v2_ccp_clean__pixelate_sev5__seed1.json: best ens-acc 28.16% @ ep 4
