/path/to/ciln-workspace/venv/lib/python3.12/site-packages/torchvision/datasets/cifar.py:83: VisibleDeprecationWarning: dtype(): align should be passed as Python or NumPy boolean but got `align=0`. Did you mean to pass a tuple to create a subarray type? (Deprecated NumPy 2.4)
  entry = pickle.load(f, encoding="latin1")
condition=ours_v2_ccp_noisy__glass_blur_sev3 seed=1 gpu=1
image_source=noisy  N=17469  noise_rate=61.98%
  ep   0: R(t)=1.000  acc1=18.76%  acc2=15.47%  ens=17.11%  (best 17.11 @ ep 0)  [6.7s]
  ep   1: R(t)=0.804  acc1=17.21%  acc2=18.50%  ens=17.85%  (best 17.85 @ ep 1)  [5.7s]
  ep   2: R(t)=0.723  acc1=15.05%  acc2=13.93%  ens=14.49%  (best 17.85 @ ep 1)  [5.6s]
  ep   3: R(t)=0.660  acc1=20.41%  acc2=20.35%  ens=20.38%  (best 20.38 @ ep 3)  [5.8s]
  ep   4: R(t)=0.608  acc1=19.59%  acc2=20.20%  ens=19.90%  (best 20.38 @ ep 3)  [5.4s]
  ep   5: R(t)=0.562  acc1=22.53%  acc2=23.25%  ens=22.89%  (best 22.89 @ ep 5)  [8.1s]  [sel1+2: prec=0.345, recall_clean=0.528]
  ep   6: R(t)=0.520  acc1=22.97%  acc2=22.19%  ens=22.58%  (best 22.89 @ ep 5)  [5.5s]
  ep   7: R(t)=0.481  acc1=19.25%  acc2=19.59%  ens=19.42%  (best 22.89 @ ep 5)  [5.4s]
  ep   8: R(t)=0.446  acc1=16.46%  acc2=16.20%  ens=16.33%  (best 22.89 @ ep 5)  [5.4s]
  ep   9: R(t)=0.412  acc1=20.43%  acc2=21.47%  ens=20.95%  (best 22.89 @ ep 5)  [11.2s]
  ep  10: R(t)=0.380  acc1=18.79%  acc2=18.52%  ens=18.66%  (best 22.89 @ ep 5)  [14.3s]  [sel1+2: prec=0.300, recall_clean=0.309]
  ep  11: R(t)=0.380  acc1=17.91%  acc2=17.47%  ens=17.69%  (best 22.89 @ ep 5)  [5.3s]
  ep  12: R(t)=0.380  acc1=17.78%  acc2=19.06%  ens=18.42%  (best 22.89 @ ep 5)  [5.4s]
  ep  13: R(t)=0.380  acc1=17.94%  acc2=16.92%  ens=17.43%  (best 22.89 @ ep 5)  [5.4s]
  ep  14: R(t)=0.380  acc1=19.95%  acc2=17.71%  ens=18.83%  (best 22.89 @ ep 5)  [5.4s]
  ep  15: R(t)=0.380  acc1=17.43%  acc2=18.23%  ens=17.83%  (best 22.89 @ ep 5)  [5.6s]
  ep  16: R(t)=0.380  acc1=19.42%  acc2=19.76%  ens=19.59%  (best 22.89 @ ep 5)  [5.5s]
  ep  17: R(t)=0.380  acc1=18.02%  acc2=18.31%  ens=18.16%  (best 22.89 @ ep 5)  [5.4s]
  ep  18: R(t)=0.380  acc1=13.28%  acc2=14.73%  ens=14.01%  (best 22.89 @ ep 5)  [5.5s]
  ep  19: R(t)=0.380  acc1=18.37%  acc2=19.35%  ens=18.86%  (best 22.89 @ ep 5)  [5.5s]
  ep  20: R(t)=0.380  acc1=18.60%  acc2=18.12%  ens=18.36%  (best 22.89 @ ep 5)  [8.5s]  [sel1+2: prec=0.275, recall_clean=0.284]
  ep  21: R(t)=0.380  acc1=18.62%  acc2=17.69%  ens=18.15%  (best 22.89 @ ep 5)  [14.7s]
  ep  22: R(t)=0.380  acc1=17.16%  acc2=13.07%  ens=15.12%  (best 22.89 @ ep 5)  [5.5s]
  ep  23: R(t)=0.380  acc1=16.01%  acc2=17.75%  ens=16.88%  (best 22.89 @ ep 5)  [5.6s]
  ep  24: R(t)=0.380  acc1=15.25%  acc2=18.88%  ens=17.07%  (best 22.89 @ ep 5)  [5.5s]
  ep  25: R(t)=0.380  acc1=18.36%  acc2=18.18%  ens=18.27%  (best 22.89 @ ep 5)  [5.3s]
  ep  26: R(t)=0.380  acc1=17.15%  acc2=17.26%  ens=17.21%  (best 22.89 @ ep 5)  [5.3s]
  ep  27: R(t)=0.380  acc1=17.77%  acc2=17.01%  ens=17.39%  (best 22.89 @ ep 5)  [5.4s]
  ep  28: R(t)=0.380  acc1=20.18%  acc2=20.00%  ens=20.09%  (best 22.89 @ ep 5)  [5.7s]
  ep  29: R(t)=0.380  acc1=18.21%  acc2=18.98%  ens=18.59%  (best 22.89 @ ep 5)  [5.6s]
  ep  30: R(t)=0.380  acc1=19.61%  acc2=19.26%  ens=19.43%  (best 22.89 @ ep 5)  [8.2s]  [sel1+2: prec=0.297, recall_clean=0.308]
  ep  31: R(t)=0.380  acc1=17.25%  acc2=17.53%  ens=17.39%  (best 22.89 @ ep 5)  [5.3s]
  ep  32: R(t)=0.380  acc1=12.61%  acc2=13.43%  ens=13.02%  (best 22.89 @ ep 5)  [8.9s]
  ep  33: R(t)=0.380  acc1=18.89%  acc2=19.24%  ens=19.06%  (best 22.89 @ ep 5)  [14.8s]
  ep  34: R(t)=0.380  acc1=16.90%  acc2=17.23%  ens=17.07%  (best 22.89 @ ep 5)  [15.4s]
  ep  35: R(t)=0.380  acc1=18.93%  acc2=18.94%  ens=18.94%  (best 22.89 @ ep 5)  [15.6s]
  ep  36: R(t)=0.380  acc1=17.85%  acc2=16.79%  ens=17.32%  (best 22.89 @ ep 5)  [16.3s]
  ep  37: R(t)=0.380  acc1=19.51%  acc2=19.49%  ens=19.50%  (best 22.89 @ ep 5)  [15.5s]
  ep  38: R(t)=0.380  acc1=13.10%  acc2=15.80%  ens=14.45%  (best 22.89 @ ep 5)  [15.7s]
  ep  39: R(t)=0.380  acc1=18.98%  acc2=19.05%  ens=19.01%  (best 22.89 @ ep 5)  [14.7s]
  ep  40: R(t)=0.380  acc1=16.42%  acc2=15.95%  ens=16.18%  (best 22.89 @ ep 5)  [16.0s]
  ep  41: R(t)=0.380  acc1=18.05%  acc2=17.61%  ens=17.83%  (best 22.89 @ ep 5)  [17.4s]
  ep  42: R(t)=0.380  acc1=18.60%  acc2=19.47%  ens=19.04%  (best 22.89 @ ep 5)  [16.1s]
  ep  43: R(t)=0.380  acc1=16.87%  acc2=15.89%  ens=16.38%  (best 22.89 @ ep 5)  [16.5s]
  ep  44: R(t)=0.380  acc1=19.40%  acc2=18.65%  ens=19.02%  (best 22.89 @ ep 5)  [17.3s]
  ep  45: R(t)=0.380  acc1=15.89%  acc2=17.31%  ens=16.60%  (best 22.89 @ ep 5)  [15.0s]
  ep  46: R(t)=0.380  acc1=19.33%  acc2=19.85%  ens=19.59%  (best 22.89 @ ep 5)  [15.4s]
  ep  47: R(t)=0.380  acc1=15.80%  acc2=16.03%  ens=15.92%  (best 22.89 @ ep 5)  [15.6s]
  ep  48: R(t)=0.380  acc1=17.18%  acc2=16.37%  ens=16.78%  (best 22.89 @ ep 5)  [15.3s]
  ep  49: R(t)=0.380  acc1=18.80%  acc2=18.85%  ens=18.82%  (best 22.89 @ ep 5)  [15.8s]
  ep  50: R(t)=0.380  acc1=17.72%  acc2=18.89%  ens=18.30%  (best 22.89 @ ep 5)  [24.5s]  [sel1+2: prec=0.280, recall_clean=0.291]
  ep  51: R(t)=0.380  acc1=18.50%  acc2=19.22%  ens=18.86%  (best 22.89 @ ep 5)  [14.8s]
  ep  52: R(t)=0.380  acc1=18.21%  acc2=18.32%  ens=18.27%  (best 22.89 @ ep 5)  [16.9s]
  ep  53: R(t)=0.380  acc1=18.59%  acc2=18.68%  ens=18.64%  (best 22.89 @ ep 5)  [15.4s]
  ep  54: R(t)=0.380  acc1=16.94%  acc2=17.14%  ens=17.04%  (best 22.89 @ ep 5)  [14.5s]
  ep  55: R(t)=0.380  acc1=18.02%  acc2=18.52%  ens=18.27%  (best 22.89 @ ep 5)  [5.5s]
  ep  56: R(t)=0.380  acc1=19.56%  acc2=17.92%  ens=18.74%  (best 22.89 @ ep 5)  [5.6s]
  ep  57: R(t)=0.380  acc1=17.77%  acc2=18.40%  ens=18.09%  (best 22.89 @ ep 5)  [5.4s]
  ep  58: R(t)=0.380  acc1=18.52%  acc2=17.40%  ens=17.96%  (best 22.89 @ ep 5)  [5.6s]
  ep  59: R(t)=0.380  acc1=17.88%  acc2=18.70%  ens=18.29%  (best 22.89 @ ep 5)  [5.4s]
  ep  60: R(t)=0.380  acc1=18.97%  acc2=19.59%  ens=19.28%  (best 22.89 @ ep 5)  [5.7s]
  ep  61: R(t)=0.380  acc1=19.47%  acc2=18.92%  ens=19.20%  (best 22.89 @ ep 5)  [5.5s]
  ep  62: R(t)=0.380  acc1=18.65%  acc2=18.76%  ens=18.70%  (best 22.89 @ ep 5)  [5.4s]
  ep  63: R(t)=0.380  acc1=17.23%  acc2=17.73%  ens=17.48%  (best 22.89 @ ep 5)  [5.6s]
  ep  64: R(t)=0.380  acc1=19.72%  acc2=18.83%  ens=19.27%  (best 22.89 @ ep 5)  [5.6s]
  ep  65: R(t)=0.380  acc1=19.48%  acc2=19.21%  ens=19.35%  (best 22.89 @ ep 5)  [5.5s]
  ep  66: R(t)=0.380  acc1=18.75%  acc2=19.24%  ens=19.00%  (best 22.89 @ ep 5)  [13.1s]
  ep  67: R(t)=0.380  acc1=17.62%  acc2=17.64%  ens=17.63%  (best 22.89 @ ep 5)  [13.9s]
  ep  68: R(t)=0.380  acc1=17.64%  acc2=16.93%  ens=17.29%  (best 22.89 @ ep 5)  [14.3s]
  ep  69: R(t)=0.380  acc1=19.41%  acc2=19.28%  ens=19.35%  (best 22.89 @ ep 5)  [14.4s]
  ep  70: R(t)=0.380  acc1=19.13%  acc2=19.48%  ens=19.30%  (best 22.89 @ ep 5)  [12.7s]
  ep  71: R(t)=0.380  acc1=19.17%  acc2=18.57%  ens=18.87%  (best 22.89 @ ep 5)  [5.4s]
  ep  72: R(t)=0.380  acc1=19.03%  acc2=18.46%  ens=18.75%  (best 22.89 @ ep 5)  [5.5s]
  ep  73: R(t)=0.380  acc1=19.31%  acc2=19.45%  ens=19.38%  (best 22.89 @ ep 5)  [5.5s]
  ep  74: R(t)=0.380  acc1=19.62%  acc2=19.51%  ens=19.56%  (best 22.89 @ ep 5)  [5.4s]
  ep  75: R(t)=0.380  acc1=19.56%  acc2=19.45%  ens=19.50%  (best 22.89 @ ep 5)  [8.0s]  [sel1+2: prec=0.304, recall_clean=0.312]
  ep  76: R(t)=0.380  acc1=20.03%  acc2=20.32%  ens=20.17%  (best 22.89 @ ep 5)  [5.4s]
  ep  77: R(t)=0.380  acc1=19.91%  acc2=19.86%  ens=19.89%  (best 22.89 @ ep 5)  [5.5s]
  ep  78: R(t)=0.380  acc1=19.55%  acc2=19.36%  ens=19.45%  (best 22.89 @ ep 5)  [5.5s]
  ep  79: R(t)=0.380  acc1=19.60%  acc2=18.90%  ens=19.25%  (best 22.89 @ ep 5)  [5.3s]
  ep  80: R(t)=0.380  acc1=19.64%  acc2=19.38%  ens=19.51%  (best 22.89 @ ep 5)  [5.3s]
  ep  81: R(t)=0.380  acc1=19.76%  acc2=19.88%  ens=19.82%  (best 22.89 @ ep 5)  [10.3s]
  ep  82: R(t)=0.380  acc1=19.57%  acc2=19.15%  ens=19.36%  (best 22.89 @ ep 5)  [15.0s]
  ep  83: R(t)=0.380  acc1=20.62%  acc2=20.31%  ens=20.46%  (best 22.89 @ ep 5)  [11.5s]
  ep  84: R(t)=0.380  acc1=19.29%  acc2=19.15%  ens=19.22%  (best 22.89 @ ep 5)  [5.3s]
  ep  85: R(t)=0.380  acc1=18.70%  acc2=18.61%  ens=18.66%  (best 22.89 @ ep 5)  [5.3s]
  ep  86: R(t)=0.380  acc1=19.92%  acc2=19.71%  ens=19.81%  (best 22.89 @ ep 5)  [5.5s]
  ep  87: R(t)=0.380  acc1=20.31%  acc2=20.35%  ens=20.33%  (best 22.89 @ ep 5)  [5.8s]
  ep  88: R(t)=0.380  acc1=20.26%  acc2=20.09%  ens=20.17%  (best 22.89 @ ep 5)  [5.3s]
  ep  89: R(t)=0.380  acc1=20.35%  acc2=20.43%  ens=20.39%  (best 22.89 @ ep 5)  [5.3s]
  ep  90: R(t)=0.380  acc1=20.42%  acc2=20.16%  ens=20.29%  (best 22.89 @ ep 5)  [5.5s]
  ep  91: R(t)=0.380  acc1=20.23%  acc2=20.08%  ens=20.16%  (best 22.89 @ ep 5)  [5.5s]
  ep  92: R(t)=0.380  acc1=20.20%  acc2=20.16%  ens=20.18%  (best 22.89 @ ep 5)  [5.8s]
  ep  93: R(t)=0.380  acc1=20.42%  acc2=20.27%  ens=20.34%  (best 22.89 @ ep 5)  [5.6s]
  ep  94: R(t)=0.380  acc1=20.10%  acc2=20.13%  ens=20.11%  (best 22.89 @ ep 5)  [5.8s]
  ep  95: R(t)=0.380  acc1=20.11%  acc2=20.18%  ens=20.15%  (best 22.89 @ ep 5)  [14.7s]
  ep  96: R(t)=0.380  acc1=19.89%  acc2=19.91%  ens=19.90%  (best 22.89 @ ep 5)  [13.4s]
  ep  97: R(t)=0.380  acc1=20.39%  acc2=20.24%  ens=20.32%  (best 22.89 @ ep 5)  [13.9s]
  ep  98: R(t)=0.380  acc1=20.37%  acc2=20.30%  ens=20.34%  (best 22.89 @ ep 5)  [13.3s]
  ep  99: R(t)=0.380  acc1=20.03%  acc2=20.09%  ens=20.06%  (best 22.89 @ ep 5)  [22.7s]  [sel1+2: prec=0.310, recall_clean=0.315]

saved /path/to/ciln-workspace/journal_edition/robustness_transfer/results_v4/coteaching/ours_v2_ccp_noisy__glass_blur_sev3__seed1.json: best ens-acc 22.89% @ ep 5
