/path/to/ciln-workspace/venv/lib/python3.12/site-packages/torchvision/datasets/cifar.py:83: VisibleDeprecationWarning: dtype(): align should be passed as Python or NumPy boolean but got `align=0`. Did you mean to pass a tuple to create a subarray type? (Deprecated NumPy 2.4)
  entry = pickle.load(f, encoding="latin1")
condition=ours_v2_ccp_clean__glass_blur_sev3 seed=1 gpu=0
image_source=clean  N=17469  noise_rate=61.98%
  ep   0: R(t)=1.000  acc1=21.10%  acc2=19.64%  ens=20.37%  (best 20.37 @ ep 0)  [6.5s]
  ep   1: R(t)=0.804  acc1=17.19%  acc2=17.55%  ens=17.37%  (best 20.37 @ ep 0)  [5.5s]
  ep   2: R(t)=0.723  acc1=20.06%  acc2=21.50%  ens=20.78%  (best 20.78 @ ep 2)  [5.4s]
  ep   3: R(t)=0.660  acc1=17.38%  acc2=19.03%  ens=18.20%  (best 20.78 @ ep 2)  [5.6s]
  ep   4: R(t)=0.608  acc1=17.44%  acc2=18.00%  ens=17.72%  (best 20.78 @ ep 2)  [5.5s]
  ep   5: R(t)=0.562  acc1=22.48%  acc2=23.27%  ens=22.88%  (best 22.88 @ ep 5)  [8.1s]  [sel1+2: prec=0.342, recall_clean=0.524]
  ep   6: R(t)=0.520  acc1=21.01%  acc2=18.54%  ens=19.78%  (best 22.88 @ ep 5)  [5.5s]
  ep   7: R(t)=0.481  acc1=18.97%  acc2=21.08%  ens=20.02%  (best 22.88 @ ep 5)  [5.4s]
  ep   8: R(t)=0.446  acc1=21.04%  acc2=21.07%  ens=21.05%  (best 22.88 @ ep 5)  [5.4s]
  ep   9: R(t)=0.412  acc1=21.13%  acc2=21.04%  ens=21.08%  (best 22.88 @ ep 5)  [11.7s]
  ep  10: R(t)=0.380  acc1=16.89%  acc2=17.83%  ens=17.36%  (best 22.88 @ ep 5)  [14.3s]  [sel1+2: prec=0.311, recall_clean=0.323]
  ep  11: R(t)=0.380  acc1=17.05%  acc2=19.14%  ens=18.09%  (best 22.88 @ ep 5)  [5.2s]
  ep  12: R(t)=0.380  acc1=17.57%  acc2=19.56%  ens=18.56%  (best 22.88 @ ep 5)  [5.3s]
  ep  13: R(t)=0.380  acc1=17.50%  acc2=16.21%  ens=16.85%  (best 22.88 @ ep 5)  [5.5s]
  ep  14: R(t)=0.380  acc1=17.97%  acc2=18.68%  ens=18.32%  (best 22.88 @ ep 5)  [5.5s]
  ep  15: R(t)=0.380  acc1=18.78%  acc2=18.57%  ens=18.68%  (best 22.88 @ ep 5)  [5.6s]
  ep  16: R(t)=0.380  acc1=13.90%  acc2=17.01%  ens=15.46%  (best 22.88 @ ep 5)  [5.4s]
  ep  17: R(t)=0.380  acc1=19.74%  acc2=20.02%  ens=19.88%  (best 22.88 @ ep 5)  [5.5s]
  ep  18: R(t)=0.380  acc1=18.28%  acc2=16.06%  ens=17.17%  (best 22.88 @ ep 5)  [5.3s]
  ep  19: R(t)=0.380  acc1=19.26%  acc2=19.10%  ens=19.18%  (best 22.88 @ ep 5)  [5.2s]
  ep  20: R(t)=0.380  acc1=20.52%  acc2=20.93%  ens=20.72%  (best 22.88 @ ep 5)  [8.6s]  [sel1+2: prec=0.290, recall_clean=0.301]
  ep  21: R(t)=0.380  acc1=17.83%  acc2=18.39%  ens=18.11%  (best 22.88 @ ep 5)  [14.4s]
  ep  22: R(t)=0.380  acc1=16.04%  acc2=16.42%  ens=16.23%  (best 22.88 @ ep 5)  [5.5s]
  ep  23: R(t)=0.380  acc1=19.62%  acc2=17.03%  ens=18.33%  (best 22.88 @ ep 5)  [5.7s]
  ep  24: R(t)=0.380  acc1=17.59%  acc2=18.19%  ens=17.89%  (best 22.88 @ ep 5)  [5.2s]
  ep  25: R(t)=0.380  acc1=18.89%  acc2=18.07%  ens=18.48%  (best 22.88 @ ep 5)  [5.5s]
  ep  26: R(t)=0.380  acc1=17.32%  acc2=17.42%  ens=17.37%  (best 22.88 @ ep 5)  [5.6s]
  ep  27: R(t)=0.380  acc1=19.19%  acc2=18.71%  ens=18.95%  (best 22.88 @ ep 5)  [5.5s]
  ep  28: R(t)=0.380  acc1=18.87%  acc2=18.43%  ens=18.65%  (best 22.88 @ ep 5)  [5.4s]
  ep  29: R(t)=0.380  acc1=19.18%  acc2=19.57%  ens=19.38%  (best 22.88 @ ep 5)  [5.4s]
  ep  30: R(t)=0.380  acc1=19.63%  acc2=19.34%  ens=19.48%  (best 22.88 @ ep 5)  [8.0s]  [sel1+2: prec=0.284, recall_clean=0.295]
  ep  31: R(t)=0.380  acc1=18.40%  acc2=19.61%  ens=19.00%  (best 22.88 @ ep 5)  [5.4s]
  ep  32: R(t)=0.380  acc1=20.43%  acc2=16.74%  ens=18.59%  (best 22.88 @ ep 5)  [8.4s]
  ep  33: R(t)=0.380  acc1=19.82%  acc2=20.26%  ens=20.04%  (best 22.88 @ ep 5)  [15.1s]
  ep  34: R(t)=0.380  acc1=18.48%  acc2=19.30%  ens=18.89%  (best 22.88 @ ep 5)  [15.3s]
  ep  35: R(t)=0.380  acc1=18.59%  acc2=19.63%  ens=19.11%  (best 22.88 @ ep 5)  [15.4s]
  ep  36: R(t)=0.380  acc1=19.23%  acc2=18.80%  ens=19.01%  (best 22.88 @ ep 5)  [16.7s]
  ep  37: R(t)=0.380  acc1=19.22%  acc2=19.44%  ens=19.33%  (best 22.88 @ ep 5)  [15.3s]
  ep  38: R(t)=0.380  acc1=19.41%  acc2=19.51%  ens=19.46%  (best 22.88 @ ep 5)  [15.9s]
  ep  39: R(t)=0.380  acc1=17.90%  acc2=20.95%  ens=19.42%  (best 22.88 @ ep 5)  [14.7s]
  ep  40: R(t)=0.380  acc1=19.96%  acc2=19.71%  ens=19.84%  (best 22.88 @ ep 5)  [16.0s]
  ep  41: R(t)=0.380  acc1=19.63%  acc2=19.17%  ens=19.40%  (best 22.88 @ ep 5)  [17.5s]
  ep  42: R(t)=0.380  acc1=19.48%  acc2=19.16%  ens=19.32%  (best 22.88 @ ep 5)  [16.1s]
  ep  43: R(t)=0.380  acc1=19.42%  acc2=18.35%  ens=18.89%  (best 22.88 @ ep 5)  [16.5s]
  ep  44: R(t)=0.380  acc1=20.22%  acc2=19.31%  ens=19.77%  (best 22.88 @ ep 5)  [17.1s]
  ep  45: R(t)=0.380  acc1=15.83%  acc2=17.89%  ens=16.86%  (best 22.88 @ ep 5)  [14.7s]
  ep  46: R(t)=0.380  acc1=18.99%  acc2=19.39%  ens=19.19%  (best 22.88 @ ep 5)  [15.3s]
  ep  47: R(t)=0.380  acc1=16.44%  acc2=16.14%  ens=16.29%  (best 22.88 @ ep 5)  [15.8s]
  ep  48: R(t)=0.380  acc1=18.71%  acc2=18.29%  ens=18.50%  (best 22.88 @ ep 5)  [15.4s]
  ep  49: R(t)=0.380  acc1=18.71%  acc2=19.38%  ens=19.05%  (best 22.88 @ ep 5)  [15.8s]
  ep  50: R(t)=0.380  acc1=18.85%  acc2=19.75%  ens=19.30%  (best 22.88 @ ep 5)  [24.6s]  [sel1+2: prec=0.292, recall_clean=0.303]
  ep  51: R(t)=0.380  acc1=19.73%  acc2=18.87%  ens=19.30%  (best 22.88 @ ep 5)  [14.7s]
  ep  52: R(t)=0.380  acc1=18.52%  acc2=19.13%  ens=18.82%  (best 22.88 @ ep 5)  [17.0s]
  ep  53: R(t)=0.380  acc1=18.50%  acc2=20.32%  ens=19.41%  (best 22.88 @ ep 5)  [15.5s]
  ep  54: R(t)=0.380  acc1=19.56%  acc2=19.31%  ens=19.43%  (best 22.88 @ ep 5)  [15.0s]
  ep  55: R(t)=0.380  acc1=19.50%  acc2=19.62%  ens=19.56%  (best 22.88 @ ep 5)  [5.4s]
  ep  56: R(t)=0.380  acc1=18.00%  acc2=16.82%  ens=17.41%  (best 22.88 @ ep 5)  [5.5s]
  ep  57: R(t)=0.380  acc1=19.48%  acc2=20.07%  ens=19.77%  (best 22.88 @ ep 5)  [5.4s]
  ep  58: R(t)=0.380  acc1=20.26%  acc2=20.02%  ens=20.14%  (best 22.88 @ ep 5)  [5.5s]
  ep  59: R(t)=0.380  acc1=19.29%  acc2=19.80%  ens=19.55%  (best 22.88 @ ep 5)  [5.4s]
  ep  60: R(t)=0.380  acc1=19.12%  acc2=18.64%  ens=18.88%  (best 22.88 @ ep 5)  [5.2s]
  ep  61: R(t)=0.380  acc1=20.98%  acc2=20.31%  ens=20.64%  (best 22.88 @ ep 5)  [5.5s]
  ep  62: R(t)=0.380  acc1=19.84%  acc2=19.93%  ens=19.89%  (best 22.88 @ ep 5)  [5.8s]
  ep  63: R(t)=0.380  acc1=17.94%  acc2=18.48%  ens=18.21%  (best 22.88 @ ep 5)  [5.7s]
  ep  64: R(t)=0.380  acc1=17.78%  acc2=16.36%  ens=17.07%  (best 22.88 @ ep 5)  [5.4s]
  ep  65: R(t)=0.380  acc1=20.15%  acc2=20.00%  ens=20.08%  (best 22.88 @ ep 5)  [5.4s]
  ep  66: R(t)=0.380  acc1=21.04%  acc2=19.49%  ens=20.27%  (best 22.88 @ ep 5)  [11.4s]
  ep  67: R(t)=0.380  acc1=19.55%  acc2=20.01%  ens=19.78%  (best 22.88 @ ep 5)  [13.8s]
  ep  68: R(t)=0.380  acc1=20.33%  acc2=20.20%  ens=20.27%  (best 22.88 @ ep 5)  [14.3s]
  ep  69: R(t)=0.380  acc1=20.87%  acc2=20.62%  ens=20.75%  (best 22.88 @ ep 5)  [14.7s]
  ep  70: R(t)=0.380  acc1=20.04%  acc2=20.57%  ens=20.30%  (best 22.88 @ ep 5)  [13.8s]
  ep  71: R(t)=0.380  acc1=20.67%  acc2=20.53%  ens=20.60%  (best 22.88 @ ep 5)  [5.5s]
  ep  72: R(t)=0.380  acc1=20.32%  acc2=20.48%  ens=20.40%  (best 22.88 @ ep 5)  [5.5s]
  ep  73: R(t)=0.380  acc1=20.84%  acc2=20.77%  ens=20.80%  (best 22.88 @ ep 5)  [5.1s]
  ep  74: R(t)=0.380  acc1=20.08%  acc2=19.79%  ens=19.93%  (best 22.88 @ ep 5)  [5.5s]
  ep  75: R(t)=0.380  acc1=20.70%  acc2=20.52%  ens=20.61%  (best 22.88 @ ep 5)  [8.7s]  [sel1+2: prec=0.310, recall_clean=0.319]
  ep  76: R(t)=0.380  acc1=20.39%  acc2=20.19%  ens=20.29%  (best 22.88 @ ep 5)  [5.4s]
  ep  77: R(t)=0.380  acc1=20.10%  acc2=19.53%  ens=19.81%  (best 22.88 @ ep 5)  [5.4s]
  ep  78: R(t)=0.380  acc1=20.18%  acc2=20.36%  ens=20.27%  (best 22.88 @ ep 5)  [5.3s]
  ep  79: R(t)=0.380  acc1=19.43%  acc2=19.49%  ens=19.46%  (best 22.88 @ ep 5)  [5.3s]
  ep  80: R(t)=0.380  acc1=21.19%  acc2=20.50%  ens=20.84%  (best 22.88 @ ep 5)  [5.6s]
  ep  81: R(t)=0.380  acc1=21.11%  acc2=21.01%  ens=21.06%  (best 22.88 @ ep 5)  [9.1s]
  ep  82: R(t)=0.380  acc1=21.28%  acc2=21.18%  ens=21.23%  (best 22.88 @ ep 5)  [15.0s]
  ep  83: R(t)=0.380  acc1=21.32%  acc2=21.12%  ens=21.22%  (best 22.88 @ ep 5)  [12.3s]
  ep  84: R(t)=0.380  acc1=20.87%  acc2=20.82%  ens=20.84%  (best 22.88 @ ep 5)  [5.4s]
  ep  85: R(t)=0.380  acc1=20.67%  acc2=20.47%  ens=20.57%  (best 22.88 @ ep 5)  [5.5s]
  ep  86: R(t)=0.380  acc1=21.31%  acc2=21.08%  ens=21.20%  (best 22.88 @ ep 5)  [5.6s]
  ep  87: R(t)=0.380  acc1=20.99%  acc2=20.88%  ens=20.94%  (best 22.88 @ ep 5)  [5.4s]
  ep  88: R(t)=0.380  acc1=20.56%  acc2=20.62%  ens=20.59%  (best 22.88 @ ep 5)  [5.1s]
  ep  89: R(t)=0.380  acc1=20.83%  acc2=20.77%  ens=20.80%  (best 22.88 @ ep 5)  [5.5s]
  ep  90: R(t)=0.380  acc1=21.01%  acc2=20.80%  ens=20.91%  (best 22.88 @ ep 5)  [5.5s]
  ep  91: R(t)=0.380  acc1=20.97%  acc2=20.80%  ens=20.88%  (best 22.88 @ ep 5)  [5.5s]
  ep  92: R(t)=0.380  acc1=21.16%  acc2=20.98%  ens=21.07%  (best 22.88 @ ep 5)  [5.5s]
  ep  93: R(t)=0.380  acc1=21.18%  acc2=21.16%  ens=21.17%  (best 22.88 @ ep 5)  [5.4s]
  ep  94: R(t)=0.380  acc1=21.13%  acc2=21.03%  ens=21.08%  (best 22.88 @ ep 5)  [5.6s]
  ep  95: R(t)=0.380  acc1=21.07%  acc2=21.05%  ens=21.06%  (best 22.88 @ ep 5)  [12.8s]
  ep  96: R(t)=0.380  acc1=20.83%  acc2=20.75%  ens=20.79%  (best 22.88 @ ep 5)  [13.3s]
  ep  97: R(t)=0.380  acc1=21.30%  acc2=21.24%  ens=21.27%  (best 22.88 @ ep 5)  [14.4s]
  ep  98: R(t)=0.380  acc1=21.36%  acc2=21.24%  ens=21.30%  (best 22.88 @ ep 5)  [13.1s]
  ep  99: R(t)=0.380  acc1=21.03%  acc2=20.94%  ens=20.98%  (best 22.88 @ ep 5)  [23.1s]  [sel1+2: prec=0.316, recall_clean=0.320]

saved /path/to/ciln-workspace/journal_edition/robustness_transfer/results_v4/coteaching/ours_v2_ccp_clean__glass_blur_sev3__seed1.json: best ens-acc 22.88% @ ep 5
