/path/to/ciln-workspace/venv/lib/python3.12/site-packages/torchvision/datasets/cifar.py:83: VisibleDeprecationWarning: dtype(): align should be passed as Python or NumPy boolean but got `align=0`. Did you mean to pass a tuple to create a subarray type? (Deprecated NumPy 2.4)
  entry = pickle.load(f, encoding="latin1")
condition=ours_v2_ccp_noisy__pixelate_sev5 seed=2 gpu=1
image_source=noisy  N=17469  noise_rate=53.02%
  ep   0: R(t)=1.000  acc1=20.93%  acc2=22.08%  ens=21.51%  (best 21.51 @ ep 0)  [6.6s]
  ep   1: R(t)=0.832  acc1=26.70%  acc2=26.28%  ens=26.49%  (best 26.49 @ ep 1)  [5.4s]
  ep   2: R(t)=0.763  acc1=24.07%  acc2=24.60%  ens=24.34%  (best 26.49 @ ep 1)  [5.4s]
  ep   3: R(t)=0.710  acc1=21.97%  acc2=19.07%  ens=20.52%  (best 26.49 @ ep 1)  [5.4s]
  ep   4: R(t)=0.665  acc1=25.50%  acc2=25.35%  ens=25.42%  (best 26.49 @ ep 1)  [5.7s]
  ep   5: R(t)=0.625  acc1=27.83%  acc2=25.38%  ens=26.61%  (best 26.61 @ ep 5)  [8.1s]  [sel1+2: prec=0.454, recall_clean=0.637]
  ep   6: R(t)=0.589  acc1=28.71%  acc2=26.92%  ens=27.82%  (best 27.82 @ ep 6)  [5.4s]
  ep   7: R(t)=0.556  acc1=28.26%  acc2=28.87%  ens=28.57%  (best 28.57 @ ep 7)  [5.5s]
  ep   8: R(t)=0.526  acc1=26.98%  acc2=28.59%  ens=27.79%  (best 28.57 @ ep 7)  [11.8s]
  ep   9: R(t)=0.497  acc1=29.53%  acc2=28.39%  ens=28.96%  (best 28.96 @ ep 9)  [13.2s]
  ep  10: R(t)=0.470  acc1=27.23%  acc2=27.11%  ens=27.17%  (best 28.96 @ ep 9)  [18.1s]  [sel1+2: prec=0.506, recall_clean=0.541]
  ep  11: R(t)=0.470  acc1=25.02%  acc2=27.78%  ens=26.40%  (best 28.96 @ ep 9)  [13.8s]
  ep  12: R(t)=0.470  acc1=22.94%  acc2=25.89%  ens=24.41%  (best 28.96 @ ep 9)  [14.9s]
  ep  13: R(t)=0.470  acc1=29.43%  acc2=28.21%  ens=28.82%  (best 28.96 @ ep 9)  [14.2s]
  ep  14: R(t)=0.470  acc1=25.36%  acc2=26.67%  ens=26.02%  (best 28.96 @ ep 9)  [13.4s]
  ep  15: R(t)=0.470  acc1=27.56%  acc2=27.81%  ens=27.69%  (best 28.96 @ ep 9)  [13.4s]
  ep  16: R(t)=0.470  acc1=25.88%  acc2=26.05%  ens=25.96%  (best 28.96 @ ep 9)  [14.4s]
  ep  17: R(t)=0.470  acc1=26.58%  acc2=25.53%  ens=26.05%  (best 28.96 @ ep 9)  [14.3s]
  ep  18: R(t)=0.470  acc1=26.83%  acc2=24.87%  ens=25.85%  (best 28.96 @ ep 9)  [10.7s]
  ep  19: R(t)=0.470  acc1=26.27%  acc2=28.28%  ens=27.27%  (best 28.96 @ ep 9)  [5.4s]
  ep  20: R(t)=0.470  acc1=25.31%  acc2=25.54%  ens=25.42%  (best 28.96 @ ep 9)  [8.1s]  [sel1+2: prec=0.499, recall_clean=0.532]
  ep  21: R(t)=0.470  acc1=26.88%  acc2=27.48%  ens=27.18%  (best 28.96 @ ep 9)  [5.4s]
  ep  22: R(t)=0.470  acc1=26.19%  acc2=27.43%  ens=26.81%  (best 28.96 @ ep 9)  [5.6s]
  ep  23: R(t)=0.470  acc1=27.11%  acc2=28.01%  ens=27.56%  (best 28.96 @ ep 9)  [5.6s]
  ep  24: R(t)=0.470  acc1=24.83%  acc2=25.35%  ens=25.09%  (best 28.96 @ ep 9)  [5.4s]
  ep  25: R(t)=0.470  acc1=28.88%  acc2=28.18%  ens=28.53%  (best 28.96 @ ep 9)  [5.7s]
  ep  26: R(t)=0.470  acc1=26.40%  acc2=25.94%  ens=26.17%  (best 28.96 @ ep 9)  [5.4s]
  ep  27: R(t)=0.470  acc1=28.22%  acc2=28.07%  ens=28.14%  (best 28.96 @ ep 9)  [5.3s]
  ep  28: R(t)=0.470  acc1=24.68%  acc2=25.76%  ens=25.22%  (best 28.96 @ ep 9)  [5.4s]
  ep  29: R(t)=0.470  acc1=25.11%  acc2=25.46%  ens=25.29%  (best 28.96 @ ep 9)  [12.5s]
  ep  30: R(t)=0.470  acc1=27.99%  acc2=28.25%  ens=28.12%  (best 28.96 @ ep 9)  [20.0s]  [sel1+2: prec=0.509, recall_clean=0.539]
  ep  31: R(t)=0.470  acc1=27.06%  acc2=27.40%  ens=27.23%  (best 28.96 @ ep 9)  [16.1s]
  ep  32: R(t)=0.470  acc1=31.25%  acc2=26.98%  ens=29.12%  (best 29.12 @ ep 32)  [15.2s]
  ep  33: R(t)=0.470  acc1=26.64%  acc2=29.87%  ens=28.26%  (best 29.12 @ ep 32)  [13.2s]
  ep  34: R(t)=0.470  acc1=22.07%  acc2=22.58%  ens=22.32%  (best 29.12 @ ep 32)  [14.9s]
  ep  35: R(t)=0.470  acc1=25.77%  acc2=26.60%  ens=26.19%  (best 29.12 @ ep 32)  [13.6s]
  ep  36: R(t)=0.470  acc1=24.81%  acc2=22.68%  ens=23.75%  (best 29.12 @ ep 32)  [13.4s]
  ep  37: R(t)=0.470  acc1=27.03%  acc2=28.88%  ens=27.95%  (best 29.12 @ ep 32)  [13.2s]
  ep  38: R(t)=0.470  acc1=22.96%  acc2=29.10%  ens=26.03%  (best 29.12 @ ep 32)  [13.2s]
  ep  39: R(t)=0.470  acc1=27.75%  acc2=27.32%  ens=27.53%  (best 29.12 @ ep 32)  [13.8s]
  ep  40: R(t)=0.470  acc1=30.18%  acc2=28.15%  ens=29.16%  (best 29.16 @ ep 40)  [13.7s]
  ep  41: R(t)=0.470  acc1=28.00%  acc2=28.79%  ens=28.40%  (best 29.16 @ ep 40)  [13.4s]
  ep  42: R(t)=0.470  acc1=27.26%  acc2=28.48%  ens=27.87%  (best 29.16 @ ep 40)  [13.3s]
  ep  43: R(t)=0.470  acc1=28.74%  acc2=28.72%  ens=28.73%  (best 29.16 @ ep 40)  [12.8s]
  ep  44: R(t)=0.470  acc1=29.10%  acc2=28.43%  ens=28.76%  (best 29.16 @ ep 40)  [10.8s]
  ep  45: R(t)=0.470  acc1=24.53%  acc2=27.39%  ens=25.96%  (best 29.16 @ ep 40)  [5.4s]
  ep  46: R(t)=0.470  acc1=27.98%  acc2=28.41%  ens=28.20%  (best 29.16 @ ep 40)  [5.3s]
  ep  47: R(t)=0.470  acc1=28.80%  acc2=29.65%  ens=29.23%  (best 29.23 @ ep 47)  [5.5s]
  ep  48: R(t)=0.470  acc1=24.78%  acc2=26.43%  ens=25.61%  (best 29.23 @ ep 47)  [5.3s]
  ep  49: R(t)=0.470  acc1=29.16%  acc2=27.26%  ens=28.21%  (best 29.23 @ ep 47)  [5.7s]
  ep  50: R(t)=0.470  acc1=28.51%  acc2=28.37%  ens=28.44%  (best 29.23 @ ep 47)  [7.9s]  [sel1+2: prec=0.507, recall_clean=0.536]
  ep  51: R(t)=0.470  acc1=25.39%  acc2=27.67%  ens=26.53%  (best 29.23 @ ep 47)  [6.0s]
  ep  52: R(t)=0.470  acc1=28.33%  acc2=28.43%  ens=28.38%  (best 29.23 @ ep 47)  [5.7s]
  ep  53: R(t)=0.470  acc1=23.59%  acc2=25.35%  ens=24.47%  (best 29.23 @ ep 47)  [5.5s]
  ep  54: R(t)=0.470  acc1=25.82%  acc2=26.59%  ens=26.21%  (best 29.23 @ ep 47)  [5.5s]
  ep  55: R(t)=0.470  acc1=29.23%  acc2=28.00%  ens=28.62%  (best 29.23 @ ep 47)  [10.7s]
  ep  56: R(t)=0.470  acc1=28.00%  acc2=26.69%  ens=27.35%  (best 29.23 @ ep 47)  [15.0s]
  ep  57: R(t)=0.470  acc1=24.41%  acc2=26.76%  ens=25.59%  (best 29.23 @ ep 47)  [14.1s]
  ep  58: R(t)=0.470  acc1=27.74%  acc2=28.51%  ens=28.12%  (best 29.23 @ ep 47)  [13.8s]
  ep  59: R(t)=0.470  acc1=31.11%  acc2=28.79%  ens=29.95%  (best 29.95 @ ep 59)  [15.8s]
  ep  60: R(t)=0.470  acc1=30.23%  acc2=29.08%  ens=29.65%  (best 29.95 @ ep 59)  [15.9s]
  ep  61: R(t)=0.470  acc1=27.73%  acc2=27.56%  ens=27.64%  (best 29.95 @ ep 59)  [16.1s]
  ep  62: R(t)=0.470  acc1=29.35%  acc2=27.39%  ens=28.37%  (best 29.95 @ ep 59)  [15.1s]
  ep  63: R(t)=0.470  acc1=27.47%  acc2=28.81%  ens=28.14%  (best 29.95 @ ep 59)  [15.2s]
  ep  64: R(t)=0.470  acc1=29.31%  acc2=29.22%  ens=29.27%  (best 29.95 @ ep 59)  [14.0s]
  ep  65: R(t)=0.470  acc1=29.18%  acc2=29.51%  ens=29.34%  (best 29.95 @ ep 59)  [17.6s]
  ep  66: R(t)=0.470  acc1=28.71%  acc2=29.55%  ens=29.13%  (best 29.95 @ ep 59)  [6.4s]
  ep  67: R(t)=0.470  acc1=28.37%  acc2=28.20%  ens=28.29%  (best 29.95 @ ep 59)  [5.3s]
  ep  68: R(t)=0.470  acc1=29.64%  acc2=29.40%  ens=29.52%  (best 29.95 @ ep 59)  [5.5s]
  ep  69: R(t)=0.470  acc1=27.49%  acc2=27.93%  ens=27.71%  (best 29.95 @ ep 59)  [5.4s]
  ep  70: R(t)=0.470  acc1=28.79%  acc2=29.43%  ens=29.11%  (best 29.95 @ ep 59)  [5.3s]
  ep  71: R(t)=0.470  acc1=29.81%  acc2=29.29%  ens=29.55%  (best 29.95 @ ep 59)  [5.5s]
  ep  72: R(t)=0.470  acc1=29.62%  acc2=29.99%  ens=29.81%  (best 29.95 @ ep 59)  [5.3s]
  ep  73: R(t)=0.470  acc1=29.93%  acc2=29.60%  ens=29.76%  (best 29.95 @ ep 59)  [5.3s]
  ep  74: R(t)=0.470  acc1=29.07%  acc2=29.11%  ens=29.09%  (best 29.95 @ ep 59)  [5.5s]
  ep  75: R(t)=0.470  acc1=28.69%  acc2=29.10%  ens=28.89%  (best 29.95 @ ep 59)  [8.2s]  [sel1+2: prec=0.525, recall_clean=0.545]
  ep  76: R(t)=0.470  acc1=27.92%  acc2=28.18%  ens=28.05%  (best 29.95 @ ep 59)  [5.2s]
  ep  77: R(t)=0.470  acc1=28.67%  acc2=28.50%  ens=28.59%  (best 29.95 @ ep 59)  [12.3s]
  ep  78: R(t)=0.470  acc1=28.56%  acc2=28.66%  ens=28.61%  (best 29.95 @ ep 59)  [13.4s]
  ep  79: R(t)=0.470  acc1=29.03%  acc2=29.30%  ens=29.16%  (best 29.95 @ ep 59)  [14.5s]
  ep  80: R(t)=0.470  acc1=29.61%  acc2=29.41%  ens=29.51%  (best 29.95 @ ep 59)  [13.4s]
  ep  81: R(t)=0.470  acc1=29.23%  acc2=29.33%  ens=29.28%  (best 29.95 @ ep 59)  [14.5s]
  ep  82: R(t)=0.470  acc1=29.67%  acc2=29.70%  ens=29.68%  (best 29.95 @ ep 59)  [13.0s]
  ep  83: R(t)=0.470  acc1=29.17%  acc2=29.40%  ens=29.29%  (best 29.95 @ ep 59)  [13.3s]
  ep  84: R(t)=0.470  acc1=29.05%  acc2=29.14%  ens=29.09%  (best 29.95 @ ep 59)  [13.1s]
  ep  85: R(t)=0.470  acc1=29.26%  acc2=29.41%  ens=29.34%  (best 29.95 @ ep 59)  [14.0s]
  ep  86: R(t)=0.470  acc1=29.61%  acc2=29.47%  ens=29.54%  (best 29.95 @ ep 59)  [14.2s]
  ep  87: R(t)=0.470  acc1=29.24%  acc2=29.18%  ens=29.21%  (best 29.95 @ ep 59)  [13.6s]
  ep  88: R(t)=0.470  acc1=29.11%  acc2=29.17%  ens=29.14%  (best 29.95 @ ep 59)  [14.3s]
  ep  89: R(t)=0.470  acc1=29.41%  acc2=29.35%  ens=29.38%  (best 29.95 @ ep 59)  [12.8s]
  ep  90: R(t)=0.470  acc1=29.57%  acc2=29.74%  ens=29.65%  (best 29.95 @ ep 59)  [12.4s]
  ep  91: R(t)=0.470  acc1=29.50%  acc2=29.46%  ens=29.48%  (best 29.95 @ ep 59)  [13.1s]
  ep  92: R(t)=0.470  acc1=29.43%  acc2=29.61%  ens=29.52%  (best 29.95 @ ep 59)  [13.3s]
  ep  93: R(t)=0.470  acc1=29.52%  acc2=29.61%  ens=29.56%  (best 29.95 @ ep 59)  [14.2s]
  ep  94: R(t)=0.470  acc1=29.50%  acc2=29.67%  ens=29.59%  (best 29.95 @ ep 59)  [13.8s]
  ep  95: R(t)=0.470  acc1=29.52%  acc2=29.68%  ens=29.60%  (best 29.95 @ ep 59)  [13.5s]
  ep  96: R(t)=0.470  acc1=29.40%  acc2=29.42%  ens=29.41%  (best 29.95 @ ep 59)  [14.2s]
  ep  97: R(t)=0.470  acc1=29.61%  acc2=29.73%  ens=29.67%  (best 29.95 @ ep 59)  [13.7s]
  ep  98: R(t)=0.470  acc1=29.37%  acc2=29.54%  ens=29.45%  (best 29.95 @ ep 59)  [14.3s]
  ep  99: R(t)=0.470  acc1=29.41%  acc2=29.58%  ens=29.49%  (best 29.95 @ ep 59)  [18.1s]  [sel1+2: prec=0.530, recall_clean=0.539]

saved /path/to/ciln-workspace/journal_edition/robustness_transfer/results_v4/coteaching/ours_v2_ccp_noisy__pixelate_sev5__seed2.json: best ens-acc 29.95% @ ep 59
