/path/to/ciln-workspace/venv/lib/python3.12/site-packages/torchvision/datasets/cifar.py:83: VisibleDeprecationWarning: dtype(): align should be passed as Python or NumPy boolean but got `align=0`. Did you mean to pass a tuple to create a subarray type? (Deprecated NumPy 2.4)
  entry = pickle.load(f, encoding="latin1")
condition=ours_v2_ccp_clean__pixelate_sev5 seed=2 gpu=0
image_source=clean  N=17469  noise_rate=53.02%
  ep   0: R(t)=1.000  acc1=24.45%  acc2=25.02%  ens=24.73%  (best 24.73 @ ep 0)  [6.5s]
  ep   1: R(t)=0.832  acc1=27.90%  acc2=27.74%  ens=27.82%  (best 27.82 @ ep 1)  [5.3s]
  ep   2: R(t)=0.763  acc1=23.63%  acc2=22.65%  ens=23.14%  (best 27.82 @ ep 1)  [5.3s]
  ep   3: R(t)=0.710  acc1=18.91%  acc2=26.03%  ens=22.47%  (best 27.82 @ ep 1)  [5.6s]
  ep   4: R(t)=0.665  acc1=26.35%  acc2=28.06%  ens=27.21%  (best 27.82 @ ep 1)  [5.4s]
  ep   5: R(t)=0.625  acc1=27.53%  acc2=29.51%  ens=28.52%  (best 28.52 @ ep 5)  [10.5s]  [sel1+2: prec=0.462, recall_clean=0.647]
  ep   6: R(t)=0.589  acc1=28.56%  acc2=29.94%  ens=29.25%  (best 29.25 @ ep 6)  [13.4s]
  ep   7: R(t)=0.556  acc1=27.71%  acc2=27.62%  ens=27.66%  (best 29.25 @ ep 6)  [13.0s]
  ep   8: R(t)=0.526  acc1=28.19%  acc2=29.25%  ens=28.72%  (best 29.25 @ ep 6)  [13.5s]
  ep   9: R(t)=0.497  acc1=24.87%  acc2=24.90%  ens=24.89%  (best 29.25 @ ep 6)  [13.7s]
  ep  10: R(t)=0.470  acc1=27.48%  acc2=25.70%  ens=26.59%  (best 29.25 @ ep 6)  [19.1s]  [sel1+2: prec=0.506, recall_clean=0.541]
  ep  11: R(t)=0.470  acc1=27.45%  acc2=29.33%  ens=28.39%  (best 29.25 @ ep 6)  [13.5s]
  ep  12: R(t)=0.470  acc1=21.05%  acc2=23.21%  ens=22.13%  (best 29.25 @ ep 6)  [13.9s]
  ep  13: R(t)=0.470  acc1=30.49%  acc2=30.13%  ens=30.31%  (best 30.31 @ ep 13)  [13.6s]
  ep  14: R(t)=0.470  acc1=26.01%  acc2=26.25%  ens=26.13%  (best 30.31 @ ep 13)  [14.9s]
  ep  15: R(t)=0.470  acc1=26.28%  acc2=27.56%  ens=26.92%  (best 30.31 @ ep 13)  [14.3s]
  ep  16: R(t)=0.470  acc1=27.21%  acc2=25.69%  ens=26.45%  (best 30.31 @ ep 13)  [5.7s]
  ep  17: R(t)=0.470  acc1=28.48%  acc2=28.28%  ens=28.38%  (best 30.31 @ ep 13)  [5.6s]
  ep  18: R(t)=0.470  acc1=24.60%  acc2=23.54%  ens=24.07%  (best 30.31 @ ep 13)  [5.3s]
  ep  19: R(t)=0.470  acc1=29.55%  acc2=24.25%  ens=26.90%  (best 30.31 @ ep 13)  [5.3s]
  ep  20: R(t)=0.470  acc1=27.21%  acc2=27.98%  ens=27.60%  (best 30.31 @ ep 13)  [8.5s]  [sel1+2: prec=0.508, recall_clean=0.541]
  ep  21: R(t)=0.470  acc1=27.28%  acc2=26.52%  ens=26.90%  (best 30.31 @ ep 13)  [5.4s]
  ep  22: R(t)=0.470  acc1=26.74%  acc2=25.33%  ens=26.04%  (best 30.31 @ ep 13)  [5.2s]
  ep  23: R(t)=0.470  acc1=28.48%  acc2=30.05%  ens=29.26%  (best 30.31 @ ep 13)  [5.4s]
  ep  24: R(t)=0.470  acc1=23.28%  acc2=24.10%  ens=23.69%  (best 30.31 @ ep 13)  [5.1s]
  ep  25: R(t)=0.470  acc1=29.73%  acc2=28.73%  ens=29.23%  (best 30.31 @ ep 13)  [5.4s]
  ep  26: R(t)=0.470  acc1=26.21%  acc2=24.81%  ens=25.51%  (best 30.31 @ ep 13)  [7.4s]
  ep  27: R(t)=0.470  acc1=28.04%  acc2=28.11%  ens=28.07%  (best 30.31 @ ep 13)  [13.2s]
  ep  28: R(t)=0.470  acc1=25.36%  acc2=26.22%  ens=25.79%  (best 30.31 @ ep 13)  [15.6s]
  ep  29: R(t)=0.470  acc1=27.92%  acc2=27.11%  ens=27.52%  (best 30.31 @ ep 13)  [15.8s]
  ep  30: R(t)=0.470  acc1=25.35%  acc2=25.96%  ens=25.66%  (best 30.31 @ ep 13)  [19.7s]  [sel1+2: prec=0.512, recall_clean=0.544]
  ep  31: R(t)=0.470  acc1=28.34%  acc2=28.15%  ens=28.24%  (best 30.31 @ ep 13)  [13.4s]
  ep  32: R(t)=0.470  acc1=28.95%  acc2=26.77%  ens=27.86%  (best 30.31 @ ep 13)  [14.1s]
  ep  33: R(t)=0.470  acc1=27.42%  acc2=30.26%  ens=28.84%  (best 30.31 @ ep 13)  [13.4s]
  ep  34: R(t)=0.470  acc1=25.32%  acc2=25.05%  ens=25.19%  (best 30.31 @ ep 13)  [13.6s]
  ep  35: R(t)=0.470  acc1=26.05%  acc2=23.09%  ens=24.57%  (best 30.31 @ ep 13)  [13.1s]
  ep  36: R(t)=0.470  acc1=27.91%  acc2=26.84%  ens=27.38%  (best 30.31 @ ep 13)  [13.6s]
  ep  37: R(t)=0.470  acc1=29.24%  acc2=27.87%  ens=28.55%  (best 30.31 @ ep 13)  [13.5s]
  ep  38: R(t)=0.470  acc1=30.13%  acc2=28.08%  ens=29.11%  (best 30.31 @ ep 13)  [13.2s]
  ep  39: R(t)=0.470  acc1=25.54%  acc2=27.30%  ens=26.42%  (best 30.31 @ ep 13)  [13.3s]
  ep  40: R(t)=0.470  acc1=28.07%  acc2=27.68%  ens=27.88%  (best 30.31 @ ep 13)  [13.2s]
  ep  41: R(t)=0.470  acc1=29.45%  acc2=27.30%  ens=28.38%  (best 30.31 @ ep 13)  [13.0s]
  ep  42: R(t)=0.470  acc1=25.70%  acc2=27.35%  ens=26.52%  (best 30.31 @ ep 13)  [7.9s]
  ep  43: R(t)=0.470  acc1=28.46%  acc2=29.09%  ens=28.78%  (best 30.31 @ ep 13)  [5.4s]
  ep  44: R(t)=0.470  acc1=28.06%  acc2=30.18%  ens=29.12%  (best 30.31 @ ep 13)  [5.2s]
  ep  45: R(t)=0.470  acc1=25.50%  acc2=24.12%  ens=24.81%  (best 30.31 @ ep 13)  [5.4s]
  ep  46: R(t)=0.470  acc1=27.66%  acc2=26.70%  ens=27.18%  (best 30.31 @ ep 13)  [5.1s]
  ep  47: R(t)=0.470  acc1=27.53%  acc2=28.06%  ens=27.80%  (best 30.31 @ ep 13)  [5.5s]
  ep  48: R(t)=0.470  acc1=26.66%  acc2=25.87%  ens=26.27%  (best 30.31 @ ep 13)  [5.4s]
  ep  49: R(t)=0.470  acc1=25.69%  acc2=28.59%  ens=27.14%  (best 30.31 @ ep 13)  [5.4s]
  ep  50: R(t)=0.470  acc1=28.61%  acc2=28.11%  ens=28.36%  (best 30.31 @ ep 13)  [7.9s]  [sel1+2: prec=0.522, recall_clean=0.548]
  ep  51: R(t)=0.470  acc1=28.21%  acc2=28.17%  ens=28.19%  (best 30.31 @ ep 13)  [5.3s]
  ep  52: R(t)=0.470  acc1=26.30%  acc2=29.45%  ens=27.88%  (best 30.31 @ ep 13)  [5.6s]
  ep  53: R(t)=0.470  acc1=26.43%  acc2=28.49%  ens=27.46%  (best 30.31 @ ep 13)  [10.4s]
  ep  54: R(t)=0.470  acc1=27.68%  acc2=27.45%  ens=27.57%  (best 30.31 @ ep 13)  [14.7s]
  ep  55: R(t)=0.470  acc1=28.28%  acc2=30.21%  ens=29.24%  (best 30.31 @ ep 13)  [14.1s]
  ep  56: R(t)=0.470  acc1=27.48%  acc2=27.85%  ens=27.66%  (best 30.31 @ ep 13)  [13.8s]
  ep  57: R(t)=0.470  acc1=28.14%  acc2=27.56%  ens=27.85%  (best 30.31 @ ep 13)  [16.2s]
  ep  58: R(t)=0.470  acc1=28.81%  acc2=29.97%  ens=29.39%  (best 30.31 @ ep 13)  [15.8s]
  ep  59: R(t)=0.470  acc1=28.76%  acc2=29.82%  ens=29.29%  (best 30.31 @ ep 13)  [16.4s]
  ep  60: R(t)=0.470  acc1=27.11%  acc2=25.76%  ens=26.43%  (best 30.31 @ ep 13)  [14.9s]
  ep  61: R(t)=0.470  acc1=27.66%  acc2=28.48%  ens=28.07%  (best 30.31 @ ep 13)  [15.2s]
  ep  62: R(t)=0.470  acc1=29.11%  acc2=28.59%  ens=28.85%  (best 30.31 @ ep 13)  [14.0s]
  ep  63: R(t)=0.470  acc1=29.19%  acc2=28.27%  ens=28.73%  (best 30.31 @ ep 13)  [17.7s]
  ep  64: R(t)=0.470  acc1=28.46%  acc2=26.90%  ens=27.68%  (best 30.31 @ ep 13)  [6.8s]
  ep  65: R(t)=0.470  acc1=28.39%  acc2=27.83%  ens=28.11%  (best 30.31 @ ep 13)  [5.3s]
  ep  66: R(t)=0.470  acc1=29.92%  acc2=28.38%  ens=29.15%  (best 30.31 @ ep 13)  [5.4s]
  ep  67: R(t)=0.470  acc1=26.93%  acc2=28.04%  ens=27.48%  (best 30.31 @ ep 13)  [5.5s]
  ep  68: R(t)=0.470  acc1=28.13%  acc2=28.43%  ens=28.28%  (best 30.31 @ ep 13)  [5.5s]
  ep  69: R(t)=0.470  acc1=27.59%  acc2=28.66%  ens=28.12%  (best 30.31 @ ep 13)  [5.4s]
  ep  70: R(t)=0.470  acc1=28.24%  acc2=28.60%  ens=28.42%  (best 30.31 @ ep 13)  [5.6s]
  ep  71: R(t)=0.470  acc1=29.54%  acc2=29.10%  ens=29.32%  (best 30.31 @ ep 13)  [5.4s]
  ep  72: R(t)=0.470  acc1=28.94%  acc2=30.82%  ens=29.88%  (best 30.31 @ ep 13)  [5.4s]
  ep  73: R(t)=0.470  acc1=29.60%  acc2=30.62%  ens=30.11%  (best 30.31 @ ep 13)  [5.5s]
  ep  74: R(t)=0.470  acc1=29.11%  acc2=29.05%  ens=29.08%  (best 30.31 @ ep 13)  [5.3s]
  ep  75: R(t)=0.470  acc1=28.83%  acc2=28.68%  ens=28.75%  (best 30.31 @ ep 13)  [11.1s]  [sel1+2: prec=0.533, recall_clean=0.553]
  ep  76: R(t)=0.470  acc1=28.51%  acc2=28.54%  ens=28.52%  (best 30.31 @ ep 13)  [13.4s]
  ep  77: R(t)=0.470  acc1=29.29%  acc2=29.63%  ens=29.46%  (best 30.31 @ ep 13)  [14.6s]
  ep  78: R(t)=0.470  acc1=28.79%  acc2=28.99%  ens=28.89%  (best 30.31 @ ep 13)  [13.3s]
  ep  79: R(t)=0.470  acc1=29.33%  acc2=29.23%  ens=29.28%  (best 30.31 @ ep 13)  [14.2s]
  ep  80: R(t)=0.470  acc1=28.87%  acc2=29.17%  ens=29.02%  (best 30.31 @ ep 13)  [13.0s]
  ep  81: R(t)=0.470  acc1=29.57%  acc2=29.92%  ens=29.74%  (best 30.31 @ ep 13)  [13.0s]
  ep  82: R(t)=0.470  acc1=29.97%  acc2=29.31%  ens=29.64%  (best 30.31 @ ep 13)  [13.3s]
  ep  83: R(t)=0.470  acc1=29.28%  acc2=29.18%  ens=29.23%  (best 30.31 @ ep 13)  [13.5s]
  ep  84: R(t)=0.470  acc1=29.25%  acc2=29.07%  ens=29.16%  (best 30.31 @ ep 13)  [14.0s]
  ep  85: R(t)=0.470  acc1=29.14%  acc2=29.16%  ens=29.15%  (best 30.31 @ ep 13)  [14.2s]
  ep  86: R(t)=0.470  acc1=29.28%  acc2=29.10%  ens=29.19%  (best 30.31 @ ep 13)  [13.7s]
  ep  87: R(t)=0.470  acc1=29.41%  acc2=29.32%  ens=29.36%  (best 30.31 @ ep 13)  [12.9s]
  ep  88: R(t)=0.470  acc1=29.09%  acc2=29.19%  ens=29.14%  (best 30.31 @ ep 13)  [12.9s]
  ep  89: R(t)=0.470  acc1=29.34%  acc2=29.30%  ens=29.32%  (best 30.31 @ ep 13)  [13.2s]
  ep  90: R(t)=0.470  acc1=29.31%  acc2=29.32%  ens=29.32%  (best 30.31 @ ep 13)  [13.5s]
  ep  91: R(t)=0.470  acc1=29.42%  acc2=29.30%  ens=29.36%  (best 30.31 @ ep 13)  [14.5s]
  ep  92: R(t)=0.470  acc1=29.29%  acc2=29.22%  ens=29.25%  (best 30.31 @ ep 13)  [13.1s]
  ep  93: R(t)=0.470  acc1=29.14%  acc2=29.12%  ens=29.13%  (best 30.31 @ ep 13)  [13.4s]
  ep  94: R(t)=0.470  acc1=29.34%  acc2=29.16%  ens=29.25%  (best 30.31 @ ep 13)  [14.0s]
  ep  95: R(t)=0.470  acc1=29.43%  acc2=29.35%  ens=29.39%  (best 30.31 @ ep 13)  [13.8s]
  ep  96: R(t)=0.470  acc1=29.18%  acc2=29.04%  ens=29.11%  (best 30.31 @ ep 13)  [14.5s]
  ep  97: R(t)=0.470  acc1=29.52%  acc2=29.39%  ens=29.45%  (best 30.31 @ ep 13)  [13.5s]
  ep  98: R(t)=0.470  acc1=29.09%  acc2=29.03%  ens=29.06%  (best 30.31 @ ep 13)  [15.0s]
  ep  99: R(t)=0.470  acc1=29.19%  acc2=29.10%  ens=29.14%  (best 30.31 @ ep 13)  [8.1s]  [sel1+2: prec=0.537, recall_clean=0.546]

saved /path/to/ciln-workspace/journal_edition/robustness_transfer/results_v4/coteaching/ours_v2_ccp_clean__pixelate_sev5__seed2.json: best ens-acc 30.31% @ ep 13
