/path/to/ciln-workspace/venv/lib/python3.12/site-packages/torchvision/datasets/cifar.py:83: VisibleDeprecationWarning: dtype(): align should be passed as Python or NumPy boolean but got `align=0`. Did you mean to pass a tuple to create a subarray type? (Deprecated NumPy 2.4)
  entry = pickle.load(f, encoding="latin1")
condition=ours_v2_noisy__shot_noise_sev5 seed=0 gpu=1
image_source=noisy  N=22500  noise_rate=54.72%
  ep   0: R(t)=1.000  acc1=12.39%  acc2=15.14%  ens=13.76%  (best 13.76 @ ep 0)  [7.3s]
  ep   1: R(t)=0.827  acc1=11.86%  acc2=13.88%  ens=12.87%  (best 13.76 @ ep 0)  [6.3s]
  ep   2: R(t)=0.755  acc1=19.37%  acc2=15.45%  ens=17.41%  (best 17.41 @ ep 2)  [6.2s]
  ep   3: R(t)=0.700  acc1=18.13%  acc2=19.50%  ens=18.81%  (best 18.81 @ ep 3)  [6.1s]
  ep   4: R(t)=0.654  acc1=18.21%  acc2=21.35%  ens=19.78%  (best 19.78 @ ep 4)  [6.0s]
  ep   5: R(t)=0.613  acc1=17.82%  acc2=16.80%  ens=17.31%  (best 19.78 @ ep 4)  [9.6s]  [sel1+2: prec=0.364, recall_clean=0.505]
  ep   6: R(t)=0.576  acc1=20.75%  acc2=21.27%  ens=21.01%  (best 21.01 @ ep 6)  [6.4s]
  ep   7: R(t)=0.542  acc1=17.07%  acc2=17.64%  ens=17.35%  (best 21.01 @ ep 6)  [9.2s]
  ep   8: R(t)=0.511  acc1=20.79%  acc2=20.93%  ens=20.86%  (best 21.01 @ ep 6)  [18.0s]
  ep   9: R(t)=0.481  acc1=22.97%  acc2=21.04%  ens=22.00%  (best 22.00 @ ep 9)  [15.6s]
  ep  10: R(t)=0.453  acc1=17.16%  acc2=18.99%  ens=18.08%  (best 22.00 @ ep 9)  [21.8s]  [sel1+2: prec=0.353, recall_clean=0.367]
  ep  11: R(t)=0.453  acc1=18.89%  acc2=18.92%  ens=18.91%  (best 22.00 @ ep 9)  [6.0s]
  ep  12: R(t)=0.453  acc1=22.02%  acc2=20.51%  ens=21.27%  (best 22.00 @ ep 9)  [6.4s]
  ep  13: R(t)=0.453  acc1=24.51%  acc2=21.70%  ens=23.11%  (best 23.11 @ ep 13)  [6.4s]
  ep  14: R(t)=0.453  acc1=21.98%  acc2=20.78%  ens=21.38%  (best 23.11 @ ep 13)  [6.0s]
  ep  15: R(t)=0.453  acc1=23.57%  acc2=23.40%  ens=23.48%  (best 23.48 @ ep 15)  [6.1s]
  ep  16: R(t)=0.453  acc1=18.84%  acc2=20.94%  ens=19.89%  (best 23.48 @ ep 15)  [6.3s]
  ep  17: R(t)=0.453  acc1=19.04%  acc2=21.40%  ens=20.22%  (best 23.48 @ ep 15)  [6.3s]
  ep  18: R(t)=0.453  acc1=23.26%  acc2=21.74%  ens=22.50%  (best 23.48 @ ep 15)  [6.1s]
  ep  19: R(t)=0.453  acc1=21.97%  acc2=20.87%  ens=21.42%  (best 23.48 @ ep 15)  [6.3s]
  ep  20: R(t)=0.453  acc1=24.17%  acc2=22.49%  ens=23.33%  (best 23.48 @ ep 15)  [11.1s]  [sel1+2: prec=0.368, recall_clean=0.382]
  ep  21: R(t)=0.453  acc1=18.27%  acc2=20.82%  ens=19.55%  (best 23.48 @ ep 15)  [15.9s]
  ep  22: R(t)=0.453  acc1=23.51%  acc2=23.93%  ens=23.72%  (best 23.72 @ ep 22)  [15.3s]
  ep  23: R(t)=0.453  acc1=18.83%  acc2=17.34%  ens=18.09%  (best 23.72 @ ep 22)  [15.1s]
  ep  24: R(t)=0.453  acc1=15.29%  acc2=16.39%  ens=15.84%  (best 23.72 @ ep 22)  [15.3s]
  ep  25: R(t)=0.453  acc1=23.52%  acc2=23.09%  ens=23.30%  (best 23.72 @ ep 22)  [16.0s]
  ep  26: R(t)=0.453  acc1=24.92%  acc2=26.58%  ens=25.75%  (best 25.75 @ ep 26)  [15.6s]
  ep  27: R(t)=0.453  acc1=24.37%  acc2=24.38%  ens=24.38%  (best 25.75 @ ep 26)  [15.8s]
  ep  28: R(t)=0.453  acc1=26.90%  acc2=26.14%  ens=26.52%  (best 26.52 @ ep 28)  [16.3s]
  ep  29: R(t)=0.453  acc1=17.14%  acc2=18.67%  ens=17.90%  (best 26.52 @ ep 28)  [12.9s]
  ep  30: R(t)=0.453  acc1=20.34%  acc2=20.53%  ens=20.43%  (best 26.52 @ ep 28)  [9.4s]  [sel1+2: prec=0.374, recall_clean=0.386]
  ep  31: R(t)=0.453  acc1=21.10%  acc2=17.22%  ens=19.16%  (best 26.52 @ ep 28)  [6.2s]
  ep  32: R(t)=0.453  acc1=21.19%  acc2=23.86%  ens=22.53%  (best 26.52 @ ep 28)  [6.2s]
  ep  33: R(t)=0.453  acc1=23.73%  acc2=22.53%  ens=23.13%  (best 26.52 @ ep 28)  [6.2s]
  ep  34: R(t)=0.453  acc1=19.07%  acc2=19.26%  ens=19.16%  (best 26.52 @ ep 28)  [6.6s]
  ep  35: R(t)=0.453  acc1=22.41%  acc2=21.68%  ens=22.04%  (best 26.52 @ ep 28)  [6.2s]
  ep  36: R(t)=0.453  acc1=21.00%  acc2=24.26%  ens=22.63%  (best 26.52 @ ep 28)  [6.1s]
  ep  37: R(t)=0.453  acc1=21.86%  acc2=24.19%  ens=23.03%  (best 26.52 @ ep 28)  [5.8s]
  ep  38: R(t)=0.453  acc1=21.73%  acc2=22.64%  ens=22.18%  (best 26.52 @ ep 28)  [7.5s]
  ep  39: R(t)=0.453  acc1=23.07%  acc2=22.30%  ens=22.68%  (best 26.52 @ ep 28)  [20.6s]
  ep  40: R(t)=0.453  acc1=19.98%  acc2=19.63%  ens=19.80%  (best 26.52 @ ep 28)  [17.8s]
  ep  41: R(t)=0.453  acc1=19.78%  acc2=20.17%  ens=19.97%  (best 26.52 @ ep 28)  [18.1s]
  ep  42: R(t)=0.453  acc1=24.59%  acc2=25.15%  ens=24.87%  (best 26.52 @ ep 28)  [19.0s]
  ep  43: R(t)=0.453  acc1=21.96%  acc2=21.42%  ens=21.69%  (best 26.52 @ ep 28)  [17.6s]
  ep  44: R(t)=0.453  acc1=27.12%  acc2=26.70%  ens=26.91%  (best 26.91 @ ep 44)  [16.1s]
  ep  45: R(t)=0.453  acc1=23.73%  acc2=25.36%  ens=24.55%  (best 26.91 @ ep 44)  [6.4s]
  ep  46: R(t)=0.453  acc1=23.93%  acc2=23.07%  ens=23.50%  (best 26.91 @ ep 44)  [6.2s]
  ep  47: R(t)=0.453  acc1=26.01%  acc2=23.30%  ens=24.65%  (best 26.91 @ ep 44)  [6.1s]
  ep  48: R(t)=0.453  acc1=26.66%  acc2=26.81%  ens=26.73%  (best 26.91 @ ep 44)  [6.1s]
  ep  49: R(t)=0.453  acc1=23.63%  acc2=22.98%  ens=23.30%  (best 26.91 @ ep 44)  [6.3s]
  ep  50: R(t)=0.453  acc1=21.22%  acc2=22.10%  ens=21.66%  (best 26.91 @ ep 44)  [9.1s]  [sel1+2: prec=0.382, recall_clean=0.394]
  ep  51: R(t)=0.453  acc1=22.82%  acc2=23.18%  ens=23.00%  (best 26.91 @ ep 44)  [6.1s]
  ep  52: R(t)=0.453  acc1=23.35%  acc2=23.60%  ens=23.48%  (best 26.91 @ ep 44)  [6.0s]
  ep  53: R(t)=0.453  acc1=22.58%  acc2=21.85%  ens=22.21%  (best 26.91 @ ep 44)  [6.1s]
  ep  54: R(t)=0.453  acc1=18.84%  acc2=19.32%  ens=19.08%  (best 26.91 @ ep 44)  [11.3s]
  ep  55: R(t)=0.453  acc1=25.28%  acc2=26.61%  ens=25.95%  (best 26.91 @ ep 44)  [15.3s]
  ep  56: R(t)=0.453  acc1=26.65%  acc2=25.52%  ens=26.09%  (best 26.91 @ ep 44)  [6.4s]
  ep  57: R(t)=0.453  acc1=28.40%  acc2=28.63%  ens=28.52%  (best 28.52 @ ep 57)  [6.4s]
  ep  58: R(t)=0.453  acc1=24.65%  acc2=24.45%  ens=24.55%  (best 28.52 @ ep 57)  [6.4s]
  ep  59: R(t)=0.453  acc1=21.16%  acc2=20.90%  ens=21.03%  (best 28.52 @ ep 57)  [6.4s]
  ep  60: R(t)=0.453  acc1=26.29%  acc2=25.06%  ens=25.68%  (best 28.52 @ ep 57)  [6.4s]
  ep  61: R(t)=0.453  acc1=24.23%  acc2=23.79%  ens=24.01%  (best 28.52 @ ep 57)  [5.9s]
  ep  62: R(t)=0.453  acc1=20.26%  acc2=19.76%  ens=20.01%  (best 28.52 @ ep 57)  [6.3s]
  ep  63: R(t)=0.453  acc1=26.08%  acc2=24.42%  ens=25.25%  (best 28.52 @ ep 57)  [6.0s]
  ep  64: R(t)=0.453  acc1=24.14%  acc2=23.30%  ens=23.72%  (best 28.52 @ ep 57)  [6.2s]
  ep  65: R(t)=0.453  acc1=20.84%  acc2=21.52%  ens=21.18%  (best 28.52 @ ep 57)  [6.3s]
  ep  66: R(t)=0.453  acc1=24.63%  acc2=25.24%  ens=24.94%  (best 28.52 @ ep 57)  [6.0s]
  ep  67: R(t)=0.453  acc1=23.85%  acc2=23.71%  ens=23.78%  (best 28.52 @ ep 57)  [6.2s]
  ep  68: R(t)=0.453  acc1=23.22%  acc2=26.22%  ens=24.72%  (best 28.52 @ ep 57)  [6.1s]
  ep  69: R(t)=0.453  acc1=25.49%  acc2=25.29%  ens=25.39%  (best 28.52 @ ep 57)  [6.1s]
  ep  70: R(t)=0.453  acc1=23.35%  acc2=23.47%  ens=23.41%  (best 28.52 @ ep 57)  [6.3s]
  ep  71: R(t)=0.453  acc1=22.62%  acc2=23.30%  ens=22.96%  (best 28.52 @ ep 57)  [6.0s]
  ep  72: R(t)=0.453  acc1=23.56%  acc2=23.60%  ens=23.58%  (best 28.52 @ ep 57)  [6.4s]
  ep  73: R(t)=0.453  acc1=25.80%  acc2=27.01%  ens=26.41%  (best 28.52 @ ep 57)  [6.3s]
  ep  74: R(t)=0.453  acc1=26.10%  acc2=25.20%  ens=25.65%  (best 28.52 @ ep 57)  [6.3s]
  ep  75: R(t)=0.453  acc1=21.96%  acc2=23.77%  ens=22.86%  (best 28.52 @ ep 57)  [15.7s]  [sel1+2: prec=0.391, recall_clean=0.402]
  ep  76: R(t)=0.453  acc1=23.41%  acc2=23.19%  ens=23.30%  (best 28.52 @ ep 57)  [17.0s]
  ep  77: R(t)=0.453  acc1=25.19%  acc2=24.22%  ens=24.70%  (best 28.52 @ ep 57)  [16.8s]
  ep  78: R(t)=0.453  acc1=27.29%  acc2=27.52%  ens=27.41%  (best 28.52 @ ep 57)  [16.8s]
  ep  79: R(t)=0.453  acc1=25.73%  acc2=25.19%  ens=25.46%  (best 28.52 @ ep 57)  [15.1s]
  ep  80: R(t)=0.453  acc1=25.29%  acc2=25.64%  ens=25.47%  (best 28.52 @ ep 57)  [17.5s]
  ep  81: R(t)=0.453  acc1=25.36%  acc2=25.32%  ens=25.34%  (best 28.52 @ ep 57)  [15.7s]
  ep  82: R(t)=0.453  acc1=25.49%  acc2=24.85%  ens=25.17%  (best 28.52 @ ep 57)  [15.1s]
  ep  83: R(t)=0.453  acc1=25.51%  acc2=25.83%  ens=25.67%  (best 28.52 @ ep 57)  [15.5s]
  ep  84: R(t)=0.453  acc1=26.66%  acc2=26.62%  ens=26.64%  (best 28.52 @ ep 57)  [15.1s]
  ep  85: R(t)=0.453  acc1=25.11%  acc2=25.16%  ens=25.13%  (best 28.52 @ ep 57)  [15.5s]
  ep  86: R(t)=0.453  acc1=26.04%  acc2=25.69%  ens=25.87%  (best 28.52 @ ep 57)  [16.3s]
  ep  87: R(t)=0.453  acc1=25.91%  acc2=26.53%  ens=26.22%  (best 28.52 @ ep 57)  [7.2s]
  ep  88: R(t)=0.453  acc1=26.50%  acc2=26.33%  ens=26.41%  (best 28.52 @ ep 57)  [6.5s]
  ep  89: R(t)=0.453  acc1=26.58%  acc2=26.75%  ens=26.66%  (best 28.52 @ ep 57)  [6.2s]
  ep  90: R(t)=0.453  acc1=25.47%  acc2=25.26%  ens=25.36%  (best 28.52 @ ep 57)  [6.2s]
  ep  91: R(t)=0.453  acc1=25.88%  acc2=26.33%  ens=26.11%  (best 28.52 @ ep 57)  [6.3s]
  ep  92: R(t)=0.453  acc1=26.39%  acc2=26.75%  ens=26.57%  (best 28.52 @ ep 57)  [6.1s]
  ep  93: R(t)=0.453  acc1=26.00%  acc2=26.07%  ens=26.03%  (best 28.52 @ ep 57)  [6.3s]
  ep  94: R(t)=0.453  acc1=25.27%  acc2=25.18%  ens=25.22%  (best 28.52 @ ep 57)  [6.0s]
  ep  95: R(t)=0.453  acc1=26.12%  acc2=26.14%  ens=26.13%  (best 28.52 @ ep 57)  [6.2s]
  ep  96: R(t)=0.453  acc1=26.18%  acc2=26.36%  ens=26.27%  (best 28.52 @ ep 57)  [6.6s]
  ep  97: R(t)=0.453  acc1=25.99%  acc2=26.30%  ens=26.15%  (best 28.52 @ ep 57)  [16.3s]
  ep  98: R(t)=0.453  acc1=26.19%  acc2=26.44%  ens=26.31%  (best 28.52 @ ep 57)  [15.2s]
  ep  99: R(t)=0.453  acc1=25.91%  acc2=26.14%  ens=26.02%  (best 28.52 @ ep 57)  [22.4s]  [sel1+2: prec=0.401, recall_clean=0.408]

saved /path/to/ciln-workspace/journal_edition/robustness_transfer/results_v4/coteaching/ours_v2_noisy__shot_noise_sev5__seed0.json: best ens-acc 28.52% @ ep 57
