/path/to/ciln-workspace/venv/lib/python3.12/site-packages/torchvision/datasets/cifar.py:83: VisibleDeprecationWarning: dtype(): align should be passed as Python or NumPy boolean but got `align=0`. Did you mean to pass a tuple to create a subarray type? (Deprecated NumPy 2.4)
  entry = pickle.load(f, encoding="latin1")
condition=ours_v2_ccp_clean__pixelate_sev5 seed=0 gpu=0
image_source=clean  N=17469  noise_rate=53.02%
  ep   0: R(t)=1.000  acc1=19.95%  acc2=20.06%  ens=20.00%  (best 20.00 @ ep 0)  [6.6s]
  ep   1: R(t)=0.832  acc1=25.62%  acc2=23.95%  ens=24.79%  (best 24.79 @ ep 1)  [5.5s]
  ep   2: R(t)=0.763  acc1=25.26%  acc2=24.81%  ens=25.03%  (best 25.03 @ ep 2)  [5.4s]
  ep   3: R(t)=0.710  acc1=25.87%  acc2=26.38%  ens=26.12%  (best 26.12 @ ep 3)  [5.5s]
  ep   4: R(t)=0.665  acc1=21.30%  acc2=22.62%  ens=21.96%  (best 26.12 @ ep 3)  [5.6s]
  ep   5: R(t)=0.625  acc1=25.09%  acc2=26.14%  ens=25.61%  (best 26.12 @ ep 3)  [8.5s]  [sel1+2: prec=0.449, recall_clean=0.629]
  ep   6: R(t)=0.589  acc1=26.08%  acc2=25.86%  ens=25.97%  (best 26.12 @ ep 3)  [10.2s]
  ep   7: R(t)=0.556  acc1=22.77%  acc2=24.15%  ens=23.46%  (best 26.12 @ ep 3)  [14.9s]
  ep   8: R(t)=0.526  acc1=23.15%  acc2=23.38%  ens=23.27%  (best 26.12 @ ep 3)  [16.2s]
  ep   9: R(t)=0.497  acc1=22.40%  acc2=20.83%  ens=21.62%  (best 26.12 @ ep 3)  [17.7s]
  ep  10: R(t)=0.470  acc1=23.18%  acc2=23.79%  ens=23.48%  (best 26.12 @ ep 3)  [8.3s]  [sel1+2: prec=0.461, recall_clean=0.490]
  ep  11: R(t)=0.470  acc1=22.70%  acc2=24.77%  ens=23.73%  (best 26.12 @ ep 3)  [5.5s]
  ep  12: R(t)=0.470  acc1=23.59%  acc2=26.94%  ens=25.26%  (best 26.12 @ ep 3)  [5.6s]
  ep  13: R(t)=0.470  acc1=24.08%  acc2=23.09%  ens=23.59%  (best 26.12 @ ep 3)  [5.4s]
  ep  14: R(t)=0.470  acc1=21.24%  acc2=24.14%  ens=22.69%  (best 26.12 @ ep 3)  [5.6s]
  ep  15: R(t)=0.470  acc1=23.28%  acc2=22.08%  ens=22.68%  (best 26.12 @ ep 3)  [5.5s]
  ep  16: R(t)=0.470  acc1=23.89%  acc2=23.18%  ens=23.54%  (best 26.12 @ ep 3)  [5.6s]
  ep  17: R(t)=0.470  acc1=23.79%  acc2=23.16%  ens=23.48%  (best 26.12 @ ep 3)  [5.6s]
  ep  18: R(t)=0.470  acc1=22.22%  acc2=25.48%  ens=23.85%  (best 26.12 @ ep 3)  [5.5s]
  ep  19: R(t)=0.470  acc1=25.28%  acc2=26.27%  ens=25.78%  (best 26.12 @ ep 3)  [5.3s]
  ep  20: R(t)=0.470  acc1=24.25%  acc2=22.46%  ens=23.35%  (best 26.12 @ ep 3)  [12.6s]  [sel1+2: prec=0.480, recall_clean=0.506]
  ep  21: R(t)=0.470  acc1=21.69%  acc2=23.69%  ens=22.69%  (best 26.12 @ ep 3)  [12.5s]
  ep  22: R(t)=0.470  acc1=23.20%  acc2=25.87%  ens=24.54%  (best 26.12 @ ep 3)  [13.2s]
  ep  23: R(t)=0.470  acc1=20.67%  acc2=23.56%  ens=22.12%  (best 26.12 @ ep 3)  [12.4s]
  ep  24: R(t)=0.470  acc1=21.71%  acc2=21.55%  ens=21.63%  (best 26.12 @ ep 3)  [12.8s]
  ep  25: R(t)=0.470  acc1=23.72%  acc2=21.48%  ens=22.60%  (best 26.12 @ ep 3)  [12.7s]
  ep  26: R(t)=0.470  acc1=25.11%  acc2=25.01%  ens=25.06%  (best 26.12 @ ep 3)  [12.4s]
  ep  27: R(t)=0.470  acc1=27.37%  acc2=24.81%  ens=26.09%  (best 26.12 @ ep 3)  [14.2s]
  ep  28: R(t)=0.470  acc1=22.23%  acc2=22.84%  ens=22.54%  (best 26.12 @ ep 3)  [14.8s]
  ep  29: R(t)=0.470  acc1=23.86%  acc2=23.60%  ens=23.73%  (best 26.12 @ ep 3)  [19.1s]
  ep  30: R(t)=0.470  acc1=21.95%  acc2=23.24%  ens=22.59%  (best 26.12 @ ep 3)  [8.3s]  [sel1+2: prec=0.478, recall_clean=0.501]
  ep  31: R(t)=0.470  acc1=23.06%  acc2=26.87%  ens=24.96%  (best 26.12 @ ep 3)  [5.6s]
  ep  32: R(t)=0.470  acc1=23.34%  acc2=24.23%  ens=23.79%  (best 26.12 @ ep 3)  [5.5s]
  ep  33: R(t)=0.470  acc1=25.70%  acc2=21.82%  ens=23.76%  (best 26.12 @ ep 3)  [5.6s]
  ep  34: R(t)=0.470  acc1=24.04%  acc2=23.86%  ens=23.95%  (best 26.12 @ ep 3)  [5.4s]
  ep  35: R(t)=0.470  acc1=26.05%  acc2=26.97%  ens=26.51%  (best 26.51 @ ep 35)  [5.5s]
  ep  36: R(t)=0.470  acc1=24.20%  acc2=23.67%  ens=23.94%  (best 26.51 @ ep 35)  [5.4s]
  ep  37: R(t)=0.470  acc1=25.40%  acc2=25.83%  ens=25.61%  (best 26.51 @ ep 35)  [5.7s]
  ep  38: R(t)=0.470  acc1=22.29%  acc2=22.64%  ens=22.46%  (best 26.51 @ ep 35)  [5.6s]
  ep  39: R(t)=0.470  acc1=26.68%  acc2=27.99%  ens=27.33%  (best 27.33 @ ep 39)  [5.5s]
  ep  40: R(t)=0.470  acc1=23.63%  acc2=23.37%  ens=23.50%  (best 27.33 @ ep 39)  [5.5s]
  ep  41: R(t)=0.470  acc1=23.27%  acc2=23.66%  ens=23.46%  (best 27.33 @ ep 39)  [12.6s]
  ep  42: R(t)=0.470  acc1=24.97%  acc2=25.13%  ens=25.05%  (best 27.33 @ ep 39)  [12.3s]
  ep  43: R(t)=0.470  acc1=26.10%  acc2=24.76%  ens=25.43%  (best 27.33 @ ep 39)  [13.1s]
  ep  44: R(t)=0.470  acc1=27.72%  acc2=25.80%  ens=26.76%  (best 27.33 @ ep 39)  [10.6s]
  ep  45: R(t)=0.470  acc1=25.22%  acc2=22.40%  ens=23.81%  (best 27.33 @ ep 39)  [5.4s]
  ep  46: R(t)=0.470  acc1=25.50%  acc2=24.00%  ens=24.75%  (best 27.33 @ ep 39)  [5.7s]
  ep  47: R(t)=0.470  acc1=26.64%  acc2=24.93%  ens=25.79%  (best 27.33 @ ep 39)  [5.4s]
  ep  48: R(t)=0.470  acc1=25.14%  acc2=25.44%  ens=25.29%  (best 27.33 @ ep 39)  [5.5s]
  ep  49: R(t)=0.470  acc1=22.65%  acc2=23.23%  ens=22.94%  (best 27.33 @ ep 39)  [5.5s]
  ep  50: R(t)=0.470  acc1=23.77%  acc2=25.06%  ens=24.41%  (best 27.33 @ ep 39)  [8.3s]  [sel1+2: prec=0.484, recall_clean=0.506]
  ep  51: R(t)=0.470  acc1=27.46%  acc2=23.91%  ens=25.69%  (best 27.33 @ ep 39)  [5.6s]
  ep  52: R(t)=0.470  acc1=23.60%  acc2=24.46%  ens=24.03%  (best 27.33 @ ep 39)  [5.5s]
  ep  53: R(t)=0.470  acc1=25.68%  acc2=24.81%  ens=25.24%  (best 27.33 @ ep 39)  [5.5s]
  ep  54: R(t)=0.470  acc1=25.54%  acc2=25.48%  ens=25.51%  (best 27.33 @ ep 39)  [5.4s]
  ep  55: R(t)=0.470  acc1=25.03%  acc2=24.98%  ens=25.00%  (best 27.33 @ ep 39)  [15.4s]
  ep  56: R(t)=0.470  acc1=24.56%  acc2=24.45%  ens=24.50%  (best 27.33 @ ep 39)  [15.8s]
  ep  57: R(t)=0.470  acc1=23.37%  acc2=24.32%  ens=23.84%  (best 27.33 @ ep 39)  [14.7s]
  ep  58: R(t)=0.470  acc1=26.03%  acc2=26.31%  ens=26.17%  (best 27.33 @ ep 39)  [14.5s]
  ep  59: R(t)=0.470  acc1=25.76%  acc2=26.12%  ens=25.94%  (best 27.33 @ ep 39)  [16.7s]
  ep  60: R(t)=0.470  acc1=22.90%  acc2=25.09%  ens=24.00%  (best 27.33 @ ep 39)  [16.2s]
  ep  61: R(t)=0.470  acc1=24.94%  acc2=25.36%  ens=25.15%  (best 27.33 @ ep 39)  [14.9s]
  ep  62: R(t)=0.470  acc1=22.88%  acc2=22.70%  ens=22.79%  (best 27.33 @ ep 39)  [5.6s]
  ep  63: R(t)=0.470  acc1=24.07%  acc2=25.39%  ens=24.73%  (best 27.33 @ ep 39)  [5.4s]
  ep  64: R(t)=0.470  acc1=24.51%  acc2=25.37%  ens=24.94%  (best 27.33 @ ep 39)  [5.4s]
  ep  65: R(t)=0.470  acc1=25.71%  acc2=24.66%  ens=25.19%  (best 27.33 @ ep 39)  [5.3s]
  ep  66: R(t)=0.470  acc1=26.11%  acc2=24.28%  ens=25.20%  (best 27.33 @ ep 39)  [5.7s]
  ep  67: R(t)=0.470  acc1=26.30%  acc2=26.41%  ens=26.36%  (best 27.33 @ ep 39)  [5.4s]
  ep  68: R(t)=0.470  acc1=24.28%  acc2=24.78%  ens=24.53%  (best 27.33 @ ep 39)  [5.6s]
  ep  69: R(t)=0.470  acc1=26.60%  acc2=25.84%  ens=26.22%  (best 27.33 @ ep 39)  [5.4s]
  ep  70: R(t)=0.470  acc1=26.38%  acc2=26.74%  ens=26.56%  (best 27.33 @ ep 39)  [5.3s]
  ep  71: R(t)=0.470  acc1=25.65%  acc2=26.64%  ens=26.15%  (best 27.33 @ ep 39)  [5.5s]
  ep  72: R(t)=0.470  acc1=25.41%  acc2=25.28%  ens=25.35%  (best 27.33 @ ep 39)  [5.3s]
  ep  73: R(t)=0.470  acc1=25.69%  acc2=26.21%  ens=25.95%  (best 27.33 @ ep 39)  [14.9s]
  ep  74: R(t)=0.470  acc1=26.16%  acc2=26.18%  ens=26.17%  (best 27.33 @ ep 39)  [13.4s]
  ep  75: R(t)=0.470  acc1=26.73%  acc2=26.32%  ens=26.52%  (best 27.33 @ ep 39)  [18.7s]  [sel1+2: prec=0.496, recall_clean=0.508]
  ep  76: R(t)=0.470  acc1=25.58%  acc2=25.90%  ens=25.74%  (best 27.33 @ ep 39)  [13.5s]
  ep  77: R(t)=0.470  acc1=26.62%  acc2=27.00%  ens=26.81%  (best 27.33 @ ep 39)  [13.7s]
  ep  78: R(t)=0.470  acc1=25.81%  acc2=26.38%  ens=26.10%  (best 27.33 @ ep 39)  [14.9s]
  ep  79: R(t)=0.470  acc1=26.99%  acc2=27.41%  ens=27.20%  (best 27.33 @ ep 39)  [14.8s]
  ep  80: R(t)=0.470  acc1=25.15%  acc2=26.14%  ens=25.64%  (best 27.33 @ ep 39)  [14.0s]
  ep  81: R(t)=0.470  acc1=26.11%  acc2=26.18%  ens=26.14%  (best 27.33 @ ep 39)  [14.7s]
  ep  82: R(t)=0.470  acc1=25.38%  acc2=25.31%  ens=25.35%  (best 27.33 @ ep 39)  [15.0s]
  ep  83: R(t)=0.470  acc1=25.61%  acc2=25.95%  ens=25.78%  (best 27.33 @ ep 39)  [15.7s]
  ep  84: R(t)=0.470  acc1=26.49%  acc2=26.38%  ens=26.43%  (best 27.33 @ ep 39)  [15.5s]
  ep  85: R(t)=0.470  acc1=27.16%  acc2=26.88%  ens=27.02%  (best 27.33 @ ep 39)  [18.0s]
  ep  86: R(t)=0.470  acc1=26.98%  acc2=26.59%  ens=26.79%  (best 27.33 @ ep 39)  [16.0s]
  ep  87: R(t)=0.470  acc1=25.75%  acc2=26.29%  ens=26.02%  (best 27.33 @ ep 39)  [14.7s]
  ep  88: R(t)=0.470  acc1=26.02%  acc2=26.06%  ens=26.04%  (best 27.33 @ ep 39)  [14.6s]
  ep  89: R(t)=0.470  acc1=25.99%  acc2=25.99%  ens=25.99%  (best 27.33 @ ep 39)  [16.5s]
  ep  90: R(t)=0.470  acc1=26.23%  acc2=26.25%  ens=26.24%  (best 27.33 @ ep 39)  [17.6s]
  ep  91: R(t)=0.470  acc1=26.23%  acc2=26.34%  ens=26.29%  (best 27.33 @ ep 39)  [14.9s]
  ep  92: R(t)=0.470  acc1=26.09%  acc2=26.10%  ens=26.10%  (best 27.33 @ ep 39)  [17.0s]
  ep  93: R(t)=0.470  acc1=25.99%  acc2=26.14%  ens=26.07%  (best 27.33 @ ep 39)  [13.9s]
  ep  94: R(t)=0.470  acc1=26.29%  acc2=26.33%  ens=26.31%  (best 27.33 @ ep 39)  [15.3s]
  ep  95: R(t)=0.470  acc1=26.53%  acc2=26.65%  ens=26.59%  (best 27.33 @ ep 39)  [16.0s]
  ep  96: R(t)=0.470  acc1=26.26%  acc2=26.23%  ens=26.24%  (best 27.33 @ ep 39)  [15.9s]
  ep  97: R(t)=0.470  acc1=26.42%  acc2=26.45%  ens=26.43%  (best 27.33 @ ep 39)  [5.6s]
  ep  98: R(t)=0.470  acc1=26.62%  acc2=26.69%  ens=26.66%  (best 27.33 @ ep 39)  [5.4s]
  ep  99: R(t)=0.470  acc1=26.26%  acc2=26.39%  ens=26.32%  (best 27.33 @ ep 39)  [8.3s]  [sel1+2: prec=0.506, recall_clean=0.513]

saved /path/to/ciln-workspace/journal_edition/robustness_transfer/results_v4/coteaching/ours_v2_ccp_clean__pixelate_sev5__seed0.json: best ens-acc 27.33% @ ep 39
