/path/to/ciln-workspace/venv/lib/python3.12/site-packages/torchvision/datasets/cifar.py:83: VisibleDeprecationWarning: dtype(): align should be passed as Python or NumPy boolean but got `align=0`. Did you mean to pass a tuple to create a subarray type? (Deprecated NumPy 2.4)
  entry = pickle.load(f, encoding="latin1")
=== MNIST ===
  wrote /path/to/ciln-workspace/journal_edition/confusion_grids/mnist/rotate_sev5
  wrote /path/to/ciln-workspace/journal_edition/confusion_grids/mnist/shear_sev5
  wrote /path/to/ciln-workspace/journal_edition/confusion_grids/mnist/canny_edges_sev1
  wrote /path/to/ciln-workspace/journal_edition/confusion_grids/mnist/scale_sev1
  wrote /path/to/ciln-workspace/journal_edition/confusion_grids/mnist/translate_sev3
  wrote /path/to/ciln-workspace/journal_edition/confusion_grids/mnist/stripe_sev1

=== Adult ===
  scaling_sev5: noise=24.15% on clean-correct N=10629
  wrote /path/to/ciln-workspace/journal_edition/confusion_grids/adult/scaling_sev5
  missing_mcar_sev5: noise=20.93% on clean-correct N=10629
  wrote /path/to/ciln-workspace/journal_edition/confusion_grids/adult/missing_mcar_sev5
  missing_mar_sev5: noise=19.92% on clean-correct N=10629
  wrote /path/to/ciln-workspace/journal_edition/confusion_grids/adult/missing_mar_sev5

=== CIFAR-10 ===
Loading Gu CIFAR-10 ...
  gu_low: 19987 rows
  gu_medium: 19987 rows
  gu_high: 19987 rows

=== ours__elastic_transform_sev3 (matched to gu_low) ===
  wrote /path/to/ciln-workspace/journal_edition/confusion_grids/cifar10/ours__elastic_transform_sev3

=== ours__brightness_sev5 (matched to gu_medium) ===
  wrote /path/to/ciln-workspace/journal_edition/confusion_grids/cifar10/ours__brightness_sev5

=== ours__impulse_noise_sev3 (matched to gu_medium) ===
  wrote /path/to/ciln-workspace/journal_edition/confusion_grids/cifar10/ours__impulse_noise_sev3

=== ours__fog_sev3 (matched to gu_medium) ===
  wrote /path/to/ciln-workspace/journal_edition/confusion_grids/cifar10/ours__fog_sev3

=== ours__motion_blur_sev3 (matched to gu_medium) ===
  wrote /path/to/ciln-workspace/journal_edition/confusion_grids/cifar10/ours__motion_blur_sev3

=== ours__contrast_sev3 (matched to gu_high) ===
  wrote /path/to/ciln-workspace/journal_edition/confusion_grids/cifar10/ours__contrast_sev3

=== ours__impulse_noise_sev5 (matched to gu_high) ===
  wrote /path/to/ciln-workspace/journal_edition/confusion_grids/cifar10/ours__impulse_noise_sev5
