[19:12:22] === gu_high__vs__zoom_blur_sev5__ours__seed2  device=cuda ===
[19:12:22]   pair noise rates: {'name': 'gu_high__vs__zoom_blur_sev5', 'gu_level': 'high', 'gu_noise_rate': 0.2962222222222222, 'ours_setting': 'zoom_blur_sev5', 'ours_noise_rate': 0.241, 'noise_rate_gap': -0.05522222222222223, 'n_rows': 9000}
[19:12:22]   train rows: 9000  test rows: 10000
[19:12:22]   epochs: 100  batch: 128  LR: 0.1 cosine  WD: 0.0005
[19:12:26] epoch   1/100  tr_loss=1.9758  tr_acc(noisy)=28.06%  TEST=24.13%  (best so far 24.13% @ ep 1)
[19:12:35] epoch   5/100  tr_loss=1.4220  tr_acc(noisy)=48.00%  TEST=39.70%  (best so far 39.70% @ ep 5)
[19:12:48] epoch  10/100  tr_loss=1.1400  tr_acc(noisy)=58.95%  TEST=52.27%  (best so far 52.27% @ ep 10)
[19:12:59] epoch  15/100  tr_loss=0.9595  tr_acc(noisy)=66.17%  TEST=48.53%  (best so far 54.92% @ ep 14)
[19:13:11] epoch  20/100  tr_loss=0.8383  tr_acc(noisy)=69.68%  TEST=62.44%  (best so far 62.44% @ ep 20)
[19:13:22] epoch  25/100  tr_loss=0.7346  tr_acc(noisy)=74.14%  TEST=54.05%  (best so far 62.48% @ ep 24)
[19:13:34] epoch  30/100  tr_loss=0.6729  tr_acc(noisy)=75.47%  TEST=66.02%  (best so far 67.07% @ ep 28)
[19:13:46] epoch  35/100  tr_loss=0.6083  tr_acc(noisy)=77.91%  TEST=63.32%  (best so far 67.88% @ ep 33)
[19:14:00] epoch  40/100  tr_loss=0.5524  tr_acc(noisy)=80.09%  TEST=62.75%  (best so far 67.88% @ ep 33)
[19:14:12] epoch  45/100  tr_loss=0.5052  tr_acc(noisy)=82.03%  TEST=64.74%  (best so far 67.88% @ ep 33)
[19:14:24] epoch  50/100  tr_loss=0.4261  tr_acc(noisy)=84.51%  TEST=67.08%  (best so far 67.88% @ ep 33)
[19:14:35] epoch  55/100  tr_loss=0.3543  tr_acc(noisy)=87.30%  TEST=65.10%  (best so far 67.88% @ ep 33)
[19:14:47] epoch  60/100  tr_loss=0.3031  tr_acc(noisy)=89.30%  TEST=63.84%  (best so far 67.88% @ ep 33)
[19:15:02] epoch  65/100  tr_loss=0.2302  tr_acc(noisy)=91.73%  TEST=66.61%  (best so far 67.88% @ ep 33)
[19:15:14] epoch  70/100  tr_loss=0.1704  tr_acc(noisy)=94.07%  TEST=67.75%  (best so far 69.38% @ ep 66)
[19:15:25] epoch  75/100  tr_loss=0.1104  tr_acc(noisy)=96.62%  TEST=64.72%  (best so far 69.38% @ ep 66)
[19:15:37] epoch  80/100  tr_loss=0.0750  tr_acc(noisy)=97.80%  TEST=67.47%  (best so far 69.38% @ ep 66)
[19:15:49] epoch  85/100  tr_loss=0.0502  tr_acc(noisy)=98.63%  TEST=67.17%  (best so far 69.38% @ ep 66)
[19:16:09] epoch  90/100  tr_loss=0.0355  tr_acc(noisy)=99.17%  TEST=67.74%  (best so far 69.38% @ ep 66)
[19:16:20] epoch  95/100  tr_loss=0.0286  tr_acc(noisy)=99.60%  TEST=67.77%  (best so far 69.38% @ ep 66)
[19:16:31] epoch 100/100  tr_loss=0.0274  tr_acc(noisy)=99.51%  TEST=68.16%  (best so far 69.38% @ ep 66)
[19:16:31] === FINAL  best test acc = 69.38% @ epoch 66 ===
[19:16:31] saved /path/to/ciln-workspace/journal_edition/robustness_transfer/results/gu_high__vs__zoom_blur_sev5__ours__seed2.json
