[18:25:53] === gu_high__vs__shot_noise_sev5__gu__seed0  device=cuda ===
[18:25:53]   pair noise rates: {'name': 'gu_high__vs__shot_noise_sev5', 'gu_level': 'high', 'gu_noise_rate': 0.2962222222222222, 'ours_setting': 'shot_noise_sev5', 'ours_noise_rate': 0.24, 'noise_rate_gap': -0.05622222222222223, 'n_rows': 9000}
[18:25:53]   train rows: 9000  test rows: 10000
[18:25:53]   epochs: 100  batch: 128  LR: 0.1 cosine  WD: 0.0005
[18:25:57] epoch   1/100  tr_loss=1.8965  tr_acc(noisy)=29.01%  TEST=29.23%  (best so far 29.23% @ ep 1)
[18:26:05] epoch   5/100  tr_loss=1.1305  tr_acc(noisy)=58.37%  TEST=44.50%  (best so far 44.50% @ ep 5)
[18:26:16] epoch  10/100  tr_loss=0.7501  tr_acc(noisy)=72.20%  TEST=53.42%  (best so far 54.88% @ ep 7)
[18:26:31] epoch  15/100  tr_loss=0.6322  tr_acc(noisy)=76.89%  TEST=56.00%  (best so far 60.35% @ ep 13)
[18:26:42] epoch  20/100  tr_loss=0.5694  tr_acc(noisy)=78.59%  TEST=58.38%  (best so far 60.35% @ ep 13)
[18:26:53] epoch  25/100  tr_loss=0.5041  tr_acc(noisy)=81.31%  TEST=61.48%  (best so far 61.48% @ ep 25)
[18:27:04] epoch  30/100  tr_loss=0.4823  tr_acc(noisy)=82.06%  TEST=60.76%  (best so far 61.61% @ ep 28)
[18:27:15] epoch  35/100  tr_loss=0.4341  tr_acc(noisy)=84.13%  TEST=56.96%  (best so far 61.61% @ ep 28)
[18:27:27] epoch  40/100  tr_loss=0.3965  tr_acc(noisy)=85.38%  TEST=63.10%  (best so far 64.56% @ ep 39)
[18:27:38] epoch  45/100  tr_loss=0.3687  tr_acc(noisy)=86.34%  TEST=60.68%  (best so far 64.56% @ ep 39)
[18:27:50] epoch  50/100  tr_loss=0.3154  tr_acc(noisy)=88.29%  TEST=62.92%  (best so far 64.56% @ ep 39)
[18:28:01] epoch  55/100  tr_loss=0.2982  tr_acc(noisy)=88.91%  TEST=62.24%  (best so far 64.56% @ ep 39)
[18:28:12] epoch  60/100  tr_loss=0.2167  tr_acc(noisy)=92.48%  TEST=64.55%  (best so far 64.69% @ ep 57)
[18:28:23] epoch  65/100  tr_loss=0.1796  tr_acc(noisy)=93.27%  TEST=65.18%  (best so far 65.51% @ ep 63)
[18:28:37] epoch  70/100  tr_loss=0.1346  tr_acc(noisy)=95.38%  TEST=63.81%  (best so far 66.30% @ ep 66)
[18:28:48] epoch  75/100  tr_loss=0.0932  tr_acc(noisy)=96.90%  TEST=65.48%  (best so far 66.30% @ ep 66)
[18:29:00] epoch  80/100  tr_loss=0.0733  tr_acc(noisy)=97.83%  TEST=66.68%  (best so far 66.78% @ ep 78)
[18:29:11] epoch  85/100  tr_loss=0.0509  tr_acc(noisy)=98.69%  TEST=66.81%  (best so far 66.89% @ ep 84)
[18:29:22] epoch  90/100  tr_loss=0.0402  tr_acc(noisy)=98.95%  TEST=67.08%  (best so far 67.28% @ ep 88)
[18:29:35] epoch  95/100  tr_loss=0.0352  tr_acc(noisy)=99.21%  TEST=67.19%  (best so far 67.28% @ ep 88)
[18:29:47] epoch 100/100  tr_loss=0.0352  tr_acc(noisy)=99.17%  TEST=67.02%  (best so far 67.28% @ ep 88)
[18:29:47] === FINAL  best test acc = 67.28% @ epoch 88 ===
[18:29:47] saved /path/to/ciln-workspace/journal_edition/robustness_transfer/results/gu_high__vs__shot_noise_sev5__gu__seed0.json
