[18:38:03] === gu_high__vs__shot_noise_sev5__ours__seed0  device=cuda ===
[18:38:03]   pair noise rates: {'name': 'gu_high__vs__shot_noise_sev5', 'gu_level': 'high', 'gu_noise_rate': 0.2962222222222222, 'ours_setting': 'shot_noise_sev5', 'ours_noise_rate': 0.24, 'noise_rate_gap': -0.05622222222222223, 'n_rows': 9000}
[18:38:03]   train rows: 9000  test rows: 10000
[18:38:03]   epochs: 100  batch: 128  LR: 0.1 cosine  WD: 0.0005
[18:38:06] epoch   1/100  tr_loss=1.9826  tr_acc(noisy)=25.45%  TEST=28.54%  (best so far 28.54% @ ep 1)
[18:38:25] epoch   5/100  tr_loss=1.5262  tr_acc(noisy)=43.24%  TEST=38.60%  (best so far 38.60% @ ep 5)
[18:38:37] epoch  10/100  tr_loss=1.1759  tr_acc(noisy)=57.10%  TEST=47.11%  (best so far 51.12% @ ep 8)
[18:38:48] epoch  15/100  tr_loss=1.0371  tr_acc(noisy)=61.96%  TEST=46.07%  (best so far 53.86% @ ep 13)
[18:38:59] epoch  20/100  tr_loss=0.9366  tr_acc(noisy)=66.31%  TEST=59.42%  (best so far 59.42% @ ep 20)
[18:39:10] epoch  25/100  tr_loss=0.8495  tr_acc(noisy)=69.31%  TEST=63.66%  (best so far 63.66% @ ep 25)
[18:39:22] epoch  30/100  tr_loss=0.7971  tr_acc(noisy)=71.02%  TEST=60.33%  (best so far 63.66% @ ep 25)
[18:39:33] epoch  35/100  tr_loss=0.7242  tr_acc(noisy)=74.16%  TEST=64.37%  (best so far 64.37% @ ep 35)
[18:39:45] epoch  40/100  tr_loss=0.6688  tr_acc(noisy)=76.00%  TEST=65.69%  (best so far 65.69% @ ep 40)
[18:39:56] epoch  45/100  tr_loss=0.6212  tr_acc(noisy)=77.40%  TEST=65.01%  (best so far 65.69% @ ep 40)
[18:40:08] epoch  50/100  tr_loss=0.5651  tr_acc(noisy)=79.79%  TEST=57.12%  (best so far 65.69% @ ep 40)
[18:40:19] epoch  55/100  tr_loss=0.5017  tr_acc(noisy)=82.03%  TEST=66.06%  (best so far 67.95% @ ep 52)
[18:40:33] epoch  60/100  tr_loss=0.4309  tr_acc(noisy)=84.77%  TEST=67.04%  (best so far 67.95% @ ep 52)
[18:40:44] epoch  65/100  tr_loss=0.3612  tr_acc(noisy)=86.93%  TEST=67.94%  (best so far 68.92% @ ep 61)
[18:40:55] epoch  70/100  tr_loss=0.2715  tr_acc(noisy)=90.60%  TEST=65.91%  (best so far 68.92% @ ep 61)
[18:41:07] epoch  75/100  tr_loss=0.2056  tr_acc(noisy)=92.88%  TEST=64.78%  (best so far 68.92% @ ep 61)
[18:41:19] epoch  80/100  tr_loss=0.1278  tr_acc(noisy)=95.96%  TEST=66.55%  (best so far 68.92% @ ep 61)
[18:41:31] epoch  85/100  tr_loss=0.0846  tr_acc(noisy)=97.60%  TEST=65.89%  (best so far 68.92% @ ep 61)
[18:41:42] epoch  90/100  tr_loss=0.0678  tr_acc(noisy)=98.27%  TEST=68.14%  (best so far 68.92% @ ep 61)
[18:41:54] epoch  95/100  tr_loss=0.0545  tr_acc(noisy)=98.73%  TEST=68.31%  (best so far 68.92% @ ep 61)
[18:42:05] epoch 100/100  tr_loss=0.0512  tr_acc(noisy)=98.67%  TEST=68.00%  (best so far 68.92% @ ep 61)
[18:42:05] === FINAL  best test acc = 68.92% @ epoch 61 ===
[18:42:05] saved /path/to/ciln-workspace/journal_edition/robustness_transfer/results/gu_high__vs__shot_noise_sev5__ours__seed0.json
