[19:07:59] === gu_high__vs__zoom_blur_sev5__ours__seed1  device=cuda ===
[19:07:59]   pair noise rates: {'name': 'gu_high__vs__zoom_blur_sev5', 'gu_level': 'high', 'gu_noise_rate': 0.2962222222222222, 'ours_setting': 'zoom_blur_sev5', 'ours_noise_rate': 0.241, 'noise_rate_gap': -0.05522222222222223, 'n_rows': 9000}
[19:07:59]   train rows: 9000  test rows: 10000
[19:07:59]   epochs: 100  batch: 128  LR: 0.1 cosine  WD: 0.0005
[19:08:03] epoch   1/100  tr_loss=1.9594  tr_acc(noisy)=28.28%  TEST=20.63%  (best so far 20.63% @ ep 1)
[19:08:20] epoch   5/100  tr_loss=1.5291  tr_acc(noisy)=43.33%  TEST=29.76%  (best so far 31.98% @ ep 4)
[19:08:32] epoch  10/100  tr_loss=1.2265  tr_acc(noisy)=55.13%  TEST=47.49%  (best so far 49.26% @ ep 9)
[19:08:43] epoch  15/100  tr_loss=0.9997  tr_acc(noisy)=64.23%  TEST=56.52%  (best so far 56.52% @ ep 15)
[19:08:55] epoch  20/100  tr_loss=0.8646  tr_acc(noisy)=68.73%  TEST=57.58%  (best so far 57.58% @ ep 20)
[19:09:06] epoch  25/100  tr_loss=0.7550  tr_acc(noisy)=72.56%  TEST=54.15%  (best so far 58.25% @ ep 23)
[19:09:17] epoch  30/100  tr_loss=0.6715  tr_acc(noisy)=75.93%  TEST=54.41%  (best so far 59.83% @ ep 28)
[19:09:31] epoch  35/100  tr_loss=0.6262  tr_acc(noisy)=77.46%  TEST=62.47%  (best so far 64.25% @ ep 33)
[19:09:42] epoch  40/100  tr_loss=0.5456  tr_acc(noisy)=80.45%  TEST=61.14%  (best so far 64.25% @ ep 33)
[19:09:54] epoch  45/100  tr_loss=0.4752  tr_acc(noisy)=83.17%  TEST=60.83%  (best so far 66.52% @ ep 41)
[19:10:05] epoch  50/100  tr_loss=0.4376  tr_acc(noisy)=83.65%  TEST=67.10%  (best so far 67.10% @ ep 50)
[19:10:17] epoch  55/100  tr_loss=0.3738  tr_acc(noisy)=86.70%  TEST=68.84%  (best so far 68.84% @ ep 55)
[19:10:33] epoch  60/100  tr_loss=0.3155  tr_acc(noisy)=88.52%  TEST=64.65%  (best so far 68.84% @ ep 55)
[19:10:45] epoch  65/100  tr_loss=0.2311  tr_acc(noisy)=92.27%  TEST=67.61%  (best so far 69.80% @ ep 62)
[19:10:56] epoch  70/100  tr_loss=0.1751  tr_acc(noisy)=93.75%  TEST=63.54%  (best so far 69.80% @ ep 62)
[19:11:08] epoch  75/100  tr_loss=0.1125  tr_acc(noisy)=96.47%  TEST=67.42%  (best so far 69.80% @ ep 62)
[19:11:20] epoch  80/100  tr_loss=0.0754  tr_acc(noisy)=97.59%  TEST=66.32%  (best so far 69.80% @ ep 62)
[19:11:31] epoch  85/100  tr_loss=0.0539  tr_acc(noisy)=98.50%  TEST=67.81%  (best so far 69.80% @ ep 62)
[19:11:50] epoch  90/100  tr_loss=0.0380  tr_acc(noisy)=99.16%  TEST=67.71%  (best so far 69.80% @ ep 62)
[19:12:02] epoch  95/100  tr_loss=0.0323  tr_acc(noisy)=99.40%  TEST=68.28%  (best so far 69.80% @ ep 62)
[19:12:14] epoch 100/100  tr_loss=0.0302  tr_acc(noisy)=99.41%  TEST=67.92%  (best so far 69.80% @ ep 62)
[19:12:14] === FINAL  best test acc = 69.80% @ epoch 62 ===
[19:12:14] saved /path/to/ciln-workspace/journal_edition/robustness_transfer/results/gu_high__vs__zoom_blur_sev5__ours__seed1.json
