[18:42:14] === gu_high__vs__shot_noise_sev5__ours__seed1  device=cuda ===
[18:42:14]   pair noise rates: {'name': 'gu_high__vs__shot_noise_sev5', 'gu_level': 'high', 'gu_noise_rate': 0.2962222222222222, 'ours_setting': 'shot_noise_sev5', 'ours_noise_rate': 0.24, 'noise_rate_gap': -0.05622222222222223, 'n_rows': 9000}
[18:42:14]   train rows: 9000  test rows: 10000
[18:42:14]   epochs: 100  batch: 128  LR: 0.1 cosine  WD: 0.0005
[18:42:18] epoch   1/100  tr_loss=2.0129  tr_acc(noisy)=24.82%  TEST=23.88%  (best so far 23.88% @ ep 1)
[18:42:27] epoch   5/100  tr_loss=1.5152  tr_acc(noisy)=43.29%  TEST=39.18%  (best so far 39.18% @ ep 5)
[18:42:41] epoch  10/100  tr_loss=1.1916  tr_acc(noisy)=56.25%  TEST=50.82%  (best so far 51.52% @ ep 9)
[18:42:53] epoch  15/100  tr_loss=1.0396  tr_acc(noisy)=62.27%  TEST=48.91%  (best so far 56.42% @ ep 13)
[18:43:04] epoch  20/100  tr_loss=0.9436  tr_acc(noisy)=65.77%  TEST=61.06%  (best so far 61.06% @ ep 20)
[18:43:16] epoch  25/100  tr_loss=0.8549  tr_acc(noisy)=69.62%  TEST=50.77%  (best so far 62.64% @ ep 21)
[18:43:27] epoch  30/100  tr_loss=0.7793  tr_acc(noisy)=72.30%  TEST=61.54%  (best so far 64.60% @ ep 26)
[18:43:52] epoch  35/100  tr_loss=0.7381  tr_acc(noisy)=73.78%  TEST=67.56%  (best so far 67.56% @ ep 35)
[18:44:03] epoch  40/100  tr_loss=0.6594  tr_acc(noisy)=76.72%  TEST=64.20%  (best so far 67.56% @ ep 35)
[18:44:15] epoch  45/100  tr_loss=0.6120  tr_acc(noisy)=78.06%  TEST=59.70%  (best so far 67.56% @ ep 35)
[18:44:27] epoch  50/100  tr_loss=0.5579  tr_acc(noisy)=79.79%  TEST=67.81%  (best so far 67.81% @ ep 50)
[18:44:39] epoch  55/100  tr_loss=0.5217  tr_acc(noisy)=81.15%  TEST=63.66%  (best so far 67.81% @ ep 50)
[18:44:50] epoch  60/100  tr_loss=0.4234  tr_acc(noisy)=84.51%  TEST=70.14%  (best so far 70.14% @ ep 60)
[18:45:04] epoch  65/100  tr_loss=0.3651  tr_acc(noisy)=86.75%  TEST=61.55%  (best so far 70.14% @ ep 60)
[18:45:15] epoch  70/100  tr_loss=0.2849  tr_acc(noisy)=89.87%  TEST=61.91%  (best so far 70.14% @ ep 60)
[18:45:26] epoch  75/100  tr_loss=0.2114  tr_acc(noisy)=92.39%  TEST=69.16%  (best so far 70.14% @ ep 60)
[18:45:38] epoch  80/100  tr_loss=0.1504  tr_acc(noisy)=94.80%  TEST=66.49%  (best so far 70.14% @ ep 60)
[18:45:49] epoch  85/100  tr_loss=0.1008  tr_acc(noisy)=96.83%  TEST=68.97%  (best so far 70.14% @ ep 60)
[18:46:06] epoch  90/100  tr_loss=0.0688  tr_acc(noisy)=98.23%  TEST=68.33%  (best so far 70.14% @ ep 60)
[18:46:18] epoch  95/100  tr_loss=0.0601  tr_acc(noisy)=98.55%  TEST=68.19%  (best so far 70.14% @ ep 60)
[18:46:29] epoch 100/100  tr_loss=0.0543  tr_acc(noisy)=98.77%  TEST=67.76%  (best so far 70.14% @ ep 60)
[18:46:29] === FINAL  best test acc = 70.14% @ epoch 60 ===
[18:46:29] saved /path/to/ciln-workspace/journal_edition/robustness_transfer/results/gu_high__vs__shot_noise_sev5__ours__seed1.json
