[20:57:21] === gu_high__vs__motion_blur_sev5__ours__seed1  device=cuda ===
[20:57:21]   pair noise rates: {'name': 'gu_high__vs__motion_blur_sev5', 'gu_level': 'high', 'gu_noise_rate': 0.2962222222222222, 'ours_setting': 'motion_blur_sev5', 'ours_noise_rate': 0.2663333333333333, 'noise_rate_gap': -0.02988888888888891, 'n_rows': 9000}
[20:57:21]   train rows: 9000  test rows: 10000
[20:57:21]   epochs: 100  batch: 128  LR: 0.1 cosine  WD: 0.0005
[20:57:25] epoch   1/100  tr_loss=1.8937  tr_acc(noisy)=33.14%  TEST=23.86%  (best so far 23.86% @ ep 1)
[20:57:34] epoch   5/100  tr_loss=1.4768  tr_acc(noisy)=46.71%  TEST=36.97%  (best so far 36.97% @ ep 5)
[20:57:45] epoch  10/100  tr_loss=1.1967  tr_acc(noisy)=56.07%  TEST=46.76%  (best so far 46.76% @ ep 10)
[20:57:57] epoch  15/100  tr_loss=1.0249  tr_acc(noisy)=62.67%  TEST=49.39%  (best so far 53.86% @ ep 14)
[20:58:08] epoch  20/100  tr_loss=0.9002  tr_acc(noisy)=67.21%  TEST=55.10%  (best so far 55.10% @ ep 20)
[20:58:19] epoch  25/100  tr_loss=0.8190  tr_acc(noisy)=70.51%  TEST=51.70%  (best so far 57.20% @ ep 21)
[20:58:33] epoch  30/100  tr_loss=0.7404  tr_acc(noisy)=73.56%  TEST=52.01%  (best so far 63.68% @ ep 27)
[20:58:44] epoch  35/100  tr_loss=0.6930  tr_acc(noisy)=74.71%  TEST=65.56%  (best so far 65.56% @ ep 35)
[20:58:55] epoch  40/100  tr_loss=0.6251  tr_acc(noisy)=77.72%  TEST=65.24%  (best so far 65.56% @ ep 35)
[20:59:07] epoch  45/100  tr_loss=0.5654  tr_acc(noisy)=79.56%  TEST=60.41%  (best so far 65.56% @ ep 35)
[20:59:18] epoch  50/100  tr_loss=0.5119  tr_acc(noisy)=81.21%  TEST=57.41%  (best so far 66.10% @ ep 47)
[20:59:32] epoch  55/100  tr_loss=0.4382  tr_acc(noisy)=84.25%  TEST=62.97%  (best so far 66.10% @ ep 47)
[20:59:44] epoch  60/100  tr_loss=0.3750  tr_acc(noisy)=86.26%  TEST=65.21%  (best so far 66.10% @ ep 47)
[20:59:56] epoch  65/100  tr_loss=0.3220  tr_acc(noisy)=88.48%  TEST=63.05%  (best so far 66.28% @ ep 62)
[21:00:07] epoch  70/100  tr_loss=0.2609  tr_acc(noisy)=90.46%  TEST=64.93%  (best so far 66.28% @ ep 62)
[21:00:19] epoch  75/100  tr_loss=0.1668  tr_acc(noisy)=94.34%  TEST=62.62%  (best so far 66.42% @ ep 72)
[21:00:30] epoch  80/100  tr_loss=0.1120  tr_acc(noisy)=96.55%  TEST=63.95%  (best so far 67.21% @ ep 77)
[21:00:43] epoch  85/100  tr_loss=0.0765  tr_acc(noisy)=97.69%  TEST=64.17%  (best so far 67.21% @ ep 77)
[21:00:54] epoch  90/100  tr_loss=0.0560  tr_acc(noisy)=98.50%  TEST=65.85%  (best so far 67.21% @ ep 77)
[21:01:05] epoch  95/100  tr_loss=0.0461  tr_acc(noisy)=98.96%  TEST=66.30%  (best so far 67.21% @ ep 77)
[21:01:17] epoch 100/100  tr_loss=0.0422  tr_acc(noisy)=99.13%  TEST=65.79%  (best so far 67.21% @ ep 77)
[21:01:17] === FINAL  best test acc = 67.21% @ epoch 77 ===
[21:01:17] saved /path/to/ciln-workspace/journal_edition/robustness_transfer/results/gu_high__vs__motion_blur_sev5__ours__seed1.json
