[23:20:43] === gu_high__vs__defocus_blur_sev5__gu__seed1  device=cuda ===
[23:20:43]   pair noise rates: {'name': 'gu_high__vs__defocus_blur_sev5', 'gu_level': 'high', 'gu_noise_rate': 0.2962222222222222, 'ours_setting': 'defocus_blur_sev5', 'ours_noise_rate': 0.28555555555555556, 'noise_rate_gap': -0.010666666666666658, 'n_rows': 9000}
[23:20:43]   train rows: 9000  test rows: 10000
[23:20:43]   epochs: 100  batch: 128  LR: 0.1 cosine  WD: 0.0005
[23:20:46] epoch   1/100  tr_loss=1.9428  tr_acc(noisy)=27.17%  TEST=28.76%  (best so far 28.76% @ ep 1)
[23:20:55] epoch   5/100  tr_loss=1.1656  tr_acc(noisy)=56.48%  TEST=46.28%  (best so far 46.28% @ ep 5)
[23:21:13] epoch  10/100  tr_loss=0.7535  tr_acc(noisy)=72.00%  TEST=52.03%  (best so far 57.24% @ ep 9)
[23:21:25] epoch  15/100  tr_loss=0.6095  tr_acc(noisy)=77.41%  TEST=58.75%  (best so far 58.75% @ ep 15)
[23:21:36] epoch  20/100  tr_loss=0.5498  tr_acc(noisy)=79.31%  TEST=60.86%  (best so far 60.86% @ ep 20)
[23:21:48] epoch  25/100  tr_loss=0.5105  tr_acc(noisy)=80.59%  TEST=58.59%  (best so far 60.86% @ ep 20)
[23:22:00] epoch  30/100  tr_loss=0.4589  tr_acc(noisy)=82.92%  TEST=58.50%  (best so far 63.31% @ ep 26)
[23:22:14] epoch  35/100  tr_loss=0.4423  tr_acc(noisy)=83.74%  TEST=61.43%  (best so far 63.92% @ ep 32)
[23:22:25] epoch  40/100  tr_loss=0.3814  tr_acc(noisy)=85.75%  TEST=61.73%  (best so far 63.92% @ ep 32)
[23:22:36] epoch  45/100  tr_loss=0.3454  tr_acc(noisy)=87.11%  TEST=64.43%  (best so far 64.43% @ ep 45)
[23:22:47] epoch  50/100  tr_loss=0.3112  tr_acc(noisy)=88.96%  TEST=62.98%  (best so far 64.78% @ ep 46)
[23:23:00] epoch  55/100  tr_loss=0.2720  tr_acc(noisy)=90.13%  TEST=63.87%  (best so far 64.78% @ ep 46)
[23:23:12] epoch  60/100  tr_loss=0.2321  tr_acc(noisy)=91.45%  TEST=64.35%  (best so far 65.43% @ ep 57)
[23:23:25] epoch  65/100  tr_loss=0.1833  tr_acc(noisy)=93.36%  TEST=65.47%  (best so far 65.47% @ ep 65)
[23:23:36] epoch  70/100  tr_loss=0.1292  tr_acc(noisy)=95.61%  TEST=66.11%  (best so far 66.48% @ ep 67)
[23:23:48] epoch  75/100  tr_loss=0.1006  tr_acc(noisy)=96.58%  TEST=66.16%  (best so far 66.48% @ ep 67)
[23:23:59] epoch  80/100  tr_loss=0.0657  tr_acc(noisy)=98.05%  TEST=65.83%  (best so far 66.96% @ ep 79)
[23:24:10] epoch  85/100  tr_loss=0.0490  tr_acc(noisy)=98.69%  TEST=66.73%  (best so far 67.36% @ ep 81)
[23:24:24] epoch  90/100  tr_loss=0.0395  tr_acc(noisy)=99.06%  TEST=67.39%  (best so far 67.52% @ ep 89)
[23:24:36] epoch  95/100  tr_loss=0.0338  tr_acc(noisy)=99.32%  TEST=67.46%  (best so far 67.52% @ ep 89)
[23:24:47] epoch 100/100  tr_loss=0.0323  tr_acc(noisy)=99.35%  TEST=67.30%  (best so far 67.52% @ ep 89)
[23:24:47] === FINAL  best test acc = 67.52% @ epoch 89 ===
[23:24:47] saved /path/to/ciln-workspace/journal_edition/robustness_transfer/results/gu_high__vs__defocus_blur_sev5__gu__seed1.json
