[22:47:41] === gu_low__vs__jpeg_compression_sev3__ours__seed2  device=cuda ===
[22:47:41]   pair noise rates: {'name': 'gu_low__vs__jpeg_compression_sev3', 'gu_level': 'low', 'gu_noise_rate': 0.07022222222222223, 'ours_setting': 'jpeg_compression_sev3', 'ours_noise_rate': 0.15666666666666668, 'noise_rate_gap': 0.08644444444444445, 'n_rows': 9000}
[22:47:41]   train rows: 9000  test rows: 10000
[22:47:41]   epochs: 100  batch: 128  LR: 0.1 cosine  WD: 0.0005
[22:47:44] epoch   1/100  tr_loss=2.0118  tr_acc(noisy)=24.77%  TEST=26.40%  (best so far 26.40% @ ep 1)
[22:47:53] epoch   5/100  tr_loss=1.3089  tr_acc(noisy)=51.46%  TEST=42.31%  (best so far 42.31% @ ep 5)
[22:48:04] epoch  10/100  tr_loss=0.9938  tr_acc(noisy)=63.69%  TEST=52.48%  (best so far 54.23% @ ep 7)
[22:48:16] epoch  15/100  tr_loss=0.7930  tr_acc(noisy)=71.55%  TEST=58.60%  (best so far 62.69% @ ep 13)
[22:48:28] epoch  20/100  tr_loss=0.6789  tr_acc(noisy)=75.49%  TEST=65.28%  (best so far 68.83% @ ep 18)
[22:48:40] epoch  25/100  tr_loss=0.6111  tr_acc(noisy)=78.60%  TEST=61.31%  (best so far 68.83% @ ep 18)
[22:48:52] epoch  30/100  tr_loss=0.5428  tr_acc(noisy)=81.34%  TEST=71.52%  (best so far 71.52% @ ep 30)
[22:49:03] epoch  35/100  tr_loss=0.4840  tr_acc(noisy)=83.02%  TEST=70.14%  (best so far 71.52% @ ep 30)
[22:49:14] epoch  40/100  tr_loss=0.4364  tr_acc(noisy)=85.31%  TEST=67.15%  (best so far 71.52% @ ep 30)
[22:49:28] epoch  45/100  tr_loss=0.3887  tr_acc(noisy)=86.17%  TEST=71.55%  (best so far 71.88% @ ep 41)
[22:49:39] epoch  50/100  tr_loss=0.3233  tr_acc(noisy)=88.60%  TEST=70.20%  (best so far 72.24% @ ep 46)
[22:49:51] epoch  55/100  tr_loss=0.2775  tr_acc(noisy)=90.04%  TEST=72.34%  (best so far 73.22% @ ep 52)
[22:50:02] epoch  60/100  tr_loss=0.2227  tr_acc(noisy)=92.22%  TEST=72.78%  (best so far 73.27% @ ep 58)
[22:50:14] epoch  65/100  tr_loss=0.1633  tr_acc(noisy)=94.52%  TEST=74.70%  (best so far 74.70% @ ep 65)
[22:50:26] epoch  70/100  tr_loss=0.1154  tr_acc(noisy)=96.12%  TEST=74.57%  (best so far 75.36% @ ep 69)
[22:50:40] epoch  75/100  tr_loss=0.0732  tr_acc(noisy)=97.90%  TEST=75.26%  (best so far 75.36% @ ep 69)
[22:50:51] epoch  80/100  tr_loss=0.0492  tr_acc(noisy)=98.65%  TEST=76.15%  (best so far 76.45% @ ep 77)
[22:51:02] epoch  85/100  tr_loss=0.0328  tr_acc(noisy)=99.11%  TEST=76.35%  (best so far 76.55% @ ep 82)
[22:51:13] epoch  90/100  tr_loss=0.0250  tr_acc(noisy)=99.50%  TEST=76.33%  (best so far 76.55% @ ep 82)
[22:51:24] epoch  95/100  tr_loss=0.0216  tr_acc(noisy)=99.67%  TEST=76.44%  (best so far 76.76% @ ep 91)
[22:51:41] epoch 100/100  tr_loss=0.0211  tr_acc(noisy)=99.67%  TEST=76.50%  (best so far 76.76% @ ep 91)
[22:51:41] === FINAL  best test acc = 76.76% @ epoch 91 ===
[22:51:41] saved /path/to/ciln-workspace/journal_edition/robustness_transfer/results/gu_low__vs__jpeg_compression_sev3__ours__seed2.json
