[22:30:50] === gu_low__vs__jpeg_compression_sev3__gu__seed1  device=cuda ===
[22:30:50]   pair noise rates: {'name': 'gu_low__vs__jpeg_compression_sev3', 'gu_level': 'low', 'gu_noise_rate': 0.07022222222222223, 'ours_setting': 'jpeg_compression_sev3', 'ours_noise_rate': 0.15666666666666668, 'noise_rate_gap': 0.08644444444444445, 'n_rows': 9000}
[22:30:50]   train rows: 9000  test rows: 10000
[22:30:50]   epochs: 100  batch: 128  LR: 0.1 cosine  WD: 0.0005
[22:30:53] epoch   1/100  tr_loss=2.0018  tr_acc(noisy)=25.15%  TEST=27.22%  (best so far 27.22% @ ep 1)
[22:31:02] epoch   5/100  tr_loss=1.4515  tr_acc(noisy)=46.50%  TEST=46.56%  (best so far 46.56% @ ep 5)
[22:31:17] epoch  10/100  tr_loss=1.0609  tr_acc(noisy)=61.65%  TEST=59.66%  (best so far 59.66% @ ep 10)
[22:31:28] epoch  15/100  tr_loss=0.8399  tr_acc(noisy)=69.98%  TEST=61.55%  (best so far 62.34% @ ep 14)
[22:31:40] epoch  20/100  tr_loss=0.6768  tr_acc(noisy)=76.09%  TEST=64.89%  (best so far 66.52% @ ep 16)
[22:31:51] epoch  25/100  tr_loss=0.6080  tr_acc(noisy)=78.76%  TEST=66.77%  (best so far 70.62% @ ep 23)
[22:32:02] epoch  30/100  tr_loss=0.5019  tr_acc(noisy)=82.21%  TEST=67.82%  (best so far 71.65% @ ep 28)
[22:32:14] epoch  35/100  tr_loss=0.4653  tr_acc(noisy)=83.93%  TEST=74.26%  (best so far 74.26% @ ep 35)
[22:32:29] epoch  40/100  tr_loss=0.3750  tr_acc(noisy)=86.79%  TEST=72.45%  (best so far 74.26% @ ep 35)
[22:32:41] epoch  45/100  tr_loss=0.3433  tr_acc(noisy)=87.71%  TEST=72.60%  (best so far 74.98% @ ep 43)
[22:32:53] epoch  50/100  tr_loss=0.2923  tr_acc(noisy)=89.68%  TEST=75.76%  (best so far 76.19% @ ep 49)
[22:33:04] epoch  55/100  tr_loss=0.2478  tr_acc(noisy)=91.42%  TEST=75.91%  (best so far 77.37% @ ep 53)
[22:33:15] epoch  60/100  tr_loss=0.1829  tr_acc(noisy)=93.48%  TEST=75.04%  (best so far 78.59% @ ep 59)
[22:33:28] epoch  65/100  tr_loss=0.1444  tr_acc(noisy)=95.02%  TEST=78.86%  (best so far 78.86% @ ep 65)
[22:33:39] epoch  70/100  tr_loss=0.0834  tr_acc(noisy)=97.46%  TEST=79.71%  (best so far 79.71% @ ep 70)
[22:33:50] epoch  75/100  tr_loss=0.0592  tr_acc(noisy)=98.31%  TEST=80.25%  (best so far 80.61% @ ep 74)
[22:34:02] epoch  80/100  tr_loss=0.0354  tr_acc(noisy)=99.01%  TEST=80.41%  (best so far 80.99% @ ep 79)
[22:34:13] epoch  85/100  tr_loss=0.0218  tr_acc(noisy)=99.69%  TEST=81.00%  (best so far 81.36% @ ep 83)
[22:34:25] epoch  90/100  tr_loss=0.0176  tr_acc(noisy)=99.70%  TEST=81.30%  (best so far 81.36% @ ep 83)
[22:34:36] epoch  95/100  tr_loss=0.0168  tr_acc(noisy)=99.72%  TEST=81.46%  (best so far 81.63% @ ep 94)
[22:34:48] epoch 100/100  tr_loss=0.0140  tr_acc(noisy)=99.83%  TEST=81.68%  (best so far 81.68% @ ep 100)
[22:34:48] === FINAL  best test acc = 81.68% @ epoch 100 ===
[22:34:48] saved /path/to/ciln-workspace/journal_edition/robustness_transfer/results/gu_low__vs__jpeg_compression_sev3__gu__seed1.json
