[22:43:32] === gu_low__vs__jpeg_compression_sev3__ours__seed1  device=cuda ===
[22:43:32]   pair noise rates: {'name': 'gu_low__vs__jpeg_compression_sev3', 'gu_level': 'low', 'gu_noise_rate': 0.07022222222222223, 'ours_setting': 'jpeg_compression_sev3', 'ours_noise_rate': 0.15666666666666668, 'noise_rate_gap': 0.08644444444444445, 'n_rows': 9000}
[22:43:32]   train rows: 9000  test rows: 10000
[22:43:32]   epochs: 100  batch: 128  LR: 0.1 cosine  WD: 0.0005
[22:43:35] epoch   1/100  tr_loss=1.9995  tr_acc(noisy)=24.96%  TEST=25.30%  (best so far 25.30% @ ep 1)
[22:43:44] epoch   5/100  tr_loss=1.3879  tr_acc(noisy)=48.58%  TEST=44.18%  (best so far 44.18% @ ep 5)
[22:43:56] epoch  10/100  tr_loss=1.0601  tr_acc(noisy)=61.93%  TEST=48.92%  (best so far 54.73% @ ep 8)
[22:44:13] epoch  15/100  tr_loss=0.8433  tr_acc(noisy)=69.54%  TEST=59.67%  (best so far 61.62% @ ep 13)
[22:44:25] epoch  20/100  tr_loss=0.7073  tr_acc(noisy)=74.83%  TEST=65.39%  (best so far 65.39% @ ep 20)
[22:44:36] epoch  25/100  tr_loss=0.6266  tr_acc(noisy)=77.41%  TEST=64.58%  (best so far 65.39% @ ep 20)
[22:44:47] epoch  30/100  tr_loss=0.5660  tr_acc(noisy)=80.01%  TEST=68.76%  (best so far 70.89% @ ep 27)
[22:45:00] epoch  35/100  tr_loss=0.5140  tr_acc(noisy)=81.73%  TEST=70.27%  (best so far 70.89% @ ep 27)
[22:45:13] epoch  40/100  tr_loss=0.4664  tr_acc(noisy)=83.66%  TEST=66.50%  (best so far 73.10% @ ep 38)
[22:45:26] epoch  45/100  tr_loss=0.3987  tr_acc(noisy)=85.87%  TEST=63.70%  (best so far 73.10% @ ep 38)
[22:45:38] epoch  50/100  tr_loss=0.3408  tr_acc(noisy)=87.99%  TEST=67.66%  (best so far 73.10% @ ep 38)
[22:45:49] epoch  55/100  tr_loss=0.2886  tr_acc(noisy)=89.90%  TEST=72.52%  (best so far 73.31% @ ep 53)
[22:46:01] epoch  60/100  tr_loss=0.2361  tr_acc(noisy)=91.95%  TEST=70.04%  (best so far 74.46% @ ep 58)
[22:46:12] epoch  65/100  tr_loss=0.1676  tr_acc(noisy)=94.15%  TEST=73.45%  (best so far 75.73% @ ep 64)
[22:46:24] epoch  70/100  tr_loss=0.1272  tr_acc(noisy)=95.58%  TEST=72.26%  (best so far 75.73% @ ep 64)
[22:46:36] epoch  75/100  tr_loss=0.0772  tr_acc(noisy)=97.50%  TEST=76.45%  (best so far 76.45% @ ep 75)
[22:46:47] epoch  80/100  tr_loss=0.0444  tr_acc(noisy)=98.90%  TEST=76.73%  (best so far 77.19% @ ep 77)
[22:46:58] epoch  85/100  tr_loss=0.0327  tr_acc(noisy)=99.36%  TEST=77.26%  (best so far 77.43% @ ep 84)
[22:47:09] epoch  90/100  tr_loss=0.0269  tr_acc(noisy)=99.40%  TEST=77.35%  (best so far 77.78% @ ep 89)
[22:47:21] epoch  95/100  tr_loss=0.0229  tr_acc(noisy)=99.64%  TEST=77.64%  (best so far 77.82% @ ep 92)
[22:47:32] epoch 100/100  tr_loss=0.0219  tr_acc(noisy)=99.64%  TEST=77.40%  (best so far 77.82% @ ep 92)
[22:47:32] === FINAL  best test acc = 77.82% @ epoch 92 ===
[22:47:32] saved /path/to/ciln-workspace/journal_edition/robustness_transfer/results/gu_low__vs__jpeg_compression_sev3__ours__seed1.json
