[21:26:36] === gu_medium__vs__snow_sev5__ours__seed2  device=cuda ===
[21:26:36]   pair noise rates: {'name': 'gu_medium__vs__snow_sev5', 'gu_level': 'medium', 'gu_noise_rate': 0.11088888888888888, 'ours_setting': 'snow_sev5', 'ours_noise_rate': 0.16366666666666665, 'noise_rate_gap': 0.05277777777777777, 'n_rows': 9000}
[21:26:36]   train rows: 9000  test rows: 10000
[21:26:36]   epochs: 100  batch: 128  LR: 0.1 cosine  WD: 0.0005
[21:26:39] epoch   1/100  tr_loss=2.0196  tr_acc(noisy)=25.04%  TEST=24.96%  (best so far 24.96% @ ep 1)
[21:26:49] epoch   5/100  tr_loss=1.4472  tr_acc(noisy)=46.00%  TEST=45.30%  (best so far 45.30% @ ep 5)
[21:27:05] epoch  10/100  tr_loss=1.1310  tr_acc(noisy)=59.72%  TEST=48.48%  (best so far 48.48% @ ep 10)
[21:27:16] epoch  15/100  tr_loss=0.9468  tr_acc(noisy)=67.01%  TEST=61.57%  (best so far 62.24% @ ep 14)
[21:27:28] epoch  20/100  tr_loss=0.8083  tr_acc(noisy)=71.92%  TEST=56.51%  (best so far 65.93% @ ep 18)
[21:27:39] epoch  25/100  tr_loss=0.7218  tr_acc(noisy)=75.16%  TEST=70.01%  (best so far 70.01% @ ep 25)
[21:27:50] epoch  30/100  tr_loss=0.6691  tr_acc(noisy)=76.40%  TEST=65.27%  (best so far 70.01% @ ep 25)
[21:28:01] epoch  35/100  tr_loss=0.6054  tr_acc(noisy)=79.13%  TEST=71.74%  (best so far 71.74% @ ep 35)
[21:28:16] epoch  40/100  tr_loss=0.5520  tr_acc(noisy)=80.97%  TEST=67.54%  (best so far 71.74% @ ep 35)
[21:28:27] epoch  45/100  tr_loss=0.5024  tr_acc(noisy)=82.23%  TEST=68.73%  (best so far 71.74% @ ep 35)
[21:28:39] epoch  50/100  tr_loss=0.4228  tr_acc(noisy)=85.46%  TEST=72.86%  (best so far 72.86% @ ep 50)
[21:28:50] epoch  55/100  tr_loss=0.3750  tr_acc(noisy)=87.04%  TEST=70.71%  (best so far 72.86% @ ep 50)
[21:29:01] epoch  60/100  tr_loss=0.3230  tr_acc(noisy)=89.04%  TEST=70.10%  (best so far 72.93% @ ep 56)
[21:29:13] epoch  65/100  tr_loss=0.2353  tr_acc(noisy)=91.84%  TEST=69.57%  (best so far 73.04% @ ep 61)
[21:29:25] epoch  70/100  tr_loss=0.1985  tr_acc(noisy)=93.19%  TEST=71.96%  (best so far 73.94% @ ep 67)
[21:29:36] epoch  75/100  tr_loss=0.1324  tr_acc(noisy)=95.66%  TEST=74.90%  (best so far 74.90% @ ep 75)
[21:29:47] epoch  80/100  tr_loss=0.0832  tr_acc(noisy)=97.41%  TEST=74.19%  (best so far 74.90% @ ep 75)
[21:29:59] epoch  85/100  tr_loss=0.0516  tr_acc(noisy)=98.66%  TEST=75.41%  (best so far 75.56% @ ep 84)
[21:30:11] epoch  90/100  tr_loss=0.0410  tr_acc(noisy)=98.97%  TEST=75.74%  (best so far 75.74% @ ep 90)
[21:30:22] epoch  95/100  tr_loss=0.0328  tr_acc(noisy)=99.48%  TEST=75.56%  (best so far 75.74% @ ep 90)
[21:30:34] epoch 100/100  tr_loss=0.0333  tr_acc(noisy)=99.36%  TEST=75.38%  (best so far 75.74% @ ep 90)
[21:30:34] === FINAL  best test acc = 75.74% @ epoch 90 ===
[21:30:34] saved /path/to/ciln-workspace/journal_edition/robustness_transfer/results/gu_medium__vs__snow_sev5__ours__seed2.json
