[21:09:36] === gu_medium__vs__snow_sev5__gu__seed1  device=cuda ===
[21:09:36]   pair noise rates: {'name': 'gu_medium__vs__snow_sev5', 'gu_level': 'medium', 'gu_noise_rate': 0.11088888888888888, 'ours_setting': 'snow_sev5', 'ours_noise_rate': 0.16366666666666665, 'noise_rate_gap': 0.05277777777777777, 'n_rows': 9000}
[21:09:36]   train rows: 9000  test rows: 10000
[21:09:36]   epochs: 100  batch: 128  LR: 0.1 cosine  WD: 0.0005
[21:09:39] epoch   1/100  tr_loss=1.9692  tr_acc(noisy)=25.29%  TEST=27.03%  (best so far 27.03% @ ep 1)
[21:09:48] epoch   5/100  tr_loss=1.4040  tr_acc(noisy)=48.27%  TEST=47.35%  (best so far 47.35% @ ep 5)
[21:09:59] epoch  10/100  tr_loss=1.0213  tr_acc(noisy)=63.31%  TEST=57.31%  (best so far 57.31% @ ep 10)
[21:10:13] epoch  15/100  tr_loss=0.8008  tr_acc(noisy)=71.64%  TEST=59.98%  (best so far 59.98% @ ep 15)
[21:10:25] epoch  20/100  tr_loss=0.6066  tr_acc(noisy)=78.23%  TEST=65.43%  (best so far 66.23% @ ep 17)
[21:10:36] epoch  25/100  tr_loss=0.5499  tr_acc(noisy)=80.58%  TEST=67.72%  (best so far 68.08% @ ep 22)
[21:10:48] epoch  30/100  tr_loss=0.4589  tr_acc(noisy)=83.85%  TEST=74.85%  (best so far 74.85% @ ep 30)
[21:10:59] epoch  35/100  tr_loss=0.4203  tr_acc(noisy)=85.01%  TEST=72.91%  (best so far 74.85% @ ep 30)
[21:11:21] epoch  40/100  tr_loss=0.3304  tr_acc(noisy)=88.25%  TEST=72.94%  (best so far 74.85% @ ep 30)
[21:11:32] epoch  45/100  tr_loss=0.2963  tr_acc(noisy)=89.52%  TEST=71.82%  (best so far 74.85% @ ep 30)
[21:11:43] epoch  50/100  tr_loss=0.2394  tr_acc(noisy)=91.50%  TEST=76.50%  (best so far 76.50% @ ep 50)
[21:11:54] epoch  55/100  tr_loss=0.2034  tr_acc(noisy)=92.67%  TEST=75.26%  (best so far 76.58% @ ep 52)
[21:12:06] epoch  60/100  tr_loss=0.1535  tr_acc(noisy)=94.40%  TEST=74.08%  (best so far 76.58% @ ep 52)
[21:12:17] epoch  65/100  tr_loss=0.1163  tr_acc(noisy)=96.15%  TEST=78.28%  (best so far 78.35% @ ep 63)
[21:12:30] epoch  70/100  tr_loss=0.0677  tr_acc(noisy)=97.87%  TEST=79.41%  (best so far 79.41% @ ep 70)
[21:12:41] epoch  75/100  tr_loss=0.0419  tr_acc(noisy)=98.84%  TEST=79.83%  (best so far 80.00% @ ep 71)
[21:12:52] epoch  80/100  tr_loss=0.0278  tr_acc(noisy)=99.38%  TEST=79.88%  (best so far 80.31% @ ep 79)
[21:13:04] epoch  85/100  tr_loss=0.0206  tr_acc(noisy)=99.55%  TEST=80.18%  (best so far 80.31% @ ep 79)
[21:13:16] epoch  90/100  tr_loss=0.0156  tr_acc(noisy)=99.70%  TEST=80.67%  (best so far 80.78% @ ep 89)
[21:13:28] epoch  95/100  tr_loss=0.0138  tr_acc(noisy)=99.81%  TEST=80.82%  (best so far 80.92% @ ep 93)
[21:13:43] epoch 100/100  tr_loss=0.0137  tr_acc(noisy)=99.78%  TEST=80.78%  (best so far 80.92% @ ep 93)
[21:13:43] === FINAL  best test acc = 80.92% @ epoch 93 ===
[21:13:43] saved /path/to/ciln-workspace/journal_edition/robustness_transfer/results/gu_medium__vs__snow_sev5__gu__seed1.json
