[2026-05-30 18:22:55] extra2 queue: waiting for robust_extra screen to end
[2026-05-30 18:25:46] extra2 queue starting (no wait)
[2026-05-30 18:25:46] >>> pair=gu_high__vs__shot_noise_sev5 cond=gu seed=0
/path/to/ciln-workspace/venv/lib/python3.12/site-packages/torchvision/datasets/cifar.py:83: VisibleDeprecationWarning: dtype(): align should be passed as Python or NumPy boolean but got `align=0`. Did you mean to pass a tuple to create a subarray type? (Deprecated NumPy 2.4)
  entry = pickle.load(f, encoding="latin1")
[18:25:53] === gu_high__vs__shot_noise_sev5__gu__seed0  device=cuda ===
[18:25:53]   pair noise rates: {'name': 'gu_high__vs__shot_noise_sev5', 'gu_level': 'high', 'gu_noise_rate': 0.2962222222222222, 'ours_setting': 'shot_noise_sev5', 'ours_noise_rate': 0.24, 'noise_rate_gap': -0.05622222222222223, 'n_rows': 9000}
[18:25:53]   train rows: 9000  test rows: 10000
[18:25:53]   epochs: 100  batch: 128  LR: 0.1 cosine  WD: 0.0005
[18:25:57] epoch   1/100  tr_loss=1.8965  tr_acc(noisy)=29.01%  TEST=29.23%  (best so far 29.23% @ ep 1)
[18:26:05] epoch   5/100  tr_loss=1.1305  tr_acc(noisy)=58.37%  TEST=44.50%  (best so far 44.50% @ ep 5)
[18:26:16] epoch  10/100  tr_loss=0.7501  tr_acc(noisy)=72.20%  TEST=53.42%  (best so far 54.88% @ ep 7)
[18:26:31] epoch  15/100  tr_loss=0.6322  tr_acc(noisy)=76.89%  TEST=56.00%  (best so far 60.35% @ ep 13)
[18:26:42] epoch  20/100  tr_loss=0.5694  tr_acc(noisy)=78.59%  TEST=58.38%  (best so far 60.35% @ ep 13)
[18:26:53] epoch  25/100  tr_loss=0.5041  tr_acc(noisy)=81.31%  TEST=61.48%  (best so far 61.48% @ ep 25)
[18:27:04] epoch  30/100  tr_loss=0.4823  tr_acc(noisy)=82.06%  TEST=60.76%  (best so far 61.61% @ ep 28)
[18:27:15] epoch  35/100  tr_loss=0.4341  tr_acc(noisy)=84.13%  TEST=56.96%  (best so far 61.61% @ ep 28)
[18:27:27] epoch  40/100  tr_loss=0.3965  tr_acc(noisy)=85.38%  TEST=63.10%  (best so far 64.56% @ ep 39)
[18:27:38] epoch  45/100  tr_loss=0.3687  tr_acc(noisy)=86.34%  TEST=60.68%  (best so far 64.56% @ ep 39)
[18:27:50] epoch  50/100  tr_loss=0.3154  tr_acc(noisy)=88.29%  TEST=62.92%  (best so far 64.56% @ ep 39)
[18:28:01] epoch  55/100  tr_loss=0.2982  tr_acc(noisy)=88.91%  TEST=62.24%  (best so far 64.56% @ ep 39)
[18:28:12] epoch  60/100  tr_loss=0.2167  tr_acc(noisy)=92.48%  TEST=64.55%  (best so far 64.69% @ ep 57)
[18:28:23] epoch  65/100  tr_loss=0.1796  tr_acc(noisy)=93.27%  TEST=65.18%  (best so far 65.51% @ ep 63)
[18:28:37] epoch  70/100  tr_loss=0.1346  tr_acc(noisy)=95.38%  TEST=63.81%  (best so far 66.30% @ ep 66)
[18:28:48] epoch  75/100  tr_loss=0.0932  tr_acc(noisy)=96.90%  TEST=65.48%  (best so far 66.30% @ ep 66)
[18:29:00] epoch  80/100  tr_loss=0.0733  tr_acc(noisy)=97.83%  TEST=66.68%  (best so far 66.78% @ ep 78)
[18:29:11] epoch  85/100  tr_loss=0.0509  tr_acc(noisy)=98.69%  TEST=66.81%  (best so far 66.89% @ ep 84)
[18:29:22] epoch  90/100  tr_loss=0.0402  tr_acc(noisy)=98.95%  TEST=67.08%  (best so far 67.28% @ ep 88)
[18:29:35] epoch  95/100  tr_loss=0.0352  tr_acc(noisy)=99.21%  TEST=67.19%  (best so far 67.28% @ ep 88)
[18:29:47] epoch 100/100  tr_loss=0.0352  tr_acc(noisy)=99.17%  TEST=67.02%  (best so far 67.28% @ ep 88)
[18:29:47] === FINAL  best test acc = 67.28% @ epoch 88 ===
[18:29:47] saved /path/to/ciln-workspace/journal_edition/robustness_transfer/results/gu_high__vs__shot_noise_sev5__gu__seed0.json
[2026-05-30 18:29:48] <<< done pair=gu_high__vs__shot_noise_sev5 cond=gu seed=0
[2026-05-30 18:29:48] >>> pair=gu_high__vs__shot_noise_sev5 cond=gu seed=1
/path/to/ciln-workspace/venv/lib/python3.12/site-packages/torchvision/datasets/cifar.py:83: VisibleDeprecationWarning: dtype(): align should be passed as Python or NumPy boolean but got `align=0`. Did you mean to pass a tuple to create a subarray type? (Deprecated NumPy 2.4)
  entry = pickle.load(f, encoding="latin1")
[18:29:55] === gu_high__vs__shot_noise_sev5__gu__seed1  device=cuda ===
[18:29:55]   pair noise rates: {'name': 'gu_high__vs__shot_noise_sev5', 'gu_level': 'high', 'gu_noise_rate': 0.2962222222222222, 'ours_setting': 'shot_noise_sev5', 'ours_noise_rate': 0.24, 'noise_rate_gap': -0.05622222222222223, 'n_rows': 9000}
[18:29:55]   train rows: 9000  test rows: 10000
[18:29:55]   epochs: 100  batch: 128  LR: 0.1 cosine  WD: 0.0005
[18:29:58] epoch   1/100  tr_loss=1.9772  tr_acc(noisy)=25.80%  TEST=28.16%  (best so far 28.16% @ ep 1)
[18:30:07] epoch   5/100  tr_loss=1.2476  tr_acc(noisy)=53.68%  TEST=48.03%  (best so far 48.03% @ ep 5)
[18:30:18] epoch  10/100  tr_loss=0.8050  tr_acc(noisy)=70.50%  TEST=52.23%  (best so far 55.18% @ ep 9)
[18:30:29] epoch  15/100  tr_loss=0.6354  tr_acc(noisy)=76.23%  TEST=54.16%  (best so far 57.86% @ ep 14)
[18:30:41] epoch  20/100  tr_loss=0.5593  tr_acc(noisy)=79.14%  TEST=60.22%  (best so far 60.22% @ ep 20)
[18:30:52] epoch  25/100  tr_loss=0.5059  tr_acc(noisy)=81.29%  TEST=59.59%  (best so far 61.39% @ ep 24)
[18:31:03] epoch  30/100  tr_loss=0.4606  tr_acc(noisy)=83.02%  TEST=53.01%  (best so far 63.57% @ ep 28)
[18:31:14] epoch  35/100  tr_loss=0.4518  tr_acc(noisy)=83.40%  TEST=58.82%  (best so far 63.57% @ ep 28)
[18:31:25] epoch  40/100  tr_loss=0.3909  tr_acc(noisy)=85.84%  TEST=60.69%  (best so far 63.57% @ ep 28)
[18:31:36] epoch  45/100  tr_loss=0.3520  tr_acc(noisy)=87.01%  TEST=64.64%  (best so far 64.64% @ ep 45)
[18:31:49] epoch  50/100  tr_loss=0.3183  tr_acc(noisy)=87.98%  TEST=64.89%  (best so far 64.89% @ ep 50)
[18:32:01] epoch  55/100  tr_loss=0.2835  tr_acc(noisy)=90.01%  TEST=64.27%  (best so far 65.94% @ ep 53)
[18:32:12] epoch  60/100  tr_loss=0.2147  tr_acc(noisy)=92.41%  TEST=63.73%  (best so far 65.94% @ ep 53)
[18:32:23] epoch  65/100  tr_loss=0.1781  tr_acc(noisy)=93.87%  TEST=63.02%  (best so far 65.99% @ ep 62)
[18:32:35] epoch  70/100  tr_loss=0.1276  tr_acc(noisy)=95.71%  TEST=65.89%  (best so far 66.04% @ ep 67)
[18:32:48] epoch  75/100  tr_loss=0.0972  tr_acc(noisy)=96.80%  TEST=66.41%  (best so far 66.41% @ ep 75)
[18:32:59] epoch  80/100  tr_loss=0.0632  tr_acc(noisy)=98.25%  TEST=66.52%  (best so far 66.61% @ ep 78)
[18:33:11] epoch  85/100  tr_loss=0.0464  tr_acc(noisy)=98.81%  TEST=67.40%  (best so far 67.40% @ ep 85)
[18:33:22] epoch  90/100  tr_loss=0.0386  tr_acc(noisy)=98.98%  TEST=67.36%  (best so far 67.40% @ ep 85)
[18:33:33] epoch  95/100  tr_loss=0.0340  tr_acc(noisy)=99.31%  TEST=67.28%  (best so far 67.40% @ ep 85)
[18:33:44] epoch 100/100  tr_loss=0.0308  tr_acc(noisy)=99.38%  TEST=67.33%  (best so far 67.40% @ ep 85)
[18:33:44] === FINAL  best test acc = 67.40% @ epoch 85 ===
[18:33:44] saved /path/to/ciln-workspace/journal_edition/robustness_transfer/results/gu_high__vs__shot_noise_sev5__gu__seed1.json
[2026-05-30 18:33:46] <<< done pair=gu_high__vs__shot_noise_sev5 cond=gu seed=1
[2026-05-30 18:33:46] >>> pair=gu_high__vs__shot_noise_sev5 cond=gu seed=2
/path/to/ciln-workspace/venv/lib/python3.12/site-packages/torchvision/datasets/cifar.py:83: VisibleDeprecationWarning: dtype(): align should be passed as Python or NumPy boolean but got `align=0`. Did you mean to pass a tuple to create a subarray type? (Deprecated NumPy 2.4)
  entry = pickle.load(f, encoding="latin1")
[18:33:53] === gu_high__vs__shot_noise_sev5__gu__seed2  device=cuda ===
[18:33:53]   pair noise rates: {'name': 'gu_high__vs__shot_noise_sev5', 'gu_level': 'high', 'gu_noise_rate': 0.2962222222222222, 'ours_setting': 'shot_noise_sev5', 'ours_noise_rate': 0.24, 'noise_rate_gap': -0.05622222222222223, 'n_rows': 9000}
[18:33:53]   train rows: 9000  test rows: 10000
[18:33:53]   epochs: 100  batch: 128  LR: 0.1 cosine  WD: 0.0005
[18:33:56] epoch   1/100  tr_loss=1.9279  tr_acc(noisy)=28.16%  TEST=28.48%  (best so far 28.48% @ ep 1)
[18:34:05] epoch   5/100  tr_loss=0.9994  tr_acc(noisy)=62.43%  TEST=50.55%  (best so far 50.55% @ ep 5)
[18:34:17] epoch  10/100  tr_loss=0.7064  tr_acc(noisy)=73.64%  TEST=50.87%  (best so far 56.59% @ ep 9)
[18:34:28] epoch  15/100  tr_loss=0.6200  tr_acc(noisy)=77.18%  TEST=50.41%  (best so far 59.89% @ ep 13)
[18:34:40] epoch  20/100  tr_loss=0.5514  tr_acc(noisy)=79.30%  TEST=61.09%  (best so far 61.09% @ ep 20)
[18:34:52] epoch  25/100  tr_loss=0.5153  tr_acc(noisy)=81.21%  TEST=61.60%  (best so far 62.54% @ ep 24)
[18:35:03] epoch  30/100  tr_loss=0.4756  tr_acc(noisy)=82.37%  TEST=59.03%  (best so far 62.54% @ ep 24)
[18:35:15] epoch  35/100  tr_loss=0.4323  tr_acc(noisy)=84.11%  TEST=60.61%  (best so far 62.54% @ ep 24)
[18:35:27] epoch  40/100  tr_loss=0.3985  tr_acc(noisy)=84.89%  TEST=59.69%  (best so far 63.80% @ ep 38)
[18:35:38] epoch  45/100  tr_loss=0.3652  tr_acc(noisy)=86.17%  TEST=64.64%  (best so far 64.64% @ ep 45)
[18:35:49] epoch  50/100  tr_loss=0.3483  tr_acc(noisy)=87.18%  TEST=65.15%  (best so far 65.15% @ ep 50)
[18:36:11] epoch  55/100  tr_loss=0.2693  tr_acc(noisy)=89.77%  TEST=63.95%  (best so far 65.15% @ ep 50)
[18:36:23] epoch  60/100  tr_loss=0.2469  tr_acc(noisy)=90.59%  TEST=65.94%  (best so far 65.94% @ ep 60)
[18:36:34] epoch  65/100  tr_loss=0.2061  tr_acc(noisy)=92.81%  TEST=66.45%  (best so far 66.45% @ ep 65)
[18:36:45] epoch  70/100  tr_loss=0.1621  tr_acc(noisy)=94.05%  TEST=65.97%  (best so far 66.74% @ ep 68)
[18:36:56] epoch  75/100  tr_loss=0.1176  tr_acc(noisy)=96.17%  TEST=67.04%  (best so far 67.04% @ ep 75)
[18:37:08] epoch  80/100  tr_loss=0.0837  tr_acc(noisy)=97.29%  TEST=66.99%  (best so far 67.04% @ ep 75)
[18:37:20] epoch  85/100  tr_loss=0.0613  tr_acc(noisy)=98.24%  TEST=66.92%  (best so far 67.27% @ ep 83)
[18:37:32] epoch  90/100  tr_loss=0.0404  tr_acc(noisy)=99.13%  TEST=67.14%  (best so far 67.31% @ ep 87)
[18:37:43] epoch  95/100  tr_loss=0.0376  tr_acc(noisy)=99.17%  TEST=67.23%  (best so far 67.35% @ ep 94)
[18:37:55] epoch 100/100  tr_loss=0.0366  tr_acc(noisy)=99.27%  TEST=67.43%  (best so far 67.43% @ ep 100)
[18:37:55] === FINAL  best test acc = 67.43% @ epoch 100 ===
[18:37:55] saved /path/to/ciln-workspace/journal_edition/robustness_transfer/results/gu_high__vs__shot_noise_sev5__gu__seed2.json
[2026-05-30 18:37:56] <<< done pair=gu_high__vs__shot_noise_sev5 cond=gu seed=2
[2026-05-30 18:37:56] >>> pair=gu_high__vs__shot_noise_sev5 cond=ours seed=0
/path/to/ciln-workspace/venv/lib/python3.12/site-packages/torchvision/datasets/cifar.py:83: VisibleDeprecationWarning: dtype(): align should be passed as Python or NumPy boolean but got `align=0`. Did you mean to pass a tuple to create a subarray type? (Deprecated NumPy 2.4)
  entry = pickle.load(f, encoding="latin1")
[18:38:03] === gu_high__vs__shot_noise_sev5__ours__seed0  device=cuda ===
[18:38:03]   pair noise rates: {'name': 'gu_high__vs__shot_noise_sev5', 'gu_level': 'high', 'gu_noise_rate': 0.2962222222222222, 'ours_setting': 'shot_noise_sev5', 'ours_noise_rate': 0.24, 'noise_rate_gap': -0.05622222222222223, 'n_rows': 9000}
[18:38:03]   train rows: 9000  test rows: 10000
[18:38:03]   epochs: 100  batch: 128  LR: 0.1 cosine  WD: 0.0005
[18:38:06] epoch   1/100  tr_loss=1.9826  tr_acc(noisy)=25.45%  TEST=28.54%  (best so far 28.54% @ ep 1)
[18:38:25] epoch   5/100  tr_loss=1.5262  tr_acc(noisy)=43.24%  TEST=38.60%  (best so far 38.60% @ ep 5)
[18:38:37] epoch  10/100  tr_loss=1.1759  tr_acc(noisy)=57.10%  TEST=47.11%  (best so far 51.12% @ ep 8)
[18:38:48] epoch  15/100  tr_loss=1.0371  tr_acc(noisy)=61.96%  TEST=46.07%  (best so far 53.86% @ ep 13)
[18:38:59] epoch  20/100  tr_loss=0.9366  tr_acc(noisy)=66.31%  TEST=59.42%  (best so far 59.42% @ ep 20)
[18:39:10] epoch  25/100  tr_loss=0.8495  tr_acc(noisy)=69.31%  TEST=63.66%  (best so far 63.66% @ ep 25)
[18:39:22] epoch  30/100  tr_loss=0.7971  tr_acc(noisy)=71.02%  TEST=60.33%  (best so far 63.66% @ ep 25)
[18:39:33] epoch  35/100  tr_loss=0.7242  tr_acc(noisy)=74.16%  TEST=64.37%  (best so far 64.37% @ ep 35)
[18:39:45] epoch  40/100  tr_loss=0.6688  tr_acc(noisy)=76.00%  TEST=65.69%  (best so far 65.69% @ ep 40)
[18:39:56] epoch  45/100  tr_loss=0.6212  tr_acc(noisy)=77.40%  TEST=65.01%  (best so far 65.69% @ ep 40)
[18:40:08] epoch  50/100  tr_loss=0.5651  tr_acc(noisy)=79.79%  TEST=57.12%  (best so far 65.69% @ ep 40)
[18:40:19] epoch  55/100  tr_loss=0.5017  tr_acc(noisy)=82.03%  TEST=66.06%  (best so far 67.95% @ ep 52)
[18:40:33] epoch  60/100  tr_loss=0.4309  tr_acc(noisy)=84.77%  TEST=67.04%  (best so far 67.95% @ ep 52)
[18:40:44] epoch  65/100  tr_loss=0.3612  tr_acc(noisy)=86.93%  TEST=67.94%  (best so far 68.92% @ ep 61)
[18:40:55] epoch  70/100  tr_loss=0.2715  tr_acc(noisy)=90.60%  TEST=65.91%  (best so far 68.92% @ ep 61)
[18:41:07] epoch  75/100  tr_loss=0.2056  tr_acc(noisy)=92.88%  TEST=64.78%  (best so far 68.92% @ ep 61)
[18:41:19] epoch  80/100  tr_loss=0.1278  tr_acc(noisy)=95.96%  TEST=66.55%  (best so far 68.92% @ ep 61)
[18:41:31] epoch  85/100  tr_loss=0.0846  tr_acc(noisy)=97.60%  TEST=65.89%  (best so far 68.92% @ ep 61)
[18:41:42] epoch  90/100  tr_loss=0.0678  tr_acc(noisy)=98.27%  TEST=68.14%  (best so far 68.92% @ ep 61)
[18:41:54] epoch  95/100  tr_loss=0.0545  tr_acc(noisy)=98.73%  TEST=68.31%  (best so far 68.92% @ ep 61)
[18:42:05] epoch 100/100  tr_loss=0.0512  tr_acc(noisy)=98.67%  TEST=68.00%  (best so far 68.92% @ ep 61)
[18:42:05] === FINAL  best test acc = 68.92% @ epoch 61 ===
[18:42:05] saved /path/to/ciln-workspace/journal_edition/robustness_transfer/results/gu_high__vs__shot_noise_sev5__ours__seed0.json
[2026-05-30 18:42:07] <<< done pair=gu_high__vs__shot_noise_sev5 cond=ours seed=0
[2026-05-30 18:42:07] >>> pair=gu_high__vs__shot_noise_sev5 cond=ours seed=1
/path/to/ciln-workspace/venv/lib/python3.12/site-packages/torchvision/datasets/cifar.py:83: VisibleDeprecationWarning: dtype(): align should be passed as Python or NumPy boolean but got `align=0`. Did you mean to pass a tuple to create a subarray type? (Deprecated NumPy 2.4)
  entry = pickle.load(f, encoding="latin1")
[18:42:14] === gu_high__vs__shot_noise_sev5__ours__seed1  device=cuda ===
[18:42:14]   pair noise rates: {'name': 'gu_high__vs__shot_noise_sev5', 'gu_level': 'high', 'gu_noise_rate': 0.2962222222222222, 'ours_setting': 'shot_noise_sev5', 'ours_noise_rate': 0.24, 'noise_rate_gap': -0.05622222222222223, 'n_rows': 9000}
[18:42:14]   train rows: 9000  test rows: 10000
[18:42:14]   epochs: 100  batch: 128  LR: 0.1 cosine  WD: 0.0005
[18:42:18] epoch   1/100  tr_loss=2.0129  tr_acc(noisy)=24.82%  TEST=23.88%  (best so far 23.88% @ ep 1)
[18:42:27] epoch   5/100  tr_loss=1.5152  tr_acc(noisy)=43.29%  TEST=39.18%  (best so far 39.18% @ ep 5)
[18:42:41] epoch  10/100  tr_loss=1.1916  tr_acc(noisy)=56.25%  TEST=50.82%  (best so far 51.52% @ ep 9)
[18:42:53] epoch  15/100  tr_loss=1.0396  tr_acc(noisy)=62.27%  TEST=48.91%  (best so far 56.42% @ ep 13)
[18:43:04] epoch  20/100  tr_loss=0.9436  tr_acc(noisy)=65.77%  TEST=61.06%  (best so far 61.06% @ ep 20)
[18:43:16] epoch  25/100  tr_loss=0.8549  tr_acc(noisy)=69.62%  TEST=50.77%  (best so far 62.64% @ ep 21)
[18:43:27] epoch  30/100  tr_loss=0.7793  tr_acc(noisy)=72.30%  TEST=61.54%  (best so far 64.60% @ ep 26)
[18:43:52] epoch  35/100  tr_loss=0.7381  tr_acc(noisy)=73.78%  TEST=67.56%  (best so far 67.56% @ ep 35)
[18:44:03] epoch  40/100  tr_loss=0.6594  tr_acc(noisy)=76.72%  TEST=64.20%  (best so far 67.56% @ ep 35)
[18:44:15] epoch  45/100  tr_loss=0.6120  tr_acc(noisy)=78.06%  TEST=59.70%  (best so far 67.56% @ ep 35)
[18:44:27] epoch  50/100  tr_loss=0.5579  tr_acc(noisy)=79.79%  TEST=67.81%  (best so far 67.81% @ ep 50)
[18:44:39] epoch  55/100  tr_loss=0.5217  tr_acc(noisy)=81.15%  TEST=63.66%  (best so far 67.81% @ ep 50)
[18:44:50] epoch  60/100  tr_loss=0.4234  tr_acc(noisy)=84.51%  TEST=70.14%  (best so far 70.14% @ ep 60)
[18:45:04] epoch  65/100  tr_loss=0.3651  tr_acc(noisy)=86.75%  TEST=61.55%  (best so far 70.14% @ ep 60)
[18:45:15] epoch  70/100  tr_loss=0.2849  tr_acc(noisy)=89.87%  TEST=61.91%  (best so far 70.14% @ ep 60)
[18:45:26] epoch  75/100  tr_loss=0.2114  tr_acc(noisy)=92.39%  TEST=69.16%  (best so far 70.14% @ ep 60)
[18:45:38] epoch  80/100  tr_loss=0.1504  tr_acc(noisy)=94.80%  TEST=66.49%  (best so far 70.14% @ ep 60)
[18:45:49] epoch  85/100  tr_loss=0.1008  tr_acc(noisy)=96.83%  TEST=68.97%  (best so far 70.14% @ ep 60)
[18:46:06] epoch  90/100  tr_loss=0.0688  tr_acc(noisy)=98.23%  TEST=68.33%  (best so far 70.14% @ ep 60)
[18:46:18] epoch  95/100  tr_loss=0.0601  tr_acc(noisy)=98.55%  TEST=68.19%  (best so far 70.14% @ ep 60)
[18:46:29] epoch 100/100  tr_loss=0.0543  tr_acc(noisy)=98.77%  TEST=67.76%  (best so far 70.14% @ ep 60)
[18:46:29] === FINAL  best test acc = 70.14% @ epoch 60 ===
[18:46:29] saved /path/to/ciln-workspace/journal_edition/robustness_transfer/results/gu_high__vs__shot_noise_sev5__ours__seed1.json
[2026-05-30 18:46:30] <<< done pair=gu_high__vs__shot_noise_sev5 cond=ours seed=1
[2026-05-30 18:46:30] >>> pair=gu_high__vs__shot_noise_sev5 cond=ours seed=2
/path/to/ciln-workspace/venv/lib/python3.12/site-packages/torchvision/datasets/cifar.py:83: VisibleDeprecationWarning: dtype(): align should be passed as Python or NumPy boolean but got `align=0`. Did you mean to pass a tuple to create a subarray type? (Deprecated NumPy 2.4)
  entry = pickle.load(f, encoding="latin1")
[18:46:37] === gu_high__vs__shot_noise_sev5__ours__seed2  device=cuda ===
[18:46:37]   pair noise rates: {'name': 'gu_high__vs__shot_noise_sev5', 'gu_level': 'high', 'gu_noise_rate': 0.2962222222222222, 'ours_setting': 'shot_noise_sev5', 'ours_noise_rate': 0.24, 'noise_rate_gap': -0.05622222222222223, 'n_rows': 9000}
[18:46:37]   train rows: 9000  test rows: 10000
[18:46:37]   epochs: 100  batch: 128  LR: 0.1 cosine  WD: 0.0005
[18:46:41] epoch   1/100  tr_loss=2.0023  tr_acc(noisy)=24.78%  TEST=24.80%  (best so far 24.80% @ ep 1)
[18:46:50] epoch   5/100  tr_loss=1.3596  tr_acc(noisy)=49.38%  TEST=42.46%  (best so far 42.46% @ ep 5)
[18:47:02] epoch  10/100  tr_loss=1.1276  tr_acc(noisy)=58.87%  TEST=48.32%  (best so far 52.19% @ ep 9)
[18:47:16] epoch  15/100  tr_loss=0.9849  tr_acc(noisy)=64.42%  TEST=57.65%  (best so far 57.65% @ ep 15)
[18:47:28] epoch  20/100  tr_loss=0.8775  tr_acc(noisy)=68.71%  TEST=54.76%  (best so far 64.72% @ ep 18)
[18:47:40] epoch  25/100  tr_loss=0.7921  tr_acc(noisy)=71.66%  TEST=55.54%  (best so far 64.72% @ ep 18)
[18:47:52] epoch  30/100  tr_loss=0.7384  tr_acc(noisy)=73.75%  TEST=59.53%  (best so far 66.06% @ ep 26)
[18:48:04] epoch  35/100  tr_loss=0.7048  tr_acc(noisy)=74.94%  TEST=53.74%  (best so far 66.27% @ ep 33)
[18:48:21] epoch  40/100  tr_loss=0.6073  tr_acc(noisy)=78.54%  TEST=63.07%  (best so far 66.27% @ ep 33)
[18:48:33] epoch  45/100  tr_loss=0.5754  tr_acc(noisy)=79.27%  TEST=59.07%  (best so far 66.38% @ ep 44)
[18:48:45] epoch  50/100  tr_loss=0.5123  tr_acc(noisy)=81.75%  TEST=64.02%  (best so far 66.38% @ ep 44)
[18:48:58] epoch  55/100  tr_loss=0.4581  tr_acc(noisy)=83.33%  TEST=65.92%  (best so far 66.38% @ ep 44)
[18:49:10] epoch  60/100  tr_loss=0.3993  tr_acc(noisy)=85.67%  TEST=63.82%  (best so far 66.38% @ ep 44)
[18:49:35] epoch  65/100  tr_loss=0.3172  tr_acc(noisy)=88.76%  TEST=68.17%  (best so far 68.17% @ ep 65)
[18:49:46] epoch  70/100  tr_loss=0.2509  tr_acc(noisy)=91.09%  TEST=67.16%  (best so far 68.17% @ ep 65)
[18:49:58] epoch  75/100  tr_loss=0.1781  tr_acc(noisy)=94.15%  TEST=66.99%  (best so far 68.17% @ ep 65)
[18:50:10] epoch  80/100  tr_loss=0.1135  tr_acc(noisy)=96.57%  TEST=67.79%  (best so far 68.17% @ ep 65)
[18:50:21] epoch  85/100  tr_loss=0.0735  tr_acc(noisy)=97.97%  TEST=68.42%  (best so far 68.69% @ ep 84)
[18:50:33] epoch  90/100  tr_loss=0.0565  tr_acc(noisy)=98.62%  TEST=68.52%  (best so far 68.69% @ ep 84)
[18:50:52] epoch  95/100  tr_loss=0.0450  tr_acc(noisy)=99.12%  TEST=68.71%  (best so far 68.89% @ ep 93)
[18:51:03] epoch 100/100  tr_loss=0.0434  tr_acc(noisy)=99.20%  TEST=69.00%  (best so far 69.00% @ ep 100)
[18:51:03] === FINAL  best test acc = 69.00% @ epoch 100 ===
[18:51:03] saved /path/to/ciln-workspace/journal_edition/robustness_transfer/results/gu_high__vs__shot_noise_sev5__ours__seed2.json
[2026-05-30 18:51:04] <<< done pair=gu_high__vs__shot_noise_sev5 cond=ours seed=2
[2026-05-30 18:51:04] >>> pair=gu_high__vs__zoom_blur_sev5 cond=gu seed=0
/path/to/ciln-workspace/venv/lib/python3.12/site-packages/torchvision/datasets/cifar.py:83: VisibleDeprecationWarning: dtype(): align should be passed as Python or NumPy boolean but got `align=0`. Did you mean to pass a tuple to create a subarray type? (Deprecated NumPy 2.4)
  entry = pickle.load(f, encoding="latin1")
[18:51:12] === gu_high__vs__zoom_blur_sev5__gu__seed0  device=cuda ===
[18:51:12]   pair noise rates: {'name': 'gu_high__vs__zoom_blur_sev5', 'gu_level': 'high', 'gu_noise_rate': 0.2962222222222222, 'ours_setting': 'zoom_blur_sev5', 'ours_noise_rate': 0.241, 'noise_rate_gap': -0.05522222222222223, 'n_rows': 9000}
[18:51:12]   train rows: 9000  test rows: 10000
[18:51:12]   epochs: 100  batch: 128  LR: 0.1 cosine  WD: 0.0005
[18:51:15] epoch   1/100  tr_loss=1.8977  tr_acc(noisy)=28.81%  TEST=29.13%  (best so far 29.13% @ ep 1)
[18:51:24] epoch   5/100  tr_loss=1.0912  tr_acc(noisy)=59.85%  TEST=43.47%  (best so far 43.53% @ ep 3)
[18:51:36] epoch  10/100  tr_loss=0.7119  tr_acc(noisy)=73.67%  TEST=50.75%  (best so far 56.47% @ ep 8)
[18:51:54] epoch  15/100  tr_loss=0.6100  tr_acc(noisy)=77.52%  TEST=53.91%  (best so far 58.27% @ ep 12)
[18:52:05] epoch  20/100  tr_loss=0.5286  tr_acc(noisy)=80.25%  TEST=52.69%  (best so far 61.43% @ ep 18)
[18:52:16] epoch  25/100  tr_loss=0.4838  tr_acc(noisy)=82.00%  TEST=56.11%  (best so far 61.43% @ ep 18)
[18:52:27] epoch  30/100  tr_loss=0.4633  tr_acc(noisy)=82.82%  TEST=62.28%  (best so far 63.56% @ ep 28)
[18:52:39] epoch  35/100  tr_loss=0.4252  tr_acc(noisy)=83.81%  TEST=57.89%  (best so far 63.56% @ ep 28)
[18:52:51] epoch  40/100  tr_loss=0.3739  tr_acc(noisy)=85.84%  TEST=64.04%  (best so far 64.04% @ ep 40)
[18:53:03] epoch  45/100  tr_loss=0.3568  tr_acc(noisy)=87.08%  TEST=62.72%  (best so far 64.04% @ ep 40)
[18:53:15] epoch  50/100  tr_loss=0.3118  tr_acc(noisy)=88.43%  TEST=62.32%  (best so far 64.04% @ ep 40)
[18:53:27] epoch  55/100  tr_loss=0.2897  tr_acc(noisy)=89.24%  TEST=63.11%  (best so far 64.36% @ ep 52)
[18:53:38] epoch  60/100  tr_loss=0.2348  tr_acc(noisy)=91.61%  TEST=63.06%  (best so far 65.23% @ ep 58)
[18:53:50] epoch  65/100  tr_loss=0.1705  tr_acc(noisy)=93.81%  TEST=63.81%  (best so far 66.40% @ ep 64)
[18:54:03] epoch  70/100  tr_loss=0.1308  tr_acc(noisy)=95.56%  TEST=63.96%  (best so far 66.40% @ ep 64)
[18:54:15] epoch  75/100  tr_loss=0.0890  tr_acc(noisy)=97.31%  TEST=67.02%  (best so far 67.02% @ ep 75)
[18:54:26] epoch  80/100  tr_loss=0.0671  tr_acc(noisy)=97.92%  TEST=67.25%  (best so far 67.25% @ ep 80)
[18:54:38] epoch  85/100  tr_loss=0.0497  tr_acc(noisy)=98.75%  TEST=67.79%  (best so far 67.79% @ ep 85)
[18:54:50] epoch  90/100  tr_loss=0.0376  tr_acc(noisy)=99.16%  TEST=67.91%  (best so far 67.91% @ ep 90)
[18:55:02] epoch  95/100  tr_loss=0.0334  tr_acc(noisy)=99.27%  TEST=68.15%  (best so far 68.15% @ ep 95)
[18:55:14] epoch 100/100  tr_loss=0.0350  tr_acc(noisy)=99.24%  TEST=67.99%  (best so far 68.15% @ ep 95)
[18:55:14] === FINAL  best test acc = 68.15% @ epoch 95 ===
[18:55:14] saved /path/to/ciln-workspace/journal_edition/robustness_transfer/results/gu_high__vs__zoom_blur_sev5__gu__seed0.json
[2026-05-30 18:55:15] <<< done pair=gu_high__vs__zoom_blur_sev5 cond=gu seed=0
[2026-05-30 18:55:15] >>> pair=gu_high__vs__zoom_blur_sev5 cond=gu seed=1
/path/to/ciln-workspace/venv/lib/python3.12/site-packages/torchvision/datasets/cifar.py:83: VisibleDeprecationWarning: dtype(): align should be passed as Python or NumPy boolean but got `align=0`. Did you mean to pass a tuple to create a subarray type? (Deprecated NumPy 2.4)
  entry = pickle.load(f, encoding="latin1")
[18:55:23] === gu_high__vs__zoom_blur_sev5__gu__seed1  device=cuda ===
[18:55:23]   pair noise rates: {'name': 'gu_high__vs__zoom_blur_sev5', 'gu_level': 'high', 'gu_noise_rate': 0.2962222222222222, 'ours_setting': 'zoom_blur_sev5', 'ours_noise_rate': 0.241, 'noise_rate_gap': -0.05522222222222223, 'n_rows': 9000}
[18:55:23]   train rows: 9000  test rows: 10000
[18:55:23]   epochs: 100  batch: 128  LR: 0.1 cosine  WD: 0.0005
[18:55:26] epoch   1/100  tr_loss=1.8963  tr_acc(noisy)=28.52%  TEST=28.96%  (best so far 28.96% @ ep 1)
[18:55:35] epoch   5/100  tr_loss=1.1507  tr_acc(noisy)=57.03%  TEST=39.91%  (best so far 42.75% @ ep 3)
[18:55:47] epoch  10/100  tr_loss=0.7911  tr_acc(noisy)=70.70%  TEST=53.87%  (best so far 53.87% @ ep 10)
[18:55:58] epoch  15/100  tr_loss=0.6081  tr_acc(noisy)=77.35%  TEST=58.71%  (best so far 58.71% @ ep 15)
[18:56:12] epoch  20/100  tr_loss=0.5396  tr_acc(noisy)=79.87%  TEST=59.27%  (best so far 60.59% @ ep 16)
[18:56:24] epoch  25/100  tr_loss=0.5144  tr_acc(noisy)=81.12%  TEST=54.63%  (best so far 62.12% @ ep 23)
[18:56:36] epoch  30/100  tr_loss=0.4427  tr_acc(noisy)=83.49%  TEST=57.96%  (best so far 62.75% @ ep 26)
[18:56:47] epoch  35/100  tr_loss=0.4405  tr_acc(noisy)=83.26%  TEST=60.51%  (best so far 62.75% @ ep 26)
[18:56:58] epoch  40/100  tr_loss=0.3834  tr_acc(noisy)=86.15%  TEST=63.43%  (best so far 63.43% @ ep 40)
[18:57:18] epoch  45/100  tr_loss=0.3376  tr_acc(noisy)=87.44%  TEST=64.81%  (best so far 64.81% @ ep 45)
[18:57:29] epoch  50/100  tr_loss=0.3009  tr_acc(noisy)=89.15%  TEST=62.34%  (best so far 64.81% @ ep 45)
[18:57:41] epoch  55/100  tr_loss=0.2565  tr_acc(noisy)=90.64%  TEST=64.83%  (best so far 64.83% @ ep 55)
[18:57:52] epoch  60/100  tr_loss=0.2093  tr_acc(noisy)=92.19%  TEST=63.23%  (best so far 64.92% @ ep 58)
[18:58:04] epoch  65/100  tr_loss=0.1715  tr_acc(noisy)=94.29%  TEST=63.55%  (best so far 65.22% @ ep 61)
[18:58:15] epoch  70/100  tr_loss=0.1174  tr_acc(noisy)=96.25%  TEST=66.20%  (best so far 66.20% @ ep 70)
[18:58:27] epoch  75/100  tr_loss=0.0950  tr_acc(noisy)=97.03%  TEST=66.12%  (best so far 66.20% @ ep 70)
[18:58:39] epoch  80/100  tr_loss=0.0590  tr_acc(noisy)=98.35%  TEST=65.70%  (best so far 66.48% @ ep 77)
[18:58:50] epoch  85/100  tr_loss=0.0446  tr_acc(noisy)=98.83%  TEST=66.65%  (best so far 66.94% @ ep 81)
[18:59:01] epoch  90/100  tr_loss=0.0371  tr_acc(noisy)=99.14%  TEST=66.78%  (best so far 67.15% @ ep 89)
[18:59:12] epoch  95/100  tr_loss=0.0308  tr_acc(noisy)=99.43%  TEST=66.84%  (best so far 67.15% @ ep 89)
[18:59:25] epoch 100/100  tr_loss=0.0277  tr_acc(noisy)=99.54%  TEST=66.72%  (best so far 67.15% @ ep 89)
[18:59:25] === FINAL  best test acc = 67.15% @ epoch 89 ===
[18:59:25] saved /path/to/ciln-workspace/journal_edition/robustness_transfer/results/gu_high__vs__zoom_blur_sev5__gu__seed1.json
[2026-05-30 18:59:26] <<< done pair=gu_high__vs__zoom_blur_sev5 cond=gu seed=1
[2026-05-30 18:59:26] >>> pair=gu_high__vs__zoom_blur_sev5 cond=gu seed=2
/path/to/ciln-workspace/venv/lib/python3.12/site-packages/torchvision/datasets/cifar.py:83: VisibleDeprecationWarning: dtype(): align should be passed as Python or NumPy boolean but got `align=0`. Did you mean to pass a tuple to create a subarray type? (Deprecated NumPy 2.4)
  entry = pickle.load(f, encoding="latin1")
[18:59:33] === gu_high__vs__zoom_blur_sev5__gu__seed2  device=cuda ===
[18:59:33]   pair noise rates: {'name': 'gu_high__vs__zoom_blur_sev5', 'gu_level': 'high', 'gu_noise_rate': 0.2962222222222222, 'ours_setting': 'zoom_blur_sev5', 'ours_noise_rate': 0.241, 'noise_rate_gap': -0.05522222222222223, 'n_rows': 9000}
[18:59:33]   train rows: 9000  test rows: 10000
[18:59:33]   epochs: 100  batch: 128  LR: 0.1 cosine  WD: 0.0005
[18:59:36] epoch   1/100  tr_loss=1.9536  tr_acc(noisy)=28.12%  TEST=30.28%  (best so far 30.28% @ ep 1)
[18:59:45] epoch   5/100  tr_loss=1.0434  tr_acc(noisy)=61.61%  TEST=50.46%  (best so far 50.46% @ ep 5)
[18:59:57] epoch  10/100  tr_loss=0.7388  tr_acc(noisy)=72.69%  TEST=54.10%  (best so far 54.10% @ ep 10)
[19:00:08] epoch  15/100  tr_loss=0.6239  tr_acc(noisy)=77.14%  TEST=53.53%  (best so far 60.40% @ ep 13)
[19:00:20] epoch  20/100  tr_loss=0.5649  tr_acc(noisy)=78.72%  TEST=60.49%  (best so far 60.92% @ ep 19)
[19:00:34] epoch  25/100  tr_loss=0.5146  tr_acc(noisy)=81.12%  TEST=56.04%  (best so far 62.39% @ ep 24)
[19:00:46] epoch  30/100  tr_loss=0.4679  tr_acc(noisy)=82.33%  TEST=59.54%  (best so far 64.03% @ ep 29)
[19:00:58] epoch  35/100  tr_loss=0.4340  tr_acc(noisy)=84.14%  TEST=62.20%  (best so far 64.03% @ ep 29)
[19:01:09] epoch  40/100  tr_loss=0.3932  tr_acc(noisy)=85.50%  TEST=60.66%  (best so far 64.55% @ ep 37)
[19:01:20] epoch  45/100  tr_loss=0.3673  tr_acc(noisy)=86.36%  TEST=62.54%  (best so far 64.55% @ ep 37)
[19:01:40] epoch  50/100  tr_loss=0.3215  tr_acc(noisy)=88.12%  TEST=64.65%  (best so far 64.97% @ ep 47)
[19:01:51] epoch  55/100  tr_loss=0.2710  tr_acc(noisy)=89.96%  TEST=63.09%  (best so far 65.43% @ ep 54)
[19:02:02] epoch  60/100  tr_loss=0.2509  tr_acc(noisy)=91.14%  TEST=64.29%  (best so far 65.87% @ ep 58)
[19:02:13] epoch  65/100  tr_loss=0.1862  tr_acc(noisy)=93.44%  TEST=66.75%  (best so far 66.75% @ ep 65)
[19:02:24] epoch  70/100  tr_loss=0.1514  tr_acc(noisy)=94.51%  TEST=65.72%  (best so far 66.75% @ ep 65)
[19:02:36] epoch  75/100  tr_loss=0.1139  tr_acc(noisy)=96.36%  TEST=65.71%  (best so far 66.79% @ ep 71)
[19:02:50] epoch  80/100  tr_loss=0.0750  tr_acc(noisy)=97.72%  TEST=66.56%  (best so far 66.95% @ ep 76)
[19:03:01] epoch  85/100  tr_loss=0.0598  tr_acc(noisy)=98.15%  TEST=65.82%  (best so far 66.95% @ ep 76)
[19:03:12] epoch  90/100  tr_loss=0.0363  tr_acc(noisy)=99.15%  TEST=66.83%  (best so far 66.95% @ ep 76)
[19:03:24] epoch  95/100  tr_loss=0.0332  tr_acc(noisy)=99.35%  TEST=66.84%  (best so far 67.04% @ ep 91)
[19:03:35] epoch 100/100  tr_loss=0.0330  tr_acc(noisy)=99.33%  TEST=66.97%  (best so far 67.04% @ ep 91)
[19:03:35] === FINAL  best test acc = 67.04% @ epoch 91 ===
[19:03:35] saved /path/to/ciln-workspace/journal_edition/robustness_transfer/results/gu_high__vs__zoom_blur_sev5__gu__seed2.json
[2026-05-30 19:03:36] <<< done pair=gu_high__vs__zoom_blur_sev5 cond=gu seed=2
[2026-05-30 19:03:36] >>> pair=gu_high__vs__zoom_blur_sev5 cond=ours seed=0
/path/to/ciln-workspace/venv/lib/python3.12/site-packages/torchvision/datasets/cifar.py:83: VisibleDeprecationWarning: dtype(): align should be passed as Python or NumPy boolean but got `align=0`. Did you mean to pass a tuple to create a subarray type? (Deprecated NumPy 2.4)
  entry = pickle.load(f, encoding="latin1")
[19:03:44] === gu_high__vs__zoom_blur_sev5__ours__seed0  device=cuda ===
[19:03:44]   pair noise rates: {'name': 'gu_high__vs__zoom_blur_sev5', 'gu_level': 'high', 'gu_noise_rate': 0.2962222222222222, 'ours_setting': 'zoom_blur_sev5', 'ours_noise_rate': 0.241, 'noise_rate_gap': -0.05522222222222223, 'n_rows': 9000}
[19:03:44]   train rows: 9000  test rows: 10000
[19:03:44]   epochs: 100  batch: 128  LR: 0.1 cosine  WD: 0.0005
[19:03:47] epoch   1/100  tr_loss=1.9561  tr_acc(noisy)=29.12%  TEST=22.01%  (best so far 22.01% @ ep 1)
[19:03:57] epoch   5/100  tr_loss=1.4599  tr_acc(noisy)=46.37%  TEST=39.21%  (best so far 39.21% @ ep 5)
[19:04:09] epoch  10/100  tr_loss=1.1816  tr_acc(noisy)=56.76%  TEST=49.67%  (best so far 49.67% @ ep 10)
[19:04:20] epoch  15/100  tr_loss=0.9787  tr_acc(noisy)=64.96%  TEST=44.28%  (best so far 53.11% @ ep 14)
[19:04:31] epoch  20/100  tr_loss=0.8554  tr_acc(noisy)=69.05%  TEST=56.22%  (best so far 58.16% @ ep 18)
[19:04:43] epoch  25/100  tr_loss=0.7760  tr_acc(noisy)=72.17%  TEST=57.81%  (best so far 60.53% @ ep 23)
[19:04:56] epoch  30/100  tr_loss=0.6914  tr_acc(noisy)=75.21%  TEST=61.44%  (best so far 61.44% @ ep 30)
[19:05:08] epoch  35/100  tr_loss=0.6162  tr_acc(noisy)=78.06%  TEST=66.93%  (best so far 66.93% @ ep 35)
[19:05:19] epoch  40/100  tr_loss=0.5278  tr_acc(noisy)=80.74%  TEST=58.20%  (best so far 67.06% @ ep 39)
[19:05:31] epoch  45/100  tr_loss=0.4891  tr_acc(noisy)=82.23%  TEST=62.00%  (best so far 67.06% @ ep 39)
[19:05:42] epoch  50/100  tr_loss=0.4424  tr_acc(noisy)=83.94%  TEST=64.01%  (best so far 68.80% @ ep 47)
[19:06:04] epoch  55/100  tr_loss=0.3766  tr_acc(noisy)=86.47%  TEST=68.16%  (best so far 68.80% @ ep 47)
[19:06:16] epoch  60/100  tr_loss=0.3194  tr_acc(noisy)=88.59%  TEST=53.95%  (best so far 68.80% @ ep 47)
[19:06:27] epoch  65/100  tr_loss=0.2348  tr_acc(noisy)=91.84%  TEST=64.74%  (best so far 68.80% @ ep 47)
[19:06:39] epoch  70/100  tr_loss=0.1869  tr_acc(noisy)=93.18%  TEST=67.04%  (best so far 68.80% @ ep 47)
[19:06:50] epoch  75/100  tr_loss=0.1298  tr_acc(noisy)=95.55%  TEST=67.78%  (best so far 69.36% @ ep 71)
[19:07:02] epoch  80/100  tr_loss=0.0770  tr_acc(noisy)=97.83%  TEST=67.53%  (best so far 69.36% @ ep 71)
[19:07:16] epoch  85/100  tr_loss=0.0594  tr_acc(noisy)=98.33%  TEST=66.87%  (best so far 69.36% @ ep 71)
[19:07:28] epoch  90/100  tr_loss=0.0407  tr_acc(noisy)=99.11%  TEST=67.81%  (best so far 69.36% @ ep 71)
[19:07:39] epoch  95/100  tr_loss=0.0333  tr_acc(noisy)=99.32%  TEST=67.44%  (best so far 69.36% @ ep 71)
[19:07:51] epoch 100/100  tr_loss=0.0338  tr_acc(noisy)=99.27%  TEST=67.88%  (best so far 69.36% @ ep 71)
[19:07:51] === FINAL  best test acc = 69.36% @ epoch 71 ===
[19:07:51] saved /path/to/ciln-workspace/journal_edition/robustness_transfer/results/gu_high__vs__zoom_blur_sev5__ours__seed0.json
[2026-05-30 19:07:52] <<< done pair=gu_high__vs__zoom_blur_sev5 cond=ours seed=0
[2026-05-30 19:07:52] >>> pair=gu_high__vs__zoom_blur_sev5 cond=ours seed=1
/path/to/ciln-workspace/venv/lib/python3.12/site-packages/torchvision/datasets/cifar.py:83: VisibleDeprecationWarning: dtype(): align should be passed as Python or NumPy boolean but got `align=0`. Did you mean to pass a tuple to create a subarray type? (Deprecated NumPy 2.4)
  entry = pickle.load(f, encoding="latin1")
[19:07:59] === gu_high__vs__zoom_blur_sev5__ours__seed1  device=cuda ===
[19:07:59]   pair noise rates: {'name': 'gu_high__vs__zoom_blur_sev5', 'gu_level': 'high', 'gu_noise_rate': 0.2962222222222222, 'ours_setting': 'zoom_blur_sev5', 'ours_noise_rate': 0.241, 'noise_rate_gap': -0.05522222222222223, 'n_rows': 9000}
[19:07:59]   train rows: 9000  test rows: 10000
[19:07:59]   epochs: 100  batch: 128  LR: 0.1 cosine  WD: 0.0005
[19:08:03] epoch   1/100  tr_loss=1.9594  tr_acc(noisy)=28.28%  TEST=20.63%  (best so far 20.63% @ ep 1)
[19:08:20] epoch   5/100  tr_loss=1.5291  tr_acc(noisy)=43.33%  TEST=29.76%  (best so far 31.98% @ ep 4)
[19:08:32] epoch  10/100  tr_loss=1.2265  tr_acc(noisy)=55.13%  TEST=47.49%  (best so far 49.26% @ ep 9)
[19:08:43] epoch  15/100  tr_loss=0.9997  tr_acc(noisy)=64.23%  TEST=56.52%  (best so far 56.52% @ ep 15)
[19:08:55] epoch  20/100  tr_loss=0.8646  tr_acc(noisy)=68.73%  TEST=57.58%  (best so far 57.58% @ ep 20)
[19:09:06] epoch  25/100  tr_loss=0.7550  tr_acc(noisy)=72.56%  TEST=54.15%  (best so far 58.25% @ ep 23)
[19:09:17] epoch  30/100  tr_loss=0.6715  tr_acc(noisy)=75.93%  TEST=54.41%  (best so far 59.83% @ ep 28)
[19:09:31] epoch  35/100  tr_loss=0.6262  tr_acc(noisy)=77.46%  TEST=62.47%  (best so far 64.25% @ ep 33)
[19:09:42] epoch  40/100  tr_loss=0.5456  tr_acc(noisy)=80.45%  TEST=61.14%  (best so far 64.25% @ ep 33)
[19:09:54] epoch  45/100  tr_loss=0.4752  tr_acc(noisy)=83.17%  TEST=60.83%  (best so far 66.52% @ ep 41)
[19:10:05] epoch  50/100  tr_loss=0.4376  tr_acc(noisy)=83.65%  TEST=67.10%  (best so far 67.10% @ ep 50)
[19:10:17] epoch  55/100  tr_loss=0.3738  tr_acc(noisy)=86.70%  TEST=68.84%  (best so far 68.84% @ ep 55)
[19:10:33] epoch  60/100  tr_loss=0.3155  tr_acc(noisy)=88.52%  TEST=64.65%  (best so far 68.84% @ ep 55)
[19:10:45] epoch  65/100  tr_loss=0.2311  tr_acc(noisy)=92.27%  TEST=67.61%  (best so far 69.80% @ ep 62)
[19:10:56] epoch  70/100  tr_loss=0.1751  tr_acc(noisy)=93.75%  TEST=63.54%  (best so far 69.80% @ ep 62)
[19:11:08] epoch  75/100  tr_loss=0.1125  tr_acc(noisy)=96.47%  TEST=67.42%  (best so far 69.80% @ ep 62)
[19:11:20] epoch  80/100  tr_loss=0.0754  tr_acc(noisy)=97.59%  TEST=66.32%  (best so far 69.80% @ ep 62)
[19:11:31] epoch  85/100  tr_loss=0.0539  tr_acc(noisy)=98.50%  TEST=67.81%  (best so far 69.80% @ ep 62)
[19:11:50] epoch  90/100  tr_loss=0.0380  tr_acc(noisy)=99.16%  TEST=67.71%  (best so far 69.80% @ ep 62)
[19:12:02] epoch  95/100  tr_loss=0.0323  tr_acc(noisy)=99.40%  TEST=68.28%  (best so far 69.80% @ ep 62)
[19:12:14] epoch 100/100  tr_loss=0.0302  tr_acc(noisy)=99.41%  TEST=67.92%  (best so far 69.80% @ ep 62)
[19:12:14] === FINAL  best test acc = 69.80% @ epoch 62 ===
[19:12:14] saved /path/to/ciln-workspace/journal_edition/robustness_transfer/results/gu_high__vs__zoom_blur_sev5__ours__seed1.json
[2026-05-30 19:12:15] <<< done pair=gu_high__vs__zoom_blur_sev5 cond=ours seed=1
[2026-05-30 19:12:15] >>> pair=gu_high__vs__zoom_blur_sev5 cond=ours seed=2
/path/to/ciln-workspace/venv/lib/python3.12/site-packages/torchvision/datasets/cifar.py:83: VisibleDeprecationWarning: dtype(): align should be passed as Python or NumPy boolean but got `align=0`. Did you mean to pass a tuple to create a subarray type? (Deprecated NumPy 2.4)
  entry = pickle.load(f, encoding="latin1")
[19:12:22] === gu_high__vs__zoom_blur_sev5__ours__seed2  device=cuda ===
[19:12:22]   pair noise rates: {'name': 'gu_high__vs__zoom_blur_sev5', 'gu_level': 'high', 'gu_noise_rate': 0.2962222222222222, 'ours_setting': 'zoom_blur_sev5', 'ours_noise_rate': 0.241, 'noise_rate_gap': -0.05522222222222223, 'n_rows': 9000}
[19:12:22]   train rows: 9000  test rows: 10000
[19:12:22]   epochs: 100  batch: 128  LR: 0.1 cosine  WD: 0.0005
[19:12:26] epoch   1/100  tr_loss=1.9758  tr_acc(noisy)=28.06%  TEST=24.13%  (best so far 24.13% @ ep 1)
[19:12:35] epoch   5/100  tr_loss=1.4220  tr_acc(noisy)=48.00%  TEST=39.70%  (best so far 39.70% @ ep 5)
[19:12:48] epoch  10/100  tr_loss=1.1400  tr_acc(noisy)=58.95%  TEST=52.27%  (best so far 52.27% @ ep 10)
[19:12:59] epoch  15/100  tr_loss=0.9595  tr_acc(noisy)=66.17%  TEST=48.53%  (best so far 54.92% @ ep 14)
[19:13:11] epoch  20/100  tr_loss=0.8383  tr_acc(noisy)=69.68%  TEST=62.44%  (best so far 62.44% @ ep 20)
[19:13:22] epoch  25/100  tr_loss=0.7346  tr_acc(noisy)=74.14%  TEST=54.05%  (best so far 62.48% @ ep 24)
[19:13:34] epoch  30/100  tr_loss=0.6729  tr_acc(noisy)=75.47%  TEST=66.02%  (best so far 67.07% @ ep 28)
[19:13:46] epoch  35/100  tr_loss=0.6083  tr_acc(noisy)=77.91%  TEST=63.32%  (best so far 67.88% @ ep 33)
[19:14:00] epoch  40/100  tr_loss=0.5524  tr_acc(noisy)=80.09%  TEST=62.75%  (best so far 67.88% @ ep 33)
[19:14:12] epoch  45/100  tr_loss=0.5052  tr_acc(noisy)=82.03%  TEST=64.74%  (best so far 67.88% @ ep 33)
[19:14:24] epoch  50/100  tr_loss=0.4261  tr_acc(noisy)=84.51%  TEST=67.08%  (best so far 67.88% @ ep 33)
[19:14:35] epoch  55/100  tr_loss=0.3543  tr_acc(noisy)=87.30%  TEST=65.10%  (best so far 67.88% @ ep 33)
[19:14:47] epoch  60/100  tr_loss=0.3031  tr_acc(noisy)=89.30%  TEST=63.84%  (best so far 67.88% @ ep 33)
[19:15:02] epoch  65/100  tr_loss=0.2302  tr_acc(noisy)=91.73%  TEST=66.61%  (best so far 67.88% @ ep 33)
[19:15:14] epoch  70/100  tr_loss=0.1704  tr_acc(noisy)=94.07%  TEST=67.75%  (best so far 69.38% @ ep 66)
[19:15:25] epoch  75/100  tr_loss=0.1104  tr_acc(noisy)=96.62%  TEST=64.72%  (best so far 69.38% @ ep 66)
[19:15:37] epoch  80/100  tr_loss=0.0750  tr_acc(noisy)=97.80%  TEST=67.47%  (best so far 69.38% @ ep 66)
[19:15:49] epoch  85/100  tr_loss=0.0502  tr_acc(noisy)=98.63%  TEST=67.17%  (best so far 69.38% @ ep 66)
[19:16:09] epoch  90/100  tr_loss=0.0355  tr_acc(noisy)=99.17%  TEST=67.74%  (best so far 69.38% @ ep 66)
[19:16:20] epoch  95/100  tr_loss=0.0286  tr_acc(noisy)=99.60%  TEST=67.77%  (best so far 69.38% @ ep 66)
[19:16:31] epoch 100/100  tr_loss=0.0274  tr_acc(noisy)=99.51%  TEST=68.16%  (best so far 69.38% @ ep 66)
[19:16:31] === FINAL  best test acc = 69.38% @ epoch 66 ===
[19:16:31] saved /path/to/ciln-workspace/journal_edition/robustness_transfer/results/gu_high__vs__zoom_blur_sev5__ours__seed2.json
[2026-05-30 19:16:32] <<< done pair=gu_high__vs__zoom_blur_sev5 cond=ours seed=2
[2026-05-30 19:16:32] extra2 queue done
