[2026-05-26 22:26:32] queue start
[2026-05-26 22:26:32] >>> pair=gu_low__vs__jpeg_compression_sev3 cond=gu seed=0
/path/to/ciln-workspace/venv/lib/python3.12/site-packages/torchvision/datasets/cifar.py:83: VisibleDeprecationWarning: dtype(): align should be passed as Python or NumPy boolean but got `align=0`. Did you mean to pass a tuple to create a subarray type? (Deprecated NumPy 2.4)
  entry = pickle.load(f, encoding="latin1")
[22:26:39] === gu_low__vs__jpeg_compression_sev3__gu__seed0  device=cuda ===
[22:26:39]   pair noise rates: {'name': 'gu_low__vs__jpeg_compression_sev3', 'gu_level': 'low', 'gu_noise_rate': 0.07022222222222223, 'ours_setting': 'jpeg_compression_sev3', 'ours_noise_rate': 0.15666666666666668, 'noise_rate_gap': 0.08644444444444445, 'n_rows': 9000}
[22:26:39]   train rows: 9000  test rows: 10000
[22:26:39]   epochs: 100  batch: 128  LR: 0.1 cosine  WD: 0.0005
[22:26:42] epoch   1/100  tr_loss=2.0062  tr_acc(noisy)=23.87%  TEST=29.44%  (best so far 29.44% @ ep 1)
[22:26:54] epoch   5/100  tr_loss=1.4362  tr_acc(noisy)=46.61%  TEST=36.50%  (best so far 43.20% @ ep 4)
[22:27:06] epoch  10/100  tr_loss=1.0475  tr_acc(noisy)=62.03%  TEST=53.32%  (best so far 53.45% @ ep 8)
[22:27:17] epoch  15/100  tr_loss=0.8368  tr_acc(noisy)=70.30%  TEST=62.22%  (best so far 62.78% @ ep 14)
[22:27:29] epoch  20/100  tr_loss=0.7006  tr_acc(noisy)=74.73%  TEST=61.72%  (best so far 66.52% @ ep 19)
[22:27:40] epoch  25/100  tr_loss=0.5800  tr_acc(noisy)=79.51%  TEST=66.83%  (best so far 70.07% @ ep 23)
[22:27:52] epoch  30/100  tr_loss=0.5264  tr_acc(noisy)=81.73%  TEST=72.64%  (best so far 72.64% @ ep 30)
[22:28:05] epoch  35/100  tr_loss=0.4576  tr_acc(noisy)=83.81%  TEST=67.08%  (best so far 72.64% @ ep 30)
[22:28:17] epoch  40/100  tr_loss=0.4071  tr_acc(noisy)=85.89%  TEST=71.63%  (best so far 74.25% @ ep 36)
[22:28:29] epoch  45/100  tr_loss=0.3323  tr_acc(noisy)=88.40%  TEST=75.05%  (best so far 75.05% @ ep 45)
[22:28:40] epoch  50/100  tr_loss=0.2772  tr_acc(noisy)=90.09%  TEST=75.85%  (best so far 75.85% @ ep 50)
[22:28:51] epoch  55/100  tr_loss=0.2578  tr_acc(noisy)=90.69%  TEST=75.79%  (best so far 75.85% @ ep 50)
[22:29:05] epoch  60/100  tr_loss=0.1810  tr_acc(noisy)=93.40%  TEST=78.14%  (best so far 78.65% @ ep 57)
[22:29:16] epoch  65/100  tr_loss=0.1372  tr_acc(noisy)=95.37%  TEST=78.31%  (best so far 78.65% @ ep 57)
[22:29:27] epoch  70/100  tr_loss=0.0893  tr_acc(noisy)=97.02%  TEST=79.69%  (best so far 79.70% @ ep 69)
[22:29:39] epoch  75/100  tr_loss=0.0539  tr_acc(noisy)=98.45%  TEST=80.41%  (best so far 80.41% @ ep 75)
[22:29:51] epoch  80/100  tr_loss=0.0329  tr_acc(noisy)=99.22%  TEST=81.24%  (best so far 81.24% @ ep 80)
[22:30:02] epoch  85/100  tr_loss=0.0226  tr_acc(noisy)=99.52%  TEST=81.85%  (best so far 81.85% @ ep 85)
[22:30:18] epoch  90/100  tr_loss=0.0187  tr_acc(noisy)=99.70%  TEST=81.84%  (best so far 81.85% @ ep 85)
[22:30:29] epoch  95/100  tr_loss=0.0179  tr_acc(noisy)=99.64%  TEST=81.67%  (best so far 81.85% @ ep 85)
[22:30:41] epoch 100/100  tr_loss=0.0158  tr_acc(noisy)=99.79%  TEST=81.77%  (best so far 81.85% @ ep 85)
[22:30:41] === FINAL  best test acc = 81.85% @ epoch 85 ===
[22:30:41] saved /path/to/ciln-workspace/journal_edition/robustness_transfer/results/gu_low__vs__jpeg_compression_sev3__gu__seed0.json
[2026-05-26 22:30:42] <<< done pair=gu_low__vs__jpeg_compression_sev3 cond=gu seed=0
[2026-05-26 22:30:42] >>> pair=gu_low__vs__jpeg_compression_sev3 cond=gu seed=1
/path/to/ciln-workspace/venv/lib/python3.12/site-packages/torchvision/datasets/cifar.py:83: VisibleDeprecationWarning: dtype(): align should be passed as Python or NumPy boolean but got `align=0`. Did you mean to pass a tuple to create a subarray type? (Deprecated NumPy 2.4)
  entry = pickle.load(f, encoding="latin1")
[22:30:50] === gu_low__vs__jpeg_compression_sev3__gu__seed1  device=cuda ===
[22:30:50]   pair noise rates: {'name': 'gu_low__vs__jpeg_compression_sev3', 'gu_level': 'low', 'gu_noise_rate': 0.07022222222222223, 'ours_setting': 'jpeg_compression_sev3', 'ours_noise_rate': 0.15666666666666668, 'noise_rate_gap': 0.08644444444444445, 'n_rows': 9000}
[22:30:50]   train rows: 9000  test rows: 10000
[22:30:50]   epochs: 100  batch: 128  LR: 0.1 cosine  WD: 0.0005
[22:30:53] epoch   1/100  tr_loss=2.0018  tr_acc(noisy)=25.15%  TEST=27.22%  (best so far 27.22% @ ep 1)
[22:31:02] epoch   5/100  tr_loss=1.4515  tr_acc(noisy)=46.50%  TEST=46.56%  (best so far 46.56% @ ep 5)
[22:31:17] epoch  10/100  tr_loss=1.0609  tr_acc(noisy)=61.65%  TEST=59.66%  (best so far 59.66% @ ep 10)
[22:31:28] epoch  15/100  tr_loss=0.8399  tr_acc(noisy)=69.98%  TEST=61.55%  (best so far 62.34% @ ep 14)
[22:31:40] epoch  20/100  tr_loss=0.6768  tr_acc(noisy)=76.09%  TEST=64.89%  (best so far 66.52% @ ep 16)
[22:31:51] epoch  25/100  tr_loss=0.6080  tr_acc(noisy)=78.76%  TEST=66.77%  (best so far 70.62% @ ep 23)
[22:32:02] epoch  30/100  tr_loss=0.5019  tr_acc(noisy)=82.21%  TEST=67.82%  (best so far 71.65% @ ep 28)
[22:32:14] epoch  35/100  tr_loss=0.4653  tr_acc(noisy)=83.93%  TEST=74.26%  (best so far 74.26% @ ep 35)
[22:32:29] epoch  40/100  tr_loss=0.3750  tr_acc(noisy)=86.79%  TEST=72.45%  (best so far 74.26% @ ep 35)
[22:32:41] epoch  45/100  tr_loss=0.3433  tr_acc(noisy)=87.71%  TEST=72.60%  (best so far 74.98% @ ep 43)
[22:32:53] epoch  50/100  tr_loss=0.2923  tr_acc(noisy)=89.68%  TEST=75.76%  (best so far 76.19% @ ep 49)
[22:33:04] epoch  55/100  tr_loss=0.2478  tr_acc(noisy)=91.42%  TEST=75.91%  (best so far 77.37% @ ep 53)
[22:33:15] epoch  60/100  tr_loss=0.1829  tr_acc(noisy)=93.48%  TEST=75.04%  (best so far 78.59% @ ep 59)
[22:33:28] epoch  65/100  tr_loss=0.1444  tr_acc(noisy)=95.02%  TEST=78.86%  (best so far 78.86% @ ep 65)
[22:33:39] epoch  70/100  tr_loss=0.0834  tr_acc(noisy)=97.46%  TEST=79.71%  (best so far 79.71% @ ep 70)
[22:33:50] epoch  75/100  tr_loss=0.0592  tr_acc(noisy)=98.31%  TEST=80.25%  (best so far 80.61% @ ep 74)
[22:34:02] epoch  80/100  tr_loss=0.0354  tr_acc(noisy)=99.01%  TEST=80.41%  (best so far 80.99% @ ep 79)
[22:34:13] epoch  85/100  tr_loss=0.0218  tr_acc(noisy)=99.69%  TEST=81.00%  (best so far 81.36% @ ep 83)
[22:34:25] epoch  90/100  tr_loss=0.0176  tr_acc(noisy)=99.70%  TEST=81.30%  (best so far 81.36% @ ep 83)
[22:34:36] epoch  95/100  tr_loss=0.0168  tr_acc(noisy)=99.72%  TEST=81.46%  (best so far 81.63% @ ep 94)
[22:34:48] epoch 100/100  tr_loss=0.0140  tr_acc(noisy)=99.83%  TEST=81.68%  (best so far 81.68% @ ep 100)
[22:34:48] === FINAL  best test acc = 81.68% @ epoch 100 ===
[22:34:48] saved /path/to/ciln-workspace/journal_edition/robustness_transfer/results/gu_low__vs__jpeg_compression_sev3__gu__seed1.json
[2026-05-26 22:34:49] <<< done pair=gu_low__vs__jpeg_compression_sev3 cond=gu seed=1
[2026-05-26 22:34:49] >>> pair=gu_low__vs__jpeg_compression_sev3 cond=gu seed=2
/path/to/ciln-workspace/venv/lib/python3.12/site-packages/torchvision/datasets/cifar.py:83: VisibleDeprecationWarning: dtype(): align should be passed as Python or NumPy boolean but got `align=0`. Did you mean to pass a tuple to create a subarray type? (Deprecated NumPy 2.4)
  entry = pickle.load(f, encoding="latin1")
[22:34:56] === gu_low__vs__jpeg_compression_sev3__gu__seed2  device=cuda ===
[22:34:56]   pair noise rates: {'name': 'gu_low__vs__jpeg_compression_sev3', 'gu_level': 'low', 'gu_noise_rate': 0.07022222222222223, 'ours_setting': 'jpeg_compression_sev3', 'ours_noise_rate': 0.15666666666666668, 'noise_rate_gap': 0.08644444444444445, 'n_rows': 9000}
[22:34:56]   train rows: 9000  test rows: 10000
[22:34:56]   epochs: 100  batch: 128  LR: 0.1 cosine  WD: 0.0005
[22:34:59] epoch   1/100  tr_loss=2.0528  tr_acc(noisy)=23.59%  TEST=29.57%  (best so far 29.57% @ ep 1)
[22:35:09] epoch   5/100  tr_loss=1.3638  tr_acc(noisy)=49.59%  TEST=47.95%  (best so far 47.95% @ ep 5)
[22:35:20] epoch  10/100  tr_loss=0.9816  tr_acc(noisy)=64.49%  TEST=58.33%  (best so far 58.33% @ ep 10)
[22:35:34] epoch  15/100  tr_loss=0.7928  tr_acc(noisy)=71.81%  TEST=62.83%  (best so far 65.70% @ ep 14)
[22:35:45] epoch  20/100  tr_loss=0.6787  tr_acc(noisy)=76.61%  TEST=67.80%  (best so far 68.19% @ ep 18)
[22:35:57] epoch  25/100  tr_loss=0.5686  tr_acc(noisy)=80.16%  TEST=71.60%  (best so far 71.60% @ ep 25)
[22:36:09] epoch  30/100  tr_loss=0.4817  tr_acc(noisy)=83.28%  TEST=66.22%  (best so far 72.14% @ ep 26)
[22:36:20] epoch  35/100  tr_loss=0.4540  tr_acc(noisy)=83.84%  TEST=70.72%  (best so far 73.08% @ ep 32)
[22:36:36] epoch  40/100  tr_loss=0.3655  tr_acc(noisy)=87.17%  TEST=72.98%  (best so far 75.32% @ ep 38)
[22:36:48] epoch  45/100  tr_loss=0.3402  tr_acc(noisy)=87.96%  TEST=75.16%  (best so far 75.32% @ ep 38)
[22:36:59] epoch  50/100  tr_loss=0.2633  tr_acc(noisy)=90.76%  TEST=74.30%  (best so far 76.19% @ ep 49)
[22:37:11] epoch  55/100  tr_loss=0.2298  tr_acc(noisy)=91.85%  TEST=75.37%  (best so far 77.03% @ ep 54)
[22:37:23] epoch  60/100  tr_loss=0.1833  tr_acc(noisy)=93.59%  TEST=76.84%  (best so far 78.42% @ ep 57)
[22:37:35] epoch  65/100  tr_loss=0.1355  tr_acc(noisy)=95.21%  TEST=78.40%  (best so far 78.47% @ ep 63)
[22:37:52] epoch  70/100  tr_loss=0.0782  tr_acc(noisy)=97.56%  TEST=78.93%  (best so far 79.61% @ ep 67)
[22:38:03] epoch  75/100  tr_loss=0.0495  tr_acc(noisy)=98.60%  TEST=80.86%  (best so far 80.86% @ ep 75)
[22:38:15] epoch  80/100  tr_loss=0.0371  tr_acc(noisy)=99.01%  TEST=80.69%  (best so far 81.35% @ ep 76)
[22:38:27] epoch  85/100  tr_loss=0.0210  tr_acc(noisy)=99.59%  TEST=81.56%  (best so far 81.78% @ ep 84)
[22:38:38] epoch  90/100  tr_loss=0.0166  tr_acc(noisy)=99.72%  TEST=81.81%  (best so far 82.03% @ ep 89)
[22:38:55] epoch  95/100  tr_loss=0.0149  tr_acc(noisy)=99.82%  TEST=82.02%  (best so far 82.03% @ ep 89)
[22:39:06] epoch 100/100  tr_loss=0.0143  tr_acc(noisy)=99.82%  TEST=81.96%  (best so far 82.03% @ ep 89)
[22:39:06] === FINAL  best test acc = 82.03% @ epoch 89 ===
[22:39:06] saved /path/to/ciln-workspace/journal_edition/robustness_transfer/results/gu_low__vs__jpeg_compression_sev3__gu__seed2.json
[2026-05-26 22:39:07] <<< done pair=gu_low__vs__jpeg_compression_sev3 cond=gu seed=2
[2026-05-26 22:39:07] >>> pair=gu_low__vs__jpeg_compression_sev3 cond=ours seed=0
/path/to/ciln-workspace/venv/lib/python3.12/site-packages/torchvision/datasets/cifar.py:83: VisibleDeprecationWarning: dtype(): align should be passed as Python or NumPy boolean but got `align=0`. Did you mean to pass a tuple to create a subarray type? (Deprecated NumPy 2.4)
  entry = pickle.load(f, encoding="latin1")
[22:39:15] === gu_low__vs__jpeg_compression_sev3__ours__seed0  device=cuda ===
[22:39:15]   pair noise rates: {'name': 'gu_low__vs__jpeg_compression_sev3', 'gu_level': 'low', 'gu_noise_rate': 0.07022222222222223, 'ours_setting': 'jpeg_compression_sev3', 'ours_noise_rate': 0.15666666666666668, 'noise_rate_gap': 0.08644444444444445, 'n_rows': 9000}
[22:39:15]   train rows: 9000  test rows: 10000
[22:39:15]   epochs: 100  batch: 128  LR: 0.1 cosine  WD: 0.0005
[22:39:18] epoch   1/100  tr_loss=1.9713  tr_acc(noisy)=25.61%  TEST=31.27%  (best so far 31.27% @ ep 1)
[22:39:27] epoch   5/100  tr_loss=1.3673  tr_acc(noisy)=49.48%  TEST=45.71%  (best so far 45.71% @ ep 5)
[22:39:39] epoch  10/100  tr_loss=0.9974  tr_acc(noisy)=63.92%  TEST=58.81%  (best so far 58.81% @ ep 10)
[22:39:56] epoch  15/100  tr_loss=0.8047  tr_acc(noisy)=71.63%  TEST=63.15%  (best so far 63.15% @ ep 15)
[22:40:08] epoch  20/100  tr_loss=0.7015  tr_acc(noisy)=74.91%  TEST=66.78%  (best so far 66.78% @ ep 20)
[22:40:19] epoch  25/100  tr_loss=0.6178  tr_acc(noisy)=77.38%  TEST=65.64%  (best so far 69.30% @ ep 24)
[22:40:31] epoch  30/100  tr_loss=0.5511  tr_acc(noisy)=80.79%  TEST=69.80%  (best so far 69.80% @ ep 30)
[22:40:42] epoch  35/100  tr_loss=0.5001  tr_acc(noisy)=82.12%  TEST=65.62%  (best so far 69.80% @ ep 30)
[22:40:54] epoch  40/100  tr_loss=0.4387  tr_acc(noisy)=84.13%  TEST=69.92%  (best so far 70.80% @ ep 36)
[22:41:06] epoch  45/100  tr_loss=0.3849  tr_acc(noisy)=86.27%  TEST=63.44%  (best so far 72.13% @ ep 44)
[22:41:18] epoch  50/100  tr_loss=0.3255  tr_acc(noisy)=88.64%  TEST=65.16%  (best so far 72.13% @ ep 44)
[22:41:30] epoch  55/100  tr_loss=0.2746  tr_acc(noisy)=90.49%  TEST=68.39%  (best so far 72.99% @ ep 54)
[22:41:41] epoch  60/100  tr_loss=0.2115  tr_acc(noisy)=92.80%  TEST=70.93%  (best so far 72.99% @ ep 54)
[22:41:53] epoch  65/100  tr_loss=0.1771  tr_acc(noisy)=93.76%  TEST=75.58%  (best so far 75.58% @ ep 65)
[22:42:10] epoch  70/100  tr_loss=0.1199  tr_acc(noisy)=95.85%  TEST=75.14%  (best so far 75.84% @ ep 68)
[22:42:21] epoch  75/100  tr_loss=0.0768  tr_acc(noisy)=97.72%  TEST=76.44%  (best so far 76.44% @ ep 75)
[22:42:33] epoch  80/100  tr_loss=0.0520  tr_acc(noisy)=98.58%  TEST=75.26%  (best so far 76.44% @ ep 75)
[22:42:44] epoch  85/100  tr_loss=0.0327  tr_acc(noisy)=99.34%  TEST=76.86%  (best so far 76.86% @ ep 85)
[22:42:56] epoch  90/100  tr_loss=0.0260  tr_acc(noisy)=99.55%  TEST=76.39%  (best so far 76.86% @ ep 85)
[22:43:12] epoch  95/100  tr_loss=0.0248  tr_acc(noisy)=99.58%  TEST=76.43%  (best so far 77.03% @ ep 93)
[22:43:24] epoch 100/100  tr_loss=0.0243  tr_acc(noisy)=99.58%  TEST=76.78%  (best so far 77.03% @ ep 93)
[22:43:24] === FINAL  best test acc = 77.03% @ epoch 93 ===
[22:43:24] saved /path/to/ciln-workspace/journal_edition/robustness_transfer/results/gu_low__vs__jpeg_compression_sev3__ours__seed0.json
[2026-05-26 22:43:25] <<< done pair=gu_low__vs__jpeg_compression_sev3 cond=ours seed=0
[2026-05-26 22:43:25] >>> pair=gu_low__vs__jpeg_compression_sev3 cond=ours seed=1
/path/to/ciln-workspace/venv/lib/python3.12/site-packages/torchvision/datasets/cifar.py:83: VisibleDeprecationWarning: dtype(): align should be passed as Python or NumPy boolean but got `align=0`. Did you mean to pass a tuple to create a subarray type? (Deprecated NumPy 2.4)
  entry = pickle.load(f, encoding="latin1")
[22:43:32] === gu_low__vs__jpeg_compression_sev3__ours__seed1  device=cuda ===
[22:43:32]   pair noise rates: {'name': 'gu_low__vs__jpeg_compression_sev3', 'gu_level': 'low', 'gu_noise_rate': 0.07022222222222223, 'ours_setting': 'jpeg_compression_sev3', 'ours_noise_rate': 0.15666666666666668, 'noise_rate_gap': 0.08644444444444445, 'n_rows': 9000}
[22:43:32]   train rows: 9000  test rows: 10000
[22:43:32]   epochs: 100  batch: 128  LR: 0.1 cosine  WD: 0.0005
[22:43:35] epoch   1/100  tr_loss=1.9995  tr_acc(noisy)=24.96%  TEST=25.30%  (best so far 25.30% @ ep 1)
[22:43:44] epoch   5/100  tr_loss=1.3879  tr_acc(noisy)=48.58%  TEST=44.18%  (best so far 44.18% @ ep 5)
[22:43:56] epoch  10/100  tr_loss=1.0601  tr_acc(noisy)=61.93%  TEST=48.92%  (best so far 54.73% @ ep 8)
[22:44:13] epoch  15/100  tr_loss=0.8433  tr_acc(noisy)=69.54%  TEST=59.67%  (best so far 61.62% @ ep 13)
[22:44:25] epoch  20/100  tr_loss=0.7073  tr_acc(noisy)=74.83%  TEST=65.39%  (best so far 65.39% @ ep 20)
[22:44:36] epoch  25/100  tr_loss=0.6266  tr_acc(noisy)=77.41%  TEST=64.58%  (best so far 65.39% @ ep 20)
[22:44:47] epoch  30/100  tr_loss=0.5660  tr_acc(noisy)=80.01%  TEST=68.76%  (best so far 70.89% @ ep 27)
[22:45:00] epoch  35/100  tr_loss=0.5140  tr_acc(noisy)=81.73%  TEST=70.27%  (best so far 70.89% @ ep 27)
[22:45:13] epoch  40/100  tr_loss=0.4664  tr_acc(noisy)=83.66%  TEST=66.50%  (best so far 73.10% @ ep 38)
[22:45:26] epoch  45/100  tr_loss=0.3987  tr_acc(noisy)=85.87%  TEST=63.70%  (best so far 73.10% @ ep 38)
[22:45:38] epoch  50/100  tr_loss=0.3408  tr_acc(noisy)=87.99%  TEST=67.66%  (best so far 73.10% @ ep 38)
[22:45:49] epoch  55/100  tr_loss=0.2886  tr_acc(noisy)=89.90%  TEST=72.52%  (best so far 73.31% @ ep 53)
[22:46:01] epoch  60/100  tr_loss=0.2361  tr_acc(noisy)=91.95%  TEST=70.04%  (best so far 74.46% @ ep 58)
[22:46:12] epoch  65/100  tr_loss=0.1676  tr_acc(noisy)=94.15%  TEST=73.45%  (best so far 75.73% @ ep 64)
[22:46:24] epoch  70/100  tr_loss=0.1272  tr_acc(noisy)=95.58%  TEST=72.26%  (best so far 75.73% @ ep 64)
[22:46:36] epoch  75/100  tr_loss=0.0772  tr_acc(noisy)=97.50%  TEST=76.45%  (best so far 76.45% @ ep 75)
[22:46:47] epoch  80/100  tr_loss=0.0444  tr_acc(noisy)=98.90%  TEST=76.73%  (best so far 77.19% @ ep 77)
[22:46:58] epoch  85/100  tr_loss=0.0327  tr_acc(noisy)=99.36%  TEST=77.26%  (best so far 77.43% @ ep 84)
[22:47:09] epoch  90/100  tr_loss=0.0269  tr_acc(noisy)=99.40%  TEST=77.35%  (best so far 77.78% @ ep 89)
[22:47:21] epoch  95/100  tr_loss=0.0229  tr_acc(noisy)=99.64%  TEST=77.64%  (best so far 77.82% @ ep 92)
[22:47:32] epoch 100/100  tr_loss=0.0219  tr_acc(noisy)=99.64%  TEST=77.40%  (best so far 77.82% @ ep 92)
[22:47:32] === FINAL  best test acc = 77.82% @ epoch 92 ===
[22:47:32] saved /path/to/ciln-workspace/journal_edition/robustness_transfer/results/gu_low__vs__jpeg_compression_sev3__ours__seed1.json
[2026-05-26 22:47:34] <<< done pair=gu_low__vs__jpeg_compression_sev3 cond=ours seed=1
[2026-05-26 22:47:34] >>> pair=gu_low__vs__jpeg_compression_sev3 cond=ours seed=2
/path/to/ciln-workspace/venv/lib/python3.12/site-packages/torchvision/datasets/cifar.py:83: VisibleDeprecationWarning: dtype(): align should be passed as Python or NumPy boolean but got `align=0`. Did you mean to pass a tuple to create a subarray type? (Deprecated NumPy 2.4)
  entry = pickle.load(f, encoding="latin1")
[22:47:41] === gu_low__vs__jpeg_compression_sev3__ours__seed2  device=cuda ===
[22:47:41]   pair noise rates: {'name': 'gu_low__vs__jpeg_compression_sev3', 'gu_level': 'low', 'gu_noise_rate': 0.07022222222222223, 'ours_setting': 'jpeg_compression_sev3', 'ours_noise_rate': 0.15666666666666668, 'noise_rate_gap': 0.08644444444444445, 'n_rows': 9000}
[22:47:41]   train rows: 9000  test rows: 10000
[22:47:41]   epochs: 100  batch: 128  LR: 0.1 cosine  WD: 0.0005
[22:47:44] epoch   1/100  tr_loss=2.0118  tr_acc(noisy)=24.77%  TEST=26.40%  (best so far 26.40% @ ep 1)
[22:47:53] epoch   5/100  tr_loss=1.3089  tr_acc(noisy)=51.46%  TEST=42.31%  (best so far 42.31% @ ep 5)
[22:48:04] epoch  10/100  tr_loss=0.9938  tr_acc(noisy)=63.69%  TEST=52.48%  (best so far 54.23% @ ep 7)
[22:48:16] epoch  15/100  tr_loss=0.7930  tr_acc(noisy)=71.55%  TEST=58.60%  (best so far 62.69% @ ep 13)
[22:48:28] epoch  20/100  tr_loss=0.6789  tr_acc(noisy)=75.49%  TEST=65.28%  (best so far 68.83% @ ep 18)
[22:48:40] epoch  25/100  tr_loss=0.6111  tr_acc(noisy)=78.60%  TEST=61.31%  (best so far 68.83% @ ep 18)
[22:48:52] epoch  30/100  tr_loss=0.5428  tr_acc(noisy)=81.34%  TEST=71.52%  (best so far 71.52% @ ep 30)
[22:49:03] epoch  35/100  tr_loss=0.4840  tr_acc(noisy)=83.02%  TEST=70.14%  (best so far 71.52% @ ep 30)
[22:49:14] epoch  40/100  tr_loss=0.4364  tr_acc(noisy)=85.31%  TEST=67.15%  (best so far 71.52% @ ep 30)
[22:49:28] epoch  45/100  tr_loss=0.3887  tr_acc(noisy)=86.17%  TEST=71.55%  (best so far 71.88% @ ep 41)
[22:49:39] epoch  50/100  tr_loss=0.3233  tr_acc(noisy)=88.60%  TEST=70.20%  (best so far 72.24% @ ep 46)
[22:49:51] epoch  55/100  tr_loss=0.2775  tr_acc(noisy)=90.04%  TEST=72.34%  (best so far 73.22% @ ep 52)
[22:50:02] epoch  60/100  tr_loss=0.2227  tr_acc(noisy)=92.22%  TEST=72.78%  (best so far 73.27% @ ep 58)
[22:50:14] epoch  65/100  tr_loss=0.1633  tr_acc(noisy)=94.52%  TEST=74.70%  (best so far 74.70% @ ep 65)
[22:50:26] epoch  70/100  tr_loss=0.1154  tr_acc(noisy)=96.12%  TEST=74.57%  (best so far 75.36% @ ep 69)
[22:50:40] epoch  75/100  tr_loss=0.0732  tr_acc(noisy)=97.90%  TEST=75.26%  (best so far 75.36% @ ep 69)
[22:50:51] epoch  80/100  tr_loss=0.0492  tr_acc(noisy)=98.65%  TEST=76.15%  (best so far 76.45% @ ep 77)
[22:51:02] epoch  85/100  tr_loss=0.0328  tr_acc(noisy)=99.11%  TEST=76.35%  (best so far 76.55% @ ep 82)
[22:51:13] epoch  90/100  tr_loss=0.0250  tr_acc(noisy)=99.50%  TEST=76.33%  (best so far 76.55% @ ep 82)
[22:51:24] epoch  95/100  tr_loss=0.0216  tr_acc(noisy)=99.67%  TEST=76.44%  (best so far 76.76% @ ep 91)
[22:51:41] epoch 100/100  tr_loss=0.0211  tr_acc(noisy)=99.67%  TEST=76.50%  (best so far 76.76% @ ep 91)
[22:51:41] === FINAL  best test acc = 76.76% @ epoch 91 ===
[22:51:41] saved /path/to/ciln-workspace/journal_edition/robustness_transfer/results/gu_low__vs__jpeg_compression_sev3__ours__seed2.json
[2026-05-26 22:51:42] <<< done pair=gu_low__vs__jpeg_compression_sev3 cond=ours seed=2
[2026-05-26 22:51:42] >>> pair=gu_medium__vs__jpeg_compression_sev3 cond=gu seed=0
/path/to/ciln-workspace/venv/lib/python3.12/site-packages/torchvision/datasets/cifar.py:83: VisibleDeprecationWarning: dtype(): align should be passed as Python or NumPy boolean but got `align=0`. Did you mean to pass a tuple to create a subarray type? (Deprecated NumPy 2.4)
  entry = pickle.load(f, encoding="latin1")
[22:51:49] === gu_medium__vs__jpeg_compression_sev3__gu__seed0  device=cuda ===
[22:51:49]   pair noise rates: {'name': 'gu_medium__vs__jpeg_compression_sev3', 'gu_level': 'medium', 'gu_noise_rate': 0.11088888888888888, 'ours_setting': 'jpeg_compression_sev3', 'ours_noise_rate': 0.15666666666666668, 'noise_rate_gap': 0.04577777777777779, 'n_rows': 9000}
[22:51:49]   train rows: 9000  test rows: 10000
[22:51:49]   epochs: 100  batch: 128  LR: 0.1 cosine  WD: 0.0005
[22:51:52] epoch   1/100  tr_loss=1.9876  tr_acc(noisy)=25.66%  TEST=31.66%  (best so far 31.66% @ ep 1)
[22:52:02] epoch   5/100  tr_loss=1.4074  tr_acc(noisy)=48.30%  TEST=40.97%  (best so far 43.72% @ ep 4)
[22:52:14] epoch  10/100  tr_loss=1.0118  tr_acc(noisy)=63.71%  TEST=53.63%  (best so far 55.84% @ ep 8)
[22:52:25] epoch  15/100  tr_loss=0.7653  tr_acc(noisy)=72.77%  TEST=58.86%  (best so far 58.86% @ ep 15)
[22:52:36] epoch  20/100  tr_loss=0.6026  tr_acc(noisy)=78.77%  TEST=63.26%  (best so far 65.91% @ ep 17)
[22:52:48] epoch  25/100  tr_loss=0.5328  tr_acc(noisy)=80.76%  TEST=70.67%  (best so far 70.67% @ ep 25)
[22:53:00] epoch  30/100  tr_loss=0.4658  tr_acc(noisy)=83.69%  TEST=67.14%  (best so far 70.67% @ ep 25)
[22:53:12] epoch  35/100  tr_loss=0.4027  tr_acc(noisy)=85.40%  TEST=70.25%  (best so far 73.57% @ ep 34)
[22:53:23] epoch  40/100  tr_loss=0.3489  tr_acc(noisy)=87.77%  TEST=74.54%  (best so far 74.54% @ ep 40)
[22:53:34] epoch  45/100  tr_loss=0.2848  tr_acc(noisy)=89.90%  TEST=73.07%  (best so far 75.16% @ ep 44)
[22:53:46] epoch  50/100  tr_loss=0.2588  tr_acc(noisy)=90.99%  TEST=74.37%  (best so far 75.54% @ ep 47)
[22:53:58] epoch  55/100  tr_loss=0.2131  tr_acc(noisy)=92.13%  TEST=72.39%  (best so far 75.54% @ ep 47)
[22:54:09] epoch  60/100  tr_loss=0.1510  tr_acc(noisy)=94.89%  TEST=75.65%  (best so far 76.59% @ ep 59)
[22:54:20] epoch  65/100  tr_loss=0.1152  tr_acc(noisy)=96.00%  TEST=77.94%  (best so far 78.09% @ ep 63)
[22:54:32] epoch  70/100  tr_loss=0.0758  tr_acc(noisy)=97.66%  TEST=78.21%  (best so far 78.21% @ ep 70)
[22:54:43] epoch  75/100  tr_loss=0.0460  tr_acc(noisy)=98.67%  TEST=79.03%  (best so far 79.95% @ ep 74)
[22:55:00] epoch  80/100  tr_loss=0.0298  tr_acc(noisy)=99.29%  TEST=79.44%  (best so far 80.10% @ ep 78)
[22:55:11] epoch  85/100  tr_loss=0.0221  tr_acc(noisy)=99.54%  TEST=80.55%  (best so far 80.91% @ ep 84)
[22:55:23] epoch  90/100  tr_loss=0.0158  tr_acc(noisy)=99.80%  TEST=81.00%  (best so far 81.00% @ ep 90)
[22:55:34] epoch  95/100  tr_loss=0.0156  tr_acc(noisy)=99.70%  TEST=81.07%  (best so far 81.07% @ ep 95)
[22:55:45] epoch 100/100  tr_loss=0.0155  tr_acc(noisy)=99.75%  TEST=80.90%  (best so far 81.07% @ ep 95)
[22:55:45] === FINAL  best test acc = 81.07% @ epoch 95 ===
[22:55:45] saved /path/to/ciln-workspace/journal_edition/robustness_transfer/results/gu_medium__vs__jpeg_compression_sev3__gu__seed0.json
[2026-05-26 22:55:47] <<< done pair=gu_medium__vs__jpeg_compression_sev3 cond=gu seed=0
[2026-05-26 22:55:47] >>> pair=gu_medium__vs__jpeg_compression_sev3 cond=gu seed=1
/path/to/ciln-workspace/venv/lib/python3.12/site-packages/torchvision/datasets/cifar.py:83: VisibleDeprecationWarning: dtype(): align should be passed as Python or NumPy boolean but got `align=0`. Did you mean to pass a tuple to create a subarray type? (Deprecated NumPy 2.4)
  entry = pickle.load(f, encoding="latin1")
[22:55:54] === gu_medium__vs__jpeg_compression_sev3__gu__seed1  device=cuda ===
[22:55:54]   pair noise rates: {'name': 'gu_medium__vs__jpeg_compression_sev3', 'gu_level': 'medium', 'gu_noise_rate': 0.11088888888888888, 'ours_setting': 'jpeg_compression_sev3', 'ours_noise_rate': 0.15666666666666668, 'noise_rate_gap': 0.04577777777777779, 'n_rows': 9000}
[22:55:54]   train rows: 9000  test rows: 10000
[22:55:54]   epochs: 100  batch: 128  LR: 0.1 cosine  WD: 0.0005
[22:55:57] epoch   1/100  tr_loss=1.9622  tr_acc(noisy)=26.29%  TEST=33.42%  (best so far 33.42% @ ep 1)
[22:56:06] epoch   5/100  tr_loss=1.3619  tr_acc(noisy)=49.81%  TEST=46.48%  (best so far 48.50% @ ep 4)
[22:56:18] epoch  10/100  tr_loss=0.9285  tr_acc(noisy)=67.08%  TEST=59.42%  (best so far 59.42% @ ep 10)
[22:56:29] epoch  15/100  tr_loss=0.7292  tr_acc(noisy)=73.56%  TEST=63.82%  (best so far 63.82% @ ep 15)
[22:56:40] epoch  20/100  tr_loss=0.5825  tr_acc(noisy)=79.58%  TEST=67.30%  (best so far 69.18% @ ep 19)
[22:56:52] epoch  25/100  tr_loss=0.5185  tr_acc(noisy)=81.89%  TEST=69.31%  (best so far 69.40% @ ep 22)
[22:57:09] epoch  30/100  tr_loss=0.4358  tr_acc(noisy)=84.63%  TEST=71.12%  (best so far 71.12% @ ep 30)
[22:57:21] epoch  35/100  tr_loss=0.4212  tr_acc(noisy)=84.90%  TEST=74.26%  (best so far 74.26% @ ep 35)
[22:57:32] epoch  40/100  tr_loss=0.3371  tr_acc(noisy)=87.92%  TEST=72.47%  (best so far 75.30% @ ep 39)
[22:57:43] epoch  45/100  tr_loss=0.2813  tr_acc(noisy)=89.91%  TEST=69.34%  (best so far 77.20% @ ep 44)
[22:57:55] epoch  50/100  tr_loss=0.2395  tr_acc(noisy)=91.47%  TEST=72.67%  (best so far 77.20% @ ep 44)
[22:58:12] epoch  55/100  tr_loss=0.2142  tr_acc(noisy)=92.37%  TEST=75.46%  (best so far 77.20% @ ep 44)
[22:58:23] epoch  60/100  tr_loss=0.1476  tr_acc(noisy)=94.97%  TEST=77.70%  (best so far 78.59% @ ep 57)
[22:58:34] epoch  65/100  tr_loss=0.1239  tr_acc(noisy)=95.75%  TEST=77.19%  (best so far 78.63% @ ep 61)
[22:58:45] epoch  70/100  tr_loss=0.0733  tr_acc(noisy)=97.79%  TEST=79.05%  (best so far 79.49% @ ep 67)
[22:58:57] epoch  75/100  tr_loss=0.0431  tr_acc(noisy)=98.68%  TEST=81.08%  (best so far 81.08% @ ep 75)
[22:59:08] epoch  80/100  tr_loss=0.0298  tr_acc(noisy)=99.30%  TEST=80.64%  (best so far 81.08% @ ep 75)
[22:59:23] epoch  85/100  tr_loss=0.0201  tr_acc(noisy)=99.62%  TEST=81.00%  (best so far 81.08% @ ep 75)
[22:59:34] epoch  90/100  tr_loss=0.0170  tr_acc(noisy)=99.68%  TEST=81.29%  (best so far 81.29% @ ep 90)
[22:59:45] epoch  95/100  tr_loss=0.0145  tr_acc(noisy)=99.81%  TEST=81.51%  (best so far 81.51% @ ep 95)
[22:59:56] epoch 100/100  tr_loss=0.0144  tr_acc(noisy)=99.81%  TEST=81.40%  (best so far 81.51% @ ep 95)
[22:59:56] === FINAL  best test acc = 81.51% @ epoch 95 ===
[22:59:56] saved /path/to/ciln-workspace/journal_edition/robustness_transfer/results/gu_medium__vs__jpeg_compression_sev3__gu__seed1.json
[2026-05-26 22:59:57] <<< done pair=gu_medium__vs__jpeg_compression_sev3 cond=gu seed=1
[2026-05-26 22:59:57] >>> pair=gu_medium__vs__jpeg_compression_sev3 cond=gu seed=2
/path/to/ciln-workspace/venv/lib/python3.12/site-packages/torchvision/datasets/cifar.py:83: VisibleDeprecationWarning: dtype(): align should be passed as Python or NumPy boolean but got `align=0`. Did you mean to pass a tuple to create a subarray type? (Deprecated NumPy 2.4)
  entry = pickle.load(f, encoding="latin1")
[23:00:04] === gu_medium__vs__jpeg_compression_sev3__gu__seed2  device=cuda ===
[23:00:04]   pair noise rates: {'name': 'gu_medium__vs__jpeg_compression_sev3', 'gu_level': 'medium', 'gu_noise_rate': 0.11088888888888888, 'ours_setting': 'jpeg_compression_sev3', 'ours_noise_rate': 0.15666666666666668, 'noise_rate_gap': 0.04577777777777779, 'n_rows': 9000}
[23:00:04]   train rows: 9000  test rows: 10000
[23:00:04]   epochs: 100  batch: 128  LR: 0.1 cosine  WD: 0.0005
[23:00:08] epoch   1/100  tr_loss=2.0478  tr_acc(noisy)=22.70%  TEST=22.61%  (best so far 22.61% @ ep 1)
[23:00:17] epoch   5/100  tr_loss=1.3584  tr_acc(noisy)=50.69%  TEST=39.40%  (best so far 42.91% @ ep 4)
[23:00:34] epoch  10/100  tr_loss=0.9656  tr_acc(noisy)=65.51%  TEST=62.90%  (best so far 62.90% @ ep 10)
[23:00:45] epoch  15/100  tr_loss=0.7550  tr_acc(noisy)=73.15%  TEST=64.04%  (best so far 64.04% @ ep 15)
[23:00:56] epoch  20/100  tr_loss=0.6044  tr_acc(noisy)=78.73%  TEST=69.63%  (best so far 69.63% @ ep 20)
[23:01:07] epoch  25/100  tr_loss=0.5026  tr_acc(noisy)=82.12%  TEST=70.80%  (best so far 71.08% @ ep 21)
[23:01:19] epoch  30/100  tr_loss=0.4415  tr_acc(noisy)=84.41%  TEST=74.44%  (best so far 74.44% @ ep 30)
[23:01:36] epoch  35/100  tr_loss=0.3839  tr_acc(noisy)=86.37%  TEST=70.86%  (best so far 74.44% @ ep 30)
[23:01:48] epoch  40/100  tr_loss=0.3049  tr_acc(noisy)=88.94%  TEST=70.71%  (best so far 74.95% @ ep 38)
[23:01:59] epoch  45/100  tr_loss=0.2856  tr_acc(noisy)=89.65%  TEST=75.98%  (best so far 75.98% @ ep 45)
[23:02:10] epoch  50/100  tr_loss=0.2429  tr_acc(noisy)=91.60%  TEST=73.55%  (best so far 75.98% @ ep 45)
[23:02:21] epoch  55/100  tr_loss=0.1794  tr_acc(noisy)=93.65%  TEST=77.88%  (best so far 77.93% @ ep 53)
[23:02:33] epoch  60/100  tr_loss=0.1638  tr_acc(noisy)=94.20%  TEST=78.32%  (best so far 78.32% @ ep 60)
[23:02:46] epoch  65/100  tr_loss=0.1073  tr_acc(noisy)=96.42%  TEST=79.59%  (best so far 79.59% @ ep 65)
[23:02:58] epoch  70/100  tr_loss=0.0660  tr_acc(noisy)=97.94%  TEST=78.13%  (best so far 80.25% @ ep 68)
[23:03:09] epoch  75/100  tr_loss=0.0361  tr_acc(noisy)=99.11%  TEST=80.35%  (best so far 81.00% @ ep 74)
[23:03:20] epoch  80/100  tr_loss=0.0264  tr_acc(noisy)=99.32%  TEST=81.17%  (best so far 81.17% @ ep 80)
[23:03:31] epoch  85/100  tr_loss=0.0166  tr_acc(noisy)=99.72%  TEST=81.29%  (best so far 81.51% @ ep 83)
[23:03:43] epoch  90/100  tr_loss=0.0139  tr_acc(noisy)=99.85%  TEST=81.63%  (best so far 81.63% @ ep 90)
[23:03:55] epoch  95/100  tr_loss=0.0122  tr_acc(noisy)=99.84%  TEST=81.48%  (best so far 81.63% @ ep 90)
[23:04:07] epoch 100/100  tr_loss=0.0129  tr_acc(noisy)=99.87%  TEST=81.52%  (best so far 81.63% @ ep 90)
[23:04:07] === FINAL  best test acc = 81.63% @ epoch 90 ===
[23:04:07] saved /path/to/ciln-workspace/journal_edition/robustness_transfer/results/gu_medium__vs__jpeg_compression_sev3__gu__seed2.json
[2026-05-26 23:04:08] <<< done pair=gu_medium__vs__jpeg_compression_sev3 cond=gu seed=2
[2026-05-26 23:04:08] >>> pair=gu_medium__vs__jpeg_compression_sev3 cond=ours seed=0
/path/to/ciln-workspace/venv/lib/python3.12/site-packages/torchvision/datasets/cifar.py:83: VisibleDeprecationWarning: dtype(): align should be passed as Python or NumPy boolean but got `align=0`. Did you mean to pass a tuple to create a subarray type? (Deprecated NumPy 2.4)
  entry = pickle.load(f, encoding="latin1")
[23:04:15] === gu_medium__vs__jpeg_compression_sev3__ours__seed0  device=cuda ===
[23:04:15]   pair noise rates: {'name': 'gu_medium__vs__jpeg_compression_sev3', 'gu_level': 'medium', 'gu_noise_rate': 0.11088888888888888, 'ours_setting': 'jpeg_compression_sev3', 'ours_noise_rate': 0.15666666666666668, 'noise_rate_gap': 0.04577777777777779, 'n_rows': 9000}
[23:04:15]   train rows: 9000  test rows: 10000
[23:04:15]   epochs: 100  batch: 128  LR: 0.1 cosine  WD: 0.0005
[23:04:18] epoch   1/100  tr_loss=1.9783  tr_acc(noisy)=24.92%  TEST=26.20%  (best so far 26.20% @ ep 1)
[23:04:27] epoch   5/100  tr_loss=1.4208  tr_acc(noisy)=47.06%  TEST=40.82%  (best so far 43.50% @ ep 4)
[23:04:39] epoch  10/100  tr_loss=1.0861  tr_acc(noisy)=60.01%  TEST=52.46%  (best so far 52.46% @ ep 10)
[23:04:51] epoch  15/100  tr_loss=0.8859  tr_acc(noisy)=68.20%  TEST=52.64%  (best so far 60.72% @ ep 14)
[23:05:03] epoch  20/100  tr_loss=0.7552  tr_acc(noisy)=72.89%  TEST=63.93%  (best so far 65.12% @ ep 18)
[23:05:14] epoch  25/100  tr_loss=0.6467  tr_acc(noisy)=76.89%  TEST=68.07%  (best so far 68.07% @ ep 25)
[23:05:25] epoch  30/100  tr_loss=0.5661  tr_acc(noisy)=80.12%  TEST=65.72%  (best so far 70.50% @ ep 29)
[23:05:36] epoch  35/100  tr_loss=0.5225  tr_acc(noisy)=81.52%  TEST=67.42%  (best so far 71.31% @ ep 31)
[23:05:47] epoch  40/100  tr_loss=0.4616  tr_acc(noisy)=83.78%  TEST=71.04%  (best so far 71.31% @ ep 31)
[23:06:00] epoch  45/100  tr_loss=0.4049  tr_acc(noisy)=85.75%  TEST=66.12%  (best so far 71.31% @ ep 31)
[23:06:12] epoch  50/100  tr_loss=0.3384  tr_acc(noisy)=88.28%  TEST=73.57%  (best so far 73.57% @ ep 50)
[23:06:23] epoch  55/100  tr_loss=0.2827  tr_acc(noisy)=90.03%  TEST=71.47%  (best so far 73.57% @ ep 50)
[23:06:34] epoch  60/100  tr_loss=0.2229  tr_acc(noisy)=91.89%  TEST=72.91%  (best so far 73.57% @ ep 50)
[23:06:45] epoch  65/100  tr_loss=0.1751  tr_acc(noisy)=93.87%  TEST=72.48%  (best so far 73.59% @ ep 64)
[23:07:02] epoch  70/100  tr_loss=0.1207  tr_acc(noisy)=95.92%  TEST=75.52%  (best so far 75.99% @ ep 68)
[23:07:14] epoch  75/100  tr_loss=0.0775  tr_acc(noisy)=97.68%  TEST=76.50%  (best so far 76.50% @ ep 75)
[23:07:25] epoch  80/100  tr_loss=0.0532  tr_acc(noisy)=98.63%  TEST=76.72%  (best so far 76.78% @ ep 78)
[23:07:36] epoch  85/100  tr_loss=0.0329  tr_acc(noisy)=99.35%  TEST=76.71%  (best so far 76.78% @ ep 78)
[23:07:47] epoch  90/100  tr_loss=0.0280  tr_acc(noisy)=99.41%  TEST=77.05%  (best so far 77.08% @ ep 87)
[23:07:58] epoch  95/100  tr_loss=0.0228  tr_acc(noisy)=99.59%  TEST=77.10%  (best so far 77.36% @ ep 92)
[23:08:12] epoch 100/100  tr_loss=0.0229  tr_acc(noisy)=99.60%  TEST=77.13%  (best so far 77.36% @ ep 92)
[23:08:12] === FINAL  best test acc = 77.36% @ epoch 92 ===
[23:08:12] saved /path/to/ciln-workspace/journal_edition/robustness_transfer/results/gu_medium__vs__jpeg_compression_sev3__ours__seed0.json
[2026-05-26 23:08:13] <<< done pair=gu_medium__vs__jpeg_compression_sev3 cond=ours seed=0
[2026-05-26 23:08:13] >>> pair=gu_medium__vs__jpeg_compression_sev3 cond=ours seed=1
/path/to/ciln-workspace/venv/lib/python3.12/site-packages/torchvision/datasets/cifar.py:83: VisibleDeprecationWarning: dtype(): align should be passed as Python or NumPy boolean but got `align=0`. Did you mean to pass a tuple to create a subarray type? (Deprecated NumPy 2.4)
  entry = pickle.load(f, encoding="latin1")
[23:08:20] === gu_medium__vs__jpeg_compression_sev3__ours__seed1  device=cuda ===
[23:08:20]   pair noise rates: {'name': 'gu_medium__vs__jpeg_compression_sev3', 'gu_level': 'medium', 'gu_noise_rate': 0.11088888888888888, 'ours_setting': 'jpeg_compression_sev3', 'ours_noise_rate': 0.15666666666666668, 'noise_rate_gap': 0.04577777777777779, 'n_rows': 9000}
[23:08:20]   train rows: 9000  test rows: 10000
[23:08:20]   epochs: 100  batch: 128  LR: 0.1 cosine  WD: 0.0005
[23:08:24] epoch   1/100  tr_loss=1.9780  tr_acc(noisy)=25.40%  TEST=28.94%  (best so far 28.94% @ ep 1)
[23:08:33] epoch   5/100  tr_loss=1.3816  tr_acc(noisy)=48.96%  TEST=44.31%  (best so far 44.31% @ ep 5)
[23:08:45] epoch  10/100  tr_loss=1.0530  tr_acc(noisy)=61.29%  TEST=51.03%  (best so far 52.83% @ ep 9)
[23:08:56] epoch  15/100  tr_loss=0.8510  tr_acc(noisy)=69.05%  TEST=65.84%  (best so far 65.84% @ ep 15)
[23:09:07] epoch  20/100  tr_loss=0.7304  tr_acc(noisy)=74.05%  TEST=63.84%  (best so far 65.84% @ ep 15)
[23:09:25] epoch  25/100  tr_loss=0.6290  tr_acc(noisy)=77.47%  TEST=67.79%  (best so far 67.79% @ ep 25)
[23:09:37] epoch  30/100  tr_loss=0.5730  tr_acc(noisy)=79.84%  TEST=67.48%  (best so far 69.08% @ ep 27)
[23:09:48] epoch  35/100  tr_loss=0.5080  tr_acc(noisy)=81.88%  TEST=71.82%  (best so far 71.82% @ ep 35)
[23:10:00] epoch  40/100  tr_loss=0.4562  tr_acc(noisy)=84.10%  TEST=69.00%  (best so far 71.82% @ ep 35)
[23:10:11] epoch  45/100  tr_loss=0.3865  tr_acc(noisy)=86.28%  TEST=72.96%  (best so far 72.96% @ ep 45)
[23:10:22] epoch  50/100  tr_loss=0.3515  tr_acc(noisy)=87.21%  TEST=72.54%  (best so far 73.82% @ ep 49)
[23:10:34] epoch  55/100  tr_loss=0.2976  tr_acc(noisy)=89.42%  TEST=75.13%  (best so far 75.13% @ ep 55)
[23:10:45] epoch  60/100  tr_loss=0.2226  tr_acc(noisy)=92.25%  TEST=72.70%  (best so far 75.13% @ ep 55)
[23:10:56] epoch  65/100  tr_loss=0.1879  tr_acc(noisy)=93.55%  TEST=73.85%  (best so far 75.13% @ ep 55)
[23:11:08] epoch  70/100  tr_loss=0.1343  tr_acc(noisy)=95.41%  TEST=74.18%  (best so far 75.13% @ ep 55)
[23:11:21] epoch  75/100  tr_loss=0.0844  tr_acc(noisy)=97.33%  TEST=76.13%  (best so far 76.13% @ ep 75)
[23:11:32] epoch  80/100  tr_loss=0.0527  tr_acc(noisy)=98.46%  TEST=75.48%  (best so far 76.83% @ ep 79)
[23:11:43] epoch  85/100  tr_loss=0.0376  tr_acc(noisy)=99.20%  TEST=76.87%  (best so far 76.87% @ ep 85)
[23:11:54] epoch  90/100  tr_loss=0.0272  tr_acc(noisy)=99.50%  TEST=76.52%  (best so far 76.89% @ ep 87)
[23:12:06] epoch  95/100  tr_loss=0.0244  tr_acc(noisy)=99.53%  TEST=76.66%  (best so far 76.89% @ ep 87)
[23:12:17] epoch 100/100  tr_loss=0.0213  tr_acc(noisy)=99.72%  TEST=76.56%  (best so far 76.89% @ ep 87)
[23:12:17] === FINAL  best test acc = 76.89% @ epoch 87 ===
[23:12:17] saved /path/to/ciln-workspace/journal_edition/robustness_transfer/results/gu_medium__vs__jpeg_compression_sev3__ours__seed1.json
[2026-05-26 23:12:18] <<< done pair=gu_medium__vs__jpeg_compression_sev3 cond=ours seed=1
[2026-05-26 23:12:18] >>> pair=gu_medium__vs__jpeg_compression_sev3 cond=ours seed=2
/path/to/ciln-workspace/venv/lib/python3.12/site-packages/torchvision/datasets/cifar.py:83: VisibleDeprecationWarning: dtype(): align should be passed as Python or NumPy boolean but got `align=0`. Did you mean to pass a tuple to create a subarray type? (Deprecated NumPy 2.4)
  entry = pickle.load(f, encoding="latin1")
[23:12:26] === gu_medium__vs__jpeg_compression_sev3__ours__seed2  device=cuda ===
[23:12:26]   pair noise rates: {'name': 'gu_medium__vs__jpeg_compression_sev3', 'gu_level': 'medium', 'gu_noise_rate': 0.11088888888888888, 'ours_setting': 'jpeg_compression_sev3', 'ours_noise_rate': 0.15666666666666668, 'noise_rate_gap': 0.04577777777777779, 'n_rows': 9000}
[23:12:26]   train rows: 9000  test rows: 10000
[23:12:26]   epochs: 100  batch: 128  LR: 0.1 cosine  WD: 0.0005
[23:12:29] epoch   1/100  tr_loss=2.0025  tr_acc(noisy)=25.28%  TEST=27.36%  (best so far 27.36% @ ep 1)
[23:12:38] epoch   5/100  tr_loss=1.2763  tr_acc(noisy)=52.59%  TEST=45.46%  (best so far 45.46% @ ep 5)
[23:12:50] epoch  10/100  tr_loss=0.9839  tr_acc(noisy)=64.07%  TEST=59.83%  (best so far 59.83% @ ep 10)
[23:13:01] epoch  15/100  tr_loss=0.8027  tr_acc(noisy)=71.24%  TEST=57.20%  (best so far 63.67% @ ep 13)
[23:13:13] epoch  20/100  tr_loss=0.6895  tr_acc(noisy)=75.28%  TEST=69.20%  (best so far 69.94% @ ep 19)
[23:13:25] epoch  25/100  tr_loss=0.6132  tr_acc(noisy)=77.65%  TEST=63.19%  (best so far 69.94% @ ep 19)
[23:13:36] epoch  30/100  tr_loss=0.5611  tr_acc(noisy)=79.85%  TEST=69.82%  (best so far 69.94% @ ep 19)
[23:13:47] epoch  35/100  tr_loss=0.4888  tr_acc(noisy)=82.44%  TEST=65.29%  (best so far 72.95% @ ep 34)
[23:13:59] epoch  40/100  tr_loss=0.4458  tr_acc(noisy)=84.12%  TEST=68.95%  (best so far 72.95% @ ep 34)
[23:14:11] epoch  45/100  tr_loss=0.4041  tr_acc(noisy)=85.67%  TEST=71.15%  (best so far 72.95% @ ep 34)
[23:14:22] epoch  50/100  tr_loss=0.3456  tr_acc(noisy)=87.86%  TEST=69.75%  (best so far 72.95% @ ep 34)
[23:14:39] epoch  55/100  tr_loss=0.2948  tr_acc(noisy)=89.72%  TEST=71.98%  (best so far 74.90% @ ep 51)
[23:14:50] epoch  60/100  tr_loss=0.2312  tr_acc(noisy)=91.58%  TEST=69.43%  (best so far 74.90% @ ep 51)
[23:15:01] epoch  65/100  tr_loss=0.1717  tr_acc(noisy)=94.06%  TEST=72.72%  (best so far 74.90% @ ep 51)
[23:15:12] epoch  70/100  tr_loss=0.1417  tr_acc(noisy)=95.41%  TEST=75.17%  (best so far 75.63% @ ep 67)
[23:15:23] epoch  75/100  tr_loss=0.0836  tr_acc(noisy)=97.32%  TEST=74.66%  (best so far 76.47% @ ep 74)
[23:15:41] epoch  80/100  tr_loss=0.0570  tr_acc(noisy)=98.37%  TEST=76.08%  (best so far 76.83% @ ep 77)
[23:15:52] epoch  85/100  tr_loss=0.0326  tr_acc(noisy)=99.42%  TEST=77.07%  (best so far 77.12% @ ep 84)
[23:16:03] epoch  90/100  tr_loss=0.0256  tr_acc(noisy)=99.42%  TEST=77.49%  (best so far 77.49% @ ep 90)
[23:16:14] epoch  95/100  tr_loss=0.0202  tr_acc(noisy)=99.74%  TEST=77.31%  (best so far 77.49% @ ep 90)
[23:16:25] epoch 100/100  tr_loss=0.0210  tr_acc(noisy)=99.67%  TEST=77.26%  (best so far 77.52% @ ep 98)
[23:16:25] === FINAL  best test acc = 77.52% @ epoch 98 ===
[23:16:25] saved /path/to/ciln-workspace/journal_edition/robustness_transfer/results/gu_medium__vs__jpeg_compression_sev3__ours__seed2.json
[2026-05-26 23:16:26] <<< done pair=gu_medium__vs__jpeg_compression_sev3 cond=ours seed=2
[2026-05-26 23:16:26] >>> pair=gu_high__vs__defocus_blur_sev5 cond=gu seed=0
/path/to/ciln-workspace/venv/lib/python3.12/site-packages/torchvision/datasets/cifar.py:83: VisibleDeprecationWarning: dtype(): align should be passed as Python or NumPy boolean but got `align=0`. Did you mean to pass a tuple to create a subarray type? (Deprecated NumPy 2.4)
  entry = pickle.load(f, encoding="latin1")
[23:16:33] === gu_high__vs__defocus_blur_sev5__gu__seed0  device=cuda ===
[23:16:33]   pair noise rates: {'name': 'gu_high__vs__defocus_blur_sev5', 'gu_level': 'high', 'gu_noise_rate': 0.2962222222222222, 'ours_setting': 'defocus_blur_sev5', 'ours_noise_rate': 0.28555555555555556, 'noise_rate_gap': -0.010666666666666658, 'n_rows': 9000}
[23:16:33]   train rows: 9000  test rows: 10000
[23:16:33]   epochs: 100  batch: 128  LR: 0.1 cosine  WD: 0.0005
[23:16:36] epoch   1/100  tr_loss=1.8803  tr_acc(noisy)=29.44%  TEST=29.44%  (best so far 29.44% @ ep 1)
[23:16:50] epoch   5/100  tr_loss=1.0531  tr_acc(noisy)=60.99%  TEST=51.13%  (best so far 51.13% @ ep 5)
[23:17:01] epoch  10/100  tr_loss=0.7238  tr_acc(noisy)=72.98%  TEST=54.36%  (best so far 56.83% @ ep 9)
[23:17:12] epoch  15/100  tr_loss=0.6179  tr_acc(noisy)=77.14%  TEST=56.19%  (best so far 59.12% @ ep 13)
[23:17:23] epoch  20/100  tr_loss=0.5565  tr_acc(noisy)=79.45%  TEST=57.39%  (best so far 59.12% @ ep 13)
[23:17:35] epoch  25/100  tr_loss=0.5004  tr_acc(noisy)=81.51%  TEST=61.10%  (best so far 61.10% @ ep 25)
[23:17:47] epoch  30/100  tr_loss=0.4849  tr_acc(noisy)=81.75%  TEST=59.33%  (best so far 61.74% @ ep 28)
[23:17:59] epoch  35/100  tr_loss=0.4476  tr_acc(noisy)=83.02%  TEST=47.97%  (best so far 62.04% @ ep 32)
[23:18:11] epoch  40/100  tr_loss=0.3926  tr_acc(noisy)=84.89%  TEST=60.98%  (best so far 62.04% @ ep 32)
[23:18:23] epoch  45/100  tr_loss=0.3569  tr_acc(noisy)=86.73%  TEST=64.30%  (best so far 64.30% @ ep 45)
[23:18:34] epoch  50/100  tr_loss=0.3260  tr_acc(noisy)=87.81%  TEST=63.35%  (best so far 65.91% @ ep 48)
[23:18:45] epoch  55/100  tr_loss=0.2792  tr_acc(noisy)=89.78%  TEST=65.00%  (best so far 65.91% @ ep 48)
[23:18:59] epoch  60/100  tr_loss=0.2285  tr_acc(noisy)=91.71%  TEST=63.64%  (best so far 65.91% @ ep 48)
[23:19:11] epoch  65/100  tr_loss=0.1778  tr_acc(noisy)=93.56%  TEST=65.98%  (best so far 66.01% @ ep 62)
[23:19:22] epoch  70/100  tr_loss=0.1422  tr_acc(noisy)=95.23%  TEST=64.84%  (best so far 66.01% @ ep 62)
[23:19:33] epoch  75/100  tr_loss=0.0987  tr_acc(noisy)=96.82%  TEST=67.05%  (best so far 67.05% @ ep 75)
[23:19:44] epoch  80/100  tr_loss=0.0724  tr_acc(noisy)=97.75%  TEST=66.76%  (best so far 67.78% @ ep 78)
[23:19:56] epoch  85/100  tr_loss=0.0500  tr_acc(noisy)=98.73%  TEST=67.28%  (best so far 67.78% @ ep 78)
[23:20:12] epoch  90/100  tr_loss=0.0398  tr_acc(noisy)=99.05%  TEST=67.59%  (best so far 67.78% @ ep 78)
[23:20:23] epoch  95/100  tr_loss=0.0374  tr_acc(noisy)=99.05%  TEST=67.49%  (best so far 67.78% @ ep 78)
[23:20:34] epoch 100/100  tr_loss=0.0373  tr_acc(noisy)=99.20%  TEST=67.64%  (best so far 67.78% @ ep 78)
[23:20:34] === FINAL  best test acc = 67.78% @ epoch 78 ===
[23:20:34] saved /path/to/ciln-workspace/journal_edition/robustness_transfer/results/gu_high__vs__defocus_blur_sev5__gu__seed0.json
[2026-05-26 23:20:35] <<< done pair=gu_high__vs__defocus_blur_sev5 cond=gu seed=0
[2026-05-26 23:20:35] >>> pair=gu_high__vs__defocus_blur_sev5 cond=gu seed=1
/path/to/ciln-workspace/venv/lib/python3.12/site-packages/torchvision/datasets/cifar.py:83: VisibleDeprecationWarning: dtype(): align should be passed as Python or NumPy boolean but got `align=0`. Did you mean to pass a tuple to create a subarray type? (Deprecated NumPy 2.4)
  entry = pickle.load(f, encoding="latin1")
[23:20:43] === gu_high__vs__defocus_blur_sev5__gu__seed1  device=cuda ===
[23:20:43]   pair noise rates: {'name': 'gu_high__vs__defocus_blur_sev5', 'gu_level': 'high', 'gu_noise_rate': 0.2962222222222222, 'ours_setting': 'defocus_blur_sev5', 'ours_noise_rate': 0.28555555555555556, 'noise_rate_gap': -0.010666666666666658, 'n_rows': 9000}
[23:20:43]   train rows: 9000  test rows: 10000
[23:20:43]   epochs: 100  batch: 128  LR: 0.1 cosine  WD: 0.0005
[23:20:46] epoch   1/100  tr_loss=1.9428  tr_acc(noisy)=27.17%  TEST=28.76%  (best so far 28.76% @ ep 1)
[23:20:55] epoch   5/100  tr_loss=1.1656  tr_acc(noisy)=56.48%  TEST=46.28%  (best so far 46.28% @ ep 5)
[23:21:13] epoch  10/100  tr_loss=0.7535  tr_acc(noisy)=72.00%  TEST=52.03%  (best so far 57.24% @ ep 9)
[23:21:25] epoch  15/100  tr_loss=0.6095  tr_acc(noisy)=77.41%  TEST=58.75%  (best so far 58.75% @ ep 15)
[23:21:36] epoch  20/100  tr_loss=0.5498  tr_acc(noisy)=79.31%  TEST=60.86%  (best so far 60.86% @ ep 20)
[23:21:48] epoch  25/100  tr_loss=0.5105  tr_acc(noisy)=80.59%  TEST=58.59%  (best so far 60.86% @ ep 20)
[23:22:00] epoch  30/100  tr_loss=0.4589  tr_acc(noisy)=82.92%  TEST=58.50%  (best so far 63.31% @ ep 26)
[23:22:14] epoch  35/100  tr_loss=0.4423  tr_acc(noisy)=83.74%  TEST=61.43%  (best so far 63.92% @ ep 32)
[23:22:25] epoch  40/100  tr_loss=0.3814  tr_acc(noisy)=85.75%  TEST=61.73%  (best so far 63.92% @ ep 32)
[23:22:36] epoch  45/100  tr_loss=0.3454  tr_acc(noisy)=87.11%  TEST=64.43%  (best so far 64.43% @ ep 45)
[23:22:47] epoch  50/100  tr_loss=0.3112  tr_acc(noisy)=88.96%  TEST=62.98%  (best so far 64.78% @ ep 46)
[23:23:00] epoch  55/100  tr_loss=0.2720  tr_acc(noisy)=90.13%  TEST=63.87%  (best so far 64.78% @ ep 46)
[23:23:12] epoch  60/100  tr_loss=0.2321  tr_acc(noisy)=91.45%  TEST=64.35%  (best so far 65.43% @ ep 57)
[23:23:25] epoch  65/100  tr_loss=0.1833  tr_acc(noisy)=93.36%  TEST=65.47%  (best so far 65.47% @ ep 65)
[23:23:36] epoch  70/100  tr_loss=0.1292  tr_acc(noisy)=95.61%  TEST=66.11%  (best so far 66.48% @ ep 67)
[23:23:48] epoch  75/100  tr_loss=0.1006  tr_acc(noisy)=96.58%  TEST=66.16%  (best so far 66.48% @ ep 67)
[23:23:59] epoch  80/100  tr_loss=0.0657  tr_acc(noisy)=98.05%  TEST=65.83%  (best so far 66.96% @ ep 79)
[23:24:10] epoch  85/100  tr_loss=0.0490  tr_acc(noisy)=98.69%  TEST=66.73%  (best so far 67.36% @ ep 81)
[23:24:24] epoch  90/100  tr_loss=0.0395  tr_acc(noisy)=99.06%  TEST=67.39%  (best so far 67.52% @ ep 89)
[23:24:36] epoch  95/100  tr_loss=0.0338  tr_acc(noisy)=99.32%  TEST=67.46%  (best so far 67.52% @ ep 89)
[23:24:47] epoch 100/100  tr_loss=0.0323  tr_acc(noisy)=99.35%  TEST=67.30%  (best so far 67.52% @ ep 89)
[23:24:47] === FINAL  best test acc = 67.52% @ epoch 89 ===
[23:24:47] saved /path/to/ciln-workspace/journal_edition/robustness_transfer/results/gu_high__vs__defocus_blur_sev5__gu__seed1.json
[2026-05-26 23:24:49] <<< done pair=gu_high__vs__defocus_blur_sev5 cond=gu seed=1
[2026-05-26 23:24:49] >>> pair=gu_high__vs__defocus_blur_sev5 cond=gu seed=2
/path/to/ciln-workspace/venv/lib/python3.12/site-packages/torchvision/datasets/cifar.py:83: VisibleDeprecationWarning: dtype(): align should be passed as Python or NumPy boolean but got `align=0`. Did you mean to pass a tuple to create a subarray type? (Deprecated NumPy 2.4)
  entry = pickle.load(f, encoding="latin1")
[23:24:56] === gu_high__vs__defocus_blur_sev5__gu__seed2  device=cuda ===
[23:24:56]   pair noise rates: {'name': 'gu_high__vs__defocus_blur_sev5', 'gu_level': 'high', 'gu_noise_rate': 0.2962222222222222, 'ours_setting': 'defocus_blur_sev5', 'ours_noise_rate': 0.28555555555555556, 'noise_rate_gap': -0.010666666666666658, 'n_rows': 9000}
[23:24:56]   train rows: 9000  test rows: 10000
[23:24:56]   epochs: 100  batch: 128  LR: 0.1 cosine  WD: 0.0005
[23:24:59] epoch   1/100  tr_loss=1.9275  tr_acc(noisy)=28.06%  TEST=25.65%  (best so far 25.65% @ ep 1)
[23:25:08] epoch   5/100  tr_loss=1.0195  tr_acc(noisy)=62.22%  TEST=53.91%  (best so far 53.91% @ ep 5)
[23:25:20] epoch  10/100  tr_loss=0.7329  tr_acc(noisy)=73.12%  TEST=51.89%  (best so far 54.90% @ ep 8)
[23:25:33] epoch  15/100  tr_loss=0.6256  tr_acc(noisy)=77.08%  TEST=53.05%  (best so far 62.25% @ ep 14)
[23:25:45] epoch  20/100  tr_loss=0.5531  tr_acc(noisy)=78.98%  TEST=59.71%  (best so far 62.25% @ ep 14)
[23:25:56] epoch  25/100  tr_loss=0.5083  tr_acc(noisy)=81.48%  TEST=61.05%  (best so far 63.74% @ ep 22)
[23:26:07] epoch  30/100  tr_loss=0.4666  tr_acc(noisy)=82.63%  TEST=61.23%  (best so far 64.66% @ ep 29)
[23:26:19] epoch  35/100  tr_loss=0.4392  tr_acc(noisy)=83.55%  TEST=60.97%  (best so far 64.66% @ ep 29)
[23:26:30] epoch  40/100  tr_loss=0.3788  tr_acc(noisy)=85.69%  TEST=62.03%  (best so far 64.66% @ ep 29)
[23:26:41] epoch  45/100  tr_loss=0.3567  tr_acc(noisy)=86.69%  TEST=63.72%  (best so far 64.66% @ ep 29)
[23:26:52] epoch  50/100  tr_loss=0.3184  tr_acc(noisy)=88.16%  TEST=64.64%  (best so far 65.01% @ ep 48)
[23:27:04] epoch  55/100  tr_loss=0.2655  tr_acc(noisy)=90.19%  TEST=63.92%  (best so far 65.53% @ ep 54)
[23:27:15] epoch  60/100  tr_loss=0.2293  tr_acc(noisy)=91.64%  TEST=65.78%  (best so far 65.78% @ ep 60)
[23:27:26] epoch  65/100  tr_loss=0.1827  tr_acc(noisy)=93.26%  TEST=65.74%  (best so far 65.78% @ ep 60)
[23:27:45] epoch  70/100  tr_loss=0.1310  tr_acc(noisy)=95.76%  TEST=65.37%  (best so far 66.02% @ ep 68)
[23:27:57] epoch  75/100  tr_loss=0.1040  tr_acc(noisy)=96.47%  TEST=66.57%  (best so far 67.00% @ ep 73)
[23:28:08] epoch  80/100  tr_loss=0.0703  tr_acc(noisy)=97.97%  TEST=67.13%  (best so far 67.13% @ ep 80)
[23:28:19] epoch  85/100  tr_loss=0.0504  tr_acc(noisy)=98.65%  TEST=66.28%  (best so far 67.31% @ ep 84)
[23:28:32] epoch  90/100  tr_loss=0.0366  tr_acc(noisy)=99.17%  TEST=67.01%  (best so far 67.31% @ ep 84)
[23:28:43] epoch  95/100  tr_loss=0.0324  tr_acc(noisy)=99.27%  TEST=66.88%  (best so far 67.31% @ ep 84)
[23:29:01] epoch 100/100  tr_loss=0.0298  tr_acc(noisy)=99.43%  TEST=66.98%  (best so far 67.31% @ ep 84)
[23:29:01] === FINAL  best test acc = 67.31% @ epoch 84 ===
[23:29:01] saved /path/to/ciln-workspace/journal_edition/robustness_transfer/results/gu_high__vs__defocus_blur_sev5__gu__seed2.json
[2026-05-26 23:29:03] <<< done pair=gu_high__vs__defocus_blur_sev5 cond=gu seed=2
[2026-05-26 23:29:03] >>> pair=gu_high__vs__defocus_blur_sev5 cond=ours seed=0
/path/to/ciln-workspace/venv/lib/python3.12/site-packages/torchvision/datasets/cifar.py:83: VisibleDeprecationWarning: dtype(): align should be passed as Python or NumPy boolean but got `align=0`. Did you mean to pass a tuple to create a subarray type? (Deprecated NumPy 2.4)
  entry = pickle.load(f, encoding="latin1")
[23:29:10] === gu_high__vs__defocus_blur_sev5__ours__seed0  device=cuda ===
[23:29:10]   pair noise rates: {'name': 'gu_high__vs__defocus_blur_sev5', 'gu_level': 'high', 'gu_noise_rate': 0.2962222222222222, 'ours_setting': 'defocus_blur_sev5', 'ours_noise_rate': 0.28555555555555556, 'noise_rate_gap': -0.010666666666666658, 'n_rows': 9000}
[23:29:10]   train rows: 9000  test rows: 10000
[23:29:10]   epochs: 100  batch: 128  LR: 0.1 cosine  WD: 0.0005
[23:29:13] epoch   1/100  tr_loss=1.8874  tr_acc(noisy)=32.19%  TEST=26.34%  (best so far 26.34% @ ep 1)
[23:29:23] epoch   5/100  tr_loss=1.3671  tr_acc(noisy)=49.60%  TEST=35.87%  (best so far 37.13% @ ep 4)
[23:29:34] epoch  10/100  tr_loss=1.1514  tr_acc(noisy)=57.23%  TEST=46.51%  (best so far 46.51% @ ep 10)
[23:29:46] epoch  15/100  tr_loss=0.9892  tr_acc(noisy)=63.48%  TEST=43.66%  (best so far 54.67% @ ep 14)
[23:29:58] epoch  20/100  tr_loss=0.8556  tr_acc(noisy)=68.69%  TEST=55.15%  (best so far 55.15% @ ep 20)
[23:30:11] epoch  25/100  tr_loss=0.7457  tr_acc(noisy)=72.59%  TEST=48.17%  (best so far 55.15% @ ep 20)
[23:30:22] epoch  30/100  tr_loss=0.6634  tr_acc(noisy)=75.88%  TEST=61.45%  (best so far 61.45% @ ep 30)
[23:30:34] epoch  35/100  tr_loss=0.5970  tr_acc(noisy)=78.01%  TEST=57.64%  (best so far 61.45% @ ep 30)
[23:30:45] epoch  40/100  tr_loss=0.5477  tr_acc(noisy)=79.62%  TEST=51.01%  (best so far 61.45% @ ep 30)
[23:31:04] epoch  45/100  tr_loss=0.4836  tr_acc(noisy)=81.60%  TEST=53.92%  (best so far 63.31% @ ep 44)
[23:31:15] epoch  50/100  tr_loss=0.4253  tr_acc(noisy)=84.00%  TEST=57.08%  (best so far 63.31% @ ep 44)
[23:31:26] epoch  55/100  tr_loss=0.3738  tr_acc(noisy)=86.10%  TEST=60.57%  (best so far 63.78% @ ep 53)
[23:31:38] epoch  60/100  tr_loss=0.3168  tr_acc(noisy)=88.23%  TEST=58.39%  (best so far 63.78% @ ep 53)
[23:31:49] epoch  65/100  tr_loss=0.2438  tr_acc(noisy)=91.03%  TEST=58.96%  (best so far 63.78% @ ep 53)
[23:32:00] epoch  70/100  tr_loss=0.1862  tr_acc(noisy)=93.42%  TEST=61.60%  (best so far 64.19% @ ep 66)
[23:32:13] epoch  75/100  tr_loss=0.1157  tr_acc(noisy)=96.08%  TEST=60.70%  (best so far 64.19% @ ep 66)
[23:32:25] epoch  80/100  tr_loss=0.0757  tr_acc(noisy)=97.68%  TEST=61.80%  (best so far 64.29% @ ep 79)
[23:32:36] epoch  85/100  tr_loss=0.0532  tr_acc(noisy)=98.43%  TEST=63.15%  (best so far 64.29% @ ep 79)
[23:32:48] epoch  90/100  tr_loss=0.0373  tr_acc(noisy)=99.17%  TEST=63.53%  (best so far 64.29% @ ep 79)
[23:33:01] epoch  95/100  tr_loss=0.0354  tr_acc(noisy)=99.22%  TEST=63.33%  (best so far 64.29% @ ep 79)
[23:33:13] epoch 100/100  tr_loss=0.0297  tr_acc(noisy)=99.50%  TEST=63.71%  (best so far 64.29% @ ep 79)
[23:33:13] === FINAL  best test acc = 64.29% @ epoch 79 ===
[23:33:13] saved /path/to/ciln-workspace/journal_edition/robustness_transfer/results/gu_high__vs__defocus_blur_sev5__ours__seed0.json
[2026-05-26 23:33:14] <<< done pair=gu_high__vs__defocus_blur_sev5 cond=ours seed=0
[2026-05-26 23:33:14] >>> pair=gu_high__vs__defocus_blur_sev5 cond=ours seed=1
/path/to/ciln-workspace/venv/lib/python3.12/site-packages/torchvision/datasets/cifar.py:83: VisibleDeprecationWarning: dtype(): align should be passed as Python or NumPy boolean but got `align=0`. Did you mean to pass a tuple to create a subarray type? (Deprecated NumPy 2.4)
  entry = pickle.load(f, encoding="latin1")
[23:33:21] === gu_high__vs__defocus_blur_sev5__ours__seed1  device=cuda ===
[23:33:21]   pair noise rates: {'name': 'gu_high__vs__defocus_blur_sev5', 'gu_level': 'high', 'gu_noise_rate': 0.2962222222222222, 'ours_setting': 'defocus_blur_sev5', 'ours_noise_rate': 0.28555555555555556, 'noise_rate_gap': -0.010666666666666658, 'n_rows': 9000}
[23:33:21]   train rows: 9000  test rows: 10000
[23:33:21]   epochs: 100  batch: 128  LR: 0.1 cosine  WD: 0.0005
[23:33:25] epoch   1/100  tr_loss=1.8971  tr_acc(noisy)=32.61%  TEST=23.47%  (best so far 23.47% @ ep 1)
[23:33:34] epoch   5/100  tr_loss=1.4261  tr_acc(noisy)=47.42%  TEST=35.85%  (best so far 35.85% @ ep 5)
[23:33:46] epoch  10/100  tr_loss=1.1497  tr_acc(noisy)=57.57%  TEST=46.29%  (best so far 46.29% @ ep 10)
[23:33:57] epoch  15/100  tr_loss=0.9739  tr_acc(noisy)=63.71%  TEST=53.40%  (best so far 53.40% @ ep 15)
[23:34:11] epoch  20/100  tr_loss=0.8488  tr_acc(noisy)=68.83%  TEST=51.55%  (best so far 53.40% @ ep 15)
[23:34:23] epoch  25/100  tr_loss=0.7617  tr_acc(noisy)=72.12%  TEST=50.89%  (best so far 57.65% @ ep 21)
[23:34:35] epoch  30/100  tr_loss=0.6854  tr_acc(noisy)=75.00%  TEST=59.47%  (best so far 60.99% @ ep 27)
[23:34:46] epoch  35/100  tr_loss=0.6288  tr_acc(noisy)=76.37%  TEST=57.39%  (best so far 60.99% @ ep 27)
[23:34:58] epoch  40/100  tr_loss=0.5706  tr_acc(noisy)=78.83%  TEST=54.71%  (best so far 62.05% @ ep 38)
[23:35:10] epoch  45/100  tr_loss=0.5200  tr_acc(noisy)=80.89%  TEST=55.91%  (best so far 63.65% @ ep 43)
[23:35:24] epoch  50/100  tr_loss=0.4444  tr_acc(noisy)=83.64%  TEST=58.02%  (best so far 63.65% @ ep 43)
[23:35:36] epoch  55/100  tr_loss=0.3835  tr_acc(noisy)=85.75%  TEST=60.62%  (best so far 63.65% @ ep 43)
[23:35:47] epoch  60/100  tr_loss=0.3337  tr_acc(noisy)=87.59%  TEST=56.02%  (best so far 63.65% @ ep 43)
[23:35:58] epoch  65/100  tr_loss=0.2660  tr_acc(noisy)=90.30%  TEST=58.98%  (best so far 63.65% @ ep 43)
[23:36:10] epoch  70/100  tr_loss=0.1906  tr_acc(noisy)=93.01%  TEST=60.35%  (best so far 63.65% @ ep 43)
[23:36:23] epoch  75/100  tr_loss=0.1251  tr_acc(noisy)=95.83%  TEST=62.29%  (best so far 63.65% @ ep 43)
[23:36:34] epoch  80/100  tr_loss=0.0815  tr_acc(noisy)=97.38%  TEST=61.90%  (best so far 64.10% @ ep 78)
[23:36:46] epoch  85/100  tr_loss=0.0565  tr_acc(noisy)=98.35%  TEST=61.89%  (best so far 64.10% @ ep 78)
[23:36:57] epoch  90/100  tr_loss=0.0402  tr_acc(noisy)=99.07%  TEST=61.64%  (best so far 64.10% @ ep 78)
[23:37:09] epoch  95/100  tr_loss=0.0325  tr_acc(noisy)=99.39%  TEST=63.21%  (best so far 64.10% @ ep 78)
[23:37:21] epoch 100/100  tr_loss=0.0327  tr_acc(noisy)=99.27%  TEST=62.66%  (best so far 64.10% @ ep 78)
[23:37:21] === FINAL  best test acc = 64.10% @ epoch 78 ===
[23:37:21] saved /path/to/ciln-workspace/journal_edition/robustness_transfer/results/gu_high__vs__defocus_blur_sev5__ours__seed1.json
[2026-05-26 23:37:22] <<< done pair=gu_high__vs__defocus_blur_sev5 cond=ours seed=1
[2026-05-26 23:37:22] >>> pair=gu_high__vs__defocus_blur_sev5 cond=ours seed=2
/path/to/ciln-workspace/venv/lib/python3.12/site-packages/torchvision/datasets/cifar.py:83: VisibleDeprecationWarning: dtype(): align should be passed as Python or NumPy boolean but got `align=0`. Did you mean to pass a tuple to create a subarray type? (Deprecated NumPy 2.4)
  entry = pickle.load(f, encoding="latin1")
[23:37:29] === gu_high__vs__defocus_blur_sev5__ours__seed2  device=cuda ===
[23:37:29]   pair noise rates: {'name': 'gu_high__vs__defocus_blur_sev5', 'gu_level': 'high', 'gu_noise_rate': 0.2962222222222222, 'ours_setting': 'defocus_blur_sev5', 'ours_noise_rate': 0.28555555555555556, 'noise_rate_gap': -0.010666666666666658, 'n_rows': 9000}
[23:37:29]   train rows: 9000  test rows: 10000
[23:37:29]   epochs: 100  batch: 128  LR: 0.1 cosine  WD: 0.0005
[23:37:32] epoch   1/100  tr_loss=1.9008  tr_acc(noisy)=31.95%  TEST=21.51%  (best so far 21.51% @ ep 1)
[23:37:42] epoch   5/100  tr_loss=1.2992  tr_acc(noisy)=52.12%  TEST=33.59%  (best so far 37.33% @ ep 4)
[23:37:53] epoch  10/100  tr_loss=1.0530  tr_acc(noisy)=61.08%  TEST=46.42%  (best so far 46.42% @ ep 10)
[23:38:05] epoch  15/100  tr_loss=0.9044  tr_acc(noisy)=67.59%  TEST=44.02%  (best so far 51.98% @ ep 14)
[23:38:16] epoch  20/100  tr_loss=0.7843  tr_acc(noisy)=70.97%  TEST=47.90%  (best so far 58.98% @ ep 19)
[23:38:31] epoch  25/100  tr_loss=0.6950  tr_acc(noisy)=74.22%  TEST=58.96%  (best so far 60.33% @ ep 24)
[23:38:42] epoch  30/100  tr_loss=0.6393  tr_acc(noisy)=76.47%  TEST=57.78%  (best so far 60.33% @ ep 24)
[23:38:54] epoch  35/100  tr_loss=0.5895  tr_acc(noisy)=77.85%  TEST=56.10%  (best so far 61.95% @ ep 34)
[23:39:06] epoch  40/100  tr_loss=0.5196  tr_acc(noisy)=80.68%  TEST=53.57%  (best so far 61.95% @ ep 34)
[23:39:17] epoch  45/100  tr_loss=0.4765  tr_acc(noisy)=82.56%  TEST=51.69%  (best so far 63.69% @ ep 42)
[23:39:29] epoch  50/100  tr_loss=0.4025  tr_acc(noisy)=85.42%  TEST=63.94%  (best so far 63.94% @ ep 50)
[23:39:44] epoch  55/100  tr_loss=0.3558  tr_acc(noisy)=86.83%  TEST=53.65%  (best so far 63.94% @ ep 50)
[23:39:55] epoch  60/100  tr_loss=0.3144  tr_acc(noisy)=88.60%  TEST=56.20%  (best so far 63.94% @ ep 50)
[23:40:07] epoch  65/100  tr_loss=0.2484  tr_acc(noisy)=90.89%  TEST=59.52%  (best so far 63.94% @ ep 50)
[23:40:18] epoch  70/100  tr_loss=0.1858  tr_acc(noisy)=93.54%  TEST=64.52%  (best so far 64.52% @ ep 70)
[23:40:30] epoch  75/100  tr_loss=0.1308  tr_acc(noisy)=95.65%  TEST=63.87%  (best so far 64.52% @ ep 70)
[23:40:44] epoch  80/100  tr_loss=0.0803  tr_acc(noisy)=97.53%  TEST=61.53%  (best so far 64.56% @ ep 76)
[23:40:56] epoch  85/100  tr_loss=0.0573  tr_acc(noisy)=98.42%  TEST=62.20%  (best so far 64.56% @ ep 76)
[23:41:07] epoch  90/100  tr_loss=0.0390  tr_acc(noisy)=99.08%  TEST=63.09%  (best so far 64.56% @ ep 76)
[23:41:19] epoch  95/100  tr_loss=0.0328  tr_acc(noisy)=99.34%  TEST=62.96%  (best so far 64.56% @ ep 76)
[23:41:30] epoch 100/100  tr_loss=0.0318  tr_acc(noisy)=99.35%  TEST=63.01%  (best so far 64.56% @ ep 76)
[23:41:30] === FINAL  best test acc = 64.56% @ epoch 76 ===
[23:41:30] saved /path/to/ciln-workspace/journal_edition/robustness_transfer/results/gu_high__vs__defocus_blur_sev5__ours__seed2.json
[2026-05-26 23:41:31] <<< done pair=gu_high__vs__defocus_blur_sev5 cond=ours seed=2
[2026-05-26 23:41:31] queue done
