[2026-05-29 20:40:23] extra queue start
[2026-05-29 20:40:23] >>> pair=gu_high__vs__motion_blur_sev5 cond=gu seed=0
/path/to/ciln-workspace/venv/lib/python3.12/site-packages/torchvision/datasets/cifar.py:83: VisibleDeprecationWarning: dtype(): align should be passed as Python or NumPy boolean but got `align=0`. Did you mean to pass a tuple to create a subarray type? (Deprecated NumPy 2.4)
  entry = pickle.load(f, encoding="latin1")
[20:40:30] === gu_high__vs__motion_blur_sev5__gu__seed0  device=cuda ===
[20:40:30]   pair noise rates: {'name': 'gu_high__vs__motion_blur_sev5', 'gu_level': 'high', 'gu_noise_rate': 0.2962222222222222, 'ours_setting': 'motion_blur_sev5', 'ours_noise_rate': 0.2663333333333333, 'noise_rate_gap': -0.02988888888888891, 'n_rows': 9000}
[20:40:30]   train rows: 9000  test rows: 10000
[20:40:30]   epochs: 100  batch: 128  LR: 0.1 cosine  WD: 0.0005
[20:40:33] epoch   1/100  tr_loss=1.8958  tr_acc(noisy)=29.14%  TEST=30.25%  (best so far 30.25% @ ep 1)
[20:40:43] epoch   5/100  tr_loss=1.1174  tr_acc(noisy)=58.10%  TEST=42.62%  (best so far 42.93% @ ep 3)
[20:40:56] epoch  10/100  tr_loss=0.7319  tr_acc(noisy)=73.07%  TEST=57.60%  (best so far 57.60% @ ep 10)
[20:41:07] epoch  15/100  tr_loss=0.6211  tr_acc(noisy)=76.84%  TEST=55.40%  (best so far 58.06% @ ep 11)
[20:41:18] epoch  20/100  tr_loss=0.5545  tr_acc(noisy)=79.51%  TEST=56.12%  (best so far 60.06% @ ep 16)
[20:41:29] epoch  25/100  tr_loss=0.4898  tr_acc(noisy)=81.71%  TEST=57.91%  (best so far 60.57% @ ep 22)
[20:41:40] epoch  30/100  tr_loss=0.4741  tr_acc(noisy)=82.58%  TEST=61.24%  (best so far 63.97% @ ep 28)
[20:41:53] epoch  35/100  tr_loss=0.4349  tr_acc(noisy)=83.98%  TEST=57.90%  (best so far 63.97% @ ep 28)
[20:42:04] epoch  40/100  tr_loss=0.3913  tr_acc(noisy)=85.38%  TEST=61.28%  (best so far 63.97% @ ep 28)
[20:42:15] epoch  45/100  tr_loss=0.3510  tr_acc(noisy)=87.32%  TEST=61.51%  (best so far 63.97% @ ep 28)
[20:42:26] epoch  50/100  tr_loss=0.3264  tr_acc(noisy)=87.94%  TEST=61.13%  (best so far 63.97% @ ep 28)
[20:42:38] epoch  55/100  tr_loss=0.2927  tr_acc(noisy)=89.12%  TEST=64.41%  (best so far 64.41% @ ep 55)
[20:42:49] epoch  60/100  tr_loss=0.2333  tr_acc(noisy)=91.28%  TEST=63.66%  (best so far 65.03% @ ep 57)
[20:43:04] epoch  65/100  tr_loss=0.1900  tr_acc(noisy)=93.24%  TEST=66.56%  (best so far 66.56% @ ep 65)
[20:43:16] epoch  70/100  tr_loss=0.1377  tr_acc(noisy)=95.37%  TEST=65.75%  (best so far 66.56% @ ep 65)
[20:43:28] epoch  75/100  tr_loss=0.0953  tr_acc(noisy)=96.76%  TEST=66.60%  (best so far 66.60% @ ep 75)
[20:43:40] epoch  80/100  tr_loss=0.0722  tr_acc(noisy)=97.67%  TEST=66.88%  (best so far 66.88% @ ep 80)
[20:43:51] epoch  85/100  tr_loss=0.0580  tr_acc(noisy)=98.31%  TEST=67.00%  (best so far 67.29% @ ep 83)
[20:44:10] epoch  90/100  tr_loss=0.0428  tr_acc(noisy)=98.92%  TEST=67.29%  (best so far 67.42% @ ep 88)
[20:44:22] epoch  95/100  tr_loss=0.0372  tr_acc(noisy)=99.03%  TEST=67.58%  (best so far 67.58% @ ep 95)
[20:44:33] epoch 100/100  tr_loss=0.0391  tr_acc(noisy)=99.17%  TEST=67.63%  (best so far 67.63% @ ep 100)
[20:44:33] === FINAL  best test acc = 67.63% @ epoch 100 ===
[20:44:33] saved /path/to/ciln-workspace/journal_edition/robustness_transfer/results/gu_high__vs__motion_blur_sev5__gu__seed0.json
[2026-05-29 20:44:34] <<< done pair=gu_high__vs__motion_blur_sev5 cond=gu seed=0
[2026-05-29 20:44:34] >>> pair=gu_high__vs__motion_blur_sev5 cond=gu seed=1
/path/to/ciln-workspace/venv/lib/python3.12/site-packages/torchvision/datasets/cifar.py:83: VisibleDeprecationWarning: dtype(): align should be passed as Python or NumPy boolean but got `align=0`. Did you mean to pass a tuple to create a subarray type? (Deprecated NumPy 2.4)
  entry = pickle.load(f, encoding="latin1")
[20:44:42] === gu_high__vs__motion_blur_sev5__gu__seed1  device=cuda ===
[20:44:42]   pair noise rates: {'name': 'gu_high__vs__motion_blur_sev5', 'gu_level': 'high', 'gu_noise_rate': 0.2962222222222222, 'ours_setting': 'motion_blur_sev5', 'ours_noise_rate': 0.2663333333333333, 'noise_rate_gap': -0.02988888888888891, 'n_rows': 9000}
[20:44:42]   train rows: 9000  test rows: 10000
[20:44:42]   epochs: 100  batch: 128  LR: 0.1 cosine  WD: 0.0005
[20:44:45] epoch   1/100  tr_loss=1.9072  tr_acc(noisy)=28.68%  TEST=23.46%  (best so far 23.46% @ ep 1)
[20:44:54] epoch   5/100  tr_loss=1.1282  tr_acc(noisy)=57.87%  TEST=34.87%  (best so far 43.23% @ ep 3)
[20:45:05] epoch  10/100  tr_loss=0.7627  tr_acc(noisy)=71.90%  TEST=54.36%  (best so far 57.21% @ ep 9)
[20:45:21] epoch  15/100  tr_loss=0.6159  tr_acc(noisy)=77.14%  TEST=53.58%  (best so far 59.77% @ ep 13)
[20:45:32] epoch  20/100  tr_loss=0.5612  tr_acc(noisy)=79.23%  TEST=62.75%  (best so far 62.75% @ ep 20)
[20:45:44] epoch  25/100  tr_loss=0.5128  tr_acc(noisy)=80.99%  TEST=60.15%  (best so far 62.75% @ ep 20)
[20:45:56] epoch  30/100  tr_loss=0.4522  tr_acc(noisy)=83.33%  TEST=61.49%  (best so far 62.75% @ ep 20)
[20:46:08] epoch  35/100  tr_loss=0.4368  tr_acc(noisy)=83.94%  TEST=58.66%  (best so far 62.75% @ ep 20)
[20:46:20] epoch  40/100  tr_loss=0.4112  tr_acc(noisy)=84.77%  TEST=60.25%  (best so far 62.75% @ ep 20)
[20:46:32] epoch  45/100  tr_loss=0.3543  tr_acc(noisy)=87.08%  TEST=63.52%  (best so far 64.63% @ ep 44)
[20:46:43] epoch  50/100  tr_loss=0.3141  tr_acc(noisy)=88.48%  TEST=61.50%  (best so far 64.63% @ ep 44)
[20:46:55] epoch  55/100  tr_loss=0.2930  tr_acc(noisy)=89.08%  TEST=63.81%  (best so far 65.46% @ ep 52)
[20:47:06] epoch  60/100  tr_loss=0.2281  tr_acc(noisy)=91.57%  TEST=57.61%  (best so far 65.46% @ ep 52)
[20:47:19] epoch  65/100  tr_loss=0.1862  tr_acc(noisy)=93.14%  TEST=66.04%  (best so far 66.04% @ ep 65)
[20:47:30] epoch  70/100  tr_loss=0.1442  tr_acc(noisy)=95.10%  TEST=66.41%  (best so far 66.41% @ ep 70)
[20:47:42] epoch  75/100  tr_loss=0.1124  tr_acc(noisy)=96.33%  TEST=66.61%  (best so far 66.61% @ ep 75)
[20:47:54] epoch  80/100  tr_loss=0.0730  tr_acc(noisy)=97.54%  TEST=66.43%  (best so far 66.86% @ ep 79)
[20:48:06] epoch  85/100  tr_loss=0.0514  tr_acc(noisy)=98.58%  TEST=66.80%  (best so far 67.31% @ ep 81)
[20:48:17] epoch  90/100  tr_loss=0.0400  tr_acc(noisy)=99.02%  TEST=67.23%  (best so far 67.31% @ ep 81)
[20:48:33] epoch  95/100  tr_loss=0.0368  tr_acc(noisy)=99.22%  TEST=67.32%  (best so far 67.32% @ ep 95)
[20:48:44] epoch 100/100  tr_loss=0.0350  tr_acc(noisy)=99.17%  TEST=67.24%  (best so far 67.32% @ ep 95)
[20:48:44] === FINAL  best test acc = 67.32% @ epoch 95 ===
[20:48:44] saved /path/to/ciln-workspace/journal_edition/robustness_transfer/results/gu_high__vs__motion_blur_sev5__gu__seed1.json
[2026-05-29 20:48:45] <<< done pair=gu_high__vs__motion_blur_sev5 cond=gu seed=1
[2026-05-29 20:48:45] >>> pair=gu_high__vs__motion_blur_sev5 cond=gu seed=2
/path/to/ciln-workspace/venv/lib/python3.12/site-packages/torchvision/datasets/cifar.py:83: VisibleDeprecationWarning: dtype(): align should be passed as Python or NumPy boolean but got `align=0`. Did you mean to pass a tuple to create a subarray type? (Deprecated NumPy 2.4)
  entry = pickle.load(f, encoding="latin1")
[20:48:52] === gu_high__vs__motion_blur_sev5__gu__seed2  device=cuda ===
[20:48:52]   pair noise rates: {'name': 'gu_high__vs__motion_blur_sev5', 'gu_level': 'high', 'gu_noise_rate': 0.2962222222222222, 'ours_setting': 'motion_blur_sev5', 'ours_noise_rate': 0.2663333333333333, 'noise_rate_gap': -0.02988888888888891, 'n_rows': 9000}
[20:48:52]   train rows: 9000  test rows: 10000
[20:48:52]   epochs: 100  batch: 128  LR: 0.1 cosine  WD: 0.0005
[20:48:55] epoch   1/100  tr_loss=1.9807  tr_acc(noisy)=26.10%  TEST=29.04%  (best so far 29.04% @ ep 1)
[20:49:04] epoch   5/100  tr_loss=1.1009  tr_acc(noisy)=59.23%  TEST=50.73%  (best so far 50.73% @ ep 5)
[20:49:15] epoch  10/100  tr_loss=0.7462  tr_acc(noisy)=72.65%  TEST=55.79%  (best so far 56.55% @ ep 8)
[20:49:27] epoch  15/100  tr_loss=0.6256  tr_acc(noisy)=76.89%  TEST=57.24%  (best so far 61.27% @ ep 14)
[20:49:40] epoch  20/100  tr_loss=0.5640  tr_acc(noisy)=78.92%  TEST=60.79%  (best so far 63.12% @ ep 19)
[20:49:51] epoch  25/100  tr_loss=0.5105  tr_acc(noisy)=81.35%  TEST=60.38%  (best so far 63.12% @ ep 19)
[20:50:03] epoch  30/100  tr_loss=0.4732  tr_acc(noisy)=82.00%  TEST=59.53%  (best so far 63.57% @ ep 29)
[20:50:14] epoch  35/100  tr_loss=0.4381  tr_acc(noisy)=83.47%  TEST=59.99%  (best so far 63.57% @ ep 29)
[20:50:26] epoch  40/100  tr_loss=0.3953  tr_acc(noisy)=85.39%  TEST=59.44%  (best so far 63.58% @ ep 37)
[20:50:41] epoch  45/100  tr_loss=0.3674  tr_acc(noisy)=86.38%  TEST=60.94%  (best so far 66.27% @ ep 42)
[20:50:52] epoch  50/100  tr_loss=0.3364  tr_acc(noisy)=87.53%  TEST=65.74%  (best so far 66.27% @ ep 42)
[20:51:04] epoch  55/100  tr_loss=0.2616  tr_acc(noisy)=90.50%  TEST=63.02%  (best so far 66.27% @ ep 42)
[20:51:16] epoch  60/100  tr_loss=0.2473  tr_acc(noisy)=90.77%  TEST=64.61%  (best so far 66.27% @ ep 42)
[20:51:28] epoch  65/100  tr_loss=0.1814  tr_acc(noisy)=93.43%  TEST=66.62%  (best so far 66.62% @ ep 65)
[20:51:41] epoch  70/100  tr_loss=0.1502  tr_acc(noisy)=94.80%  TEST=66.42%  (best so far 66.62% @ ep 65)
[20:51:53] epoch  75/100  tr_loss=0.1137  tr_acc(noisy)=96.23%  TEST=67.14%  (best so far 67.14% @ ep 75)
[20:52:04] epoch  80/100  tr_loss=0.0773  tr_acc(noisy)=97.59%  TEST=67.53%  (best so far 67.53% @ ep 80)
[20:52:15] epoch  85/100  tr_loss=0.0553  tr_acc(noisy)=98.54%  TEST=66.88%  (best so far 67.57% @ ep 83)
[20:52:26] epoch  90/100  tr_loss=0.0380  tr_acc(noisy)=99.13%  TEST=67.65%  (best so far 67.90% @ ep 87)
[20:52:38] epoch  95/100  tr_loss=0.0368  tr_acc(noisy)=99.14%  TEST=67.33%  (best so far 67.90% @ ep 87)
[20:52:57] epoch 100/100  tr_loss=0.0327  tr_acc(noisy)=99.34%  TEST=67.69%  (best so far 67.90% @ ep 87)
[20:52:57] === FINAL  best test acc = 67.90% @ epoch 87 ===
[20:52:57] saved /path/to/ciln-workspace/journal_edition/robustness_transfer/results/gu_high__vs__motion_blur_sev5__gu__seed2.json
[2026-05-29 20:52:58] <<< done pair=gu_high__vs__motion_blur_sev5 cond=gu seed=2
[2026-05-29 20:52:58] >>> pair=gu_high__vs__motion_blur_sev5 cond=ours seed=0
/path/to/ciln-workspace/venv/lib/python3.12/site-packages/torchvision/datasets/cifar.py:83: VisibleDeprecationWarning: dtype(): align should be passed as Python or NumPy boolean but got `align=0`. Did you mean to pass a tuple to create a subarray type? (Deprecated NumPy 2.4)
  entry = pickle.load(f, encoding="latin1")
[20:53:05] === gu_high__vs__motion_blur_sev5__ours__seed0  device=cuda ===
[20:53:05]   pair noise rates: {'name': 'gu_high__vs__motion_blur_sev5', 'gu_level': 'high', 'gu_noise_rate': 0.2962222222222222, 'ours_setting': 'motion_blur_sev5', 'ours_noise_rate': 0.2663333333333333, 'noise_rate_gap': -0.02988888888888891, 'n_rows': 9000}
[20:53:05]   train rows: 9000  test rows: 10000
[20:53:05]   epochs: 100  batch: 128  LR: 0.1 cosine  WD: 0.0005
[20:53:09] epoch   1/100  tr_loss=1.9398  tr_acc(noisy)=30.08%  TEST=25.74%  (best so far 25.74% @ ep 1)
[20:53:18] epoch   5/100  tr_loss=1.4716  tr_acc(noisy)=46.14%  TEST=37.12%  (best so far 37.12% @ ep 5)
[20:53:29] epoch  10/100  tr_loss=1.2325  tr_acc(noisy)=55.28%  TEST=44.35%  (best so far 46.08% @ ep 9)
[20:53:41] epoch  15/100  tr_loss=1.0447  tr_acc(noisy)=61.99%  TEST=42.02%  (best so far 54.30% @ ep 12)
[20:53:52] epoch  20/100  tr_loss=0.9273  tr_acc(noisy)=65.50%  TEST=61.65%  (best so far 61.65% @ ep 20)
[20:54:09] epoch  25/100  tr_loss=0.8372  tr_acc(noisy)=69.48%  TEST=52.94%  (best so far 61.65% @ ep 20)
[20:54:21] epoch  30/100  tr_loss=0.7577  tr_acc(noisy)=72.28%  TEST=58.43%  (best so far 61.65% @ ep 20)
[20:54:32] epoch  35/100  tr_loss=0.6686  tr_acc(noisy)=75.74%  TEST=67.60%  (best so far 67.60% @ ep 35)
[20:54:44] epoch  40/100  tr_loss=0.6462  tr_acc(noisy)=76.48%  TEST=58.88%  (best so far 67.60% @ ep 35)
[20:54:56] epoch  45/100  tr_loss=0.5765  tr_acc(noisy)=79.56%  TEST=59.43%  (best so far 67.60% @ ep 35)
[20:55:10] epoch  50/100  tr_loss=0.5137  tr_acc(noisy)=81.33%  TEST=56.98%  (best so far 67.60% @ ep 35)
[20:55:22] epoch  55/100  tr_loss=0.4508  tr_acc(noisy)=83.71%  TEST=59.37%  (best so far 67.60% @ ep 35)
[20:55:34] epoch  60/100  tr_loss=0.3965  tr_acc(noisy)=85.46%  TEST=63.24%  (best so far 67.60% @ ep 35)
[20:55:45] epoch  65/100  tr_loss=0.3075  tr_acc(noisy)=88.90%  TEST=62.96%  (best so far 67.60% @ ep 35)
[20:55:56] epoch  70/100  tr_loss=0.2492  tr_acc(noisy)=91.15%  TEST=61.07%  (best so far 67.60% @ ep 35)
[20:56:07] epoch  75/100  tr_loss=0.1804  tr_acc(noisy)=94.00%  TEST=64.15%  (best so far 67.60% @ ep 35)
[20:56:28] epoch  80/100  tr_loss=0.1233  tr_acc(noisy)=95.93%  TEST=62.45%  (best so far 67.60% @ ep 35)
[20:56:39] epoch  85/100  tr_loss=0.0824  tr_acc(noisy)=97.60%  TEST=65.30%  (best so far 67.60% @ ep 35)
[20:56:50] epoch  90/100  tr_loss=0.0621  tr_acc(noisy)=98.34%  TEST=65.62%  (best so far 67.60% @ ep 35)
[20:57:01] epoch  95/100  tr_loss=0.0503  tr_acc(noisy)=98.71%  TEST=64.94%  (best so far 67.60% @ ep 35)
[20:57:13] epoch 100/100  tr_loss=0.0500  tr_acc(noisy)=98.86%  TEST=65.45%  (best so far 67.60% @ ep 35)
[20:57:13] === FINAL  best test acc = 67.60% @ epoch 35 ===
[20:57:13] saved /path/to/ciln-workspace/journal_edition/robustness_transfer/results/gu_high__vs__motion_blur_sev5__ours__seed0.json
[2026-05-29 20:57:14] <<< done pair=gu_high__vs__motion_blur_sev5 cond=ours seed=0
[2026-05-29 20:57:14] >>> pair=gu_high__vs__motion_blur_sev5 cond=ours seed=1
/path/to/ciln-workspace/venv/lib/python3.12/site-packages/torchvision/datasets/cifar.py:83: VisibleDeprecationWarning: dtype(): align should be passed as Python or NumPy boolean but got `align=0`. Did you mean to pass a tuple to create a subarray type? (Deprecated NumPy 2.4)
  entry = pickle.load(f, encoding="latin1")
[20:57:21] === gu_high__vs__motion_blur_sev5__ours__seed1  device=cuda ===
[20:57:21]   pair noise rates: {'name': 'gu_high__vs__motion_blur_sev5', 'gu_level': 'high', 'gu_noise_rate': 0.2962222222222222, 'ours_setting': 'motion_blur_sev5', 'ours_noise_rate': 0.2663333333333333, 'noise_rate_gap': -0.02988888888888891, 'n_rows': 9000}
[20:57:21]   train rows: 9000  test rows: 10000
[20:57:21]   epochs: 100  batch: 128  LR: 0.1 cosine  WD: 0.0005
[20:57:25] epoch   1/100  tr_loss=1.8937  tr_acc(noisy)=33.14%  TEST=23.86%  (best so far 23.86% @ ep 1)
[20:57:34] epoch   5/100  tr_loss=1.4768  tr_acc(noisy)=46.71%  TEST=36.97%  (best so far 36.97% @ ep 5)
[20:57:45] epoch  10/100  tr_loss=1.1967  tr_acc(noisy)=56.07%  TEST=46.76%  (best so far 46.76% @ ep 10)
[20:57:57] epoch  15/100  tr_loss=1.0249  tr_acc(noisy)=62.67%  TEST=49.39%  (best so far 53.86% @ ep 14)
[20:58:08] epoch  20/100  tr_loss=0.9002  tr_acc(noisy)=67.21%  TEST=55.10%  (best so far 55.10% @ ep 20)
[20:58:19] epoch  25/100  tr_loss=0.8190  tr_acc(noisy)=70.51%  TEST=51.70%  (best so far 57.20% @ ep 21)
[20:58:33] epoch  30/100  tr_loss=0.7404  tr_acc(noisy)=73.56%  TEST=52.01%  (best so far 63.68% @ ep 27)
[20:58:44] epoch  35/100  tr_loss=0.6930  tr_acc(noisy)=74.71%  TEST=65.56%  (best so far 65.56% @ ep 35)
[20:58:55] epoch  40/100  tr_loss=0.6251  tr_acc(noisy)=77.72%  TEST=65.24%  (best so far 65.56% @ ep 35)
[20:59:07] epoch  45/100  tr_loss=0.5654  tr_acc(noisy)=79.56%  TEST=60.41%  (best so far 65.56% @ ep 35)
[20:59:18] epoch  50/100  tr_loss=0.5119  tr_acc(noisy)=81.21%  TEST=57.41%  (best so far 66.10% @ ep 47)
[20:59:32] epoch  55/100  tr_loss=0.4382  tr_acc(noisy)=84.25%  TEST=62.97%  (best so far 66.10% @ ep 47)
[20:59:44] epoch  60/100  tr_loss=0.3750  tr_acc(noisy)=86.26%  TEST=65.21%  (best so far 66.10% @ ep 47)
[20:59:56] epoch  65/100  tr_loss=0.3220  tr_acc(noisy)=88.48%  TEST=63.05%  (best so far 66.28% @ ep 62)
[21:00:07] epoch  70/100  tr_loss=0.2609  tr_acc(noisy)=90.46%  TEST=64.93%  (best so far 66.28% @ ep 62)
[21:00:19] epoch  75/100  tr_loss=0.1668  tr_acc(noisy)=94.34%  TEST=62.62%  (best so far 66.42% @ ep 72)
[21:00:30] epoch  80/100  tr_loss=0.1120  tr_acc(noisy)=96.55%  TEST=63.95%  (best so far 67.21% @ ep 77)
[21:00:43] epoch  85/100  tr_loss=0.0765  tr_acc(noisy)=97.69%  TEST=64.17%  (best so far 67.21% @ ep 77)
[21:00:54] epoch  90/100  tr_loss=0.0560  tr_acc(noisy)=98.50%  TEST=65.85%  (best so far 67.21% @ ep 77)
[21:01:05] epoch  95/100  tr_loss=0.0461  tr_acc(noisy)=98.96%  TEST=66.30%  (best so far 67.21% @ ep 77)
[21:01:17] epoch 100/100  tr_loss=0.0422  tr_acc(noisy)=99.13%  TEST=65.79%  (best so far 67.21% @ ep 77)
[21:01:17] === FINAL  best test acc = 67.21% @ epoch 77 ===
[21:01:17] saved /path/to/ciln-workspace/journal_edition/robustness_transfer/results/gu_high__vs__motion_blur_sev5__ours__seed1.json
[2026-05-29 21:01:18] <<< done pair=gu_high__vs__motion_blur_sev5 cond=ours seed=1
[2026-05-29 21:01:18] >>> pair=gu_high__vs__motion_blur_sev5 cond=ours seed=2
/path/to/ciln-workspace/venv/lib/python3.12/site-packages/torchvision/datasets/cifar.py:83: VisibleDeprecationWarning: dtype(): align should be passed as Python or NumPy boolean but got `align=0`. Did you mean to pass a tuple to create a subarray type? (Deprecated NumPy 2.4)
  entry = pickle.load(f, encoding="latin1")
[21:01:25] === gu_high__vs__motion_blur_sev5__ours__seed2  device=cuda ===
[21:01:25]   pair noise rates: {'name': 'gu_high__vs__motion_blur_sev5', 'gu_level': 'high', 'gu_noise_rate': 0.2962222222222222, 'ours_setting': 'motion_blur_sev5', 'ours_noise_rate': 0.2663333333333333, 'noise_rate_gap': -0.02988888888888891, 'n_rows': 9000}
[21:01:25]   train rows: 9000  test rows: 10000
[21:01:25]   epochs: 100  batch: 128  LR: 0.1 cosine  WD: 0.0005
[21:01:28] epoch   1/100  tr_loss=1.9879  tr_acc(noisy)=28.88%  TEST=23.93%  (best so far 23.93% @ ep 1)
[21:01:38] epoch   5/100  tr_loss=1.4576  tr_acc(noisy)=47.18%  TEST=37.17%  (best so far 37.17% @ ep 5)
[21:01:50] epoch  10/100  tr_loss=1.2066  tr_acc(noisy)=56.62%  TEST=44.68%  (best so far 44.68% @ ep 10)
[21:02:01] epoch  15/100  tr_loss=1.0361  tr_acc(noisy)=62.94%  TEST=54.89%  (best so far 54.89% @ ep 15)
[21:02:13] epoch  20/100  tr_loss=0.8843  tr_acc(noisy)=68.11%  TEST=57.30%  (best so far 57.30% @ ep 20)
[21:02:24] epoch  25/100  tr_loss=0.7864  tr_acc(noisy)=71.19%  TEST=57.57%  (best so far 65.55% @ ep 22)
[21:02:38] epoch  30/100  tr_loss=0.7324  tr_acc(noisy)=73.43%  TEST=59.88%  (best so far 65.55% @ ep 22)
[21:02:49] epoch  35/100  tr_loss=0.6848  tr_acc(noisy)=75.33%  TEST=61.48%  (best so far 65.55% @ ep 22)
[21:03:00] epoch  40/100  tr_loss=0.5932  tr_acc(noisy)=78.83%  TEST=60.53%  (best so far 66.24% @ ep 38)
[21:03:11] epoch  45/100  tr_loss=0.5465  tr_acc(noisy)=80.46%  TEST=57.51%  (best so far 66.24% @ ep 38)
[21:03:23] epoch  50/100  tr_loss=0.4986  tr_acc(noisy)=82.08%  TEST=66.77%  (best so far 66.77% @ ep 50)
[21:03:34] epoch  55/100  tr_loss=0.4354  tr_acc(noisy)=83.93%  TEST=60.22%  (best so far 67.57% @ ep 53)
[21:03:47] epoch  60/100  tr_loss=0.3527  tr_acc(noisy)=87.01%  TEST=64.10%  (best so far 67.57% @ ep 53)
[21:03:59] epoch  65/100  tr_loss=0.2667  tr_acc(noisy)=90.59%  TEST=60.83%  (best so far 67.57% @ ep 53)
[21:04:11] epoch  70/100  tr_loss=0.1998  tr_acc(noisy)=93.00%  TEST=64.04%  (best so far 67.57% @ ep 53)
[21:04:22] epoch  75/100  tr_loss=0.1439  tr_acc(noisy)=95.13%  TEST=66.79%  (best so far 68.58% @ ep 73)
[21:04:33] epoch  80/100  tr_loss=0.0978  tr_acc(noisy)=96.99%  TEST=64.38%  (best so far 68.58% @ ep 73)
[21:04:45] epoch  85/100  tr_loss=0.0701  tr_acc(noisy)=98.14%  TEST=66.07%  (best so far 68.58% @ ep 73)
[21:04:57] epoch  90/100  tr_loss=0.0466  tr_acc(noisy)=98.98%  TEST=66.45%  (best so far 68.58% @ ep 73)
[21:05:09] epoch  95/100  tr_loss=0.0390  tr_acc(noisy)=99.24%  TEST=65.92%  (best so far 68.58% @ ep 73)
[21:05:20] epoch 100/100  tr_loss=0.0446  tr_acc(noisy)=98.94%  TEST=66.71%  (best so far 68.58% @ ep 73)
[21:05:20] === FINAL  best test acc = 68.58% @ epoch 73 ===
[21:05:20] saved /path/to/ciln-workspace/journal_edition/robustness_transfer/results/gu_high__vs__motion_blur_sev5__ours__seed2.json
[2026-05-29 21:05:21] <<< done pair=gu_high__vs__motion_blur_sev5 cond=ours seed=2
[2026-05-29 21:05:21] >>> pair=gu_medium__vs__snow_sev5 cond=gu seed=0
/path/to/ciln-workspace/venv/lib/python3.12/site-packages/torchvision/datasets/cifar.py:83: VisibleDeprecationWarning: dtype(): align should be passed as Python or NumPy boolean but got `align=0`. Did you mean to pass a tuple to create a subarray type? (Deprecated NumPy 2.4)
  entry = pickle.load(f, encoding="latin1")
[21:05:28] === gu_medium__vs__snow_sev5__gu__seed0  device=cuda ===
[21:05:28]   pair noise rates: {'name': 'gu_medium__vs__snow_sev5', 'gu_level': 'medium', 'gu_noise_rate': 0.11088888888888888, 'ours_setting': 'snow_sev5', 'ours_noise_rate': 0.16366666666666665, 'noise_rate_gap': 0.05277777777777777, 'n_rows': 9000}
[21:05:28]   train rows: 9000  test rows: 10000
[21:05:28]   epochs: 100  batch: 128  LR: 0.1 cosine  WD: 0.0005
[21:05:32] epoch   1/100  tr_loss=1.9901  tr_acc(noisy)=25.17%  TEST=27.25%  (best so far 27.25% @ ep 1)
[21:05:41] epoch   5/100  tr_loss=1.3574  tr_acc(noisy)=50.02%  TEST=40.90%  (best so far 40.90% @ ep 5)
[21:06:01] epoch  10/100  tr_loss=0.9676  tr_acc(noisy)=65.32%  TEST=50.78%  (best so far 52.28% @ ep 9)
[21:06:13] epoch  15/100  tr_loss=0.7157  tr_acc(noisy)=75.33%  TEST=56.54%  (best so far 58.79% @ ep 13)
[21:06:24] epoch  20/100  tr_loss=0.6108  tr_acc(noisy)=78.24%  TEST=65.99%  (best so far 67.38% @ ep 18)
[21:06:36] epoch  25/100  tr_loss=0.5130  tr_acc(noisy)=81.06%  TEST=70.81%  (best so far 71.65% @ ep 22)
[21:06:47] epoch  30/100  tr_loss=0.4531  tr_acc(noisy)=84.29%  TEST=71.93%  (best so far 73.20% @ ep 27)
[21:06:58] epoch  35/100  tr_loss=0.3969  tr_acc(noisy)=85.57%  TEST=68.53%  (best so far 73.94% @ ep 31)
[21:07:10] epoch  40/100  tr_loss=0.3359  tr_acc(noisy)=88.55%  TEST=71.81%  (best so far 74.94% @ ep 39)
[21:07:21] epoch  45/100  tr_loss=0.2755  tr_acc(noisy)=90.37%  TEST=74.25%  (best so far 76.80% @ ep 44)
[21:07:32] epoch  50/100  tr_loss=0.2510  tr_acc(noisy)=91.27%  TEST=68.46%  (best so far 76.80% @ ep 44)
[21:07:43] epoch  55/100  tr_loss=0.2063  tr_acc(noisy)=92.71%  TEST=77.66%  (best so far 77.66% @ ep 55)
[21:07:55] epoch  60/100  tr_loss=0.1478  tr_acc(noisy)=94.85%  TEST=78.18%  (best so far 78.18% @ ep 60)
[21:08:07] epoch  65/100  tr_loss=0.1190  tr_acc(noisy)=95.92%  TEST=77.22%  (best so far 78.34% @ ep 64)
[21:08:18] epoch  70/100  tr_loss=0.0730  tr_acc(noisy)=97.76%  TEST=78.45%  (best so far 79.00% @ ep 66)
[21:08:29] epoch  75/100  tr_loss=0.0462  tr_acc(noisy)=98.66%  TEST=80.07%  (best so far 80.07% @ ep 75)
[21:08:41] epoch  80/100  tr_loss=0.0301  tr_acc(noisy)=99.30%  TEST=80.00%  (best so far 80.28% @ ep 77)
[21:08:52] epoch  85/100  tr_loss=0.0219  tr_acc(noisy)=99.51%  TEST=80.56%  (best so far 80.64% @ ep 83)
[21:09:03] epoch  90/100  tr_loss=0.0164  tr_acc(noisy)=99.74%  TEST=80.91%  (best so far 80.98% @ ep 87)
[21:09:16] epoch  95/100  tr_loss=0.0161  tr_acc(noisy)=99.70%  TEST=81.06%  (best so far 81.06% @ ep 95)
[21:09:27] epoch 100/100  tr_loss=0.0151  tr_acc(noisy)=99.77%  TEST=80.96%  (best so far 81.06% @ ep 95)
[21:09:27] === FINAL  best test acc = 81.06% @ epoch 95 ===
[21:09:27] saved /path/to/ciln-workspace/journal_edition/robustness_transfer/results/gu_medium__vs__snow_sev5__gu__seed0.json
[2026-05-29 21:09:29] <<< done pair=gu_medium__vs__snow_sev5 cond=gu seed=0
[2026-05-29 21:09:29] >>> pair=gu_medium__vs__snow_sev5 cond=gu seed=1
/path/to/ciln-workspace/venv/lib/python3.12/site-packages/torchvision/datasets/cifar.py:83: VisibleDeprecationWarning: dtype(): align should be passed as Python or NumPy boolean but got `align=0`. Did you mean to pass a tuple to create a subarray type? (Deprecated NumPy 2.4)
  entry = pickle.load(f, encoding="latin1")
[21:09:36] === gu_medium__vs__snow_sev5__gu__seed1  device=cuda ===
[21:09:36]   pair noise rates: {'name': 'gu_medium__vs__snow_sev5', 'gu_level': 'medium', 'gu_noise_rate': 0.11088888888888888, 'ours_setting': 'snow_sev5', 'ours_noise_rate': 0.16366666666666665, 'noise_rate_gap': 0.05277777777777777, 'n_rows': 9000}
[21:09:36]   train rows: 9000  test rows: 10000
[21:09:36]   epochs: 100  batch: 128  LR: 0.1 cosine  WD: 0.0005
[21:09:39] epoch   1/100  tr_loss=1.9692  tr_acc(noisy)=25.29%  TEST=27.03%  (best so far 27.03% @ ep 1)
[21:09:48] epoch   5/100  tr_loss=1.4040  tr_acc(noisy)=48.27%  TEST=47.35%  (best so far 47.35% @ ep 5)
[21:09:59] epoch  10/100  tr_loss=1.0213  tr_acc(noisy)=63.31%  TEST=57.31%  (best so far 57.31% @ ep 10)
[21:10:13] epoch  15/100  tr_loss=0.8008  tr_acc(noisy)=71.64%  TEST=59.98%  (best so far 59.98% @ ep 15)
[21:10:25] epoch  20/100  tr_loss=0.6066  tr_acc(noisy)=78.23%  TEST=65.43%  (best so far 66.23% @ ep 17)
[21:10:36] epoch  25/100  tr_loss=0.5499  tr_acc(noisy)=80.58%  TEST=67.72%  (best so far 68.08% @ ep 22)
[21:10:48] epoch  30/100  tr_loss=0.4589  tr_acc(noisy)=83.85%  TEST=74.85%  (best so far 74.85% @ ep 30)
[21:10:59] epoch  35/100  tr_loss=0.4203  tr_acc(noisy)=85.01%  TEST=72.91%  (best so far 74.85% @ ep 30)
[21:11:21] epoch  40/100  tr_loss=0.3304  tr_acc(noisy)=88.25%  TEST=72.94%  (best so far 74.85% @ ep 30)
[21:11:32] epoch  45/100  tr_loss=0.2963  tr_acc(noisy)=89.52%  TEST=71.82%  (best so far 74.85% @ ep 30)
[21:11:43] epoch  50/100  tr_loss=0.2394  tr_acc(noisy)=91.50%  TEST=76.50%  (best so far 76.50% @ ep 50)
[21:11:54] epoch  55/100  tr_loss=0.2034  tr_acc(noisy)=92.67%  TEST=75.26%  (best so far 76.58% @ ep 52)
[21:12:06] epoch  60/100  tr_loss=0.1535  tr_acc(noisy)=94.40%  TEST=74.08%  (best so far 76.58% @ ep 52)
[21:12:17] epoch  65/100  tr_loss=0.1163  tr_acc(noisy)=96.15%  TEST=78.28%  (best so far 78.35% @ ep 63)
[21:12:30] epoch  70/100  tr_loss=0.0677  tr_acc(noisy)=97.87%  TEST=79.41%  (best so far 79.41% @ ep 70)
[21:12:41] epoch  75/100  tr_loss=0.0419  tr_acc(noisy)=98.84%  TEST=79.83%  (best so far 80.00% @ ep 71)
[21:12:52] epoch  80/100  tr_loss=0.0278  tr_acc(noisy)=99.38%  TEST=79.88%  (best so far 80.31% @ ep 79)
[21:13:04] epoch  85/100  tr_loss=0.0206  tr_acc(noisy)=99.55%  TEST=80.18%  (best so far 80.31% @ ep 79)
[21:13:16] epoch  90/100  tr_loss=0.0156  tr_acc(noisy)=99.70%  TEST=80.67%  (best so far 80.78% @ ep 89)
[21:13:28] epoch  95/100  tr_loss=0.0138  tr_acc(noisy)=99.81%  TEST=80.82%  (best so far 80.92% @ ep 93)
[21:13:43] epoch 100/100  tr_loss=0.0137  tr_acc(noisy)=99.78%  TEST=80.78%  (best so far 80.92% @ ep 93)
[21:13:43] === FINAL  best test acc = 80.92% @ epoch 93 ===
[21:13:43] saved /path/to/ciln-workspace/journal_edition/robustness_transfer/results/gu_medium__vs__snow_sev5__gu__seed1.json
[2026-05-29 21:13:44] <<< done pair=gu_medium__vs__snow_sev5 cond=gu seed=1
[2026-05-29 21:13:44] >>> pair=gu_medium__vs__snow_sev5 cond=gu seed=2
/path/to/ciln-workspace/venv/lib/python3.12/site-packages/torchvision/datasets/cifar.py:83: VisibleDeprecationWarning: dtype(): align should be passed as Python or NumPy boolean but got `align=0`. Did you mean to pass a tuple to create a subarray type? (Deprecated NumPy 2.4)
  entry = pickle.load(f, encoding="latin1")
[21:13:51] === gu_medium__vs__snow_sev5__gu__seed2  device=cuda ===
[21:13:51]   pair noise rates: {'name': 'gu_medium__vs__snow_sev5', 'gu_level': 'medium', 'gu_noise_rate': 0.11088888888888888, 'ours_setting': 'snow_sev5', 'ours_noise_rate': 0.16366666666666665, 'noise_rate_gap': 0.05277777777777777, 'n_rows': 9000}
[21:13:51]   train rows: 9000  test rows: 10000
[21:13:51]   epochs: 100  batch: 128  LR: 0.1 cosine  WD: 0.0005
[21:13:54] epoch   1/100  tr_loss=2.0326  tr_acc(noisy)=23.77%  TEST=30.77%  (best so far 30.77% @ ep 1)
[21:14:03] epoch   5/100  tr_loss=1.3534  tr_acc(noisy)=50.51%  TEST=48.11%  (best so far 48.11% @ ep 5)
[21:14:15] epoch  10/100  tr_loss=0.9598  tr_acc(noisy)=66.33%  TEST=58.32%  (best so far 58.32% @ ep 10)
[21:14:26] epoch  15/100  tr_loss=0.7498  tr_acc(noisy)=73.52%  TEST=64.65%  (best so far 64.65% @ ep 15)
[21:14:42] epoch  20/100  tr_loss=0.6067  tr_acc(noisy)=78.54%  TEST=62.62%  (best so far 69.68% @ ep 19)
[21:14:53] epoch  25/100  tr_loss=0.5045  tr_acc(noisy)=82.14%  TEST=70.66%  (best so far 70.66% @ ep 25)
[21:15:04] epoch  30/100  tr_loss=0.4428  tr_acc(noisy)=84.51%  TEST=73.74%  (best so far 73.74% @ ep 30)
[21:15:16] epoch  35/100  tr_loss=0.3954  tr_acc(noisy)=85.70%  TEST=71.54%  (best so far 73.74% @ ep 30)
[21:15:27] epoch  40/100  tr_loss=0.3208  tr_acc(noisy)=88.17%  TEST=73.71%  (best so far 73.96% @ ep 38)
[21:15:38] epoch  45/100  tr_loss=0.2905  tr_acc(noisy)=89.61%  TEST=73.05%  (best so far 73.96% @ ep 38)
[21:15:53] epoch  50/100  tr_loss=0.2462  tr_acc(noisy)=91.64%  TEST=72.00%  (best so far 74.07% @ ep 48)
[21:16:05] epoch  55/100  tr_loss=0.1872  tr_acc(noisy)=93.50%  TEST=76.01%  (best so far 76.58% @ ep 54)
[21:16:16] epoch  60/100  tr_loss=0.1725  tr_acc(noisy)=94.05%  TEST=75.99%  (best so far 78.12% @ ep 59)
[21:16:28] epoch  65/100  tr_loss=0.1112  tr_acc(noisy)=96.26%  TEST=78.02%  (best so far 78.33% @ ep 61)
[21:16:39] epoch  70/100  tr_loss=0.0746  tr_acc(noisy)=97.58%  TEST=78.20%  (best so far 78.90% @ ep 68)
[21:16:52] epoch  75/100  tr_loss=0.0486  tr_acc(noisy)=98.53%  TEST=80.07%  (best so far 80.07% @ ep 75)
[21:17:03] epoch  80/100  tr_loss=0.0284  tr_acc(noisy)=99.29%  TEST=80.54%  (best so far 80.54% @ ep 80)
[21:17:14] epoch  85/100  tr_loss=0.0205  tr_acc(noisy)=99.60%  TEST=80.83%  (best so far 80.93% @ ep 84)
[21:17:25] epoch  90/100  tr_loss=0.0145  tr_acc(noisy)=99.81%  TEST=80.88%  (best so far 80.93% @ ep 84)
[21:17:35] epoch  95/100  tr_loss=0.0150  tr_acc(noisy)=99.75%  TEST=81.01%  (best so far 81.01% @ ep 95)
[21:17:46] epoch 100/100  tr_loss=0.0145  tr_acc(noisy)=99.81%  TEST=81.10%  (best so far 81.10% @ ep 100)
[21:17:46] === FINAL  best test acc = 81.10% @ epoch 100 ===
[21:17:47] saved /path/to/ciln-workspace/journal_edition/robustness_transfer/results/gu_medium__vs__snow_sev5__gu__seed2.json
[2026-05-29 21:17:48] <<< done pair=gu_medium__vs__snow_sev5 cond=gu seed=2
[2026-05-29 21:17:48] >>> pair=gu_medium__vs__snow_sev5 cond=ours seed=0
/path/to/ciln-workspace/venv/lib/python3.12/site-packages/torchvision/datasets/cifar.py:83: VisibleDeprecationWarning: dtype(): align should be passed as Python or NumPy boolean but got `align=0`. Did you mean to pass a tuple to create a subarray type? (Deprecated NumPy 2.4)
  entry = pickle.load(f, encoding="latin1")
[21:17:55] === gu_medium__vs__snow_sev5__ours__seed0  device=cuda ===
[21:17:55]   pair noise rates: {'name': 'gu_medium__vs__snow_sev5', 'gu_level': 'medium', 'gu_noise_rate': 0.11088888888888888, 'ours_setting': 'snow_sev5', 'ours_noise_rate': 0.16366666666666665, 'noise_rate_gap': 0.05277777777777777, 'n_rows': 9000}
[21:17:55]   train rows: 9000  test rows: 10000
[21:17:55]   epochs: 100  batch: 128  LR: 0.1 cosine  WD: 0.0005
[21:17:58] epoch   1/100  tr_loss=1.9782  tr_acc(noisy)=25.17%  TEST=25.42%  (best so far 25.42% @ ep 1)
[21:18:08] epoch   5/100  tr_loss=1.4519  tr_acc(noisy)=46.26%  TEST=39.81%  (best so far 43.30% @ ep 4)
[21:18:19] epoch  10/100  tr_loss=1.1304  tr_acc(noisy)=59.69%  TEST=53.78%  (best so far 53.78% @ ep 10)
[21:18:31] epoch  15/100  tr_loss=0.9762  tr_acc(noisy)=65.52%  TEST=59.03%  (best so far 59.03% @ ep 15)
[21:18:42] epoch  20/100  tr_loss=0.8575  tr_acc(noisy)=70.20%  TEST=62.35%  (best so far 62.35% @ ep 20)
[21:18:59] epoch  25/100  tr_loss=0.7452  tr_acc(noisy)=73.97%  TEST=68.58%  (best so far 68.58% @ ep 25)
[21:19:11] epoch  30/100  tr_loss=0.6971  tr_acc(noisy)=75.94%  TEST=64.18%  (best so far 68.58% @ ep 25)
[21:19:22] epoch  35/100  tr_loss=0.6203  tr_acc(noisy)=78.54%  TEST=67.64%  (best so far 70.71% @ ep 34)
[21:19:34] epoch  40/100  tr_loss=0.5680  tr_acc(noisy)=80.64%  TEST=68.40%  (best so far 70.71% @ ep 34)
[21:19:45] epoch  45/100  tr_loss=0.5103  tr_acc(noisy)=82.67%  TEST=61.91%  (best so far 70.71% @ ep 34)
[21:19:56] epoch  50/100  tr_loss=0.4457  tr_acc(noisy)=84.35%  TEST=72.00%  (best so far 72.00% @ ep 50)
[21:20:18] epoch  55/100  tr_loss=0.3945  tr_acc(noisy)=86.41%  TEST=69.48%  (best so far 73.39% @ ep 54)
[21:20:30] epoch  60/100  tr_loss=0.3426  tr_acc(noisy)=87.80%  TEST=69.92%  (best so far 73.39% @ ep 54)
[21:20:41] epoch  65/100  tr_loss=0.2649  tr_acc(noisy)=91.00%  TEST=70.14%  (best so far 74.26% @ ep 64)
[21:20:52] epoch  70/100  tr_loss=0.1991  tr_acc(noisy)=93.08%  TEST=71.96%  (best so far 74.26% @ ep 64)
[21:21:03] epoch  75/100  tr_loss=0.1380  tr_acc(noisy)=95.46%  TEST=72.88%  (best so far 74.26% @ ep 64)
[21:21:15] epoch  80/100  tr_loss=0.0829  tr_acc(noisy)=97.78%  TEST=73.77%  (best so far 74.35% @ ep 79)
[21:21:36] epoch  85/100  tr_loss=0.0555  tr_acc(noisy)=98.44%  TEST=74.84%  (best so far 75.01% @ ep 81)
[21:21:48] epoch  90/100  tr_loss=0.0419  tr_acc(noisy)=99.00%  TEST=75.56%  (best so far 75.58% @ ep 89)
[21:22:00] epoch  95/100  tr_loss=0.0390  tr_acc(noisy)=99.08%  TEST=75.92%  (best so far 75.92% @ ep 95)
[21:22:11] epoch 100/100  tr_loss=0.0343  tr_acc(noisy)=99.30%  TEST=75.81%  (best so far 75.92% @ ep 95)
[21:22:11] === FINAL  best test acc = 75.92% @ epoch 95 ===
[21:22:11] saved /path/to/ciln-workspace/journal_edition/robustness_transfer/results/gu_medium__vs__snow_sev5__ours__seed0.json
[2026-05-29 21:22:12] <<< done pair=gu_medium__vs__snow_sev5 cond=ours seed=0
[2026-05-29 21:22:12] >>> pair=gu_medium__vs__snow_sev5 cond=ours seed=1
/path/to/ciln-workspace/venv/lib/python3.12/site-packages/torchvision/datasets/cifar.py:83: VisibleDeprecationWarning: dtype(): align should be passed as Python or NumPy boolean but got `align=0`. Did you mean to pass a tuple to create a subarray type? (Deprecated NumPy 2.4)
  entry = pickle.load(f, encoding="latin1")
[21:22:20] === gu_medium__vs__snow_sev5__ours__seed1  device=cuda ===
[21:22:20]   pair noise rates: {'name': 'gu_medium__vs__snow_sev5', 'gu_level': 'medium', 'gu_noise_rate': 0.11088888888888888, 'ours_setting': 'snow_sev5', 'ours_noise_rate': 0.16366666666666665, 'noise_rate_gap': 0.05277777777777777, 'n_rows': 9000}
[21:22:20]   train rows: 9000  test rows: 10000
[21:22:20]   epochs: 100  batch: 128  LR: 0.1 cosine  WD: 0.0005
[21:22:23] epoch   1/100  tr_loss=1.9847  tr_acc(noisy)=26.06%  TEST=24.44%  (best so far 24.44% @ ep 1)
[21:22:39] epoch   5/100  tr_loss=1.4854  tr_acc(noisy)=44.78%  TEST=38.27%  (best so far 38.27% @ ep 5)
[21:22:50] epoch  10/100  tr_loss=1.1896  tr_acc(noisy)=57.06%  TEST=52.02%  (best so far 54.47% @ ep 9)
[21:23:01] epoch  15/100  tr_loss=1.0014  tr_acc(noisy)=64.45%  TEST=56.67%  (best so far 56.67% @ ep 15)
[21:23:12] epoch  20/100  tr_loss=0.8820  tr_acc(noisy)=69.04%  TEST=60.07%  (best so far 60.07% @ ep 20)
[21:23:24] epoch  25/100  tr_loss=0.7656  tr_acc(noisy)=74.19%  TEST=66.96%  (best so far 66.96% @ ep 25)
[21:23:35] epoch  30/100  tr_loss=0.7015  tr_acc(noisy)=75.69%  TEST=67.17%  (best so far 67.17% @ ep 30)
[21:23:47] epoch  35/100  tr_loss=0.6299  tr_acc(noisy)=78.53%  TEST=66.69%  (best so far 67.42% @ ep 32)
[21:23:58] epoch  40/100  tr_loss=0.5719  tr_acc(noisy)=79.96%  TEST=70.04%  (best so far 70.04% @ ep 40)
[21:24:10] epoch  45/100  tr_loss=0.5187  tr_acc(noisy)=82.21%  TEST=69.46%  (best so far 70.10% @ ep 41)
[21:24:22] epoch  50/100  tr_loss=0.4392  tr_acc(noisy)=84.70%  TEST=70.24%  (best so far 71.20% @ ep 46)
[21:24:33] epoch  55/100  tr_loss=0.3805  tr_acc(noisy)=86.61%  TEST=69.36%  (best so far 72.36% @ ep 52)
[21:24:47] epoch  60/100  tr_loss=0.3213  tr_acc(noisy)=88.91%  TEST=70.78%  (best so far 72.36% @ ep 52)
[21:24:59] epoch  65/100  tr_loss=0.2566  tr_acc(noisy)=91.45%  TEST=70.50%  (best so far 73.31% @ ep 61)
[21:25:12] epoch  70/100  tr_loss=0.1895  tr_acc(noisy)=93.71%  TEST=70.00%  (best so far 73.98% @ ep 68)
[21:25:24] epoch  75/100  tr_loss=0.1199  tr_acc(noisy)=96.22%  TEST=73.35%  (best so far 73.98% @ ep 68)
[21:25:35] epoch  80/100  tr_loss=0.0756  tr_acc(noisy)=97.75%  TEST=73.95%  (best so far 74.64% @ ep 77)
[21:25:52] epoch  85/100  tr_loss=0.0514  tr_acc(noisy)=98.68%  TEST=74.22%  (best so far 74.64% @ ep 77)
[21:26:04] epoch  90/100  tr_loss=0.0388  tr_acc(noisy)=99.22%  TEST=74.55%  (best so far 74.98% @ ep 86)
[21:26:16] epoch  95/100  tr_loss=0.0315  tr_acc(noisy)=99.54%  TEST=74.91%  (best so far 74.98% @ ep 86)
[21:26:27] epoch 100/100  tr_loss=0.0310  tr_acc(noisy)=99.40%  TEST=74.82%  (best so far 75.02% @ ep 98)
[21:26:27] === FINAL  best test acc = 75.02% @ epoch 98 ===
[21:26:27] saved /path/to/ciln-workspace/journal_edition/robustness_transfer/results/gu_medium__vs__snow_sev5__ours__seed1.json
[2026-05-29 21:26:29] <<< done pair=gu_medium__vs__snow_sev5 cond=ours seed=1
[2026-05-29 21:26:29] >>> pair=gu_medium__vs__snow_sev5 cond=ours seed=2
/path/to/ciln-workspace/venv/lib/python3.12/site-packages/torchvision/datasets/cifar.py:83: VisibleDeprecationWarning: dtype(): align should be passed as Python or NumPy boolean but got `align=0`. Did you mean to pass a tuple to create a subarray type? (Deprecated NumPy 2.4)
  entry = pickle.load(f, encoding="latin1")
[21:26:36] === gu_medium__vs__snow_sev5__ours__seed2  device=cuda ===
[21:26:36]   pair noise rates: {'name': 'gu_medium__vs__snow_sev5', 'gu_level': 'medium', 'gu_noise_rate': 0.11088888888888888, 'ours_setting': 'snow_sev5', 'ours_noise_rate': 0.16366666666666665, 'noise_rate_gap': 0.05277777777777777, 'n_rows': 9000}
[21:26:36]   train rows: 9000  test rows: 10000
[21:26:36]   epochs: 100  batch: 128  LR: 0.1 cosine  WD: 0.0005
[21:26:39] epoch   1/100  tr_loss=2.0196  tr_acc(noisy)=25.04%  TEST=24.96%  (best so far 24.96% @ ep 1)
[21:26:49] epoch   5/100  tr_loss=1.4472  tr_acc(noisy)=46.00%  TEST=45.30%  (best so far 45.30% @ ep 5)
[21:27:05] epoch  10/100  tr_loss=1.1310  tr_acc(noisy)=59.72%  TEST=48.48%  (best so far 48.48% @ ep 10)
[21:27:16] epoch  15/100  tr_loss=0.9468  tr_acc(noisy)=67.01%  TEST=61.57%  (best so far 62.24% @ ep 14)
[21:27:28] epoch  20/100  tr_loss=0.8083  tr_acc(noisy)=71.92%  TEST=56.51%  (best so far 65.93% @ ep 18)
[21:27:39] epoch  25/100  tr_loss=0.7218  tr_acc(noisy)=75.16%  TEST=70.01%  (best so far 70.01% @ ep 25)
[21:27:50] epoch  30/100  tr_loss=0.6691  tr_acc(noisy)=76.40%  TEST=65.27%  (best so far 70.01% @ ep 25)
[21:28:01] epoch  35/100  tr_loss=0.6054  tr_acc(noisy)=79.13%  TEST=71.74%  (best so far 71.74% @ ep 35)
[21:28:16] epoch  40/100  tr_loss=0.5520  tr_acc(noisy)=80.97%  TEST=67.54%  (best so far 71.74% @ ep 35)
[21:28:27] epoch  45/100  tr_loss=0.5024  tr_acc(noisy)=82.23%  TEST=68.73%  (best so far 71.74% @ ep 35)
[21:28:39] epoch  50/100  tr_loss=0.4228  tr_acc(noisy)=85.46%  TEST=72.86%  (best so far 72.86% @ ep 50)
[21:28:50] epoch  55/100  tr_loss=0.3750  tr_acc(noisy)=87.04%  TEST=70.71%  (best so far 72.86% @ ep 50)
[21:29:01] epoch  60/100  tr_loss=0.3230  tr_acc(noisy)=89.04%  TEST=70.10%  (best so far 72.93% @ ep 56)
[21:29:13] epoch  65/100  tr_loss=0.2353  tr_acc(noisy)=91.84%  TEST=69.57%  (best so far 73.04% @ ep 61)
[21:29:25] epoch  70/100  tr_loss=0.1985  tr_acc(noisy)=93.19%  TEST=71.96%  (best so far 73.94% @ ep 67)
[21:29:36] epoch  75/100  tr_loss=0.1324  tr_acc(noisy)=95.66%  TEST=74.90%  (best so far 74.90% @ ep 75)
[21:29:47] epoch  80/100  tr_loss=0.0832  tr_acc(noisy)=97.41%  TEST=74.19%  (best so far 74.90% @ ep 75)
[21:29:59] epoch  85/100  tr_loss=0.0516  tr_acc(noisy)=98.66%  TEST=75.41%  (best so far 75.56% @ ep 84)
[21:30:11] epoch  90/100  tr_loss=0.0410  tr_acc(noisy)=98.97%  TEST=75.74%  (best so far 75.74% @ ep 90)
[21:30:22] epoch  95/100  tr_loss=0.0328  tr_acc(noisy)=99.48%  TEST=75.56%  (best so far 75.74% @ ep 90)
[21:30:34] epoch 100/100  tr_loss=0.0333  tr_acc(noisy)=99.36%  TEST=75.38%  (best so far 75.74% @ ep 90)
[21:30:34] === FINAL  best test acc = 75.74% @ epoch 90 ===
[21:30:34] saved /path/to/ciln-workspace/journal_edition/robustness_transfer/results/gu_medium__vs__snow_sev5__ours__seed2.json
[2026-05-29 21:30:35] <<< done pair=gu_medium__vs__snow_sev5 cond=ours seed=2
[2026-05-29 21:30:35] extra queue done
