[worker gpu=2] manifest=mnist_grid.csv
[worker gpu=2] START impulse_noise_sev5/S/erm/clean/seed1
[worker gpu=2] DONE impulse_noise_sev5/S/erm/clean/seed1  (150.6s)
[worker gpu=2] START impulse_noise_sev5/S/erm/noisy/seed0
[worker gpu=2] DONE impulse_noise_sev5/S/erm/noisy/seed0  (175.7s)
[worker gpu=2] START impulse_noise_sev5/S/erm/noisy/seed1
[worker gpu=2] DONE impulse_noise_sev5/S/erm/noisy/seed1  (189.8s)
[worker gpu=2] START impulse_noise_sev5/S/coteaching/clean/seed0
[worker gpu=2] DONE impulse_noise_sev5/S/coteaching/clean/seed0  (277.0s)
[worker gpu=2] START impulse_noise_sev5/S/coteaching/clean/seed2
[worker gpu=2] DONE impulse_noise_sev5/S/coteaching/clean/seed2  (305.5s)
[worker gpu=2] START impulse_noise_sev5/S/coteaching/noisy/seed2
[worker gpu=2] DONE impulse_noise_sev5/S/coteaching/noisy/seed2  (512.3s)
[worker gpu=2] START impulse_noise_sev5/S/dividemix/clean/seed0
[worker gpu=2] DONE impulse_noise_sev5/S/dividemix/clean/seed0  (363.2s)
[worker gpu=2] START impulse_noise_sev5/S/dividemix/noisy/seed0
[worker gpu=2] DONE impulse_noise_sev5/S/dividemix/noisy/seed0  (442.5s)
[worker gpu=2] START impulse_noise_sev5/S/dividemix/noisy/seed2
[worker gpu=2] DONE impulse_noise_sev5/S/dividemix/noisy/seed2  (423.1s)
[worker gpu=2] START impulse_noise_sev5/C/erm/clean/seed2
[worker gpu=2] DONE impulse_noise_sev5/C/erm/clean/seed2  (145.2s)
[worker gpu=2] START impulse_noise_sev5/C/erm/noisy/seed1
[worker gpu=2] DONE impulse_noise_sev5/C/erm/noisy/seed1  (211.3s)
[worker gpu=2] START impulse_noise_sev5/C/coteaching/clean/seed0
[worker gpu=2] DONE impulse_noise_sev5/C/coteaching/clean/seed0  (270.8s)
[worker gpu=2] START impulse_noise_sev5/C/coteaching/clean/seed2
[worker gpu=2] DONE impulse_noise_sev5/C/coteaching/clean/seed2  (267.6s)
[worker gpu=2] START impulse_noise_sev5/C/coteaching/noisy/seed1
[worker gpu=2] DONE impulse_noise_sev5/C/coteaching/noisy/seed1  (332.8s)
[worker gpu=2] START impulse_noise_sev5/C/dividemix/clean/seed0
[worker gpu=2] DONE impulse_noise_sev5/C/dividemix/clean/seed0  (418.6s)
[worker gpu=2] START impulse_noise_sev5/C/dividemix/clean/seed2
[worker gpu=2] DONE impulse_noise_sev5/C/dividemix/clean/seed2  (362.7s)
[worker gpu=2] START impulse_noise_sev5/C/dividemix/noisy/seed1
[worker gpu=2] DONE impulse_noise_sev5/C/dividemix/noisy/seed1  (406.9s)
[worker gpu=2] START glass_blur_sev5/S/erm/clean/seed0
[worker gpu=2] DONE glass_blur_sev5/S/erm/clean/seed0  (146.0s)
[worker gpu=2] START glass_blur_sev5/S/erm/clean/seed2
[worker gpu=2] DONE glass_blur_sev5/S/erm/clean/seed2  (162.8s)
[worker gpu=2] START glass_blur_sev5/S/erm/noisy/seed1
[worker gpu=2] DONE glass_blur_sev5/S/erm/noisy/seed1  (145.9s)
[worker gpu=2] START glass_blur_sev5/S/coteaching/clean/seed0
[worker gpu=2] DONE glass_blur_sev5/S/coteaching/clean/seed0  (276.4s)
[worker gpu=2] START glass_blur_sev5/S/coteaching/clean/seed2
[worker gpu=2] DONE glass_blur_sev5/S/coteaching/clean/seed2  (359.0s)
[worker gpu=2] START glass_blur_sev5/S/coteaching/noisy/seed1
[worker gpu=2] DONE glass_blur_sev5/S/coteaching/noisy/seed1  (285.5s)
[worker gpu=2] START glass_blur_sev5/S/dividemix/clean/seed0
[worker gpu=2] DONE glass_blur_sev5/S/dividemix/clean/seed0  (449.2s)
[worker gpu=2] START glass_blur_sev5/S/dividemix/clean/seed2
[worker gpu=2] DONE glass_blur_sev5/S/dividemix/clean/seed2  (375.8s)
[worker gpu=2] START glass_blur_sev5/S/dividemix/noisy/seed1
[worker gpu=2] DONE glass_blur_sev5/S/dividemix/noisy/seed1  (448.6s)
[worker gpu=2] START glass_blur_sev5/C/erm/clean/seed0
[worker gpu=2] DONE glass_blur_sev5/C/erm/clean/seed0  (143.1s)
[worker gpu=2] START glass_blur_sev5/C/erm/clean/seed2
[worker gpu=2] DONE glass_blur_sev5/C/erm/clean/seed2  (146.7s)
[worker gpu=2] START glass_blur_sev5/C/erm/noisy/seed1
[worker gpu=2] DONE glass_blur_sev5/C/erm/noisy/seed1  (152.9s)
[worker gpu=2] START glass_blur_sev5/C/coteaching/clean/seed0
[worker gpu=2] DONE glass_blur_sev5/C/coteaching/clean/seed0  (335.5s)
[worker gpu=2] START glass_blur_sev5/C/coteaching/clean/seed2
[worker gpu=2] DONE glass_blur_sev5/C/coteaching/clean/seed2  (300.5s)
[worker gpu=2] START glass_blur_sev5/C/coteaching/noisy/seed1
[worker gpu=2] DONE glass_blur_sev5/C/coteaching/noisy/seed1  (387.3s)
[worker gpu=2] START glass_blur_sev5/C/dividemix/clean/seed0
[worker gpu=2] DONE glass_blur_sev5/C/dividemix/clean/seed0  (373.6s)
[worker gpu=2] START glass_blur_sev5/C/dividemix/clean/seed2
[worker gpu=2] DONE glass_blur_sev5/C/dividemix/clean/seed2  (459.2s)
[worker gpu=2] START glass_blur_sev5/C/dividemix/noisy/seed1
[worker gpu=2] DONE glass_blur_sev5/C/dividemix/noisy/seed1  (445.4s)
[worker gpu=2] START rotate_sev5/S/erm/clean/seed0
[worker gpu=2] DONE rotate_sev5/S/erm/clean/seed0  (162.6s)
[worker gpu=2] START rotate_sev5/S/erm/clean/seed2
[worker gpu=2] DONE rotate_sev5/S/erm/clean/seed2  (164.2s)
[worker gpu=2] START rotate_sev5/S/erm/noisy/seed1
[worker gpu=2] DONE rotate_sev5/S/erm/noisy/seed1  (148.3s)
[worker gpu=2] START rotate_sev5/S/coteaching/clean/seed0
[worker gpu=2] DONE rotate_sev5/S/coteaching/clean/seed0  (399.6s)
[worker gpu=2] START rotate_sev5/S/coteaching/clean/seed2
[worker gpu=2] DONE rotate_sev5/S/coteaching/clean/seed2  (298.6s)
[worker gpu=2] START rotate_sev5/S/coteaching/noisy/seed1
[worker gpu=2] DONE rotate_sev5/S/coteaching/noisy/seed1  (292.4s)
[worker gpu=2] START rotate_sev5/S/dividemix/clean/seed0
[worker gpu=2] DONE rotate_sev5/S/dividemix/clean/seed0  (359.9s)
[worker gpu=2] START rotate_sev5/S/dividemix/clean/seed2
[worker gpu=2] DONE rotate_sev5/S/dividemix/clean/seed2  (363.9s)
[worker gpu=2] START rotate_sev5/S/dividemix/noisy/seed1
[worker gpu=2] DONE rotate_sev5/S/dividemix/noisy/seed1  (354.9s)
[worker gpu=2] START rotate_sev5/C/erm/clean/seed0
[worker gpu=2] DONE rotate_sev5/C/erm/clean/seed0  (141.2s)
[worker gpu=2] START rotate_sev5/C/erm/clean/seed2
[worker gpu=2] DONE rotate_sev5/C/erm/clean/seed2  (191.5s)
[worker gpu=2] START rotate_sev5/C/erm/noisy/seed1
[worker gpu=2] DONE rotate_sev5/C/erm/noisy/seed1  (150.9s)
[worker gpu=2] START rotate_sev5/C/coteaching/clean/seed0
[worker gpu=2] DONE rotate_sev5/C/coteaching/clean/seed0  (291.0s)
[worker gpu=2] START rotate_sev5/C/coteaching/clean/seed2
[worker gpu=2] DONE rotate_sev5/C/coteaching/clean/seed2  (323.2s)
[worker gpu=2] START rotate_sev5/C/coteaching/noisy/seed1
[worker gpu=2] DONE rotate_sev5/C/coteaching/noisy/seed1  (360.2s)
[worker gpu=2] START rotate_sev5/C/dividemix/clean/seed0
[worker gpu=2] DONE rotate_sev5/C/dividemix/clean/seed0  (349.9s)
[worker gpu=2] START rotate_sev5/C/dividemix/clean/seed2
[worker gpu=2] DONE rotate_sev5/C/dividemix/clean/seed2  (353.9s)
[worker gpu=2] START rotate_sev5/C/dividemix/noisy/seed1
[worker gpu=2] DONE rotate_sev5/C/dividemix/noisy/seed1  (348.3s)
[worker gpu=2] START fog_sev5/S/erm/clean/seed0
[worker gpu=2] DONE fog_sev5/S/erm/clean/seed0  (148.9s)
[worker gpu=2] START fog_sev5/S/erm/clean/seed2
[worker gpu=2] DONE fog_sev5/S/erm/clean/seed2  (153.8s)
[worker gpu=2] START fog_sev5/S/erm/noisy/seed1
[worker gpu=2] DONE fog_sev5/S/erm/noisy/seed1  (173.5s)
[worker gpu=2] START fog_sev5/S/coteaching/clean/seed0
[worker gpu=2] DONE fog_sev5/S/coteaching/clean/seed0  (302.9s)
[worker gpu=2] START fog_sev5/S/coteaching/clean/seed2
[worker gpu=2] DONE fog_sev5/S/coteaching/clean/seed2  (280.7s)
[worker gpu=2] START fog_sev5/S/coteaching/noisy/seed1
[worker gpu=2] DONE fog_sev5/S/coteaching/noisy/seed1  (402.9s)
[worker gpu=2] START fog_sev5/S/dividemix/clean/seed0
[worker gpu=2] DONE fog_sev5/S/dividemix/clean/seed0  (389.0s)
[worker gpu=2] START fog_sev5/S/dividemix/clean/seed2
[worker gpu=2] DONE fog_sev5/S/dividemix/clean/seed2  (375.0s)
[worker gpu=2] START fog_sev5/S/dividemix/noisy/seed1
[worker gpu=2] DONE fog_sev5/S/dividemix/noisy/seed1  (385.4s)
[worker gpu=2] START fog_sev5/C/erm/clean/seed0
[worker gpu=2] DONE fog_sev5/C/erm/clean/seed0  (152.6s)
[worker gpu=2] START fog_sev5/C/erm/clean/seed2
[worker gpu=2] DONE fog_sev5/C/erm/clean/seed2  (159.1s)
[worker gpu=2] START fog_sev5/C/erm/noisy/seed1
[worker gpu=2] DONE fog_sev5/C/erm/noisy/seed1  (163.2s)
[worker gpu=2] START fog_sev5/C/coteaching/clean/seed0
[worker gpu=2] DONE fog_sev5/C/coteaching/clean/seed0  (286.5s)
[worker gpu=2] START fog_sev5/C/coteaching/clean/seed2
[worker gpu=2] DONE fog_sev5/C/coteaching/clean/seed2  (368.7s)
[worker gpu=2] START fog_sev5/C/coteaching/noisy/seed1
[worker gpu=2] DONE fog_sev5/C/coteaching/noisy/seed1  (268.7s)
[worker gpu=2] START fog_sev5/C/dividemix/clean/seed0
[worker gpu=2] DONE fog_sev5/C/dividemix/clean/seed0  (380.9s)
[worker gpu=2] START fog_sev5/C/dividemix/clean/seed2
[worker gpu=2] DONE fog_sev5/C/dividemix/clean/seed2  (379.5s)
[worker gpu=2] START fog_sev5/C/dividemix/noisy/seed1
[worker gpu=2] DONE fog_sev5/C/dividemix/noisy/seed1  (367.8s)
[worker gpu=2] START canny_edges_sev1/S/erm/clean/seed0
[worker gpu=2] DONE canny_edges_sev1/S/erm/clean/seed0  (145.8s)
[worker gpu=2] START canny_edges_sev1/S/erm/clean/seed2
[worker gpu=2] DONE canny_edges_sev1/S/erm/clean/seed2  (217.7s)
[worker gpu=2] START canny_edges_sev1/S/erm/noisy/seed1
[worker gpu=2] DONE canny_edges_sev1/S/erm/noisy/seed1  (168.6s)
[worker gpu=2] START canny_edges_sev1/S/coteaching/clean/seed0
[worker gpu=2] DONE canny_edges_sev1/S/coteaching/clean/seed0  (271.9s)
[worker gpu=2] START canny_edges_sev1/S/coteaching/clean/seed2
[worker gpu=2] DONE canny_edges_sev1/S/coteaching/clean/seed2  (290.5s)
[worker gpu=2] START canny_edges_sev1/S/coteaching/noisy/seed1
[worker gpu=2] DONE canny_edges_sev1/S/coteaching/noisy/seed1  (271.3s)
[worker gpu=2] START canny_edges_sev1/S/dividemix/clean/seed0
[worker gpu=2] DONE canny_edges_sev1/S/dividemix/clean/seed0  (390.8s)
[worker gpu=2] START canny_edges_sev1/S/dividemix/clean/seed2
[worker gpu=2] DONE canny_edges_sev1/S/dividemix/clean/seed2  (381.0s)
[worker gpu=2] START canny_edges_sev1/S/dividemix/noisy/seed1
[worker gpu=2] DONE canny_edges_sev1/S/dividemix/noisy/seed1  (428.2s)
[worker gpu=2] START canny_edges_sev1/C/erm/clean/seed0
[worker gpu=2] DONE canny_edges_sev1/C/erm/clean/seed0  (150.6s)
[worker gpu=2] START canny_edges_sev1/C/erm/clean/seed2
[worker gpu=2] DONE canny_edges_sev1/C/erm/clean/seed2  (188.2s)
[worker gpu=2] START canny_edges_sev1/C/erm/noisy/seed1
[worker gpu=2] DONE canny_edges_sev1/C/erm/noisy/seed1  (155.6s)
[worker gpu=2] START canny_edges_sev1/C/coteaching/clean/seed0
[worker gpu=2] DONE canny_edges_sev1/C/coteaching/clean/seed0  (370.2s)
[worker gpu=2] START canny_edges_sev1/C/coteaching/clean/seed2
[worker gpu=2] DONE canny_edges_sev1/C/coteaching/clean/seed2  (299.8s)
[worker gpu=2] START canny_edges_sev1/C/coteaching/noisy/seed1
[worker gpu=2] DONE canny_edges_sev1/C/coteaching/noisy/seed1  (307.8s)
[worker gpu=2] START canny_edges_sev1/C/dividemix/clean/seed0
[worker gpu=2] DONE canny_edges_sev1/C/dividemix/clean/seed0  (393.7s)
[worker gpu=2] START canny_edges_sev1/C/dividemix/clean/seed2
[worker gpu=2] DONE canny_edges_sev1/C/dividemix/clean/seed2  (391.4s)
[worker gpu=2] START canny_edges_sev1/C/dividemix/noisy/seed1
[worker gpu=2] DONE canny_edges_sev1/C/dividemix/noisy/seed1  (352.6s)
[worker gpu=2] no pending rows, done
