[worker gpu=1] manifest=mnist_grid.csv
[worker gpu=1] START impulse_noise_sev5/S/erm/clean/seed0
[worker gpu=1] DONE impulse_noise_sev5/S/erm/clean/seed0  (152.5s)
[worker gpu=1] START impulse_noise_sev5/S/erm/clean/seed2
[worker gpu=1] DONE impulse_noise_sev5/S/erm/clean/seed2  (176.2s)
[worker gpu=1] START impulse_noise_sev5/S/erm/noisy/seed2
[worker gpu=1] DONE impulse_noise_sev5/S/erm/noisy/seed2  (190.5s)
[worker gpu=1] START impulse_noise_sev5/S/coteaching/clean/seed1
[worker gpu=1] DONE impulse_noise_sev5/S/coteaching/clean/seed1  (276.9s)
[worker gpu=1] START impulse_noise_sev5/S/coteaching/noisy/seed0
[worker gpu=1] DONE impulse_noise_sev5/S/coteaching/noisy/seed0  (302.4s)
[worker gpu=1] START impulse_noise_sev5/S/coteaching/noisy/seed1
[worker gpu=1] DONE impulse_noise_sev5/S/coteaching/noisy/seed1  (516.1s)
[worker gpu=1] START impulse_noise_sev5/S/dividemix/clean/seed1
[worker gpu=1] DONE impulse_noise_sev5/S/dividemix/clean/seed1  (356.9s)
[worker gpu=1] START impulse_noise_sev5/S/dividemix/clean/seed2
[worker gpu=1] DONE impulse_noise_sev5/S/dividemix/clean/seed2  (363.4s)
[worker gpu=1] START impulse_noise_sev5/S/dividemix/noisy/seed1
[worker gpu=1] DONE impulse_noise_sev5/S/dividemix/noisy/seed1  (347.2s)
[worker gpu=1] START impulse_noise_sev5/C/erm/clean/seed0
[worker gpu=1] DONE impulse_noise_sev5/C/erm/clean/seed0  (142.1s)
[worker gpu=1] START impulse_noise_sev5/C/erm/clean/seed1
[worker gpu=1] DONE impulse_noise_sev5/C/erm/clean/seed1  (147.3s)
[worker gpu=1] START impulse_noise_sev5/C/erm/noisy/seed0
[worker gpu=1] DONE impulse_noise_sev5/C/erm/noisy/seed0  (213.1s)
[worker gpu=1] START impulse_noise_sev5/C/erm/noisy/seed2
[worker gpu=1] DONE impulse_noise_sev5/C/erm/noisy/seed2  (152.4s)
[worker gpu=1] START impulse_noise_sev5/C/coteaching/clean/seed1
[worker gpu=1] DONE impulse_noise_sev5/C/coteaching/clean/seed1  (273.3s)
[worker gpu=1] START impulse_noise_sev5/C/coteaching/noisy/seed0
[worker gpu=1] DONE impulse_noise_sev5/C/coteaching/noisy/seed0  (277.1s)
[worker gpu=1] START impulse_noise_sev5/C/coteaching/noisy/seed2
[worker gpu=1] DONE impulse_noise_sev5/C/coteaching/noisy/seed2  (322.1s)
[worker gpu=1] START impulse_noise_sev5/C/dividemix/clean/seed1
[worker gpu=1] DONE impulse_noise_sev5/C/dividemix/clean/seed1  (358.6s)
[worker gpu=1] START impulse_noise_sev5/C/dividemix/noisy/seed0
[worker gpu=1] DONE impulse_noise_sev5/C/dividemix/noisy/seed0  (352.7s)
[worker gpu=1] START impulse_noise_sev5/C/dividemix/noisy/seed2
[worker gpu=1] DONE impulse_noise_sev5/C/dividemix/noisy/seed2  (411.9s)
[worker gpu=1] START glass_blur_sev5/S/erm/clean/seed1
[worker gpu=1] DONE glass_blur_sev5/S/erm/clean/seed1  (162.3s)
[worker gpu=1] START glass_blur_sev5/S/erm/noisy/seed0
[worker gpu=1] DONE glass_blur_sev5/S/erm/noisy/seed0  (144.7s)
[worker gpu=1] START glass_blur_sev5/S/erm/noisy/seed2
[worker gpu=1] DONE glass_blur_sev5/S/erm/noisy/seed2  (149.4s)
[worker gpu=1] START glass_blur_sev5/S/coteaching/clean/seed1
[worker gpu=1] DONE glass_blur_sev5/S/coteaching/clean/seed1  (279.7s)
[worker gpu=1] START glass_blur_sev5/S/coteaching/noisy/seed0
[worker gpu=1] DONE glass_blur_sev5/S/coteaching/noisy/seed0  (358.5s)
[worker gpu=1] START glass_blur_sev5/S/coteaching/noisy/seed2
[worker gpu=1] DONE glass_blur_sev5/S/coteaching/noisy/seed2  (279.6s)
[worker gpu=1] START glass_blur_sev5/S/dividemix/clean/seed1
[worker gpu=1] DONE glass_blur_sev5/S/dividemix/clean/seed1  (397.3s)
[worker gpu=1] START glass_blur_sev5/S/dividemix/noisy/seed0
[worker gpu=1] DONE glass_blur_sev5/S/dividemix/noisy/seed0  (439.2s)
[worker gpu=1] START glass_blur_sev5/S/dividemix/noisy/seed2
[worker gpu=1] DONE glass_blur_sev5/S/dividemix/noisy/seed2  (446.7s)
[worker gpu=1] START glass_blur_sev5/C/erm/clean/seed1
[worker gpu=1] DONE glass_blur_sev5/C/erm/clean/seed1  (147.7s)
[worker gpu=1] START glass_blur_sev5/C/erm/noisy/seed0
[worker gpu=1] DONE glass_blur_sev5/C/erm/noisy/seed0  (159.2s)
[worker gpu=1] START glass_blur_sev5/C/erm/noisy/seed2
[worker gpu=1] DONE glass_blur_sev5/C/erm/noisy/seed2  (140.0s)
[worker gpu=1] START glass_blur_sev5/C/coteaching/clean/seed1
[worker gpu=1] DONE glass_blur_sev5/C/coteaching/clean/seed1  (377.8s)
[worker gpu=1] START glass_blur_sev5/C/coteaching/noisy/seed0
[worker gpu=1] DONE glass_blur_sev5/C/coteaching/noisy/seed0  (266.3s)
[worker gpu=1] START glass_blur_sev5/C/coteaching/noisy/seed2
[worker gpu=1] DONE glass_blur_sev5/C/coteaching/noisy/seed2  (381.6s)
[worker gpu=1] START glass_blur_sev5/C/dividemix/clean/seed1
[worker gpu=1] DONE glass_blur_sev5/C/dividemix/clean/seed1  (356.6s)
[worker gpu=1] START glass_blur_sev5/C/dividemix/noisy/seed0
[worker gpu=1] DONE glass_blur_sev5/C/dividemix/noisy/seed0  (448.3s)
[worker gpu=1] START glass_blur_sev5/C/dividemix/noisy/seed2
[worker gpu=1] DONE glass_blur_sev5/C/dividemix/noisy/seed2  (439.5s)
[worker gpu=1] START rotate_sev5/S/erm/clean/seed1
[worker gpu=1] DONE rotate_sev5/S/erm/clean/seed1  (160.6s)
[worker gpu=1] START rotate_sev5/S/erm/noisy/seed0
[worker gpu=1] DONE rotate_sev5/S/erm/noisy/seed0  (161.1s)
[worker gpu=1] START rotate_sev5/S/erm/noisy/seed2
[worker gpu=1] DONE rotate_sev5/S/erm/noisy/seed2  (148.3s)
[worker gpu=1] START rotate_sev5/S/coteaching/clean/seed1
[worker gpu=1] DONE rotate_sev5/S/coteaching/clean/seed1  (395.0s)
[worker gpu=1] START rotate_sev5/S/coteaching/noisy/seed0
[worker gpu=1] DONE rotate_sev5/S/coteaching/noisy/seed0  (310.5s)
[worker gpu=1] START rotate_sev5/S/coteaching/noisy/seed2
[worker gpu=1] DONE rotate_sev5/S/coteaching/noisy/seed2  (275.1s)
[worker gpu=1] START rotate_sev5/S/dividemix/clean/seed1
[worker gpu=1] DONE rotate_sev5/S/dividemix/clean/seed1  (405.2s)
[worker gpu=1] START rotate_sev5/S/dividemix/noisy/seed0
[worker gpu=1] DONE rotate_sev5/S/dividemix/noisy/seed0  (372.4s)
[worker gpu=1] START rotate_sev5/S/dividemix/noisy/seed2
[worker gpu=1] DONE rotate_sev5/S/dividemix/noisy/seed2  (345.9s)
[worker gpu=1] START rotate_sev5/C/erm/clean/seed1
[worker gpu=1] DONE rotate_sev5/C/erm/clean/seed1  (150.6s)
[worker gpu=1] START rotate_sev5/C/erm/noisy/seed0
[worker gpu=1] DONE rotate_sev5/C/erm/noisy/seed0  (189.6s)
[worker gpu=1] START rotate_sev5/C/erm/noisy/seed2
[worker gpu=1] DONE rotate_sev5/C/erm/noisy/seed2  (153.2s)
[worker gpu=1] START rotate_sev5/C/coteaching/clean/seed1
[worker gpu=1] DONE rotate_sev5/C/coteaching/clean/seed1  (345.6s)
[worker gpu=1] START rotate_sev5/C/coteaching/noisy/seed0
[worker gpu=1] DONE rotate_sev5/C/coteaching/noisy/seed0  (297.2s)
[worker gpu=1] START rotate_sev5/C/coteaching/noisy/seed2
[worker gpu=1] DONE rotate_sev5/C/coteaching/noisy/seed2  (327.6s)
[worker gpu=1] START rotate_sev5/C/dividemix/clean/seed1
[worker gpu=1] DONE rotate_sev5/C/dividemix/clean/seed1  (349.9s)
[worker gpu=1] START rotate_sev5/C/dividemix/noisy/seed0
[worker gpu=1] DONE rotate_sev5/C/dividemix/noisy/seed0  (350.3s)
[worker gpu=1] START rotate_sev5/C/dividemix/noisy/seed2
[worker gpu=1] DONE rotate_sev5/C/dividemix/noisy/seed2  (339.9s)
[worker gpu=1] START fog_sev5/S/erm/clean/seed1
[worker gpu=1] DONE fog_sev5/S/erm/clean/seed1  (154.2s)
[worker gpu=1] START fog_sev5/S/erm/noisy/seed0
[worker gpu=1] DONE fog_sev5/S/erm/noisy/seed0  (154.6s)
[worker gpu=1] START fog_sev5/S/erm/noisy/seed2
[worker gpu=1] DONE fog_sev5/S/erm/noisy/seed2  (167.1s)
[worker gpu=1] START fog_sev5/S/coteaching/clean/seed1
[worker gpu=1] DONE fog_sev5/S/coteaching/clean/seed1  (316.3s)
[worker gpu=1] START fog_sev5/S/coteaching/noisy/seed0
[worker gpu=1] DONE fog_sev5/S/coteaching/noisy/seed0  (267.0s)
[worker gpu=1] START fog_sev5/S/coteaching/noisy/seed2
[worker gpu=1] DONE fog_sev5/S/coteaching/noisy/seed2  (397.7s)
[worker gpu=1] START fog_sev5/S/dividemix/clean/seed1
[worker gpu=1] DONE fog_sev5/S/dividemix/clean/seed1  (381.7s)
[worker gpu=1] START fog_sev5/S/dividemix/noisy/seed0
[worker gpu=1] DONE fog_sev5/S/dividemix/noisy/seed0  (380.1s)
[worker gpu=1] START fog_sev5/S/dividemix/noisy/seed2
[worker gpu=1] DONE fog_sev5/S/dividemix/noisy/seed2  (383.8s)
[worker gpu=1] START fog_sev5/C/erm/clean/seed1
[worker gpu=1] DONE fog_sev5/C/erm/clean/seed1  (152.3s)
[worker gpu=1] START fog_sev5/C/erm/noisy/seed0
[worker gpu=1] DONE fog_sev5/C/erm/noisy/seed0  (161.8s)
[worker gpu=1] START fog_sev5/C/erm/noisy/seed2
[worker gpu=1] DONE fog_sev5/C/erm/noisy/seed2  (153.2s)
[worker gpu=1] START fog_sev5/C/coteaching/clean/seed1
[worker gpu=1] DONE fog_sev5/C/coteaching/clean/seed1  (284.4s)
[worker gpu=1] START fog_sev5/C/coteaching/noisy/seed0
[worker gpu=1] DONE fog_sev5/C/coteaching/noisy/seed0  (363.9s)
[worker gpu=1] START fog_sev5/C/coteaching/noisy/seed2
[worker gpu=1] DONE fog_sev5/C/coteaching/noisy/seed2  (271.7s)
[worker gpu=1] START fog_sev5/C/dividemix/clean/seed1
[worker gpu=1] DONE fog_sev5/C/dividemix/clean/seed1  (374.4s)
[worker gpu=1] START fog_sev5/C/dividemix/noisy/seed0
[worker gpu=1] DONE fog_sev5/C/dividemix/noisy/seed0  (383.6s)
[worker gpu=1] START fog_sev5/C/dividemix/noisy/seed2
[worker gpu=1] DONE fog_sev5/C/dividemix/noisy/seed2  (379.5s)
[worker gpu=1] START canny_edges_sev1/S/erm/clean/seed1
[worker gpu=1] DONE canny_edges_sev1/S/erm/clean/seed1  (165.9s)
[worker gpu=1] START canny_edges_sev1/S/erm/noisy/seed0
[worker gpu=1] DONE canny_edges_sev1/S/erm/noisy/seed0  (198.2s)
[worker gpu=1] START canny_edges_sev1/S/erm/noisy/seed2
[worker gpu=1] DONE canny_edges_sev1/S/erm/noisy/seed2  (167.3s)
[worker gpu=1] START canny_edges_sev1/S/coteaching/clean/seed1
[worker gpu=1] DONE canny_edges_sev1/S/coteaching/clean/seed1  (271.5s)
[worker gpu=1] START canny_edges_sev1/S/coteaching/noisy/seed0
[worker gpu=1] DONE canny_edges_sev1/S/coteaching/noisy/seed0  (289.9s)
[worker gpu=1] START canny_edges_sev1/S/coteaching/noisy/seed2
[worker gpu=1] DONE canny_edges_sev1/S/coteaching/noisy/seed2  (272.3s)
[worker gpu=1] START canny_edges_sev1/S/dividemix/clean/seed1
[worker gpu=1] DONE canny_edges_sev1/S/dividemix/clean/seed1  (392.3s)
[worker gpu=1] START canny_edges_sev1/S/dividemix/noisy/seed0
[worker gpu=1] DONE canny_edges_sev1/S/dividemix/noisy/seed0  (357.1s)
[worker gpu=1] START canny_edges_sev1/S/dividemix/noisy/seed2
[worker gpu=1] DONE canny_edges_sev1/S/dividemix/noisy/seed2  (426.3s)
[worker gpu=1] START canny_edges_sev1/C/erm/clean/seed1
[worker gpu=1] DONE canny_edges_sev1/C/erm/clean/seed1  (154.0s)
[worker gpu=1] START canny_edges_sev1/C/erm/noisy/seed0
[worker gpu=1] DONE canny_edges_sev1/C/erm/noisy/seed0  (177.1s)
[worker gpu=1] START canny_edges_sev1/C/erm/noisy/seed2
[worker gpu=1] DONE canny_edges_sev1/C/erm/noisy/seed2  (154.4s)
[worker gpu=1] START canny_edges_sev1/C/coteaching/clean/seed1
[worker gpu=1] DONE canny_edges_sev1/C/coteaching/clean/seed1  (370.4s)
[worker gpu=1] START canny_edges_sev1/C/coteaching/noisy/seed0
[worker gpu=1] DONE canny_edges_sev1/C/coteaching/noisy/seed0  (298.7s)
[worker gpu=1] START canny_edges_sev1/C/coteaching/noisy/seed2
[worker gpu=1] DONE canny_edges_sev1/C/coteaching/noisy/seed2  (302.7s)
[worker gpu=1] START canny_edges_sev1/C/dividemix/clean/seed1
[worker gpu=1] DONE canny_edges_sev1/C/dividemix/clean/seed1  (388.0s)
[worker gpu=1] START canny_edges_sev1/C/dividemix/noisy/seed0
[worker gpu=1] DONE canny_edges_sev1/C/dividemix/noisy/seed0  (380.9s)
[worker gpu=1] START canny_edges_sev1/C/dividemix/noisy/seed2
[worker gpu=1] DONE canny_edges_sev1/C/dividemix/noisy/seed2  (349.6s)
[worker gpu=1] no pending rows, done
