[worker gpu=2] manifest=adult_grid.csv
[worker gpu=2] START gaussian_noise_sev1/S/erm/clean/seed1
[worker gpu=2] FAILED gaussian_noise_sev1/S/erm/clean/seed1  (8.2s)
[worker gpu=2] START gaussian_noise_sev1/S/erm/clean/seed2
[worker gpu=2] FAILED gaussian_noise_sev1/S/erm/clean/seed2  (6.6s)
[worker gpu=2] START gaussian_noise_sev1/S/erm/noisy/seed1
[worker gpu=2] DONE gaussian_noise_sev1/S/erm/noisy/seed1  (60.1s)
[worker gpu=2] START gaussian_noise_sev1/S/erm/clean/seed1
[worker gpu=2] DONE gaussian_noise_sev1/S/erm/clean/seed1  (32.5s)
[worker gpu=2] START gaussian_noise_sev1/S/erm/clean/seed2
[worker gpu=2] DONE gaussian_noise_sev1/S/erm/clean/seed2  (69.6s)
[worker gpu=2] START gaussian_noise_sev1/S/coteaching/clean/seed0
[worker gpu=2] DONE gaussian_noise_sev1/S/coteaching/clean/seed0  (263.8s)
[worker gpu=2] START gaussian_noise_sev1/S/coteaching/noisy/seed0
[worker gpu=2] DONE gaussian_noise_sev1/S/coteaching/noisy/seed0  (104.1s)
[worker gpu=2] START gaussian_noise_sev1/S/coteaching/noisy/seed1
[worker gpu=2] DONE gaussian_noise_sev1/S/coteaching/noisy/seed1  (88.9s)
[worker gpu=2] START gaussian_noise_sev1/C/erm/clean/seed0
[worker gpu=2] DONE gaussian_noise_sev1/C/erm/clean/seed0  (48.2s)
[worker gpu=2] START gaussian_noise_sev1/C/erm/noisy/seed0
[worker gpu=2] DONE gaussian_noise_sev1/C/erm/noisy/seed0  (93.8s)
[worker gpu=2] START gaussian_noise_sev1/C/erm/noisy/seed2
[worker gpu=2] DONE gaussian_noise_sev1/C/erm/noisy/seed2  (37.1s)
[worker gpu=2] START gaussian_noise_sev1/C/coteaching/clean/seed1
[worker gpu=2] DONE gaussian_noise_sev1/C/coteaching/clean/seed1  (219.6s)
[worker gpu=2] START gaussian_noise_sev1/C/coteaching/noisy/seed0
[worker gpu=2] DONE gaussian_noise_sev1/C/coteaching/noisy/seed0  (270.9s)
[worker gpu=2] START gaussian_noise_sev1/C/coteaching/noisy/seed2
[worker gpu=2] DONE gaussian_noise_sev1/C/coteaching/noisy/seed2  (84.9s)
[worker gpu=2] START gaussian_noise_sev3/S/erm/clean/seed2
[worker gpu=2] DONE gaussian_noise_sev3/S/erm/clean/seed2  (47.4s)
[worker gpu=2] START gaussian_noise_sev3/S/erm/noisy/seed1
[worker gpu=2] DONE gaussian_noise_sev3/S/erm/noisy/seed1  (70.2s)
[worker gpu=2] START gaussian_noise_sev3/S/coteaching/clean/seed0
[worker gpu=2] DONE gaussian_noise_sev3/S/coteaching/clean/seed0  (311.9s)
[worker gpu=2] START gaussian_noise_sev3/S/coteaching/noisy/seed0
[worker gpu=2] DONE gaussian_noise_sev3/S/coteaching/noisy/seed0  (133.9s)
[worker gpu=2] START gaussian_noise_sev3/S/coteaching/noisy/seed1
[worker gpu=2] DONE gaussian_noise_sev3/S/coteaching/noisy/seed1  (141.6s)
[worker gpu=2] START gaussian_noise_sev3/C/erm/clean/seed0
[worker gpu=2] DONE gaussian_noise_sev3/C/erm/clean/seed0  (64.6s)
[worker gpu=2] START gaussian_noise_sev3/C/erm/clean/seed1
[worker gpu=2] DONE gaussian_noise_sev3/C/erm/clean/seed1  (38.6s)
[worker gpu=2] START gaussian_noise_sev3/C/erm/noisy/seed0
[worker gpu=2] DONE gaussian_noise_sev3/C/erm/noisy/seed0  (103.6s)
[worker gpu=2] START gaussian_noise_sev3/C/erm/noisy/seed2
[worker gpu=2] DONE gaussian_noise_sev3/C/erm/noisy/seed2  (73.7s)
[worker gpu=2] START gaussian_noise_sev3/C/coteaching/clean/seed1
[worker gpu=2] DONE gaussian_noise_sev3/C/coteaching/clean/seed1  (183.0s)
[worker gpu=2] START gaussian_noise_sev3/C/coteaching/noisy/seed0
[worker gpu=2] DONE gaussian_noise_sev3/C/coteaching/noisy/seed0  (304.1s)
[worker gpu=2] START gaussian_noise_sev3/C/coteaching/noisy/seed2
[worker gpu=2] DONE gaussian_noise_sev3/C/coteaching/noisy/seed2  (130.5s)
[worker gpu=2] START gaussian_noise_sev5/S/erm/clean/seed1
[worker gpu=2] DONE gaussian_noise_sev5/S/erm/clean/seed1  (31.6s)
[worker gpu=2] START gaussian_noise_sev5/S/erm/noisy/seed0
[worker gpu=2] DONE gaussian_noise_sev5/S/erm/noisy/seed0  (125.7s)
[worker gpu=2] START gaussian_noise_sev5/S/erm/noisy/seed2
[worker gpu=2] DONE gaussian_noise_sev5/S/erm/noisy/seed2  (153.7s)
[worker gpu=2] START gaussian_noise_sev5/S/coteaching/clean/seed1
[worker gpu=2] DONE gaussian_noise_sev5/S/coteaching/clean/seed1  (170.2s)
[worker gpu=2] START gaussian_noise_sev5/S/coteaching/noisy/seed0
[worker gpu=2] DONE gaussian_noise_sev5/S/coteaching/noisy/seed0  (149.2s)
[worker gpu=2] START gaussian_noise_sev5/S/coteaching/noisy/seed1
[worker gpu=2] DONE gaussian_noise_sev5/S/coteaching/noisy/seed1  (193.0s)
[worker gpu=2] START gaussian_noise_sev5/C/erm/clean/seed0
[worker gpu=2] DONE gaussian_noise_sev5/C/erm/clean/seed0  (80.4s)
[worker gpu=2] START gaussian_noise_sev5/C/erm/noisy/seed0
[worker gpu=2] DONE gaussian_noise_sev5/C/erm/noisy/seed0  (101.9s)
[worker gpu=2] START gaussian_noise_sev5/C/erm/noisy/seed2
[worker gpu=2] DONE gaussian_noise_sev5/C/erm/noisy/seed2  (97.9s)
[worker gpu=2] START gaussian_noise_sev5/C/coteaching/clean/seed1
[worker gpu=2] DONE gaussian_noise_sev5/C/coteaching/clean/seed1  (147.7s)
[worker gpu=2] START gaussian_noise_sev5/C/coteaching/noisy/seed0
[worker gpu=2] DONE gaussian_noise_sev5/C/coteaching/noisy/seed0  (258.2s)
[worker gpu=2] START gaussian_noise_sev5/C/coteaching/noisy/seed2
[worker gpu=2] DONE gaussian_noise_sev5/C/coteaching/noisy/seed2  (212.0s)
[worker gpu=2] START scaling_sev1/S/erm/clean/seed2
[worker gpu=2] DONE scaling_sev1/S/erm/clean/seed2  (45.3s)
[worker gpu=2] START scaling_sev1/S/erm/noisy/seed0
[worker gpu=2] DONE scaling_sev1/S/erm/noisy/seed0  (67.7s)
[worker gpu=2] START scaling_sev1/S/erm/noisy/seed2
[worker gpu=2] DONE scaling_sev1/S/erm/noisy/seed2  (71.9s)
[worker gpu=2] START scaling_sev1/S/coteaching/clean/seed1
[worker gpu=2] DONE scaling_sev1/S/coteaching/clean/seed1  (264.5s)
[worker gpu=2] START scaling_sev1/S/coteaching/noisy/seed0
[worker gpu=2] DONE scaling_sev1/S/coteaching/noisy/seed0  (91.1s)
[worker gpu=2] START scaling_sev1/S/coteaching/noisy/seed2
[worker gpu=2] DONE scaling_sev1/S/coteaching/noisy/seed2  (111.9s)
[worker gpu=2] START scaling_sev1/C/erm/clean/seed1
[worker gpu=2] DONE scaling_sev1/C/erm/clean/seed1  (47.5s)
[worker gpu=2] START scaling_sev1/C/erm/noisy/seed0
[worker gpu=2] DONE scaling_sev1/C/erm/noisy/seed0  (78.6s)
[worker gpu=2] START scaling_sev1/C/coteaching/clean/seed0
[worker gpu=2] DONE scaling_sev1/C/coteaching/clean/seed0  (197.3s)
[worker gpu=2] START scaling_sev1/C/coteaching/clean/seed2
[worker gpu=2] DONE scaling_sev1/C/coteaching/clean/seed2  (119.5s)
[worker gpu=2] START scaling_sev1/C/coteaching/noisy/seed1
[worker gpu=2] DONE scaling_sev1/C/coteaching/noisy/seed1  (131.5s)
[worker gpu=2] START scaling_sev3/S/erm/clean/seed1
[worker gpu=2] DONE scaling_sev3/S/erm/clean/seed1  (56.0s)
[worker gpu=2] START scaling_sev3/S/erm/noisy/seed0
[worker gpu=2] DONE scaling_sev3/S/erm/noisy/seed0  (112.4s)
[worker gpu=2] START scaling_sev3/S/erm/noisy/seed2
[worker gpu=2] DONE scaling_sev3/S/erm/noisy/seed2  (140.1s)
[worker gpu=2] START scaling_sev3/S/coteaching/clean/seed1
[worker gpu=2] DONE scaling_sev3/S/coteaching/clean/seed1  (143.2s)
[worker gpu=2] START scaling_sev3/S/coteaching/noisy/seed0
[worker gpu=2] DONE scaling_sev3/S/coteaching/noisy/seed0  (90.4s)
[worker gpu=2] START scaling_sev3/S/coteaching/noisy/seed2
[worker gpu=2] DONE scaling_sev3/S/coteaching/noisy/seed2  (236.0s)
[worker gpu=2] START scaling_sev3/C/erm/clean/seed1
[worker gpu=2] DONE scaling_sev3/C/erm/clean/seed1  (27.4s)
[worker gpu=2] START scaling_sev3/C/erm/clean/seed2
[worker gpu=2] DONE scaling_sev3/C/erm/clean/seed2  (106.1s)
[worker gpu=2] START scaling_sev3/C/erm/noisy/seed2
[worker gpu=2] DONE scaling_sev3/C/erm/noisy/seed2  (35.2s)
[worker gpu=2] START scaling_sev3/C/coteaching/clean/seed0
[worker gpu=2] DONE scaling_sev3/C/coteaching/clean/seed0  (93.9s)
[worker gpu=2] START scaling_sev3/C/coteaching/clean/seed2
[worker gpu=2] DONE scaling_sev3/C/coteaching/clean/seed2  (199.1s)
[worker gpu=2] START scaling_sev3/C/coteaching/noisy/seed2
[worker gpu=2] DONE scaling_sev3/C/coteaching/noisy/seed2  (143.6s)
[worker gpu=2] START scaling_sev5/S/erm/clean/seed2
[worker gpu=2] DONE scaling_sev5/S/erm/clean/seed2  (42.9s)
[worker gpu=2] START scaling_sev5/S/erm/noisy/seed1
[worker gpu=2] DONE scaling_sev5/S/erm/noisy/seed1  (102.4s)
[worker gpu=2] START scaling_sev5/S/coteaching/clean/seed1
[worker gpu=2] DONE scaling_sev5/S/coteaching/clean/seed1  (158.9s)
[worker gpu=2] START scaling_sev5/S/coteaching/clean/seed2
[worker gpu=2] DONE scaling_sev5/S/coteaching/clean/seed2  (266.2s)
[worker gpu=2] START scaling_sev5/S/coteaching/noisy/seed2
[worker gpu=2] DONE scaling_sev5/S/coteaching/noisy/seed2  (127.9s)
[worker gpu=2] START scaling_sev5/C/erm/clean/seed1
[worker gpu=2] DONE scaling_sev5/C/erm/clean/seed1  (50.1s)
[worker gpu=2] START scaling_sev5/C/erm/noisy/seed0
[worker gpu=2] DONE scaling_sev5/C/erm/noisy/seed0  (69.7s)
[worker gpu=2] START scaling_sev5/C/erm/noisy/seed2
[worker gpu=2] DONE scaling_sev5/C/erm/noisy/seed2  (116.4s)
[worker gpu=2] START scaling_sev5/C/coteaching/clean/seed1
[worker gpu=2] DONE scaling_sev5/C/coteaching/clean/seed1  (70.1s)
[worker gpu=2] START scaling_sev5/C/coteaching/noisy/seed0
[worker gpu=2] DONE scaling_sev5/C/coteaching/noisy/seed0  (417.5s)
[worker gpu=2] START missing_mcar_sev1/S/erm/clean/seed0
[worker gpu=2] DONE missing_mcar_sev1/S/erm/clean/seed0  (74.2s)
[worker gpu=2] START missing_mcar_sev1/S/erm/clean/seed2
[worker gpu=2] DONE missing_mcar_sev1/S/erm/clean/seed2  (50.8s)
[worker gpu=2] START missing_mcar_sev1/S/erm/noisy/seed1
[worker gpu=2] DONE missing_mcar_sev1/S/erm/noisy/seed1  (91.0s)
[worker gpu=2] START missing_mcar_sev1/S/coteaching/clean/seed0
[worker gpu=2] DONE missing_mcar_sev1/S/coteaching/clean/seed0  (127.2s)
[worker gpu=2] START missing_mcar_sev1/S/coteaching/clean/seed2
[worker gpu=2] DONE missing_mcar_sev1/S/coteaching/clean/seed2  (240.3s)
[worker gpu=2] START missing_mcar_sev1/S/coteaching/noisy/seed1
[worker gpu=2] DONE missing_mcar_sev1/S/coteaching/noisy/seed1  (166.8s)
[worker gpu=2] START missing_mcar_sev1/C/erm/clean/seed0
[worker gpu=2] DONE missing_mcar_sev1/C/erm/clean/seed0  (45.1s)
[worker gpu=2] START missing_mcar_sev1/C/erm/clean/seed1
[worker gpu=2] DONE missing_mcar_sev1/C/erm/clean/seed1  (54.8s)
[worker gpu=2] START missing_mcar_sev1/C/erm/noisy/seed0
[worker gpu=2] DONE missing_mcar_sev1/C/erm/noisy/seed0  (76.0s)
[worker gpu=2] START missing_mcar_sev1/C/erm/noisy/seed2
[worker gpu=2] DONE missing_mcar_sev1/C/erm/noisy/seed2  (41.2s)
[worker gpu=2] START missing_mcar_sev1/C/coteaching/clean/seed1
[worker gpu=2] DONE missing_mcar_sev1/C/coteaching/clean/seed1  (154.5s)
[worker gpu=2] START missing_mcar_sev1/C/coteaching/noisy/seed0
[worker gpu=2] DONE missing_mcar_sev1/C/coteaching/noisy/seed0  (403.0s)
[worker gpu=2] START missing_mcar_sev3/S/erm/clean/seed0
[worker gpu=2] DONE missing_mcar_sev3/S/erm/clean/seed0  (54.7s)
[worker gpu=2] START missing_mcar_sev3/S/erm/clean/seed1
[worker gpu=2] DONE missing_mcar_sev3/S/erm/clean/seed1  (59.0s)
[worker gpu=2] START missing_mcar_sev3/S/erm/clean/seed2
[worker gpu=2] DONE missing_mcar_sev3/S/erm/clean/seed2  (94.6s)
[worker gpu=2] START missing_mcar_sev3/S/erm/noisy/seed0
[worker gpu=2] DONE missing_mcar_sev3/S/erm/noisy/seed0  (113.4s)
[worker gpu=2] START missing_mcar_sev3/S/erm/noisy/seed2
[worker gpu=2] DONE missing_mcar_sev3/S/erm/noisy/seed2  (112.0s)
[worker gpu=2] START missing_mcar_sev3/S/coteaching/clean/seed1
[worker gpu=2] DONE missing_mcar_sev3/S/coteaching/clean/seed1  (183.9s)
[worker gpu=2] START missing_mcar_sev3/S/coteaching/noisy/seed0
[worker gpu=2] DONE missing_mcar_sev3/S/coteaching/noisy/seed0  (229.1s)
[worker gpu=2] START missing_mcar_sev3/S/coteaching/noisy/seed2
[worker gpu=2] DONE missing_mcar_sev3/S/coteaching/noisy/seed2  (121.2s)
[worker gpu=2] START missing_mcar_sev3/C/erm/clean/seed1
[worker gpu=2] DONE missing_mcar_sev3/C/erm/clean/seed1  (28.1s)
[worker gpu=2] START missing_mcar_sev3/C/erm/clean/seed2
[worker gpu=2] DONE missing_mcar_sev3/C/erm/clean/seed2  (72.0s)
[worker gpu=2] START missing_mcar_sev3/C/erm/noisy/seed1
[worker gpu=2] DONE missing_mcar_sev3/C/erm/noisy/seed1  (40.8s)
[worker gpu=2] START missing_mcar_sev3/C/coteaching/clean/seed0
[worker gpu=2] DONE missing_mcar_sev3/C/coteaching/clean/seed0  (237.5s)
[worker gpu=2] START missing_mcar_sev3/C/coteaching/clean/seed2
[worker gpu=2] DONE missing_mcar_sev3/C/coteaching/clean/seed2  (242.7s)
[worker gpu=2] START missing_mcar_sev3/C/coteaching/noisy/seed1
[worker gpu=2] DONE missing_mcar_sev3/C/coteaching/noisy/seed1  (277.9s)
[worker gpu=2] START missing_mcar_sev5/S/erm/clean/seed0
[worker gpu=2] DONE missing_mcar_sev5/S/erm/clean/seed0  (108.3s)
[worker gpu=2] START missing_mcar_sev5/S/erm/clean/seed1
[worker gpu=2] DONE missing_mcar_sev5/S/erm/clean/seed1  (116.7s)
[worker gpu=2] START missing_mcar_sev5/S/erm/noisy/seed0
[worker gpu=2] DONE missing_mcar_sev5/S/erm/noisy/seed0  (48.9s)
[worker gpu=2] START missing_mcar_sev5/S/erm/noisy/seed2
[worker gpu=2] DONE missing_mcar_sev5/S/erm/noisy/seed2  (96.8s)
[worker gpu=2] START missing_mcar_sev5/S/coteaching/clean/seed0
[worker gpu=2] DONE missing_mcar_sev5/S/coteaching/clean/seed0  (282.1s)
[worker gpu=2] START missing_mcar_sev5/S/coteaching/noisy/seed0
[worker gpu=2] DONE missing_mcar_sev5/S/coteaching/noisy/seed0  (215.1s)
[worker gpu=2] START missing_mcar_sev5/S/coteaching/noisy/seed2
[worker gpu=2] DONE missing_mcar_sev5/S/coteaching/noisy/seed2  (92.7s)
[worker gpu=2] START missing_mcar_sev5/C/erm/clean/seed1
[worker gpu=2] DONE missing_mcar_sev5/C/erm/clean/seed1  (33.3s)
[worker gpu=2] START missing_mcar_sev5/C/erm/noisy/seed0
[worker gpu=2] DONE missing_mcar_sev5/C/erm/noisy/seed0  (33.1s)
[worker gpu=2] START missing_mcar_sev5/C/erm/noisy/seed2
[worker gpu=2] DONE missing_mcar_sev5/C/erm/noisy/seed2  (129.2s)
[worker gpu=2] START missing_mcar_sev5/C/coteaching/clean/seed1
[worker gpu=2] DONE missing_mcar_sev5/C/coteaching/clean/seed1  (111.9s)
[worker gpu=2] START missing_mcar_sev5/C/coteaching/noisy/seed0
[worker gpu=2] DONE missing_mcar_sev5/C/coteaching/noisy/seed0  (182.6s)
[worker gpu=2] START missing_mcar_sev5/C/coteaching/noisy/seed2
[worker gpu=2] DONE missing_mcar_sev5/C/coteaching/noisy/seed2  (153.1s)
[worker gpu=2] START missing_mar_sev1/S/erm/clean/seed1
[worker gpu=2] DONE missing_mar_sev1/S/erm/clean/seed1  (31.6s)
[worker gpu=2] START missing_mar_sev1/S/erm/noisy/seed0
[worker gpu=2] DONE missing_mar_sev1/S/erm/noisy/seed0  (117.5s)
[worker gpu=2] START missing_mar_sev1/S/erm/noisy/seed2
[worker gpu=2] DONE missing_mar_sev1/S/erm/noisy/seed2  (74.0s)
[worker gpu=2] START missing_mar_sev1/S/coteaching/clean/seed1
[worker gpu=2] DONE missing_mar_sev1/S/coteaching/clean/seed1  (356.5s)
[worker gpu=2] START missing_mar_sev1/S/coteaching/noisy/seed0
[worker gpu=2] DONE missing_mar_sev1/S/coteaching/noisy/seed0  (184.9s)
[worker gpu=2] START missing_mar_sev1/S/coteaching/noisy/seed1
[worker gpu=2] DONE missing_mar_sev1/S/coteaching/noisy/seed1  (92.4s)
[worker gpu=2] START missing_mar_sev1/C/erm/clean/seed0
[worker gpu=2] DONE missing_mar_sev1/C/erm/clean/seed0  (47.6s)
[worker gpu=2] START missing_mar_sev1/C/erm/clean/seed2
[worker gpu=2] DONE missing_mar_sev1/C/erm/clean/seed2  (86.7s)
[worker gpu=2] START missing_mar_sev1/C/erm/noisy/seed1
[worker gpu=2] DONE missing_mar_sev1/C/erm/noisy/seed1  (43.0s)
[worker gpu=2] START missing_mar_sev1/C/coteaching/clean/seed0
[worker gpu=2] DONE missing_mar_sev1/C/coteaching/clean/seed0  (192.0s)
[worker gpu=2] START missing_mar_sev1/C/coteaching/clean/seed2
[worker gpu=2] DONE missing_mar_sev1/C/coteaching/clean/seed2  (202.7s)
[worker gpu=2] START missing_mar_sev1/C/coteaching/noisy/seed2
[worker gpu=2] DONE missing_mar_sev1/C/coteaching/noisy/seed2  (104.9s)
[worker gpu=2] START missing_mar_sev3/S/erm/clean/seed1
[worker gpu=2] DONE missing_mar_sev3/S/erm/clean/seed1  (40.8s)
[worker gpu=2] START missing_mar_sev3/S/erm/clean/seed2
[worker gpu=2] DONE missing_mar_sev3/S/erm/clean/seed2  (47.6s)
[worker gpu=2] START missing_mar_sev3/S/erm/noisy/seed1
[worker gpu=2] DONE missing_mar_sev3/S/erm/noisy/seed1  (107.9s)
[worker gpu=2] START missing_mar_sev3/S/coteaching/clean/seed0
[worker gpu=2] DONE missing_mar_sev3/S/coteaching/clean/seed0  (159.7s)
[worker gpu=2] START missing_mar_sev3/S/coteaching/clean/seed2
[worker gpu=2] DONE missing_mar_sev3/S/coteaching/clean/seed2  (273.5s)
[worker gpu=2] START missing_mar_sev3/S/coteaching/noisy/seed2
[worker gpu=2] DONE missing_mar_sev3/S/coteaching/noisy/seed2  (80.1s)
[worker gpu=2] START missing_mar_sev3/C/erm/clean/seed2
[worker gpu=2] DONE missing_mar_sev3/C/erm/clean/seed2  (48.2s)
[worker gpu=2] START missing_mar_sev3/C/erm/noisy/seed1
[worker gpu=2] DONE missing_mar_sev3/C/erm/noisy/seed1  (46.2s)
[worker gpu=2] START missing_mar_sev3/C/coteaching/clean/seed0
[worker gpu=2] DONE missing_mar_sev3/C/coteaching/clean/seed0  (321.6s)
[worker gpu=2] START missing_mar_sev3/C/coteaching/noisy/seed0
[worker gpu=2] DONE missing_mar_sev3/C/coteaching/noisy/seed0  (259.7s)
[worker gpu=2] START missing_mar_sev3/C/coteaching/noisy/seed2
[worker gpu=2] DONE missing_mar_sev3/C/coteaching/noisy/seed2  (210.7s)
[worker gpu=2] START missing_mar_sev5/S/erm/clean/seed1
[worker gpu=2] DONE missing_mar_sev5/S/erm/clean/seed1  (79.8s)
[worker gpu=2] START missing_mar_sev5/S/erm/noisy/seed0
[worker gpu=2] DONE missing_mar_sev5/S/erm/noisy/seed0  (139.1s)
[worker gpu=2] START missing_mar_sev5/S/erm/noisy/seed2
[worker gpu=2] DONE missing_mar_sev5/S/erm/noisy/seed2  (67.8s)
[worker gpu=2] START missing_mar_sev5/S/coteaching/clean/seed1
[worker gpu=2] DONE missing_mar_sev5/S/coteaching/clean/seed1  (212.0s)
[worker gpu=2] START missing_mar_sev5/S/coteaching/noisy/seed0
[worker gpu=2] DONE missing_mar_sev5/S/coteaching/noisy/seed0  (219.5s)
[worker gpu=2] START missing_mar_sev5/S/coteaching/noisy/seed2
[worker gpu=2] DONE missing_mar_sev5/S/coteaching/noisy/seed2  (92.8s)
[worker gpu=2] START missing_mar_sev5/C/erm/clean/seed2
[worker gpu=2] DONE missing_mar_sev5/C/erm/clean/seed2  (39.2s)
[worker gpu=2] START missing_mar_sev5/C/erm/noisy/seed1
[worker gpu=2] DONE missing_mar_sev5/C/erm/noisy/seed1  (44.3s)
[worker gpu=2] START missing_mar_sev5/C/coteaching/clean/seed0
[worker gpu=2] DONE missing_mar_sev5/C/coteaching/clean/seed0  (173.1s)
[worker gpu=2] START missing_mar_sev5/C/coteaching/noisy/seed0
[worker gpu=2] DONE missing_mar_sev5/C/coteaching/noisy/seed0  (171.9s)
[worker gpu=2] START missing_mar_sev5/C/coteaching/noisy/seed2
[worker gpu=2] DONE missing_mar_sev5/C/coteaching/noisy/seed2  (165.8s)
[worker gpu=2] START missing_mnar_sev1/S/erm/clean/seed0
[worker gpu=2] DONE missing_mnar_sev1/S/erm/clean/seed0  (69.7s)
[worker gpu=2] START missing_mnar_sev1/S/erm/clean/seed1
[worker gpu=2] DONE missing_mnar_sev1/S/erm/clean/seed1  (39.0s)
[worker gpu=2] START missing_mnar_sev1/S/erm/clean/seed2
[worker gpu=2] DONE missing_mnar_sev1/S/erm/clean/seed2  (77.9s)
[worker gpu=2] START missing_mnar_sev1/S/erm/noisy/seed1
[worker gpu=2] DONE missing_mnar_sev1/S/erm/noisy/seed1  (149.8s)
[worker gpu=2] START missing_mnar_sev1/S/coteaching/clean/seed0
[worker gpu=2] DONE missing_mnar_sev1/S/coteaching/clean/seed0  (287.7s)
[worker gpu=2] START missing_mnar_sev1/S/coteaching/clean/seed2
[worker gpu=2] DONE missing_mnar_sev1/S/coteaching/clean/seed2  (214.8s)
[worker gpu=2] START missing_mnar_sev1/S/coteaching/noisy/seed2
[worker gpu=2] DONE missing_mnar_sev1/S/coteaching/noisy/seed2  (229.6s)
[worker gpu=2] START missing_mnar_sev1/C/erm/clean/seed2
[worker gpu=2] DONE missing_mnar_sev1/C/erm/clean/seed2  (41.4s)
[worker gpu=2] START missing_mnar_sev1/C/erm/noisy/seed0
[worker gpu=2] DONE missing_mnar_sev1/C/erm/noisy/seed0  (61.5s)
[worker gpu=2] START missing_mnar_sev1/C/erm/noisy/seed2
[worker gpu=2] DONE missing_mnar_sev1/C/erm/noisy/seed2  (82.4s)
[worker gpu=2] START missing_mnar_sev1/C/coteaching/clean/seed1
[worker gpu=2] DONE missing_mnar_sev1/C/coteaching/clean/seed1  (134.4s)
[worker gpu=2] START missing_mnar_sev1/C/coteaching/noisy/seed0
[worker gpu=2] DONE missing_mnar_sev1/C/coteaching/noisy/seed0  (289.4s)
[worker gpu=2] START missing_mnar_sev1/C/coteaching/noisy/seed2
[worker gpu=2] DONE missing_mnar_sev1/C/coteaching/noisy/seed2  (129.9s)
[worker gpu=2] START missing_mnar_sev3/S/erm/clean/seed2
[worker gpu=2] DONE missing_mnar_sev3/S/erm/clean/seed2  (31.4s)
[worker gpu=2] START missing_mnar_sev3/S/erm/noisy/seed1
[worker gpu=2] DONE missing_mnar_sev3/S/erm/noisy/seed1  (72.5s)
[worker gpu=2] START missing_mnar_sev3/S/coteaching/clean/seed0
[worker gpu=2] DONE missing_mnar_sev3/S/coteaching/clean/seed0  (104.8s)
[worker gpu=2] START missing_mnar_sev3/S/coteaching/clean/seed2
[worker gpu=2] DONE missing_mnar_sev3/S/coteaching/clean/seed2  (71.6s)
[worker gpu=2] START missing_mnar_sev3/S/coteaching/noisy/seed0
[worker gpu=2] DONE missing_mnar_sev3/S/coteaching/noisy/seed0  (214.6s)
[worker gpu=2] START missing_mnar_sev3/S/coteaching/noisy/seed2
[worker gpu=2] DONE missing_mnar_sev3/S/coteaching/noisy/seed2  (83.1s)
[worker gpu=2] START missing_mnar_sev3/C/erm/clean/seed2
[worker gpu=2] DONE missing_mnar_sev3/C/erm/clean/seed2  (66.0s)
[worker gpu=2] START missing_mnar_sev3/C/erm/noisy/seed1
[worker gpu=2] DONE missing_mnar_sev3/C/erm/noisy/seed1  (93.0s)
[worker gpu=2] START missing_mnar_sev3/C/coteaching/clean/seed0
[worker gpu=2] DONE missing_mnar_sev3/C/coteaching/clean/seed0  (94.4s)
[worker gpu=2] START missing_mnar_sev3/C/coteaching/clean/seed2
[worker gpu=2] DONE missing_mnar_sev3/C/coteaching/clean/seed2  (156.0s)
[worker gpu=2] START missing_mnar_sev3/C/coteaching/noisy/seed1
[worker gpu=2] DONE missing_mnar_sev3/C/coteaching/noisy/seed1  (392.9s)
[worker gpu=2] START missing_mnar_sev5/S/erm/clean/seed0
[worker gpu=2] DONE missing_mnar_sev5/S/erm/clean/seed0  (89.2s)
[worker gpu=2] START missing_mnar_sev5/S/erm/clean/seed1
[worker gpu=2] DONE missing_mnar_sev5/S/erm/clean/seed1  (116.6s)
[worker gpu=2] START missing_mnar_sev5/S/erm/clean/seed2
[worker gpu=2] DONE missing_mnar_sev5/S/erm/clean/seed2  (54.6s)
[worker gpu=2] START missing_mnar_sev5/S/erm/noisy/seed0
[worker gpu=2] DONE missing_mnar_sev5/S/erm/noisy/seed0  (72.0s)
[worker gpu=2] START missing_mnar_sev5/S/erm/noisy/seed2
[worker gpu=2] DONE missing_mnar_sev5/S/erm/noisy/seed2  (96.4s)
[worker gpu=2] START missing_mnar_sev5/S/coteaching/clean/seed1
[worker gpu=2] DONE missing_mnar_sev5/S/coteaching/clean/seed1  (165.3s)
[worker gpu=2] START missing_mnar_sev5/S/coteaching/noisy/seed0
[worker gpu=2] DONE missing_mnar_sev5/S/coteaching/noisy/seed0  (84.1s)
[worker gpu=2] START missing_mnar_sev5/S/coteaching/noisy/seed2
[worker gpu=2] DONE missing_mnar_sev5/S/coteaching/noisy/seed2  (94.3s)
[worker gpu=2] START missing_mnar_sev5/C/erm/clean/seed1
[worker gpu=2] DONE missing_mnar_sev5/C/erm/clean/seed1  (43.9s)
[worker gpu=2] START missing_mnar_sev5/C/erm/noisy/seed0
[worker gpu=2] DONE missing_mnar_sev5/C/erm/noisy/seed0  (101.1s)
[worker gpu=2] START missing_mnar_sev5/C/erm/noisy/seed2
[worker gpu=2] DONE missing_mnar_sev5/C/erm/noisy/seed2  (43.3s)
[worker gpu=2] START missing_mnar_sev5/C/coteaching/clean/seed1
[worker gpu=2] DONE missing_mnar_sev5/C/coteaching/clean/seed1  (122.4s)
[worker gpu=2] START missing_mnar_sev5/C/coteaching/noisy/seed0
[worker gpu=2] DONE missing_mnar_sev5/C/coteaching/noisy/seed0  (194.8s)
[worker gpu=2] START missing_mnar_sev5/C/coteaching/noisy/seed2
[worker gpu=2] DONE missing_mnar_sev5/C/coteaching/noisy/seed2  (79.8s)
[worker gpu=2] no pending rows, done
