[worker gpu=1] manifest=adult_grid.csv
[worker gpu=1] START gaussian_noise_sev1/S/erm/clean/seed0
[worker gpu=1] FAILED gaussian_noise_sev1/S/erm/clean/seed0  (10.4s)
[worker gpu=1] START gaussian_noise_sev1/S/erm/noisy/seed0
[worker gpu=1] DONE gaussian_noise_sev1/S/erm/noisy/seed0  (66.4s)
[worker gpu=1] START gaussian_noise_sev1/S/erm/clean/seed0
[worker gpu=1] DONE gaussian_noise_sev1/S/erm/clean/seed0  (78.5s)
[worker gpu=1] START gaussian_noise_sev1/S/erm/noisy/seed2
[worker gpu=1] DONE gaussian_noise_sev1/S/erm/noisy/seed2  (56.9s)
[worker gpu=1] START gaussian_noise_sev1/S/coteaching/clean/seed1
[worker gpu=1] DONE gaussian_noise_sev1/S/coteaching/clean/seed1  (195.7s)
[worker gpu=1] START gaussian_noise_sev1/S/coteaching/clean/seed2
[worker gpu=1] DONE gaussian_noise_sev1/S/coteaching/clean/seed2  (156.5s)
[worker gpu=1] START gaussian_noise_sev1/S/coteaching/noisy/seed2
[worker gpu=1] DONE gaussian_noise_sev1/S/coteaching/noisy/seed2  (75.7s)
[worker gpu=1] START gaussian_noise_sev1/C/erm/clean/seed1
[worker gpu=1] DONE gaussian_noise_sev1/C/erm/clean/seed1  (36.0s)
[worker gpu=1] START gaussian_noise_sev1/C/erm/clean/seed2
[worker gpu=1] DONE gaussian_noise_sev1/C/erm/clean/seed2  (64.9s)
[worker gpu=1] START gaussian_noise_sev1/C/erm/noisy/seed1
[worker gpu=1] DONE gaussian_noise_sev1/C/erm/noisy/seed1  (57.1s)
[worker gpu=1] START gaussian_noise_sev1/C/coteaching/clean/seed0
[worker gpu=1] DONE gaussian_noise_sev1/C/coteaching/clean/seed0  (218.4s)
[worker gpu=1] START gaussian_noise_sev1/C/coteaching/clean/seed2
[worker gpu=1] DONE gaussian_noise_sev1/C/coteaching/clean/seed2  (115.9s)
[worker gpu=1] START gaussian_noise_sev1/C/coteaching/noisy/seed1
[worker gpu=1] DONE gaussian_noise_sev1/C/coteaching/noisy/seed1  (197.2s)
[worker gpu=1] START gaussian_noise_sev3/S/erm/clean/seed0
[worker gpu=1] DONE gaussian_noise_sev3/S/erm/clean/seed0  (49.1s)
[worker gpu=1] START gaussian_noise_sev3/S/erm/clean/seed1
[worker gpu=1] DONE gaussian_noise_sev3/S/erm/clean/seed1  (33.1s)
[worker gpu=1] START gaussian_noise_sev3/S/erm/noisy/seed0
[worker gpu=1] DONE gaussian_noise_sev3/S/erm/noisy/seed0  (92.4s)
[worker gpu=1] START gaussian_noise_sev3/S/erm/noisy/seed2
[worker gpu=1] DONE gaussian_noise_sev3/S/erm/noisy/seed2  (70.4s)
[worker gpu=1] START gaussian_noise_sev3/S/coteaching/clean/seed1
[worker gpu=1] DONE gaussian_noise_sev3/S/coteaching/clean/seed1  (239.5s)
[worker gpu=1] START gaussian_noise_sev3/S/coteaching/clean/seed2
[worker gpu=1] DONE gaussian_noise_sev3/S/coteaching/clean/seed2  (266.6s)
[worker gpu=1] START gaussian_noise_sev3/S/coteaching/noisy/seed2
[worker gpu=1] DONE gaussian_noise_sev3/S/coteaching/noisy/seed2  (86.3s)
[worker gpu=1] START gaussian_noise_sev3/C/erm/clean/seed2
[worker gpu=1] DONE gaussian_noise_sev3/C/erm/clean/seed2  (38.5s)
[worker gpu=1] START gaussian_noise_sev3/C/erm/noisy/seed1
[worker gpu=1] DONE gaussian_noise_sev3/C/erm/noisy/seed1  (99.4s)
[worker gpu=1] START gaussian_noise_sev3/C/coteaching/clean/seed0
[worker gpu=1] DONE gaussian_noise_sev3/C/coteaching/clean/seed0  (171.4s)
[worker gpu=1] START gaussian_noise_sev3/C/coteaching/clean/seed2
[worker gpu=1] DONE gaussian_noise_sev3/C/coteaching/clean/seed2  (258.7s)
[worker gpu=1] START gaussian_noise_sev3/C/coteaching/noisy/seed1
[worker gpu=1] DONE gaussian_noise_sev3/C/coteaching/noisy/seed1  (223.0s)
[worker gpu=1] START gaussian_noise_sev5/S/erm/clean/seed0
[worker gpu=1] DONE gaussian_noise_sev5/S/erm/clean/seed0  (62.2s)
[worker gpu=1] START gaussian_noise_sev5/S/erm/clean/seed2
[worker gpu=1] DONE gaussian_noise_sev5/S/erm/clean/seed2  (88.2s)
[worker gpu=1] START gaussian_noise_sev5/S/erm/noisy/seed1
[worker gpu=1] DONE gaussian_noise_sev5/S/erm/noisy/seed1  (159.2s)
[worker gpu=1] START gaussian_noise_sev5/S/coteaching/clean/seed0
[worker gpu=1] DONE gaussian_noise_sev5/S/coteaching/clean/seed0  (144.6s)
[worker gpu=1] START gaussian_noise_sev5/S/coteaching/clean/seed2
[worker gpu=1] DONE gaussian_noise_sev5/S/coteaching/clean/seed2  (249.5s)
[worker gpu=1] START gaussian_noise_sev5/S/coteaching/noisy/seed2
[worker gpu=1] DONE gaussian_noise_sev5/S/coteaching/noisy/seed2  (161.2s)
[worker gpu=1] START gaussian_noise_sev5/C/erm/clean/seed1
[worker gpu=1] DONE gaussian_noise_sev5/C/erm/clean/seed1  (36.5s)
[worker gpu=1] START gaussian_noise_sev5/C/erm/clean/seed2
[worker gpu=1] DONE gaussian_noise_sev5/C/erm/clean/seed2  (99.0s)
[worker gpu=1] START gaussian_noise_sev5/C/erm/noisy/seed1
[worker gpu=1] DONE gaussian_noise_sev5/C/erm/noisy/seed1  (47.4s)
[worker gpu=1] START gaussian_noise_sev5/C/coteaching/clean/seed0
[worker gpu=1] DONE gaussian_noise_sev5/C/coteaching/clean/seed0  (137.0s)
[worker gpu=1] START gaussian_noise_sev5/C/coteaching/clean/seed2
[worker gpu=1] DONE gaussian_noise_sev5/C/coteaching/clean/seed2  (147.5s)
[worker gpu=1] START gaussian_noise_sev5/C/coteaching/noisy/seed1
[worker gpu=1] DONE gaussian_noise_sev5/C/coteaching/noisy/seed1  (300.0s)
[worker gpu=1] START scaling_sev1/S/erm/clean/seed0
[worker gpu=1] DONE scaling_sev1/S/erm/clean/seed0  (113.0s)
[worker gpu=1] START scaling_sev1/S/erm/clean/seed1
[worker gpu=1] DONE scaling_sev1/S/erm/clean/seed1  (68.0s)
[worker gpu=1] START scaling_sev1/S/erm/noisy/seed1
[worker gpu=1] DONE scaling_sev1/S/erm/noisy/seed1  (69.4s)
[worker gpu=1] START scaling_sev1/S/coteaching/clean/seed0
[worker gpu=1] DONE scaling_sev1/S/coteaching/clean/seed0  (241.9s)
[worker gpu=1] START scaling_sev1/S/coteaching/clean/seed2
[worker gpu=1] DONE scaling_sev1/S/coteaching/clean/seed2  (127.4s)
[worker gpu=1] START scaling_sev1/S/coteaching/noisy/seed1
[worker gpu=1] DONE scaling_sev1/S/coteaching/noisy/seed1  (89.5s)
[worker gpu=1] START scaling_sev1/C/erm/clean/seed0
[worker gpu=1] DONE scaling_sev1/C/erm/clean/seed0  (77.3s)
[worker gpu=1] START scaling_sev1/C/erm/clean/seed2
[worker gpu=1] DONE scaling_sev1/C/erm/clean/seed2  (45.4s)
[worker gpu=1] START scaling_sev1/C/erm/noisy/seed1
[worker gpu=1] DONE scaling_sev1/C/erm/noisy/seed1  (61.2s)
[worker gpu=1] START scaling_sev1/C/erm/noisy/seed2
[worker gpu=1] DONE scaling_sev1/C/erm/noisy/seed2  (40.4s)
[worker gpu=1] START scaling_sev1/C/coteaching/clean/seed1
[worker gpu=1] DONE scaling_sev1/C/coteaching/clean/seed1  (184.4s)
[worker gpu=1] START scaling_sev1/C/coteaching/noisy/seed0
[worker gpu=1] DONE scaling_sev1/C/coteaching/noisy/seed0  (109.1s)
[worker gpu=1] START scaling_sev1/C/coteaching/noisy/seed2
[worker gpu=1] DONE scaling_sev1/C/coteaching/noisy/seed2  (101.4s)
[worker gpu=1] START scaling_sev3/S/erm/clean/seed0
[worker gpu=1] DONE scaling_sev3/S/erm/clean/seed0  (48.4s)
[worker gpu=1] START scaling_sev3/S/erm/clean/seed2
[worker gpu=1] DONE scaling_sev3/S/erm/clean/seed2  (65.6s)
[worker gpu=1] START scaling_sev3/S/erm/noisy/seed1
[worker gpu=1] DONE scaling_sev3/S/erm/noisy/seed1  (123.1s)
[worker gpu=1] START scaling_sev3/S/coteaching/clean/seed0
[worker gpu=1] DONE scaling_sev3/S/coteaching/clean/seed0  (167.2s)
[worker gpu=1] START scaling_sev3/S/coteaching/clean/seed2
[worker gpu=1] DONE scaling_sev3/S/coteaching/clean/seed2  (138.1s)
[worker gpu=1] START scaling_sev3/S/coteaching/noisy/seed1
[worker gpu=1] DONE scaling_sev3/S/coteaching/noisy/seed1  (246.0s)
[worker gpu=1] START scaling_sev3/C/erm/clean/seed0
[worker gpu=1] DONE scaling_sev3/C/erm/clean/seed0  (43.9s)
[worker gpu=1] START scaling_sev3/C/erm/noisy/seed0
[worker gpu=1] DONE scaling_sev3/C/erm/noisy/seed0  (93.5s)
[worker gpu=1] START scaling_sev3/C/erm/noisy/seed1
[worker gpu=1] DONE scaling_sev3/C/erm/noisy/seed1  (46.3s)
[worker gpu=1] START scaling_sev3/C/coteaching/clean/seed1
[worker gpu=1] DONE scaling_sev3/C/coteaching/clean/seed1  (111.6s)
[worker gpu=1] START scaling_sev3/C/coteaching/noisy/seed0
[worker gpu=1] DONE scaling_sev3/C/coteaching/noisy/seed0  (163.5s)
[worker gpu=1] START scaling_sev3/C/coteaching/noisy/seed1
[worker gpu=1] DONE scaling_sev3/C/coteaching/noisy/seed1  (97.1s)
[worker gpu=1] START scaling_sev5/S/erm/clean/seed0
[worker gpu=1] DONE scaling_sev5/S/erm/clean/seed0  (38.4s)
[worker gpu=1] START scaling_sev5/S/erm/clean/seed1
[worker gpu=1] DONE scaling_sev5/S/erm/clean/seed1  (43.7s)
[worker gpu=1] START scaling_sev5/S/erm/noisy/seed0
[worker gpu=1] DONE scaling_sev5/S/erm/noisy/seed0  (73.4s)
[worker gpu=1] START scaling_sev5/S/erm/noisy/seed2
[worker gpu=1] DONE scaling_sev5/S/erm/noisy/seed2  (41.9s)
[worker gpu=1] START scaling_sev5/S/coteaching/clean/seed0
[worker gpu=1] DONE scaling_sev5/S/coteaching/clean/seed0  (219.8s)
[worker gpu=1] START scaling_sev5/S/coteaching/noisy/seed0
[worker gpu=1] DONE scaling_sev5/S/coteaching/noisy/seed0  (186.0s)
[worker gpu=1] START scaling_sev5/S/coteaching/noisy/seed1
[worker gpu=1] DONE scaling_sev5/S/coteaching/noisy/seed1  (119.9s)
[worker gpu=1] START scaling_sev5/C/erm/clean/seed0
[worker gpu=1] DONE scaling_sev5/C/erm/clean/seed0  (67.5s)
[worker gpu=1] START scaling_sev5/C/erm/clean/seed2
[worker gpu=1] DONE scaling_sev5/C/erm/clean/seed2  (30.0s)
[worker gpu=1] START scaling_sev5/C/erm/noisy/seed1
[worker gpu=1] DONE scaling_sev5/C/erm/noisy/seed1  (80.3s)
[worker gpu=1] START scaling_sev5/C/coteaching/clean/seed0
[worker gpu=1] DONE scaling_sev5/C/coteaching/clean/seed0  (153.4s)
[worker gpu=1] START scaling_sev5/C/coteaching/clean/seed2
[worker gpu=1] DONE scaling_sev5/C/coteaching/clean/seed2  (164.2s)
[worker gpu=1] START scaling_sev5/C/coteaching/noisy/seed1
[worker gpu=1] DONE scaling_sev5/C/coteaching/noisy/seed1  (86.3s)
[worker gpu=1] START scaling_sev5/C/coteaching/noisy/seed2
[worker gpu=1] DONE scaling_sev5/C/coteaching/noisy/seed2  (219.4s)
[worker gpu=1] START missing_mcar_sev1/S/erm/clean/seed1
[worker gpu=1] DONE missing_mcar_sev1/S/erm/clean/seed1  (58.3s)
[worker gpu=1] START missing_mcar_sev1/S/erm/noisy/seed0
[worker gpu=1] DONE missing_mcar_sev1/S/erm/noisy/seed0  (84.6s)
[worker gpu=1] START missing_mcar_sev1/S/erm/noisy/seed2
[worker gpu=1] DONE missing_mcar_sev1/S/erm/noisy/seed2  (57.7s)
[worker gpu=1] START missing_mcar_sev1/S/coteaching/clean/seed1
[worker gpu=1] DONE missing_mcar_sev1/S/coteaching/clean/seed1  (317.1s)
[worker gpu=1] START missing_mcar_sev1/S/coteaching/noisy/seed0
[worker gpu=1] DONE missing_mcar_sev1/S/coteaching/noisy/seed0  (175.9s)
[worker gpu=1] START missing_mcar_sev1/S/coteaching/noisy/seed2
[worker gpu=1] DONE missing_mcar_sev1/S/coteaching/noisy/seed2  (92.9s)
[worker gpu=1] START missing_mcar_sev1/C/erm/clean/seed2
[worker gpu=1] DONE missing_mcar_sev1/C/erm/clean/seed2  (45.9s)
[worker gpu=1] START missing_mcar_sev1/C/erm/noisy/seed1
[worker gpu=1] DONE missing_mcar_sev1/C/erm/noisy/seed1  (59.9s)
[worker gpu=1] START missing_mcar_sev1/C/coteaching/clean/seed0
[worker gpu=1] DONE missing_mcar_sev1/C/coteaching/clean/seed0  (159.6s)
[worker gpu=1] START missing_mcar_sev1/C/coteaching/clean/seed2
[worker gpu=1] DONE missing_mcar_sev1/C/coteaching/clean/seed2  (228.6s)
[worker gpu=1] START missing_mcar_sev1/C/coteaching/noisy/seed1
[worker gpu=1] DONE missing_mcar_sev1/C/coteaching/noisy/seed1  (203.0s)
[worker gpu=1] START missing_mcar_sev1/C/coteaching/noisy/seed2
[worker gpu=1] DONE missing_mcar_sev1/C/coteaching/noisy/seed2  (242.8s)
[worker gpu=1] START missing_mcar_sev3/S/erm/noisy/seed1
[worker gpu=1] DONE missing_mcar_sev3/S/erm/noisy/seed1  (93.4s)
[worker gpu=1] START missing_mcar_sev3/S/coteaching/clean/seed0
[worker gpu=1] DONE missing_mcar_sev3/S/coteaching/clean/seed0  (156.3s)
[worker gpu=1] START missing_mcar_sev3/S/coteaching/clean/seed2
[worker gpu=1] DONE missing_mcar_sev3/S/coteaching/clean/seed2  (353.0s)
[worker gpu=1] START missing_mcar_sev3/S/coteaching/noisy/seed1
[worker gpu=1] DONE missing_mcar_sev3/S/coteaching/noisy/seed1  (105.9s)
[worker gpu=1] START missing_mcar_sev3/C/erm/clean/seed0
[worker gpu=1] DONE missing_mcar_sev3/C/erm/clean/seed0  (51.7s)
[worker gpu=1] START missing_mcar_sev3/C/erm/noisy/seed0
[worker gpu=1] DONE missing_mcar_sev3/C/erm/noisy/seed0  (69.8s)
[worker gpu=1] START missing_mcar_sev3/C/erm/noisy/seed2
[worker gpu=1] DONE missing_mcar_sev3/C/erm/noisy/seed2  (37.5s)
[worker gpu=1] START missing_mcar_sev3/C/coteaching/clean/seed1
[worker gpu=1] DONE missing_mcar_sev3/C/coteaching/clean/seed1  (258.0s)
[worker gpu=1] START missing_mcar_sev3/C/coteaching/noisy/seed0
[worker gpu=1] DONE missing_mcar_sev3/C/coteaching/noisy/seed0  (433.0s)
[worker gpu=1] START missing_mcar_sev3/C/coteaching/noisy/seed2
[worker gpu=1] DONE missing_mcar_sev3/C/coteaching/noisy/seed2  (218.8s)
[worker gpu=1] START missing_mcar_sev5/S/erm/clean/seed2
[worker gpu=1] DONE missing_mcar_sev5/S/erm/clean/seed2  (90.3s)
[worker gpu=1] START missing_mcar_sev5/S/erm/noisy/seed1
[worker gpu=1] DONE missing_mcar_sev5/S/erm/noisy/seed1  (155.4s)
[worker gpu=1] START missing_mcar_sev5/S/coteaching/clean/seed1
[worker gpu=1] DONE missing_mcar_sev5/S/coteaching/clean/seed1  (193.1s)
[worker gpu=1] START missing_mcar_sev5/S/coteaching/clean/seed2
[worker gpu=1] DONE missing_mcar_sev5/S/coteaching/clean/seed2  (142.1s)
[worker gpu=1] START missing_mcar_sev5/S/coteaching/noisy/seed1
[worker gpu=1] DONE missing_mcar_sev5/S/coteaching/noisy/seed1  (176.6s)
[worker gpu=1] START missing_mcar_sev5/C/erm/clean/seed0
[worker gpu=1] DONE missing_mcar_sev5/C/erm/clean/seed0  (61.8s)
[worker gpu=1] START missing_mcar_sev5/C/erm/clean/seed2
[worker gpu=1] DONE missing_mcar_sev5/C/erm/clean/seed2  (38.7s)
[worker gpu=1] START missing_mcar_sev5/C/erm/noisy/seed1
[worker gpu=1] DONE missing_mcar_sev5/C/erm/noisy/seed1  (72.5s)
[worker gpu=1] START missing_mcar_sev5/C/coteaching/clean/seed0
[worker gpu=1] DONE missing_mcar_sev5/C/coteaching/clean/seed0  (149.2s)
[worker gpu=1] START missing_mcar_sev5/C/coteaching/clean/seed2
[worker gpu=1] DONE missing_mcar_sev5/C/coteaching/clean/seed2  (192.3s)
[worker gpu=1] START missing_mcar_sev5/C/coteaching/noisy/seed1
[worker gpu=1] DONE missing_mcar_sev5/C/coteaching/noisy/seed1  (136.3s)
[worker gpu=1] START missing_mar_sev1/S/erm/clean/seed0
[worker gpu=1] DONE missing_mar_sev1/S/erm/clean/seed0  (58.9s)
[worker gpu=1] START missing_mar_sev1/S/erm/clean/seed2
[worker gpu=1] DONE missing_mar_sev1/S/erm/clean/seed2  (99.7s)
[worker gpu=1] START missing_mar_sev1/S/erm/noisy/seed1
[worker gpu=1] DONE missing_mar_sev1/S/erm/noisy/seed1  (80.4s)
[worker gpu=1] START missing_mar_sev1/S/coteaching/clean/seed0
[worker gpu=1] DONE missing_mar_sev1/S/coteaching/clean/seed0  (302.7s)
[worker gpu=1] START missing_mar_sev1/S/coteaching/clean/seed2
[worker gpu=1] DONE missing_mar_sev1/S/coteaching/clean/seed2  (301.7s)
[worker gpu=1] START missing_mar_sev1/S/coteaching/noisy/seed2
[worker gpu=1] DONE missing_mar_sev1/S/coteaching/noisy/seed2  (84.8s)
[worker gpu=1] START missing_mar_sev1/C/erm/clean/seed1
[worker gpu=1] DONE missing_mar_sev1/C/erm/clean/seed1  (90.0s)
[worker gpu=1] START missing_mar_sev1/C/erm/noisy/seed0
[worker gpu=1] DONE missing_mar_sev1/C/erm/noisy/seed0  (38.0s)
[worker gpu=1] START missing_mar_sev1/C/erm/noisy/seed2
[worker gpu=1] DONE missing_mar_sev1/C/erm/noisy/seed2  (45.5s)
[worker gpu=1] START missing_mar_sev1/C/coteaching/clean/seed1
[worker gpu=1] DONE missing_mar_sev1/C/coteaching/clean/seed1  (182.9s)
[worker gpu=1] START missing_mar_sev1/C/coteaching/noisy/seed0
[worker gpu=1] DONE missing_mar_sev1/C/coteaching/noisy/seed0  (126.2s)
[worker gpu=1] START missing_mar_sev1/C/coteaching/noisy/seed1
[worker gpu=1] DONE missing_mar_sev1/C/coteaching/noisy/seed1  (164.2s)
[worker gpu=1] START missing_mar_sev3/S/erm/clean/seed0
[worker gpu=1] DONE missing_mar_sev3/S/erm/clean/seed0  (65.6s)
[worker gpu=1] START missing_mar_sev3/S/erm/noisy/seed0
[worker gpu=1] DONE missing_mar_sev3/S/erm/noisy/seed0  (117.9s)
[worker gpu=1] START missing_mar_sev3/S/erm/noisy/seed2
[worker gpu=1] DONE missing_mar_sev3/S/erm/noisy/seed2  (60.0s)
[worker gpu=1] START missing_mar_sev3/S/coteaching/clean/seed1
[worker gpu=1] DONE missing_mar_sev3/S/coteaching/clean/seed1  (155.6s)
[worker gpu=1] START missing_mar_sev3/S/coteaching/noisy/seed0
[worker gpu=1] DONE missing_mar_sev3/S/coteaching/noisy/seed0  (149.6s)
[worker gpu=1] START missing_mar_sev3/S/coteaching/noisy/seed1
[worker gpu=1] DONE missing_mar_sev3/S/coteaching/noisy/seed1  (95.9s)
[worker gpu=1] START missing_mar_sev3/C/erm/clean/seed0
[worker gpu=1] DONE missing_mar_sev3/C/erm/clean/seed0  (42.5s)
[worker gpu=1] START missing_mar_sev3/C/erm/clean/seed1
[worker gpu=1] DONE missing_mar_sev3/C/erm/clean/seed1  (39.9s)
[worker gpu=1] START missing_mar_sev3/C/erm/noisy/seed0
[worker gpu=1] DONE missing_mar_sev3/C/erm/noisy/seed0  (51.4s)
[worker gpu=1] START missing_mar_sev3/C/erm/noisy/seed2
[worker gpu=1] DONE missing_mar_sev3/C/erm/noisy/seed2  (61.5s)
[worker gpu=1] START missing_mar_sev3/C/coteaching/clean/seed1
[worker gpu=1] DONE missing_mar_sev3/C/coteaching/clean/seed1  (237.0s)
[worker gpu=1] START missing_mar_sev3/C/coteaching/clean/seed2
[worker gpu=1] DONE missing_mar_sev3/C/coteaching/clean/seed2  (211.1s)
[worker gpu=1] START missing_mar_sev3/C/coteaching/noisy/seed1
[worker gpu=1] DONE missing_mar_sev3/C/coteaching/noisy/seed1  (217.9s)
[worker gpu=1] START missing_mar_sev5/S/erm/clean/seed0
[worker gpu=1] DONE missing_mar_sev5/S/erm/clean/seed0  (120.6s)
[worker gpu=1] START missing_mar_sev5/S/erm/clean/seed2
[worker gpu=1] DONE missing_mar_sev5/S/erm/clean/seed2  (73.3s)
[worker gpu=1] START missing_mar_sev5/S/erm/noisy/seed1
[worker gpu=1] DONE missing_mar_sev5/S/erm/noisy/seed1  (146.7s)
[worker gpu=1] START missing_mar_sev5/S/coteaching/clean/seed0
[worker gpu=1] DONE missing_mar_sev5/S/coteaching/clean/seed0  (182.8s)
[worker gpu=1] START missing_mar_sev5/S/coteaching/clean/seed2
[worker gpu=1] DONE missing_mar_sev5/S/coteaching/clean/seed2  (160.5s)
[worker gpu=1] START missing_mar_sev5/S/coteaching/noisy/seed1
[worker gpu=1] DONE missing_mar_sev5/S/coteaching/noisy/seed1  (167.4s)
[worker gpu=1] START missing_mar_sev5/C/erm/clean/seed0
[worker gpu=1] DONE missing_mar_sev5/C/erm/clean/seed0  (27.8s)
[worker gpu=1] START missing_mar_sev5/C/erm/clean/seed1
[worker gpu=1] DONE missing_mar_sev5/C/erm/clean/seed1  (44.1s)
[worker gpu=1] START missing_mar_sev5/C/erm/noisy/seed0
[worker gpu=1] DONE missing_mar_sev5/C/erm/noisy/seed0  (37.0s)
[worker gpu=1] START missing_mar_sev5/C/erm/noisy/seed2
[worker gpu=1] DONE missing_mar_sev5/C/erm/noisy/seed2  (39.0s)
[worker gpu=1] START missing_mar_sev5/C/coteaching/clean/seed1
[worker gpu=1] DONE missing_mar_sev5/C/coteaching/clean/seed1  (140.4s)
[worker gpu=1] START missing_mar_sev5/C/coteaching/clean/seed2
[worker gpu=1] DONE missing_mar_sev5/C/coteaching/clean/seed2  (162.4s)
[worker gpu=1] START missing_mar_sev5/C/coteaching/noisy/seed1
[worker gpu=1] DONE missing_mar_sev5/C/coteaching/noisy/seed1  (324.3s)
[worker gpu=1] START missing_mnar_sev1/S/erm/noisy/seed0
[worker gpu=1] DONE missing_mnar_sev1/S/erm/noisy/seed0  (68.9s)
[worker gpu=1] START missing_mnar_sev1/S/erm/noisy/seed2
[worker gpu=1] DONE missing_mnar_sev1/S/erm/noisy/seed2  (160.4s)
[worker gpu=1] START missing_mnar_sev1/S/coteaching/clean/seed1
[worker gpu=1] DONE missing_mnar_sev1/S/coteaching/clean/seed1  (268.0s)
[worker gpu=1] START missing_mnar_sev1/S/coteaching/noisy/seed0
[worker gpu=1] DONE missing_mnar_sev1/S/coteaching/noisy/seed0  (155.2s)
[worker gpu=1] START missing_mnar_sev1/S/coteaching/noisy/seed1
[worker gpu=1] DONE missing_mnar_sev1/S/coteaching/noisy/seed1  (160.8s)
[worker gpu=1] START missing_mnar_sev1/C/erm/clean/seed0
[worker gpu=1] DONE missing_mnar_sev1/C/erm/clean/seed0  (102.1s)
[worker gpu=1] START missing_mnar_sev1/C/erm/clean/seed1
[worker gpu=1] DONE missing_mnar_sev1/C/erm/clean/seed1  (69.1s)
[worker gpu=1] START missing_mnar_sev1/C/erm/noisy/seed1
[worker gpu=1] DONE missing_mnar_sev1/C/erm/noisy/seed1  (76.6s)
[worker gpu=1] START missing_mnar_sev1/C/coteaching/clean/seed0
[worker gpu=1] DONE missing_mnar_sev1/C/coteaching/clean/seed0  (163.9s)
[worker gpu=1] START missing_mnar_sev1/C/coteaching/clean/seed2
[worker gpu=1] DONE missing_mnar_sev1/C/coteaching/clean/seed2  (174.2s)
[worker gpu=1] START missing_mnar_sev1/C/coteaching/noisy/seed1
[worker gpu=1] DONE missing_mnar_sev1/C/coteaching/noisy/seed1  (179.8s)
[worker gpu=1] START missing_mnar_sev3/S/erm/clean/seed0
[worker gpu=1] DONE missing_mnar_sev3/S/erm/clean/seed0  (74.6s)
[worker gpu=1] START missing_mnar_sev3/S/erm/clean/seed1
[worker gpu=1] DONE missing_mnar_sev3/S/erm/clean/seed1  (44.2s)
[worker gpu=1] START missing_mnar_sev3/S/erm/noisy/seed0
[worker gpu=1] DONE missing_mnar_sev3/S/erm/noisy/seed0  (81.1s)
[worker gpu=1] START missing_mnar_sev3/S/erm/noisy/seed2
[worker gpu=1] DONE missing_mnar_sev3/S/erm/noisy/seed2  (71.4s)
[worker gpu=1] START missing_mnar_sev3/S/coteaching/clean/seed1
[worker gpu=1] DONE missing_mnar_sev3/S/coteaching/clean/seed1  (129.2s)
[worker gpu=1] START missing_mnar_sev3/S/coteaching/noisy/seed1
[worker gpu=1] DONE missing_mnar_sev3/S/coteaching/noisy/seed1  (195.5s)
[worker gpu=1] START missing_mnar_sev3/C/erm/clean/seed0
[worker gpu=1] DONE missing_mnar_sev3/C/erm/clean/seed0  (51.0s)
[worker gpu=1] START missing_mnar_sev3/C/erm/clean/seed1
[worker gpu=1] DONE missing_mnar_sev3/C/erm/clean/seed1  (54.9s)
[worker gpu=1] START missing_mnar_sev3/C/erm/noisy/seed0
[worker gpu=1] DONE missing_mnar_sev3/C/erm/noisy/seed0  (103.3s)
[worker gpu=1] START missing_mnar_sev3/C/erm/noisy/seed2
[worker gpu=1] DONE missing_mnar_sev3/C/erm/noisy/seed2  (72.5s)
[worker gpu=1] START missing_mnar_sev3/C/coteaching/clean/seed1
[worker gpu=1] DONE missing_mnar_sev3/C/coteaching/clean/seed1  (178.9s)
[worker gpu=1] START missing_mnar_sev3/C/coteaching/noisy/seed0
[worker gpu=1] DONE missing_mnar_sev3/C/coteaching/noisy/seed0  (388.9s)
[worker gpu=1] START missing_mnar_sev3/C/coteaching/noisy/seed2
[worker gpu=1] DONE missing_mnar_sev3/C/coteaching/noisy/seed2  (312.9s)
[worker gpu=1] START missing_mnar_sev5/S/erm/noisy/seed1
[worker gpu=1] DONE missing_mnar_sev5/S/erm/noisy/seed1  (122.0s)
[worker gpu=1] START missing_mnar_sev5/S/coteaching/clean/seed0
[worker gpu=1] DONE missing_mnar_sev5/S/coteaching/clean/seed0  (181.1s)
[worker gpu=1] START missing_mnar_sev5/S/coteaching/clean/seed2
[worker gpu=1] DONE missing_mnar_sev5/S/coteaching/clean/seed2  (81.4s)
[worker gpu=1] START missing_mnar_sev5/S/coteaching/noisy/seed1
[worker gpu=1] DONE missing_mnar_sev5/S/coteaching/noisy/seed1  (88.6s)
[worker gpu=1] START missing_mnar_sev5/C/erm/clean/seed0
[worker gpu=1] DONE missing_mnar_sev5/C/erm/clean/seed0  (53.2s)
[worker gpu=1] START missing_mnar_sev5/C/erm/clean/seed2
[worker gpu=1] DONE missing_mnar_sev5/C/erm/clean/seed2  (82.2s)
[worker gpu=1] START missing_mnar_sev5/C/erm/noisy/seed1
[worker gpu=1] DONE missing_mnar_sev5/C/erm/noisy/seed1  (62.1s)
[worker gpu=1] START missing_mnar_sev5/C/coteaching/clean/seed0
[worker gpu=1] DONE missing_mnar_sev5/C/coteaching/clean/seed0  (98.4s)
[worker gpu=1] START missing_mnar_sev5/C/coteaching/clean/seed2
[worker gpu=1] DONE missing_mnar_sev5/C/coteaching/clean/seed2  (165.1s)
[worker gpu=1] START missing_mnar_sev5/C/coteaching/noisy/seed1
[worker gpu=1] DONE missing_mnar_sev5/C/coteaching/noisy/seed1  (123.2s)
[worker gpu=1] no pending rows, done
