[worker gpu=2] manifest=agnews_grid.csv
[worker gpu=2] START butter_fingers_sev1/S/erm/clean/seed1
[worker gpu=2] DONE butter_fingers_sev1/S/erm/clean/seed1  (845.2s)
[worker gpu=2] START butter_fingers_sev1/S/erm/noisy/seed0
[worker gpu=2] DONE butter_fingers_sev1/S/erm/noisy/seed0  (1077.6s)
[worker gpu=2] START butter_fingers_sev1/S/erm/noisy/seed2
[worker gpu=2] DONE butter_fingers_sev1/S/erm/noisy/seed2  (936.4s)
[worker gpu=2] START butter_fingers_sev1/S/coteaching/clean/seed1
[worker gpu=2] DONE butter_fingers_sev1/S/coteaching/clean/seed1  (2339.6s)
[worker gpu=2] START butter_fingers_sev1/S/coteaching/noisy/seed0
[worker gpu=2] DONE butter_fingers_sev1/S/coteaching/noisy/seed0  (2533.8s)
[worker gpu=2] START butter_fingers_sev1/S/coteaching/noisy/seed2
[worker gpu=2] DONE butter_fingers_sev1/S/coteaching/noisy/seed2  (2342.9s)
[worker gpu=2] START butter_fingers_sev1/C/erm/clean/seed1
[worker gpu=2] DONE butter_fingers_sev1/C/erm/clean/seed1  (788.5s)
[worker gpu=2] START butter_fingers_sev1/C/erm/noisy/seed0
[worker gpu=2] DONE butter_fingers_sev1/C/erm/noisy/seed0  (742.6s)
[worker gpu=2] START butter_fingers_sev1/C/erm/noisy/seed2
[worker gpu=2] DONE butter_fingers_sev1/C/erm/noisy/seed2  (684.5s)
[worker gpu=2] START butter_fingers_sev1/C/coteaching/clean/seed1
[worker gpu=2] DONE butter_fingers_sev1/C/coteaching/clean/seed1  (1873.4s)
[worker gpu=2] START butter_fingers_sev1/C/coteaching/noisy/seed0
[worker gpu=2] DONE butter_fingers_sev1/C/coteaching/noisy/seed0  (1741.3s)
[worker gpu=2] START butter_fingers_sev1/C/coteaching/noisy/seed2
[worker gpu=2] DONE butter_fingers_sev1/C/coteaching/noisy/seed2  (1667.1s)
[worker gpu=2] START butter_fingers_sev3/S/erm/clean/seed1
[worker gpu=2] DONE butter_fingers_sev3/S/erm/clean/seed1  (962.3s)
[worker gpu=2] START butter_fingers_sev3/S/erm/noisy/seed0
[worker gpu=2] DONE butter_fingers_sev3/S/erm/noisy/seed0  (845.1s)
[worker gpu=2] START butter_fingers_sev3/S/erm/noisy/seed2
[worker gpu=2] DONE butter_fingers_sev3/S/erm/noisy/seed2  (1015.3s)
[worker gpu=2] START butter_fingers_sev3/S/coteaching/clean/seed1
[worker gpu=2] DONE butter_fingers_sev3/S/coteaching/clean/seed1  (2545.0s)
[worker gpu=2] START butter_fingers_sev3/S/coteaching/noisy/seed0
[worker gpu=2] DONE butter_fingers_sev3/S/coteaching/noisy/seed0  (2422.1s)
[worker gpu=2] START butter_fingers_sev3/S/coteaching/noisy/seed2
[worker gpu=2] DONE butter_fingers_sev3/S/coteaching/noisy/seed2  (2446.5s)
[worker gpu=2] START butter_fingers_sev3/C/erm/clean/seed1
[worker gpu=2] DONE butter_fingers_sev3/C/erm/clean/seed1  (682.1s)
[worker gpu=2] START butter_fingers_sev3/C/erm/noisy/seed0
[worker gpu=2] DONE butter_fingers_sev3/C/erm/noisy/seed0  (798.3s)
[worker gpu=2] START butter_fingers_sev3/C/erm/noisy/seed2
[worker gpu=2] DONE butter_fingers_sev3/C/erm/noisy/seed2  (801.9s)
[worker gpu=2] START butter_fingers_sev3/C/coteaching/clean/seed1
[worker gpu=2] DONE butter_fingers_sev3/C/coteaching/clean/seed1  (1743.6s)
[worker gpu=2] START butter_fingers_sev3/C/coteaching/noisy/seed0
[worker gpu=2] DONE butter_fingers_sev3/C/coteaching/noisy/seed0  (1548.7s)
[worker gpu=2] START butter_fingers_sev3/C/coteaching/noisy/seed1
[worker gpu=2] DONE butter_fingers_sev3/C/coteaching/noisy/seed1  (1978.9s)
[worker gpu=2] START butter_fingers_sev5/S/erm/clean/seed1
[worker gpu=2] DONE butter_fingers_sev5/S/erm/clean/seed1  (1094.0s)
[worker gpu=2] START butter_fingers_sev5/S/erm/noisy/seed0
[worker gpu=2] DONE butter_fingers_sev5/S/erm/noisy/seed0  (1113.1s)
[worker gpu=2] START butter_fingers_sev5/S/erm/noisy/seed2
[worker gpu=2] DONE butter_fingers_sev5/S/erm/noisy/seed2  (898.7s)
[worker gpu=2] START butter_fingers_sev5/S/coteaching/clean/seed1
[worker gpu=2] DONE butter_fingers_sev5/S/coteaching/clean/seed1  (2478.9s)
[worker gpu=2] START butter_fingers_sev5/S/coteaching/noisy/seed0
[worker gpu=2] DONE butter_fingers_sev5/S/coteaching/noisy/seed0  (2292.8s)
[worker gpu=2] START butter_fingers_sev5/S/coteaching/noisy/seed2
[worker gpu=2] DONE butter_fingers_sev5/S/coteaching/noisy/seed2  (2657.1s)
[worker gpu=2] START butter_fingers_sev5/C/erm/clean/seed1
[worker gpu=2] DONE butter_fingers_sev5/C/erm/clean/seed1  (879.4s)
[worker gpu=2] START butter_fingers_sev5/C/erm/noisy/seed0
[worker gpu=2] DONE butter_fingers_sev5/C/erm/noisy/seed0  (717.7s)
[worker gpu=2] START butter_fingers_sev5/C/erm/noisy/seed2
[worker gpu=2] DONE butter_fingers_sev5/C/erm/noisy/seed2  (784.2s)
[worker gpu=2] START butter_fingers_sev5/C/coteaching/clean/seed1
[worker gpu=2] DONE butter_fingers_sev5/C/coteaching/clean/seed1  (2207.3s)
[worker gpu=2] START butter_fingers_sev5/C/coteaching/noisy/seed0
[worker gpu=2] DONE butter_fingers_sev5/C/coteaching/noisy/seed0  (1625.4s)
[worker gpu=2] START butter_fingers_sev5/C/coteaching/noisy/seed2
[worker gpu=2] DONE butter_fingers_sev5/C/coteaching/noisy/seed2  (1640.2s)
[worker gpu=2] START front_truncation_sev1/S/erm/clean/seed1
[worker gpu=2] DONE front_truncation_sev1/S/erm/clean/seed1  (906.2s)
[worker gpu=2] START front_truncation_sev1/S/erm/noisy/seed0
[worker gpu=2] DONE front_truncation_sev1/S/erm/noisy/seed0  (936.8s)
[worker gpu=2] START front_truncation_sev1/S/erm/noisy/seed2
[worker gpu=2] DONE front_truncation_sev1/S/erm/noisy/seed2  (767.8s)
[worker gpu=2] START front_truncation_sev1/S/coteaching/clean/seed1
[worker gpu=2] DONE front_truncation_sev1/S/coteaching/clean/seed1  (2087.9s)
[worker gpu=2] START front_truncation_sev1/S/coteaching/noisy/seed0
[worker gpu=2] DONE front_truncation_sev1/S/coteaching/noisy/seed0  (2064.0s)
[worker gpu=2] START front_truncation_sev1/S/coteaching/noisy/seed2
[worker gpu=2] DONE front_truncation_sev1/S/coteaching/noisy/seed2  (2855.4s)
[worker gpu=2] START front_truncation_sev1/C/erm/clean/seed1
[worker gpu=2] DONE front_truncation_sev1/C/erm/clean/seed1  (668.5s)
[worker gpu=2] START front_truncation_sev1/C/erm/noisy/seed0
[worker gpu=2] DONE front_truncation_sev1/C/erm/noisy/seed0  (811.6s)
[worker gpu=2] START front_truncation_sev1/C/erm/noisy/seed2
[worker gpu=2] DONE front_truncation_sev1/C/erm/noisy/seed2  (875.6s)
[worker gpu=2] START front_truncation_sev1/C/coteaching/clean/seed1
[worker gpu=2] DONE front_truncation_sev1/C/coteaching/clean/seed1  (2003.2s)
[worker gpu=2] START front_truncation_sev1/C/coteaching/noisy/seed0
[worker gpu=2] DONE front_truncation_sev1/C/coteaching/noisy/seed0  (1881.7s)
[worker gpu=2] START front_truncation_sev1/C/coteaching/noisy/seed2
[worker gpu=2] DONE front_truncation_sev1/C/coteaching/noisy/seed2  (1922.9s)
[worker gpu=2] START front_truncation_sev3/S/erm/clean/seed1
[worker gpu=2] DONE front_truncation_sev3/S/erm/clean/seed1  (1031.4s)
[worker gpu=2] START front_truncation_sev3/S/erm/noisy/seed0
[worker gpu=2] DONE front_truncation_sev3/S/erm/noisy/seed0  (1123.9s)
[worker gpu=2] START front_truncation_sev3/S/erm/noisy/seed2
[worker gpu=2] DONE front_truncation_sev3/S/erm/noisy/seed2  (1082.5s)
[worker gpu=2] START front_truncation_sev3/S/coteaching/clean/seed1
[worker gpu=2] DONE front_truncation_sev3/S/coteaching/clean/seed1  (2617.6s)
[worker gpu=2] START front_truncation_sev3/S/coteaching/noisy/seed0
[worker gpu=2] DONE front_truncation_sev3/S/coteaching/noisy/seed0  (2664.7s)
[worker gpu=2] START front_truncation_sev3/S/coteaching/noisy/seed2
[worker gpu=2] DONE front_truncation_sev3/S/coteaching/noisy/seed2  (2600.7s)
[worker gpu=2] START front_truncation_sev3/C/erm/clean/seed1
[worker gpu=2] DONE front_truncation_sev3/C/erm/clean/seed1  (823.0s)
[worker gpu=2] START front_truncation_sev3/C/erm/noisy/seed0
[worker gpu=2] DONE front_truncation_sev3/C/erm/noisy/seed0  (762.5s)
[worker gpu=2] START front_truncation_sev3/C/erm/noisy/seed2
[worker gpu=2] DONE front_truncation_sev3/C/erm/noisy/seed2  (707.5s)
[worker gpu=2] START front_truncation_sev3/C/coteaching/clean/seed1
[worker gpu=2] DONE front_truncation_sev3/C/coteaching/clean/seed1  (1702.1s)
[worker gpu=2] START front_truncation_sev3/C/coteaching/noisy/seed0
[worker gpu=2] DONE front_truncation_sev3/C/coteaching/noisy/seed0  (1926.1s)
[worker gpu=2] START front_truncation_sev3/C/coteaching/noisy/seed2
[worker gpu=2] DONE front_truncation_sev3/C/coteaching/noisy/seed2  (1852.6s)
[worker gpu=2] START front_truncation_sev5/S/erm/clean/seed1
[worker gpu=2] DONE front_truncation_sev5/S/erm/clean/seed1  (980.8s)
[worker gpu=2] START front_truncation_sev5/S/erm/noisy/seed0
[worker gpu=2] DONE front_truncation_sev5/S/erm/noisy/seed0  (794.1s)
[worker gpu=2] START front_truncation_sev5/S/erm/noisy/seed1
[worker gpu=2] DONE front_truncation_sev5/S/erm/noisy/seed1  (1055.0s)
[worker gpu=2] START front_truncation_sev5/S/coteaching/clean/seed1
[worker gpu=2] DONE front_truncation_sev5/S/coteaching/clean/seed1  (2798.7s)
[worker gpu=2] START front_truncation_sev5/S/coteaching/noisy/seed0
[worker gpu=2] DONE front_truncation_sev5/S/coteaching/noisy/seed0  (2331.7s)
[worker gpu=2] START front_truncation_sev5/S/coteaching/noisy/seed2
[worker gpu=2] DONE front_truncation_sev5/S/coteaching/noisy/seed2  (2579.1s)
[worker gpu=2] START front_truncation_sev5/C/erm/clean/seed1
[worker gpu=2] DONE front_truncation_sev5/C/erm/clean/seed1  (758.5s)
[worker gpu=2] START front_truncation_sev5/C/erm/noisy/seed0
[worker gpu=2] DONE front_truncation_sev5/C/erm/noisy/seed0  (652.3s)
[worker gpu=2] START front_truncation_sev5/C/erm/noisy/seed2
[worker gpu=2] DONE front_truncation_sev5/C/erm/noisy/seed2  (705.4s)
[worker gpu=2] START front_truncation_sev5/C/coteaching/clean/seed1
[worker gpu=2] DONE front_truncation_sev5/C/coteaching/clean/seed1  (1308.0s)
[worker gpu=2] START front_truncation_sev5/C/coteaching/noisy/seed0
[worker gpu=2] DONE front_truncation_sev5/C/coteaching/noisy/seed0  (1663.1s)
[worker gpu=2] START front_truncation_sev5/C/coteaching/noisy/seed2
[worker gpu=2] DONE front_truncation_sev5/C/coteaching/noisy/seed2  (1234.8s)
[worker gpu=2] no pending rows, done
