[00:58:56] === START train_deit3_cifar on GPU 1 ===
/path/to/ciln-workspace/venv/lib64/python3.12/site-packages/torchvision/datasets/cifar.py:83: VisibleDeprecationWarning: dtype(): align should be passed as Python or NumPy boolean but got `align=0`. Did you mean to pass a tuple to create a subarray type? (Deprecated NumPy 2.4)
  entry = pickle.load(f, encoding="latin1")
Files already downloaded and verified
Files already downloaded and verified
[loaders] cifar10: train=45000  val=5000  test=10000
Warning: You are sending unauthenticated requests to the HF Hub. Please set a HF_TOKEN to enable higher rate limits and faster downloads.
[deit3_small/cifar10] AMP enabled: True
[deit3_small/cifar10] ep 1/20  lr=1e-06  train_loss=2.3519 train_acc=0.1264  val_loss=2.1688 val_acc=0.2338  (97.6s)
[deit3_small/cifar10] ep 2/20  lr=2.8e-06  train_loss=2.0568 train_acc=0.2803  val_loss=1.1325 val_acc=0.7356  (96.9s)
[deit3_small/cifar10] ep 3/20  lr=4.6e-06  train_loss=1.7678 train_acc=0.4435  val_loss=0.5411 val_acc=0.9132  (96.8s)
[deit3_small/cifar10] ep 4/20  lr=6.4e-06  train_loss=1.6020 train_acc=0.5066  val_loss=0.4131 val_acc=0.9490  (96.9s)
[deit3_small/cifar10] ep 5/20  lr=8.2e-06  train_loss=1.5482 train_acc=0.5298  val_loss=0.3523 val_acc=0.9606  (96.7s)
/path/to/ciln-workspace/venv/lib64/python3.12/site-packages/torch/optim/lr_scheduler.py:240: UserWarning: The epoch parameter in `scheduler.step()` was not necessary and is being deprecated where possible. Please use `scheduler.step()` to step the scheduler. During the deprecation, if epoch is different from None, the closed form is used instead of the new chainable form, where available. Please open an issue if you are unable to replicate your use case: https://github.com/pytorch/pytorch/issues/new/choose.
  warnings.warn(EPOCH_DEPRECATION_WARNING, UserWarning)
[deit3_small/cifar10] ep 6/20  lr=1e-05  train_loss=1.4807 train_acc=0.5702  val_loss=0.3468 val_acc=0.9694  (96.8s)
[deit3_small/cifar10] ep 7/20  lr=9.891e-06  train_loss=1.4583 train_acc=0.5577  val_loss=0.2879 val_acc=0.9746  (96.8s)
[deit3_small/cifar10] ep 8/20  lr=9.568e-06  train_loss=1.4127 train_acc=0.5858  val_loss=0.2818 val_acc=0.9752  (96.8s)
[deit3_small/cifar10] ep 9/20  lr=9.045e-06  train_loss=1.4294 train_acc=0.5547  val_loss=0.3008 val_acc=0.9762  (96.9s)
[deit3_small/cifar10] ep 10/20  lr=8.346e-06  train_loss=1.3963 train_acc=0.5453  val_loss=0.2711 val_acc=0.9782  (96.8s)
[deit3_small/cifar10] ep 11/20  lr=7.5e-06  train_loss=1.3882 train_acc=0.5730  val_loss=0.2633 val_acc=0.9758  (96.7s)
[deit3_small/cifar10] ep 12/20  lr=6.545e-06  train_loss=1.3727 train_acc=0.5717  val_loss=0.2745 val_acc=0.9810  (96.7s)
[deit3_small/cifar10] ep 13/20  lr=5.523e-06  train_loss=1.3468 train_acc=0.6094  val_loss=0.2568 val_acc=0.9804  (96.7s)
[deit3_small/cifar10] ep 14/20  lr=4.477e-06  train_loss=1.3601 train_acc=0.5710  val_loss=0.2775 val_acc=0.9788  (96.8s)
[deit3_small/cifar10] ep 15/20  lr=3.455e-06  train_loss=1.3493 train_acc=0.5622  val_loss=0.2542 val_acc=0.9784  (96.8s)
[deit3_small/cifar10] ep 16/20  lr=2.5e-06  train_loss=1.3606 train_acc=0.5703  val_loss=0.2827 val_acc=0.9798  (96.9s)
[deit3_small/cifar10] ep 17/20  lr=1.654e-06  train_loss=1.3288 train_acc=0.5911  val_loss=0.2561 val_acc=0.9798  (96.8s)
[deit3_small/cifar10] ep 18/20  lr=9.549e-07  train_loss=1.3380 train_acc=0.5859  val_loss=0.2407 val_acc=0.9800  (96.8s)
[deit3_small/cifar10] ep 19/20  lr=4.323e-07  train_loss=1.3583 train_acc=0.5851  val_loss=0.2522 val_acc=0.9806  (96.8s)
[deit3_small/cifar10] ep 20/20  lr=1.093e-07  train_loss=1.3350 train_acc=0.5941  val_loss=0.2476 val_acc=0.9806  (96.8s)

=== DONE [deit3_small/cifar10] ===
  best val acc:  0.9810 at epoch 12
  test acc:      0.9761 (loss 0.2800)
  train acc:     0.8618
  total time:    33.5 min
  ckpt:          /path/to/ciln-workspace/journal_edition/checkpoints/deit3_small_cifar10_best.pt
[01:32:40] === DONE  train_deit3_cifar (GPU 1) ===
[16:15:30] === START train_deit3_cifar on GPU 1 ===
/path/to/ciln-workspace/venv/lib64/python3.12/site-packages/torchvision/datasets/cifar.py:83: VisibleDeprecationWarning: dtype(): align should be passed as Python or NumPy boolean but got `align=0`. Did you mean to pass a tuple to create a subarray type? (Deprecated NumPy 2.4)
  entry = pickle.load(f, encoding="latin1")
Files already downloaded and verified
Files already downloaded and verified
[loaders] cifar10: train=22500  val=2500  test=10000
Warning: You are sending unauthenticated requests to the HF Hub. Please set a HF_TOKEN to enable higher rate limits and faster downloads.
[deit3_small/cifar10] AMP enabled: True
[deit3_small/cifar10] ep 1/20  lr=1e-06  train_loss=2.3849 train_acc=0.1079  val_loss=2.2611 val_acc=0.1768  (49.7s)
[deit3_small/cifar10] ep 2/20  lr=2.8e-06  train_loss=2.2278 train_acc=0.1850  val_loss=1.8616 val_acc=0.5256  (48.6s)
[deit3_small/cifar10] ep 3/20  lr=4.6e-06  train_loss=1.9387 train_acc=0.3332  val_loss=0.9476 val_acc=0.8440  (48.7s)
[deit3_small/cifar10] ep 4/20  lr=6.4e-06  train_loss=1.7597 train_acc=0.4494  val_loss=0.5902 val_acc=0.9120  (48.7s)
[deit3_small/cifar10] ep 5/20  lr=8.2e-06  train_loss=1.6744 train_acc=0.4965  val_loss=0.4745 val_acc=0.9424  (48.7s)
/path/to/ciln-workspace/venv/lib64/python3.12/site-packages/torch/optim/lr_scheduler.py:240: UserWarning: The epoch parameter in `scheduler.step()` was not necessary and is being deprecated where possible. Please use `scheduler.step()` to step the scheduler. During the deprecation, if epoch is different from None, the closed form is used instead of the new chainable form, where available. Please open an issue if you are unable to replicate your use case: https://github.com/pytorch/pytorch/issues/new/choose.
  warnings.warn(EPOCH_DEPRECATION_WARNING, UserWarning)
[deit3_small/cifar10] ep 6/20  lr=1e-05  train_loss=1.5806 train_acc=0.5204  val_loss=0.3853 val_acc=0.9584  (48.7s)
[deit3_small/cifar10] ep 7/20  lr=9.891e-06  train_loss=1.5197 train_acc=0.5112  val_loss=0.3694 val_acc=0.9592  (48.7s)
[deit3_small/cifar10] ep 8/20  lr=9.568e-06  train_loss=1.4949 train_acc=0.5704  val_loss=0.3397 val_acc=0.9656  (48.7s)
[deit3_small/cifar10] ep 9/20  lr=9.045e-06  train_loss=1.4913 train_acc=0.5466  val_loss=0.3192 val_acc=0.9692  (48.7s)
[deit3_small/cifar10] ep 10/20  lr=8.346e-06  train_loss=1.4739 train_acc=0.5427  val_loss=0.2979 val_acc=0.9692  (48.7s)
[deit3_small/cifar10] ep 11/20  lr=7.5e-06  train_loss=1.4136 train_acc=0.5996  val_loss=0.2808 val_acc=0.9740  (48.8s)
[deit3_small/cifar10] ep 12/20  lr=6.545e-06  train_loss=1.4550 train_acc=0.5692  val_loss=0.3098 val_acc=0.9732  (48.7s)
[deit3_small/cifar10] ep 13/20  lr=5.523e-06  train_loss=1.4349 train_acc=0.5512  val_loss=0.3043 val_acc=0.9744  (48.8s)
[deit3_small/cifar10] ep 14/20  lr=4.477e-06  train_loss=1.4395 train_acc=0.5741  val_loss=0.2722 val_acc=0.9744  (48.7s)
[deit3_small/cifar10] ep 15/20  lr=3.455e-06  train_loss=1.3922 train_acc=0.6011  val_loss=0.2790 val_acc=0.9744  (48.7s)
[deit3_small/cifar10] ep 16/20  lr=2.5e-06  train_loss=1.4003 train_acc=0.5761  val_loss=0.2738 val_acc=0.9760  (48.7s)
[deit3_small/cifar10] ep 17/20  lr=1.654e-06  train_loss=1.4273 train_acc=0.5775  val_loss=0.2746 val_acc=0.9764  (48.7s)
[deit3_small/cifar10] ep 18/20  lr=9.549e-07  train_loss=1.4171 train_acc=0.5311  val_loss=0.2846 val_acc=0.9760  (48.7s)
[deit3_small/cifar10] ep 19/20  lr=4.323e-07  train_loss=1.4171 train_acc=0.5169  val_loss=0.2793 val_acc=0.9756  (48.8s)
[deit3_small/cifar10] ep 20/20  lr=1.093e-07  train_loss=1.4011 train_acc=0.5639  val_loss=0.2788 val_acc=0.9756  (48.7s)

=== DONE [deit3_small/cifar10] ===
  best val acc:  0.9764 at epoch 17
  test acc:      0.9715 (loss 0.2856)
  train acc:     0.8481
  total time:    17.0 min
  ckpt:          /path/to/ciln-workspace/journal_edition/checkpoints/deit3_small_cifar10_best.pt
[16:32:45] === DONE  train_deit3_cifar (GPU 1) ===
