[21:03:35] === START train_wrn28_10_cifar on GPU 1 ===
/path/to/ciln-workspace/venv/lib64/python3.12/site-packages/torchvision/datasets/cifar.py:83: VisibleDeprecationWarning: dtype(): align should be passed as Python or NumPy boolean but got `align=0`. Did you mean to pass a tuple to create a subarray type? (Deprecated NumPy 2.4)
  entry = pickle.load(f, encoding="latin1")
Files already downloaded and verified
Files already downloaded and verified
[loaders] cifar10: train=45000  val=5000  test=10000
[wrn28_10/cifar10] AMP enabled: True
[wrn28_10/cifar10] ep 1/200  lr=0.1  train_loss=1.5266 train_acc=0.5152  val_loss=1.5109 val_acc=0.5252  (63.6s)
[wrn28_10/cifar10] ep 2/200  lr=0.1  train_loss=1.0071 train_acc=0.7195  val_loss=1.1992 val_acc=0.6146  (63.5s)
[wrn28_10/cifar10] ep 3/200  lr=0.1  train_loss=0.8349 train_acc=0.7805  val_loss=1.5477 val_acc=0.6078  (63.7s)
[wrn28_10/cifar10] ep 4/200  lr=0.1  train_loss=0.7116 train_acc=0.8286  val_loss=1.3103 val_acc=0.6320  (63.7s)
[wrn28_10/cifar10] ep 5/200  lr=0.1  train_loss=0.6297 train_acc=0.8598  val_loss=1.2943 val_acc=0.6416  (63.8s)
[wrn28_10/cifar10] ep 6/200  lr=0.1  train_loss=0.5748 train_acc=0.8802  val_loss=0.9152 val_acc=0.7252  (63.7s)
[wrn28_10/cifar10] ep 7/200  lr=0.1  train_loss=0.5364 train_acc=0.8951  val_loss=0.9414 val_acc=0.7244  (63.6s)
[wrn28_10/cifar10] ep 8/200  lr=0.1  train_loss=0.5080 train_acc=0.9071  val_loss=1.0364 val_acc=0.7030  (63.5s)
[wrn28_10/cifar10] ep 9/200  lr=0.1  train_loss=0.4871 train_acc=0.9144  val_loss=0.8616 val_acc=0.7314  (63.5s)
[wrn28_10/cifar10] ep 10/200  lr=0.1  train_loss=0.4683 train_acc=0.9235  val_loss=1.1723 val_acc=0.6890  (63.5s)
[wrn28_10/cifar10] ep 11/200  lr=0.1  train_loss=0.4524 train_acc=0.9288  val_loss=0.8054 val_acc=0.7470  (63.5s)
[wrn28_10/cifar10] ep 12/200  lr=0.1  train_loss=0.4393 train_acc=0.9354  val_loss=0.7611 val_acc=0.7776  (63.6s)
[wrn28_10/cifar10] ep 13/200  lr=0.1  train_loss=0.4346 train_acc=0.9379  val_loss=0.5866 val_acc=0.8160  (63.5s)
[wrn28_10/cifar10] ep 14/200  lr=0.1  train_loss=0.4206 train_acc=0.9438  val_loss=0.5582 val_acc=0.8288  (63.5s)
[wrn28_10/cifar10] ep 15/200  lr=0.1  train_loss=0.4046 train_acc=0.9474  val_loss=0.5972 val_acc=0.8024  (63.6s)
[wrn28_10/cifar10] ep 16/200  lr=0.1  train_loss=0.4036 train_acc=0.9505  val_loss=0.7515 val_acc=0.8016  (63.6s)
[wrn28_10/cifar10] ep 17/200  lr=0.1  train_loss=0.3937 train_acc=0.9528  val_loss=0.5032 val_acc=0.8374  (63.5s)
[wrn28_10/cifar10] ep 18/200  lr=0.1  train_loss=0.3876 train_acc=0.9546  val_loss=0.4645 val_acc=0.8526  (63.4s)
[wrn28_10/cifar10] ep 19/200  lr=0.1  train_loss=0.3768 train_acc=0.9563  val_loss=0.5560 val_acc=0.8284  (63.3s)
[wrn28_10/cifar10] ep 20/200  lr=0.1  train_loss=0.3745 train_acc=0.9578  val_loss=0.6238 val_acc=0.8182  (63.3s)
[wrn28_10/cifar10] ep 21/200  lr=0.1  train_loss=0.3647 train_acc=0.9616  val_loss=0.6290 val_acc=0.8132  (63.3s)
[wrn28_10/cifar10] ep 22/200  lr=0.1  train_loss=0.3592 train_acc=0.9630  val_loss=0.6808 val_acc=0.8004  (63.3s)
[wrn28_10/cifar10] ep 23/200  lr=0.1  train_loss=0.3567 train_acc=0.9636  val_loss=0.5353 val_acc=0.8496  (63.3s)
[wrn28_10/cifar10] ep 24/200  lr=0.1  train_loss=0.3466 train_acc=0.9660  val_loss=0.6462 val_acc=0.8140  (63.3s)
[wrn28_10/cifar10] ep 25/200  lr=0.1  train_loss=0.3483 train_acc=0.9666  val_loss=0.4480 val_acc=0.8624  (63.3s)
[wrn28_10/cifar10] ep 26/200  lr=0.1  train_loss=0.3413 train_acc=0.9661  val_loss=0.5109 val_acc=0.8438  (63.2s)
[wrn28_10/cifar10] ep 27/200  lr=0.1  train_loss=0.3405 train_acc=0.9664  val_loss=0.5568 val_acc=0.8376  (63.3s)
[wrn28_10/cifar10] ep 28/200  lr=0.1  train_loss=0.3338 train_acc=0.9685  val_loss=0.4529 val_acc=0.8602  (63.2s)
[wrn28_10/cifar10] ep 29/200  lr=0.1  train_loss=0.3350 train_acc=0.9681  val_loss=0.5447 val_acc=0.8372  (63.2s)
[wrn28_10/cifar10] ep 30/200  lr=0.1  train_loss=0.3279 train_acc=0.9712  val_loss=0.5178 val_acc=0.8596  (63.3s)
[wrn28_10/cifar10] ep 31/200  lr=0.1  train_loss=0.3273 train_acc=0.9712  val_loss=0.4902 val_acc=0.8524  (63.3s)
[wrn28_10/cifar10] ep 32/200  lr=0.1  train_loss=0.3258 train_acc=0.9702  val_loss=0.4121 val_acc=0.8690  (63.3s)
[wrn28_10/cifar10] ep 33/200  lr=0.1  train_loss=0.3224 train_acc=0.9712  val_loss=0.4379 val_acc=0.8622  (63.3s)
[wrn28_10/cifar10] ep 34/200  lr=0.1  train_loss=0.3255 train_acc=0.9720  val_loss=0.5730 val_acc=0.8206  (63.3s)
[wrn28_10/cifar10] ep 35/200  lr=0.1  train_loss=0.3200 train_acc=0.9714  val_loss=0.4835 val_acc=0.8516  (63.3s)
[wrn28_10/cifar10] ep 36/200  lr=0.1  train_loss=0.3168 train_acc=0.9724  val_loss=0.4916 val_acc=0.8500  (63.4s)
[wrn28_10/cifar10] ep 37/200  lr=0.1  train_loss=0.3142 train_acc=0.9725  val_loss=0.4525 val_acc=0.8546  (63.4s)
[wrn28_10/cifar10] ep 38/200  lr=0.1  train_loss=0.3156 train_acc=0.9736  val_loss=0.5913 val_acc=0.8184  (63.3s)
[wrn28_10/cifar10] ep 39/200  lr=0.1  train_loss=0.3129 train_acc=0.9717  val_loss=0.5706 val_acc=0.8330  (63.4s)
[wrn28_10/cifar10] ep 40/200  lr=0.1  train_loss=0.3145 train_acc=0.9724  val_loss=0.4924 val_acc=0.8578  (63.3s)
[wrn28_10/cifar10] ep 41/200  lr=0.1  train_loss=0.3121 train_acc=0.9740  val_loss=0.4193 val_acc=0.8674  (63.3s)
[wrn28_10/cifar10] ep 42/200  lr=0.1  train_loss=0.3125 train_acc=0.9735  val_loss=0.4677 val_acc=0.8560  (63.3s)
[wrn28_10/cifar10] ep 43/200  lr=0.1  train_loss=0.3080 train_acc=0.9745  val_loss=0.5922 val_acc=0.8306  (63.3s)
[wrn28_10/cifar10] ep 44/200  lr=0.1  train_loss=0.3096 train_acc=0.9739  val_loss=0.4664 val_acc=0.8540  (63.3s)
[wrn28_10/cifar10] ep 45/200  lr=0.1  train_loss=0.3054 train_acc=0.9748  val_loss=0.4754 val_acc=0.8544  (63.3s)
[wrn28_10/cifar10] ep 46/200  lr=0.1  train_loss=0.3073 train_acc=0.9749  val_loss=0.5175 val_acc=0.8432  (63.3s)
[wrn28_10/cifar10] ep 47/200  lr=0.1  train_loss=0.3071 train_acc=0.9750  val_loss=0.4909 val_acc=0.8546  (63.0s)
[wrn28_10/cifar10] ep 48/200  lr=0.1  train_loss=0.3086 train_acc=0.9748  val_loss=0.7165 val_acc=0.8112  (62.9s)
[wrn28_10/cifar10] ep 49/200  lr=0.1  train_loss=0.3020 train_acc=0.9770  val_loss=0.4861 val_acc=0.8586  (62.7s)
[wrn28_10/cifar10] ep 50/200  lr=0.1  train_loss=0.3019 train_acc=0.9752  val_loss=0.5114 val_acc=0.8512  (62.8s)
[wrn28_10/cifar10] ep 51/200  lr=0.1  train_loss=0.3021 train_acc=0.9759  val_loss=0.3782 val_acc=0.8792  (62.6s)
[wrn28_10/cifar10] ep 52/200  lr=0.1  train_loss=0.3011 train_acc=0.9762  val_loss=0.6768 val_acc=0.8174  (62.7s)
[wrn28_10/cifar10] ep 53/200  lr=0.1  train_loss=0.3028 train_acc=0.9768  val_loss=0.4125 val_acc=0.8684  (62.7s)
[wrn28_10/cifar10] ep 54/200  lr=0.1  train_loss=0.3001 train_acc=0.9754  val_loss=0.5376 val_acc=0.8354  (62.7s)
[wrn28_10/cifar10] ep 55/200  lr=0.1  train_loss=0.2991 train_acc=0.9750  val_loss=0.3932 val_acc=0.8728  (62.6s)
[wrn28_10/cifar10] ep 56/200  lr=0.1  train_loss=0.2954 train_acc=0.9771  val_loss=0.5394 val_acc=0.8290  (62.6s)
[wrn28_10/cifar10] ep 57/200  lr=0.1  train_loss=0.3002 train_acc=0.9755  val_loss=0.4586 val_acc=0.8642  (62.6s)
[wrn28_10/cifar10] ep 58/200  lr=0.1  train_loss=0.2966 train_acc=0.9780  val_loss=0.4907 val_acc=0.8512  (62.6s)
[wrn28_10/cifar10] ep 59/200  lr=0.1  train_loss=0.2964 train_acc=0.9785  val_loss=0.3881 val_acc=0.8766  (62.8s)
[wrn28_10/cifar10] ep 60/200  lr=0.1  train_loss=0.2969 train_acc=0.9770  val_loss=0.6550 val_acc=0.8176  (62.6s)
[wrn28_10/cifar10] ep 61/200  lr=0.02  train_loss=0.1457 train_acc=0.9657  val_loss=0.2555 val_acc=0.9180  (62.6s)
[wrn28_10/cifar10] ep 62/200  lr=0.02  train_loss=0.1030 train_acc=0.9788  val_loss=0.2251 val_acc=0.9284  (62.6s)
[wrn28_10/cifar10] ep 63/200  lr=0.02  train_loss=0.0860 train_acc=0.9867  val_loss=0.2101 val_acc=0.9358  (62.7s)
[wrn28_10/cifar10] ep 64/200  lr=0.02  train_loss=0.0776 train_acc=0.9890  val_loss=0.2479 val_acc=0.9260  (62.7s)
[wrn28_10/cifar10] ep 65/200  lr=0.02  train_loss=0.0721 train_acc=0.9920  val_loss=0.2410 val_acc=0.9326  (62.6s)
[wrn28_10/cifar10] ep 66/200  lr=0.02  train_loss=0.0695 train_acc=0.9936  val_loss=0.2400 val_acc=0.9306  (62.7s)
[wrn28_10/cifar10] ep 67/200  lr=0.02  train_loss=0.0632 train_acc=0.9951  val_loss=0.2612 val_acc=0.9288  (62.7s)
[wrn28_10/cifar10] ep 68/200  lr=0.02  train_loss=0.0605 train_acc=0.9961  val_loss=0.2850 val_acc=0.9270  (62.7s)
[wrn28_10/cifar10] ep 69/200  lr=0.02  train_loss=0.0623 train_acc=0.9959  val_loss=0.2649 val_acc=0.9312  (62.6s)
[wrn28_10/cifar10] ep 70/200  lr=0.02  train_loss=0.0612 train_acc=0.9968  val_loss=0.2628 val_acc=0.9328  (62.6s)
[wrn28_10/cifar10] ep 71/200  lr=0.02  train_loss=0.0645 train_acc=0.9970  val_loss=0.2671 val_acc=0.9268  (62.6s)
[wrn28_10/cifar10] ep 72/200  lr=0.02  train_loss=0.0651 train_acc=0.9971  val_loss=0.2906 val_acc=0.9204  (62.6s)
[wrn28_10/cifar10] ep 73/200  lr=0.02  train_loss=0.0631 train_acc=0.9974  val_loss=0.3050 val_acc=0.9218  (62.7s)
[wrn28_10/cifar10] ep 74/200  lr=0.02  train_loss=0.0725 train_acc=0.9970  val_loss=0.2571 val_acc=0.9292  (62.6s)
[wrn28_10/cifar10] ep 75/200  lr=0.02  train_loss=0.0698 train_acc=0.9975  val_loss=0.2635 val_acc=0.9262  (62.6s)
[wrn28_10/cifar10] ep 76/200  lr=0.02  train_loss=0.0696 train_acc=0.9979  val_loss=0.3006 val_acc=0.9192  (62.6s)
[wrn28_10/cifar10] ep 77/200  lr=0.02  train_loss=0.0736 train_acc=0.9972  val_loss=0.3864 val_acc=0.9056  (62.6s)
[wrn28_10/cifar10] ep 78/200  lr=0.02  train_loss=0.0737 train_acc=0.9972  val_loss=0.3007 val_acc=0.9224  (62.6s)
[wrn28_10/cifar10] ep 79/200  lr=0.02  train_loss=0.0771 train_acc=0.9980  val_loss=0.2871 val_acc=0.9274  (62.6s)
[wrn28_10/cifar10] ep 80/200  lr=0.02  train_loss=0.0756 train_acc=0.9976  val_loss=0.3335 val_acc=0.9182  (62.6s)
[wrn28_10/cifar10] ep 81/200  lr=0.02  train_loss=0.0752 train_acc=0.9980  val_loss=0.2605 val_acc=0.9310  (62.6s)
[wrn28_10/cifar10] ep 82/200  lr=0.02  train_loss=0.0783 train_acc=0.9976  val_loss=0.4431 val_acc=0.8946  (62.5s)
[wrn28_10/cifar10] ep 83/200  lr=0.02  train_loss=0.0781 train_acc=0.9980  val_loss=0.3162 val_acc=0.9150  (62.5s)
[wrn28_10/cifar10] ep 84/200  lr=0.02  train_loss=0.0748 train_acc=0.9982  val_loss=0.4446 val_acc=0.9010  (62.7s)
[wrn28_10/cifar10] ep 85/200  lr=0.02  train_loss=0.0782 train_acc=0.9978  val_loss=0.2895 val_acc=0.9278  (62.4s)
[wrn28_10/cifar10] ep 86/200  lr=0.02  train_loss=0.0722 train_acc=0.9980  val_loss=0.3194 val_acc=0.9196  (62.7s)
[wrn28_10/cifar10] ep 87/200  lr=0.02  train_loss=0.0764 train_acc=0.9982  val_loss=0.3097 val_acc=0.9202  (63.0s)
[wrn28_10/cifar10] ep 88/200  lr=0.02  train_loss=0.0796 train_acc=0.9980  val_loss=0.2997 val_acc=0.9206  (63.0s)
[wrn28_10/cifar10] ep 89/200  lr=0.02  train_loss=0.0733 train_acc=0.9982  val_loss=0.2927 val_acc=0.9220  (63.0s)
[wrn28_10/cifar10] ep 90/200  lr=0.02  train_loss=0.0797 train_acc=0.9980  val_loss=0.3074 val_acc=0.9222  (63.0s)
[wrn28_10/cifar10] ep 91/200  lr=0.02  train_loss=0.0748 train_acc=0.9979  val_loss=0.3468 val_acc=0.9148  (63.1s)
[wrn28_10/cifar10] ep 92/200  lr=0.02  train_loss=0.0803 train_acc=0.9975  val_loss=0.3616 val_acc=0.9086  (63.1s)
[wrn28_10/cifar10] ep 93/200  lr=0.02  train_loss=0.0779 train_acc=0.9977  val_loss=0.3285 val_acc=0.9178  (63.0s)
[wrn28_10/cifar10] ep 94/200  lr=0.02  train_loss=0.0784 train_acc=0.9977  val_loss=0.3371 val_acc=0.9126  (63.0s)
[wrn28_10/cifar10] ep 95/200  lr=0.02  train_loss=0.0712 train_acc=0.9985  val_loss=0.3110 val_acc=0.9234  (63.0s)
[wrn28_10/cifar10] ep 96/200  lr=0.02  train_loss=0.0711 train_acc=0.9986  val_loss=0.3066 val_acc=0.9198  (62.9s)
[wrn28_10/cifar10] ep 97/200  lr=0.02  train_loss=0.0728 train_acc=0.9984  val_loss=0.2775 val_acc=0.9210  (62.9s)
[wrn28_10/cifar10] ep 98/200  lr=0.02  train_loss=0.0704 train_acc=0.9987  val_loss=0.3555 val_acc=0.9166  (62.9s)
[wrn28_10/cifar10] ep 99/200  lr=0.02  train_loss=0.0745 train_acc=0.9984  val_loss=0.3472 val_acc=0.9148  (62.9s)
[wrn28_10/cifar10] ep 100/200  lr=0.02  train_loss=0.0709 train_acc=0.9984  val_loss=0.3121 val_acc=0.9210  (62.9s)
[wrn28_10/cifar10] ep 101/200  lr=0.02  train_loss=0.0700 train_acc=0.9981  val_loss=0.3288 val_acc=0.9186  (62.9s)
[wrn28_10/cifar10] ep 102/200  lr=0.02  train_loss=0.0753 train_acc=0.9986  val_loss=0.3120 val_acc=0.9162  (62.9s)
[wrn28_10/cifar10] ep 103/200  lr=0.02  train_loss=0.0698 train_acc=0.9985  val_loss=0.2886 val_acc=0.9228  (62.9s)
[wrn28_10/cifar10] ep 104/200  lr=0.02  train_loss=0.0670 train_acc=0.9990  val_loss=0.2648 val_acc=0.9290  (63.0s)
[wrn28_10/cifar10] ep 105/200  lr=0.02  train_loss=0.0711 train_acc=0.9983  val_loss=0.3102 val_acc=0.9218  (62.9s)
[wrn28_10/cifar10] ep 106/200  lr=0.02  train_loss=0.0741 train_acc=0.9984  val_loss=0.3170 val_acc=0.9162  (63.0s)
[wrn28_10/cifar10] ep 107/200  lr=0.02  train_loss=0.0697 train_acc=0.9987  val_loss=0.3040 val_acc=0.9206  (63.0s)
[wrn28_10/cifar10] ep 108/200  lr=0.02  train_loss=0.0703 train_acc=0.9984  val_loss=0.3081 val_acc=0.9184  (62.9s)
[wrn28_10/cifar10] ep 109/200  lr=0.02  train_loss=0.0682 train_acc=0.9983  val_loss=0.3154 val_acc=0.9266  (63.0s)
[wrn28_10/cifar10] ep 110/200  lr=0.02  train_loss=0.0727 train_acc=0.9988  val_loss=0.3544 val_acc=0.9176  (62.9s)
[wrn28_10/cifar10] ep 111/200  lr=0.02  train_loss=0.0693 train_acc=0.9983  val_loss=0.2794 val_acc=0.9230  (62.9s)
[wrn28_10/cifar10] ep 112/200  lr=0.02  train_loss=0.0696 train_acc=0.9984  val_loss=0.3342 val_acc=0.9234  (63.0s)
[wrn28_10/cifar10] ep 113/200  lr=0.02  train_loss=0.0712 train_acc=0.9983  val_loss=0.3173 val_acc=0.9234  (63.0s)
[wrn28_10/cifar10] ep 114/200  lr=0.02  train_loss=0.0658 train_acc=0.9986  val_loss=0.2821 val_acc=0.9248  (63.0s)
[wrn28_10/cifar10] ep 115/200  lr=0.02  train_loss=0.0660 train_acc=0.9985  val_loss=0.3148 val_acc=0.9288  (62.9s)
[wrn28_10/cifar10] ep 116/200  lr=0.02  train_loss=0.0702 train_acc=0.9983  val_loss=0.3078 val_acc=0.9192  (62.9s)
[wrn28_10/cifar10] ep 117/200  lr=0.02  train_loss=0.0660 train_acc=0.9985  val_loss=0.2692 val_acc=0.9334  (62.9s)
[wrn28_10/cifar10] ep 118/200  lr=0.02  train_loss=0.0689 train_acc=0.9986  val_loss=0.3133 val_acc=0.9216  (62.9s)
[wrn28_10/cifar10] ep 119/200  lr=0.02  train_loss=0.0712 train_acc=0.9988  val_loss=0.2787 val_acc=0.9262  (62.9s)
[wrn28_10/cifar10] ep 120/200  lr=0.02  train_loss=0.0655 train_acc=0.9988  val_loss=0.3721 val_acc=0.9102  (62.9s)
[wrn28_10/cifar10] ep 121/200  lr=0.004  train_loss=0.0231 train_acc=0.9966  val_loss=0.2198 val_acc=0.9474  (62.9s)
[wrn28_10/cifar10] ep 122/200  lr=0.004  train_loss=0.0112 train_acc=0.9990  val_loss=0.2106 val_acc=0.9516  (62.9s)
[wrn28_10/cifar10] ep 123/200  lr=0.004  train_loss=0.0082 train_acc=0.9994  val_loss=0.2087 val_acc=0.9514  (62.9s)
[wrn28_10/cifar10] ep 124/200  lr=0.004  train_loss=0.0067 train_acc=0.9993  val_loss=0.2050 val_acc=0.9516  (63.0s)
[wrn28_10/cifar10] ep 125/200  lr=0.004  train_loss=0.0055 train_acc=0.9998  val_loss=0.2049 val_acc=0.9528  (63.0s)
[wrn28_10/cifar10] ep 126/200  lr=0.004  train_loss=0.0052 train_acc=0.9995  val_loss=0.2046 val_acc=0.9514  (62.9s)
[wrn28_10/cifar10] ep 127/200  lr=0.004  train_loss=0.0049 train_acc=0.9997  val_loss=0.2068 val_acc=0.9530  (62.9s)
[wrn28_10/cifar10] ep 128/200  lr=0.004  train_loss=0.0042 train_acc=0.9997  val_loss=0.2043 val_acc=0.9562  (62.9s)
[wrn28_10/cifar10] ep 129/200  lr=0.004  train_loss=0.0038 train_acc=0.9998  val_loss=0.2153 val_acc=0.9508  (63.0s)
[wrn28_10/cifar10] ep 130/200  lr=0.004  train_loss=0.0036 train_acc=0.9999  val_loss=0.2059 val_acc=0.9536  (63.0s)
[wrn28_10/cifar10] ep 131/200  lr=0.004  train_loss=0.0035 train_acc=0.9999  val_loss=0.2062 val_acc=0.9532  (62.9s)
[wrn28_10/cifar10] ep 132/200  lr=0.004  train_loss=0.0038 train_acc=0.9998  val_loss=0.2058 val_acc=0.9508  (62.9s)
[wrn28_10/cifar10] ep 133/200  lr=0.004  train_loss=0.0039 train_acc=0.9999  val_loss=0.1993 val_acc=0.9552  (62.9s)
[wrn28_10/cifar10] ep 134/200  lr=0.004  train_loss=0.0036 train_acc=0.9998  val_loss=0.2065 val_acc=0.9536  (62.9s)
[wrn28_10/cifar10] ep 135/200  lr=0.004  train_loss=0.0031 train_acc=0.9999  val_loss=0.2044 val_acc=0.9538  (62.9s)
[wrn28_10/cifar10] ep 136/200  lr=0.004  train_loss=0.0033 train_acc=1.0000  val_loss=0.2032 val_acc=0.9514  (62.9s)
[wrn28_10/cifar10] ep 137/200  lr=0.004  train_loss=0.0031 train_acc=0.9998  val_loss=0.2011 val_acc=0.9552  (62.9s)
[wrn28_10/cifar10] ep 138/200  lr=0.004  train_loss=0.0030 train_acc=0.9999  val_loss=0.2040 val_acc=0.9532  (62.9s)
[wrn28_10/cifar10] ep 139/200  lr=0.004  train_loss=0.0032 train_acc=0.9999  val_loss=0.1975 val_acc=0.9546  (62.9s)
[wrn28_10/cifar10] ep 140/200  lr=0.004  train_loss=0.0028 train_acc=0.9999  val_loss=0.2007 val_acc=0.9556  (62.8s)
[wrn28_10/cifar10] ep 141/200  lr=0.004  train_loss=0.0028 train_acc=0.9999  val_loss=0.2031 val_acc=0.9528  (62.8s)
[wrn28_10/cifar10] ep 142/200  lr=0.004  train_loss=0.0028 train_acc=1.0000  val_loss=0.1979 val_acc=0.9556  (62.8s)
[wrn28_10/cifar10] ep 143/200  lr=0.004  train_loss=0.0025 train_acc=1.0000  val_loss=0.2043 val_acc=0.9542  (62.9s)
[wrn28_10/cifar10] ep 144/200  lr=0.004  train_loss=0.0026 train_acc=0.9999  val_loss=0.1954 val_acc=0.9542  (62.9s)
[wrn28_10/cifar10] ep 145/200  lr=0.004  train_loss=0.0026 train_acc=0.9999  val_loss=0.1998 val_acc=0.9540  (62.9s)
[wrn28_10/cifar10] ep 146/200  lr=0.004  train_loss=0.0024 train_acc=1.0000  val_loss=0.2014 val_acc=0.9546  (62.9s)
[wrn28_10/cifar10] ep 147/200  lr=0.004  train_loss=0.0025 train_acc=0.9999  val_loss=0.2026 val_acc=0.9552  (62.9s)
[wrn28_10/cifar10] ep 148/200  lr=0.004  train_loss=0.0029 train_acc=0.9999  val_loss=0.2028 val_acc=0.9534  (62.9s)
[wrn28_10/cifar10] ep 149/200  lr=0.004  train_loss=0.0024 train_acc=1.0000  val_loss=0.2032 val_acc=0.9540  (62.9s)
[wrn28_10/cifar10] ep 150/200  lr=0.004  train_loss=0.0024 train_acc=0.9999  val_loss=0.1989 val_acc=0.9552  (62.9s)
[wrn28_10/cifar10] ep 151/200  lr=0.004  train_loss=0.0025 train_acc=1.0000  val_loss=0.2035 val_acc=0.9538  (62.9s)
[wrn28_10/cifar10] ep 152/200  lr=0.004  train_loss=0.0026 train_acc=1.0000  val_loss=0.1990 val_acc=0.9530  (62.9s)
[wrn28_10/cifar10] ep 153/200  lr=0.004  train_loss=0.0023 train_acc=1.0000  val_loss=0.1982 val_acc=0.9524  (62.9s)
[wrn28_10/cifar10] ep 154/200  lr=0.004  train_loss=0.0027 train_acc=1.0000  val_loss=0.2033 val_acc=0.9546  (62.9s)
[wrn28_10/cifar10] ep 155/200  lr=0.004  train_loss=0.0022 train_acc=1.0000  val_loss=0.1999 val_acc=0.9528  (62.9s)
[wrn28_10/cifar10] ep 156/200  lr=0.004  train_loss=0.0025 train_acc=1.0000  val_loss=0.1974 val_acc=0.9542  (62.9s)
[wrn28_10/cifar10] ep 157/200  lr=0.004  train_loss=0.0026 train_acc=1.0000  val_loss=0.1994 val_acc=0.9550  (62.9s)
[wrn28_10/cifar10] ep 158/200  lr=0.004  train_loss=0.0027 train_acc=0.9998  val_loss=0.1970 val_acc=0.9554  (63.0s)
[wrn28_10/cifar10] ep 159/200  lr=0.004  train_loss=0.0025 train_acc=1.0000  val_loss=0.1988 val_acc=0.9548  (63.0s)
[wrn28_10/cifar10] ep 160/200  lr=0.004  train_loss=0.0026 train_acc=0.9999  val_loss=0.2082 val_acc=0.9534  (63.0s)
[wrn28_10/cifar10] ep 161/200  lr=0.0008  train_loss=0.0023 train_acc=0.9999  val_loss=0.2034 val_acc=0.9534  (62.9s)
[wrn28_10/cifar10] ep 162/200  lr=0.0008  train_loss=0.0023 train_acc=1.0000  val_loss=0.2011 val_acc=0.9528  (62.9s)
[wrn28_10/cifar10] ep 163/200  lr=0.0008  train_loss=0.0022 train_acc=1.0000  val_loss=0.2087 val_acc=0.9536  (63.0s)
[wrn28_10/cifar10] ep 164/200  lr=0.0008  train_loss=0.0021 train_acc=1.0000  val_loss=0.1995 val_acc=0.9546  (62.9s)
[wrn28_10/cifar10] ep 165/200  lr=0.0008  train_loss=0.0021 train_acc=1.0000  val_loss=0.2013 val_acc=0.9538  (62.9s)
[wrn28_10/cifar10] ep 166/200  lr=0.0008  train_loss=0.0021 train_acc=1.0000  val_loss=0.1958 val_acc=0.9546  (62.9s)
[wrn28_10/cifar10] ep 167/200  lr=0.0008  train_loss=0.0022 train_acc=0.9999  val_loss=0.1946 val_acc=0.9544  (62.9s)
[wrn28_10/cifar10] ep 168/200  lr=0.0008  train_loss=0.0021 train_acc=1.0000  val_loss=0.1949 val_acc=0.9552  (62.9s)
[wrn28_10/cifar10] ep 169/200  lr=0.0008  train_loss=0.0021 train_acc=1.0000  val_loss=0.1965 val_acc=0.9554  (62.9s)
[wrn28_10/cifar10] ep 170/200  lr=0.0008  train_loss=0.0020 train_acc=1.0000  val_loss=0.1954 val_acc=0.9546  (62.9s)
[wrn28_10/cifar10] ep 171/200  lr=0.0008  train_loss=0.0021 train_acc=1.0000  val_loss=0.1925 val_acc=0.9546  (62.9s)
[wrn28_10/cifar10] ep 172/200  lr=0.0008  train_loss=0.0021 train_acc=1.0000  val_loss=0.1974 val_acc=0.9548  (62.8s)
[wrn28_10/cifar10] ep 173/200  lr=0.0008  train_loss=0.0020 train_acc=0.9999  val_loss=0.1959 val_acc=0.9540  (62.7s)
[wrn28_10/cifar10] ep 174/200  lr=0.0008  train_loss=0.0022 train_acc=1.0000  val_loss=0.1967 val_acc=0.9546  (62.7s)
[wrn28_10/cifar10] ep 175/200  lr=0.0008  train_loss=0.0020 train_acc=1.0000  val_loss=0.1929 val_acc=0.9556  (62.7s)
[wrn28_10/cifar10] ep 176/200  lr=0.0008  train_loss=0.0021 train_acc=1.0000  val_loss=0.1975 val_acc=0.9536  (62.7s)
[wrn28_10/cifar10] ep 177/200  lr=0.0008  train_loss=0.0020 train_acc=1.0000  val_loss=0.1966 val_acc=0.9552  (62.8s)
[wrn28_10/cifar10] ep 178/200  lr=0.0008  train_loss=0.0021 train_acc=1.0000  val_loss=0.1960 val_acc=0.9552  (62.8s)
[wrn28_10/cifar10] ep 179/200  lr=0.0008  train_loss=0.0021 train_acc=0.9999  val_loss=0.1956 val_acc=0.9548  (62.9s)
[wrn28_10/cifar10] ep 180/200  lr=0.0008  train_loss=0.0021 train_acc=1.0000  val_loss=0.1916 val_acc=0.9558  (62.9s)
[wrn28_10/cifar10] ep 181/200  lr=0.0008  train_loss=0.0021 train_acc=1.0000  val_loss=0.1914 val_acc=0.9546  (62.8s)
[wrn28_10/cifar10] ep 182/200  lr=0.0008  train_loss=0.0020 train_acc=1.0000  val_loss=0.1923 val_acc=0.9564  (62.8s)
[wrn28_10/cifar10] ep 183/200  lr=0.0008  train_loss=0.0022 train_acc=1.0000  val_loss=0.1929 val_acc=0.9560  (62.8s)
[wrn28_10/cifar10] ep 184/200  lr=0.0008  train_loss=0.0021 train_acc=1.0000  val_loss=0.2034 val_acc=0.9520  (62.9s)
[wrn28_10/cifar10] ep 185/200  lr=0.0008  train_loss=0.0020 train_acc=1.0000  val_loss=0.1973 val_acc=0.9550  (62.9s)
[wrn28_10/cifar10] ep 186/200  lr=0.0008  train_loss=0.0020 train_acc=1.0000  val_loss=0.1969 val_acc=0.9530  (62.9s)
[wrn28_10/cifar10] ep 187/200  lr=0.0008  train_loss=0.0020 train_acc=0.9999  val_loss=0.1956 val_acc=0.9536  (62.8s)
[wrn28_10/cifar10] ep 188/200  lr=0.0008  train_loss=0.0020 train_acc=1.0000  val_loss=0.1982 val_acc=0.9540  (62.8s)
[wrn28_10/cifar10] ep 189/200  lr=0.0008  train_loss=0.0020 train_acc=1.0000  val_loss=0.1937 val_acc=0.9546  (62.8s)
[wrn28_10/cifar10] ep 190/200  lr=0.0008  train_loss=0.0020 train_acc=1.0000  val_loss=0.1956 val_acc=0.9542  (62.8s)
[wrn28_10/cifar10] ep 191/200  lr=0.0008  train_loss=0.0020 train_acc=1.0000  val_loss=0.2003 val_acc=0.9530  (62.8s)
[wrn28_10/cifar10] ep 192/200  lr=0.0008  train_loss=0.0021 train_acc=1.0000  val_loss=0.1967 val_acc=0.9544  (62.9s)
[wrn28_10/cifar10] ep 193/200  lr=0.0008  train_loss=0.0020 train_acc=1.0000  val_loss=0.1965 val_acc=0.9538  (62.9s)
[wrn28_10/cifar10] ep 194/200  lr=0.0008  train_loss=0.0019 train_acc=1.0000  val_loss=0.1971 val_acc=0.9564  (62.9s)
[wrn28_10/cifar10] ep 195/200  lr=0.0008  train_loss=0.0021 train_acc=1.0000  val_loss=0.1948 val_acc=0.9544  (62.9s)
[wrn28_10/cifar10] ep 196/200  lr=0.0008  train_loss=0.0020 train_acc=1.0000  val_loss=0.1961 val_acc=0.9538  (62.9s)
[wrn28_10/cifar10] ep 197/200  lr=0.0008  train_loss=0.0019 train_acc=1.0000  val_loss=0.1933 val_acc=0.9554  (62.9s)
[wrn28_10/cifar10] ep 198/200  lr=0.0008  train_loss=0.0020 train_acc=1.0000  val_loss=0.1981 val_acc=0.9540  (62.9s)
[wrn28_10/cifar10] ep 199/200  lr=0.0008  train_loss=0.0019 train_acc=1.0000  val_loss=0.1898 val_acc=0.9548  (62.9s)
[wrn28_10/cifar10] ep 200/200  lr=0.0008  train_loss=0.0020 train_acc=1.0000  val_loss=0.1923 val_acc=0.9560  (62.9s)

=== DONE [wrn28_10/cifar10] ===
  best val acc:  0.9564 at epoch 182
  test acc:      0.9572 (loss 0.1787)
  train acc:     1.0000
  total time:    210.5 min
  ckpt:          /path/to/ciln-workspace/journal_edition/checkpoints/wrn28_10_cifar10_best.pt
[00:34:19] === DONE  train_wrn28_10_cifar (GPU 1) ===
[14:16:15] === START train_wrn28_10_cifar on GPU 1 ===
/path/to/ciln-workspace/venv/lib64/python3.12/site-packages/torchvision/datasets/cifar.py:83: VisibleDeprecationWarning: dtype(): align should be passed as Python or NumPy boolean but got `align=0`. Did you mean to pass a tuple to create a subarray type? (Deprecated NumPy 2.4)
  entry = pickle.load(f, encoding="latin1")
Files already downloaded and verified
Files already downloaded and verified
[loaders] cifar10: train=22500  val=2500  test=10000
[wrn28_10/cifar10] AMP enabled: True
[wrn28_10/cifar10] ep 1/200  lr=0.1  train_loss=1.7237 train_acc=0.4348  val_loss=2.1192 val_acc=0.3932  (32.2s)
[wrn28_10/cifar10] ep 2/200  lr=0.1  train_loss=1.2330 train_acc=0.6409  val_loss=1.3902 val_acc=0.5604  (31.5s)
[wrn28_10/cifar10] ep 3/200  lr=0.1  train_loss=1.0275 train_acc=0.7129  val_loss=1.8473 val_acc=0.5072  (31.7s)
[wrn28_10/cifar10] ep 4/200  lr=0.1  train_loss=0.9099 train_acc=0.7537  val_loss=1.9877 val_acc=0.4964  (31.8s)
[wrn28_10/cifar10] ep 5/200  lr=0.1  train_loss=0.8323 train_acc=0.7816  val_loss=1.1519 val_acc=0.6436  (31.9s)
[wrn28_10/cifar10] ep 6/200  lr=0.1  train_loss=0.7693 train_acc=0.8084  val_loss=1.2183 val_acc=0.6484  (31.9s)
[wrn28_10/cifar10] ep 7/200  lr=0.1  train_loss=0.7069 train_acc=0.8316  val_loss=1.0820 val_acc=0.6844  (32.1s)
[wrn28_10/cifar10] ep 8/200  lr=0.1  train_loss=0.6596 train_acc=0.8506  val_loss=1.1534 val_acc=0.6808  (32.2s)
[wrn28_10/cifar10] ep 9/200  lr=0.1  train_loss=0.6112 train_acc=0.8699  val_loss=1.0495 val_acc=0.6824  (32.2s)
[wrn28_10/cifar10] ep 10/200  lr=0.1  train_loss=0.5859 train_acc=0.8785  val_loss=1.1066 val_acc=0.6832  (32.2s)
[wrn28_10/cifar10] ep 11/200  lr=0.1  train_loss=0.5601 train_acc=0.8869  val_loss=0.9013 val_acc=0.7240  (32.0s)
[wrn28_10/cifar10] ep 12/200  lr=0.1  train_loss=0.5277 train_acc=0.9004  val_loss=0.7825 val_acc=0.7612  (31.9s)
[wrn28_10/cifar10] ep 13/200  lr=0.1  train_loss=0.5187 train_acc=0.9035  val_loss=1.1479 val_acc=0.6920  (31.9s)
[wrn28_10/cifar10] ep 14/200  lr=0.1  train_loss=0.4965 train_acc=0.9118  val_loss=0.9798 val_acc=0.7384  (31.8s)
[wrn28_10/cifar10] ep 15/200  lr=0.1  train_loss=0.4735 train_acc=0.9219  val_loss=0.7331 val_acc=0.7832  (31.9s)
[wrn28_10/cifar10] ep 16/200  lr=0.1  train_loss=0.4608 train_acc=0.9269  val_loss=1.1095 val_acc=0.7256  (32.0s)
[wrn28_10/cifar10] ep 17/200  lr=0.1  train_loss=0.4512 train_acc=0.9296  val_loss=0.8462 val_acc=0.7524  (31.9s)
[wrn28_10/cifar10] ep 18/200  lr=0.1  train_loss=0.4374 train_acc=0.9354  val_loss=0.7525 val_acc=0.7652  (32.0s)
[wrn28_10/cifar10] ep 19/200  lr=0.1  train_loss=0.4296 train_acc=0.9390  val_loss=0.9184 val_acc=0.7524  (31.9s)
[wrn28_10/cifar10] ep 20/200  lr=0.1  train_loss=0.4253 train_acc=0.9406  val_loss=0.9174 val_acc=0.7492  (31.9s)
[wrn28_10/cifar10] ep 21/200  lr=0.1  train_loss=0.4169 train_acc=0.9436  val_loss=0.8163 val_acc=0.7640  (31.8s)
[wrn28_10/cifar10] ep 22/200  lr=0.1  train_loss=0.3979 train_acc=0.9503  val_loss=0.6959 val_acc=0.7960  (31.8s)
[wrn28_10/cifar10] ep 23/200  lr=0.1  train_loss=0.3969 train_acc=0.9515  val_loss=0.7374 val_acc=0.7776  (31.7s)
[wrn28_10/cifar10] ep 24/200  lr=0.1  train_loss=0.3941 train_acc=0.9526  val_loss=0.9495 val_acc=0.7472  (31.7s)
[wrn28_10/cifar10] ep 25/200  lr=0.1  train_loss=0.3850 train_acc=0.9560  val_loss=1.0444 val_acc=0.7328  (31.7s)
[wrn28_10/cifar10] ep 26/200  lr=0.1  train_loss=0.3796 train_acc=0.9549  val_loss=0.5766 val_acc=0.8172  (31.7s)
[wrn28_10/cifar10] ep 27/200  lr=0.1  train_loss=0.3697 train_acc=0.9600  val_loss=0.8134 val_acc=0.7716  (31.6s)
[wrn28_10/cifar10] ep 28/200  lr=0.1  train_loss=0.3606 train_acc=0.9636  val_loss=0.6388 val_acc=0.8076  (31.6s)
[wrn28_10/cifar10] ep 29/200  lr=0.1  train_loss=0.3658 train_acc=0.9620  val_loss=0.6712 val_acc=0.7980  (31.7s)
[wrn28_10/cifar10] ep 30/200  lr=0.1  train_loss=0.3549 train_acc=0.9655  val_loss=0.6598 val_acc=0.8052  (31.7s)
[wrn28_10/cifar10] ep 31/200  lr=0.1  train_loss=0.3528 train_acc=0.9648  val_loss=0.6480 val_acc=0.8000  (31.7s)
[wrn28_10/cifar10] ep 32/200  lr=0.1  train_loss=0.3409 train_acc=0.9695  val_loss=0.5526 val_acc=0.8336  (31.6s)
[wrn28_10/cifar10] ep 33/200  lr=0.1  train_loss=0.3433 train_acc=0.9692  val_loss=0.5747 val_acc=0.8316  (31.7s)
[wrn28_10/cifar10] ep 34/200  lr=0.1  train_loss=0.3318 train_acc=0.9697  val_loss=0.6040 val_acc=0.8284  (31.6s)
[wrn28_10/cifar10] ep 35/200  lr=0.1  train_loss=0.3316 train_acc=0.9723  val_loss=0.5805 val_acc=0.8284  (31.7s)
[wrn28_10/cifar10] ep 36/200  lr=0.1  train_loss=0.3233 train_acc=0.9716  val_loss=0.6612 val_acc=0.8060  (31.6s)
[wrn28_10/cifar10] ep 37/200  lr=0.1  train_loss=0.3169 train_acc=0.9737  val_loss=0.6752 val_acc=0.8060  (31.6s)
[wrn28_10/cifar10] ep 38/200  lr=0.1  train_loss=0.3333 train_acc=0.9726  val_loss=0.6387 val_acc=0.8216  (31.7s)
[wrn28_10/cifar10] ep 39/200  lr=0.1  train_loss=0.3077 train_acc=0.9767  val_loss=0.5810 val_acc=0.8432  (31.6s)
[wrn28_10/cifar10] ep 40/200  lr=0.1  train_loss=0.3107 train_acc=0.9752  val_loss=0.6732 val_acc=0.8104  (31.6s)
[wrn28_10/cifar10] ep 41/200  lr=0.1  train_loss=0.3128 train_acc=0.9757  val_loss=0.6357 val_acc=0.8220  (31.6s)
[wrn28_10/cifar10] ep 42/200  lr=0.1  train_loss=0.3080 train_acc=0.9769  val_loss=0.5702 val_acc=0.8316  (31.7s)
[wrn28_10/cifar10] ep 43/200  lr=0.1  train_loss=0.3024 train_acc=0.9779  val_loss=0.6077 val_acc=0.8140  (31.6s)
[wrn28_10/cifar10] ep 44/200  lr=0.1  train_loss=0.3025 train_acc=0.9786  val_loss=0.6608 val_acc=0.8092  (31.7s)
[wrn28_10/cifar10] ep 45/200  lr=0.1  train_loss=0.2980 train_acc=0.9790  val_loss=0.6553 val_acc=0.8264  (31.6s)
[wrn28_10/cifar10] ep 46/200  lr=0.1  train_loss=0.3015 train_acc=0.9779  val_loss=0.6355 val_acc=0.8132  (31.7s)
[wrn28_10/cifar10] ep 47/200  lr=0.1  train_loss=0.2949 train_acc=0.9791  val_loss=0.5916 val_acc=0.8236  (31.6s)
[wrn28_10/cifar10] ep 48/200  lr=0.1  train_loss=0.2839 train_acc=0.9824  val_loss=0.5684 val_acc=0.8252  (31.6s)
[wrn28_10/cifar10] ep 49/200  lr=0.1  train_loss=0.2924 train_acc=0.9801  val_loss=0.5353 val_acc=0.8268  (31.7s)
[wrn28_10/cifar10] ep 50/200  lr=0.1  train_loss=0.2777 train_acc=0.9825  val_loss=0.5811 val_acc=0.8252  (31.7s)
[wrn28_10/cifar10] ep 51/200  lr=0.1  train_loss=0.2830 train_acc=0.9830  val_loss=0.6558 val_acc=0.8140  (31.6s)
[wrn28_10/cifar10] ep 52/200  lr=0.1  train_loss=0.2892 train_acc=0.9813  val_loss=0.5014 val_acc=0.8552  (31.7s)
[wrn28_10/cifar10] ep 53/200  lr=0.1  train_loss=0.2801 train_acc=0.9838  val_loss=0.6566 val_acc=0.8192  (31.7s)
[wrn28_10/cifar10] ep 54/200  lr=0.1  train_loss=0.2797 train_acc=0.9834  val_loss=0.7162 val_acc=0.8012  (31.7s)
[wrn28_10/cifar10] ep 55/200  lr=0.1  train_loss=0.2722 train_acc=0.9823  val_loss=0.6015 val_acc=0.8324  (31.5s)
[wrn28_10/cifar10] ep 56/200  lr=0.1  train_loss=0.2773 train_acc=0.9835  val_loss=0.5924 val_acc=0.8412  (31.5s)
[wrn28_10/cifar10] ep 57/200  lr=0.1  train_loss=0.2745 train_acc=0.9854  val_loss=0.5554 val_acc=0.8396  (31.4s)
[wrn28_10/cifar10] ep 58/200  lr=0.1  train_loss=0.2711 train_acc=0.9852  val_loss=0.5608 val_acc=0.8396  (31.5s)
[wrn28_10/cifar10] ep 59/200  lr=0.1  train_loss=0.2673 train_acc=0.9857  val_loss=0.7762 val_acc=0.7920  (31.4s)
[wrn28_10/cifar10] ep 60/200  lr=0.1  train_loss=0.2723 train_acc=0.9847  val_loss=0.6465 val_acc=0.8104  (31.4s)
[wrn28_10/cifar10] ep 61/200  lr=0.02  train_loss=0.1275 train_acc=0.9722  val_loss=0.2757 val_acc=0.9168  (31.4s)
[wrn28_10/cifar10] ep 62/200  lr=0.02  train_loss=0.0736 train_acc=0.9862  val_loss=0.2692 val_acc=0.9184  (31.5s)
[wrn28_10/cifar10] ep 63/200  lr=0.02  train_loss=0.0580 train_acc=0.9918  val_loss=0.2728 val_acc=0.9236  (31.5s)
[wrn28_10/cifar10] ep 64/200  lr=0.02  train_loss=0.0488 train_acc=0.9935  val_loss=0.2947 val_acc=0.9144  (31.4s)
[wrn28_10/cifar10] ep 65/200  lr=0.02  train_loss=0.0416 train_acc=0.9958  val_loss=0.3083 val_acc=0.9152  (31.4s)
[wrn28_10/cifar10] ep 66/200  lr=0.02  train_loss=0.0362 train_acc=0.9968  val_loss=0.2976 val_acc=0.9196  (31.4s)
[wrn28_10/cifar10] ep 67/200  lr=0.02  train_loss=0.0323 train_acc=0.9978  val_loss=0.3077 val_acc=0.9144  (31.4s)
[wrn28_10/cifar10] ep 68/200  lr=0.02  train_loss=0.0308 train_acc=0.9984  val_loss=0.3281 val_acc=0.9160  (31.5s)
[wrn28_10/cifar10] ep 69/200  lr=0.02  train_loss=0.0286 train_acc=0.9988  val_loss=0.2988 val_acc=0.9176  (31.4s)
[wrn28_10/cifar10] ep 70/200  lr=0.02  train_loss=0.0263 train_acc=0.9988  val_loss=0.3232 val_acc=0.9228  (31.4s)
[wrn28_10/cifar10] ep 71/200  lr=0.02  train_loss=0.0256 train_acc=0.9990  val_loss=0.3744 val_acc=0.9040  (31.4s)
[wrn28_10/cifar10] ep 72/200  lr=0.02  train_loss=0.0250 train_acc=0.9991  val_loss=0.3367 val_acc=0.9168  (31.5s)
[wrn28_10/cifar10] ep 73/200  lr=0.02  train_loss=0.0277 train_acc=0.9992  val_loss=0.3431 val_acc=0.9184  (31.5s)
[wrn28_10/cifar10] ep 74/200  lr=0.02  train_loss=0.0262 train_acc=0.9993  val_loss=0.3248 val_acc=0.9208  (31.4s)
[wrn28_10/cifar10] ep 75/200  lr=0.02  train_loss=0.0254 train_acc=0.9993  val_loss=0.3618 val_acc=0.9096  (31.5s)
[wrn28_10/cifar10] ep 76/200  lr=0.02  train_loss=0.0229 train_acc=0.9993  val_loss=0.3436 val_acc=0.9112  (31.4s)
[wrn28_10/cifar10] ep 77/200  lr=0.02  train_loss=0.0220 train_acc=0.9995  val_loss=0.3695 val_acc=0.9124  (31.4s)
[wrn28_10/cifar10] ep 78/200  lr=0.02  train_loss=0.0251 train_acc=0.9992  val_loss=0.3941 val_acc=0.9120  (31.4s)
[wrn28_10/cifar10] ep 79/200  lr=0.02  train_loss=0.0313 train_acc=0.9991  val_loss=0.4238 val_acc=0.9044  (31.4s)
[wrn28_10/cifar10] ep 80/200  lr=0.02  train_loss=0.0342 train_acc=0.9989  val_loss=0.3853 val_acc=0.9088  (31.4s)
[wrn28_10/cifar10] ep 81/200  lr=0.02  train_loss=0.0357 train_acc=0.9992  val_loss=0.3815 val_acc=0.9084  (31.4s)
[wrn28_10/cifar10] ep 82/200  lr=0.02  train_loss=0.0253 train_acc=0.9995  val_loss=0.3543 val_acc=0.9152  (31.4s)
[wrn28_10/cifar10] ep 83/200  lr=0.02  train_loss=0.0287 train_acc=0.9994  val_loss=0.3836 val_acc=0.9176  (31.4s)
[wrn28_10/cifar10] ep 84/200  lr=0.02  train_loss=0.0306 train_acc=0.9993  val_loss=0.3755 val_acc=0.9076  (31.4s)
[wrn28_10/cifar10] ep 85/200  lr=0.02  train_loss=0.0357 train_acc=0.9991  val_loss=0.4358 val_acc=0.9004  (31.4s)
[wrn28_10/cifar10] ep 86/200  lr=0.02  train_loss=0.0401 train_acc=0.9992  val_loss=0.3671 val_acc=0.9152  (31.4s)
[wrn28_10/cifar10] ep 87/200  lr=0.02  train_loss=0.0361 train_acc=0.9992  val_loss=0.4466 val_acc=0.9000  (31.5s)
[wrn28_10/cifar10] ep 88/200  lr=0.02  train_loss=0.0383 train_acc=0.9992  val_loss=0.4101 val_acc=0.8996  (31.5s)
[wrn28_10/cifar10] ep 89/200  lr=0.02  train_loss=0.0379 train_acc=0.9991  val_loss=0.3970 val_acc=0.9072  (31.4s)
[wrn28_10/cifar10] ep 90/200  lr=0.02  train_loss=0.0384 train_acc=0.9992  val_loss=0.4350 val_acc=0.9032  (31.4s)
[wrn28_10/cifar10] ep 91/200  lr=0.02  train_loss=0.0430 train_acc=0.9994  val_loss=0.4398 val_acc=0.8996  (31.3s)
[wrn28_10/cifar10] ep 92/200  lr=0.02  train_loss=0.0467 train_acc=0.9992  val_loss=0.4244 val_acc=0.9104  (31.3s)
[wrn28_10/cifar10] ep 93/200  lr=0.02  train_loss=0.0396 train_acc=0.9990  val_loss=0.4578 val_acc=0.9012  (31.4s)
[wrn28_10/cifar10] ep 94/200  lr=0.02  train_loss=0.0418 train_acc=0.9994  val_loss=0.3937 val_acc=0.9152  (31.5s)
[wrn28_10/cifar10] ep 95/200  lr=0.02  train_loss=0.0497 train_acc=0.9992  val_loss=0.4905 val_acc=0.8896  (31.4s)
[wrn28_10/cifar10] ep 96/200  lr=0.02  train_loss=0.0489 train_acc=0.9992  val_loss=0.4345 val_acc=0.9064  (31.5s)
[wrn28_10/cifar10] ep 97/200  lr=0.02  train_loss=0.0478 train_acc=0.9989  val_loss=0.4313 val_acc=0.8948  (31.6s)
[wrn28_10/cifar10] ep 98/200  lr=0.02  train_loss=0.0418 train_acc=0.9996  val_loss=0.5049 val_acc=0.8920  (31.5s)
[wrn28_10/cifar10] ep 99/200  lr=0.02  train_loss=0.0439 train_acc=0.9996  val_loss=0.5081 val_acc=0.8828  (31.5s)
[wrn28_10/cifar10] ep 100/200  lr=0.02  train_loss=0.0570 train_acc=0.9989  val_loss=0.4929 val_acc=0.8872  (31.5s)
[wrn28_10/cifar10] ep 101/200  lr=0.02  train_loss=0.0513 train_acc=0.9992  val_loss=0.4032 val_acc=0.8984  (31.5s)
[wrn28_10/cifar10] ep 102/200  lr=0.02  train_loss=0.0482 train_acc=0.9990  val_loss=0.5126 val_acc=0.8888  (31.5s)
[wrn28_10/cifar10] ep 103/200  lr=0.02  train_loss=0.0524 train_acc=0.9989  val_loss=0.5418 val_acc=0.8688  (31.5s)
[wrn28_10/cifar10] ep 104/200  lr=0.02  train_loss=0.0593 train_acc=0.9989  val_loss=0.5657 val_acc=0.8776  (31.5s)
[wrn28_10/cifar10] ep 105/200  lr=0.02  train_loss=0.0483 train_acc=0.9993  val_loss=0.4187 val_acc=0.9044  (31.5s)
[wrn28_10/cifar10] ep 106/200  lr=0.02  train_loss=0.0548 train_acc=0.9990  val_loss=0.4317 val_acc=0.8944  (31.6s)
[wrn28_10/cifar10] ep 107/200  lr=0.02  train_loss=0.0478 train_acc=0.9992  val_loss=0.4051 val_acc=0.9068  (31.6s)
[wrn28_10/cifar10] ep 108/200  lr=0.02  train_loss=0.0484 train_acc=0.9991  val_loss=0.4476 val_acc=0.8948  (31.5s)
[wrn28_10/cifar10] ep 109/200  lr=0.02  train_loss=0.0526 train_acc=0.9992  val_loss=0.4282 val_acc=0.8988  (31.5s)
[wrn28_10/cifar10] ep 110/200  lr=0.02  train_loss=0.0501 train_acc=0.9997  val_loss=0.3930 val_acc=0.9048  (31.5s)
[wrn28_10/cifar10] ep 111/200  lr=0.02  train_loss=0.0557 train_acc=0.9996  val_loss=0.5265 val_acc=0.8856  (31.5s)
[wrn28_10/cifar10] ep 112/200  lr=0.02  train_loss=0.0556 train_acc=0.9993  val_loss=0.4412 val_acc=0.8968  (31.5s)
[wrn28_10/cifar10] ep 113/200  lr=0.02  train_loss=0.0545 train_acc=0.9990  val_loss=0.4482 val_acc=0.8888  (31.5s)
[wrn28_10/cifar10] ep 114/200  lr=0.02  train_loss=0.0502 train_acc=0.9994  val_loss=0.4093 val_acc=0.9008  (31.5s)
[wrn28_10/cifar10] ep 115/200  lr=0.02  train_loss=0.0571 train_acc=0.9991  val_loss=0.3996 val_acc=0.9020  (31.5s)
[wrn28_10/cifar10] ep 116/200  lr=0.02  train_loss=0.0578 train_acc=0.9992  val_loss=0.4271 val_acc=0.8984  (31.5s)
[wrn28_10/cifar10] ep 117/200  lr=0.02  train_loss=0.0490 train_acc=0.9994  val_loss=0.4719 val_acc=0.8828  (31.5s)
[wrn28_10/cifar10] ep 118/200  lr=0.02  train_loss=0.0434 train_acc=0.9993  val_loss=0.4819 val_acc=0.8852  (31.5s)
[wrn28_10/cifar10] ep 119/200  lr=0.02  train_loss=0.0566 train_acc=0.9991  val_loss=0.4237 val_acc=0.9004  (31.5s)
[wrn28_10/cifar10] ep 120/200  lr=0.02  train_loss=0.0484 train_acc=0.9994  val_loss=0.4175 val_acc=0.8996  (31.5s)
[wrn28_10/cifar10] ep 121/200  lr=0.004  train_loss=0.0171 train_acc=0.9981  val_loss=0.2811 val_acc=0.9288  (31.5s)
[wrn28_10/cifar10] ep 122/200  lr=0.004  train_loss=0.0083 train_acc=0.9995  val_loss=0.2906 val_acc=0.9288  (31.5s)
[wrn28_10/cifar10] ep 123/200  lr=0.004  train_loss=0.0061 train_acc=0.9996  val_loss=0.2721 val_acc=0.9344  (31.5s)
[wrn28_10/cifar10] ep 124/200  lr=0.004  train_loss=0.0057 train_acc=0.9998  val_loss=0.2732 val_acc=0.9328  (31.5s)
[wrn28_10/cifar10] ep 125/200  lr=0.004  train_loss=0.0046 train_acc=0.9998  val_loss=0.2875 val_acc=0.9324  (31.5s)
[wrn28_10/cifar10] ep 126/200  lr=0.004  train_loss=0.0044 train_acc=0.9999  val_loss=0.2899 val_acc=0.9356  (31.5s)
[wrn28_10/cifar10] ep 127/200  lr=0.004  train_loss=0.0037 train_acc=0.9996  val_loss=0.2738 val_acc=0.9392  (31.5s)
[wrn28_10/cifar10] ep 128/200  lr=0.004  train_loss=0.0035 train_acc=1.0000  val_loss=0.2755 val_acc=0.9356  (31.5s)
[wrn28_10/cifar10] ep 129/200  lr=0.004  train_loss=0.0033 train_acc=0.9998  val_loss=0.2710 val_acc=0.9400  (31.5s)
[wrn28_10/cifar10] ep 130/200  lr=0.004  train_loss=0.0033 train_acc=0.9999  val_loss=0.2710 val_acc=0.9388  (31.5s)
[wrn28_10/cifar10] ep 131/200  lr=0.004  train_loss=0.0032 train_acc=0.9998  val_loss=0.2725 val_acc=0.9388  (31.5s)
[wrn28_10/cifar10] ep 132/200  lr=0.004  train_loss=0.0027 train_acc=0.9999  val_loss=0.2716 val_acc=0.9384  (31.5s)
[wrn28_10/cifar10] ep 133/200  lr=0.004  train_loss=0.0025 train_acc=0.9999  val_loss=0.2733 val_acc=0.9392  (31.5s)
[wrn28_10/cifar10] ep 134/200  lr=0.004  train_loss=0.0022 train_acc=1.0000  val_loss=0.2742 val_acc=0.9400  (31.4s)
[wrn28_10/cifar10] ep 135/200  lr=0.004  train_loss=0.0026 train_acc=0.9998  val_loss=0.2791 val_acc=0.9368  (31.4s)
[wrn28_10/cifar10] ep 136/200  lr=0.004  train_loss=0.0026 train_acc=1.0000  val_loss=0.2663 val_acc=0.9436  (31.5s)
[wrn28_10/cifar10] ep 137/200  lr=0.004  train_loss=0.0029 train_acc=0.9999  val_loss=0.2706 val_acc=0.9356  (31.5s)
[wrn28_10/cifar10] ep 138/200  lr=0.004  train_loss=0.0026 train_acc=0.9999  val_loss=0.2779 val_acc=0.9368  (31.5s)
[wrn28_10/cifar10] ep 139/200  lr=0.004  train_loss=0.0023 train_acc=0.9999  val_loss=0.2697 val_acc=0.9400  (31.4s)
[wrn28_10/cifar10] ep 140/200  lr=0.004  train_loss=0.0020 train_acc=1.0000  val_loss=0.2721 val_acc=0.9404  (31.4s)
[wrn28_10/cifar10] ep 141/200  lr=0.004  train_loss=0.0020 train_acc=1.0000  val_loss=0.2752 val_acc=0.9392  (31.5s)
[wrn28_10/cifar10] ep 142/200  lr=0.004  train_loss=0.0022 train_acc=1.0000  val_loss=0.2822 val_acc=0.9420  (31.5s)
[wrn28_10/cifar10] ep 143/200  lr=0.004  train_loss=0.0019 train_acc=1.0000  val_loss=0.2696 val_acc=0.9404  (31.4s)
[wrn28_10/cifar10] ep 144/200  lr=0.004  train_loss=0.0022 train_acc=1.0000  val_loss=0.2704 val_acc=0.9408  (31.4s)
[wrn28_10/cifar10] ep 145/200  lr=0.004  train_loss=0.0020 train_acc=1.0000  val_loss=0.2763 val_acc=0.9408  (31.4s)
[wrn28_10/cifar10] ep 146/200  lr=0.004  train_loss=0.0020 train_acc=1.0000  val_loss=0.2728 val_acc=0.9408  (31.4s)
[wrn28_10/cifar10] ep 147/200  lr=0.004  train_loss=0.0020 train_acc=1.0000  val_loss=0.2741 val_acc=0.9384  (31.4s)
[wrn28_10/cifar10] ep 148/200  lr=0.004  train_loss=0.0020 train_acc=1.0000  val_loss=0.2662 val_acc=0.9400  (31.4s)
[wrn28_10/cifar10] ep 149/200  lr=0.004  train_loss=0.0018 train_acc=1.0000  val_loss=0.2675 val_acc=0.9400  (31.4s)
[wrn28_10/cifar10] ep 150/200  lr=0.004  train_loss=0.0018 train_acc=1.0000  val_loss=0.2725 val_acc=0.9420  (31.4s)
[wrn28_10/cifar10] ep 151/200  lr=0.004  train_loss=0.0022 train_acc=1.0000  val_loss=0.2634 val_acc=0.9424  (31.4s)
[wrn28_10/cifar10] ep 152/200  lr=0.004  train_loss=0.0020 train_acc=1.0000  val_loss=0.2754 val_acc=0.9380  (31.4s)
[wrn28_10/cifar10] ep 153/200  lr=0.004  train_loss=0.0020 train_acc=1.0000  val_loss=0.2697 val_acc=0.9404  (31.5s)
[wrn28_10/cifar10] ep 154/200  lr=0.004  train_loss=0.0018 train_acc=1.0000  val_loss=0.2700 val_acc=0.9416  (31.4s)
[wrn28_10/cifar10] ep 155/200  lr=0.004  train_loss=0.0021 train_acc=0.9999  val_loss=0.2720 val_acc=0.9412  (31.4s)
[wrn28_10/cifar10] ep 156/200  lr=0.004  train_loss=0.0019 train_acc=1.0000  val_loss=0.2762 val_acc=0.9404  (31.4s)
[wrn28_10/cifar10] ep 157/200  lr=0.004  train_loss=0.0020 train_acc=1.0000  val_loss=0.2689 val_acc=0.9412  (31.5s)
[wrn28_10/cifar10] ep 158/200  lr=0.004  train_loss=0.0020 train_acc=1.0000  val_loss=0.2744 val_acc=0.9384  (31.4s)
[wrn28_10/cifar10] ep 159/200  lr=0.004  train_loss=0.0020 train_acc=1.0000  val_loss=0.2653 val_acc=0.9416  (31.4s)
[wrn28_10/cifar10] ep 160/200  lr=0.004  train_loss=0.0018 train_acc=1.0000  val_loss=0.2657 val_acc=0.9412  (31.4s)
[wrn28_10/cifar10] ep 161/200  lr=0.0008  train_loss=0.0021 train_acc=1.0000  val_loss=0.2652 val_acc=0.9424  (31.5s)
[wrn28_10/cifar10] ep 162/200  lr=0.0008  train_loss=0.0019 train_acc=1.0000  val_loss=0.2669 val_acc=0.9424  (31.5s)
[wrn28_10/cifar10] ep 163/200  lr=0.0008  train_loss=0.0017 train_acc=1.0000  val_loss=0.2619 val_acc=0.9436  (31.4s)
[wrn28_10/cifar10] ep 164/200  lr=0.0008  train_loss=0.0018 train_acc=0.9999  val_loss=0.2681 val_acc=0.9424  (31.4s)
[wrn28_10/cifar10] ep 165/200  lr=0.0008  train_loss=0.0018 train_acc=1.0000  val_loss=0.2727 val_acc=0.9412  (31.4s)
[wrn28_10/cifar10] ep 166/200  lr=0.0008  train_loss=0.0019 train_acc=0.9999  val_loss=0.2698 val_acc=0.9432  (31.5s)
[wrn28_10/cifar10] ep 167/200  lr=0.0008  train_loss=0.0017 train_acc=1.0000  val_loss=0.2688 val_acc=0.9408  (31.5s)
[wrn28_10/cifar10] ep 168/200  lr=0.0008  train_loss=0.0017 train_acc=1.0000  val_loss=0.2737 val_acc=0.9412  (31.4s)
[wrn28_10/cifar10] ep 169/200  lr=0.0008  train_loss=0.0018 train_acc=1.0000  val_loss=0.2747 val_acc=0.9400  (31.4s)
[wrn28_10/cifar10] ep 170/200  lr=0.0008  train_loss=0.0017 train_acc=1.0000  val_loss=0.2657 val_acc=0.9416  (31.4s)
[wrn28_10/cifar10] ep 171/200  lr=0.0008  train_loss=0.0019 train_acc=1.0000  val_loss=0.2652 val_acc=0.9416  (31.4s)
[wrn28_10/cifar10] ep 172/200  lr=0.0008  train_loss=0.0017 train_acc=1.0000  val_loss=0.2659 val_acc=0.9416  (31.4s)
[wrn28_10/cifar10] ep 173/200  lr=0.0008  train_loss=0.0017 train_acc=1.0000  val_loss=0.2645 val_acc=0.9424  (31.4s)
[wrn28_10/cifar10] ep 174/200  lr=0.0008  train_loss=0.0019 train_acc=1.0000  val_loss=0.2598 val_acc=0.9424  (31.4s)
[wrn28_10/cifar10] ep 175/200  lr=0.0008  train_loss=0.0018 train_acc=1.0000  val_loss=0.2695 val_acc=0.9436  (31.4s)
[wrn28_10/cifar10] ep 176/200  lr=0.0008  train_loss=0.0018 train_acc=0.9999  val_loss=0.2623 val_acc=0.9428  (31.4s)
[wrn28_10/cifar10] ep 177/200  lr=0.0008  train_loss=0.0016 train_acc=1.0000  val_loss=0.2633 val_acc=0.9412  (31.6s)
[wrn28_10/cifar10] ep 178/200  lr=0.0008  train_loss=0.0017 train_acc=1.0000  val_loss=0.2635 val_acc=0.9428  (31.7s)
[wrn28_10/cifar10] ep 179/200  lr=0.0008  train_loss=0.0016 train_acc=1.0000  val_loss=0.2627 val_acc=0.9436  (31.6s)
[wrn28_10/cifar10] ep 180/200  lr=0.0008  train_loss=0.0018 train_acc=0.9999  val_loss=0.2628 val_acc=0.9428  (31.6s)
[wrn28_10/cifar10] ep 181/200  lr=0.0008  train_loss=0.0017 train_acc=1.0000  val_loss=0.2631 val_acc=0.9428  (31.6s)
[wrn28_10/cifar10] ep 182/200  lr=0.0008  train_loss=0.0016 train_acc=0.9999  val_loss=0.2634 val_acc=0.9436  (31.6s)
[wrn28_10/cifar10] ep 183/200  lr=0.0008  train_loss=0.0017 train_acc=1.0000  val_loss=0.2662 val_acc=0.9412  (31.6s)
[wrn28_10/cifar10] ep 184/200  lr=0.0008  train_loss=0.0016 train_acc=1.0000  val_loss=0.2590 val_acc=0.9436  (31.6s)
[wrn28_10/cifar10] ep 185/200  lr=0.0008  train_loss=0.0017 train_acc=1.0000  val_loss=0.2646 val_acc=0.9428  (31.6s)
[wrn28_10/cifar10] ep 186/200  lr=0.0008  train_loss=0.0015 train_acc=1.0000  val_loss=0.2629 val_acc=0.9436  (31.6s)
[wrn28_10/cifar10] ep 187/200  lr=0.0008  train_loss=0.0017 train_acc=1.0000  val_loss=0.2690 val_acc=0.9412  (31.5s)
[wrn28_10/cifar10] ep 188/200  lr=0.0008  train_loss=0.0018 train_acc=1.0000  val_loss=0.2671 val_acc=0.9408  (31.4s)
[wrn28_10/cifar10] ep 189/200  lr=0.0008  train_loss=0.0016 train_acc=1.0000  val_loss=0.2641 val_acc=0.9428  (31.4s)
[wrn28_10/cifar10] ep 190/200  lr=0.0008  train_loss=0.0017 train_acc=1.0000  val_loss=0.2679 val_acc=0.9408  (31.4s)
[wrn28_10/cifar10] ep 191/200  lr=0.0008  train_loss=0.0019 train_acc=1.0000  val_loss=0.2662 val_acc=0.9420  (31.4s)
[wrn28_10/cifar10] ep 192/200  lr=0.0008  train_loss=0.0017 train_acc=1.0000  val_loss=0.2552 val_acc=0.9448  (31.4s)
[wrn28_10/cifar10] ep 193/200  lr=0.0008  train_loss=0.0015 train_acc=1.0000  val_loss=0.2635 val_acc=0.9428  (31.4s)
[wrn28_10/cifar10] ep 194/200  lr=0.0008  train_loss=0.0018 train_acc=1.0000  val_loss=0.2650 val_acc=0.9432  (31.4s)
[wrn28_10/cifar10] ep 195/200  lr=0.0008  train_loss=0.0018 train_acc=1.0000  val_loss=0.2713 val_acc=0.9420  (31.4s)
[wrn28_10/cifar10] ep 196/200  lr=0.0008  train_loss=0.0017 train_acc=1.0000  val_loss=0.2691 val_acc=0.9424  (31.4s)
[wrn28_10/cifar10] ep 197/200  lr=0.0008  train_loss=0.0017 train_acc=0.9999  val_loss=0.2652 val_acc=0.9412  (31.4s)
[wrn28_10/cifar10] ep 198/200  lr=0.0008  train_loss=0.0017 train_acc=1.0000  val_loss=0.2578 val_acc=0.9448  (31.4s)
[wrn28_10/cifar10] ep 199/200  lr=0.0008  train_loss=0.0016 train_acc=1.0000  val_loss=0.2672 val_acc=0.9404  (31.4s)
[wrn28_10/cifar10] ep 200/200  lr=0.0008  train_loss=0.0015 train_acc=1.0000  val_loss=0.2652 val_acc=0.9416  (31.4s)

=== DONE [wrn28_10/cifar10] ===
  best val acc:  0.9448 at epoch 192
  test acc:      0.9360 (loss 0.2771)
  train acc:     1.0000
  total time:    105.6 min
  ckpt:          /path/to/ciln-workspace/journal_edition/checkpoints/wrn28_10_cifar10_best.pt
[16:02:02] === DONE  train_wrn28_10_cifar (GPU 1) ===
