[21:03:35] === START train_lenet5_mnist on GPU 2 ===
[loaders] mnist: train=54000  val=6000  test=10000
[lenet5/mnist] AMP enabled: True
[lenet5/mnist] ep 1/200  lr=0.001  train_loss=0.4543 train_acc=0.8709  val_loss=0.1613 val_acc=0.9527  (3.6s)
[lenet5/mnist] ep 2/200  lr=0.001  train_loss=0.1106 train_acc=0.9692  val_loss=0.0753 val_acc=0.9768  (2.7s)
[lenet5/mnist] ep 3/200  lr=0.001  train_loss=0.0759 train_acc=0.9790  val_loss=0.0649 val_acc=0.9785  (2.8s)
[lenet5/mnist] ep 4/200  lr=0.001  train_loss=0.0612 train_acc=0.9841  val_loss=0.0520 val_acc=0.9838  (2.9s)
[lenet5/mnist] ep 5/200  lr=0.001  train_loss=0.0510 train_acc=0.9866  val_loss=0.0479 val_acc=0.9843  (2.8s)
[lenet5/mnist] ep 6/200  lr=0.001  train_loss=0.0420 train_acc=0.9893  val_loss=0.0423 val_acc=0.9862  (2.7s)
[lenet5/mnist] ep 7/200  lr=0.001  train_loss=0.0355 train_acc=0.9912  val_loss=0.0452 val_acc=0.9863  (2.7s)
[lenet5/mnist] ep 8/200  lr=0.001  train_loss=0.0305 train_acc=0.9926  val_loss=0.0438 val_acc=0.9865  (2.7s)
[lenet5/mnist] ep 9/200  lr=0.001  train_loss=0.0282 train_acc=0.9938  val_loss=0.0437 val_acc=0.9877  (2.7s)
[lenet5/mnist] ep 10/200  lr=0.001  train_loss=0.0250 train_acc=0.9945  val_loss=0.0505 val_acc=0.9845  (2.9s)
[lenet5/mnist] ep 11/200  lr=0.001  train_loss=0.0208 train_acc=0.9952  val_loss=0.0389 val_acc=0.9883  (3.0s)
[lenet5/mnist] ep 12/200  lr=0.001  train_loss=0.0193 train_acc=0.9963  val_loss=0.0426 val_acc=0.9878  (2.7s)
[lenet5/mnist] ep 13/200  lr=0.001  train_loss=0.0163 train_acc=0.9973  val_loss=0.0358 val_acc=0.9888  (3.0s)
[lenet5/mnist] ep 14/200  lr=0.001  train_loss=0.0141 train_acc=0.9977  val_loss=0.0472 val_acc=0.9880  (3.0s)
[lenet5/mnist] ep 15/200  lr=0.001  train_loss=0.0136 train_acc=0.9977  val_loss=0.0460 val_acc=0.9865  (2.7s)
[lenet5/mnist] ep 16/200  lr=0.001  train_loss=0.0128 train_acc=0.9978  val_loss=0.0390 val_acc=0.9877  (2.7s)
[lenet5/mnist] ep 17/200  lr=0.001  train_loss=0.0101 train_acc=0.9984  val_loss=0.0349 val_acc=0.9910  (2.8s)
[lenet5/mnist] ep 18/200  lr=0.001  train_loss=0.0095 train_acc=0.9986  val_loss=0.0411 val_acc=0.9892  (2.7s)
[lenet5/mnist] ep 19/200  lr=0.001  train_loss=0.0096 train_acc=0.9986  val_loss=0.0561 val_acc=0.9832  (2.9s)
[lenet5/mnist] ep 20/200  lr=0.001  train_loss=0.0083 train_acc=0.9989  val_loss=0.0426 val_acc=0.9892  (2.7s)
[lenet5/mnist] ep 21/200  lr=0.001  train_loss=0.0102 train_acc=0.9988  val_loss=0.0423 val_acc=0.9900  (2.7s)
[lenet5/mnist] ep 22/200  lr=0.001  train_loss=0.0077 train_acc=0.9991  val_loss=0.0453 val_acc=0.9895  (2.7s)
[lenet5/mnist] ep 23/200  lr=0.001  train_loss=0.0051 train_acc=0.9996  val_loss=0.0438 val_acc=0.9897  (2.7s)
[lenet5/mnist] ep 24/200  lr=0.001  train_loss=0.0070 train_acc=0.9993  val_loss=0.0507 val_acc=0.9885  (2.8s)
[lenet5/mnist] ep 25/200  lr=0.001  train_loss=0.0065 train_acc=0.9994  val_loss=0.0510 val_acc=0.9897  (2.7s)
[lenet5/mnist] ep 26/200  lr=0.001  train_loss=0.0052 train_acc=0.9996  val_loss=0.0506 val_acc=0.9880  (2.9s)
[lenet5/mnist] ep 27/200  lr=0.001  train_loss=0.0069 train_acc=0.9994  val_loss=0.0526 val_acc=0.9877  (2.7s)
[lenet5/mnist] ep 28/200  lr=0.001  train_loss=0.0072 train_acc=0.9992  val_loss=0.0390 val_acc=0.9908  (2.7s)
[lenet5/mnist] ep 29/200  lr=0.001  train_loss=0.0048 train_acc=0.9996  val_loss=0.0456 val_acc=0.9903  (2.7s)
[lenet5/mnist] ep 30/200  lr=0.001  train_loss=0.0049 train_acc=0.9996  val_loss=0.0523 val_acc=0.9885  (2.7s)
[lenet5/mnist] ep 31/200  lr=0.001  train_loss=0.0040 train_acc=0.9997  val_loss=0.0438 val_acc=0.9913  (2.8s)
[lenet5/mnist] ep 32/200  lr=0.001  train_loss=0.0074 train_acc=0.9993  val_loss=0.0462 val_acc=0.9897  (2.7s)
[lenet5/mnist] ep 33/200  lr=0.001  train_loss=0.0036 train_acc=0.9997  val_loss=0.0522 val_acc=0.9892  (2.7s)
[lenet5/mnist] ep 34/200  lr=0.001  train_loss=0.0050 train_acc=0.9996  val_loss=0.0592 val_acc=0.9877  (2.9s)
[lenet5/mnist] ep 35/200  lr=0.001  train_loss=0.0016 train_acc=0.9999  val_loss=0.0483 val_acc=0.9905  (2.6s)
[lenet5/mnist] ep 36/200  lr=0.001  train_loss=0.0069 train_acc=0.9993  val_loss=0.0686 val_acc=0.9862  (2.8s)
[lenet5/mnist] ep 37/200  lr=0.001  train_loss=0.0050 train_acc=0.9998  val_loss=0.0570 val_acc=0.9895  (2.7s)
[lenet5/mnist] ep 38/200  lr=0.001  train_loss=0.0024 train_acc=0.9999  val_loss=0.0681 val_acc=0.9892  (2.6s)
[lenet5/mnist] ep 39/200  lr=0.001  train_loss=0.0052 train_acc=0.9997  val_loss=0.0682 val_acc=0.9878  (2.5s)
[lenet5/mnist] ep 40/200  lr=0.001  train_loss=0.0045 train_acc=0.9998  val_loss=0.0628 val_acc=0.9895  (2.6s)
[lenet5/mnist] ep 41/200  lr=0.001  train_loss=0.0033 train_acc=0.9997  val_loss=0.0577 val_acc=0.9908  (2.6s)
[lenet5/mnist] ep 42/200  lr=0.001  train_loss=0.0041 train_acc=0.9998  val_loss=0.0752 val_acc=0.9870  (2.6s)
[lenet5/mnist] ep 43/200  lr=0.001  train_loss=0.0024 train_acc=0.9998  val_loss=0.0665 val_acc=0.9885  (2.7s)
[lenet5/mnist] ep 44/200  lr=0.001  train_loss=0.0033 train_acc=0.9998  val_loss=0.0680 val_acc=0.9872  (2.8s)
[lenet5/mnist] ep 45/200  lr=0.001  train_loss=0.0040 train_acc=0.9997  val_loss=0.0504 val_acc=0.9905  (2.8s)
[lenet5/mnist] ep 46/200  lr=0.001  train_loss=0.0032 train_acc=0.9999  val_loss=0.0630 val_acc=0.9898  (2.6s)
[lenet5/mnist] ep 47/200  lr=0.001  train_loss=0.0031 train_acc=0.9999  val_loss=0.0628 val_acc=0.9878  (2.8s)
[lenet5/mnist] ep 48/200  lr=0.001  train_loss=0.0018 train_acc=0.9999  val_loss=0.0513 val_acc=0.9898  (2.7s)
[lenet5/mnist] ep 49/200  lr=0.001  train_loss=0.0022 train_acc=0.9999  val_loss=0.0532 val_acc=0.9913  (2.7s)
[lenet5/mnist] ep 50/200  lr=0.001  train_loss=0.0049 train_acc=0.9998  val_loss=0.0531 val_acc=0.9897  (3.1s)
[lenet5/mnist] ep 51/200  lr=0.001  train_loss=0.0053 train_acc=0.9996  val_loss=0.0554 val_acc=0.9902  (2.7s)
[lenet5/mnist] ep 52/200  lr=0.001  train_loss=0.0017 train_acc=0.9999  val_loss=0.0499 val_acc=0.9908  (2.7s)
[lenet5/mnist] ep 53/200  lr=0.001  train_loss=0.0006 train_acc=1.0000  val_loss=0.0521 val_acc=0.9898  (2.8s)
[lenet5/mnist] ep 54/200  lr=0.001  train_loss=0.0010 train_acc=1.0000  val_loss=0.0620 val_acc=0.9885  (2.8s)
[lenet5/mnist] ep 55/200  lr=0.001  train_loss=0.0060 train_acc=0.9997  val_loss=0.0810 val_acc=0.9868  (2.8s)
[lenet5/mnist] ep 56/200  lr=0.001  train_loss=0.0053 train_acc=0.9996  val_loss=0.0568 val_acc=0.9893  (2.8s)
[lenet5/mnist] ep 57/200  lr=0.001  train_loss=0.0019 train_acc=0.9999  val_loss=0.0650 val_acc=0.9897  (2.7s)
[lenet5/mnist] ep 58/200  lr=0.001  train_loss=0.0025 train_acc=0.9999  val_loss=0.0650 val_acc=0.9885  (2.8s)
[lenet5/mnist] ep 59/200  lr=0.001  train_loss=0.0034 train_acc=0.9997  val_loss=0.0589 val_acc=0.9898  (2.8s)
[lenet5/mnist] ep 60/200  lr=0.001  train_loss=0.0015 train_acc=0.9999  val_loss=0.0605 val_acc=0.9893  (2.9s)
[lenet5/mnist] ep 61/200  lr=0.001  train_loss=0.0020 train_acc=0.9999  val_loss=0.0617 val_acc=0.9890  (2.7s)
[lenet5/mnist] ep 62/200  lr=0.001  train_loss=0.0012 train_acc=0.9999  val_loss=0.0570 val_acc=0.9902  (2.7s)
[lenet5/mnist] ep 63/200  lr=0.001  train_loss=0.0037 train_acc=0.9998  val_loss=0.0708 val_acc=0.9882  (2.7s)
[lenet5/mnist] ep 64/200  lr=0.001  train_loss=0.0036 train_acc=0.9998  val_loss=0.0690 val_acc=0.9893  (2.6s)
[lenet5/mnist] ep 65/200  lr=0.001  train_loss=0.0012 train_acc=0.9999  val_loss=0.0612 val_acc=0.9907  (2.6s)
[lenet5/mnist] ep 66/200  lr=0.001  train_loss=0.0001 train_acc=1.0000  val_loss=0.0603 val_acc=0.9910  (2.8s)
[lenet5/mnist] ep 67/200  lr=0.001  train_loss=0.0000 train_acc=1.0000  val_loss=0.0593 val_acc=0.9918  (2.8s)
[lenet5/mnist] ep 68/200  lr=0.001  train_loss=0.0000 train_acc=1.0000  val_loss=0.0607 val_acc=0.9915  (2.7s)
[lenet5/mnist] ep 69/200  lr=0.001  train_loss=0.0000 train_acc=1.0000  val_loss=0.0659 val_acc=0.9913  (2.7s)
[lenet5/mnist] ep 70/200  lr=0.001  train_loss=0.0000 train_acc=1.0000  val_loss=0.0697 val_acc=0.9910  (2.8s)
[lenet5/mnist] ep 71/200  lr=0.001  train_loss=0.0000 train_acc=1.0000  val_loss=0.0721 val_acc=0.9913  (2.7s)
[lenet5/mnist] ep 72/200  lr=0.001  train_loss=0.0000 train_acc=1.0000  val_loss=0.0755 val_acc=0.9915  (2.7s)
[lenet5/mnist] ep 73/200  lr=0.001  train_loss=0.0000 train_acc=1.0000  val_loss=0.0773 val_acc=0.9912  (2.8s)
[lenet5/mnist] ep 74/200  lr=0.001  train_loss=0.0000 train_acc=1.0000  val_loss=0.0789 val_acc=0.9917  (2.8s)
[lenet5/mnist] ep 75/200  lr=0.001  train_loss=0.0000 train_acc=1.0000  val_loss=0.0792 val_acc=0.9917  (2.6s)
[lenet5/mnist] ep 76/200  lr=0.001  train_loss=0.0000 train_acc=1.0000  val_loss=0.0812 val_acc=0.9915  (2.8s)
[lenet5/mnist] ep 77/200  lr=0.001  train_loss=0.0000 train_acc=1.0000  val_loss=0.0809 val_acc=0.9917  (2.8s)
[lenet5/mnist] ep 78/200  lr=0.001  train_loss=0.0000 train_acc=1.0000  val_loss=0.0826 val_acc=0.9913  (2.7s)
[lenet5/mnist] ep 79/200  lr=0.001  train_loss=0.0000 train_acc=1.0000  val_loss=0.0838 val_acc=0.9913  (2.6s)
[lenet5/mnist] ep 80/200  lr=0.001  train_loss=0.0000 train_acc=1.0000  val_loss=0.0855 val_acc=0.9913  (2.6s)
[lenet5/mnist] ep 81/200  lr=0.001  train_loss=0.0000 train_acc=1.0000  val_loss=0.0863 val_acc=0.9917  (2.7s)
[lenet5/mnist] ep 82/200  lr=0.0009917  train_loss=0.0000 train_acc=1.0000  val_loss=0.0880 val_acc=0.9917  (2.8s)
[lenet5/mnist] ep 83/200  lr=0.0009833  train_loss=0.0000 train_acc=1.0000  val_loss=0.0878 val_acc=0.9917  (2.9s)
[lenet5/mnist] ep 84/200  lr=0.000975  train_loss=0.0000 train_acc=1.0000  val_loss=0.0900 val_acc=0.9917  (2.8s)
[lenet5/mnist] ep 85/200  lr=0.0009667  train_loss=0.0000 train_acc=1.0000  val_loss=0.0899 val_acc=0.9917  (2.7s)
[lenet5/mnist] ep 86/200  lr=0.0009583  train_loss=0.0000 train_acc=1.0000  val_loss=0.0903 val_acc=0.9915  (2.7s)
[lenet5/mnist] ep 87/200  lr=0.00095  train_loss=0.0000 train_acc=1.0000  val_loss=0.0923 val_acc=0.9915  (2.6s)
[lenet5/mnist] ep 88/200  lr=0.0009417  train_loss=0.0000 train_acc=1.0000  val_loss=0.0927 val_acc=0.9917  (2.6s)
[lenet5/mnist] ep 89/200  lr=0.0009333  train_loss=0.0000 train_acc=1.0000  val_loss=0.0953 val_acc=0.9917  (2.7s)
[lenet5/mnist] ep 90/200  lr=0.000925  train_loss=0.0000 train_acc=1.0000  val_loss=0.0949 val_acc=0.9918  (2.7s)
[lenet5/mnist] ep 91/200  lr=0.0009167  train_loss=0.0000 train_acc=1.0000  val_loss=0.0975 val_acc=0.9917  (3.0s)
[lenet5/mnist] ep 92/200  lr=0.0009083  train_loss=0.0000 train_acc=1.0000  val_loss=0.0982 val_acc=0.9917  (2.7s)
[lenet5/mnist] ep 93/200  lr=0.0009  train_loss=0.0000 train_acc=1.0000  val_loss=0.0999 val_acc=0.9918  (2.6s)
[lenet5/mnist] ep 94/200  lr=0.0008917  train_loss=0.0000 train_acc=1.0000  val_loss=0.1010 val_acc=0.9917  (2.7s)
[lenet5/mnist] ep 95/200  lr=0.0008833  train_loss=0.0000 train_acc=1.0000  val_loss=0.1020 val_acc=0.9918  (2.7s)
[lenet5/mnist] ep 96/200  lr=0.000875  train_loss=0.0000 train_acc=1.0000  val_loss=0.1032 val_acc=0.9918  (2.8s)
[lenet5/mnist] ep 97/200  lr=0.0008667  train_loss=0.0000 train_acc=1.0000  val_loss=0.1044 val_acc=0.9917  (2.7s)
[lenet5/mnist] ep 98/200  lr=0.0008583  train_loss=0.0000 train_acc=1.0000  val_loss=0.1056 val_acc=0.9918  (2.7s)
[lenet5/mnist] ep 99/200  lr=0.00085  train_loss=0.0000 train_acc=1.0000  val_loss=0.1066 val_acc=0.9917  (2.7s)
[lenet5/mnist] ep 100/200  lr=0.0008417  train_loss=0.0000 train_acc=1.0000  val_loss=0.1076 val_acc=0.9917  (2.6s)
[lenet5/mnist] ep 101/200  lr=0.0008333  train_loss=0.0000 train_acc=1.0000  val_loss=0.1089 val_acc=0.9917  (2.8s)
[lenet5/mnist] ep 102/200  lr=0.000825  train_loss=0.0000 train_acc=1.0000  val_loss=0.1097 val_acc=0.9917  (2.9s)
[lenet5/mnist] ep 103/200  lr=0.0008167  train_loss=0.0000 train_acc=1.0000  val_loss=0.1103 val_acc=0.9917  (2.9s)
[lenet5/mnist] ep 104/200  lr=0.0008083  train_loss=0.0000 train_acc=1.0000  val_loss=0.1121 val_acc=0.9913  (2.9s)
[lenet5/mnist] ep 105/200  lr=0.0008  train_loss=0.0000 train_acc=1.0000  val_loss=0.1130 val_acc=0.9917  (2.8s)
[lenet5/mnist] ep 106/200  lr=0.0007917  train_loss=0.0000 train_acc=1.0000  val_loss=0.1136 val_acc=0.9917  (2.8s)
[lenet5/mnist] ep 107/200  lr=0.0007833  train_loss=0.0000 train_acc=1.0000  val_loss=0.1143 val_acc=0.9917  (2.6s)
[lenet5/mnist] ep 108/200  lr=0.000775  train_loss=0.0000 train_acc=1.0000  val_loss=0.1161 val_acc=0.9915  (2.7s)
[lenet5/mnist] ep 109/200  lr=0.0007667  train_loss=0.0000 train_acc=1.0000  val_loss=0.1163 val_acc=0.9917  (2.7s)
[lenet5/mnist] ep 110/200  lr=0.0007583  train_loss=0.0000 train_acc=1.0000  val_loss=0.1174 val_acc=0.9920  (2.8s)
[lenet5/mnist] ep 111/200  lr=0.00075  train_loss=0.0000 train_acc=1.0000  val_loss=0.1183 val_acc=0.9918  (2.9s)
[lenet5/mnist] ep 112/200  lr=0.0007417  train_loss=0.0000 train_acc=1.0000  val_loss=0.1196 val_acc=0.9917  (2.7s)
[lenet5/mnist] ep 113/200  lr=0.0007333  train_loss=0.0000 train_acc=1.0000  val_loss=0.1210 val_acc=0.9915  (2.7s)
[lenet5/mnist] ep 114/200  lr=0.000725  train_loss=0.0000 train_acc=1.0000  val_loss=0.1208 val_acc=0.9918  (2.8s)
[lenet5/mnist] ep 115/200  lr=0.0007167  train_loss=0.0000 train_acc=1.0000  val_loss=0.1223 val_acc=0.9917  (2.7s)
[lenet5/mnist] ep 116/200  lr=0.0007083  train_loss=0.0000 train_acc=1.0000  val_loss=0.1231 val_acc=0.9918  (2.6s)
[lenet5/mnist] ep 117/200  lr=0.0007  train_loss=0.0000 train_acc=1.0000  val_loss=0.1237 val_acc=0.9918  (2.7s)
[lenet5/mnist] ep 118/200  lr=0.0006917  train_loss=0.0000 train_acc=1.0000  val_loss=0.1250 val_acc=0.9918  (2.7s)
[lenet5/mnist] ep 119/200  lr=0.0006833  train_loss=0.0000 train_acc=1.0000  val_loss=0.1256 val_acc=0.9917  (2.6s)
[lenet5/mnist] ep 120/200  lr=0.000675  train_loss=0.0000 train_acc=1.0000  val_loss=0.1268 val_acc=0.9918  (2.7s)
[lenet5/mnist] ep 121/200  lr=0.0006667  train_loss=0.0000 train_acc=1.0000  val_loss=0.1278 val_acc=0.9922  (2.6s)
[lenet5/mnist] ep 122/200  lr=0.0006583  train_loss=0.0000 train_acc=1.0000  val_loss=0.1289 val_acc=0.9923  (2.7s)
[lenet5/mnist] ep 123/200  lr=0.00065  train_loss=0.0000 train_acc=1.0000  val_loss=0.1303 val_acc=0.9925  (2.7s)
[lenet5/mnist] ep 124/200  lr=0.0006417  train_loss=0.0000 train_acc=1.0000  val_loss=0.1325 val_acc=0.9918  (2.6s)
[lenet5/mnist] ep 125/200  lr=0.0006333  train_loss=0.0000 train_acc=1.0000  val_loss=0.1354 val_acc=0.9918  (2.6s)
[lenet5/mnist] ep 126/200  lr=0.000625  train_loss=0.0000 train_acc=1.0000  val_loss=0.1358 val_acc=0.9913  (2.8s)
[lenet5/mnist] ep 127/200  lr=0.0006167  train_loss=0.0000 train_acc=1.0000  val_loss=0.1369 val_acc=0.9920  (2.9s)
[lenet5/mnist] ep 128/200  lr=0.0006083  train_loss=0.0115 train_acc=0.9993  val_loss=0.1019 val_acc=0.9897  (2.7s)
[lenet5/mnist] ep 129/200  lr=0.0006  train_loss=0.0027 train_acc=0.9998  val_loss=0.1030 val_acc=0.9895  (2.8s)
[lenet5/mnist] ep 130/200  lr=0.0005917  train_loss=0.0010 train_acc=1.0000  val_loss=0.0946 val_acc=0.9902  (2.7s)
[lenet5/mnist] ep 131/200  lr=0.0005833  train_loss=0.0001 train_acc=1.0000  val_loss=0.0964 val_acc=0.9913  (2.7s)
[lenet5/mnist] ep 132/200  lr=0.000575  train_loss=0.0000 train_acc=1.0000  val_loss=0.0960 val_acc=0.9918  (2.8s)
[lenet5/mnist] ep 133/200  lr=0.0005667  train_loss=0.0000 train_acc=1.0000  val_loss=0.0961 val_acc=0.9920  (2.6s)
[lenet5/mnist] ep 134/200  lr=0.0005583  train_loss=0.0000 train_acc=1.0000  val_loss=0.0963 val_acc=0.9920  (2.7s)
[lenet5/mnist] ep 135/200  lr=0.00055  train_loss=0.0000 train_acc=1.0000  val_loss=0.0966 val_acc=0.9920  (3.0s)
[lenet5/mnist] ep 136/200  lr=0.0005417  train_loss=0.0000 train_acc=1.0000  val_loss=0.0968 val_acc=0.9920  (2.8s)
[lenet5/mnist] ep 137/200  lr=0.0005333  train_loss=0.0000 train_acc=1.0000  val_loss=0.0972 val_acc=0.9918  (2.9s)
[lenet5/mnist] ep 138/200  lr=0.000525  train_loss=0.0000 train_acc=1.0000  val_loss=0.0975 val_acc=0.9918  (3.0s)
[lenet5/mnist] ep 139/200  lr=0.0005167  train_loss=0.0000 train_acc=1.0000  val_loss=0.0979 val_acc=0.9918  (2.9s)
[lenet5/mnist] ep 140/200  lr=0.0005083  train_loss=0.0000 train_acc=1.0000  val_loss=0.0983 val_acc=0.9918  (3.0s)
[lenet5/mnist] ep 141/200  lr=0.0005  train_loss=0.0000 train_acc=1.0000  val_loss=0.0986 val_acc=0.9918  (3.0s)
[lenet5/mnist] ep 142/200  lr=0.0004917  train_loss=0.0000 train_acc=1.0000  val_loss=0.0991 val_acc=0.9918  (2.6s)
[lenet5/mnist] ep 143/200  lr=0.0004833  train_loss=0.0000 train_acc=1.0000  val_loss=0.0995 val_acc=0.9918  (2.6s)
[lenet5/mnist] ep 144/200  lr=0.000475  train_loss=0.0000 train_acc=1.0000  val_loss=0.1000 val_acc=0.9918  (2.8s)
[lenet5/mnist] ep 145/200  lr=0.0004667  train_loss=0.0000 train_acc=1.0000  val_loss=0.1005 val_acc=0.9918  (2.8s)
[lenet5/mnist] ep 146/200  lr=0.0004583  train_loss=0.0000 train_acc=1.0000  val_loss=0.1011 val_acc=0.9917  (2.9s)
[lenet5/mnist] ep 147/200  lr=0.00045  train_loss=0.0000 train_acc=1.0000  val_loss=0.1015 val_acc=0.9917  (2.8s)
[lenet5/mnist] ep 148/200  lr=0.0004417  train_loss=0.0000 train_acc=1.0000  val_loss=0.1021 val_acc=0.9917  (2.6s)
[lenet5/mnist] ep 149/200  lr=0.0004333  train_loss=0.0000 train_acc=1.0000  val_loss=0.1027 val_acc=0.9917  (2.7s)
[lenet5/mnist] ep 150/200  lr=0.000425  train_loss=0.0000 train_acc=1.0000  val_loss=0.1031 val_acc=0.9917  (2.7s)
[lenet5/mnist] ep 151/200  lr=0.0004167  train_loss=0.0000 train_acc=1.0000  val_loss=0.1037 val_acc=0.9917  (2.6s)
[lenet5/mnist] ep 152/200  lr=0.0004083  train_loss=0.0000 train_acc=1.0000  val_loss=0.1044 val_acc=0.9917  (2.6s)
[lenet5/mnist] ep 153/200  lr=0.0004  train_loss=0.0000 train_acc=1.0000  val_loss=0.1050 val_acc=0.9917  (2.6s)
[lenet5/mnist] ep 154/200  lr=0.0003917  train_loss=0.0000 train_acc=1.0000  val_loss=0.1055 val_acc=0.9917  (2.7s)
[lenet5/mnist] ep 155/200  lr=0.0003833  train_loss=0.0000 train_acc=1.0000  val_loss=0.1062 val_acc=0.9917  (2.8s)
[lenet5/mnist] ep 156/200  lr=0.000375  train_loss=0.0000 train_acc=1.0000  val_loss=0.1070 val_acc=0.9917  (2.7s)
[lenet5/mnist] ep 157/200  lr=0.0003667  train_loss=0.0000 train_acc=1.0000  val_loss=0.1076 val_acc=0.9915  (2.7s)
[lenet5/mnist] ep 158/200  lr=0.0003583  train_loss=0.0000 train_acc=1.0000  val_loss=0.1082 val_acc=0.9915  (2.6s)
[lenet5/mnist] ep 159/200  lr=0.00035  train_loss=0.0000 train_acc=1.0000  val_loss=0.1089 val_acc=0.9917  (2.7s)
[lenet5/mnist] ep 160/200  lr=0.0003417  train_loss=0.0000 train_acc=1.0000  val_loss=0.1098 val_acc=0.9917  (2.7s)
[lenet5/mnist] ep 161/200  lr=0.0003333  train_loss=0.0000 train_acc=1.0000  val_loss=0.1105 val_acc=0.9915  (2.7s)
[lenet5/mnist] ep 162/200  lr=0.000325  train_loss=0.0000 train_acc=1.0000  val_loss=0.1112 val_acc=0.9915  (2.7s)
[lenet5/mnist] ep 163/200  lr=0.0003167  train_loss=0.0000 train_acc=1.0000  val_loss=0.1117 val_acc=0.9915  (2.7s)
[lenet5/mnist] ep 164/200  lr=0.0003083  train_loss=0.0000 train_acc=1.0000  val_loss=0.1123 val_acc=0.9915  (2.7s)
[lenet5/mnist] ep 165/200  lr=0.0003  train_loss=0.0000 train_acc=1.0000  val_loss=0.1131 val_acc=0.9915  (2.7s)
[lenet5/mnist] ep 166/200  lr=0.0002917  train_loss=0.0000 train_acc=1.0000  val_loss=0.1142 val_acc=0.9915  (2.8s)
[lenet5/mnist] ep 167/200  lr=0.0002833  train_loss=0.0000 train_acc=1.0000  val_loss=0.1149 val_acc=0.9915  (2.7s)
[lenet5/mnist] ep 168/200  lr=0.000275  train_loss=0.0000 train_acc=1.0000  val_loss=0.1156 val_acc=0.9915  (2.7s)
[lenet5/mnist] ep 169/200  lr=0.0002667  train_loss=0.0000 train_acc=1.0000  val_loss=0.1163 val_acc=0.9915  (2.7s)
[lenet5/mnist] ep 170/200  lr=0.0002583  train_loss=0.0000 train_acc=1.0000  val_loss=0.1171 val_acc=0.9915  (2.8s)
[lenet5/mnist] ep 171/200  lr=0.00025  train_loss=0.0000 train_acc=1.0000  val_loss=0.1175 val_acc=0.9915  (2.6s)
[lenet5/mnist] ep 172/200  lr=0.0002417  train_loss=0.0000 train_acc=1.0000  val_loss=0.1184 val_acc=0.9915  (2.8s)
[lenet5/mnist] ep 173/200  lr=0.0002333  train_loss=0.0000 train_acc=1.0000  val_loss=0.1194 val_acc=0.9915  (3.2s)
[lenet5/mnist] ep 174/200  lr=0.000225  train_loss=0.0000 train_acc=1.0000  val_loss=0.1197 val_acc=0.9915  (2.8s)
[lenet5/mnist] ep 175/200  lr=0.0002167  train_loss=0.0000 train_acc=1.0000  val_loss=0.1209 val_acc=0.9917  (2.8s)
[lenet5/mnist] ep 176/200  lr=0.0002083  train_loss=0.0000 train_acc=1.0000  val_loss=0.1213 val_acc=0.9915  (2.9s)
[lenet5/mnist] ep 177/200  lr=0.0002  train_loss=0.0000 train_acc=1.0000  val_loss=0.1221 val_acc=0.9915  (2.7s)
[lenet5/mnist] ep 178/200  lr=0.0001917  train_loss=0.0000 train_acc=1.0000  val_loss=0.1232 val_acc=0.9917  (2.7s)
[lenet5/mnist] ep 179/200  lr=0.0001833  train_loss=0.0000 train_acc=1.0000  val_loss=0.1239 val_acc=0.9917  (2.9s)
[lenet5/mnist] ep 180/200  lr=0.000175  train_loss=0.0000 train_acc=1.0000  val_loss=0.1245 val_acc=0.9917  (2.8s)
[lenet5/mnist] ep 181/200  lr=0.0001667  train_loss=0.0000 train_acc=1.0000  val_loss=0.1253 val_acc=0.9917  (2.7s)
[lenet5/mnist] ep 182/200  lr=0.0001583  train_loss=0.0000 train_acc=1.0000  val_loss=0.1259 val_acc=0.9917  (2.7s)
[lenet5/mnist] ep 183/200  lr=0.00015  train_loss=0.0000 train_acc=1.0000  val_loss=0.1265 val_acc=0.9918  (2.7s)
[lenet5/mnist] ep 184/200  lr=0.0001417  train_loss=0.0000 train_acc=1.0000  val_loss=0.1271 val_acc=0.9918  (2.9s)
[lenet5/mnist] ep 185/200  lr=0.0001333  train_loss=0.0000 train_acc=1.0000  val_loss=0.1279 val_acc=0.9920  (2.7s)
[lenet5/mnist] ep 186/200  lr=0.000125  train_loss=0.0000 train_acc=1.0000  val_loss=0.1282 val_acc=0.9920  (2.8s)
[lenet5/mnist] ep 187/200  lr=0.0001167  train_loss=0.0000 train_acc=1.0000  val_loss=0.1290 val_acc=0.9920  (2.7s)
[lenet5/mnist] ep 188/200  lr=0.0001083  train_loss=0.0000 train_acc=1.0000  val_loss=0.1292 val_acc=0.9920  (2.7s)
[lenet5/mnist] ep 189/200  lr=0.0001  train_loss=0.0000 train_acc=1.0000  val_loss=0.1298 val_acc=0.9920  (2.7s)
[lenet5/mnist] ep 190/200  lr=9.167e-05  train_loss=0.0000 train_acc=1.0000  val_loss=0.1303 val_acc=0.9920  (2.7s)
[lenet5/mnist] ep 191/200  lr=8.333e-05  train_loss=0.0000 train_acc=1.0000  val_loss=0.1307 val_acc=0.9920  (2.8s)
[lenet5/mnist] ep 192/200  lr=7.5e-05  train_loss=0.0000 train_acc=1.0000  val_loss=0.1310 val_acc=0.9920  (2.8s)
[lenet5/mnist] ep 193/200  lr=6.667e-05  train_loss=0.0000 train_acc=1.0000  val_loss=0.1315 val_acc=0.9920  (2.8s)
[lenet5/mnist] ep 194/200  lr=5.833e-05  train_loss=0.0000 train_acc=1.0000  val_loss=0.1317 val_acc=0.9920  (2.7s)
[lenet5/mnist] ep 195/200  lr=5e-05  train_loss=0.0000 train_acc=1.0000  val_loss=0.1322 val_acc=0.9920  (2.9s)
[lenet5/mnist] ep 196/200  lr=4.167e-05  train_loss=0.0000 train_acc=1.0000  val_loss=0.1323 val_acc=0.9920  (2.8s)
[lenet5/mnist] ep 197/200  lr=3.333e-05  train_loss=0.0000 train_acc=1.0000  val_loss=0.1326 val_acc=0.9920  (2.6s)
[lenet5/mnist] ep 198/200  lr=2.5e-05  train_loss=0.0000 train_acc=1.0000  val_loss=0.1327 val_acc=0.9918  (2.7s)
[lenet5/mnist] ep 199/200  lr=1.667e-05  train_loss=0.0000 train_acc=1.0000  val_loss=0.1329 val_acc=0.9920  (2.6s)
[lenet5/mnist] ep 200/200  lr=8.333e-06  train_loss=0.0000 train_acc=1.0000  val_loss=0.1329 val_acc=0.9920  (2.7s)

=== DONE [lenet5/mnist] ===
  best val acc:  0.9925 at epoch 123
  test acc:      0.9911 (loss 0.1135)
  train acc:     1.0000
  total time:    9.2 min
  ckpt:          /home/misla2/thesis/python/mnist_corruptions/journal_edition/checkpoints/lenet5_mnist_best.pt
[21:13:00] === DONE  train_lenet5_mnist (GPU 2) ===
[14:16:15] === START train_lenet5_mnist on GPU 2 ===
[loaders] mnist: train=27000  val=3000  test=10000
[lenet5/mnist] AMP enabled: True
[lenet5/mnist] ep 1/200  lr=0.001  train_loss=0.6197 train_acc=0.8254  val_loss=0.1718 val_acc=0.9460  (2.2s)
[lenet5/mnist] ep 2/200  lr=0.001  train_loss=0.1515 train_acc=0.9580  val_loss=0.1196 val_acc=0.9613  (1.6s)
[lenet5/mnist] ep 3/200  lr=0.001  train_loss=0.1065 train_acc=0.9713  val_loss=0.0980 val_acc=0.9743  (1.4s)
[lenet5/mnist] ep 4/200  lr=0.001  train_loss=0.0879 train_acc=0.9762  val_loss=0.0641 val_acc=0.9820  (1.4s)
[lenet5/mnist] ep 5/200  lr=0.001  train_loss=0.0711 train_acc=0.9813  val_loss=0.0618 val_acc=0.9817  (1.5s)
[lenet5/mnist] ep 6/200  lr=0.001  train_loss=0.0599 train_acc=0.9843  val_loss=0.0557 val_acc=0.9850  (1.5s)
[lenet5/mnist] ep 7/200  lr=0.001  train_loss=0.0532 train_acc=0.9864  val_loss=0.0555 val_acc=0.9847  (1.5s)
[lenet5/mnist] ep 8/200  lr=0.001  train_loss=0.0475 train_acc=0.9880  val_loss=0.0470 val_acc=0.9870  (1.5s)
[lenet5/mnist] ep 9/200  lr=0.001  train_loss=0.0405 train_acc=0.9896  val_loss=0.0499 val_acc=0.9853  (1.5s)
[lenet5/mnist] ep 10/200  lr=0.001  train_loss=0.0386 train_acc=0.9903  val_loss=0.0533 val_acc=0.9850  (1.5s)
[lenet5/mnist] ep 11/200  lr=0.001  train_loss=0.0337 train_acc=0.9923  val_loss=0.0462 val_acc=0.9853  (1.5s)
[lenet5/mnist] ep 12/200  lr=0.001  train_loss=0.0274 train_acc=0.9940  val_loss=0.0513 val_acc=0.9870  (1.5s)
[lenet5/mnist] ep 13/200  lr=0.001  train_loss=0.0263 train_acc=0.9945  val_loss=0.0529 val_acc=0.9870  (1.5s)
[lenet5/mnist] ep 14/200  lr=0.001  train_loss=0.0207 train_acc=0.9956  val_loss=0.0495 val_acc=0.9867  (1.5s)
[lenet5/mnist] ep 15/200  lr=0.001  train_loss=0.0195 train_acc=0.9963  val_loss=0.0456 val_acc=0.9897  (1.6s)
[lenet5/mnist] ep 16/200  lr=0.001  train_loss=0.0188 train_acc=0.9957  val_loss=0.0476 val_acc=0.9890  (1.5s)
[lenet5/mnist] ep 17/200  lr=0.001  train_loss=0.0148 train_acc=0.9972  val_loss=0.0489 val_acc=0.9877  (1.5s)
[lenet5/mnist] ep 18/200  lr=0.001  train_loss=0.0134 train_acc=0.9976  val_loss=0.0476 val_acc=0.9890  (1.4s)
[lenet5/mnist] ep 19/200  lr=0.001  train_loss=0.0114 train_acc=0.9983  val_loss=0.0471 val_acc=0.9893  (1.5s)
[lenet5/mnist] ep 20/200  lr=0.001  train_loss=0.0098 train_acc=0.9988  val_loss=0.0580 val_acc=0.9873  (1.5s)
[lenet5/mnist] ep 21/200  lr=0.001  train_loss=0.0106 train_acc=0.9985  val_loss=0.0504 val_acc=0.9880  (1.5s)
[lenet5/mnist] ep 22/200  lr=0.001  train_loss=0.0110 train_acc=0.9986  val_loss=0.0473 val_acc=0.9893  (1.5s)
[lenet5/mnist] ep 23/200  lr=0.001  train_loss=0.0098 train_acc=0.9988  val_loss=0.0612 val_acc=0.9840  (1.6s)
[lenet5/mnist] ep 24/200  lr=0.001  train_loss=0.0148 train_acc=0.9981  val_loss=0.0503 val_acc=0.9913  (1.6s)
[lenet5/mnist] ep 25/200  lr=0.001  train_loss=0.0064 train_acc=0.9992  val_loss=0.0501 val_acc=0.9883  (1.5s)
[lenet5/mnist] ep 26/200  lr=0.001  train_loss=0.0078 train_acc=0.9992  val_loss=0.0594 val_acc=0.9877  (1.5s)
[lenet5/mnist] ep 27/200  lr=0.001  train_loss=0.0068 train_acc=0.9994  val_loss=0.0758 val_acc=0.9847  (1.5s)
[lenet5/mnist] ep 28/200  lr=0.001  train_loss=0.0093 train_acc=0.9989  val_loss=0.0608 val_acc=0.9873  (1.6s)
[lenet5/mnist] ep 29/200  lr=0.001  train_loss=0.0070 train_acc=0.9993  val_loss=0.0609 val_acc=0.9887  (1.5s)
[lenet5/mnist] ep 30/200  lr=0.001  train_loss=0.0047 train_acc=0.9997  val_loss=0.0568 val_acc=0.9890  (1.5s)
[lenet5/mnist] ep 31/200  lr=0.001  train_loss=0.0026 train_acc=0.9997  val_loss=0.0496 val_acc=0.9917  (1.4s)
[lenet5/mnist] ep 32/200  lr=0.001  train_loss=0.0013 train_acc=1.0000  val_loss=0.0557 val_acc=0.9907  (1.4s)
[lenet5/mnist] ep 33/200  lr=0.001  train_loss=0.0059 train_acc=0.9994  val_loss=0.0567 val_acc=0.9903  (1.4s)
[lenet5/mnist] ep 34/200  lr=0.001  train_loss=0.0094 train_acc=0.9993  val_loss=0.0628 val_acc=0.9877  (1.4s)
[lenet5/mnist] ep 35/200  lr=0.001  train_loss=0.0100 train_acc=0.9991  val_loss=0.0707 val_acc=0.9883  (1.4s)
[lenet5/mnist] ep 36/200  lr=0.001  train_loss=0.0105 train_acc=0.9990  val_loss=0.0595 val_acc=0.9873  (1.5s)
[lenet5/mnist] ep 37/200  lr=0.001  train_loss=0.0073 train_acc=0.9994  val_loss=0.0560 val_acc=0.9893  (1.5s)
[lenet5/mnist] ep 38/200  lr=0.001  train_loss=0.0019 train_acc=0.9999  val_loss=0.0605 val_acc=0.9903  (1.4s)
[lenet5/mnist] ep 39/200  lr=0.001  train_loss=0.0016 train_acc=0.9998  val_loss=0.0535 val_acc=0.9903  (1.5s)
[lenet5/mnist] ep 40/200  lr=0.001  train_loss=0.0007 train_acc=0.9999  val_loss=0.0573 val_acc=0.9900  (1.4s)
[lenet5/mnist] ep 41/200  lr=0.001  train_loss=0.0001 train_acc=1.0000  val_loss=0.0567 val_acc=0.9907  (1.5s)
[lenet5/mnist] ep 42/200  lr=0.001  train_loss=0.0001 train_acc=1.0000  val_loss=0.0572 val_acc=0.9907  (1.5s)
[lenet5/mnist] ep 43/200  lr=0.001  train_loss=0.0001 train_acc=1.0000  val_loss=0.0581 val_acc=0.9907  (1.4s)
[lenet5/mnist] ep 44/200  lr=0.001  train_loss=0.0001 train_acc=1.0000  val_loss=0.0600 val_acc=0.9907  (1.6s)
[lenet5/mnist] ep 45/200  lr=0.001  train_loss=0.0000 train_acc=1.0000  val_loss=0.0612 val_acc=0.9907  (1.5s)
[lenet5/mnist] ep 46/200  lr=0.001  train_loss=0.0000 train_acc=1.0000  val_loss=0.0616 val_acc=0.9907  (1.5s)
[lenet5/mnist] ep 47/200  lr=0.001  train_loss=0.0000 train_acc=1.0000  val_loss=0.0625 val_acc=0.9907  (1.5s)
[lenet5/mnist] ep 48/200  lr=0.001  train_loss=0.0000 train_acc=1.0000  val_loss=0.0638 val_acc=0.9907  (1.5s)
[lenet5/mnist] ep 49/200  lr=0.001  train_loss=0.0000 train_acc=1.0000  val_loss=0.0643 val_acc=0.9907  (1.5s)
[lenet5/mnist] ep 50/200  lr=0.001  train_loss=0.0000 train_acc=1.0000  val_loss=0.0651 val_acc=0.9907  (1.5s)
[lenet5/mnist] ep 51/200  lr=0.001  train_loss=0.0000 train_acc=1.0000  val_loss=0.0661 val_acc=0.9907  (1.6s)
[lenet5/mnist] ep 52/200  lr=0.001  train_loss=0.0000 train_acc=1.0000  val_loss=0.0663 val_acc=0.9907  (1.5s)
[lenet5/mnist] ep 53/200  lr=0.001  train_loss=0.0000 train_acc=1.0000  val_loss=0.0667 val_acc=0.9907  (1.5s)
[lenet5/mnist] ep 54/200  lr=0.001  train_loss=0.0000 train_acc=1.0000  val_loss=0.0680 val_acc=0.9910  (1.5s)
[lenet5/mnist] ep 55/200  lr=0.001  train_loss=0.0000 train_acc=1.0000  val_loss=0.0687 val_acc=0.9913  (1.5s)
[lenet5/mnist] ep 56/200  lr=0.001  train_loss=0.0000 train_acc=1.0000  val_loss=0.0690 val_acc=0.9910  (1.6s)
[lenet5/mnist] ep 57/200  lr=0.001  train_loss=0.0000 train_acc=1.0000  val_loss=0.0699 val_acc=0.9913  (1.4s)
[lenet5/mnist] ep 58/200  lr=0.001  train_loss=0.0000 train_acc=1.0000  val_loss=0.0700 val_acc=0.9913  (1.5s)
[lenet5/mnist] ep 59/200  lr=0.001  train_loss=0.0000 train_acc=1.0000  val_loss=0.0706 val_acc=0.9913  (1.4s)
[lenet5/mnist] ep 60/200  lr=0.001  train_loss=0.0000 train_acc=1.0000  val_loss=0.0716 val_acc=0.9913  (1.5s)
[lenet5/mnist] ep 61/200  lr=0.001  train_loss=0.0000 train_acc=1.0000  val_loss=0.0718 val_acc=0.9913  (1.4s)
[lenet5/mnist] ep 62/200  lr=0.001  train_loss=0.0000 train_acc=1.0000  val_loss=0.0725 val_acc=0.9913  (1.4s)
[lenet5/mnist] ep 63/200  lr=0.001  train_loss=0.0000 train_acc=1.0000  val_loss=0.0731 val_acc=0.9913  (1.4s)
[lenet5/mnist] ep 64/200  lr=0.001  train_loss=0.0000 train_acc=1.0000  val_loss=0.0740 val_acc=0.9913  (1.4s)
[lenet5/mnist] ep 65/200  lr=0.001  train_loss=0.0000 train_acc=1.0000  val_loss=0.0742 val_acc=0.9913  (1.4s)
[lenet5/mnist] ep 66/200  lr=0.001  train_loss=0.0000 train_acc=1.0000  val_loss=0.0750 val_acc=0.9910  (1.5s)
[lenet5/mnist] ep 67/200  lr=0.001  train_loss=0.0000 train_acc=1.0000  val_loss=0.0757 val_acc=0.9910  (1.4s)
[lenet5/mnist] ep 68/200  lr=0.001  train_loss=0.0000 train_acc=1.0000  val_loss=0.0760 val_acc=0.9913  (1.4s)
[lenet5/mnist] ep 69/200  lr=0.001  train_loss=0.0000 train_acc=1.0000  val_loss=0.0774 val_acc=0.9913  (1.6s)
[lenet5/mnist] ep 70/200  lr=0.001  train_loss=0.0000 train_acc=1.0000  val_loss=0.0777 val_acc=0.9917  (1.6s)
[lenet5/mnist] ep 71/200  lr=0.001  train_loss=0.0000 train_acc=1.0000  val_loss=0.0792 val_acc=0.9910  (1.5s)
[lenet5/mnist] ep 72/200  lr=0.001  train_loss=0.0000 train_acc=1.0000  val_loss=0.0804 val_acc=0.9910  (1.5s)
[lenet5/mnist] ep 73/200  lr=0.001  train_loss=0.0417 train_acc=0.9936  val_loss=0.0508 val_acc=0.9880  (1.4s)
[lenet5/mnist] ep 74/200  lr=0.001  train_loss=0.0112 train_acc=0.9983  val_loss=0.0557 val_acc=0.9873  (1.5s)
[lenet5/mnist] ep 75/200  lr=0.001  train_loss=0.0041 train_acc=0.9995  val_loss=0.0552 val_acc=0.9897  (1.4s)
[lenet5/mnist] ep 76/200  lr=0.001  train_loss=0.0014 train_acc=0.9999  val_loss=0.0576 val_acc=0.9897  (1.5s)
[lenet5/mnist] ep 77/200  lr=0.001  train_loss=0.0004 train_acc=1.0000  val_loss=0.0641 val_acc=0.9897  (1.6s)
[lenet5/mnist] ep 78/200  lr=0.001  train_loss=0.0008 train_acc=1.0000  val_loss=0.0640 val_acc=0.9907  (1.5s)
[lenet5/mnist] ep 79/200  lr=0.001  train_loss=0.0007 train_acc=1.0000  val_loss=0.0649 val_acc=0.9897  (1.5s)
[lenet5/mnist] ep 80/200  lr=0.001  train_loss=0.0002 train_acc=1.0000  val_loss=0.0667 val_acc=0.9893  (1.6s)
[lenet5/mnist] ep 81/200  lr=0.001  train_loss=0.0001 train_acc=1.0000  val_loss=0.0676 val_acc=0.9900  (1.5s)
[lenet5/mnist] ep 82/200  lr=0.0009917  train_loss=0.0000 train_acc=1.0000  val_loss=0.0689 val_acc=0.9900  (1.5s)
[lenet5/mnist] ep 83/200  lr=0.0009833  train_loss=0.0000 train_acc=1.0000  val_loss=0.0699 val_acc=0.9900  (1.5s)
[lenet5/mnist] ep 84/200  lr=0.000975  train_loss=0.0000 train_acc=1.0000  val_loss=0.0709 val_acc=0.9903  (1.5s)
[lenet5/mnist] ep 85/200  lr=0.0009667  train_loss=0.0000 train_acc=1.0000  val_loss=0.0715 val_acc=0.9903  (1.5s)
[lenet5/mnist] ep 86/200  lr=0.0009583  train_loss=0.0000 train_acc=1.0000  val_loss=0.0725 val_acc=0.9903  (1.4s)
[lenet5/mnist] ep 87/200  lr=0.00095  train_loss=0.0000 train_acc=1.0000  val_loss=0.0733 val_acc=0.9900  (1.6s)
[lenet5/mnist] ep 88/200  lr=0.0009417  train_loss=0.0000 train_acc=1.0000  val_loss=0.0740 val_acc=0.9903  (1.5s)
[lenet5/mnist] ep 89/200  lr=0.0009333  train_loss=0.0000 train_acc=1.0000  val_loss=0.0748 val_acc=0.9900  (1.5s)
[lenet5/mnist] ep 90/200  lr=0.000925  train_loss=0.0000 train_acc=1.0000  val_loss=0.0756 val_acc=0.9900  (1.6s)
[lenet5/mnist] ep 91/200  lr=0.0009167  train_loss=0.0000 train_acc=1.0000  val_loss=0.0763 val_acc=0.9900  (1.6s)
[lenet5/mnist] ep 92/200  lr=0.0009083  train_loss=0.0000 train_acc=1.0000  val_loss=0.0769 val_acc=0.9900  (1.5s)
[lenet5/mnist] ep 93/200  lr=0.0009  train_loss=0.0000 train_acc=1.0000  val_loss=0.0781 val_acc=0.9900  (1.5s)
[lenet5/mnist] ep 94/200  lr=0.0008917  train_loss=0.0000 train_acc=1.0000  val_loss=0.0787 val_acc=0.9900  (1.5s)
[lenet5/mnist] ep 95/200  lr=0.0008833  train_loss=0.0000 train_acc=1.0000  val_loss=0.0795 val_acc=0.9900  (1.5s)
[lenet5/mnist] ep 96/200  lr=0.000875  train_loss=0.0000 train_acc=1.0000  val_loss=0.0802 val_acc=0.9900  (1.4s)
[lenet5/mnist] ep 97/200  lr=0.0008667  train_loss=0.0000 train_acc=1.0000  val_loss=0.0808 val_acc=0.9900  (1.4s)
[lenet5/mnist] ep 98/200  lr=0.0008583  train_loss=0.0000 train_acc=1.0000  val_loss=0.0812 val_acc=0.9900  (1.5s)
[lenet5/mnist] ep 99/200  lr=0.00085  train_loss=0.0000 train_acc=1.0000  val_loss=0.0819 val_acc=0.9900  (1.7s)
[lenet5/mnist] ep 100/200  lr=0.0008417  train_loss=0.0000 train_acc=1.0000  val_loss=0.0825 val_acc=0.9900  (1.5s)
[lenet5/mnist] ep 101/200  lr=0.0008333  train_loss=0.0000 train_acc=1.0000  val_loss=0.0833 val_acc=0.9900  (1.6s)
[lenet5/mnist] ep 102/200  lr=0.000825  train_loss=0.0000 train_acc=1.0000  val_loss=0.0839 val_acc=0.9900  (1.5s)
[lenet5/mnist] ep 103/200  lr=0.0008167  train_loss=0.0000 train_acc=1.0000  val_loss=0.0843 val_acc=0.9900  (1.4s)
[lenet5/mnist] ep 104/200  lr=0.0008083  train_loss=0.0000 train_acc=1.0000  val_loss=0.0848 val_acc=0.9900  (1.5s)
[lenet5/mnist] ep 105/200  lr=0.0008  train_loss=0.0000 train_acc=1.0000  val_loss=0.0859 val_acc=0.9903  (1.4s)
[lenet5/mnist] ep 106/200  lr=0.0007917  train_loss=0.0000 train_acc=1.0000  val_loss=0.0863 val_acc=0.9900  (1.5s)
[lenet5/mnist] ep 107/200  lr=0.0007833  train_loss=0.0000 train_acc=1.0000  val_loss=0.0866 val_acc=0.9903  (1.4s)
[lenet5/mnist] ep 108/200  lr=0.000775  train_loss=0.0000 train_acc=1.0000  val_loss=0.0876 val_acc=0.9900  (1.4s)
[lenet5/mnist] ep 109/200  lr=0.0007667  train_loss=0.0000 train_acc=1.0000  val_loss=0.0878 val_acc=0.9903  (1.6s)
[lenet5/mnist] ep 110/200  lr=0.0007583  train_loss=0.0000 train_acc=1.0000  val_loss=0.0888 val_acc=0.9903  (1.5s)
[lenet5/mnist] ep 111/200  lr=0.00075  train_loss=0.0000 train_acc=1.0000  val_loss=0.0892 val_acc=0.9903  (1.5s)
[lenet5/mnist] ep 112/200  lr=0.0007417  train_loss=0.0000 train_acc=1.0000  val_loss=0.0900 val_acc=0.9907  (1.4s)
[lenet5/mnist] ep 113/200  lr=0.0007333  train_loss=0.0000 train_acc=1.0000  val_loss=0.0908 val_acc=0.9907  (1.5s)
[lenet5/mnist] ep 114/200  lr=0.000725  train_loss=0.0000 train_acc=1.0000  val_loss=0.0909 val_acc=0.9903  (1.5s)
[lenet5/mnist] ep 115/200  lr=0.0007167  train_loss=0.0000 train_acc=1.0000  val_loss=0.0918 val_acc=0.9907  (1.5s)
[lenet5/mnist] ep 116/200  lr=0.0007083  train_loss=0.0000 train_acc=1.0000  val_loss=0.0928 val_acc=0.9907  (1.5s)
[lenet5/mnist] ep 117/200  lr=0.0007  train_loss=0.0000 train_acc=1.0000  val_loss=0.0933 val_acc=0.9903  (1.5s)
[lenet5/mnist] ep 118/200  lr=0.0006917  train_loss=0.0000 train_acc=1.0000  val_loss=0.0942 val_acc=0.9903  (1.5s)
[lenet5/mnist] ep 119/200  lr=0.0006833  train_loss=0.0000 train_acc=1.0000  val_loss=0.0941 val_acc=0.9903  (1.5s)
[lenet5/mnist] ep 120/200  lr=0.000675  train_loss=0.0000 train_acc=1.0000  val_loss=0.0949 val_acc=0.9907  (1.5s)
[lenet5/mnist] ep 121/200  lr=0.0006667  train_loss=0.0000 train_acc=1.0000  val_loss=0.0953 val_acc=0.9907  (1.5s)
[lenet5/mnist] ep 122/200  lr=0.0006583  train_loss=0.0000 train_acc=1.0000  val_loss=0.0957 val_acc=0.9907  (1.5s)
[lenet5/mnist] ep 123/200  lr=0.00065  train_loss=0.0000 train_acc=1.0000  val_loss=0.0967 val_acc=0.9907  (1.5s)
[lenet5/mnist] ep 124/200  lr=0.0006417  train_loss=0.0000 train_acc=1.0000  val_loss=0.0973 val_acc=0.9903  (1.4s)
[lenet5/mnist] ep 125/200  lr=0.0006333  train_loss=0.0000 train_acc=1.0000  val_loss=0.0976 val_acc=0.9907  (1.5s)
[lenet5/mnist] ep 126/200  lr=0.000625  train_loss=0.0000 train_acc=1.0000  val_loss=0.0986 val_acc=0.9907  (1.5s)
[lenet5/mnist] ep 127/200  lr=0.0006167  train_loss=0.0000 train_acc=1.0000  val_loss=0.0994 val_acc=0.9907  (1.4s)
[lenet5/mnist] ep 128/200  lr=0.0006083  train_loss=0.0000 train_acc=1.0000  val_loss=0.1001 val_acc=0.9903  (1.4s)
[lenet5/mnist] ep 129/200  lr=0.0006  train_loss=0.0000 train_acc=1.0000  val_loss=0.1002 val_acc=0.9907  (1.4s)
[lenet5/mnist] ep 130/200  lr=0.0005917  train_loss=0.0000 train_acc=1.0000  val_loss=0.1008 val_acc=0.9907  (1.6s)
[lenet5/mnist] ep 131/200  lr=0.0005833  train_loss=0.0000 train_acc=1.0000  val_loss=0.1017 val_acc=0.9907  (1.7s)
[lenet5/mnist] ep 132/200  lr=0.000575  train_loss=0.0000 train_acc=1.0000  val_loss=0.1018 val_acc=0.9907  (1.6s)
[lenet5/mnist] ep 133/200  lr=0.0005667  train_loss=0.0000 train_acc=1.0000  val_loss=0.1027 val_acc=0.9907  (1.6s)
[lenet5/mnist] ep 134/200  lr=0.0005583  train_loss=0.0000 train_acc=1.0000  val_loss=0.1032 val_acc=0.9907  (2.0s)
[lenet5/mnist] ep 135/200  lr=0.00055  train_loss=0.0000 train_acc=1.0000  val_loss=0.1035 val_acc=0.9907  (2.3s)
[lenet5/mnist] ep 136/200  lr=0.0005417  train_loss=0.0000 train_acc=1.0000  val_loss=0.1044 val_acc=0.9907  (2.5s)
[lenet5/mnist] ep 137/200  lr=0.0005333  train_loss=0.0000 train_acc=1.0000  val_loss=0.1050 val_acc=0.9907  (2.5s)
[lenet5/mnist] ep 138/200  lr=0.000525  train_loss=0.0000 train_acc=1.0000  val_loss=0.1056 val_acc=0.9907  (2.6s)
[lenet5/mnist] ep 139/200  lr=0.0005167  train_loss=0.0000 train_acc=1.0000  val_loss=0.1063 val_acc=0.9907  (2.5s)
[lenet5/mnist] ep 140/200  lr=0.0005083  train_loss=0.0000 train_acc=1.0000  val_loss=0.1070 val_acc=0.9907  (2.6s)
[lenet5/mnist] ep 141/200  lr=0.0005  train_loss=0.0000 train_acc=1.0000  val_loss=0.1077 val_acc=0.9907  (2.6s)
[lenet5/mnist] ep 142/200  lr=0.0004917  train_loss=0.0000 train_acc=1.0000  val_loss=0.1085 val_acc=0.9910  (2.5s)
[lenet5/mnist] ep 143/200  lr=0.0004833  train_loss=0.0000 train_acc=1.0000  val_loss=0.1087 val_acc=0.9913  (2.5s)
[lenet5/mnist] ep 144/200  lr=0.000475  train_loss=0.0000 train_acc=1.0000  val_loss=0.1094 val_acc=0.9913  (2.6s)
[lenet5/mnist] ep 145/200  lr=0.0004667  train_loss=0.0000 train_acc=1.0000  val_loss=0.1098 val_acc=0.9907  (2.7s)
[lenet5/mnist] ep 146/200  lr=0.0004583  train_loss=0.0000 train_acc=1.0000  val_loss=0.1102 val_acc=0.9910  (2.6s)
[lenet5/mnist] ep 147/200  lr=0.00045  train_loss=0.0000 train_acc=1.0000  val_loss=0.1106 val_acc=0.9913  (2.4s)
[lenet5/mnist] ep 148/200  lr=0.0004417  train_loss=0.0000 train_acc=1.0000  val_loss=0.1113 val_acc=0.9913  (2.4s)
[lenet5/mnist] ep 149/200  lr=0.0004333  train_loss=0.0000 train_acc=1.0000  val_loss=0.1118 val_acc=0.9913  (2.7s)
[lenet5/mnist] ep 150/200  lr=0.000425  train_loss=0.0000 train_acc=1.0000  val_loss=0.1123 val_acc=0.9913  (2.5s)
[lenet5/mnist] ep 151/200  lr=0.0004167  train_loss=0.0000 train_acc=1.0000  val_loss=0.1131 val_acc=0.9917  (2.4s)
[lenet5/mnist] ep 152/200  lr=0.0004083  train_loss=0.0000 train_acc=1.0000  val_loss=0.1136 val_acc=0.9913  (2.5s)
[lenet5/mnist] ep 153/200  lr=0.0004  train_loss=0.0000 train_acc=1.0000  val_loss=0.1144 val_acc=0.9917  (2.7s)
[lenet5/mnist] ep 154/200  lr=0.0003917  train_loss=0.0000 train_acc=1.0000  val_loss=0.1154 val_acc=0.9913  (2.8s)
[lenet5/mnist] ep 155/200  lr=0.0003833  train_loss=0.0000 train_acc=1.0000  val_loss=0.1153 val_acc=0.9917  (2.8s)
[lenet5/mnist] ep 156/200  lr=0.000375  train_loss=0.0000 train_acc=1.0000  val_loss=0.1159 val_acc=0.9913  (2.6s)
[lenet5/mnist] ep 157/200  lr=0.0003667  train_loss=0.0000 train_acc=1.0000  val_loss=0.1164 val_acc=0.9913  (2.9s)
[lenet5/mnist] ep 158/200  lr=0.0003583  train_loss=0.0000 train_acc=1.0000  val_loss=0.1170 val_acc=0.9917  (2.6s)
[lenet5/mnist] ep 159/200  lr=0.00035  train_loss=0.0000 train_acc=1.0000  val_loss=0.1176 val_acc=0.9917  (2.6s)
[lenet5/mnist] ep 160/200  lr=0.0003417  train_loss=0.0000 train_acc=1.0000  val_loss=0.1181 val_acc=0.9917  (2.6s)
[lenet5/mnist] ep 161/200  lr=0.0003333  train_loss=0.0000 train_acc=1.0000  val_loss=0.1188 val_acc=0.9913  (2.5s)
[lenet5/mnist] ep 162/200  lr=0.000325  train_loss=0.0000 train_acc=1.0000  val_loss=0.1189 val_acc=0.9917  (2.6s)
[lenet5/mnist] ep 163/200  lr=0.0003167  train_loss=0.0000 train_acc=1.0000  val_loss=0.1196 val_acc=0.9913  (2.7s)
[lenet5/mnist] ep 164/200  lr=0.0003083  train_loss=0.0000 train_acc=1.0000  val_loss=0.1204 val_acc=0.9917  (2.6s)
[lenet5/mnist] ep 165/200  lr=0.0003  train_loss=0.0000 train_acc=1.0000  val_loss=0.1203 val_acc=0.9913  (2.7s)
[lenet5/mnist] ep 166/200  lr=0.0002917  train_loss=0.0000 train_acc=1.0000  val_loss=0.1211 val_acc=0.9917  (2.6s)
[lenet5/mnist] ep 167/200  lr=0.0002833  train_loss=0.0000 train_acc=1.0000  val_loss=0.1217 val_acc=0.9917  (2.4s)
[lenet5/mnist] ep 168/200  lr=0.000275  train_loss=0.0000 train_acc=1.0000  val_loss=0.1225 val_acc=0.9917  (2.6s)
[lenet5/mnist] ep 169/200  lr=0.0002667  train_loss=0.0000 train_acc=1.0000  val_loss=0.1225 val_acc=0.9917  (2.7s)
[lenet5/mnist] ep 170/200  lr=0.0002583  train_loss=0.0000 train_acc=1.0000  val_loss=0.1226 val_acc=0.9913  (2.5s)
[lenet5/mnist] ep 171/200  lr=0.00025  train_loss=0.0000 train_acc=1.0000  val_loss=0.1234 val_acc=0.9917  (2.6s)
[lenet5/mnist] ep 172/200  lr=0.0002417  train_loss=0.0000 train_acc=1.0000  val_loss=0.1235 val_acc=0.9917  (2.5s)
[lenet5/mnist] ep 173/200  lr=0.0002333  train_loss=0.0000 train_acc=1.0000  val_loss=0.1244 val_acc=0.9913  (2.7s)
[lenet5/mnist] ep 174/200  lr=0.000225  train_loss=0.0000 train_acc=1.0000  val_loss=0.1247 val_acc=0.9913  (2.6s)
[lenet5/mnist] ep 175/200  lr=0.0002167  train_loss=0.0000 train_acc=1.0000  val_loss=0.1247 val_acc=0.9917  (2.7s)
[lenet5/mnist] ep 176/200  lr=0.0002083  train_loss=0.0000 train_acc=1.0000  val_loss=0.1255 val_acc=0.9917  (2.7s)
[lenet5/mnist] ep 177/200  lr=0.0002  train_loss=0.0000 train_acc=1.0000  val_loss=0.1258 val_acc=0.9917  (2.6s)
[lenet5/mnist] ep 178/200  lr=0.0001917  train_loss=0.0000 train_acc=1.0000  val_loss=0.1256 val_acc=0.9917  (2.6s)
[lenet5/mnist] ep 179/200  lr=0.0001833  train_loss=0.0000 train_acc=1.0000  val_loss=0.1263 val_acc=0.9917  (2.5s)
[lenet5/mnist] ep 180/200  lr=0.000175  train_loss=0.0000 train_acc=1.0000  val_loss=0.1266 val_acc=0.9917  (2.7s)
[lenet5/mnist] ep 181/200  lr=0.0001667  train_loss=0.0000 train_acc=1.0000  val_loss=0.1267 val_acc=0.9917  (2.4s)
[lenet5/mnist] ep 182/200  lr=0.0001583  train_loss=0.0000 train_acc=1.0000  val_loss=0.1270 val_acc=0.9917  (2.5s)
[lenet5/mnist] ep 183/200  lr=0.00015  train_loss=0.0000 train_acc=1.0000  val_loss=0.1271 val_acc=0.9917  (2.5s)
[lenet5/mnist] ep 184/200  lr=0.0001417  train_loss=0.0000 train_acc=1.0000  val_loss=0.1271 val_acc=0.9917  (2.7s)
[lenet5/mnist] ep 185/200  lr=0.0001333  train_loss=0.0000 train_acc=1.0000  val_loss=0.1274 val_acc=0.9917  (2.5s)
[lenet5/mnist] ep 186/200  lr=0.000125  train_loss=0.0000 train_acc=1.0000  val_loss=0.1275 val_acc=0.9913  (2.5s)
[lenet5/mnist] ep 187/200  lr=0.0001167  train_loss=0.0000 train_acc=1.0000  val_loss=0.1278 val_acc=0.9917  (2.5s)
[lenet5/mnist] ep 188/200  lr=0.0001083  train_loss=0.0000 train_acc=1.0000  val_loss=0.1274 val_acc=0.9913  (2.1s)
[lenet5/mnist] ep 189/200  lr=0.0001  train_loss=0.0000 train_acc=1.0000  val_loss=0.1277 val_acc=0.9913  (1.6s)
[lenet5/mnist] ep 190/200  lr=9.167e-05  train_loss=0.0000 train_acc=1.0000  val_loss=0.1278 val_acc=0.9917  (1.5s)
[lenet5/mnist] ep 191/200  lr=8.333e-05  train_loss=0.0000 train_acc=1.0000  val_loss=0.1281 val_acc=0.9917  (2.3s)
[lenet5/mnist] ep 192/200  lr=7.5e-05  train_loss=0.0000 train_acc=1.0000  val_loss=0.1282 val_acc=0.9917  (2.9s)
[lenet5/mnist] ep 193/200  lr=6.667e-05  train_loss=0.0000 train_acc=1.0000  val_loss=0.1281 val_acc=0.9913  (1.7s)
[lenet5/mnist] ep 194/200  lr=5.833e-05  train_loss=0.0000 train_acc=1.0000  val_loss=0.1281 val_acc=0.9913  (1.6s)
[lenet5/mnist] ep 195/200  lr=5e-05  train_loss=0.0000 train_acc=1.0000  val_loss=0.1283 val_acc=0.9917  (1.8s)
[lenet5/mnist] ep 196/200  lr=4.167e-05  train_loss=0.0000 train_acc=1.0000  val_loss=0.1282 val_acc=0.9913  (1.8s)
[lenet5/mnist] ep 197/200  lr=3.333e-05  train_loss=0.0000 train_acc=1.0000  val_loss=0.1283 val_acc=0.9913  (1.6s)
[lenet5/mnist] ep 198/200  lr=2.5e-05  train_loss=0.0000 train_acc=1.0000  val_loss=0.1283 val_acc=0.9913  (1.5s)
[lenet5/mnist] ep 199/200  lr=1.667e-05  train_loss=0.0000 train_acc=1.0000  val_loss=0.1283 val_acc=0.9913  (1.5s)
[lenet5/mnist] ep 200/200  lr=8.333e-06  train_loss=0.0000 train_acc=1.0000  val_loss=0.1284 val_acc=0.9913  (1.6s)

=== DONE [lenet5/mnist] ===
  best val acc:  0.9917 at epoch 31
  test acc:      0.9892 (loss 0.0483)
  train acc:     0.9998
  total time:    6.1 min
  ckpt:          /home/misla2/thesis/python/mnist_corruptions/journal_edition/checkpoints/lenet5_mnist_best.pt
[14:22:28] === DONE  train_lenet5_mnist (GPU 2) ===
