[21:22:22] === START train_resnet20_mnist on GPU 2 ===
[loaders] mnist: train=54000  val=6000  test=10000
[resnet20/mnist] AMP enabled: True
[resnet20/mnist] ep 1/200  lr=0.001  train_loss=0.2171 train_acc=0.9506  val_loss=0.0579 val_acc=0.9832  (9.7s)
[resnet20/mnist] ep 2/200  lr=0.001  train_loss=0.0453 train_acc=0.9916  val_loss=0.0454 val_acc=0.9860  (8.4s)
[resnet20/mnist] ep 3/200  lr=0.001  train_loss=0.0327 train_acc=0.9943  val_loss=0.0350 val_acc=0.9888  (8.9s)
[resnet20/mnist] ep 4/200  lr=0.001  train_loss=0.0249 train_acc=0.9958  val_loss=0.0321 val_acc=0.9897  (9.4s)
[resnet20/mnist] ep 5/200  lr=0.001  train_loss=0.0219 train_acc=0.9965  val_loss=0.0555 val_acc=0.9823  (9.3s)
[resnet20/mnist] ep 6/200  lr=0.001  train_loss=0.0189 train_acc=0.9974  val_loss=0.0278 val_acc=0.9910  (9.0s)
[resnet20/mnist] ep 7/200  lr=0.001  train_loss=0.0155 train_acc=0.9982  val_loss=0.0280 val_acc=0.9915  (9.8s)
[resnet20/mnist] ep 8/200  lr=0.001  train_loss=0.0156 train_acc=0.9982  val_loss=0.0554 val_acc=0.9845  (8.4s)
[resnet20/mnist] ep 9/200  lr=0.001  train_loss=0.0138 train_acc=0.9985  val_loss=0.0285 val_acc=0.9908  (8.7s)
[resnet20/mnist] ep 10/200  lr=0.001  train_loss=0.0139 train_acc=0.9985  val_loss=0.0238 val_acc=0.9938  (8.7s)
[resnet20/mnist] ep 11/200  lr=0.001  train_loss=0.0098 train_acc=0.9990  val_loss=0.0360 val_acc=0.9910  (8.7s)
[resnet20/mnist] ep 12/200  lr=0.001  train_loss=0.0108 train_acc=0.9991  val_loss=0.0274 val_acc=0.9928  (8.5s)
[resnet20/mnist] ep 13/200  lr=0.001  train_loss=0.0094 train_acc=0.9991  val_loss=0.0250 val_acc=0.9940  (8.4s)
[resnet20/mnist] ep 14/200  lr=0.001  train_loss=0.0099 train_acc=0.9992  val_loss=0.0254 val_acc=0.9925  (8.5s)
[resnet20/mnist] ep 15/200  lr=0.001  train_loss=0.0079 train_acc=0.9994  val_loss=0.0262 val_acc=0.9932  (8.5s)
[resnet20/mnist] ep 16/200  lr=0.001  train_loss=0.0065 train_acc=0.9996  val_loss=0.0279 val_acc=0.9932  (8.5s)
[resnet20/mnist] ep 17/200  lr=0.001  train_loss=0.0067 train_acc=0.9997  val_loss=0.0321 val_acc=0.9928  (9.3s)
[resnet20/mnist] ep 18/200  lr=0.001  train_loss=0.0066 train_acc=0.9997  val_loss=0.0313 val_acc=0.9923  (8.9s)
[resnet20/mnist] ep 19/200  lr=0.001  train_loss=0.0056 train_acc=0.9998  val_loss=0.0394 val_acc=0.9900  (8.8s)
[resnet20/mnist] ep 20/200  lr=0.001  train_loss=0.0082 train_acc=0.9995  val_loss=0.0266 val_acc=0.9943  (9.2s)
[resnet20/mnist] ep 21/200  lr=0.001  train_loss=0.0065 train_acc=0.9996  val_loss=0.0287 val_acc=0.9928  (8.4s)
[resnet20/mnist] ep 22/200  lr=0.001  train_loss=0.0039 train_acc=0.9999  val_loss=0.0281 val_acc=0.9935  (9.1s)
[resnet20/mnist] ep 23/200  lr=0.001  train_loss=0.0057 train_acc=0.9998  val_loss=0.0300 val_acc=0.9928  (8.7s)
[resnet20/mnist] ep 24/200  lr=0.001  train_loss=0.0039 train_acc=0.9999  val_loss=0.0268 val_acc=0.9943  (8.5s)
[resnet20/mnist] ep 25/200  lr=0.001  train_loss=0.0043 train_acc=0.9999  val_loss=0.0264 val_acc=0.9938  (9.0s)
[resnet20/mnist] ep 26/200  lr=0.001  train_loss=0.0062 train_acc=0.9997  val_loss=0.0285 val_acc=0.9930  (8.5s)
[resnet20/mnist] ep 27/200  lr=0.001  train_loss=0.0049 train_acc=0.9998  val_loss=0.0282 val_acc=0.9945  (8.2s)
[resnet20/mnist] ep 28/200  lr=0.001  train_loss=0.0032 train_acc=0.9998  val_loss=0.0258 val_acc=0.9945  (8.7s)
[resnet20/mnist] ep 29/200  lr=0.001  train_loss=0.0030 train_acc=0.9999  val_loss=0.0274 val_acc=0.9938  (8.6s)
[resnet20/mnist] ep 30/200  lr=0.001  train_loss=0.0049 train_acc=0.9999  val_loss=0.0346 val_acc=0.9928  (8.7s)
[resnet20/mnist] ep 31/200  lr=0.001  train_loss=0.0046 train_acc=0.9999  val_loss=0.0274 val_acc=0.9950  (8.3s)
[resnet20/mnist] ep 32/200  lr=0.001  train_loss=0.0021 train_acc=1.0000  val_loss=0.0291 val_acc=0.9933  (8.6s)
[resnet20/mnist] ep 33/200  lr=0.001  train_loss=0.0022 train_acc=1.0000  val_loss=0.0443 val_acc=0.9907  (9.2s)
[resnet20/mnist] ep 34/200  lr=0.001  train_loss=0.0060 train_acc=0.9998  val_loss=0.0319 val_acc=0.9928  (8.9s)
[resnet20/mnist] ep 35/200  lr=0.001  train_loss=0.0020 train_acc=0.9999  val_loss=0.0239 val_acc=0.9948  (9.2s)
[resnet20/mnist] ep 36/200  lr=0.001  train_loss=0.0004 train_acc=1.0000  val_loss=0.0247 val_acc=0.9955  (9.6s)
[resnet20/mnist] ep 37/200  lr=0.001  train_loss=0.0016 train_acc=1.0000  val_loss=0.0322 val_acc=0.9938  (9.4s)
[resnet20/mnist] ep 38/200  lr=0.001  train_loss=0.0089 train_acc=0.9996  val_loss=0.0442 val_acc=0.9897  (9.5s)
[resnet20/mnist] ep 39/200  lr=0.001  train_loss=0.0030 train_acc=0.9999  val_loss=0.0312 val_acc=0.9930  (9.6s)
[resnet20/mnist] ep 40/200  lr=0.001  train_loss=0.0019 train_acc=1.0000  val_loss=0.0258 val_acc=0.9943  (9.3s)
[resnet20/mnist] ep 41/200  lr=0.001  train_loss=0.0026 train_acc=0.9999  val_loss=0.0296 val_acc=0.9940  (9.2s)
[resnet20/mnist] ep 42/200  lr=0.001  train_loss=0.0037 train_acc=0.9998  val_loss=0.0382 val_acc=0.9925  (8.6s)
[resnet20/mnist] ep 43/200  lr=0.001  train_loss=0.0032 train_acc=0.9999  val_loss=0.0387 val_acc=0.9922  (8.3s)
[resnet20/mnist] ep 44/200  lr=0.001  train_loss=0.0020 train_acc=1.0000  val_loss=0.0257 val_acc=0.9962  (9.1s)
[resnet20/mnist] ep 45/200  lr=0.001  train_loss=0.0009 train_acc=1.0000  val_loss=0.0251 val_acc=0.9957  (8.6s)
[resnet20/mnist] ep 46/200  lr=0.001  train_loss=0.0003 train_acc=1.0000  val_loss=0.0279 val_acc=0.9950  (8.8s)
[resnet20/mnist] ep 47/200  lr=0.001  train_loss=0.0057 train_acc=0.9998  val_loss=0.0297 val_acc=0.9942  (8.8s)
[resnet20/mnist] ep 48/200  lr=0.001  train_loss=0.0024 train_acc=1.0000  val_loss=0.0267 val_acc=0.9947  (8.9s)
[resnet20/mnist] ep 49/200  lr=0.001  train_loss=0.0011 train_acc=1.0000  val_loss=0.0307 val_acc=0.9947  (8.4s)
[resnet20/mnist] ep 50/200  lr=0.001  train_loss=0.0011 train_acc=1.0000  val_loss=0.0464 val_acc=0.9900  (8.2s)
[resnet20/mnist] ep 51/200  lr=0.001  train_loss=0.0050 train_acc=0.9999  val_loss=0.0291 val_acc=0.9945  (8.3s)
[resnet20/mnist] ep 52/200  lr=0.001  train_loss=0.0019 train_acc=0.9999  val_loss=0.0299 val_acc=0.9943  (8.6s)
[resnet20/mnist] ep 53/200  lr=0.001  train_loss=0.0016 train_acc=1.0000  val_loss=0.0321 val_acc=0.9942  (9.2s)
[resnet20/mnist] ep 54/200  lr=0.001  train_loss=0.0039 train_acc=0.9999  val_loss=0.0298 val_acc=0.9948  (8.9s)
[resnet20/mnist] ep 55/200  lr=0.001  train_loss=0.0015 train_acc=1.0000  val_loss=0.0312 val_acc=0.9950  (8.3s)
[resnet20/mnist] ep 56/200  lr=0.001  train_loss=0.0015 train_acc=1.0000  val_loss=0.0311 val_acc=0.9943  (8.7s)
[resnet20/mnist] ep 57/200  lr=0.001  train_loss=0.0027 train_acc=1.0000  val_loss=0.0329 val_acc=0.9952  (9.6s)
[resnet20/mnist] ep 58/200  lr=0.001  train_loss=0.0018 train_acc=0.9999  val_loss=0.0336 val_acc=0.9943  (8.5s)
[resnet20/mnist] ep 59/200  lr=0.001  train_loss=0.0006 train_acc=1.0000  val_loss=0.0288 val_acc=0.9955  (8.6s)
[resnet20/mnist] ep 60/200  lr=0.001  train_loss=0.0001 train_acc=1.0000  val_loss=0.0304 val_acc=0.9955  (8.7s)
[resnet20/mnist] ep 61/200  lr=0.001  train_loss=0.0001 train_acc=1.0000  val_loss=0.0296 val_acc=0.9960  (9.0s)
[resnet20/mnist] ep 62/200  lr=0.001  train_loss=0.0001 train_acc=1.0000  val_loss=0.0338 val_acc=0.9952  (8.4s)
[resnet20/mnist] ep 63/200  lr=0.001  train_loss=0.0086 train_acc=0.9996  val_loss=0.0311 val_acc=0.9945  (8.4s)
[resnet20/mnist] ep 64/200  lr=0.001  train_loss=0.0019 train_acc=1.0000  val_loss=0.0318 val_acc=0.9948  (8.7s)
[resnet20/mnist] ep 65/200  lr=0.001  train_loss=0.0008 train_acc=1.0000  val_loss=0.0268 val_acc=0.9967  (8.6s)
[resnet20/mnist] ep 66/200  lr=0.001  train_loss=0.0001 train_acc=1.0000  val_loss=0.0268 val_acc=0.9957  (8.3s)
[resnet20/mnist] ep 67/200  lr=0.001  train_loss=0.0001 train_acc=1.0000  val_loss=0.0287 val_acc=0.9952  (8.3s)
[resnet20/mnist] ep 68/200  lr=0.001  train_loss=0.0030 train_acc=1.0000  val_loss=0.0472 val_acc=0.9907  (8.3s)
[resnet20/mnist] ep 69/200  lr=0.001  train_loss=0.0031 train_acc=0.9999  val_loss=0.0401 val_acc=0.9928  (8.3s)
[resnet20/mnist] ep 70/200  lr=0.001  train_loss=0.0008 train_acc=1.0000  val_loss=0.0369 val_acc=0.9943  (8.3s)
[resnet20/mnist] ep 71/200  lr=0.001  train_loss=0.0016 train_acc=1.0000  val_loss=0.0346 val_acc=0.9943  (8.2s)
[resnet20/mnist] ep 72/200  lr=0.001  train_loss=0.0006 train_acc=1.0000  val_loss=0.0341 val_acc=0.9952  (8.8s)
[resnet20/mnist] ep 73/200  lr=0.001  train_loss=0.0001 train_acc=1.0000  val_loss=0.0340 val_acc=0.9955  (9.0s)
[resnet20/mnist] ep 74/200  lr=0.001  train_loss=0.0001 train_acc=1.0000  val_loss=0.0335 val_acc=0.9943  (8.7s)
[resnet20/mnist] ep 75/200  lr=0.001  train_loss=0.0000 train_acc=1.0000  val_loss=0.0332 val_acc=0.9957  (8.5s)
[resnet20/mnist] ep 76/200  lr=0.001  train_loss=0.0000 train_acc=1.0000  val_loss=0.0329 val_acc=0.9955  (8.3s)
[resnet20/mnist] ep 77/200  lr=0.001  train_loss=0.0000 train_acc=1.0000  val_loss=0.0355 val_acc=0.9953  (8.9s)
[resnet20/mnist] ep 78/200  lr=0.001  train_loss=0.0000 train_acc=1.0000  val_loss=0.0341 val_acc=0.9958  (8.3s)
[resnet20/mnist] ep 79/200  lr=0.001  train_loss=0.0000 train_acc=1.0000  val_loss=0.0339 val_acc=0.9953  (8.4s)
[resnet20/mnist] ep 80/200  lr=0.001  train_loss=0.0000 train_acc=1.0000  val_loss=0.0342 val_acc=0.9957  (8.9s)
[resnet20/mnist] ep 81/200  lr=0.001  train_loss=0.0000 train_acc=1.0000  val_loss=0.0340 val_acc=0.9958  (9.0s)
[resnet20/mnist] ep 82/200  lr=0.0009917  train_loss=0.0000 train_acc=1.0000  val_loss=0.0343 val_acc=0.9957  (8.7s)
[resnet20/mnist] ep 83/200  lr=0.0009833  train_loss=0.0000 train_acc=1.0000  val_loss=0.0355 val_acc=0.9957  (9.3s)
[resnet20/mnist] ep 84/200  lr=0.000975  train_loss=0.0091 train_acc=0.9995  val_loss=0.0313 val_acc=0.9938  (8.7s)
[resnet20/mnist] ep 85/200  lr=0.0009667  train_loss=0.0034 train_acc=0.9998  val_loss=0.0290 val_acc=0.9948  (8.3s)
[resnet20/mnist] ep 86/200  lr=0.0009583  train_loss=0.0005 train_acc=1.0000  val_loss=0.0280 val_acc=0.9948  (9.4s)
[resnet20/mnist] ep 87/200  lr=0.00095  train_loss=0.0002 train_acc=1.0000  val_loss=0.0301 val_acc=0.9952  (8.5s)
[resnet20/mnist] ep 88/200  lr=0.0009417  train_loss=0.0004 train_acc=1.0000  val_loss=0.0350 val_acc=0.9938  (8.9s)
[resnet20/mnist] ep 89/200  lr=0.0009333  train_loss=0.0012 train_acc=1.0000  val_loss=0.0437 val_acc=0.9908  (8.4s)
[resnet20/mnist] ep 90/200  lr=0.000925  train_loss=0.0030 train_acc=0.9999  val_loss=0.0384 val_acc=0.9923  (8.5s)
[resnet20/mnist] ep 91/200  lr=0.0009167  train_loss=0.0014 train_acc=1.0000  val_loss=0.0299 val_acc=0.9950  (8.6s)
[resnet20/mnist] ep 92/200  lr=0.0009083  train_loss=0.0006 train_acc=1.0000  val_loss=0.0360 val_acc=0.9937  (8.5s)
[resnet20/mnist] ep 93/200  lr=0.0009  train_loss=0.0019 train_acc=1.0000  val_loss=0.0343 val_acc=0.9935  (8.5s)
[resnet20/mnist] ep 94/200  lr=0.0008917  train_loss=0.0006 train_acc=1.0000  val_loss=0.0332 val_acc=0.9948  (9.0s)
[resnet20/mnist] ep 95/200  lr=0.0008833  train_loss=0.0005 train_acc=1.0000  val_loss=0.0310 val_acc=0.9957  (9.2s)
[resnet20/mnist] ep 96/200  lr=0.000875  train_loss=0.0003 train_acc=1.0000  val_loss=0.0307 val_acc=0.9950  (8.7s)
[resnet20/mnist] ep 97/200  lr=0.0008667  train_loss=0.0012 train_acc=1.0000  val_loss=0.0397 val_acc=0.9943  (9.0s)
[resnet20/mnist] ep 98/200  lr=0.0008583  train_loss=0.0015 train_acc=1.0000  val_loss=0.0402 val_acc=0.9930  (8.7s)
[resnet20/mnist] ep 99/200  lr=0.00085  train_loss=0.0004 train_acc=1.0000  val_loss=0.0321 val_acc=0.9957  (8.3s)
[resnet20/mnist] ep 100/200  lr=0.0008417  train_loss=0.0001 train_acc=1.0000  val_loss=0.0337 val_acc=0.9948  (8.6s)
[resnet20/mnist] ep 101/200  lr=0.0008333  train_loss=0.0000 train_acc=1.0000  val_loss=0.0319 val_acc=0.9953  (8.5s)
[resnet20/mnist] ep 102/200  lr=0.000825  train_loss=0.0000 train_acc=1.0000  val_loss=0.0319 val_acc=0.9957  (8.3s)
[resnet20/mnist] ep 103/200  lr=0.0008167  train_loss=0.0000 train_acc=1.0000  val_loss=0.0315 val_acc=0.9957  (8.6s)
[resnet20/mnist] ep 104/200  lr=0.0008083  train_loss=0.0000 train_acc=1.0000  val_loss=0.0307 val_acc=0.9962  (8.7s)
[resnet20/mnist] ep 105/200  lr=0.0008  train_loss=0.0035 train_acc=0.9999  val_loss=0.0408 val_acc=0.9933  (8.7s)
[resnet20/mnist] ep 106/200  lr=0.0007917  train_loss=0.0018 train_acc=0.9999  val_loss=0.0304 val_acc=0.9962  (8.7s)
[resnet20/mnist] ep 107/200  lr=0.0007833  train_loss=0.0006 train_acc=1.0000  val_loss=0.0299 val_acc=0.9958  (9.1s)
[resnet20/mnist] ep 108/200  lr=0.000775  train_loss=0.0004 train_acc=1.0000  val_loss=0.0334 val_acc=0.9945  (8.8s)
[resnet20/mnist] ep 109/200  lr=0.0007667  train_loss=0.0002 train_acc=1.0000  val_loss=0.0291 val_acc=0.9953  (8.7s)
[resnet20/mnist] ep 110/200  lr=0.0007583  train_loss=0.0000 train_acc=1.0000  val_loss=0.0299 val_acc=0.9955  (8.7s)
[resnet20/mnist] ep 111/200  lr=0.00075  train_loss=0.0000 train_acc=1.0000  val_loss=0.0286 val_acc=0.9955  (8.2s)
[resnet20/mnist] ep 112/200  lr=0.0007417  train_loss=0.0000 train_acc=1.0000  val_loss=0.0283 val_acc=0.9958  (8.6s)
[resnet20/mnist] ep 113/200  lr=0.0007333  train_loss=0.0000 train_acc=1.0000  val_loss=0.0282 val_acc=0.9960  (9.4s)
[resnet20/mnist] ep 114/200  lr=0.000725  train_loss=0.0000 train_acc=1.0000  val_loss=0.0291 val_acc=0.9960  (8.3s)
[resnet20/mnist] ep 115/200  lr=0.0007167  train_loss=0.0000 train_acc=1.0000  val_loss=0.0280 val_acc=0.9962  (8.6s)
[resnet20/mnist] ep 116/200  lr=0.0007083  train_loss=0.0000 train_acc=1.0000  val_loss=0.0290 val_acc=0.9960  (8.3s)
[resnet20/mnist] ep 117/200  lr=0.0007  train_loss=0.0000 train_acc=1.0000  val_loss=0.0288 val_acc=0.9958  (8.6s)
[resnet20/mnist] ep 118/200  lr=0.0006917  train_loss=0.0000 train_acc=1.0000  val_loss=0.0293 val_acc=0.9957  (8.4s)
[resnet20/mnist] ep 119/200  lr=0.0006833  train_loss=0.0000 train_acc=1.0000  val_loss=0.0295 val_acc=0.9963  (8.4s)
[resnet20/mnist] ep 120/200  lr=0.000675  train_loss=0.0000 train_acc=1.0000  val_loss=0.0348 val_acc=0.9948  (8.6s)
[resnet20/mnist] ep 121/200  lr=0.0006667  train_loss=0.0043 train_acc=0.9998  val_loss=0.0355 val_acc=0.9950  (8.8s)
[resnet20/mnist] ep 122/200  lr=0.0006583  train_loss=0.0006 train_acc=1.0000  val_loss=0.0288 val_acc=0.9950  (8.9s)
[resnet20/mnist] ep 123/200  lr=0.00065  train_loss=0.0001 train_acc=1.0000  val_loss=0.0296 val_acc=0.9945  (8.9s)
[resnet20/mnist] ep 124/200  lr=0.0006417  train_loss=0.0000 train_acc=1.0000  val_loss=0.0297 val_acc=0.9955  (8.7s)
[resnet20/mnist] ep 125/200  lr=0.0006333  train_loss=0.0000 train_acc=1.0000  val_loss=0.0303 val_acc=0.9950  (8.5s)
[resnet20/mnist] ep 126/200  lr=0.000625  train_loss=0.0005 train_acc=1.0000  val_loss=0.0345 val_acc=0.9942  (8.7s)
[resnet20/mnist] ep 127/200  lr=0.0006167  train_loss=0.0004 train_acc=1.0000  val_loss=0.0345 val_acc=0.9940  (8.4s)
[resnet20/mnist] ep 128/200  lr=0.0006083  train_loss=0.0010 train_acc=1.0000  val_loss=0.0335 val_acc=0.9948  (8.7s)
[resnet20/mnist] ep 129/200  lr=0.0006  train_loss=0.0008 train_acc=0.9999  val_loss=0.0339 val_acc=0.9950  (8.2s)
[resnet20/mnist] ep 130/200  lr=0.0005917  train_loss=0.0000 train_acc=1.0000  val_loss=0.0311 val_acc=0.9957  (8.6s)
[resnet20/mnist] ep 131/200  lr=0.0005833  train_loss=0.0000 train_acc=1.0000  val_loss=0.0319 val_acc=0.9950  (8.4s)
[resnet20/mnist] ep 132/200  lr=0.000575  train_loss=0.0000 train_acc=1.0000  val_loss=0.0322 val_acc=0.9955  (8.7s)
[resnet20/mnist] ep 133/200  lr=0.0005667  train_loss=0.0000 train_acc=1.0000  val_loss=0.0310 val_acc=0.9953  (8.4s)
[resnet20/mnist] ep 134/200  lr=0.0005583  train_loss=0.0000 train_acc=1.0000  val_loss=0.0319 val_acc=0.9957  (8.8s)
[resnet20/mnist] ep 135/200  lr=0.00055  train_loss=0.0000 train_acc=1.0000  val_loss=0.0315 val_acc=0.9955  (8.3s)
[resnet20/mnist] ep 136/200  lr=0.0005417  train_loss=0.0000 train_acc=1.0000  val_loss=0.0322 val_acc=0.9955  (8.4s)
[resnet20/mnist] ep 137/200  lr=0.0005333  train_loss=0.0000 train_acc=1.0000  val_loss=0.0319 val_acc=0.9962  (8.8s)
[resnet20/mnist] ep 138/200  lr=0.000525  train_loss=0.0000 train_acc=1.0000  val_loss=0.0324 val_acc=0.9957  (8.8s)
[resnet20/mnist] ep 139/200  lr=0.0005167  train_loss=0.0000 train_acc=1.0000  val_loss=0.0324 val_acc=0.9955  (8.5s)
[resnet20/mnist] ep 140/200  lr=0.0005083  train_loss=0.0000 train_acc=1.0000  val_loss=0.0338 val_acc=0.9955  (8.3s)
[resnet20/mnist] ep 141/200  lr=0.0005  train_loss=0.0000 train_acc=1.0000  val_loss=0.0340 val_acc=0.9960  (9.2s)
[resnet20/mnist] ep 142/200  lr=0.0004917  train_loss=0.0000 train_acc=1.0000  val_loss=0.0334 val_acc=0.9960  (8.4s)
[resnet20/mnist] ep 143/200  lr=0.0004833  train_loss=0.0000 train_acc=1.0000  val_loss=0.0333 val_acc=0.9958  (8.3s)
[resnet20/mnist] ep 144/200  lr=0.000475  train_loss=0.0000 train_acc=1.0000  val_loss=0.0342 val_acc=0.9953  (8.3s)
[resnet20/mnist] ep 145/200  lr=0.0004667  train_loss=0.0000 train_acc=1.0000  val_loss=0.0362 val_acc=0.9942  (8.4s)
[resnet20/mnist] ep 146/200  lr=0.0004583  train_loss=0.0027 train_acc=0.9999  val_loss=0.0416 val_acc=0.9945  (9.1s)
[resnet20/mnist] ep 147/200  lr=0.00045  train_loss=0.0001 train_acc=1.0000  val_loss=0.0387 val_acc=0.9950  (8.3s)
[resnet20/mnist] ep 148/200  lr=0.0004417  train_loss=0.0000 train_acc=1.0000  val_loss=0.0377 val_acc=0.9950  (8.2s)
[resnet20/mnist] ep 149/200  lr=0.0004333  train_loss=0.0001 train_acc=1.0000  val_loss=0.0394 val_acc=0.9948  (8.4s)
[resnet20/mnist] ep 150/200  lr=0.000425  train_loss=0.0001 train_acc=1.0000  val_loss=0.0368 val_acc=0.9953  (8.8s)
[resnet20/mnist] ep 151/200  lr=0.0004167  train_loss=0.0001 train_acc=1.0000  val_loss=0.0383 val_acc=0.9948  (8.2s)
[resnet20/mnist] ep 152/200  lr=0.0004083  train_loss=0.0000 train_acc=1.0000  val_loss=0.0376 val_acc=0.9947  (8.1s)
[resnet20/mnist] ep 153/200  lr=0.0004  train_loss=0.0001 train_acc=1.0000  val_loss=0.0419 val_acc=0.9955  (8.3s)
[resnet20/mnist] ep 154/200  lr=0.0003917  train_loss=0.0002 train_acc=1.0000  val_loss=0.0381 val_acc=0.9955  (8.5s)
[resnet20/mnist] ep 155/200  lr=0.0003833  train_loss=0.0000 train_acc=1.0000  val_loss=0.0366 val_acc=0.9960  (9.0s)
[resnet20/mnist] ep 156/200  lr=0.000375  train_loss=0.0000 train_acc=1.0000  val_loss=0.0352 val_acc=0.9958  (9.3s)
[resnet20/mnist] ep 157/200  lr=0.0003667  train_loss=0.0000 train_acc=1.0000  val_loss=0.0364 val_acc=0.9957  (8.4s)
[resnet20/mnist] ep 158/200  lr=0.0003583  train_loss=0.0000 train_acc=1.0000  val_loss=0.0365 val_acc=0.9953  (8.7s)
[resnet20/mnist] ep 159/200  lr=0.00035  train_loss=0.0000 train_acc=1.0000  val_loss=0.0368 val_acc=0.9958  (8.4s)
[resnet20/mnist] ep 160/200  lr=0.0003417  train_loss=0.0000 train_acc=1.0000  val_loss=0.0378 val_acc=0.9952  (8.2s)
[resnet20/mnist] ep 161/200  lr=0.0003333  train_loss=0.0000 train_acc=1.0000  val_loss=0.0372 val_acc=0.9955  (8.9s)
[resnet20/mnist] ep 162/200  lr=0.000325  train_loss=0.0000 train_acc=1.0000  val_loss=0.0365 val_acc=0.9958  (8.4s)
[resnet20/mnist] ep 163/200  lr=0.0003167  train_loss=0.0001 train_acc=1.0000  val_loss=0.0369 val_acc=0.9952  (8.7s)
[resnet20/mnist] ep 164/200  lr=0.0003083  train_loss=0.0000 train_acc=1.0000  val_loss=0.0364 val_acc=0.9957  (8.5s)
[resnet20/mnist] ep 165/200  lr=0.0003  train_loss=0.0003 train_acc=1.0000  val_loss=0.0423 val_acc=0.9953  (8.2s)
[resnet20/mnist] ep 166/200  lr=0.0002917  train_loss=0.0002 train_acc=1.0000  val_loss=0.0378 val_acc=0.9947  (8.3s)
[resnet20/mnist] ep 167/200  lr=0.0002833  train_loss=0.0000 train_acc=1.0000  val_loss=0.0368 val_acc=0.9950  (8.8s)
[resnet20/mnist] ep 168/200  lr=0.000275  train_loss=0.0000 train_acc=1.0000  val_loss=0.0374 val_acc=0.9953  (9.4s)
[resnet20/mnist] ep 169/200  lr=0.0002667  train_loss=0.0000 train_acc=1.0000  val_loss=0.0370 val_acc=0.9952  (8.3s)
[resnet20/mnist] ep 170/200  lr=0.0002583  train_loss=0.0000 train_acc=1.0000  val_loss=0.0372 val_acc=0.9955  (8.8s)
[resnet20/mnist] ep 171/200  lr=0.00025  train_loss=0.0000 train_acc=1.0000  val_loss=0.0370 val_acc=0.9955  (8.8s)
[resnet20/mnist] ep 172/200  lr=0.0002417  train_loss=0.0000 train_acc=1.0000  val_loss=0.0364 val_acc=0.9958  (8.3s)
[resnet20/mnist] ep 173/200  lr=0.0002333  train_loss=0.0000 train_acc=1.0000  val_loss=0.0364 val_acc=0.9955  (8.3s)
[resnet20/mnist] ep 174/200  lr=0.000225  train_loss=0.0000 train_acc=1.0000  val_loss=0.0375 val_acc=0.9960  (8.2s)
[resnet20/mnist] ep 175/200  lr=0.0002167  train_loss=0.0000 train_acc=1.0000  val_loss=0.0384 val_acc=0.9950  (8.6s)
[resnet20/mnist] ep 176/200  lr=0.0002083  train_loss=0.0000 train_acc=1.0000  val_loss=0.0367 val_acc=0.9957  (9.2s)
[resnet20/mnist] ep 177/200  lr=0.0002  train_loss=0.0000 train_acc=1.0000  val_loss=0.0366 val_acc=0.9960  (8.5s)
[resnet20/mnist] ep 178/200  lr=0.0001917  train_loss=0.0000 train_acc=1.0000  val_loss=0.0372 val_acc=0.9955  (8.2s)
[resnet20/mnist] ep 179/200  lr=0.0001833  train_loss=0.0000 train_acc=1.0000  val_loss=0.0363 val_acc=0.9950  (9.2s)
[resnet20/mnist] ep 180/200  lr=0.000175  train_loss=0.0000 train_acc=1.0000  val_loss=0.0366 val_acc=0.9955  (8.2s)
[resnet20/mnist] ep 181/200  lr=0.0001667  train_loss=0.0000 train_acc=1.0000  val_loss=0.0364 val_acc=0.9957  (8.5s)
[resnet20/mnist] ep 182/200  lr=0.0001583  train_loss=0.0000 train_acc=1.0000  val_loss=0.0373 val_acc=0.9952  (8.2s)
[resnet20/mnist] ep 183/200  lr=0.00015  train_loss=0.0000 train_acc=1.0000  val_loss=0.0386 val_acc=0.9953  (8.5s)
[resnet20/mnist] ep 184/200  lr=0.0001417  train_loss=0.0000 train_acc=1.0000  val_loss=0.0376 val_acc=0.9953  (9.7s)
[resnet20/mnist] ep 185/200  lr=0.0001333  train_loss=0.0000 train_acc=1.0000  val_loss=0.0377 val_acc=0.9957  (9.5s)
[resnet20/mnist] ep 186/200  lr=0.000125  train_loss=0.0000 train_acc=1.0000  val_loss=0.0379 val_acc=0.9957  (8.2s)
[resnet20/mnist] ep 187/200  lr=0.0001167  train_loss=0.0000 train_acc=1.0000  val_loss=0.0387 val_acc=0.9957  (8.4s)
[resnet20/mnist] ep 188/200  lr=0.0001083  train_loss=0.0000 train_acc=1.0000  val_loss=0.0391 val_acc=0.9955  (8.7s)
[resnet20/mnist] ep 189/200  lr=0.0001  train_loss=0.0000 train_acc=1.0000  val_loss=0.0390 val_acc=0.9958  (8.2s)
[resnet20/mnist] ep 190/200  lr=9.167e-05  train_loss=0.0000 train_acc=1.0000  val_loss=0.0392 val_acc=0.9955  (8.3s)
[resnet20/mnist] ep 191/200  lr=8.333e-05  train_loss=0.0000 train_acc=1.0000  val_loss=0.0387 val_acc=0.9960  (8.4s)
[resnet20/mnist] ep 192/200  lr=7.5e-05  train_loss=0.0000 train_acc=1.0000  val_loss=0.0377 val_acc=0.9955  (8.3s)
[resnet20/mnist] ep 193/200  lr=6.667e-05  train_loss=0.0000 train_acc=1.0000  val_loss=0.0381 val_acc=0.9960  (8.7s)
[resnet20/mnist] ep 194/200  lr=5.833e-05  train_loss=0.0000 train_acc=1.0000  val_loss=0.0384 val_acc=0.9958  (8.3s)
[resnet20/mnist] ep 195/200  lr=5e-05  train_loss=0.0000 train_acc=1.0000  val_loss=0.0396 val_acc=0.9952  (8.3s)
[resnet20/mnist] ep 196/200  lr=4.167e-05  train_loss=0.0000 train_acc=1.0000  val_loss=0.0397 val_acc=0.9952  (8.8s)
[resnet20/mnist] ep 197/200  lr=3.333e-05  train_loss=0.0000 train_acc=1.0000  val_loss=0.0391 val_acc=0.9960  (8.5s)
[resnet20/mnist] ep 198/200  lr=2.5e-05  train_loss=0.0000 train_acc=1.0000  val_loss=0.0387 val_acc=0.9958  (9.0s)
[resnet20/mnist] ep 199/200  lr=1.667e-05  train_loss=0.0000 train_acc=1.0000  val_loss=0.0387 val_acc=0.9953  (9.0s)
[resnet20/mnist] ep 200/200  lr=8.333e-06  train_loss=0.0000 train_acc=1.0000  val_loss=0.0389 val_acc=0.9957  (9.0s)

=== DONE [resnet20/mnist] ===
  best val acc:  0.9967 at epoch 65
  test acc:      0.9951 (loss 0.0223)
  train acc:     1.0000
  total time:    29.0 min
  ckpt:          /path/to/ciln-workspace/journal_edition/checkpoints/resnet20_mnist_best.pt
[21:51:28] === DONE  train_resnet20_mnist (GPU 2) ===
[14:27:39] === START train_resnet20_mnist on GPU 2 ===
[loaders] mnist: train=27000  val=3000  test=10000
[resnet20/mnist] AMP enabled: True
[resnet20/mnist] ep 1/200  lr=0.001  train_loss=0.3693 train_acc=0.9184  val_loss=0.0907 val_acc=0.9743  (5.6s)
[resnet20/mnist] ep 2/200  lr=0.001  train_loss=0.0645 train_acc=0.9884  val_loss=0.0713 val_acc=0.9790  (4.7s)
[resnet20/mnist] ep 3/200  lr=0.001  train_loss=0.0467 train_acc=0.9920  val_loss=0.0544 val_acc=0.9843  (4.5s)
[resnet20/mnist] ep 4/200  lr=0.001  train_loss=0.0317 train_acc=0.9953  val_loss=0.0515 val_acc=0.9847  (4.8s)
[resnet20/mnist] ep 5/200  lr=0.001  train_loss=0.0289 train_acc=0.9958  val_loss=0.0315 val_acc=0.9897  (4.8s)
[resnet20/mnist] ep 6/200  lr=0.001  train_loss=0.0220 train_acc=0.9974  val_loss=0.0618 val_acc=0.9810  (4.6s)
[resnet20/mnist] ep 7/200  lr=0.001  train_loss=0.0235 train_acc=0.9972  val_loss=0.0384 val_acc=0.9880  (4.9s)
[resnet20/mnist] ep 8/200  lr=0.001  train_loss=0.0171 train_acc=0.9981  val_loss=0.0284 val_acc=0.9923  (4.7s)
[resnet20/mnist] ep 9/200  lr=0.001  train_loss=0.0129 train_acc=0.9993  val_loss=0.0437 val_acc=0.9883  (4.8s)
[resnet20/mnist] ep 10/200  lr=0.001  train_loss=0.0157 train_acc=0.9988  val_loss=0.0317 val_acc=0.9903  (5.8s)
[resnet20/mnist] ep 11/200  lr=0.001  train_loss=0.0099 train_acc=0.9994  val_loss=0.0237 val_acc=0.9930  (4.8s)
[resnet20/mnist] ep 12/200  lr=0.001  train_loss=0.0076 train_acc=0.9998  val_loss=0.0412 val_acc=0.9903  (4.9s)
[resnet20/mnist] ep 13/200  lr=0.001  train_loss=0.0142 train_acc=0.9994  val_loss=0.0809 val_acc=0.9787  (4.9s)
[resnet20/mnist] ep 14/200  lr=0.001  train_loss=0.0116 train_acc=0.9993  val_loss=0.0309 val_acc=0.9910  (4.7s)
[resnet20/mnist] ep 15/200  lr=0.001  train_loss=0.0071 train_acc=0.9998  val_loss=0.0315 val_acc=0.9923  (4.5s)
[resnet20/mnist] ep 16/200  lr=0.001  train_loss=0.0097 train_acc=0.9995  val_loss=0.0267 val_acc=0.9933  (4.7s)
[resnet20/mnist] ep 17/200  lr=0.001  train_loss=0.0066 train_acc=0.9998  val_loss=0.0320 val_acc=0.9903  (4.4s)
[resnet20/mnist] ep 18/200  lr=0.001  train_loss=0.0082 train_acc=0.9996  val_loss=0.0368 val_acc=0.9900  (4.4s)
[resnet20/mnist] ep 19/200  lr=0.001  train_loss=0.0076 train_acc=0.9997  val_loss=0.0400 val_acc=0.9893  (4.8s)
[resnet20/mnist] ep 20/200  lr=0.001  train_loss=0.0062 train_acc=0.9998  val_loss=0.0329 val_acc=0.9903  (4.6s)
[resnet20/mnist] ep 21/200  lr=0.001  train_loss=0.0052 train_acc=0.9999  val_loss=0.0342 val_acc=0.9913  (4.4s)
[resnet20/mnist] ep 22/200  lr=0.001  train_loss=0.0070 train_acc=0.9997  val_loss=0.0488 val_acc=0.9870  (4.6s)
[resnet20/mnist] ep 23/200  lr=0.001  train_loss=0.0103 train_acc=0.9997  val_loss=0.0402 val_acc=0.9897  (4.8s)
[resnet20/mnist] ep 24/200  lr=0.001  train_loss=0.0067 train_acc=0.9998  val_loss=0.0357 val_acc=0.9907  (4.5s)
[resnet20/mnist] ep 25/200  lr=0.001  train_loss=0.0016 train_acc=1.0000  val_loss=0.0290 val_acc=0.9927  (4.4s)
[resnet20/mnist] ep 26/200  lr=0.001  train_loss=0.0015 train_acc=1.0000  val_loss=0.0261 val_acc=0.9933  (4.8s)
[resnet20/mnist] ep 27/200  lr=0.001  train_loss=0.0083 train_acc=0.9997  val_loss=0.0316 val_acc=0.9920  (4.5s)
[resnet20/mnist] ep 28/200  lr=0.001  train_loss=0.0056 train_acc=0.9999  val_loss=0.0340 val_acc=0.9897  (4.7s)
[resnet20/mnist] ep 29/200  lr=0.001  train_loss=0.0077 train_acc=0.9996  val_loss=0.0254 val_acc=0.9923  (4.5s)
[resnet20/mnist] ep 30/200  lr=0.001  train_loss=0.0032 train_acc=1.0000  val_loss=0.0359 val_acc=0.9903  (4.6s)
[resnet20/mnist] ep 31/200  lr=0.001  train_loss=0.0054 train_acc=0.9999  val_loss=0.0352 val_acc=0.9920  (4.6s)
[resnet20/mnist] ep 32/200  lr=0.001  train_loss=0.0046 train_acc=0.9999  val_loss=0.0351 val_acc=0.9910  (4.5s)
[resnet20/mnist] ep 33/200  lr=0.001  train_loss=0.0024 train_acc=1.0000  val_loss=0.0354 val_acc=0.9910  (4.6s)
[resnet20/mnist] ep 34/200  lr=0.001  train_loss=0.0023 train_acc=1.0000  val_loss=0.0619 val_acc=0.9827  (4.5s)
[resnet20/mnist] ep 35/200  lr=0.001  train_loss=0.0090 train_acc=0.9997  val_loss=0.0388 val_acc=0.9913  (4.4s)
[resnet20/mnist] ep 36/200  lr=0.001  train_loss=0.0036 train_acc=0.9999  val_loss=0.0367 val_acc=0.9917  (4.5s)
[resnet20/mnist] ep 37/200  lr=0.001  train_loss=0.0045 train_acc=0.9999  val_loss=0.0466 val_acc=0.9897  (4.3s)
[resnet20/mnist] ep 38/200  lr=0.001  train_loss=0.0021 train_acc=1.0000  val_loss=0.0287 val_acc=0.9920  (4.3s)
[resnet20/mnist] ep 39/200  lr=0.001  train_loss=0.0031 train_acc=0.9999  val_loss=0.0403 val_acc=0.9927  (4.6s)
[resnet20/mnist] ep 40/200  lr=0.001  train_loss=0.0037 train_acc=0.9999  val_loss=0.0305 val_acc=0.9923  (4.7s)
[resnet20/mnist] ep 41/200  lr=0.001  train_loss=0.0040 train_acc=1.0000  val_loss=0.0704 val_acc=0.9853  (4.6s)
[resnet20/mnist] ep 42/200  lr=0.001  train_loss=0.0071 train_acc=0.9997  val_loss=0.0412 val_acc=0.9900  (4.5s)
[resnet20/mnist] ep 43/200  lr=0.001  train_loss=0.0024 train_acc=1.0000  val_loss=0.0228 val_acc=0.9933  (5.2s)
[resnet20/mnist] ep 44/200  lr=0.001  train_loss=0.0025 train_acc=1.0000  val_loss=0.0294 val_acc=0.9937  (4.7s)
[resnet20/mnist] ep 45/200  lr=0.001  train_loss=0.0029 train_acc=0.9999  val_loss=0.0226 val_acc=0.9920  (5.1s)
[resnet20/mnist] ep 46/200  lr=0.001  train_loss=0.0020 train_acc=1.0000  val_loss=0.0366 val_acc=0.9907  (5.4s)
[resnet20/mnist] ep 47/200  lr=0.001  train_loss=0.0043 train_acc=1.0000  val_loss=0.0358 val_acc=0.9920  (5.1s)
[resnet20/mnist] ep 48/200  lr=0.001  train_loss=0.0022 train_acc=1.0000  val_loss=0.0327 val_acc=0.9930  (5.1s)
[resnet20/mnist] ep 49/200  lr=0.001  train_loss=0.0068 train_acc=0.9999  val_loss=0.0406 val_acc=0.9930  (4.9s)
[resnet20/mnist] ep 50/200  lr=0.001  train_loss=0.0025 train_acc=0.9999  val_loss=0.0347 val_acc=0.9947  (4.9s)
[resnet20/mnist] ep 51/200  lr=0.001  train_loss=0.0009 train_acc=1.0000  val_loss=0.0296 val_acc=0.9940  (4.9s)
[resnet20/mnist] ep 52/200  lr=0.001  train_loss=0.0012 train_acc=1.0000  val_loss=0.0295 val_acc=0.9930  (5.0s)
[resnet20/mnist] ep 53/200  lr=0.001  train_loss=0.0009 train_acc=1.0000  val_loss=0.0331 val_acc=0.9943  (4.8s)
[resnet20/mnist] ep 54/200  lr=0.001  train_loss=0.0021 train_acc=1.0000  val_loss=0.0393 val_acc=0.9913  (5.0s)
[resnet20/mnist] ep 55/200  lr=0.001  train_loss=0.0048 train_acc=1.0000  val_loss=0.0474 val_acc=0.9913  (4.5s)
[resnet20/mnist] ep 56/200  lr=0.001  train_loss=0.0056 train_acc=0.9999  val_loss=0.0411 val_acc=0.9890  (4.6s)
[resnet20/mnist] ep 57/200  lr=0.001  train_loss=0.0040 train_acc=1.0000  val_loss=0.0306 val_acc=0.9933  (4.6s)
[resnet20/mnist] ep 58/200  lr=0.001  train_loss=0.0006 train_acc=1.0000  val_loss=0.0279 val_acc=0.9943  (4.3s)
[resnet20/mnist] ep 59/200  lr=0.001  train_loss=0.0004 train_acc=1.0000  val_loss=0.0253 val_acc=0.9947  (4.3s)
[resnet20/mnist] ep 60/200  lr=0.001  train_loss=0.0002 train_acc=1.0000  val_loss=0.0300 val_acc=0.9943  (4.4s)
[resnet20/mnist] ep 61/200  lr=0.001  train_loss=0.0069 train_acc=0.9998  val_loss=0.0505 val_acc=0.9910  (4.4s)
[resnet20/mnist] ep 62/200  lr=0.001  train_loss=0.0061 train_acc=0.9997  val_loss=0.0327 val_acc=0.9923  (4.5s)
[resnet20/mnist] ep 63/200  lr=0.001  train_loss=0.0023 train_acc=1.0000  val_loss=0.0289 val_acc=0.9910  (4.6s)
[resnet20/mnist] ep 64/200  lr=0.001  train_loss=0.0015 train_acc=0.9999  val_loss=0.0301 val_acc=0.9937  (4.6s)
[resnet20/mnist] ep 65/200  lr=0.001  train_loss=0.0005 train_acc=1.0000  val_loss=0.0262 val_acc=0.9940  (4.4s)
[resnet20/mnist] ep 66/200  lr=0.001  train_loss=0.0001 train_acc=1.0000  val_loss=0.0256 val_acc=0.9943  (4.4s)
[resnet20/mnist] ep 67/200  lr=0.001  train_loss=0.0002 train_acc=1.0000  val_loss=0.0265 val_acc=0.9947  (4.8s)
[resnet20/mnist] ep 68/200  lr=0.001  train_loss=0.0001 train_acc=1.0000  val_loss=0.0263 val_acc=0.9943  (4.7s)
[resnet20/mnist] ep 69/200  lr=0.001  train_loss=0.0000 train_acc=1.0000  val_loss=0.0259 val_acc=0.9943  (4.9s)
[resnet20/mnist] ep 70/200  lr=0.001  train_loss=0.0000 train_acc=1.0000  val_loss=0.0272 val_acc=0.9943  (4.3s)
[resnet20/mnist] ep 71/200  lr=0.001  train_loss=0.0000 train_acc=1.0000  val_loss=0.0271 val_acc=0.9943  (5.1s)
[resnet20/mnist] ep 72/200  lr=0.001  train_loss=0.0000 train_acc=1.0000  val_loss=0.0262 val_acc=0.9943  (5.4s)
[resnet20/mnist] ep 73/200  lr=0.001  train_loss=0.0000 train_acc=1.0000  val_loss=0.0256 val_acc=0.9943  (5.2s)
[resnet20/mnist] ep 74/200  lr=0.001  train_loss=0.0000 train_acc=1.0000  val_loss=0.0263 val_acc=0.9943  (4.7s)
[resnet20/mnist] ep 75/200  lr=0.001  train_loss=0.0000 train_acc=1.0000  val_loss=0.0276 val_acc=0.9950  (4.7s)
[resnet20/mnist] ep 76/200  lr=0.001  train_loss=0.0000 train_acc=1.0000  val_loss=0.0281 val_acc=0.9947  (4.5s)
[resnet20/mnist] ep 77/200  lr=0.001  train_loss=0.0140 train_acc=0.9994  val_loss=0.0520 val_acc=0.9903  (4.5s)
[resnet20/mnist] ep 78/200  lr=0.001  train_loss=0.0109 train_acc=0.9991  val_loss=0.0383 val_acc=0.9910  (4.3s)
[resnet20/mnist] ep 79/200  lr=0.001  train_loss=0.0020 train_acc=1.0000  val_loss=0.0307 val_acc=0.9923  (4.3s)
[resnet20/mnist] ep 80/200  lr=0.001  train_loss=0.0008 train_acc=1.0000  val_loss=0.0284 val_acc=0.9943  (4.7s)
[resnet20/mnist] ep 81/200  lr=0.001  train_loss=0.0004 train_acc=1.0000  val_loss=0.0262 val_acc=0.9940  (5.4s)
[resnet20/mnist] ep 82/200  lr=0.0009917  train_loss=0.0001 train_acc=1.0000  val_loss=0.0241 val_acc=0.9943  (5.0s)
[resnet20/mnist] ep 83/200  lr=0.0009833  train_loss=0.0001 train_acc=1.0000  val_loss=0.0253 val_acc=0.9943  (5.0s)
[resnet20/mnist] ep 84/200  lr=0.000975  train_loss=0.0001 train_acc=1.0000  val_loss=0.0241 val_acc=0.9943  (4.6s)
[resnet20/mnist] ep 85/200  lr=0.0009667  train_loss=0.0001 train_acc=1.0000  val_loss=0.0253 val_acc=0.9950  (4.8s)
[resnet20/mnist] ep 86/200  lr=0.0009583  train_loss=0.0000 train_acc=1.0000  val_loss=0.0248 val_acc=0.9940  (4.8s)
[resnet20/mnist] ep 87/200  lr=0.00095  train_loss=0.0000 train_acc=1.0000  val_loss=0.0251 val_acc=0.9947  (4.6s)
[resnet20/mnist] ep 88/200  lr=0.0009417  train_loss=0.0000 train_acc=1.0000  val_loss=0.0256 val_acc=0.9940  (4.3s)
[resnet20/mnist] ep 89/200  lr=0.0009333  train_loss=0.0000 train_acc=1.0000  val_loss=0.0261 val_acc=0.9943  (4.5s)
[resnet20/mnist] ep 90/200  lr=0.000925  train_loss=0.0000 train_acc=1.0000  val_loss=0.0264 val_acc=0.9943  (4.5s)
[resnet20/mnist] ep 91/200  lr=0.0009167  train_loss=0.0000 train_acc=1.0000  val_loss=0.0241 val_acc=0.9950  (4.3s)
[resnet20/mnist] ep 92/200  lr=0.0009083  train_loss=0.0000 train_acc=1.0000  val_loss=0.0258 val_acc=0.9950  (4.3s)
[resnet20/mnist] ep 93/200  lr=0.0009  train_loss=0.0000 train_acc=1.0000  val_loss=0.0257 val_acc=0.9947  (4.3s)
[resnet20/mnist] ep 94/200  lr=0.0008917  train_loss=0.0000 train_acc=1.0000  val_loss=0.0274 val_acc=0.9943  (4.7s)
[resnet20/mnist] ep 95/200  lr=0.0008833  train_loss=0.0000 train_acc=1.0000  val_loss=0.0258 val_acc=0.9947  (5.0s)
[resnet20/mnist] ep 96/200  lr=0.000875  train_loss=0.0000 train_acc=1.0000  val_loss=0.0263 val_acc=0.9947  (4.7s)
[resnet20/mnist] ep 97/200  lr=0.0008667  train_loss=0.0043 train_acc=0.9998  val_loss=0.0885 val_acc=0.9837  (4.3s)
[resnet20/mnist] ep 98/200  lr=0.0008583  train_loss=0.0163 train_acc=0.9989  val_loss=0.0231 val_acc=0.9937  (5.2s)
[resnet20/mnist] ep 99/200  lr=0.00085  train_loss=0.0016 train_acc=1.0000  val_loss=0.0168 val_acc=0.9947  (4.9s)
[resnet20/mnist] ep 100/200  lr=0.0008417  train_loss=0.0004 train_acc=1.0000  val_loss=0.0171 val_acc=0.9950  (5.1s)
[resnet20/mnist] ep 101/200  lr=0.0008333  train_loss=0.0001 train_acc=1.0000  val_loss=0.0170 val_acc=0.9947  (5.2s)
[resnet20/mnist] ep 102/200  lr=0.000825  train_loss=0.0001 train_acc=1.0000  val_loss=0.0169 val_acc=0.9947  (5.3s)
[resnet20/mnist] ep 103/200  lr=0.0008167  train_loss=0.0001 train_acc=1.0000  val_loss=0.0184 val_acc=0.9953  (5.0s)
[resnet20/mnist] ep 104/200  lr=0.0008083  train_loss=0.0001 train_acc=1.0000  val_loss=0.0167 val_acc=0.9953  (4.7s)
[resnet20/mnist] ep 105/200  lr=0.0008  train_loss=0.0001 train_acc=1.0000  val_loss=0.0181 val_acc=0.9950  (4.4s)
[resnet20/mnist] ep 106/200  lr=0.0007917  train_loss=0.0000 train_acc=1.0000  val_loss=0.0191 val_acc=0.9943  (4.6s)
[resnet20/mnist] ep 107/200  lr=0.0007833  train_loss=0.0001 train_acc=1.0000  val_loss=0.0189 val_acc=0.9947  (4.6s)
[resnet20/mnist] ep 108/200  lr=0.000775  train_loss=0.0000 train_acc=1.0000  val_loss=0.0177 val_acc=0.9957  (4.6s)
[resnet20/mnist] ep 109/200  lr=0.0007667  train_loss=0.0000 train_acc=1.0000  val_loss=0.0187 val_acc=0.9950  (4.7s)
[resnet20/mnist] ep 110/200  lr=0.0007583  train_loss=0.0000 train_acc=1.0000  val_loss=0.0182 val_acc=0.9953  (4.4s)
[resnet20/mnist] ep 111/200  lr=0.00075  train_loss=0.0000 train_acc=1.0000  val_loss=0.0182 val_acc=0.9943  (4.3s)
[resnet20/mnist] ep 112/200  lr=0.0007417  train_loss=0.0000 train_acc=1.0000  val_loss=0.0188 val_acc=0.9947  (4.5s)
[resnet20/mnist] ep 113/200  lr=0.0007333  train_loss=0.0000 train_acc=1.0000  val_loss=0.0189 val_acc=0.9953  (4.6s)
[resnet20/mnist] ep 114/200  lr=0.000725  train_loss=0.0000 train_acc=1.0000  val_loss=0.0195 val_acc=0.9947  (4.9s)
[resnet20/mnist] ep 115/200  lr=0.0007167  train_loss=0.0000 train_acc=1.0000  val_loss=0.0206 val_acc=0.9947  (5.0s)
[resnet20/mnist] ep 116/200  lr=0.0007083  train_loss=0.0000 train_acc=1.0000  val_loss=0.0196 val_acc=0.9950  (5.2s)
[resnet20/mnist] ep 117/200  lr=0.0007  train_loss=0.0000 train_acc=1.0000  val_loss=0.0189 val_acc=0.9950  (4.4s)
[resnet20/mnist] ep 118/200  lr=0.0006917  train_loss=0.0000 train_acc=1.0000  val_loss=0.0195 val_acc=0.9953  (4.5s)
[resnet20/mnist] ep 119/200  lr=0.0006833  train_loss=0.0001 train_acc=1.0000  val_loss=0.0340 val_acc=0.9920  (4.4s)
[resnet20/mnist] ep 120/200  lr=0.000675  train_loss=0.0063 train_acc=0.9997  val_loss=0.0465 val_acc=0.9907  (5.0s)
[resnet20/mnist] ep 121/200  lr=0.0006667  train_loss=0.0058 train_acc=0.9997  val_loss=0.0588 val_acc=0.9873  (4.4s)
[resnet20/mnist] ep 122/200  lr=0.0006583  train_loss=0.0019 train_acc=0.9999  val_loss=0.0309 val_acc=0.9927  (4.8s)
[resnet20/mnist] ep 123/200  lr=0.00065  train_loss=0.0002 train_acc=1.0000  val_loss=0.0311 val_acc=0.9927  (4.8s)
[resnet20/mnist] ep 124/200  lr=0.0006417  train_loss=0.0002 train_acc=1.0000  val_loss=0.0293 val_acc=0.9920  (5.0s)
[resnet20/mnist] ep 125/200  lr=0.0006333  train_loss=0.0002 train_acc=1.0000  val_loss=0.0252 val_acc=0.9933  (4.6s)
[resnet20/mnist] ep 126/200  lr=0.000625  train_loss=0.0001 train_acc=1.0000  val_loss=0.0275 val_acc=0.9923  (4.4s)
[resnet20/mnist] ep 127/200  lr=0.0006167  train_loss=0.0001 train_acc=1.0000  val_loss=0.0268 val_acc=0.9937  (4.4s)
[resnet20/mnist] ep 128/200  lr=0.0006083  train_loss=0.0000 train_acc=1.0000  val_loss=0.0269 val_acc=0.9933  (4.8s)
[resnet20/mnist] ep 129/200  lr=0.0006  train_loss=0.0000 train_acc=1.0000  val_loss=0.0278 val_acc=0.9940  (4.5s)
[resnet20/mnist] ep 130/200  lr=0.0005917  train_loss=0.0000 train_acc=1.0000  val_loss=0.0282 val_acc=0.9930  (4.6s)
[resnet20/mnist] ep 131/200  lr=0.0005833  train_loss=0.0000 train_acc=1.0000  val_loss=0.0269 val_acc=0.9937  (4.6s)
[resnet20/mnist] ep 132/200  lr=0.000575  train_loss=0.0000 train_acc=1.0000  val_loss=0.0266 val_acc=0.9940  (4.4s)
[resnet20/mnist] ep 133/200  lr=0.0005667  train_loss=0.0000 train_acc=1.0000  val_loss=0.0263 val_acc=0.9943  (4.8s)
[resnet20/mnist] ep 134/200  lr=0.0005583  train_loss=0.0000 train_acc=1.0000  val_loss=0.0263 val_acc=0.9943  (4.4s)
[resnet20/mnist] ep 135/200  lr=0.00055  train_loss=0.0000 train_acc=1.0000  val_loss=0.0262 val_acc=0.9940  (4.9s)
[resnet20/mnist] ep 136/200  lr=0.0005417  train_loss=0.0000 train_acc=1.0000  val_loss=0.0274 val_acc=0.9937  (5.0s)
[resnet20/mnist] ep 137/200  lr=0.0005333  train_loss=0.0000 train_acc=1.0000  val_loss=0.0274 val_acc=0.9940  (5.0s)
[resnet20/mnist] ep 138/200  lr=0.000525  train_loss=0.0000 train_acc=1.0000  val_loss=0.0277 val_acc=0.9930  (5.0s)
[resnet20/mnist] ep 139/200  lr=0.0005167  train_loss=0.0000 train_acc=1.0000  val_loss=0.0274 val_acc=0.9927  (5.0s)
[resnet20/mnist] ep 140/200  lr=0.0005083  train_loss=0.0000 train_acc=1.0000  val_loss=0.0270 val_acc=0.9930  (5.1s)
[resnet20/mnist] ep 141/200  lr=0.0005  train_loss=0.0000 train_acc=1.0000  val_loss=0.0276 val_acc=0.9933  (5.2s)
[resnet20/mnist] ep 142/200  lr=0.0004917  train_loss=0.0000 train_acc=1.0000  val_loss=0.0280 val_acc=0.9930  (5.4s)
[resnet20/mnist] ep 143/200  lr=0.0004833  train_loss=0.0000 train_acc=1.0000  val_loss=0.0275 val_acc=0.9927  (5.2s)
[resnet20/mnist] ep 144/200  lr=0.000475  train_loss=0.0000 train_acc=1.0000  val_loss=0.0289 val_acc=0.9930  (5.0s)
[resnet20/mnist] ep 145/200  lr=0.0004667  train_loss=0.0000 train_acc=1.0000  val_loss=0.0285 val_acc=0.9940  (5.0s)
[resnet20/mnist] ep 146/200  lr=0.0004583  train_loss=0.0000 train_acc=1.0000  val_loss=0.0283 val_acc=0.9937  (4.9s)
[resnet20/mnist] ep 147/200  lr=0.00045  train_loss=0.0000 train_acc=1.0000  val_loss=0.0284 val_acc=0.9930  (5.0s)
[resnet20/mnist] ep 148/200  lr=0.0004417  train_loss=0.0000 train_acc=1.0000  val_loss=0.0280 val_acc=0.9940  (4.8s)
[resnet20/mnist] ep 149/200  lr=0.0004333  train_loss=0.0000 train_acc=1.0000  val_loss=0.0281 val_acc=0.9943  (4.8s)
[resnet20/mnist] ep 150/200  lr=0.000425  train_loss=0.0000 train_acc=1.0000  val_loss=0.0288 val_acc=0.9943  (4.8s)
[resnet20/mnist] ep 151/200  lr=0.0004167  train_loss=0.0000 train_acc=1.0000  val_loss=0.0285 val_acc=0.9940  (5.1s)
[resnet20/mnist] ep 152/200  lr=0.0004083  train_loss=0.0000 train_acc=1.0000  val_loss=0.0269 val_acc=0.9940  (5.1s)
[resnet20/mnist] ep 153/200  lr=0.0004  train_loss=0.0000 train_acc=1.0000  val_loss=0.0288 val_acc=0.9943  (5.1s)
[resnet20/mnist] ep 154/200  lr=0.0003917  train_loss=0.0000 train_acc=1.0000  val_loss=0.0286 val_acc=0.9940  (5.0s)
[resnet20/mnist] ep 155/200  lr=0.0003833  train_loss=0.0000 train_acc=1.0000  val_loss=0.0291 val_acc=0.9947  (5.0s)
[resnet20/mnist] ep 156/200  lr=0.000375  train_loss=0.0000 train_acc=1.0000  val_loss=0.0290 val_acc=0.9943  (4.8s)
[resnet20/mnist] ep 157/200  lr=0.0003667  train_loss=0.0000 train_acc=1.0000  val_loss=0.0292 val_acc=0.9950  (4.5s)
[resnet20/mnist] ep 158/200  lr=0.0003583  train_loss=0.0000 train_acc=1.0000  val_loss=0.0296 val_acc=0.9943  (4.3s)
[resnet20/mnist] ep 159/200  lr=0.00035  train_loss=0.0000 train_acc=1.0000  val_loss=0.0316 val_acc=0.9937  (4.5s)
[resnet20/mnist] ep 160/200  lr=0.0003417  train_loss=0.0000 train_acc=1.0000  val_loss=0.0300 val_acc=0.9943  (4.7s)
[resnet20/mnist] ep 161/200  lr=0.0003333  train_loss=0.0000 train_acc=1.0000  val_loss=0.0295 val_acc=0.9937  (4.4s)
[resnet20/mnist] ep 162/200  lr=0.000325  train_loss=0.0000 train_acc=1.0000  val_loss=0.0300 val_acc=0.9937  (4.4s)
[resnet20/mnist] ep 163/200  lr=0.0003167  train_loss=0.0000 train_acc=1.0000  val_loss=0.0332 val_acc=0.9937  (4.4s)
[resnet20/mnist] ep 164/200  lr=0.0003083  train_loss=0.0000 train_acc=1.0000  val_loss=0.0308 val_acc=0.9937  (4.3s)
[resnet20/mnist] ep 165/200  lr=0.0003  train_loss=0.0000 train_acc=1.0000  val_loss=0.0351 val_acc=0.9930  (4.5s)
[resnet20/mnist] ep 166/200  lr=0.0002917  train_loss=0.0002 train_acc=0.9999  val_loss=0.0500 val_acc=0.9903  (4.3s)
[resnet20/mnist] ep 167/200  lr=0.0002833  train_loss=0.0018 train_acc=0.9999  val_loss=0.0471 val_acc=0.9927  (4.4s)
[resnet20/mnist] ep 168/200  lr=0.000275  train_loss=0.0007 train_acc=1.0000  val_loss=0.0397 val_acc=0.9927  (4.8s)
[resnet20/mnist] ep 169/200  lr=0.0002667  train_loss=0.0001 train_acc=1.0000  val_loss=0.0374 val_acc=0.9937  (4.4s)
[resnet20/mnist] ep 170/200  lr=0.0002583  train_loss=0.0001 train_acc=1.0000  val_loss=0.0396 val_acc=0.9930  (4.5s)
[resnet20/mnist] ep 171/200  lr=0.00025  train_loss=0.0000 train_acc=1.0000  val_loss=0.0382 val_acc=0.9930  (4.3s)
[resnet20/mnist] ep 172/200  lr=0.0002417  train_loss=0.0000 train_acc=1.0000  val_loss=0.0373 val_acc=0.9930  (4.5s)
[resnet20/mnist] ep 173/200  lr=0.0002333  train_loss=0.0000 train_acc=1.0000  val_loss=0.0377 val_acc=0.9930  (4.3s)
[resnet20/mnist] ep 174/200  lr=0.000225  train_loss=0.0000 train_acc=1.0000  val_loss=0.0379 val_acc=0.9930  (4.6s)
[resnet20/mnist] ep 175/200  lr=0.0002167  train_loss=0.0000 train_acc=1.0000  val_loss=0.0376 val_acc=0.9930  (4.8s)
[resnet20/mnist] ep 176/200  lr=0.0002083  train_loss=0.0000 train_acc=1.0000  val_loss=0.0362 val_acc=0.9940  (4.4s)
[resnet20/mnist] ep 177/200  lr=0.0002  train_loss=0.0000 train_acc=1.0000  val_loss=0.0376 val_acc=0.9933  (4.4s)
[resnet20/mnist] ep 178/200  lr=0.0001917  train_loss=0.0000 train_acc=1.0000  val_loss=0.0374 val_acc=0.9933  (4.5s)
[resnet20/mnist] ep 179/200  lr=0.0001833  train_loss=0.0000 train_acc=1.0000  val_loss=0.0384 val_acc=0.9933  (4.4s)
[resnet20/mnist] ep 180/200  lr=0.000175  train_loss=0.0000 train_acc=1.0000  val_loss=0.0360 val_acc=0.9943  (4.5s)
[resnet20/mnist] ep 181/200  lr=0.0001667  train_loss=0.0000 train_acc=1.0000  val_loss=0.0361 val_acc=0.9930  (4.8s)
[resnet20/mnist] ep 182/200  lr=0.0001583  train_loss=0.0000 train_acc=1.0000  val_loss=0.0403 val_acc=0.9933  (4.6s)
[resnet20/mnist] ep 183/200  lr=0.00015  train_loss=0.0000 train_acc=1.0000  val_loss=0.0372 val_acc=0.9937  (4.8s)
[resnet20/mnist] ep 184/200  lr=0.0001417  train_loss=0.0000 train_acc=1.0000  val_loss=0.0359 val_acc=0.9933  (4.5s)
[resnet20/mnist] ep 185/200  lr=0.0001333  train_loss=0.0000 train_acc=1.0000  val_loss=0.0366 val_acc=0.9937  (4.6s)
[resnet20/mnist] ep 186/200  lr=0.000125  train_loss=0.0000 train_acc=1.0000  val_loss=0.0354 val_acc=0.9943  (4.6s)
[resnet20/mnist] ep 187/200  lr=0.0001167  train_loss=0.0000 train_acc=1.0000  val_loss=0.0342 val_acc=0.9937  (4.6s)
[resnet20/mnist] ep 188/200  lr=0.0001083  train_loss=0.0000 train_acc=1.0000  val_loss=0.0337 val_acc=0.9940  (4.5s)
[resnet20/mnist] ep 189/200  lr=0.0001  train_loss=0.0000 train_acc=1.0000  val_loss=0.0351 val_acc=0.9943  (4.7s)
[resnet20/mnist] ep 190/200  lr=9.167e-05  train_loss=0.0000 train_acc=1.0000  val_loss=0.0352 val_acc=0.9947  (4.5s)
[resnet20/mnist] ep 191/200  lr=8.333e-05  train_loss=0.0000 train_acc=1.0000  val_loss=0.0355 val_acc=0.9940  (4.9s)
[resnet20/mnist] ep 192/200  lr=7.5e-05  train_loss=0.0000 train_acc=1.0000  val_loss=0.0358 val_acc=0.9940  (4.9s)
[resnet20/mnist] ep 193/200  lr=6.667e-05  train_loss=0.0000 train_acc=1.0000  val_loss=0.0351 val_acc=0.9943  (4.5s)
[resnet20/mnist] ep 194/200  lr=5.833e-05  train_loss=0.0000 train_acc=1.0000  val_loss=0.0360 val_acc=0.9937  (4.4s)
[resnet20/mnist] ep 195/200  lr=5e-05  train_loss=0.0000 train_acc=1.0000  val_loss=0.0363 val_acc=0.9943  (4.8s)
[resnet20/mnist] ep 196/200  lr=4.167e-05  train_loss=0.0000 train_acc=1.0000  val_loss=0.0352 val_acc=0.9943  (4.6s)
[resnet20/mnist] ep 197/200  lr=3.333e-05  train_loss=0.0000 train_acc=1.0000  val_loss=0.0359 val_acc=0.9943  (4.7s)
[resnet20/mnist] ep 198/200  lr=2.5e-05  train_loss=0.0000 train_acc=1.0000  val_loss=0.0344 val_acc=0.9950  (4.5s)
[resnet20/mnist] ep 199/200  lr=1.667e-05  train_loss=0.0000 train_acc=1.0000  val_loss=0.0337 val_acc=0.9947  (4.3s)
[resnet20/mnist] ep 200/200  lr=8.333e-06  train_loss=0.0000 train_acc=1.0000  val_loss=0.0350 val_acc=0.9943  (4.4s)

=== DONE [resnet20/mnist] ===
  best val acc:  0.9957 at epoch 108
  test acc:      0.9946 (loss 0.0199)
  train acc:     1.0000
  total time:    15.7 min
  ckpt:          /path/to/ciln-workspace/journal_edition/checkpoints/resnet20_mnist_best.pt
[14:43:29] === DONE  train_resnet20_mnist (GPU 2) ===
