[21:13:00] === START train_mlp_mnist on GPU 2 ===
[loaders] mnist: train=54000  val=6000  test=10000
[mlp/mnist] AMP enabled: True
[mlp/mnist] ep 1/200  lr=0.001  train_loss=0.3727 train_acc=0.8910  val_loss=0.1297 val_acc=0.9598  (3.2s)
[mlp/mnist] ep 2/200  lr=0.001  train_loss=0.1947 train_acc=0.9463  val_loss=0.0936 val_acc=0.9720  (2.5s)
[mlp/mnist] ep 3/200  lr=0.001  train_loss=0.1613 train_acc=0.9556  val_loss=0.0926 val_acc=0.9742  (2.7s)
[mlp/mnist] ep 4/200  lr=0.001  train_loss=0.1426 train_acc=0.9602  val_loss=0.0781 val_acc=0.9752  (2.6s)
[mlp/mnist] ep 5/200  lr=0.001  train_loss=0.1305 train_acc=0.9625  val_loss=0.0750 val_acc=0.9772  (2.6s)
[mlp/mnist] ep 6/200  lr=0.001  train_loss=0.1240 train_acc=0.9662  val_loss=0.0753 val_acc=0.9772  (2.8s)
[mlp/mnist] ep 7/200  lr=0.001  train_loss=0.1211 train_acc=0.9667  val_loss=0.0631 val_acc=0.9805  (2.7s)
[mlp/mnist] ep 8/200  lr=0.001  train_loss=0.1114 train_acc=0.9686  val_loss=0.0660 val_acc=0.9792  (2.7s)
[mlp/mnist] ep 9/200  lr=0.001  train_loss=0.1074 train_acc=0.9711  val_loss=0.0605 val_acc=0.9830  (2.6s)
[mlp/mnist] ep 10/200  lr=0.001  train_loss=0.1009 train_acc=0.9719  val_loss=0.0571 val_acc=0.9817  (2.7s)
[mlp/mnist] ep 11/200  lr=0.001  train_loss=0.1026 train_acc=0.9703  val_loss=0.0624 val_acc=0.9830  (2.6s)
[mlp/mnist] ep 12/200  lr=0.001  train_loss=0.0995 train_acc=0.9733  val_loss=0.0582 val_acc=0.9832  (2.6s)
[mlp/mnist] ep 13/200  lr=0.001  train_loss=0.0890 train_acc=0.9746  val_loss=0.0671 val_acc=0.9823  (2.8s)
[mlp/mnist] ep 14/200  lr=0.001  train_loss=0.0922 train_acc=0.9735  val_loss=0.0566 val_acc=0.9853  (2.9s)
[mlp/mnist] ep 15/200  lr=0.001  train_loss=0.0869 train_acc=0.9754  val_loss=0.0628 val_acc=0.9832  (2.5s)
[mlp/mnist] ep 16/200  lr=0.001  train_loss=0.0883 train_acc=0.9757  val_loss=0.0656 val_acc=0.9815  (2.7s)
[mlp/mnist] ep 17/200  lr=0.001  train_loss=0.0854 train_acc=0.9765  val_loss=0.0578 val_acc=0.9832  (2.6s)
[mlp/mnist] ep 18/200  lr=0.001  train_loss=0.0825 train_acc=0.9772  val_loss=0.0606 val_acc=0.9838  (2.7s)
[mlp/mnist] ep 19/200  lr=0.001  train_loss=0.0803 train_acc=0.9767  val_loss=0.0583 val_acc=0.9823  (2.7s)
[mlp/mnist] ep 20/200  lr=0.001  train_loss=0.0815 train_acc=0.9764  val_loss=0.0547 val_acc=0.9837  (2.7s)
[mlp/mnist] ep 21/200  lr=0.001  train_loss=0.0796 train_acc=0.9768  val_loss=0.0532 val_acc=0.9850  (2.8s)
[mlp/mnist] ep 22/200  lr=0.001  train_loss=0.0777 train_acc=0.9781  val_loss=0.0540 val_acc=0.9850  (2.6s)
[mlp/mnist] ep 23/200  lr=0.001  train_loss=0.0791 train_acc=0.9787  val_loss=0.0613 val_acc=0.9855  (2.7s)
[mlp/mnist] ep 24/200  lr=0.001  train_loss=0.0757 train_acc=0.9780  val_loss=0.0509 val_acc=0.9840  (2.7s)
[mlp/mnist] ep 25/200  lr=0.001  train_loss=0.0802 train_acc=0.9780  val_loss=0.0583 val_acc=0.9837  (2.6s)
[mlp/mnist] ep 26/200  lr=0.001  train_loss=0.0766 train_acc=0.9783  val_loss=0.0643 val_acc=0.9817  (2.7s)
[mlp/mnist] ep 27/200  lr=0.001  train_loss=0.0796 train_acc=0.9786  val_loss=0.0527 val_acc=0.9858  (2.6s)
[mlp/mnist] ep 28/200  lr=0.001  train_loss=0.0729 train_acc=0.9789  val_loss=0.0555 val_acc=0.9852  (2.6s)
[mlp/mnist] ep 29/200  lr=0.001  train_loss=0.0706 train_acc=0.9800  val_loss=0.0525 val_acc=0.9858  (2.6s)
[mlp/mnist] ep 30/200  lr=0.001  train_loss=0.0742 train_acc=0.9787  val_loss=0.0557 val_acc=0.9843  (2.7s)
[mlp/mnist] ep 31/200  lr=0.001  train_loss=0.0726 train_acc=0.9797  val_loss=0.0528 val_acc=0.9847  (2.7s)
[mlp/mnist] ep 32/200  lr=0.001  train_loss=0.0709 train_acc=0.9796  val_loss=0.0547 val_acc=0.9848  (2.7s)
[mlp/mnist] ep 33/200  lr=0.001  train_loss=0.0722 train_acc=0.9790  val_loss=0.0586 val_acc=0.9837  (2.8s)
[mlp/mnist] ep 34/200  lr=0.001  train_loss=0.0774 train_acc=0.9787  val_loss=0.0601 val_acc=0.9820  (3.0s)
[mlp/mnist] ep 35/200  lr=0.001  train_loss=0.0737 train_acc=0.9799  val_loss=0.0564 val_acc=0.9838  (2.7s)
[mlp/mnist] ep 36/200  lr=0.001  train_loss=0.0730 train_acc=0.9793  val_loss=0.0523 val_acc=0.9860  (2.8s)
[mlp/mnist] ep 37/200  lr=0.001  train_loss=0.0719 train_acc=0.9796  val_loss=0.0580 val_acc=0.9830  (2.6s)
[mlp/mnist] ep 38/200  lr=0.001  train_loss=0.0746 train_acc=0.9802  val_loss=0.0515 val_acc=0.9850  (2.7s)
[mlp/mnist] ep 39/200  lr=0.001  train_loss=0.0747 train_acc=0.9798  val_loss=0.0496 val_acc=0.9863  (2.7s)
[mlp/mnist] ep 40/200  lr=0.001  train_loss=0.0715 train_acc=0.9789  val_loss=0.0628 val_acc=0.9830  (2.8s)
[mlp/mnist] ep 41/200  lr=0.001  train_loss=0.0701 train_acc=0.9807  val_loss=0.0676 val_acc=0.9818  (2.6s)
[mlp/mnist] ep 42/200  lr=0.001  train_loss=0.0700 train_acc=0.9795  val_loss=0.0568 val_acc=0.9832  (2.6s)
[mlp/mnist] ep 43/200  lr=0.001  train_loss=0.0685 train_acc=0.9797  val_loss=0.0571 val_acc=0.9830  (2.5s)
[mlp/mnist] ep 44/200  lr=0.001  train_loss=0.0693 train_acc=0.9801  val_loss=0.0804 val_acc=0.9797  (2.7s)
[mlp/mnist] ep 45/200  lr=0.001  train_loss=0.0732 train_acc=0.9802  val_loss=0.0561 val_acc=0.9832  (2.6s)
[mlp/mnist] ep 46/200  lr=0.001  train_loss=0.0715 train_acc=0.9805  val_loss=0.0544 val_acc=0.9857  (2.6s)
[mlp/mnist] ep 47/200  lr=0.001  train_loss=0.0685 train_acc=0.9803  val_loss=0.0504 val_acc=0.9853  (2.6s)
[mlp/mnist] ep 48/200  lr=0.001  train_loss=0.0700 train_acc=0.9793  val_loss=0.0484 val_acc=0.9855  (2.7s)
[mlp/mnist] ep 49/200  lr=0.001  train_loss=0.0683 train_acc=0.9806  val_loss=0.0499 val_acc=0.9843  (2.5s)
[mlp/mnist] ep 50/200  lr=0.001  train_loss=0.0643 train_acc=0.9819  val_loss=0.0612 val_acc=0.9833  (2.7s)
[mlp/mnist] ep 51/200  lr=0.001  train_loss=0.0697 train_acc=0.9803  val_loss=0.0583 val_acc=0.9850  (2.7s)
[mlp/mnist] ep 52/200  lr=0.001  train_loss=0.0696 train_acc=0.9793  val_loss=0.0545 val_acc=0.9850  (2.5s)
[mlp/mnist] ep 53/200  lr=0.001  train_loss=0.0699 train_acc=0.9799  val_loss=0.0518 val_acc=0.9860  (2.6s)
[mlp/mnist] ep 54/200  lr=0.001  train_loss=0.0703 train_acc=0.9809  val_loss=0.0638 val_acc=0.9828  (2.7s)
[mlp/mnist] ep 55/200  lr=0.001  train_loss=0.0660 train_acc=0.9817  val_loss=0.0532 val_acc=0.9857  (2.6s)
[mlp/mnist] ep 56/200  lr=0.001  train_loss=0.0652 train_acc=0.9811  val_loss=0.0521 val_acc=0.9857  (2.7s)
[mlp/mnist] ep 57/200  lr=0.001  train_loss=0.0684 train_acc=0.9798  val_loss=0.0524 val_acc=0.9847  (2.7s)
[mlp/mnist] ep 58/200  lr=0.001  train_loss=0.0642 train_acc=0.9824  val_loss=0.0481 val_acc=0.9853  (2.6s)
[mlp/mnist] ep 59/200  lr=0.001  train_loss=0.0659 train_acc=0.9802  val_loss=0.0541 val_acc=0.9848  (2.7s)
[mlp/mnist] ep 60/200  lr=0.001  train_loss=0.0683 train_acc=0.9807  val_loss=0.0551 val_acc=0.9837  (2.7s)
[mlp/mnist] ep 61/200  lr=0.001  train_loss=0.0650 train_acc=0.9816  val_loss=0.0559 val_acc=0.9857  (2.9s)
[mlp/mnist] ep 62/200  lr=0.001  train_loss=0.0670 train_acc=0.9815  val_loss=0.0542 val_acc=0.9852  (2.9s)
[mlp/mnist] ep 63/200  lr=0.001  train_loss=0.0627 train_acc=0.9818  val_loss=0.0524 val_acc=0.9838  (2.9s)
[mlp/mnist] ep 64/200  lr=0.001  train_loss=0.0678 train_acc=0.9808  val_loss=0.0525 val_acc=0.9863  (2.8s)
[mlp/mnist] ep 65/200  lr=0.001  train_loss=0.0660 train_acc=0.9812  val_loss=0.0572 val_acc=0.9847  (2.8s)
[mlp/mnist] ep 66/200  lr=0.001  train_loss=0.0684 train_acc=0.9803  val_loss=0.0502 val_acc=0.9853  (2.8s)
[mlp/mnist] ep 67/200  lr=0.001  train_loss=0.0684 train_acc=0.9808  val_loss=0.0571 val_acc=0.9848  (2.6s)
[mlp/mnist] ep 68/200  lr=0.001  train_loss=0.0656 train_acc=0.9814  val_loss=0.0442 val_acc=0.9865  (2.8s)
[mlp/mnist] ep 69/200  lr=0.001  train_loss=0.0672 train_acc=0.9813  val_loss=0.0505 val_acc=0.9860  (2.8s)
[mlp/mnist] ep 70/200  lr=0.001  train_loss=0.0669 train_acc=0.9814  val_loss=0.0576 val_acc=0.9843  (2.7s)
[mlp/mnist] ep 71/200  lr=0.001  train_loss=0.0687 train_acc=0.9816  val_loss=0.0536 val_acc=0.9853  (2.7s)
[mlp/mnist] ep 72/200  lr=0.001  train_loss=0.0618 train_acc=0.9822  val_loss=0.0489 val_acc=0.9862  (2.7s)
[mlp/mnist] ep 73/200  lr=0.001  train_loss=0.0665 train_acc=0.9821  val_loss=0.0502 val_acc=0.9858  (2.6s)
[mlp/mnist] ep 74/200  lr=0.001  train_loss=0.0657 train_acc=0.9812  val_loss=0.0517 val_acc=0.9853  (2.6s)
[mlp/mnist] ep 75/200  lr=0.001  train_loss=0.0628 train_acc=0.9808  val_loss=0.0595 val_acc=0.9852  (2.6s)
[mlp/mnist] ep 76/200  lr=0.001  train_loss=0.0670 train_acc=0.9819  val_loss=0.0575 val_acc=0.9828  (2.8s)
[mlp/mnist] ep 77/200  lr=0.001  train_loss=0.0700 train_acc=0.9801  val_loss=0.0502 val_acc=0.9833  (2.8s)
[mlp/mnist] ep 78/200  lr=0.001  train_loss=0.0642 train_acc=0.9821  val_loss=0.0566 val_acc=0.9847  (2.9s)
[mlp/mnist] ep 79/200  lr=0.001  train_loss=0.0646 train_acc=0.9813  val_loss=0.0570 val_acc=0.9827  (2.8s)
[mlp/mnist] ep 80/200  lr=0.001  train_loss=0.0700 train_acc=0.9806  val_loss=0.0599 val_acc=0.9835  (2.7s)
[mlp/mnist] ep 81/200  lr=0.001  train_loss=0.0637 train_acc=0.9818  val_loss=0.0531 val_acc=0.9877  (2.7s)
[mlp/mnist] ep 82/200  lr=0.0009917  train_loss=0.0635 train_acc=0.9821  val_loss=0.0590 val_acc=0.9852  (2.7s)
[mlp/mnist] ep 83/200  lr=0.0009833  train_loss=0.0643 train_acc=0.9822  val_loss=0.0549 val_acc=0.9865  (3.0s)
[mlp/mnist] ep 84/200  lr=0.000975  train_loss=0.0649 train_acc=0.9817  val_loss=0.0554 val_acc=0.9842  (2.7s)
[mlp/mnist] ep 85/200  lr=0.0009667  train_loss=0.0641 train_acc=0.9823  val_loss=0.0513 val_acc=0.9848  (2.6s)
[mlp/mnist] ep 86/200  lr=0.0009583  train_loss=0.0625 train_acc=0.9831  val_loss=0.0622 val_acc=0.9838  (2.7s)
[mlp/mnist] ep 87/200  lr=0.00095  train_loss=0.0626 train_acc=0.9823  val_loss=0.0535 val_acc=0.9858  (2.6s)
[mlp/mnist] ep 88/200  lr=0.0009417  train_loss=0.0581 train_acc=0.9829  val_loss=0.0569 val_acc=0.9847  (2.7s)
[mlp/mnist] ep 89/200  lr=0.0009333  train_loss=0.0621 train_acc=0.9834  val_loss=0.0562 val_acc=0.9843  (2.7s)
[mlp/mnist] ep 90/200  lr=0.000925  train_loss=0.0585 train_acc=0.9831  val_loss=0.0652 val_acc=0.9838  (2.6s)
[mlp/mnist] ep 91/200  lr=0.0009167  train_loss=0.0564 train_acc=0.9832  val_loss=0.0510 val_acc=0.9863  (2.7s)
[mlp/mnist] ep 92/200  lr=0.0009083  train_loss=0.0591 train_acc=0.9832  val_loss=0.0615 val_acc=0.9838  (2.7s)
[mlp/mnist] ep 93/200  lr=0.0009  train_loss=0.0596 train_acc=0.9829  val_loss=0.0506 val_acc=0.9842  (2.7s)
[mlp/mnist] ep 94/200  lr=0.0008917  train_loss=0.0599 train_acc=0.9837  val_loss=0.0578 val_acc=0.9825  (2.7s)
[mlp/mnist] ep 95/200  lr=0.0008833  train_loss=0.0543 train_acc=0.9846  val_loss=0.0553 val_acc=0.9855  (2.6s)
[mlp/mnist] ep 96/200  lr=0.000875  train_loss=0.0558 train_acc=0.9832  val_loss=0.0506 val_acc=0.9853  (2.7s)
[mlp/mnist] ep 97/200  lr=0.0008667  train_loss=0.0550 train_acc=0.9837  val_loss=0.0537 val_acc=0.9860  (2.6s)
[mlp/mnist] ep 98/200  lr=0.0008583  train_loss=0.0532 train_acc=0.9849  val_loss=0.0540 val_acc=0.9857  (2.7s)
[mlp/mnist] ep 99/200  lr=0.00085  train_loss=0.0565 train_acc=0.9845  val_loss=0.0522 val_acc=0.9842  (2.6s)
[mlp/mnist] ep 100/200  lr=0.0008417  train_loss=0.0527 train_acc=0.9840  val_loss=0.0547 val_acc=0.9852  (2.8s)
[mlp/mnist] ep 101/200  lr=0.0008333  train_loss=0.0473 train_acc=0.9851  val_loss=0.0526 val_acc=0.9857  (2.8s)
[mlp/mnist] ep 102/200  lr=0.000825  train_loss=0.0522 train_acc=0.9846  val_loss=0.0538 val_acc=0.9850  (2.6s)
[mlp/mnist] ep 103/200  lr=0.0008167  train_loss=0.0510 train_acc=0.9859  val_loss=0.0520 val_acc=0.9845  (2.6s)
[mlp/mnist] ep 104/200  lr=0.0008083  train_loss=0.0499 train_acc=0.9863  val_loss=0.0613 val_acc=0.9837  (2.6s)
[mlp/mnist] ep 105/200  lr=0.0008  train_loss=0.0505 train_acc=0.9857  val_loss=0.0518 val_acc=0.9873  (2.7s)
[mlp/mnist] ep 106/200  lr=0.0007917  train_loss=0.0510 train_acc=0.9860  val_loss=0.0496 val_acc=0.9873  (2.7s)
[mlp/mnist] ep 107/200  lr=0.0007833  train_loss=0.0446 train_acc=0.9875  val_loss=0.0544 val_acc=0.9862  (2.7s)
[mlp/mnist] ep 108/200  lr=0.000775  train_loss=0.0457 train_acc=0.9866  val_loss=0.0518 val_acc=0.9867  (2.6s)
[mlp/mnist] ep 109/200  lr=0.0007667  train_loss=0.0494 train_acc=0.9855  val_loss=0.0464 val_acc=0.9867  (2.6s)
[mlp/mnist] ep 110/200  lr=0.0007583  train_loss=0.0468 train_acc=0.9873  val_loss=0.0533 val_acc=0.9860  (2.7s)
[mlp/mnist] ep 111/200  lr=0.00075  train_loss=0.0457 train_acc=0.9869  val_loss=0.0525 val_acc=0.9867  (2.8s)
[mlp/mnist] ep 112/200  lr=0.0007417  train_loss=0.0469 train_acc=0.9869  val_loss=0.0482 val_acc=0.9875  (3.0s)
[mlp/mnist] ep 113/200  lr=0.0007333  train_loss=0.0452 train_acc=0.9864  val_loss=0.0480 val_acc=0.9867  (2.8s)
[mlp/mnist] ep 114/200  lr=0.000725  train_loss=0.0446 train_acc=0.9865  val_loss=0.0476 val_acc=0.9868  (2.9s)
[mlp/mnist] ep 115/200  lr=0.0007167  train_loss=0.0446 train_acc=0.9874  val_loss=0.0492 val_acc=0.9877  (2.9s)
[mlp/mnist] ep 116/200  lr=0.0007083  train_loss=0.0424 train_acc=0.9883  val_loss=0.0529 val_acc=0.9863  (2.6s)
[mlp/mnist] ep 117/200  lr=0.0007  train_loss=0.0432 train_acc=0.9878  val_loss=0.0478 val_acc=0.9857  (2.6s)
[mlp/mnist] ep 118/200  lr=0.0006917  train_loss=0.0390 train_acc=0.9885  val_loss=0.0506 val_acc=0.9857  (2.7s)
[mlp/mnist] ep 119/200  lr=0.0006833  train_loss=0.0412 train_acc=0.9878  val_loss=0.0496 val_acc=0.9860  (2.6s)
[mlp/mnist] ep 120/200  lr=0.000675  train_loss=0.0414 train_acc=0.9882  val_loss=0.0513 val_acc=0.9857  (2.6s)
[mlp/mnist] ep 121/200  lr=0.0006667  train_loss=0.0383 train_acc=0.9885  val_loss=0.0513 val_acc=0.9862  (2.6s)
[mlp/mnist] ep 122/200  lr=0.0006583  train_loss=0.0427 train_acc=0.9883  val_loss=0.0470 val_acc=0.9878  (2.8s)
[mlp/mnist] ep 123/200  lr=0.00065  train_loss=0.0391 train_acc=0.9883  val_loss=0.0535 val_acc=0.9860  (2.7s)
[mlp/mnist] ep 124/200  lr=0.0006417  train_loss=0.0359 train_acc=0.9894  val_loss=0.0490 val_acc=0.9873  (2.7s)
[mlp/mnist] ep 125/200  lr=0.0006333  train_loss=0.0371 train_acc=0.9898  val_loss=0.0508 val_acc=0.9875  (2.6s)
[mlp/mnist] ep 126/200  lr=0.000625  train_loss=0.0380 train_acc=0.9898  val_loss=0.0476 val_acc=0.9865  (2.9s)
[mlp/mnist] ep 127/200  lr=0.0006167  train_loss=0.0341 train_acc=0.9898  val_loss=0.0546 val_acc=0.9853  (3.2s)
[mlp/mnist] ep 128/200  lr=0.0006083  train_loss=0.0383 train_acc=0.9899  val_loss=0.0449 val_acc=0.9877  (3.4s)
[mlp/mnist] ep 129/200  lr=0.0006  train_loss=0.0342 train_acc=0.9895  val_loss=0.0512 val_acc=0.9873  (3.3s)
[mlp/mnist] ep 130/200  lr=0.0005917  train_loss=0.0340 train_acc=0.9897  val_loss=0.0520 val_acc=0.9882  (3.4s)
[mlp/mnist] ep 131/200  lr=0.0005833  train_loss=0.0329 train_acc=0.9895  val_loss=0.0473 val_acc=0.9873  (3.8s)
[mlp/mnist] ep 132/200  lr=0.000575  train_loss=0.0330 train_acc=0.9899  val_loss=0.0496 val_acc=0.9875  (3.3s)
[mlp/mnist] ep 133/200  lr=0.0005667  train_loss=0.0327 train_acc=0.9903  val_loss=0.0464 val_acc=0.9888  (2.7s)
[mlp/mnist] ep 134/200  lr=0.0005583  train_loss=0.0323 train_acc=0.9903  val_loss=0.0493 val_acc=0.9878  (2.7s)
[mlp/mnist] ep 135/200  lr=0.00055  train_loss=0.0317 train_acc=0.9913  val_loss=0.0486 val_acc=0.9872  (2.8s)
[mlp/mnist] ep 136/200  lr=0.0005417  train_loss=0.0315 train_acc=0.9909  val_loss=0.0451 val_acc=0.9875  (2.8s)
[mlp/mnist] ep 137/200  lr=0.0005333  train_loss=0.0329 train_acc=0.9913  val_loss=0.0462 val_acc=0.9893  (2.7s)
[mlp/mnist] ep 138/200  lr=0.000525  train_loss=0.0276 train_acc=0.9911  val_loss=0.0453 val_acc=0.9888  (2.9s)
[mlp/mnist] ep 139/200  lr=0.0005167  train_loss=0.0306 train_acc=0.9910  val_loss=0.0479 val_acc=0.9882  (2.9s)
[mlp/mnist] ep 140/200  lr=0.0005083  train_loss=0.0289 train_acc=0.9916  val_loss=0.0471 val_acc=0.9878  (2.7s)
[mlp/mnist] ep 141/200  lr=0.0005  train_loss=0.0294 train_acc=0.9915  val_loss=0.0480 val_acc=0.9882  (2.7s)
[mlp/mnist] ep 142/200  lr=0.0004917  train_loss=0.0276 train_acc=0.9919  val_loss=0.0404 val_acc=0.9895  (2.9s)
[mlp/mnist] ep 143/200  lr=0.0004833  train_loss=0.0264 train_acc=0.9920  val_loss=0.0497 val_acc=0.9877  (2.7s)
[mlp/mnist] ep 144/200  lr=0.000475  train_loss=0.0299 train_acc=0.9913  val_loss=0.0436 val_acc=0.9885  (2.8s)
[mlp/mnist] ep 145/200  lr=0.0004667  train_loss=0.0285 train_acc=0.9922  val_loss=0.0429 val_acc=0.9880  (2.7s)
[mlp/mnist] ep 146/200  lr=0.0004583  train_loss=0.0254 train_acc=0.9930  val_loss=0.0468 val_acc=0.9887  (2.8s)
[mlp/mnist] ep 147/200  lr=0.00045  train_loss=0.0269 train_acc=0.9920  val_loss=0.0491 val_acc=0.9872  (2.8s)
[mlp/mnist] ep 148/200  lr=0.0004417  train_loss=0.0234 train_acc=0.9931  val_loss=0.0470 val_acc=0.9882  (2.8s)
[mlp/mnist] ep 149/200  lr=0.0004333  train_loss=0.0237 train_acc=0.9933  val_loss=0.0488 val_acc=0.9880  (3.0s)
[mlp/mnist] ep 150/200  lr=0.000425  train_loss=0.0244 train_acc=0.9928  val_loss=0.0446 val_acc=0.9893  (2.8s)
[mlp/mnist] ep 151/200  lr=0.0004167  train_loss=0.0241 train_acc=0.9933  val_loss=0.0447 val_acc=0.9883  (2.8s)
[mlp/mnist] ep 152/200  lr=0.0004083  train_loss=0.0215 train_acc=0.9939  val_loss=0.0462 val_acc=0.9897  (2.7s)
[mlp/mnist] ep 153/200  lr=0.0004  train_loss=0.0223 train_acc=0.9933  val_loss=0.0454 val_acc=0.9887  (2.9s)
[mlp/mnist] ep 154/200  lr=0.0003917  train_loss=0.0212 train_acc=0.9932  val_loss=0.0468 val_acc=0.9878  (2.8s)
[mlp/mnist] ep 155/200  lr=0.0003833  train_loss=0.0205 train_acc=0.9939  val_loss=0.0470 val_acc=0.9880  (2.9s)
[mlp/mnist] ep 156/200  lr=0.000375  train_loss=0.0208 train_acc=0.9932  val_loss=0.0452 val_acc=0.9880  (3.0s)
[mlp/mnist] ep 157/200  lr=0.0003667  train_loss=0.0214 train_acc=0.9936  val_loss=0.0445 val_acc=0.9892  (2.6s)
[mlp/mnist] ep 158/200  lr=0.0003583  train_loss=0.0199 train_acc=0.9939  val_loss=0.0465 val_acc=0.9893  (3.1s)
[mlp/mnist] ep 159/200  lr=0.00035  train_loss=0.0194 train_acc=0.9934  val_loss=0.0434 val_acc=0.9893  (3.0s)
[mlp/mnist] ep 160/200  lr=0.0003417  train_loss=0.0192 train_acc=0.9940  val_loss=0.0431 val_acc=0.9888  (2.9s)
[mlp/mnist] ep 161/200  lr=0.0003333  train_loss=0.0198 train_acc=0.9935  val_loss=0.0512 val_acc=0.9870  (3.0s)
[mlp/mnist] ep 162/200  lr=0.000325  train_loss=0.0188 train_acc=0.9946  val_loss=0.0488 val_acc=0.9880  (2.9s)
[mlp/mnist] ep 163/200  lr=0.0003167  train_loss=0.0191 train_acc=0.9949  val_loss=0.0443 val_acc=0.9887  (2.9s)
[mlp/mnist] ep 164/200  lr=0.0003083  train_loss=0.0165 train_acc=0.9949  val_loss=0.0433 val_acc=0.9890  (2.8s)
[mlp/mnist] ep 165/200  lr=0.0003  train_loss=0.0190 train_acc=0.9943  val_loss=0.0446 val_acc=0.9890  (2.9s)
[mlp/mnist] ep 166/200  lr=0.0002917  train_loss=0.0157 train_acc=0.9951  val_loss=0.0440 val_acc=0.9895  (2.9s)
[mlp/mnist] ep 167/200  lr=0.0002833  train_loss=0.0173 train_acc=0.9951  val_loss=0.0466 val_acc=0.9897  (2.9s)
[mlp/mnist] ep 168/200  lr=0.000275  train_loss=0.0173 train_acc=0.9950  val_loss=0.0451 val_acc=0.9887  (2.8s)
[mlp/mnist] ep 169/200  lr=0.0002667  train_loss=0.0162 train_acc=0.9957  val_loss=0.0464 val_acc=0.9887  (2.7s)
[mlp/mnist] ep 170/200  lr=0.0002583  train_loss=0.0175 train_acc=0.9955  val_loss=0.0465 val_acc=0.9902  (2.8s)
[mlp/mnist] ep 171/200  lr=0.00025  train_loss=0.0154 train_acc=0.9949  val_loss=0.0462 val_acc=0.9885  (2.6s)
[mlp/mnist] ep 172/200  lr=0.0002417  train_loss=0.0152 train_acc=0.9955  val_loss=0.0476 val_acc=0.9898  (2.6s)
[mlp/mnist] ep 173/200  lr=0.0002333  train_loss=0.0133 train_acc=0.9956  val_loss=0.0468 val_acc=0.9890  (2.7s)
[mlp/mnist] ep 174/200  lr=0.000225  train_loss=0.0131 train_acc=0.9960  val_loss=0.0463 val_acc=0.9887  (2.8s)
[mlp/mnist] ep 175/200  lr=0.0002167  train_loss=0.0127 train_acc=0.9961  val_loss=0.0512 val_acc=0.9885  (2.9s)
[mlp/mnist] ep 176/200  lr=0.0002083  train_loss=0.0139 train_acc=0.9959  val_loss=0.0468 val_acc=0.9897  (2.7s)
[mlp/mnist] ep 177/200  lr=0.0002  train_loss=0.0150 train_acc=0.9959  val_loss=0.0469 val_acc=0.9898  (2.6s)
[mlp/mnist] ep 178/200  lr=0.0001917  train_loss=0.0104 train_acc=0.9958  val_loss=0.0507 val_acc=0.9890  (2.7s)
[mlp/mnist] ep 179/200  lr=0.0001833  train_loss=0.0108 train_acc=0.9961  val_loss=0.0483 val_acc=0.9898  (2.8s)
[mlp/mnist] ep 180/200  lr=0.000175  train_loss=0.0116 train_acc=0.9966  val_loss=0.0494 val_acc=0.9890  (2.7s)
[mlp/mnist] ep 181/200  lr=0.0001667  train_loss=0.0120 train_acc=0.9964  val_loss=0.0471 val_acc=0.9887  (2.7s)
[mlp/mnist] ep 182/200  lr=0.0001583  train_loss=0.0100 train_acc=0.9962  val_loss=0.0507 val_acc=0.9888  (2.6s)
[mlp/mnist] ep 183/200  lr=0.00015  train_loss=0.0120 train_acc=0.9968  val_loss=0.0484 val_acc=0.9895  (2.8s)
[mlp/mnist] ep 184/200  lr=0.0001417  train_loss=0.0108 train_acc=0.9965  val_loss=0.0473 val_acc=0.9895  (2.7s)
[mlp/mnist] ep 185/200  lr=0.0001333  train_loss=0.0101 train_acc=0.9968  val_loss=0.0473 val_acc=0.9897  (2.6s)
[mlp/mnist] ep 186/200  lr=0.000125  train_loss=0.0106 train_acc=0.9969  val_loss=0.0486 val_acc=0.9897  (2.6s)
[mlp/mnist] ep 187/200  lr=0.0001167  train_loss=0.0091 train_acc=0.9970  val_loss=0.0487 val_acc=0.9892  (2.7s)
[mlp/mnist] ep 188/200  lr=0.0001083  train_loss=0.0100 train_acc=0.9974  val_loss=0.0458 val_acc=0.9900  (2.7s)
[mlp/mnist] ep 189/200  lr=0.0001  train_loss=0.0098 train_acc=0.9968  val_loss=0.0447 val_acc=0.9898  (2.8s)
[mlp/mnist] ep 190/200  lr=9.167e-05  train_loss=0.0095 train_acc=0.9974  val_loss=0.0459 val_acc=0.9902  (2.8s)
[mlp/mnist] ep 191/200  lr=8.333e-05  train_loss=0.0090 train_acc=0.9974  val_loss=0.0452 val_acc=0.9908  (2.8s)
[mlp/mnist] ep 192/200  lr=7.5e-05  train_loss=0.0080 train_acc=0.9972  val_loss=0.0468 val_acc=0.9905  (2.6s)
[mlp/mnist] ep 193/200  lr=6.667e-05  train_loss=0.0083 train_acc=0.9974  val_loss=0.0477 val_acc=0.9898  (2.7s)
[mlp/mnist] ep 194/200  lr=5.833e-05  train_loss=0.0089 train_acc=0.9977  val_loss=0.0473 val_acc=0.9897  (2.6s)
[mlp/mnist] ep 195/200  lr=5e-05  train_loss=0.0079 train_acc=0.9975  val_loss=0.0489 val_acc=0.9893  (2.7s)
[mlp/mnist] ep 196/200  lr=4.167e-05  train_loss=0.0082 train_acc=0.9976  val_loss=0.0483 val_acc=0.9897  (2.7s)
[mlp/mnist] ep 197/200  lr=3.333e-05  train_loss=0.0077 train_acc=0.9977  val_loss=0.0486 val_acc=0.9897  (2.9s)
[mlp/mnist] ep 198/200  lr=2.5e-05  train_loss=0.0065 train_acc=0.9978  val_loss=0.0484 val_acc=0.9900  (2.8s)
[mlp/mnist] ep 199/200  lr=1.667e-05  train_loss=0.0065 train_acc=0.9978  val_loss=0.0489 val_acc=0.9898  (2.7s)
[mlp/mnist] ep 200/200  lr=8.333e-06  train_loss=0.0089 train_acc=0.9978  val_loss=0.0488 val_acc=0.9898  (2.7s)

=== DONE [mlp/mnist] ===
  best val acc:  0.9908 at epoch 191
  test acc:      0.9891 (loss 0.0501)
  train acc:     1.0000
  total time:    9.2 min
  ckpt:          /home/misla2/thesis/python/mnist_corruptions/journal_edition/checkpoints/mlp_mnist_best.pt
[21:22:22] === DONE  train_mlp_mnist (GPU 2) ===
[14:22:28] === START train_mlp_mnist on GPU 2 ===
[loaders] mnist: train=27000  val=3000  test=10000
[mlp/mnist] AMP enabled: True
[mlp/mnist] ep 1/200  lr=0.001  train_loss=0.4940 train_acc=0.8537  val_loss=0.1752 val_acc=0.9453  (2.0s)
[mlp/mnist] ep 2/200  lr=0.001  train_loss=0.2332 train_acc=0.9331  val_loss=0.1374 val_acc=0.9580  (1.6s)
[mlp/mnist] ep 3/200  lr=0.001  train_loss=0.1890 train_acc=0.9474  val_loss=0.1253 val_acc=0.9623  (1.5s)
[mlp/mnist] ep 4/200  lr=0.001  train_loss=0.1614 train_acc=0.9525  val_loss=0.1003 val_acc=0.9680  (1.6s)
[mlp/mnist] ep 5/200  lr=0.001  train_loss=0.1447 train_acc=0.9571  val_loss=0.1008 val_acc=0.9713  (1.5s)
[mlp/mnist] ep 6/200  lr=0.001  train_loss=0.1413 train_acc=0.9602  val_loss=0.0981 val_acc=0.9697  (1.7s)
[mlp/mnist] ep 7/200  lr=0.001  train_loss=0.1285 train_acc=0.9640  val_loss=0.1144 val_acc=0.9700  (1.6s)
[mlp/mnist] ep 8/200  lr=0.001  train_loss=0.1195 train_acc=0.9663  val_loss=0.0934 val_acc=0.9743  (1.6s)
[mlp/mnist] ep 9/200  lr=0.001  train_loss=0.1124 train_acc=0.9676  val_loss=0.0891 val_acc=0.9760  (1.6s)
[mlp/mnist] ep 10/200  lr=0.001  train_loss=0.1116 train_acc=0.9667  val_loss=0.0917 val_acc=0.9737  (1.6s)
[mlp/mnist] ep 11/200  lr=0.001  train_loss=0.1059 train_acc=0.9696  val_loss=0.0887 val_acc=0.9730  (1.5s)
[mlp/mnist] ep 12/200  lr=0.001  train_loss=0.0998 train_acc=0.9716  val_loss=0.0910 val_acc=0.9743  (1.5s)
[mlp/mnist] ep 13/200  lr=0.001  train_loss=0.0952 train_acc=0.9714  val_loss=0.0835 val_acc=0.9740  (1.5s)
[mlp/mnist] ep 14/200  lr=0.001  train_loss=0.0975 train_acc=0.9730  val_loss=0.0941 val_acc=0.9760  (1.6s)
[mlp/mnist] ep 15/200  lr=0.001  train_loss=0.0908 train_acc=0.9743  val_loss=0.0935 val_acc=0.9757  (1.6s)
[mlp/mnist] ep 16/200  lr=0.001  train_loss=0.0865 train_acc=0.9756  val_loss=0.0887 val_acc=0.9790  (1.6s)
[mlp/mnist] ep 17/200  lr=0.001  train_loss=0.0867 train_acc=0.9767  val_loss=0.0846 val_acc=0.9763  (1.5s)
[mlp/mnist] ep 18/200  lr=0.001  train_loss=0.0853 train_acc=0.9754  val_loss=0.0856 val_acc=0.9747  (1.5s)
[mlp/mnist] ep 19/200  lr=0.001  train_loss=0.0834 train_acc=0.9764  val_loss=0.0956 val_acc=0.9743  (1.6s)
[mlp/mnist] ep 20/200  lr=0.001  train_loss=0.0812 train_acc=0.9773  val_loss=0.0739 val_acc=0.9803  (1.6s)
[mlp/mnist] ep 21/200  lr=0.001  train_loss=0.0802 train_acc=0.9773  val_loss=0.0812 val_acc=0.9793  (1.6s)
[mlp/mnist] ep 22/200  lr=0.001  train_loss=0.0816 train_acc=0.9777  val_loss=0.0829 val_acc=0.9783  (1.5s)
[mlp/mnist] ep 23/200  lr=0.001  train_loss=0.0760 train_acc=0.9786  val_loss=0.1045 val_acc=0.9737  (1.5s)
[mlp/mnist] ep 24/200  lr=0.001  train_loss=0.0709 train_acc=0.9797  val_loss=0.0969 val_acc=0.9790  (1.5s)
[mlp/mnist] ep 25/200  lr=0.001  train_loss=0.0718 train_acc=0.9779  val_loss=0.0916 val_acc=0.9810  (1.6s)
[mlp/mnist] ep 26/200  lr=0.001  train_loss=0.0696 train_acc=0.9794  val_loss=0.0984 val_acc=0.9797  (1.5s)
[mlp/mnist] ep 27/200  lr=0.001  train_loss=0.0676 train_acc=0.9811  val_loss=0.1026 val_acc=0.9757  (1.5s)
[mlp/mnist] ep 28/200  lr=0.001  train_loss=0.0716 train_acc=0.9796  val_loss=0.0807 val_acc=0.9797  (1.5s)
[mlp/mnist] ep 29/200  lr=0.001  train_loss=0.0695 train_acc=0.9799  val_loss=0.0899 val_acc=0.9773  (1.6s)
[mlp/mnist] ep 30/200  lr=0.001  train_loss=0.0666 train_acc=0.9809  val_loss=0.0867 val_acc=0.9797  (1.5s)
[mlp/mnist] ep 31/200  lr=0.001  train_loss=0.0575 train_acc=0.9820  val_loss=0.0842 val_acc=0.9797  (1.5s)
[mlp/mnist] ep 32/200  lr=0.001  train_loss=0.0662 train_acc=0.9808  val_loss=0.1007 val_acc=0.9807  (1.5s)
[mlp/mnist] ep 33/200  lr=0.001  train_loss=0.0622 train_acc=0.9824  val_loss=0.0934 val_acc=0.9770  (1.5s)
[mlp/mnist] ep 34/200  lr=0.001  train_loss=0.0611 train_acc=0.9831  val_loss=0.0865 val_acc=0.9797  (1.5s)
[mlp/mnist] ep 35/200  lr=0.001  train_loss=0.0642 train_acc=0.9817  val_loss=0.0843 val_acc=0.9800  (1.5s)
[mlp/mnist] ep 36/200  lr=0.001  train_loss=0.0591 train_acc=0.9824  val_loss=0.0923 val_acc=0.9793  (1.5s)
[mlp/mnist] ep 37/200  lr=0.001  train_loss=0.0653 train_acc=0.9816  val_loss=0.0887 val_acc=0.9777  (1.5s)
[mlp/mnist] ep 38/200  lr=0.001  train_loss=0.0577 train_acc=0.9840  val_loss=0.0907 val_acc=0.9787  (1.5s)
[mlp/mnist] ep 39/200  lr=0.001  train_loss=0.0560 train_acc=0.9831  val_loss=0.0931 val_acc=0.9790  (1.5s)
[mlp/mnist] ep 40/200  lr=0.001  train_loss=0.0646 train_acc=0.9822  val_loss=0.1003 val_acc=0.9777  (1.5s)
[mlp/mnist] ep 41/200  lr=0.001  train_loss=0.0593 train_acc=0.9830  val_loss=0.0907 val_acc=0.9773  (1.5s)
[mlp/mnist] ep 42/200  lr=0.001  train_loss=0.0602 train_acc=0.9832  val_loss=0.0924 val_acc=0.9783  (1.6s)
[mlp/mnist] ep 43/200  lr=0.001  train_loss=0.0699 train_acc=0.9836  val_loss=0.0761 val_acc=0.9803  (1.6s)
[mlp/mnist] ep 44/200  lr=0.001  train_loss=0.0586 train_acc=0.9837  val_loss=0.0757 val_acc=0.9797  (1.6s)
[mlp/mnist] ep 45/200  lr=0.001  train_loss=0.0559 train_acc=0.9841  val_loss=0.0912 val_acc=0.9777  (1.5s)
[mlp/mnist] ep 46/200  lr=0.001  train_loss=0.0594 train_acc=0.9840  val_loss=0.0744 val_acc=0.9817  (1.5s)
[mlp/mnist] ep 47/200  lr=0.001  train_loss=0.0525 train_acc=0.9842  val_loss=0.0934 val_acc=0.9793  (1.5s)
[mlp/mnist] ep 48/200  lr=0.001  train_loss=0.0566 train_acc=0.9837  val_loss=0.0893 val_acc=0.9783  (1.5s)
[mlp/mnist] ep 49/200  lr=0.001  train_loss=0.0621 train_acc=0.9839  val_loss=0.0876 val_acc=0.9777  (1.5s)
[mlp/mnist] ep 50/200  lr=0.001  train_loss=0.0552 train_acc=0.9835  val_loss=0.0900 val_acc=0.9810  (1.5s)
[mlp/mnist] ep 51/200  lr=0.001  train_loss=0.0648 train_acc=0.9812  val_loss=0.1014 val_acc=0.9787  (1.5s)
[mlp/mnist] ep 52/200  lr=0.001  train_loss=0.0530 train_acc=0.9842  val_loss=0.0908 val_acc=0.9793  (1.4s)
[mlp/mnist] ep 53/200  lr=0.001  train_loss=0.0613 train_acc=0.9832  val_loss=0.0806 val_acc=0.9797  (1.4s)
[mlp/mnist] ep 54/200  lr=0.001  train_loss=0.0536 train_acc=0.9844  val_loss=0.0924 val_acc=0.9793  (1.5s)
[mlp/mnist] ep 55/200  lr=0.001  train_loss=0.0549 train_acc=0.9845  val_loss=0.0838 val_acc=0.9800  (1.5s)
[mlp/mnist] ep 56/200  lr=0.001  train_loss=0.0582 train_acc=0.9841  val_loss=0.1047 val_acc=0.9757  (1.5s)
[mlp/mnist] ep 57/200  lr=0.001  train_loss=0.0572 train_acc=0.9846  val_loss=0.0961 val_acc=0.9780  (1.5s)
[mlp/mnist] ep 58/200  lr=0.001  train_loss=0.0590 train_acc=0.9841  val_loss=0.0929 val_acc=0.9797  (1.5s)
[mlp/mnist] ep 59/200  lr=0.001  train_loss=0.0558 train_acc=0.9846  val_loss=0.0896 val_acc=0.9810  (1.5s)
[mlp/mnist] ep 60/200  lr=0.001  train_loss=0.0478 train_acc=0.9834  val_loss=0.0958 val_acc=0.9773  (1.5s)
[mlp/mnist] ep 61/200  lr=0.001  train_loss=0.0584 train_acc=0.9849  val_loss=0.0765 val_acc=0.9820  (1.5s)
[mlp/mnist] ep 62/200  lr=0.001  train_loss=0.0568 train_acc=0.9848  val_loss=0.0874 val_acc=0.9817  (1.5s)
[mlp/mnist] ep 63/200  lr=0.001  train_loss=0.0569 train_acc=0.9850  val_loss=0.0850 val_acc=0.9803  (1.5s)
[mlp/mnist] ep 64/200  lr=0.001  train_loss=0.0502 train_acc=0.9860  val_loss=0.0848 val_acc=0.9813  (1.6s)
[mlp/mnist] ep 65/200  lr=0.001  train_loss=0.0543 train_acc=0.9864  val_loss=0.0906 val_acc=0.9793  (1.5s)
[mlp/mnist] ep 66/200  lr=0.001  train_loss=0.0564 train_acc=0.9864  val_loss=0.0936 val_acc=0.9797  (1.5s)
[mlp/mnist] ep 67/200  lr=0.001  train_loss=0.0517 train_acc=0.9849  val_loss=0.0985 val_acc=0.9790  (1.5s)
[mlp/mnist] ep 68/200  lr=0.001  train_loss=0.0530 train_acc=0.9863  val_loss=0.0850 val_acc=0.9807  (1.5s)
[mlp/mnist] ep 69/200  lr=0.001  train_loss=0.0538 train_acc=0.9847  val_loss=0.0887 val_acc=0.9813  (1.5s)
[mlp/mnist] ep 70/200  lr=0.001  train_loss=0.0533 train_acc=0.9851  val_loss=0.0863 val_acc=0.9777  (1.4s)
[mlp/mnist] ep 71/200  lr=0.001  train_loss=0.0502 train_acc=0.9846  val_loss=0.0900 val_acc=0.9790  (1.4s)
[mlp/mnist] ep 72/200  lr=0.001  train_loss=0.0569 train_acc=0.9844  val_loss=0.0892 val_acc=0.9827  (1.4s)
[mlp/mnist] ep 73/200  lr=0.001  train_loss=0.0545 train_acc=0.9851  val_loss=0.0876 val_acc=0.9793  (1.5s)
[mlp/mnist] ep 74/200  lr=0.001  train_loss=0.0597 train_acc=0.9843  val_loss=0.0995 val_acc=0.9803  (1.5s)
[mlp/mnist] ep 75/200  lr=0.001  train_loss=0.0483 train_acc=0.9861  val_loss=0.0986 val_acc=0.9810  (1.5s)
[mlp/mnist] ep 76/200  lr=0.001  train_loss=0.0512 train_acc=0.9864  val_loss=0.0927 val_acc=0.9820  (1.6s)
[mlp/mnist] ep 77/200  lr=0.001  train_loss=0.0514 train_acc=0.9853  val_loss=0.0867 val_acc=0.9810  (1.4s)
[mlp/mnist] ep 78/200  lr=0.001  train_loss=0.0593 train_acc=0.9842  val_loss=0.0913 val_acc=0.9823  (1.5s)
[mlp/mnist] ep 79/200  lr=0.001  train_loss=0.0557 train_acc=0.9838  val_loss=0.0975 val_acc=0.9757  (1.5s)
[mlp/mnist] ep 80/200  lr=0.001  train_loss=0.0521 train_acc=0.9837  val_loss=0.1072 val_acc=0.9787  (1.5s)
[mlp/mnist] ep 81/200  lr=0.001  train_loss=0.0562 train_acc=0.9859  val_loss=0.0885 val_acc=0.9807  (1.5s)
[mlp/mnist] ep 82/200  lr=0.0009917  train_loss=0.0514 train_acc=0.9857  val_loss=0.1044 val_acc=0.9787  (1.5s)
[mlp/mnist] ep 83/200  lr=0.0009833  train_loss=0.0554 train_acc=0.9857  val_loss=0.0775 val_acc=0.9817  (1.5s)
[mlp/mnist] ep 84/200  lr=0.000975  train_loss=0.0514 train_acc=0.9844  val_loss=0.0899 val_acc=0.9790  (1.5s)
[mlp/mnist] ep 85/200  lr=0.0009667  train_loss=0.0505 train_acc=0.9869  val_loss=0.0897 val_acc=0.9823  (1.6s)
[mlp/mnist] ep 86/200  lr=0.0009583  train_loss=0.0487 train_acc=0.9849  val_loss=0.0751 val_acc=0.9827  (1.5s)
[mlp/mnist] ep 87/200  lr=0.00095  train_loss=0.0470 train_acc=0.9854  val_loss=0.0796 val_acc=0.9810  (1.6s)
[mlp/mnist] ep 88/200  lr=0.0009417  train_loss=0.0505 train_acc=0.9865  val_loss=0.0825 val_acc=0.9817  (1.5s)
[mlp/mnist] ep 89/200  lr=0.0009333  train_loss=0.0457 train_acc=0.9872  val_loss=0.0798 val_acc=0.9827  (1.5s)
[mlp/mnist] ep 90/200  lr=0.000925  train_loss=0.0424 train_acc=0.9873  val_loss=0.0859 val_acc=0.9830  (1.5s)
[mlp/mnist] ep 91/200  lr=0.0009167  train_loss=0.0441 train_acc=0.9873  val_loss=0.0799 val_acc=0.9823  (1.5s)
[mlp/mnist] ep 92/200  lr=0.0009083  train_loss=0.0468 train_acc=0.9877  val_loss=0.0841 val_acc=0.9830  (1.5s)
[mlp/mnist] ep 93/200  lr=0.0009  train_loss=0.0513 train_acc=0.9869  val_loss=0.0984 val_acc=0.9797  (1.6s)
[mlp/mnist] ep 94/200  lr=0.0008917  train_loss=0.0420 train_acc=0.9878  val_loss=0.0789 val_acc=0.9810  (1.5s)
[mlp/mnist] ep 95/200  lr=0.0008833  train_loss=0.0414 train_acc=0.9880  val_loss=0.0808 val_acc=0.9820  (1.5s)
[mlp/mnist] ep 96/200  lr=0.000875  train_loss=0.0475 train_acc=0.9874  val_loss=0.0808 val_acc=0.9813  (1.6s)
[mlp/mnist] ep 97/200  lr=0.0008667  train_loss=0.0453 train_acc=0.9868  val_loss=0.0838 val_acc=0.9817  (1.5s)
[mlp/mnist] ep 98/200  lr=0.0008583  train_loss=0.0409 train_acc=0.9875  val_loss=0.1019 val_acc=0.9827  (1.5s)
[mlp/mnist] ep 99/200  lr=0.00085  train_loss=0.0384 train_acc=0.9885  val_loss=0.0960 val_acc=0.9810  (1.5s)
[mlp/mnist] ep 100/200  lr=0.0008417  train_loss=0.0422 train_acc=0.9871  val_loss=0.0821 val_acc=0.9823  (1.5s)
[mlp/mnist] ep 101/200  lr=0.0008333  train_loss=0.0405 train_acc=0.9875  val_loss=0.0863 val_acc=0.9810  (1.5s)
[mlp/mnist] ep 102/200  lr=0.000825  train_loss=0.0387 train_acc=0.9881  val_loss=0.0867 val_acc=0.9833  (1.5s)
[mlp/mnist] ep 103/200  lr=0.0008167  train_loss=0.0411 train_acc=0.9890  val_loss=0.0923 val_acc=0.9783  (1.5s)
[mlp/mnist] ep 104/200  lr=0.0008083  train_loss=0.0429 train_acc=0.9880  val_loss=0.0829 val_acc=0.9787  (1.5s)
[mlp/mnist] ep 105/200  lr=0.0008  train_loss=0.0398 train_acc=0.9891  val_loss=0.0753 val_acc=0.9827  (1.5s)
[mlp/mnist] ep 106/200  lr=0.0007917  train_loss=0.0416 train_acc=0.9875  val_loss=0.0740 val_acc=0.9813  (1.4s)
[mlp/mnist] ep 107/200  lr=0.0007833  train_loss=0.0440 train_acc=0.9887  val_loss=0.0810 val_acc=0.9837  (1.5s)
[mlp/mnist] ep 108/200  lr=0.000775  train_loss=0.0367 train_acc=0.9904  val_loss=0.0725 val_acc=0.9830  (1.5s)
[mlp/mnist] ep 109/200  lr=0.0007667  train_loss=0.0355 train_acc=0.9903  val_loss=0.0893 val_acc=0.9823  (1.4s)
[mlp/mnist] ep 110/200  lr=0.0007583  train_loss=0.0392 train_acc=0.9894  val_loss=0.0761 val_acc=0.9840  (1.5s)
[mlp/mnist] ep 111/200  lr=0.00075  train_loss=0.0391 train_acc=0.9899  val_loss=0.0657 val_acc=0.9810  (1.4s)
[mlp/mnist] ep 112/200  lr=0.0007417  train_loss=0.0353 train_acc=0.9903  val_loss=0.0734 val_acc=0.9817  (1.4s)
[mlp/mnist] ep 113/200  lr=0.0007333  train_loss=0.0344 train_acc=0.9901  val_loss=0.0776 val_acc=0.9827  (1.4s)
[mlp/mnist] ep 114/200  lr=0.000725  train_loss=0.0347 train_acc=0.9899  val_loss=0.0837 val_acc=0.9843  (1.4s)
[mlp/mnist] ep 115/200  lr=0.0007167  train_loss=0.0309 train_acc=0.9903  val_loss=0.0842 val_acc=0.9813  (1.4s)
[mlp/mnist] ep 116/200  lr=0.0007083  train_loss=0.0343 train_acc=0.9904  val_loss=0.0761 val_acc=0.9820  (1.5s)
[mlp/mnist] ep 117/200  lr=0.0007  train_loss=0.0323 train_acc=0.9911  val_loss=0.0812 val_acc=0.9830  (1.6s)
[mlp/mnist] ep 118/200  lr=0.0006917  train_loss=0.0336 train_acc=0.9912  val_loss=0.0811 val_acc=0.9817  (1.6s)
[mlp/mnist] ep 119/200  lr=0.0006833  train_loss=0.0304 train_acc=0.9917  val_loss=0.0721 val_acc=0.9820  (1.4s)
[mlp/mnist] ep 120/200  lr=0.000675  train_loss=0.0344 train_acc=0.9899  val_loss=0.0970 val_acc=0.9807  (1.4s)
[mlp/mnist] ep 121/200  lr=0.0006667  train_loss=0.0282 train_acc=0.9914  val_loss=0.0907 val_acc=0.9817  (1.4s)
[mlp/mnist] ep 122/200  lr=0.0006583  train_loss=0.0304 train_acc=0.9916  val_loss=0.0727 val_acc=0.9830  (1.5s)
[mlp/mnist] ep 123/200  lr=0.00065  train_loss=0.0318 train_acc=0.9902  val_loss=0.0750 val_acc=0.9813  (1.5s)
[mlp/mnist] ep 124/200  lr=0.0006417  train_loss=0.0289 train_acc=0.9919  val_loss=0.0669 val_acc=0.9837  (1.5s)
[mlp/mnist] ep 125/200  lr=0.0006333  train_loss=0.0283 train_acc=0.9921  val_loss=0.0742 val_acc=0.9833  (1.5s)
[mlp/mnist] ep 126/200  lr=0.000625  train_loss=0.0286 train_acc=0.9918  val_loss=0.0773 val_acc=0.9827  (1.5s)
[mlp/mnist] ep 127/200  lr=0.0006167  train_loss=0.0264 train_acc=0.9914  val_loss=0.0605 val_acc=0.9853  (1.4s)
[mlp/mnist] ep 128/200  lr=0.0006083  train_loss=0.0247 train_acc=0.9929  val_loss=0.0761 val_acc=0.9817  (1.5s)
[mlp/mnist] ep 129/200  lr=0.0006  train_loss=0.0289 train_acc=0.9926  val_loss=0.0803 val_acc=0.9823  (1.4s)
[mlp/mnist] ep 130/200  lr=0.0005917  train_loss=0.0248 train_acc=0.9917  val_loss=0.0881 val_acc=0.9813  (1.5s)
[mlp/mnist] ep 131/200  lr=0.0005833  train_loss=0.0297 train_acc=0.9917  val_loss=0.0869 val_acc=0.9820  (1.5s)
[mlp/mnist] ep 132/200  lr=0.000575  train_loss=0.0255 train_acc=0.9923  val_loss=0.0763 val_acc=0.9820  (1.5s)
[mlp/mnist] ep 133/200  lr=0.0005667  train_loss=0.0272 train_acc=0.9930  val_loss=0.0811 val_acc=0.9837  (1.5s)
[mlp/mnist] ep 134/200  lr=0.0005583  train_loss=0.0210 train_acc=0.9928  val_loss=0.0844 val_acc=0.9817  (1.5s)
[mlp/mnist] ep 135/200  lr=0.00055  train_loss=0.0230 train_acc=0.9937  val_loss=0.0770 val_acc=0.9837  (1.5s)
[mlp/mnist] ep 136/200  lr=0.0005417  train_loss=0.0225 train_acc=0.9927  val_loss=0.0855 val_acc=0.9820  (1.5s)
[mlp/mnist] ep 137/200  lr=0.0005333  train_loss=0.0247 train_acc=0.9931  val_loss=0.0865 val_acc=0.9833  (1.5s)
[mlp/mnist] ep 138/200  lr=0.000525  train_loss=0.0197 train_acc=0.9937  val_loss=0.0800 val_acc=0.9817  (1.5s)
[mlp/mnist] ep 139/200  lr=0.0005167  train_loss=0.0238 train_acc=0.9929  val_loss=0.0749 val_acc=0.9850  (1.6s)
[mlp/mnist] ep 140/200  lr=0.0005083  train_loss=0.0241 train_acc=0.9927  val_loss=0.0769 val_acc=0.9847  (1.6s)
[mlp/mnist] ep 141/200  lr=0.0005  train_loss=0.0256 train_acc=0.9933  val_loss=0.0767 val_acc=0.9840  (1.6s)
[mlp/mnist] ep 142/200  lr=0.0004917  train_loss=0.0199 train_acc=0.9935  val_loss=0.0804 val_acc=0.9833  (1.5s)
[mlp/mnist] ep 143/200  lr=0.0004833  train_loss=0.0200 train_acc=0.9935  val_loss=0.0848 val_acc=0.9833  (1.5s)
[mlp/mnist] ep 144/200  lr=0.000475  train_loss=0.0176 train_acc=0.9946  val_loss=0.0810 val_acc=0.9843  (1.5s)
[mlp/mnist] ep 145/200  lr=0.0004667  train_loss=0.0241 train_acc=0.9932  val_loss=0.0716 val_acc=0.9860  (1.5s)
[mlp/mnist] ep 146/200  lr=0.0004583  train_loss=0.0195 train_acc=0.9941  val_loss=0.0762 val_acc=0.9840  (1.6s)
[mlp/mnist] ep 147/200  lr=0.00045  train_loss=0.0208 train_acc=0.9949  val_loss=0.0911 val_acc=0.9810  (1.5s)
[mlp/mnist] ep 148/200  lr=0.0004417  train_loss=0.0209 train_acc=0.9946  val_loss=0.0938 val_acc=0.9837  (1.5s)
[mlp/mnist] ep 149/200  lr=0.0004333  train_loss=0.0203 train_acc=0.9950  val_loss=0.0843 val_acc=0.9827  (1.5s)
[mlp/mnist] ep 150/200  lr=0.000425  train_loss=0.0185 train_acc=0.9943  val_loss=0.0782 val_acc=0.9843  (1.7s)
[mlp/mnist] ep 151/200  lr=0.0004167  train_loss=0.0154 train_acc=0.9957  val_loss=0.0820 val_acc=0.9837  (1.6s)
[mlp/mnist] ep 152/200  lr=0.0004083  train_loss=0.0169 train_acc=0.9949  val_loss=0.0773 val_acc=0.9853  (1.6s)
[mlp/mnist] ep 153/200  lr=0.0004  train_loss=0.0190 train_acc=0.9955  val_loss=0.0820 val_acc=0.9833  (1.6s)
[mlp/mnist] ep 154/200  lr=0.0003917  train_loss=0.0148 train_acc=0.9956  val_loss=0.0804 val_acc=0.9840  (1.5s)
[mlp/mnist] ep 155/200  lr=0.0003833  train_loss=0.0177 train_acc=0.9955  val_loss=0.0766 val_acc=0.9840  (1.5s)
[mlp/mnist] ep 156/200  lr=0.000375  train_loss=0.0173 train_acc=0.9949  val_loss=0.0839 val_acc=0.9827  (1.5s)
[mlp/mnist] ep 157/200  lr=0.0003667  train_loss=0.0143 train_acc=0.9951  val_loss=0.0785 val_acc=0.9847  (1.6s)
[mlp/mnist] ep 158/200  lr=0.0003583  train_loss=0.0127 train_acc=0.9962  val_loss=0.0797 val_acc=0.9843  (1.6s)
[mlp/mnist] ep 159/200  lr=0.00035  train_loss=0.0137 train_acc=0.9959  val_loss=0.0814 val_acc=0.9847  (1.7s)
[mlp/mnist] ep 160/200  lr=0.0003417  train_loss=0.0135 train_acc=0.9964  val_loss=0.0863 val_acc=0.9817  (1.6s)
[mlp/mnist] ep 161/200  lr=0.0003333  train_loss=0.0150 train_acc=0.9955  val_loss=0.0767 val_acc=0.9860  (1.5s)
[mlp/mnist] ep 162/200  lr=0.000325  train_loss=0.0144 train_acc=0.9957  val_loss=0.0780 val_acc=0.9853  (1.5s)
[mlp/mnist] ep 163/200  lr=0.0003167  train_loss=0.0145 train_acc=0.9956  val_loss=0.0785 val_acc=0.9850  (1.6s)
[mlp/mnist] ep 164/200  lr=0.0003083  train_loss=0.0123 train_acc=0.9958  val_loss=0.0795 val_acc=0.9853  (1.5s)
[mlp/mnist] ep 165/200  lr=0.0003  train_loss=0.0109 train_acc=0.9962  val_loss=0.0867 val_acc=0.9830  (1.5s)
[mlp/mnist] ep 166/200  lr=0.0002917  train_loss=0.0112 train_acc=0.9965  val_loss=0.0831 val_acc=0.9840  (1.5s)
[mlp/mnist] ep 167/200  lr=0.0002833  train_loss=0.0141 train_acc=0.9958  val_loss=0.0878 val_acc=0.9840  (1.5s)
[mlp/mnist] ep 168/200  lr=0.000275  train_loss=0.0133 train_acc=0.9960  val_loss=0.0820 val_acc=0.9857  (1.5s)
[mlp/mnist] ep 169/200  lr=0.0002667  train_loss=0.0120 train_acc=0.9965  val_loss=0.0853 val_acc=0.9843  (1.5s)
[mlp/mnist] ep 170/200  lr=0.0002583  train_loss=0.0107 train_acc=0.9969  val_loss=0.0852 val_acc=0.9833  (1.5s)
[mlp/mnist] ep 171/200  lr=0.00025  train_loss=0.0122 train_acc=0.9964  val_loss=0.0892 val_acc=0.9820  (1.5s)
[mlp/mnist] ep 172/200  lr=0.0002417  train_loss=0.0121 train_acc=0.9969  val_loss=0.0832 val_acc=0.9837  (1.4s)
[mlp/mnist] ep 173/200  lr=0.0002333  train_loss=0.0099 train_acc=0.9970  val_loss=0.0844 val_acc=0.9840  (1.5s)
[mlp/mnist] ep 174/200  lr=0.000225  train_loss=0.0098 train_acc=0.9969  val_loss=0.0826 val_acc=0.9823  (1.5s)
[mlp/mnist] ep 175/200  lr=0.0002167  train_loss=0.0108 train_acc=0.9969  val_loss=0.0887 val_acc=0.9837  (1.5s)
[mlp/mnist] ep 176/200  lr=0.0002083  train_loss=0.0100 train_acc=0.9969  val_loss=0.0911 val_acc=0.9853  (1.5s)
[mlp/mnist] ep 177/200  lr=0.0002  train_loss=0.0092 train_acc=0.9976  val_loss=0.0847 val_acc=0.9843  (1.5s)
[mlp/mnist] ep 178/200  lr=0.0001917  train_loss=0.0087 train_acc=0.9969  val_loss=0.0796 val_acc=0.9847  (1.5s)
[mlp/mnist] ep 179/200  lr=0.0001833  train_loss=0.0091 train_acc=0.9975  val_loss=0.0827 val_acc=0.9843  (1.5s)
[mlp/mnist] ep 180/200  lr=0.000175  train_loss=0.0092 train_acc=0.9970  val_loss=0.0807 val_acc=0.9860  (1.5s)
[mlp/mnist] ep 181/200  lr=0.0001667  train_loss=0.0073 train_acc=0.9978  val_loss=0.0810 val_acc=0.9857  (1.5s)
[mlp/mnist] ep 182/200  lr=0.0001583  train_loss=0.0081 train_acc=0.9972  val_loss=0.0832 val_acc=0.9853  (1.6s)
[mlp/mnist] ep 183/200  lr=0.00015  train_loss=0.0067 train_acc=0.9980  val_loss=0.0839 val_acc=0.9863  (1.5s)
[mlp/mnist] ep 184/200  lr=0.0001417  train_loss=0.0074 train_acc=0.9977  val_loss=0.0827 val_acc=0.9860  (1.5s)
[mlp/mnist] ep 185/200  lr=0.0001333  train_loss=0.0081 train_acc=0.9976  val_loss=0.0892 val_acc=0.9857  (1.4s)
[mlp/mnist] ep 186/200  lr=0.000125  train_loss=0.0083 train_acc=0.9976  val_loss=0.0896 val_acc=0.9857  (1.5s)
[mlp/mnist] ep 187/200  lr=0.0001167  train_loss=0.0087 train_acc=0.9975  val_loss=0.0903 val_acc=0.9850  (1.5s)
[mlp/mnist] ep 188/200  lr=0.0001083  train_loss=0.0078 train_acc=0.9976  val_loss=0.0892 val_acc=0.9850  (1.5s)
[mlp/mnist] ep 189/200  lr=0.0001  train_loss=0.0083 train_acc=0.9981  val_loss=0.0905 val_acc=0.9840  (1.4s)
[mlp/mnist] ep 190/200  lr=9.167e-05  train_loss=0.0080 train_acc=0.9981  val_loss=0.0908 val_acc=0.9840  (1.4s)
[mlp/mnist] ep 191/200  lr=8.333e-05  train_loss=0.0082 train_acc=0.9976  val_loss=0.0892 val_acc=0.9850  (1.5s)
[mlp/mnist] ep 192/200  lr=7.5e-05  train_loss=0.0065 train_acc=0.9983  val_loss=0.0897 val_acc=0.9857  (1.5s)
[mlp/mnist] ep 193/200  lr=6.667e-05  train_loss=0.0070 train_acc=0.9984  val_loss=0.0892 val_acc=0.9840  (1.5s)
[mlp/mnist] ep 194/200  lr=5.833e-05  train_loss=0.0062 train_acc=0.9979  val_loss=0.0873 val_acc=0.9847  (1.4s)
[mlp/mnist] ep 195/200  lr=5e-05  train_loss=0.0063 train_acc=0.9983  val_loss=0.0857 val_acc=0.9853  (1.5s)
[mlp/mnist] ep 196/200  lr=4.167e-05  train_loss=0.0055 train_acc=0.9986  val_loss=0.0863 val_acc=0.9850  (1.6s)
[mlp/mnist] ep 197/200  lr=3.333e-05  train_loss=0.0071 train_acc=0.9981  val_loss=0.0844 val_acc=0.9857  (1.5s)
[mlp/mnist] ep 198/200  lr=2.5e-05  train_loss=0.0057 train_acc=0.9983  val_loss=0.0846 val_acc=0.9857  (1.5s)
[mlp/mnist] ep 199/200  lr=1.667e-05  train_loss=0.0056 train_acc=0.9981  val_loss=0.0851 val_acc=0.9857  (1.5s)
[mlp/mnist] ep 200/200  lr=8.333e-06  train_loss=0.0065 train_acc=0.9985  val_loss=0.0853 val_acc=0.9857  (1.4s)

=== DONE [mlp/mnist] ===
  best val acc:  0.9863 at epoch 183
  test acc:      0.9843 (loss 0.0892)
  train acc:     1.0000
  total time:    5.1 min
  ckpt:          /home/misla2/thesis/python/mnist_corruptions/journal_edition/checkpoints/mlp_mnist_best.pt
[14:27:39] === DONE  train_mlp_mnist (GPU 2) ===
