# 2026-07-20T03:25:12.786466 | cmd = python /path/to/ciln-workspace/experiments/downstream_multimodal/train_agnews/train_agnews_erm.py --setting butter_fingers_sev5 --variant C --image-source noisy --seed 2 --gpu 2
[AGN ERM] butter_fingers_sev5__C__erm__noisy__seed2  gpu=2
  N=35066  sampled_nr=43.80%
  ep   0  train_loss=1.2433  test_acc=47.87%  best=47.87%@0
  ep   5  train_loss=0.8668  test_acc=70.20%  best=74.29%@4
  ep  10  train_loss=0.6194  test_acc=63.45%  best=74.29%@4
  ep  15  train_loss=0.4453  test_acc=70.25%  best=74.29%@4
  ep  20  train_loss=0.3285  test_acc=63.38%  best=74.29%@4
  ep  25  train_loss=0.2575  test_acc=65.80%  best=74.29%@4
  ep  30  train_loss=0.2150  test_acc=66.47%  best=74.29%@4
  ep  35  train_loss=0.1808  test_acc=67.71%  best=74.29%@4
  ep  40  train_loss=0.1585  test_acc=65.57%  best=74.29%@4
  ep  45  train_loss=0.1363  test_acc=66.33%  best=74.29%@4
  ep  50  train_loss=0.1166  test_acc=69.36%  best=74.29%@4
  ep  55  train_loss=0.1048  test_acc=70.11%  best=74.29%@4
  ep  60  train_loss=0.0950  test_acc=68.41%  best=74.29%@4
  ep  65  train_loss=0.0844  test_acc=69.14%  best=74.29%@4
  ep  70  train_loss=0.0759  test_acc=68.28%  best=74.29%@4
  ep  75  train_loss=0.0673  test_acc=68.25%  best=74.29%@4
  ep  80  train_loss=0.0627  test_acc=67.84%  best=74.29%@4
  ep  85  train_loss=0.0584  test_acc=68.01%  best=74.29%@4
  ep  90  train_loss=0.0542  test_acc=69.09%  best=74.29%@4
  ep  95  train_loss=0.0539  test_acc=69.24%  best=74.29%@4
  ep  99  train_loss=0.0536  test_acc=69.28%  best=74.29%@4
  DONE  best=74.29%  saved butter_fingers_sev5__C__erm__noisy__seed2.json + persample.npz

# exit=0
