# 2026-07-19T14:13:38.080866 | cmd = python /path/to/ciln-workspace/experiments/downstream_multimodal/train_agnews/train_agnews_erm.py --setting butter_fingers_sev1 --variant S --image-source clean --seed 1 --gpu 2
[AGN ERM] butter_fingers_sev1__S__erm__clean__seed1  gpu=2
  N=50000  sampled_nr=13.05%
  ep   0  train_loss=0.7383  test_acc=85.87%  best=85.87%@0
  ep   5  train_loss=0.2368  test_acc=86.63%  best=87.80%@2
  ep  10  train_loss=0.1160  test_acc=85.84%  best=87.80%@2
  ep  15  train_loss=0.0823  test_acc=84.68%  best=87.80%@2
  ep  20  train_loss=0.0645  test_acc=84.97%  best=87.80%@2
  ep  25  train_loss=0.0515  test_acc=84.83%  best=87.80%@2
  ep  30  train_loss=0.0456  test_acc=85.04%  best=87.80%@2
  ep  35  train_loss=0.0360  test_acc=84.80%  best=87.80%@2
  ep  40  train_loss=0.0309  test_acc=85.04%  best=87.80%@2
  ep  45  train_loss=0.0243  test_acc=85.08%  best=87.80%@2
  ep  50  train_loss=0.0191  test_acc=85.13%  best=87.80%@2
  ep  55  train_loss=0.0147  test_acc=85.09%  best=87.80%@2
  ep  60  train_loss=0.0118  test_acc=84.95%  best=87.80%@2
  ep  65  train_loss=0.0089  test_acc=85.14%  best=87.80%@2
  ep  70  train_loss=0.0087  test_acc=85.14%  best=87.80%@2
  ep  75  train_loss=0.0058  test_acc=85.46%  best=87.80%@2
  ep  80  train_loss=0.0045  test_acc=85.50%  best=87.80%@2
  ep  85  train_loss=0.0042  test_acc=85.59%  best=87.80%@2
  ep  90  train_loss=0.0039  test_acc=85.64%  best=87.80%@2
  ep  95  train_loss=0.0035  test_acc=85.64%  best=87.80%@2
  ep  99  train_loss=0.0036  test_acc=85.64%  best=87.80%@2
  DONE  best=87.80%  saved butter_fingers_sev1__S__erm__clean__seed1.json + persample.npz

# exit=0
