# 2026-07-19T17:14:37.021604 | cmd = python /path/to/ciln-workspace/experiments/downstream_multimodal/train_agnews/train_agnews_erm.py --setting butter_fingers_sev1 --variant C --image-source clean --seed 2 --gpu 1
[AGN ERM] butter_fingers_sev1__C__erm__clean__seed2  gpu=1
  N=35066  sampled_nr=3.16%
  ep   0  train_loss=0.5506  test_acc=84.89%  best=84.89%@0
  ep   5  train_loss=0.0772  test_acc=86.26%  best=86.59%@2
  ep  10  train_loss=0.0368  test_acc=84.66%  best=86.59%@2
  ep  15  train_loss=0.0278  test_acc=85.59%  best=86.59%@2
  ep  20  train_loss=0.0240  test_acc=85.11%  best=86.59%@2
  ep  25  train_loss=0.0196  test_acc=85.39%  best=86.59%@2
  ep  30  train_loss=0.0146  test_acc=85.25%  best=86.59%@2
  ep  35  train_loss=0.0116  test_acc=85.30%  best=86.59%@2
  ep  40  train_loss=0.0110  test_acc=85.21%  best=86.59%@2
  ep  45  train_loss=0.0076  test_acc=85.08%  best=86.59%@2
  ep  50  train_loss=0.0067  test_acc=85.14%  best=86.59%@2
  ep  55  train_loss=0.0051  test_acc=85.11%  best=86.59%@2
  ep  60  train_loss=0.0034  test_acc=85.16%  best=86.59%@2
  ep  65  train_loss=0.0028  test_acc=85.07%  best=86.59%@2
  ep  70  train_loss=0.0025  test_acc=85.29%  best=86.59%@2
  ep  75  train_loss=0.0018  test_acc=85.53%  best=86.59%@2
  ep  80  train_loss=0.0016  test_acc=85.39%  best=86.59%@2
  ep  85  train_loss=0.0012  test_acc=85.26%  best=86.59%@2
  ep  90  train_loss=0.0013  test_acc=85.39%  best=86.59%@2
  ep  95  train_loss=0.0010  test_acc=85.37%  best=86.59%@2
  ep  99  train_loss=0.0013  test_acc=85.39%  best=86.59%@2
  DONE  best=86.59%  saved butter_fingers_sev1__C__erm__clean__seed2.json + persample.npz

# exit=0
