# 2026-07-19T19:06:20.306521 | cmd = python /path/to/ciln-workspace/experiments/downstream_multimodal/train_agnews/train_agnews_erm.py --setting butter_fingers_sev3 --variant S --image-source clean --seed 0 --gpu 1
[AGN ERM] butter_fingers_sev3__S__erm__clean__seed0  gpu=1
  N=50000  sampled_nr=21.94%
  ep   0  train_loss=0.8826  test_acc=84.11%  best=84.11%@0
  ep   5  train_loss=0.4199  test_acc=82.82%  best=85.75%@2
  ep  10  train_loss=0.1952  test_acc=80.72%  best=85.75%@2
  ep  15  train_loss=0.1316  test_acc=79.71%  best=85.75%@2
  ep  20  train_loss=0.0987  test_acc=79.53%  best=85.75%@2
  ep  25  train_loss=0.0809  test_acc=78.95%  best=85.75%@2
  ep  30  train_loss=0.0663  test_acc=79.68%  best=85.75%@2
  ep  35  train_loss=0.0597  test_acc=79.53%  best=85.75%@2
  ep  40  train_loss=0.0469  test_acc=79.91%  best=85.75%@2
  ep  45  train_loss=0.0376  test_acc=79.67%  best=85.75%@2
  ep  50  train_loss=0.0308  test_acc=79.97%  best=85.75%@2
  ep  55  train_loss=0.0244  test_acc=79.49%  best=85.75%@2
  ep  60  train_loss=0.0211  test_acc=80.00%  best=85.75%@2
  ep  65  train_loss=0.0160  test_acc=80.05%  best=85.75%@2
  ep  70  train_loss=0.0124  test_acc=80.36%  best=85.75%@2
  ep  75  train_loss=0.0104  test_acc=80.21%  best=85.75%@2
  ep  80  train_loss=0.0085  test_acc=80.25%  best=85.75%@2
  ep  85  train_loss=0.0074  test_acc=80.38%  best=85.75%@2
  ep  90  train_loss=0.0069  test_acc=80.42%  best=85.75%@2
  ep  95  train_loss=0.0066  test_acc=80.47%  best=85.75%@2
  ep  99  train_loss=0.0064  test_acc=80.42%  best=85.75%@2
  DONE  best=85.75%  saved butter_fingers_sev3__S__erm__clean__seed0.json + persample.npz

# exit=0
