# 2026-07-20T18:39:52.298083 | cmd = python /path/to/ciln-workspace/experiments/downstream_multimodal/train_agnews/train_agnews_erm.py --setting front_truncation_sev5 --variant C --image-source noisy --seed 1 --gpu 1
[AGN ERM] front_truncation_sev5__C__erm__noisy__seed1  gpu=1
  N=35066  sampled_nr=17.73%
  ep   0  train_loss=0.9854  test_acc=81.70%  best=81.70%@0
  ep   5  train_loss=0.2785  test_acc=83.84%  best=85.08%@2
  ep  10  train_loss=0.1536  test_acc=83.67%  best=85.21%@6
  ep  15  train_loss=0.1150  test_acc=84.22%  best=85.21%@6
  ep  20  train_loss=0.0925  test_acc=84.63%  best=85.21%@6
  ep  25  train_loss=0.0809  test_acc=83.54%  best=85.21%@6
  ep  30  train_loss=0.0654  test_acc=84.66%  best=85.21%@6
  ep  35  train_loss=0.0588  test_acc=84.76%  best=85.22%@31
  ep  40  train_loss=0.0503  test_acc=84.75%  best=85.22%@31
  ep  45  train_loss=0.0410  test_acc=84.36%  best=85.22%@31
  ep  50  train_loss=0.0354  test_acc=84.26%  best=85.22%@31
  ep  55  train_loss=0.0309  test_acc=84.22%  best=85.22%@31
  ep  60  train_loss=0.0253  test_acc=84.87%  best=85.22%@31
  ep  65  train_loss=0.0208  test_acc=84.47%  best=85.22%@31
  ep  70  train_loss=0.0184  test_acc=84.46%  best=85.22%@31
  ep  75  train_loss=0.0160  test_acc=84.32%  best=85.22%@31
  ep  80  train_loss=0.0148  test_acc=84.59%  best=85.22%@31
  ep  85  train_loss=0.0132  test_acc=84.64%  best=85.22%@31
  ep  90  train_loss=0.0118  test_acc=84.54%  best=85.22%@31
  ep  95  train_loss=0.0107  test_acc=84.70%  best=85.22%@31
  ep  99  train_loss=0.0115  test_acc=84.75%  best=85.22%@31
  DONE  best=85.22%  saved front_truncation_sev5__C__erm__noisy__seed1.json + persample.npz

# exit=0
