# 2026-07-19T14:45:34.988714 | cmd = python /path/to/ciln-workspace/experiments/downstream_multimodal/train_agnews/train_agnews_erm.py --setting butter_fingers_sev1 --variant S --image-source noisy --seed 1 --gpu 1
[AGN ERM] butter_fingers_sev1__S__erm__noisy__seed1  gpu=1
  N=50000  sampled_nr=13.05%
  ep   0  train_loss=0.8145  test_acc=85.70%  best=85.70%@0
  ep   5  train_loss=0.2543  test_acc=87.51%  best=88.08%@3
  ep  10  train_loss=0.1191  test_acc=86.74%  best=88.08%@3
  ep  15  train_loss=0.0810  test_acc=87.12%  best=88.08%@3
  ep  20  train_loss=0.0624  test_acc=86.96%  best=88.08%@3
  ep  25  train_loss=0.0513  test_acc=86.82%  best=88.08%@3
  ep  30  train_loss=0.0423  test_acc=86.97%  best=88.08%@3
  ep  35  train_loss=0.0313  test_acc=86.71%  best=88.08%@3
  ep  40  train_loss=0.0301  test_acc=86.91%  best=88.08%@3
  ep  45  train_loss=0.0221  test_acc=87.26%  best=88.08%@3
  ep  50  train_loss=0.0191  test_acc=87.22%  best=88.08%@3
  ep  55  train_loss=0.0165  test_acc=87.00%  best=88.08%@3
  ep  60  train_loss=0.0130  test_acc=87.21%  best=88.08%@3
  ep  65  train_loss=0.0095  test_acc=87.00%  best=88.08%@3
  ep  70  train_loss=0.0081  test_acc=87.28%  best=88.08%@3
  ep  75  train_loss=0.0065  test_acc=87.05%  best=88.08%@3
  ep  80  train_loss=0.0048  test_acc=87.61%  best=88.08%@3
  ep  85  train_loss=0.0041  test_acc=87.37%  best=88.08%@3
  ep  90  train_loss=0.0044  test_acc=87.49%  best=88.08%@3
  ep  95  train_loss=0.0036  test_acc=87.53%  best=88.08%@3
  ep  99  train_loss=0.0042  test_acc=87.53%  best=88.08%@3
  DONE  best=88.08%  saved butter_fingers_sev1__S__erm__noisy__seed1.json + persample.npz

# exit=0
