# 2026-07-19T19:06:31.072960 | cmd = python /path/to/ciln-workspace/experiments/downstream_multimodal/train_agnews/train_agnews_erm.py --setting butter_fingers_sev3 --variant S --image-source clean --seed 1 --gpu 2
[AGN ERM] butter_fingers_sev3__S__erm__clean__seed1  gpu=2
  N=50000  sampled_nr=21.86%
  ep   0  train_loss=0.8924  test_acc=82.62%  best=82.62%@0
  ep   5  train_loss=0.4211  test_acc=84.29%  best=84.36%@2
  ep  10  train_loss=0.2009  test_acc=80.03%  best=84.36%@2
  ep  15  train_loss=0.1267  test_acc=80.55%  best=84.36%@2
  ep  20  train_loss=0.1048  test_acc=79.61%  best=84.36%@2
  ep  25  train_loss=0.0800  test_acc=79.46%  best=84.36%@2
  ep  30  train_loss=0.0685  test_acc=79.08%  best=84.36%@2
  ep  35  train_loss=0.0547  test_acc=78.71%  best=84.36%@2
  ep  40  train_loss=0.0457  test_acc=78.91%  best=84.36%@2
  ep  45  train_loss=0.0364  test_acc=79.12%  best=84.36%@2
  ep  50  train_loss=0.0314  test_acc=79.32%  best=84.36%@2
  ep  55  train_loss=0.0240  test_acc=79.32%  best=84.36%@2
  ep  60  train_loss=0.0187  test_acc=79.93%  best=84.36%@2
  ep  65  train_loss=0.0151  test_acc=79.30%  best=84.36%@2
  ep  70  train_loss=0.0131  test_acc=79.87%  best=84.36%@2
  ep  75  train_loss=0.0110  test_acc=79.67%  best=84.36%@2
  ep  80  train_loss=0.0082  test_acc=80.14%  best=84.36%@2
  ep  85  train_loss=0.0073  test_acc=79.92%  best=84.36%@2
  ep  90  train_loss=0.0062  test_acc=80.05%  best=84.36%@2
  ep  95  train_loss=0.0057  test_acc=80.03%  best=84.36%@2
  ep  99  train_loss=0.0056  test_acc=79.99%  best=84.36%@2
  DONE  best=84.36%  saved butter_fingers_sev3__S__erm__clean__seed1.json + persample.npz

# exit=0
