# 2026-07-20T13:11:12.810133 | cmd = python /path/to/ciln-workspace/experiments/downstream_multimodal/train_agnews/train_agnews_erm.py --setting front_truncation_sev3 --variant C --image-source clean --seed 1 --gpu 2
[AGN ERM] front_truncation_sev3__C__erm__clean__seed1  gpu=2
  N=35066  sampled_nr=7.42%
  ep   0  train_loss=0.6703  test_acc=83.01%  best=83.01%@0
  ep   5  train_loss=0.1574  test_acc=84.64%  best=85.75%@2
  ep  10  train_loss=0.0668  test_acc=83.50%  best=85.75%@2
  ep  15  train_loss=0.0476  test_acc=82.99%  best=85.75%@2
  ep  20  train_loss=0.0399  test_acc=83.21%  best=85.75%@2
  ep  25  train_loss=0.0321  test_acc=82.74%  best=85.75%@2
  ep  30  train_loss=0.0246  test_acc=82.76%  best=85.75%@2
  ep  35  train_loss=0.0199  test_acc=82.83%  best=85.75%@2
  ep  40  train_loss=0.0164  test_acc=82.82%  best=85.75%@2
  ep  45  train_loss=0.0129  test_acc=82.75%  best=85.75%@2
  ep  50  train_loss=0.0111  test_acc=82.51%  best=85.75%@2
  ep  55  train_loss=0.0082  test_acc=82.50%  best=85.75%@2
  ep  60  train_loss=0.0063  test_acc=82.93%  best=85.75%@2
  ep  65  train_loss=0.0055  test_acc=82.95%  best=85.75%@2
  ep  70  train_loss=0.0039  test_acc=82.63%  best=85.75%@2
  ep  75  train_loss=0.0034  test_acc=83.18%  best=85.75%@2
  ep  80  train_loss=0.0028  test_acc=83.38%  best=85.75%@2
  ep  85  train_loss=0.0025  test_acc=83.38%  best=85.75%@2
  ep  90  train_loss=0.0025  test_acc=83.30%  best=85.75%@2
  ep  95  train_loss=0.0020  test_acc=83.11%  best=85.75%@2
  ep  99  train_loss=0.0021  test_acc=83.12%  best=85.75%@2
  DONE  best=85.75%  saved front_truncation_sev3__C__erm__clean__seed1.json + persample.npz

# exit=0
