# 2026-07-20T13:11:04.991604 | cmd = python /path/to/ciln-workspace/experiments/downstream_multimodal/train_agnews/train_agnews_erm.py --setting front_truncation_sev3 --variant C --image-source clean --seed 0 --gpu 1
[AGN ERM] front_truncation_sev3__C__erm__clean__seed0  gpu=1
  N=35066  sampled_nr=7.62%
  ep   0  train_loss=0.6637  test_acc=82.80%  best=82.80%@0
  ep   5  train_loss=0.1604  test_acc=84.53%  best=85.21%@4
  ep  10  train_loss=0.0696  test_acc=83.76%  best=85.21%@4
  ep  15  train_loss=0.0472  test_acc=83.41%  best=85.21%@4
  ep  20  train_loss=0.0343  test_acc=82.80%  best=85.21%@4
  ep  25  train_loss=0.0266  test_acc=83.17%  best=85.21%@4
  ep  30  train_loss=0.0263  test_acc=82.30%  best=85.21%@4
  ep  35  train_loss=0.0224  test_acc=82.09%  best=85.21%@4
  ep  40  train_loss=0.0175  test_acc=82.34%  best=85.21%@4
  ep  45  train_loss=0.0141  test_acc=82.93%  best=85.21%@4
  ep  50  train_loss=0.0116  test_acc=82.59%  best=85.21%@4
  ep  55  train_loss=0.0085  test_acc=82.49%  best=85.21%@4
  ep  60  train_loss=0.0072  test_acc=82.82%  best=85.21%@4
  ep  65  train_loss=0.0052  test_acc=83.18%  best=85.21%@4
  ep  70  train_loss=0.0041  test_acc=82.89%  best=85.21%@4
  ep  75  train_loss=0.0033  test_acc=82.88%  best=85.21%@4
  ep  80  train_loss=0.0028  test_acc=82.92%  best=85.21%@4
  ep  85  train_loss=0.0023  test_acc=82.95%  best=85.21%@4
  ep  90  train_loss=0.0019  test_acc=83.03%  best=85.21%@4
  ep  95  train_loss=0.0024  test_acc=83.04%  best=85.21%@4
  ep  99  train_loss=0.0019  test_acc=83.04%  best=85.21%@4
  DONE  best=85.21%  saved front_truncation_sev3__C__erm__clean__seed0.json + persample.npz

# exit=0
