# 2026-07-20T05:24:36.349349 | cmd = python /path/to/ciln-workspace/experiments/downstream_multimodal/train_agnews/train_agnews_erm.py --setting front_truncation_sev1 --variant S --image-source noisy --seed 0 --gpu 2
[AGN ERM] front_truncation_sev1__S__erm__noisy__seed0  gpu=2
  N=50000  sampled_nr=13.13%
  ep   0  train_loss=0.7345  test_acc=85.97%  best=85.97%@0
  ep   5  train_loss=0.2226  test_acc=87.37%  best=87.72%@2
  ep  10  train_loss=0.1217  test_acc=87.05%  best=87.72%@2
  ep  15  train_loss=0.0899  test_acc=86.75%  best=87.72%@2
  ep  20  train_loss=0.0731  test_acc=86.42%  best=87.72%@2
  ep  25  train_loss=0.0572  test_acc=86.51%  best=87.72%@2
  ep  30  train_loss=0.0468  test_acc=86.46%  best=87.72%@2
  ep  35  train_loss=0.0416  test_acc=86.74%  best=87.72%@2
  ep  40  train_loss=0.0346  test_acc=86.71%  best=87.72%@2
  ep  45  train_loss=0.0286  test_acc=86.24%  best=87.72%@2
  ep  50  train_loss=0.0234  test_acc=86.47%  best=87.72%@2
  ep  55  train_loss=0.0199  test_acc=86.61%  best=87.72%@2
  ep  60  train_loss=0.0168  test_acc=86.54%  best=87.72%@2
  ep  65  train_loss=0.0127  test_acc=86.61%  best=87.72%@2
  ep  70  train_loss=0.0112  test_acc=87.05%  best=87.72%@2
  ep  75  train_loss=0.0091  test_acc=86.96%  best=87.72%@2
  ep  80  train_loss=0.0071  test_acc=87.13%  best=87.72%@2
  ep  85  train_loss=0.0067  test_acc=87.12%  best=87.72%@2
  ep  90  train_loss=0.0067  test_acc=87.12%  best=87.72%@2
  ep  95  train_loss=0.0057  test_acc=87.00%  best=87.72%@2
  ep  99  train_loss=0.0052  test_acc=87.04%  best=87.72%@2
  DONE  best=87.72%  saved front_truncation_sev1__S__erm__noisy__seed0.json + persample.npz

# exit=0
