# 2026-07-19T17:01:21.529428 | cmd = python /path/to/ciln-workspace/experiments/downstream_multimodal/train_agnews/train_agnews_erm.py --setting butter_fingers_sev1 --variant C --image-source clean --seed 0 --gpu 1
[AGN ERM] butter_fingers_sev1__C__erm__clean__seed0  gpu=1
  N=35066  sampled_nr=3.37%
  ep   0  train_loss=0.5558  test_acc=84.18%  best=84.18%@0
  ep   5  train_loss=0.0824  test_acc=86.34%  best=86.49%@2
  ep  10  train_loss=0.0431  test_acc=85.89%  best=86.49%@2
  ep  15  train_loss=0.0330  test_acc=85.43%  best=86.49%@2
  ep  20  train_loss=0.0216  test_acc=85.71%  best=86.49%@2
  ep  25  train_loss=0.0202  test_acc=85.09%  best=86.49%@2
  ep  30  train_loss=0.0133  test_acc=84.66%  best=86.49%@2
  ep  35  train_loss=0.0108  test_acc=85.13%  best=86.49%@2
  ep  40  train_loss=0.0105  test_acc=84.95%  best=86.49%@2
  ep  45  train_loss=0.0097  test_acc=85.26%  best=86.49%@2
  ep  50  train_loss=0.0074  test_acc=85.13%  best=86.49%@2
  ep  55  train_loss=0.0058  test_acc=84.99%  best=86.49%@2
  ep  60  train_loss=0.0033  test_acc=85.32%  best=86.49%@2
  ep  65  train_loss=0.0026  test_acc=85.36%  best=86.49%@2
  ep  70  train_loss=0.0026  test_acc=85.28%  best=86.49%@2
  ep  75  train_loss=0.0020  test_acc=85.21%  best=86.49%@2
  ep  80  train_loss=0.0015  test_acc=85.24%  best=86.49%@2
  ep  85  train_loss=0.0016  test_acc=85.61%  best=86.49%@2
  ep  90  train_loss=0.0011  test_acc=85.64%  best=86.49%@2
  ep  95  train_loss=0.0013  test_acc=85.55%  best=86.49%@2
  ep  99  train_loss=0.0013  test_acc=85.57%  best=86.49%@2
  DONE  best=86.49%  saved butter_fingers_sev1__C__erm__clean__seed0.json + persample.npz

# exit=0
