# 2026-07-19T14:13:36.066720 | cmd = python /path/to/ciln-workspace/experiments/downstream_multimodal/train_agnews/train_agnews_erm.py --setting butter_fingers_sev1 --variant S --image-source clean --seed 0 --gpu 1
[AGN ERM] butter_fingers_sev1__S__erm__clean__seed0  gpu=1
  N=50000  sampled_nr=13.13%
  ep   0  train_loss=0.7262  test_acc=86.17%  best=86.17%@0
  ep   5  train_loss=0.2361  test_acc=86.82%  best=88.09%@2
  ep  10  train_loss=0.1128  test_acc=86.29%  best=88.09%@2
  ep  15  train_loss=0.0787  test_acc=85.36%  best=88.09%@2
  ep  20  train_loss=0.0637  test_acc=84.29%  best=88.09%@2
  ep  25  train_loss=0.0530  test_acc=84.96%  best=88.09%@2
  ep  30  train_loss=0.0437  test_acc=85.29%  best=88.09%@2
  ep  35  train_loss=0.0339  test_acc=84.86%  best=88.09%@2
  ep  40  train_loss=0.0270  test_acc=84.99%  best=88.09%@2
  ep  45  train_loss=0.0240  test_acc=84.82%  best=88.09%@2
  ep  50  train_loss=0.0209  test_acc=84.84%  best=88.09%@2
  ep  55  train_loss=0.0145  test_acc=85.18%  best=88.09%@2
  ep  60  train_loss=0.0122  test_acc=84.93%  best=88.09%@2
  ep  65  train_loss=0.0102  test_acc=85.30%  best=88.09%@2
  ep  70  train_loss=0.0076  test_acc=85.30%  best=88.09%@2
  ep  75  train_loss=0.0067  test_acc=85.29%  best=88.09%@2
  ep  80  train_loss=0.0049  test_acc=85.41%  best=88.09%@2
  ep  85  train_loss=0.0049  test_acc=85.64%  best=88.09%@2
  ep  90  train_loss=0.0040  test_acc=85.61%  best=88.09%@2
  ep  95  train_loss=0.0036  test_acc=85.62%  best=88.09%@2
  ep  99  train_loss=0.0037  test_acc=85.62%  best=88.09%@2
  DONE  best=88.09%  saved butter_fingers_sev1__S__erm__clean__seed0.json + persample.npz

# exit=0
