# 2026-07-20T05:40:13.147085 | cmd = python /path/to/ciln-workspace/experiments/downstream_multimodal/train_agnews/train_agnews_erm.py --setting front_truncation_sev1 --variant S --image-source noisy --seed 2 --gpu 2
[AGN ERM] front_truncation_sev1__S__erm__noisy__seed2  gpu=2
  N=50000  sampled_nr=13.08%
  ep   0  train_loss=0.7394  test_acc=85.57%  best=85.57%@0
  ep   5  train_loss=0.2249  test_acc=87.17%  best=87.80%@2
  ep  10  train_loss=0.1224  test_acc=86.42%  best=87.80%@2
  ep  15  train_loss=0.0875  test_acc=86.58%  best=87.80%@2
  ep  20  train_loss=0.0684  test_acc=85.84%  best=87.80%@2
  ep  25  train_loss=0.0571  test_acc=86.00%  best=87.80%@2
  ep  30  train_loss=0.0499  test_acc=85.71%  best=87.80%@2
  ep  35  train_loss=0.0416  test_acc=85.42%  best=87.80%@2
  ep  40  train_loss=0.0325  test_acc=85.68%  best=87.80%@2
  ep  45  train_loss=0.0291  test_acc=85.92%  best=87.80%@2
  ep  50  train_loss=0.0254  test_acc=85.75%  best=87.80%@2
  ep  55  train_loss=0.0194  test_acc=85.55%  best=87.80%@2
  ep  60  train_loss=0.0175  test_acc=85.49%  best=87.80%@2
  ep  65  train_loss=0.0114  test_acc=85.79%  best=87.80%@2
  ep  70  train_loss=0.0096  test_acc=86.00%  best=87.80%@2
  ep  75  train_loss=0.0088  test_acc=85.84%  best=87.80%@2
  ep  80  train_loss=0.0069  test_acc=86.05%  best=87.80%@2
  ep  85  train_loss=0.0058  test_acc=86.11%  best=87.80%@2
  ep  90  train_loss=0.0066  test_acc=86.09%  best=87.80%@2
  ep  95  train_loss=0.0053  test_acc=86.18%  best=87.80%@2
  ep  99  train_loss=0.0052  test_acc=86.21%  best=87.80%@2
  DONE  best=87.80%  saved front_truncation_sev1__S__erm__noisy__seed2.json + persample.npz

# exit=0
