# 2026-07-19T17:27:04.757038 | cmd = python /path/to/ciln-workspace/experiments/downstream_multimodal/train_agnews/train_agnews_erm.py --setting butter_fingers_sev1 --variant C --image-source noisy --seed 2 --gpu 2
[AGN ERM] butter_fingers_sev1__C__erm__noisy__seed2  gpu=2
  N=35066  sampled_nr=3.16%
  ep   0  train_loss=0.6607  test_acc=84.76%  best=84.76%@0
  ep   5  train_loss=0.0867  test_acc=86.75%  best=87.12%@4
  ep  10  train_loss=0.0482  test_acc=86.34%  best=87.33%@7
  ep  15  train_loss=0.0336  test_acc=86.41%  best=87.33%@7
  ep  20  train_loss=0.0268  test_acc=86.36%  best=87.33%@7
  ep  25  train_loss=0.0252  test_acc=86.12%  best=87.33%@7
  ep  30  train_loss=0.0173  test_acc=86.21%  best=87.33%@7
  ep  35  train_loss=0.0152  test_acc=86.39%  best=87.33%@7
  ep  40  train_loss=0.0114  test_acc=86.09%  best=87.33%@7
  ep  45  train_loss=0.0095  test_acc=86.32%  best=87.33%@7
  ep  50  train_loss=0.0067  test_acc=86.54%  best=87.33%@7
  ep  55  train_loss=0.0053  test_acc=86.47%  best=87.33%@7
  ep  60  train_loss=0.0048  test_acc=86.24%  best=87.33%@7
  ep  65  train_loss=0.0032  test_acc=86.39%  best=87.33%@7
  ep  70  train_loss=0.0033  test_acc=86.32%  best=87.33%@7
  ep  75  train_loss=0.0023  test_acc=86.12%  best=87.33%@7
  ep  80  train_loss=0.0019  test_acc=86.24%  best=87.33%@7
  ep  85  train_loss=0.0021  test_acc=86.22%  best=87.33%@7
  ep  90  train_loss=0.0019  test_acc=86.25%  best=87.33%@7
  ep  95  train_loss=0.0014  test_acc=86.33%  best=87.33%@7
  ep  99  train_loss=0.0015  test_acc=86.28%  best=87.33%@7
  DONE  best=87.33%  saved butter_fingers_sev1__C__erm__noisy__seed2.json + persample.npz

# exit=0
