# 2026-07-20T18:16:26.231773 | cmd = python /path/to/ciln-workspace/experiments/downstream_multimodal/train_agnews/train_agnews_erm.py --setting front_truncation_sev5 --variant C --image-source clean --seed 1 --gpu 2
[AGN ERM] front_truncation_sev5__C__erm__clean__seed1  gpu=2
  N=35066  sampled_nr=17.73%
  ep   0  train_loss=0.9155  test_acc=81.01%  best=81.01%@0
  ep   5  train_loss=0.3566  test_acc=80.99%  best=83.71%@2
  ep  10  train_loss=0.1368  test_acc=78.17%  best=83.71%@2
  ep  15  train_loss=0.0906  test_acc=77.97%  best=83.71%@2
  ep  20  train_loss=0.0686  test_acc=77.62%  best=83.71%@2
  ep  25  train_loss=0.0605  test_acc=77.22%  best=83.71%@2
  ep  30  train_loss=0.0469  test_acc=76.51%  best=83.71%@2
  ep  35  train_loss=0.0332  test_acc=77.20%  best=83.71%@2
  ep  40  train_loss=0.0324  test_acc=76.68%  best=83.71%@2
  ep  45  train_loss=0.0273  test_acc=77.43%  best=83.71%@2
  ep  50  train_loss=0.0208  test_acc=77.32%  best=83.71%@2
  ep  55  train_loss=0.0187  test_acc=77.20%  best=83.71%@2
  ep  60  train_loss=0.0137  test_acc=77.74%  best=83.71%@2
  ep  65  train_loss=0.0112  test_acc=77.38%  best=83.71%@2
  ep  70  train_loss=0.0084  test_acc=77.84%  best=83.71%@2
  ep  75  train_loss=0.0071  test_acc=77.79%  best=83.71%@2
  ep  80  train_loss=0.0058  test_acc=78.04%  best=83.71%@2
  ep  85  train_loss=0.0050  test_acc=78.00%  best=83.71%@2
  ep  90  train_loss=0.0044  test_acc=78.22%  best=83.71%@2
  ep  95  train_loss=0.0048  test_acc=78.12%  best=83.71%@2
  ep  99  train_loss=0.0048  test_acc=78.13%  best=83.71%@2
  DONE  best=83.71%  saved front_truncation_sev5__C__erm__clean__seed1.json + persample.npz

# exit=0
