# 2026-07-19T14:45:40.912267 | cmd = python /path/to/ciln-workspace/experiments/downstream_multimodal/train_agnews/train_agnews_erm.py --setting butter_fingers_sev1 --variant S --image-source noisy --seed 2 --gpu 2
[AGN ERM] butter_fingers_sev1__S__erm__noisy__seed2  gpu=2
  N=50000  sampled_nr=13.09%
  ep   0  train_loss=0.8052  test_acc=85.20%  best=85.20%@0
  ep   5  train_loss=0.2485  test_acc=86.86%  best=88.37%@2
  ep  10  train_loss=0.1223  test_acc=86.96%  best=88.37%@2
  ep  15  train_loss=0.0832  test_acc=86.97%  best=88.37%@2
  ep  20  train_loss=0.0617  test_acc=86.74%  best=88.37%@2
  ep  25  train_loss=0.0494  test_acc=87.08%  best=88.37%@2
  ep  30  train_loss=0.0436  test_acc=86.76%  best=88.37%@2
  ep  35  train_loss=0.0361  test_acc=86.91%  best=88.37%@2
  ep  40  train_loss=0.0303  test_acc=86.84%  best=88.37%@2
  ep  45  train_loss=0.0246  test_acc=87.07%  best=88.37%@2
  ep  50  train_loss=0.0178  test_acc=86.87%  best=88.37%@2
  ep  55  train_loss=0.0152  test_acc=86.97%  best=88.37%@2
  ep  60  train_loss=0.0118  test_acc=86.64%  best=88.37%@2
  ep  65  train_loss=0.0102  test_acc=87.21%  best=88.37%@2
  ep  70  train_loss=0.0077  test_acc=86.82%  best=88.37%@2
  ep  75  train_loss=0.0058  test_acc=86.78%  best=88.37%@2
  ep  80  train_loss=0.0051  test_acc=87.00%  best=88.37%@2
  ep  85  train_loss=0.0047  test_acc=86.92%  best=88.37%@2
  ep  90  train_loss=0.0046  test_acc=87.00%  best=88.37%@2
  ep  95  train_loss=0.0039  test_acc=87.03%  best=88.37%@2
  ep  99  train_loss=0.0042  test_acc=87.04%  best=88.37%@2
  DONE  best=88.37%  saved butter_fingers_sev1__S__erm__noisy__seed2.json + persample.npz

# exit=0
