# 2026-07-20T07:49:33.416777 | cmd = python /path/to/ciln-workspace/experiments/downstream_multimodal/train_agnews/train_agnews_erm.py --setting front_truncation_sev1 --variant C --image-source clean --seed 0 --gpu 1
[AGN ERM] front_truncation_sev1__C__erm__clean__seed0  gpu=1
  N=35066  sampled_nr=2.47%
  ep   0  train_loss=0.5258  test_acc=84.22%  best=84.22%@0
  ep   5  train_loss=0.0606  test_acc=86.47%  best=86.75%@4
  ep  10  train_loss=0.0358  test_acc=86.42%  best=86.75%@4
  ep  15  train_loss=0.0227  test_acc=85.87%  best=86.75%@4
  ep  20  train_loss=0.0213  test_acc=85.88%  best=86.75%@4
  ep  25  train_loss=0.0167  test_acc=85.91%  best=86.75%@4
  ep  30  train_loss=0.0144  test_acc=85.54%  best=86.75%@4
  ep  35  train_loss=0.0112  test_acc=85.83%  best=86.75%@4
  ep  40  train_loss=0.0095  test_acc=85.74%  best=86.75%@4
  ep  45  train_loss=0.0061  test_acc=85.07%  best=86.75%@4
  ep  50  train_loss=0.0053  test_acc=85.84%  best=86.75%@4
  ep  55  train_loss=0.0031  test_acc=85.36%  best=86.75%@4
  ep  60  train_loss=0.0035  test_acc=85.21%  best=86.75%@4
  ep  65  train_loss=0.0025  test_acc=85.55%  best=86.75%@4
  ep  70  train_loss=0.0018  test_acc=85.32%  best=86.75%@4
  ep  75  train_loss=0.0017  test_acc=85.66%  best=86.75%@4
  ep  80  train_loss=0.0016  test_acc=85.38%  best=86.75%@4
  ep  85  train_loss=0.0012  test_acc=85.57%  best=86.75%@4
  ep  90  train_loss=0.0011  test_acc=85.54%  best=86.75%@4
  ep  95  train_loss=0.0011  test_acc=85.62%  best=86.75%@4
  ep  99  train_loss=0.0011  test_acc=85.66%  best=86.75%@4
  DONE  best=86.75%  saved front_truncation_sev1__C__erm__clean__seed0.json + persample.npz

# exit=0
