# 2026-07-19T17:01:33.664523 | cmd = python /path/to/ciln-workspace/experiments/downstream_multimodal/train_agnews/train_agnews_erm.py --setting butter_fingers_sev1 --variant C --image-source clean --seed 1 --gpu 2
[AGN ERM] butter_fingers_sev1__C__erm__clean__seed1  gpu=2
  N=35066  sampled_nr=3.13%
  ep   0  train_loss=0.5618  test_acc=84.22%  best=84.22%@0
  ep   5  train_loss=0.0742  test_acc=86.64%  best=86.82%@3
  ep  10  train_loss=0.0391  test_acc=86.00%  best=86.82%@3
  ep  15  train_loss=0.0302  test_acc=85.78%  best=86.82%@3
  ep  20  train_loss=0.0194  test_acc=85.33%  best=86.82%@3
  ep  25  train_loss=0.0175  test_acc=85.74%  best=86.82%@3
  ep  30  train_loss=0.0159  test_acc=85.25%  best=86.82%@3
  ep  35  train_loss=0.0103  test_acc=85.24%  best=86.82%@3
  ep  40  train_loss=0.0120  test_acc=84.86%  best=86.82%@3
  ep  45  train_loss=0.0066  test_acc=85.07%  best=86.82%@3
  ep  50  train_loss=0.0065  test_acc=85.39%  best=86.82%@3
  ep  55  train_loss=0.0046  test_acc=85.51%  best=86.82%@3
  ep  60  train_loss=0.0041  test_acc=85.25%  best=86.82%@3
  ep  65  train_loss=0.0024  test_acc=85.41%  best=86.82%@3
  ep  70  train_loss=0.0022  test_acc=85.54%  best=86.82%@3
  ep  75  train_loss=0.0017  test_acc=85.54%  best=86.82%@3
  ep  80  train_loss=0.0013  test_acc=85.47%  best=86.82%@3
  ep  85  train_loss=0.0015  test_acc=85.63%  best=86.82%@3
  ep  90  train_loss=0.0010  test_acc=85.68%  best=86.82%@3
  ep  95  train_loss=0.0011  test_acc=85.72%  best=86.82%@3
  ep  99  train_loss=0.0010  test_acc=85.71%  best=86.82%@3
  DONE  best=86.82%  saved butter_fingers_sev1__C__erm__clean__seed1.json + persample.npz

# exit=0
