/path/to/ciln-workspace/venv/lib/python3.12/site-packages/torchvision/datasets/cifar.py:83: VisibleDeprecationWarning: dtype(): align should be passed as Python or NumPy boolean but got `align=0`. Did you mean to pass a tuple to create a subarray type? (Deprecated NumPy 2.4)
  entry = pickle.load(f, encoding="latin1")
condition=gu_high seed=0 gpu=1
  ep   0: R(t)=1.000  l1=1.969  l2=1.965  acc1=23.97%  acc2=25.63%  ens=24.80%  (best 24.80 @ ep 0)  [7.2s]
  ep   1: R(t)=0.847  l1=1.515  l2=1.517  acc1=38.08%  acc2=38.65%  ens=38.37%  (best 38.37 @ ep 1)  [6.3s]
  ep   2: R(t)=0.784  l1=1.236  l2=1.238  acc1=39.01%  acc2=40.45%  ens=39.73%  (best 39.73 @ ep 2)  [6.1s]
  ep   3: R(t)=0.735  l1=1.040  l2=1.032  acc1=46.28%  acc2=45.72%  ens=46.00%  (best 46.00 @ ep 3)  [6.0s]
  ep   4: R(t)=0.694  l1=0.862  l2=0.862  acc1=42.29%  acc2=43.92%  ens=43.10%  (best 46.00 @ ep 3)  [6.4s]
  ep   5: R(t)=0.658  l1=0.712  l2=0.715  acc1=52.36%  acc2=44.77%  ens=48.56%  (best 48.56 @ ep 5)  [6.2s]
  ep   6: R(t)=0.625  l1=0.584  l2=0.590  acc1=45.26%  acc2=50.54%  ens=47.90%  (best 48.56 @ ep 5)  [6.0s]
  ep   7: R(t)=0.595  l1=0.516  l2=0.514  acc1=52.34%  acc2=52.17%  ens=52.26%  (best 52.26 @ ep 7)  [5.9s]
  ep   8: R(t)=0.567  l1=0.460  l2=0.461  acc1=48.36%  acc2=51.21%  ens=49.79%  (best 52.26 @ ep 7)  [6.3s]
  ep   9: R(t)=0.541  l1=0.382  l2=0.376  acc1=53.29%  acc2=50.12%  ens=51.70%  (best 52.26 @ ep 7)  [15.0s]
  ep  10: R(t)=0.516  l1=0.340  l2=0.341  acc1=53.16%  acc2=53.71%  ens=53.44%  (best 53.44 @ ep 10)  [6.1s]
  ep  11: R(t)=0.516  l1=0.320  l2=0.329  acc1=49.93%  acc2=56.16%  ens=53.04%  (best 53.44 @ ep 10)  [6.0s]
  ep  12: R(t)=0.516  l1=0.332  l2=0.322  acc1=52.37%  acc2=51.51%  ens=51.94%  (best 53.44 @ ep 10)  [6.3s]
  ep  13: R(t)=0.516  l1=0.313  l2=0.318  acc1=53.41%  acc2=55.20%  ens=54.31%  (best 54.31 @ ep 13)  [5.9s]
  ep  14: R(t)=0.516  l1=0.317  l2=0.325  acc1=56.14%  acc2=51.63%  ens=53.89%  (best 54.31 @ ep 13)  [6.1s]
  ep  15: R(t)=0.516  l1=0.303  l2=0.301  acc1=50.08%  acc2=50.40%  ens=50.24%  (best 54.31 @ ep 13)  [6.0s]
  ep  16: R(t)=0.516  l1=0.286  l2=0.291  acc1=51.75%  acc2=56.01%  ens=53.88%  (best 54.31 @ ep 13)  [6.1s]
  ep  17: R(t)=0.516  l1=0.302  l2=0.298  acc1=54.14%  acc2=53.06%  ens=53.60%  (best 54.31 @ ep 13)  [6.1s]
  ep  18: R(t)=0.516  l1=0.282  l2=0.277  acc1=50.45%  acc2=51.20%  ens=50.82%  (best 54.31 @ ep 13)  [6.5s]
  ep  19: R(t)=0.516  l1=0.291  l2=0.283  acc1=55.07%  acc2=55.96%  ens=55.52%  (best 55.52 @ ep 19)  [6.1s]
  ep  20: R(t)=0.516  l1=0.270  l2=0.275  acc1=53.60%  acc2=55.64%  ens=54.62%  (best 55.52 @ ep 19)  [12.0s]
  ep  21: R(t)=0.516  l1=0.256  l2=0.273  acc1=54.53%  acc2=55.59%  ens=55.06%  (best 55.52 @ ep 19)  [6.2s]
  ep  22: R(t)=0.516  l1=0.278  l2=0.278  acc1=53.97%  acc2=55.37%  ens=54.67%  (best 55.52 @ ep 19)  [6.2s]
  ep  23: R(t)=0.516  l1=0.247  l2=0.246  acc1=54.11%  acc2=55.51%  ens=54.81%  (best 55.52 @ ep 19)  [6.1s]
  ep  24: R(t)=0.516  l1=0.258  l2=0.253  acc1=57.48%  acc2=55.43%  ens=56.45%  (best 56.45 @ ep 24)  [6.2s]
  ep  25: R(t)=0.516  l1=0.259  l2=0.256  acc1=56.12%  acc2=55.47%  ens=55.79%  (best 56.45 @ ep 24)  [6.1s]
  ep  26: R(t)=0.516  l1=0.256  l2=0.249  acc1=56.79%  acc2=51.43%  ens=54.11%  (best 56.45 @ ep 24)  [6.4s]
  ep  27: R(t)=0.516  l1=0.233  l2=0.242  acc1=53.98%  acc2=50.70%  ens=52.34%  (best 56.45 @ ep 24)  [6.2s]
  ep  28: R(t)=0.516  l1=0.254  l2=0.253  acc1=50.98%  acc2=56.70%  ens=53.84%  (best 56.45 @ ep 24)  [6.0s]
  ep  29: R(t)=0.516  l1=0.266  l2=0.250  acc1=57.43%  acc2=57.52%  ens=57.48%  (best 57.48 @ ep 29)  [6.2s]
  ep  30: R(t)=0.516  l1=0.226  l2=0.225  acc1=53.37%  acc2=54.50%  ens=53.94%  (best 57.48 @ ep 29)  [6.8s]
  ep  31: R(t)=0.516  l1=0.241  l2=0.246  acc1=56.79%  acc2=55.97%  ens=56.38%  (best 57.48 @ ep 29)  [6.1s]
  ep  32: R(t)=0.516  l1=0.230  l2=0.232  acc1=50.98%  acc2=54.67%  ens=52.83%  (best 57.48 @ ep 29)  [6.2s]
  ep  33: R(t)=0.516  l1=0.237  l2=0.244  acc1=57.45%  acc2=58.68%  ens=58.06%  (best 58.06 @ ep 33)  [5.9s]
  ep  34: R(t)=0.516  l1=0.239  l2=0.246  acc1=56.11%  acc2=57.91%  ens=57.01%  (best 58.06 @ ep 33)  [6.1s]
  ep  35: R(t)=0.516  l1=0.225  l2=0.225  acc1=53.58%  acc2=52.81%  ens=53.20%  (best 58.06 @ ep 33)  [6.1s]
  ep  36: R(t)=0.516  l1=0.212  l2=0.213  acc1=60.24%  acc2=58.37%  ens=59.31%  (best 59.31 @ ep 36)  [5.9s]
  ep  37: R(t)=0.516  l1=0.222  l2=0.212  acc1=55.89%  acc2=55.63%  ens=55.76%  (best 59.31 @ ep 36)  [6.2s]
  ep  38: R(t)=0.516  l1=0.220  l2=0.223  acc1=57.81%  acc2=60.04%  ens=58.93%  (best 59.31 @ ep 36)  [6.0s]
  ep  39: R(t)=0.516  l1=0.211  l2=0.216  acc1=51.97%  acc2=52.92%  ens=52.45%  (best 59.31 @ ep 36)  [6.3s]
  ep  40: R(t)=0.516  l1=0.204  l2=0.211  acc1=59.47%  acc2=54.80%  ens=57.14%  (best 59.31 @ ep 36)  [9.9s]
  ep  41: R(t)=0.516  l1=0.206  l2=0.208  acc1=56.97%  acc2=53.63%  ens=55.30%  (best 59.31 @ ep 36)  [17.3s]
  ep  42: R(t)=0.516  l1=0.210  l2=0.207  acc1=58.99%  acc2=55.04%  ens=57.01%  (best 59.31 @ ep 36)  [15.3s]
  ep  43: R(t)=0.516  l1=0.199  l2=0.197  acc1=58.27%  acc2=59.58%  ens=58.93%  (best 59.31 @ ep 36)  [17.2s]
  ep  44: R(t)=0.516  l1=0.198  l2=0.197  acc1=57.22%  acc2=59.13%  ens=58.17%  (best 59.31 @ ep 36)  [13.1s]
  ep  45: R(t)=0.516  l1=0.191  l2=0.186  acc1=57.86%  acc2=56.86%  ens=57.36%  (best 59.31 @ ep 36)  [6.2s]
  ep  46: R(t)=0.516  l1=0.183  l2=0.181  acc1=57.55%  acc2=57.37%  ens=57.46%  (best 59.31 @ ep 36)  [6.0s]
  ep  47: R(t)=0.516  l1=0.187  l2=0.184  acc1=58.03%  acc2=55.25%  ens=56.64%  (best 59.31 @ ep 36)  [6.1s]
  ep  48: R(t)=0.516  l1=0.182  l2=0.172  acc1=60.82%  acc2=59.71%  ens=60.26%  (best 60.26 @ ep 48)  [6.0s]
  ep  49: R(t)=0.516  l1=0.175  l2=0.175  acc1=57.93%  acc2=58.39%  ens=58.16%  (best 60.26 @ ep 48)  [6.3s]
  ep  50: R(t)=0.516  l1=0.172  l2=0.164  acc1=57.70%  acc2=59.59%  ens=58.64%  (best 60.26 @ ep 48)  [6.1s]
  ep  51: R(t)=0.516  l1=0.181  l2=0.202  acc1=58.26%  acc2=58.17%  ens=58.21%  (best 60.26 @ ep 48)  [6.2s]
  ep  52: R(t)=0.516  l1=0.155  l2=0.155  acc1=60.50%  acc2=59.85%  ens=60.17%  (best 60.26 @ ep 48)  [5.8s]
  ep  53: R(t)=0.516  l1=0.156  l2=0.156  acc1=60.62%  acc2=57.42%  ens=59.02%  (best 60.26 @ ep 48)  [6.0s]
  ep  54: R(t)=0.516  l1=0.164  l2=0.172  acc1=60.71%  acc2=59.63%  ens=60.17%  (best 60.26 @ ep 48)  [5.9s]
  ep  55: R(t)=0.516  l1=0.140  l2=0.140  acc1=57.45%  acc2=59.66%  ens=58.55%  (best 60.26 @ ep 48)  [13.9s]
  ep  56: R(t)=0.516  l1=0.150  l2=0.152  acc1=60.30%  acc2=59.47%  ens=59.88%  (best 60.26 @ ep 48)  [15.9s]
  ep  57: R(t)=0.516  l1=0.138  l2=0.133  acc1=60.60%  acc2=61.51%  ens=61.05%  (best 61.05 @ ep 57)  [15.3s]
  ep  58: R(t)=0.516  l1=0.139  l2=0.142  acc1=58.66%  acc2=58.61%  ens=58.63%  (best 61.05 @ ep 57)  [17.9s]
  ep  59: R(t)=0.516  l1=0.138  l2=0.137  acc1=61.01%  acc2=60.45%  ens=60.73%  (best 61.05 @ ep 57)  [10.4s]
  ep  60: R(t)=0.516  l1=0.129  l2=0.126  acc1=60.13%  acc2=60.09%  ens=60.11%  (best 61.05 @ ep 57)  [6.2s]
  ep  61: R(t)=0.516  l1=0.124  l2=0.125  acc1=58.89%  acc2=59.16%  ens=59.02%  (best 61.05 @ ep 57)  [6.1s]
  ep  62: R(t)=0.516  l1=0.117  l2=0.115  acc1=59.42%  acc2=60.66%  ens=60.04%  (best 61.05 @ ep 57)  [6.1s]
  ep  63: R(t)=0.516  l1=0.112  l2=0.119  acc1=58.49%  acc2=56.88%  ens=57.68%  (best 61.05 @ ep 57)  [6.1s]
  ep  64: R(t)=0.516  l1=0.118  l2=0.124  acc1=61.15%  acc2=62.16%  ens=61.66%  (best 61.66 @ ep 64)  [6.3s]
  ep  65: R(t)=0.516  l1=0.099  l2=0.101  acc1=61.36%  acc2=62.01%  ens=61.69%  (best 61.69 @ ep 65)  [6.1s]
  ep  66: R(t)=0.516  l1=0.091  l2=0.088  acc1=63.18%  acc2=61.43%  ens=62.30%  (best 62.30 @ ep 66)  [6.1s]
  ep  67: R(t)=0.516  l1=0.099  l2=0.092  acc1=61.35%  acc2=59.38%  ens=60.37%  (best 62.30 @ ep 66)  [6.1s]
  ep  68: R(t)=0.516  l1=0.088  l2=0.086  acc1=63.25%  acc2=61.98%  ens=62.61%  (best 62.61 @ ep 68)  [6.3s]
  ep  69: R(t)=0.516  l1=0.081  l2=0.085  acc1=62.42%  acc2=62.10%  ens=62.26%  (best 62.61 @ ep 68)  [8.7s]
  ep  70: R(t)=0.516  l1=0.076  l2=0.079  acc1=60.84%  acc2=61.73%  ens=61.29%  (best 62.61 @ ep 68)  [13.2s]
  ep  71: R(t)=0.516  l1=0.073  l2=0.075  acc1=62.88%  acc2=62.45%  ens=62.67%  (best 62.67 @ ep 71)  [6.0s]
  ep  72: R(t)=0.516  l1=0.069  l2=0.072  acc1=59.94%  acc2=61.63%  ens=60.78%  (best 62.67 @ ep 71)  [6.1s]
  ep  73: R(t)=0.516  l1=0.069  l2=0.071  acc1=62.08%  acc2=60.89%  ens=61.48%  (best 62.67 @ ep 71)  [6.4s]
  ep  74: R(t)=0.516  l1=0.063  l2=0.063  acc1=61.69%  acc2=63.32%  ens=62.51%  (best 62.67 @ ep 71)  [6.6s]
  ep  75: R(t)=0.516  l1=0.067  l2=0.070  acc1=62.28%  acc2=62.84%  ens=62.56%  (best 62.67 @ ep 71)  [6.1s]
  ep  76: R(t)=0.516  l1=0.065  l2=0.065  acc1=62.81%  acc2=63.08%  ens=62.95%  (best 62.95 @ ep 76)  [6.4s]
  ep  77: R(t)=0.516  l1=0.054  l2=0.058  acc1=63.96%  acc2=63.57%  ens=63.77%  (best 63.77 @ ep 77)  [6.2s]
  ep  78: R(t)=0.516  l1=0.049  l2=0.049  acc1=62.81%  acc2=64.29%  ens=63.55%  (best 63.77 @ ep 77)  [6.2s]
  ep  79: R(t)=0.516  l1=0.047  l2=0.046  acc1=63.79%  acc2=64.21%  ens=64.00%  (best 64.00 @ ep 79)  [6.2s]
  ep  80: R(t)=0.516  l1=0.042  l2=0.042  acc1=64.08%  acc2=63.33%  ens=63.70%  (best 64.00 @ ep 79)  [8.9s]
  ep  81: R(t)=0.516  l1=0.041  l2=0.042  acc1=64.75%  acc2=64.69%  ens=64.72%  (best 64.72 @ ep 81)  [16.9s]
  ep  82: R(t)=0.516  l1=0.034  l2=0.035  acc1=64.85%  acc2=64.49%  ens=64.67%  (best 64.72 @ ep 81)  [15.3s]
  ep  83: R(t)=0.516  l1=0.030  l2=0.032  acc1=65.07%  acc2=64.71%  ens=64.89%  (best 64.89 @ ep 83)  [17.5s]
  ep  84: R(t)=0.516  l1=0.031  l2=0.030  acc1=65.05%  acc2=65.12%  ens=65.08%  (best 65.08 @ ep 84)  [15.2s]
  ep  85: R(t)=0.516  l1=0.028  l2=0.028  acc1=65.17%  acc2=64.79%  ens=64.98%  (best 65.08 @ ep 84)  [6.1s]
  ep  86: R(t)=0.516  l1=0.024  l2=0.024  acc1=65.37%  acc2=65.14%  ens=65.25%  (best 65.25 @ ep 86)  [6.2s]
  ep  87: R(t)=0.516  l1=0.022  l2=0.022  acc1=64.74%  acc2=64.91%  ens=64.83%  (best 65.25 @ ep 86)  [5.9s]
  ep  88: R(t)=0.516  l1=0.021  l2=0.022  acc1=64.99%  acc2=64.96%  ens=64.98%  (best 65.25 @ ep 86)  [6.1s]
  ep  89: R(t)=0.516  l1=0.022  l2=0.023  acc1=65.62%  acc2=65.52%  ens=65.57%  (best 65.57 @ ep 89)  [6.2s]
  ep  90: R(t)=0.516  l1=0.021  l2=0.022  acc1=64.94%  acc2=65.25%  ens=65.09%  (best 65.57 @ ep 89)  [6.3s]
  ep  91: R(t)=0.516  l1=0.020  l2=0.020  acc1=64.92%  acc2=65.11%  ens=65.02%  (best 65.57 @ ep 89)  [6.2s]
  ep  92: R(t)=0.516  l1=0.020  l2=0.021  acc1=65.24%  acc2=65.20%  ens=65.22%  (best 65.57 @ ep 89)  [6.0s]
  ep  93: R(t)=0.516  l1=0.019  l2=0.019  acc1=65.45%  acc2=65.26%  ens=65.35%  (best 65.57 @ ep 89)  [6.2s]
  ep  94: R(t)=0.516  l1=0.021  l2=0.020  acc1=64.93%  acc2=65.12%  ens=65.03%  (best 65.57 @ ep 89)  [7.3s]
  ep  95: R(t)=0.516  l1=0.019  l2=0.018  acc1=64.68%  acc2=64.73%  ens=64.70%  (best 65.57 @ ep 89)  [15.7s]
  ep  96: R(t)=0.516  l1=0.016  l2=0.017  acc1=65.17%  acc2=65.08%  ens=65.12%  (best 65.57 @ ep 89)  [14.5s]
  ep  97: R(t)=0.516  l1=0.015  l2=0.016  acc1=65.33%  acc2=65.00%  ens=65.17%  (best 65.57 @ ep 89)  [6.0s]
  ep  98: R(t)=0.516  l1=0.017  l2=0.018  acc1=65.18%  acc2=65.20%  ens=65.19%  (best 65.57 @ ep 89)  [6.2s]
  ep  99: R(t)=0.516  l1=0.019  l2=0.020  acc1=64.77%  acc2=64.66%  ens=64.72%  (best 65.57 @ ep 89)  [6.2s]

saved /path/to/ciln-workspace/journal_edition/robustness_transfer/results_v3/coteaching/gu_high__seed0.json: best ens-acc 65.57% @ ep 89
