/path/to/ciln-workspace/venv/lib/python3.12/site-packages/torchvision/datasets/cifar.py:83: VisibleDeprecationWarning: dtype(): align should be passed as Python or NumPy boolean but got `align=0`. Did you mean to pass a tuple to create a subarray type? (Deprecated NumPy 2.4)
  entry = pickle.load(f, encoding="latin1")
condition=gu_high seed=1 gpu=1
  ep   0: R(t)=1.000  l1=1.963  l2=1.968  acc1=27.81%  acc2=30.46%  ens=29.13%  (best 29.13 @ ep 0)  [7.2s]
  ep   1: R(t)=0.847  l1=1.507  l2=1.484  acc1=36.37%  acc2=39.74%  ens=38.05%  (best 38.05 @ ep 1)  [5.8s]
  ep   2: R(t)=0.784  l1=1.250  l2=1.239  acc1=44.26%  acc2=40.37%  ens=42.32%  (best 42.32 @ ep 2)  [6.2s]
  ep   3: R(t)=0.735  l1=1.010  l2=1.028  acc1=44.28%  acc2=44.73%  ens=44.51%  (best 44.51 @ ep 3)  [6.3s]
  ep   4: R(t)=0.694  l1=0.846  l2=0.856  acc1=48.54%  acc2=44.98%  ens=46.76%  (best 46.76 @ ep 4)  [6.0s]
  ep   5: R(t)=0.658  l1=0.705  l2=0.702  acc1=50.06%  acc2=50.12%  ens=50.09%  (best 50.09 @ ep 5)  [8.2s]
  ep   6: R(t)=0.625  l1=0.600  l2=0.596  acc1=42.71%  acc2=49.73%  ens=46.22%  (best 50.09 @ ep 5)  [14.6s]
  ep   7: R(t)=0.595  l1=0.519  l2=0.524  acc1=47.48%  acc2=50.65%  ens=49.06%  (best 50.09 @ ep 5)  [6.2s]
  ep   8: R(t)=0.567  l1=0.455  l2=0.448  acc1=50.15%  acc2=49.90%  ens=50.02%  (best 50.09 @ ep 5)  [6.1s]
  ep   9: R(t)=0.541  l1=0.384  l2=0.380  acc1=48.28%  acc2=52.76%  ens=50.52%  (best 50.52 @ ep 9)  [6.0s]
  ep  10: R(t)=0.516  l1=0.344  l2=0.339  acc1=51.91%  acc2=52.07%  ens=51.99%  (best 51.99 @ ep 10)  [6.0s]
  ep  11: R(t)=0.516  l1=0.318  l2=0.332  acc1=53.25%  acc2=52.18%  ens=52.72%  (best 52.72 @ ep 11)  [6.1s]
  ep  12: R(t)=0.516  l1=0.308  l2=0.305  acc1=54.65%  acc2=42.44%  ens=48.55%  (best 52.72 @ ep 11)  [6.1s]
  ep  13: R(t)=0.516  l1=0.305  l2=0.303  acc1=49.80%  acc2=50.60%  ens=50.20%  (best 52.72 @ ep 11)  [6.4s]
  ep  14: R(t)=0.516  l1=0.306  l2=0.294  acc1=54.31%  acc2=54.62%  ens=54.47%  (best 54.47 @ ep 14)  [6.2s]
  ep  15: R(t)=0.516  l1=0.288  l2=0.292  acc1=50.51%  acc2=52.52%  ens=51.52%  (best 54.47 @ ep 14)  [6.2s]
  ep  16: R(t)=0.516  l1=0.285  l2=0.286  acc1=48.99%  acc2=52.93%  ens=50.96%  (best 54.47 @ ep 14)  [7.0s]
  ep  17: R(t)=0.516  l1=0.284  l2=0.282  acc1=56.30%  acc2=55.01%  ens=55.66%  (best 55.66 @ ep 17)  [16.4s]
  ep  18: R(t)=0.516  l1=0.285  l2=0.280  acc1=48.05%  acc2=50.63%  ens=49.34%  (best 55.66 @ ep 17)  [15.1s]
  ep  19: R(t)=0.516  l1=0.292  l2=0.291  acc1=37.61%  acc2=40.95%  ens=39.28%  (best 55.66 @ ep 17)  [14.2s]
  ep  20: R(t)=0.516  l1=0.292  l2=0.291  acc1=51.70%  acc2=51.34%  ens=51.52%  (best 55.66 @ ep 17)  [6.4s]
  ep  21: R(t)=0.516  l1=0.267  l2=0.272  acc1=51.75%  acc2=51.67%  ens=51.71%  (best 55.66 @ ep 17)  [6.2s]
  ep  22: R(t)=0.516  l1=0.260  l2=0.263  acc1=48.20%  acc2=51.62%  ens=49.91%  (best 55.66 @ ep 17)  [6.2s]
  ep  23: R(t)=0.516  l1=0.259  l2=0.261  acc1=52.48%  acc2=54.00%  ens=53.24%  (best 55.66 @ ep 17)  [5.9s]
  ep  24: R(t)=0.516  l1=0.263  l2=0.259  acc1=52.77%  acc2=56.58%  ens=54.67%  (best 55.66 @ ep 17)  [6.2s]
  ep  25: R(t)=0.516  l1=0.248  l2=0.247  acc1=57.71%  acc2=56.85%  ens=57.28%  (best 57.28 @ ep 25)  [6.1s]
  ep  26: R(t)=0.516  l1=0.261  l2=0.259  acc1=59.01%  acc2=56.92%  ens=57.97%  (best 57.97 @ ep 26)  [5.9s]
  ep  27: R(t)=0.516  l1=0.252  l2=0.257  acc1=56.95%  acc2=56.68%  ens=56.81%  (best 57.97 @ ep 26)  [6.1s]
  ep  28: R(t)=0.516  l1=0.265  l2=0.276  acc1=54.40%  acc2=55.88%  ens=55.14%  (best 57.97 @ ep 26)  [6.0s]
  ep  29: R(t)=0.516  l1=0.235  l2=0.237  acc1=54.66%  acc2=57.69%  ens=56.17%  (best 57.97 @ ep 26)  [10.6s]
  ep  30: R(t)=0.516  l1=0.234  l2=0.230  acc1=55.72%  acc2=56.25%  ens=55.98%  (best 57.97 @ ep 26)  [14.7s]
  ep  31: R(t)=0.516  l1=0.237  l2=0.241  acc1=56.64%  acc2=57.10%  ens=56.87%  (best 57.97 @ ep 26)  [18.3s]
  ep  32: R(t)=0.516  l1=0.232  l2=0.231  acc1=51.37%  acc2=50.38%  ens=50.88%  (best 57.97 @ ep 26)  [15.7s]
  ep  33: R(t)=0.516  l1=0.230  l2=0.231  acc1=58.48%  acc2=59.22%  ens=58.85%  (best 58.85 @ ep 33)  [17.6s]
  ep  34: R(t)=0.516  l1=0.232  l2=0.222  acc1=59.52%  acc2=57.77%  ens=58.64%  (best 58.85 @ ep 33)  [6.0s]
  ep  35: R(t)=0.516  l1=0.215  l2=0.215  acc1=50.89%  acc2=55.77%  ens=53.33%  (best 58.85 @ ep 33)  [6.0s]
  ep  36: R(t)=0.516  l1=0.234  l2=0.221  acc1=50.80%  acc2=56.86%  ens=53.83%  (best 58.85 @ ep 33)  [6.0s]
  ep  37: R(t)=0.516  l1=0.223  l2=0.226  acc1=58.52%  acc2=60.15%  ens=59.34%  (best 59.34 @ ep 37)  [6.2s]
  ep  38: R(t)=0.516  l1=0.213  l2=0.206  acc1=57.40%  acc2=56.42%  ens=56.91%  (best 59.34 @ ep 37)  [6.1s]
  ep  39: R(t)=0.516  l1=0.189  l2=0.189  acc1=55.96%  acc2=58.07%  ens=57.01%  (best 59.34 @ ep 37)  [6.4s]
  ep  40: R(t)=0.516  l1=0.204  l2=0.214  acc1=54.59%  acc2=57.84%  ens=56.22%  (best 59.34 @ ep 37)  [6.2s]
  ep  41: R(t)=0.516  l1=0.205  l2=0.207  acc1=57.11%  acc2=59.17%  ens=58.14%  (best 59.34 @ ep 37)  [5.9s]
  ep  42: R(t)=0.516  l1=0.201  l2=0.206  acc1=55.27%  acc2=54.03%  ens=54.65%  (best 59.34 @ ep 37)  [6.4s]
  ep  43: R(t)=0.516  l1=0.183  l2=0.191  acc1=59.28%  acc2=53.61%  ens=56.45%  (best 59.34 @ ep 37)  [6.3s]
  ep  44: R(t)=0.516  l1=0.208  l2=0.197  acc1=56.81%  acc2=57.68%  ens=57.25%  (best 59.34 @ ep 37)  [16.4s]
  ep  45: R(t)=0.516  l1=0.198  l2=0.214  acc1=57.96%  acc2=54.87%  ens=56.41%  (best 59.34 @ ep 37)  [15.7s]
  ep  46: R(t)=0.516  l1=0.179  l2=0.179  acc1=59.42%  acc2=59.71%  ens=59.56%  (best 59.56 @ ep 46)  [17.3s]
  ep  47: R(t)=0.516  l1=0.177  l2=0.191  acc1=58.63%  acc2=59.16%  ens=58.90%  (best 59.56 @ ep 46)  [15.4s]
  ep  48: R(t)=0.516  l1=0.169  l2=0.170  acc1=60.49%  acc2=60.01%  ens=60.25%  (best 60.25 @ ep 48)  [11.3s]
  ep  49: R(t)=0.516  l1=0.173  l2=0.179  acc1=57.03%  acc2=61.64%  ens=59.34%  (best 60.25 @ ep 48)  [6.3s]
  ep  50: R(t)=0.516  l1=0.177  l2=0.176  acc1=59.12%  acc2=61.16%  ens=60.14%  (best 60.25 @ ep 48)  [6.2s]
  ep  51: R(t)=0.516  l1=0.157  l2=0.163  acc1=59.72%  acc2=58.99%  ens=59.36%  (best 60.25 @ ep 48)  [6.3s]
  ep  52: R(t)=0.516  l1=0.152  l2=0.167  acc1=60.10%  acc2=61.42%  ens=60.76%  (best 60.76 @ ep 52)  [6.0s]
  ep  53: R(t)=0.516  l1=0.160  l2=0.167  acc1=59.62%  acc2=61.02%  ens=60.32%  (best 60.76 @ ep 52)  [6.1s]
  ep  54: R(t)=0.516  l1=0.153  l2=0.152  acc1=58.52%  acc2=58.28%  ens=58.40%  (best 60.76 @ ep 52)  [6.2s]
  ep  55: R(t)=0.516  l1=0.157  l2=0.156  acc1=58.80%  acc2=60.81%  ens=59.80%  (best 60.76 @ ep 52)  [6.2s]
  ep  56: R(t)=0.516  l1=0.143  l2=0.142  acc1=61.64%  acc2=61.50%  ens=61.57%  (best 61.57 @ ep 56)  [6.1s]
  ep  57: R(t)=0.516  l1=0.138  l2=0.139  acc1=59.29%  acc2=60.94%  ens=60.12%  (best 61.57 @ ep 56)  [6.1s]
  ep  58: R(t)=0.516  l1=0.121  l2=0.127  acc1=58.77%  acc2=58.07%  ens=58.42%  (best 61.57 @ ep 56)  [10.8s]
  ep  59: R(t)=0.516  l1=0.145  l2=0.153  acc1=60.21%  acc2=60.89%  ens=60.55%  (best 61.57 @ ep 56)  [15.9s]
  ep  60: R(t)=0.516  l1=0.121  l2=0.122  acc1=62.57%  acc2=59.89%  ens=61.23%  (best 61.57 @ ep 56)  [18.7s]
  ep  61: R(t)=0.516  l1=0.120  l2=0.124  acc1=60.66%  acc2=55.96%  ens=58.31%  (best 61.57 @ ep 56)  [14.4s]
  ep  62: R(t)=0.516  l1=0.134  l2=0.124  acc1=61.37%  acc2=59.90%  ens=60.63%  (best 61.57 @ ep 56)  [19.1s]
  ep  63: R(t)=0.516  l1=0.109  l2=0.105  acc1=62.38%  acc2=62.60%  ens=62.49%  (best 62.49 @ ep 63)  [5.9s]
  ep  64: R(t)=0.516  l1=0.102  l2=0.104  acc1=62.96%  acc2=62.16%  ens=62.56%  (best 62.56 @ ep 64)  [6.3s]
  ep  65: R(t)=0.516  l1=0.107  l2=0.119  acc1=63.80%  acc2=63.07%  ens=63.43%  (best 63.43 @ ep 65)  [6.3s]
  ep  66: R(t)=0.516  l1=0.092  l2=0.096  acc1=61.54%  acc2=63.76%  ens=62.65%  (best 63.43 @ ep 65)  [6.4s]
  ep  67: R(t)=0.516  l1=0.094  l2=0.099  acc1=61.92%  acc2=62.45%  ens=62.19%  (best 63.43 @ ep 65)  [6.2s]
  ep  68: R(t)=0.516  l1=0.093  l2=0.094  acc1=64.65%  acc2=63.92%  ens=64.28%  (best 64.28 @ ep 68)  [6.0s]
  ep  69: R(t)=0.516  l1=0.091  l2=0.089  acc1=62.29%  acc2=61.85%  ens=62.07%  (best 64.28 @ ep 68)  [6.0s]
  ep  70: R(t)=0.516  l1=0.090  l2=0.087  acc1=63.60%  acc2=63.32%  ens=63.46%  (best 64.28 @ ep 68)  [6.2s]
  ep  71: R(t)=0.516  l1=0.074  l2=0.076  acc1=63.21%  acc2=63.52%  ens=63.37%  (best 64.28 @ ep 68)  [5.8s]
  ep  72: R(t)=0.516  l1=0.070  l2=0.070  acc1=64.18%  acc2=63.31%  ens=63.75%  (best 64.28 @ ep 68)  [6.2s]
  ep  73: R(t)=0.516  l1=0.074  l2=0.072  acc1=64.33%  acc2=63.68%  ens=64.00%  (best 64.28 @ ep 68)  [10.0s]
  ep  74: R(t)=0.516  l1=0.069  l2=0.070  acc1=63.94%  acc2=63.76%  ens=63.85%  (best 64.28 @ ep 68)  [16.5s]
  ep  75: R(t)=0.516  l1=0.062  l2=0.056  acc1=64.55%  acc2=64.68%  ens=64.61%  (best 64.61 @ ep 75)  [6.3s]
  ep  76: R(t)=0.516  l1=0.050  l2=0.051  acc1=63.95%  acc2=63.98%  ens=63.97%  (best 64.61 @ ep 75)  [6.4s]
  ep  77: R(t)=0.516  l1=0.054  l2=0.054  acc1=64.33%  acc2=62.81%  ens=63.57%  (best 64.61 @ ep 75)  [6.2s]
  ep  78: R(t)=0.516  l1=0.039  l2=0.040  acc1=64.09%  acc2=64.29%  ens=64.19%  (best 64.61 @ ep 75)  [6.0s]
  ep  79: R(t)=0.516  l1=0.037  l2=0.037  acc1=64.74%  acc2=64.32%  ens=64.53%  (best 64.61 @ ep 75)  [6.2s]
  ep  80: R(t)=0.516  l1=0.042  l2=0.040  acc1=64.96%  acc2=64.87%  ens=64.92%  (best 64.92 @ ep 80)  [6.1s]
  ep  81: R(t)=0.516  l1=0.034  l2=0.034  acc1=65.22%  acc2=64.52%  ens=64.87%  (best 64.92 @ ep 80)  [6.2s]
  ep  82: R(t)=0.516  l1=0.037  l2=0.035  acc1=64.80%  acc2=64.49%  ens=64.64%  (best 64.92 @ ep 80)  [5.9s]
  ep  83: R(t)=0.516  l1=0.029  l2=0.029  acc1=64.85%  acc2=64.81%  ens=64.83%  (best 64.92 @ ep 80)  [6.1s]
  ep  84: R(t)=0.516  l1=0.032  l2=0.032  acc1=65.06%  acc2=65.18%  ens=65.12%  (best 65.12 @ ep 84)  [9.6s]
  ep  85: R(t)=0.516  l1=0.025  l2=0.027  acc1=65.19%  acc2=64.70%  ens=64.95%  (best 65.12 @ ep 84)  [6.0s]
  ep  86: R(t)=0.516  l1=0.024  l2=0.024  acc1=65.42%  acc2=65.52%  ens=65.47%  (best 65.47 @ ep 86)  [6.0s]
  ep  87: R(t)=0.516  l1=0.022  l2=0.026  acc1=65.20%  acc2=65.05%  ens=65.12%  (best 65.47 @ ep 86)  [6.2s]
  ep  88: R(t)=0.516  l1=0.022  l2=0.021  acc1=65.39%  acc2=65.16%  ens=65.27%  (best 65.47 @ ep 86)  [6.0s]
  ep  89: R(t)=0.516  l1=0.018  l2=0.019  acc1=65.13%  acc2=65.59%  ens=65.36%  (best 65.47 @ ep 86)  [5.9s]
  ep  90: R(t)=0.516  l1=0.017  l2=0.018  acc1=65.02%  acc2=65.22%  ens=65.12%  (best 65.47 @ ep 86)  [6.0s]
  ep  91: R(t)=0.516  l1=0.019  l2=0.019  acc1=65.43%  acc2=65.37%  ens=65.40%  (best 65.47 @ ep 86)  [6.0s]
  ep  92: R(t)=0.516  l1=0.019  l2=0.019  acc1=65.41%  acc2=65.27%  ens=65.34%  (best 65.47 @ ep 86)  [6.2s]
  ep  93: R(t)=0.516  l1=0.015  l2=0.017  acc1=65.13%  acc2=65.36%  ens=65.25%  (best 65.47 @ ep 86)  [6.1s]
  ep  94: R(t)=0.516  l1=0.018  l2=0.018  acc1=65.29%  acc2=65.26%  ens=65.27%  (best 65.47 @ ep 86)  [7.5s]
  ep  95: R(t)=0.516  l1=0.019  l2=0.019  acc1=65.19%  acc2=65.17%  ens=65.18%  (best 65.47 @ ep 86)  [14.5s]
  ep  96: R(t)=0.516  l1=0.016  l2=0.016  acc1=65.20%  acc2=65.29%  ens=65.25%  (best 65.47 @ ep 86)  [5.8s]
  ep  97: R(t)=0.516  l1=0.015  l2=0.016  acc1=65.36%  acc2=65.54%  ens=65.45%  (best 65.47 @ ep 86)  [6.1s]
  ep  98: R(t)=0.516  l1=0.017  l2=0.016  acc1=65.04%  acc2=64.98%  ens=65.01%  (best 65.47 @ ep 86)  [5.8s]
  ep  99: R(t)=0.516  l1=0.017  l2=0.017  acc1=65.42%  acc2=65.47%  ens=65.44%  (best 65.47 @ ep 86)  [6.2s]

saved /path/to/ciln-workspace/journal_edition/robustness_transfer/results_v3/coteaching/gu_high__seed1.json: best ens-acc 65.47% @ ep 86
