/path/to/ciln-workspace/venv/lib/python3.12/site-packages/torchvision/datasets/cifar.py:83: VisibleDeprecationWarning: dtype(): align should be passed as Python or NumPy boolean but got `align=0`. Did you mean to pass a tuple to create a subarray type? (Deprecated NumPy 2.4)
  entry = pickle.load(f, encoding="latin1")
condition=gu_low seed=0 gpu=1
  ep   0: R(t)=1.000  l1=1.884  l2=1.895  acc1=34.26%  acc2=34.44%  ens=34.35%  (best 34.35 @ ep 0)  [7.4s]
  ep   1: R(t)=0.966  l1=1.520  l2=1.541  acc1=42.40%  acc2=42.69%  ens=42.55%  (best 42.55 @ ep 1)  [6.1s]
  ep   2: R(t)=0.952  l1=1.279  l2=1.319  acc1=46.01%  acc2=42.63%  ens=44.32%  (best 44.32 @ ep 2)  [6.1s]
  ep   3: R(t)=0.942  l1=1.092  l2=1.111  acc1=55.95%  acc2=51.64%  ens=53.79%  (best 53.79 @ ep 3)  [5.9s]
  ep   4: R(t)=0.933  l1=0.934  l2=0.936  acc1=58.08%  acc2=55.46%  ens=56.77%  (best 56.77 @ ep 4)  [6.1s]
  ep   5: R(t)=0.925  l1=0.843  l2=0.846  acc1=49.39%  acc2=51.69%  ens=50.54%  (best 56.77 @ ep 4)  [13.1s]
  ep   6: R(t)=0.918  l1=0.772  l2=0.770  acc1=59.49%  acc2=55.48%  ens=57.48%  (best 57.48 @ ep 6)  [14.9s]
  ep   7: R(t)=0.911  l1=0.719  l2=0.726  acc1=59.63%  acc2=54.75%  ens=57.19%  (best 57.48 @ ep 6)  [12.4s]
  ep   8: R(t)=0.905  l1=0.653  l2=0.665  acc1=59.29%  acc2=62.08%  ens=60.69%  (best 60.69 @ ep 8)  [6.1s]
  ep   9: R(t)=0.899  l1=0.615  l2=0.619  acc1=67.11%  acc2=63.56%  ens=65.34%  (best 65.34 @ ep 9)  [6.2s]
  ep  10: R(t)=0.894  l1=0.563  l2=0.566  acc1=67.12%  acc2=68.18%  ens=67.65%  (best 67.65 @ ep 10)  [6.0s]
  ep  11: R(t)=0.894  l1=0.534  l2=0.537  acc1=68.50%  acc2=63.59%  ens=66.05%  (best 67.65 @ ep 10)  [6.1s]
  ep  12: R(t)=0.894  l1=0.503  l2=0.509  acc1=68.10%  acc2=65.39%  ens=66.75%  (best 67.65 @ ep 10)  [6.2s]
  ep  13: R(t)=0.894  l1=0.507  l2=0.501  acc1=61.54%  acc2=54.89%  ens=58.21%  (best 67.65 @ ep 10)  [6.0s]
  ep  14: R(t)=0.894  l1=0.462  l2=0.469  acc1=72.12%  acc2=68.46%  ens=70.29%  (best 70.29 @ ep 14)  [6.0s]
  ep  15: R(t)=0.894  l1=0.473  l2=0.470  acc1=66.88%  acc2=55.10%  ens=60.99%  (best 70.29 @ ep 14)  [5.8s]
  ep  16: R(t)=0.894  l1=0.438  l2=0.446  acc1=69.12%  acc2=67.06%  ens=68.09%  (best 70.29 @ ep 14)  [6.1s]
  ep  17: R(t)=0.894  l1=0.430  l2=0.434  acc1=71.07%  acc2=61.85%  ens=66.46%  (best 70.29 @ ep 14)  [6.6s]
  ep  18: R(t)=0.894  l1=0.421  l2=0.420  acc1=74.24%  acc2=69.92%  ens=72.08%  (best 72.08 @ ep 18)  [15.1s]
  ep  19: R(t)=0.894  l1=0.413  l2=0.411  acc1=70.79%  acc2=73.63%  ens=72.21%  (best 72.21 @ ep 19)  [14.7s]
  ep  20: R(t)=0.894  l1=0.397  l2=0.408  acc1=70.78%  acc2=68.52%  ens=69.65%  (best 72.21 @ ep 19)  [10.0s]
  ep  21: R(t)=0.894  l1=0.388  l2=0.399  acc1=74.20%  acc2=73.24%  ens=73.72%  (best 73.72 @ ep 21)  [6.1s]
  ep  22: R(t)=0.894  l1=0.394  l2=0.387  acc1=71.68%  acc2=72.97%  ens=72.32%  (best 73.72 @ ep 21)  [6.1s]
  ep  23: R(t)=0.894  l1=0.372  l2=0.382  acc1=74.99%  acc2=72.22%  ens=73.61%  (best 73.72 @ ep 21)  [5.9s]
  ep  24: R(t)=0.894  l1=0.372  l2=0.376  acc1=69.35%  acc2=70.52%  ens=69.94%  (best 73.72 @ ep 21)  [6.1s]
  ep  25: R(t)=0.894  l1=0.365  l2=0.365  acc1=70.61%  acc2=71.26%  ens=70.93%  (best 73.72 @ ep 21)  [5.8s]
  ep  26: R(t)=0.894  l1=0.358  l2=0.359  acc1=69.36%  acc2=63.57%  ens=66.47%  (best 73.72 @ ep 21)  [6.1s]
  ep  27: R(t)=0.894  l1=0.359  l2=0.355  acc1=73.98%  acc2=77.18%  ens=75.58%  (best 75.58 @ ep 27)  [6.0s]
  ep  28: R(t)=0.894  l1=0.343  l2=0.338  acc1=71.34%  acc2=72.98%  ens=72.16%  (best 75.58 @ ep 27)  [5.9s]
  ep  29: R(t)=0.894  l1=0.344  l2=0.343  acc1=72.83%  acc2=72.87%  ens=72.85%  (best 75.58 @ ep 27)  [5.7s]
  ep  30: R(t)=0.894  l1=0.332  l2=0.340  acc1=71.60%  acc2=72.65%  ens=72.12%  (best 75.58 @ ep 27)  [9.3s]
  ep  31: R(t)=0.894  l1=0.338  l2=0.345  acc1=77.10%  acc2=69.74%  ens=73.42%  (best 75.58 @ ep 27)  [16.6s]
  ep  32: R(t)=0.894  l1=0.328  l2=0.332  acc1=74.63%  acc2=69.87%  ens=72.25%  (best 75.58 @ ep 27)  [15.0s]
  ep  33: R(t)=0.894  l1=0.322  l2=0.324  acc1=74.01%  acc2=71.74%  ens=72.88%  (best 75.58 @ ep 27)  [6.1s]
  ep  34: R(t)=0.894  l1=0.316  l2=0.314  acc1=75.13%  acc2=77.96%  ens=76.55%  (best 76.55 @ ep 34)  [5.9s]
  ep  35: R(t)=0.894  l1=0.311  l2=0.314  acc1=75.68%  acc2=72.99%  ens=74.33%  (best 76.55 @ ep 34)  [6.1s]
  ep  36: R(t)=0.894  l1=0.312  l2=0.307  acc1=74.64%  acc2=75.26%  ens=74.95%  (best 76.55 @ ep 34)  [5.9s]
  ep  37: R(t)=0.894  l1=0.296  l2=0.301  acc1=74.52%  acc2=76.65%  ens=75.58%  (best 76.55 @ ep 34)  [5.9s]
  ep  38: R(t)=0.894  l1=0.298  l2=0.296  acc1=73.98%  acc2=73.87%  ens=73.92%  (best 76.55 @ ep 34)  [6.1s]
  ep  39: R(t)=0.894  l1=0.292  l2=0.287  acc1=71.77%  acc2=74.46%  ens=73.11%  (best 76.55 @ ep 34)  [5.9s]
  ep  40: R(t)=0.894  l1=0.277  l2=0.286  acc1=76.93%  acc2=76.90%  ens=76.92%  (best 76.92 @ ep 40)  [5.8s]
  ep  41: R(t)=0.894  l1=0.277  l2=0.285  acc1=75.75%  acc2=75.58%  ens=75.67%  (best 76.92 @ ep 40)  [6.2s]
  ep  42: R(t)=0.894  l1=0.281  l2=0.281  acc1=75.10%  acc2=76.74%  ens=75.92%  (best 76.92 @ ep 40)  [6.1s]
  ep  43: R(t)=0.894  l1=0.271  l2=0.269  acc1=75.92%  acc2=76.12%  ens=76.02%  (best 76.92 @ ep 40)  [14.2s]
  ep  44: R(t)=0.894  l1=0.269  l2=0.263  acc1=76.84%  acc2=76.61%  ens=76.72%  (best 76.92 @ ep 40)  [13.6s]
  ep  45: R(t)=0.894  l1=0.254  l2=0.256  acc1=77.24%  acc2=79.13%  ens=78.18%  (best 78.18 @ ep 45)  [6.0s]
  ep  46: R(t)=0.894  l1=0.264  l2=0.252  acc1=78.36%  acc2=79.81%  ens=79.09%  (best 79.09 @ ep 46)  [6.0s]
  ep  47: R(t)=0.894  l1=0.243  l2=0.242  acc1=76.34%  acc2=75.04%  ens=75.69%  (best 79.09 @ ep 46)  [5.8s]
  ep  48: R(t)=0.894  l1=0.248  l2=0.248  acc1=75.06%  acc2=75.47%  ens=75.27%  (best 79.09 @ ep 46)  [6.2s]
  ep  49: R(t)=0.894  l1=0.239  l2=0.239  acc1=78.46%  acc2=78.21%  ens=78.33%  (best 79.09 @ ep 46)  [6.2s]
  ep  50: R(t)=0.894  l1=0.230  l2=0.233  acc1=74.95%  acc2=78.71%  ens=76.83%  (best 79.09 @ ep 46)  [6.0s]
  ep  51: R(t)=0.894  l1=0.231  l2=0.229  acc1=77.01%  acc2=80.64%  ens=78.83%  (best 79.09 @ ep 46)  [6.1s]
  ep  52: R(t)=0.894  l1=0.218  l2=0.215  acc1=79.22%  acc2=79.41%  ens=79.31%  (best 79.31 @ ep 52)  [6.1s]
  ep  53: R(t)=0.894  l1=0.215  l2=0.209  acc1=79.09%  acc2=78.07%  ens=78.58%  (best 79.31 @ ep 52)  [5.9s]
  ep  54: R(t)=0.894  l1=0.212  l2=0.206  acc1=80.73%  acc2=77.92%  ens=79.33%  (best 79.33 @ ep 54)  [7.4s]
  ep  55: R(t)=0.894  l1=0.204  l2=0.206  acc1=78.84%  acc2=78.32%  ens=78.58%  (best 79.33 @ ep 54)  [8.2s]
  ep  56: R(t)=0.894  l1=0.198  l2=0.202  acc1=80.59%  acc2=80.03%  ens=80.31%  (best 80.31 @ ep 56)  [5.8s]
  ep  57: R(t)=0.894  l1=0.190  l2=0.189  acc1=79.23%  acc2=78.09%  ens=78.66%  (best 80.31 @ ep 56)  [6.0s]
  ep  58: R(t)=0.894  l1=0.192  l2=0.191  acc1=79.65%  acc2=79.50%  ens=79.57%  (best 80.31 @ ep 56)  [6.1s]
  ep  59: R(t)=0.894  l1=0.179  l2=0.181  acc1=81.00%  acc2=82.32%  ens=81.66%  (best 81.66 @ ep 59)  [5.9s]
  ep  60: R(t)=0.894  l1=0.178  l2=0.177  acc1=79.89%  acc2=80.46%  ens=80.17%  (best 81.66 @ ep 59)  [6.3s]
  ep  61: R(t)=0.894  l1=0.175  l2=0.162  acc1=80.07%  acc2=80.25%  ens=80.16%  (best 81.66 @ ep 59)  [6.1s]
  ep  62: R(t)=0.894  l1=0.164  l2=0.166  acc1=79.62%  acc2=81.72%  ens=80.67%  (best 81.66 @ ep 59)  [6.2s]
  ep  63: R(t)=0.894  l1=0.156  l2=0.155  acc1=80.86%  acc2=82.08%  ens=81.47%  (best 81.66 @ ep 59)  [6.0s]
  ep  64: R(t)=0.894  l1=0.151  l2=0.148  acc1=80.57%  acc2=80.94%  ens=80.75%  (best 81.66 @ ep 59)  [6.0s]
  ep  65: R(t)=0.894  l1=0.155  l2=0.149  acc1=81.12%  acc2=80.73%  ens=80.92%  (best 81.66 @ ep 59)  [8.0s]
  ep  66: R(t)=0.894  l1=0.138  l2=0.140  acc1=81.79%  acc2=82.97%  ens=82.38%  (best 82.38 @ ep 66)  [14.5s]
  ep  67: R(t)=0.894  l1=0.132  l2=0.130  acc1=80.76%  acc2=81.85%  ens=81.31%  (best 82.38 @ ep 66)  [13.7s]
  ep  68: R(t)=0.894  l1=0.129  l2=0.126  acc1=81.20%  acc2=81.08%  ens=81.14%  (best 82.38 @ ep 66)  [5.8s]
  ep  69: R(t)=0.894  l1=0.128  l2=0.114  acc1=81.75%  acc2=82.06%  ens=81.91%  (best 82.38 @ ep 66)  [6.1s]
  ep  70: R(t)=0.894  l1=0.113  l2=0.111  acc1=83.13%  acc2=83.13%  ens=83.13%  (best 83.13 @ ep 70)  [5.8s]
  ep  71: R(t)=0.894  l1=0.111  l2=0.104  acc1=81.87%  acc2=82.60%  ens=82.23%  (best 83.13 @ ep 70)  [5.9s]
  ep  72: R(t)=0.894  l1=0.107  l2=0.103  acc1=82.98%  acc2=81.30%  ens=82.14%  (best 83.13 @ ep 70)  [6.0s]
  ep  73: R(t)=0.894  l1=0.097  l2=0.091  acc1=83.99%  acc2=82.83%  ens=83.41%  (best 83.41 @ ep 73)  [6.0s]
  ep  74: R(t)=0.894  l1=0.089  l2=0.088  acc1=84.12%  acc2=83.34%  ens=83.73%  (best 83.73 @ ep 74)  [5.9s]
  ep  75: R(t)=0.894  l1=0.081  l2=0.078  acc1=83.49%  acc2=83.87%  ens=83.68%  (best 83.73 @ ep 74)  [6.1s]
  ep  76: R(t)=0.894  l1=0.076  l2=0.083  acc1=83.97%  acc2=83.52%  ens=83.75%  (best 83.75 @ ep 76)  [6.0s]
  ep  77: R(t)=0.894  l1=0.069  l2=0.072  acc1=84.02%  acc2=84.35%  ens=84.19%  (best 84.19 @ ep 77)  [6.1s]
  ep  78: R(t)=0.894  l1=0.062  l2=0.061  acc1=83.83%  acc2=84.34%  ens=84.09%  (best 84.19 @ ep 77)  [11.9s]
  ep  79: R(t)=0.894  l1=0.055  l2=0.057  acc1=84.02%  acc2=84.28%  ens=84.15%  (best 84.19 @ ep 77)  [16.0s]
  ep  80: R(t)=0.894  l1=0.060  l2=0.055  acc1=84.11%  acc2=84.04%  ens=84.08%  (best 84.19 @ ep 77)  [14.6s]
  ep  81: R(t)=0.894  l1=0.051  l2=0.052  acc1=84.73%  acc2=84.45%  ens=84.59%  (best 84.59 @ ep 81)  [6.0s]
  ep  82: R(t)=0.894  l1=0.048  l2=0.045  acc1=84.51%  acc2=84.85%  ens=84.68%  (best 84.68 @ ep 82)  [5.8s]
  ep  83: R(t)=0.894  l1=0.041  l2=0.043  acc1=84.43%  acc2=84.83%  ens=84.63%  (best 84.68 @ ep 82)  [5.9s]
  ep  84: R(t)=0.894  l1=0.039  l2=0.038  acc1=84.94%  acc2=84.25%  ens=84.59%  (best 84.68 @ ep 82)  [6.0s]
  ep  85: R(t)=0.894  l1=0.038  l2=0.035  acc1=84.79%  acc2=84.77%  ens=84.78%  (best 84.78 @ ep 85)  [6.1s]
  ep  86: R(t)=0.894  l1=0.031  l2=0.031  acc1=84.76%  acc2=84.71%  ens=84.73%  (best 84.78 @ ep 85)  [5.9s]
  ep  87: R(t)=0.894  l1=0.032  l2=0.031  acc1=84.97%  acc2=84.98%  ens=84.97%  (best 84.97 @ ep 87)  [6.0s]
  ep  88: R(t)=0.894  l1=0.031  l2=0.029  acc1=85.00%  acc2=85.10%  ens=85.05%  (best 85.05 @ ep 88)  [6.0s]
  ep  89: R(t)=0.894  l1=0.029  l2=0.026  acc1=85.00%  acc2=85.23%  ens=85.11%  (best 85.11 @ ep 89)  [6.0s]
  ep  90: R(t)=0.894  l1=0.026  l2=0.026  acc1=85.02%  acc2=85.05%  ens=85.03%  (best 85.11 @ ep 89)  [5.9s]
  ep  91: R(t)=0.894  l1=0.026  l2=0.025  acc1=85.07%  acc2=85.40%  ens=85.23%  (best 85.23 @ ep 91)  [10.5s]
  ep  92: R(t)=0.894  l1=0.026  l2=0.024  acc1=85.14%  acc2=85.20%  ens=85.17%  (best 85.23 @ ep 91)  [13.8s]
  ep  93: R(t)=0.894  l1=0.023  l2=0.022  acc1=85.18%  acc2=85.27%  ens=85.22%  (best 85.23 @ ep 91)  [5.9s]
  ep  94: R(t)=0.894  l1=0.022  l2=0.022  acc1=85.19%  acc2=85.27%  ens=85.23%  (best 85.23 @ ep 91)  [6.1s]
  ep  95: R(t)=0.894  l1=0.022  l2=0.022  acc1=85.17%  acc2=85.33%  ens=85.25%  (best 85.25 @ ep 95)  [6.0s]
  ep  96: R(t)=0.894  l1=0.021  l2=0.020  acc1=85.22%  acc2=85.34%  ens=85.28%  (best 85.28 @ ep 96)  [5.8s]
  ep  97: R(t)=0.894  l1=0.024  l2=0.021  acc1=85.24%  acc2=85.29%  ens=85.27%  (best 85.28 @ ep 96)  [6.0s]
  ep  98: R(t)=0.894  l1=0.021  l2=0.018  acc1=85.13%  acc2=85.36%  ens=85.24%  (best 85.28 @ ep 96)  [5.9s]
  ep  99: R(t)=0.894  l1=0.021  l2=0.019  acc1=85.14%  acc2=85.32%  ens=85.23%  (best 85.28 @ ep 96)  [6.0s]

saved /path/to/ciln-workspace/journal_edition/robustness_transfer/results_v3/coteaching/gu_low__seed0.json: best ens-acc 85.28% @ ep 96
