/path/to/ciln-workspace/venv/lib/python3.12/site-packages/torchvision/datasets/cifar.py:83: VisibleDeprecationWarning: dtype(): align should be passed as Python or NumPy boolean but got `align=0`. Did you mean to pass a tuple to create a subarray type? (Deprecated NumPy 2.4)
  entry = pickle.load(f, encoding="latin1")
condition=gu_low seed=2 gpu=1
  ep   0: R(t)=1.000  l1=1.892  l2=1.861  acc1=34.30%  acc2=35.12%  ens=34.71%  (best 34.71 @ ep 0)  [11.0s]
  ep   1: R(t)=0.966  l1=1.479  l2=1.441  acc1=36.28%  acc2=45.39%  ens=40.84%  (best 40.84 @ ep 1)  [13.2s]
  ep   2: R(t)=0.952  l1=1.228  l2=1.174  acc1=50.60%  acc2=55.19%  ens=52.90%  (best 52.90 @ ep 2)  [6.1s]
  ep   3: R(t)=0.942  l1=1.033  l2=1.017  acc1=56.21%  acc2=55.20%  ens=55.71%  (best 55.71 @ ep 3)  [6.4s]
  ep   4: R(t)=0.933  l1=0.911  l2=0.883  acc1=55.90%  acc2=58.15%  ens=57.03%  (best 57.03 @ ep 4)  [6.0s]
  ep   5: R(t)=0.925  l1=0.814  l2=0.797  acc1=58.28%  acc2=61.28%  ens=59.78%  (best 59.78 @ ep 5)  [6.0s]
  ep   6: R(t)=0.918  l1=0.738  l2=0.722  acc1=65.43%  acc2=60.00%  ens=62.71%  (best 62.71 @ ep 6)  [6.2s]
  ep   7: R(t)=0.911  l1=0.670  l2=0.660  acc1=62.45%  acc2=60.41%  ens=61.43%  (best 62.71 @ ep 6)  [6.1s]
  ep   8: R(t)=0.905  l1=0.617  l2=0.625  acc1=55.83%  acc2=59.94%  ens=57.89%  (best 62.71 @ ep 6)  [6.1s]
  ep   9: R(t)=0.899  l1=0.572  l2=0.561  acc1=64.47%  acc2=67.02%  ens=65.75%  (best 65.75 @ ep 9)  [6.1s]
  ep  10: R(t)=0.894  l1=0.520  l2=0.518  acc1=66.46%  acc2=69.86%  ens=68.16%  (best 68.16 @ ep 10)  [5.9s]
  ep  11: R(t)=0.894  l1=0.506  l2=0.504  acc1=69.89%  acc2=69.39%  ens=69.64%  (best 69.64 @ ep 11)  [6.3s]
  ep  12: R(t)=0.894  l1=0.469  l2=0.481  acc1=68.40%  acc2=66.34%  ens=67.37%  (best 69.64 @ ep 11)  [14.3s]
  ep  13: R(t)=0.894  l1=0.479  l2=0.485  acc1=73.31%  acc2=71.88%  ens=72.59%  (best 72.59 @ ep 13)  [8.2s]
  ep  14: R(t)=0.894  l1=0.453  l2=0.460  acc1=72.02%  acc2=69.87%  ens=70.94%  (best 72.59 @ ep 13)  [6.2s]
  ep  15: R(t)=0.894  l1=0.436  l2=0.433  acc1=64.62%  acc2=58.50%  ens=61.56%  (best 72.59 @ ep 13)  [6.1s]
  ep  16: R(t)=0.894  l1=0.439  l2=0.438  acc1=70.17%  acc2=64.40%  ens=67.28%  (best 72.59 @ ep 13)  [6.1s]
  ep  17: R(t)=0.894  l1=0.412  l2=0.414  acc1=70.68%  acc2=69.13%  ens=69.91%  (best 72.59 @ ep 13)  [5.8s]
  ep  18: R(t)=0.894  l1=0.414  l2=0.417  acc1=70.70%  acc2=70.74%  ens=70.72%  (best 72.59 @ ep 13)  [6.0s]
  ep  19: R(t)=0.894  l1=0.395  l2=0.403  acc1=72.93%  acc2=73.04%  ens=72.98%  (best 72.98 @ ep 19)  [6.2s]
  ep  20: R(t)=0.894  l1=0.399  l2=0.390  acc1=67.44%  acc2=70.08%  ens=68.76%  (best 72.98 @ ep 19)  [6.1s]
  ep  21: R(t)=0.894  l1=0.384  l2=0.389  acc1=72.28%  acc2=69.35%  ens=70.82%  (best 72.98 @ ep 19)  [5.8s]
  ep  22: R(t)=0.894  l1=0.373  l2=0.382  acc1=70.18%  acc2=75.01%  ens=72.59%  (best 72.98 @ ep 19)  [6.0s]
  ep  23: R(t)=0.894  l1=0.381  l2=0.363  acc1=73.56%  acc2=69.39%  ens=71.47%  (best 72.98 @ ep 19)  [14.2s]
  ep  24: R(t)=0.894  l1=0.373  l2=0.376  acc1=74.13%  acc2=74.26%  ens=74.19%  (best 74.19 @ ep 24)  [15.7s]
  ep  25: R(t)=0.894  l1=0.357  l2=0.366  acc1=71.55%  acc2=73.05%  ens=72.30%  (best 74.19 @ ep 24)  [15.6s]
  ep  26: R(t)=0.894  l1=0.360  l2=0.356  acc1=71.19%  acc2=75.11%  ens=73.15%  (best 74.19 @ ep 24)  [7.0s]
  ep  27: R(t)=0.894  l1=0.355  l2=0.352  acc1=69.72%  acc2=69.57%  ens=69.64%  (best 74.19 @ ep 24)  [6.1s]
  ep  28: R(t)=0.894  l1=0.339  l2=0.334  acc1=71.23%  acc2=58.55%  ens=64.89%  (best 74.19 @ ep 24)  [5.8s]
  ep  29: R(t)=0.894  l1=0.334  l2=0.343  acc1=73.90%  acc2=73.20%  ens=73.55%  (best 74.19 @ ep 24)  [6.3s]
  ep  30: R(t)=0.894  l1=0.335  l2=0.331  acc1=75.75%  acc2=75.60%  ens=75.67%  (best 75.67 @ ep 30)  [5.9s]
  ep  31: R(t)=0.894  l1=0.329  l2=0.317  acc1=76.48%  acc2=74.15%  ens=75.31%  (best 75.67 @ ep 30)  [6.0s]
  ep  32: R(t)=0.894  l1=0.329  l2=0.323  acc1=76.35%  acc2=68.97%  ens=72.66%  (best 75.67 @ ep 30)  [6.0s]
  ep  33: R(t)=0.894  l1=0.311  l2=0.315  acc1=72.17%  acc2=72.29%  ens=72.23%  (best 75.67 @ ep 30)  [6.0s]
  ep  34: R(t)=0.894  l1=0.312  l2=0.312  acc1=69.21%  acc2=76.25%  ens=72.73%  (best 75.67 @ ep 30)  [6.0s]
  ep  35: R(t)=0.894  l1=0.316  l2=0.312  acc1=76.17%  acc2=73.54%  ens=74.86%  (best 75.67 @ ep 30)  [6.1s]
  ep  36: R(t)=0.894  l1=0.307  l2=0.300  acc1=71.90%  acc2=70.56%  ens=71.23%  (best 75.67 @ ep 30)  [13.1s]
  ep  37: R(t)=0.894  l1=0.292  l2=0.292  acc1=75.51%  acc2=74.25%  ens=74.88%  (best 75.67 @ ep 30)  [6.1s]
  ep  38: R(t)=0.894  l1=0.305  l2=0.299  acc1=73.12%  acc2=75.97%  ens=74.54%  (best 75.67 @ ep 30)  [6.2s]
  ep  39: R(t)=0.894  l1=0.281  l2=0.281  acc1=68.57%  acc2=68.75%  ens=68.66%  (best 75.67 @ ep 30)  [5.9s]
  ep  40: R(t)=0.894  l1=0.285  l2=0.291  acc1=76.13%  acc2=74.11%  ens=75.12%  (best 75.67 @ ep 30)  [6.0s]
  ep  41: R(t)=0.894  l1=0.284  l2=0.286  acc1=75.96%  acc2=77.29%  ens=76.63%  (best 76.63 @ ep 41)  [6.0s]
  ep  42: R(t)=0.894  l1=0.266  l2=0.264  acc1=79.43%  acc2=75.22%  ens=77.33%  (best 77.33 @ ep 42)  [5.9s]
  ep  43: R(t)=0.894  l1=0.267  l2=0.273  acc1=75.95%  acc2=76.47%  ens=76.21%  (best 77.33 @ ep 42)  [5.8s]
  ep  44: R(t)=0.894  l1=0.265  l2=0.270  acc1=78.37%  acc2=75.33%  ens=76.85%  (best 77.33 @ ep 42)  [6.2s]
  ep  45: R(t)=0.894  l1=0.261  l2=0.258  acc1=76.72%  acc2=77.45%  ens=77.09%  (best 77.33 @ ep 42)  [6.2s]
  ep  46: R(t)=0.894  l1=0.245  l2=0.243  acc1=75.79%  acc2=76.01%  ens=75.90%  (best 77.33 @ ep 42)  [6.1s]
  ep  47: R(t)=0.894  l1=0.245  l2=0.240  acc1=76.39%  acc2=76.80%  ens=76.59%  (best 77.33 @ ep 42)  [12.9s]
  ep  48: R(t)=0.894  l1=0.243  l2=0.250  acc1=77.82%  acc2=76.24%  ens=77.03%  (best 77.33 @ ep 42)  [17.1s]
  ep  49: R(t)=0.894  l1=0.236  l2=0.246  acc1=75.61%  acc2=76.70%  ens=76.16%  (best 77.33 @ ep 42)  [15.4s]
  ep  50: R(t)=0.894  l1=0.225  l2=0.223  acc1=78.12%  acc2=78.36%  ens=78.24%  (best 78.24 @ ep 50)  [7.8s]
  ep  51: R(t)=0.894  l1=0.231  l2=0.231  acc1=74.56%  acc2=74.75%  ens=74.66%  (best 78.24 @ ep 50)  [6.1s]
  ep  52: R(t)=0.894  l1=0.224  l2=0.222  acc1=79.24%  acc2=76.13%  ens=77.69%  (best 78.24 @ ep 50)  [6.0s]
  ep  53: R(t)=0.894  l1=0.211  l2=0.214  acc1=79.11%  acc2=80.65%  ens=79.88%  (best 79.88 @ ep 53)  [6.3s]
  ep  54: R(t)=0.894  l1=0.214  l2=0.215  acc1=79.73%  acc2=79.37%  ens=79.55%  (best 79.88 @ ep 53)  [6.2s]
  ep  55: R(t)=0.894  l1=0.202  l2=0.198  acc1=79.85%  acc2=78.10%  ens=78.97%  (best 79.88 @ ep 53)  [6.0s]
  ep  56: R(t)=0.894  l1=0.197  l2=0.192  acc1=79.67%  acc2=78.33%  ens=79.00%  (best 79.88 @ ep 53)  [5.9s]
  ep  57: R(t)=0.894  l1=0.193  l2=0.194  acc1=79.87%  acc2=80.79%  ens=80.33%  (best 80.33 @ ep 57)  [6.1s]
  ep  58: R(t)=0.894  l1=0.180  l2=0.184  acc1=79.80%  acc2=80.35%  ens=80.08%  (best 80.33 @ ep 57)  [6.2s]
  ep  59: R(t)=0.894  l1=0.170  l2=0.177  acc1=79.37%  acc2=80.62%  ens=79.99%  (best 80.33 @ ep 57)  [6.0s]
  ep  60: R(t)=0.894  l1=0.175  l2=0.180  acc1=81.04%  acc2=79.44%  ens=80.24%  (best 80.33 @ ep 57)  [7.9s]
  ep  61: R(t)=0.894  l1=0.168  l2=0.170  acc1=79.01%  acc2=76.83%  ens=77.92%  (best 80.33 @ ep 57)  [17.3s]
  ep  62: R(t)=0.894  l1=0.166  l2=0.166  acc1=81.38%  acc2=81.05%  ens=81.21%  (best 81.21 @ ep 62)  [14.8s]
  ep  63: R(t)=0.894  l1=0.158  l2=0.154  acc1=81.41%  acc2=80.62%  ens=81.02%  (best 81.21 @ ep 62)  [13.8s]
  ep  64: R(t)=0.894  l1=0.154  l2=0.154  acc1=81.08%  acc2=81.42%  ens=81.25%  (best 81.25 @ ep 64)  [5.9s]
  ep  65: R(t)=0.894  l1=0.133  l2=0.137  acc1=82.29%  acc2=81.79%  ens=82.04%  (best 82.04 @ ep 65)  [6.1s]
  ep  66: R(t)=0.894  l1=0.132  l2=0.132  acc1=81.68%  acc2=80.68%  ens=81.18%  (best 82.04 @ ep 65)  [6.2s]
  ep  67: R(t)=0.894  l1=0.132  l2=0.139  acc1=81.58%  acc2=82.27%  ens=81.92%  (best 82.04 @ ep 65)  [5.8s]
  ep  68: R(t)=0.894  l1=0.120  l2=0.131  acc1=82.19%  acc2=82.55%  ens=82.37%  (best 82.37 @ ep 68)  [6.2s]
  ep  69: R(t)=0.894  l1=0.120  l2=0.128  acc1=83.08%  acc2=82.14%  ens=82.61%  (best 82.61 @ ep 69)  [6.0s]
  ep  70: R(t)=0.894  l1=0.117  l2=0.111  acc1=81.92%  acc2=82.52%  ens=82.22%  (best 82.61 @ ep 69)  [6.2s]
  ep  71: R(t)=0.894  l1=0.106  l2=0.106  acc1=81.70%  acc2=82.35%  ens=82.02%  (best 82.61 @ ep 69)  [6.0s]
  ep  72: R(t)=0.894  l1=0.100  l2=0.104  acc1=81.99%  acc2=83.51%  ens=82.75%  (best 82.75 @ ep 72)  [6.1s]
  ep  73: R(t)=0.894  l1=0.087  l2=0.090  acc1=83.40%  acc2=83.57%  ens=83.48%  (best 83.48 @ ep 73)  [6.1s]
  ep  74: R(t)=0.894  l1=0.089  l2=0.086  acc1=83.30%  acc2=83.16%  ens=83.23%  (best 83.48 @ ep 73)  [14.7s]
  ep  75: R(t)=0.894  l1=0.082  l2=0.083  acc1=83.58%  acc2=83.49%  ens=83.53%  (best 83.53 @ ep 75)  [15.9s]
  ep  76: R(t)=0.894  l1=0.080  l2=0.078  acc1=83.19%  acc2=83.94%  ens=83.56%  (best 83.56 @ ep 76)  [15.5s]
  ep  77: R(t)=0.894  l1=0.068  l2=0.070  acc1=83.67%  acc2=83.76%  ens=83.72%  (best 83.72 @ ep 77)  [8.0s]
  ep  78: R(t)=0.894  l1=0.066  l2=0.065  acc1=83.81%  acc2=83.28%  ens=83.55%  (best 83.72 @ ep 77)  [6.2s]
  ep  79: R(t)=0.894  l1=0.057  l2=0.063  acc1=84.50%  acc2=83.80%  ens=84.15%  (best 84.15 @ ep 79)  [6.0s]
  ep  80: R(t)=0.894  l1=0.050  l2=0.049  acc1=84.61%  acc2=84.10%  ens=84.36%  (best 84.36 @ ep 80)  [5.8s]
  ep  81: R(t)=0.894  l1=0.048  l2=0.047  acc1=84.69%  acc2=84.18%  ens=84.43%  (best 84.43 @ ep 81)  [6.0s]
  ep  82: R(t)=0.894  l1=0.045  l2=0.045  acc1=84.81%  acc2=84.45%  ens=84.63%  (best 84.63 @ ep 82)  [6.0s]
  ep  83: R(t)=0.894  l1=0.039  l2=0.041  acc1=85.04%  acc2=85.05%  ens=85.05%  (best 85.05 @ ep 83)  [6.1s]
  ep  84: R(t)=0.894  l1=0.038  l2=0.038  acc1=84.80%  acc2=84.80%  ens=84.80%  (best 85.05 @ ep 83)  [6.1s]
  ep  85: R(t)=0.894  l1=0.034  l2=0.034  acc1=85.67%  acc2=85.09%  ens=85.38%  (best 85.38 @ ep 85)  [6.0s]
  ep  86: R(t)=0.894  l1=0.031  l2=0.032  acc1=85.28%  acc2=85.12%  ens=85.20%  (best 85.38 @ ep 85)  [6.2s]
  ep  87: R(t)=0.894  l1=0.027  l2=0.029  acc1=85.35%  acc2=85.07%  ens=85.21%  (best 85.38 @ ep 85)  [13.4s]
  ep  88: R(t)=0.894  l1=0.027  l2=0.028  acc1=85.18%  acc2=85.17%  ens=85.17%  (best 85.38 @ ep 85)  [13.9s]
  ep  89: R(t)=0.894  l1=0.023  l2=0.024  acc1=85.39%  acc2=85.43%  ens=85.41%  (best 85.41 @ ep 89)  [15.0s]
  ep  90: R(t)=0.894  l1=0.025  l2=0.025  acc1=85.51%  acc2=85.32%  ens=85.41%  (best 85.41 @ ep 90)  [6.1s]
  ep  91: R(t)=0.894  l1=0.023  l2=0.024  acc1=85.47%  acc2=85.21%  ens=85.34%  (best 85.41 @ ep 90)  [6.2s]
  ep  92: R(t)=0.894  l1=0.021  l2=0.021  acc1=85.60%  acc2=85.19%  ens=85.39%  (best 85.41 @ ep 90)  [5.9s]
  ep  93: R(t)=0.894  l1=0.024  l2=0.024  acc1=85.40%  acc2=85.12%  ens=85.26%  (best 85.41 @ ep 90)  [6.0s]
  ep  94: R(t)=0.894  l1=0.021  l2=0.021  acc1=85.57%  acc2=85.19%  ens=85.38%  (best 85.41 @ ep 90)  [6.0s]
  ep  95: R(t)=0.894  l1=0.021  l2=0.021  acc1=85.61%  acc2=85.23%  ens=85.42%  (best 85.42 @ ep 95)  [6.5s]
  ep  96: R(t)=0.894  l1=0.020  l2=0.021  acc1=85.60%  acc2=85.07%  ens=85.34%  (best 85.42 @ ep 95)  [6.2s]
  ep  97: R(t)=0.894  l1=0.020  l2=0.020  acc1=85.57%  acc2=85.22%  ens=85.39%  (best 85.42 @ ep 95)  [6.3s]
  ep  98: R(t)=0.894  l1=0.021  l2=0.022  acc1=85.62%  acc2=85.14%  ens=85.38%  (best 85.42 @ ep 95)  [6.1s]
  ep  99: R(t)=0.894  l1=0.021  l2=0.020  acc1=85.62%  acc2=85.17%  ens=85.39%  (best 85.42 @ ep 95)  [9.9s]

saved /path/to/ciln-workspace/journal_edition/robustness_transfer/results_v3/coteaching/gu_low__seed2.json: best ens-acc 85.42% @ ep 95
