/path/to/ciln-workspace/venv/lib/python3.12/site-packages/torchvision/datasets/cifar.py:83: VisibleDeprecationWarning: dtype(): align should be passed as Python or NumPy boolean but got `align=0`. Did you mean to pass a tuple to create a subarray type? (Deprecated NumPy 2.4)
  entry = pickle.load(f, encoding="latin1")
condition=gu_low seed=1 gpu=1
  ep   0: R(t)=1.000  l1=1.876  l2=1.878  acc1=35.13%  acc2=31.92%  ens=33.52%  (best 33.52 @ ep 0)  [7.1s]
  ep   1: R(t)=0.966  l1=1.517  l2=1.512  acc1=41.77%  acc2=39.04%  ens=40.41%  (best 40.41 @ ep 1)  [12.0s]
  ep   2: R(t)=0.952  l1=1.234  l2=1.258  acc1=45.86%  acc2=54.24%  ens=50.05%  (best 50.05 @ ep 2)  [15.1s]
  ep   3: R(t)=0.942  l1=1.032  l2=1.032  acc1=55.11%  acc2=53.73%  ens=54.42%  (best 54.42 @ ep 3)  [17.0s]
  ep   4: R(t)=0.933  l1=0.898  l2=0.902  acc1=49.61%  acc2=53.75%  ens=51.68%  (best 54.42 @ ep 3)  [5.9s]
  ep   5: R(t)=0.925  l1=0.791  l2=0.790  acc1=59.20%  acc2=66.06%  ens=62.63%  (best 62.63 @ ep 5)  [5.7s]
  ep   6: R(t)=0.918  l1=0.731  l2=0.718  acc1=59.82%  acc2=60.30%  ens=60.06%  (best 62.63 @ ep 5)  [6.2s]
  ep   7: R(t)=0.911  l1=0.676  l2=0.666  acc1=64.65%  acc2=64.30%  ens=64.47%  (best 64.47 @ ep 7)  [6.0s]
  ep   8: R(t)=0.905  l1=0.620  l2=0.611  acc1=61.97%  acc2=63.19%  ens=62.58%  (best 64.47 @ ep 7)  [5.9s]
  ep   9: R(t)=0.899  l1=0.578  l2=0.558  acc1=64.33%  acc2=66.63%  ens=65.48%  (best 65.48 @ ep 9)  [5.8s]
  ep  10: R(t)=0.894  l1=0.534  l2=0.525  acc1=68.69%  acc2=61.06%  ens=64.88%  (best 65.48 @ ep 9)  [6.2s]
  ep  11: R(t)=0.894  l1=0.505  l2=0.497  acc1=71.04%  acc2=70.80%  ens=70.92%  (best 70.92 @ ep 11)  [6.5s]
  ep  12: R(t)=0.894  l1=0.476  l2=0.471  acc1=64.10%  acc2=67.04%  ens=65.57%  (best 70.92 @ ep 11)  [6.1s]
  ep  13: R(t)=0.894  l1=0.475  l2=0.467  acc1=71.45%  acc2=69.10%  ens=70.28%  (best 70.92 @ ep 11)  [6.3s]
  ep  14: R(t)=0.894  l1=0.459  l2=0.454  acc1=71.66%  acc2=73.08%  ens=72.37%  (best 72.37 @ ep 14)  [14.8s]
  ep  15: R(t)=0.894  l1=0.450  l2=0.437  acc1=70.60%  acc2=62.34%  ens=66.47%  (best 72.37 @ ep 14)  [15.0s]
  ep  16: R(t)=0.894  l1=0.421  l2=0.413  acc1=69.91%  acc2=69.15%  ens=69.53%  (best 72.37 @ ep 14)  [13.9s]
  ep  17: R(t)=0.894  l1=0.411  l2=0.413  acc1=72.62%  acc2=65.89%  ens=69.25%  (best 72.37 @ ep 14)  [6.1s]
  ep  18: R(t)=0.894  l1=0.423  l2=0.406  acc1=74.78%  acc2=69.98%  ens=72.38%  (best 72.38 @ ep 18)  [6.0s]
  ep  19: R(t)=0.894  l1=0.393  l2=0.403  acc1=72.55%  acc2=70.69%  ens=71.62%  (best 72.38 @ ep 18)  [6.0s]
  ep  20: R(t)=0.894  l1=0.382  l2=0.370  acc1=72.10%  acc2=68.96%  ens=70.53%  (best 72.38 @ ep 18)  [5.8s]
  ep  21: R(t)=0.894  l1=0.380  l2=0.367  acc1=72.61%  acc2=69.26%  ens=70.93%  (best 72.38 @ ep 18)  [5.7s]
  ep  22: R(t)=0.894  l1=0.375  l2=0.375  acc1=76.93%  acc2=75.36%  ens=76.14%  (best 76.14 @ ep 22)  [6.1s]
  ep  23: R(t)=0.894  l1=0.374  l2=0.365  acc1=74.48%  acc2=72.12%  ens=73.30%  (best 76.14 @ ep 22)  [6.0s]
  ep  24: R(t)=0.894  l1=0.364  l2=0.355  acc1=74.68%  acc2=69.10%  ens=71.89%  (best 76.14 @ ep 22)  [5.8s]
  ep  25: R(t)=0.894  l1=0.351  l2=0.354  acc1=70.22%  acc2=72.37%  ens=71.30%  (best 76.14 @ ep 22)  [6.1s]
  ep  26: R(t)=0.894  l1=0.350  l2=0.347  acc1=72.03%  acc2=72.56%  ens=72.30%  (best 76.14 @ ep 22)  [6.6s]
  ep  27: R(t)=0.894  l1=0.353  l2=0.335  acc1=67.59%  acc2=74.98%  ens=71.28%  (best 76.14 @ ep 22)  [14.1s]
  ep  28: R(t)=0.894  l1=0.349  l2=0.347  acc1=71.69%  acc2=74.04%  ens=72.87%  (best 76.14 @ ep 22)  [17.8s]
  ep  29: R(t)=0.894  l1=0.335  l2=0.319  acc1=76.37%  acc2=72.53%  ens=74.45%  (best 76.14 @ ep 22)  [12.2s]
  ep  30: R(t)=0.894  l1=0.333  l2=0.328  acc1=68.54%  acc2=78.00%  ens=73.27%  (best 76.14 @ ep 22)  [6.1s]
  ep  31: R(t)=0.894  l1=0.318  l2=0.318  acc1=71.53%  acc2=73.21%  ens=72.37%  (best 76.14 @ ep 22)  [6.0s]
  ep  32: R(t)=0.894  l1=0.325  l2=0.313  acc1=65.58%  acc2=74.84%  ens=70.21%  (best 76.14 @ ep 22)  [6.0s]
  ep  33: R(t)=0.894  l1=0.319  l2=0.317  acc1=74.30%  acc2=77.28%  ens=75.79%  (best 76.14 @ ep 22)  [6.3s]
  ep  34: R(t)=0.894  l1=0.310  l2=0.303  acc1=77.74%  acc2=75.61%  ens=76.68%  (best 76.68 @ ep 34)  [6.1s]
  ep  35: R(t)=0.894  l1=0.298  l2=0.288  acc1=66.72%  acc2=70.09%  ens=68.41%  (best 76.68 @ ep 34)  [6.0s]
  ep  36: R(t)=0.894  l1=0.291  l2=0.300  acc1=75.72%  acc2=71.30%  ens=73.51%  (best 76.68 @ ep 34)  [6.1s]
  ep  37: R(t)=0.894  l1=0.293  l2=0.291  acc1=75.41%  acc2=74.23%  ens=74.82%  (best 76.68 @ ep 34)  [5.9s]
  ep  38: R(t)=0.894  l1=0.289  l2=0.281  acc1=73.26%  acc2=69.99%  ens=71.62%  (best 76.68 @ ep 34)  [6.6s]
  ep  39: R(t)=0.894  l1=0.286  l2=0.277  acc1=77.90%  acc2=72.62%  ens=75.26%  (best 76.68 @ ep 34)  [13.8s]
  ep  40: R(t)=0.894  l1=0.280  l2=0.264  acc1=75.87%  acc2=73.82%  ens=74.84%  (best 76.68 @ ep 34)  [6.0s]
  ep  41: R(t)=0.894  l1=0.273  l2=0.273  acc1=78.01%  acc2=75.91%  ens=76.96%  (best 76.96 @ ep 41)  [6.0s]
  ep  42: R(t)=0.894  l1=0.273  l2=0.266  acc1=78.14%  acc2=79.55%  ens=78.84%  (best 78.84 @ ep 42)  [6.1s]
  ep  43: R(t)=0.894  l1=0.263  l2=0.251  acc1=74.97%  acc2=77.13%  ens=76.05%  (best 78.84 @ ep 42)  [5.9s]
  ep  44: R(t)=0.894  l1=0.257  l2=0.257  acc1=79.20%  acc2=77.37%  ens=78.29%  (best 78.84 @ ep 42)  [6.0s]
  ep  45: R(t)=0.894  l1=0.245  l2=0.235  acc1=75.33%  acc2=73.11%  ens=74.22%  (best 78.84 @ ep 42)  [6.1s]
  ep  46: R(t)=0.894  l1=0.258  l2=0.247  acc1=79.50%  acc2=79.47%  ens=79.48%  (best 79.48 @ ep 46)  [6.0s]
  ep  47: R(t)=0.894  l1=0.247  l2=0.236  acc1=78.67%  acc2=79.45%  ens=79.06%  (best 79.48 @ ep 46)  [6.2s]
  ep  48: R(t)=0.894  l1=0.238  l2=0.236  acc1=79.43%  acc2=79.01%  ens=79.22%  (best 79.48 @ ep 46)  [6.2s]
  ep  49: R(t)=0.894  l1=0.231  l2=0.223  acc1=70.89%  acc2=78.51%  ens=74.70%  (best 79.48 @ ep 46)  [8.1s]
  ep  50: R(t)=0.894  l1=0.230  l2=0.219  acc1=79.60%  acc2=80.96%  ens=80.28%  (best 80.28 @ ep 50)  [18.6s]
  ep  51: R(t)=0.894  l1=0.218  l2=0.217  acc1=77.38%  acc2=79.18%  ens=78.28%  (best 80.28 @ ep 50)  [14.9s]
  ep  52: R(t)=0.894  l1=0.223  l2=0.215  acc1=75.82%  acc2=78.35%  ens=77.09%  (best 80.28 @ ep 50)  [9.1s]
  ep  53: R(t)=0.894  l1=0.209  l2=0.211  acc1=80.92%  acc2=79.21%  ens=80.07%  (best 80.28 @ ep 50)  [5.9s]
  ep  54: R(t)=0.894  l1=0.207  l2=0.198  acc1=80.36%  acc2=79.29%  ens=79.83%  (best 80.28 @ ep 50)  [6.1s]
  ep  55: R(t)=0.894  l1=0.189  l2=0.185  acc1=78.97%  acc2=79.43%  ens=79.20%  (best 80.28 @ ep 50)  [6.2s]
  ep  56: R(t)=0.894  l1=0.199  l2=0.193  acc1=79.77%  acc2=78.39%  ens=79.08%  (best 80.28 @ ep 50)  [5.9s]
  ep  57: R(t)=0.894  l1=0.187  l2=0.179  acc1=80.29%  acc2=79.77%  ens=80.03%  (best 80.28 @ ep 50)  [6.1s]
  ep  58: R(t)=0.894  l1=0.197  l2=0.190  acc1=78.51%  acc2=80.66%  ens=79.58%  (best 80.28 @ ep 50)  [6.3s]
  ep  59: R(t)=0.894  l1=0.177  l2=0.174  acc1=80.15%  acc2=81.46%  ens=80.80%  (best 80.80 @ ep 59)  [6.2s]
  ep  60: R(t)=0.894  l1=0.172  l2=0.163  acc1=80.88%  acc2=81.00%  ens=80.94%  (best 80.94 @ ep 60)  [6.1s]
  ep  61: R(t)=0.894  l1=0.174  l2=0.164  acc1=81.46%  acc2=80.20%  ens=80.83%  (best 80.94 @ ep 60)  [6.1s]
  ep  62: R(t)=0.894  l1=0.159  l2=0.151  acc1=81.09%  acc2=81.26%  ens=81.17%  (best 81.17 @ ep 62)  [7.7s]
  ep  63: R(t)=0.894  l1=0.154  l2=0.146  acc1=80.40%  acc2=81.02%  ens=80.71%  (best 81.17 @ ep 62)  [14.0s]
  ep  64: R(t)=0.894  l1=0.152  l2=0.143  acc1=81.24%  acc2=81.42%  ens=81.33%  (best 81.33 @ ep 64)  [15.4s]
  ep  65: R(t)=0.894  l1=0.148  l2=0.134  acc1=82.08%  acc2=82.01%  ens=82.05%  (best 82.05 @ ep 65)  [13.1s]
  ep  66: R(t)=0.894  l1=0.130  l2=0.125  acc1=81.86%  acc2=81.32%  ens=81.59%  (best 82.05 @ ep 65)  [5.9s]
  ep  67: R(t)=0.894  l1=0.123  l2=0.118  acc1=81.43%  acc2=83.27%  ens=82.35%  (best 82.35 @ ep 67)  [6.0s]
  ep  68: R(t)=0.894  l1=0.120  l2=0.118  acc1=83.01%  acc2=83.22%  ens=83.12%  (best 83.12 @ ep 68)  [6.0s]
  ep  69: R(t)=0.894  l1=0.117  l2=0.110  acc1=83.69%  acc2=82.25%  ens=82.97%  (best 83.12 @ ep 68)  [6.0s]
  ep  70: R(t)=0.894  l1=0.110  l2=0.100  acc1=82.72%  acc2=82.06%  ens=82.39%  (best 83.12 @ ep 68)  [6.2s]
  ep  71: R(t)=0.894  l1=0.100  l2=0.094  acc1=82.67%  acc2=83.83%  ens=83.25%  (best 83.25 @ ep 71)  [5.9s]
  ep  72: R(t)=0.894  l1=0.093  l2=0.091  acc1=83.77%  acc2=83.46%  ens=83.61%  (best 83.61 @ ep 72)  [5.9s]
  ep  73: R(t)=0.894  l1=0.093  l2=0.092  acc1=83.50%  acc2=83.75%  ens=83.62%  (best 83.62 @ ep 73)  [5.8s]
  ep  74: R(t)=0.894  l1=0.084  l2=0.076  acc1=83.83%  acc2=83.07%  ens=83.45%  (best 83.62 @ ep 73)  [6.3s]
  ep  75: R(t)=0.894  l1=0.080  l2=0.075  acc1=84.17%  acc2=83.87%  ens=84.02%  (best 84.02 @ ep 75)  [6.0s]
  ep  76: R(t)=0.894  l1=0.071  l2=0.071  acc1=84.60%  acc2=84.27%  ens=84.43%  (best 84.43 @ ep 76)  [13.4s]
  ep  77: R(t)=0.894  l1=0.069  l2=0.063  acc1=84.56%  acc2=84.70%  ens=84.63%  (best 84.63 @ ep 77)  [18.2s]
  ep  78: R(t)=0.894  l1=0.066  l2=0.058  acc1=84.17%  acc2=84.79%  ens=84.48%  (best 84.63 @ ep 77)  [14.3s]
  ep  79: R(t)=0.894  l1=0.058  l2=0.055  acc1=84.78%  acc2=84.57%  ens=84.67%  (best 84.67 @ ep 79)  [6.0s]
  ep  80: R(t)=0.894  l1=0.047  l2=0.047  acc1=84.88%  acc2=85.04%  ens=84.96%  (best 84.96 @ ep 80)  [6.2s]
  ep  81: R(t)=0.894  l1=0.043  l2=0.044  acc1=84.91%  acc2=85.06%  ens=84.98%  (best 84.98 @ ep 81)  [5.8s]
  ep  82: R(t)=0.894  l1=0.039  l2=0.040  acc1=84.90%  acc2=85.05%  ens=84.97%  (best 84.98 @ ep 81)  [6.2s]
  ep  83: R(t)=0.894  l1=0.041  l2=0.038  acc1=85.50%  acc2=85.52%  ens=85.51%  (best 85.51 @ ep 83)  [6.0s]
  ep  84: R(t)=0.894  l1=0.036  l2=0.034  acc1=85.56%  acc2=85.57%  ens=85.56%  (best 85.56 @ ep 84)  [6.1s]
  ep  85: R(t)=0.894  l1=0.034  l2=0.031  acc1=85.45%  acc2=85.53%  ens=85.49%  (best 85.56 @ ep 84)  [6.5s]
  ep  86: R(t)=0.894  l1=0.028  l2=0.027  acc1=85.74%  acc2=85.58%  ens=85.66%  (best 85.66 @ ep 86)  [6.0s]
  ep  87: R(t)=0.894  l1=0.031  l2=0.027  acc1=85.85%  acc2=85.37%  ens=85.61%  (best 85.66 @ ep 86)  [6.2s]
  ep  88: R(t)=0.894  l1=0.029  l2=0.026  acc1=85.81%  acc2=85.72%  ens=85.77%  (best 85.77 @ ep 88)  [6.2s]
  ep  89: R(t)=0.894  l1=0.027  l2=0.023  acc1=85.72%  acc2=85.66%  ens=85.69%  (best 85.77 @ ep 88)  [15.8s]
  ep  90: R(t)=0.894  l1=0.026  l2=0.023  acc1=85.70%  acc2=85.88%  ens=85.79%  (best 85.79 @ ep 90)  [16.9s]
  ep  91: R(t)=0.894  l1=0.024  l2=0.021  acc1=85.77%  acc2=85.69%  ens=85.73%  (best 85.79 @ ep 90)  [13.3s]
  ep  92: R(t)=0.894  l1=0.022  l2=0.022  acc1=85.77%  acc2=85.82%  ens=85.80%  (best 85.80 @ ep 92)  [6.4s]
  ep  93: R(t)=0.894  l1=0.022  l2=0.021  acc1=85.94%  acc2=85.86%  ens=85.90%  (best 85.90 @ ep 93)  [6.1s]
  ep  94: R(t)=0.894  l1=0.022  l2=0.021  acc1=85.77%  acc2=85.93%  ens=85.85%  (best 85.90 @ ep 93)  [6.0s]
  ep  95: R(t)=0.894  l1=0.021  l2=0.019  acc1=85.77%  acc2=85.84%  ens=85.80%  (best 85.90 @ ep 93)  [6.0s]
  ep  96: R(t)=0.894  l1=0.021  l2=0.019  acc1=85.87%  acc2=86.03%  ens=85.95%  (best 85.95 @ ep 96)  [6.0s]
  ep  97: R(t)=0.894  l1=0.021  l2=0.020  acc1=85.93%  acc2=85.97%  ens=85.95%  (best 85.95 @ ep 96)  [5.7s]
  ep  98: R(t)=0.894  l1=0.020  l2=0.019  acc1=85.89%  acc2=85.94%  ens=85.92%  (best 85.95 @ ep 96)  [6.1s]
  ep  99: R(t)=0.894  l1=0.020  l2=0.019  acc1=85.84%  acc2=85.98%  ens=85.91%  (best 85.95 @ ep 96)  [5.8s]

saved /path/to/ciln-workspace/journal_edition/robustness_transfer/results_v3/coteaching/gu_low__seed1.json: best ens-acc 85.95% @ ep 96
