/path/to/ciln-workspace/venv/lib/python3.12/site-packages/torchvision/datasets/cifar.py:83: VisibleDeprecationWarning: dtype(): align should be passed as Python or NumPy boolean but got `align=0`. Did you mean to pass a tuple to create a subarray type? (Deprecated NumPy 2.4)
  entry = pickle.load(f, encoding="latin1")
condition=gu_medium seed=2 gpu=1
  ep   0: R(t)=1.000  l1=1.884  l2=1.880  acc1=37.85%  acc2=35.27%  ens=36.56%  (best 36.56 @ ep 0)  [7.3s]
  ep   1: R(t)=0.938  l1=1.413  l2=1.417  acc1=45.63%  acc2=44.99%  ens=45.31%  (best 45.31 @ ep 1)  [6.0s]
  ep   2: R(t)=0.912  l1=1.137  l2=1.136  acc1=52.54%  acc2=49.02%  ens=50.78%  (best 50.78 @ ep 2)  [6.2s]
  ep   3: R(t)=0.892  l1=0.945  l2=0.941  acc1=50.55%  acc2=56.62%  ens=53.58%  (best 53.58 @ ep 3)  [6.2s]
  ep   4: R(t)=0.876  l1=0.827  l2=0.812  acc1=56.33%  acc2=53.73%  ens=55.03%  (best 55.03 @ ep 4)  [6.1s]
  ep   5: R(t)=0.861  l1=0.721  l2=0.715  acc1=58.98%  acc2=61.54%  ens=60.26%  (best 60.26 @ ep 5)  [6.1s]
  ep   6: R(t)=0.848  l1=0.662  l2=0.661  acc1=63.65%  acc2=58.64%  ens=61.15%  (best 61.15 @ ep 6)  [6.0s]
  ep   7: R(t)=0.836  l1=0.605  l2=0.614  acc1=58.86%  acc2=56.63%  ens=57.75%  (best 61.15 @ ep 6)  [6.3s]
  ep   8: R(t)=0.824  l1=0.546  l2=0.550  acc1=59.37%  acc2=63.10%  ens=61.23%  (best 61.23 @ ep 8)  [6.5s]
  ep   9: R(t)=0.814  l1=0.493  l2=0.492  acc1=62.29%  acc2=66.41%  ens=64.35%  (best 64.35 @ ep 9)  [10.0s]
  ep  10: R(t)=0.803  l1=0.459  l2=0.461  acc1=58.60%  acc2=65.03%  ens=61.81%  (best 64.35 @ ep 9)  [17.4s]
  ep  11: R(t)=0.803  l1=0.439  l2=0.442  acc1=66.22%  acc2=59.02%  ens=62.62%  (best 64.35 @ ep 9)  [6.0s]
  ep  12: R(t)=0.803  l1=0.423  l2=0.422  acc1=69.11%  acc2=67.90%  ens=68.51%  (best 68.51 @ ep 12)  [6.0s]
  ep  13: R(t)=0.803  l1=0.402  l2=0.402  acc1=60.78%  acc2=56.81%  ens=58.79%  (best 68.51 @ ep 12)  [6.1s]
  ep  14: R(t)=0.803  l1=0.408  l2=0.396  acc1=69.43%  acc2=68.80%  ens=69.11%  (best 69.11 @ ep 14)  [5.8s]
  ep  15: R(t)=0.803  l1=0.384  l2=0.383  acc1=67.33%  acc2=66.64%  ens=66.98%  (best 69.11 @ ep 14)  [6.2s]
  ep  16: R(t)=0.803  l1=0.373  l2=0.373  acc1=65.98%  acc2=69.75%  ens=67.86%  (best 69.11 @ ep 14)  [6.5s]
  ep  17: R(t)=0.803  l1=0.375  l2=0.362  acc1=65.18%  acc2=64.91%  ens=65.05%  (best 69.11 @ ep 14)  [5.9s]
  ep  18: R(t)=0.803  l1=0.356  l2=0.361  acc1=69.20%  acc2=71.45%  ens=70.32%  (best 70.32 @ ep 18)  [6.0s]
  ep  19: R(t)=0.803  l1=0.361  l2=0.360  acc1=65.30%  acc2=67.27%  ens=66.28%  (best 70.32 @ ep 18)  [5.8s]
  ep  20: R(t)=0.803  l1=0.340  l2=0.341  acc1=71.68%  acc2=71.98%  ens=71.83%  (best 71.83 @ ep 20)  [6.0s]
  ep  21: R(t)=0.803  l1=0.346  l2=0.337  acc1=69.68%  acc2=65.24%  ens=67.46%  (best 71.83 @ ep 20)  [13.0s]
  ep  22: R(t)=0.803  l1=0.341  l2=0.332  acc1=73.47%  acc2=71.99%  ens=72.73%  (best 72.73 @ ep 22)  [13.6s]
  ep  23: R(t)=0.803  l1=0.318  l2=0.327  acc1=70.30%  acc2=67.46%  ens=68.88%  (best 72.73 @ ep 22)  [5.8s]
  ep  24: R(t)=0.803  l1=0.326  l2=0.329  acc1=68.60%  acc2=72.26%  ens=70.43%  (best 72.73 @ ep 22)  [6.4s]
  ep  25: R(t)=0.803  l1=0.320  l2=0.312  acc1=69.19%  acc2=58.09%  ens=63.64%  (best 72.73 @ ep 22)  [6.0s]
  ep  26: R(t)=0.803  l1=0.313  l2=0.313  acc1=66.67%  acc2=64.51%  ens=65.59%  (best 72.73 @ ep 22)  [6.0s]
  ep  27: R(t)=0.803  l1=0.307  l2=0.300  acc1=71.63%  acc2=70.62%  ens=71.12%  (best 72.73 @ ep 22)  [6.4s]
  ep  28: R(t)=0.803  l1=0.300  l2=0.301  acc1=74.22%  acc2=72.21%  ens=73.22%  (best 73.22 @ ep 28)  [6.1s]
  ep  29: R(t)=0.803  l1=0.297  l2=0.298  acc1=73.80%  acc2=73.62%  ens=73.71%  (best 73.71 @ ep 29)  [6.3s]
  ep  30: R(t)=0.803  l1=0.293  l2=0.291  acc1=71.82%  acc2=71.19%  ens=71.50%  (best 73.71 @ ep 29)  [5.9s]
  ep  31: R(t)=0.803  l1=0.286  l2=0.281  acc1=69.31%  acc2=72.45%  ens=70.88%  (best 73.71 @ ep 29)  [6.0s]
  ep  32: R(t)=0.803  l1=0.290  l2=0.294  acc1=69.33%  acc2=72.40%  ens=70.86%  (best 73.71 @ ep 29)  [6.3s]
  ep  33: R(t)=0.803  l1=0.278  l2=0.279  acc1=63.25%  acc2=73.04%  ens=68.14%  (best 73.71 @ ep 29)  [15.7s]
  ep  34: R(t)=0.803  l1=0.277  l2=0.272  acc1=71.42%  acc2=72.61%  ens=72.02%  (best 73.71 @ ep 29)  [14.4s]
  ep  35: R(t)=0.803  l1=0.276  l2=0.265  acc1=72.22%  acc2=72.77%  ens=72.50%  (best 73.71 @ ep 29)  [6.1s]
  ep  36: R(t)=0.803  l1=0.276  l2=0.268  acc1=66.17%  acc2=71.30%  ens=68.73%  (best 73.71 @ ep 29)  [6.0s]
  ep  37: R(t)=0.803  l1=0.255  l2=0.252  acc1=70.09%  acc2=73.28%  ens=71.69%  (best 73.71 @ ep 29)  [6.1s]
  ep  38: R(t)=0.803  l1=0.253  l2=0.247  acc1=73.58%  acc2=73.28%  ens=73.43%  (best 73.71 @ ep 29)  [6.1s]
  ep  39: R(t)=0.803  l1=0.256  l2=0.262  acc1=72.54%  acc2=71.94%  ens=72.24%  (best 73.71 @ ep 29)  [6.5s]
  ep  40: R(t)=0.803  l1=0.244  l2=0.239  acc1=75.03%  acc2=74.80%  ens=74.91%  (best 74.91 @ ep 40)  [6.1s]
  ep  41: R(t)=0.803  l1=0.252  l2=0.248  acc1=70.84%  acc2=75.80%  ens=73.32%  (best 74.91 @ ep 40)  [6.1s]
  ep  42: R(t)=0.803  l1=0.242  l2=0.232  acc1=73.65%  acc2=75.43%  ens=74.54%  (best 74.91 @ ep 40)  [6.2s]
  ep  43: R(t)=0.803  l1=0.236  l2=0.239  acc1=72.12%  acc2=70.79%  ens=71.45%  (best 74.91 @ ep 40)  [6.1s]
  ep  44: R(t)=0.803  l1=0.237  l2=0.236  acc1=69.84%  acc2=74.97%  ens=72.41%  (best 74.91 @ ep 40)  [6.9s]
  ep  45: R(t)=0.803  l1=0.232  l2=0.223  acc1=74.67%  acc2=72.02%  ens=73.34%  (best 74.91 @ ep 40)  [17.0s]
  ep  46: R(t)=0.803  l1=0.234  l2=0.227  acc1=75.97%  acc2=74.67%  ens=75.32%  (best 75.32 @ ep 46)  [14.7s]
  ep  47: R(t)=0.803  l1=0.218  l2=0.214  acc1=77.19%  acc2=75.37%  ens=76.28%  (best 76.28 @ ep 47)  [16.6s]
  ep  48: R(t)=0.803  l1=0.209  l2=0.210  acc1=67.75%  acc2=76.34%  ens=72.05%  (best 76.28 @ ep 47)  [14.3s]
  ep  49: R(t)=0.803  l1=0.210  l2=0.208  acc1=75.79%  acc2=75.72%  ens=75.75%  (best 76.28 @ ep 47)  [6.1s]
  ep  50: R(t)=0.803  l1=0.208  l2=0.201  acc1=76.07%  acc2=74.29%  ens=75.18%  (best 76.28 @ ep 47)  [6.3s]
  ep  51: R(t)=0.803  l1=0.205  l2=0.200  acc1=75.10%  acc2=76.27%  ens=75.69%  (best 76.28 @ ep 47)  [6.1s]
  ep  52: R(t)=0.803  l1=0.208  l2=0.195  acc1=72.08%  acc2=75.34%  ens=73.71%  (best 76.28 @ ep 47)  [6.2s]
  ep  53: R(t)=0.803  l1=0.199  l2=0.199  acc1=73.90%  acc2=74.89%  ens=74.39%  (best 76.28 @ ep 47)  [6.0s]
  ep  54: R(t)=0.803  l1=0.184  l2=0.178  acc1=76.39%  acc2=74.22%  ens=75.31%  (best 76.28 @ ep 47)  [6.3s]
  ep  55: R(t)=0.803  l1=0.190  l2=0.187  acc1=75.38%  acc2=72.33%  ens=73.86%  (best 76.28 @ ep 47)  [6.1s]
  ep  56: R(t)=0.803  l1=0.177  l2=0.176  acc1=77.16%  acc2=74.96%  ens=76.06%  (best 76.28 @ ep 47)  [6.1s]
  ep  57: R(t)=0.803  l1=0.169  l2=0.168  acc1=74.02%  acc2=78.51%  ens=76.27%  (best 76.28 @ ep 47)  [6.0s]
  ep  58: R(t)=0.803  l1=0.170  l2=0.159  acc1=72.39%  acc2=77.02%  ens=74.70%  (best 76.28 @ ep 47)  [6.0s]
  ep  59: R(t)=0.803  l1=0.157  l2=0.154  acc1=76.70%  acc2=76.90%  ens=76.80%  (best 76.80 @ ep 59)  [18.4s]
  ep  60: R(t)=0.803  l1=0.155  l2=0.152  acc1=77.47%  acc2=76.03%  ens=76.75%  (best 76.80 @ ep 59)  [16.8s]
  ep  61: R(t)=0.803  l1=0.153  l2=0.149  acc1=74.59%  acc2=74.15%  ens=74.37%  (best 76.80 @ ep 59)  [14.1s]
  ep  62: R(t)=0.803  l1=0.149  l2=0.145  acc1=75.32%  acc2=78.02%  ens=76.67%  (best 76.80 @ ep 59)  [14.6s]
  ep  63: R(t)=0.803  l1=0.138  l2=0.132  acc1=77.06%  acc2=77.83%  ens=77.44%  (best 77.44 @ ep 63)  [6.0s]
  ep  64: R(t)=0.803  l1=0.149  l2=0.136  acc1=78.63%  acc2=78.82%  ens=78.72%  (best 78.72 @ ep 64)  [6.4s]
  ep  65: R(t)=0.803  l1=0.126  l2=0.121  acc1=77.10%  acc2=78.79%  ens=77.94%  (best 78.72 @ ep 64)  [6.1s]
  ep  66: R(t)=0.803  l1=0.128  l2=0.127  acc1=76.62%  acc2=78.35%  ens=77.48%  (best 78.72 @ ep 64)  [6.0s]
  ep  67: R(t)=0.803  l1=0.129  l2=0.120  acc1=78.67%  acc2=80.22%  ens=79.44%  (best 79.44 @ ep 67)  [6.3s]
  ep  68: R(t)=0.803  l1=0.108  l2=0.104  acc1=78.95%  acc2=78.44%  ens=78.70%  (best 79.44 @ ep 67)  [6.2s]
  ep  69: R(t)=0.803  l1=0.107  l2=0.102  acc1=79.54%  acc2=79.31%  ens=79.42%  (best 79.44 @ ep 67)  [6.1s]
  ep  70: R(t)=0.803  l1=0.102  l2=0.094  acc1=79.81%  acc2=79.81%  ens=79.81%  (best 79.81 @ ep 70)  [6.3s]
  ep  71: R(t)=0.803  l1=0.101  l2=0.095  acc1=79.82%  acc2=79.02%  ens=79.42%  (best 79.81 @ ep 70)  [6.1s]
  ep  72: R(t)=0.803  l1=0.092  l2=0.087  acc1=78.17%  acc2=78.02%  ens=78.09%  (best 79.81 @ ep 70)  [8.9s]
  ep  73: R(t)=0.803  l1=0.088  l2=0.082  acc1=79.43%  acc2=79.70%  ens=79.56%  (best 79.81 @ ep 70)  [15.7s]
  ep  74: R(t)=0.803  l1=0.074  l2=0.072  acc1=79.19%  acc2=79.95%  ens=79.57%  (best 79.81 @ ep 70)  [14.2s]
  ep  75: R(t)=0.803  l1=0.073  l2=0.072  acc1=78.92%  acc2=80.61%  ens=79.77%  (best 79.81 @ ep 70)  [6.0s]
  ep  76: R(t)=0.803  l1=0.071  l2=0.065  acc1=81.10%  acc2=80.81%  ens=80.95%  (best 80.95 @ ep 76)  [6.1s]
  ep  77: R(t)=0.803  l1=0.063  l2=0.061  acc1=80.86%  acc2=81.07%  ens=80.97%  (best 80.97 @ ep 77)  [6.1s]
  ep  78: R(t)=0.803  l1=0.059  l2=0.061  acc1=79.54%  acc2=80.65%  ens=80.09%  (best 80.97 @ ep 77)  [6.1s]
  ep  79: R(t)=0.803  l1=0.055  l2=0.051  acc1=80.82%  acc2=80.75%  ens=80.78%  (best 80.97 @ ep 77)  [6.4s]
  ep  80: R(t)=0.803  l1=0.051  l2=0.047  acc1=81.11%  acc2=80.67%  ens=80.89%  (best 80.97 @ ep 77)  [6.1s]
  ep  81: R(t)=0.803  l1=0.049  l2=0.042  acc1=80.89%  acc2=81.52%  ens=81.20%  (best 81.20 @ ep 81)  [6.2s]
  ep  82: R(t)=0.803  l1=0.041  l2=0.038  acc1=81.65%  acc2=81.57%  ens=81.61%  (best 81.61 @ ep 82)  [5.8s]
  ep  83: R(t)=0.803  l1=0.039  l2=0.036  acc1=81.72%  acc2=81.60%  ens=81.66%  (best 81.66 @ ep 83)  [5.9s]
  ep  84: R(t)=0.803  l1=0.035  l2=0.034  acc1=81.70%  acc2=81.84%  ens=81.77%  (best 81.77 @ ep 84)  [7.0s]
  ep  85: R(t)=0.803  l1=0.035  l2=0.031  acc1=81.53%  acc2=81.51%  ens=81.52%  (best 81.77 @ ep 84)  [17.0s]
  ep  86: R(t)=0.803  l1=0.032  l2=0.030  acc1=81.93%  acc2=82.10%  ens=82.01%  (best 82.01 @ ep 86)  [6.5s]
  ep  87: R(t)=0.803  l1=0.032  l2=0.029  acc1=81.64%  acc2=81.57%  ens=81.60%  (best 82.01 @ ep 86)  [6.2s]
  ep  88: R(t)=0.803  l1=0.027  l2=0.025  acc1=81.87%  acc2=81.59%  ens=81.73%  (best 82.01 @ ep 86)  [6.1s]
  ep  89: R(t)=0.803  l1=0.025  l2=0.023  acc1=82.06%  acc2=82.28%  ens=82.17%  (best 82.17 @ ep 89)  [6.0s]
  ep  90: R(t)=0.803  l1=0.024  l2=0.025  acc1=81.86%  acc2=81.78%  ens=81.82%  (best 82.17 @ ep 89)  [5.8s]
  ep  91: R(t)=0.803  l1=0.024  l2=0.023  acc1=82.16%  acc2=82.21%  ens=82.19%  (best 82.19 @ ep 91)  [6.0s]
  ep  92: R(t)=0.803  l1=0.021  l2=0.021  acc1=81.99%  acc2=82.28%  ens=82.14%  (best 82.19 @ ep 91)  [6.2s]
  ep  93: R(t)=0.803  l1=0.022  l2=0.020  acc1=82.01%  acc2=82.29%  ens=82.15%  (best 82.19 @ ep 91)  [5.9s]
  ep  94: R(t)=0.803  l1=0.020  l2=0.020  acc1=82.15%  acc2=82.35%  ens=82.25%  (best 82.25 @ ep 94)  [6.2s]
  ep  95: R(t)=0.803  l1=0.020  l2=0.019  acc1=81.87%  acc2=81.98%  ens=81.92%  (best 82.25 @ ep 94)  [6.1s]
  ep  96: R(t)=0.803  l1=0.021  l2=0.020  acc1=82.02%  acc2=82.21%  ens=82.12%  (best 82.25 @ ep 94)  [12.1s]
  ep  97: R(t)=0.803  l1=0.021  l2=0.018  acc1=81.81%  acc2=81.76%  ens=81.78%  (best 82.25 @ ep 94)  [15.4s]
  ep  98: R(t)=0.803  l1=0.019  l2=0.017  acc1=82.27%  acc2=82.26%  ens=82.27%  (best 82.27 @ ep 98)  [16.9s]
  ep  99: R(t)=0.803  l1=0.021  l2=0.019  acc1=82.18%  acc2=82.08%  ens=82.13%  (best 82.27 @ ep 98)  [15.6s]

saved /path/to/ciln-workspace/journal_edition/robustness_transfer/results_v3/coteaching/gu_medium__seed2.json: best ens-acc 82.27% @ ep 98
