/path/to/ciln-workspace/venv/lib/python3.12/site-packages/torchvision/datasets/cifar.py:83: VisibleDeprecationWarning: dtype(): align should be passed as Python or NumPy boolean but got `align=0`. Did you mean to pass a tuple to create a subarray type? (Deprecated NumPy 2.4)
  entry = pickle.load(f, encoding="latin1")
condition=gu_medium seed=1 gpu=1
  ep   0: R(t)=1.000  l1=1.888  l2=1.895  acc1=33.27%  acc2=32.35%  ens=32.81%  (best 32.81 @ ep 0)  [7.2s]
  ep   1: R(t)=0.938  l1=1.534  l2=1.489  acc1=40.58%  acc2=37.95%  ens=39.27%  (best 39.27 @ ep 1)  [6.0s]
  ep   2: R(t)=0.912  l1=1.317  l2=1.260  acc1=45.70%  acc2=47.94%  ens=46.82%  (best 46.82 @ ep 2)  [6.1s]
  ep   3: R(t)=0.892  l1=1.097  l2=1.072  acc1=55.36%  acc2=53.66%  ens=54.51%  (best 54.51 @ ep 3)  [5.8s]
  ep   4: R(t)=0.876  l1=0.901  l2=0.893  acc1=56.11%  acc2=52.86%  ens=54.49%  (best 54.51 @ ep 3)  [6.1s]
  ep   5: R(t)=0.861  l1=0.787  l2=0.781  acc1=52.36%  acc2=55.04%  ens=53.70%  (best 54.51 @ ep 3)  [5.9s]
  ep   6: R(t)=0.848  l1=0.714  l2=0.705  acc1=56.80%  acc2=54.84%  ens=55.82%  (best 55.82 @ ep 6)  [6.1s]
  ep   7: R(t)=0.836  l1=0.632  l2=0.621  acc1=57.15%  acc2=61.17%  ens=59.16%  (best 59.16 @ ep 7)  [6.3s]
  ep   8: R(t)=0.824  l1=0.583  l2=0.570  acc1=60.60%  acc2=56.86%  ens=58.73%  (best 59.16 @ ep 7)  [5.9s]
  ep   9: R(t)=0.814  l1=0.533  l2=0.530  acc1=61.07%  acc2=59.84%  ens=60.46%  (best 60.46 @ ep 9)  [14.6s]
  ep  10: R(t)=0.803  l1=0.490  l2=0.487  acc1=60.95%  acc2=59.35%  ens=60.15%  (best 60.46 @ ep 9)  [14.9s]
  ep  11: R(t)=0.803  l1=0.462  l2=0.456  acc1=51.12%  acc2=58.11%  ens=54.61%  (best 60.46 @ ep 9)  [17.3s]
  ep  12: R(t)=0.803  l1=0.427  l2=0.440  acc1=69.00%  acc2=64.90%  ens=66.95%  (best 66.95 @ ep 12)  [12.9s]
  ep  13: R(t)=0.803  l1=0.429  l2=0.413  acc1=66.25%  acc2=68.37%  ens=67.31%  (best 67.31 @ ep 13)  [5.9s]
  ep  14: R(t)=0.803  l1=0.417  l2=0.417  acc1=64.84%  acc2=66.59%  ens=65.72%  (best 67.31 @ ep 13)  [6.0s]
  ep  15: R(t)=0.803  l1=0.401  l2=0.406  acc1=64.79%  acc2=63.71%  ens=64.25%  (best 67.31 @ ep 13)  [5.9s]
  ep  16: R(t)=0.803  l1=0.376  l2=0.369  acc1=66.33%  acc2=66.77%  ens=66.55%  (best 67.31 @ ep 13)  [6.2s]
  ep  17: R(t)=0.803  l1=0.388  l2=0.390  acc1=69.78%  acc2=67.90%  ens=68.84%  (best 68.84 @ ep 17)  [6.3s]
  ep  18: R(t)=0.803  l1=0.361  l2=0.362  acc1=64.92%  acc2=64.04%  ens=64.48%  (best 68.84 @ ep 17)  [6.4s]
  ep  19: R(t)=0.803  l1=0.358  l2=0.356  acc1=65.81%  acc2=62.86%  ens=64.34%  (best 68.84 @ ep 17)  [6.3s]
  ep  20: R(t)=0.803  l1=0.353  l2=0.365  acc1=64.35%  acc2=65.72%  ens=65.03%  (best 68.84 @ ep 17)  [6.1s]
  ep  21: R(t)=0.803  l1=0.343  l2=0.350  acc1=64.22%  acc2=70.59%  ens=67.41%  (best 68.84 @ ep 17)  [6.1s]
  ep  22: R(t)=0.803  l1=0.333  l2=0.341  acc1=65.61%  acc2=66.17%  ens=65.89%  (best 68.84 @ ep 17)  [8.7s]
  ep  23: R(t)=0.803  l1=0.341  l2=0.343  acc1=68.28%  acc2=68.91%  ens=68.59%  (best 68.84 @ ep 17)  [16.4s]
  ep  24: R(t)=0.803  l1=0.322  l2=0.325  acc1=65.92%  acc2=70.86%  ens=68.39%  (best 68.84 @ ep 17)  [18.4s]
  ep  25: R(t)=0.803  l1=0.318  l2=0.320  acc1=74.10%  acc2=71.09%  ens=72.59%  (best 72.59 @ ep 25)  [6.0s]
  ep  26: R(t)=0.803  l1=0.314  l2=0.305  acc1=71.74%  acc2=70.55%  ens=71.14%  (best 72.59 @ ep 25)  [6.1s]
  ep  27: R(t)=0.803  l1=0.308  l2=0.313  acc1=69.52%  acc2=67.89%  ens=68.70%  (best 72.59 @ ep 25)  [6.1s]
  ep  28: R(t)=0.803  l1=0.302  l2=0.304  acc1=69.47%  acc2=72.81%  ens=71.14%  (best 72.59 @ ep 25)  [6.1s]
  ep  29: R(t)=0.803  l1=0.299  l2=0.293  acc1=72.34%  acc2=68.98%  ens=70.66%  (best 72.59 @ ep 25)  [6.1s]
  ep  30: R(t)=0.803  l1=0.296  l2=0.295  acc1=68.54%  acc2=69.86%  ens=69.20%  (best 72.59 @ ep 25)  [6.1s]
  ep  31: R(t)=0.803  l1=0.291  l2=0.296  acc1=75.11%  acc2=66.03%  ens=70.57%  (best 72.59 @ ep 25)  [6.0s]
  ep  32: R(t)=0.803  l1=0.293  l2=0.291  acc1=70.93%  acc2=73.20%  ens=72.06%  (best 72.59 @ ep 25)  [5.8s]
  ep  33: R(t)=0.803  l1=0.279  l2=0.282  acc1=69.91%  acc2=70.08%  ens=70.00%  (best 72.59 @ ep 25)  [6.1s]
  ep  34: R(t)=0.803  l1=0.288  l2=0.282  acc1=66.69%  acc2=70.38%  ens=68.53%  (best 72.59 @ ep 25)  [6.0s]
  ep  35: R(t)=0.803  l1=0.276  l2=0.279  acc1=74.22%  acc2=72.02%  ens=73.12%  (best 73.12 @ ep 35)  [9.1s]
  ep  36: R(t)=0.803  l1=0.266  l2=0.270  acc1=71.54%  acc2=73.15%  ens=72.34%  (best 73.12 @ ep 35)  [17.9s]
  ep  37: R(t)=0.803  l1=0.266  l2=0.265  acc1=69.13%  acc2=71.50%  ens=70.31%  (best 73.12 @ ep 35)  [15.4s]
  ep  38: R(t)=0.803  l1=0.266  l2=0.268  acc1=74.45%  acc2=69.14%  ens=71.80%  (best 73.12 @ ep 35)  [16.6s]
  ep  39: R(t)=0.803  l1=0.257  l2=0.257  acc1=72.59%  acc2=66.36%  ens=69.47%  (best 73.12 @ ep 35)  [7.2s]
  ep  40: R(t)=0.803  l1=0.250  l2=0.246  acc1=71.58%  acc2=74.68%  ens=73.13%  (best 73.13 @ ep 40)  [6.1s]
  ep  41: R(t)=0.803  l1=0.246  l2=0.253  acc1=73.62%  acc2=75.28%  ens=74.45%  (best 74.45 @ ep 41)  [6.1s]
  ep  42: R(t)=0.803  l1=0.238  l2=0.241  acc1=73.67%  acc2=74.00%  ens=73.84%  (best 74.45 @ ep 41)  [6.0s]
  ep  43: R(t)=0.803  l1=0.233  l2=0.235  acc1=74.33%  acc2=72.82%  ens=73.57%  (best 74.45 @ ep 41)  [6.2s]
  ep  44: R(t)=0.803  l1=0.222  l2=0.227  acc1=75.12%  acc2=74.75%  ens=74.94%  (best 74.94 @ ep 44)  [6.0s]
  ep  45: R(t)=0.803  l1=0.226  l2=0.232  acc1=73.56%  acc2=76.34%  ens=74.95%  (best 74.95 @ ep 45)  [6.3s]
  ep  46: R(t)=0.803  l1=0.229  l2=0.224  acc1=73.72%  acc2=76.46%  ens=75.09%  (best 75.09 @ ep 46)  [6.0s]
  ep  47: R(t)=0.803  l1=0.213  l2=0.216  acc1=69.62%  acc2=73.42%  ens=71.52%  (best 75.09 @ ep 46)  [6.1s]
  ep  48: R(t)=0.803  l1=0.214  l2=0.219  acc1=76.39%  acc2=74.49%  ens=75.44%  (best 75.44 @ ep 48)  [6.1s]
  ep  49: R(t)=0.803  l1=0.220  l2=0.210  acc1=69.51%  acc2=75.77%  ens=72.64%  (best 75.44 @ ep 48)  [19.3s]
  ep  50: R(t)=0.803  l1=0.205  l2=0.208  acc1=71.57%  acc2=73.61%  ens=72.59%  (best 75.44 @ ep 48)  [14.8s]
  ep  51: R(t)=0.803  l1=0.202  l2=0.197  acc1=73.83%  acc2=76.03%  ens=74.93%  (best 75.44 @ ep 48)  [17.2s]
  ep  52: R(t)=0.803  l1=0.200  l2=0.200  acc1=73.11%  acc2=73.89%  ens=73.50%  (best 75.44 @ ep 48)  [11.6s]
  ep  53: R(t)=0.803  l1=0.188  l2=0.191  acc1=76.29%  acc2=76.82%  ens=76.55%  (best 76.55 @ ep 53)  [6.0s]
  ep  54: R(t)=0.803  l1=0.183  l2=0.184  acc1=73.71%  acc2=77.10%  ens=75.41%  (best 76.55 @ ep 53)  [6.1s]
  ep  55: R(t)=0.803  l1=0.177  l2=0.177  acc1=77.00%  acc2=77.20%  ens=77.10%  (best 77.10 @ ep 55)  [6.3s]
  ep  56: R(t)=0.803  l1=0.175  l2=0.175  acc1=76.62%  acc2=76.37%  ens=76.50%  (best 77.10 @ ep 55)  [6.0s]
  ep  57: R(t)=0.803  l1=0.165  l2=0.163  acc1=77.44%  acc2=76.88%  ens=77.16%  (best 77.16 @ ep 57)  [6.1s]
  ep  58: R(t)=0.803  l1=0.164  l2=0.167  acc1=75.36%  acc2=76.19%  ens=75.78%  (best 77.16 @ ep 57)  [6.1s]
  ep  59: R(t)=0.803  l1=0.151  l2=0.159  acc1=71.65%  acc2=73.55%  ens=72.60%  (best 77.16 @ ep 57)  [6.0s]
  ep  60: R(t)=0.803  l1=0.156  l2=0.151  acc1=76.40%  acc2=76.25%  ens=76.33%  (best 77.16 @ ep 57)  [6.2s]
  ep  61: R(t)=0.803  l1=0.150  l2=0.152  acc1=76.87%  acc2=77.93%  ens=77.40%  (best 77.40 @ ep 61)  [6.1s]
  ep  62: R(t)=0.803  l1=0.147  l2=0.145  acc1=77.18%  acc2=77.93%  ens=77.55%  (best 77.55 @ ep 62)  [12.2s]
  ep  63: R(t)=0.803  l1=0.140  l2=0.139  acc1=78.61%  acc2=78.48%  ens=78.55%  (best 78.55 @ ep 63)  [15.9s]
  ep  64: R(t)=0.803  l1=0.128  l2=0.130  acc1=79.02%  acc2=75.97%  ens=77.50%  (best 78.55 @ ep 63)  [16.0s]
  ep  65: R(t)=0.803  l1=0.126  l2=0.124  acc1=77.89%  acc2=78.62%  ens=78.26%  (best 78.55 @ ep 63)  [15.6s]
  ep  66: R(t)=0.803  l1=0.121  l2=0.122  acc1=78.92%  acc2=77.96%  ens=78.44%  (best 78.55 @ ep 63)  [6.9s]
  ep  67: R(t)=0.803  l1=0.112  l2=0.119  acc1=77.32%  acc2=79.18%  ens=78.25%  (best 78.55 @ ep 63)  [6.1s]
  ep  68: R(t)=0.803  l1=0.114  l2=0.114  acc1=76.94%  acc2=78.64%  ens=77.79%  (best 78.55 @ ep 63)  [6.1s]
  ep  69: R(t)=0.803  l1=0.102  l2=0.101  acc1=79.42%  acc2=79.11%  ens=79.27%  (best 79.27 @ ep 69)  [6.1s]
  ep  70: R(t)=0.803  l1=0.106  l2=0.102  acc1=78.97%  acc2=79.54%  ens=79.25%  (best 79.27 @ ep 69)  [6.0s]
  ep  71: R(t)=0.803  l1=0.085  l2=0.087  acc1=78.99%  acc2=78.01%  ens=78.50%  (best 79.27 @ ep 69)  [5.9s]
  ep  72: R(t)=0.803  l1=0.092  l2=0.092  acc1=79.96%  acc2=80.41%  ens=80.19%  (best 80.19 @ ep 72)  [5.9s]
  ep  73: R(t)=0.803  l1=0.074  l2=0.077  acc1=80.15%  acc2=79.42%  ens=79.78%  (best 80.19 @ ep 72)  [5.9s]
  ep  74: R(t)=0.803  l1=0.074  l2=0.075  acc1=79.12%  acc2=79.29%  ens=79.20%  (best 80.19 @ ep 72)  [6.0s]
  ep  75: R(t)=0.803  l1=0.070  l2=0.076  acc1=80.66%  acc2=80.28%  ens=80.47%  (best 80.47 @ ep 75)  [6.0s]
  ep  76: R(t)=0.803  l1=0.062  l2=0.063  acc1=80.51%  acc2=81.22%  ens=80.87%  (best 80.87 @ ep 76)  [8.5s]
  ep  77: R(t)=0.803  l1=0.059  l2=0.059  acc1=81.19%  acc2=80.73%  ens=80.96%  (best 80.96 @ ep 77)  [6.0s]
  ep  78: R(t)=0.803  l1=0.059  l2=0.057  acc1=81.04%  acc2=80.51%  ens=80.77%  (best 80.96 @ ep 77)  [6.0s]
  ep  79: R(t)=0.803  l1=0.056  l2=0.056  acc1=80.94%  acc2=80.68%  ens=80.81%  (best 80.96 @ ep 77)  [6.0s]
  ep  80: R(t)=0.803  l1=0.051  l2=0.051  acc1=81.12%  acc2=80.99%  ens=81.05%  (best 81.05 @ ep 80)  [6.2s]
  ep  81: R(t)=0.803  l1=0.043  l2=0.043  acc1=81.54%  acc2=81.15%  ens=81.34%  (best 81.34 @ ep 81)  [6.0s]
  ep  82: R(t)=0.803  l1=0.042  l2=0.041  acc1=81.77%  acc2=81.22%  ens=81.50%  (best 81.50 @ ep 82)  [6.1s]
  ep  83: R(t)=0.803  l1=0.034  l2=0.033  acc1=80.98%  acc2=80.66%  ens=80.82%  (best 81.50 @ ep 82)  [6.2s]
  ep  84: R(t)=0.803  l1=0.036  l2=0.035  acc1=81.48%  acc2=81.43%  ens=81.45%  (best 81.50 @ ep 82)  [6.2s]
  ep  85: R(t)=0.803  l1=0.030  l2=0.031  acc1=82.17%  acc2=81.76%  ens=81.97%  (best 81.97 @ ep 85)  [6.2s]
  ep  86: R(t)=0.803  l1=0.030  l2=0.031  acc1=81.96%  acc2=81.78%  ens=81.87%  (best 81.97 @ ep 85)  [6.3s]
  ep  87: R(t)=0.803  l1=0.029  l2=0.029  acc1=81.74%  acc2=81.47%  ens=81.60%  (best 81.97 @ ep 85)  [18.5s]
  ep  88: R(t)=0.803  l1=0.027  l2=0.028  acc1=81.99%  acc2=81.38%  ens=81.69%  (best 81.97 @ ep 85)  [15.1s]
  ep  89: R(t)=0.803  l1=0.024  l2=0.023  acc1=82.11%  acc2=82.06%  ens=82.09%  (best 82.09 @ ep 89)  [17.3s]
  ep  90: R(t)=0.803  l1=0.023  l2=0.022  acc1=82.19%  acc2=81.75%  ens=81.97%  (best 82.09 @ ep 89)  [6.2s]
  ep  91: R(t)=0.803  l1=0.021  l2=0.022  acc1=82.10%  acc2=81.66%  ens=81.88%  (best 82.09 @ ep 89)  [6.2s]
  ep  92: R(t)=0.803  l1=0.019  l2=0.020  acc1=82.25%  acc2=82.07%  ens=82.16%  (best 82.16 @ ep 92)  [6.2s]
  ep  93: R(t)=0.803  l1=0.019  l2=0.019  acc1=82.51%  acc2=82.06%  ens=82.28%  (best 82.28 @ ep 93)  [6.2s]
  ep  94: R(t)=0.803  l1=0.017  l2=0.018  acc1=82.20%  acc2=82.05%  ens=82.12%  (best 82.28 @ ep 93)  [5.9s]
  ep  95: R(t)=0.803  l1=0.020  l2=0.022  acc1=82.10%  acc2=81.70%  ens=81.90%  (best 82.28 @ ep 93)  [6.2s]
  ep  96: R(t)=0.803  l1=0.020  l2=0.021  acc1=82.21%  acc2=81.81%  ens=82.01%  (best 82.28 @ ep 93)  [6.3s]
  ep  97: R(t)=0.803  l1=0.018  l2=0.019  acc1=82.29%  acc2=81.94%  ens=82.12%  (best 82.28 @ ep 93)  [6.1s]
  ep  98: R(t)=0.803  l1=0.019  l2=0.020  acc1=82.09%  acc2=81.76%  ens=81.92%  (best 82.28 @ ep 93)  [6.0s]
  ep  99: R(t)=0.803  l1=0.018  l2=0.019  acc1=82.12%  acc2=81.74%  ens=81.93%  (best 82.28 @ ep 93)  [10.9s]

saved /path/to/ciln-workspace/journal_edition/robustness_transfer/results_v3/coteaching/gu_medium__seed1.json: best ens-acc 82.28% @ ep 93
