/path/to/ciln-workspace/venv/lib/python3.12/site-packages/torchvision/datasets/cifar.py:83: VisibleDeprecationWarning: dtype(): align should be passed as Python or NumPy boolean but got `align=0`. Did you mean to pass a tuple to create a subarray type? (Deprecated NumPy 2.4)
  entry = pickle.load(f, encoding="latin1")
condition=ours__elastic_transform_sev3 seed=0 gpu=1
  ep   0: R(t)=1.000  l1=1.794  l2=1.798  acc1=31.50%  acc2=27.93%  ens=29.72%  (best 29.72 @ ep 0)  [5.2s]
  ep   1: R(t)=0.963  l1=1.341  l2=1.338  acc1=39.49%  acc2=42.16%  ens=40.83%  (best 40.83 @ ep 1)  [4.4s]
  ep   2: R(t)=0.948  l1=1.109  l2=1.103  acc1=40.52%  acc2=42.99%  ens=41.75%  (best 41.75 @ ep 2)  [4.3s]
  ep   3: R(t)=0.936  l1=0.961  l2=0.972  acc1=44.71%  acc2=42.58%  ens=43.65%  (best 43.65 @ ep 3)  [4.3s]
  ep   4: R(t)=0.926  l1=0.792  l2=0.831  acc1=49.17%  acc2=45.53%  ens=47.35%  (best 47.35 @ ep 4)  [4.3s]
  ep   5: R(t)=0.918  l1=0.712  l2=0.731  acc1=49.92%  acc2=46.32%  ens=48.12%  (best 48.12 @ ep 5)  [4.5s]
  ep   6: R(t)=0.910  l1=0.568  l2=0.591  acc1=56.39%  acc2=52.76%  ens=54.57%  (best 54.57 @ ep 6)  [4.3s]
  ep   7: R(t)=0.903  l1=0.531  l2=0.540  acc1=48.97%  acc2=51.53%  ens=50.25%  (best 54.57 @ ep 6)  [4.3s]
  ep   8: R(t)=0.896  l1=0.456  l2=0.468  acc1=57.93%  acc2=56.94%  ens=57.44%  (best 57.44 @ ep 8)  [4.2s]
  ep   9: R(t)=0.890  l1=0.383  l2=0.402  acc1=60.37%  acc2=59.21%  ens=59.79%  (best 59.79 @ ep 9)  [4.5s]
  ep  10: R(t)=0.884  l1=0.366  l2=0.376  acc1=58.13%  acc2=55.65%  ens=56.89%  (best 59.79 @ ep 9)  [4.4s]
  ep  11: R(t)=0.884  l1=0.328  l2=0.334  acc1=59.46%  acc2=58.82%  ens=59.14%  (best 59.79 @ ep 9)  [4.3s]
  ep  12: R(t)=0.884  l1=0.315  l2=0.337  acc1=62.27%  acc2=56.99%  ens=59.63%  (best 59.79 @ ep 9)  [12.2s]
  ep  13: R(t)=0.884  l1=0.285  l2=0.295  acc1=57.87%  acc2=58.44%  ens=58.16%  (best 59.79 @ ep 9)  [10.4s]
  ep  14: R(t)=0.884  l1=0.285  l2=0.291  acc1=60.61%  acc2=54.79%  ens=57.70%  (best 59.79 @ ep 9)  [10.0s]
  ep  15: R(t)=0.884  l1=0.266  l2=0.266  acc1=61.24%  acc2=58.58%  ens=59.91%  (best 59.91 @ ep 15)  [10.9s]
  ep  16: R(t)=0.884  l1=0.270  l2=0.269  acc1=62.28%  acc2=61.87%  ens=62.08%  (best 62.08 @ ep 16)  [10.2s]
  ep  17: R(t)=0.884  l1=0.238  l2=0.252  acc1=61.86%  acc2=62.53%  ens=62.20%  (best 62.20 @ ep 17)  [9.6s]
  ep  18: R(t)=0.884  l1=0.229  l2=0.242  acc1=62.17%  acc2=62.27%  ens=62.22%  (best 62.22 @ ep 18)  [10.4s]
  ep  19: R(t)=0.884  l1=0.220  l2=0.226  acc1=59.70%  acc2=63.55%  ens=61.62%  (best 62.22 @ ep 18)  [9.5s]
  ep  20: R(t)=0.884  l1=0.220  l2=0.224  acc1=64.66%  acc2=64.18%  ens=64.42%  (best 64.42 @ ep 20)  [4.3s]
  ep  21: R(t)=0.884  l1=0.225  l2=0.232  acc1=58.02%  acc2=63.99%  ens=61.00%  (best 64.42 @ ep 20)  [4.3s]
  ep  22: R(t)=0.884  l1=0.205  l2=0.214  acc1=62.14%  acc2=61.74%  ens=61.94%  (best 64.42 @ ep 20)  [4.4s]
  ep  23: R(t)=0.884  l1=0.211  l2=0.208  acc1=62.26%  acc2=64.63%  ens=63.44%  (best 64.42 @ ep 20)  [4.7s]
  ep  24: R(t)=0.884  l1=0.206  l2=0.209  acc1=64.95%  acc2=58.29%  ens=61.62%  (best 64.42 @ ep 20)  [4.4s]
  ep  25: R(t)=0.884  l1=0.180  l2=0.192  acc1=63.94%  acc2=62.53%  ens=63.23%  (best 64.42 @ ep 20)  [4.3s]
  ep  26: R(t)=0.884  l1=0.185  l2=0.188  acc1=64.31%  acc2=63.94%  ens=64.12%  (best 64.42 @ ep 20)  [4.3s]
  ep  27: R(t)=0.884  l1=0.204  l2=0.204  acc1=66.25%  acc2=62.74%  ens=64.49%  (best 64.49 @ ep 27)  [4.2s]
  ep  28: R(t)=0.884  l1=0.188  l2=0.189  acc1=68.82%  acc2=65.90%  ens=67.36%  (best 67.36 @ ep 28)  [4.3s]
  ep  29: R(t)=0.884  l1=0.163  l2=0.170  acc1=63.90%  acc2=55.32%  ens=59.61%  (best 67.36 @ ep 28)  [5.3s]
  ep  30: R(t)=0.884  l1=0.173  l2=0.178  acc1=59.65%  acc2=67.56%  ens=63.61%  (best 67.36 @ ep 28)  [4.2s]
  ep  31: R(t)=0.884  l1=0.165  l2=0.168  acc1=63.83%  acc2=66.61%  ens=65.22%  (best 67.36 @ ep 28)  [4.4s]
  ep  32: R(t)=0.884  l1=0.161  l2=0.168  acc1=67.17%  acc2=64.23%  ens=65.70%  (best 67.36 @ ep 28)  [4.4s]
  ep  33: R(t)=0.884  l1=0.149  l2=0.152  acc1=66.05%  acc2=63.61%  ens=64.83%  (best 67.36 @ ep 28)  [5.5s]
  ep  34: R(t)=0.884  l1=0.160  l2=0.167  acc1=67.02%  acc2=65.21%  ens=66.11%  (best 67.36 @ ep 28)  [11.0s]
  ep  35: R(t)=0.884  l1=0.157  l2=0.168  acc1=62.42%  acc2=67.59%  ens=65.00%  (best 67.36 @ ep 28)  [4.4s]
  ep  36: R(t)=0.884  l1=0.140  l2=0.146  acc1=67.51%  acc2=65.73%  ens=66.62%  (best 67.36 @ ep 28)  [4.2s]
  ep  37: R(t)=0.884  l1=0.135  l2=0.145  acc1=68.75%  acc2=67.39%  ens=68.07%  (best 68.07 @ ep 37)  [4.3s]
  ep  38: R(t)=0.884  l1=0.148  l2=0.149  acc1=65.11%  acc2=65.78%  ens=65.44%  (best 68.07 @ ep 37)  [4.5s]
  ep  39: R(t)=0.884  l1=0.138  l2=0.132  acc1=68.44%  acc2=67.06%  ens=67.75%  (best 68.07 @ ep 37)  [4.2s]
  ep  40: R(t)=0.884  l1=0.151  l2=0.145  acc1=69.24%  acc2=67.04%  ens=68.14%  (best 68.14 @ ep 40)  [4.3s]
  ep  41: R(t)=0.884  l1=0.127  l2=0.145  acc1=69.05%  acc2=66.17%  ens=67.61%  (best 68.14 @ ep 40)  [4.4s]
  ep  42: R(t)=0.884  l1=0.131  l2=0.131  acc1=64.93%  acc2=60.35%  ens=62.64%  (best 68.14 @ ep 40)  [4.4s]
  ep  43: R(t)=0.884  l1=0.123  l2=0.127  acc1=66.15%  acc2=66.51%  ens=66.33%  (best 68.14 @ ep 40)  [4.4s]
  ep  44: R(t)=0.884  l1=0.131  l2=0.134  acc1=63.23%  acc2=65.96%  ens=64.59%  (best 68.14 @ ep 40)  [4.2s]
  ep  45: R(t)=0.884  l1=0.118  l2=0.122  acc1=68.48%  acc2=70.48%  ens=69.48%  (best 69.48 @ ep 45)  [4.3s]
  ep  46: R(t)=0.884  l1=0.129  l2=0.126  acc1=68.62%  acc2=64.20%  ens=66.41%  (best 69.48 @ ep 45)  [4.4s]
  ep  47: R(t)=0.884  l1=0.122  l2=0.121  acc1=67.97%  acc2=70.18%  ens=69.08%  (best 69.48 @ ep 45)  [4.3s]
  ep  48: R(t)=0.884  l1=0.110  l2=0.113  acc1=70.39%  acc2=68.78%  ens=69.58%  (best 69.58 @ ep 48)  [4.8s]
  ep  49: R(t)=0.884  l1=0.109  l2=0.104  acc1=69.86%  acc2=69.55%  ens=69.70%  (best 69.70 @ ep 49)  [10.1s]
  ep  50: R(t)=0.884  l1=0.116  l2=0.115  acc1=71.27%  acc2=66.31%  ens=68.79%  (best 69.70 @ ep 49)  [10.0s]
  ep  51: R(t)=0.884  l1=0.090  l2=0.104  acc1=70.40%  acc2=69.54%  ens=69.97%  (best 69.97 @ ep 51)  [9.6s]
  ep  52: R(t)=0.884  l1=0.093  l2=0.089  acc1=71.27%  acc2=71.56%  ens=71.42%  (best 71.42 @ ep 52)  [9.9s]
  ep  53: R(t)=0.884  l1=0.096  l2=0.106  acc1=70.84%  acc2=70.75%  ens=70.80%  (best 71.42 @ ep 52)  [10.3s]
  ep  54: R(t)=0.884  l1=0.083  l2=0.086  acc1=70.77%  acc2=70.26%  ens=70.52%  (best 71.42 @ ep 52)  [9.3s]
  ep  55: R(t)=0.884  l1=0.091  l2=0.092  acc1=69.63%  acc2=69.14%  ens=69.39%  (best 71.42 @ ep 52)  [4.6s]
  ep  56: R(t)=0.884  l1=0.096  l2=0.088  acc1=68.15%  acc2=69.29%  ens=68.72%  (best 71.42 @ ep 52)  [4.4s]
  ep  57: R(t)=0.884  l1=0.084  l2=0.084  acc1=70.16%  acc2=70.11%  ens=70.13%  (best 71.42 @ ep 52)  [4.2s]
  ep  58: R(t)=0.884  l1=0.075  l2=0.083  acc1=72.19%  acc2=72.05%  ens=72.12%  (best 72.12 @ ep 58)  [4.2s]
  ep  59: R(t)=0.884  l1=0.079  l2=0.078  acc1=72.68%  acc2=71.17%  ens=71.92%  (best 72.12 @ ep 58)  [4.5s]
  ep  60: R(t)=0.884  l1=0.075  l2=0.077  acc1=71.41%  acc2=70.82%  ens=71.11%  (best 72.12 @ ep 58)  [4.4s]
  ep  61: R(t)=0.884  l1=0.068  l2=0.070  acc1=69.79%  acc2=71.95%  ens=70.87%  (best 72.12 @ ep 58)  [4.4s]
  ep  62: R(t)=0.884  l1=0.065  l2=0.069  acc1=71.89%  acc2=71.05%  ens=71.47%  (best 72.12 @ ep 58)  [4.4s]
  ep  63: R(t)=0.884  l1=0.059  l2=0.065  acc1=73.62%  acc2=71.99%  ens=72.80%  (best 72.80 @ ep 63)  [4.2s]
  ep  64: R(t)=0.884  l1=0.060  l2=0.056  acc1=72.46%  acc2=71.94%  ens=72.20%  (best 72.80 @ ep 63)  [4.3s]
  ep  65: R(t)=0.884  l1=0.055  l2=0.059  acc1=72.57%  acc2=71.50%  ens=72.04%  (best 72.80 @ ep 63)  [4.4s]
  ep  66: R(t)=0.884  l1=0.056  l2=0.060  acc1=71.40%  acc2=70.71%  ens=71.06%  (best 72.80 @ ep 63)  [4.3s]
  ep  67: R(t)=0.884  l1=0.049  l2=0.051  acc1=73.25%  acc2=73.26%  ens=73.26%  (best 73.26 @ ep 67)  [4.2s]
  ep  68: R(t)=0.884  l1=0.047  l2=0.049  acc1=73.76%  acc2=73.03%  ens=73.39%  (best 73.39 @ ep 68)  [4.4s]
  ep  69: R(t)=0.884  l1=0.047  l2=0.046  acc1=73.45%  acc2=72.89%  ens=73.17%  (best 73.39 @ ep 68)  [6.8s]
  ep  70: R(t)=0.884  l1=0.043  l2=0.045  acc1=72.68%  acc2=72.86%  ens=72.77%  (best 73.39 @ ep 68)  [9.5s]
  ep  71: R(t)=0.884  l1=0.041  l2=0.039  acc1=73.69%  acc2=73.83%  ens=73.76%  (best 73.76 @ ep 71)  [10.0s]
  ep  72: R(t)=0.884  l1=0.034  l2=0.037  acc1=73.78%  acc2=73.94%  ens=73.86%  (best 73.86 @ ep 72)  [10.1s]
  ep  73: R(t)=0.884  l1=0.036  l2=0.038  acc1=74.29%  acc2=74.02%  ens=74.15%  (best 74.15 @ ep 73)  [9.8s]
  ep  74: R(t)=0.884  l1=0.030  l2=0.030  acc1=73.03%  acc2=73.68%  ens=73.35%  (best 74.15 @ ep 73)  [10.0s]
  ep  75: R(t)=0.884  l1=0.029  l2=0.032  acc1=73.85%  acc2=73.38%  ens=73.62%  (best 74.15 @ ep 73)  [9.6s]
  ep  76: R(t)=0.884  l1=0.034  l2=0.035  acc1=75.00%  acc2=74.34%  ens=74.67%  (best 74.67 @ ep 76)  [10.1s]
  ep  77: R(t)=0.884  l1=0.023  l2=0.024  acc1=74.50%  acc2=74.12%  ens=74.31%  (best 74.67 @ ep 76)  [9.8s]
  ep  78: R(t)=0.884  l1=0.023  l2=0.026  acc1=74.63%  acc2=74.48%  ens=74.55%  (best 74.67 @ ep 76)  [5.7s]
  ep  79: R(t)=0.884  l1=0.022  l2=0.021  acc1=74.02%  acc2=74.46%  ens=74.24%  (best 74.67 @ ep 76)  [4.3s]
  ep  80: R(t)=0.884  l1=0.023  l2=0.026  acc1=74.30%  acc2=74.01%  ens=74.15%  (best 74.67 @ ep 76)  [4.4s]
  ep  81: R(t)=0.884  l1=0.024  l2=0.025  acc1=74.64%  acc2=74.34%  ens=74.49%  (best 74.67 @ ep 76)  [4.4s]
  ep  82: R(t)=0.884  l1=0.015  l2=0.017  acc1=74.70%  acc2=74.56%  ens=74.63%  (best 74.67 @ ep 76)  [4.2s]
  ep  83: R(t)=0.884  l1=0.019  l2=0.019  acc1=74.96%  acc2=74.33%  ens=74.65%  (best 74.67 @ ep 76)  [4.3s]
  ep  84: R(t)=0.884  l1=0.017  l2=0.019  acc1=74.92%  acc2=74.65%  ens=74.78%  (best 74.78 @ ep 84)  [4.3s]
  ep  85: R(t)=0.884  l1=0.017  l2=0.017  acc1=75.16%  acc2=74.83%  ens=75.00%  (best 75.00 @ ep 85)  [4.4s]
  ep  86: R(t)=0.884  l1=0.015  l2=0.015  acc1=74.80%  acc2=74.64%  ens=74.72%  (best 75.00 @ ep 85)  [4.2s]
  ep  87: R(t)=0.884  l1=0.015  l2=0.017  acc1=74.85%  acc2=74.40%  ens=74.63%  (best 75.00 @ ep 85)  [4.4s]
  ep  88: R(t)=0.884  l1=0.016  l2=0.017  acc1=74.87%  acc2=74.28%  ens=74.58%  (best 75.00 @ ep 85)  [4.1s]
  ep  89: R(t)=0.884  l1=0.012  l2=0.012  acc1=75.04%  acc2=74.68%  ens=74.86%  (best 75.00 @ ep 85)  [4.3s]
  ep  90: R(t)=0.884  l1=0.016  l2=0.017  acc1=75.01%  acc2=74.57%  ens=74.79%  (best 75.00 @ ep 85)  [4.1s]
  ep  91: R(t)=0.884  l1=0.013  l2=0.013  acc1=75.14%  acc2=74.75%  ens=74.94%  (best 75.00 @ ep 85)  [4.2s]
  ep  92: R(t)=0.884  l1=0.012  l2=0.013  acc1=75.06%  acc2=74.53%  ens=74.80%  (best 75.00 @ ep 85)  [7.3s]
  ep  93: R(t)=0.884  l1=0.015  l2=0.016  acc1=75.22%  acc2=74.72%  ens=74.97%  (best 75.00 @ ep 85)  [12.3s]
  ep  94: R(t)=0.884  l1=0.014  l2=0.014  acc1=74.84%  acc2=74.57%  ens=74.70%  (best 75.00 @ ep 85)  [11.1s]
  ep  95: R(t)=0.884  l1=0.015  l2=0.015  acc1=75.21%  acc2=74.74%  ens=74.97%  (best 75.00 @ ep 85)  [11.0s]
  ep  96: R(t)=0.884  l1=0.014  l2=0.015  acc1=74.65%  acc2=74.57%  ens=74.61%  (best 75.00 @ ep 85)  [4.3s]
  ep  97: R(t)=0.884  l1=0.013  l2=0.012  acc1=75.03%  acc2=74.75%  ens=74.89%  (best 75.00 @ ep 85)  [4.2s]
  ep  98: R(t)=0.884  l1=0.011  l2=0.013  acc1=75.11%  acc2=74.90%  ens=75.00%  (best 75.00 @ ep 98)  [4.4s]
  ep  99: R(t)=0.884  l1=0.013  l2=0.014  acc1=74.86%  acc2=74.61%  ens=74.73%  (best 75.00 @ ep 98)  [4.2s]

saved /path/to/ciln-workspace/journal_edition/robustness_transfer/results_v3/coteaching/ours__elastic_transform_sev3__seed0.json: best ens-acc 75.00% @ ep 98
