/path/to/ciln-workspace/venv/lib/python3.12/site-packages/torchvision/datasets/cifar.py:83: VisibleDeprecationWarning: dtype(): align should be passed as Python or NumPy boolean but got `align=0`. Did you mean to pass a tuple to create a subarray type? (Deprecated NumPy 2.4)
  entry = pickle.load(f, encoding="latin1")
condition=ours__fog_sev3 seed=2 gpu=2
  ep   0: R(t)=1.000  l1=1.874  l2=1.888  acc1=28.97%  acc2=31.58%  ens=30.28%  (best 30.28 @ ep 0)  [5.6s]
  ep   1: R(t)=0.930  l1=1.407  l2=1.443  acc1=36.70%  acc2=34.56%  ens=35.63%  (best 35.63 @ ep 1)  [4.3s]
  ep   2: R(t)=0.900  l1=1.150  l2=1.183  acc1=38.28%  acc2=40.43%  ens=39.35%  (best 39.35 @ ep 2)  [4.5s]
  ep   3: R(t)=0.878  l1=0.943  l2=0.979  acc1=45.68%  acc2=43.79%  ens=44.73%  (best 44.73 @ ep 3)  [4.2s]
  ep   4: R(t)=0.859  l1=0.816  l2=0.830  acc1=46.75%  acc2=45.35%  ens=46.05%  (best 46.05 @ ep 4)  [4.4s]
  ep   5: R(t)=0.843  l1=0.688  l2=0.739  acc1=46.42%  acc2=46.59%  ens=46.50%  (best 46.50 @ ep 5)  [4.4s]
  ep   6: R(t)=0.828  l1=0.610  l2=0.657  acc1=44.90%  acc2=53.28%  ens=49.09%  (best 49.09 @ ep 6)  [4.3s]
  ep   7: R(t)=0.814  l1=0.514  l2=0.552  acc1=53.49%  acc2=55.70%  ens=54.60%  (best 54.60 @ ep 7)  [4.2s]
  ep   8: R(t)=0.801  l1=0.473  l2=0.498  acc1=55.35%  acc2=50.39%  ens=52.87%  (best 54.60 @ ep 7)  [4.3s]
  ep   9: R(t)=0.789  l1=0.415  l2=0.422  acc1=53.38%  acc2=57.61%  ens=55.50%  (best 55.50 @ ep 9)  [4.5s]
  ep  10: R(t)=0.777  l1=0.364  l2=0.371  acc1=53.31%  acc2=52.55%  ens=52.93%  (best 55.50 @ ep 9)  [9.9s]
  ep  11: R(t)=0.777  l1=0.335  l2=0.350  acc1=52.17%  acc2=53.72%  ens=52.95%  (best 55.50 @ ep 9)  [10.1s]
  ep  12: R(t)=0.777  l1=0.336  l2=0.333  acc1=55.15%  acc2=50.44%  ens=52.79%  (best 55.50 @ ep 9)  [9.9s]
  ep  13: R(t)=0.777  l1=0.302  l2=0.312  acc1=58.61%  acc2=52.57%  ens=55.59%  (best 55.59 @ ep 13)  [11.2s]
  ep  14: R(t)=0.777  l1=0.300  l2=0.305  acc1=58.02%  acc2=55.10%  ens=56.56%  (best 56.56 @ ep 14)  [10.0s]
  ep  15: R(t)=0.777  l1=0.302  l2=0.295  acc1=52.72%  acc2=52.63%  ens=52.68%  (best 56.56 @ ep 14)  [4.1s]
  ep  16: R(t)=0.777  l1=0.299  l2=0.295  acc1=54.93%  acc2=57.57%  ens=56.25%  (best 56.56 @ ep 14)  [4.1s]
  ep  17: R(t)=0.777  l1=0.267  l2=0.271  acc1=50.35%  acc2=59.18%  ens=54.77%  (best 56.56 @ ep 14)  [4.1s]
  ep  18: R(t)=0.777  l1=0.263  l2=0.267  acc1=59.89%  acc2=60.26%  ens=60.08%  (best 60.08 @ ep 18)  [4.4s]
  ep  19: R(t)=0.777  l1=0.255  l2=0.254  acc1=59.82%  acc2=53.67%  ens=56.75%  (best 60.08 @ ep 18)  [4.0s]
  ep  20: R(t)=0.777  l1=0.257  l2=0.271  acc1=57.28%  acc2=50.70%  ens=53.99%  (best 60.08 @ ep 18)  [4.3s]
  ep  21: R(t)=0.777  l1=0.249  l2=0.253  acc1=58.02%  acc2=48.48%  ens=53.25%  (best 60.08 @ ep 18)  [4.1s]
  ep  22: R(t)=0.777  l1=0.250  l2=0.255  acc1=60.31%  acc2=57.55%  ens=58.93%  (best 60.08 @ ep 18)  [4.4s]
  ep  23: R(t)=0.777  l1=0.234  l2=0.227  acc1=57.49%  acc2=55.16%  ens=56.33%  (best 60.08 @ ep 18)  [4.3s]
  ep  24: R(t)=0.777  l1=0.227  l2=0.232  acc1=49.26%  acc2=56.67%  ens=52.96%  (best 60.08 @ ep 18)  [4.3s]
  ep  25: R(t)=0.777  l1=0.214  l2=0.216  acc1=59.86%  acc2=60.16%  ens=60.01%  (best 60.08 @ ep 18)  [4.3s]
  ep  26: R(t)=0.777  l1=0.232  l2=0.238  acc1=57.72%  acc2=61.58%  ens=59.65%  (best 60.08 @ ep 18)  [4.2s]
  ep  27: R(t)=0.777  l1=0.219  l2=0.215  acc1=59.96%  acc2=62.42%  ens=61.19%  (best 61.19 @ ep 27)  [4.3s]
  ep  28: R(t)=0.777  l1=0.205  l2=0.218  acc1=62.16%  acc2=61.64%  ens=61.90%  (best 61.90 @ ep 28)  [4.3s]
  ep  29: R(t)=0.777  l1=0.210  l2=0.212  acc1=58.27%  acc2=58.12%  ens=58.19%  (best 61.90 @ ep 28)  [4.8s]
  ep  30: R(t)=0.777  l1=0.210  l2=0.214  acc1=63.22%  acc2=62.26%  ens=62.74%  (best 62.74 @ ep 30)  [10.7s]
  ep  31: R(t)=0.777  l1=0.201  l2=0.205  acc1=65.93%  acc2=62.35%  ens=64.14%  (best 64.14 @ ep 31)  [10.2s]
  ep  32: R(t)=0.777  l1=0.191  l2=0.191  acc1=62.28%  acc2=63.26%  ens=62.77%  (best 64.14 @ ep 31)  [10.5s]
  ep  33: R(t)=0.777  l1=0.188  l2=0.199  acc1=62.08%  acc2=63.20%  ens=62.64%  (best 64.14 @ ep 31)  [9.1s]
  ep  34: R(t)=0.777  l1=0.180  l2=0.186  acc1=62.53%  acc2=63.68%  ens=63.10%  (best 64.14 @ ep 31)  [9.1s]
  ep  35: R(t)=0.777  l1=0.184  l2=0.179  acc1=60.48%  acc2=59.06%  ens=59.77%  (best 64.14 @ ep 31)  [5.9s]
  ep  36: R(t)=0.777  l1=0.177  l2=0.185  acc1=64.76%  acc2=63.75%  ens=64.25%  (best 64.25 @ ep 36)  [4.2s]
  ep  37: R(t)=0.777  l1=0.172  l2=0.177  acc1=60.84%  acc2=58.21%  ens=59.53%  (best 64.25 @ ep 36)  [4.3s]
  ep  38: R(t)=0.777  l1=0.173  l2=0.180  acc1=59.93%  acc2=65.38%  ens=62.66%  (best 64.25 @ ep 36)  [4.2s]
  ep  39: R(t)=0.777  l1=0.171  l2=0.167  acc1=66.69%  acc2=65.46%  ens=66.07%  (best 66.07 @ ep 39)  [4.3s]
  ep  40: R(t)=0.777  l1=0.167  l2=0.163  acc1=62.96%  acc2=64.42%  ens=63.69%  (best 66.07 @ ep 39)  [4.3s]
  ep  41: R(t)=0.777  l1=0.167  l2=0.179  acc1=63.59%  acc2=62.21%  ens=62.90%  (best 66.07 @ ep 39)  [4.3s]
  ep  42: R(t)=0.777  l1=0.142  l2=0.148  acc1=65.64%  acc2=64.90%  ens=65.27%  (best 66.07 @ ep 39)  [4.3s]
  ep  43: R(t)=0.777  l1=0.156  l2=0.161  acc1=61.56%  acc2=62.09%  ens=61.82%  (best 66.07 @ ep 39)  [4.3s]
  ep  44: R(t)=0.777  l1=0.154  l2=0.158  acc1=56.74%  acc2=61.27%  ens=59.00%  (best 66.07 @ ep 39)  [4.4s]
  ep  45: R(t)=0.777  l1=0.159  l2=0.160  acc1=63.70%  acc2=68.16%  ens=65.93%  (best 66.07 @ ep 39)  [4.5s]
  ep  46: R(t)=0.777  l1=0.135  l2=0.138  acc1=62.60%  acc2=58.43%  ens=60.52%  (best 66.07 @ ep 39)  [4.4s]
  ep  47: R(t)=0.777  l1=0.134  l2=0.141  acc1=66.73%  acc2=66.25%  ens=66.49%  (best 66.49 @ ep 47)  [4.3s]
  ep  48: R(t)=0.777  l1=0.130  l2=0.135  acc1=67.77%  acc2=60.68%  ens=64.22%  (best 66.49 @ ep 47)  [4.6s]
  ep  49: R(t)=0.777  l1=0.124  l2=0.129  acc1=66.90%  acc2=67.48%  ens=67.19%  (best 67.19 @ ep 49)  [8.7s]
  ep  50: R(t)=0.777  l1=0.134  l2=0.136  acc1=67.20%  acc2=66.73%  ens=66.97%  (best 67.19 @ ep 49)  [9.1s]
  ep  51: R(t)=0.777  l1=0.121  l2=0.132  acc1=68.74%  acc2=66.70%  ens=67.72%  (best 67.72 @ ep 51)  [9.8s]
  ep  52: R(t)=0.777  l1=0.114  l2=0.114  acc1=66.72%  acc2=64.65%  ens=65.68%  (best 67.72 @ ep 51)  [8.7s]
  ep  53: R(t)=0.777  l1=0.112  l2=0.116  acc1=65.10%  acc2=65.59%  ens=65.35%  (best 67.72 @ ep 51)  [9.1s]
  ep  54: R(t)=0.777  l1=0.106  l2=0.107  acc1=68.76%  acc2=65.50%  ens=67.13%  (best 67.72 @ ep 51)  [11.1s]
  ep  55: R(t)=0.777  l1=0.111  l2=0.108  acc1=65.96%  acc2=66.23%  ens=66.09%  (best 67.72 @ ep 51)  [4.3s]
  ep  56: R(t)=0.777  l1=0.107  l2=0.117  acc1=65.91%  acc2=65.31%  ens=65.61%  (best 67.72 @ ep 51)  [4.1s]
  ep  57: R(t)=0.777  l1=0.089  l2=0.093  acc1=66.90%  acc2=68.16%  ens=67.53%  (best 67.72 @ ep 51)  [4.4s]
  ep  58: R(t)=0.777  l1=0.091  l2=0.101  acc1=67.42%  acc2=66.70%  ens=67.06%  (best 67.72 @ ep 51)  [4.3s]
  ep  59: R(t)=0.777  l1=0.089  l2=0.092  acc1=68.49%  acc2=66.79%  ens=67.64%  (best 67.72 @ ep 51)  [4.4s]
  ep  60: R(t)=0.777  l1=0.107  l2=0.122  acc1=66.83%  acc2=67.65%  ens=67.24%  (best 67.72 @ ep 51)  [4.1s]
  ep  61: R(t)=0.777  l1=0.088  l2=0.095  acc1=70.65%  acc2=66.27%  ens=68.46%  (best 68.46 @ ep 61)  [4.2s]
  ep  62: R(t)=0.777  l1=0.086  l2=0.089  acc1=63.73%  acc2=64.26%  ens=64.00%  (best 68.46 @ ep 61)  [4.3s]
  ep  63: R(t)=0.777  l1=0.084  l2=0.085  acc1=68.90%  acc2=66.91%  ens=67.90%  (best 68.46 @ ep 61)  [4.2s]
  ep  64: R(t)=0.777  l1=0.081  l2=0.086  acc1=67.80%  acc2=66.72%  ens=67.26%  (best 68.46 @ ep 61)  [4.2s]
  ep  65: R(t)=0.777  l1=0.065  l2=0.067  acc1=69.49%  acc2=68.77%  ens=69.13%  (best 69.13 @ ep 65)  [4.2s]
  ep  66: R(t)=0.777  l1=0.067  l2=0.068  acc1=69.34%  acc2=68.49%  ens=68.91%  (best 69.13 @ ep 65)  [4.4s]
  ep  67: R(t)=0.777  l1=0.065  l2=0.068  acc1=68.06%  acc2=67.01%  ens=67.53%  (best 69.13 @ ep 65)  [4.3s]
  ep  68: R(t)=0.777  l1=0.083  l2=0.088  acc1=69.06%  acc2=69.98%  ens=69.52%  (best 69.52 @ ep 68)  [4.2s]
  ep  69: R(t)=0.777  l1=0.065  l2=0.070  acc1=67.39%  acc2=66.66%  ens=67.03%  (best 69.52 @ ep 68)  [4.3s]
  ep  70: R(t)=0.777  l1=0.059  l2=0.065  acc1=70.60%  acc2=69.02%  ens=69.81%  (best 69.81 @ ep 70)  [9.6s]
  ep  71: R(t)=0.777  l1=0.046  l2=0.056  acc1=69.44%  acc2=68.68%  ens=69.06%  (best 69.81 @ ep 70)  [10.7s]
  ep  72: R(t)=0.777  l1=0.058  l2=0.059  acc1=69.08%  acc2=68.46%  ens=68.77%  (best 69.81 @ ep 70)  [11.3s]
  ep  73: R(t)=0.777  l1=0.049  l2=0.052  acc1=69.32%  acc2=69.20%  ens=69.26%  (best 69.81 @ ep 70)  [4.3s]
  ep  74: R(t)=0.777  l1=0.038  l2=0.038  acc1=70.32%  acc2=70.04%  ens=70.18%  (best 70.18 @ ep 74)  [4.3s]
  ep  75: R(t)=0.777  l1=0.041  l2=0.042  acc1=69.72%  acc2=70.38%  ens=70.05%  (best 70.18 @ ep 74)  [4.1s]
  ep  76: R(t)=0.777  l1=0.037  l2=0.040  acc1=69.62%  acc2=68.67%  ens=69.14%  (best 70.18 @ ep 74)  [4.4s]
  ep  77: R(t)=0.777  l1=0.031  l2=0.033  acc1=71.15%  acc2=69.78%  ens=70.47%  (best 70.47 @ ep 77)  [4.3s]
  ep  78: R(t)=0.777  l1=0.032  l2=0.031  acc1=71.26%  acc2=69.23%  ens=70.25%  (best 70.47 @ ep 77)  [4.3s]
  ep  79: R(t)=0.777  l1=0.030  l2=0.030  acc1=70.35%  acc2=69.65%  ens=70.00%  (best 70.47 @ ep 77)  [4.5s]
  ep  80: R(t)=0.777  l1=0.030  l2=0.031  acc1=70.61%  acc2=69.39%  ens=70.00%  (best 70.47 @ ep 77)  [4.2s]
  ep  81: R(t)=0.777  l1=0.027  l2=0.031  acc1=70.47%  acc2=70.29%  ens=70.38%  (best 70.47 @ ep 77)  [4.4s]
  ep  82: R(t)=0.777  l1=0.029  l2=0.034  acc1=70.77%  acc2=69.96%  ens=70.36%  (best 70.47 @ ep 77)  [4.2s]
  ep  83: R(t)=0.777  l1=0.029  l2=0.032  acc1=70.50%  acc2=70.72%  ens=70.61%  (best 70.61 @ ep 83)  [4.3s]
  ep  84: R(t)=0.777  l1=0.027  l2=0.027  acc1=69.75%  acc2=69.28%  ens=69.51%  (best 70.61 @ ep 83)  [4.5s]
  ep  85: R(t)=0.777  l1=0.025  l2=0.025  acc1=70.67%  acc2=69.19%  ens=69.93%  (best 70.61 @ ep 83)  [4.2s]
  ep  86: R(t)=0.777  l1=0.022  l2=0.024  acc1=70.82%  acc2=69.75%  ens=70.28%  (best 70.61 @ ep 83)  [5.3s]
  ep  87: R(t)=0.777  l1=0.021  l2=0.025  acc1=70.85%  acc2=69.55%  ens=70.20%  (best 70.61 @ ep 83)  [11.2s]
  ep  88: R(t)=0.777  l1=0.022  l2=0.022  acc1=71.16%  acc2=70.42%  ens=70.79%  (best 70.79 @ ep 88)  [9.4s]
  ep  89: R(t)=0.777  l1=0.024  l2=0.024  acc1=70.54%  acc2=70.22%  ens=70.38%  (best 70.79 @ ep 88)  [9.8s]
  ep  90: R(t)=0.777  l1=0.020  l2=0.021  acc1=70.62%  acc2=70.24%  ens=70.43%  (best 70.79 @ ep 88)  [11.7s]
  ep  91: R(t)=0.777  l1=0.020  l2=0.023  acc1=70.49%  acc2=69.83%  ens=70.16%  (best 70.79 @ ep 88)  [9.8s]
  ep  92: R(t)=0.777  l1=0.017  l2=0.019  acc1=70.94%  acc2=70.45%  ens=70.69%  (best 70.79 @ ep 88)  [5.1s]
  ep  93: R(t)=0.777  l1=0.019  l2=0.019  acc1=70.94%  acc2=70.34%  ens=70.64%  (best 70.79 @ ep 88)  [4.1s]
  ep  94: R(t)=0.777  l1=0.021  l2=0.021  acc1=70.66%  acc2=70.07%  ens=70.36%  (best 70.79 @ ep 88)  [4.3s]
  ep  95: R(t)=0.777  l1=0.016  l2=0.017  acc1=70.85%  acc2=70.16%  ens=70.50%  (best 70.79 @ ep 88)  [4.1s]
  ep  96: R(t)=0.777  l1=0.017  l2=0.018  acc1=70.80%  acc2=69.97%  ens=70.38%  (best 70.79 @ ep 88)  [4.3s]
  ep  97: R(t)=0.777  l1=0.019  l2=0.020  acc1=70.88%  acc2=70.47%  ens=70.67%  (best 70.79 @ ep 88)  [4.3s]
  ep  98: R(t)=0.777  l1=0.016  l2=0.016  acc1=71.11%  acc2=70.43%  ens=70.77%  (best 70.79 @ ep 88)  [4.3s]
  ep  99: R(t)=0.777  l1=0.018  l2=0.018  acc1=71.31%  acc2=70.39%  ens=70.85%  (best 70.85 @ ep 99)  [4.6s]

saved /path/to/ciln-workspace/journal_edition/robustness_transfer/results_v3/coteaching/ours__fog_sev3__seed2.json: best ens-acc 70.85% @ ep 99
