/path/to/ciln-workspace/venv/lib/python3.12/site-packages/torchvision/datasets/cifar.py:83: VisibleDeprecationWarning: dtype(): align should be passed as Python or NumPy boolean but got `align=0`. Did you mean to pass a tuple to create a subarray type? (Deprecated NumPy 2.4)
  entry = pickle.load(f, encoding="latin1")
condition=ours__contrast_sev3 seed=1 gpu=2
  ep   0: R(t)=1.000  l1=1.820  l2=1.820  acc1=24.41%  acc2=19.96%  ens=22.18%  (best 22.18 @ ep 0)  [5.5s]
  ep   1: R(t)=0.853  l1=1.329  l2=1.326  acc1=25.00%  acc2=25.93%  ens=25.46%  (best 25.46 @ ep 1)  [4.2s]
  ep   2: R(t)=0.793  l1=1.114  l2=1.124  acc1=26.61%  acc2=27.14%  ens=26.88%  (best 26.88 @ ep 2)  [4.3s]
  ep   3: R(t)=0.746  l1=0.979  l2=0.979  acc1=26.56%  acc2=26.07%  ens=26.31%  (best 26.88 @ ep 2)  [4.4s]
  ep   4: R(t)=0.707  l1=0.849  l2=0.855  acc1=28.83%  acc2=29.96%  ens=29.39%  (best 29.39 @ ep 4)  [4.2s]
  ep   5: R(t)=0.672  l1=0.785  l2=0.783  acc1=30.87%  acc2=29.40%  ens=30.14%  (best 30.14 @ ep 5)  [4.3s]
  ep   6: R(t)=0.641  l1=0.660  l2=0.669  acc1=28.68%  acc2=30.25%  ens=29.46%  (best 30.14 @ ep 5)  [4.3s]
  ep   7: R(t)=0.612  l1=0.576  l2=0.581  acc1=31.96%  acc2=31.84%  ens=31.90%  (best 31.90 @ ep 7)  [4.3s]
  ep   8: R(t)=0.585  l1=0.489  l2=0.492  acc1=25.19%  acc2=26.80%  ens=26.00%  (best 31.90 @ ep 7)  [4.3s]
  ep   9: R(t)=0.560  l1=0.424  l2=0.429  acc1=29.86%  acc2=30.62%  ens=30.24%  (best 31.90 @ ep 7)  [5.8s]
  ep  10: R(t)=0.536  l1=0.363  l2=0.373  acc1=27.40%  acc2=28.37%  ens=27.89%  (best 31.90 @ ep 7)  [9.0s]
  ep  11: R(t)=0.536  l1=0.358  l2=0.359  acc1=30.43%  acc2=33.09%  ens=31.76%  (best 31.90 @ ep 7)  [9.1s]
  ep  12: R(t)=0.536  l1=0.339  l2=0.342  acc1=33.46%  acc2=34.55%  ens=34.00%  (best 34.00 @ ep 12)  [4.4s]
  ep  13: R(t)=0.536  l1=0.310  l2=0.311  acc1=35.30%  acc2=32.62%  ens=33.96%  (best 34.00 @ ep 12)  [4.5s]
  ep  14: R(t)=0.536  l1=0.360  l2=0.354  acc1=32.13%  acc2=32.75%  ens=32.44%  (best 34.00 @ ep 12)  [4.5s]
  ep  15: R(t)=0.536  l1=0.290  l2=0.298  acc1=31.18%  acc2=33.97%  ens=32.57%  (best 34.00 @ ep 12)  [4.3s]
  ep  16: R(t)=0.536  l1=0.308  l2=0.315  acc1=36.18%  acc2=40.38%  ens=38.28%  (best 38.28 @ ep 16)  [4.2s]
  ep  17: R(t)=0.536  l1=0.282  l2=0.282  acc1=31.14%  acc2=31.74%  ens=31.44%  (best 38.28 @ ep 16)  [4.4s]
  ep  18: R(t)=0.536  l1=0.277  l2=0.292  acc1=34.68%  acc2=33.45%  ens=34.06%  (best 38.28 @ ep 16)  [4.4s]
  ep  19: R(t)=0.536  l1=0.274  l2=0.282  acc1=33.45%  acc2=34.39%  ens=33.92%  (best 38.28 @ ep 16)  [4.4s]
  ep  20: R(t)=0.536  l1=0.284  l2=0.300  acc1=34.17%  acc2=34.18%  ens=34.17%  (best 38.28 @ ep 16)  [4.5s]
  ep  21: R(t)=0.536  l1=0.259  l2=0.257  acc1=33.75%  acc2=36.77%  ens=35.26%  (best 38.28 @ ep 16)  [4.6s]
  ep  22: R(t)=0.536  l1=0.248  l2=0.261  acc1=30.95%  acc2=34.53%  ens=32.74%  (best 38.28 @ ep 16)  [4.4s]
  ep  23: R(t)=0.536  l1=0.269  l2=0.273  acc1=31.74%  acc2=33.81%  ens=32.77%  (best 38.28 @ ep 16)  [4.4s]
  ep  24: R(t)=0.536  l1=0.274  l2=0.260  acc1=35.08%  acc2=35.21%  ens=35.15%  (best 38.28 @ ep 16)  [4.4s]
  ep  25: R(t)=0.536  l1=0.257  l2=0.260  acc1=33.49%  acc2=33.65%  ens=33.57%  (best 38.28 @ ep 16)  [8.9s]
  ep  26: R(t)=0.536  l1=0.226  l2=0.237  acc1=31.88%  acc2=35.74%  ens=33.81%  (best 38.28 @ ep 16)  [11.6s]
  ep  27: R(t)=0.536  l1=0.272  l2=0.263  acc1=32.94%  acc2=31.13%  ens=32.04%  (best 38.28 @ ep 16)  [9.8s]
  ep  28: R(t)=0.536  l1=0.242  l2=0.235  acc1=36.34%  acc2=35.39%  ens=35.87%  (best 38.28 @ ep 16)  [9.7s]
  ep  29: R(t)=0.536  l1=0.226  l2=0.221  acc1=38.10%  acc2=39.37%  ens=38.73%  (best 38.73 @ ep 29)  [8.5s]
  ep  30: R(t)=0.536  l1=0.241  l2=0.237  acc1=35.72%  acc2=35.57%  ens=35.65%  (best 38.73 @ ep 29)  [4.3s]
  ep  31: R(t)=0.536  l1=0.210  l2=0.215  acc1=40.04%  acc2=37.25%  ens=38.64%  (best 38.73 @ ep 29)  [4.3s]
  ep  32: R(t)=0.536  l1=0.215  l2=0.224  acc1=33.45%  acc2=33.96%  ens=33.70%  (best 38.73 @ ep 29)  [4.4s]
  ep  33: R(t)=0.536  l1=0.216  l2=0.221  acc1=35.76%  acc2=37.52%  ens=36.64%  (best 38.73 @ ep 29)  [4.4s]
  ep  34: R(t)=0.536  l1=0.202  l2=0.194  acc1=35.40%  acc2=33.97%  ens=34.69%  (best 38.73 @ ep 29)  [4.3s]
  ep  35: R(t)=0.536  l1=0.201  l2=0.192  acc1=35.88%  acc2=35.09%  ens=35.48%  (best 38.73 @ ep 29)  [4.2s]
  ep  36: R(t)=0.536  l1=0.205  l2=0.203  acc1=37.28%  acc2=35.16%  ens=36.22%  (best 38.73 @ ep 29)  [4.4s]
  ep  37: R(t)=0.536  l1=0.184  l2=0.181  acc1=38.68%  acc2=39.95%  ens=39.31%  (best 39.31 @ ep 37)  [4.6s]
  ep  38: R(t)=0.536  l1=0.181  l2=0.180  acc1=38.08%  acc2=39.08%  ens=38.58%  (best 39.31 @ ep 37)  [4.4s]
  ep  39: R(t)=0.536  l1=0.166  l2=0.184  acc1=39.37%  acc2=38.20%  ens=38.79%  (best 39.31 @ ep 37)  [4.4s]
  ep  40: R(t)=0.536  l1=0.210  l2=0.201  acc1=39.00%  acc2=38.97%  ens=38.98%  (best 39.31 @ ep 37)  [4.5s]
  ep  41: R(t)=0.536  l1=0.204  l2=0.203  acc1=37.21%  acc2=38.84%  ens=38.02%  (best 39.31 @ ep 37)  [4.5s]
  ep  42: R(t)=0.536  l1=0.157  l2=0.161  acc1=34.62%  acc2=37.12%  ens=35.87%  (best 39.31 @ ep 37)  [4.5s]
  ep  43: R(t)=0.536  l1=0.186  l2=0.179  acc1=34.76%  acc2=38.49%  ens=36.62%  (best 39.31 @ ep 37)  [9.8s]
  ep  44: R(t)=0.536  l1=0.168  l2=0.170  acc1=38.66%  acc2=36.12%  ens=37.39%  (best 39.31 @ ep 37)  [9.5s]
  ep  45: R(t)=0.536  l1=0.172  l2=0.168  acc1=39.43%  acc2=40.13%  ens=39.78%  (best 39.78 @ ep 45)  [9.9s]
  ep  46: R(t)=0.536  l1=0.155  l2=0.149  acc1=31.81%  acc2=34.18%  ens=32.99%  (best 39.78 @ ep 45)  [12.7s]
  ep  47: R(t)=0.536  l1=0.161  l2=0.162  acc1=34.09%  acc2=36.26%  ens=35.17%  (best 39.78 @ ep 45)  [9.7s]
  ep  48: R(t)=0.536  l1=0.157  l2=0.142  acc1=39.83%  acc2=42.66%  ens=41.24%  (best 41.24 @ ep 48)  [10.1s]
  ep  49: R(t)=0.536  l1=0.161  l2=0.161  acc1=39.02%  acc2=38.52%  ens=38.77%  (best 41.24 @ ep 48)  [12.6s]
  ep  50: R(t)=0.536  l1=0.165  l2=0.164  acc1=35.60%  acc2=36.65%  ens=36.12%  (best 41.24 @ ep 48)  [4.4s]
  ep  51: R(t)=0.536  l1=0.154  l2=0.152  acc1=41.75%  acc2=40.48%  ens=41.12%  (best 41.24 @ ep 48)  [4.3s]
  ep  52: R(t)=0.536  l1=0.128  l2=0.140  acc1=41.95%  acc2=39.88%  ens=40.91%  (best 41.24 @ ep 48)  [4.4s]
  ep  53: R(t)=0.536  l1=0.127  l2=0.139  acc1=37.06%  acc2=35.87%  ens=36.47%  (best 41.24 @ ep 48)  [4.5s]
  ep  54: R(t)=0.536  l1=0.147  l2=0.154  acc1=36.70%  acc2=38.21%  ens=37.45%  (best 41.24 @ ep 48)  [4.3s]
  ep  55: R(t)=0.536  l1=0.120  l2=0.120  acc1=40.07%  acc2=41.15%  ens=40.61%  (best 41.24 @ ep 48)  [4.2s]
  ep  56: R(t)=0.536  l1=0.125  l2=0.126  acc1=41.82%  acc2=41.11%  ens=41.47%  (best 41.47 @ ep 56)  [4.5s]
  ep  57: R(t)=0.536  l1=0.121  l2=0.121  acc1=39.72%  acc2=40.58%  ens=40.15%  (best 41.47 @ ep 56)  [4.5s]
  ep  58: R(t)=0.536  l1=0.107  l2=0.110  acc1=38.03%  acc2=36.90%  ens=37.47%  (best 41.47 @ ep 56)  [4.3s]
  ep  59: R(t)=0.536  l1=0.109  l2=0.107  acc1=40.08%  acc2=38.23%  ens=39.15%  (best 41.47 @ ep 56)  [4.1s]
  ep  60: R(t)=0.536  l1=0.112  l2=0.112  acc1=39.07%  acc2=41.61%  ens=40.34%  (best 41.47 @ ep 56)  [4.4s]
  ep  61: R(t)=0.536  l1=0.104  l2=0.111  acc1=41.56%  acc2=39.75%  ens=40.66%  (best 41.47 @ ep 56)  [4.6s]
  ep  62: R(t)=0.536  l1=0.116  l2=0.123  acc1=37.13%  acc2=40.81%  ens=38.97%  (best 41.47 @ ep 56)  [4.5s]
  ep  63: R(t)=0.536  l1=0.101  l2=0.093  acc1=40.08%  acc2=39.43%  ens=39.75%  (best 41.47 @ ep 56)  [4.4s]
  ep  64: R(t)=0.536  l1=0.091  l2=0.096  acc1=38.79%  acc2=39.25%  ens=39.02%  (best 41.47 @ ep 56)  [8.8s]
  ep  65: R(t)=0.536  l1=0.097  l2=0.098  acc1=38.58%  acc2=40.30%  ens=39.44%  (best 41.47 @ ep 56)  [10.8s]
  ep  66: R(t)=0.536  l1=0.097  l2=0.094  acc1=40.44%  acc2=38.41%  ens=39.42%  (best 41.47 @ ep 56)  [10.3s]
  ep  67: R(t)=0.536  l1=0.079  l2=0.079  acc1=40.34%  acc2=40.82%  ens=40.58%  (best 41.47 @ ep 56)  [10.0s]
  ep  68: R(t)=0.536  l1=0.077  l2=0.080  acc1=40.68%  acc2=40.25%  ens=40.47%  (best 41.47 @ ep 56)  [11.9s]
  ep  69: R(t)=0.536  l1=0.079  l2=0.073  acc1=39.30%  acc2=38.65%  ens=38.98%  (best 41.47 @ ep 56)  [9.7s]
  ep  70: R(t)=0.536  l1=0.074  l2=0.075  acc1=38.72%  acc2=41.27%  ens=40.00%  (best 41.47 @ ep 56)  [10.0s]
  ep  71: R(t)=0.536  l1=0.065  l2=0.074  acc1=43.69%  acc2=41.23%  ens=42.46%  (best 42.46 @ ep 71)  [5.4s]
  ep  72: R(t)=0.536  l1=0.061  l2=0.066  acc1=39.74%  acc2=41.32%  ens=40.53%  (best 42.46 @ ep 71)  [4.3s]
  ep  73: R(t)=0.536  l1=0.064  l2=0.061  acc1=41.28%  acc2=41.80%  ens=41.54%  (best 42.46 @ ep 71)  [4.2s]
  ep  74: R(t)=0.536  l1=0.063  l2=0.061  acc1=41.21%  acc2=40.40%  ens=40.80%  (best 42.46 @ ep 71)  [4.4s]
  ep  75: R(t)=0.536  l1=0.056  l2=0.057  acc1=42.97%  acc2=42.29%  ens=42.63%  (best 42.63 @ ep 75)  [4.4s]
  ep  76: R(t)=0.536  l1=0.055  l2=0.058  acc1=39.88%  acc2=42.36%  ens=41.12%  (best 42.63 @ ep 75)  [4.4s]
  ep  77: R(t)=0.536  l1=0.045  l2=0.047  acc1=41.25%  acc2=43.02%  ens=42.13%  (best 42.63 @ ep 75)  [4.5s]
  ep  78: R(t)=0.536  l1=0.036  l2=0.039  acc1=39.30%  acc2=40.40%  ens=39.85%  (best 42.63 @ ep 75)  [4.3s]
  ep  79: R(t)=0.536  l1=0.047  l2=0.044  acc1=41.06%  acc2=40.26%  ens=40.66%  (best 42.63 @ ep 75)  [4.5s]
  ep  80: R(t)=0.536  l1=0.039  l2=0.038  acc1=41.52%  acc2=40.52%  ens=41.02%  (best 42.63 @ ep 75)  [4.5s]
  ep  81: R(t)=0.536  l1=0.034  l2=0.036  acc1=41.39%  acc2=42.07%  ens=41.73%  (best 42.63 @ ep 75)  [4.8s]
  ep  82: R(t)=0.536  l1=0.041  l2=0.039  acc1=41.71%  acc2=41.69%  ens=41.70%  (best 42.63 @ ep 75)  [4.4s]
  ep  83: R(t)=0.536  l1=0.032  l2=0.029  acc1=40.81%  acc2=42.14%  ens=41.48%  (best 42.63 @ ep 75)  [4.3s]
  ep  84: R(t)=0.536  l1=0.030  l2=0.032  acc1=40.68%  acc2=41.50%  ens=41.09%  (best 42.63 @ ep 75)  [4.6s]
  ep  85: R(t)=0.536  l1=0.024  l2=0.027  acc1=40.82%  acc2=41.07%  ens=40.95%  (best 42.63 @ ep 75)  [9.8s]
  ep  86: R(t)=0.536  l1=0.028  l2=0.028  acc1=40.60%  acc2=41.18%  ens=40.89%  (best 42.63 @ ep 75)  [10.2s]
  ep  87: R(t)=0.536  l1=0.031  l2=0.030  acc1=42.17%  acc2=40.40%  ens=41.29%  (best 42.63 @ ep 75)  [9.5s]
  ep  88: R(t)=0.536  l1=0.032  l2=0.031  acc1=41.63%  acc2=41.75%  ens=41.69%  (best 42.63 @ ep 75)  [13.4s]
  ep  89: R(t)=0.536  l1=0.024  l2=0.025  acc1=41.75%  acc2=41.68%  ens=41.72%  (best 42.63 @ ep 75)  [9.3s]
  ep  90: R(t)=0.536  l1=0.025  l2=0.025  acc1=40.53%  acc2=40.90%  ens=40.72%  (best 42.63 @ ep 75)  [9.8s]
  ep  91: R(t)=0.536  l1=0.021  l2=0.022  acc1=41.30%  acc2=41.19%  ens=41.24%  (best 42.63 @ ep 75)  [13.4s]
  ep  92: R(t)=0.536  l1=0.023  l2=0.023  acc1=41.50%  acc2=41.54%  ens=41.52%  (best 42.63 @ ep 75)  [4.9s]
  ep  93: R(t)=0.536  l1=0.027  l2=0.027  acc1=41.72%  acc2=41.73%  ens=41.73%  (best 42.63 @ ep 75)  [4.5s]
  ep  94: R(t)=0.536  l1=0.023  l2=0.023  acc1=41.69%  acc2=41.50%  ens=41.59%  (best 42.63 @ ep 75)  [4.2s]
  ep  95: R(t)=0.536  l1=0.026  l2=0.026  acc1=41.64%  acc2=41.61%  ens=41.62%  (best 42.63 @ ep 75)  [4.7s]
  ep  96: R(t)=0.536  l1=0.015  l2=0.016  acc1=42.23%  acc2=42.10%  ens=42.16%  (best 42.63 @ ep 75)  [4.3s]
  ep  97: R(t)=0.536  l1=0.026  l2=0.026  acc1=41.98%  acc2=41.92%  ens=41.95%  (best 42.63 @ ep 75)  [4.5s]
  ep  98: R(t)=0.536  l1=0.018  l2=0.020  acc1=41.55%  acc2=41.44%  ens=41.49%  (best 42.63 @ ep 75)  [4.5s]
  ep  99: R(t)=0.536  l1=0.021  l2=0.020  acc1=41.86%  acc2=41.86%  ens=41.86%  (best 42.63 @ ep 75)  [4.3s]

saved /path/to/ciln-workspace/journal_edition/robustness_transfer/results_v3/coteaching/ours__contrast_sev3__seed1.json: best ens-acc 42.63% @ ep 75
