/path/to/ciln-workspace/venv/lib/python3.12/site-packages/torchvision/datasets/cifar.py:83: VisibleDeprecationWarning: dtype(): align should be passed as Python or NumPy boolean but got `align=0`. Did you mean to pass a tuple to create a subarray type? (Deprecated NumPy 2.4)
  entry = pickle.load(f, encoding="latin1")
condition=ours__contrast_sev3 seed=0 gpu=2
  ep   0: R(t)=1.000  l1=1.819  l2=1.853  acc1=21.90%  acc2=23.87%  ens=22.88%  (best 22.88 @ ep 0)  [5.5s]
  ep   1: R(t)=0.853  l1=1.337  l2=1.313  acc1=25.24%  acc2=28.91%  ens=27.08%  (best 27.08 @ ep 1)  [4.5s]
  ep   2: R(t)=0.793  l1=1.157  l2=1.140  acc1=26.58%  acc2=25.36%  ens=25.97%  (best 27.08 @ ep 1)  [4.3s]
  ep   3: R(t)=0.746  l1=1.010  l2=0.999  acc1=29.02%  acc2=29.75%  ens=29.39%  (best 29.39 @ ep 3)  [4.4s]
  ep   4: R(t)=0.707  l1=0.874  l2=0.877  acc1=28.80%  acc2=27.14%  ens=27.97%  (best 29.39 @ ep 3)  [4.1s]
  ep   5: R(t)=0.672  l1=0.780  l2=0.779  acc1=26.81%  acc2=24.52%  ens=25.66%  (best 29.39 @ ep 3)  [4.2s]
  ep   6: R(t)=0.641  l1=0.673  l2=0.673  acc1=30.59%  acc2=31.42%  ens=31.00%  (best 31.00 @ ep 6)  [4.6s]
  ep   7: R(t)=0.612  l1=0.604  l2=0.610  acc1=28.26%  acc2=27.94%  ens=28.10%  (best 31.00 @ ep 6)  [4.4s]
  ep   8: R(t)=0.585  l1=0.530  l2=0.520  acc1=27.93%  acc2=28.07%  ens=28.00%  (best 31.00 @ ep 6)  [4.3s]
  ep   9: R(t)=0.560  l1=0.448  l2=0.442  acc1=31.16%  acc2=29.86%  ens=30.51%  (best 31.00 @ ep 6)  [4.6s]
  ep  10: R(t)=0.536  l1=0.405  l2=0.414  acc1=30.30%  acc2=29.87%  ens=30.09%  (best 31.00 @ ep 6)  [4.4s]
  ep  11: R(t)=0.536  l1=0.392  l2=0.400  acc1=26.67%  acc2=26.98%  ens=26.82%  (best 31.00 @ ep 6)  [4.3s]
  ep  12: R(t)=0.536  l1=0.355  l2=0.361  acc1=25.63%  acc2=29.28%  ens=27.45%  (best 31.00 @ ep 6)  [4.3s]
  ep  13: R(t)=0.536  l1=0.363  l2=0.371  acc1=33.74%  acc2=32.70%  ens=33.22%  (best 33.22 @ ep 13)  [4.2s]
  ep  14: R(t)=0.536  l1=0.328  l2=0.321  acc1=27.21%  acc2=29.69%  ens=28.45%  (best 33.22 @ ep 13)  [4.4s]
  ep  15: R(t)=0.536  l1=0.316  l2=0.306  acc1=29.62%  acc2=30.32%  ens=29.97%  (best 33.22 @ ep 13)  [5.3s]
  ep  16: R(t)=0.536  l1=0.295  l2=0.306  acc1=31.83%  acc2=31.42%  ens=31.63%  (best 33.22 @ ep 13)  [9.3s]
  ep  17: R(t)=0.536  l1=0.312  l2=0.321  acc1=31.39%  acc2=32.53%  ens=31.96%  (best 33.22 @ ep 13)  [11.8s]
  ep  18: R(t)=0.536  l1=0.289  l2=0.284  acc1=35.11%  acc2=33.73%  ens=34.42%  (best 34.42 @ ep 18)  [9.7s]
  ep  19: R(t)=0.536  l1=0.290  l2=0.291  acc1=33.68%  acc2=32.77%  ens=33.23%  (best 34.42 @ ep 18)  [10.3s]
  ep  20: R(t)=0.536  l1=0.283  l2=0.277  acc1=31.48%  acc2=30.78%  ens=31.13%  (best 34.42 @ ep 18)  [11.5s]
  ep  21: R(t)=0.536  l1=0.253  l2=0.255  acc1=29.87%  acc2=30.39%  ens=30.13%  (best 34.42 @ ep 18)  [10.3s]
  ep  22: R(t)=0.536  l1=0.272  l2=0.277  acc1=31.55%  acc2=31.69%  ens=31.62%  (best 34.42 @ ep 18)  [5.5s]
  ep  23: R(t)=0.536  l1=0.266  l2=0.267  acc1=35.75%  acc2=32.80%  ens=34.27%  (best 34.42 @ ep 18)  [4.3s]
  ep  24: R(t)=0.536  l1=0.251  l2=0.249  acc1=34.93%  acc2=33.37%  ens=34.15%  (best 34.42 @ ep 18)  [4.2s]
  ep  25: R(t)=0.536  l1=0.268  l2=0.271  acc1=36.47%  acc2=35.60%  ens=36.04%  (best 36.04 @ ep 25)  [4.2s]
  ep  26: R(t)=0.536  l1=0.252  l2=0.260  acc1=35.28%  acc2=35.47%  ens=35.38%  (best 36.04 @ ep 25)  [4.1s]
  ep  27: R(t)=0.536  l1=0.235  l2=0.228  acc1=34.74%  acc2=34.57%  ens=34.66%  (best 36.04 @ ep 25)  [4.4s]
  ep  28: R(t)=0.536  l1=0.228  l2=0.228  acc1=33.53%  acc2=36.47%  ens=35.00%  (best 36.04 @ ep 25)  [4.3s]
  ep  29: R(t)=0.536  l1=0.221  l2=0.216  acc1=34.33%  acc2=33.79%  ens=34.06%  (best 36.04 @ ep 25)  [4.3s]
  ep  30: R(t)=0.536  l1=0.232  l2=0.231  acc1=29.98%  acc2=32.34%  ens=31.16%  (best 36.04 @ ep 25)  [4.3s]
  ep  31: R(t)=0.536  l1=0.233  l2=0.233  acc1=36.05%  acc2=35.90%  ens=35.98%  (best 36.04 @ ep 25)  [4.5s]
  ep  32: R(t)=0.536  l1=0.208  l2=0.208  acc1=37.76%  acc2=36.23%  ens=36.99%  (best 36.99 @ ep 32)  [4.5s]
  ep  33: R(t)=0.536  l1=0.219  l2=0.210  acc1=36.40%  acc2=36.64%  ens=36.52%  (best 36.99 @ ep 32)  [4.4s]
  ep  34: R(t)=0.536  l1=0.192  l2=0.192  acc1=33.32%  acc2=32.89%  ens=33.11%  (best 36.99 @ ep 32)  [4.6s]
  ep  35: R(t)=0.536  l1=0.209  l2=0.207  acc1=35.56%  acc2=39.31%  ens=37.44%  (best 37.44 @ ep 35)  [4.3s]
  ep  36: R(t)=0.536  l1=0.201  l2=0.212  acc1=35.81%  acc2=35.80%  ens=35.80%  (best 37.44 @ ep 35)  [4.3s]
  ep  37: R(t)=0.536  l1=0.180  l2=0.192  acc1=30.93%  acc2=34.69%  ens=32.81%  (best 37.44 @ ep 35)  [10.1s]
  ep  38: R(t)=0.536  l1=0.215  l2=0.223  acc1=37.35%  acc2=35.54%  ens=36.45%  (best 37.44 @ ep 35)  [9.6s]
  ep  39: R(t)=0.536  l1=0.186  l2=0.184  acc1=35.90%  acc2=35.85%  ens=35.88%  (best 37.44 @ ep 35)  [10.9s]
  ep  40: R(t)=0.536  l1=0.173  l2=0.180  acc1=34.41%  acc2=35.65%  ens=35.03%  (best 37.44 @ ep 35)  [9.8s]
  ep  41: R(t)=0.536  l1=0.186  l2=0.189  acc1=39.69%  acc2=37.59%  ens=38.64%  (best 38.64 @ ep 41)  [10.1s]
  ep  42: R(t)=0.536  l1=0.176  l2=0.170  acc1=34.04%  acc2=37.63%  ens=35.84%  (best 38.64 @ ep 41)  [12.2s]
  ep  43: R(t)=0.536  l1=0.173  l2=0.167  acc1=36.83%  acc2=36.58%  ens=36.70%  (best 38.64 @ ep 41)  [7.8s]
  ep  44: R(t)=0.536  l1=0.169  l2=0.169  acc1=36.11%  acc2=35.93%  ens=36.02%  (best 38.64 @ ep 41)  [4.3s]
  ep  45: R(t)=0.536  l1=0.174  l2=0.167  acc1=35.50%  acc2=36.49%  ens=35.99%  (best 38.64 @ ep 41)  [4.4s]
  ep  46: R(t)=0.536  l1=0.186  l2=0.191  acc1=37.48%  acc2=37.28%  ens=37.38%  (best 38.64 @ ep 41)  [4.1s]
  ep  47: R(t)=0.536  l1=0.159  l2=0.160  acc1=34.89%  acc2=36.37%  ens=35.63%  (best 38.64 @ ep 41)  [4.5s]
  ep  48: R(t)=0.536  l1=0.178  l2=0.171  acc1=40.29%  acc2=39.80%  ens=40.04%  (best 40.04 @ ep 48)  [4.3s]
  ep  49: R(t)=0.536  l1=0.144  l2=0.158  acc1=34.46%  acc2=37.57%  ens=36.02%  (best 40.04 @ ep 48)  [4.3s]
  ep  50: R(t)=0.536  l1=0.153  l2=0.143  acc1=35.02%  acc2=33.81%  ens=34.41%  (best 40.04 @ ep 48)  [4.2s]
  ep  51: R(t)=0.536  l1=0.137  l2=0.140  acc1=36.79%  acc2=37.46%  ens=37.12%  (best 40.04 @ ep 48)  [4.3s]
  ep  52: R(t)=0.536  l1=0.142  l2=0.150  acc1=37.54%  acc2=37.18%  ens=37.36%  (best 40.04 @ ep 48)  [4.4s]
  ep  53: R(t)=0.536  l1=0.168  l2=0.168  acc1=37.35%  acc2=39.18%  ens=38.27%  (best 40.04 @ ep 48)  [4.3s]
  ep  54: R(t)=0.536  l1=0.140  l2=0.137  acc1=37.89%  acc2=35.30%  ens=36.59%  (best 40.04 @ ep 48)  [4.3s]
  ep  55: R(t)=0.536  l1=0.139  l2=0.132  acc1=36.29%  acc2=37.26%  ens=36.78%  (best 40.04 @ ep 48)  [4.3s]
  ep  56: R(t)=0.536  l1=0.130  l2=0.134  acc1=35.29%  acc2=35.19%  ens=35.24%  (best 40.04 @ ep 48)  [4.3s]
  ep  57: R(t)=0.536  l1=0.136  l2=0.128  acc1=35.75%  acc2=35.57%  ens=35.66%  (best 40.04 @ ep 48)  [4.6s]
  ep  58: R(t)=0.536  l1=0.126  l2=0.122  acc1=37.36%  acc2=39.41%  ens=38.39%  (best 40.04 @ ep 48)  [9.5s]
  ep  59: R(t)=0.536  l1=0.118  l2=0.118  acc1=37.09%  acc2=36.31%  ens=36.70%  (best 40.04 @ ep 48)  [8.0s]
  ep  60: R(t)=0.536  l1=0.113  l2=0.117  acc1=37.08%  acc2=34.78%  ens=35.93%  (best 40.04 @ ep 48)  [4.2s]
  ep  61: R(t)=0.536  l1=0.113  l2=0.114  acc1=38.11%  acc2=35.25%  ens=36.68%  (best 40.04 @ ep 48)  [4.3s]
  ep  62: R(t)=0.536  l1=0.116  l2=0.120  acc1=35.12%  acc2=34.65%  ens=34.88%  (best 40.04 @ ep 48)  [4.2s]
  ep  63: R(t)=0.536  l1=0.105  l2=0.104  acc1=34.63%  acc2=34.49%  ens=34.56%  (best 40.04 @ ep 48)  [4.2s]
  ep  64: R(t)=0.536  l1=0.108  l2=0.106  acc1=34.68%  acc2=33.52%  ens=34.10%  (best 40.04 @ ep 48)  [4.4s]
  ep  65: R(t)=0.536  l1=0.096  l2=0.102  acc1=38.78%  acc2=38.78%  ens=38.78%  (best 40.04 @ ep 48)  [4.4s]
  ep  66: R(t)=0.536  l1=0.092  l2=0.089  acc1=39.05%  acc2=40.30%  ens=39.68%  (best 40.04 @ ep 48)  [4.3s]
  ep  67: R(t)=0.536  l1=0.084  l2=0.088  acc1=38.31%  acc2=38.69%  ens=38.50%  (best 40.04 @ ep 48)  [4.5s]
  ep  68: R(t)=0.536  l1=0.095  l2=0.096  acc1=38.30%  acc2=38.28%  ens=38.29%  (best 40.04 @ ep 48)  [4.2s]
  ep  69: R(t)=0.536  l1=0.086  l2=0.092  acc1=36.61%  acc2=37.43%  ens=37.02%  (best 40.04 @ ep 48)  [4.2s]
  ep  70: R(t)=0.536  l1=0.071  l2=0.071  acc1=38.36%  acc2=38.23%  ens=38.30%  (best 40.04 @ ep 48)  [4.4s]
  ep  71: R(t)=0.536  l1=0.082  l2=0.084  acc1=37.10%  acc2=38.08%  ens=37.59%  (best 40.04 @ ep 48)  [4.3s]
  ep  72: R(t)=0.536  l1=0.071  l2=0.067  acc1=36.91%  acc2=35.71%  ens=36.31%  (best 40.04 @ ep 48)  [4.3s]
  ep  73: R(t)=0.536  l1=0.074  l2=0.072  acc1=36.57%  acc2=36.64%  ens=36.60%  (best 40.04 @ ep 48)  [4.7s]
  ep  74: R(t)=0.536  l1=0.068  l2=0.063  acc1=38.52%  acc2=40.13%  ens=39.32%  (best 40.04 @ ep 48)  [9.6s]
  ep  75: R(t)=0.536  l1=0.080  l2=0.082  acc1=37.13%  acc2=37.35%  ens=37.24%  (best 40.04 @ ep 48)  [11.5s]
  ep  76: R(t)=0.536  l1=0.062  l2=0.062  acc1=38.34%  acc2=39.51%  ens=38.92%  (best 40.04 @ ep 48)  [10.2s]
  ep  77: R(t)=0.536  l1=0.052  l2=0.053  acc1=38.61%  acc2=37.59%  ens=38.10%  (best 40.04 @ ep 48)  [10.1s]
  ep  78: R(t)=0.536  l1=0.055  l2=0.052  acc1=37.27%  acc2=37.35%  ens=37.31%  (best 40.04 @ ep 48)  [12.5s]
  ep  79: R(t)=0.536  l1=0.046  l2=0.046  acc1=40.19%  acc2=39.89%  ens=40.04%  (best 40.04 @ ep 48)  [9.9s]
  ep  80: R(t)=0.536  l1=0.045  l2=0.043  acc1=38.49%  acc2=37.86%  ens=38.18%  (best 40.04 @ ep 48)  [7.6s]
  ep  81: R(t)=0.536  l1=0.045  l2=0.042  acc1=38.64%  acc2=37.88%  ens=38.26%  (best 40.04 @ ep 48)  [4.3s]
  ep  82: R(t)=0.536  l1=0.036  l2=0.038  acc1=38.28%  acc2=39.50%  ens=38.89%  (best 40.04 @ ep 48)  [4.6s]
  ep  83: R(t)=0.536  l1=0.034  l2=0.034  acc1=38.69%  acc2=38.20%  ens=38.45%  (best 40.04 @ ep 48)  [4.3s]
  ep  84: R(t)=0.536  l1=0.040  l2=0.041  acc1=38.57%  acc2=39.10%  ens=38.83%  (best 40.04 @ ep 48)  [4.5s]
  ep  85: R(t)=0.536  l1=0.037  l2=0.034  acc1=38.49%  acc2=38.34%  ens=38.41%  (best 40.04 @ ep 48)  [4.4s]
  ep  86: R(t)=0.536  l1=0.036  l2=0.033  acc1=38.35%  acc2=38.64%  ens=38.50%  (best 40.04 @ ep 48)  [4.4s]
  ep  87: R(t)=0.536  l1=0.031  l2=0.028  acc1=38.52%  acc2=38.25%  ens=38.39%  (best 40.04 @ ep 48)  [4.5s]
  ep  88: R(t)=0.536  l1=0.035  l2=0.036  acc1=38.14%  acc2=38.18%  ens=38.16%  (best 40.04 @ ep 48)  [4.5s]
  ep  89: R(t)=0.536  l1=0.032  l2=0.032  acc1=38.15%  acc2=38.72%  ens=38.43%  (best 40.04 @ ep 48)  [4.3s]
  ep  90: R(t)=0.536  l1=0.032  l2=0.032  acc1=38.67%  acc2=38.74%  ens=38.70%  (best 40.04 @ ep 48)  [4.1s]
  ep  91: R(t)=0.536  l1=0.031  l2=0.032  acc1=38.60%  acc2=38.91%  ens=38.76%  (best 40.04 @ ep 48)  [4.4s]
  ep  92: R(t)=0.536  l1=0.031  l2=0.031  acc1=38.86%  acc2=39.19%  ens=39.02%  (best 40.04 @ ep 48)  [4.4s]
  ep  93: R(t)=0.536  l1=0.026  l2=0.027  acc1=38.49%  acc2=38.44%  ens=38.47%  (best 40.04 @ ep 48)  [4.3s]
  ep  94: R(t)=0.536  l1=0.029  l2=0.029  acc1=38.32%  acc2=38.47%  ens=38.40%  (best 40.04 @ ep 48)  [6.9s]
  ep  95: R(t)=0.536  l1=0.027  l2=0.026  acc1=38.73%  acc2=38.99%  ens=38.86%  (best 40.04 @ ep 48)  [10.2s]
  ep  96: R(t)=0.536  l1=0.037  l2=0.038  acc1=38.60%  acc2=38.84%  ens=38.72%  (best 40.04 @ ep 48)  [10.1s]
  ep  97: R(t)=0.536  l1=0.028  l2=0.027  acc1=38.68%  acc2=38.71%  ens=38.70%  (best 40.04 @ ep 48)  [8.1s]
  ep  98: R(t)=0.536  l1=0.024  l2=0.025  acc1=38.62%  acc2=38.75%  ens=38.69%  (best 40.04 @ ep 48)  [4.3s]
  ep  99: R(t)=0.536  l1=0.025  l2=0.026  acc1=38.46%  acc2=38.68%  ens=38.57%  (best 40.04 @ ep 48)  [4.4s]

saved /path/to/ciln-workspace/journal_edition/robustness_transfer/results_v3/coteaching/ours__contrast_sev3__seed0.json: best ens-acc 40.04% @ ep 48
