/path/to/ciln-workspace/venv/lib/python3.12/site-packages/torchvision/datasets/cifar.py:83: VisibleDeprecationWarning: dtype(): align should be passed as Python or NumPy boolean but got `align=0`. Did you mean to pass a tuple to create a subarray type? (Deprecated NumPy 2.4)
  entry = pickle.load(f, encoding="latin1")
condition=ours__impulse_noise_sev5 seed=0 gpu=2
  ep   0: R(t)=1.000  l1=1.857  l2=1.887  acc1=21.18%  acc2=23.77%  ens=22.48%  (best 22.48 @ ep 0)  [5.2s]
  ep   1: R(t)=0.846  l1=1.362  l2=1.379  acc1=25.35%  acc2=26.02%  ens=25.69%  (best 25.69 @ ep 1)  [4.3s]
  ep   2: R(t)=0.783  l1=1.102  l2=1.099  acc1=29.55%  acc2=28.39%  ens=28.97%  (best 28.97 @ ep 2)  [4.3s]
  ep   3: R(t)=0.734  l1=0.954  l2=0.962  acc1=27.86%  acc2=30.16%  ens=29.01%  (best 29.01 @ ep 3)  [4.4s]
  ep   4: R(t)=0.693  l1=0.808  l2=0.835  acc1=26.58%  acc2=27.50%  ens=27.04%  (best 29.01 @ ep 3)  [4.3s]
  ep   5: R(t)=0.656  l1=0.692  l2=0.702  acc1=29.77%  acc2=28.81%  ens=29.29%  (best 29.29 @ ep 5)  [4.5s]
  ep   6: R(t)=0.623  l1=0.597  l2=0.610  acc1=31.06%  acc2=30.65%  ens=30.86%  (best 30.86 @ ep 6)  [4.5s]
  ep   7: R(t)=0.593  l1=0.484  l2=0.505  acc1=30.18%  acc2=30.19%  ens=30.19%  (best 30.86 @ ep 6)  [4.4s]
  ep   8: R(t)=0.565  l1=0.411  l2=0.423  acc1=30.51%  acc2=31.62%  ens=31.06%  (best 31.06 @ ep 8)  [4.3s]
  ep   9: R(t)=0.539  l1=0.329  l2=0.335  acc1=30.91%  acc2=30.04%  ens=30.47%  (best 31.06 @ ep 8)  [4.3s]
  ep  10: R(t)=0.514  l1=0.264  l2=0.271  acc1=30.50%  acc2=29.21%  ens=29.85%  (best 31.06 @ ep 8)  [9.3s]
  ep  11: R(t)=0.514  l1=0.227  l2=0.229  acc1=32.93%  acc2=32.74%  ens=32.84%  (best 32.84 @ ep 11)  [9.2s]
  ep  12: R(t)=0.514  l1=0.251  l2=0.252  acc1=31.51%  acc2=32.25%  ens=31.88%  (best 32.84 @ ep 11)  [4.5s]
  ep  13: R(t)=0.514  l1=0.226  l2=0.229  acc1=29.28%  acc2=31.12%  ens=30.20%  (best 32.84 @ ep 11)  [4.4s]
  ep  14: R(t)=0.514  l1=0.221  l2=0.224  acc1=31.59%  acc2=31.91%  ens=31.75%  (best 32.84 @ ep 11)  [4.2s]
  ep  15: R(t)=0.514  l1=0.214  l2=0.208  acc1=32.88%  acc2=32.40%  ens=32.64%  (best 32.84 @ ep 11)  [4.3s]
  ep  16: R(t)=0.514  l1=0.221  l2=0.211  acc1=32.17%  acc2=31.12%  ens=31.64%  (best 32.84 @ ep 11)  [4.3s]
  ep  17: R(t)=0.514  l1=0.206  l2=0.209  acc1=32.33%  acc2=32.05%  ens=32.19%  (best 32.84 @ ep 11)  [4.5s]
  ep  18: R(t)=0.514  l1=0.188  l2=0.183  acc1=33.00%  acc2=33.62%  ens=33.31%  (best 33.31 @ ep 18)  [4.4s]
  ep  19: R(t)=0.514  l1=0.178  l2=0.183  acc1=32.81%  acc2=33.53%  ens=33.17%  (best 33.31 @ ep 18)  [4.3s]
  ep  20: R(t)=0.514  l1=0.189  l2=0.190  acc1=29.93%  acc2=32.01%  ens=30.97%  (best 33.31 @ ep 18)  [4.4s]
  ep  21: R(t)=0.514  l1=0.191  l2=0.189  acc1=33.04%  acc2=32.11%  ens=32.57%  (best 33.31 @ ep 18)  [4.2s]
  ep  22: R(t)=0.514  l1=0.190  l2=0.192  acc1=31.30%  acc2=33.65%  ens=32.48%  (best 33.31 @ ep 18)  [4.3s]
  ep  23: R(t)=0.514  l1=0.216  l2=0.209  acc1=31.86%  acc2=31.29%  ens=31.57%  (best 33.31 @ ep 18)  [4.4s]
  ep  24: R(t)=0.514  l1=0.178  l2=0.168  acc1=31.13%  acc2=28.66%  ens=29.90%  (best 33.31 @ ep 18)  [4.5s]
  ep  25: R(t)=0.514  l1=0.187  l2=0.188  acc1=32.17%  acc2=31.20%  ens=31.68%  (best 33.31 @ ep 18)  [7.6s]
  ep  26: R(t)=0.514  l1=0.176  l2=0.170  acc1=33.15%  acc2=32.45%  ens=32.80%  (best 33.31 @ ep 18)  [10.3s]
  ep  27: R(t)=0.514  l1=0.164  l2=0.161  acc1=32.84%  acc2=32.93%  ens=32.88%  (best 33.31 @ ep 18)  [9.9s]
  ep  28: R(t)=0.514  l1=0.163  l2=0.158  acc1=29.65%  acc2=32.51%  ens=31.08%  (best 33.31 @ ep 18)  [11.0s]
  ep  29: R(t)=0.514  l1=0.176  l2=0.179  acc1=35.00%  acc2=34.04%  ens=34.52%  (best 34.52 @ ep 29)  [9.9s]
  ep  30: R(t)=0.514  l1=0.164  l2=0.177  acc1=32.23%  acc2=31.62%  ens=31.92%  (best 34.52 @ ep 29)  [11.6s]
  ep  31: R(t)=0.514  l1=0.167  l2=0.164  acc1=30.43%  acc2=31.17%  ens=30.80%  (best 34.52 @ ep 29)  [9.9s]
  ep  32: R(t)=0.514  l1=0.168  l2=0.169  acc1=32.02%  acc2=32.16%  ens=32.09%  (best 34.52 @ ep 29)  [10.2s]
  ep  33: R(t)=0.514  l1=0.166  l2=0.173  acc1=32.93%  acc2=33.58%  ens=33.26%  (best 34.52 @ ep 29)  [6.7s]
  ep  34: R(t)=0.514  l1=0.154  l2=0.151  acc1=33.39%  acc2=32.87%  ens=33.13%  (best 34.52 @ ep 29)  [4.4s]
  ep  35: R(t)=0.514  l1=0.170  l2=0.177  acc1=33.89%  acc2=34.38%  ens=34.13%  (best 34.52 @ ep 29)  [4.3s]
  ep  36: R(t)=0.514  l1=0.168  l2=0.167  acc1=34.54%  acc2=33.07%  ens=33.80%  (best 34.52 @ ep 29)  [4.4s]
  ep  37: R(t)=0.514  l1=0.150  l2=0.145  acc1=33.31%  acc2=32.64%  ens=32.98%  (best 34.52 @ ep 29)  [4.2s]
  ep  38: R(t)=0.514  l1=0.164  l2=0.159  acc1=34.12%  acc2=33.19%  ens=33.66%  (best 34.52 @ ep 29)  [4.2s]
  ep  39: R(t)=0.514  l1=0.152  l2=0.148  acc1=33.84%  acc2=34.06%  ens=33.95%  (best 34.52 @ ep 29)  [4.4s]
  ep  40: R(t)=0.514  l1=0.135  l2=0.136  acc1=34.24%  acc2=34.48%  ens=34.36%  (best 34.52 @ ep 29)  [4.4s]
  ep  41: R(t)=0.514  l1=0.145  l2=0.149  acc1=32.59%  acc2=34.01%  ens=33.30%  (best 34.52 @ ep 29)  [4.5s]
  ep  42: R(t)=0.514  l1=0.134  l2=0.137  acc1=35.14%  acc2=34.60%  ens=34.87%  (best 34.87 @ ep 42)  [4.3s]
  ep  43: R(t)=0.514  l1=0.139  l2=0.132  acc1=33.50%  acc2=35.39%  ens=34.45%  (best 34.87 @ ep 42)  [4.5s]
  ep  44: R(t)=0.514  l1=0.136  l2=0.143  acc1=35.06%  acc2=33.61%  ens=34.34%  (best 34.87 @ ep 42)  [4.5s]
  ep  45: R(t)=0.514  l1=0.126  l2=0.121  acc1=32.42%  acc2=31.94%  ens=32.18%  (best 34.87 @ ep 42)  [4.4s]
  ep  46: R(t)=0.514  l1=0.140  l2=0.139  acc1=34.76%  acc2=35.29%  ens=35.02%  (best 35.02 @ ep 46)  [4.4s]
  ep  47: R(t)=0.514  l1=0.124  l2=0.125  acc1=34.96%  acc2=33.78%  ens=34.37%  (best 35.02 @ ep 46)  [7.5s]
  ep  48: R(t)=0.514  l1=0.130  l2=0.131  acc1=32.88%  acc2=34.48%  ens=33.68%  (best 35.02 @ ep 46)  [9.5s]
  ep  49: R(t)=0.514  l1=0.123  l2=0.127  acc1=32.21%  acc2=34.34%  ens=33.27%  (best 35.02 @ ep 46)  [9.9s]
  ep  50: R(t)=0.514  l1=0.147  l2=0.140  acc1=34.44%  acc2=35.03%  ens=34.73%  (best 35.02 @ ep 46)  [9.4s]
  ep  51: R(t)=0.514  l1=0.130  l2=0.127  acc1=35.04%  acc2=34.73%  ens=34.88%  (best 35.02 @ ep 46)  [4.5s]
  ep  52: R(t)=0.514  l1=0.112  l2=0.111  acc1=34.64%  acc2=34.41%  ens=34.52%  (best 35.02 @ ep 46)  [4.3s]
  ep  53: R(t)=0.514  l1=0.110  l2=0.101  acc1=34.28%  acc2=33.11%  ens=33.70%  (best 35.02 @ ep 46)  [4.3s]
  ep  54: R(t)=0.514  l1=0.128  l2=0.130  acc1=34.82%  acc2=33.39%  ens=34.10%  (best 35.02 @ ep 46)  [4.4s]
  ep  55: R(t)=0.514  l1=0.108  l2=0.106  acc1=33.59%  acc2=34.30%  ens=33.95%  (best 35.02 @ ep 46)  [4.4s]
  ep  56: R(t)=0.514  l1=0.111  l2=0.110  acc1=35.27%  acc2=35.19%  ens=35.23%  (best 35.23 @ ep 56)  [4.4s]
  ep  57: R(t)=0.514  l1=0.099  l2=0.099  acc1=33.31%  acc2=33.56%  ens=33.44%  (best 35.23 @ ep 56)  [4.4s]
  ep  58: R(t)=0.514  l1=0.104  l2=0.103  acc1=34.56%  acc2=34.46%  ens=34.51%  (best 35.23 @ ep 56)  [4.9s]
  ep  59: R(t)=0.514  l1=0.132  l2=0.130  acc1=35.99%  acc2=35.74%  ens=35.87%  (best 35.87 @ ep 59)  [4.6s]
  ep  60: R(t)=0.514  l1=0.088  l2=0.094  acc1=34.82%  acc2=34.69%  ens=34.76%  (best 35.87 @ ep 59)  [4.6s]
  ep  61: R(t)=0.514  l1=0.084  l2=0.086  acc1=35.87%  acc2=35.50%  ens=35.69%  (best 35.87 @ ep 59)  [4.3s]
  ep  62: R(t)=0.514  l1=0.107  l2=0.107  acc1=35.12%  acc2=34.84%  ens=34.98%  (best 35.87 @ ep 59)  [4.3s]
  ep  63: R(t)=0.514  l1=0.094  l2=0.089  acc1=32.75%  acc2=33.48%  ens=33.12%  (best 35.87 @ ep 59)  [4.2s]
  ep  64: R(t)=0.514  l1=0.080  l2=0.085  acc1=34.73%  acc2=34.19%  ens=34.46%  (best 35.87 @ ep 59)  [7.7s]
  ep  65: R(t)=0.514  l1=0.080  l2=0.081  acc1=33.65%  acc2=35.99%  ens=34.82%  (best 35.87 @ ep 59)  [9.5s]
  ep  66: R(t)=0.514  l1=0.084  l2=0.087  acc1=36.56%  acc2=35.91%  ens=36.23%  (best 36.23 @ ep 66)  [10.0s]
  ep  67: R(t)=0.514  l1=0.098  l2=0.093  acc1=34.10%  acc2=34.12%  ens=34.11%  (best 36.23 @ ep 66)  [8.9s]
  ep  68: R(t)=0.514  l1=0.083  l2=0.083  acc1=34.71%  acc2=34.40%  ens=34.55%  (best 36.23 @ ep 66)  [4.4s]
  ep  69: R(t)=0.514  l1=0.072  l2=0.076  acc1=35.92%  acc2=34.90%  ens=35.41%  (best 36.23 @ ep 66)  [4.7s]
  ep  70: R(t)=0.514  l1=0.088  l2=0.087  acc1=34.84%  acc2=34.84%  ens=34.84%  (best 36.23 @ ep 66)  [4.3s]
  ep  71: R(t)=0.514  l1=0.063  l2=0.065  acc1=35.05%  acc2=34.73%  ens=34.89%  (best 36.23 @ ep 66)  [4.3s]
  ep  72: R(t)=0.514  l1=0.083  l2=0.081  acc1=34.55%  acc2=34.68%  ens=34.61%  (best 36.23 @ ep 66)  [4.4s]
  ep  73: R(t)=0.514  l1=0.073  l2=0.072  acc1=35.66%  acc2=36.00%  ens=35.83%  (best 36.23 @ ep 66)  [4.5s]
  ep  74: R(t)=0.514  l1=0.069  l2=0.068  acc1=36.15%  acc2=35.78%  ens=35.97%  (best 36.23 @ ep 66)  [4.5s]
  ep  75: R(t)=0.514  l1=0.084  l2=0.085  acc1=35.73%  acc2=34.74%  ens=35.23%  (best 36.23 @ ep 66)  [4.3s]
  ep  76: R(t)=0.514  l1=0.053  l2=0.052  acc1=35.55%  acc2=35.36%  ens=35.46%  (best 36.23 @ ep 66)  [4.3s]
  ep  77: R(t)=0.514  l1=0.060  l2=0.057  acc1=35.41%  acc2=36.07%  ens=35.74%  (best 36.23 @ ep 66)  [4.3s]
  ep  78: R(t)=0.514  l1=0.056  l2=0.053  acc1=36.56%  acc2=36.06%  ens=36.31%  (best 36.31 @ ep 78)  [4.4s]
  ep  79: R(t)=0.514  l1=0.047  l2=0.047  acc1=34.95%  acc2=34.85%  ens=34.90%  (best 36.31 @ ep 78)  [4.3s]
  ep  80: R(t)=0.514  l1=0.064  l2=0.062  acc1=36.04%  acc2=35.67%  ens=35.86%  (best 36.31 @ ep 78)  [4.2s]
  ep  81: R(t)=0.514  l1=0.046  l2=0.045  acc1=35.34%  acc2=35.84%  ens=35.59%  (best 36.31 @ ep 78)  [5.3s]
  ep  82: R(t)=0.514  l1=0.043  l2=0.043  acc1=36.06%  acc2=35.61%  ens=35.84%  (best 36.31 @ ep 78)  [10.0s]
  ep  83: R(t)=0.514  l1=0.058  l2=0.058  acc1=35.48%  acc2=35.10%  ens=35.29%  (best 36.31 @ ep 78)  [10.1s]
  ep  84: R(t)=0.514  l1=0.047  l2=0.045  acc1=35.26%  acc2=35.22%  ens=35.24%  (best 36.31 @ ep 78)  [11.3s]
  ep  85: R(t)=0.514  l1=0.050  l2=0.050  acc1=35.62%  acc2=35.58%  ens=35.60%  (best 36.31 @ ep 78)  [9.4s]
  ep  86: R(t)=0.514  l1=0.042  l2=0.041  acc1=35.62%  acc2=35.73%  ens=35.68%  (best 36.31 @ ep 78)  [8.9s]
  ep  87: R(t)=0.514  l1=0.047  l2=0.046  acc1=35.46%  acc2=35.45%  ens=35.46%  (best 36.31 @ ep 78)  [4.6s]
  ep  88: R(t)=0.514  l1=0.047  l2=0.046  acc1=35.71%  acc2=35.72%  ens=35.71%  (best 36.31 @ ep 78)  [4.4s]
  ep  89: R(t)=0.514  l1=0.037  l2=0.036  acc1=35.56%  acc2=35.72%  ens=35.64%  (best 36.31 @ ep 78)  [4.4s]
  ep  90: R(t)=0.514  l1=0.049  l2=0.050  acc1=35.62%  acc2=35.60%  ens=35.61%  (best 36.31 @ ep 78)  [4.4s]
  ep  91: R(t)=0.514  l1=0.048  l2=0.046  acc1=35.75%  acc2=35.66%  ens=35.70%  (best 36.31 @ ep 78)  [4.3s]
  ep  92: R(t)=0.514  l1=0.040  l2=0.037  acc1=35.66%  acc2=35.78%  ens=35.72%  (best 36.31 @ ep 78)  [4.3s]
  ep  93: R(t)=0.514  l1=0.037  l2=0.038  acc1=35.70%  acc2=35.86%  ens=35.78%  (best 36.31 @ ep 78)  [4.2s]
  ep  94: R(t)=0.514  l1=0.034  l2=0.036  acc1=36.08%  acc2=36.35%  ens=36.21%  (best 36.31 @ ep 78)  [4.3s]
  ep  95: R(t)=0.514  l1=0.039  l2=0.039  acc1=36.09%  acc2=36.20%  ens=36.14%  (best 36.31 @ ep 78)  [4.3s]
  ep  96: R(t)=0.514  l1=0.038  l2=0.037  acc1=35.92%  acc2=35.99%  ens=35.96%  (best 36.31 @ ep 78)  [4.3s]
  ep  97: R(t)=0.514  l1=0.034  l2=0.035  acc1=35.91%  acc2=36.02%  ens=35.97%  (best 36.31 @ ep 78)  [4.4s]
  ep  98: R(t)=0.514  l1=0.049  l2=0.049  acc1=35.80%  acc2=35.90%  ens=35.85%  (best 36.31 @ ep 78)  [4.4s]
  ep  99: R(t)=0.514  l1=0.031  l2=0.030  acc1=35.97%  acc2=36.13%  ens=36.05%  (best 36.31 @ ep 78)  [4.3s]

saved /path/to/ciln-workspace/journal_edition/robustness_transfer/results_v3/coteaching/ours__impulse_noise_sev5__seed0.json: best ens-acc 36.31% @ ep 78
