/path/to/ciln-workspace/venv/lib/python3.12/site-packages/torchvision/datasets/cifar.py:83: VisibleDeprecationWarning: dtype(): align should be passed as Python or NumPy boolean but got `align=0`. Did you mean to pass a tuple to create a subarray type? (Deprecated NumPy 2.4)
  entry = pickle.load(f, encoding="latin1")
condition=ours__impulse_noise_sev3 seed=0 gpu=2
  ep   0: R(t)=1.000  l1=1.819  l2=1.819  acc1=29.72%  acc2=31.69%  ens=30.71%  (best 30.71 @ ep 0)  [5.6s]
  ep   1: R(t)=0.930  l1=1.357  l2=1.346  acc1=35.74%  acc2=36.46%  ens=36.10%  (best 36.10 @ ep 1)  [4.2s]
  ep   2: R(t)=0.901  l1=1.120  l2=1.123  acc1=35.73%  acc2=35.34%  ens=35.53%  (best 36.10 @ ep 1)  [4.4s]
  ep   3: R(t)=0.879  l1=0.983  l2=0.983  acc1=40.64%  acc2=40.63%  ens=40.63%  (best 40.63 @ ep 3)  [4.3s]
  ep   4: R(t)=0.860  l1=0.844  l2=0.842  acc1=43.46%  acc2=41.48%  ens=42.47%  (best 42.47 @ ep 4)  [4.2s]
  ep   5: R(t)=0.844  l1=0.733  l2=0.745  acc1=44.38%  acc2=46.38%  ens=45.38%  (best 45.38 @ ep 5)  [4.2s]
  ep   6: R(t)=0.829  l1=0.656  l2=0.650  acc1=45.56%  acc2=50.24%  ens=47.90%  (best 47.90 @ ep 6)  [4.2s]
  ep   7: R(t)=0.815  l1=0.555  l2=0.544  acc1=51.67%  acc2=44.04%  ens=47.86%  (best 47.90 @ ep 6)  [6.3s]
  ep   8: R(t)=0.802  l1=0.511  l2=0.511  acc1=50.13%  acc2=51.16%  ens=50.65%  (best 50.65 @ ep 8)  [9.9s]
  ep   9: R(t)=0.790  l1=0.421  l2=0.426  acc1=50.94%  acc2=50.00%  ens=50.47%  (best 50.65 @ ep 8)  [9.6s]
  ep  10: R(t)=0.779  l1=0.402  l2=0.396  acc1=45.57%  acc2=55.04%  ens=50.30%  (best 50.65 @ ep 8)  [9.0s]
  ep  11: R(t)=0.779  l1=0.375  l2=0.367  acc1=54.21%  acc2=50.15%  ens=52.18%  (best 52.18 @ ep 11)  [6.5s]
  ep  12: R(t)=0.779  l1=0.349  l2=0.360  acc1=55.21%  acc2=55.22%  ens=55.22%  (best 55.22 @ ep 12)  [4.2s]
  ep  13: R(t)=0.779  l1=0.332  l2=0.334  acc1=50.38%  acc2=56.50%  ens=53.44%  (best 55.22 @ ep 12)  [4.3s]
  ep  14: R(t)=0.779  l1=0.343  l2=0.342  acc1=52.16%  acc2=51.39%  ens=51.77%  (best 55.22 @ ep 12)  [4.3s]
  ep  15: R(t)=0.779  l1=0.323  l2=0.325  acc1=56.96%  acc2=55.45%  ens=56.20%  (best 56.20 @ ep 15)  [4.2s]
  ep  16: R(t)=0.779  l1=0.315  l2=0.307  acc1=55.90%  acc2=55.71%  ens=55.81%  (best 56.20 @ ep 15)  [4.1s]
  ep  17: R(t)=0.779  l1=0.298  l2=0.288  acc1=59.36%  acc2=59.54%  ens=59.45%  (best 59.45 @ ep 17)  [4.0s]
  ep  18: R(t)=0.779  l1=0.285  l2=0.273  acc1=58.58%  acc2=59.36%  ens=58.97%  (best 59.45 @ ep 17)  [4.2s]
  ep  19: R(t)=0.779  l1=0.296  l2=0.286  acc1=55.11%  acc2=58.08%  ens=56.59%  (best 59.45 @ ep 17)  [4.3s]
  ep  20: R(t)=0.779  l1=0.283  l2=0.274  acc1=55.36%  acc2=55.17%  ens=55.27%  (best 59.45 @ ep 17)  [4.1s]
  ep  21: R(t)=0.779  l1=0.248  l2=0.252  acc1=56.35%  acc2=56.47%  ens=56.41%  (best 59.45 @ ep 17)  [4.3s]
  ep  22: R(t)=0.779  l1=0.260  l2=0.265  acc1=51.20%  acc2=54.63%  ens=52.91%  (best 59.45 @ ep 17)  [4.2s]
  ep  23: R(t)=0.779  l1=0.265  l2=0.249  acc1=56.07%  acc2=63.33%  ens=59.70%  (best 59.70 @ ep 23)  [4.2s]
  ep  24: R(t)=0.779  l1=0.254  l2=0.250  acc1=59.31%  acc2=55.77%  ens=57.54%  (best 59.70 @ ep 23)  [4.2s]
  ep  25: R(t)=0.779  l1=0.239  l2=0.246  acc1=59.48%  acc2=58.88%  ens=59.18%  (best 59.70 @ ep 23)  [4.4s]
  ep  26: R(t)=0.779  l1=0.242  l2=0.232  acc1=57.00%  acc2=56.35%  ens=56.67%  (best 59.70 @ ep 23)  [10.2s]
  ep  27: R(t)=0.779  l1=0.252  l2=0.247  acc1=56.12%  acc2=58.38%  ens=57.25%  (best 59.70 @ ep 23)  [9.2s]
  ep  28: R(t)=0.779  l1=0.245  l2=0.230  acc1=58.29%  acc2=61.42%  ens=59.85%  (best 59.85 @ ep 28)  [9.4s]
  ep  29: R(t)=0.779  l1=0.224  l2=0.212  acc1=59.58%  acc2=61.21%  ens=60.39%  (best 60.39 @ ep 29)  [9.4s]
  ep  30: R(t)=0.779  l1=0.230  l2=0.211  acc1=57.27%  acc2=61.21%  ens=59.24%  (best 60.39 @ ep 29)  [4.4s]
  ep  31: R(t)=0.779  l1=0.214  l2=0.202  acc1=55.14%  acc2=56.58%  ens=55.86%  (best 60.39 @ ep 29)  [4.1s]
  ep  32: R(t)=0.779  l1=0.217  l2=0.212  acc1=62.16%  acc2=61.65%  ens=61.91%  (best 61.91 @ ep 32)  [4.3s]
  ep  33: R(t)=0.779  l1=0.195  l2=0.202  acc1=62.68%  acc2=62.91%  ens=62.80%  (best 62.80 @ ep 33)  [4.4s]
  ep  34: R(t)=0.779  l1=0.187  l2=0.194  acc1=60.71%  acc2=62.46%  ens=61.59%  (best 62.80 @ ep 33)  [4.5s]
  ep  35: R(t)=0.779  l1=0.199  l2=0.195  acc1=58.83%  acc2=60.99%  ens=59.91%  (best 62.80 @ ep 33)  [4.4s]
  ep  36: R(t)=0.779  l1=0.187  l2=0.186  acc1=59.30%  acc2=59.02%  ens=59.16%  (best 62.80 @ ep 33)  [4.1s]
  ep  37: R(t)=0.779  l1=0.200  l2=0.198  acc1=63.55%  acc2=64.81%  ens=64.18%  (best 64.18 @ ep 37)  [4.3s]
  ep  38: R(t)=0.779  l1=0.182  l2=0.176  acc1=63.66%  acc2=63.95%  ens=63.80%  (best 64.18 @ ep 37)  [4.2s]
  ep  39: R(t)=0.779  l1=0.179  l2=0.173  acc1=62.11%  acc2=59.74%  ens=60.93%  (best 64.18 @ ep 37)  [4.2s]
  ep  40: R(t)=0.779  l1=0.161  l2=0.162  acc1=54.28%  acc2=59.78%  ens=57.03%  (best 64.18 @ ep 37)  [4.2s]
  ep  41: R(t)=0.779  l1=0.167  l2=0.161  acc1=64.60%  acc2=58.23%  ens=61.41%  (best 64.18 @ ep 37)  [4.1s]
  ep  42: R(t)=0.779  l1=0.163  l2=0.167  acc1=61.08%  acc2=62.66%  ens=61.87%  (best 64.18 @ ep 37)  [4.3s]
  ep  43: R(t)=0.779  l1=0.172  l2=0.171  acc1=61.29%  acc2=65.41%  ens=63.35%  (best 64.18 @ ep 37)  [4.2s]
  ep  44: R(t)=0.779  l1=0.156  l2=0.155  acc1=64.08%  acc2=64.19%  ens=64.14%  (best 64.18 @ ep 37)  [9.8s]
  ep  45: R(t)=0.779  l1=0.176  l2=0.173  acc1=64.31%  acc2=61.26%  ens=62.79%  (best 64.18 @ ep 37)  [11.1s]
  ep  46: R(t)=0.779  l1=0.156  l2=0.151  acc1=64.17%  acc2=63.85%  ens=64.01%  (best 64.18 @ ep 37)  [9.8s]
  ep  47: R(t)=0.779  l1=0.146  l2=0.146  acc1=63.37%  acc2=63.60%  ens=63.48%  (best 64.18 @ ep 37)  [8.9s]
  ep  48: R(t)=0.779  l1=0.162  l2=0.155  acc1=63.16%  acc2=61.58%  ens=62.37%  (best 64.18 @ ep 37)  [4.0s]
  ep  49: R(t)=0.779  l1=0.142  l2=0.141  acc1=58.98%  acc2=61.27%  ens=60.13%  (best 64.18 @ ep 37)  [4.2s]
  ep  50: R(t)=0.779  l1=0.140  l2=0.136  acc1=62.37%  acc2=58.80%  ens=60.59%  (best 64.18 @ ep 37)  [4.3s]
  ep  51: R(t)=0.779  l1=0.131  l2=0.123  acc1=61.89%  acc2=60.40%  ens=61.15%  (best 64.18 @ ep 37)  [4.2s]
  ep  52: R(t)=0.779  l1=0.146  l2=0.137  acc1=62.77%  acc2=65.14%  ens=63.96%  (best 64.18 @ ep 37)  [4.1s]
  ep  53: R(t)=0.779  l1=0.137  l2=0.129  acc1=66.29%  acc2=64.34%  ens=65.31%  (best 65.31 @ ep 53)  [4.2s]
  ep  54: R(t)=0.779  l1=0.133  l2=0.128  acc1=61.64%  acc2=65.69%  ens=63.66%  (best 65.31 @ ep 53)  [4.2s]
  ep  55: R(t)=0.779  l1=0.119  l2=0.113  acc1=65.97%  acc2=65.35%  ens=65.66%  (best 65.66 @ ep 55)  [4.1s]
  ep  56: R(t)=0.779  l1=0.122  l2=0.121  acc1=64.70%  acc2=65.64%  ens=65.17%  (best 65.66 @ ep 55)  [4.3s]
  ep  57: R(t)=0.779  l1=0.119  l2=0.118  acc1=65.34%  acc2=64.63%  ens=64.98%  (best 65.66 @ ep 55)  [4.3s]
  ep  58: R(t)=0.779  l1=0.114  l2=0.118  acc1=63.88%  acc2=67.53%  ens=65.70%  (best 65.70 @ ep 58)  [4.3s]
  ep  59: R(t)=0.779  l1=0.106  l2=0.101  acc1=62.56%  acc2=63.98%  ens=63.27%  (best 65.70 @ ep 58)  [4.2s]
  ep  60: R(t)=0.779  l1=0.101  l2=0.093  acc1=67.96%  acc2=65.82%  ens=66.89%  (best 66.89 @ ep 60)  [4.3s]
  ep  61: R(t)=0.779  l1=0.099  l2=0.100  acc1=63.77%  acc2=65.31%  ens=64.54%  (best 66.89 @ ep 60)  [4.2s]
  ep  62: R(t)=0.779  l1=0.096  l2=0.097  acc1=65.45%  acc2=67.58%  ens=66.51%  (best 66.89 @ ep 60)  [8.9s]
  ep  63: R(t)=0.779  l1=0.096  l2=0.095  acc1=65.33%  acc2=66.55%  ens=65.94%  (best 66.89 @ ep 60)  [9.7s]
  ep  64: R(t)=0.779  l1=0.091  l2=0.091  acc1=67.97%  acc2=65.81%  ens=66.89%  (best 66.89 @ ep 60)  [8.5s]
  ep  65: R(t)=0.779  l1=0.086  l2=0.082  acc1=66.48%  acc2=66.34%  ens=66.41%  (best 66.89 @ ep 60)  [4.1s]
  ep  66: R(t)=0.779  l1=0.079  l2=0.075  acc1=64.34%  acc2=65.29%  ens=64.81%  (best 66.89 @ ep 60)  [4.5s]
  ep  67: R(t)=0.779  l1=0.083  l2=0.079  acc1=67.46%  acc2=67.27%  ens=67.36%  (best 67.36 @ ep 67)  [4.2s]
  ep  68: R(t)=0.779  l1=0.089  l2=0.080  acc1=67.42%  acc2=66.34%  ens=66.88%  (best 67.36 @ ep 67)  [4.2s]
  ep  69: R(t)=0.779  l1=0.067  l2=0.068  acc1=68.88%  acc2=69.63%  ens=69.25%  (best 69.25 @ ep 69)  [4.1s]
  ep  70: R(t)=0.779  l1=0.069  l2=0.062  acc1=67.60%  acc2=67.36%  ens=67.48%  (best 69.25 @ ep 69)  [4.3s]
  ep  71: R(t)=0.779  l1=0.063  l2=0.058  acc1=68.34%  acc2=66.93%  ens=67.64%  (best 69.25 @ ep 69)  [4.3s]
  ep  72: R(t)=0.779  l1=0.057  l2=0.057  acc1=64.18%  acc2=65.76%  ens=64.97%  (best 69.25 @ ep 69)  [4.1s]
  ep  73: R(t)=0.779  l1=0.057  l2=0.056  acc1=67.81%  acc2=66.59%  ens=67.20%  (best 69.25 @ ep 69)  [4.3s]
  ep  74: R(t)=0.779  l1=0.053  l2=0.046  acc1=67.31%  acc2=68.61%  ens=67.96%  (best 69.25 @ ep 69)  [4.2s]
  ep  75: R(t)=0.779  l1=0.055  l2=0.048  acc1=67.77%  acc2=69.09%  ens=68.43%  (best 69.25 @ ep 69)  [4.2s]
  ep  76: R(t)=0.779  l1=0.050  l2=0.046  acc1=68.96%  acc2=67.89%  ens=68.42%  (best 69.25 @ ep 69)  [4.2s]
  ep  77: R(t)=0.779  l1=0.047  l2=0.041  acc1=67.16%  acc2=67.74%  ens=67.45%  (best 69.25 @ ep 69)  [4.4s]
  ep  78: R(t)=0.779  l1=0.041  l2=0.039  acc1=67.82%  acc2=68.85%  ens=68.34%  (best 69.25 @ ep 69)  [4.6s]
  ep  79: R(t)=0.779  l1=0.042  l2=0.040  acc1=68.68%  acc2=68.53%  ens=68.61%  (best 69.25 @ ep 69)  [8.0s]
  ep  80: R(t)=0.779  l1=0.045  l2=0.043  acc1=68.19%  acc2=68.93%  ens=68.56%  (best 69.25 @ ep 69)  [4.0s]
  ep  81: R(t)=0.779  l1=0.039  l2=0.037  acc1=67.75%  acc2=68.53%  ens=68.14%  (best 69.25 @ ep 69)  [4.2s]
  ep  82: R(t)=0.779  l1=0.034  l2=0.031  acc1=68.46%  acc2=67.77%  ens=68.11%  (best 69.25 @ ep 69)  [4.2s]
  ep  83: R(t)=0.779  l1=0.037  l2=0.033  acc1=69.39%  acc2=68.58%  ens=68.98%  (best 69.25 @ ep 69)  [4.1s]
  ep  84: R(t)=0.779  l1=0.030  l2=0.030  acc1=68.76%  acc2=69.03%  ens=68.89%  (best 69.25 @ ep 69)  [4.4s]
  ep  85: R(t)=0.779  l1=0.026  l2=0.025  acc1=67.99%  acc2=68.35%  ens=68.17%  (best 69.25 @ ep 69)  [4.2s]
  ep  86: R(t)=0.779  l1=0.030  l2=0.027  acc1=69.22%  acc2=68.58%  ens=68.90%  (best 69.25 @ ep 69)  [4.1s]
  ep  87: R(t)=0.779  l1=0.024  l2=0.023  acc1=68.97%  acc2=68.98%  ens=68.97%  (best 69.25 @ ep 69)  [4.3s]
  ep  88: R(t)=0.779  l1=0.025  l2=0.024  acc1=68.50%  acc2=68.42%  ens=68.46%  (best 69.25 @ ep 69)  [4.4s]
  ep  89: R(t)=0.779  l1=0.025  l2=0.025  acc1=68.75%  acc2=68.52%  ens=68.64%  (best 69.25 @ ep 69)  [4.5s]
  ep  90: R(t)=0.779  l1=0.024  l2=0.024  acc1=68.65%  acc2=68.32%  ens=68.48%  (best 69.25 @ ep 69)  [4.3s]
  ep  91: R(t)=0.779  l1=0.024  l2=0.023  acc1=68.32%  acc2=68.21%  ens=68.27%  (best 69.25 @ ep 69)  [4.1s]
  ep  92: R(t)=0.779  l1=0.029  l2=0.027  acc1=68.33%  acc2=68.41%  ens=68.37%  (best 69.25 @ ep 69)  [4.1s]
  ep  93: R(t)=0.779  l1=0.024  l2=0.023  acc1=68.67%  acc2=68.58%  ens=68.62%  (best 69.25 @ ep 69)  [4.2s]
  ep  94: R(t)=0.779  l1=0.027  l2=0.026  acc1=69.04%  acc2=68.77%  ens=68.91%  (best 69.25 @ ep 69)  [7.2s]
  ep  95: R(t)=0.779  l1=0.019  l2=0.020  acc1=68.33%  acc2=68.21%  ens=68.27%  (best 69.25 @ ep 69)  [8.9s]
  ep  96: R(t)=0.779  l1=0.016  l2=0.017  acc1=68.25%  acc2=68.58%  ens=68.42%  (best 69.25 @ ep 69)  [9.7s]
  ep  97: R(t)=0.779  l1=0.019  l2=0.019  acc1=68.35%  acc2=68.69%  ens=68.52%  (best 69.25 @ ep 69)  [8.2s]
  ep  98: R(t)=0.779  l1=0.023  l2=0.021  acc1=68.39%  acc2=68.56%  ens=68.47%  (best 69.25 @ ep 69)  [4.3s]
  ep  99: R(t)=0.779  l1=0.022  l2=0.021  acc1=68.78%  acc2=68.85%  ens=68.81%  (best 69.25 @ ep 69)  [4.2s]

saved /path/to/ciln-workspace/journal_edition/robustness_transfer/results_v3/coteaching/ours__impulse_noise_sev3__seed0.json: best ens-acc 69.25% @ ep 69
