/path/to/ciln-workspace/venv/lib/python3.12/site-packages/torchvision/datasets/cifar.py:83: VisibleDeprecationWarning: dtype(): align should be passed as Python or NumPy boolean but got `align=0`. Did you mean to pass a tuple to create a subarray type? (Deprecated NumPy 2.4)
  entry = pickle.load(f, encoding="latin1")
condition=ours__impulse_noise_sev5 seed=2 gpu=2
  ep   0: R(t)=1.000  l1=1.872  l2=1.861  acc1=22.01%  acc2=24.87%  ens=23.44%  (best 23.44 @ ep 0)  [5.3s]
  ep   1: R(t)=0.846  l1=1.366  l2=1.324  acc1=23.05%  acc2=23.36%  ens=23.21%  (best 23.44 @ ep 0)  [4.2s]
  ep   2: R(t)=0.783  l1=1.122  l2=1.110  acc1=27.71%  acc2=28.67%  ens=28.19%  (best 28.19 @ ep 2)  [4.5s]
  ep   3: R(t)=0.734  l1=0.979  l2=0.968  acc1=26.53%  acc2=27.20%  ens=26.86%  (best 28.19 @ ep 2)  [4.2s]
  ep   4: R(t)=0.693  l1=0.864  l2=0.858  acc1=27.72%  acc2=29.02%  ens=28.37%  (best 28.37 @ ep 4)  [4.1s]
  ep   5: R(t)=0.656  l1=0.742  l2=0.730  acc1=27.94%  acc2=28.10%  ens=28.02%  (best 28.37 @ ep 4)  [4.2s]
  ep   6: R(t)=0.623  l1=0.617  l2=0.623  acc1=29.78%  acc2=30.81%  ens=30.29%  (best 30.29 @ ep 6)  [4.3s]
  ep   7: R(t)=0.593  l1=0.521  l2=0.510  acc1=30.17%  acc2=31.39%  ens=30.78%  (best 30.78 @ ep 7)  [4.5s]
  ep   8: R(t)=0.565  l1=0.416  l2=0.417  acc1=31.30%  acc2=31.59%  ens=31.45%  (best 31.45 @ ep 8)  [4.3s]
  ep   9: R(t)=0.539  l1=0.357  l2=0.355  acc1=28.87%  acc2=27.22%  ens=28.04%  (best 31.45 @ ep 8)  [4.2s]
  ep  10: R(t)=0.514  l1=0.282  l2=0.280  acc1=30.53%  acc2=30.84%  ens=30.69%  (best 31.45 @ ep 8)  [4.5s]
  ep  11: R(t)=0.514  l1=0.286  l2=0.269  acc1=30.56%  acc2=29.72%  ens=30.14%  (best 31.45 @ ep 8)  [4.4s]
  ep  12: R(t)=0.514  l1=0.251  l2=0.249  acc1=28.36%  acc2=29.37%  ens=28.87%  (best 31.45 @ ep 8)  [4.3s]
  ep  13: R(t)=0.514  l1=0.223  l2=0.222  acc1=29.98%  acc2=29.41%  ens=29.70%  (best 31.45 @ ep 8)  [8.5s]
  ep  14: R(t)=0.514  l1=0.214  l2=0.220  acc1=31.60%  acc2=32.13%  ens=31.86%  (best 31.86 @ ep 14)  [9.7s]
  ep  15: R(t)=0.514  l1=0.227  l2=0.230  acc1=30.50%  acc2=31.92%  ens=31.21%  (best 31.86 @ ep 14)  [9.6s]
  ep  16: R(t)=0.514  l1=0.234  l2=0.233  acc1=31.33%  acc2=32.69%  ens=32.01%  (best 32.01 @ ep 16)  [9.6s]
  ep  17: R(t)=0.514  l1=0.192  l2=0.194  acc1=32.05%  acc2=32.00%  ens=32.03%  (best 32.03 @ ep 17)  [9.4s]
  ep  18: R(t)=0.514  l1=0.210  l2=0.202  acc1=25.80%  acc2=31.10%  ens=28.45%  (best 32.03 @ ep 17)  [9.9s]
  ep  19: R(t)=0.514  l1=0.213  l2=0.209  acc1=34.18%  acc2=33.99%  ens=34.09%  (best 34.09 @ ep 19)  [9.9s]
  ep  20: R(t)=0.514  l1=0.178  l2=0.180  acc1=32.63%  acc2=29.92%  ens=31.27%  (best 34.09 @ ep 19)  [9.7s]
  ep  21: R(t)=0.514  l1=0.206  l2=0.205  acc1=27.67%  acc2=30.44%  ens=29.05%  (best 34.09 @ ep 19)  [9.4s]
  ep  22: R(t)=0.514  l1=0.170  l2=0.170  acc1=28.55%  acc2=33.32%  ens=30.94%  (best 34.09 @ ep 19)  [6.7s]
  ep  23: R(t)=0.514  l1=0.200  l2=0.193  acc1=30.47%  acc2=31.00%  ens=30.73%  (best 34.09 @ ep 19)  [4.5s]
  ep  24: R(t)=0.514  l1=0.184  l2=0.187  acc1=32.09%  acc2=31.49%  ens=31.79%  (best 34.09 @ ep 19)  [4.3s]
  ep  25: R(t)=0.514  l1=0.179  l2=0.180  acc1=32.27%  acc2=31.10%  ens=31.68%  (best 34.09 @ ep 19)  [4.4s]
  ep  26: R(t)=0.514  l1=0.162  l2=0.160  acc1=31.96%  acc2=32.05%  ens=32.01%  (best 34.09 @ ep 19)  [4.3s]
  ep  27: R(t)=0.514  l1=0.179  l2=0.181  acc1=34.19%  acc2=32.30%  ens=33.25%  (best 34.09 @ ep 19)  [4.3s]
  ep  28: R(t)=0.514  l1=0.171  l2=0.171  acc1=34.99%  acc2=33.15%  ens=34.07%  (best 34.09 @ ep 19)  [4.4s]
  ep  29: R(t)=0.514  l1=0.169  l2=0.170  acc1=33.61%  acc2=32.58%  ens=33.09%  (best 34.09 @ ep 19)  [4.4s]
  ep  30: R(t)=0.514  l1=0.161  l2=0.163  acc1=32.29%  acc2=31.67%  ens=31.98%  (best 34.09 @ ep 19)  [4.6s]
  ep  31: R(t)=0.514  l1=0.166  l2=0.167  acc1=30.05%  acc2=31.19%  ens=30.62%  (best 34.09 @ ep 19)  [4.3s]
  ep  32: R(t)=0.514  l1=0.165  l2=0.158  acc1=31.58%  acc2=33.60%  ens=32.59%  (best 34.09 @ ep 19)  [4.4s]
  ep  33: R(t)=0.514  l1=0.154  l2=0.160  acc1=32.74%  acc2=32.03%  ens=32.38%  (best 34.09 @ ep 19)  [4.5s]
  ep  34: R(t)=0.514  l1=0.154  l2=0.153  acc1=32.32%  acc2=30.92%  ens=31.62%  (best 34.09 @ ep 19)  [4.3s]
  ep  35: R(t)=0.514  l1=0.167  l2=0.162  acc1=32.95%  acc2=32.41%  ens=32.68%  (best 34.09 @ ep 19)  [4.5s]
  ep  36: R(t)=0.514  l1=0.147  l2=0.150  acc1=31.74%  acc2=32.10%  ens=31.92%  (best 34.09 @ ep 19)  [5.3s]
  ep  37: R(t)=0.514  l1=0.148  l2=0.156  acc1=31.00%  acc2=32.23%  ens=31.61%  (best 34.09 @ ep 19)  [9.8s]
  ep  38: R(t)=0.514  l1=0.140  l2=0.136  acc1=33.65%  acc2=33.55%  ens=33.60%  (best 34.09 @ ep 19)  [9.5s]
  ep  39: R(t)=0.514  l1=0.134  l2=0.138  acc1=32.88%  acc2=28.63%  ens=30.75%  (best 34.09 @ ep 19)  [9.8s]
  ep  40: R(t)=0.514  l1=0.149  l2=0.148  acc1=33.03%  acc2=32.72%  ens=32.88%  (best 34.09 @ ep 19)  [9.6s]
  ep  41: R(t)=0.514  l1=0.157  l2=0.148  acc1=30.96%  acc2=32.39%  ens=31.67%  (best 34.09 @ ep 19)  [10.3s]
  ep  42: R(t)=0.514  l1=0.152  l2=0.147  acc1=34.15%  acc2=32.87%  ens=33.51%  (best 34.09 @ ep 19)  [9.9s]
  ep  43: R(t)=0.514  l1=0.133  l2=0.137  acc1=33.25%  acc2=33.22%  ens=33.24%  (best 34.09 @ ep 19)  [9.5s]
  ep  44: R(t)=0.514  l1=0.139  l2=0.145  acc1=32.71%  acc2=34.00%  ens=33.36%  (best 34.09 @ ep 19)  [9.7s]
  ep  45: R(t)=0.514  l1=0.126  l2=0.131  acc1=33.63%  acc2=34.42%  ens=34.02%  (best 34.09 @ ep 19)  [9.2s]
  ep  46: R(t)=0.514  l1=0.120  l2=0.113  acc1=35.09%  acc2=33.94%  ens=34.51%  (best 34.51 @ ep 46)  [4.8s]
  ep  47: R(t)=0.514  l1=0.121  l2=0.123  acc1=35.70%  acc2=36.70%  ens=36.20%  (best 36.20 @ ep 47)  [4.2s]
  ep  48: R(t)=0.514  l1=0.153  l2=0.153  acc1=31.75%  acc2=31.07%  ens=31.41%  (best 36.20 @ ep 47)  [4.3s]
  ep  49: R(t)=0.514  l1=0.135  l2=0.132  acc1=34.85%  acc2=33.48%  ens=34.16%  (best 36.20 @ ep 47)  [4.5s]
  ep  50: R(t)=0.514  l1=0.118  l2=0.119  acc1=32.78%  acc2=34.44%  ens=33.61%  (best 36.20 @ ep 47)  [4.4s]
  ep  51: R(t)=0.514  l1=0.112  l2=0.117  acc1=34.20%  acc2=32.09%  ens=33.15%  (best 36.20 @ ep 47)  [4.2s]
  ep  52: R(t)=0.514  l1=0.137  l2=0.130  acc1=35.41%  acc2=34.74%  ens=35.08%  (best 36.20 @ ep 47)  [4.3s]
  ep  53: R(t)=0.514  l1=0.117  l2=0.119  acc1=33.55%  acc2=35.17%  ens=34.36%  (best 36.20 @ ep 47)  [4.4s]
  ep  54: R(t)=0.514  l1=0.118  l2=0.120  acc1=32.54%  acc2=33.77%  ens=33.16%  (best 36.20 @ ep 47)  [4.3s]
  ep  55: R(t)=0.514  l1=0.109  l2=0.114  acc1=34.00%  acc2=33.43%  ens=33.72%  (best 36.20 @ ep 47)  [4.3s]
  ep  56: R(t)=0.514  l1=0.091  l2=0.091  acc1=34.50%  acc2=33.88%  ens=34.19%  (best 36.20 @ ep 47)  [4.2s]
  ep  57: R(t)=0.514  l1=0.116  l2=0.123  acc1=35.08%  acc2=34.45%  ens=34.77%  (best 36.20 @ ep 47)  [4.4s]
  ep  58: R(t)=0.514  l1=0.111  l2=0.104  acc1=33.88%  acc2=33.65%  ens=33.77%  (best 36.20 @ ep 47)  [4.2s]
  ep  59: R(t)=0.514  l1=0.093  l2=0.096  acc1=34.73%  acc2=33.81%  ens=34.27%  (best 36.20 @ ep 47)  [4.4s]
  ep  60: R(t)=0.514  l1=0.091  l2=0.091  acc1=35.47%  acc2=36.07%  ens=35.77%  (best 36.20 @ ep 47)  [10.6s]
  ep  61: R(t)=0.514  l1=0.097  l2=0.098  acc1=34.56%  acc2=34.06%  ens=34.31%  (best 36.20 @ ep 47)  [11.8s]
  ep  62: R(t)=0.514  l1=0.098  l2=0.098  acc1=34.98%  acc2=34.70%  ens=34.84%  (best 36.20 @ ep 47)  [11.0s]
  ep  63: R(t)=0.514  l1=0.094  l2=0.094  acc1=33.28%  acc2=33.37%  ens=33.32%  (best 36.20 @ ep 47)  [11.0s]
  ep  64: R(t)=0.514  l1=0.091  l2=0.096  acc1=34.30%  acc2=33.51%  ens=33.91%  (best 36.20 @ ep 47)  [10.2s]
  ep  65: R(t)=0.514  l1=0.100  l2=0.102  acc1=33.46%  acc2=33.05%  ens=33.26%  (best 36.20 @ ep 47)  [7.2s]
  ep  66: R(t)=0.514  l1=0.075  l2=0.076  acc1=34.65%  acc2=35.15%  ens=34.90%  (best 36.20 @ ep 47)  [4.4s]
  ep  67: R(t)=0.514  l1=0.087  l2=0.082  acc1=34.86%  acc2=35.89%  ens=35.38%  (best 36.20 @ ep 47)  [4.4s]
  ep  68: R(t)=0.514  l1=0.093  l2=0.088  acc1=35.32%  acc2=34.93%  ens=35.12%  (best 36.20 @ ep 47)  [4.2s]
  ep  69: R(t)=0.514  l1=0.063  l2=0.065  acc1=35.52%  acc2=35.44%  ens=35.48%  (best 36.20 @ ep 47)  [4.3s]
  ep  70: R(t)=0.514  l1=0.084  l2=0.084  acc1=35.14%  acc2=35.51%  ens=35.33%  (best 36.20 @ ep 47)  [4.3s]
  ep  71: R(t)=0.514  l1=0.081  l2=0.083  acc1=35.67%  acc2=35.51%  ens=35.59%  (best 36.20 @ ep 47)  [4.3s]
  ep  72: R(t)=0.514  l1=0.079  l2=0.082  acc1=34.53%  acc2=35.36%  ens=34.95%  (best 36.20 @ ep 47)  [4.3s]
  ep  73: R(t)=0.514  l1=0.068  l2=0.070  acc1=36.07%  acc2=35.97%  ens=36.02%  (best 36.20 @ ep 47)  [4.6s]
  ep  74: R(t)=0.514  l1=0.066  l2=0.068  acc1=33.88%  acc2=34.09%  ens=33.98%  (best 36.20 @ ep 47)  [4.3s]
  ep  75: R(t)=0.514  l1=0.067  l2=0.065  acc1=34.86%  acc2=34.60%  ens=34.73%  (best 36.20 @ ep 47)  [4.4s]
  ep  76: R(t)=0.514  l1=0.062  l2=0.059  acc1=36.20%  acc2=35.87%  ens=36.04%  (best 36.20 @ ep 47)  [4.4s]
  ep  77: R(t)=0.514  l1=0.055  l2=0.056  acc1=35.58%  acc2=35.22%  ens=35.40%  (best 36.20 @ ep 47)  [4.3s]
  ep  78: R(t)=0.514  l1=0.060  l2=0.058  acc1=34.82%  acc2=34.93%  ens=34.88%  (best 36.20 @ ep 47)  [4.4s]
  ep  79: R(t)=0.514  l1=0.051  l2=0.050  acc1=35.04%  acc2=35.30%  ens=35.17%  (best 36.20 @ ep 47)  [8.5s]
  ep  80: R(t)=0.514  l1=0.040  l2=0.039  acc1=36.02%  acc2=35.86%  ens=35.94%  (best 36.20 @ ep 47)  [11.0s]
  ep  81: R(t)=0.514  l1=0.053  l2=0.052  acc1=35.56%  acc2=35.74%  ens=35.65%  (best 36.20 @ ep 47)  [11.0s]
  ep  82: R(t)=0.514  l1=0.042  l2=0.044  acc1=35.45%  acc2=35.42%  ens=35.44%  (best 36.20 @ ep 47)  [10.4s]
  ep  83: R(t)=0.514  l1=0.042  l2=0.042  acc1=34.69%  acc2=35.31%  ens=35.00%  (best 36.20 @ ep 47)  [11.7s]
  ep  84: R(t)=0.514  l1=0.048  l2=0.048  acc1=35.62%  acc2=35.56%  ens=35.59%  (best 36.20 @ ep 47)  [10.8s]
  ep  85: R(t)=0.514  l1=0.040  l2=0.042  acc1=36.06%  acc2=36.08%  ens=36.07%  (best 36.20 @ ep 47)  [10.3s]
  ep  86: R(t)=0.514  l1=0.047  l2=0.044  acc1=35.63%  acc2=35.46%  ens=35.55%  (best 36.20 @ ep 47)  [11.8s]
  ep  87: R(t)=0.514  l1=0.056  l2=0.058  acc1=35.65%  acc2=35.66%  ens=35.66%  (best 36.20 @ ep 47)  [10.6s]
  ep  88: R(t)=0.514  l1=0.045  l2=0.044  acc1=35.75%  acc2=35.87%  ens=35.81%  (best 36.20 @ ep 47)  [4.1s]
  ep  89: R(t)=0.514  l1=0.033  l2=0.032  acc1=35.82%  acc2=35.56%  ens=35.69%  (best 36.20 @ ep 47)  [4.2s]
  ep  90: R(t)=0.514  l1=0.034  l2=0.034  acc1=35.59%  acc2=35.63%  ens=35.61%  (best 36.20 @ ep 47)  [4.3s]
  ep  91: R(t)=0.514  l1=0.041  l2=0.041  acc1=35.87%  acc2=36.00%  ens=35.94%  (best 36.20 @ ep 47)  [4.4s]
  ep  92: R(t)=0.514  l1=0.049  l2=0.049  acc1=36.04%  acc2=35.84%  ens=35.94%  (best 36.20 @ ep 47)  [4.3s]
  ep  93: R(t)=0.514  l1=0.045  l2=0.044  acc1=35.70%  acc2=35.79%  ens=35.74%  (best 36.20 @ ep 47)  [4.4s]
  ep  94: R(t)=0.514  l1=0.035  l2=0.035  acc1=36.09%  acc2=35.94%  ens=36.02%  (best 36.20 @ ep 47)  [4.3s]
  ep  95: R(t)=0.514  l1=0.039  l2=0.041  acc1=35.89%  acc2=35.80%  ens=35.84%  (best 36.20 @ ep 47)  [4.5s]
  ep  96: R(t)=0.514  l1=0.054  l2=0.054  acc1=35.77%  acc2=35.80%  ens=35.78%  (best 36.20 @ ep 47)  [4.4s]
  ep  97: R(t)=0.514  l1=0.047  l2=0.048  acc1=35.81%  acc2=35.82%  ens=35.81%  (best 36.20 @ ep 47)  [4.4s]
  ep  98: R(t)=0.514  l1=0.036  l2=0.035  acc1=36.09%  acc2=36.13%  ens=36.11%  (best 36.20 @ ep 47)  [4.3s]
  ep  99: R(t)=0.514  l1=0.025  l2=0.025  acc1=36.25%  acc2=36.34%  ens=36.30%  (best 36.30 @ ep 99)  [4.5s]

saved /path/to/ciln-workspace/journal_edition/robustness_transfer/results_v3/coteaching/ours__impulse_noise_sev5__seed2.json: best ens-acc 36.30% @ ep 99
