/path/to/ciln-workspace/venv/lib/python3.12/site-packages/torchvision/datasets/cifar.py:83: VisibleDeprecationWarning: dtype(): align should be passed as Python or NumPy boolean but got `align=0`. Did you mean to pass a tuple to create a subarray type? (Deprecated NumPy 2.4)
  entry = pickle.load(f, encoding="latin1")
condition=ours__impulse_noise_sev3 seed=1 gpu=2
  ep   0: R(t)=1.000  l1=1.792  l2=1.851  acc1=33.69%  acc2=29.91%  ens=31.80%  (best 31.80 @ ep 0)  [5.2s]
  ep   1: R(t)=0.930  l1=1.354  l2=1.341  acc1=34.66%  acc2=34.48%  ens=34.57%  (best 34.57 @ ep 1)  [4.1s]
  ep   2: R(t)=0.901  l1=1.125  l2=1.107  acc1=37.27%  acc2=39.32%  ens=38.30%  (best 38.30 @ ep 2)  [4.2s]
  ep   3: R(t)=0.879  l1=0.958  l2=0.957  acc1=41.06%  acc2=41.21%  ens=41.13%  (best 41.13 @ ep 3)  [4.2s]
  ep   4: R(t)=0.860  l1=0.817  l2=0.833  acc1=44.27%  acc2=41.09%  ens=42.68%  (best 42.68 @ ep 4)  [4.3s]
  ep   5: R(t)=0.844  l1=0.704  l2=0.735  acc1=48.18%  acc2=47.52%  ens=47.85%  (best 47.85 @ ep 5)  [4.3s]
  ep   6: R(t)=0.829  l1=0.608  l2=0.620  acc1=49.49%  acc2=49.28%  ens=49.38%  (best 49.38 @ ep 6)  [4.2s]
  ep   7: R(t)=0.815  l1=0.533  l2=0.534  acc1=48.66%  acc2=46.46%  ens=47.56%  (best 49.38 @ ep 6)  [4.2s]
  ep   8: R(t)=0.802  l1=0.475  l2=0.483  acc1=41.60%  acc2=52.85%  ens=47.22%  (best 49.38 @ ep 6)  [4.5s]
  ep   9: R(t)=0.790  l1=0.437  l2=0.437  acc1=49.34%  acc2=50.07%  ens=49.70%  (best 49.70 @ ep 9)  [4.3s]
  ep  10: R(t)=0.779  l1=0.377  l2=0.391  acc1=54.00%  acc2=54.49%  ens=54.25%  (best 54.25 @ ep 10)  [8.4s]
  ep  11: R(t)=0.779  l1=0.363  l2=0.379  acc1=50.00%  acc2=47.05%  ens=48.52%  (best 54.25 @ ep 10)  [9.6s]
  ep  12: R(t)=0.779  l1=0.357  l2=0.363  acc1=49.75%  acc2=51.96%  ens=50.85%  (best 54.25 @ ep 10)  [11.0s]
  ep  13: R(t)=0.779  l1=0.342  l2=0.342  acc1=57.42%  acc2=55.20%  ens=56.31%  (best 56.31 @ ep 13)  [9.4s]
  ep  14: R(t)=0.779  l1=0.330  l2=0.342  acc1=49.60%  acc2=55.61%  ens=52.61%  (best 56.31 @ ep 13)  [6.0s]
  ep  15: R(t)=0.779  l1=0.290  l2=0.297  acc1=55.85%  acc2=56.44%  ens=56.15%  (best 56.31 @ ep 13)  [4.3s]
  ep  16: R(t)=0.779  l1=0.286  l2=0.310  acc1=55.89%  acc2=53.15%  ens=54.52%  (best 56.31 @ ep 13)  [4.4s]
  ep  17: R(t)=0.779  l1=0.271  l2=0.282  acc1=56.37%  acc2=55.67%  ens=56.02%  (best 56.31 @ ep 13)  [4.4s]
  ep  18: R(t)=0.779  l1=0.286  l2=0.279  acc1=55.51%  acc2=57.45%  ens=56.48%  (best 56.48 @ ep 18)  [4.3s]
  ep  19: R(t)=0.779  l1=0.268  l2=0.265  acc1=59.31%  acc2=53.62%  ens=56.46%  (best 56.48 @ ep 18)  [4.3s]
  ep  20: R(t)=0.779  l1=0.260  l2=0.267  acc1=58.09%  acc2=57.95%  ens=58.02%  (best 58.02 @ ep 20)  [4.2s]
  ep  21: R(t)=0.779  l1=0.259  l2=0.258  acc1=59.12%  acc2=58.45%  ens=58.78%  (best 58.78 @ ep 21)  [4.2s]
  ep  22: R(t)=0.779  l1=0.244  l2=0.250  acc1=53.67%  acc2=59.00%  ens=56.34%  (best 58.78 @ ep 21)  [4.3s]
  ep  23: R(t)=0.779  l1=0.248  l2=0.265  acc1=59.73%  acc2=57.67%  ens=58.70%  (best 58.78 @ ep 21)  [4.2s]
  ep  24: R(t)=0.779  l1=0.238  l2=0.249  acc1=57.62%  acc2=58.39%  ens=58.00%  (best 58.78 @ ep 21)  [4.4s]
  ep  25: R(t)=0.779  l1=0.238  l2=0.241  acc1=56.81%  acc2=55.78%  ens=56.30%  (best 58.78 @ ep 21)  [4.2s]
  ep  26: R(t)=0.779  l1=0.236  l2=0.238  acc1=56.42%  acc2=58.50%  ens=57.46%  (best 58.78 @ ep 21)  [4.4s]
  ep  27: R(t)=0.779  l1=0.240  l2=0.241  acc1=57.78%  acc2=55.21%  ens=56.50%  (best 58.78 @ ep 21)  [4.4s]
  ep  28: R(t)=0.779  l1=0.238  l2=0.239  acc1=56.12%  acc2=60.03%  ens=58.07%  (best 58.78 @ ep 21)  [4.8s]
  ep  29: R(t)=0.779  l1=0.220  l2=0.221  acc1=60.12%  acc2=57.35%  ens=58.74%  (best 58.78 @ ep 21)  [10.2s]
  ep  30: R(t)=0.779  l1=0.205  l2=0.218  acc1=60.71%  acc2=59.18%  ens=59.95%  (best 59.95 @ ep 30)  [9.3s]
  ep  31: R(t)=0.779  l1=0.218  l2=0.223  acc1=56.99%  acc2=59.39%  ens=58.19%  (best 59.95 @ ep 30)  [4.5s]
  ep  32: R(t)=0.779  l1=0.215  l2=0.220  acc1=57.46%  acc2=58.98%  ens=58.22%  (best 59.95 @ ep 30)  [4.3s]
  ep  33: R(t)=0.779  l1=0.213  l2=0.219  acc1=59.49%  acc2=54.79%  ens=57.14%  (best 59.95 @ ep 30)  [4.5s]
  ep  34: R(t)=0.779  l1=0.196  l2=0.193  acc1=61.45%  acc2=61.42%  ens=61.43%  (best 61.43 @ ep 34)  [4.4s]
  ep  35: R(t)=0.779  l1=0.180  l2=0.179  acc1=59.32%  acc2=56.33%  ens=57.82%  (best 61.43 @ ep 34)  [4.2s]
  ep  36: R(t)=0.779  l1=0.194  l2=0.199  acc1=56.97%  acc2=59.42%  ens=58.19%  (best 61.43 @ ep 34)  [4.4s]
  ep  37: R(t)=0.779  l1=0.200  l2=0.207  acc1=58.76%  acc2=59.48%  ens=59.12%  (best 61.43 @ ep 34)  [4.2s]
  ep  38: R(t)=0.779  l1=0.182  l2=0.184  acc1=57.34%  acc2=60.02%  ens=58.68%  (best 61.43 @ ep 34)  [4.5s]
  ep  39: R(t)=0.779  l1=0.193  l2=0.195  acc1=58.36%  acc2=60.25%  ens=59.31%  (best 61.43 @ ep 34)  [4.2s]
  ep  40: R(t)=0.779  l1=0.172  l2=0.181  acc1=60.47%  acc2=57.43%  ens=58.95%  (best 61.43 @ ep 34)  [4.2s]
  ep  41: R(t)=0.779  l1=0.169  l2=0.172  acc1=60.18%  acc2=61.16%  ens=60.67%  (best 61.43 @ ep 34)  [4.2s]
  ep  42: R(t)=0.779  l1=0.168  l2=0.170  acc1=63.90%  acc2=63.41%  ens=63.65%  (best 63.65 @ ep 42)  [4.2s]
  ep  43: R(t)=0.779  l1=0.167  l2=0.166  acc1=59.95%  acc2=59.76%  ens=59.86%  (best 63.65 @ ep 42)  [4.1s]
  ep  44: R(t)=0.779  l1=0.177  l2=0.175  acc1=60.69%  acc2=62.16%  ens=61.42%  (best 63.65 @ ep 42)  [4.3s]
  ep  45: R(t)=0.779  l1=0.154  l2=0.156  acc1=65.04%  acc2=59.02%  ens=62.03%  (best 63.65 @ ep 42)  [10.8s]
  ep  46: R(t)=0.779  l1=0.157  l2=0.152  acc1=62.21%  acc2=62.25%  ens=62.23%  (best 63.65 @ ep 42)  [9.8s]
  ep  47: R(t)=0.779  l1=0.131  l2=0.135  acc1=63.44%  acc2=64.59%  ens=64.02%  (best 64.02 @ ep 47)  [9.3s]
  ep  48: R(t)=0.779  l1=0.142  l2=0.146  acc1=63.43%  acc2=64.03%  ens=63.73%  (best 64.02 @ ep 47)  [11.9s]
  ep  49: R(t)=0.779  l1=0.152  l2=0.155  acc1=64.57%  acc2=61.02%  ens=62.80%  (best 64.02 @ ep 47)  [4.3s]
  ep  50: R(t)=0.779  l1=0.143  l2=0.144  acc1=64.19%  acc2=64.64%  ens=64.42%  (best 64.42 @ ep 50)  [4.3s]
  ep  51: R(t)=0.779  l1=0.138  l2=0.139  acc1=64.87%  acc2=65.32%  ens=65.09%  (best 65.09 @ ep 51)  [4.3s]
  ep  52: R(t)=0.779  l1=0.139  l2=0.135  acc1=65.82%  acc2=67.40%  ens=66.61%  (best 66.61 @ ep 52)  [4.2s]
  ep  53: R(t)=0.779  l1=0.129  l2=0.130  acc1=62.34%  acc2=60.34%  ens=61.34%  (best 66.61 @ ep 52)  [4.3s]
  ep  54: R(t)=0.779  l1=0.125  l2=0.124  acc1=64.42%  acc2=67.23%  ens=65.83%  (best 66.61 @ ep 52)  [4.1s]
  ep  55: R(t)=0.779  l1=0.118  l2=0.121  acc1=64.79%  acc2=65.48%  ens=65.14%  (best 66.61 @ ep 52)  [4.3s]
  ep  56: R(t)=0.779  l1=0.124  l2=0.123  acc1=62.16%  acc2=65.67%  ens=63.91%  (best 66.61 @ ep 52)  [4.4s]
  ep  57: R(t)=0.779  l1=0.102  l2=0.115  acc1=65.63%  acc2=65.98%  ens=65.81%  (best 66.61 @ ep 52)  [4.2s]
  ep  58: R(t)=0.779  l1=0.110  l2=0.113  acc1=65.41%  acc2=64.41%  ens=64.91%  (best 66.61 @ ep 52)  [4.2s]
  ep  59: R(t)=0.779  l1=0.114  l2=0.113  acc1=59.85%  acc2=65.11%  ens=62.48%  (best 66.61 @ ep 52)  [4.2s]
  ep  60: R(t)=0.779  l1=0.109  l2=0.113  acc1=64.33%  acc2=64.76%  ens=64.55%  (best 66.61 @ ep 52)  [4.3s]
  ep  61: R(t)=0.779  l1=0.099  l2=0.094  acc1=64.89%  acc2=64.64%  ens=64.77%  (best 66.61 @ ep 52)  [4.2s]
  ep  62: R(t)=0.779  l1=0.091  l2=0.093  acc1=65.82%  acc2=65.53%  ens=65.67%  (best 66.61 @ ep 52)  [4.3s]
  ep  63: R(t)=0.779  l1=0.082  l2=0.083  acc1=64.30%  acc2=62.05%  ens=63.18%  (best 66.61 @ ep 52)  [6.2s]
  ep  64: R(t)=0.779  l1=0.086  l2=0.098  acc1=65.27%  acc2=64.66%  ens=64.96%  (best 66.61 @ ep 52)  [11.1s]
  ep  65: R(t)=0.779  l1=0.088  l2=0.096  acc1=67.20%  acc2=66.99%  ens=67.09%  (best 67.09 @ ep 65)  [9.6s]
  ep  66: R(t)=0.779  l1=0.078  l2=0.080  acc1=65.77%  acc2=65.85%  ens=65.81%  (best 67.09 @ ep 65)  [9.6s]
  ep  67: R(t)=0.779  l1=0.087  l2=0.084  acc1=61.44%  acc2=64.76%  ens=63.10%  (best 67.09 @ ep 65)  [8.5s]
  ep  68: R(t)=0.779  l1=0.070  l2=0.074  acc1=66.06%  acc2=64.82%  ens=65.44%  (best 67.09 @ ep 65)  [4.3s]
  ep  69: R(t)=0.779  l1=0.072  l2=0.066  acc1=67.04%  acc2=65.76%  ens=66.40%  (best 67.09 @ ep 65)  [4.3s]
  ep  70: R(t)=0.779  l1=0.063  l2=0.061  acc1=67.99%  acc2=66.59%  ens=67.29%  (best 67.29 @ ep 70)  [4.4s]
  ep  71: R(t)=0.779  l1=0.060  l2=0.062  acc1=66.72%  acc2=66.56%  ens=66.64%  (best 67.29 @ ep 70)  [4.2s]
  ep  72: R(t)=0.779  l1=0.057  l2=0.061  acc1=65.14%  acc2=67.27%  ens=66.20%  (best 67.29 @ ep 70)  [4.3s]
  ep  73: R(t)=0.779  l1=0.063  l2=0.060  acc1=65.66%  acc2=67.19%  ens=66.42%  (best 67.29 @ ep 70)  [4.4s]
  ep  74: R(t)=0.779  l1=0.051  l2=0.052  acc1=67.57%  acc2=66.37%  ens=66.97%  (best 67.29 @ ep 70)  [4.4s]
  ep  75: R(t)=0.779  l1=0.044  l2=0.044  acc1=67.15%  acc2=68.56%  ens=67.86%  (best 67.86 @ ep 75)  [4.3s]
  ep  76: R(t)=0.779  l1=0.046  l2=0.042  acc1=66.86%  acc2=66.81%  ens=66.83%  (best 67.86 @ ep 75)  [4.3s]
  ep  77: R(t)=0.779  l1=0.042  l2=0.045  acc1=66.63%  acc2=68.14%  ens=67.39%  (best 67.86 @ ep 75)  [4.3s]
  ep  78: R(t)=0.779  l1=0.036  l2=0.039  acc1=67.60%  acc2=68.13%  ens=67.86%  (best 67.86 @ ep 78)  [4.2s]
  ep  79: R(t)=0.779  l1=0.032  l2=0.031  acc1=67.67%  acc2=69.45%  ens=68.56%  (best 68.56 @ ep 79)  [4.4s]
  ep  80: R(t)=0.779  l1=0.028  l2=0.034  acc1=68.34%  acc2=67.96%  ens=68.15%  (best 68.56 @ ep 79)  [4.4s]
  ep  81: R(t)=0.779  l1=0.031  l2=0.031  acc1=67.59%  acc2=68.17%  ens=67.88%  (best 68.56 @ ep 79)  [5.6s]
  ep  82: R(t)=0.779  l1=0.034  l2=0.031  acc1=68.00%  acc2=68.16%  ens=68.08%  (best 68.56 @ ep 79)  [8.8s]
  ep  83: R(t)=0.779  l1=0.028  l2=0.031  acc1=67.74%  acc2=67.18%  ens=67.46%  (best 68.56 @ ep 79)  [10.0s]
  ep  84: R(t)=0.779  l1=0.029  l2=0.027  acc1=67.66%  acc2=67.94%  ens=67.80%  (best 68.56 @ ep 79)  [12.1s]
  ep  85: R(t)=0.779  l1=0.022  l2=0.022  acc1=67.99%  acc2=68.25%  ens=68.12%  (best 68.56 @ ep 79)  [9.3s]
  ep  86: R(t)=0.779  l1=0.030  l2=0.026  acc1=67.90%  acc2=67.75%  ens=67.83%  (best 68.56 @ ep 79)  [4.4s]
  ep  87: R(t)=0.779  l1=0.026  l2=0.024  acc1=67.95%  acc2=68.31%  ens=68.13%  (best 68.56 @ ep 79)  [4.2s]
  ep  88: R(t)=0.779  l1=0.030  l2=0.030  acc1=67.48%  acc2=67.75%  ens=67.62%  (best 68.56 @ ep 79)  [4.2s]
  ep  89: R(t)=0.779  l1=0.025  l2=0.026  acc1=67.38%  acc2=67.68%  ens=67.53%  (best 68.56 @ ep 79)  [4.4s]
  ep  90: R(t)=0.779  l1=0.019  l2=0.020  acc1=67.91%  acc2=68.18%  ens=68.05%  (best 68.56 @ ep 79)  [4.3s]
  ep  91: R(t)=0.779  l1=0.024  l2=0.022  acc1=67.99%  acc2=67.81%  ens=67.90%  (best 68.56 @ ep 79)  [4.5s]
  ep  92: R(t)=0.779  l1=0.018  l2=0.017  acc1=67.87%  acc2=68.02%  ens=67.94%  (best 68.56 @ ep 79)  [4.2s]
  ep  93: R(t)=0.779  l1=0.018  l2=0.018  acc1=67.64%  acc2=67.64%  ens=67.64%  (best 68.56 @ ep 79)  [4.3s]
  ep  94: R(t)=0.779  l1=0.019  l2=0.019  acc1=67.77%  acc2=67.78%  ens=67.77%  (best 68.56 @ ep 79)  [4.2s]
  ep  95: R(t)=0.779  l1=0.022  l2=0.020  acc1=67.85%  acc2=67.94%  ens=67.89%  (best 68.56 @ ep 79)  [4.4s]
  ep  96: R(t)=0.779  l1=0.019  l2=0.017  acc1=68.11%  acc2=68.38%  ens=68.25%  (best 68.56 @ ep 79)  [4.2s]
  ep  97: R(t)=0.779  l1=0.021  l2=0.021  acc1=67.92%  acc2=68.36%  ens=68.14%  (best 68.56 @ ep 79)  [4.3s]
  ep  98: R(t)=0.779  l1=0.019  l2=0.017  acc1=68.09%  acc2=68.32%  ens=68.20%  (best 68.56 @ ep 79)  [4.4s]
  ep  99: R(t)=0.779  l1=0.023  l2=0.022  acc1=67.67%  acc2=68.07%  ens=67.87%  (best 68.56 @ ep 79)  [4.9s]

saved /path/to/ciln-workspace/journal_edition/robustness_transfer/results_v3/coteaching/ours__impulse_noise_sev3__seed1.json: best ens-acc 68.56% @ ep 79
