/path/to/ciln-workspace/venv/lib/python3.12/site-packages/torchvision/datasets/cifar.py:83: VisibleDeprecationWarning: dtype(): align should be passed as Python or NumPy boolean but got `align=0`. Did you mean to pass a tuple to create a subarray type? (Deprecated NumPy 2.4)
  entry = pickle.load(f, encoding="latin1")
condition=ours__contrast_sev3 seed=2 gpu=2
  ep   0: R(t)=1.000  l1=1.810  l2=1.861  acc1=23.85%  acc2=20.09%  ens=21.97%  (best 21.97 @ ep 0)  [5.2s]
  ep   1: R(t)=0.853  l1=1.377  l2=1.423  acc1=24.77%  acc2=24.92%  ens=24.84%  (best 24.84 @ ep 1)  [4.3s]
  ep   2: R(t)=0.793  l1=1.170  l2=1.182  acc1=23.23%  acc2=24.90%  ens=24.07%  (best 24.84 @ ep 1)  [4.3s]
  ep   3: R(t)=0.746  l1=1.021  l2=1.028  acc1=28.32%  acc2=28.49%  ens=28.41%  (best 28.41 @ ep 3)  [4.2s]
  ep   4: R(t)=0.707  l1=0.905  l2=0.906  acc1=33.65%  acc2=29.13%  ens=31.39%  (best 31.39 @ ep 4)  [5.0s]
  ep   5: R(t)=0.672  l1=0.797  l2=0.795  acc1=28.19%  acc2=30.17%  ens=29.18%  (best 31.39 @ ep 4)  [10.6s]
  ep   6: R(t)=0.641  l1=0.687  l2=0.684  acc1=28.82%  acc2=29.76%  ens=29.29%  (best 31.39 @ ep 4)  [10.9s]
  ep   7: R(t)=0.612  l1=0.593  l2=0.597  acc1=24.41%  acc2=28.79%  ens=26.60%  (best 31.39 @ ep 4)  [4.2s]
  ep   8: R(t)=0.585  l1=0.550  l2=0.543  acc1=28.54%  acc2=29.88%  ens=29.21%  (best 31.39 @ ep 4)  [4.4s]
  ep   9: R(t)=0.560  l1=0.450  l2=0.455  acc1=28.17%  acc2=29.07%  ens=28.62%  (best 31.39 @ ep 4)  [4.4s]
  ep  10: R(t)=0.536  l1=0.406  l2=0.402  acc1=28.60%  acc2=30.42%  ens=29.51%  (best 31.39 @ ep 4)  [4.3s]
  ep  11: R(t)=0.536  l1=0.373  l2=0.367  acc1=27.42%  acc2=26.19%  ens=26.80%  (best 31.39 @ ep 4)  [4.4s]
  ep  12: R(t)=0.536  l1=0.363  l2=0.363  acc1=28.53%  acc2=29.05%  ens=28.79%  (best 31.39 @ ep 4)  [4.4s]
  ep  13: R(t)=0.536  l1=0.360  l2=0.357  acc1=29.58%  acc2=31.24%  ens=30.41%  (best 31.39 @ ep 4)  [4.3s]
  ep  14: R(t)=0.536  l1=0.329  l2=0.335  acc1=30.52%  acc2=29.79%  ens=30.15%  (best 31.39 @ ep 4)  [4.3s]
  ep  15: R(t)=0.536  l1=0.320  l2=0.323  acc1=30.56%  acc2=28.29%  ens=29.43%  (best 31.39 @ ep 4)  [4.4s]
  ep  16: R(t)=0.536  l1=0.329  l2=0.336  acc1=30.53%  acc2=31.26%  ens=30.89%  (best 31.39 @ ep 4)  [4.2s]
  ep  17: R(t)=0.536  l1=0.305  l2=0.314  acc1=27.47%  acc2=29.31%  ens=28.39%  (best 31.39 @ ep 4)  [4.3s]
  ep  18: R(t)=0.536  l1=0.305  l2=0.310  acc1=32.28%  acc2=30.44%  ens=31.36%  (best 31.39 @ ep 4)  [4.5s]
  ep  19: R(t)=0.536  l1=0.291  l2=0.296  acc1=30.55%  acc2=31.26%  ens=30.90%  (best 31.39 @ ep 4)  [4.2s]
  ep  20: R(t)=0.536  l1=0.285  l2=0.291  acc1=32.91%  acc2=33.86%  ens=33.38%  (best 33.38 @ ep 20)  [6.8s]
  ep  21: R(t)=0.536  l1=0.297  l2=0.301  acc1=26.00%  acc2=29.42%  ens=27.71%  (best 33.38 @ ep 20)  [4.2s]
  ep  22: R(t)=0.536  l1=0.301  l2=0.294  acc1=30.59%  acc2=29.21%  ens=29.90%  (best 33.38 @ ep 20)  [4.3s]
  ep  23: R(t)=0.536  l1=0.275  l2=0.275  acc1=32.62%  acc2=34.03%  ens=33.32%  (best 33.38 @ ep 20)  [4.3s]
  ep  24: R(t)=0.536  l1=0.245  l2=0.254  acc1=31.35%  acc2=31.42%  ens=31.38%  (best 33.38 @ ep 20)  [4.2s]
  ep  25: R(t)=0.536  l1=0.267  l2=0.273  acc1=32.24%  acc2=31.83%  ens=32.04%  (best 33.38 @ ep 20)  [4.2s]
  ep  26: R(t)=0.536  l1=0.253  l2=0.250  acc1=32.76%  acc2=32.62%  ens=32.69%  (best 33.38 @ ep 20)  [4.2s]
  ep  27: R(t)=0.536  l1=0.266  l2=0.263  acc1=32.83%  acc2=33.35%  ens=33.09%  (best 33.38 @ ep 20)  [4.1s]
  ep  28: R(t)=0.536  l1=0.263  l2=0.239  acc1=35.31%  acc2=33.69%  ens=34.50%  (best 34.50 @ ep 28)  [4.4s]
  ep  29: R(t)=0.536  l1=0.265  l2=0.264  acc1=34.36%  acc2=34.93%  ens=34.65%  (best 34.65 @ ep 29)  [4.3s]
  ep  30: R(t)=0.536  l1=0.225  l2=0.225  acc1=33.64%  acc2=35.03%  ens=34.34%  (best 34.65 @ ep 29)  [4.1s]
  ep  31: R(t)=0.536  l1=0.236  l2=0.234  acc1=30.93%  acc2=35.37%  ens=33.15%  (best 34.65 @ ep 29)  [4.2s]
  ep  32: R(t)=0.536  l1=0.219  l2=0.225  acc1=35.82%  acc2=34.03%  ens=34.92%  (best 34.92 @ ep 32)  [4.3s]
  ep  33: R(t)=0.536  l1=0.229  l2=0.223  acc1=32.97%  acc2=33.76%  ens=33.37%  (best 34.92 @ ep 32)  [4.2s]
  ep  34: R(t)=0.536  l1=0.230  l2=0.227  acc1=33.12%  acc2=32.02%  ens=32.57%  (best 34.92 @ ep 32)  [4.3s]
  ep  35: R(t)=0.536  l1=0.218  l2=0.216  acc1=32.39%  acc2=32.54%  ens=32.46%  (best 34.92 @ ep 32)  [8.3s]
  ep  36: R(t)=0.536  l1=0.194  l2=0.199  acc1=32.71%  acc2=33.87%  ens=33.29%  (best 34.92 @ ep 32)  [9.5s]
  ep  37: R(t)=0.536  l1=0.213  l2=0.212  acc1=33.36%  acc2=32.03%  ens=32.69%  (best 34.92 @ ep 32)  [4.2s]
  ep  38: R(t)=0.536  l1=0.223  l2=0.206  acc1=33.61%  acc2=32.83%  ens=33.22%  (best 34.92 @ ep 32)  [4.4s]
  ep  39: R(t)=0.536  l1=0.211  l2=0.210  acc1=32.47%  acc2=32.46%  ens=32.46%  (best 34.92 @ ep 32)  [4.3s]
  ep  40: R(t)=0.536  l1=0.190  l2=0.187  acc1=34.13%  acc2=34.97%  ens=34.55%  (best 34.92 @ ep 32)  [4.7s]
  ep  41: R(t)=0.536  l1=0.194  l2=0.195  acc1=31.19%  acc2=31.39%  ens=31.29%  (best 34.92 @ ep 32)  [4.3s]
  ep  42: R(t)=0.536  l1=0.185  l2=0.189  acc1=32.89%  acc2=33.07%  ens=32.98%  (best 34.92 @ ep 32)  [4.3s]
  ep  43: R(t)=0.536  l1=0.200  l2=0.192  acc1=29.92%  acc2=31.62%  ens=30.77%  (best 34.92 @ ep 32)  [4.5s]
  ep  44: R(t)=0.536  l1=0.198  l2=0.194  acc1=34.15%  acc2=34.63%  ens=34.39%  (best 34.92 @ ep 32)  [4.4s]
  ep  45: R(t)=0.536  l1=0.173  l2=0.179  acc1=33.37%  acc2=36.00%  ens=34.69%  (best 34.92 @ ep 32)  [4.3s]
  ep  46: R(t)=0.536  l1=0.181  l2=0.193  acc1=33.72%  acc2=31.95%  ens=32.84%  (best 34.92 @ ep 32)  [4.3s]
  ep  47: R(t)=0.536  l1=0.167  l2=0.171  acc1=35.51%  acc2=33.99%  ens=34.75%  (best 34.92 @ ep 32)  [4.2s]
  ep  48: R(t)=0.536  l1=0.181  l2=0.184  acc1=35.94%  acc2=35.87%  ens=35.91%  (best 35.91 @ ep 48)  [4.5s]
  ep  49: R(t)=0.536  l1=0.178  l2=0.184  acc1=34.30%  acc2=33.49%  ens=33.89%  (best 35.91 @ ep 48)  [4.3s]
  ep  50: R(t)=0.536  l1=0.166  l2=0.166  acc1=35.74%  acc2=36.45%  ens=36.09%  (best 36.09 @ ep 50)  [4.4s]
  ep  51: R(t)=0.536  l1=0.158  l2=0.149  acc1=36.31%  acc2=36.56%  ens=36.43%  (best 36.43 @ ep 51)  [12.1s]
  ep  52: R(t)=0.536  l1=0.148  l2=0.145  acc1=35.94%  acc2=35.89%  ens=35.91%  (best 36.43 @ ep 51)  [9.1s]
  ep  53: R(t)=0.536  l1=0.173  l2=0.171  acc1=35.51%  acc2=35.48%  ens=35.49%  (best 36.43 @ ep 51)  [9.6s]
  ep  54: R(t)=0.536  l1=0.147  l2=0.145  acc1=35.45%  acc2=34.39%  ens=34.92%  (best 36.43 @ ep 51)  [12.0s]
  ep  55: R(t)=0.536  l1=0.159  l2=0.159  acc1=36.57%  acc2=36.08%  ens=36.33%  (best 36.43 @ ep 51)  [9.4s]
  ep  56: R(t)=0.536  l1=0.129  l2=0.142  acc1=35.60%  acc2=35.80%  ens=35.70%  (best 36.43 @ ep 51)  [9.6s]
  ep  57: R(t)=0.536  l1=0.149  l2=0.146  acc1=34.53%  acc2=34.89%  ens=34.71%  (best 36.43 @ ep 51)  [10.3s]
  ep  58: R(t)=0.536  l1=0.137  l2=0.139  acc1=36.29%  acc2=34.29%  ens=35.29%  (best 36.43 @ ep 51)  [7.7s]
  ep  59: R(t)=0.536  l1=0.135  l2=0.145  acc1=36.72%  acc2=35.72%  ens=36.22%  (best 36.43 @ ep 51)  [4.2s]
  ep  60: R(t)=0.536  l1=0.140  l2=0.144  acc1=35.09%  acc2=34.83%  ens=34.96%  (best 36.43 @ ep 51)  [4.3s]
  ep  61: R(t)=0.536  l1=0.128  l2=0.132  acc1=36.42%  acc2=35.95%  ens=36.19%  (best 36.43 @ ep 51)  [4.6s]
  ep  62: R(t)=0.536  l1=0.133  l2=0.134  acc1=33.11%  acc2=35.68%  ens=34.39%  (best 36.43 @ ep 51)  [4.3s]
  ep  63: R(t)=0.536  l1=0.109  l2=0.117  acc1=37.23%  acc2=36.16%  ens=36.70%  (best 36.70 @ ep 63)  [4.3s]
  ep  64: R(t)=0.536  l1=0.123  l2=0.125  acc1=35.31%  acc2=35.60%  ens=35.46%  (best 36.70 @ ep 63)  [4.2s]
  ep  65: R(t)=0.536  l1=0.112  l2=0.112  acc1=37.16%  acc2=38.29%  ens=37.72%  (best 37.72 @ ep 65)  [4.2s]
  ep  66: R(t)=0.536  l1=0.112  l2=0.117  acc1=36.30%  acc2=37.33%  ens=36.81%  (best 37.72 @ ep 65)  [4.2s]
  ep  67: R(t)=0.536  l1=0.101  l2=0.102  acc1=34.39%  acc2=36.60%  ens=35.49%  (best 37.72 @ ep 65)  [4.4s]
  ep  68: R(t)=0.536  l1=0.108  l2=0.110  acc1=34.73%  acc2=34.72%  ens=34.73%  (best 37.72 @ ep 65)  [4.2s]
  ep  69: R(t)=0.536  l1=0.107  l2=0.110  acc1=36.85%  acc2=37.82%  ens=37.33%  (best 37.72 @ ep 65)  [4.2s]
  ep  70: R(t)=0.536  l1=0.092  l2=0.096  acc1=34.82%  acc2=34.41%  ens=34.62%  (best 37.72 @ ep 65)  [4.3s]
  ep  71: R(t)=0.536  l1=0.096  l2=0.092  acc1=36.44%  acc2=36.17%  ens=36.30%  (best 37.72 @ ep 65)  [4.3s]
  ep  72: R(t)=0.536  l1=0.092  l2=0.091  acc1=37.32%  acc2=37.47%  ens=37.40%  (best 37.72 @ ep 65)  [4.4s]
  ep  73: R(t)=0.536  l1=0.086  l2=0.089  acc1=36.19%  acc2=35.87%  ens=36.03%  (best 37.72 @ ep 65)  [11.1s]
  ep  74: R(t)=0.536  l1=0.079  l2=0.074  acc1=36.54%  acc2=35.70%  ens=36.12%  (best 37.72 @ ep 65)  [9.7s]
  ep  75: R(t)=0.536  l1=0.087  l2=0.083  acc1=36.97%  acc2=36.59%  ens=36.78%  (best 37.72 @ ep 65)  [9.7s]
  ep  76: R(t)=0.536  l1=0.074  l2=0.073  acc1=38.27%  acc2=37.25%  ens=37.76%  (best 37.76 @ ep 76)  [10.9s]
  ep  77: R(t)=0.536  l1=0.083  l2=0.083  acc1=38.45%  acc2=37.58%  ens=38.02%  (best 38.02 @ ep 77)  [4.1s]
  ep  78: R(t)=0.536  l1=0.061  l2=0.062  acc1=35.38%  acc2=35.71%  ens=35.55%  (best 38.02 @ ep 77)  [4.5s]
  ep  79: R(t)=0.536  l1=0.053  l2=0.055  acc1=35.23%  acc2=35.02%  ens=35.12%  (best 38.02 @ ep 77)  [4.4s]
  ep  80: R(t)=0.536  l1=0.051  l2=0.051  acc1=36.22%  acc2=36.86%  ens=36.54%  (best 38.02 @ ep 77)  [4.5s]
  ep  81: R(t)=0.536  l1=0.056  l2=0.058  acc1=37.51%  acc2=36.80%  ens=37.16%  (best 38.02 @ ep 77)  [4.4s]
  ep  82: R(t)=0.536  l1=0.049  l2=0.048  acc1=36.97%  acc2=37.40%  ens=37.19%  (best 38.02 @ ep 77)  [4.3s]
  ep  83: R(t)=0.536  l1=0.058  l2=0.056  acc1=36.42%  acc2=36.58%  ens=36.50%  (best 38.02 @ ep 77)  [4.4s]
  ep  84: R(t)=0.536  l1=0.050  l2=0.049  acc1=37.04%  acc2=36.91%  ens=36.98%  (best 38.02 @ ep 77)  [4.3s]
  ep  85: R(t)=0.536  l1=0.060  l2=0.060  acc1=36.82%  acc2=37.02%  ens=36.92%  (best 38.02 @ ep 77)  [4.4s]
  ep  86: R(t)=0.536  l1=0.043  l2=0.047  acc1=37.10%  acc2=37.25%  ens=37.18%  (best 38.02 @ ep 77)  [4.4s]
  ep  87: R(t)=0.536  l1=0.043  l2=0.041  acc1=36.98%  acc2=37.13%  ens=37.06%  (best 38.02 @ ep 77)  [4.3s]
  ep  88: R(t)=0.536  l1=0.043  l2=0.041  acc1=37.59%  acc2=37.53%  ens=37.56%  (best 38.02 @ ep 77)  [4.3s]
  ep  89: R(t)=0.536  l1=0.046  l2=0.046  acc1=37.43%  acc2=37.36%  ens=37.40%  (best 38.02 @ ep 77)  [4.4s]
  ep  90: R(t)=0.536  l1=0.036  l2=0.036  acc1=37.09%  acc2=37.18%  ens=37.13%  (best 38.02 @ ep 77)  [4.6s]
  ep  91: R(t)=0.536  l1=0.043  l2=0.046  acc1=37.16%  acc2=37.14%  ens=37.15%  (best 38.02 @ ep 77)  [9.9s]
  ep  92: R(t)=0.536  l1=0.041  l2=0.042  acc1=37.56%  acc2=37.61%  ens=37.59%  (best 38.02 @ ep 77)  [9.9s]
  ep  93: R(t)=0.536  l1=0.041  l2=0.044  acc1=37.30%  acc2=37.74%  ens=37.52%  (best 38.02 @ ep 77)  [13.1s]
  ep  94: R(t)=0.536  l1=0.049  l2=0.050  acc1=37.49%  acc2=37.52%  ens=37.51%  (best 38.02 @ ep 77)  [8.7s]
  ep  95: R(t)=0.536  l1=0.039  l2=0.036  acc1=37.02%  acc2=37.32%  ens=37.17%  (best 38.02 @ ep 77)  [10.1s]
  ep  96: R(t)=0.536  l1=0.045  l2=0.047  acc1=37.22%  acc2=37.41%  ens=37.31%  (best 38.02 @ ep 77)  [12.0s]
  ep  97: R(t)=0.536  l1=0.039  l2=0.037  acc1=37.32%  acc2=37.41%  ens=37.36%  (best 38.02 @ ep 77)  [9.8s]
  ep  98: R(t)=0.536  l1=0.038  l2=0.038  acc1=37.36%  acc2=37.54%  ens=37.45%  (best 38.02 @ ep 77)  [7.2s]
  ep  99: R(t)=0.536  l1=0.036  l2=0.038  acc1=37.40%  acc2=37.52%  ens=37.46%  (best 38.02 @ ep 77)  [4.2s]

saved /path/to/ciln-workspace/journal_edition/robustness_transfer/results_v3/coteaching/ours__contrast_sev3__seed2.json: best ens-acc 38.02% @ ep 77
