/path/to/ciln-workspace/venv/lib/python3.12/site-packages/torchvision/datasets/cifar.py:83: VisibleDeprecationWarning: dtype(): align should be passed as Python or NumPy boolean but got `align=0`. Did you mean to pass a tuple to create a subarray type? (Deprecated NumPy 2.4)
  entry = pickle.load(f, encoding="latin1")
condition=ours__motion_blur_sev3 seed=2 gpu=2
  ep   0: R(t)=1.000  l1=1.842  l2=1.857  acc1=31.16%  acc2=31.71%  ens=31.44%  (best 31.44 @ ep 0)  [11.2s]
  ep   1: R(t)=0.927  l1=1.420  l2=1.427  acc1=38.07%  acc2=37.70%  ens=37.89%  (best 37.89 @ ep 1)  [11.8s]
  ep   2: R(t)=0.897  l1=1.178  l2=1.202  acc1=35.26%  acc2=39.01%  ens=37.13%  (best 37.89 @ ep 1)  [8.6s]
  ep   3: R(t)=0.873  l1=0.997  l2=1.027  acc1=38.62%  acc2=42.18%  ens=40.40%  (best 40.40 @ ep 3)  [10.0s]
  ep   4: R(t)=0.854  l1=0.897  l2=0.915  acc1=46.78%  acc2=46.47%  ens=46.62%  (best 46.62 @ ep 4)  [8.9s]
  ep   5: R(t)=0.836  l1=0.775  l2=0.801  acc1=49.70%  acc2=49.84%  ens=49.77%  (best 49.77 @ ep 5)  [4.5s]
  ep   6: R(t)=0.821  l1=0.666  l2=0.695  acc1=50.26%  acc2=52.17%  ens=51.22%  (best 51.22 @ ep 6)  [4.4s]
  ep   7: R(t)=0.806  l1=0.592  l2=0.614  acc1=53.11%  acc2=48.35%  ens=50.73%  (best 51.22 @ ep 6)  [4.3s]
  ep   8: R(t)=0.793  l1=0.535  l2=0.559  acc1=50.13%  acc2=49.89%  ens=50.01%  (best 51.22 @ ep 6)  [4.4s]
  ep   9: R(t)=0.781  l1=0.448  l2=0.463  acc1=52.07%  acc2=48.84%  ens=50.46%  (best 51.22 @ ep 6)  [4.3s]
  ep  10: R(t)=0.769  l1=0.404  l2=0.415  acc1=54.08%  acc2=52.81%  ens=53.45%  (best 53.45 @ ep 10)  [4.1s]
  ep  11: R(t)=0.769  l1=0.390  l2=0.396  acc1=52.87%  acc2=52.08%  ens=52.48%  (best 53.45 @ ep 10)  [4.4s]
  ep  12: R(t)=0.769  l1=0.346  l2=0.361  acc1=58.22%  acc2=51.11%  ens=54.67%  (best 54.67 @ ep 12)  [4.2s]
  ep  13: R(t)=0.769  l1=0.354  l2=0.345  acc1=57.25%  acc2=52.58%  ens=54.92%  (best 54.92 @ ep 13)  [4.3s]
  ep  14: R(t)=0.769  l1=0.335  l2=0.332  acc1=56.35%  acc2=55.71%  ens=56.03%  (best 56.03 @ ep 14)  [4.3s]
  ep  15: R(t)=0.769  l1=0.315  l2=0.323  acc1=57.26%  acc2=58.49%  ens=57.88%  (best 57.88 @ ep 15)  [4.1s]
  ep  16: R(t)=0.769  l1=0.294  l2=0.303  acc1=53.05%  acc2=54.65%  ens=53.85%  (best 57.88 @ ep 15)  [4.3s]
  ep  17: R(t)=0.769  l1=0.305  l2=0.295  acc1=54.11%  acc2=53.43%  ens=53.77%  (best 57.88 @ ep 15)  [4.4s]
  ep  18: R(t)=0.769  l1=0.280  l2=0.289  acc1=60.32%  acc2=57.21%  ens=58.77%  (best 58.77 @ ep 18)  [5.9s]
  ep  19: R(t)=0.769  l1=0.273  l2=0.277  acc1=55.91%  acc2=58.21%  ens=57.06%  (best 58.77 @ ep 18)  [10.0s]
  ep  20: R(t)=0.769  l1=0.261  l2=0.266  acc1=58.54%  acc2=58.75%  ens=58.65%  (best 58.77 @ ep 18)  [10.5s]
  ep  21: R(t)=0.769  l1=0.250  l2=0.257  acc1=49.48%  acc2=56.92%  ens=53.20%  (best 58.77 @ ep 18)  [9.7s]
  ep  22: R(t)=0.769  l1=0.260  l2=0.261  acc1=61.91%  acc2=63.43%  ens=62.67%  (best 62.67 @ ep 22)  [4.3s]
  ep  23: R(t)=0.769  l1=0.247  l2=0.252  acc1=56.54%  acc2=59.13%  ens=57.84%  (best 62.67 @ ep 22)  [4.3s]
  ep  24: R(t)=0.769  l1=0.236  l2=0.248  acc1=59.17%  acc2=60.50%  ens=59.83%  (best 62.67 @ ep 22)  [4.1s]
  ep  25: R(t)=0.769  l1=0.222  l2=0.230  acc1=61.97%  acc2=62.63%  ens=62.30%  (best 62.67 @ ep 22)  [4.5s]
  ep  26: R(t)=0.769  l1=0.223  l2=0.234  acc1=58.62%  acc2=58.50%  ens=58.56%  (best 62.67 @ ep 22)  [4.3s]
  ep  27: R(t)=0.769  l1=0.228  l2=0.229  acc1=62.88%  acc2=58.79%  ens=60.83%  (best 62.67 @ ep 22)  [4.4s]
  ep  28: R(t)=0.769  l1=0.224  l2=0.224  acc1=63.46%  acc2=60.43%  ens=61.95%  (best 62.67 @ ep 22)  [4.4s]
  ep  29: R(t)=0.769  l1=0.211  l2=0.217  acc1=57.43%  acc2=61.39%  ens=59.41%  (best 62.67 @ ep 22)  [4.5s]
  ep  30: R(t)=0.769  l1=0.218  l2=0.229  acc1=54.30%  acc2=56.89%  ens=55.59%  (best 62.67 @ ep 22)  [4.2s]
  ep  31: R(t)=0.769  l1=0.223  l2=0.229  acc1=53.33%  acc2=54.09%  ens=53.71%  (best 62.67 @ ep 22)  [4.4s]
  ep  32: R(t)=0.769  l1=0.193  l2=0.198  acc1=60.83%  acc2=64.79%  ens=62.81%  (best 62.81 @ ep 32)  [4.4s]
  ep  33: R(t)=0.769  l1=0.205  l2=0.205  acc1=57.35%  acc2=60.19%  ens=58.77%  (best 62.81 @ ep 32)  [4.3s]
  ep  34: R(t)=0.769  l1=0.180  l2=0.173  acc1=55.02%  acc2=60.30%  ens=57.66%  (best 62.81 @ ep 32)  [4.2s]
  ep  35: R(t)=0.769  l1=0.179  l2=0.174  acc1=62.09%  acc2=58.67%  ens=60.38%  (best 62.81 @ ep 32)  [4.3s]
  ep  36: R(t)=0.769  l1=0.195  l2=0.199  acc1=62.50%  acc2=66.34%  ens=64.42%  (best 64.42 @ ep 36)  [7.9s]
  ep  37: R(t)=0.769  l1=0.184  l2=0.178  acc1=59.95%  acc2=61.37%  ens=60.66%  (best 64.42 @ ep 36)  [11.3s]
  ep  38: R(t)=0.769  l1=0.193  l2=0.190  acc1=66.58%  acc2=63.21%  ens=64.89%  (best 64.89 @ ep 38)  [5.5s]
  ep  39: R(t)=0.769  l1=0.170  l2=0.167  acc1=60.12%  acc2=63.73%  ens=61.92%  (best 64.89 @ ep 38)  [4.2s]
  ep  40: R(t)=0.769  l1=0.166  l2=0.174  acc1=61.30%  acc2=64.82%  ens=63.06%  (best 64.89 @ ep 38)  [4.2s]
  ep  41: R(t)=0.769  l1=0.172  l2=0.168  acc1=65.63%  acc2=63.48%  ens=64.56%  (best 64.89 @ ep 38)  [4.2s]
  ep  42: R(t)=0.769  l1=0.157  l2=0.157  acc1=65.65%  acc2=65.95%  ens=65.80%  (best 65.80 @ ep 42)  [4.3s]
  ep  43: R(t)=0.769  l1=0.157  l2=0.166  acc1=63.58%  acc2=58.94%  ens=61.26%  (best 65.80 @ ep 42)  [4.3s]
  ep  44: R(t)=0.769  l1=0.153  l2=0.161  acc1=66.82%  acc2=64.95%  ens=65.88%  (best 65.88 @ ep 44)  [4.3s]
  ep  45: R(t)=0.769  l1=0.146  l2=0.149  acc1=65.84%  acc2=65.97%  ens=65.90%  (best 65.90 @ ep 45)  [4.5s]
  ep  46: R(t)=0.769  l1=0.155  l2=0.158  acc1=63.38%  acc2=63.26%  ens=63.32%  (best 65.90 @ ep 45)  [4.2s]
  ep  47: R(t)=0.769  l1=0.147  l2=0.144  acc1=67.03%  acc2=64.87%  ens=65.95%  (best 65.95 @ ep 47)  [4.1s]
  ep  48: R(t)=0.769  l1=0.138  l2=0.145  acc1=64.71%  acc2=62.43%  ens=63.57%  (best 65.95 @ ep 47)  [4.4s]
  ep  49: R(t)=0.769  l1=0.140  l2=0.143  acc1=68.09%  acc2=66.80%  ens=67.44%  (best 67.44 @ ep 49)  [4.2s]
  ep  50: R(t)=0.769  l1=0.138  l2=0.130  acc1=66.65%  acc2=66.90%  ens=66.78%  (best 67.44 @ ep 49)  [4.4s]
  ep  51: R(t)=0.769  l1=0.121  l2=0.115  acc1=67.84%  acc2=67.12%  ens=67.48%  (best 67.48 @ ep 51)  [4.5s]
  ep  52: R(t)=0.769  l1=0.121  l2=0.126  acc1=62.72%  acc2=67.35%  ens=65.03%  (best 67.48 @ ep 51)  [5.3s]
  ep  53: R(t)=0.769  l1=0.132  l2=0.129  acc1=66.92%  acc2=66.61%  ens=66.77%  (best 67.48 @ ep 51)  [10.1s]
  ep  54: R(t)=0.769  l1=0.093  l2=0.100  acc1=66.29%  acc2=67.41%  ens=66.85%  (best 67.48 @ ep 51)  [9.0s]
  ep  55: R(t)=0.769  l1=0.105  l2=0.101  acc1=64.52%  acc2=67.25%  ens=65.88%  (best 67.48 @ ep 51)  [10.1s]
  ep  56: R(t)=0.769  l1=0.128  l2=0.130  acc1=68.74%  acc2=65.76%  ens=67.25%  (best 67.48 @ ep 51)  [11.6s]
  ep  57: R(t)=0.769  l1=0.104  l2=0.112  acc1=67.52%  acc2=64.92%  ens=66.22%  (best 67.48 @ ep 51)  [9.2s]
  ep  58: R(t)=0.769  l1=0.105  l2=0.102  acc1=66.71%  acc2=69.29%  ens=68.00%  (best 68.00 @ ep 58)  [9.2s]
  ep  59: R(t)=0.769  l1=0.088  l2=0.086  acc1=64.31%  acc2=66.39%  ens=65.35%  (best 68.00 @ ep 58)  [4.3s]
  ep  60: R(t)=0.769  l1=0.092  l2=0.086  acc1=70.04%  acc2=68.58%  ens=69.31%  (best 69.31 @ ep 60)  [4.4s]
  ep  61: R(t)=0.769  l1=0.097  l2=0.092  acc1=67.70%  acc2=67.12%  ens=67.41%  (best 69.31 @ ep 60)  [4.1s]
  ep  62: R(t)=0.769  l1=0.098  l2=0.094  acc1=70.25%  acc2=67.95%  ens=69.10%  (best 69.31 @ ep 60)  [4.4s]
  ep  63: R(t)=0.769  l1=0.090  l2=0.089  acc1=66.14%  acc2=65.73%  ens=65.94%  (best 69.31 @ ep 60)  [4.4s]
  ep  64: R(t)=0.769  l1=0.075  l2=0.073  acc1=68.16%  acc2=67.95%  ens=68.05%  (best 69.31 @ ep 60)  [4.4s]
  ep  65: R(t)=0.769  l1=0.078  l2=0.079  acc1=70.77%  acc2=69.78%  ens=70.28%  (best 70.28 @ ep 65)  [4.5s]
  ep  66: R(t)=0.769  l1=0.073  l2=0.070  acc1=68.21%  acc2=66.06%  ens=67.14%  (best 70.28 @ ep 65)  [4.3s]
  ep  67: R(t)=0.769  l1=0.073  l2=0.074  acc1=66.59%  acc2=66.42%  ens=66.51%  (best 70.28 @ ep 65)  [4.3s]
  ep  68: R(t)=0.769  l1=0.068  l2=0.061  acc1=67.91%  acc2=69.26%  ens=68.59%  (best 70.28 @ ep 65)  [4.3s]
  ep  69: R(t)=0.769  l1=0.063  l2=0.062  acc1=69.76%  acc2=70.39%  ens=70.08%  (best 70.28 @ ep 65)  [4.3s]
  ep  70: R(t)=0.769  l1=0.048  l2=0.051  acc1=69.20%  acc2=70.00%  ens=69.60%  (best 70.28 @ ep 65)  [4.3s]
  ep  71: R(t)=0.769  l1=0.047  l2=0.051  acc1=70.31%  acc2=69.60%  ens=69.95%  (best 70.28 @ ep 65)  [4.2s]
  ep  72: R(t)=0.769  l1=0.054  l2=0.053  acc1=69.89%  acc2=69.17%  ens=69.53%  (best 70.28 @ ep 65)  [4.3s]
  ep  73: R(t)=0.769  l1=0.045  l2=0.043  acc1=70.18%  acc2=70.45%  ens=70.31%  (best 70.31 @ ep 73)  [9.3s]
  ep  74: R(t)=0.769  l1=0.047  l2=0.047  acc1=68.82%  acc2=69.40%  ens=69.11%  (best 70.31 @ ep 73)  [8.5s]
  ep  75: R(t)=0.769  l1=0.047  l2=0.050  acc1=69.18%  acc2=68.42%  ens=68.80%  (best 70.31 @ ep 73)  [4.4s]
  ep  76: R(t)=0.769  l1=0.041  l2=0.042  acc1=69.39%  acc2=69.59%  ens=69.49%  (best 70.31 @ ep 73)  [4.4s]
  ep  77: R(t)=0.769  l1=0.035  l2=0.032  acc1=70.60%  acc2=70.63%  ens=70.62%  (best 70.62 @ ep 77)  [4.5s]
  ep  78: R(t)=0.769  l1=0.036  l2=0.039  acc1=70.00%  acc2=70.05%  ens=70.03%  (best 70.62 @ ep 77)  [4.4s]
  ep  79: R(t)=0.769  l1=0.035  l2=0.033  acc1=70.03%  acc2=69.36%  ens=69.69%  (best 70.62 @ ep 77)  [4.4s]
  ep  80: R(t)=0.769  l1=0.031  l2=0.031  acc1=70.45%  acc2=70.19%  ens=70.32%  (best 70.62 @ ep 77)  [4.5s]
  ep  81: R(t)=0.769  l1=0.029  l2=0.027  acc1=70.39%  acc2=69.74%  ens=70.06%  (best 70.62 @ ep 77)  [4.4s]
  ep  82: R(t)=0.769  l1=0.031  l2=0.031  acc1=69.82%  acc2=69.76%  ens=69.79%  (best 70.62 @ ep 77)  [4.2s]
  ep  83: R(t)=0.769  l1=0.027  l2=0.028  acc1=70.31%  acc2=69.96%  ens=70.13%  (best 70.62 @ ep 77)  [4.1s]
  ep  84: R(t)=0.769  l1=0.021  l2=0.021  acc1=70.64%  acc2=71.22%  ens=70.93%  (best 70.93 @ ep 84)  [4.3s]
  ep  85: R(t)=0.769  l1=0.023  l2=0.025  acc1=70.52%  acc2=70.39%  ens=70.45%  (best 70.93 @ ep 84)  [4.5s]
  ep  86: R(t)=0.769  l1=0.025  l2=0.023  acc1=70.29%  acc2=70.67%  ens=70.48%  (best 70.93 @ ep 84)  [4.7s]
  ep  87: R(t)=0.769  l1=0.021  l2=0.022  acc1=70.48%  acc2=70.67%  ens=70.58%  (best 70.93 @ ep 84)  [4.4s]
  ep  88: R(t)=0.769  l1=0.022  l2=0.023  acc1=70.23%  acc2=70.53%  ens=70.38%  (best 70.93 @ ep 84)  [5.0s]
  ep  89: R(t)=0.769  l1=0.022  l2=0.020  acc1=70.04%  acc2=70.24%  ens=70.14%  (best 70.93 @ ep 84)  [8.5s]
  ep  90: R(t)=0.769  l1=0.021  l2=0.020  acc1=70.41%  acc2=70.35%  ens=70.38%  (best 70.93 @ ep 84)  [4.4s]
  ep  91: R(t)=0.769  l1=0.020  l2=0.021  acc1=69.99%  acc2=70.41%  ens=70.20%  (best 70.93 @ ep 84)  [4.3s]
  ep  92: R(t)=0.769  l1=0.024  l2=0.026  acc1=70.49%  acc2=70.99%  ens=70.74%  (best 70.93 @ ep 84)  [4.4s]
  ep  93: R(t)=0.769  l1=0.016  l2=0.015  acc1=70.40%  acc2=70.82%  ens=70.61%  (best 70.93 @ ep 84)  [4.2s]
  ep  94: R(t)=0.769  l1=0.017  l2=0.015  acc1=70.38%  acc2=70.63%  ens=70.50%  (best 70.93 @ ep 84)  [4.3s]
  ep  95: R(t)=0.769  l1=0.016  l2=0.017  acc1=70.49%  acc2=70.74%  ens=70.62%  (best 70.93 @ ep 84)  [4.3s]
  ep  96: R(t)=0.769  l1=0.021  l2=0.020  acc1=70.47%  acc2=70.28%  ens=70.38%  (best 70.93 @ ep 84)  [4.2s]
  ep  97: R(t)=0.769  l1=0.014  l2=0.013  acc1=70.82%  acc2=70.99%  ens=70.91%  (best 70.93 @ ep 84)  [4.2s]
  ep  98: R(t)=0.769  l1=0.020  l2=0.022  acc1=70.74%  acc2=70.90%  ens=70.82%  (best 70.93 @ ep 84)  [4.2s]
  ep  99: R(t)=0.769  l1=0.017  l2=0.016  acc1=70.61%  acc2=70.90%  ens=70.75%  (best 70.93 @ ep 84)  [4.2s]

saved /path/to/ciln-workspace/journal_edition/robustness_transfer/results_v3/coteaching/ours__motion_blur_sev3__seed2.json: best ens-acc 70.93% @ ep 84
