/path/to/ciln-workspace/venv/lib/python3.12/site-packages/torchvision/datasets/cifar.py:83: VisibleDeprecationWarning: dtype(): align should be passed as Python or NumPy boolean but got `align=0`. Did you mean to pass a tuple to create a subarray type? (Deprecated NumPy 2.4)
  entry = pickle.load(f, encoding="latin1")
condition=ours__brightness_sev5 seed=1 gpu=1
  ep   0: R(t)=1.000  l1=1.818  l2=1.799  acc1=26.03%  acc2=31.72%  ens=28.87%  (best 28.87 @ ep 0)  [4.9s]
  ep   1: R(t)=0.932  l1=1.354  l2=1.318  acc1=36.44%  acc2=33.38%  ens=34.91%  (best 34.91 @ ep 1)  [6.6s]
  ep   2: R(t)=0.904  l1=1.125  l2=1.107  acc1=39.95%  acc2=42.28%  ens=41.12%  (best 41.12 @ ep 2)  [4.0s]
  ep   3: R(t)=0.882  l1=0.943  l2=0.914  acc1=42.35%  acc2=45.05%  ens=43.70%  (best 43.70 @ ep 3)  [4.2s]
  ep   4: R(t)=0.864  l1=0.828  l2=0.803  acc1=44.88%  acc2=45.90%  ens=45.39%  (best 45.39 @ ep 4)  [4.1s]
  ep   5: R(t)=0.847  l1=0.724  l2=0.695  acc1=48.00%  acc2=49.53%  ens=48.77%  (best 48.77 @ ep 5)  [4.3s]
  ep   6: R(t)=0.833  l1=0.634  l2=0.626  acc1=50.01%  acc2=46.87%  ens=48.44%  (best 48.77 @ ep 5)  [4.1s]
  ep   7: R(t)=0.820  l1=0.518  l2=0.524  acc1=51.70%  acc2=42.37%  ens=47.04%  (best 48.77 @ ep 5)  [4.0s]
  ep   8: R(t)=0.807  l1=0.482  l2=0.471  acc1=43.56%  acc2=51.41%  ens=47.48%  (best 48.77 @ ep 5)  [3.9s]
  ep   9: R(t)=0.795  l1=0.428  l2=0.418  acc1=50.10%  acc2=51.05%  ens=50.57%  (best 50.57 @ ep 9)  [4.1s]
  ep  10: R(t)=0.784  l1=0.367  l2=0.362  acc1=50.13%  acc2=51.31%  ens=50.72%  (best 50.72 @ ep 10)  [4.1s]
  ep  11: R(t)=0.784  l1=0.336  l2=0.342  acc1=45.36%  acc2=46.63%  ens=45.99%  (best 50.72 @ ep 10)  [4.0s]
  ep  12: R(t)=0.784  l1=0.352  l2=0.339  acc1=54.44%  acc2=45.55%  ens=49.99%  (best 50.72 @ ep 10)  [4.1s]
  ep  13: R(t)=0.784  l1=0.320  l2=0.314  acc1=54.33%  acc2=50.72%  ens=52.52%  (best 52.52 @ ep 13)  [4.3s]
  ep  14: R(t)=0.784  l1=0.313  l2=0.307  acc1=52.84%  acc2=54.11%  ens=53.48%  (best 53.48 @ ep 14)  [4.4s]
  ep  15: R(t)=0.784  l1=0.288  l2=0.295  acc1=58.27%  acc2=57.27%  ens=57.77%  (best 57.77 @ ep 15)  [4.1s]
  ep  16: R(t)=0.784  l1=0.290  l2=0.280  acc1=52.02%  acc2=57.94%  ens=54.98%  (best 57.77 @ ep 15)  [4.4s]
  ep  17: R(t)=0.784  l1=0.250  l2=0.255  acc1=50.98%  acc2=54.21%  ens=52.60%  (best 57.77 @ ep 15)  [9.8s]
  ep  18: R(t)=0.784  l1=0.270  l2=0.261  acc1=60.50%  acc2=58.78%  ens=59.64%  (best 59.64 @ ep 18)  [4.2s]
  ep  19: R(t)=0.784  l1=0.244  l2=0.248  acc1=56.73%  acc2=50.89%  ens=53.81%  (best 59.64 @ ep 18)  [4.1s]
  ep  20: R(t)=0.784  l1=0.254  l2=0.241  acc1=61.83%  acc2=59.94%  ens=60.88%  (best 60.88 @ ep 20)  [4.0s]
  ep  21: R(t)=0.784  l1=0.244  l2=0.241  acc1=56.86%  acc2=56.04%  ens=56.45%  (best 60.88 @ ep 20)  [4.4s]
  ep  22: R(t)=0.784  l1=0.232  l2=0.255  acc1=47.33%  acc2=56.50%  ens=51.91%  (best 60.88 @ ep 20)  [4.2s]
  ep  23: R(t)=0.784  l1=0.248  l2=0.244  acc1=56.92%  acc2=56.78%  ens=56.85%  (best 60.88 @ ep 20)  [4.8s]
  ep  24: R(t)=0.784  l1=0.225  l2=0.220  acc1=58.64%  acc2=57.28%  ens=57.96%  (best 60.88 @ ep 20)  [4.5s]
  ep  25: R(t)=0.784  l1=0.216  l2=0.224  acc1=59.83%  acc2=52.31%  ens=56.07%  (best 60.88 @ ep 20)  [4.2s]
  ep  26: R(t)=0.784  l1=0.210  l2=0.216  acc1=52.18%  acc2=60.04%  ens=56.11%  (best 60.88 @ ep 20)  [4.3s]
  ep  27: R(t)=0.784  l1=0.230  l2=0.233  acc1=62.28%  acc2=56.94%  ens=59.61%  (best 60.88 @ ep 20)  [4.1s]
  ep  28: R(t)=0.784  l1=0.214  l2=0.222  acc1=61.01%  acc2=58.78%  ens=59.89%  (best 60.88 @ ep 20)  [4.3s]
  ep  29: R(t)=0.784  l1=0.207  l2=0.209  acc1=58.42%  acc2=60.07%  ens=59.25%  (best 60.88 @ ep 20)  [4.5s]
  ep  30: R(t)=0.784  l1=0.200  l2=0.212  acc1=56.74%  acc2=63.21%  ens=59.98%  (best 60.88 @ ep 20)  [4.1s]
  ep  31: R(t)=0.784  l1=0.193  l2=0.191  acc1=62.23%  acc2=58.19%  ens=60.21%  (best 60.88 @ ep 20)  [4.2s]
  ep  32: R(t)=0.784  l1=0.195  l2=0.203  acc1=57.41%  acc2=59.22%  ens=58.32%  (best 60.88 @ ep 20)  [9.6s]
  ep  33: R(t)=0.784  l1=0.196  l2=0.193  acc1=58.71%  acc2=59.66%  ens=59.19%  (best 60.88 @ ep 20)  [4.0s]
  ep  34: R(t)=0.784  l1=0.184  l2=0.184  acc1=63.11%  acc2=60.22%  ens=61.66%  (best 61.66 @ ep 34)  [4.1s]
  ep  35: R(t)=0.784  l1=0.181  l2=0.183  acc1=63.37%  acc2=61.35%  ens=62.36%  (best 62.36 @ ep 35)  [4.3s]
  ep  36: R(t)=0.784  l1=0.183  l2=0.189  acc1=57.40%  acc2=56.09%  ens=56.75%  (best 62.36 @ ep 35)  [4.4s]
  ep  37: R(t)=0.784  l1=0.173  l2=0.169  acc1=60.50%  acc2=61.47%  ens=60.98%  (best 62.36 @ ep 35)  [4.1s]
  ep  38: R(t)=0.784  l1=0.179  l2=0.165  acc1=63.57%  acc2=63.89%  ens=63.73%  (best 63.73 @ ep 38)  [4.3s]
  ep  39: R(t)=0.784  l1=0.167  l2=0.162  acc1=62.96%  acc2=63.09%  ens=63.02%  (best 63.73 @ ep 38)  [4.1s]
  ep  40: R(t)=0.784  l1=0.161  l2=0.157  acc1=61.76%  acc2=66.42%  ens=64.09%  (best 64.09 @ ep 40)  [4.2s]
  ep  41: R(t)=0.784  l1=0.178  l2=0.171  acc1=59.44%  acc2=64.79%  ens=62.12%  (best 64.09 @ ep 40)  [4.2s]
  ep  42: R(t)=0.784  l1=0.159  l2=0.154  acc1=64.75%  acc2=65.35%  ens=65.05%  (best 65.05 @ ep 42)  [4.4s]
  ep  43: R(t)=0.784  l1=0.157  l2=0.155  acc1=62.32%  acc2=63.65%  ens=62.98%  (best 65.05 @ ep 42)  [4.0s]
  ep  44: R(t)=0.784  l1=0.149  l2=0.152  acc1=66.16%  acc2=65.03%  ens=65.59%  (best 65.59 @ ep 44)  [4.0s]
  ep  45: R(t)=0.784  l1=0.149  l2=0.144  acc1=64.66%  acc2=66.08%  ens=65.37%  (best 65.59 @ ep 44)  [4.1s]
  ep  46: R(t)=0.784  l1=0.137  l2=0.136  acc1=61.81%  acc2=62.42%  ens=62.11%  (best 65.59 @ ep 44)  [3.8s]
  ep  47: R(t)=0.784  l1=0.149  l2=0.147  acc1=66.85%  acc2=65.84%  ens=66.34%  (best 66.34 @ ep 47)  [8.5s]
  ep  48: R(t)=0.784  l1=0.132  l2=0.132  acc1=57.66%  acc2=64.69%  ens=61.18%  (best 66.34 @ ep 47)  [4.3s]
  ep  49: R(t)=0.784  l1=0.144  l2=0.138  acc1=67.33%  acc2=66.68%  ens=67.01%  (best 67.01 @ ep 49)  [4.1s]
  ep  50: R(t)=0.784  l1=0.124  l2=0.127  acc1=58.62%  acc2=64.46%  ens=61.54%  (best 67.01 @ ep 49)  [4.0s]
  ep  51: R(t)=0.784  l1=0.134  l2=0.138  acc1=65.25%  acc2=65.73%  ens=65.49%  (best 67.01 @ ep 49)  [4.1s]
  ep  52: R(t)=0.784  l1=0.139  l2=0.134  acc1=65.24%  acc2=55.88%  ens=60.56%  (best 67.01 @ ep 49)  [4.1s]
  ep  53: R(t)=0.784  l1=0.119  l2=0.125  acc1=66.00%  acc2=65.52%  ens=65.76%  (best 67.01 @ ep 49)  [4.3s]
  ep  54: R(t)=0.784  l1=0.112  l2=0.118  acc1=65.08%  acc2=66.86%  ens=65.97%  (best 67.01 @ ep 49)  [4.3s]
  ep  55: R(t)=0.784  l1=0.112  l2=0.110  acc1=66.04%  acc2=65.53%  ens=65.79%  (best 67.01 @ ep 49)  [4.1s]
  ep  56: R(t)=0.784  l1=0.106  l2=0.114  acc1=66.88%  acc2=61.42%  ens=64.15%  (best 67.01 @ ep 49)  [4.1s]
  ep  57: R(t)=0.784  l1=0.114  l2=0.107  acc1=68.12%  acc2=62.44%  ens=65.28%  (best 67.01 @ ep 49)  [4.1s]
  ep  58: R(t)=0.784  l1=0.101  l2=0.098  acc1=67.88%  acc2=68.24%  ens=68.06%  (best 68.06 @ ep 58)  [4.1s]
  ep  59: R(t)=0.784  l1=0.089  l2=0.088  acc1=69.70%  acc2=68.91%  ens=69.30%  (best 69.30 @ ep 59)  [4.3s]
  ep  60: R(t)=0.784  l1=0.090  l2=0.087  acc1=67.35%  acc2=66.76%  ens=67.05%  (best 69.30 @ ep 59)  [4.2s]
  ep  61: R(t)=0.784  l1=0.105  l2=0.101  acc1=69.07%  acc2=68.11%  ens=68.59%  (best 69.30 @ ep 59)  [4.2s]
  ep  62: R(t)=0.784  l1=0.086  l2=0.083  acc1=67.39%  acc2=68.84%  ens=68.12%  (best 69.30 @ ep 59)  [4.5s]
  ep  63: R(t)=0.784  l1=0.063  l2=0.063  acc1=68.90%  acc2=67.38%  ens=68.14%  (best 69.30 @ ep 59)  [4.0s]
  ep  64: R(t)=0.784  l1=0.074  l2=0.075  acc1=67.70%  acc2=66.10%  ens=66.90%  (best 69.30 @ ep 59)  [5.2s]
  ep  65: R(t)=0.784  l1=0.073  l2=0.071  acc1=67.42%  acc2=66.78%  ens=67.10%  (best 69.30 @ ep 59)  [4.3s]
  ep  66: R(t)=0.784  l1=0.077  l2=0.077  acc1=67.86%  acc2=68.07%  ens=67.97%  (best 69.30 @ ep 59)  [4.2s]
  ep  67: R(t)=0.784  l1=0.073  l2=0.081  acc1=69.24%  acc2=68.45%  ens=68.84%  (best 69.30 @ ep 59)  [4.1s]
  ep  68: R(t)=0.784  l1=0.064  l2=0.071  acc1=67.23%  acc2=67.84%  ens=67.53%  (best 69.30 @ ep 59)  [4.1s]
  ep  69: R(t)=0.784  l1=0.066  l2=0.065  acc1=67.82%  acc2=66.85%  ens=67.33%  (best 69.30 @ ep 59)  [4.5s]
  ep  70: R(t)=0.784  l1=0.054  l2=0.056  acc1=68.96%  acc2=68.41%  ens=68.69%  (best 69.30 @ ep 59)  [4.1s]
  ep  71: R(t)=0.784  l1=0.053  l2=0.051  acc1=64.79%  acc2=68.41%  ens=66.60%  (best 69.30 @ ep 59)  [4.3s]
  ep  72: R(t)=0.784  l1=0.048  l2=0.048  acc1=68.81%  acc2=69.24%  ens=69.03%  (best 69.30 @ ep 59)  [4.1s]
  ep  73: R(t)=0.784  l1=0.049  l2=0.047  acc1=68.88%  acc2=69.21%  ens=69.05%  (best 69.30 @ ep 59)  [4.2s]
  ep  74: R(t)=0.784  l1=0.046  l2=0.044  acc1=68.75%  acc2=68.78%  ens=68.77%  (best 69.30 @ ep 59)  [4.2s]
  ep  75: R(t)=0.784  l1=0.043  l2=0.043  acc1=68.11%  acc2=67.44%  ens=67.78%  (best 69.30 @ ep 59)  [4.1s]
  ep  76: R(t)=0.784  l1=0.038  l2=0.038  acc1=69.36%  acc2=69.87%  ens=69.62%  (best 69.62 @ ep 76)  [6.9s]
  ep  77: R(t)=0.784  l1=0.042  l2=0.041  acc1=69.17%  acc2=70.09%  ens=69.63%  (best 69.63 @ ep 77)  [4.0s]
  ep  78: R(t)=0.784  l1=0.038  l2=0.038  acc1=69.78%  acc2=68.63%  ens=69.21%  (best 69.63 @ ep 77)  [4.2s]
  ep  79: R(t)=0.784  l1=0.033  l2=0.031  acc1=70.27%  acc2=70.10%  ens=70.19%  (best 70.19 @ ep 79)  [3.8s]
  ep  80: R(t)=0.784  l1=0.027  l2=0.027  acc1=69.05%  acc2=69.73%  ens=69.39%  (best 70.19 @ ep 79)  [4.2s]
  ep  81: R(t)=0.784  l1=0.027  l2=0.026  acc1=69.23%  acc2=69.52%  ens=69.38%  (best 70.19 @ ep 79)  [3.9s]
  ep  82: R(t)=0.784  l1=0.026  l2=0.027  acc1=69.38%  acc2=69.54%  ens=69.46%  (best 70.19 @ ep 79)  [4.2s]
  ep  83: R(t)=0.784  l1=0.025  l2=0.026  acc1=69.35%  acc2=70.46%  ens=69.91%  (best 70.19 @ ep 79)  [4.3s]
  ep  84: R(t)=0.784  l1=0.022  l2=0.025  acc1=69.69%  acc2=69.96%  ens=69.83%  (best 70.19 @ ep 79)  [4.3s]
  ep  85: R(t)=0.784  l1=0.019  l2=0.021  acc1=70.38%  acc2=70.51%  ens=70.45%  (best 70.45 @ ep 85)  [3.9s]
  ep  86: R(t)=0.784  l1=0.020  l2=0.019  acc1=70.44%  acc2=70.38%  ens=70.41%  (best 70.45 @ ep 85)  [4.2s]
  ep  87: R(t)=0.784  l1=0.020  l2=0.020  acc1=70.32%  acc2=70.44%  ens=70.38%  (best 70.45 @ ep 85)  [4.2s]
  ep  88: R(t)=0.784  l1=0.016  l2=0.018  acc1=69.90%  acc2=69.94%  ens=69.92%  (best 70.45 @ ep 85)  [4.2s]
  ep  89: R(t)=0.784  l1=0.021  l2=0.024  acc1=69.80%  acc2=69.99%  ens=69.89%  (best 70.45 @ ep 85)  [4.1s]
  ep  90: R(t)=0.784  l1=0.018  l2=0.018  acc1=70.23%  acc2=70.32%  ens=70.28%  (best 70.45 @ ep 85)  [4.2s]
  ep  91: R(t)=0.784  l1=0.017  l2=0.016  acc1=70.39%  acc2=70.12%  ens=70.25%  (best 70.45 @ ep 85)  [10.2s]
  ep  92: R(t)=0.784  l1=0.021  l2=0.020  acc1=69.96%  acc2=69.99%  ens=69.97%  (best 70.45 @ ep 85)  [4.0s]
  ep  93: R(t)=0.784  l1=0.015  l2=0.017  acc1=70.30%  acc2=70.13%  ens=70.22%  (best 70.45 @ ep 85)  [4.1s]
  ep  94: R(t)=0.784  l1=0.017  l2=0.016  acc1=70.23%  acc2=70.12%  ens=70.18%  (best 70.45 @ ep 85)  [4.1s]
  ep  95: R(t)=0.784  l1=0.016  l2=0.018  acc1=70.01%  acc2=69.95%  ens=69.98%  (best 70.45 @ ep 85)  [3.9s]
  ep  96: R(t)=0.784  l1=0.017  l2=0.018  acc1=70.53%  acc2=70.21%  ens=70.37%  (best 70.45 @ ep 85)  [4.8s]
  ep  97: R(t)=0.784  l1=0.017  l2=0.016  acc1=70.21%  acc2=70.01%  ens=70.11%  (best 70.45 @ ep 85)  [4.4s]
  ep  98: R(t)=0.784  l1=0.017  l2=0.017  acc1=70.47%  acc2=70.19%  ens=70.33%  (best 70.45 @ ep 85)  [4.4s]
  ep  99: R(t)=0.784  l1=0.018  l2=0.016  acc1=70.32%  acc2=69.96%  ens=70.14%  (best 70.45 @ ep 85)  [4.2s]

saved /path/to/ciln-workspace/journal_edition/robustness_transfer/results_v3/coteaching/ours__brightness_sev5__seed1.json: best ens-acc 70.45% @ ep 85
