/path/to/ciln-workspace/venv/lib/python3.12/site-packages/torchvision/datasets/cifar.py:83: VisibleDeprecationWarning: dtype(): align should be passed as Python or NumPy boolean but got `align=0`. Did you mean to pass a tuple to create a subarray type? (Deprecated NumPy 2.4)
  entry = pickle.load(f, encoding="latin1")
condition=ours__motion_blur_sev3 seed=1 gpu=2
  ep   0: R(t)=1.000  l1=1.843  l2=1.846  acc1=25.90%  acc2=26.85%  ens=26.38%  (best 26.38 @ ep 0)  [5.3s]
  ep   1: R(t)=0.927  l1=1.428  l2=1.398  acc1=33.13%  acc2=31.61%  ens=32.37%  (best 32.37 @ ep 1)  [4.5s]
  ep   2: R(t)=0.897  l1=1.194  l2=1.167  acc1=40.17%  acc2=41.56%  ens=40.87%  (best 40.87 @ ep 2)  [4.2s]
  ep   3: R(t)=0.873  l1=1.020  l2=0.991  acc1=44.74%  acc2=41.17%  ens=42.95%  (best 42.95 @ ep 3)  [4.5s]
  ep   4: R(t)=0.854  l1=0.868  l2=0.860  acc1=47.60%  acc2=43.42%  ens=45.51%  (best 45.51 @ ep 4)  [4.2s]
  ep   5: R(t)=0.836  l1=0.780  l2=0.788  acc1=46.23%  acc2=47.72%  ens=46.98%  (best 46.98 @ ep 5)  [4.2s]
  ep   6: R(t)=0.821  l1=0.669  l2=0.661  acc1=45.68%  acc2=45.36%  ens=45.52%  (best 46.98 @ ep 5)  [4.3s]
  ep   7: R(t)=0.806  l1=0.563  l2=0.556  acc1=53.39%  acc2=52.51%  ens=52.95%  (best 52.95 @ ep 7)  [4.2s]
  ep   8: R(t)=0.793  l1=0.526  l2=0.505  acc1=47.23%  acc2=53.48%  ens=50.36%  (best 52.95 @ ep 7)  [4.2s]
  ep   9: R(t)=0.781  l1=0.446  l2=0.435  acc1=49.26%  acc2=50.10%  ens=49.68%  (best 52.95 @ ep 7)  [4.5s]
  ep  10: R(t)=0.769  l1=0.388  l2=0.381  acc1=59.99%  acc2=55.65%  ens=57.82%  (best 57.82 @ ep 10)  [4.3s]
  ep  11: R(t)=0.769  l1=0.376  l2=0.372  acc1=53.04%  acc2=55.78%  ens=54.41%  (best 57.82 @ ep 10)  [4.3s]
  ep  12: R(t)=0.769  l1=0.363  l2=0.352  acc1=50.62%  acc2=46.39%  ens=48.50%  (best 57.82 @ ep 10)  [4.2s]
  ep  13: R(t)=0.769  l1=0.356  l2=0.350  acc1=55.05%  acc2=57.13%  ens=56.09%  (best 57.82 @ ep 10)  [9.1s]
  ep  14: R(t)=0.769  l1=0.307  l2=0.295  acc1=59.47%  acc2=60.26%  ens=59.87%  (best 59.87 @ ep 14)  [12.4s]
  ep  15: R(t)=0.769  l1=0.312  l2=0.304  acc1=52.76%  acc2=51.08%  ens=51.92%  (best 59.87 @ ep 14)  [4.4s]
  ep  16: R(t)=0.769  l1=0.310  l2=0.304  acc1=61.06%  acc2=62.75%  ens=61.91%  (best 61.91 @ ep 16)  [4.3s]
  ep  17: R(t)=0.769  l1=0.311  l2=0.289  acc1=59.34%  acc2=60.09%  ens=59.72%  (best 61.91 @ ep 16)  [4.3s]
  ep  18: R(t)=0.769  l1=0.298  l2=0.290  acc1=52.91%  acc2=58.69%  ens=55.80%  (best 61.91 @ ep 16)  [4.3s]
  ep  19: R(t)=0.769  l1=0.276  l2=0.257  acc1=60.80%  acc2=58.46%  ens=59.63%  (best 61.91 @ ep 16)  [4.2s]
  ep  20: R(t)=0.769  l1=0.265  l2=0.267  acc1=58.71%  acc2=55.49%  ens=57.10%  (best 61.91 @ ep 16)  [4.3s]
  ep  21: R(t)=0.769  l1=0.268  l2=0.251  acc1=57.35%  acc2=59.93%  ens=58.64%  (best 61.91 @ ep 16)  [4.5s]
  ep  22: R(t)=0.769  l1=0.259  l2=0.258  acc1=55.65%  acc2=58.80%  ens=57.22%  (best 61.91 @ ep 16)  [4.5s]
  ep  23: R(t)=0.769  l1=0.241  l2=0.233  acc1=61.64%  acc2=60.81%  ens=61.22%  (best 61.91 @ ep 16)  [4.4s]
  ep  24: R(t)=0.769  l1=0.223  l2=0.218  acc1=60.17%  acc2=60.02%  ens=60.09%  (best 61.91 @ ep 16)  [4.4s]
  ep  25: R(t)=0.769  l1=0.244  l2=0.235  acc1=64.79%  acc2=56.50%  ens=60.64%  (best 61.91 @ ep 16)  [4.1s]
  ep  26: R(t)=0.769  l1=0.217  l2=0.218  acc1=54.70%  acc2=56.95%  ens=55.83%  (best 61.91 @ ep 16)  [4.3s]
  ep  27: R(t)=0.769  l1=0.240  l2=0.239  acc1=62.60%  acc2=63.61%  ens=63.10%  (best 63.10 @ ep 27)  [4.4s]
  ep  28: R(t)=0.769  l1=0.234  l2=0.219  acc1=57.94%  acc2=62.36%  ens=60.15%  (best 63.10 @ ep 27)  [5.2s]
  ep  29: R(t)=0.769  l1=0.211  l2=0.211  acc1=59.65%  acc2=63.22%  ens=61.43%  (best 63.10 @ ep 27)  [9.8s]
  ep  30: R(t)=0.769  l1=0.220  l2=0.213  acc1=62.18%  acc2=61.89%  ens=62.03%  (best 63.10 @ ep 27)  [12.2s]
  ep  31: R(t)=0.769  l1=0.204  l2=0.192  acc1=59.85%  acc2=65.26%  ens=62.56%  (best 63.10 @ ep 27)  [4.3s]
  ep  32: R(t)=0.769  l1=0.210  l2=0.204  acc1=59.21%  acc2=52.09%  ens=55.65%  (best 63.10 @ ep 27)  [4.3s]
  ep  33: R(t)=0.769  l1=0.205  l2=0.208  acc1=58.41%  acc2=57.25%  ens=57.83%  (best 63.10 @ ep 27)  [4.2s]
  ep  34: R(t)=0.769  l1=0.201  l2=0.199  acc1=63.74%  acc2=64.19%  ens=63.97%  (best 63.97 @ ep 34)  [4.3s]
  ep  35: R(t)=0.769  l1=0.191  l2=0.190  acc1=65.43%  acc2=62.38%  ens=63.91%  (best 63.97 @ ep 34)  [4.3s]
  ep  36: R(t)=0.769  l1=0.189  l2=0.189  acc1=61.83%  acc2=61.16%  ens=61.49%  (best 63.97 @ ep 34)  [4.2s]
  ep  37: R(t)=0.769  l1=0.179  l2=0.183  acc1=61.17%  acc2=66.15%  ens=63.66%  (best 63.97 @ ep 34)  [4.3s]
  ep  38: R(t)=0.769  l1=0.184  l2=0.186  acc1=65.66%  acc2=66.16%  ens=65.91%  (best 65.91 @ ep 38)  [4.3s]
  ep  39: R(t)=0.769  l1=0.156  l2=0.151  acc1=63.50%  acc2=64.53%  ens=64.02%  (best 65.91 @ ep 38)  [4.5s]
  ep  40: R(t)=0.769  l1=0.179  l2=0.172  acc1=61.56%  acc2=65.08%  ens=63.32%  (best 65.91 @ ep 38)  [4.5s]
  ep  41: R(t)=0.769  l1=0.163  l2=0.164  acc1=64.65%  acc2=64.12%  ens=64.39%  (best 65.91 @ ep 38)  [4.6s]
  ep  42: R(t)=0.769  l1=0.179  l2=0.169  acc1=59.24%  acc2=64.68%  ens=61.96%  (best 65.91 @ ep 38)  [4.3s]
  ep  43: R(t)=0.769  l1=0.152  l2=0.145  acc1=63.74%  acc2=65.67%  ens=64.70%  (best 65.91 @ ep 38)  [4.4s]
  ep  44: R(t)=0.769  l1=0.160  l2=0.159  acc1=62.95%  acc2=64.33%  ens=63.64%  (best 65.91 @ ep 38)  [4.3s]
  ep  45: R(t)=0.769  l1=0.145  l2=0.143  acc1=62.45%  acc2=62.60%  ens=62.53%  (best 65.91 @ ep 38)  [8.3s]
  ep  46: R(t)=0.769  l1=0.143  l2=0.146  acc1=62.49%  acc2=61.88%  ens=62.19%  (best 65.91 @ ep 38)  [9.7s]
  ep  47: R(t)=0.769  l1=0.136  l2=0.141  acc1=64.63%  acc2=67.06%  ens=65.84%  (best 65.91 @ ep 38)  [8.3s]
  ep  48: R(t)=0.769  l1=0.149  l2=0.150  acc1=66.48%  acc2=64.48%  ens=65.48%  (best 65.91 @ ep 38)  [4.1s]
  ep  49: R(t)=0.769  l1=0.147  l2=0.143  acc1=65.65%  acc2=63.35%  ens=64.50%  (best 65.91 @ ep 38)  [4.2s]
  ep  50: R(t)=0.769  l1=0.125  l2=0.123  acc1=68.23%  acc2=63.92%  ens=66.07%  (best 66.07 @ ep 50)  [4.3s]
  ep  51: R(t)=0.769  l1=0.118  l2=0.114  acc1=65.75%  acc2=68.04%  ens=66.89%  (best 66.89 @ ep 51)  [4.4s]
  ep  52: R(t)=0.769  l1=0.130  l2=0.124  acc1=62.72%  acc2=62.24%  ens=62.48%  (best 66.89 @ ep 51)  [4.2s]
  ep  53: R(t)=0.769  l1=0.110  l2=0.113  acc1=67.24%  acc2=65.41%  ens=66.33%  (best 66.89 @ ep 51)  [4.3s]
  ep  54: R(t)=0.769  l1=0.125  l2=0.125  acc1=65.81%  acc2=65.34%  ens=65.58%  (best 66.89 @ ep 51)  [4.2s]
  ep  55: R(t)=0.769  l1=0.117  l2=0.110  acc1=68.18%  acc2=68.77%  ens=68.47%  (best 68.47 @ ep 55)  [4.5s]
  ep  56: R(t)=0.769  l1=0.123  l2=0.126  acc1=64.63%  acc2=61.58%  ens=63.10%  (best 68.47 @ ep 55)  [4.1s]
  ep  57: R(t)=0.769  l1=0.112  l2=0.110  acc1=63.21%  acc2=65.91%  ens=64.56%  (best 68.47 @ ep 55)  [4.3s]
  ep  58: R(t)=0.769  l1=0.103  l2=0.097  acc1=67.91%  acc2=66.38%  ens=67.14%  (best 68.47 @ ep 55)  [4.2s]
  ep  59: R(t)=0.769  l1=0.102  l2=0.099  acc1=68.57%  acc2=66.37%  ens=67.47%  (best 68.47 @ ep 55)  [4.2s]
  ep  60: R(t)=0.769  l1=0.091  l2=0.091  acc1=65.58%  acc2=66.44%  ens=66.01%  (best 68.47 @ ep 55)  [4.3s]
  ep  61: R(t)=0.769  l1=0.093  l2=0.091  acc1=70.33%  acc2=68.36%  ens=69.34%  (best 69.34 @ ep 61)  [4.4s]
  ep  62: R(t)=0.769  l1=0.077  l2=0.074  acc1=67.60%  acc2=65.76%  ens=66.68%  (best 69.34 @ ep 61)  [8.7s]
  ep  63: R(t)=0.769  l1=0.082  l2=0.076  acc1=69.83%  acc2=67.11%  ens=68.47%  (best 69.34 @ ep 61)  [10.6s]
  ep  64: R(t)=0.769  l1=0.073  l2=0.073  acc1=68.43%  acc2=69.23%  ens=68.83%  (best 69.34 @ ep 61)  [10.1s]
  ep  65: R(t)=0.769  l1=0.076  l2=0.075  acc1=67.44%  acc2=68.89%  ens=68.16%  (best 69.34 @ ep 61)  [4.3s]
  ep  66: R(t)=0.769  l1=0.079  l2=0.070  acc1=66.91%  acc2=69.39%  ens=68.15%  (best 69.34 @ ep 61)  [4.1s]
  ep  67: R(t)=0.769  l1=0.076  l2=0.074  acc1=66.95%  acc2=67.23%  ens=67.09%  (best 69.34 @ ep 61)  [4.5s]
  ep  68: R(t)=0.769  l1=0.068  l2=0.064  acc1=70.24%  acc2=68.86%  ens=69.55%  (best 69.55 @ ep 68)  [4.3s]
  ep  69: R(t)=0.769  l1=0.058  l2=0.056  acc1=67.70%  acc2=69.52%  ens=68.61%  (best 69.55 @ ep 68)  [4.4s]
  ep  70: R(t)=0.769  l1=0.048  l2=0.047  acc1=70.06%  acc2=68.78%  ens=69.42%  (best 69.55 @ ep 68)  [4.2s]
  ep  71: R(t)=0.769  l1=0.054  l2=0.053  acc1=67.82%  acc2=66.72%  ens=67.27%  (best 69.55 @ ep 68)  [4.4s]
  ep  72: R(t)=0.769  l1=0.048  l2=0.052  acc1=70.16%  acc2=70.00%  ens=70.08%  (best 70.08 @ ep 72)  [4.3s]
  ep  73: R(t)=0.769  l1=0.043  l2=0.045  acc1=70.16%  acc2=70.04%  ens=70.10%  (best 70.10 @ ep 73)  [4.4s]
  ep  74: R(t)=0.769  l1=0.035  l2=0.036  acc1=69.25%  acc2=69.58%  ens=69.42%  (best 70.10 @ ep 73)  [4.2s]
  ep  75: R(t)=0.769  l1=0.047  l2=0.045  acc1=68.96%  acc2=70.58%  ens=69.77%  (best 70.10 @ ep 73)  [4.2s]
  ep  76: R(t)=0.769  l1=0.042  l2=0.040  acc1=70.05%  acc2=69.86%  ens=69.95%  (best 70.10 @ ep 73)  [4.4s]
  ep  77: R(t)=0.769  l1=0.056  l2=0.052  acc1=70.87%  acc2=71.02%  ens=70.95%  (best 70.95 @ ep 77)  [4.2s]
  ep  78: R(t)=0.769  l1=0.046  l2=0.043  acc1=70.58%  acc2=69.52%  ens=70.05%  (best 70.95 @ ep 77)  [4.2s]
  ep  79: R(t)=0.769  l1=0.032  l2=0.032  acc1=71.31%  acc2=71.23%  ens=71.27%  (best 71.27 @ ep 79)  [9.0s]
  ep  80: R(t)=0.769  l1=0.028  l2=0.030  acc1=70.72%  acc2=70.28%  ens=70.50%  (best 71.27 @ ep 79)  [11.0s]
  ep  81: R(t)=0.769  l1=0.029  l2=0.027  acc1=69.86%  acc2=70.56%  ens=70.21%  (best 71.27 @ ep 79)  [9.4s]
  ep  82: R(t)=0.769  l1=0.026  l2=0.027  acc1=70.39%  acc2=70.31%  ens=70.35%  (best 71.27 @ ep 79)  [9.9s]
  ep  83: R(t)=0.769  l1=0.031  l2=0.031  acc1=70.76%  acc2=70.69%  ens=70.72%  (best 71.27 @ ep 79)  [10.6s]
  ep  84: R(t)=0.769  l1=0.027  l2=0.026  acc1=70.63%  acc2=70.77%  ens=70.70%  (best 71.27 @ ep 79)  [10.9s]
  ep  85: R(t)=0.769  l1=0.023  l2=0.022  acc1=70.14%  acc2=70.30%  ens=70.22%  (best 71.27 @ ep 79)  [6.3s]
  ep  86: R(t)=0.769  l1=0.021  l2=0.019  acc1=71.37%  acc2=70.99%  ens=71.18%  (best 71.27 @ ep 79)  [4.4s]
  ep  87: R(t)=0.769  l1=0.024  l2=0.025  acc1=70.48%  acc2=70.43%  ens=70.45%  (best 71.27 @ ep 79)  [4.4s]
  ep  88: R(t)=0.769  l1=0.023  l2=0.020  acc1=71.22%  acc2=70.93%  ens=71.08%  (best 71.27 @ ep 79)  [4.4s]
  ep  89: R(t)=0.769  l1=0.022  l2=0.021  acc1=70.65%  acc2=70.84%  ens=70.75%  (best 71.27 @ ep 79)  [4.4s]
  ep  90: R(t)=0.769  l1=0.021  l2=0.020  acc1=70.47%  acc2=70.40%  ens=70.44%  (best 71.27 @ ep 79)  [4.2s]
  ep  91: R(t)=0.769  l1=0.024  l2=0.022  acc1=70.66%  acc2=70.49%  ens=70.58%  (best 71.27 @ ep 79)  [4.5s]
  ep  92: R(t)=0.769  l1=0.019  l2=0.020  acc1=71.08%  acc2=71.06%  ens=71.07%  (best 71.27 @ ep 79)  [4.4s]
  ep  93: R(t)=0.769  l1=0.015  l2=0.015  acc1=70.77%  acc2=70.86%  ens=70.82%  (best 71.27 @ ep 79)  [4.3s]
  ep  94: R(t)=0.769  l1=0.019  l2=0.019  acc1=70.81%  acc2=70.62%  ens=70.71%  (best 71.27 @ ep 79)  [4.4s]
  ep  95: R(t)=0.769  l1=0.017  l2=0.016  acc1=70.59%  acc2=70.45%  ens=70.52%  (best 71.27 @ ep 79)  [4.4s]
  ep  96: R(t)=0.769  l1=0.017  l2=0.017  acc1=71.06%  acc2=71.02%  ens=71.04%  (best 71.27 @ ep 79)  [4.3s]
  ep  97: R(t)=0.769  l1=0.014  l2=0.016  acc1=70.81%  acc2=70.98%  ens=70.89%  (best 71.27 @ ep 79)  [4.2s]
  ep  98: R(t)=0.769  l1=0.018  l2=0.017  acc1=70.93%  acc2=70.76%  ens=70.84%  (best 71.27 @ ep 79)  [4.4s]
  ep  99: R(t)=0.769  l1=0.020  l2=0.018  acc1=71.00%  acc2=70.90%  ens=70.95%  (best 71.27 @ ep 79)  [4.3s]

saved /path/to/ciln-workspace/journal_edition/robustness_transfer/results_v3/coteaching/ours__motion_blur_sev3__seed1.json: best ens-acc 71.27% @ ep 79
