/path/to/ciln-workspace/venv/lib/python3.12/site-packages/torchvision/datasets/cifar.py:83: VisibleDeprecationWarning: dtype(): align should be passed as Python or NumPy boolean but got `align=0`. Did you mean to pass a tuple to create a subarray type? (Deprecated NumPy 2.4)
  entry = pickle.load(f, encoding="latin1")
condition=ours__impulse_noise_sev5 seed=1 gpu=2
  ep   0: R(t)=1.000  l1=1.849  l2=1.865  acc1=24.09%  acc2=21.55%  ens=22.82%  (best 22.82 @ ep 0)  [12.3s]
  ep   1: R(t)=0.846  l1=1.335  l2=1.339  acc1=26.10%  acc2=25.88%  ens=25.99%  (best 25.99 @ ep 1)  [10.1s]
  ep   2: R(t)=0.783  l1=1.111  l2=1.113  acc1=26.65%  acc2=30.28%  ens=28.46%  (best 28.46 @ ep 2)  [10.7s]
  ep   3: R(t)=0.734  l1=0.957  l2=0.948  acc1=27.95%  acc2=28.99%  ens=28.47%  (best 28.47 @ ep 3)  [10.4s]
  ep   4: R(t)=0.693  l1=0.826  l2=0.813  acc1=30.54%  acc2=30.29%  ens=30.42%  (best 30.42 @ ep 4)  [9.7s]
  ep   5: R(t)=0.656  l1=0.709  l2=0.697  acc1=30.26%  acc2=30.17%  ens=30.22%  (best 30.42 @ ep 4)  [10.7s]
  ep   6: R(t)=0.623  l1=0.600  l2=0.588  acc1=29.68%  acc2=30.76%  ens=30.22%  (best 30.42 @ ep 4)  [9.8s]
  ep   7: R(t)=0.593  l1=0.510  l2=0.499  acc1=28.63%  acc2=31.12%  ens=29.87%  (best 30.42 @ ep 4)  [6.0s]
  ep   8: R(t)=0.565  l1=0.424  l2=0.406  acc1=30.53%  acc2=32.00%  ens=31.26%  (best 31.26 @ ep 8)  [4.4s]
  ep   9: R(t)=0.539  l1=0.342  l2=0.343  acc1=32.40%  acc2=29.04%  ens=30.72%  (best 31.26 @ ep 8)  [4.2s]
  ep  10: R(t)=0.514  l1=0.260  l2=0.257  acc1=32.30%  acc2=28.37%  ens=30.34%  (best 31.26 @ ep 8)  [4.5s]
  ep  11: R(t)=0.514  l1=0.232  l2=0.223  acc1=33.00%  acc2=32.90%  ens=32.95%  (best 32.95 @ ep 11)  [4.2s]
  ep  12: R(t)=0.514  l1=0.254  l2=0.239  acc1=29.08%  acc2=27.92%  ens=28.50%  (best 32.95 @ ep 11)  [4.3s]
  ep  13: R(t)=0.514  l1=0.227  l2=0.231  acc1=28.13%  acc2=29.65%  ens=28.89%  (best 32.95 @ ep 11)  [4.5s]
  ep  14: R(t)=0.514  l1=0.223  l2=0.221  acc1=31.16%  acc2=31.26%  ens=31.21%  (best 32.95 @ ep 11)  [4.1s]
  ep  15: R(t)=0.514  l1=0.221  l2=0.212  acc1=29.45%  acc2=31.34%  ens=30.39%  (best 32.95 @ ep 11)  [4.3s]
  ep  16: R(t)=0.514  l1=0.219  l2=0.216  acc1=32.86%  acc2=32.64%  ens=32.75%  (best 32.95 @ ep 11)  [4.3s]
  ep  17: R(t)=0.514  l1=0.216  l2=0.214  acc1=31.55%  acc2=29.69%  ens=30.62%  (best 32.95 @ ep 11)  [4.3s]
  ep  18: R(t)=0.514  l1=0.214  l2=0.211  acc1=31.40%  acc2=32.22%  ens=31.81%  (best 32.95 @ ep 11)  [4.2s]
  ep  19: R(t)=0.514  l1=0.192  l2=0.196  acc1=33.14%  acc2=32.59%  ens=32.87%  (best 32.95 @ ep 11)  [4.4s]
  ep  20: R(t)=0.514  l1=0.216  l2=0.221  acc1=31.56%  acc2=29.74%  ens=30.65%  (best 32.95 @ ep 11)  [4.2s]
  ep  21: R(t)=0.514  l1=0.197  l2=0.200  acc1=31.33%  acc2=33.72%  ens=32.53%  (best 32.95 @ ep 11)  [7.9s]
  ep  22: R(t)=0.514  l1=0.184  l2=0.188  acc1=33.95%  acc2=31.93%  ens=32.94%  (best 32.95 @ ep 11)  [9.5s]
  ep  23: R(t)=0.514  l1=0.191  l2=0.194  acc1=31.14%  acc2=30.72%  ens=30.93%  (best 32.95 @ ep 11)  [4.3s]
  ep  24: R(t)=0.514  l1=0.180  l2=0.178  acc1=32.38%  acc2=31.52%  ens=31.95%  (best 32.95 @ ep 11)  [4.4s]
  ep  25: R(t)=0.514  l1=0.186  l2=0.187  acc1=33.79%  acc2=31.26%  ens=32.52%  (best 32.95 @ ep 11)  [4.4s]
  ep  26: R(t)=0.514  l1=0.169  l2=0.171  acc1=32.09%  acc2=32.69%  ens=32.39%  (best 32.95 @ ep 11)  [4.3s]
  ep  27: R(t)=0.514  l1=0.176  l2=0.180  acc1=33.52%  acc2=33.41%  ens=33.47%  (best 33.47 @ ep 27)  [4.4s]
  ep  28: R(t)=0.514  l1=0.179  l2=0.167  acc1=29.15%  acc2=30.32%  ens=29.73%  (best 33.47 @ ep 27)  [4.3s]
  ep  29: R(t)=0.514  l1=0.177  l2=0.173  acc1=30.04%  acc2=31.99%  ens=31.02%  (best 33.47 @ ep 27)  [4.4s]
  ep  30: R(t)=0.514  l1=0.165  l2=0.172  acc1=33.94%  acc2=34.12%  ens=34.03%  (best 34.03 @ ep 30)  [4.3s]
  ep  31: R(t)=0.514  l1=0.160  l2=0.159  acc1=30.43%  acc2=30.20%  ens=30.32%  (best 34.03 @ ep 30)  [4.3s]
  ep  32: R(t)=0.514  l1=0.160  l2=0.156  acc1=31.95%  acc2=32.92%  ens=32.44%  (best 34.03 @ ep 30)  [4.4s]
  ep  33: R(t)=0.514  l1=0.165  l2=0.165  acc1=31.97%  acc2=32.08%  ens=32.02%  (best 34.03 @ ep 30)  [4.4s]
  ep  34: R(t)=0.514  l1=0.141  l2=0.145  acc1=32.10%  acc2=34.21%  ens=33.16%  (best 34.03 @ ep 30)  [4.3s]
  ep  35: R(t)=0.514  l1=0.153  l2=0.150  acc1=33.19%  acc2=30.49%  ens=31.84%  (best 34.03 @ ep 30)  [4.3s]
  ep  36: R(t)=0.514  l1=0.148  l2=0.151  acc1=35.82%  acc2=36.14%  ens=35.98%  (best 35.98 @ ep 36)  [7.8s]
  ep  37: R(t)=0.514  l1=0.143  l2=0.148  acc1=34.30%  acc2=33.28%  ens=33.79%  (best 35.98 @ ep 36)  [9.5s]
  ep  38: R(t)=0.514  l1=0.144  l2=0.146  acc1=33.74%  acc2=34.93%  ens=34.34%  (best 35.98 @ ep 36)  [10.0s]
  ep  39: R(t)=0.514  l1=0.147  l2=0.147  acc1=32.20%  acc2=31.56%  ens=31.88%  (best 35.98 @ ep 36)  [9.6s]
  ep  40: R(t)=0.514  l1=0.159  l2=0.156  acc1=32.23%  acc2=32.54%  ens=32.38%  (best 35.98 @ ep 36)  [10.1s]
  ep  41: R(t)=0.514  l1=0.161  l2=0.155  acc1=33.97%  acc2=34.07%  ens=34.02%  (best 35.98 @ ep 36)  [10.1s]
  ep  42: R(t)=0.514  l1=0.142  l2=0.149  acc1=33.70%  acc2=33.95%  ens=33.83%  (best 35.98 @ ep 36)  [6.6s]
  ep  43: R(t)=0.514  l1=0.139  l2=0.142  acc1=33.97%  acc2=33.40%  ens=33.68%  (best 35.98 @ ep 36)  [4.4s]
  ep  44: R(t)=0.514  l1=0.154  l2=0.154  acc1=32.77%  acc2=32.66%  ens=32.71%  (best 35.98 @ ep 36)  [4.5s]
  ep  45: R(t)=0.514  l1=0.131  l2=0.123  acc1=33.24%  acc2=33.20%  ens=33.22%  (best 35.98 @ ep 36)  [4.2s]
  ep  46: R(t)=0.514  l1=0.124  l2=0.122  acc1=32.96%  acc2=35.95%  ens=34.46%  (best 35.98 @ ep 36)  [4.3s]
  ep  47: R(t)=0.514  l1=0.118  l2=0.120  acc1=36.02%  acc2=34.05%  ens=35.04%  (best 35.98 @ ep 36)  [4.1s]
  ep  48: R(t)=0.514  l1=0.121  l2=0.128  acc1=33.26%  acc2=34.73%  ens=33.99%  (best 35.98 @ ep 36)  [4.2s]
  ep  49: R(t)=0.514  l1=0.124  l2=0.129  acc1=34.42%  acc2=33.51%  ens=33.97%  (best 35.98 @ ep 36)  [4.5s]
  ep  50: R(t)=0.514  l1=0.138  l2=0.138  acc1=34.31%  acc2=34.09%  ens=34.20%  (best 35.98 @ ep 36)  [4.0s]
  ep  51: R(t)=0.514  l1=0.127  l2=0.121  acc1=33.31%  acc2=34.10%  ens=33.70%  (best 35.98 @ ep 36)  [4.4s]
  ep  52: R(t)=0.514  l1=0.137  l2=0.135  acc1=34.62%  acc2=32.64%  ens=33.63%  (best 35.98 @ ep 36)  [4.1s]
  ep  53: R(t)=0.514  l1=0.114  l2=0.121  acc1=33.63%  acc2=33.29%  ens=33.46%  (best 35.98 @ ep 36)  [4.3s]
  ep  54: R(t)=0.514  l1=0.099  l2=0.101  acc1=33.55%  acc2=35.26%  ens=34.41%  (best 35.98 @ ep 36)  [4.6s]
  ep  55: R(t)=0.514  l1=0.128  l2=0.123  acc1=33.08%  acc2=34.14%  ens=33.61%  (best 35.98 @ ep 36)  [4.3s]
  ep  56: R(t)=0.514  l1=0.118  l2=0.125  acc1=35.02%  acc2=34.64%  ens=34.83%  (best 35.98 @ ep 36)  [4.5s]
  ep  57: R(t)=0.514  l1=0.099  l2=0.103  acc1=34.56%  acc2=33.15%  ens=33.86%  (best 35.98 @ ep 36)  [9.8s]
  ep  58: R(t)=0.514  l1=0.106  l2=0.103  acc1=32.73%  acc2=33.31%  ens=33.02%  (best 35.98 @ ep 36)  [9.8s]
  ep  59: R(t)=0.514  l1=0.093  l2=0.091  acc1=34.25%  acc2=34.45%  ens=34.35%  (best 35.98 @ ep 36)  [10.3s]
  ep  60: R(t)=0.514  l1=0.091  l2=0.094  acc1=34.88%  acc2=34.53%  ens=34.70%  (best 35.98 @ ep 36)  [9.9s]
  ep  61: R(t)=0.514  l1=0.090  l2=0.090  acc1=33.23%  acc2=33.99%  ens=33.61%  (best 35.98 @ ep 36)  [10.1s]
  ep  62: R(t)=0.514  l1=0.102  l2=0.099  acc1=34.81%  acc2=33.12%  ens=33.97%  (best 35.98 @ ep 36)  [9.5s]
  ep  63: R(t)=0.514  l1=0.092  l2=0.094  acc1=35.94%  acc2=36.26%  ens=36.10%  (best 36.10 @ ep 63)  [9.6s]
  ep  64: R(t)=0.514  l1=0.085  l2=0.084  acc1=33.02%  acc2=32.88%  ens=32.95%  (best 36.10 @ ep 63)  [9.8s]
  ep  65: R(t)=0.514  l1=0.097  l2=0.092  acc1=34.55%  acc2=35.48%  ens=35.01%  (best 36.10 @ ep 63)  [9.0s]
  ep  66: R(t)=0.514  l1=0.100  l2=0.099  acc1=34.20%  acc2=34.31%  ens=34.26%  (best 36.10 @ ep 63)  [4.3s]
  ep  67: R(t)=0.514  l1=0.073  l2=0.074  acc1=33.18%  acc2=32.18%  ens=32.68%  (best 36.10 @ ep 63)  [4.5s]
  ep  68: R(t)=0.514  l1=0.077  l2=0.076  acc1=35.76%  acc2=35.16%  ens=35.46%  (best 36.10 @ ep 63)  [4.2s]
  ep  69: R(t)=0.514  l1=0.077  l2=0.078  acc1=34.12%  acc2=34.63%  ens=34.38%  (best 36.10 @ ep 63)  [4.4s]
  ep  70: R(t)=0.514  l1=0.082  l2=0.080  acc1=36.25%  acc2=36.49%  ens=36.37%  (best 36.37 @ ep 70)  [4.3s]
  ep  71: R(t)=0.514  l1=0.063  l2=0.068  acc1=34.45%  acc2=34.80%  ens=34.62%  (best 36.37 @ ep 70)  [4.3s]
  ep  72: R(t)=0.514  l1=0.059  l2=0.055  acc1=34.90%  acc2=35.03%  ens=34.97%  (best 36.37 @ ep 70)  [4.3s]
  ep  73: R(t)=0.514  l1=0.062  l2=0.062  acc1=35.38%  acc2=35.24%  ens=35.31%  (best 36.37 @ ep 70)  [4.4s]
  ep  74: R(t)=0.514  l1=0.077  l2=0.071  acc1=34.73%  acc2=34.92%  ens=34.83%  (best 36.37 @ ep 70)  [4.4s]
  ep  75: R(t)=0.514  l1=0.055  l2=0.051  acc1=35.91%  acc2=35.49%  ens=35.70%  (best 36.37 @ ep 70)  [4.3s]
  ep  76: R(t)=0.514  l1=0.062  l2=0.061  acc1=34.51%  acc2=34.58%  ens=34.55%  (best 36.37 @ ep 70)  [4.2s]
  ep  77: R(t)=0.514  l1=0.061  l2=0.061  acc1=36.26%  acc2=35.79%  ens=36.02%  (best 36.37 @ ep 70)  [4.3s]
  ep  78: R(t)=0.514  l1=0.067  l2=0.064  acc1=35.48%  acc2=35.51%  ens=35.49%  (best 36.37 @ ep 70)  [4.4s]
  ep  79: R(t)=0.514  l1=0.055  l2=0.055  acc1=36.11%  acc2=36.26%  ens=36.19%  (best 36.37 @ ep 70)  [6.6s]
  ep  80: R(t)=0.514  l1=0.050  l2=0.045  acc1=35.24%  acc2=34.58%  ens=34.91%  (best 36.37 @ ep 70)  [12.2s]
  ep  81: R(t)=0.514  l1=0.058  l2=0.055  acc1=36.30%  acc2=36.03%  ens=36.17%  (best 36.37 @ ep 70)  [11.2s]
  ep  82: R(t)=0.514  l1=0.047  l2=0.044  acc1=35.78%  acc2=35.66%  ens=35.72%  (best 36.37 @ ep 70)  [11.7s]
  ep  83: R(t)=0.514  l1=0.045  l2=0.043  acc1=34.82%  acc2=34.76%  ens=34.79%  (best 36.37 @ ep 70)  [4.5s]
  ep  84: R(t)=0.514  l1=0.041  l2=0.041  acc1=35.99%  acc2=35.42%  ens=35.70%  (best 36.37 @ ep 70)  [4.2s]
  ep  85: R(t)=0.514  l1=0.037  l2=0.038  acc1=35.88%  acc2=35.49%  ens=35.69%  (best 36.37 @ ep 70)  [4.4s]
  ep  86: R(t)=0.514  l1=0.043  l2=0.042  acc1=35.63%  acc2=35.80%  ens=35.71%  (best 36.37 @ ep 70)  [4.3s]
  ep  87: R(t)=0.514  l1=0.045  l2=0.045  acc1=36.05%  acc2=35.88%  ens=35.97%  (best 36.37 @ ep 70)  [4.2s]
  ep  88: R(t)=0.514  l1=0.046  l2=0.047  acc1=36.02%  acc2=35.94%  ens=35.98%  (best 36.37 @ ep 70)  [4.2s]
  ep  89: R(t)=0.514  l1=0.035  l2=0.033  acc1=35.69%  acc2=35.55%  ens=35.62%  (best 36.37 @ ep 70)  [4.3s]
  ep  90: R(t)=0.514  l1=0.047  l2=0.047  acc1=35.63%  acc2=35.61%  ens=35.62%  (best 36.37 @ ep 70)  [4.3s]
  ep  91: R(t)=0.514  l1=0.035  l2=0.035  acc1=35.84%  acc2=35.83%  ens=35.84%  (best 36.37 @ ep 70)  [4.3s]
  ep  92: R(t)=0.514  l1=0.047  l2=0.046  acc1=35.83%  acc2=35.79%  ens=35.81%  (best 36.37 @ ep 70)  [4.3s]
  ep  93: R(t)=0.514  l1=0.032  l2=0.030  acc1=35.78%  acc2=35.62%  ens=35.70%  (best 36.37 @ ep 70)  [4.2s]
  ep  94: R(t)=0.514  l1=0.035  l2=0.035  acc1=35.66%  acc2=35.63%  ens=35.64%  (best 36.37 @ ep 70)  [4.4s]
  ep  95: R(t)=0.514  l1=0.060  l2=0.059  acc1=35.77%  acc2=35.65%  ens=35.71%  (best 36.37 @ ep 70)  [4.4s]
  ep  96: R(t)=0.514  l1=0.042  l2=0.042  acc1=36.09%  acc2=36.08%  ens=36.09%  (best 36.37 @ ep 70)  [4.4s]
  ep  97: R(t)=0.514  l1=0.045  l2=0.045  acc1=36.08%  acc2=35.99%  ens=36.04%  (best 36.37 @ ep 70)  [5.1s]
  ep  98: R(t)=0.514  l1=0.030  l2=0.030  acc1=36.00%  acc2=35.90%  ens=35.95%  (best 36.37 @ ep 70)  [10.5s]
  ep  99: R(t)=0.514  l1=0.040  l2=0.038  acc1=36.16%  acc2=36.15%  ens=36.16%  (best 36.37 @ ep 70)  [10.9s]

saved /path/to/ciln-workspace/journal_edition/robustness_transfer/results_v3/coteaching/ours__impulse_noise_sev5__seed1.json: best ens-acc 36.37% @ ep 70
