/path/to/ciln-workspace/venv/lib/python3.12/site-packages/torchvision/datasets/cifar.py:83: VisibleDeprecationWarning: dtype(): align should be passed as Python or NumPy boolean but got `align=0`. Did you mean to pass a tuple to create a subarray type? (Deprecated NumPy 2.4)
  entry = pickle.load(f, encoding="latin1")
condition=ours__elastic_transform_sev3 seed=1 gpu=1
  ep   0: R(t)=1.000  l1=1.793  l2=1.792  acc1=29.33%  acc2=26.30%  ens=27.82%  (best 27.82 @ ep 0)  [5.2s]
  ep   1: R(t)=0.963  l1=1.331  l2=1.331  acc1=35.30%  acc2=39.22%  ens=37.26%  (best 37.26 @ ep 1)  [4.3s]
  ep   2: R(t)=0.948  l1=1.099  l2=1.078  acc1=44.22%  acc2=46.08%  ens=45.15%  (best 45.15 @ ep 2)  [4.2s]
  ep   3: R(t)=0.936  l1=0.949  l2=0.893  acc1=42.72%  acc2=46.42%  ens=44.57%  (best 45.15 @ ep 2)  [4.3s]
  ep   4: R(t)=0.926  l1=0.797  l2=0.759  acc1=52.84%  acc2=49.87%  ens=51.35%  (best 51.35 @ ep 4)  [4.4s]
  ep   5: R(t)=0.918  l1=0.666  l2=0.632  acc1=51.57%  acc2=54.11%  ens=52.84%  (best 52.84 @ ep 5)  [4.5s]
  ep   6: R(t)=0.910  l1=0.563  l2=0.538  acc1=48.55%  acc2=53.86%  ens=51.20%  (best 52.84 @ ep 5)  [4.5s]
  ep   7: R(t)=0.903  l1=0.513  l2=0.481  acc1=55.99%  acc2=57.66%  ens=56.82%  (best 56.82 @ ep 7)  [4.2s]
  ep   8: R(t)=0.896  l1=0.438  l2=0.425  acc1=52.94%  acc2=53.88%  ens=53.41%  (best 56.82 @ ep 7)  [6.2s]
  ep   9: R(t)=0.890  l1=0.392  l2=0.376  acc1=55.56%  acc2=52.86%  ens=54.21%  (best 56.82 @ ep 7)  [10.5s]
  ep  10: R(t)=0.884  l1=0.343  l2=0.332  acc1=56.07%  acc2=61.56%  ens=58.81%  (best 58.81 @ ep 10)  [13.2s]
  ep  11: R(t)=0.884  l1=0.329  l2=0.319  acc1=62.62%  acc2=62.19%  ens=62.41%  (best 62.41 @ ep 11)  [3.9s]
  ep  12: R(t)=0.884  l1=0.314  l2=0.299  acc1=55.32%  acc2=57.78%  ens=56.55%  (best 62.41 @ ep 11)  [4.2s]
  ep  13: R(t)=0.884  l1=0.303  l2=0.297  acc1=61.21%  acc2=61.86%  ens=61.54%  (best 62.41 @ ep 11)  [4.4s]
  ep  14: R(t)=0.884  l1=0.270  l2=0.275  acc1=62.18%  acc2=62.27%  ens=62.22%  (best 62.41 @ ep 11)  [4.3s]
  ep  15: R(t)=0.884  l1=0.265  l2=0.270  acc1=62.71%  acc2=62.67%  ens=62.69%  (best 62.69 @ ep 15)  [4.3s]
  ep  16: R(t)=0.884  l1=0.258  l2=0.271  acc1=58.10%  acc2=59.89%  ens=58.99%  (best 62.69 @ ep 15)  [4.5s]
  ep  17: R(t)=0.884  l1=0.255  l2=0.251  acc1=61.66%  acc2=63.18%  ens=62.42%  (best 62.69 @ ep 15)  [4.1s]
  ep  18: R(t)=0.884  l1=0.254  l2=0.255  acc1=61.27%  acc2=62.47%  ens=61.87%  (best 62.69 @ ep 15)  [4.3s]
  ep  19: R(t)=0.884  l1=0.234  l2=0.227  acc1=63.75%  acc2=64.72%  ens=64.23%  (best 64.23 @ ep 19)  [4.4s]
  ep  20: R(t)=0.884  l1=0.235  l2=0.234  acc1=57.56%  acc2=62.89%  ens=60.22%  (best 64.23 @ ep 19)  [4.1s]
  ep  21: R(t)=0.884  l1=0.223  l2=0.222  acc1=64.61%  acc2=66.89%  ens=65.75%  (best 65.75 @ ep 21)  [4.3s]
  ep  22: R(t)=0.884  l1=0.197  l2=0.193  acc1=59.99%  acc2=64.35%  ens=62.17%  (best 65.75 @ ep 21)  [4.5s]
  ep  23: R(t)=0.884  l1=0.210  l2=0.207  acc1=67.35%  acc2=64.23%  ens=65.79%  (best 65.79 @ ep 23)  [4.3s]
  ep  24: R(t)=0.884  l1=0.195  l2=0.205  acc1=64.99%  acc2=64.32%  ens=64.66%  (best 65.79 @ ep 23)  [4.4s]
  ep  25: R(t)=0.884  l1=0.206  l2=0.206  acc1=63.71%  acc2=63.18%  ens=63.44%  (best 65.79 @ ep 23)  [5.9s]
  ep  26: R(t)=0.884  l1=0.192  l2=0.194  acc1=58.87%  acc2=60.63%  ens=59.75%  (best 65.79 @ ep 23)  [9.4s]
  ep  27: R(t)=0.884  l1=0.182  l2=0.187  acc1=60.75%  acc2=56.33%  ens=58.54%  (best 65.79 @ ep 23)  [9.7s]
  ep  28: R(t)=0.884  l1=0.186  l2=0.184  acc1=67.13%  acc2=65.26%  ens=66.20%  (best 66.20 @ ep 28)  [9.4s]
  ep  29: R(t)=0.884  l1=0.198  l2=0.198  acc1=58.60%  acc2=67.38%  ens=62.99%  (best 66.20 @ ep 28)  [9.7s]
  ep  30: R(t)=0.884  l1=0.176  l2=0.178  acc1=63.94%  acc2=69.31%  ens=66.62%  (best 66.62 @ ep 30)  [9.9s]
  ep  31: R(t)=0.884  l1=0.176  l2=0.179  acc1=60.05%  acc2=66.66%  ens=63.36%  (best 66.62 @ ep 30)  [10.2s]
  ep  32: R(t)=0.884  l1=0.179  l2=0.169  acc1=62.32%  acc2=62.03%  ens=62.18%  (best 66.62 @ ep 30)  [9.7s]
  ep  33: R(t)=0.884  l1=0.173  l2=0.179  acc1=64.24%  acc2=66.99%  ens=65.61%  (best 66.62 @ ep 30)  [9.4s]
  ep  34: R(t)=0.884  l1=0.172  l2=0.174  acc1=67.51%  acc2=67.17%  ens=67.34%  (best 67.34 @ ep 34)  [9.0s]
  ep  35: R(t)=0.884  l1=0.146  l2=0.157  acc1=64.44%  acc2=63.02%  ens=63.73%  (best 67.34 @ ep 34)  [4.4s]
  ep  36: R(t)=0.884  l1=0.175  l2=0.174  acc1=63.56%  acc2=65.64%  ens=64.60%  (best 67.34 @ ep 34)  [4.5s]
  ep  37: R(t)=0.884  l1=0.151  l2=0.163  acc1=62.52%  acc2=64.11%  ens=63.31%  (best 67.34 @ ep 34)  [4.3s]
  ep  38: R(t)=0.884  l1=0.154  l2=0.143  acc1=67.84%  acc2=69.13%  ens=68.48%  (best 68.48 @ ep 38)  [4.2s]
  ep  39: R(t)=0.884  l1=0.135  l2=0.142  acc1=67.33%  acc2=66.99%  ens=67.16%  (best 68.48 @ ep 38)  [4.2s]
  ep  40: R(t)=0.884  l1=0.148  l2=0.145  acc1=69.49%  acc2=65.59%  ens=67.54%  (best 68.48 @ ep 38)  [4.5s]
  ep  41: R(t)=0.884  l1=0.130  l2=0.131  acc1=65.68%  acc2=67.56%  ens=66.62%  (best 68.48 @ ep 38)  [4.5s]
  ep  42: R(t)=0.884  l1=0.130  l2=0.126  acc1=68.59%  acc2=67.81%  ens=68.20%  (best 68.48 @ ep 38)  [4.2s]
  ep  43: R(t)=0.884  l1=0.137  l2=0.149  acc1=70.15%  acc2=61.85%  ens=66.00%  (best 68.48 @ ep 38)  [4.2s]
  ep  44: R(t)=0.884  l1=0.128  l2=0.134  acc1=68.50%  acc2=66.27%  ens=67.39%  (best 68.48 @ ep 38)  [4.2s]
  ep  45: R(t)=0.884  l1=0.127  l2=0.135  acc1=68.82%  acc2=70.26%  ens=69.54%  (best 69.54 @ ep 45)  [4.3s]
  ep  46: R(t)=0.884  l1=0.113  l2=0.117  acc1=69.89%  acc2=65.97%  ens=67.93%  (best 69.54 @ ep 45)  [4.4s]
  ep  47: R(t)=0.884  l1=0.115  l2=0.114  acc1=68.29%  acc2=68.46%  ens=68.38%  (best 69.54 @ ep 45)  [4.5s]
  ep  48: R(t)=0.884  l1=0.118  l2=0.117  acc1=70.61%  acc2=70.71%  ens=70.66%  (best 70.66 @ ep 48)  [4.3s]
  ep  49: R(t)=0.884  l1=0.111  l2=0.113  acc1=67.65%  acc2=67.11%  ens=67.38%  (best 70.66 @ ep 48)  [8.9s]
  ep  50: R(t)=0.884  l1=0.112  l2=0.107  acc1=71.79%  acc2=72.47%  ens=72.13%  (best 72.13 @ ep 50)  [9.6s]
  ep  51: R(t)=0.884  l1=0.103  l2=0.106  acc1=67.69%  acc2=67.79%  ens=67.74%  (best 72.13 @ ep 50)  [9.7s]
  ep  52: R(t)=0.884  l1=0.113  l2=0.116  acc1=68.90%  acc2=66.73%  ens=67.81%  (best 72.13 @ ep 50)  [9.4s]
  ep  53: R(t)=0.884  l1=0.093  l2=0.100  acc1=71.87%  acc2=70.04%  ens=70.95%  (best 72.13 @ ep 50)  [9.8s]
  ep  54: R(t)=0.884  l1=0.082  l2=0.085  acc1=71.42%  acc2=71.66%  ens=71.54%  (best 72.13 @ ep 50)  [9.7s]
  ep  55: R(t)=0.884  l1=0.087  l2=0.093  acc1=69.21%  acc2=71.01%  ens=70.11%  (best 72.13 @ ep 50)  [9.7s]
  ep  56: R(t)=0.884  l1=0.094  l2=0.090  acc1=68.47%  acc2=69.75%  ens=69.11%  (best 72.13 @ ep 50)  [9.9s]
  ep  57: R(t)=0.884  l1=0.085  l2=0.084  acc1=70.16%  acc2=69.86%  ens=70.01%  (best 72.13 @ ep 50)  [9.4s]
  ep  58: R(t)=0.884  l1=0.079  l2=0.082  acc1=70.73%  acc2=70.30%  ens=70.52%  (best 72.13 @ ep 50)  [7.1s]
  ep  59: R(t)=0.884  l1=0.080  l2=0.081  acc1=69.82%  acc2=70.95%  ens=70.39%  (best 72.13 @ ep 50)  [4.3s]
  ep  60: R(t)=0.884  l1=0.078  l2=0.073  acc1=70.81%  acc2=72.45%  ens=71.63%  (best 72.13 @ ep 50)  [4.4s]
  ep  61: R(t)=0.884  l1=0.071  l2=0.070  acc1=71.48%  acc2=70.48%  ens=70.98%  (best 72.13 @ ep 50)  [4.2s]
  ep  62: R(t)=0.884  l1=0.064  l2=0.067  acc1=71.88%  acc2=70.74%  ens=71.31%  (best 72.13 @ ep 50)  [4.3s]
  ep  63: R(t)=0.884  l1=0.051  l2=0.053  acc1=71.87%  acc2=73.86%  ens=72.87%  (best 72.87 @ ep 63)  [4.2s]
  ep  64: R(t)=0.884  l1=0.060  l2=0.060  acc1=73.29%  acc2=71.06%  ens=72.17%  (best 72.87 @ ep 63)  [4.3s]
  ep  65: R(t)=0.884  l1=0.066  l2=0.068  acc1=73.03%  acc2=71.86%  ens=72.45%  (best 72.87 @ ep 63)  [4.2s]
  ep  66: R(t)=0.884  l1=0.053  l2=0.053  acc1=72.18%  acc2=72.43%  ens=72.30%  (best 72.87 @ ep 63)  [4.4s]
  ep  67: R(t)=0.884  l1=0.048  l2=0.050  acc1=72.68%  acc2=71.74%  ens=72.21%  (best 72.87 @ ep 63)  [4.3s]
  ep  68: R(t)=0.884  l1=0.042  l2=0.048  acc1=73.49%  acc2=73.23%  ens=73.36%  (best 73.36 @ ep 68)  [4.2s]
  ep  69: R(t)=0.884  l1=0.047  l2=0.046  acc1=72.90%  acc2=73.15%  ens=73.03%  (best 73.36 @ ep 68)  [4.3s]
  ep  70: R(t)=0.884  l1=0.035  l2=0.034  acc1=72.25%  acc2=73.83%  ens=73.04%  (best 73.36 @ ep 68)  [4.2s]
  ep  71: R(t)=0.884  l1=0.031  l2=0.033  acc1=72.61%  acc2=73.19%  ens=72.90%  (best 73.36 @ ep 68)  [4.3s]
  ep  72: R(t)=0.884  l1=0.043  l2=0.043  acc1=72.92%  acc2=72.78%  ens=72.85%  (best 73.36 @ ep 68)  [4.8s]
  ep  73: R(t)=0.884  l1=0.048  l2=0.047  acc1=74.70%  acc2=74.65%  ens=74.67%  (best 74.67 @ ep 73)  [10.7s]
  ep  74: R(t)=0.884  l1=0.032  l2=0.028  acc1=74.21%  acc2=74.27%  ens=74.24%  (best 74.67 @ ep 73)  [11.8s]
  ep  75: R(t)=0.884  l1=0.036  l2=0.033  acc1=73.84%  acc2=73.25%  ens=73.54%  (best 74.67 @ ep 73)  [11.0s]
  ep  76: R(t)=0.884  l1=0.030  l2=0.028  acc1=74.42%  acc2=74.34%  ens=74.38%  (best 74.67 @ ep 73)  [11.1s]
  ep  77: R(t)=0.884  l1=0.028  l2=0.031  acc1=74.46%  acc2=73.77%  ens=74.11%  (best 74.67 @ ep 73)  [10.2s]
  ep  78: R(t)=0.884  l1=0.027  l2=0.029  acc1=74.83%  acc2=74.38%  ens=74.61%  (best 74.67 @ ep 73)  [5.5s]
  ep  79: R(t)=0.884  l1=0.025  l2=0.026  acc1=74.04%  acc2=74.85%  ens=74.45%  (best 74.67 @ ep 73)  [4.3s]
  ep  80: R(t)=0.884  l1=0.022  l2=0.024  acc1=74.70%  acc2=75.11%  ens=74.91%  (best 74.91 @ ep 80)  [4.3s]
  ep  81: R(t)=0.884  l1=0.018  l2=0.020  acc1=74.98%  acc2=74.73%  ens=74.86%  (best 74.91 @ ep 80)  [4.5s]
  ep  82: R(t)=0.884  l1=0.017  l2=0.019  acc1=74.73%  acc2=75.04%  ens=74.89%  (best 74.91 @ ep 80)  [4.5s]
  ep  83: R(t)=0.884  l1=0.023  l2=0.022  acc1=74.34%  acc2=74.67%  ens=74.50%  (best 74.91 @ ep 80)  [4.5s]
  ep  84: R(t)=0.884  l1=0.017  l2=0.018  acc1=74.58%  acc2=75.13%  ens=74.86%  (best 74.91 @ ep 80)  [4.4s]
  ep  85: R(t)=0.884  l1=0.016  l2=0.016  acc1=74.15%  acc2=74.95%  ens=74.55%  (best 74.91 @ ep 80)  [4.5s]
  ep  86: R(t)=0.884  l1=0.014  l2=0.013  acc1=74.53%  acc2=74.91%  ens=74.72%  (best 74.91 @ ep 80)  [4.3s]
  ep  87: R(t)=0.884  l1=0.014  l2=0.015  acc1=74.61%  acc2=74.98%  ens=74.80%  (best 74.91 @ ep 80)  [4.3s]
  ep  88: R(t)=0.884  l1=0.013  l2=0.013  acc1=74.88%  acc2=75.28%  ens=75.08%  (best 75.08 @ ep 88)  [4.3s]
  ep  89: R(t)=0.884  l1=0.018  l2=0.017  acc1=74.67%  acc2=74.96%  ens=74.82%  (best 75.08 @ ep 88)  [4.5s]
  ep  90: R(t)=0.884  l1=0.016  l2=0.017  acc1=74.75%  acc2=75.21%  ens=74.98%  (best 75.08 @ ep 88)  [4.4s]
  ep  91: R(t)=0.884  l1=0.014  l2=0.014  acc1=74.77%  acc2=74.99%  ens=74.88%  (best 75.08 @ ep 88)  [4.5s]
  ep  92: R(t)=0.884  l1=0.012  l2=0.011  acc1=74.90%  acc2=75.17%  ens=75.04%  (best 75.08 @ ep 88)  [10.1s]
  ep  93: R(t)=0.884  l1=0.014  l2=0.013  acc1=74.90%  acc2=75.21%  ens=75.06%  (best 75.08 @ ep 88)  [11.1s]
  ep  94: R(t)=0.884  l1=0.017  l2=0.016  acc1=74.78%  acc2=75.22%  ens=75.00%  (best 75.08 @ ep 88)  [10.7s]
  ep  95: R(t)=0.884  l1=0.011  l2=0.012  acc1=74.60%  acc2=75.14%  ens=74.87%  (best 75.08 @ ep 88)  [10.4s]
  ep  96: R(t)=0.884  l1=0.017  l2=0.017  acc1=74.76%  acc2=75.11%  ens=74.94%  (best 75.08 @ ep 88)  [11.8s]
  ep  97: R(t)=0.884  l1=0.012  l2=0.011  acc1=74.67%  acc2=75.10%  ens=74.89%  (best 75.08 @ ep 88)  [10.7s]
  ep  98: R(t)=0.884  l1=0.016  l2=0.016  acc1=74.68%  acc2=75.19%  ens=74.94%  (best 75.08 @ ep 88)  [10.2s]
  ep  99: R(t)=0.884  l1=0.012  l2=0.011  acc1=74.81%  acc2=75.35%  ens=75.08%  (best 75.08 @ ep 88)  [11.6s]

saved /path/to/ciln-workspace/journal_edition/robustness_transfer/results_v3/coteaching/ours__elastic_transform_sev3__seed1.json: best ens-acc 75.08% @ ep 88
