/path/to/ciln-workspace/venv/lib/python3.12/site-packages/torchvision/datasets/cifar.py:83: VisibleDeprecationWarning: dtype(): align should be passed as Python or NumPy boolean but got `align=0`. Did you mean to pass a tuple to create a subarray type? (Deprecated NumPy 2.4)
  entry = pickle.load(f, encoding="latin1")
condition=ours__impulse_noise_sev3 seed=2 gpu=2
  ep   0: R(t)=1.000  l1=1.792  l2=1.823  acc1=29.29%  acc2=28.96%  ens=29.12%  (best 29.12 @ ep 0)  [5.2s]
  ep   1: R(t)=0.930  l1=1.315  l2=1.347  acc1=35.99%  acc2=35.01%  ens=35.50%  (best 35.50 @ ep 1)  [4.2s]
  ep   2: R(t)=0.901  l1=1.108  l2=1.104  acc1=37.96%  acc2=38.77%  ens=38.37%  (best 38.37 @ ep 2)  [4.1s]
  ep   3: R(t)=0.879  l1=0.934  l2=0.934  acc1=41.73%  acc2=41.89%  ens=41.81%  (best 41.81 @ ep 3)  [4.4s]
  ep   4: R(t)=0.860  l1=0.802  l2=0.805  acc1=37.28%  acc2=42.86%  ens=40.07%  (best 41.81 @ ep 3)  [4.2s]
  ep   5: R(t)=0.844  l1=0.666  l2=0.682  acc1=42.49%  acc2=46.97%  ens=44.73%  (best 44.73 @ ep 5)  [4.3s]
  ep   6: R(t)=0.829  l1=0.614  l2=0.616  acc1=43.95%  acc2=45.19%  ens=44.57%  (best 44.73 @ ep 5)  [4.4s]
  ep   7: R(t)=0.815  l1=0.524  l2=0.522  acc1=51.15%  acc2=44.19%  ens=47.67%  (best 47.67 @ ep 7)  [4.2s]
  ep   8: R(t)=0.802  l1=0.501  l2=0.501  acc1=50.57%  acc2=47.53%  ens=49.05%  (best 49.05 @ ep 8)  [4.3s]
  ep   9: R(t)=0.790  l1=0.426  l2=0.407  acc1=50.90%  acc2=52.58%  ens=51.74%  (best 51.74 @ ep 9)  [4.3s]
  ep  10: R(t)=0.779  l1=0.374  l2=0.366  acc1=55.04%  acc2=55.90%  ens=55.47%  (best 55.47 @ ep 10)  [4.2s]
  ep  11: R(t)=0.779  l1=0.351  l2=0.356  acc1=54.95%  acc2=52.80%  ens=53.88%  (best 55.47 @ ep 10)  [4.3s]
  ep  12: R(t)=0.779  l1=0.352  l2=0.349  acc1=53.04%  acc2=56.44%  ens=54.74%  (best 55.47 @ ep 10)  [4.2s]
  ep  13: R(t)=0.779  l1=0.331  l2=0.334  acc1=52.01%  acc2=53.81%  ens=52.91%  (best 55.47 @ ep 10)  [9.8s]
  ep  14: R(t)=0.779  l1=0.339  l2=0.323  acc1=57.43%  acc2=55.88%  ens=56.66%  (best 56.66 @ ep 14)  [12.8s]
  ep  15: R(t)=0.779  l1=0.290  l2=0.296  acc1=51.69%  acc2=55.42%  ens=53.55%  (best 56.66 @ ep 14)  [10.3s]
  ep  16: R(t)=0.779  l1=0.305  l2=0.304  acc1=56.90%  acc2=58.11%  ens=57.50%  (best 57.50 @ ep 16)  [9.2s]
  ep  17: R(t)=0.779  l1=0.280  l2=0.283  acc1=59.30%  acc2=53.09%  ens=56.19%  (best 57.50 @ ep 16)  [4.3s]
  ep  18: R(t)=0.779  l1=0.269  l2=0.273  acc1=49.02%  acc2=58.54%  ens=53.78%  (best 57.50 @ ep 16)  [4.4s]
  ep  19: R(t)=0.779  l1=0.263  l2=0.268  acc1=57.40%  acc2=55.35%  ens=56.38%  (best 57.50 @ ep 16)  [4.3s]
  ep  20: R(t)=0.779  l1=0.268  l2=0.273  acc1=56.21%  acc2=58.89%  ens=57.55%  (best 57.55 @ ep 20)  [4.2s]
  ep  21: R(t)=0.779  l1=0.278  l2=0.267  acc1=47.43%  acc2=50.29%  ens=48.86%  (best 57.55 @ ep 20)  [4.4s]
  ep  22: R(t)=0.779  l1=0.258  l2=0.268  acc1=45.46%  acc2=53.33%  ens=49.40%  (best 57.55 @ ep 20)  [4.3s]
  ep  23: R(t)=0.779  l1=0.254  l2=0.251  acc1=53.23%  acc2=59.24%  ens=56.23%  (best 57.55 @ ep 20)  [4.3s]
  ep  24: R(t)=0.779  l1=0.243  l2=0.249  acc1=60.64%  acc2=59.94%  ens=60.29%  (best 60.29 @ ep 24)  [4.3s]
  ep  25: R(t)=0.779  l1=0.222  l2=0.221  acc1=62.17%  acc2=59.89%  ens=61.03%  (best 61.03 @ ep 25)  [4.3s]
  ep  26: R(t)=0.779  l1=0.241  l2=0.237  acc1=52.98%  acc2=58.18%  ens=55.58%  (best 61.03 @ ep 25)  [4.4s]
  ep  27: R(t)=0.779  l1=0.246  l2=0.236  acc1=58.94%  acc2=60.55%  ens=59.75%  (best 61.03 @ ep 25)  [4.3s]
  ep  28: R(t)=0.779  l1=0.230  l2=0.223  acc1=59.57%  acc2=56.24%  ens=57.91%  (best 61.03 @ ep 25)  [4.3s]
  ep  29: R(t)=0.779  l1=0.215  l2=0.203  acc1=57.92%  acc2=59.08%  ens=58.50%  (best 61.03 @ ep 25)  [4.3s]
  ep  30: R(t)=0.779  l1=0.222  l2=0.225  acc1=59.12%  acc2=54.48%  ens=56.80%  (best 61.03 @ ep 25)  [4.4s]
  ep  31: R(t)=0.779  l1=0.213  l2=0.212  acc1=58.93%  acc2=57.56%  ens=58.25%  (best 61.03 @ ep 25)  [5.3s]
  ep  32: R(t)=0.779  l1=0.222  l2=0.212  acc1=57.23%  acc2=63.00%  ens=60.12%  (best 61.03 @ ep 25)  [9.2s]
  ep  33: R(t)=0.779  l1=0.202  l2=0.204  acc1=62.05%  acc2=58.72%  ens=60.38%  (best 61.03 @ ep 25)  [9.4s]
  ep  34: R(t)=0.779  l1=0.200  l2=0.207  acc1=57.65%  acc2=63.82%  ens=60.74%  (best 61.03 @ ep 25)  [10.1s]
  ep  35: R(t)=0.779  l1=0.197  l2=0.188  acc1=60.19%  acc2=59.95%  ens=60.07%  (best 61.03 @ ep 25)  [9.0s]
  ep  36: R(t)=0.779  l1=0.198  l2=0.195  acc1=59.50%  acc2=59.14%  ens=59.32%  (best 61.03 @ ep 25)  [7.5s]
  ep  37: R(t)=0.779  l1=0.182  l2=0.194  acc1=59.86%  acc2=61.16%  ens=60.51%  (best 61.03 @ ep 25)  [4.2s]
  ep  38: R(t)=0.779  l1=0.192  l2=0.189  acc1=63.77%  acc2=61.52%  ens=62.64%  (best 62.64 @ ep 38)  [4.2s]
  ep  39: R(t)=0.779  l1=0.183  l2=0.179  acc1=62.07%  acc2=59.57%  ens=60.82%  (best 62.64 @ ep 38)  [4.3s]
  ep  40: R(t)=0.779  l1=0.182  l2=0.172  acc1=58.00%  acc2=62.08%  ens=60.04%  (best 62.64 @ ep 38)  [4.1s]
  ep  41: R(t)=0.779  l1=0.176  l2=0.176  acc1=59.25%  acc2=60.79%  ens=60.02%  (best 62.64 @ ep 38)  [4.2s]
  ep  42: R(t)=0.779  l1=0.174  l2=0.175  acc1=62.94%  acc2=61.74%  ens=62.34%  (best 62.64 @ ep 38)  [4.2s]
  ep  43: R(t)=0.779  l1=0.170  l2=0.166  acc1=65.00%  acc2=62.68%  ens=63.84%  (best 63.84 @ ep 43)  [4.3s]
  ep  44: R(t)=0.779  l1=0.160  l2=0.165  acc1=59.33%  acc2=61.47%  ens=60.40%  (best 63.84 @ ep 43)  [4.1s]
  ep  45: R(t)=0.779  l1=0.155  l2=0.150  acc1=65.21%  acc2=65.23%  ens=65.22%  (best 65.22 @ ep 45)  [4.2s]
  ep  46: R(t)=0.779  l1=0.155  l2=0.160  acc1=62.02%  acc2=62.72%  ens=62.37%  (best 65.22 @ ep 45)  [4.3s]
  ep  47: R(t)=0.779  l1=0.146  l2=0.153  acc1=64.27%  acc2=62.19%  ens=63.23%  (best 65.22 @ ep 45)  [4.3s]
  ep  48: R(t)=0.779  l1=0.161  l2=0.157  acc1=62.08%  acc2=62.84%  ens=62.46%  (best 65.22 @ ep 45)  [4.3s]
  ep  49: R(t)=0.779  l1=0.147  l2=0.143  acc1=62.56%  acc2=66.07%  ens=64.31%  (best 65.22 @ ep 45)  [4.4s]
  ep  50: R(t)=0.779  l1=0.130  l2=0.129  acc1=65.64%  acc2=62.29%  ens=63.97%  (best 65.22 @ ep 45)  [4.3s]
  ep  51: R(t)=0.779  l1=0.142  l2=0.142  acc1=65.76%  acc2=63.15%  ens=64.45%  (best 65.22 @ ep 45)  [8.4s]
  ep  52: R(t)=0.779  l1=0.134  l2=0.128  acc1=64.50%  acc2=62.06%  ens=63.28%  (best 65.22 @ ep 45)  [10.1s]
  ep  53: R(t)=0.779  l1=0.132  l2=0.133  acc1=65.03%  acc2=64.54%  ens=64.78%  (best 65.22 @ ep 45)  [12.2s]
  ep  54: R(t)=0.779  l1=0.137  l2=0.134  acc1=61.95%  acc2=63.26%  ens=62.60%  (best 65.22 @ ep 45)  [9.8s]
  ep  55: R(t)=0.779  l1=0.115  l2=0.109  acc1=62.73%  acc2=63.04%  ens=62.88%  (best 65.22 @ ep 45)  [6.9s]
  ep  56: R(t)=0.779  l1=0.116  l2=0.116  acc1=65.48%  acc2=66.01%  ens=65.75%  (best 65.75 @ ep 56)  [4.2s]
  ep  57: R(t)=0.779  l1=0.114  l2=0.106  acc1=63.34%  acc2=67.12%  ens=65.23%  (best 65.75 @ ep 56)  [4.1s]
  ep  58: R(t)=0.779  l1=0.109  l2=0.105  acc1=62.41%  acc2=66.63%  ens=64.52%  (best 65.75 @ ep 56)  [4.3s]
  ep  59: R(t)=0.779  l1=0.104  l2=0.102  acc1=64.95%  acc2=65.09%  ens=65.02%  (best 65.75 @ ep 56)  [4.3s]
  ep  60: R(t)=0.779  l1=0.106  l2=0.107  acc1=67.01%  acc2=66.90%  ens=66.96%  (best 66.96 @ ep 60)  [4.2s]
  ep  61: R(t)=0.779  l1=0.105  l2=0.103  acc1=67.92%  acc2=64.78%  ens=66.35%  (best 66.96 @ ep 60)  [4.4s]
  ep  62: R(t)=0.779  l1=0.100  l2=0.096  acc1=63.78%  acc2=66.10%  ens=64.94%  (best 66.96 @ ep 60)  [4.3s]
  ep  63: R(t)=0.779  l1=0.091  l2=0.094  acc1=65.51%  acc2=67.79%  ens=66.65%  (best 66.96 @ ep 60)  [4.3s]
  ep  64: R(t)=0.779  l1=0.093  l2=0.088  acc1=65.52%  acc2=64.77%  ens=65.15%  (best 66.96 @ ep 60)  [4.4s]
  ep  65: R(t)=0.779  l1=0.092  l2=0.086  acc1=65.01%  acc2=64.74%  ens=64.88%  (best 66.96 @ ep 60)  [4.1s]
  ep  66: R(t)=0.779  l1=0.069  l2=0.068  acc1=65.48%  acc2=66.70%  ens=66.09%  (best 66.96 @ ep 60)  [4.2s]
  ep  67: R(t)=0.779  l1=0.071  l2=0.068  acc1=64.70%  acc2=65.81%  ens=65.25%  (best 66.96 @ ep 60)  [4.3s]
  ep  68: R(t)=0.779  l1=0.083  l2=0.079  acc1=67.03%  acc2=68.15%  ens=67.59%  (best 67.59 @ ep 68)  [4.1s]
  ep  69: R(t)=0.779  l1=0.072  l2=0.071  acc1=65.37%  acc2=65.45%  ens=65.41%  (best 67.59 @ ep 68)  [4.2s]
  ep  70: R(t)=0.779  l1=0.073  l2=0.069  acc1=68.06%  acc2=68.61%  ens=68.34%  (best 68.34 @ ep 70)  [10.1s]
  ep  71: R(t)=0.779  l1=0.062  l2=0.060  acc1=68.04%  acc2=67.39%  ens=67.72%  (best 68.34 @ ep 70)  [10.1s]
  ep  72: R(t)=0.779  l1=0.064  l2=0.061  acc1=67.61%  acc2=66.68%  ens=67.14%  (best 68.34 @ ep 70)  [11.7s]
  ep  73: R(t)=0.779  l1=0.051  l2=0.052  acc1=67.34%  acc2=67.03%  ens=67.19%  (best 68.34 @ ep 70)  [9.2s]
  ep  74: R(t)=0.779  l1=0.046  l2=0.046  acc1=65.08%  acc2=64.66%  ens=64.87%  (best 68.34 @ ep 70)  [6.9s]
  ep  75: R(t)=0.779  l1=0.045  l2=0.043  acc1=65.76%  acc2=63.69%  ens=64.72%  (best 68.34 @ ep 70)  [4.3s]
  ep  76: R(t)=0.779  l1=0.051  l2=0.047  acc1=66.97%  acc2=64.23%  ens=65.60%  (best 68.34 @ ep 70)  [4.3s]
  ep  77: R(t)=0.779  l1=0.043  l2=0.044  acc1=66.47%  acc2=67.08%  ens=66.77%  (best 68.34 @ ep 70)  [4.3s]
  ep  78: R(t)=0.779  l1=0.044  l2=0.043  acc1=68.62%  acc2=68.63%  ens=68.62%  (best 68.62 @ ep 78)  [4.4s]
  ep  79: R(t)=0.779  l1=0.041  l2=0.036  acc1=66.44%  acc2=67.87%  ens=67.16%  (best 68.62 @ ep 78)  [4.3s]
  ep  80: R(t)=0.779  l1=0.040  l2=0.038  acc1=67.55%  acc2=67.53%  ens=67.54%  (best 68.62 @ ep 78)  [4.2s]
  ep  81: R(t)=0.779  l1=0.037  l2=0.036  acc1=68.05%  acc2=68.34%  ens=68.20%  (best 68.62 @ ep 78)  [4.2s]
  ep  82: R(t)=0.779  l1=0.031  l2=0.032  acc1=67.73%  acc2=67.33%  ens=67.53%  (best 68.62 @ ep 78)  [4.3s]
  ep  83: R(t)=0.779  l1=0.030  l2=0.033  acc1=66.39%  acc2=67.40%  ens=66.90%  (best 68.62 @ ep 78)  [4.3s]
  ep  84: R(t)=0.779  l1=0.034  l2=0.031  acc1=67.62%  acc2=67.38%  ens=67.50%  (best 68.62 @ ep 78)  [4.3s]
  ep  85: R(t)=0.779  l1=0.031  l2=0.027  acc1=68.42%  acc2=68.25%  ens=68.34%  (best 68.62 @ ep 78)  [4.5s]
  ep  86: R(t)=0.779  l1=0.029  l2=0.030  acc1=67.25%  acc2=67.02%  ens=67.14%  (best 68.62 @ ep 78)  [4.4s]
  ep  87: R(t)=0.779  l1=0.021  l2=0.021  acc1=66.90%  acc2=66.93%  ens=66.92%  (best 68.62 @ ep 78)  [4.4s]
  ep  88: R(t)=0.779  l1=0.025  l2=0.026  acc1=67.01%  acc2=67.52%  ens=67.27%  (best 68.62 @ ep 78)  [5.2s]
  ep  89: R(t)=0.779  l1=0.026  l2=0.024  acc1=67.86%  acc2=67.62%  ens=67.74%  (best 68.62 @ ep 78)  [9.9s]
  ep  90: R(t)=0.779  l1=0.023  l2=0.022  acc1=68.00%  acc2=68.04%  ens=68.02%  (best 68.62 @ ep 78)  [8.1s]
  ep  91: R(t)=0.779  l1=0.024  l2=0.022  acc1=68.29%  acc2=68.10%  ens=68.20%  (best 68.62 @ ep 78)  [4.2s]
  ep  92: R(t)=0.779  l1=0.022  l2=0.020  acc1=67.63%  acc2=68.06%  ens=67.84%  (best 68.62 @ ep 78)  [4.3s]
  ep  93: R(t)=0.779  l1=0.021  l2=0.021  acc1=67.98%  acc2=68.05%  ens=68.02%  (best 68.62 @ ep 78)  [4.3s]
  ep  94: R(t)=0.779  l1=0.023  l2=0.022  acc1=67.82%  acc2=68.31%  ens=68.06%  (best 68.62 @ ep 78)  [4.3s]
  ep  95: R(t)=0.779  l1=0.018  l2=0.018  acc1=68.21%  acc2=68.19%  ens=68.20%  (best 68.62 @ ep 78)  [4.4s]
  ep  96: R(t)=0.779  l1=0.020  l2=0.019  acc1=67.53%  acc2=67.64%  ens=67.59%  (best 68.62 @ ep 78)  [4.5s]
  ep  97: R(t)=0.779  l1=0.021  l2=0.020  acc1=67.54%  acc2=67.45%  ens=67.49%  (best 68.62 @ ep 78)  [4.6s]
  ep  98: R(t)=0.779  l1=0.018  l2=0.019  acc1=68.17%  acc2=68.39%  ens=68.28%  (best 68.62 @ ep 78)  [4.4s]
  ep  99: R(t)=0.779  l1=0.023  l2=0.022  acc1=68.24%  acc2=68.40%  ens=68.32%  (best 68.62 @ ep 78)  [4.6s]

saved /path/to/ciln-workspace/journal_edition/robustness_transfer/results_v3/coteaching/ours__impulse_noise_sev3__seed2.json: best ens-acc 68.62% @ ep 78
