/path/to/ciln-workspace/venv/lib/python3.12/site-packages/torchvision/datasets/cifar.py:83: VisibleDeprecationWarning: dtype(): align should be passed as Python or NumPy boolean but got `align=0`. Did you mean to pass a tuple to create a subarray type? (Deprecated NumPy 2.4)
  entry = pickle.load(f, encoding="latin1")
condition=ours__motion_blur_sev3 seed=2 gpu=2
  ep   0: R(t)=1.000  acc1=31.23%  acc2=28.00%  ens=29.62%  (best 29.62 @ ep 0)  [5.7s]
  ep   1: R(t)=0.927  acc1=38.25%  acc2=40.72%  ens=39.49%  (best 39.49 @ ep 1)  [4.3s]
  ep   2: R(t)=0.897  acc1=31.90%  acc2=37.96%  ens=34.93%  (best 39.49 @ ep 1)  [4.2s]
  ep   3: R(t)=0.873  acc1=44.21%  acc2=40.48%  ens=42.34%  (best 42.34 @ ep 3)  [4.4s]
  ep   4: R(t)=0.854  acc1=43.24%  acc2=45.71%  ens=44.47%  (best 44.47 @ ep 4)  [4.3s]
  ep   5: R(t)=0.836  acc1=49.15%  acc2=46.26%  ens=47.70%  (best 47.70 @ ep 5)  [6.4s]  [sel1+2: prec=0.839, recall_clean=0.956]
  ep   6: R(t)=0.821  acc1=50.10%  acc2=45.09%  ens=47.59%  (best 47.70 @ ep 5)  [4.2s]
  ep   7: R(t)=0.806  acc1=52.52%  acc2=52.47%  ens=52.50%  (best 52.50 @ ep 7)  [4.2s]
  ep   8: R(t)=0.793  acc1=48.71%  acc2=50.96%  ens=49.84%  (best 52.50 @ ep 7)  [7.4s]
  ep   9: R(t)=0.781  acc1=41.01%  acc2=44.57%  ens=42.79%  (best 52.50 @ ep 7)  [9.7s]
  ep  10: R(t)=0.769  acc1=51.46%  acc2=54.82%  ens=53.14%  (best 53.14 @ ep 10)  [7.5s]  [sel1+2: prec=0.900, recall_clean=0.946]
  ep  11: R(t)=0.769  acc1=54.11%  acc2=49.09%  ens=51.60%  (best 53.14 @ ep 10)  [4.3s]
  ep  12: R(t)=0.769  acc1=51.08%  acc2=47.10%  ens=49.09%  (best 53.14 @ ep 10)  [4.2s]
  ep  13: R(t)=0.769  acc1=55.99%  acc2=58.67%  ens=57.33%  (best 57.33 @ ep 13)  [4.4s]
  ep  14: R(t)=0.769  acc1=56.91%  acc2=54.88%  ens=55.90%  (best 57.33 @ ep 13)  [4.1s]
  ep  15: R(t)=0.769  acc1=55.44%  acc2=55.42%  ens=55.43%  (best 57.33 @ ep 13)  [4.4s]
  ep  16: R(t)=0.769  acc1=50.40%  acc2=54.07%  ens=52.23%  (best 57.33 @ ep 13)  [4.4s]
  ep  17: R(t)=0.769  acc1=54.08%  acc2=52.45%  ens=53.26%  (best 57.33 @ ep 13)  [4.4s]
  ep  18: R(t)=0.769  acc1=62.74%  acc2=56.35%  ens=59.55%  (best 59.55 @ ep 18)  [4.6s]
  ep  19: R(t)=0.769  acc1=58.65%  acc2=58.98%  ens=58.81%  (best 59.55 @ ep 18)  [4.2s]
  ep  20: R(t)=0.769  acc1=59.22%  acc2=48.24%  ens=53.73%  (best 59.55 @ ep 18)  [6.3s]  [sel1+2: prec=0.920, recall_clean=0.962]
  ep  21: R(t)=0.769  acc1=61.27%  acc2=62.44%  ens=61.85%  (best 61.85 @ ep 21)  [4.3s]
  ep  22: R(t)=0.769  acc1=62.35%  acc2=61.86%  ens=62.11%  (best 62.11 @ ep 22)  [4.4s]
  ep  23: R(t)=0.769  acc1=59.58%  acc2=60.46%  ens=60.02%  (best 62.11 @ ep 22)  [8.8s]
  ep  24: R(t)=0.769  acc1=62.80%  acc2=61.09%  ens=61.95%  (best 62.11 @ ep 22)  [11.1s]
  ep  25: R(t)=0.769  acc1=59.71%  acc2=59.97%  ens=59.84%  (best 62.11 @ ep 22)  [9.7s]
  ep  26: R(t)=0.769  acc1=58.07%  acc2=60.32%  ens=59.20%  (best 62.11 @ ep 22)  [9.0s]
  ep  27: R(t)=0.769  acc1=59.97%  acc2=60.00%  ens=59.98%  (best 62.11 @ ep 22)  [4.2s]
  ep  28: R(t)=0.769  acc1=65.78%  acc2=62.41%  ens=64.09%  (best 64.09 @ ep 28)  [4.1s]
  ep  29: R(t)=0.769  acc1=56.13%  acc2=61.87%  ens=59.00%  (best 64.09 @ ep 28)  [4.4s]
  ep  30: R(t)=0.769  acc1=62.48%  acc2=61.40%  ens=61.94%  (best 64.09 @ ep 28)  [6.3s]  [sel1+2: prec=0.929, recall_clean=0.967]
  ep  31: R(t)=0.769  acc1=62.27%  acc2=60.19%  ens=61.23%  (best 64.09 @ ep 28)  [4.3s]
  ep  32: R(t)=0.769  acc1=62.73%  acc2=58.88%  ens=60.80%  (best 64.09 @ ep 28)  [4.3s]
  ep  33: R(t)=0.769  acc1=60.83%  acc2=58.41%  ens=59.62%  (best 64.09 @ ep 28)  [4.6s]
  ep  34: R(t)=0.769  acc1=65.75%  acc2=64.04%  ens=64.89%  (best 64.89 @ ep 34)  [4.3s]
  ep  35: R(t)=0.769  acc1=61.06%  acc2=61.69%  ens=61.38%  (best 64.89 @ ep 34)  [4.2s]
  ep  36: R(t)=0.769  acc1=67.66%  acc2=65.32%  ens=66.49%  (best 66.49 @ ep 36)  [4.2s]
  ep  37: R(t)=0.769  acc1=60.21%  acc2=65.33%  ens=62.77%  (best 66.49 @ ep 36)  [4.3s]
  ep  38: R(t)=0.769  acc1=64.85%  acc2=63.71%  ens=64.28%  (best 66.49 @ ep 36)  [4.3s]
  ep  39: R(t)=0.769  acc1=59.55%  acc2=57.17%  ens=58.36%  (best 66.49 @ ep 36)  [4.2s]
  ep  40: R(t)=0.769  acc1=66.22%  acc2=64.92%  ens=65.57%  (best 66.49 @ ep 36)  [7.5s]
  ep  41: R(t)=0.769  acc1=58.52%  acc2=61.82%  ens=60.17%  (best 66.49 @ ep 36)  [9.7s]
  ep  42: R(t)=0.769  acc1=65.83%  acc2=66.06%  ens=65.94%  (best 66.49 @ ep 36)  [10.6s]
  ep  43: R(t)=0.769  acc1=67.69%  acc2=64.08%  ens=65.88%  (best 66.49 @ ep 36)  [10.2s]
  ep  44: R(t)=0.769  acc1=65.57%  acc2=63.71%  ens=64.64%  (best 66.49 @ ep 36)  [11.1s]
  ep  45: R(t)=0.769  acc1=66.84%  acc2=58.53%  ens=62.69%  (best 66.49 @ ep 36)  [10.4s]
  ep  46: R(t)=0.769  acc1=63.77%  acc2=61.22%  ens=62.49%  (best 66.49 @ ep 36)  [10.4s]
  ep  47: R(t)=0.769  acc1=65.27%  acc2=63.01%  ens=64.14%  (best 66.49 @ ep 36)  [11.4s]
  ep  48: R(t)=0.769  acc1=67.97%  acc2=65.89%  ens=66.93%  (best 66.93 @ ep 48)  [9.5s]
  ep  49: R(t)=0.769  acc1=65.30%  acc2=68.07%  ens=66.68%  (best 66.93 @ ep 48)  [10.4s]
  ep  50: R(t)=0.769  acc1=67.99%  acc2=64.63%  ens=66.31%  (best 66.93 @ ep 48)  [15.3s]  [sel1+2: prec=0.944, recall_clean=0.976]
  ep  51: R(t)=0.769  acc1=65.52%  acc2=66.17%  ens=65.84%  (best 66.93 @ ep 48)  [10.2s]
  ep  52: R(t)=0.769  acc1=57.56%  acc2=63.14%  ens=60.35%  (best 66.93 @ ep 48)  [4.2s]
  ep  53: R(t)=0.769  acc1=69.94%  acc2=68.30%  ens=69.12%  (best 69.12 @ ep 53)  [4.3s]
  ep  54: R(t)=0.769  acc1=68.91%  acc2=66.40%  ens=67.66%  (best 69.12 @ ep 53)  [4.2s]
  ep  55: R(t)=0.769  acc1=66.71%  acc2=66.18%  ens=66.44%  (best 69.12 @ ep 53)  [4.6s]
  ep  56: R(t)=0.769  acc1=68.43%  acc2=67.52%  ens=67.98%  (best 69.12 @ ep 53)  [4.4s]
  ep  57: R(t)=0.769  acc1=69.08%  acc2=68.77%  ens=68.92%  (best 69.12 @ ep 53)  [4.1s]
  ep  58: R(t)=0.769  acc1=67.83%  acc2=66.11%  ens=66.97%  (best 69.12 @ ep 53)  [4.5s]
  ep  59: R(t)=0.769  acc1=66.72%  acc2=68.76%  ens=67.74%  (best 69.12 @ ep 53)  [4.3s]
  ep  60: R(t)=0.769  acc1=66.79%  acc2=66.96%  ens=66.88%  (best 69.12 @ ep 53)  [4.3s]
  ep  61: R(t)=0.769  acc1=70.42%  acc2=69.74%  ens=70.08%  (best 70.08 @ ep 61)  [4.3s]
  ep  62: R(t)=0.769  acc1=68.75%  acc2=70.23%  ens=69.49%  (best 70.08 @ ep 61)  [4.5s]
  ep  63: R(t)=0.769  acc1=66.12%  acc2=65.20%  ens=65.66%  (best 70.08 @ ep 61)  [4.4s]
  ep  64: R(t)=0.769  acc1=68.31%  acc2=67.95%  ens=68.13%  (best 70.08 @ ep 61)  [4.4s]
  ep  65: R(t)=0.769  acc1=69.75%  acc2=68.01%  ens=68.88%  (best 70.08 @ ep 61)  [6.2s]
  ep  66: R(t)=0.769  acc1=67.29%  acc2=69.18%  ens=68.23%  (best 70.08 @ ep 61)  [8.7s]
  ep  67: R(t)=0.769  acc1=70.07%  acc2=69.57%  ens=69.82%  (best 70.08 @ ep 61)  [4.4s]
  ep  68: R(t)=0.769  acc1=71.03%  acc2=70.58%  ens=70.81%  (best 70.81 @ ep 68)  [4.3s]
  ep  69: R(t)=0.769  acc1=70.55%  acc2=67.10%  ens=68.83%  (best 70.81 @ ep 68)  [4.7s]
  ep  70: R(t)=0.769  acc1=70.56%  acc2=70.55%  ens=70.56%  (best 70.81 @ ep 68)  [4.3s]
  ep  71: R(t)=0.769  acc1=69.94%  acc2=70.45%  ens=70.20%  (best 70.81 @ ep 68)  [4.4s]
  ep  72: R(t)=0.769  acc1=67.56%  acc2=69.57%  ens=68.56%  (best 70.81 @ ep 68)  [4.4s]
  ep  73: R(t)=0.769  acc1=69.79%  acc2=70.60%  ens=70.19%  (best 70.81 @ ep 68)  [4.5s]
  ep  74: R(t)=0.769  acc1=69.27%  acc2=69.15%  ens=69.21%  (best 70.81 @ ep 68)  [4.3s]
  ep  75: R(t)=0.769  acc1=71.06%  acc2=71.37%  ens=71.22%  (best 71.22 @ ep 75)  [6.4s]  [sel1+2: prec=0.948, recall_clean=0.973]
  ep  76: R(t)=0.769  acc1=69.93%  acc2=69.67%  ens=69.80%  (best 71.22 @ ep 75)  [4.6s]
  ep  77: R(t)=0.769  acc1=70.96%  acc2=70.27%  ens=70.62%  (best 71.22 @ ep 75)  [4.5s]
  ep  78: R(t)=0.769  acc1=70.56%  acc2=69.28%  ens=69.92%  (best 71.22 @ ep 75)  [4.6s]
  ep  79: R(t)=0.769  acc1=69.27%  acc2=70.53%  ens=69.90%  (best 71.22 @ ep 75)  [5.2s]
  ep  80: R(t)=0.769  acc1=71.11%  acc2=70.84%  ens=70.97%  (best 71.22 @ ep 75)  [10.0s]
  ep  81: R(t)=0.769  acc1=71.54%  acc2=71.37%  ens=71.45%  (best 71.45 @ ep 81)  [13.2s]
  ep  82: R(t)=0.769  acc1=70.81%  acc2=70.15%  ens=70.48%  (best 71.45 @ ep 81)  [10.1s]
  ep  83: R(t)=0.769  acc1=70.74%  acc2=70.90%  ens=70.82%  (best 71.45 @ ep 81)  [9.5s]
  ep  84: R(t)=0.769  acc1=70.79%  acc2=70.62%  ens=70.70%  (best 71.45 @ ep 81)  [4.3s]
  ep  85: R(t)=0.769  acc1=70.81%  acc2=70.46%  ens=70.64%  (best 71.45 @ ep 81)  [4.3s]
  ep  86: R(t)=0.769  acc1=70.70%  acc2=70.73%  ens=70.71%  (best 71.45 @ ep 81)  [4.3s]
  ep  87: R(t)=0.769  acc1=71.27%  acc2=71.08%  ens=71.17%  (best 71.45 @ ep 81)  [4.4s]
  ep  88: R(t)=0.769  acc1=70.68%  acc2=70.61%  ens=70.64%  (best 71.45 @ ep 81)  [4.4s]
  ep  89: R(t)=0.769  acc1=71.49%  acc2=71.41%  ens=71.45%  (best 71.45 @ ep 81)  [4.5s]
  ep  90: R(t)=0.769  acc1=71.08%  acc2=70.97%  ens=71.03%  (best 71.45 @ ep 81)  [4.1s]
  ep  91: R(t)=0.769  acc1=71.18%  acc2=71.03%  ens=71.10%  (best 71.45 @ ep 81)  [4.3s]
  ep  92: R(t)=0.769  acc1=70.96%  acc2=70.87%  ens=70.91%  (best 71.45 @ ep 81)  [4.4s]
  ep  93: R(t)=0.769  acc1=71.04%  acc2=70.77%  ens=70.91%  (best 71.45 @ ep 81)  [4.4s]
  ep  94: R(t)=0.769  acc1=71.42%  acc2=71.13%  ens=71.28%  (best 71.45 @ ep 81)  [4.4s]
  ep  95: R(t)=0.769  acc1=71.36%  acc2=71.09%  ens=71.23%  (best 71.45 @ ep 81)  [4.3s]
  ep  96: R(t)=0.769  acc1=71.51%  acc2=70.87%  ens=71.19%  (best 71.45 @ ep 81)  [4.3s]
  ep  97: R(t)=0.769  acc1=71.02%  acc2=70.74%  ens=70.88%  (best 71.45 @ ep 81)  [4.3s]
  ep  98: R(t)=0.769  acc1=71.33%  acc2=71.02%  ens=71.18%  (best 71.45 @ ep 81)  [8.4s]
  ep  99: R(t)=0.769  acc1=71.28%  acc2=71.06%  ens=71.17%  (best 71.45 @ ep 81)  [6.4s]  [sel1+2: prec=0.951, recall_clean=0.969]

saved /path/to/ciln-workspace/journal_edition/robustness_transfer/results_v3/coteaching/ours__motion_blur_sev3__seed2.json: best ens-acc 71.45% @ ep 81
saved /path/to/ciln-workspace/journal_edition/robustness_transfer/results_v3/coteaching/ours__motion_blur_sev3__seed2__persample.npz
