/path/to/ciln-workspace/venv/lib/python3.12/site-packages/torchvision/datasets/cifar.py:83: VisibleDeprecationWarning: dtype(): align should be passed as Python or NumPy boolean but got `align=0`. Did you mean to pass a tuple to create a subarray type? (Deprecated NumPy 2.4)
  entry = pickle.load(f, encoding="latin1")
condition=gu_high seed=1 gpu=1
  ep   0: R(t)=1.000  acc1=24.20%  acc2=33.53%  ens=28.86%  (best 28.86 @ ep 0)  [6.9s]
  ep   1: R(t)=0.847  acc1=38.36%  acc2=35.53%  ens=36.95%  (best 36.95 @ ep 1)  [6.2s]
  ep   2: R(t)=0.784  acc1=40.42%  acc2=37.73%  ens=39.08%  (best 39.08 @ ep 2)  [6.0s]
  ep   3: R(t)=0.735  acc1=44.17%  acc2=49.18%  ens=46.67%  (best 46.67 @ ep 3)  [6.2s]
  ep   4: R(t)=0.694  acc1=49.93%  acc2=50.93%  ens=50.43%  (best 50.43 @ ep 4)  [6.3s]
  ep   5: R(t)=0.658  acc1=51.53%  acc2=51.61%  ens=51.57%  (best 51.57 @ ep 5)  [11.9s]  [sel1+2: prec=0.655, recall_clean=0.892]
  ep   6: R(t)=0.625  acc1=48.60%  acc2=46.10%  ens=47.35%  (best 51.57 @ ep 5)  [6.1s]
  ep   7: R(t)=0.595  acc1=45.53%  acc2=52.89%  ens=49.21%  (best 51.57 @ ep 5)  [5.9s]
  ep   8: R(t)=0.567  acc1=49.80%  acc2=53.72%  ens=51.76%  (best 51.76 @ ep 8)  [6.0s]
  ep   9: R(t)=0.541  acc1=50.95%  acc2=50.80%  ens=50.88%  (best 51.76 @ ep 8)  [6.0s]
  ep  10: R(t)=0.516  acc1=49.51%  acc2=46.66%  ens=48.09%  (best 51.76 @ ep 8)  [9.7s]  [sel1+2: prec=0.724, recall_clean=0.794]
  ep  11: R(t)=0.516  acc1=47.50%  acc2=48.25%  ens=47.88%  (best 51.76 @ ep 8)  [6.3s]
  ep  12: R(t)=0.516  acc1=49.64%  acc2=48.78%  ens=49.21%  (best 51.76 @ ep 8)  [6.4s]
  ep  13: R(t)=0.516  acc1=54.76%  acc2=50.39%  ens=52.57%  (best 52.57 @ ep 13)  [6.7s]
  ep  14: R(t)=0.516  acc1=54.54%  acc2=53.75%  ens=54.14%  (best 54.14 @ ep 14)  [7.9s]
  ep  15: R(t)=0.516  acc1=47.92%  acc2=48.82%  ens=48.37%  (best 54.14 @ ep 14)  [6.1s]
  ep  16: R(t)=0.516  acc1=54.34%  acc2=52.23%  ens=53.29%  (best 54.14 @ ep 14)  [6.3s]
  ep  17: R(t)=0.516  acc1=54.82%  acc2=52.38%  ens=53.60%  (best 54.14 @ ep 14)  [6.2s]
  ep  18: R(t)=0.516  acc1=56.44%  acc2=57.04%  ens=56.74%  (best 56.74 @ ep 18)  [6.1s]
  ep  19: R(t)=0.516  acc1=54.72%  acc2=51.02%  ens=52.87%  (best 56.74 @ ep 18)  [6.0s]
  ep  20: R(t)=0.516  acc1=56.76%  acc2=54.33%  ens=55.55%  (best 56.74 @ ep 18)  [9.1s]  [sel1+2: prec=0.734, recall_clean=0.801]
  ep  21: R(t)=0.516  acc1=50.67%  acc2=53.66%  ens=52.16%  (best 56.74 @ ep 18)  [5.9s]
  ep  22: R(t)=0.516  acc1=49.78%  acc2=45.43%  ens=47.60%  (best 56.74 @ ep 18)  [6.0s]
  ep  23: R(t)=0.516  acc1=56.34%  acc2=53.43%  ens=54.89%  (best 56.74 @ ep 18)  [6.1s]
  ep  24: R(t)=0.516  acc1=55.94%  acc2=54.90%  ens=55.42%  (best 56.74 @ ep 18)  [8.6s]
  ep  25: R(t)=0.516  acc1=54.91%  acc2=57.15%  ens=56.03%  (best 56.74 @ ep 18)  [17.7s]
  ep  26: R(t)=0.516  acc1=57.15%  acc2=55.93%  ens=56.54%  (best 56.74 @ ep 18)  [15.1s]
  ep  27: R(t)=0.516  acc1=54.54%  acc2=55.58%  ens=55.06%  (best 56.74 @ ep 18)  [16.0s]
  ep  28: R(t)=0.516  acc1=57.71%  acc2=51.10%  ens=54.40%  (best 56.74 @ ep 18)  [6.3s]
  ep  29: R(t)=0.516  acc1=55.53%  acc2=58.40%  ens=56.96%  (best 56.96 @ ep 29)  [6.3s]
  ep  30: R(t)=0.516  acc1=58.63%  acc2=57.49%  ens=58.06%  (best 58.06 @ ep 30)  [9.8s]  [sel1+2: prec=0.740, recall_clean=0.807]
  ep  31: R(t)=0.516  acc1=56.98%  acc2=54.27%  ens=55.62%  (best 58.06 @ ep 30)  [6.1s]
  ep  32: R(t)=0.516  acc1=54.42%  acc2=56.53%  ens=55.48%  (best 58.06 @ ep 30)  [6.4s]
  ep  33: R(t)=0.516  acc1=54.53%  acc2=51.60%  ens=53.07%  (best 58.06 @ ep 30)  [6.0s]
  ep  34: R(t)=0.516  acc1=57.84%  acc2=58.93%  ens=58.38%  (best 58.38 @ ep 34)  [6.2s]
  ep  35: R(t)=0.516  acc1=59.21%  acc2=58.67%  ens=58.94%  (best 58.94 @ ep 35)  [6.4s]
  ep  36: R(t)=0.516  acc1=54.90%  acc2=54.95%  ens=54.93%  (best 58.94 @ ep 35)  [5.9s]
  ep  37: R(t)=0.516  acc1=57.43%  acc2=57.17%  ens=57.30%  (best 58.94 @ ep 35)  [13.7s]
  ep  38: R(t)=0.516  acc1=57.53%  acc2=55.82%  ens=56.68%  (best 58.94 @ ep 35)  [15.9s]
  ep  39: R(t)=0.516  acc1=59.25%  acc2=59.72%  ens=59.48%  (best 59.48 @ ep 39)  [15.9s]
  ep  40: R(t)=0.516  acc1=59.28%  acc2=55.06%  ens=57.17%  (best 59.48 @ ep 39)  [14.1s]
  ep  41: R(t)=0.516  acc1=57.70%  acc2=55.43%  ens=56.56%  (best 59.48 @ ep 39)  [15.0s]
  ep  42: R(t)=0.516  acc1=56.19%  acc2=58.43%  ens=57.31%  (best 59.48 @ ep 39)  [5.7s]
  ep  43: R(t)=0.516  acc1=57.69%  acc2=57.60%  ens=57.64%  (best 59.48 @ ep 39)  [6.0s]
  ep  44: R(t)=0.516  acc1=58.26%  acc2=55.56%  ens=56.91%  (best 59.48 @ ep 39)  [6.3s]
  ep  45: R(t)=0.516  acc1=58.33%  acc2=58.97%  ens=58.65%  (best 59.48 @ ep 39)  [6.0s]
  ep  46: R(t)=0.516  acc1=55.38%  acc2=55.98%  ens=55.68%  (best 59.48 @ ep 39)  [6.2s]
  ep  47: R(t)=0.516  acc1=58.62%  acc2=57.72%  ens=58.17%  (best 59.48 @ ep 39)  [6.0s]
  ep  48: R(t)=0.516  acc1=56.58%  acc2=60.02%  ens=58.30%  (best 59.48 @ ep 39)  [6.1s]
  ep  49: R(t)=0.516  acc1=61.94%  acc2=57.88%  ens=59.91%  (best 59.91 @ ep 49)  [6.2s]
  ep  50: R(t)=0.516  acc1=60.28%  acc2=60.15%  ens=60.21%  (best 60.21 @ ep 50)  [9.4s]  [sel1+2: prec=0.756, recall_clean=0.818]
  ep  51: R(t)=0.516  acc1=61.68%  acc2=58.59%  ens=60.14%  (best 60.21 @ ep 50)  [16.1s]
  ep  52: R(t)=0.516  acc1=58.12%  acc2=57.96%  ens=58.04%  (best 60.21 @ ep 50)  [15.3s]
  ep  53: R(t)=0.516  acc1=59.78%  acc2=62.00%  ens=60.89%  (best 60.89 @ ep 53)  [15.2s]
  ep  54: R(t)=0.516  acc1=59.18%  acc2=60.61%  ens=59.89%  (best 60.89 @ ep 53)  [15.7s]
  ep  55: R(t)=0.516  acc1=62.30%  acc2=60.92%  ens=61.61%  (best 61.61 @ ep 55)  [14.3s]
  ep  56: R(t)=0.516  acc1=62.40%  acc2=61.17%  ens=61.79%  (best 61.79 @ ep 56)  [18.0s]
  ep  57: R(t)=0.516  acc1=62.23%  acc2=63.16%  ens=62.70%  (best 62.70 @ ep 57)  [15.1s]
  ep  58: R(t)=0.516  acc1=61.66%  acc2=62.36%  ens=62.01%  (best 62.70 @ ep 57)  [9.5s]
  ep  59: R(t)=0.516  acc1=61.88%  acc2=58.96%  ens=60.42%  (best 62.70 @ ep 57)  [6.0s]
  ep  60: R(t)=0.516  acc1=62.13%  acc2=59.45%  ens=60.79%  (best 62.70 @ ep 57)  [6.1s]
  ep  61: R(t)=0.516  acc1=62.25%  acc2=61.81%  ens=62.03%  (best 62.70 @ ep 57)  [6.0s]
  ep  62: R(t)=0.516  acc1=63.16%  acc2=63.25%  ens=63.20%  (best 63.20 @ ep 62)  [6.1s]
  ep  63: R(t)=0.516  acc1=62.18%  acc2=62.12%  ens=62.15%  (best 63.20 @ ep 62)  [6.2s]
  ep  64: R(t)=0.516  acc1=59.53%  acc2=60.24%  ens=59.89%  (best 63.20 @ ep 62)  [6.1s]
  ep  65: R(t)=0.516  acc1=62.63%  acc2=61.29%  ens=61.96%  (best 63.20 @ ep 62)  [6.3s]
  ep  66: R(t)=0.516  acc1=63.33%  acc2=62.92%  ens=63.12%  (best 63.20 @ ep 62)  [6.0s]
  ep  67: R(t)=0.516  acc1=62.17%  acc2=61.97%  ens=62.07%  (best 63.20 @ ep 62)  [6.0s]
  ep  68: R(t)=0.516  acc1=62.23%  acc2=61.87%  ens=62.05%  (best 63.20 @ ep 62)  [11.6s]
  ep  69: R(t)=0.516  acc1=63.18%  acc2=64.01%  ens=63.59%  (best 63.59 @ ep 69)  [18.2s]
  ep  70: R(t)=0.516  acc1=61.77%  acc2=61.77%  ens=61.77%  (best 63.59 @ ep 69)  [14.9s]
  ep  71: R(t)=0.516  acc1=62.55%  acc2=64.26%  ens=63.41%  (best 63.59 @ ep 69)  [15.5s]
  ep  72: R(t)=0.516  acc1=63.51%  acc2=63.60%  ens=63.56%  (best 63.59 @ ep 69)  [6.1s]
  ep  73: R(t)=0.516  acc1=63.28%  acc2=63.34%  ens=63.31%  (best 63.59 @ ep 69)  [5.9s]
  ep  74: R(t)=0.516  acc1=63.84%  acc2=62.91%  ens=63.38%  (best 63.59 @ ep 69)  [6.2s]
  ep  75: R(t)=0.516  acc1=64.53%  acc2=64.64%  ens=64.59%  (best 64.59 @ ep 75)  [9.5s]  [sel1+2: prec=0.778, recall_clean=0.822]
  ep  76: R(t)=0.516  acc1=64.30%  acc2=64.51%  ens=64.41%  (best 64.59 @ ep 75)  [6.1s]
  ep  77: R(t)=0.516  acc1=64.62%  acc2=65.08%  ens=64.85%  (best 64.85 @ ep 77)  [5.9s]
  ep  78: R(t)=0.516  acc1=65.01%  acc2=63.61%  ens=64.31%  (best 64.85 @ ep 77)  [6.1s]
  ep  79: R(t)=0.516  acc1=64.64%  acc2=64.72%  ens=64.68%  (best 64.85 @ ep 77)  [6.2s]
  ep  80: R(t)=0.516  acc1=64.34%  acc2=64.85%  ens=64.59%  (best 64.85 @ ep 77)  [6.3s]
  ep  81: R(t)=0.516  acc1=64.77%  acc2=65.63%  ens=65.20%  (best 65.20 @ ep 81)  [12.0s]
  ep  82: R(t)=0.516  acc1=64.84%  acc2=65.35%  ens=65.09%  (best 65.20 @ ep 81)  [16.1s]
  ep  83: R(t)=0.516  acc1=64.79%  acc2=65.43%  ens=65.11%  (best 65.20 @ ep 81)  [17.0s]
  ep  84: R(t)=0.516  acc1=65.50%  acc2=65.69%  ens=65.59%  (best 65.59 @ ep 84)  [15.5s]
  ep  85: R(t)=0.516  acc1=65.59%  acc2=65.47%  ens=65.53%  (best 65.59 @ ep 84)  [17.4s]
  ep  86: R(t)=0.516  acc1=65.46%  acc2=65.64%  ens=65.55%  (best 65.59 @ ep 84)  [15.8s]
  ep  87: R(t)=0.516  acc1=64.92%  acc2=65.23%  ens=65.07%  (best 65.59 @ ep 84)  [13.7s]
  ep  88: R(t)=0.516  acc1=65.63%  acc2=65.59%  ens=65.61%  (best 65.61 @ ep 88)  [5.8s]
  ep  89: R(t)=0.516  acc1=65.61%  acc2=65.50%  ens=65.56%  (best 65.61 @ ep 88)  [6.2s]
  ep  90: R(t)=0.516  acc1=65.61%  acc2=65.58%  ens=65.59%  (best 65.61 @ ep 88)  [6.3s]
  ep  91: R(t)=0.516  acc1=65.51%  acc2=65.70%  ens=65.61%  (best 65.61 @ ep 88)  [6.0s]
  ep  92: R(t)=0.516  acc1=65.36%  acc2=65.48%  ens=65.42%  (best 65.61 @ ep 88)  [6.2s]
  ep  93: R(t)=0.516  acc1=65.34%  acc2=65.54%  ens=65.44%  (best 65.61 @ ep 88)  [6.0s]
  ep  94: R(t)=0.516  acc1=65.43%  acc2=65.81%  ens=65.62%  (best 65.62 @ ep 94)  [6.2s]
  ep  95: R(t)=0.516  acc1=65.24%  acc2=65.46%  ens=65.35%  (best 65.62 @ ep 94)  [6.4s]
  ep  96: R(t)=0.516  acc1=65.42%  acc2=65.54%  ens=65.48%  (best 65.62 @ ep 94)  [6.1s]
  ep  97: R(t)=0.516  acc1=65.43%  acc2=65.73%  ens=65.58%  (best 65.62 @ ep 94)  [10.2s]
  ep  98: R(t)=0.516  acc1=65.50%  acc2=65.82%  ens=65.66%  (best 65.66 @ ep 98)  [13.8s]
  ep  99: R(t)=0.516  acc1=65.56%  acc2=65.79%  ens=65.67%  (best 65.67 @ ep 99)  [9.3s]  [sel1+2: prec=0.790, recall_clean=0.816]

saved /path/to/ciln-workspace/journal_edition/robustness_transfer/results_v3/coteaching/gu_high__seed1.json: best ens-acc 65.67% @ ep 99
saved /path/to/ciln-workspace/journal_edition/robustness_transfer/results_v3/coteaching/gu_high__seed1__persample.npz
