/path/to/ciln-workspace/venv/lib/python3.12/site-packages/torchvision/datasets/cifar.py:83: VisibleDeprecationWarning: dtype(): align should be passed as Python or NumPy boolean but got `align=0`. Did you mean to pass a tuple to create a subarray type? (Deprecated NumPy 2.4)
  entry = pickle.load(f, encoding="latin1")
condition=ours__contrast_sev3 seed=2 gpu=2
  ep   0: R(t)=1.000  acc1=24.68%  acc2=25.71%  ens=25.20%  (best 25.20 @ ep 0)  [11.4s]
  ep   1: R(t)=0.853  acc1=29.92%  acc2=27.62%  ens=28.77%  (best 28.77 @ ep 1)  [9.4s]
  ep   2: R(t)=0.793  acc1=23.11%  acc2=26.24%  ens=24.68%  (best 28.77 @ ep 1)  [4.3s]
  ep   3: R(t)=0.746  acc1=28.87%  acc2=29.47%  ens=29.17%  (best 29.17 @ ep 3)  [4.4s]
  ep   4: R(t)=0.707  acc1=30.57%  acc2=29.38%  ens=29.98%  (best 29.98 @ ep 4)  [4.2s]
  ep   5: R(t)=0.672  acc1=28.71%  acc2=31.37%  ens=30.04%  (best 30.04 @ ep 5)  [6.5s]  [sel1+2: prec=0.560, recall_clean=0.743]
  ep   6: R(t)=0.641  acc1=28.01%  acc2=27.38%  ens=27.70%  (best 30.04 @ ep 5)  [4.2s]
  ep   7: R(t)=0.612  acc1=28.66%  acc2=28.25%  ens=28.45%  (best 30.04 @ ep 5)  [4.3s]
  ep   8: R(t)=0.585  acc1=30.29%  acc2=28.69%  ens=29.49%  (best 30.04 @ ep 5)  [4.2s]
  ep   9: R(t)=0.560  acc1=29.99%  acc2=29.06%  ens=29.53%  (best 30.04 @ ep 5)  [4.5s]
  ep  10: R(t)=0.536  acc1=30.34%  acc2=28.08%  ens=29.21%  (best 30.04 @ ep 5)  [6.2s]  [sel1+2: prec=0.606, recall_clean=0.652]
  ep  11: R(t)=0.536  acc1=34.82%  acc2=30.16%  ens=32.49%  (best 32.49 @ ep 11)  [4.2s]
  ep  12: R(t)=0.536  acc1=33.92%  acc2=30.96%  ens=32.44%  (best 32.49 @ ep 11)  [4.3s]
  ep  13: R(t)=0.536  acc1=34.53%  acc2=34.07%  ens=34.30%  (best 34.30 @ ep 13)  [4.3s]
  ep  14: R(t)=0.536  acc1=26.90%  acc2=27.36%  ens=27.13%  (best 34.30 @ ep 13)  [4.2s]
  ep  15: R(t)=0.536  acc1=34.28%  acc2=34.05%  ens=34.16%  (best 34.30 @ ep 13)  [6.6s]
  ep  16: R(t)=0.536  acc1=35.00%  acc2=32.76%  ens=33.88%  (best 34.30 @ ep 13)  [4.5s]
  ep  17: R(t)=0.536  acc1=34.47%  acc2=34.87%  ens=34.67%  (best 34.67 @ ep 17)  [4.3s]
  ep  18: R(t)=0.536  acc1=31.19%  acc2=32.83%  ens=32.01%  (best 34.67 @ ep 17)  [4.2s]
  ep  19: R(t)=0.536  acc1=33.71%  acc2=31.74%  ens=32.73%  (best 34.67 @ ep 17)  [4.3s]
  ep  20: R(t)=0.536  acc1=32.41%  acc2=28.65%  ens=30.53%  (best 34.67 @ ep 17)  [6.2s]  [sel1+2: prec=0.633, recall_clean=0.680]
  ep  21: R(t)=0.536  acc1=31.98%  acc2=32.96%  ens=32.47%  (best 34.67 @ ep 17)  [4.3s]
  ep  22: R(t)=0.536  acc1=28.73%  acc2=33.44%  ens=31.08%  (best 34.67 @ ep 17)  [4.4s]
  ep  23: R(t)=0.536  acc1=37.07%  acc2=34.34%  ens=35.70%  (best 35.70 @ ep 23)  [4.4s]
  ep  24: R(t)=0.536  acc1=34.57%  acc2=33.55%  ens=34.06%  (best 35.70 @ ep 23)  [4.4s]
  ep  25: R(t)=0.536  acc1=33.55%  acc2=38.09%  ens=35.82%  (best 35.82 @ ep 25)  [4.4s]
  ep  26: R(t)=0.536  acc1=36.37%  acc2=33.18%  ens=34.77%  (best 35.82 @ ep 25)  [4.2s]
  ep  27: R(t)=0.536  acc1=32.13%  acc2=29.33%  ens=30.73%  (best 35.82 @ ep 25)  [4.4s]
  ep  28: R(t)=0.536  acc1=37.13%  acc2=39.80%  ens=38.47%  (best 38.47 @ ep 28)  [4.2s]
  ep  29: R(t)=0.536  acc1=37.34%  acc2=36.84%  ens=37.09%  (best 38.47 @ ep 28)  [6.0s]
  ep  30: R(t)=0.536  acc1=36.98%  acc2=34.18%  ens=35.58%  (best 38.47 @ ep 28)  [11.1s]  [sel1+2: prec=0.645, recall_clean=0.695]
  ep  31: R(t)=0.536  acc1=38.06%  acc2=37.23%  ens=37.65%  (best 38.47 @ ep 28)  [4.3s]
  ep  32: R(t)=0.536  acc1=34.15%  acc2=33.39%  ens=33.77%  (best 38.47 @ ep 28)  [4.2s]
  ep  33: R(t)=0.536  acc1=37.73%  acc2=39.37%  ens=38.55%  (best 38.55 @ ep 33)  [4.4s]
  ep  34: R(t)=0.536  acc1=38.77%  acc2=39.33%  ens=39.05%  (best 39.05 @ ep 34)  [4.2s]
  ep  35: R(t)=0.536  acc1=33.57%  acc2=33.74%  ens=33.66%  (best 39.05 @ ep 34)  [4.3s]
  ep  36: R(t)=0.536  acc1=38.45%  acc2=37.70%  ens=38.08%  (best 39.05 @ ep 34)  [4.3s]
  ep  37: R(t)=0.536  acc1=40.30%  acc2=39.58%  ens=39.94%  (best 39.94 @ ep 37)  [4.3s]
  ep  38: R(t)=0.536  acc1=35.79%  acc2=35.06%  ens=35.43%  (best 39.94 @ ep 37)  [4.3s]
  ep  39: R(t)=0.536  acc1=37.09%  acc2=39.83%  ens=38.46%  (best 39.94 @ ep 37)  [4.3s]
  ep  40: R(t)=0.536  acc1=35.30%  acc2=38.30%  ens=36.80%  (best 39.94 @ ep 37)  [4.3s]
  ep  41: R(t)=0.536  acc1=37.16%  acc2=37.17%  ens=37.16%  (best 39.94 @ ep 37)  [4.5s]
  ep  42: R(t)=0.536  acc1=39.73%  acc2=37.35%  ens=38.54%  (best 39.94 @ ep 37)  [4.1s]
  ep  43: R(t)=0.536  acc1=37.70%  acc2=38.22%  ens=37.96%  (best 39.94 @ ep 37)  [4.4s]
  ep  44: R(t)=0.536  acc1=40.40%  acc2=38.10%  ens=39.25%  (best 39.94 @ ep 37)  [5.3s]
  ep  45: R(t)=0.536  acc1=38.80%  acc2=43.68%  ens=41.24%  (best 41.24 @ ep 45)  [10.3s]
  ep  46: R(t)=0.536  acc1=38.59%  acc2=37.61%  ens=38.10%  (best 41.24 @ ep 45)  [13.6s]
  ep  47: R(t)=0.536  acc1=33.78%  acc2=34.57%  ens=34.17%  (best 41.24 @ ep 45)  [9.9s]
  ep  48: R(t)=0.536  acc1=37.44%  acc2=37.42%  ens=37.43%  (best 41.24 @ ep 45)  [10.0s]
  ep  49: R(t)=0.536  acc1=42.46%  acc2=40.79%  ens=41.62%  (best 41.62 @ ep 49)  [11.6s]
  ep  50: R(t)=0.536  acc1=41.91%  acc2=38.87%  ens=40.39%  (best 41.62 @ ep 49)  [6.1s]  [sel1+2: prec=0.679, recall_clean=0.723]
  ep  51: R(t)=0.536  acc1=40.62%  acc2=40.45%  ens=40.53%  (best 41.62 @ ep 49)  [4.4s]
  ep  52: R(t)=0.536  acc1=42.84%  acc2=40.46%  ens=41.65%  (best 41.65 @ ep 52)  [4.4s]
  ep  53: R(t)=0.536  acc1=43.57%  acc2=42.78%  ens=43.17%  (best 43.17 @ ep 53)  [4.2s]
  ep  54: R(t)=0.536  acc1=36.83%  acc2=37.42%  ens=37.12%  (best 43.17 @ ep 53)  [4.4s]
  ep  55: R(t)=0.536  acc1=35.08%  acc2=36.66%  ens=35.87%  (best 43.17 @ ep 53)  [4.5s]
  ep  56: R(t)=0.536  acc1=40.05%  acc2=41.46%  ens=40.76%  (best 43.17 @ ep 53)  [4.5s]
  ep  57: R(t)=0.536  acc1=39.46%  acc2=36.80%  ens=38.13%  (best 43.17 @ ep 53)  [4.4s]
  ep  58: R(t)=0.536  acc1=38.03%  acc2=35.05%  ens=36.54%  (best 43.17 @ ep 53)  [4.3s]
  ep  59: R(t)=0.536  acc1=37.21%  acc2=35.99%  ens=36.60%  (best 43.17 @ ep 53)  [4.1s]
  ep  60: R(t)=0.536  acc1=42.33%  acc2=40.10%  ens=41.22%  (best 43.17 @ ep 53)  [4.5s]
  ep  61: R(t)=0.536  acc1=36.95%  acc2=38.53%  ens=37.74%  (best 43.17 @ ep 53)  [4.2s]
  ep  62: R(t)=0.536  acc1=40.90%  acc2=40.73%  ens=40.81%  (best 43.17 @ ep 53)  [4.3s]
  ep  63: R(t)=0.536  acc1=37.60%  acc2=38.91%  ens=38.26%  (best 43.17 @ ep 53)  [5.3s]
  ep  64: R(t)=0.536  acc1=38.19%  acc2=40.21%  ens=39.20%  (best 43.17 @ ep 53)  [11.9s]
  ep  65: R(t)=0.536  acc1=37.53%  acc2=39.62%  ens=38.58%  (best 43.17 @ ep 53)  [6.8s]
  ep  66: R(t)=0.536  acc1=40.90%  acc2=38.57%  ens=39.73%  (best 43.17 @ ep 53)  [4.2s]
  ep  67: R(t)=0.536  acc1=41.73%  acc2=39.77%  ens=40.75%  (best 43.17 @ ep 53)  [4.4s]
  ep  68: R(t)=0.536  acc1=40.80%  acc2=41.43%  ens=41.12%  (best 43.17 @ ep 53)  [4.5s]
  ep  69: R(t)=0.536  acc1=38.27%  acc2=36.15%  ens=37.21%  (best 43.17 @ ep 53)  [4.4s]
  ep  70: R(t)=0.536  acc1=40.45%  acc2=41.43%  ens=40.94%  (best 43.17 @ ep 53)  [4.4s]
  ep  71: R(t)=0.536  acc1=42.37%  acc2=42.35%  ens=42.36%  (best 43.17 @ ep 53)  [4.3s]
  ep  72: R(t)=0.536  acc1=39.80%  acc2=40.51%  ens=40.16%  (best 43.17 @ ep 53)  [4.1s]
  ep  73: R(t)=0.536  acc1=39.32%  acc2=38.28%  ens=38.80%  (best 43.17 @ ep 53)  [4.3s]
  ep  74: R(t)=0.536  acc1=40.73%  acc2=41.23%  ens=40.98%  (best 43.17 @ ep 53)  [4.2s]
  ep  75: R(t)=0.536  acc1=40.05%  acc2=40.19%  ens=40.12%  (best 43.17 @ ep 53)  [6.6s]  [sel1+2: prec=0.685, recall_clean=0.718]
  ep  76: R(t)=0.536  acc1=41.20%  acc2=41.65%  ens=41.42%  (best 43.17 @ ep 53)  [4.3s]
  ep  77: R(t)=0.536  acc1=40.40%  acc2=40.08%  ens=40.24%  (best 43.17 @ ep 53)  [4.3s]
  ep  78: R(t)=0.536  acc1=41.46%  acc2=42.20%  ens=41.83%  (best 43.17 @ ep 53)  [4.4s]
  ep  79: R(t)=0.536  acc1=41.35%  acc2=42.82%  ens=42.09%  (best 43.17 @ ep 53)  [8.2s]
  ep  80: R(t)=0.536  acc1=41.88%  acc2=42.20%  ens=42.04%  (best 43.17 @ ep 53)  [10.0s]
  ep  81: R(t)=0.536  acc1=42.27%  acc2=41.52%  ens=41.90%  (best 43.17 @ ep 53)  [9.6s]
  ep  82: R(t)=0.536  acc1=41.30%  acc2=41.77%  ens=41.53%  (best 43.17 @ ep 53)  [10.5s]
  ep  83: R(t)=0.536  acc1=42.17%  acc2=42.47%  ens=42.32%  (best 43.17 @ ep 53)  [10.5s]
  ep  84: R(t)=0.536  acc1=41.25%  acc2=41.47%  ens=41.36%  (best 43.17 @ ep 53)  [10.5s]
  ep  85: R(t)=0.536  acc1=41.57%  acc2=41.87%  ens=41.72%  (best 43.17 @ ep 53)  [10.7s]
  ep  86: R(t)=0.536  acc1=41.94%  acc2=41.96%  ens=41.95%  (best 43.17 @ ep 53)  [10.6s]
  ep  87: R(t)=0.536  acc1=41.75%  acc2=41.47%  ens=41.61%  (best 43.17 @ ep 53)  [11.5s]
  ep  88: R(t)=0.536  acc1=42.04%  acc2=41.96%  ens=42.00%  (best 43.17 @ ep 53)  [9.3s]
  ep  89: R(t)=0.536  acc1=42.11%  acc2=42.22%  ens=42.16%  (best 43.17 @ ep 53)  [9.8s]
  ep  90: R(t)=0.536  acc1=41.95%  acc2=41.85%  ens=41.90%  (best 43.17 @ ep 53)  [12.3s]
  ep  91: R(t)=0.536  acc1=41.58%  acc2=42.03%  ens=41.81%  (best 43.17 @ ep 53)  [9.2s]
  ep  92: R(t)=0.536  acc1=41.49%  acc2=41.57%  ens=41.53%  (best 43.17 @ ep 53)  [4.9s]
  ep  93: R(t)=0.536  acc1=41.81%  acc2=41.82%  ens=41.82%  (best 43.17 @ ep 53)  [4.2s]
  ep  94: R(t)=0.536  acc1=41.80%  acc2=41.97%  ens=41.88%  (best 43.17 @ ep 53)  [4.2s]
  ep  95: R(t)=0.536  acc1=41.88%  acc2=41.88%  ens=41.88%  (best 43.17 @ ep 53)  [4.4s]
  ep  96: R(t)=0.536  acc1=42.15%  acc2=42.15%  ens=42.15%  (best 43.17 @ ep 53)  [4.5s]
  ep  97: R(t)=0.536  acc1=41.36%  acc2=41.51%  ens=41.44%  (best 43.17 @ ep 53)  [4.2s]
  ep  98: R(t)=0.536  acc1=41.69%  acc2=41.88%  ens=41.78%  (best 43.17 @ ep 53)  [4.4s]
  ep  99: R(t)=0.536  acc1=41.53%  acc2=41.66%  ens=41.60%  (best 43.17 @ ep 53)  [6.3s]  [sel1+2: prec=0.693, recall_clean=0.714]

saved /path/to/ciln-workspace/journal_edition/robustness_transfer/results_v3/coteaching/ours__contrast_sev3__seed2.json: best ens-acc 43.17% @ ep 53
saved /path/to/ciln-workspace/journal_edition/robustness_transfer/results_v3/coteaching/ours__contrast_sev3__seed2__persample.npz
