/path/to/ciln-workspace/venv/lib/python3.12/site-packages/torchvision/datasets/cifar.py:83: VisibleDeprecationWarning: dtype(): align should be passed as Python or NumPy boolean but got `align=0`. Did you mean to pass a tuple to create a subarray type? (Deprecated NumPy 2.4)
  entry = pickle.load(f, encoding="latin1")
condition=ours__contrast_sev3 seed=1 gpu=2
  ep   0: R(t)=1.000  acc1=23.02%  acc2=23.79%  ens=23.40%  (best 23.40 @ ep 0)  [5.4s]
  ep   1: R(t)=0.853  acc1=23.42%  acc2=27.34%  ens=25.38%  (best 25.38 @ ep 1)  [4.3s]
  ep   2: R(t)=0.793  acc1=28.20%  acc2=29.69%  ens=28.95%  (best 28.95 @ ep 2)  [4.3s]
  ep   3: R(t)=0.746  acc1=28.71%  acc2=31.61%  ens=30.16%  (best 30.16 @ ep 3)  [4.2s]
  ep   4: R(t)=0.707  acc1=26.35%  acc2=29.41%  ens=27.88%  (best 30.16 @ ep 3)  [4.4s]
  ep   5: R(t)=0.672  acc1=28.52%  acc2=28.66%  ens=28.59%  (best 30.16 @ ep 3)  [6.7s]  [sel1+2: prec=0.589, recall_clean=0.776]
  ep   6: R(t)=0.641  acc1=30.76%  acc2=30.75%  ens=30.75%  (best 30.75 @ ep 6)  [4.4s]
  ep   7: R(t)=0.612  acc1=31.65%  acc2=32.32%  ens=31.98%  (best 31.98 @ ep 7)  [4.5s]
  ep   8: R(t)=0.585  acc1=29.16%  acc2=31.52%  ens=30.34%  (best 31.98 @ ep 7)  [4.2s]
  ep   9: R(t)=0.560  acc1=29.00%  acc2=29.77%  ens=29.39%  (best 31.98 @ ep 7)  [4.4s]
  ep  10: R(t)=0.536  acc1=34.32%  acc2=33.50%  ens=33.91%  (best 33.91 @ ep 10)  [6.4s]  [sel1+2: prec=0.609, recall_clean=0.655]
  ep  11: R(t)=0.536  acc1=32.30%  acc2=32.59%  ens=32.45%  (best 33.91 @ ep 10)  [9.9s]
  ep  12: R(t)=0.536  acc1=31.93%  acc2=28.18%  ens=30.05%  (best 33.91 @ ep 10)  [10.4s]
  ep  13: R(t)=0.536  acc1=33.98%  acc2=33.07%  ens=33.52%  (best 33.91 @ ep 10)  [10.1s]
  ep  14: R(t)=0.536  acc1=33.81%  acc2=35.26%  ens=34.54%  (best 34.54 @ ep 14)  [9.8s]
  ep  15: R(t)=0.536  acc1=33.19%  acc2=33.51%  ens=33.35%  (best 34.54 @ ep 14)  [12.7s]
  ep  16: R(t)=0.536  acc1=31.85%  acc2=35.91%  ens=33.88%  (best 34.54 @ ep 14)  [9.5s]
  ep  17: R(t)=0.536  acc1=32.07%  acc2=31.70%  ens=31.88%  (best 34.54 @ ep 14)  [11.1s]
  ep  18: R(t)=0.536  acc1=32.26%  acc2=34.90%  ens=33.58%  (best 34.54 @ ep 14)  [9.2s]
  ep  19: R(t)=0.536  acc1=32.47%  acc2=34.52%  ens=33.49%  (best 34.54 @ ep 14)  [9.7s]
  ep  20: R(t)=0.536  acc1=39.98%  acc2=37.92%  ens=38.95%  (best 38.95 @ ep 20)  [12.2s]  [sel1+2: prec=0.622, recall_clean=0.669]
  ep  21: R(t)=0.536  acc1=35.14%  acc2=36.96%  ens=36.05%  (best 38.95 @ ep 20)  [4.5s]
  ep  22: R(t)=0.536  acc1=35.94%  acc2=33.50%  ens=34.72%  (best 38.95 @ ep 20)  [4.4s]
  ep  23: R(t)=0.536  acc1=35.09%  acc2=32.89%  ens=33.99%  (best 38.95 @ ep 20)  [4.3s]
  ep  24: R(t)=0.536  acc1=34.27%  acc2=35.09%  ens=34.68%  (best 38.95 @ ep 20)  [4.6s]
  ep  25: R(t)=0.536  acc1=31.75%  acc2=32.36%  ens=32.05%  (best 38.95 @ ep 20)  [4.3s]
  ep  26: R(t)=0.536  acc1=32.13%  acc2=36.27%  ens=34.20%  (best 38.95 @ ep 20)  [4.4s]
  ep  27: R(t)=0.536  acc1=33.75%  acc2=33.52%  ens=33.64%  (best 38.95 @ ep 20)  [4.3s]
  ep  28: R(t)=0.536  acc1=39.94%  acc2=35.86%  ens=37.90%  (best 38.95 @ ep 20)  [4.0s]
  ep  29: R(t)=0.536  acc1=36.21%  acc2=32.45%  ens=34.33%  (best 38.95 @ ep 20)  [4.5s]
  ep  30: R(t)=0.536  acc1=36.93%  acc2=37.18%  ens=37.06%  (best 38.95 @ ep 20)  [6.4s]  [sel1+2: prec=0.645, recall_clean=0.692]
  ep  31: R(t)=0.536  acc1=37.42%  acc2=38.30%  ens=37.86%  (best 38.95 @ ep 20)  [4.2s]
  ep  32: R(t)=0.536  acc1=33.47%  acc2=33.35%  ens=33.41%  (best 38.95 @ ep 20)  [4.6s]
  ep  33: R(t)=0.536  acc1=31.20%  acc2=32.26%  ens=31.73%  (best 38.95 @ ep 20)  [4.3s]
  ep  34: R(t)=0.536  acc1=36.57%  acc2=35.79%  ens=36.18%  (best 38.95 @ ep 20)  [8.5s]
  ep  35: R(t)=0.536  acc1=39.03%  acc2=37.06%  ens=38.04%  (best 38.95 @ ep 20)  [7.0s]
  ep  36: R(t)=0.536  acc1=37.53%  acc2=37.39%  ens=37.46%  (best 38.95 @ ep 20)  [4.4s]
  ep  37: R(t)=0.536  acc1=34.69%  acc2=36.99%  ens=35.84%  (best 38.95 @ ep 20)  [4.5s]
  ep  38: R(t)=0.536  acc1=39.11%  acc2=35.49%  ens=37.30%  (best 38.95 @ ep 20)  [4.3s]
  ep  39: R(t)=0.536  acc1=37.45%  acc2=39.36%  ens=38.41%  (best 38.95 @ ep 20)  [4.5s]
  ep  40: R(t)=0.536  acc1=37.35%  acc2=35.07%  ens=36.21%  (best 38.95 @ ep 20)  [4.3s]
  ep  41: R(t)=0.536  acc1=35.60%  acc2=36.93%  ens=36.27%  (best 38.95 @ ep 20)  [4.5s]
  ep  42: R(t)=0.536  acc1=34.47%  acc2=33.53%  ens=34.00%  (best 38.95 @ ep 20)  [4.3s]
  ep  43: R(t)=0.536  acc1=41.87%  acc2=40.65%  ens=41.26%  (best 41.26 @ ep 43)  [4.4s]
  ep  44: R(t)=0.536  acc1=31.51%  acc2=32.27%  ens=31.89%  (best 41.26 @ ep 43)  [4.3s]
  ep  45: R(t)=0.536  acc1=35.05%  acc2=33.50%  ens=34.27%  (best 41.26 @ ep 43)  [4.5s]
  ep  46: R(t)=0.536  acc1=40.73%  acc2=42.00%  ens=41.36%  (best 41.36 @ ep 46)  [4.6s]
  ep  47: R(t)=0.536  acc1=36.18%  acc2=37.81%  ens=36.99%  (best 41.36 @ ep 46)  [4.3s]
  ep  48: R(t)=0.536  acc1=38.27%  acc2=37.80%  ens=38.03%  (best 41.36 @ ep 46)  [4.3s]
  ep  49: R(t)=0.536  acc1=40.89%  acc2=41.92%  ens=41.41%  (best 41.41 @ ep 49)  [7.3s]
  ep  50: R(t)=0.536  acc1=41.74%  acc2=41.39%  ens=41.56%  (best 41.56 @ ep 50)  [17.6s]  [sel1+2: prec=0.667, recall_clean=0.710]
  ep  51: R(t)=0.536  acc1=38.80%  acc2=37.57%  ens=38.19%  (best 41.56 @ ep 50)  [9.5s]
  ep  52: R(t)=0.536  acc1=39.34%  acc2=40.37%  ens=39.86%  (best 41.56 @ ep 50)  [11.0s]
  ep  53: R(t)=0.536  acc1=37.02%  acc2=37.69%  ens=37.35%  (best 41.56 @ ep 50)  [9.5s]
  ep  54: R(t)=0.536  acc1=38.01%  acc2=38.30%  ens=38.16%  (best 41.56 @ ep 50)  [9.8s]
  ep  55: R(t)=0.536  acc1=38.81%  acc2=35.35%  ens=37.08%  (best 41.56 @ ep 50)  [13.0s]
  ep  56: R(t)=0.536  acc1=41.47%  acc2=39.79%  ens=40.63%  (best 41.56 @ ep 50)  [9.1s]
  ep  57: R(t)=0.536  acc1=38.78%  acc2=38.85%  ens=38.81%  (best 41.56 @ ep 50)  [9.9s]
  ep  58: R(t)=0.536  acc1=40.41%  acc2=42.57%  ens=41.49%  (best 41.56 @ ep 50)  [13.2s]
  ep  59: R(t)=0.536  acc1=42.47%  acc2=38.93%  ens=40.70%  (best 41.56 @ ep 50)  [9.8s]
  ep  60: R(t)=0.536  acc1=38.88%  acc2=37.95%  ens=38.41%  (best 41.56 @ ep 50)  [10.2s]
  ep  61: R(t)=0.536  acc1=41.96%  acc2=41.11%  ens=41.53%  (best 41.56 @ ep 50)  [11.0s]
  ep  62: R(t)=0.536  acc1=42.97%  acc2=42.70%  ens=42.84%  (best 42.84 @ ep 62)  [10.0s]
  ep  63: R(t)=0.536  acc1=40.98%  acc2=38.68%  ens=39.83%  (best 42.84 @ ep 62)  [10.5s]
  ep  64: R(t)=0.536  acc1=38.47%  acc2=39.92%  ens=39.20%  (best 42.84 @ ep 62)  [8.4s]
  ep  65: R(t)=0.536  acc1=40.18%  acc2=41.46%  ens=40.82%  (best 42.84 @ ep 62)  [4.2s]
  ep  66: R(t)=0.536  acc1=40.35%  acc2=38.98%  ens=39.66%  (best 42.84 @ ep 62)  [4.5s]
  ep  67: R(t)=0.536  acc1=39.99%  acc2=40.44%  ens=40.22%  (best 42.84 @ ep 62)  [4.2s]
  ep  68: R(t)=0.536  acc1=39.10%  acc2=38.87%  ens=38.98%  (best 42.84 @ ep 62)  [4.7s]
  ep  69: R(t)=0.536  acc1=39.86%  acc2=39.40%  ens=39.63%  (best 42.84 @ ep 62)  [4.3s]
  ep  70: R(t)=0.536  acc1=41.82%  acc2=41.75%  ens=41.78%  (best 42.84 @ ep 62)  [4.3s]
  ep  71: R(t)=0.536  acc1=38.41%  acc2=39.63%  ens=39.02%  (best 42.84 @ ep 62)  [4.6s]
  ep  72: R(t)=0.536  acc1=38.89%  acc2=39.92%  ens=39.41%  (best 42.84 @ ep 62)  [4.4s]
  ep  73: R(t)=0.536  acc1=40.57%  acc2=40.67%  ens=40.62%  (best 42.84 @ ep 62)  [4.4s]
  ep  74: R(t)=0.536  acc1=41.43%  acc2=40.63%  ens=41.03%  (best 42.84 @ ep 62)  [4.5s]
  ep  75: R(t)=0.536  acc1=40.83%  acc2=40.27%  ens=40.55%  (best 42.84 @ ep 62)  [6.4s]  [sel1+2: prec=0.686, recall_clean=0.715]
  ep  76: R(t)=0.536  acc1=41.33%  acc2=41.00%  ens=41.16%  (best 42.84 @ ep 62)  [4.4s]
  ep  77: R(t)=0.536  acc1=41.03%  acc2=41.73%  ens=41.38%  (best 42.84 @ ep 62)  [4.3s]
  ep  78: R(t)=0.536  acc1=40.62%  acc2=40.37%  ens=40.50%  (best 42.84 @ ep 62)  [8.5s]
  ep  79: R(t)=0.536  acc1=40.12%  acc2=40.10%  ens=40.11%  (best 42.84 @ ep 62)  [9.9s]
  ep  80: R(t)=0.536  acc1=40.81%  acc2=40.79%  ens=40.80%  (best 42.84 @ ep 62)  [4.6s]
  ep  81: R(t)=0.536  acc1=41.07%  acc2=40.41%  ens=40.74%  (best 42.84 @ ep 62)  [4.2s]
  ep  82: R(t)=0.536  acc1=40.95%  acc2=39.93%  ens=40.44%  (best 42.84 @ ep 62)  [4.1s]
  ep  83: R(t)=0.536  acc1=40.67%  acc2=40.57%  ens=40.62%  (best 42.84 @ ep 62)  [4.2s]
  ep  84: R(t)=0.536  acc1=40.61%  acc2=40.31%  ens=40.46%  (best 42.84 @ ep 62)  [4.3s]
  ep  85: R(t)=0.536  acc1=41.42%  acc2=40.93%  ens=41.17%  (best 42.84 @ ep 62)  [4.4s]
  ep  86: R(t)=0.536  acc1=41.42%  acc2=41.23%  ens=41.33%  (best 42.84 @ ep 62)  [4.3s]
  ep  87: R(t)=0.536  acc1=40.89%  acc2=40.31%  ens=40.60%  (best 42.84 @ ep 62)  [4.4s]
  ep  88: R(t)=0.536  acc1=40.72%  acc2=40.71%  ens=40.72%  (best 42.84 @ ep 62)  [4.0s]
  ep  89: R(t)=0.536  acc1=41.29%  acc2=41.43%  ens=41.36%  (best 42.84 @ ep 62)  [4.1s]
  ep  90: R(t)=0.536  acc1=41.23%  acc2=41.19%  ens=41.21%  (best 42.84 @ ep 62)  [4.2s]
  ep  91: R(t)=0.536  acc1=41.08%  acc2=40.99%  ens=41.03%  (best 42.84 @ ep 62)  [4.4s]
  ep  92: R(t)=0.536  acc1=41.40%  acc2=41.64%  ens=41.52%  (best 42.84 @ ep 62)  [4.9s]
  ep  93: R(t)=0.536  acc1=41.97%  acc2=41.77%  ens=41.87%  (best 42.84 @ ep 62)  [4.3s]
  ep  94: R(t)=0.536  acc1=41.70%  acc2=41.70%  ens=41.70%  (best 42.84 @ ep 62)  [11.0s]
  ep  95: R(t)=0.536  acc1=41.44%  acc2=41.26%  ens=41.35%  (best 42.84 @ ep 62)  [10.5s]
  ep  96: R(t)=0.536  acc1=41.88%  acc2=41.75%  ens=41.82%  (best 42.84 @ ep 62)  [11.1s]
  ep  97: R(t)=0.536  acc1=41.87%  acc2=41.69%  ens=41.78%  (best 42.84 @ ep 62)  [13.4s]
  ep  98: R(t)=0.536  acc1=41.46%  acc2=41.51%  ens=41.49%  (best 42.84 @ ep 62)  [10.2s]
  ep  99: R(t)=0.536  acc1=41.74%  acc2=41.47%  ens=41.61%  (best 42.84 @ ep 62)  [14.6s]  [sel1+2: prec=0.693, recall_clean=0.712]

saved /path/to/ciln-workspace/journal_edition/robustness_transfer/results_v3/coteaching/ours__contrast_sev3__seed1.json: best ens-acc 42.84% @ ep 62
saved /path/to/ciln-workspace/journal_edition/robustness_transfer/results_v3/coteaching/ours__contrast_sev3__seed1__persample.npz
