/path/to/ciln-workspace/venv/lib/python3.12/site-packages/torchvision/datasets/cifar.py:83: VisibleDeprecationWarning: dtype(): align should be passed as Python or NumPy boolean but got `align=0`. Did you mean to pass a tuple to create a subarray type? (Deprecated NumPy 2.4)
  entry = pickle.load(f, encoding="latin1")
condition=ours__brightness_sev5 seed=2 gpu=1
  ep   0: R(t)=1.000  acc1=26.04%  acc2=33.06%  ens=29.55%  (best 29.55 @ ep 0)  [5.2s]
  ep   1: R(t)=0.932  acc1=35.90%  acc2=30.88%  ens=33.39%  (best 33.39 @ ep 1)  [4.3s]
  ep   2: R(t)=0.904  acc1=43.08%  acc2=45.99%  ens=44.54%  (best 44.54 @ ep 2)  [4.4s]
  ep   3: R(t)=0.882  acc1=45.12%  acc2=37.25%  ens=41.19%  (best 44.54 @ ep 2)  [4.0s]
  ep   4: R(t)=0.864  acc1=47.22%  acc2=46.21%  ens=46.72%  (best 46.72 @ ep 4)  [4.0s]
  ep   5: R(t)=0.847  acc1=49.08%  acc2=47.14%  ens=48.11%  (best 48.11 @ ep 5)  [6.0s]  [sel1+2: prec=0.848, recall_clean=0.958]
  ep   6: R(t)=0.833  acc1=45.45%  acc2=47.83%  ens=46.64%  (best 48.11 @ ep 5)  [4.4s]
  ep   7: R(t)=0.820  acc1=48.43%  acc2=52.99%  ens=50.71%  (best 50.71 @ ep 7)  [4.4s]
  ep   8: R(t)=0.807  acc1=49.44%  acc2=44.41%  ens=46.92%  (best 50.71 @ ep 7)  [4.2s]
  ep   9: R(t)=0.795  acc1=53.94%  acc2=52.38%  ens=53.16%  (best 53.16 @ ep 9)  [4.4s]
  ep  10: R(t)=0.784  acc1=57.12%  acc2=56.89%  ens=57.00%  (best 57.00 @ ep 10)  [6.6s]  [sel1+2: prec=0.903, recall_clean=0.945]
  ep  11: R(t)=0.784  acc1=54.58%  acc2=55.35%  ens=54.96%  (best 57.00 @ ep 10)  [10.9s]
  ep  12: R(t)=0.784  acc1=53.68%  acc2=58.41%  ens=56.05%  (best 57.00 @ ep 10)  [11.6s]
  ep  13: R(t)=0.784  acc1=52.18%  acc2=54.36%  ens=53.27%  (best 57.00 @ ep 10)  [4.5s]
  ep  14: R(t)=0.784  acc1=57.69%  acc2=59.39%  ens=58.54%  (best 58.54 @ ep 14)  [4.2s]
  ep  15: R(t)=0.784  acc1=56.30%  acc2=57.27%  ens=56.78%  (best 58.54 @ ep 14)  [4.4s]
  ep  16: R(t)=0.784  acc1=54.65%  acc2=54.59%  ens=54.62%  (best 58.54 @ ep 14)  [4.6s]
  ep  17: R(t)=0.784  acc1=58.50%  acc2=53.16%  ens=55.83%  (best 58.54 @ ep 14)  [4.4s]
  ep  18: R(t)=0.784  acc1=58.29%  acc2=61.39%  ens=59.84%  (best 59.84 @ ep 18)  [4.6s]
  ep  19: R(t)=0.784  acc1=53.42%  acc2=58.03%  ens=55.73%  (best 59.84 @ ep 18)  [4.2s]
  ep  20: R(t)=0.784  acc1=55.24%  acc2=42.05%  ens=48.64%  (best 59.84 @ ep 18)  [6.4s]  [sel1+2: prec=0.922, recall_clean=0.959]
  ep  21: R(t)=0.784  acc1=61.08%  acc2=58.10%  ens=59.59%  (best 59.84 @ ep 18)  [4.3s]
  ep  22: R(t)=0.784  acc1=59.12%  acc2=60.45%  ens=59.78%  (best 59.84 @ ep 18)  [4.2s]
  ep  23: R(t)=0.784  acc1=59.50%  acc2=56.69%  ens=58.09%  (best 59.84 @ ep 18)  [4.5s]
  ep  24: R(t)=0.784  acc1=57.35%  acc2=56.83%  ens=57.09%  (best 59.84 @ ep 18)  [4.5s]
  ep  25: R(t)=0.784  acc1=60.29%  acc2=62.04%  ens=61.17%  (best 61.17 @ ep 25)  [4.3s]
  ep  26: R(t)=0.784  acc1=59.30%  acc2=62.07%  ens=60.69%  (best 61.17 @ ep 25)  [8.9s]
  ep  27: R(t)=0.784  acc1=61.91%  acc2=58.70%  ens=60.30%  (best 61.17 @ ep 25)  [4.3s]
  ep  28: R(t)=0.784  acc1=62.47%  acc2=59.71%  ens=61.09%  (best 61.17 @ ep 25)  [4.3s]
  ep  29: R(t)=0.784  acc1=59.91%  acc2=61.45%  ens=60.68%  (best 61.17 @ ep 25)  [4.1s]
  ep  30: R(t)=0.784  acc1=64.79%  acc2=61.12%  ens=62.96%  (best 62.96 @ ep 30)  [6.7s]  [sel1+2: prec=0.927, recall_clean=0.964]
  ep  31: R(t)=0.784  acc1=62.48%  acc2=61.39%  ens=61.94%  (best 62.96 @ ep 30)  [4.4s]
  ep  32: R(t)=0.784  acc1=58.33%  acc2=62.34%  ens=60.34%  (best 62.96 @ ep 30)  [4.4s]
  ep  33: R(t)=0.784  acc1=59.72%  acc2=57.34%  ens=58.53%  (best 62.96 @ ep 30)  [4.2s]
  ep  34: R(t)=0.784  acc1=61.85%  acc2=59.29%  ens=60.57%  (best 62.96 @ ep 30)  [4.3s]
  ep  35: R(t)=0.784  acc1=62.96%  acc2=64.88%  ens=63.92%  (best 63.92 @ ep 35)  [4.5s]
  ep  36: R(t)=0.784  acc1=62.13%  acc2=53.30%  ens=57.72%  (best 63.92 @ ep 35)  [4.2s]
  ep  37: R(t)=0.784  acc1=60.87%  acc2=63.10%  ens=61.98%  (best 63.92 @ ep 35)  [4.1s]
  ep  38: R(t)=0.784  acc1=54.11%  acc2=46.96%  ens=50.53%  (best 63.92 @ ep 35)  [4.2s]
  ep  39: R(t)=0.784  acc1=60.39%  acc2=62.18%  ens=61.29%  (best 63.92 @ ep 35)  [4.1s]
  ep  40: R(t)=0.784  acc1=62.92%  acc2=62.74%  ens=62.83%  (best 63.92 @ ep 35)  [4.5s]
  ep  41: R(t)=0.784  acc1=63.53%  acc2=62.39%  ens=62.96%  (best 63.92 @ ep 35)  [14.3s]
  ep  42: R(t)=0.784  acc1=63.29%  acc2=64.02%  ens=63.65%  (best 63.92 @ ep 35)  [4.3s]
  ep  43: R(t)=0.784  acc1=65.71%  acc2=66.05%  ens=65.88%  (best 65.88 @ ep 43)  [4.3s]
  ep  44: R(t)=0.784  acc1=63.94%  acc2=65.16%  ens=64.55%  (best 65.88 @ ep 43)  [4.6s]
  ep  45: R(t)=0.784  acc1=62.47%  acc2=64.68%  ens=63.58%  (best 65.88 @ ep 43)  [4.4s]
  ep  46: R(t)=0.784  acc1=57.11%  acc2=61.17%  ens=59.14%  (best 65.88 @ ep 43)  [4.3s]
  ep  47: R(t)=0.784  acc1=64.91%  acc2=62.35%  ens=63.63%  (best 65.88 @ ep 43)  [4.2s]
  ep  48: R(t)=0.784  acc1=63.68%  acc2=63.95%  ens=63.81%  (best 65.88 @ ep 43)  [4.3s]
  ep  49: R(t)=0.784  acc1=65.46%  acc2=65.40%  ens=65.43%  (best 65.88 @ ep 43)  [4.5s]
  ep  50: R(t)=0.784  acc1=63.88%  acc2=62.14%  ens=63.01%  (best 65.88 @ ep 43)  [6.6s]  [sel1+2: prec=0.939, recall_clean=0.970]
  ep  51: R(t)=0.784  acc1=61.90%  acc2=65.25%  ens=63.58%  (best 65.88 @ ep 43)  [4.2s]
  ep  52: R(t)=0.784  acc1=64.44%  acc2=65.51%  ens=64.98%  (best 65.88 @ ep 43)  [4.3s]
  ep  53: R(t)=0.784  acc1=67.18%  acc2=67.44%  ens=67.31%  (best 67.31 @ ep 53)  [4.4s]
  ep  54: R(t)=0.784  acc1=65.97%  acc2=67.03%  ens=66.50%  (best 67.31 @ ep 53)  [4.5s]
  ep  55: R(t)=0.784  acc1=64.59%  acc2=64.75%  ens=64.67%  (best 67.31 @ ep 53)  [11.3s]
  ep  56: R(t)=0.784  acc1=64.74%  acc2=65.77%  ens=65.25%  (best 67.31 @ ep 53)  [4.1s]
  ep  57: R(t)=0.784  acc1=66.86%  acc2=64.70%  ens=65.78%  (best 67.31 @ ep 53)  [4.3s]
  ep  58: R(t)=0.784  acc1=66.86%  acc2=65.45%  ens=66.16%  (best 67.31 @ ep 53)  [4.0s]
  ep  59: R(t)=0.784  acc1=66.03%  acc2=64.84%  ens=65.44%  (best 67.31 @ ep 53)  [4.5s]
  ep  60: R(t)=0.784  acc1=66.99%  acc2=64.61%  ens=65.80%  (best 67.31 @ ep 53)  [4.2s]
  ep  61: R(t)=0.784  acc1=68.68%  acc2=67.27%  ens=67.97%  (best 67.97 @ ep 61)  [4.3s]
  ep  62: R(t)=0.784  acc1=65.25%  acc2=67.94%  ens=66.59%  (best 67.97 @ ep 61)  [4.5s]
  ep  63: R(t)=0.784  acc1=67.55%  acc2=66.79%  ens=67.17%  (best 67.97 @ ep 61)  [4.4s]
  ep  64: R(t)=0.784  acc1=67.86%  acc2=66.17%  ens=67.02%  (best 67.97 @ ep 61)  [4.3s]
  ep  65: R(t)=0.784  acc1=65.88%  acc2=66.83%  ens=66.36%  (best 67.97 @ ep 61)  [4.2s]
  ep  66: R(t)=0.784  acc1=67.21%  acc2=68.74%  ens=67.98%  (best 67.98 @ ep 66)  [4.3s]
  ep  67: R(t)=0.784  acc1=68.07%  acc2=67.63%  ens=67.85%  (best 67.98 @ ep 66)  [4.3s]
  ep  68: R(t)=0.784  acc1=68.64%  acc2=68.67%  ens=68.66%  (best 68.66 @ ep 68)  [4.3s]
  ep  69: R(t)=0.784  acc1=66.05%  acc2=67.55%  ens=66.80%  (best 68.66 @ ep 68)  [5.3s]
  ep  70: R(t)=0.784  acc1=68.02%  acc2=67.64%  ens=67.83%  (best 68.66 @ ep 68)  [4.2s]
  ep  71: R(t)=0.784  acc1=69.34%  acc2=69.36%  ens=69.35%  (best 69.35 @ ep 71)  [4.3s]
  ep  72: R(t)=0.784  acc1=67.38%  acc2=68.72%  ens=68.05%  (best 69.35 @ ep 71)  [4.2s]
  ep  73: R(t)=0.784  acc1=68.09%  acc2=68.99%  ens=68.54%  (best 69.35 @ ep 71)  [4.4s]
  ep  74: R(t)=0.784  acc1=69.12%  acc2=69.12%  ens=69.12%  (best 69.35 @ ep 71)  [4.3s]
  ep  75: R(t)=0.784  acc1=69.51%  acc2=69.76%  ens=69.64%  (best 69.64 @ ep 75)  [6.1s]  [sel1+2: prec=0.947, recall_clean=0.970]
  ep  76: R(t)=0.784  acc1=68.77%  acc2=68.86%  ens=68.81%  (best 69.64 @ ep 75)  [4.2s]
  ep  77: R(t)=0.784  acc1=68.14%  acc2=68.57%  ens=68.36%  (best 69.64 @ ep 75)  [4.2s]
  ep  78: R(t)=0.784  acc1=68.91%  acc2=69.09%  ens=69.00%  (best 69.64 @ ep 75)  [4.3s]
  ep  79: R(t)=0.784  acc1=68.75%  acc2=69.65%  ens=69.20%  (best 69.64 @ ep 75)  [4.3s]
  ep  80: R(t)=0.784  acc1=69.30%  acc2=69.39%  ens=69.34%  (best 69.64 @ ep 75)  [4.0s]
  ep  81: R(t)=0.784  acc1=69.27%  acc2=69.03%  ens=69.15%  (best 69.64 @ ep 75)  [4.0s]
  ep  82: R(t)=0.784  acc1=69.88%  acc2=69.12%  ens=69.50%  (best 69.64 @ ep 75)  [4.2s]
  ep  83: R(t)=0.784  acc1=68.35%  acc2=68.48%  ens=68.42%  (best 69.64 @ ep 75)  [7.3s]
  ep  84: R(t)=0.784  acc1=69.64%  acc2=69.07%  ens=69.36%  (best 69.64 @ ep 75)  [15.5s]
  ep  85: R(t)=0.784  acc1=69.67%  acc2=69.87%  ens=69.77%  (best 69.77 @ ep 85)  [16.6s]
  ep  86: R(t)=0.784  acc1=69.40%  acc2=69.23%  ens=69.31%  (best 69.77 @ ep 85)  [12.9s]
  ep  87: R(t)=0.784  acc1=69.50%  acc2=69.45%  ens=69.47%  (best 69.77 @ ep 85)  [4.4s]
  ep  88: R(t)=0.784  acc1=69.88%  acc2=69.42%  ens=69.65%  (best 69.77 @ ep 85)  [4.2s]
  ep  89: R(t)=0.784  acc1=70.37%  acc2=69.59%  ens=69.98%  (best 69.98 @ ep 89)  [4.6s]
  ep  90: R(t)=0.784  acc1=69.65%  acc2=69.32%  ens=69.48%  (best 69.98 @ ep 89)  [4.3s]
  ep  91: R(t)=0.784  acc1=69.28%  acc2=68.72%  ens=69.00%  (best 69.98 @ ep 89)  [4.2s]
  ep  92: R(t)=0.784  acc1=69.86%  acc2=69.47%  ens=69.66%  (best 69.98 @ ep 89)  [4.2s]
  ep  93: R(t)=0.784  acc1=69.03%  acc2=69.04%  ens=69.03%  (best 69.98 @ ep 89)  [4.2s]
  ep  94: R(t)=0.784  acc1=69.26%  acc2=69.12%  ens=69.19%  (best 69.98 @ ep 89)  [4.6s]
  ep  95: R(t)=0.784  acc1=69.57%  acc2=69.45%  ens=69.51%  (best 69.98 @ ep 89)  [4.3s]
  ep  96: R(t)=0.784  acc1=69.12%  acc2=69.21%  ens=69.17%  (best 69.98 @ ep 89)  [4.5s]
  ep  97: R(t)=0.784  acc1=69.35%  acc2=69.24%  ens=69.30%  (best 69.98 @ ep 89)  [4.2s]
  ep  98: R(t)=0.784  acc1=69.68%  acc2=69.39%  ens=69.53%  (best 69.98 @ ep 89)  [4.6s]
  ep  99: R(t)=0.784  acc1=69.30%  acc2=69.04%  ens=69.17%  (best 69.98 @ ep 89)  [6.4s]  [sel1+2: prec=0.947, recall_clean=0.967]

saved /path/to/ciln-workspace/journal_edition/robustness_transfer/results_v3/coteaching/ours__brightness_sev5__seed2.json: best ens-acc 69.98% @ ep 89
saved /path/to/ciln-workspace/journal_edition/robustness_transfer/results_v3/coteaching/ours__brightness_sev5__seed2__persample.npz
