/path/to/ciln-workspace/venv/lib/python3.12/site-packages/torchvision/datasets/cifar.py:83: VisibleDeprecationWarning: dtype(): align should be passed as Python or NumPy boolean but got `align=0`. Did you mean to pass a tuple to create a subarray type? (Deprecated NumPy 2.4)
  entry = pickle.load(f, encoding="latin1")
condition=ours__fog_sev3 seed=1 gpu=2
  ep   0: R(t)=1.000  acc1=30.25%  acc2=31.18%  ens=30.72%  (best 30.72 @ ep 0)  [5.5s]
  ep   1: R(t)=0.930  acc1=32.60%  acc2=40.61%  ens=36.60%  (best 36.60 @ ep 1)  [4.3s]
  ep   2: R(t)=0.900  acc1=40.47%  acc2=38.41%  ens=39.44%  (best 39.44 @ ep 2)  [4.5s]
  ep   3: R(t)=0.878  acc1=45.88%  acc2=47.24%  ens=46.56%  (best 46.56 @ ep 3)  [4.3s]
  ep   4: R(t)=0.859  acc1=50.18%  acc2=50.34%  ens=50.26%  (best 50.26 @ ep 4)  [4.6s]
  ep   5: R(t)=0.843  acc1=48.02%  acc2=49.01%  ens=48.52%  (best 50.26 @ ep 4)  [8.0s]  [sel1+2: prec=0.848, recall_clean=0.964]
  ep   6: R(t)=0.828  acc1=46.01%  acc2=48.45%  ens=47.23%  (best 50.26 @ ep 4)  [9.8s]
  ep   7: R(t)=0.814  acc1=53.98%  acc2=51.06%  ens=52.52%  (best 52.52 @ ep 7)  [9.7s]
  ep   8: R(t)=0.801  acc1=55.14%  acc2=54.48%  ens=54.81%  (best 54.81 @ ep 8)  [9.4s]
  ep   9: R(t)=0.789  acc1=49.64%  acc2=56.05%  ens=52.84%  (best 54.81 @ ep 8)  [4.2s]
  ep  10: R(t)=0.777  acc1=53.63%  acc2=52.10%  ens=52.87%  (best 54.81 @ ep 8)  [6.7s]  [sel1+2: prec=0.895, recall_clean=0.945]
  ep  11: R(t)=0.777  acc1=54.16%  acc2=58.37%  ens=56.27%  (best 56.27 @ ep 11)  [4.2s]
  ep  12: R(t)=0.777  acc1=51.21%  acc2=50.91%  ens=51.06%  (best 56.27 @ ep 11)  [4.4s]
  ep  13: R(t)=0.777  acc1=55.59%  acc2=53.33%  ens=54.46%  (best 56.27 @ ep 11)  [4.3s]
  ep  14: R(t)=0.777  acc1=55.78%  acc2=57.87%  ens=56.82%  (best 56.82 @ ep 14)  [4.3s]
  ep  15: R(t)=0.777  acc1=59.08%  acc2=58.49%  ens=58.78%  (best 58.78 @ ep 15)  [4.5s]
  ep  16: R(t)=0.777  acc1=53.05%  acc2=54.62%  ens=53.84%  (best 58.78 @ ep 15)  [4.7s]
  ep  17: R(t)=0.777  acc1=55.09%  acc2=60.31%  ens=57.70%  (best 58.78 @ ep 15)  [4.1s]
  ep  18: R(t)=0.777  acc1=60.34%  acc2=61.31%  ens=60.82%  (best 60.82 @ ep 18)  [4.3s]
  ep  19: R(t)=0.777  acc1=57.33%  acc2=59.82%  ens=58.58%  (best 60.82 @ ep 18)  [4.3s]
  ep  20: R(t)=0.777  acc1=61.51%  acc2=61.06%  ens=61.29%  (best 61.29 @ ep 20)  [6.3s]  [sel1+2: prec=0.913, recall_clean=0.959]
  ep  21: R(t)=0.777  acc1=56.77%  acc2=58.58%  ens=57.67%  (best 61.29 @ ep 20)  [5.2s]
  ep  22: R(t)=0.777  acc1=56.39%  acc2=60.18%  ens=58.28%  (best 61.29 @ ep 20)  [8.7s]
  ep  23: R(t)=0.777  acc1=57.16%  acc2=54.36%  ens=55.76%  (best 61.29 @ ep 20)  [4.3s]
  ep  24: R(t)=0.777  acc1=57.07%  acc2=58.64%  ens=57.86%  (best 61.29 @ ep 20)  [4.5s]
  ep  25: R(t)=0.777  acc1=54.26%  acc2=48.43%  ens=51.34%  (best 61.29 @ ep 20)  [4.3s]
  ep  26: R(t)=0.777  acc1=62.20%  acc2=57.42%  ens=59.81%  (best 61.29 @ ep 20)  [4.3s]
  ep  27: R(t)=0.777  acc1=60.73%  acc2=57.62%  ens=59.17%  (best 61.29 @ ep 20)  [4.3s]
  ep  28: R(t)=0.777  acc1=66.28%  acc2=62.40%  ens=64.34%  (best 64.34 @ ep 28)  [4.3s]
  ep  29: R(t)=0.777  acc1=65.20%  acc2=65.71%  ens=65.45%  (best 65.45 @ ep 29)  [4.3s]
  ep  30: R(t)=0.777  acc1=61.01%  acc2=63.48%  ens=62.24%  (best 65.45 @ ep 29)  [6.4s]  [sel1+2: prec=0.926, recall_clean=0.968]
  ep  31: R(t)=0.777  acc1=60.72%  acc2=58.82%  ens=59.77%  (best 65.45 @ ep 29)  [4.2s]
  ep  32: R(t)=0.777  acc1=58.99%  acc2=61.76%  ens=60.38%  (best 65.45 @ ep 29)  [4.3s]
  ep  33: R(t)=0.777  acc1=62.33%  acc2=62.88%  ens=62.60%  (best 65.45 @ ep 29)  [4.2s]
  ep  34: R(t)=0.777  acc1=63.23%  acc2=61.39%  ens=62.31%  (best 65.45 @ ep 29)  [4.1s]
  ep  35: R(t)=0.777  acc1=61.28%  acc2=67.17%  ens=64.22%  (best 65.45 @ ep 29)  [4.4s]
  ep  36: R(t)=0.777  acc1=62.01%  acc2=65.61%  ens=63.81%  (best 65.45 @ ep 29)  [8.7s]
  ep  37: R(t)=0.777  acc1=56.02%  acc2=63.87%  ens=59.95%  (best 65.45 @ ep 29)  [11.4s]
  ep  38: R(t)=0.777  acc1=63.04%  acc2=64.77%  ens=63.91%  (best 65.45 @ ep 29)  [9.0s]
  ep  39: R(t)=0.777  acc1=61.88%  acc2=59.48%  ens=60.68%  (best 65.45 @ ep 29)  [10.3s]
  ep  40: R(t)=0.777  acc1=63.33%  acc2=62.47%  ens=62.90%  (best 65.45 @ ep 29)  [12.8s]
  ep  41: R(t)=0.777  acc1=62.52%  acc2=62.05%  ens=62.29%  (best 65.45 @ ep 29)  [4.4s]
  ep  42: R(t)=0.777  acc1=67.73%  acc2=60.67%  ens=64.20%  (best 65.45 @ ep 29)  [4.4s]
  ep  43: R(t)=0.777  acc1=62.48%  acc2=64.16%  ens=63.32%  (best 65.45 @ ep 29)  [4.3s]
  ep  44: R(t)=0.777  acc1=63.05%  acc2=63.74%  ens=63.40%  (best 65.45 @ ep 29)  [4.2s]
  ep  45: R(t)=0.777  acc1=63.68%  acc2=58.81%  ens=61.24%  (best 65.45 @ ep 29)  [4.4s]
  ep  46: R(t)=0.777  acc1=68.48%  acc2=61.60%  ens=65.04%  (best 65.45 @ ep 29)  [4.4s]
  ep  47: R(t)=0.777  acc1=66.11%  acc2=67.29%  ens=66.70%  (best 66.70 @ ep 47)  [4.2s]
  ep  48: R(t)=0.777  acc1=62.18%  acc2=59.61%  ens=60.89%  (best 66.70 @ ep 47)  [4.4s]
  ep  49: R(t)=0.777  acc1=66.12%  acc2=68.10%  ens=67.11%  (best 67.11 @ ep 49)  [4.2s]
  ep  50: R(t)=0.777  acc1=63.44%  acc2=63.00%  ens=63.22%  (best 67.11 @ ep 49)  [6.2s]  [sel1+2: prec=0.932, recall_clean=0.973]
  ep  51: R(t)=0.777  acc1=64.05%  acc2=67.17%  ens=65.61%  (best 67.11 @ ep 49)  [4.0s]
  ep  52: R(t)=0.777  acc1=62.25%  acc2=64.71%  ens=63.48%  (best 67.11 @ ep 49)  [4.4s]
  ep  53: R(t)=0.777  acc1=67.55%  acc2=65.84%  ens=66.69%  (best 67.11 @ ep 49)  [4.4s]
  ep  54: R(t)=0.777  acc1=66.34%  acc2=67.22%  ens=66.78%  (best 67.11 @ ep 49)  [4.1s]
  ep  55: R(t)=0.777  acc1=62.05%  acc2=66.96%  ens=64.50%  (best 67.11 @ ep 49)  [8.1s]
  ep  56: R(t)=0.777  acc1=66.25%  acc2=60.51%  ens=63.38%  (best 67.11 @ ep 49)  [10.6s]
  ep  57: R(t)=0.777  acc1=64.59%  acc2=66.22%  ens=65.41%  (best 67.11 @ ep 49)  [10.1s]
  ep  58: R(t)=0.777  acc1=66.57%  acc2=68.99%  ens=67.78%  (best 67.78 @ ep 58)  [10.6s]
  ep  59: R(t)=0.777  acc1=66.18%  acc2=67.22%  ens=66.70%  (best 67.78 @ ep 58)  [11.5s]
  ep  60: R(t)=0.777  acc1=70.28%  acc2=68.40%  ens=69.34%  (best 69.34 @ ep 60)  [9.0s]
  ep  61: R(t)=0.777  acc1=69.31%  acc2=68.44%  ens=68.88%  (best 69.34 @ ep 60)  [9.5s]
  ep  62: R(t)=0.777  acc1=67.48%  acc2=69.50%  ens=68.49%  (best 69.34 @ ep 60)  [13.7s]
  ep  63: R(t)=0.777  acc1=68.83%  acc2=67.08%  ens=67.95%  (best 69.34 @ ep 60)  [4.2s]
  ep  64: R(t)=0.777  acc1=70.06%  acc2=69.00%  ens=69.53%  (best 69.53 @ ep 64)  [4.2s]
  ep  65: R(t)=0.777  acc1=68.84%  acc2=69.48%  ens=69.16%  (best 69.53 @ ep 64)  [4.2s]
  ep  66: R(t)=0.777  acc1=68.62%  acc2=67.12%  ens=67.87%  (best 69.53 @ ep 64)  [4.2s]
  ep  67: R(t)=0.777  acc1=68.95%  acc2=67.91%  ens=68.43%  (best 69.53 @ ep 64)  [4.2s]
  ep  68: R(t)=0.777  acc1=69.24%  acc2=69.58%  ens=69.41%  (best 69.53 @ ep 64)  [4.3s]
  ep  69: R(t)=0.777  acc1=69.23%  acc2=68.21%  ens=68.72%  (best 69.53 @ ep 64)  [4.3s]
  ep  70: R(t)=0.777  acc1=68.22%  acc2=68.47%  ens=68.34%  (best 69.53 @ ep 64)  [4.3s]
  ep  71: R(t)=0.777  acc1=67.23%  acc2=70.28%  ens=68.75%  (best 69.53 @ ep 64)  [4.3s]
  ep  72: R(t)=0.777  acc1=69.63%  acc2=69.63%  ens=69.63%  (best 69.63 @ ep 72)  [4.5s]
  ep  73: R(t)=0.777  acc1=69.67%  acc2=70.58%  ens=70.12%  (best 70.12 @ ep 73)  [4.4s]
  ep  74: R(t)=0.777  acc1=70.12%  acc2=69.74%  ens=69.93%  (best 70.12 @ ep 73)  [4.4s]
  ep  75: R(t)=0.777  acc1=69.95%  acc2=70.91%  ens=70.43%  (best 70.43 @ ep 75)  [6.3s]  [sel1+2: prec=0.943, recall_clean=0.974]
  ep  76: R(t)=0.777  acc1=69.11%  acc2=68.73%  ens=68.92%  (best 70.43 @ ep 75)  [6.4s]
  ep  77: R(t)=0.777  acc1=68.12%  acc2=69.18%  ens=68.65%  (best 70.43 @ ep 75)  [9.8s]
  ep  78: R(t)=0.777  acc1=70.35%  acc2=69.95%  ens=70.15%  (best 70.43 @ ep 75)  [11.5s]
  ep  79: R(t)=0.777  acc1=69.81%  acc2=69.13%  ens=69.47%  (best 70.43 @ ep 75)  [9.2s]
  ep  80: R(t)=0.777  acc1=70.22%  acc2=69.84%  ens=70.03%  (best 70.43 @ ep 75)  [9.8s]
  ep  81: R(t)=0.777  acc1=71.08%  acc2=71.50%  ens=71.29%  (best 71.29 @ ep 81)  [8.8s]
  ep  82: R(t)=0.777  acc1=69.74%  acc2=70.00%  ens=69.87%  (best 71.29 @ ep 81)  [4.5s]
  ep  83: R(t)=0.777  acc1=70.03%  acc2=70.16%  ens=70.09%  (best 71.29 @ ep 81)  [4.3s]
  ep  84: R(t)=0.777  acc1=70.17%  acc2=70.24%  ens=70.21%  (best 71.29 @ ep 81)  [4.3s]
  ep  85: R(t)=0.777  acc1=70.10%  acc2=70.02%  ens=70.06%  (best 71.29 @ ep 81)  [4.4s]
  ep  86: R(t)=0.777  acc1=69.79%  acc2=69.69%  ens=69.74%  (best 71.29 @ ep 81)  [4.6s]
  ep  87: R(t)=0.777  acc1=68.96%  acc2=70.12%  ens=69.54%  (best 71.29 @ ep 81)  [4.3s]
  ep  88: R(t)=0.777  acc1=70.34%  acc2=70.86%  ens=70.60%  (best 71.29 @ ep 81)  [4.4s]
  ep  89: R(t)=0.777  acc1=70.21%  acc2=70.60%  ens=70.41%  (best 71.29 @ ep 81)  [4.4s]
  ep  90: R(t)=0.777  acc1=70.34%  acc2=70.64%  ens=70.49%  (best 71.29 @ ep 81)  [4.5s]
  ep  91: R(t)=0.777  acc1=70.27%  acc2=71.10%  ens=70.69%  (best 71.29 @ ep 81)  [4.4s]
  ep  92: R(t)=0.777  acc1=70.13%  acc2=70.49%  ens=70.31%  (best 71.29 @ ep 81)  [4.5s]
  ep  93: R(t)=0.777  acc1=70.66%  acc2=70.83%  ens=70.75%  (best 71.29 @ ep 81)  [4.2s]
  ep  94: R(t)=0.777  acc1=70.49%  acc2=70.68%  ens=70.58%  (best 71.29 @ ep 81)  [4.3s]
  ep  95: R(t)=0.777  acc1=70.56%  acc2=70.89%  ens=70.72%  (best 71.29 @ ep 81)  [8.6s]
  ep  96: R(t)=0.777  acc1=70.47%  acc2=70.70%  ens=70.58%  (best 71.29 @ ep 81)  [9.5s]
  ep  97: R(t)=0.777  acc1=70.59%  acc2=70.72%  ens=70.66%  (best 71.29 @ ep 81)  [10.0s]
  ep  98: R(t)=0.777  acc1=70.46%  acc2=70.37%  ens=70.42%  (best 71.29 @ ep 81)  [12.2s]
  ep  99: R(t)=0.777  acc1=70.56%  acc2=70.86%  ens=70.71%  (best 71.29 @ ep 81)  [14.2s]  [sel1+2: prec=0.943, recall_clean=0.970]

saved /path/to/ciln-workspace/journal_edition/robustness_transfer/results_v3/coteaching/ours__fog_sev3__seed1.json: best ens-acc 71.29% @ ep 81
saved /path/to/ciln-workspace/journal_edition/robustness_transfer/results_v3/coteaching/ours__fog_sev3__seed1__persample.npz
