/path/to/ciln-workspace/venv/lib/python3.12/site-packages/torchvision/datasets/cifar.py:83: VisibleDeprecationWarning: dtype(): align should be passed as Python or NumPy boolean but got `align=0`. Did you mean to pass a tuple to create a subarray type? (Deprecated NumPy 2.4)
  entry = pickle.load(f, encoding="latin1")
condition=ours__impulse_noise_sev5 seed=1 gpu=2
  ep   0: R(t)=1.000  acc1=22.43%  acc2=16.75%  ens=19.59%  (best 19.59 @ ep 0)  [5.5s]
  ep   1: R(t)=0.846  acc1=24.83%  acc2=28.39%  ens=26.61%  (best 26.61 @ ep 1)  [4.2s]
  ep   2: R(t)=0.783  acc1=27.69%  acc2=27.60%  ens=27.64%  (best 27.64 @ ep 2)  [4.4s]
  ep   3: R(t)=0.734  acc1=26.03%  acc2=24.07%  ens=25.05%  (best 27.64 @ ep 2)  [4.3s]
  ep   4: R(t)=0.693  acc1=31.79%  acc2=30.42%  ens=31.11%  (best 31.11 @ ep 4)  [4.4s]
  ep   5: R(t)=0.656  acc1=31.58%  acc2=32.22%  ens=31.90%  (best 31.90 @ ep 5)  [6.1s]  [sel1+2: prec=0.599, recall_clean=0.803]
  ep   6: R(t)=0.623  acc1=32.90%  acc2=32.76%  ens=32.83%  (best 32.83 @ ep 6)  [4.3s]
  ep   7: R(t)=0.593  acc1=28.86%  acc2=27.80%  ens=28.33%  (best 32.83 @ ep 6)  [7.4s]
  ep   8: R(t)=0.565  acc1=30.07%  acc2=30.16%  ens=30.12%  (best 32.83 @ ep 6)  [11.4s]
  ep   9: R(t)=0.539  acc1=31.08%  acc2=30.49%  ens=30.79%  (best 32.83 @ ep 6)  [9.3s]
  ep  10: R(t)=0.514  acc1=30.76%  acc2=32.12%  ens=31.44%  (best 32.83 @ ep 6)  [13.1s]  [sel1+2: prec=0.651, recall_clean=0.687]
  ep  11: R(t)=0.514  acc1=32.52%  acc2=30.24%  ens=31.38%  (best 32.83 @ ep 6)  [9.8s]
  ep  12: R(t)=0.514  acc1=28.51%  acc2=28.48%  ens=28.50%  (best 32.83 @ ep 6)  [10.6s]
  ep  13: R(t)=0.514  acc1=30.13%  acc2=33.59%  ens=31.86%  (best 32.83 @ ep 6)  [9.9s]
  ep  14: R(t)=0.514  acc1=32.41%  acc2=31.48%  ens=31.95%  (best 32.83 @ ep 6)  [10.4s]
  ep  15: R(t)=0.514  acc1=32.33%  acc2=32.08%  ens=32.20%  (best 32.83 @ ep 6)  [12.6s]
  ep  16: R(t)=0.514  acc1=30.94%  acc2=31.90%  ens=31.42%  (best 32.83 @ ep 6)  [10.3s]
  ep  17: R(t)=0.514  acc1=30.45%  acc2=30.15%  ens=30.30%  (best 32.83 @ ep 6)  [9.8s]
  ep  18: R(t)=0.514  acc1=32.28%  acc2=31.47%  ens=31.87%  (best 32.83 @ ep 6)  [5.0s]
  ep  19: R(t)=0.514  acc1=33.13%  acc2=32.36%  ens=32.75%  (best 32.83 @ ep 6)  [4.4s]
  ep  20: R(t)=0.514  acc1=32.70%  acc2=33.51%  ens=33.11%  (best 33.11 @ ep 20)  [6.2s]  [sel1+2: prec=0.663, recall_clean=0.697]
  ep  21: R(t)=0.514  acc1=32.30%  acc2=31.17%  ens=31.74%  (best 33.11 @ ep 20)  [4.4s]
  ep  22: R(t)=0.514  acc1=29.75%  acc2=27.83%  ens=28.79%  (best 33.11 @ ep 20)  [4.5s]
  ep  23: R(t)=0.514  acc1=31.99%  acc2=32.48%  ens=32.23%  (best 33.11 @ ep 20)  [4.2s]
  ep  24: R(t)=0.514  acc1=34.39%  acc2=31.22%  ens=32.80%  (best 33.11 @ ep 20)  [4.2s]
  ep  25: R(t)=0.514  acc1=32.18%  acc2=31.95%  ens=32.06%  (best 33.11 @ ep 20)  [4.4s]
  ep  26: R(t)=0.514  acc1=30.11%  acc2=32.83%  ens=31.47%  (best 33.11 @ ep 20)  [4.3s]
  ep  27: R(t)=0.514  acc1=33.68%  acc2=32.66%  ens=33.17%  (best 33.17 @ ep 27)  [4.2s]
  ep  28: R(t)=0.514  acc1=31.26%  acc2=33.76%  ens=32.51%  (best 33.17 @ ep 27)  [4.1s]
  ep  29: R(t)=0.514  acc1=31.15%  acc2=32.06%  ens=31.61%  (best 33.17 @ ep 27)  [4.2s]
  ep  30: R(t)=0.514  acc1=32.74%  acc2=33.08%  ens=32.91%  (best 33.17 @ ep 27)  [6.5s]  [sel1+2: prec=0.674, recall_clean=0.707]
  ep  31: R(t)=0.514  acc1=31.90%  acc2=32.79%  ens=32.34%  (best 33.17 @ ep 27)  [7.3s]
  ep  32: R(t)=0.514  acc1=31.09%  acc2=32.61%  ens=31.85%  (best 33.17 @ ep 27)  [9.6s]
  ep  33: R(t)=0.514  acc1=31.79%  acc2=32.93%  ens=32.36%  (best 33.17 @ ep 27)  [13.2s]
  ep  34: R(t)=0.514  acc1=33.92%  acc2=34.65%  ens=34.28%  (best 34.28 @ ep 34)  [9.3s]
  ep  35: R(t)=0.514  acc1=32.96%  acc2=32.17%  ens=32.56%  (best 34.28 @ ep 34)  [9.7s]
  ep  36: R(t)=0.514  acc1=35.82%  acc2=35.72%  ens=35.77%  (best 35.77 @ ep 36)  [10.3s]
  ep  37: R(t)=0.514  acc1=32.24%  acc2=33.73%  ens=32.98%  (best 35.77 @ ep 36)  [4.2s]
  ep  38: R(t)=0.514  acc1=31.97%  acc2=31.02%  ens=31.49%  (best 35.77 @ ep 36)  [4.2s]
  ep  39: R(t)=0.514  acc1=34.83%  acc2=33.99%  ens=34.41%  (best 35.77 @ ep 36)  [4.3s]
  ep  40: R(t)=0.514  acc1=34.28%  acc2=33.45%  ens=33.87%  (best 35.77 @ ep 36)  [4.4s]
  ep  41: R(t)=0.514  acc1=33.80%  acc2=33.17%  ens=33.48%  (best 35.77 @ ep 36)  [4.2s]
  ep  42: R(t)=0.514  acc1=33.85%  acc2=34.34%  ens=34.09%  (best 35.77 @ ep 36)  [4.5s]
  ep  43: R(t)=0.514  acc1=33.73%  acc2=32.21%  ens=32.97%  (best 35.77 @ ep 36)  [4.1s]
  ep  44: R(t)=0.514  acc1=30.93%  acc2=32.65%  ens=31.79%  (best 35.77 @ ep 36)  [4.2s]
  ep  45: R(t)=0.514  acc1=32.04%  acc2=32.70%  ens=32.37%  (best 35.77 @ ep 36)  [4.2s]
  ep  46: R(t)=0.514  acc1=31.12%  acc2=32.78%  ens=31.95%  (best 35.77 @ ep 36)  [4.5s]
  ep  47: R(t)=0.514  acc1=31.51%  acc2=34.09%  ens=32.80%  (best 35.77 @ ep 36)  [4.4s]
  ep  48: R(t)=0.514  acc1=35.24%  acc2=33.82%  ens=34.53%  (best 35.77 @ ep 36)  [4.3s]
  ep  49: R(t)=0.514  acc1=35.21%  acc2=35.60%  ens=35.41%  (best 35.77 @ ep 36)  [4.3s]
  ep  50: R(t)=0.514  acc1=33.40%  acc2=32.98%  ens=33.19%  (best 35.77 @ ep 36)  [7.2s]  [sel1+2: prec=0.673, recall_clean=0.702]
  ep  51: R(t)=0.514  acc1=32.70%  acc2=34.44%  ens=33.57%  (best 35.77 @ ep 36)  [10.5s]
  ep  52: R(t)=0.514  acc1=33.68%  acc2=33.76%  ens=33.72%  (best 35.77 @ ep 36)  [10.6s]
  ep  53: R(t)=0.514  acc1=35.57%  acc2=35.42%  ens=35.49%  (best 35.77 @ ep 36)  [9.8s]
  ep  54: R(t)=0.514  acc1=33.98%  acc2=35.49%  ens=34.73%  (best 35.77 @ ep 36)  [11.7s]
  ep  55: R(t)=0.514  acc1=33.13%  acc2=33.82%  ens=33.48%  (best 35.77 @ ep 36)  [9.8s]
  ep  56: R(t)=0.514  acc1=34.94%  acc2=34.90%  ens=34.92%  (best 35.77 @ ep 36)  [10.2s]
  ep  57: R(t)=0.514  acc1=34.95%  acc2=34.48%  ens=34.71%  (best 35.77 @ ep 36)  [11.4s]
  ep  58: R(t)=0.514  acc1=36.39%  acc2=36.42%  ens=36.41%  (best 36.41 @ ep 58)  [10.4s]
  ep  59: R(t)=0.514  acc1=36.10%  acc2=36.12%  ens=36.11%  (best 36.41 @ ep 58)  [9.9s]
  ep  60: R(t)=0.514  acc1=33.85%  acc2=35.80%  ens=34.83%  (best 36.41 @ ep 58)  [8.8s]
  ep  61: R(t)=0.514  acc1=33.94%  acc2=34.65%  ens=34.29%  (best 36.41 @ ep 58)  [4.5s]
  ep  62: R(t)=0.514  acc1=33.78%  acc2=34.51%  ens=34.15%  (best 36.41 @ ep 58)  [4.3s]
  ep  63: R(t)=0.514  acc1=35.29%  acc2=35.33%  ens=35.31%  (best 36.41 @ ep 58)  [4.6s]
  ep  64: R(t)=0.514  acc1=34.11%  acc2=35.10%  ens=34.60%  (best 36.41 @ ep 58)  [4.2s]
  ep  65: R(t)=0.514  acc1=35.78%  acc2=35.90%  ens=35.84%  (best 36.41 @ ep 58)  [4.2s]
  ep  66: R(t)=0.514  acc1=34.93%  acc2=35.26%  ens=35.09%  (best 36.41 @ ep 58)  [4.2s]
  ep  67: R(t)=0.514  acc1=34.70%  acc2=34.05%  ens=34.38%  (best 36.41 @ ep 58)  [4.5s]
  ep  68: R(t)=0.514  acc1=35.42%  acc2=35.81%  ens=35.61%  (best 36.41 @ ep 58)  [4.3s]
  ep  69: R(t)=0.514  acc1=35.71%  acc2=34.73%  ens=35.22%  (best 36.41 @ ep 58)  [4.5s]
  ep  70: R(t)=0.514  acc1=34.71%  acc2=34.04%  ens=34.38%  (best 36.41 @ ep 58)  [4.3s]
  ep  71: R(t)=0.514  acc1=35.17%  acc2=34.97%  ens=35.07%  (best 36.41 @ ep 58)  [4.4s]
  ep  72: R(t)=0.514  acc1=35.34%  acc2=35.38%  ens=35.36%  (best 36.41 @ ep 58)  [4.5s]
  ep  73: R(t)=0.514  acc1=34.61%  acc2=34.58%  ens=34.59%  (best 36.41 @ ep 58)  [4.1s]
  ep  74: R(t)=0.514  acc1=35.68%  acc2=35.90%  ens=35.79%  (best 36.41 @ ep 58)  [7.9s]
  ep  75: R(t)=0.514  acc1=36.16%  acc2=36.10%  ens=36.13%  (best 36.41 @ ep 58)  [12.9s]  [sel1+2: prec=0.697, recall_clean=0.718]
  ep  76: R(t)=0.514  acc1=34.83%  acc2=35.34%  ens=35.09%  (best 36.41 @ ep 58)  [4.3s]
  ep  77: R(t)=0.514  acc1=35.30%  acc2=35.97%  ens=35.63%  (best 36.41 @ ep 58)  [4.4s]
  ep  78: R(t)=0.514  acc1=35.36%  acc2=35.28%  ens=35.32%  (best 36.41 @ ep 58)  [4.4s]
  ep  79: R(t)=0.514  acc1=35.32%  acc2=35.06%  ens=35.19%  (best 36.41 @ ep 58)  [4.3s]
  ep  80: R(t)=0.514  acc1=34.68%  acc2=34.75%  ens=34.71%  (best 36.41 @ ep 58)  [4.0s]
  ep  81: R(t)=0.514  acc1=34.69%  acc2=34.97%  ens=34.83%  (best 36.41 @ ep 58)  [4.5s]
  ep  82: R(t)=0.514  acc1=35.58%  acc2=35.41%  ens=35.49%  (best 36.41 @ ep 58)  [4.2s]
  ep  83: R(t)=0.514  acc1=36.24%  acc2=35.84%  ens=36.04%  (best 36.41 @ ep 58)  [4.2s]
  ep  84: R(t)=0.514  acc1=35.73%  acc2=35.38%  ens=35.56%  (best 36.41 @ ep 58)  [4.2s]
  ep  85: R(t)=0.514  acc1=35.58%  acc2=35.51%  ens=35.55%  (best 36.41 @ ep 58)  [4.5s]
  ep  86: R(t)=0.514  acc1=35.39%  acc2=35.29%  ens=35.34%  (best 36.41 @ ep 58)  [4.9s]
  ep  87: R(t)=0.514  acc1=35.95%  acc2=35.87%  ens=35.91%  (best 36.41 @ ep 58)  [4.4s]
  ep  88: R(t)=0.514  acc1=35.77%  acc2=35.62%  ens=35.70%  (best 36.41 @ ep 58)  [4.3s]
  ep  89: R(t)=0.514  acc1=35.80%  acc2=35.39%  ens=35.59%  (best 36.41 @ ep 58)  [4.3s]
  ep  90: R(t)=0.514  acc1=35.83%  acc2=35.55%  ens=35.69%  (best 36.41 @ ep 58)  [6.0s]
  ep  91: R(t)=0.514  acc1=36.01%  acc2=35.88%  ens=35.95%  (best 36.41 @ ep 58)  [9.7s]
  ep  92: R(t)=0.514  acc1=35.90%  acc2=35.66%  ens=35.78%  (best 36.41 @ ep 58)  [11.1s]
  ep  93: R(t)=0.514  acc1=36.18%  acc2=35.93%  ens=36.06%  (best 36.41 @ ep 58)  [9.7s]
  ep  94: R(t)=0.514  acc1=36.21%  acc2=35.84%  ens=36.02%  (best 36.41 @ ep 58)  [9.5s]
  ep  95: R(t)=0.514  acc1=35.93%  acc2=35.73%  ens=35.83%  (best 36.41 @ ep 58)  [11.6s]
  ep  96: R(t)=0.514  acc1=36.16%  acc2=36.00%  ens=36.08%  (best 36.41 @ ep 58)  [10.4s]
  ep  97: R(t)=0.514  acc1=36.11%  acc2=35.98%  ens=36.05%  (best 36.41 @ ep 58)  [12.1s]
  ep  98: R(t)=0.514  acc1=36.01%  acc2=35.78%  ens=35.89%  (best 36.41 @ ep 58)  [9.8s]
  ep  99: R(t)=0.514  acc1=35.80%  acc2=35.79%  ens=35.80%  (best 36.41 @ ep 58)  [11.3s]  [sel1+2: prec=0.699, recall_clean=0.715]

saved /path/to/ciln-workspace/journal_edition/robustness_transfer/results_v3/coteaching/ours__impulse_noise_sev5__seed1.json: best ens-acc 36.41% @ ep 58
saved /path/to/ciln-workspace/journal_edition/robustness_transfer/results_v3/coteaching/ours__impulse_noise_sev5__seed1__persample.npz
