/path/to/ciln-workspace/venv/lib/python3.12/site-packages/torchvision/datasets/cifar.py:83: VisibleDeprecationWarning: dtype(): align should be passed as Python or NumPy boolean but got `align=0`. Did you mean to pass a tuple to create a subarray type? (Deprecated NumPy 2.4)
  entry = pickle.load(f, encoding="latin1")
condition=ours__impulse_noise_sev3 seed=2 gpu=2
  ep   0: R(t)=1.000  acc1=31.87%  acc2=31.94%  ens=31.91%  (best 31.91 @ ep 0)  [5.4s]
  ep   1: R(t)=0.930  acc1=35.89%  acc2=37.98%  ens=36.94%  (best 36.94 @ ep 1)  [4.2s]
  ep   2: R(t)=0.901  acc1=41.09%  acc2=39.07%  ens=40.08%  (best 40.08 @ ep 2)  [4.4s]
  ep   3: R(t)=0.879  acc1=44.62%  acc2=36.97%  ens=40.79%  (best 40.79 @ ep 3)  [4.3s]
  ep   4: R(t)=0.860  acc1=41.17%  acc2=44.81%  ens=42.99%  (best 42.99 @ ep 4)  [4.5s]
  ep   5: R(t)=0.844  acc1=45.32%  acc2=48.08%  ens=46.70%  (best 46.70 @ ep 5)  [6.6s]  [sel1+2: prec=0.848, recall_clean=0.956]
  ep   6: R(t)=0.829  acc1=46.49%  acc2=44.67%  ens=45.58%  (best 46.70 @ ep 5)  [4.5s]
  ep   7: R(t)=0.815  acc1=50.57%  acc2=48.66%  ens=49.61%  (best 49.61 @ ep 7)  [4.3s]
  ep   8: R(t)=0.802  acc1=49.23%  acc2=48.81%  ens=49.02%  (best 49.61 @ ep 7)  [4.4s]
  ep   9: R(t)=0.790  acc1=45.97%  acc2=52.48%  ens=49.23%  (best 49.61 @ ep 7)  [4.4s]
  ep  10: R(t)=0.779  acc1=56.15%  acc2=53.15%  ens=54.65%  (best 54.65 @ ep 10)  [6.6s]  [sel1+2: prec=0.891, recall_clean=0.935]
  ep  11: R(t)=0.779  acc1=57.18%  acc2=54.24%  ens=55.71%  (best 55.71 @ ep 11)  [4.3s]
  ep  12: R(t)=0.779  acc1=54.27%  acc2=54.74%  ens=54.51%  (best 55.71 @ ep 11)  [5.8s]
  ep  13: R(t)=0.779  acc1=52.50%  acc2=52.66%  ens=52.58%  (best 55.71 @ ep 11)  [4.5s]
  ep  14: R(t)=0.779  acc1=56.52%  acc2=55.00%  ens=55.76%  (best 55.76 @ ep 14)  [4.4s]
  ep  15: R(t)=0.779  acc1=56.79%  acc2=57.57%  ens=57.18%  (best 57.18 @ ep 15)  [4.3s]
  ep  16: R(t)=0.779  acc1=56.49%  acc2=57.84%  ens=57.16%  (best 57.18 @ ep 15)  [4.3s]
  ep  17: R(t)=0.779  acc1=58.91%  acc2=59.43%  ens=59.17%  (best 59.17 @ ep 17)  [4.4s]
  ep  18: R(t)=0.779  acc1=60.23%  acc2=54.57%  ens=57.40%  (best 59.17 @ ep 17)  [4.3s]
  ep  19: R(t)=0.779  acc1=56.83%  acc2=54.48%  ens=55.66%  (best 59.17 @ ep 17)  [4.6s]
  ep  20: R(t)=0.779  acc1=51.32%  acc2=50.93%  ens=51.12%  (best 59.17 @ ep 17)  [6.4s]  [sel1+2: prec=0.917, recall_clean=0.956]
  ep  21: R(t)=0.779  acc1=53.72%  acc2=56.65%  ens=55.18%  (best 59.17 @ ep 17)  [4.2s]
  ep  22: R(t)=0.779  acc1=59.20%  acc2=59.68%  ens=59.44%  (best 59.44 @ ep 22)  [3.9s]
  ep  23: R(t)=0.779  acc1=59.10%  acc2=56.87%  ens=57.98%  (best 59.44 @ ep 22)  [4.3s]
  ep  24: R(t)=0.779  acc1=54.65%  acc2=56.50%  ens=55.57%  (best 59.44 @ ep 22)  [4.4s]
  ep  25: R(t)=0.779  acc1=54.29%  acc2=51.12%  ens=52.70%  (best 59.44 @ ep 22)  [4.3s]
  ep  26: R(t)=0.779  acc1=60.40%  acc2=59.97%  ens=60.19%  (best 60.19 @ ep 26)  [6.3s]
  ep  27: R(t)=0.779  acc1=57.03%  acc2=57.97%  ens=57.50%  (best 60.19 @ ep 26)  [9.6s]
  ep  28: R(t)=0.779  acc1=62.07%  acc2=60.16%  ens=61.12%  (best 61.12 @ ep 28)  [8.2s]
  ep  29: R(t)=0.779  acc1=59.43%  acc2=56.29%  ens=57.86%  (best 61.12 @ ep 28)  [4.3s]
  ep  30: R(t)=0.779  acc1=61.14%  acc2=59.07%  ens=60.11%  (best 61.12 @ ep 28)  [6.3s]  [sel1+2: prec=0.926, recall_clean=0.962]
  ep  31: R(t)=0.779  acc1=60.10%  acc2=53.63%  ens=56.87%  (best 61.12 @ ep 28)  [4.3s]
  ep  32: R(t)=0.779  acc1=59.71%  acc2=62.75%  ens=61.23%  (best 61.23 @ ep 32)  [4.5s]
  ep  33: R(t)=0.779  acc1=63.53%  acc2=58.30%  ens=60.91%  (best 61.23 @ ep 32)  [4.3s]
  ep  34: R(t)=0.779  acc1=62.27%  acc2=61.26%  ens=61.77%  (best 61.77 @ ep 34)  [4.4s]
  ep  35: R(t)=0.779  acc1=61.25%  acc2=57.70%  ens=59.48%  (best 61.77 @ ep 34)  [4.5s]
  ep  36: R(t)=0.779  acc1=65.12%  acc2=61.39%  ens=63.25%  (best 63.25 @ ep 36)  [4.4s]
  ep  37: R(t)=0.779  acc1=62.14%  acc2=63.74%  ens=62.94%  (best 63.25 @ ep 36)  [4.3s]
  ep  38: R(t)=0.779  acc1=61.65%  acc2=60.72%  ens=61.19%  (best 63.25 @ ep 36)  [4.5s]
  ep  39: R(t)=0.779  acc1=60.22%  acc2=63.69%  ens=61.96%  (best 63.25 @ ep 36)  [4.4s]
  ep  40: R(t)=0.779  acc1=64.25%  acc2=62.25%  ens=63.25%  (best 63.25 @ ep 36)  [4.3s]
  ep  41: R(t)=0.779  acc1=59.62%  acc2=62.76%  ens=61.19%  (best 63.25 @ ep 36)  [4.4s]
  ep  42: R(t)=0.779  acc1=63.55%  acc2=61.63%  ens=62.59%  (best 63.25 @ ep 36)  [5.3s]
  ep  43: R(t)=0.779  acc1=63.90%  acc2=63.92%  ens=63.91%  (best 63.91 @ ep 43)  [12.2s]
  ep  44: R(t)=0.779  acc1=60.86%  acc2=54.61%  ens=57.73%  (best 63.91 @ ep 43)  [9.4s]
  ep  45: R(t)=0.779  acc1=64.80%  acc2=63.53%  ens=64.17%  (best 64.17 @ ep 45)  [9.6s]
  ep  46: R(t)=0.779  acc1=57.55%  acc2=63.79%  ens=60.67%  (best 64.17 @ ep 45)  [10.0s]
  ep  47: R(t)=0.779  acc1=65.37%  acc2=59.52%  ens=62.44%  (best 64.17 @ ep 45)  [4.5s]
  ep  48: R(t)=0.779  acc1=64.38%  acc2=63.77%  ens=64.08%  (best 64.17 @ ep 45)  [4.4s]
  ep  49: R(t)=0.779  acc1=66.68%  acc2=62.63%  ens=64.66%  (best 64.66 @ ep 49)  [4.3s]
  ep  50: R(t)=0.779  acc1=61.39%  acc2=64.58%  ens=62.98%  (best 64.66 @ ep 49)  [6.4s]  [sel1+2: prec=0.934, recall_clean=0.968]
  ep  51: R(t)=0.779  acc1=62.28%  acc2=63.83%  ens=63.05%  (best 64.66 @ ep 49)  [4.4s]
  ep  52: R(t)=0.779  acc1=60.43%  acc2=64.95%  ens=62.69%  (best 64.66 @ ep 49)  [4.4s]
  ep  53: R(t)=0.779  acc1=66.54%  acc2=66.40%  ens=66.47%  (best 66.47 @ ep 53)  [4.5s]
  ep  54: R(t)=0.779  acc1=65.39%  acc2=66.95%  ens=66.17%  (best 66.47 @ ep 53)  [4.7s]
  ep  55: R(t)=0.779  acc1=64.18%  acc2=64.86%  ens=64.52%  (best 66.47 @ ep 53)  [4.4s]
  ep  56: R(t)=0.779  acc1=58.36%  acc2=59.10%  ens=58.73%  (best 66.47 @ ep 53)  [4.2s]
  ep  57: R(t)=0.779  acc1=65.87%  acc2=64.21%  ens=65.04%  (best 66.47 @ ep 53)  [4.5s]
  ep  58: R(t)=0.779  acc1=63.47%  acc2=64.97%  ens=64.22%  (best 66.47 @ ep 53)  [4.3s]
  ep  59: R(t)=0.779  acc1=66.98%  acc2=61.95%  ens=64.46%  (best 66.47 @ ep 53)  [5.0s]
  ep  60: R(t)=0.779  acc1=64.38%  acc2=66.55%  ens=65.46%  (best 66.47 @ ep 53)  [9.2s]
  ep  61: R(t)=0.779  acc1=66.81%  acc2=66.33%  ens=66.57%  (best 66.57 @ ep 61)  [9.4s]
  ep  62: R(t)=0.779  acc1=65.44%  acc2=68.14%  ens=66.79%  (best 66.79 @ ep 62)  [11.2s]
  ep  63: R(t)=0.779  acc1=62.65%  acc2=66.12%  ens=64.39%  (best 66.79 @ ep 62)  [10.0s]
  ep  64: R(t)=0.779  acc1=65.91%  acc2=65.08%  ens=65.50%  (best 66.79 @ ep 62)  [9.8s]
  ep  65: R(t)=0.779  acc1=65.75%  acc2=64.98%  ens=65.37%  (best 66.79 @ ep 62)  [13.7s]
  ep  66: R(t)=0.779  acc1=66.80%  acc2=65.85%  ens=66.33%  (best 66.79 @ ep 62)  [4.5s]
  ep  67: R(t)=0.779  acc1=65.79%  acc2=67.50%  ens=66.64%  (best 66.79 @ ep 62)  [4.5s]
  ep  68: R(t)=0.779  acc1=65.83%  acc2=66.24%  ens=66.03%  (best 66.79 @ ep 62)  [4.2s]
  ep  69: R(t)=0.779  acc1=66.79%  acc2=66.58%  ens=66.68%  (best 66.79 @ ep 62)  [4.3s]
  ep  70: R(t)=0.779  acc1=67.29%  acc2=66.01%  ens=66.65%  (best 66.79 @ ep 62)  [4.4s]
  ep  71: R(t)=0.779  acc1=66.41%  acc2=66.11%  ens=66.26%  (best 66.79 @ ep 62)  [4.4s]
  ep  72: R(t)=0.779  acc1=65.65%  acc2=64.85%  ens=65.25%  (best 66.79 @ ep 62)  [4.5s]
  ep  73: R(t)=0.779  acc1=67.51%  acc2=67.29%  ens=67.40%  (best 67.40 @ ep 73)  [4.2s]
  ep  74: R(t)=0.779  acc1=66.26%  acc2=66.29%  ens=66.27%  (best 67.40 @ ep 73)  [4.5s]
  ep  75: R(t)=0.779  acc1=66.65%  acc2=67.48%  ens=67.06%  (best 67.40 @ ep 73)  [6.5s]  [sel1+2: prec=0.944, recall_clean=0.971]
  ep  76: R(t)=0.779  acc1=67.93%  acc2=68.64%  ens=68.28%  (best 68.28 @ ep 76)  [4.4s]
  ep  77: R(t)=0.779  acc1=68.33%  acc2=67.69%  ens=68.01%  (best 68.28 @ ep 76)  [4.4s]
  ep  78: R(t)=0.779  acc1=67.88%  acc2=67.87%  ens=67.88%  (best 68.28 @ ep 76)  [4.2s]
  ep  79: R(t)=0.779  acc1=67.61%  acc2=66.99%  ens=67.30%  (best 68.28 @ ep 76)  [5.2s]
  ep  80: R(t)=0.779  acc1=67.75%  acc2=68.25%  ens=68.00%  (best 68.28 @ ep 76)  [9.1s]
  ep  81: R(t)=0.779  acc1=68.27%  acc2=67.05%  ens=67.66%  (best 68.28 @ ep 76)  [4.3s]
  ep  82: R(t)=0.779  acc1=68.28%  acc2=67.80%  ens=68.04%  (best 68.28 @ ep 76)  [4.4s]
  ep  83: R(t)=0.779  acc1=66.74%  acc2=66.79%  ens=66.77%  (best 68.28 @ ep 76)  [4.4s]
  ep  84: R(t)=0.779  acc1=67.52%  acc2=66.60%  ens=67.06%  (best 68.28 @ ep 76)  [4.2s]
  ep  85: R(t)=0.779  acc1=67.20%  acc2=67.28%  ens=67.24%  (best 68.28 @ ep 76)  [4.3s]
  ep  86: R(t)=0.779  acc1=67.41%  acc2=66.81%  ens=67.11%  (best 68.28 @ ep 76)  [4.2s]
  ep  87: R(t)=0.779  acc1=67.51%  acc2=67.65%  ens=67.58%  (best 68.28 @ ep 76)  [4.5s]
  ep  88: R(t)=0.779  acc1=67.48%  acc2=67.10%  ens=67.29%  (best 68.28 @ ep 76)  [4.3s]
  ep  89: R(t)=0.779  acc1=67.58%  acc2=67.08%  ens=67.33%  (best 68.28 @ ep 76)  [4.4s]
  ep  90: R(t)=0.779  acc1=67.85%  acc2=68.01%  ens=67.93%  (best 68.28 @ ep 76)  [4.3s]
  ep  91: R(t)=0.779  acc1=68.12%  acc2=67.76%  ens=67.94%  (best 68.28 @ ep 76)  [4.3s]
  ep  92: R(t)=0.779  acc1=68.54%  acc2=67.81%  ens=68.18%  (best 68.28 @ ep 76)  [4.3s]
  ep  93: R(t)=0.779  acc1=67.33%  acc2=66.95%  ens=67.14%  (best 68.28 @ ep 76)  [4.7s]
  ep  94: R(t)=0.779  acc1=67.42%  acc2=66.88%  ens=67.15%  (best 68.28 @ ep 76)  [6.8s]
  ep  95: R(t)=0.779  acc1=67.97%  acc2=67.80%  ens=67.88%  (best 68.28 @ ep 76)  [10.8s]
  ep  96: R(t)=0.779  acc1=68.18%  acc2=67.74%  ens=67.96%  (best 68.28 @ ep 76)  [9.7s]
  ep  97: R(t)=0.779  acc1=67.84%  acc2=67.47%  ens=67.66%  (best 68.28 @ ep 76)  [11.3s]
  ep  98: R(t)=0.779  acc1=67.73%  acc2=67.43%  ens=67.58%  (best 68.28 @ ep 76)  [10.1s]
  ep  99: R(t)=0.779  acc1=67.53%  acc2=66.88%  ens=67.20%  (best 68.28 @ ep 76)  [14.4s]  [sel1+2: prec=0.945, recall_clean=0.968]

saved /path/to/ciln-workspace/journal_edition/robustness_transfer/results_v3/coteaching/ours__impulse_noise_sev3__seed2.json: best ens-acc 68.28% @ ep 76
saved /path/to/ciln-workspace/journal_edition/robustness_transfer/results_v3/coteaching/ours__impulse_noise_sev3__seed2__persample.npz
