/path/to/ciln-workspace/venv/lib/python3.12/site-packages/torchvision/datasets/cifar.py:83: VisibleDeprecationWarning: dtype(): align should be passed as Python or NumPy boolean but got `align=0`. Did you mean to pass a tuple to create a subarray type? (Deprecated NumPy 2.4)
  entry = pickle.load(f, encoding="latin1")
condition=ours__motion_blur_sev3 seed=0 gpu=2
  ep   0: R(t)=1.000  acc1=28.00%  acc2=28.33%  ens=28.17%  (best 28.17 @ ep 0)  [5.2s]
  ep   1: R(t)=0.927  acc1=37.12%  acc2=31.22%  ens=34.17%  (best 34.17 @ ep 1)  [4.2s]
  ep   2: R(t)=0.897  acc1=35.56%  acc2=39.58%  ens=37.57%  (best 37.57 @ ep 2)  [4.4s]
  ep   3: R(t)=0.873  acc1=39.33%  acc2=40.44%  ens=39.88%  (best 39.88 @ ep 3)  [4.4s]
  ep   4: R(t)=0.854  acc1=38.46%  acc2=43.49%  ens=40.98%  (best 40.98 @ ep 4)  [4.5s]
  ep   5: R(t)=0.836  acc1=43.98%  acc2=45.59%  ens=44.79%  (best 44.79 @ ep 5)  [6.2s]  [sel1+2: prec=0.828, recall_clean=0.945]
  ep   6: R(t)=0.821  acc1=40.57%  acc2=41.50%  ens=41.03%  (best 44.79 @ ep 5)  [4.5s]
  ep   7: R(t)=0.806  acc1=49.73%  acc2=51.54%  ens=50.63%  (best 50.63 @ ep 7)  [4.4s]
  ep   8: R(t)=0.793  acc1=48.59%  acc2=43.01%  ens=45.80%  (best 50.63 @ ep 7)  [4.4s]
  ep   9: R(t)=0.781  acc1=48.46%  acc2=50.66%  ens=49.56%  (best 50.63 @ ep 7)  [5.1s]
  ep  10: R(t)=0.769  acc1=54.20%  acc2=53.17%  ens=53.69%  (best 53.69 @ ep 10)  [6.7s]  [sel1+2: prec=0.893, recall_clean=0.940]
  ep  11: R(t)=0.769  acc1=54.86%  acc2=46.87%  ens=50.87%  (best 53.69 @ ep 10)  [4.6s]
  ep  12: R(t)=0.769  acc1=46.22%  acc2=53.13%  ens=49.68%  (best 53.69 @ ep 10)  [4.5s]
  ep  13: R(t)=0.769  acc1=55.01%  acc2=54.44%  ens=54.73%  (best 54.73 @ ep 13)  [4.5s]
  ep  14: R(t)=0.769  acc1=54.89%  acc2=55.05%  ens=54.97%  (best 54.97 @ ep 14)  [4.4s]
  ep  15: R(t)=0.769  acc1=53.47%  acc2=55.35%  ens=54.41%  (best 54.97 @ ep 14)  [4.4s]
  ep  16: R(t)=0.769  acc1=55.59%  acc2=54.77%  ens=55.18%  (best 55.18 @ ep 16)  [4.3s]
  ep  17: R(t)=0.769  acc1=54.48%  acc2=54.24%  ens=54.36%  (best 55.18 @ ep 16)  [4.3s]
  ep  18: R(t)=0.769  acc1=59.53%  acc2=58.73%  ens=59.13%  (best 59.13 @ ep 18)  [4.4s]
  ep  19: R(t)=0.769  acc1=57.84%  acc2=59.35%  ens=58.59%  (best 59.13 @ ep 18)  [4.3s]
  ep  20: R(t)=0.769  acc1=57.98%  acc2=54.33%  ens=56.16%  (best 59.13 @ ep 18)  [6.5s]  [sel1+2: prec=0.921, recall_clean=0.960]
  ep  21: R(t)=0.769  acc1=60.07%  acc2=59.66%  ens=59.87%  (best 59.87 @ ep 21)  [4.3s]
  ep  22: R(t)=0.769  acc1=57.08%  acc2=60.04%  ens=58.56%  (best 59.87 @ ep 21)  [7.2s]
  ep  23: R(t)=0.769  acc1=60.05%  acc2=60.48%  ens=60.27%  (best 60.27 @ ep 23)  [10.0s]
  ep  24: R(t)=0.769  acc1=56.22%  acc2=60.29%  ens=58.26%  (best 60.27 @ ep 23)  [12.0s]
  ep  25: R(t)=0.769  acc1=61.79%  acc2=62.01%  ens=61.90%  (best 61.90 @ ep 25)  [9.9s]
  ep  26: R(t)=0.769  acc1=60.12%  acc2=61.21%  ens=60.66%  (best 61.90 @ ep 25)  [9.7s]
  ep  27: R(t)=0.769  acc1=61.42%  acc2=61.34%  ens=61.38%  (best 61.90 @ ep 25)  [11.4s]
  ep  28: R(t)=0.769  acc1=58.61%  acc2=58.54%  ens=58.58%  (best 61.90 @ ep 25)  [9.2s]
  ep  29: R(t)=0.769  acc1=59.93%  acc2=60.91%  ens=60.42%  (best 61.90 @ ep 25)  [9.7s]
  ep  30: R(t)=0.769  acc1=61.40%  acc2=60.81%  ens=61.10%  (best 61.90 @ ep 25)  [14.7s]  [sel1+2: prec=0.925, recall_clean=0.964]
  ep  31: R(t)=0.769  acc1=64.32%  acc2=61.17%  ens=62.75%  (best 62.75 @ ep 31)  [9.6s]
  ep  32: R(t)=0.769  acc1=60.83%  acc2=63.61%  ens=62.22%  (best 62.75 @ ep 31)  [9.6s]
  ep  33: R(t)=0.769  acc1=60.32%  acc2=58.11%  ens=59.21%  (best 62.75 @ ep 31)  [8.5s]
  ep  34: R(t)=0.769  acc1=60.63%  acc2=60.36%  ens=60.49%  (best 62.75 @ ep 31)  [4.2s]
  ep  35: R(t)=0.769  acc1=62.42%  acc2=57.43%  ens=59.93%  (best 62.75 @ ep 31)  [4.1s]
  ep  36: R(t)=0.769  acc1=67.07%  acc2=64.70%  ens=65.88%  (best 65.88 @ ep 36)  [4.6s]
  ep  37: R(t)=0.769  acc1=58.78%  acc2=62.41%  ens=60.59%  (best 65.88 @ ep 36)  [4.5s]
  ep  38: R(t)=0.769  acc1=64.12%  acc2=63.84%  ens=63.98%  (best 65.88 @ ep 36)  [4.3s]
  ep  39: R(t)=0.769  acc1=63.13%  acc2=65.21%  ens=64.17%  (best 65.88 @ ep 36)  [4.4s]
  ep  40: R(t)=0.769  acc1=63.20%  acc2=56.21%  ens=59.71%  (best 65.88 @ ep 36)  [4.2s]
  ep  41: R(t)=0.769  acc1=62.77%  acc2=57.58%  ens=60.17%  (best 65.88 @ ep 36)  [4.3s]
  ep  42: R(t)=0.769  acc1=62.29%  acc2=64.37%  ens=63.33%  (best 65.88 @ ep 36)  [4.2s]
  ep  43: R(t)=0.769  acc1=63.28%  acc2=67.39%  ens=65.34%  (best 65.88 @ ep 36)  [4.4s]
  ep  44: R(t)=0.769  acc1=59.51%  acc2=61.40%  ens=60.45%  (best 65.88 @ ep 36)  [4.3s]
  ep  45: R(t)=0.769  acc1=64.78%  acc2=66.93%  ens=65.85%  (best 65.88 @ ep 36)  [4.6s]
  ep  46: R(t)=0.769  acc1=67.12%  acc2=68.19%  ens=67.66%  (best 67.66 @ ep 46)  [4.3s]
  ep  47: R(t)=0.769  acc1=66.23%  acc2=64.84%  ens=65.53%  (best 67.66 @ ep 46)  [5.2s]
  ep  48: R(t)=0.769  acc1=56.66%  acc2=65.92%  ens=61.29%  (best 67.66 @ ep 46)  [10.6s]
  ep  49: R(t)=0.769  acc1=63.72%  acc2=59.81%  ens=61.77%  (best 67.66 @ ep 46)  [9.5s]
  ep  50: R(t)=0.769  acc1=66.23%  acc2=64.25%  ens=65.24%  (best 67.66 @ ep 46)  [11.1s]  [sel1+2: prec=0.932, recall_clean=0.969]
  ep  51: R(t)=0.769  acc1=64.44%  acc2=65.71%  ens=65.07%  (best 67.66 @ ep 46)  [4.4s]
  ep  52: R(t)=0.769  acc1=62.14%  acc2=61.64%  ens=61.89%  (best 67.66 @ ep 46)  [4.5s]
  ep  53: R(t)=0.769  acc1=65.55%  acc2=67.44%  ens=66.49%  (best 67.66 @ ep 46)  [4.3s]
  ep  54: R(t)=0.769  acc1=63.66%  acc2=64.16%  ens=63.91%  (best 67.66 @ ep 46)  [4.2s]
  ep  55: R(t)=0.769  acc1=62.86%  acc2=66.33%  ens=64.59%  (best 67.66 @ ep 46)  [4.6s]
  ep  56: R(t)=0.769  acc1=69.78%  acc2=67.43%  ens=68.61%  (best 68.61 @ ep 56)  [4.3s]
  ep  57: R(t)=0.769  acc1=67.11%  acc2=66.63%  ens=66.87%  (best 68.61 @ ep 56)  [4.6s]
  ep  58: R(t)=0.769  acc1=67.45%  acc2=69.56%  ens=68.50%  (best 68.61 @ ep 56)  [4.4s]
  ep  59: R(t)=0.769  acc1=66.73%  acc2=68.86%  ens=67.80%  (best 68.61 @ ep 56)  [4.3s]
  ep  60: R(t)=0.769  acc1=68.20%  acc2=67.51%  ens=67.86%  (best 68.61 @ ep 56)  [4.3s]
  ep  61: R(t)=0.769  acc1=67.29%  acc2=68.01%  ens=67.65%  (best 68.61 @ ep 56)  [4.3s]
  ep  62: R(t)=0.769  acc1=68.19%  acc2=69.30%  ens=68.74%  (best 68.74 @ ep 62)  [4.5s]
  ep  63: R(t)=0.769  acc1=68.96%  acc2=68.62%  ens=68.79%  (best 68.79 @ ep 63)  [4.2s]
  ep  64: R(t)=0.769  acc1=69.32%  acc2=69.28%  ens=69.30%  (best 69.30 @ ep 64)  [11.2s]
  ep  65: R(t)=0.769  acc1=68.43%  acc2=70.74%  ens=69.59%  (best 69.59 @ ep 65)  [10.1s]
  ep  66: R(t)=0.769  acc1=68.04%  acc2=67.61%  ens=67.83%  (best 69.59 @ ep 65)  [9.6s]
  ep  67: R(t)=0.769  acc1=68.52%  acc2=67.71%  ens=68.12%  (best 69.59 @ ep 65)  [9.1s]
  ep  68: R(t)=0.769  acc1=67.22%  acc2=70.51%  ens=68.86%  (best 69.59 @ ep 65)  [4.4s]
  ep  69: R(t)=0.769  acc1=69.54%  acc2=69.16%  ens=69.35%  (best 69.59 @ ep 65)  [4.3s]
  ep  70: R(t)=0.769  acc1=67.28%  acc2=68.50%  ens=67.89%  (best 69.59 @ ep 65)  [4.3s]
  ep  71: R(t)=0.769  acc1=69.38%  acc2=69.73%  ens=69.56%  (best 69.59 @ ep 65)  [4.3s]
  ep  72: R(t)=0.769  acc1=68.94%  acc2=69.81%  ens=69.38%  (best 69.59 @ ep 65)  [4.4s]
  ep  73: R(t)=0.769  acc1=67.86%  acc2=68.75%  ens=68.30%  (best 69.59 @ ep 65)  [4.4s]
  ep  74: R(t)=0.769  acc1=67.47%  acc2=69.51%  ens=68.49%  (best 69.59 @ ep 65)  [4.5s]
  ep  75: R(t)=0.769  acc1=68.66%  acc2=69.31%  ens=68.99%  (best 69.59 @ ep 65)  [6.4s]  [sel1+2: prec=0.945, recall_clean=0.972]
  ep  76: R(t)=0.769  acc1=70.53%  acc2=70.67%  ens=70.60%  (best 70.60 @ ep 76)  [4.2s]
  ep  77: R(t)=0.769  acc1=70.49%  acc2=69.19%  ens=69.84%  (best 70.60 @ ep 76)  [4.4s]
  ep  78: R(t)=0.769  acc1=68.87%  acc2=69.51%  ens=69.19%  (best 70.60 @ ep 76)  [4.5s]
  ep  79: R(t)=0.769  acc1=70.30%  acc2=69.50%  ens=69.90%  (best 70.60 @ ep 76)  [4.3s]
  ep  80: R(t)=0.769  acc1=69.76%  acc2=71.09%  ens=70.43%  (best 70.60 @ ep 76)  [4.7s]
  ep  81: R(t)=0.769  acc1=69.34%  acc2=69.96%  ens=69.65%  (best 70.60 @ ep 76)  [9.5s]
  ep  82: R(t)=0.769  acc1=70.30%  acc2=70.23%  ens=70.27%  (best 70.60 @ ep 76)  [4.4s]
  ep  83: R(t)=0.769  acc1=68.53%  acc2=69.56%  ens=69.05%  (best 70.60 @ ep 76)  [4.4s]
  ep  84: R(t)=0.769  acc1=69.17%  acc2=70.25%  ens=69.71%  (best 70.60 @ ep 76)  [4.3s]
  ep  85: R(t)=0.769  acc1=69.41%  acc2=69.50%  ens=69.45%  (best 70.60 @ ep 76)  [4.3s]
  ep  86: R(t)=0.769  acc1=70.47%  acc2=70.25%  ens=70.36%  (best 70.60 @ ep 76)  [4.3s]
  ep  87: R(t)=0.769  acc1=70.00%  acc2=69.89%  ens=69.94%  (best 70.60 @ ep 76)  [4.7s]
  ep  88: R(t)=0.769  acc1=70.51%  acc2=70.51%  ens=70.51%  (best 70.60 @ ep 76)  [4.3s]
  ep  89: R(t)=0.769  acc1=70.32%  acc2=71.09%  ens=70.70%  (best 70.70 @ ep 89)  [4.3s]
  ep  90: R(t)=0.769  acc1=70.33%  acc2=70.88%  ens=70.61%  (best 70.70 @ ep 89)  [4.4s]
  ep  91: R(t)=0.769  acc1=69.95%  acc2=70.75%  ens=70.35%  (best 70.70 @ ep 89)  [4.4s]
  ep  92: R(t)=0.769  acc1=70.20%  acc2=70.74%  ens=70.47%  (best 70.70 @ ep 89)  [4.4s]
  ep  93: R(t)=0.769  acc1=70.14%  acc2=70.65%  ens=70.40%  (best 70.70 @ ep 89)  [4.4s]
  ep  94: R(t)=0.769  acc1=70.08%  acc2=70.71%  ens=70.39%  (best 70.70 @ ep 89)  [4.5s]
  ep  95: R(t)=0.769  acc1=70.29%  acc2=70.82%  ens=70.56%  (best 70.70 @ ep 89)  [4.5s]
  ep  96: R(t)=0.769  acc1=69.90%  acc2=70.36%  ens=70.13%  (best 70.70 @ ep 89)  [5.8s]
  ep  97: R(t)=0.769  acc1=69.74%  acc2=70.19%  ens=69.97%  (best 70.70 @ ep 89)  [10.4s]
  ep  98: R(t)=0.769  acc1=70.07%  acc2=70.55%  ens=70.31%  (best 70.70 @ ep 89)  [9.4s]
  ep  99: R(t)=0.769  acc1=69.99%  acc2=70.35%  ens=70.17%  (best 70.70 @ ep 89)  [6.3s]  [sel1+2: prec=0.947, recall_clean=0.969]

saved /path/to/ciln-workspace/journal_edition/robustness_transfer/results_v3/coteaching/ours__motion_blur_sev3__seed0.json: best ens-acc 70.70% @ ep 89
saved /path/to/ciln-workspace/journal_edition/robustness_transfer/results_v3/coteaching/ours__motion_blur_sev3__seed0__persample.npz
