/path/to/ciln-workspace/venv/lib/python3.12/site-packages/torchvision/datasets/cifar.py:83: VisibleDeprecationWarning: dtype(): align should be passed as Python or NumPy boolean but got `align=0`. Did you mean to pass a tuple to create a subarray type? (Deprecated NumPy 2.4)
  entry = pickle.load(f, encoding="latin1")
condition=gu_high seed=0 gpu=1
  ep   0: R(t)=1.000  acc1=24.41%  acc2=25.56%  ens=24.99%  (best 24.99 @ ep 0)  [7.0s]
  ep   1: R(t)=0.847  acc1=38.73%  acc2=37.80%  ens=38.27%  (best 38.27 @ ep 1)  [6.1s]
  ep   2: R(t)=0.784  acc1=33.76%  acc2=41.45%  ens=37.60%  (best 38.27 @ ep 1)  [6.4s]
  ep   3: R(t)=0.735  acc1=47.72%  acc2=43.91%  ens=45.81%  (best 45.81 @ ep 3)  [11.1s]
  ep   4: R(t)=0.694  acc1=45.43%  acc2=45.25%  ens=45.34%  (best 45.81 @ ep 3)  [16.2s]
  ep   5: R(t)=0.658  acc1=47.83%  acc2=43.57%  ens=45.70%  (best 45.81 @ ep 3)  [25.2s]  [sel1+2: prec=0.652, recall_clean=0.887]
  ep   6: R(t)=0.625  acc1=52.20%  acc2=47.89%  ens=50.05%  (best 50.05 @ ep 6)  [16.9s]
  ep   7: R(t)=0.595  acc1=54.60%  acc2=52.14%  ens=53.37%  (best 53.37 @ ep 7)  [20.1s]
  ep   8: R(t)=0.567  acc1=50.82%  acc2=46.74%  ens=48.78%  (best 53.37 @ ep 7)  [15.0s]
  ep   9: R(t)=0.541  acc1=50.31%  acc2=52.11%  ens=51.21%  (best 53.37 @ ep 7)  [6.4s]
  ep  10: R(t)=0.516  acc1=55.87%  acc2=53.85%  ens=54.86%  (best 54.86 @ ep 10)  [9.9s]  [sel1+2: prec=0.722, recall_clean=0.796]
  ep  11: R(t)=0.516  acc1=54.71%  acc2=51.71%  ens=53.21%  (best 54.86 @ ep 10)  [6.2s]
  ep  12: R(t)=0.516  acc1=54.75%  acc2=55.21%  ens=54.98%  (best 54.98 @ ep 12)  [6.0s]
  ep  13: R(t)=0.516  acc1=49.75%  acc2=51.80%  ens=50.78%  (best 54.98 @ ep 12)  [6.1s]
  ep  14: R(t)=0.516  acc1=50.33%  acc2=47.18%  ens=48.75%  (best 54.98 @ ep 12)  [6.2s]
  ep  15: R(t)=0.516  acc1=54.55%  acc2=51.28%  ens=52.91%  (best 54.98 @ ep 12)  [6.1s]
  ep  16: R(t)=0.516  acc1=49.41%  acc2=50.94%  ens=50.17%  (best 54.98 @ ep 12)  [6.0s]
  ep  17: R(t)=0.516  acc1=53.84%  acc2=51.52%  ens=52.68%  (best 54.98 @ ep 12)  [6.3s]
  ep  18: R(t)=0.516  acc1=54.42%  acc2=53.65%  ens=54.03%  (best 54.98 @ ep 12)  [8.7s]
  ep  19: R(t)=0.516  acc1=54.11%  acc2=56.56%  ens=55.34%  (best 55.34 @ ep 19)  [6.2s]
  ep  20: R(t)=0.516  acc1=57.05%  acc2=57.04%  ens=57.05%  (best 57.05 @ ep 20)  [9.5s]  [sel1+2: prec=0.737, recall_clean=0.806]
  ep  21: R(t)=0.516  acc1=54.83%  acc2=54.78%  ens=54.80%  (best 57.05 @ ep 20)  [6.0s]
  ep  22: R(t)=0.516  acc1=54.73%  acc2=51.84%  ens=53.29%  (best 57.05 @ ep 20)  [5.9s]
  ep  23: R(t)=0.516  acc1=51.37%  acc2=50.77%  ens=51.07%  (best 57.05 @ ep 20)  [6.4s]
  ep  24: R(t)=0.516  acc1=55.79%  acc2=55.00%  ens=55.39%  (best 57.05 @ ep 20)  [5.9s]
  ep  25: R(t)=0.516  acc1=45.88%  acc2=48.29%  ens=47.09%  (best 57.05 @ ep 20)  [6.4s]
  ep  26: R(t)=0.516  acc1=44.88%  acc2=54.79%  ens=49.84%  (best 57.05 @ ep 20)  [6.4s]
  ep  27: R(t)=0.516  acc1=52.82%  acc2=58.32%  ens=55.57%  (best 57.05 @ ep 20)  [6.2s]
  ep  28: R(t)=0.516  acc1=59.57%  acc2=53.03%  ens=56.30%  (best 57.05 @ ep 20)  [13.1s]
  ep  29: R(t)=0.516  acc1=57.20%  acc2=56.31%  ens=56.76%  (best 57.05 @ ep 20)  [6.2s]
  ep  30: R(t)=0.516  acc1=51.48%  acc2=53.42%  ens=52.45%  (best 57.05 @ ep 20)  [9.7s]  [sel1+2: prec=0.739, recall_clean=0.809]
  ep  31: R(t)=0.516  acc1=57.59%  acc2=55.96%  ens=56.77%  (best 57.05 @ ep 20)  [6.1s]
  ep  32: R(t)=0.516  acc1=55.86%  acc2=56.72%  ens=56.29%  (best 57.05 @ ep 20)  [6.2s]
  ep  33: R(t)=0.516  acc1=55.22%  acc2=56.48%  ens=55.85%  (best 57.05 @ ep 20)  [6.1s]
  ep  34: R(t)=0.516  acc1=57.31%  acc2=54.93%  ens=56.12%  (best 57.05 @ ep 20)  [6.1s]
  ep  35: R(t)=0.516  acc1=56.78%  acc2=51.91%  ens=54.34%  (best 57.05 @ ep 20)  [6.1s]
  ep  36: R(t)=0.516  acc1=58.84%  acc2=57.70%  ens=58.27%  (best 58.27 @ ep 36)  [6.2s]
  ep  37: R(t)=0.516  acc1=56.04%  acc2=53.76%  ens=54.90%  (best 58.27 @ ep 36)  [6.4s]
  ep  38: R(t)=0.516  acc1=58.14%  acc2=55.38%  ens=56.76%  (best 58.27 @ ep 36)  [10.5s]
  ep  39: R(t)=0.516  acc1=57.01%  acc2=58.96%  ens=57.98%  (best 58.27 @ ep 36)  [19.5s]
  ep  40: R(t)=0.516  acc1=58.83%  acc2=57.23%  ens=58.03%  (best 58.27 @ ep 36)  [14.9s]
  ep  41: R(t)=0.516  acc1=58.72%  acc2=56.30%  ens=57.51%  (best 58.27 @ ep 36)  [16.7s]
  ep  42: R(t)=0.516  acc1=59.91%  acc2=59.99%  ens=59.95%  (best 59.95 @ ep 42)  [6.0s]
  ep  43: R(t)=0.516  acc1=58.10%  acc2=58.28%  ens=58.19%  (best 59.95 @ ep 42)  [6.0s]
  ep  44: R(t)=0.516  acc1=56.25%  acc2=51.27%  ens=53.76%  (best 59.95 @ ep 42)  [6.2s]
  ep  45: R(t)=0.516  acc1=59.86%  acc2=59.05%  ens=59.46%  (best 59.95 @ ep 42)  [6.2s]
  ep  46: R(t)=0.516  acc1=59.81%  acc2=57.65%  ens=58.73%  (best 59.95 @ ep 42)  [6.3s]
  ep  47: R(t)=0.516  acc1=61.11%  acc2=59.24%  ens=60.17%  (best 60.17 @ ep 47)  [6.0s]
  ep  48: R(t)=0.516  acc1=56.55%  acc2=56.53%  ens=56.54%  (best 60.17 @ ep 47)  [6.2s]
  ep  49: R(t)=0.516  acc1=61.60%  acc2=61.37%  ens=61.48%  (best 61.48 @ ep 49)  [5.8s]
  ep  50: R(t)=0.516  acc1=62.56%  acc2=58.13%  ens=60.35%  (best 61.48 @ ep 49)  [9.7s]  [sel1+2: prec=0.754, recall_clean=0.819]
  ep  51: R(t)=0.516  acc1=60.01%  acc2=54.53%  ens=57.27%  (best 61.48 @ ep 49)  [15.1s]
  ep  52: R(t)=0.516  acc1=61.21%  acc2=61.26%  ens=61.23%  (best 61.48 @ ep 49)  [9.2s]
  ep  53: R(t)=0.516  acc1=60.35%  acc2=59.94%  ens=60.15%  (best 61.48 @ ep 49)  [6.3s]
  ep  54: R(t)=0.516  acc1=61.12%  acc2=58.79%  ens=59.96%  (best 61.48 @ ep 49)  [6.2s]
  ep  55: R(t)=0.516  acc1=61.79%  acc2=60.06%  ens=60.93%  (best 61.48 @ ep 49)  [6.1s]
  ep  56: R(t)=0.516  acc1=54.69%  acc2=57.36%  ens=56.03%  (best 61.48 @ ep 49)  [6.2s]
  ep  57: R(t)=0.516  acc1=60.77%  acc2=58.41%  ens=59.59%  (best 61.48 @ ep 49)  [6.2s]
  ep  58: R(t)=0.516  acc1=61.17%  acc2=60.18%  ens=60.68%  (best 61.48 @ ep 49)  [6.2s]
  ep  59: R(t)=0.516  acc1=60.00%  acc2=60.06%  ens=60.03%  (best 61.48 @ ep 49)  [6.1s]
  ep  60: R(t)=0.516  acc1=60.78%  acc2=60.53%  ens=60.65%  (best 61.48 @ ep 49)  [6.3s]
  ep  61: R(t)=0.516  acc1=63.21%  acc2=62.12%  ens=62.66%  (best 62.66 @ ep 61)  [5.9s]
  ep  62: R(t)=0.516  acc1=61.46%  acc2=61.74%  ens=61.60%  (best 62.66 @ ep 61)  [10.6s]
  ep  63: R(t)=0.516  acc1=62.97%  acc2=62.17%  ens=62.57%  (best 62.66 @ ep 61)  [14.9s]
  ep  64: R(t)=0.516  acc1=62.22%  acc2=62.88%  ens=62.55%  (best 62.66 @ ep 61)  [16.4s]
  ep  65: R(t)=0.516  acc1=61.74%  acc2=61.39%  ens=61.57%  (best 62.66 @ ep 61)  [16.7s]
  ep  66: R(t)=0.516  acc1=61.99%  acc2=63.05%  ens=62.52%  (best 62.66 @ ep 61)  [16.5s]
  ep  67: R(t)=0.516  acc1=62.32%  acc2=62.23%  ens=62.27%  (best 62.66 @ ep 61)  [16.4s]
  ep  68: R(t)=0.516  acc1=62.94%  acc2=62.08%  ens=62.51%  (best 62.66 @ ep 61)  [15.2s]
  ep  69: R(t)=0.516  acc1=63.24%  acc2=60.70%  ens=61.97%  (best 62.66 @ ep 61)  [17.5s]
  ep  70: R(t)=0.516  acc1=63.48%  acc2=63.25%  ens=63.37%  (best 63.37 @ ep 70)  [13.3s]
  ep  71: R(t)=0.516  acc1=62.35%  acc2=63.05%  ens=62.70%  (best 63.37 @ ep 70)  [6.3s]
  ep  72: R(t)=0.516  acc1=63.97%  acc2=61.17%  ens=62.57%  (best 63.37 @ ep 70)  [6.2s]
  ep  73: R(t)=0.516  acc1=63.51%  acc2=63.12%  ens=63.31%  (best 63.37 @ ep 70)  [6.3s]
  ep  74: R(t)=0.516  acc1=63.53%  acc2=64.08%  ens=63.80%  (best 63.80 @ ep 74)  [6.4s]
  ep  75: R(t)=0.516  acc1=63.97%  acc2=64.03%  ens=64.00%  (best 64.00 @ ep 75)  [10.0s]  [sel1+2: prec=0.775, recall_clean=0.818]
  ep  76: R(t)=0.516  acc1=64.28%  acc2=64.25%  ens=64.27%  (best 64.27 @ ep 76)  [5.7s]
  ep  77: R(t)=0.516  acc1=64.92%  acc2=64.03%  ens=64.47%  (best 64.47 @ ep 77)  [6.1s]
  ep  78: R(t)=0.516  acc1=65.56%  acc2=65.12%  ens=65.34%  (best 65.34 @ ep 78)  [6.3s]
  ep  79: R(t)=0.516  acc1=64.18%  acc2=64.14%  ens=64.16%  (best 65.34 @ ep 78)  [8.0s]
  ep  80: R(t)=0.516  acc1=64.40%  acc2=65.05%  ens=64.72%  (best 65.34 @ ep 78)  [14.4s]
  ep  81: R(t)=0.516  acc1=65.01%  acc2=64.82%  ens=64.92%  (best 65.34 @ ep 78)  [15.3s]
  ep  82: R(t)=0.516  acc1=65.76%  acc2=65.93%  ens=65.84%  (best 65.84 @ ep 82)  [14.3s]
  ep  83: R(t)=0.516  acc1=65.37%  acc2=65.38%  ens=65.38%  (best 65.84 @ ep 82)  [6.1s]
  ep  84: R(t)=0.516  acc1=65.28%  acc2=65.20%  ens=65.24%  (best 65.84 @ ep 82)  [6.0s]
  ep  85: R(t)=0.516  acc1=64.55%  acc2=65.57%  ens=65.06%  (best 65.84 @ ep 82)  [6.2s]
  ep  86: R(t)=0.516  acc1=65.21%  acc2=65.60%  ens=65.41%  (best 65.84 @ ep 82)  [5.9s]
  ep  87: R(t)=0.516  acc1=65.32%  acc2=65.27%  ens=65.29%  (best 65.84 @ ep 82)  [6.2s]
  ep  88: R(t)=0.516  acc1=64.99%  acc2=65.31%  ens=65.15%  (best 65.84 @ ep 82)  [6.2s]
  ep  89: R(t)=0.516  acc1=64.91%  acc2=65.38%  ens=65.15%  (best 65.84 @ ep 82)  [6.1s]
  ep  90: R(t)=0.516  acc1=65.56%  acc2=65.51%  ens=65.53%  (best 65.84 @ ep 82)  [6.1s]
  ep  91: R(t)=0.516  acc1=65.23%  acc2=65.24%  ens=65.23%  (best 65.84 @ ep 82)  [6.0s]
  ep  92: R(t)=0.516  acc1=64.67%  acc2=65.03%  ens=64.85%  (best 65.84 @ ep 82)  [7.4s]
  ep  93: R(t)=0.516  acc1=65.18%  acc2=65.34%  ens=65.26%  (best 65.84 @ ep 82)  [18.0s]
  ep  94: R(t)=0.516  acc1=65.35%  acc2=65.48%  ens=65.42%  (best 65.84 @ ep 82)  [15.6s]
  ep  95: R(t)=0.516  acc1=65.29%  acc2=65.38%  ens=65.34%  (best 65.84 @ ep 82)  [17.2s]
  ep  96: R(t)=0.516  acc1=64.94%  acc2=65.18%  ens=65.06%  (best 65.84 @ ep 82)  [14.9s]
  ep  97: R(t)=0.516  acc1=65.16%  acc2=65.59%  ens=65.38%  (best 65.84 @ ep 82)  [15.6s]
  ep  98: R(t)=0.516  acc1=65.28%  acc2=65.40%  ens=65.34%  (best 65.84 @ ep 82)  [6.6s]
  ep  99: R(t)=0.516  acc1=65.31%  acc2=65.53%  ens=65.42%  (best 65.84 @ ep 82)  [9.2s]  [sel1+2: prec=0.785, recall_clean=0.812]

saved /path/to/ciln-workspace/journal_edition/robustness_transfer/results_v3/coteaching/gu_high__seed0.json: best ens-acc 65.84% @ ep 82
saved /path/to/ciln-workspace/journal_edition/robustness_transfer/results_v3/coteaching/gu_high__seed0__persample.npz
