/path/to/ciln-workspace/venv/lib/python3.12/site-packages/torchvision/datasets/cifar.py:83: VisibleDeprecationWarning: dtype(): align should be passed as Python or NumPy boolean but got `align=0`. Did you mean to pass a tuple to create a subarray type? (Deprecated NumPy 2.4)
  entry = pickle.load(f, encoding="latin1")
condition=ours__motion_blur_sev3 seed=1 gpu=2
  ep   0: R(t)=1.000  acc1=23.98%  acc2=29.68%  ens=26.83%  (best 26.83 @ ep 0)  [5.3s]
  ep   1: R(t)=0.927  acc1=27.93%  acc2=32.78%  ens=30.35%  (best 30.35 @ ep 1)  [4.4s]
  ep   2: R(t)=0.897  acc1=39.57%  acc2=38.00%  ens=38.79%  (best 38.79 @ ep 2)  [4.5s]
  ep   3: R(t)=0.873  acc1=43.75%  acc2=39.18%  ens=41.46%  (best 41.46 @ ep 3)  [4.2s]
  ep   4: R(t)=0.854  acc1=42.55%  acc2=41.56%  ens=42.05%  (best 42.05 @ ep 4)  [4.3s]
  ep   5: R(t)=0.836  acc1=46.43%  acc2=44.77%  ens=45.60%  (best 45.60 @ ep 5)  [6.3s]  [sel1+2: prec=0.828, recall_clean=0.943]
  ep   6: R(t)=0.821  acc1=49.69%  acc2=45.61%  ens=47.65%  (best 47.65 @ ep 6)  [4.2s]
  ep   7: R(t)=0.806  acc1=51.13%  acc2=42.67%  ens=46.90%  (best 47.65 @ ep 6)  [4.3s]
  ep   8: R(t)=0.793  acc1=52.99%  acc2=52.23%  ens=52.61%  (best 52.61 @ ep 8)  [4.5s]
  ep   9: R(t)=0.781  acc1=49.01%  acc2=44.59%  ens=46.80%  (best 52.61 @ ep 8)  [7.3s]
  ep  10: R(t)=0.769  acc1=47.74%  acc2=52.41%  ens=50.08%  (best 52.61 @ ep 8)  [13.0s]  [sel1+2: prec=0.890, recall_clean=0.940]
  ep  11: R(t)=0.769  acc1=54.04%  acc2=55.12%  ens=54.58%  (best 54.58 @ ep 11)  [11.3s]
  ep  12: R(t)=0.769  acc1=55.33%  acc2=54.24%  ens=54.78%  (best 54.78 @ ep 12)  [9.2s]
  ep  13: R(t)=0.769  acc1=59.45%  acc2=58.12%  ens=58.78%  (best 58.78 @ ep 13)  [9.5s]
  ep  14: R(t)=0.769  acc1=53.13%  acc2=58.44%  ens=55.78%  (best 58.78 @ ep 13)  [8.2s]
  ep  15: R(t)=0.769  acc1=56.56%  acc2=60.91%  ens=58.74%  (best 58.78 @ ep 13)  [4.4s]
  ep  16: R(t)=0.769  acc1=56.37%  acc2=58.30%  ens=57.34%  (best 58.78 @ ep 13)  [4.5s]
  ep  17: R(t)=0.769  acc1=56.33%  acc2=61.30%  ens=58.81%  (best 58.81 @ ep 17)  [4.2s]
  ep  18: R(t)=0.769  acc1=58.33%  acc2=55.84%  ens=57.09%  (best 58.81 @ ep 17)  [4.3s]
  ep  19: R(t)=0.769  acc1=57.29%  acc2=52.14%  ens=54.72%  (best 58.81 @ ep 17)  [4.3s]
  ep  20: R(t)=0.769  acc1=60.13%  acc2=57.16%  ens=58.64%  (best 58.81 @ ep 17)  [6.6s]  [sel1+2: prec=0.918, recall_clean=0.960]
  ep  21: R(t)=0.769  acc1=61.10%  acc2=55.07%  ens=58.09%  (best 58.81 @ ep 17)  [4.4s]
  ep  22: R(t)=0.769  acc1=56.89%  acc2=58.06%  ens=57.48%  (best 58.81 @ ep 17)  [4.3s]
  ep  23: R(t)=0.769  acc1=52.55%  acc2=58.29%  ens=55.42%  (best 58.81 @ ep 17)  [4.5s]
  ep  24: R(t)=0.769  acc1=63.82%  acc2=59.04%  ens=61.43%  (best 61.43 @ ep 24)  [4.5s]
  ep  25: R(t)=0.769  acc1=54.77%  acc2=59.81%  ens=57.29%  (best 61.43 @ ep 24)  [4.3s]
  ep  26: R(t)=0.769  acc1=64.23%  acc2=62.07%  ens=63.15%  (best 63.15 @ ep 26)  [4.4s]
  ep  27: R(t)=0.769  acc1=61.99%  acc2=60.84%  ens=61.41%  (best 63.15 @ ep 26)  [4.4s]
  ep  28: R(t)=0.769  acc1=60.85%  acc2=59.13%  ens=59.99%  (best 63.15 @ ep 26)  [5.1s]
  ep  29: R(t)=0.769  acc1=57.17%  acc2=54.60%  ens=55.89%  (best 63.15 @ ep 26)  [6.2s]
  ep  30: R(t)=0.769  acc1=62.97%  acc2=57.42%  ens=60.20%  (best 63.15 @ ep 26)  [6.3s]  [sel1+2: prec=0.929, recall_clean=0.967]
  ep  31: R(t)=0.769  acc1=60.22%  acc2=60.64%  ens=60.43%  (best 63.15 @ ep 26)  [4.4s]
  ep  32: R(t)=0.769  acc1=57.30%  acc2=62.13%  ens=59.71%  (best 63.15 @ ep 26)  [4.4s]
  ep  33: R(t)=0.769  acc1=62.57%  acc2=60.60%  ens=61.59%  (best 63.15 @ ep 26)  [4.3s]
  ep  34: R(t)=0.769  acc1=63.06%  acc2=61.17%  ens=62.12%  (best 63.15 @ ep 26)  [4.1s]
  ep  35: R(t)=0.769  acc1=65.07%  acc2=59.92%  ens=62.49%  (best 63.15 @ ep 26)  [4.5s]
  ep  36: R(t)=0.769  acc1=63.01%  acc2=57.17%  ens=60.09%  (best 63.15 @ ep 26)  [4.2s]
  ep  37: R(t)=0.769  acc1=62.94%  acc2=62.47%  ens=62.70%  (best 63.15 @ ep 26)  [4.3s]
  ep  38: R(t)=0.769  acc1=65.84%  acc2=65.91%  ens=65.88%  (best 65.88 @ ep 38)  [4.2s]
  ep  39: R(t)=0.769  acc1=62.03%  acc2=60.20%  ens=61.11%  (best 65.88 @ ep 38)  [4.3s]
  ep  40: R(t)=0.769  acc1=61.78%  acc2=64.58%  ens=63.18%  (best 65.88 @ ep 38)  [4.2s]
  ep  41: R(t)=0.769  acc1=63.51%  acc2=65.29%  ens=64.40%  (best 65.88 @ ep 38)  [4.3s]
  ep  42: R(t)=0.769  acc1=65.96%  acc2=57.73%  ens=61.84%  (best 65.88 @ ep 38)  [5.8s]
  ep  43: R(t)=0.769  acc1=57.21%  acc2=63.93%  ens=60.57%  (best 65.88 @ ep 38)  [9.5s]
  ep  44: R(t)=0.769  acc1=61.00%  acc2=61.45%  ens=61.22%  (best 65.88 @ ep 38)  [10.1s]
  ep  45: R(t)=0.769  acc1=65.08%  acc2=65.27%  ens=65.18%  (best 65.88 @ ep 38)  [9.9s]
  ep  46: R(t)=0.769  acc1=66.52%  acc2=62.33%  ens=64.42%  (best 65.88 @ ep 38)  [9.5s]
  ep  47: R(t)=0.769  acc1=64.89%  acc2=67.41%  ens=66.15%  (best 66.15 @ ep 47)  [10.2s]
  ep  48: R(t)=0.769  acc1=66.66%  acc2=64.27%  ens=65.46%  (best 66.15 @ ep 47)  [9.9s]
  ep  49: R(t)=0.769  acc1=66.10%  acc2=65.97%  ens=66.03%  (best 66.15 @ ep 47)  [9.6s]
  ep  50: R(t)=0.769  acc1=62.93%  acc2=66.28%  ens=64.61%  (best 66.15 @ ep 47)  [10.8s]  [sel1+2: prec=0.942, recall_clean=0.974]
  ep  51: R(t)=0.769  acc1=65.07%  acc2=64.48%  ens=64.78%  (best 66.15 @ ep 47)  [4.2s]
  ep  52: R(t)=0.769  acc1=64.20%  acc2=64.73%  ens=64.46%  (best 66.15 @ ep 47)  [4.3s]
  ep  53: R(t)=0.769  acc1=66.28%  acc2=68.32%  ens=67.30%  (best 67.30 @ ep 53)  [4.5s]
  ep  54: R(t)=0.769  acc1=68.55%  acc2=66.53%  ens=67.54%  (best 67.54 @ ep 54)  [4.3s]
  ep  55: R(t)=0.769  acc1=64.60%  acc2=67.37%  ens=65.98%  (best 67.54 @ ep 54)  [4.3s]
  ep  56: R(t)=0.769  acc1=63.40%  acc2=63.46%  ens=63.43%  (best 67.54 @ ep 54)  [4.3s]
  ep  57: R(t)=0.769  acc1=64.02%  acc2=67.32%  ens=65.67%  (best 67.54 @ ep 54)  [4.2s]
  ep  58: R(t)=0.769  acc1=67.15%  acc2=66.86%  ens=67.01%  (best 67.54 @ ep 54)  [4.1s]
  ep  59: R(t)=0.769  acc1=68.90%  acc2=68.09%  ens=68.49%  (best 68.49 @ ep 59)  [4.3s]
  ep  60: R(t)=0.769  acc1=69.35%  acc2=67.53%  ens=68.44%  (best 68.49 @ ep 59)  [4.3s]
  ep  61: R(t)=0.769  acc1=66.37%  acc2=66.67%  ens=66.52%  (best 68.49 @ ep 59)  [4.3s]
  ep  62: R(t)=0.769  acc1=66.94%  acc2=68.09%  ens=67.51%  (best 68.49 @ ep 59)  [4.2s]
  ep  63: R(t)=0.769  acc1=69.10%  acc2=68.88%  ens=68.99%  (best 68.99 @ ep 63)  [4.4s]
  ep  64: R(t)=0.769  acc1=68.24%  acc2=66.96%  ens=67.60%  (best 68.99 @ ep 63)  [5.7s]
  ep  65: R(t)=0.769  acc1=67.68%  acc2=67.34%  ens=67.51%  (best 68.99 @ ep 63)  [9.3s]
  ep  66: R(t)=0.769  acc1=69.05%  acc2=68.37%  ens=68.71%  (best 68.99 @ ep 63)  [8.7s]
  ep  67: R(t)=0.769  acc1=65.70%  acc2=69.65%  ens=67.67%  (best 68.99 @ ep 63)  [4.3s]
  ep  68: R(t)=0.769  acc1=68.70%  acc2=66.25%  ens=67.47%  (best 68.99 @ ep 63)  [4.5s]
  ep  69: R(t)=0.769  acc1=69.77%  acc2=70.70%  ens=70.23%  (best 70.23 @ ep 69)  [4.1s]
  ep  70: R(t)=0.769  acc1=68.45%  acc2=70.11%  ens=69.28%  (best 70.23 @ ep 69)  [4.2s]
  ep  71: R(t)=0.769  acc1=69.90%  acc2=68.12%  ens=69.01%  (best 70.23 @ ep 69)  [4.2s]
  ep  72: R(t)=0.769  acc1=67.96%  acc2=67.74%  ens=67.85%  (best 70.23 @ ep 69)  [4.3s]
  ep  73: R(t)=0.769  acc1=69.46%  acc2=69.36%  ens=69.41%  (best 70.23 @ ep 69)  [4.2s]
  ep  74: R(t)=0.769  acc1=70.54%  acc2=70.02%  ens=70.28%  (best 70.28 @ ep 74)  [4.2s]
  ep  75: R(t)=0.769  acc1=68.32%  acc2=69.37%  ens=68.84%  (best 70.28 @ ep 74)  [6.2s]  [sel1+2: prec=0.947, recall_clean=0.972]
  ep  76: R(t)=0.769  acc1=69.97%  acc2=70.68%  ens=70.32%  (best 70.32 @ ep 76)  [4.1s]
  ep  77: R(t)=0.769  acc1=70.11%  acc2=68.90%  ens=69.50%  (best 70.32 @ ep 76)  [4.1s]
  ep  78: R(t)=0.769  acc1=68.42%  acc2=69.42%  ens=68.92%  (best 70.32 @ ep 76)  [4.2s]
  ep  79: R(t)=0.769  acc1=68.61%  acc2=69.48%  ens=69.05%  (best 70.32 @ ep 76)  [4.3s]
  ep  80: R(t)=0.769  acc1=69.71%  acc2=69.91%  ens=69.81%  (best 70.32 @ ep 76)  [4.3s]
  ep  81: R(t)=0.769  acc1=70.01%  acc2=70.01%  ens=70.01%  (best 70.32 @ ep 76)  [4.3s]
  ep  82: R(t)=0.769  acc1=68.94%  acc2=69.54%  ens=69.24%  (best 70.32 @ ep 76)  [4.3s]
  ep  83: R(t)=0.769  acc1=70.86%  acc2=70.26%  ens=70.56%  (best 70.56 @ ep 83)  [4.3s]
  ep  84: R(t)=0.769  acc1=69.56%  acc2=69.17%  ens=69.36%  (best 70.56 @ ep 83)  [4.3s]
  ep  85: R(t)=0.769  acc1=70.07%  acc2=70.43%  ens=70.25%  (best 70.56 @ ep 83)  [4.2s]
  ep  86: R(t)=0.769  acc1=69.90%  acc2=70.42%  ens=70.16%  (best 70.56 @ ep 83)  [4.3s]
  ep  87: R(t)=0.769  acc1=69.42%  acc2=70.11%  ens=69.77%  (best 70.56 @ ep 83)  [4.2s]
  ep  88: R(t)=0.769  acc1=69.23%  acc2=70.06%  ens=69.64%  (best 70.56 @ ep 83)  [4.3s]
  ep  89: R(t)=0.769  acc1=69.61%  acc2=69.89%  ens=69.75%  (best 70.56 @ ep 83)  [4.2s]
  ep  90: R(t)=0.769  acc1=69.35%  acc2=70.22%  ens=69.79%  (best 70.56 @ ep 83)  [4.3s]
  ep  91: R(t)=0.769  acc1=69.50%  acc2=70.20%  ens=69.85%  (best 70.56 @ ep 83)  [4.3s]
  ep  92: R(t)=0.769  acc1=69.60%  acc2=70.00%  ens=69.80%  (best 70.56 @ ep 83)  [4.2s]
  ep  93: R(t)=0.769  acc1=69.86%  acc2=70.48%  ens=70.17%  (best 70.56 @ ep 83)  [4.3s]
  ep  94: R(t)=0.769  acc1=69.85%  acc2=70.06%  ens=69.95%  (best 70.56 @ ep 83)  [4.2s]
  ep  95: R(t)=0.769  acc1=70.07%  acc2=70.37%  ens=70.22%  (best 70.56 @ ep 83)  [8.1s]
  ep  96: R(t)=0.769  acc1=70.10%  acc2=70.44%  ens=70.27%  (best 70.56 @ ep 83)  [8.9s]
  ep  97: R(t)=0.769  acc1=70.15%  acc2=70.32%  ens=70.23%  (best 70.56 @ ep 83)  [4.3s]
  ep  98: R(t)=0.769  acc1=69.93%  acc2=70.17%  ens=70.05%  (best 70.56 @ ep 83)  [4.5s]
  ep  99: R(t)=0.769  acc1=69.75%  acc2=70.30%  ens=70.03%  (best 70.56 @ ep 83)  [6.6s]  [sel1+2: prec=0.950, recall_clean=0.968]

saved /path/to/ciln-workspace/journal_edition/robustness_transfer/results_v3/coteaching/ours__motion_blur_sev3__seed1.json: best ens-acc 70.56% @ ep 83
saved /path/to/ciln-workspace/journal_edition/robustness_transfer/results_v3/coteaching/ours__motion_blur_sev3__seed1__persample.npz
