/path/to/ciln-workspace/venv/lib/python3.12/site-packages/torchvision/datasets/cifar.py:83: VisibleDeprecationWarning: dtype(): align should be passed as Python or NumPy boolean but got `align=0`. Did you mean to pass a tuple to create a subarray type? (Deprecated NumPy 2.4)
  entry = pickle.load(f, encoding="latin1")
condition=ours__impulse_noise_sev3 seed=0 gpu=2
  ep   0: R(t)=1.000  acc1=30.89%  acc2=28.87%  ens=29.88%  (best 29.88 @ ep 0)  [5.2s]
  ep   1: R(t)=0.930  acc1=35.56%  acc2=36.41%  ens=35.98%  (best 35.98 @ ep 1)  [4.1s]
  ep   2: R(t)=0.901  acc1=39.94%  acc2=40.02%  ens=39.98%  (best 39.98 @ ep 2)  [4.4s]
  ep   3: R(t)=0.879  acc1=41.49%  acc2=39.07%  ens=40.28%  (best 40.28 @ ep 3)  [4.5s]
  ep   4: R(t)=0.860  acc1=43.35%  acc2=45.55%  ens=44.45%  (best 44.45 @ ep 4)  [7.8s]
  ep   5: R(t)=0.844  acc1=48.43%  acc2=44.56%  ens=46.49%  (best 46.49 @ ep 5)  [12.8s]  [sel1+2: prec=0.843, recall_clean=0.952]
  ep   6: R(t)=0.829  acc1=47.82%  acc2=45.96%  ens=46.89%  (best 46.89 @ ep 6)  [4.4s]
  ep   7: R(t)=0.815  acc1=47.81%  acc2=50.50%  ens=49.16%  (best 49.16 @ ep 7)  [4.3s]
  ep   8: R(t)=0.802  acc1=47.55%  acc2=48.70%  ens=48.12%  (best 49.16 @ ep 7)  [4.3s]
  ep   9: R(t)=0.790  acc1=52.54%  acc2=53.02%  ens=52.78%  (best 52.78 @ ep 9)  [4.4s]
  ep  10: R(t)=0.779  acc1=51.89%  acc2=52.11%  ens=52.00%  (best 52.78 @ ep 9)  [6.2s]  [sel1+2: prec=0.893, recall_clean=0.939]
  ep  11: R(t)=0.779  acc1=55.93%  acc2=53.08%  ens=54.51%  (best 54.51 @ ep 11)  [4.2s]
  ep  12: R(t)=0.779  acc1=54.12%  acc2=54.79%  ens=54.46%  (best 54.51 @ ep 11)  [4.0s]
  ep  13: R(t)=0.779  acc1=47.62%  acc2=48.31%  ens=47.97%  (best 54.51 @ ep 11)  [4.3s]
  ep  14: R(t)=0.779  acc1=53.91%  acc2=57.83%  ens=55.87%  (best 55.87 @ ep 14)  [4.1s]
  ep  15: R(t)=0.779  acc1=55.48%  acc2=54.96%  ens=55.22%  (best 55.87 @ ep 14)  [4.3s]
  ep  16: R(t)=0.779  acc1=57.00%  acc2=54.39%  ens=55.70%  (best 55.87 @ ep 14)  [4.3s]
  ep  17: R(t)=0.779  acc1=58.08%  acc2=56.93%  ens=57.51%  (best 57.51 @ ep 17)  [4.3s]
  ep  18: R(t)=0.779  acc1=58.24%  acc2=56.40%  ens=57.32%  (best 57.51 @ ep 17)  [4.3s]
  ep  19: R(t)=0.779  acc1=57.40%  acc2=55.77%  ens=56.58%  (best 57.51 @ ep 17)  [4.1s]
  ep  20: R(t)=0.779  acc1=57.75%  acc2=54.66%  ens=56.20%  (best 57.51 @ ep 17)  [13.4s]  [sel1+2: prec=0.910, recall_clean=0.955]
  ep  21: R(t)=0.779  acc1=59.63%  acc2=56.86%  ens=58.25%  (best 58.25 @ ep 21)  [11.2s]
  ep  22: R(t)=0.779  acc1=50.34%  acc2=57.71%  ens=54.02%  (best 58.25 @ ep 21)  [10.5s]
  ep  23: R(t)=0.779  acc1=58.77%  acc2=55.27%  ens=57.02%  (best 58.25 @ ep 21)  [10.2s]
  ep  24: R(t)=0.779  acc1=56.92%  acc2=59.00%  ens=57.96%  (best 58.25 @ ep 21)  [10.6s]
  ep  25: R(t)=0.779  acc1=60.54%  acc2=55.11%  ens=57.83%  (best 58.25 @ ep 21)  [10.5s]
  ep  26: R(t)=0.779  acc1=58.07%  acc2=57.69%  ens=57.88%  (best 58.25 @ ep 21)  [10.1s]
  ep  27: R(t)=0.779  acc1=59.19%  acc2=59.18%  ens=59.19%  (best 59.19 @ ep 27)  [9.9s]
  ep  28: R(t)=0.779  acc1=55.81%  acc2=58.48%  ens=57.15%  (best 59.19 @ ep 27)  [10.3s]
  ep  29: R(t)=0.779  acc1=57.93%  acc2=56.04%  ens=56.98%  (best 59.19 @ ep 27)  [4.4s]
  ep  30: R(t)=0.779  acc1=61.47%  acc2=59.78%  ens=60.62%  (best 60.62 @ ep 30)  [6.5s]  [sel1+2: prec=0.923, recall_clean=0.961]
  ep  31: R(t)=0.779  acc1=57.76%  acc2=56.82%  ens=57.29%  (best 60.62 @ ep 30)  [4.2s]
  ep  32: R(t)=0.779  acc1=60.20%  acc2=59.43%  ens=59.81%  (best 60.62 @ ep 30)  [4.2s]
  ep  33: R(t)=0.779  acc1=60.17%  acc2=58.63%  ens=59.40%  (best 60.62 @ ep 30)  [4.3s]
  ep  34: R(t)=0.779  acc1=57.23%  acc2=60.82%  ens=59.02%  (best 60.62 @ ep 30)  [4.4s]
  ep  35: R(t)=0.779  acc1=59.47%  acc2=60.72%  ens=60.09%  (best 60.62 @ ep 30)  [4.2s]
  ep  36: R(t)=0.779  acc1=62.99%  acc2=58.56%  ens=60.77%  (best 60.77 @ ep 36)  [4.4s]
  ep  37: R(t)=0.779  acc1=59.99%  acc2=61.85%  ens=60.92%  (best 60.92 @ ep 37)  [4.4s]
  ep  38: R(t)=0.779  acc1=60.78%  acc2=62.93%  ens=61.85%  (best 61.85 @ ep 38)  [4.3s]
  ep  39: R(t)=0.779  acc1=59.51%  acc2=59.81%  ens=59.66%  (best 61.85 @ ep 38)  [4.3s]
  ep  40: R(t)=0.779  acc1=59.42%  acc2=60.60%  ens=60.01%  (best 61.85 @ ep 38)  [4.2s]
  ep  41: R(t)=0.779  acc1=57.22%  acc2=59.27%  ens=58.25%  (best 61.85 @ ep 38)  [4.6s]
  ep  42: R(t)=0.779  acc1=61.95%  acc2=61.99%  ens=61.97%  (best 61.97 @ ep 42)  [4.4s]
  ep  43: R(t)=0.779  acc1=57.49%  acc2=57.26%  ens=57.38%  (best 61.97 @ ep 42)  [8.4s]
  ep  44: R(t)=0.779  acc1=62.84%  acc2=64.81%  ens=63.82%  (best 63.82 @ ep 44)  [8.0s]
  ep  45: R(t)=0.779  acc1=61.08%  acc2=63.58%  ens=62.33%  (best 63.82 @ ep 44)  [4.4s]
  ep  46: R(t)=0.779  acc1=62.11%  acc2=63.79%  ens=62.95%  (best 63.82 @ ep 44)  [4.1s]
  ep  47: R(t)=0.779  acc1=58.20%  acc2=61.87%  ens=60.03%  (best 63.82 @ ep 44)  [4.4s]
  ep  48: R(t)=0.779  acc1=60.06%  acc2=59.04%  ens=59.55%  (best 63.82 @ ep 44)  [4.3s]
  ep  49: R(t)=0.779  acc1=59.95%  acc2=57.66%  ens=58.80%  (best 63.82 @ ep 44)  [4.2s]
  ep  50: R(t)=0.779  acc1=63.09%  acc2=64.62%  ens=63.85%  (best 63.85 @ ep 50)  [6.3s]  [sel1+2: prec=0.930, recall_clean=0.965]
  ep  51: R(t)=0.779  acc1=65.01%  acc2=64.58%  ens=64.80%  (best 64.80 @ ep 51)  [4.4s]
  ep  52: R(t)=0.779  acc1=64.98%  acc2=65.23%  ens=65.11%  (best 65.11 @ ep 52)  [4.3s]
  ep  53: R(t)=0.779  acc1=65.89%  acc2=66.55%  ens=66.22%  (best 66.22 @ ep 53)  [4.4s]
  ep  54: R(t)=0.779  acc1=64.50%  acc2=66.52%  ens=65.51%  (best 66.22 @ ep 53)  [4.5s]
  ep  55: R(t)=0.779  acc1=61.78%  acc2=64.86%  ens=63.32%  (best 66.22 @ ep 53)  [4.2s]
  ep  56: R(t)=0.779  acc1=63.49%  acc2=64.00%  ens=63.75%  (best 66.22 @ ep 53)  [4.3s]
  ep  57: R(t)=0.779  acc1=63.66%  acc2=65.33%  ens=64.50%  (best 66.22 @ ep 53)  [4.3s]
  ep  58: R(t)=0.779  acc1=65.39%  acc2=64.27%  ens=64.83%  (best 66.22 @ ep 53)  [9.8s]
  ep  59: R(t)=0.779  acc1=66.07%  acc2=65.44%  ens=65.75%  (best 66.22 @ ep 53)  [10.2s]
  ep  60: R(t)=0.779  acc1=63.78%  acc2=64.75%  ens=64.27%  (best 66.22 @ ep 53)  [9.5s]
  ep  61: R(t)=0.779  acc1=65.68%  acc2=65.05%  ens=65.37%  (best 66.22 @ ep 53)  [9.8s]
  ep  62: R(t)=0.779  acc1=64.77%  acc2=62.47%  ens=63.62%  (best 66.22 @ ep 53)  [9.3s]
  ep  63: R(t)=0.779  acc1=66.36%  acc2=64.40%  ens=65.38%  (best 66.22 @ ep 53)  [4.3s]
  ep  64: R(t)=0.779  acc1=66.77%  acc2=67.22%  ens=67.00%  (best 67.00 @ ep 64)  [4.4s]
  ep  65: R(t)=0.779  acc1=66.34%  acc2=65.38%  ens=65.86%  (best 67.00 @ ep 64)  [4.3s]
  ep  66: R(t)=0.779  acc1=64.37%  acc2=65.27%  ens=64.82%  (best 67.00 @ ep 64)  [4.2s]
  ep  67: R(t)=0.779  acc1=68.37%  acc2=66.36%  ens=67.36%  (best 67.36 @ ep 67)  [4.3s]
  ep  68: R(t)=0.779  acc1=66.38%  acc2=66.46%  ens=66.42%  (best 67.36 @ ep 67)  [4.1s]
  ep  69: R(t)=0.779  acc1=66.52%  acc2=66.14%  ens=66.33%  (best 67.36 @ ep 67)  [4.5s]
  ep  70: R(t)=0.779  acc1=67.91%  acc2=67.11%  ens=67.51%  (best 67.51 @ ep 70)  [4.3s]
  ep  71: R(t)=0.779  acc1=65.97%  acc2=65.88%  ens=65.92%  (best 67.51 @ ep 70)  [4.3s]
  ep  72: R(t)=0.779  acc1=65.58%  acc2=66.95%  ens=66.27%  (best 67.51 @ ep 70)  [4.1s]
  ep  73: R(t)=0.779  acc1=67.01%  acc2=67.16%  ens=67.08%  (best 67.51 @ ep 70)  [4.3s]
  ep  74: R(t)=0.779  acc1=66.93%  acc2=67.06%  ens=67.00%  (best 67.51 @ ep 70)  [4.3s]
  ep  75: R(t)=0.779  acc1=66.89%  acc2=66.67%  ens=66.78%  (best 67.51 @ ep 70)  [6.2s]  [sel1+2: prec=0.944, recall_clean=0.972]
  ep  76: R(t)=0.779  acc1=66.84%  acc2=67.69%  ens=67.27%  (best 67.51 @ ep 70)  [4.4s]
  ep  77: R(t)=0.779  acc1=66.82%  acc2=67.86%  ens=67.34%  (best 67.51 @ ep 70)  [8.7s]
  ep  78: R(t)=0.779  acc1=67.87%  acc2=67.65%  ens=67.76%  (best 67.76 @ ep 78)  [10.3s]
  ep  79: R(t)=0.779  acc1=67.04%  acc2=65.65%  ens=66.34%  (best 67.76 @ ep 78)  [9.2s]
  ep  80: R(t)=0.779  acc1=68.24%  acc2=67.80%  ens=68.02%  (best 68.02 @ ep 80)  [4.2s]
  ep  81: R(t)=0.779  acc1=69.26%  acc2=68.46%  ens=68.86%  (best 68.86 @ ep 81)  [4.4s]
  ep  82: R(t)=0.779  acc1=67.66%  acc2=67.23%  ens=67.44%  (best 68.86 @ ep 81)  [4.4s]
  ep  83: R(t)=0.779  acc1=66.95%  acc2=67.21%  ens=67.08%  (best 68.86 @ ep 81)  [4.5s]
  ep  84: R(t)=0.779  acc1=68.37%  acc2=67.70%  ens=68.03%  (best 68.86 @ ep 81)  [4.4s]
  ep  85: R(t)=0.779  acc1=67.93%  acc2=68.34%  ens=68.14%  (best 68.86 @ ep 81)  [4.1s]
  ep  86: R(t)=0.779  acc1=68.08%  acc2=68.25%  ens=68.16%  (best 68.86 @ ep 81)  [4.6s]
  ep  87: R(t)=0.779  acc1=68.20%  acc2=68.33%  ens=68.27%  (best 68.86 @ ep 81)  [4.3s]
  ep  88: R(t)=0.779  acc1=67.64%  acc2=67.84%  ens=67.74%  (best 68.86 @ ep 81)  [4.5s]
  ep  89: R(t)=0.779  acc1=67.09%  acc2=67.38%  ens=67.23%  (best 68.86 @ ep 81)  [4.3s]
  ep  90: R(t)=0.779  acc1=67.43%  acc2=67.26%  ens=67.34%  (best 68.86 @ ep 81)  [4.0s]
  ep  91: R(t)=0.779  acc1=67.49%  acc2=67.87%  ens=67.68%  (best 68.86 @ ep 81)  [4.4s]
  ep  92: R(t)=0.779  acc1=67.52%  acc2=67.22%  ens=67.37%  (best 68.86 @ ep 81)  [4.4s]
  ep  93: R(t)=0.779  acc1=67.68%  acc2=67.62%  ens=67.65%  (best 68.86 @ ep 81)  [6.7s]
  ep  94: R(t)=0.779  acc1=67.58%  acc2=67.54%  ens=67.56%  (best 68.86 @ ep 81)  [10.4s]
  ep  95: R(t)=0.779  acc1=67.42%  acc2=67.39%  ens=67.41%  (best 68.86 @ ep 81)  [9.8s]
  ep  96: R(t)=0.779  acc1=67.83%  acc2=67.85%  ens=67.84%  (best 68.86 @ ep 81)  [9.4s]
  ep  97: R(t)=0.779  acc1=67.88%  acc2=67.64%  ens=67.76%  (best 68.86 @ ep 81)  [10.2s]
  ep  98: R(t)=0.779  acc1=68.01%  acc2=67.84%  ens=67.92%  (best 68.86 @ ep 81)  [12.0s]
  ep  99: R(t)=0.779  acc1=68.01%  acc2=67.96%  ens=67.99%  (best 68.86 @ ep 81)  [13.2s]  [sel1+2: prec=0.944, recall_clean=0.967]

saved /path/to/ciln-workspace/journal_edition/robustness_transfer/results_v3/coteaching/ours__impulse_noise_sev3__seed0.json: best ens-acc 68.86% @ ep 81
saved /path/to/ciln-workspace/journal_edition/robustness_transfer/results_v3/coteaching/ours__impulse_noise_sev3__seed0__persample.npz
