/path/to/ciln-workspace/venv/lib/python3.12/site-packages/torchvision/datasets/cifar.py:83: VisibleDeprecationWarning: dtype(): align should be passed as Python or NumPy boolean but got `align=0`. Did you mean to pass a tuple to create a subarray type? (Deprecated NumPy 2.4)
  entry = pickle.load(f, encoding="latin1")
condition=ours__impulse_noise_sev3 seed=1 gpu=2
  ep   0: R(t)=1.000  acc1=29.80%  acc2=29.73%  ens=29.76%  (best 29.76 @ ep 0)  [5.3s]
  ep   1: R(t)=0.930  acc1=36.55%  acc2=38.32%  ens=37.43%  (best 37.43 @ ep 1)  [4.4s]
  ep   2: R(t)=0.901  acc1=38.09%  acc2=40.12%  ens=39.11%  (best 39.11 @ ep 2)  [4.4s]
  ep   3: R(t)=0.879  acc1=43.44%  acc2=42.14%  ens=42.79%  (best 42.79 @ ep 3)  [4.4s]
  ep   4: R(t)=0.860  acc1=44.31%  acc2=44.93%  ens=44.62%  (best 44.62 @ ep 4)  [4.3s]
  ep   5: R(t)=0.844  acc1=45.92%  acc2=43.77%  ens=44.84%  (best 44.84 @ ep 5)  [6.3s]  [sel1+2: prec=0.845, recall_clean=0.955]
  ep   6: R(t)=0.829  acc1=48.29%  acc2=52.28%  ens=50.29%  (best 50.29 @ ep 6)  [4.3s]
  ep   7: R(t)=0.815  acc1=50.36%  acc2=49.74%  ens=50.05%  (best 50.29 @ ep 6)  [4.3s]
  ep   8: R(t)=0.802  acc1=51.45%  acc2=52.60%  ens=52.02%  (best 52.02 @ ep 8)  [4.4s]
  ep   9: R(t)=0.790  acc1=49.36%  acc2=53.63%  ens=51.50%  (best 52.02 @ ep 8)  [4.3s]
  ep  10: R(t)=0.779  acc1=53.00%  acc2=53.30%  ens=53.15%  (best 53.15 @ ep 10)  [6.4s]  [sel1+2: prec=0.897, recall_clean=0.942]
  ep  11: R(t)=0.779  acc1=53.64%  acc2=46.86%  ens=50.25%  (best 53.15 @ ep 10)  [4.1s]
  ep  12: R(t)=0.779  acc1=57.18%  acc2=48.06%  ens=52.62%  (best 53.15 @ ep 10)  [9.9s]
  ep  13: R(t)=0.779  acc1=52.62%  acc2=53.56%  ens=53.09%  (best 53.15 @ ep 10)  [11.0s]
  ep  14: R(t)=0.779  acc1=47.82%  acc2=50.84%  ens=49.33%  (best 53.15 @ ep 10)  [10.2s]
  ep  15: R(t)=0.779  acc1=54.23%  acc2=56.60%  ens=55.41%  (best 55.41 @ ep 15)  [9.4s]
  ep  16: R(t)=0.779  acc1=56.24%  acc2=51.19%  ens=53.72%  (best 55.41 @ ep 15)  [11.0s]
  ep  17: R(t)=0.779  acc1=57.46%  acc2=59.62%  ens=58.54%  (best 58.54 @ ep 17)  [8.8s]
  ep  18: R(t)=0.779  acc1=59.40%  acc2=56.37%  ens=57.88%  (best 58.54 @ ep 17)  [4.3s]
  ep  19: R(t)=0.779  acc1=54.69%  acc2=57.15%  ens=55.92%  (best 58.54 @ ep 17)  [4.3s]
  ep  20: R(t)=0.779  acc1=57.37%  acc2=59.59%  ens=58.48%  (best 58.54 @ ep 17)  [6.5s]  [sel1+2: prec=0.916, recall_clean=0.956]
  ep  21: R(t)=0.779  acc1=57.02%  acc2=51.27%  ens=54.14%  (best 58.54 @ ep 17)  [4.2s]
  ep  22: R(t)=0.779  acc1=58.39%  acc2=56.55%  ens=57.47%  (best 58.54 @ ep 17)  [4.2s]
  ep  23: R(t)=0.779  acc1=59.19%  acc2=55.40%  ens=57.30%  (best 58.54 @ ep 17)  [4.3s]
  ep  24: R(t)=0.779  acc1=58.73%  acc2=57.97%  ens=58.35%  (best 58.54 @ ep 17)  [4.4s]
  ep  25: R(t)=0.779  acc1=61.17%  acc2=59.93%  ens=60.55%  (best 60.55 @ ep 25)  [4.4s]
  ep  26: R(t)=0.779  acc1=59.38%  acc2=59.10%  ens=59.24%  (best 60.55 @ ep 25)  [4.4s]
  ep  27: R(t)=0.779  acc1=52.85%  acc2=58.81%  ens=55.83%  (best 60.55 @ ep 25)  [4.3s]
  ep  28: R(t)=0.779  acc1=61.12%  acc2=56.59%  ens=58.85%  (best 60.55 @ ep 25)  [4.1s]
  ep  29: R(t)=0.779  acc1=60.55%  acc2=60.86%  ens=60.71%  (best 60.71 @ ep 29)  [4.3s]
  ep  30: R(t)=0.779  acc1=60.92%  acc2=56.20%  ens=58.56%  (best 60.71 @ ep 29)  [8.3s]  [sel1+2: prec=0.922, recall_clean=0.962]
  ep  31: R(t)=0.779  acc1=58.39%  acc2=52.64%  ens=55.52%  (best 60.71 @ ep 29)  [10.6s]
  ep  32: R(t)=0.779  acc1=60.11%  acc2=61.68%  ens=60.89%  (best 60.89 @ ep 32)  [10.6s]
  ep  33: R(t)=0.779  acc1=59.77%  acc2=62.15%  ens=60.96%  (best 60.96 @ ep 33)  [9.0s]
  ep  34: R(t)=0.779  acc1=58.13%  acc2=52.65%  ens=55.39%  (best 60.96 @ ep 33)  [4.4s]
  ep  35: R(t)=0.779  acc1=61.16%  acc2=57.36%  ens=59.26%  (best 60.96 @ ep 33)  [4.4s]
  ep  36: R(t)=0.779  acc1=59.02%  acc2=60.64%  ens=59.83%  (best 60.96 @ ep 33)  [4.4s]
  ep  37: R(t)=0.779  acc1=61.58%  acc2=57.20%  ens=59.39%  (best 60.96 @ ep 33)  [4.3s]
  ep  38: R(t)=0.779  acc1=59.97%  acc2=59.53%  ens=59.75%  (best 60.96 @ ep 33)  [4.2s]
  ep  39: R(t)=0.779  acc1=58.78%  acc2=58.65%  ens=58.72%  (best 60.96 @ ep 33)  [4.3s]
  ep  40: R(t)=0.779  acc1=64.33%  acc2=60.94%  ens=62.63%  (best 62.63 @ ep 40)  [4.3s]
  ep  41: R(t)=0.779  acc1=54.87%  acc2=59.48%  ens=57.17%  (best 62.63 @ ep 40)  [4.4s]
  ep  42: R(t)=0.779  acc1=60.20%  acc2=58.03%  ens=59.12%  (best 62.63 @ ep 40)  [4.4s]
  ep  43: R(t)=0.779  acc1=62.07%  acc2=60.66%  ens=61.37%  (best 62.63 @ ep 40)  [4.3s]
  ep  44: R(t)=0.779  acc1=62.64%  acc2=65.97%  ens=64.30%  (best 64.30 @ ep 44)  [4.1s]
  ep  45: R(t)=0.779  acc1=58.41%  acc2=59.93%  ens=59.17%  (best 64.30 @ ep 44)  [4.3s]
  ep  46: R(t)=0.779  acc1=63.24%  acc2=64.29%  ens=63.77%  (best 64.30 @ ep 44)  [4.4s]
  ep  47: R(t)=0.779  acc1=64.13%  acc2=61.04%  ens=62.59%  (best 64.30 @ ep 44)  [4.5s]
  ep  48: R(t)=0.779  acc1=62.57%  acc2=63.28%  ens=62.93%  (best 64.30 @ ep 44)  [5.9s]
  ep  49: R(t)=0.779  acc1=63.84%  acc2=63.23%  ens=63.53%  (best 64.30 @ ep 44)  [4.2s]
  ep  50: R(t)=0.779  acc1=64.92%  acc2=62.29%  ens=63.61%  (best 64.30 @ ep 44)  [6.3s]  [sel1+2: prec=0.937, recall_clean=0.971]
  ep  51: R(t)=0.779  acc1=63.80%  acc2=64.90%  ens=64.35%  (best 64.35 @ ep 51)  [4.5s]
  ep  52: R(t)=0.779  acc1=58.92%  acc2=64.88%  ens=61.90%  (best 64.35 @ ep 51)  [4.4s]
  ep  53: R(t)=0.779  acc1=66.45%  acc2=63.55%  ens=65.00%  (best 65.00 @ ep 53)  [4.4s]
  ep  54: R(t)=0.779  acc1=60.61%  acc2=62.80%  ens=61.70%  (best 65.00 @ ep 53)  [4.2s]
  ep  55: R(t)=0.779  acc1=66.35%  acc2=68.45%  ens=67.40%  (best 67.40 @ ep 55)  [4.5s]
  ep  56: R(t)=0.779  acc1=66.94%  acc2=65.45%  ens=66.20%  (best 67.40 @ ep 55)  [4.3s]
  ep  57: R(t)=0.779  acc1=58.02%  acc2=66.17%  ens=62.09%  (best 67.40 @ ep 55)  [4.1s]
  ep  58: R(t)=0.779  acc1=60.49%  acc2=64.74%  ens=62.61%  (best 67.40 @ ep 55)  [4.2s]
  ep  59: R(t)=0.779  acc1=62.96%  acc2=65.34%  ens=64.15%  (best 67.40 @ ep 55)  [4.3s]
  ep  60: R(t)=0.779  acc1=65.29%  acc2=64.47%  ens=64.88%  (best 67.40 @ ep 55)  [4.2s]
  ep  61: R(t)=0.779  acc1=65.03%  acc2=65.29%  ens=65.16%  (best 67.40 @ ep 55)  [4.4s]
  ep  62: R(t)=0.779  acc1=64.86%  acc2=62.35%  ens=63.61%  (best 67.40 @ ep 55)  [8.0s]
  ep  63: R(t)=0.779  acc1=64.18%  acc2=66.63%  ens=65.41%  (best 67.40 @ ep 55)  [10.4s]
  ep  64: R(t)=0.779  acc1=65.24%  acc2=66.45%  ens=65.84%  (best 67.40 @ ep 55)  [10.0s]
  ep  65: R(t)=0.779  acc1=65.42%  acc2=65.44%  ens=65.43%  (best 67.40 @ ep 55)  [13.0s]
  ep  66: R(t)=0.779  acc1=67.97%  acc2=66.57%  ens=67.27%  (best 67.40 @ ep 55)  [4.3s]
  ep  67: R(t)=0.779  acc1=66.53%  acc2=67.11%  ens=66.82%  (best 67.40 @ ep 55)  [4.4s]
  ep  68: R(t)=0.779  acc1=66.04%  acc2=67.12%  ens=66.58%  (best 67.40 @ ep 55)  [4.5s]
  ep  69: R(t)=0.779  acc1=67.33%  acc2=69.24%  ens=68.28%  (best 68.28 @ ep 69)  [4.4s]
  ep  70: R(t)=0.779  acc1=67.26%  acc2=66.69%  ens=66.98%  (best 68.28 @ ep 69)  [4.3s]
  ep  71: R(t)=0.779  acc1=65.37%  acc2=67.53%  ens=66.45%  (best 68.28 @ ep 69)  [4.3s]
  ep  72: R(t)=0.779  acc1=65.55%  acc2=65.44%  ens=65.49%  (best 68.28 @ ep 69)  [4.3s]
  ep  73: R(t)=0.779  acc1=65.56%  acc2=67.01%  ens=66.28%  (best 68.28 @ ep 69)  [4.5s]
  ep  74: R(t)=0.779  acc1=68.38%  acc2=67.48%  ens=67.93%  (best 68.28 @ ep 69)  [4.4s]
  ep  75: R(t)=0.779  acc1=68.63%  acc2=68.98%  ens=68.81%  (best 68.81 @ ep 75)  [6.3s]  [sel1+2: prec=0.948, recall_clean=0.975]
  ep  76: R(t)=0.779  acc1=68.12%  acc2=67.48%  ens=67.80%  (best 68.81 @ ep 75)  [4.4s]
  ep  77: R(t)=0.779  acc1=67.43%  acc2=67.62%  ens=67.53%  (best 68.81 @ ep 75)  [4.4s]
  ep  78: R(t)=0.779  acc1=68.20%  acc2=69.18%  ens=68.69%  (best 68.81 @ ep 75)  [4.4s]
  ep  79: R(t)=0.779  acc1=67.41%  acc2=68.47%  ens=67.94%  (best 68.81 @ ep 75)  [5.7s]
  ep  80: R(t)=0.779  acc1=68.09%  acc2=68.59%  ens=68.34%  (best 68.81 @ ep 75)  [10.8s]
  ep  81: R(t)=0.779  acc1=68.49%  acc2=68.42%  ens=68.45%  (best 68.81 @ ep 75)  [10.5s]
  ep  82: R(t)=0.779  acc1=67.91%  acc2=69.02%  ens=68.47%  (best 68.81 @ ep 75)  [10.9s]
  ep  83: R(t)=0.779  acc1=68.33%  acc2=68.30%  ens=68.31%  (best 68.81 @ ep 75)  [10.9s]
  ep  84: R(t)=0.779  acc1=67.86%  acc2=68.16%  ens=68.01%  (best 68.81 @ ep 75)  [11.6s]
  ep  85: R(t)=0.779  acc1=67.52%  acc2=68.21%  ens=67.86%  (best 68.81 @ ep 75)  [10.1s]
  ep  86: R(t)=0.779  acc1=68.49%  acc2=68.24%  ens=68.36%  (best 68.81 @ ep 75)  [10.7s]
  ep  87: R(t)=0.779  acc1=68.16%  acc2=68.59%  ens=68.38%  (best 68.81 @ ep 75)  [8.7s]
  ep  88: R(t)=0.779  acc1=68.39%  acc2=68.79%  ens=68.59%  (best 68.81 @ ep 75)  [4.4s]
  ep  89: R(t)=0.779  acc1=68.21%  acc2=68.53%  ens=68.37%  (best 68.81 @ ep 75)  [4.4s]
  ep  90: R(t)=0.779  acc1=68.10%  acc2=68.51%  ens=68.31%  (best 68.81 @ ep 75)  [4.4s]
  ep  91: R(t)=0.779  acc1=68.65%  acc2=68.73%  ens=68.69%  (best 68.81 @ ep 75)  [4.3s]
  ep  92: R(t)=0.779  acc1=68.33%  acc2=68.37%  ens=68.35%  (best 68.81 @ ep 75)  [4.2s]
  ep  93: R(t)=0.779  acc1=68.44%  acc2=68.59%  ens=68.51%  (best 68.81 @ ep 75)  [4.2s]
  ep  94: R(t)=0.779  acc1=68.30%  acc2=68.49%  ens=68.40%  (best 68.81 @ ep 75)  [4.4s]
  ep  95: R(t)=0.779  acc1=68.42%  acc2=68.48%  ens=68.45%  (best 68.81 @ ep 75)  [4.4s]
  ep  96: R(t)=0.779  acc1=68.14%  acc2=68.13%  ens=68.14%  (best 68.81 @ ep 75)  [4.6s]
  ep  97: R(t)=0.779  acc1=68.29%  acc2=68.36%  ens=68.32%  (best 68.81 @ ep 75)  [4.3s]
  ep  98: R(t)=0.779  acc1=68.20%  acc2=68.12%  ens=68.16%  (best 68.81 @ ep 75)  [4.3s]
  ep  99: R(t)=0.779  acc1=68.31%  acc2=68.38%  ens=68.34%  (best 68.81 @ ep 75)  [6.2s]  [sel1+2: prec=0.945, recall_clean=0.969]

saved /path/to/ciln-workspace/journal_edition/robustness_transfer/results_v3/coteaching/ours__impulse_noise_sev3__seed1.json: best ens-acc 68.81% @ ep 75
saved /path/to/ciln-workspace/journal_edition/robustness_transfer/results_v3/coteaching/ours__impulse_noise_sev3__seed1__persample.npz
