/path/to/ciln-workspace/venv/lib/python3.12/site-packages/torchvision/datasets/cifar.py:83: VisibleDeprecationWarning: dtype(): align should be passed as Python or NumPy boolean but got `align=0`. Did you mean to pass a tuple to create a subarray type? (Deprecated NumPy 2.4)
  entry = pickle.load(f, encoding="latin1")
condition=gu_medium seed=0 gpu=1
  ep   0: R(t)=1.000  acc1=32.69%  acc2=30.86%  ens=31.77%  (best 31.77 @ ep 0)  [7.2s]
  ep   1: R(t)=0.938  acc1=40.53%  acc2=40.19%  ens=40.36%  (best 40.36 @ ep 1)  [5.8s]
  ep   2: R(t)=0.912  acc1=47.28%  acc2=50.53%  ens=48.91%  (best 48.91 @ ep 2)  [6.2s]
  ep   3: R(t)=0.892  acc1=47.61%  acc2=54.27%  ens=50.94%  (best 50.94 @ ep 3)  [6.0s]
  ep   4: R(t)=0.876  acc1=54.06%  acc2=57.94%  ens=56.00%  (best 56.00 @ ep 4)  [6.1s]
  ep   5: R(t)=0.861  acc1=56.59%  acc2=57.81%  ens=57.20%  (best 57.20 @ ep 5)  [14.3s]  [sel1+2: prec=0.837, recall_clean=0.935]
  ep   6: R(t)=0.848  acc1=61.63%  acc2=49.47%  ens=55.55%  (best 57.20 @ ep 5)  [15.5s]
  ep   7: R(t)=0.836  acc1=57.16%  acc2=64.44%  ens=60.80%  (best 60.80 @ ep 7)  [14.4s]
  ep   8: R(t)=0.824  acc1=62.32%  acc2=57.11%  ens=59.72%  (best 60.80 @ ep 7)  [6.1s]
  ep   9: R(t)=0.814  acc1=62.85%  acc2=64.96%  ens=63.90%  (best 63.90 @ ep 9)  [6.1s]
  ep  10: R(t)=0.803  acc1=64.76%  acc2=63.74%  ens=64.25%  (best 64.25 @ ep 10)  [9.8s]  [sel1+2: prec=0.862, recall_clean=0.915]
  ep  11: R(t)=0.803  acc1=57.99%  acc2=66.29%  ens=62.14%  (best 64.25 @ ep 10)  [6.1s]
  ep  12: R(t)=0.803  acc1=58.08%  acc2=62.98%  ens=60.53%  (best 64.25 @ ep 10)  [6.0s]
  ep  13: R(t)=0.803  acc1=68.62%  acc2=63.30%  ens=65.96%  (best 65.96 @ ep 13)  [6.1s]
  ep  14: R(t)=0.803  acc1=63.39%  acc2=60.62%  ens=62.00%  (best 65.96 @ ep 13)  [6.2s]
  ep  15: R(t)=0.803  acc1=70.61%  acc2=68.31%  ens=69.46%  (best 69.46 @ ep 15)  [6.1s]
  ep  16: R(t)=0.803  acc1=66.23%  acc2=67.32%  ens=66.78%  (best 69.46 @ ep 15)  [6.2s]
  ep  17: R(t)=0.803  acc1=67.53%  acc2=46.63%  ens=57.08%  (best 69.46 @ ep 15)  [12.5s]
  ep  18: R(t)=0.803  acc1=62.89%  acc2=68.17%  ens=65.53%  (best 69.46 @ ep 15)  [6.3s]
  ep  19: R(t)=0.803  acc1=63.25%  acc2=64.61%  ens=63.93%  (best 69.46 @ ep 15)  [6.1s]
  ep  20: R(t)=0.803  acc1=72.48%  acc2=67.03%  ens=69.75%  (best 69.75 @ ep 20)  [9.4s]  [sel1+2: prec=0.871, recall_clean=0.925]
  ep  21: R(t)=0.803  acc1=68.93%  acc2=69.75%  ens=69.34%  (best 69.75 @ ep 20)  [6.3s]
  ep  22: R(t)=0.803  acc1=64.39%  acc2=70.28%  ens=67.33%  (best 69.75 @ ep 20)  [6.0s]
  ep  23: R(t)=0.803  acc1=71.52%  acc2=70.48%  ens=71.00%  (best 71.00 @ ep 23)  [6.1s]
  ep  24: R(t)=0.803  acc1=69.19%  acc2=64.70%  ens=66.94%  (best 71.00 @ ep 23)  [6.1s]
  ep  25: R(t)=0.803  acc1=68.23%  acc2=69.31%  ens=68.77%  (best 71.00 @ ep 23)  [6.1s]
  ep  26: R(t)=0.803  acc1=67.21%  acc2=69.28%  ens=68.25%  (best 71.00 @ ep 23)  [6.2s]
  ep  27: R(t)=0.803  acc1=64.56%  acc2=70.44%  ens=67.50%  (best 71.00 @ ep 23)  [10.2s]
  ep  28: R(t)=0.803  acc1=70.19%  acc2=71.66%  ens=70.92%  (best 71.00 @ ep 23)  [15.3s]
  ep  29: R(t)=0.803  acc1=69.79%  acc2=69.50%  ens=69.64%  (best 71.00 @ ep 23)  [5.9s]
  ep  30: R(t)=0.803  acc1=74.47%  acc2=72.93%  ens=73.70%  (best 73.70 @ ep 30)  [9.4s]  [sel1+2: prec=0.877, recall_clean=0.930]
  ep  31: R(t)=0.803  acc1=66.99%  acc2=67.71%  ens=67.35%  (best 73.70 @ ep 30)  [6.3s]
  ep  32: R(t)=0.803  acc1=67.02%  acc2=69.31%  ens=68.17%  (best 73.70 @ ep 30)  [6.0s]
  ep  33: R(t)=0.803  acc1=72.96%  acc2=70.81%  ens=71.89%  (best 73.70 @ ep 30)  [6.2s]
  ep  34: R(t)=0.803  acc1=71.41%  acc2=73.16%  ens=72.28%  (best 73.70 @ ep 30)  [6.2s]
  ep  35: R(t)=0.803  acc1=71.05%  acc2=70.61%  ens=70.83%  (best 73.70 @ ep 30)  [6.1s]
  ep  36: R(t)=0.803  acc1=70.55%  acc2=74.80%  ens=72.67%  (best 73.70 @ ep 30)  [6.2s]
  ep  37: R(t)=0.803  acc1=71.59%  acc2=75.22%  ens=73.41%  (best 73.70 @ ep 30)  [6.1s]
  ep  38: R(t)=0.803  acc1=71.26%  acc2=72.81%  ens=72.04%  (best 73.70 @ ep 30)  [13.9s]
  ep  39: R(t)=0.803  acc1=74.29%  acc2=70.51%  ens=72.40%  (best 73.70 @ ep 30)  [16.5s]
  ep  40: R(t)=0.803  acc1=73.91%  acc2=71.38%  ens=72.65%  (best 73.70 @ ep 30)  [14.4s]
  ep  41: R(t)=0.803  acc1=71.09%  acc2=73.14%  ens=72.11%  (best 73.70 @ ep 30)  [13.3s]
  ep  42: R(t)=0.803  acc1=71.66%  acc2=73.93%  ens=72.80%  (best 73.70 @ ep 30)  [6.2s]
  ep  43: R(t)=0.803  acc1=69.53%  acc2=70.42%  ens=69.98%  (best 73.70 @ ep 30)  [6.3s]
  ep  44: R(t)=0.803  acc1=73.67%  acc2=73.07%  ens=73.37%  (best 73.70 @ ep 30)  [6.3s]
  ep  45: R(t)=0.803  acc1=71.62%  acc2=73.41%  ens=72.52%  (best 73.70 @ ep 30)  [6.0s]
  ep  46: R(t)=0.803  acc1=74.33%  acc2=75.94%  ens=75.13%  (best 75.13 @ ep 46)  [5.9s]
  ep  47: R(t)=0.803  acc1=72.99%  acc2=75.33%  ens=74.16%  (best 75.13 @ ep 46)  [6.2s]
  ep  48: R(t)=0.803  acc1=74.52%  acc2=71.30%  ens=72.91%  (best 75.13 @ ep 46)  [6.0s]
  ep  49: R(t)=0.803  acc1=74.09%  acc2=73.30%  ens=73.69%  (best 75.13 @ ep 46)  [6.3s]
  ep  50: R(t)=0.803  acc1=75.68%  acc2=73.02%  ens=74.35%  (best 75.13 @ ep 46)  [9.6s]  [sel1+2: prec=0.888, recall_clean=0.937]
  ep  51: R(t)=0.803  acc1=75.70%  acc2=71.47%  ens=73.58%  (best 75.13 @ ep 46)  [8.9s]
  ep  52: R(t)=0.803  acc1=74.17%  acc2=74.81%  ens=74.49%  (best 75.13 @ ep 46)  [5.9s]
  ep  53: R(t)=0.803  acc1=73.43%  acc2=74.61%  ens=74.02%  (best 75.13 @ ep 46)  [6.2s]
  ep  54: R(t)=0.803  acc1=73.08%  acc2=74.40%  ens=73.74%  (best 75.13 @ ep 46)  [6.2s]
  ep  55: R(t)=0.803  acc1=74.64%  acc2=74.56%  ens=74.60%  (best 75.13 @ ep 46)  [6.2s]
  ep  56: R(t)=0.803  acc1=77.02%  acc2=76.89%  ens=76.95%  (best 76.95 @ ep 56)  [6.3s]
  ep  57: R(t)=0.803  acc1=75.11%  acc2=76.03%  ens=75.57%  (best 76.95 @ ep 56)  [5.9s]
  ep  58: R(t)=0.803  acc1=76.48%  acc2=77.07%  ens=76.78%  (best 76.95 @ ep 56)  [6.1s]
  ep  59: R(t)=0.803  acc1=77.45%  acc2=76.37%  ens=76.91%  (best 76.95 @ ep 56)  [6.1s]
  ep  60: R(t)=0.803  acc1=77.47%  acc2=77.16%  ens=77.31%  (best 77.31 @ ep 60)  [6.1s]
  ep  61: R(t)=0.803  acc1=77.48%  acc2=77.40%  ens=77.44%  (best 77.44 @ ep 61)  [7.8s]
  ep  62: R(t)=0.803  acc1=77.62%  acc2=78.36%  ens=77.99%  (best 77.99 @ ep 62)  [14.8s]
  ep  63: R(t)=0.803  acc1=76.12%  acc2=77.74%  ens=76.93%  (best 77.99 @ ep 62)  [16.0s]
  ep  64: R(t)=0.803  acc1=76.40%  acc2=77.82%  ens=77.11%  (best 77.99 @ ep 62)  [15.0s]
  ep  65: R(t)=0.803  acc1=78.13%  acc2=77.15%  ens=77.64%  (best 77.99 @ ep 62)  [15.2s]
  ep  66: R(t)=0.803  acc1=77.92%  acc2=80.11%  ens=79.02%  (best 79.02 @ ep 66)  [14.6s]
  ep  67: R(t)=0.803  acc1=77.94%  acc2=76.78%  ens=77.36%  (best 79.02 @ ep 66)  [6.2s]
  ep  68: R(t)=0.803  acc1=78.38%  acc2=78.81%  ens=78.59%  (best 79.02 @ ep 66)  [6.3s]
  ep  69: R(t)=0.803  acc1=79.13%  acc2=78.50%  ens=78.81%  (best 79.02 @ ep 66)  [5.8s]
  ep  70: R(t)=0.803  acc1=79.18%  acc2=79.02%  ens=79.10%  (best 79.10 @ ep 70)  [6.1s]
  ep  71: R(t)=0.803  acc1=80.33%  acc2=79.35%  ens=79.84%  (best 79.84 @ ep 71)  [6.2s]
  ep  72: R(t)=0.803  acc1=79.41%  acc2=79.89%  ens=79.65%  (best 79.84 @ ep 71)  [6.3s]
  ep  73: R(t)=0.803  acc1=79.45%  acc2=80.10%  ens=79.77%  (best 79.84 @ ep 71)  [6.1s]
  ep  74: R(t)=0.803  acc1=80.50%  acc2=79.69%  ens=80.09%  (best 80.09 @ ep 74)  [6.1s]
  ep  75: R(t)=0.803  acc1=80.15%  acc2=79.02%  ens=79.58%  (best 80.09 @ ep 74)  [9.4s]  [sel1+2: prec=0.897, recall_clean=0.939]
  ep  76: R(t)=0.803  acc1=79.99%  acc2=80.49%  ens=80.24%  (best 80.24 @ ep 76)  [11.2s]
  ep  77: R(t)=0.803  acc1=80.68%  acc2=79.84%  ens=80.26%  (best 80.26 @ ep 77)  [13.5s]
  ep  78: R(t)=0.803  acc1=79.61%  acc2=79.96%  ens=79.78%  (best 80.26 @ ep 77)  [6.0s]
  ep  79: R(t)=0.803  acc1=79.68%  acc2=80.53%  ens=80.11%  (best 80.26 @ ep 77)  [5.9s]
  ep  80: R(t)=0.803  acc1=80.28%  acc2=80.76%  ens=80.52%  (best 80.52 @ ep 80)  [6.0s]
  ep  81: R(t)=0.803  acc1=80.83%  acc2=81.15%  ens=80.99%  (best 80.99 @ ep 81)  [6.3s]
  ep  82: R(t)=0.803  acc1=80.12%  acc2=81.08%  ens=80.60%  (best 80.99 @ ep 81)  [6.4s]
  ep  83: R(t)=0.803  acc1=81.33%  acc2=81.27%  ens=81.30%  (best 81.30 @ ep 83)  [6.4s]
  ep  84: R(t)=0.803  acc1=81.04%  acc2=81.59%  ens=81.31%  (best 81.31 @ ep 84)  [6.0s]
  ep  85: R(t)=0.803  acc1=82.21%  acc2=81.71%  ens=81.96%  (best 81.96 @ ep 85)  [6.0s]
  ep  86: R(t)=0.803  acc1=81.49%  acc2=81.64%  ens=81.56%  (best 81.96 @ ep 85)  [5.9s]
  ep  87: R(t)=0.803  acc1=81.59%  acc2=81.06%  ens=81.33%  (best 81.96 @ ep 85)  [6.2s]
  ep  88: R(t)=0.803  acc1=81.64%  acc2=81.68%  ens=81.66%  (best 81.96 @ ep 85)  [6.3s]
  ep  89: R(t)=0.803  acc1=81.78%  acc2=82.19%  ens=81.98%  (best 81.98 @ ep 89)  [6.1s]
  ep  90: R(t)=0.803  acc1=81.70%  acc2=81.66%  ens=81.68%  (best 81.98 @ ep 89)  [6.1s]
  ep  91: R(t)=0.803  acc1=81.75%  acc2=81.81%  ens=81.78%  (best 81.98 @ ep 89)  [6.2s]
  ep  92: R(t)=0.803  acc1=81.84%  acc2=81.80%  ens=81.82%  (best 81.98 @ ep 89)  [5.8s]
  ep  93: R(t)=0.803  acc1=81.85%  acc2=81.53%  ens=81.69%  (best 81.98 @ ep 89)  [5.9s]
  ep  94: R(t)=0.803  acc1=82.11%  acc2=82.02%  ens=82.07%  (best 82.07 @ ep 94)  [6.2s]
  ep  95: R(t)=0.803  acc1=82.05%  acc2=82.03%  ens=82.04%  (best 82.07 @ ep 94)  [6.2s]
  ep  96: R(t)=0.803  acc1=81.99%  acc2=82.01%  ens=82.00%  (best 82.07 @ ep 94)  [6.1s]
  ep  97: R(t)=0.803  acc1=82.06%  acc2=81.96%  ens=82.01%  (best 82.07 @ ep 94)  [7.2s]
  ep  98: R(t)=0.803  acc1=82.10%  acc2=81.93%  ens=82.01%  (best 82.07 @ ep 94)  [13.7s]
  ep  99: R(t)=0.803  acc1=82.13%  acc2=82.24%  ens=82.19%  (best 82.19 @ ep 99)  [9.6s]  [sel1+2: prec=0.906, recall_clean=0.934]

saved /path/to/ciln-workspace/journal_edition/robustness_transfer/results_v3/coteaching/gu_medium__seed0.json: best ens-acc 82.19% @ ep 99
saved /path/to/ciln-workspace/journal_edition/robustness_transfer/results_v3/coteaching/gu_medium__seed0__persample.npz
