/path/to/ciln-workspace/venv/lib/python3.12/site-packages/torchvision/datasets/cifar.py:83: VisibleDeprecationWarning: dtype(): align should be passed as Python or NumPy boolean but got `align=0`. Did you mean to pass a tuple to create a subarray type? (Deprecated NumPy 2.4)
  entry = pickle.load(f, encoding="latin1")
condition=ours__impulse_noise_sev5 seed=2 gpu=2
  ep   0: R(t)=1.000  acc1=25.46%  acc2=23.56%  ens=24.51%  (best 24.51 @ ep 0)  [5.4s]
  ep   1: R(t)=0.846  acc1=26.13%  acc2=25.78%  ens=25.95%  (best 25.95 @ ep 1)  [4.3s]
  ep   2: R(t)=0.783  acc1=29.59%  acc2=31.04%  ens=30.32%  (best 30.32 @ ep 2)  [4.7s]
  ep   3: R(t)=0.734  acc1=25.54%  acc2=26.35%  ens=25.95%  (best 30.32 @ ep 2)  [4.1s]
  ep   4: R(t)=0.693  acc1=30.47%  acc2=30.26%  ens=30.36%  (best 30.36 @ ep 4)  [4.5s]
  ep   5: R(t)=0.656  acc1=30.87%  acc2=30.41%  ens=30.64%  (best 30.64 @ ep 5)  [6.3s]  [sel1+2: prec=0.598, recall_clean=0.798]
  ep   6: R(t)=0.623  acc1=29.05%  acc2=28.91%  ens=28.98%  (best 30.64 @ ep 5)  [4.4s]
  ep   7: R(t)=0.593  acc1=30.56%  acc2=31.38%  ens=30.97%  (best 30.97 @ ep 7)  [4.4s]
  ep   8: R(t)=0.565  acc1=28.61%  acc2=31.41%  ens=30.01%  (best 30.97 @ ep 7)  [4.3s]
  ep   9: R(t)=0.539  acc1=31.01%  acc2=29.34%  ens=30.17%  (best 30.97 @ ep 7)  [4.3s]
  ep  10: R(t)=0.514  acc1=33.24%  acc2=33.03%  ens=33.13%  (best 33.13 @ ep 10)  [12.6s]  [sel1+2: prec=0.640, recall_clean=0.676]
  ep  11: R(t)=0.514  acc1=31.28%  acc2=31.41%  ens=31.34%  (best 33.13 @ ep 10)  [10.1s]
  ep  12: R(t)=0.514  acc1=31.65%  acc2=31.38%  ens=31.52%  (best 33.13 @ ep 10)  [9.7s]
  ep  13: R(t)=0.514  acc1=32.14%  acc2=31.18%  ens=31.66%  (best 33.13 @ ep 10)  [11.6s]
  ep  14: R(t)=0.514  acc1=31.50%  acc2=31.46%  ens=31.48%  (best 33.13 @ ep 10)  [10.0s]
  ep  15: R(t)=0.514  acc1=32.51%  acc2=32.99%  ens=32.75%  (best 33.13 @ ep 10)  [9.6s]
  ep  16: R(t)=0.514  acc1=29.43%  acc2=30.97%  ens=30.20%  (best 33.13 @ ep 10)  [8.3s]
  ep  17: R(t)=0.514  acc1=30.62%  acc2=29.58%  ens=30.10%  (best 33.13 @ ep 10)  [4.2s]
  ep  18: R(t)=0.514  acc1=32.19%  acc2=33.21%  ens=32.70%  (best 33.13 @ ep 10)  [4.3s]
  ep  19: R(t)=0.514  acc1=33.30%  acc2=31.40%  ens=32.35%  (best 33.13 @ ep 10)  [4.5s]
  ep  20: R(t)=0.514  acc1=26.51%  acc2=25.48%  ens=26.00%  (best 33.13 @ ep 10)  [6.3s]  [sel1+2: prec=0.656, recall_clean=0.690]
  ep  21: R(t)=0.514  acc1=30.40%  acc2=31.70%  ens=31.05%  (best 33.13 @ ep 10)  [4.5s]
  ep  22: R(t)=0.514  acc1=32.42%  acc2=33.87%  ens=33.15%  (best 33.15 @ ep 22)  [4.5s]
  ep  23: R(t)=0.514  acc1=27.13%  acc2=27.29%  ens=27.21%  (best 33.15 @ ep 22)  [4.4s]
  ep  24: R(t)=0.514  acc1=34.86%  acc2=33.59%  ens=34.23%  (best 34.23 @ ep 24)  [4.4s]
  ep  25: R(t)=0.514  acc1=32.31%  acc2=33.08%  ens=32.69%  (best 34.23 @ ep 24)  [4.6s]
  ep  26: R(t)=0.514  acc1=32.52%  acc2=32.26%  ens=32.39%  (best 34.23 @ ep 24)  [4.3s]
  ep  27: R(t)=0.514  acc1=33.38%  acc2=33.02%  ens=33.20%  (best 34.23 @ ep 24)  [4.2s]
  ep  28: R(t)=0.514  acc1=32.96%  acc2=30.66%  ens=31.81%  (best 34.23 @ ep 24)  [4.2s]
  ep  29: R(t)=0.514  acc1=31.54%  acc2=29.87%  ens=30.71%  (best 34.23 @ ep 24)  [4.3s]
  ep  30: R(t)=0.514  acc1=31.12%  acc2=31.78%  ens=31.45%  (best 34.23 @ ep 24)  [9.8s]  [sel1+2: prec=0.665, recall_clean=0.696]
  ep  31: R(t)=0.514  acc1=33.12%  acc2=32.51%  ens=32.81%  (best 34.23 @ ep 24)  [4.4s]
  ep  32: R(t)=0.514  acc1=29.57%  acc2=31.88%  ens=30.73%  (best 34.23 @ ep 24)  [4.3s]
  ep  33: R(t)=0.514  acc1=31.50%  acc2=30.61%  ens=31.05%  (best 34.23 @ ep 24)  [4.1s]
  ep  34: R(t)=0.514  acc1=31.33%  acc2=32.54%  ens=31.94%  (best 34.23 @ ep 24)  [4.4s]
  ep  35: R(t)=0.514  acc1=34.06%  acc2=31.28%  ens=32.67%  (best 34.23 @ ep 24)  [4.4s]
  ep  36: R(t)=0.514  acc1=32.60%  acc2=32.13%  ens=32.37%  (best 34.23 @ ep 24)  [4.5s]
  ep  37: R(t)=0.514  acc1=32.97%  acc2=30.58%  ens=31.77%  (best 34.23 @ ep 24)  [4.4s]
  ep  38: R(t)=0.514  acc1=33.10%  acc2=33.05%  ens=33.07%  (best 34.23 @ ep 24)  [4.6s]
  ep  39: R(t)=0.514  acc1=33.18%  acc2=31.72%  ens=32.45%  (best 34.23 @ ep 24)  [4.5s]
  ep  40: R(t)=0.514  acc1=33.45%  acc2=33.38%  ens=33.41%  (best 34.23 @ ep 24)  [4.6s]
  ep  41: R(t)=0.514  acc1=33.65%  acc2=34.65%  ens=34.15%  (best 34.23 @ ep 24)  [4.3s]
  ep  42: R(t)=0.514  acc1=35.48%  acc2=35.28%  ens=35.38%  (best 35.38 @ ep 42)  [4.3s]
  ep  43: R(t)=0.514  acc1=33.71%  acc2=33.93%  ens=33.82%  (best 35.38 @ ep 42)  [4.2s]
  ep  44: R(t)=0.514  acc1=32.66%  acc2=33.56%  ens=33.11%  (best 35.38 @ ep 42)  [4.4s]
  ep  45: R(t)=0.514  acc1=31.40%  acc2=33.80%  ens=32.60%  (best 35.38 @ ep 42)  [8.3s]
  ep  46: R(t)=0.514  acc1=31.96%  acc2=32.73%  ens=32.34%  (best 35.38 @ ep 42)  [10.2s]
  ep  47: R(t)=0.514  acc1=34.08%  acc2=33.50%  ens=33.79%  (best 35.38 @ ep 42)  [10.6s]
  ep  48: R(t)=0.514  acc1=33.26%  acc2=33.49%  ens=33.38%  (best 35.38 @ ep 42)  [10.1s]
  ep  49: R(t)=0.514  acc1=33.58%  acc2=32.21%  ens=32.89%  (best 35.38 @ ep 42)  [8.8s]
  ep  50: R(t)=0.514  acc1=33.53%  acc2=33.54%  ens=33.53%  (best 35.38 @ ep 42)  [6.6s]  [sel1+2: prec=0.674, recall_clean=0.705]
  ep  51: R(t)=0.514  acc1=32.04%  acc2=33.70%  ens=32.87%  (best 35.38 @ ep 42)  [4.3s]
  ep  52: R(t)=0.514  acc1=34.95%  acc2=33.43%  ens=34.19%  (best 35.38 @ ep 42)  [4.5s]
  ep  53: R(t)=0.514  acc1=34.71%  acc2=33.89%  ens=34.30%  (best 35.38 @ ep 42)  [4.3s]
  ep  54: R(t)=0.514  acc1=36.19%  acc2=35.85%  ens=36.02%  (best 36.02 @ ep 54)  [4.3s]
  ep  55: R(t)=0.514  acc1=35.39%  acc2=34.00%  ens=34.70%  (best 36.02 @ ep 54)  [4.3s]
  ep  56: R(t)=0.514  acc1=34.96%  acc2=34.93%  ens=34.95%  (best 36.02 @ ep 54)  [4.1s]
  ep  57: R(t)=0.514  acc1=35.81%  acc2=35.12%  ens=35.47%  (best 36.02 @ ep 54)  [4.4s]
  ep  58: R(t)=0.514  acc1=35.47%  acc2=35.86%  ens=35.66%  (best 36.02 @ ep 54)  [4.2s]
  ep  59: R(t)=0.514  acc1=34.95%  acc2=33.04%  ens=33.99%  (best 36.02 @ ep 54)  [4.3s]
  ep  60: R(t)=0.514  acc1=34.48%  acc2=34.46%  ens=34.47%  (best 36.02 @ ep 54)  [4.2s]
  ep  61: R(t)=0.514  acc1=36.38%  acc2=35.36%  ens=35.87%  (best 36.02 @ ep 54)  [4.2s]
  ep  62: R(t)=0.514  acc1=34.75%  acc2=34.24%  ens=34.49%  (best 36.02 @ ep 54)  [4.6s]
  ep  63: R(t)=0.514  acc1=32.20%  acc2=33.85%  ens=33.03%  (best 36.02 @ ep 54)  [8.6s]
  ep  64: R(t)=0.514  acc1=35.30%  acc2=35.39%  ens=35.34%  (best 36.02 @ ep 54)  [4.3s]
  ep  65: R(t)=0.514  acc1=34.65%  acc2=35.74%  ens=35.20%  (best 36.02 @ ep 54)  [4.3s]
  ep  66: R(t)=0.514  acc1=35.29%  acc2=35.14%  ens=35.21%  (best 36.02 @ ep 54)  [4.3s]
  ep  67: R(t)=0.514  acc1=35.47%  acc2=34.78%  ens=35.12%  (best 36.02 @ ep 54)  [4.3s]
  ep  68: R(t)=0.514  acc1=35.06%  acc2=35.33%  ens=35.20%  (best 36.02 @ ep 54)  [4.1s]
  ep  69: R(t)=0.514  acc1=33.78%  acc2=33.99%  ens=33.88%  (best 36.02 @ ep 54)  [4.2s]
  ep  70: R(t)=0.514  acc1=35.27%  acc2=36.17%  ens=35.72%  (best 36.02 @ ep 54)  [4.3s]
  ep  71: R(t)=0.514  acc1=34.69%  acc2=35.12%  ens=34.90%  (best 36.02 @ ep 54)  [4.2s]
  ep  72: R(t)=0.514  acc1=35.13%  acc2=34.34%  ens=34.73%  (best 36.02 @ ep 54)  [4.2s]
  ep  73: R(t)=0.514  acc1=35.78%  acc2=36.00%  ens=35.89%  (best 36.02 @ ep 54)  [4.3s]
  ep  74: R(t)=0.514  acc1=35.32%  acc2=34.20%  ens=34.76%  (best 36.02 @ ep 54)  [4.2s]
  ep  75: R(t)=0.514  acc1=35.34%  acc2=35.57%  ens=35.46%  (best 36.02 @ ep 54)  [6.2s]  [sel1+2: prec=0.696, recall_clean=0.718]
  ep  76: R(t)=0.514  acc1=34.93%  acc2=34.98%  ens=34.96%  (best 36.02 @ ep 54)  [4.2s]
  ep  77: R(t)=0.514  acc1=35.68%  acc2=36.34%  ens=36.01%  (best 36.02 @ ep 54)  [4.2s]
  ep  78: R(t)=0.514  acc1=35.10%  acc2=36.29%  ens=35.70%  (best 36.02 @ ep 54)  [4.9s]
  ep  79: R(t)=0.514  acc1=35.54%  acc2=35.81%  ens=35.68%  (best 36.02 @ ep 54)  [4.3s]
  ep  80: R(t)=0.514  acc1=34.84%  acc2=35.22%  ens=35.03%  (best 36.02 @ ep 54)  [4.5s]
  ep  81: R(t)=0.514  acc1=35.88%  acc2=35.85%  ens=35.87%  (best 36.02 @ ep 54)  [4.2s]
  ep  82: R(t)=0.514  acc1=35.40%  acc2=35.11%  ens=35.26%  (best 36.02 @ ep 54)  [4.4s]
  ep  83: R(t)=0.514  acc1=35.90%  acc2=35.31%  ens=35.60%  (best 36.02 @ ep 54)  [4.3s]
  ep  84: R(t)=0.514  acc1=36.00%  acc2=35.86%  ens=35.93%  (best 36.02 @ ep 54)  [4.4s]
  ep  85: R(t)=0.514  acc1=35.61%  acc2=35.85%  ens=35.73%  (best 36.02 @ ep 54)  [4.5s]
  ep  86: R(t)=0.514  acc1=35.59%  acc2=35.58%  ens=35.59%  (best 36.02 @ ep 54)  [4.4s]
  ep  87: R(t)=0.514  acc1=35.55%  acc2=35.64%  ens=35.59%  (best 36.02 @ ep 54)  [4.4s]
  ep  88: R(t)=0.514  acc1=35.82%  acc2=35.82%  ens=35.82%  (best 36.02 @ ep 54)  [4.4s]
  ep  89: R(t)=0.514  acc1=35.90%  acc2=35.83%  ens=35.87%  (best 36.02 @ ep 54)  [4.2s]
  ep  90: R(t)=0.514  acc1=35.35%  acc2=35.43%  ens=35.39%  (best 36.02 @ ep 54)  [4.3s]
  ep  91: R(t)=0.514  acc1=35.69%  acc2=35.81%  ens=35.75%  (best 36.02 @ ep 54)  [4.4s]
  ep  92: R(t)=0.514  acc1=35.57%  acc2=35.80%  ens=35.69%  (best 36.02 @ ep 54)  [9.5s]
  ep  93: R(t)=0.514  acc1=35.58%  acc2=35.58%  ens=35.58%  (best 36.02 @ ep 54)  [9.6s]
  ep  94: R(t)=0.514  acc1=35.62%  acc2=35.56%  ens=35.59%  (best 36.02 @ ep 54)  [4.4s]
  ep  95: R(t)=0.514  acc1=35.88%  acc2=35.79%  ens=35.84%  (best 36.02 @ ep 54)  [4.4s]
  ep  96: R(t)=0.514  acc1=36.03%  acc2=35.92%  ens=35.98%  (best 36.02 @ ep 54)  [4.3s]
  ep  97: R(t)=0.514  acc1=35.61%  acc2=35.66%  ens=35.63%  (best 36.02 @ ep 54)  [4.4s]
  ep  98: R(t)=0.514  acc1=35.47%  acc2=35.57%  ens=35.52%  (best 36.02 @ ep 54)  [4.5s]
  ep  99: R(t)=0.514  acc1=35.61%  acc2=35.68%  ens=35.65%  (best 36.02 @ ep 54)  [6.7s]  [sel1+2: prec=0.697, recall_clean=0.713]

saved /path/to/ciln-workspace/journal_edition/robustness_transfer/results_v3/coteaching/ours__impulse_noise_sev5__seed2.json: best ens-acc 36.02% @ ep 54
saved /path/to/ciln-workspace/journal_edition/robustness_transfer/results_v3/coteaching/ours__impulse_noise_sev5__seed2__persample.npz
