/path/to/ciln-workspace/venv/lib/python3.12/site-packages/torchvision/datasets/cifar.py:83: VisibleDeprecationWarning: dtype(): align should be passed as Python or NumPy boolean but got `align=0`. Did you mean to pass a tuple to create a subarray type? (Deprecated NumPy 2.4)
  entry = pickle.load(f, encoding="latin1")
condition=gu_low seed=0 gpu=1
  ep   0: R(t)=1.000  acc1=29.45%  acc2=34.22%  ens=31.84%  (best 31.84 @ ep 0)  [7.1s]
  ep   1: R(t)=0.966  acc1=40.51%  acc2=41.39%  ens=40.95%  (best 40.95 @ ep 1)  [6.1s]
  ep   2: R(t)=0.952  acc1=46.88%  acc2=48.11%  ens=47.49%  (best 47.49 @ ep 2)  [8.5s]
  ep   3: R(t)=0.942  acc1=52.85%  acc2=51.92%  ens=52.38%  (best 52.38 @ ep 3)  [14.6s]
  ep   4: R(t)=0.933  acc1=56.45%  acc2=53.25%  ens=54.85%  (best 54.85 @ ep 4)  [6.2s]
  ep   5: R(t)=0.925  acc1=55.53%  acc2=54.99%  ens=55.26%  (best 55.26 @ ep 5)  [9.6s]  [sel1+2: prec=0.906, recall_clean=0.963]
  ep   6: R(t)=0.918  acc1=59.19%  acc2=64.52%  ens=61.85%  (best 61.85 @ ep 6)  [6.0s]
  ep   7: R(t)=0.911  acc1=58.54%  acc2=60.51%  ens=59.53%  (best 61.85 @ ep 6)  [6.3s]
  ep   8: R(t)=0.905  acc1=57.26%  acc2=56.59%  ens=56.93%  (best 61.85 @ ep 6)  [5.7s]
  ep   9: R(t)=0.899  acc1=63.79%  acc2=58.92%  ens=61.36%  (best 61.85 @ ep 6)  [6.2s]
  ep  10: R(t)=0.894  acc1=62.61%  acc2=67.49%  ens=65.05%  (best 65.05 @ ep 10)  [9.9s]  [sel1+2: prec=0.915, recall_clean=0.950]
  ep  11: R(t)=0.894  acc1=67.52%  acc2=62.74%  ens=65.13%  (best 65.13 @ ep 11)  [6.1s]
  ep  12: R(t)=0.894  acc1=57.79%  acc2=64.58%  ens=61.19%  (best 65.13 @ ep 11)  [6.2s]
  ep  13: R(t)=0.894  acc1=65.30%  acc2=67.02%  ens=66.16%  (best 66.16 @ ep 13)  [15.1s]
  ep  14: R(t)=0.894  acc1=61.31%  acc2=65.92%  ens=63.62%  (best 66.16 @ ep 13)  [14.8s]
  ep  15: R(t)=0.894  acc1=71.63%  acc2=70.84%  ens=71.23%  (best 71.23 @ ep 15)  [15.3s]
  ep  16: R(t)=0.894  acc1=65.27%  acc2=54.28%  ens=59.77%  (best 71.23 @ ep 15)  [6.1s]
  ep  17: R(t)=0.894  acc1=70.46%  acc2=71.59%  ens=71.03%  (best 71.23 @ ep 15)  [6.0s]
  ep  18: R(t)=0.894  acc1=66.19%  acc2=69.96%  ens=68.08%  (best 71.23 @ ep 15)  [6.2s]
  ep  19: R(t)=0.894  acc1=73.67%  acc2=73.06%  ens=73.37%  (best 73.37 @ ep 19)  [5.8s]
  ep  20: R(t)=0.894  acc1=74.11%  acc2=72.90%  ens=73.50%  (best 73.50 @ ep 20)  [9.6s]  [sel1+2: prec=0.923, recall_clean=0.957]
  ep  21: R(t)=0.894  acc1=71.82%  acc2=70.14%  ens=70.98%  (best 73.50 @ ep 20)  [6.2s]
  ep  22: R(t)=0.894  acc1=65.42%  acc2=74.19%  ens=69.81%  (best 73.50 @ ep 20)  [6.1s]
  ep  23: R(t)=0.894  acc1=65.31%  acc2=69.67%  ens=67.49%  (best 73.50 @ ep 20)  [5.9s]
  ep  24: R(t)=0.894  acc1=73.23%  acc2=74.03%  ens=73.63%  (best 73.63 @ ep 24)  [6.1s]
  ep  25: R(t)=0.894  acc1=68.55%  acc2=73.83%  ens=71.19%  (best 73.63 @ ep 24)  [14.8s]
  ep  26: R(t)=0.894  acc1=70.69%  acc2=68.28%  ens=69.48%  (best 73.63 @ ep 24)  [16.0s]
  ep  27: R(t)=0.894  acc1=68.93%  acc2=70.53%  ens=69.73%  (best 73.63 @ ep 24)  [15.7s]
  ep  28: R(t)=0.894  acc1=68.67%  acc2=77.07%  ens=72.87%  (best 73.63 @ ep 24)  [18.9s]
  ep  29: R(t)=0.894  acc1=74.34%  acc2=67.17%  ens=70.75%  (best 73.63 @ ep 24)  [6.2s]
  ep  30: R(t)=0.894  acc1=68.90%  acc2=73.20%  ens=71.05%  (best 73.63 @ ep 24)  [9.7s]  [sel1+2: prec=0.926, recall_clean=0.960]
  ep  31: R(t)=0.894  acc1=71.14%  acc2=72.39%  ens=71.77%  (best 73.63 @ ep 24)  [6.5s]
  ep  32: R(t)=0.894  acc1=76.64%  acc2=71.57%  ens=74.11%  (best 74.11 @ ep 32)  [6.2s]
  ep  33: R(t)=0.894  acc1=76.12%  acc2=68.07%  ens=72.09%  (best 74.11 @ ep 32)  [6.2s]
  ep  34: R(t)=0.894  acc1=67.36%  acc2=76.74%  ens=72.05%  (best 74.11 @ ep 32)  [5.9s]
  ep  35: R(t)=0.894  acc1=73.06%  acc2=73.73%  ens=73.39%  (best 74.11 @ ep 32)  [6.2s]
  ep  36: R(t)=0.894  acc1=73.11%  acc2=71.84%  ens=72.47%  (best 74.11 @ ep 32)  [6.4s]
  ep  37: R(t)=0.894  acc1=77.94%  acc2=78.71%  ens=78.33%  (best 78.33 @ ep 37)  [6.2s]
  ep  38: R(t)=0.894  acc1=78.33%  acc2=78.32%  ens=78.33%  (best 78.33 @ ep 37)  [11.6s]
  ep  39: R(t)=0.894  acc1=75.19%  acc2=72.30%  ens=73.74%  (best 78.33 @ ep 37)  [6.4s]
  ep  40: R(t)=0.894  acc1=76.15%  acc2=74.14%  ens=75.14%  (best 78.33 @ ep 37)  [6.4s]
  ep  41: R(t)=0.894  acc1=75.51%  acc2=72.90%  ens=74.20%  (best 78.33 @ ep 37)  [6.1s]
  ep  42: R(t)=0.894  acc1=74.65%  acc2=75.03%  ens=74.84%  (best 78.33 @ ep 37)  [5.9s]
  ep  43: R(t)=0.894  acc1=76.03%  acc2=75.86%  ens=75.94%  (best 78.33 @ ep 37)  [6.2s]
  ep  44: R(t)=0.894  acc1=77.06%  acc2=73.74%  ens=75.40%  (best 78.33 @ ep 37)  [5.9s]
  ep  45: R(t)=0.894  acc1=68.14%  acc2=75.83%  ens=71.98%  (best 78.33 @ ep 37)  [6.1s]
  ep  46: R(t)=0.894  acc1=76.30%  acc2=75.67%  ens=75.98%  (best 78.33 @ ep 37)  [6.3s]
  ep  47: R(t)=0.894  acc1=77.74%  acc2=79.31%  ens=78.53%  (best 78.53 @ ep 47)  [5.9s]
  ep  48: R(t)=0.894  acc1=75.77%  acc2=73.76%  ens=74.77%  (best 78.53 @ ep 47)  [6.5s]
  ep  49: R(t)=0.894  acc1=78.43%  acc2=74.41%  ens=76.42%  (best 78.53 @ ep 47)  [16.4s]
  ep  50: R(t)=0.894  acc1=79.13%  acc2=79.48%  ens=79.31%  (best 79.31 @ ep 50)  [22.0s]  [sel1+2: prec=0.929, recall_clean=0.961]
  ep  51: R(t)=0.894  acc1=77.41%  acc2=78.41%  ens=77.91%  (best 79.31 @ ep 50)  [17.0s]
  ep  52: R(t)=0.894  acc1=73.91%  acc2=77.95%  ens=75.93%  (best 79.31 @ ep 50)  [17.7s]
  ep  53: R(t)=0.894  acc1=79.19%  acc2=79.67%  ens=79.43%  (best 79.43 @ ep 53)  [6.2s]
  ep  54: R(t)=0.894  acc1=79.86%  acc2=79.54%  ens=79.70%  (best 79.70 @ ep 54)  [5.9s]
  ep  55: R(t)=0.894  acc1=76.56%  acc2=80.55%  ens=78.55%  (best 79.70 @ ep 54)  [6.1s]
  ep  56: R(t)=0.894  acc1=80.42%  acc2=78.90%  ens=79.66%  (best 79.70 @ ep 54)  [6.2s]
  ep  57: R(t)=0.894  acc1=77.91%  acc2=76.95%  ens=77.43%  (best 79.70 @ ep 54)  [5.7s]
  ep  58: R(t)=0.894  acc1=78.95%  acc2=80.42%  ens=79.69%  (best 79.70 @ ep 54)  [6.3s]
  ep  59: R(t)=0.894  acc1=80.74%  acc2=80.15%  ens=80.44%  (best 80.44 @ ep 59)  [6.1s]
  ep  60: R(t)=0.894  acc1=80.16%  acc2=76.03%  ens=78.09%  (best 80.44 @ ep 59)  [6.0s]
  ep  61: R(t)=0.894  acc1=80.89%  acc2=78.67%  ens=79.78%  (best 80.44 @ ep 59)  [6.1s]
  ep  62: R(t)=0.894  acc1=80.08%  acc2=79.81%  ens=79.94%  (best 80.44 @ ep 59)  [5.9s]
  ep  63: R(t)=0.894  acc1=81.64%  acc2=80.36%  ens=81.00%  (best 81.00 @ ep 63)  [14.6s]
  ep  64: R(t)=0.894  acc1=81.53%  acc2=79.29%  ens=80.41%  (best 81.00 @ ep 63)  [17.6s]
  ep  65: R(t)=0.894  acc1=81.88%  acc2=80.52%  ens=81.20%  (best 81.20 @ ep 65)  [15.4s]
  ep  66: R(t)=0.894  acc1=80.43%  acc2=81.89%  ens=81.16%  (best 81.20 @ ep 65)  [14.3s]
  ep  67: R(t)=0.894  acc1=81.55%  acc2=80.01%  ens=80.78%  (best 81.20 @ ep 65)  [6.1s]
  ep  68: R(t)=0.894  acc1=81.44%  acc2=79.61%  ens=80.53%  (best 81.20 @ ep 65)  [5.9s]
  ep  69: R(t)=0.894  acc1=80.54%  acc2=80.99%  ens=80.77%  (best 81.20 @ ep 65)  [6.1s]
  ep  70: R(t)=0.894  acc1=82.52%  acc2=82.10%  ens=82.31%  (best 82.31 @ ep 70)  [6.0s]
  ep  71: R(t)=0.894  acc1=83.26%  acc2=82.82%  ens=83.04%  (best 83.04 @ ep 71)  [6.0s]
  ep  72: R(t)=0.894  acc1=83.77%  acc2=84.40%  ens=84.08%  (best 84.08 @ ep 72)  [6.3s]
  ep  73: R(t)=0.894  acc1=82.37%  acc2=82.14%  ens=82.25%  (best 84.08 @ ep 72)  [6.2s]
  ep  74: R(t)=0.894  acc1=83.58%  acc2=83.72%  ens=83.65%  (best 84.08 @ ep 72)  [6.2s]
  ep  75: R(t)=0.894  acc1=83.58%  acc2=83.56%  ens=83.57%  (best 84.08 @ ep 72)  [9.8s]  [sel1+2: prec=0.937, recall_clean=0.964]
  ep  76: R(t)=0.894  acc1=82.49%  acc2=83.80%  ens=83.14%  (best 84.08 @ ep 72)  [11.4s]
  ep  77: R(t)=0.894  acc1=83.57%  acc2=84.16%  ens=83.86%  (best 84.08 @ ep 72)  [14.7s]
  ep  78: R(t)=0.894  acc1=84.42%  acc2=84.01%  ens=84.21%  (best 84.21 @ ep 78)  [15.9s]
  ep  79: R(t)=0.894  acc1=84.35%  acc2=84.15%  ens=84.25%  (best 84.25 @ ep 79)  [14.6s]
  ep  80: R(t)=0.894  acc1=84.93%  acc2=84.76%  ens=84.84%  (best 84.84 @ ep 80)  [17.2s]
  ep  81: R(t)=0.894  acc1=84.85%  acc2=84.37%  ens=84.61%  (best 84.84 @ ep 80)  [15.1s]
  ep  82: R(t)=0.894  acc1=85.02%  acc2=84.86%  ens=84.94%  (best 84.94 @ ep 82)  [15.1s]
  ep  83: R(t)=0.894  acc1=84.96%  acc2=85.02%  ens=84.99%  (best 84.99 @ ep 83)  [16.8s]
  ep  84: R(t)=0.894  acc1=85.37%  acc2=85.02%  ens=85.19%  (best 85.19 @ ep 84)  [14.5s]
  ep  85: R(t)=0.894  acc1=85.33%  acc2=84.81%  ens=85.07%  (best 85.19 @ ep 84)  [11.8s]
  ep  86: R(t)=0.894  acc1=85.43%  acc2=85.38%  ens=85.41%  (best 85.41 @ ep 86)  [6.3s]
  ep  87: R(t)=0.894  acc1=85.71%  acc2=85.19%  ens=85.45%  (best 85.45 @ ep 87)  [6.1s]
  ep  88: R(t)=0.894  acc1=85.49%  acc2=85.53%  ens=85.51%  (best 85.51 @ ep 88)  [6.1s]
  ep  89: R(t)=0.894  acc1=85.51%  acc2=85.30%  ens=85.41%  (best 85.51 @ ep 88)  [6.2s]
  ep  90: R(t)=0.894  acc1=85.50%  acc2=85.21%  ens=85.36%  (best 85.51 @ ep 88)  [6.1s]
  ep  91: R(t)=0.894  acc1=85.57%  acc2=85.44%  ens=85.51%  (best 85.51 @ ep 88)  [6.6s]
  ep  92: R(t)=0.894  acc1=85.80%  acc2=85.56%  ens=85.68%  (best 85.68 @ ep 92)  [6.1s]
  ep  93: R(t)=0.894  acc1=85.92%  acc2=85.54%  ens=85.73%  (best 85.73 @ ep 93)  [6.2s]
  ep  94: R(t)=0.894  acc1=85.87%  acc2=85.55%  ens=85.71%  (best 85.73 @ ep 93)  [6.0s]
  ep  95: R(t)=0.894  acc1=85.94%  acc2=85.53%  ens=85.73%  (best 85.73 @ ep 95)  [7.0s]
  ep  96: R(t)=0.894  acc1=85.88%  acc2=85.48%  ens=85.68%  (best 85.73 @ ep 95)  [17.7s]
  ep  97: R(t)=0.894  acc1=85.95%  acc2=85.55%  ens=85.75%  (best 85.75 @ ep 97)  [15.5s]
  ep  98: R(t)=0.894  acc1=85.84%  acc2=85.51%  ens=85.67%  (best 85.75 @ ep 97)  [16.1s]
  ep  99: R(t)=0.894  acc1=85.64%  acc2=85.35%  ens=85.50%  (best 85.75 @ ep 97)  [18.4s]  [sel1+2: prec=0.939, recall_clean=0.958]

saved /path/to/ciln-workspace/journal_edition/robustness_transfer/results_v3/coteaching/gu_low__seed0.json: best ens-acc 85.75% @ ep 97
saved /path/to/ciln-workspace/journal_edition/robustness_transfer/results_v3/coteaching/gu_low__seed0__persample.npz
