/path/to/ciln-workspace/venv/lib/python3.12/site-packages/torchvision/datasets/cifar.py:83: VisibleDeprecationWarning: dtype(): align should be passed as Python or NumPy boolean but got `align=0`. Did you mean to pass a tuple to create a subarray type? (Deprecated NumPy 2.4)
  entry = pickle.load(f, encoding="latin1")
condition=gu_medium seed=1 gpu=1
  ep   0: R(t)=1.000  acc1=35.06%  acc2=37.34%  ens=36.20%  (best 36.20 @ ep 0)  [6.9s]
  ep   1: R(t)=0.938  acc1=38.24%  acc2=42.74%  ens=40.49%  (best 40.49 @ ep 1)  [6.4s]
  ep   2: R(t)=0.912  acc1=39.87%  acc2=47.24%  ens=43.55%  (best 43.55 @ ep 2)  [6.3s]
  ep   3: R(t)=0.892  acc1=51.10%  acc2=58.31%  ens=54.71%  (best 54.71 @ ep 3)  [6.2s]
  ep   4: R(t)=0.876  acc1=48.39%  acc2=47.15%  ens=47.77%  (best 54.71 @ ep 3)  [6.2s]
  ep   5: R(t)=0.861  acc1=49.78%  acc2=47.61%  ens=48.70%  (best 54.71 @ ep 3)  [9.6s]  [sel1+2: prec=0.836, recall_clean=0.937]
  ep   6: R(t)=0.848  acc1=55.74%  acc2=55.71%  ens=55.73%  (best 55.73 @ ep 6)  [12.4s]
  ep   7: R(t)=0.836  acc1=61.10%  acc2=63.84%  ens=62.47%  (best 62.47 @ ep 7)  [10.7s]
  ep   8: R(t)=0.824  acc1=58.70%  acc2=59.21%  ens=58.95%  (best 62.47 @ ep 7)  [6.1s]
  ep   9: R(t)=0.814  acc1=48.59%  acc2=48.02%  ens=48.30%  (best 62.47 @ ep 7)  [6.0s]
  ep  10: R(t)=0.803  acc1=60.89%  acc2=65.27%  ens=63.08%  (best 63.08 @ ep 10)  [9.2s]  [sel1+2: prec=0.860, recall_clean=0.914]
  ep  11: R(t)=0.803  acc1=68.22%  acc2=62.28%  ens=65.25%  (best 65.25 @ ep 11)  [6.1s]
  ep  12: R(t)=0.803  acc1=66.80%  acc2=65.37%  ens=66.08%  (best 66.08 @ ep 12)  [6.0s]
  ep  13: R(t)=0.803  acc1=67.21%  acc2=66.85%  ens=67.03%  (best 67.03 @ ep 13)  [6.1s]
  ep  14: R(t)=0.803  acc1=66.50%  acc2=66.31%  ens=66.41%  (best 67.03 @ ep 13)  [6.3s]
  ep  15: R(t)=0.803  acc1=64.26%  acc2=66.66%  ens=65.46%  (best 67.03 @ ep 13)  [6.3s]
  ep  16: R(t)=0.803  acc1=63.22%  acc2=67.35%  ens=65.28%  (best 67.03 @ ep 13)  [8.1s]
  ep  17: R(t)=0.803  acc1=69.98%  acc2=66.90%  ens=68.44%  (best 68.44 @ ep 17)  [16.4s]
  ep  18: R(t)=0.803  acc1=65.95%  acc2=67.41%  ens=66.68%  (best 68.44 @ ep 17)  [15.3s]
  ep  19: R(t)=0.803  acc1=64.31%  acc2=69.10%  ens=66.70%  (best 68.44 @ ep 17)  [6.1s]
  ep  20: R(t)=0.803  acc1=70.70%  acc2=70.27%  ens=70.48%  (best 70.48 @ ep 20)  [9.5s]  [sel1+2: prec=0.875, recall_clean=0.926]
  ep  21: R(t)=0.803  acc1=71.78%  acc2=69.12%  ens=70.45%  (best 70.48 @ ep 20)  [6.0s]
  ep  22: R(t)=0.803  acc1=70.86%  acc2=64.92%  ens=67.89%  (best 70.48 @ ep 20)  [6.2s]
  ep  23: R(t)=0.803  acc1=70.45%  acc2=67.53%  ens=68.99%  (best 70.48 @ ep 20)  [6.3s]
  ep  24: R(t)=0.803  acc1=65.12%  acc2=63.25%  ens=64.19%  (best 70.48 @ ep 20)  [6.1s]
  ep  25: R(t)=0.803  acc1=71.86%  acc2=69.08%  ens=70.47%  (best 70.48 @ ep 20)  [6.3s]
  ep  26: R(t)=0.803  acc1=67.95%  acc2=71.46%  ens=69.70%  (best 70.48 @ ep 20)  [6.2s]
  ep  27: R(t)=0.803  acc1=73.65%  acc2=69.04%  ens=71.34%  (best 71.34 @ ep 27)  [6.2s]
  ep  28: R(t)=0.803  acc1=61.91%  acc2=72.31%  ens=67.11%  (best 71.34 @ ep 27)  [10.4s]
  ep  29: R(t)=0.803  acc1=69.32%  acc2=74.64%  ens=71.98%  (best 71.98 @ ep 29)  [15.7s]
  ep  30: R(t)=0.803  acc1=69.93%  acc2=67.45%  ens=68.69%  (best 71.98 @ ep 29)  [21.6s]  [sel1+2: prec=0.880, recall_clean=0.931]
  ep  31: R(t)=0.803  acc1=70.45%  acc2=72.46%  ens=71.45%  (best 71.98 @ ep 29)  [16.5s]
  ep  32: R(t)=0.803  acc1=73.23%  acc2=74.88%  ens=74.06%  (best 74.06 @ ep 32)  [16.5s]
  ep  33: R(t)=0.803  acc1=71.97%  acc2=71.28%  ens=71.62%  (best 74.06 @ ep 32)  [14.9s]
  ep  34: R(t)=0.803  acc1=72.14%  acc2=73.40%  ens=72.77%  (best 74.06 @ ep 32)  [17.8s]
  ep  35: R(t)=0.803  acc1=73.76%  acc2=71.39%  ens=72.58%  (best 74.06 @ ep 32)  [15.0s]
  ep  36: R(t)=0.803  acc1=72.07%  acc2=73.88%  ens=72.97%  (best 74.06 @ ep 32)  [6.3s]
  ep  37: R(t)=0.803  acc1=67.98%  acc2=74.45%  ens=71.22%  (best 74.06 @ ep 32)  [6.2s]
  ep  38: R(t)=0.803  acc1=73.30%  acc2=72.77%  ens=73.04%  (best 74.06 @ ep 32)  [6.3s]
  ep  39: R(t)=0.803  acc1=73.97%  acc2=68.18%  ens=71.08%  (best 74.06 @ ep 32)  [6.1s]
  ep  40: R(t)=0.803  acc1=74.16%  acc2=72.68%  ens=73.42%  (best 74.06 @ ep 32)  [6.0s]
  ep  41: R(t)=0.803  acc1=67.03%  acc2=72.58%  ens=69.81%  (best 74.06 @ ep 32)  [6.1s]
  ep  42: R(t)=0.803  acc1=71.65%  acc2=73.39%  ens=72.52%  (best 74.06 @ ep 32)  [6.1s]
  ep  43: R(t)=0.803  acc1=72.94%  acc2=74.72%  ens=73.83%  (best 74.06 @ ep 32)  [6.3s]
  ep  44: R(t)=0.803  acc1=75.64%  acc2=73.17%  ens=74.41%  (best 74.41 @ ep 44)  [6.1s]
  ep  45: R(t)=0.803  acc1=72.64%  acc2=73.08%  ens=72.86%  (best 74.41 @ ep 44)  [8.5s]
  ep  46: R(t)=0.803  acc1=76.05%  acc2=72.11%  ens=74.08%  (best 74.41 @ ep 44)  [9.0s]
  ep  47: R(t)=0.803  acc1=71.56%  acc2=74.36%  ens=72.96%  (best 74.41 @ ep 44)  [6.2s]
  ep  48: R(t)=0.803  acc1=72.12%  acc2=74.15%  ens=73.13%  (best 74.41 @ ep 44)  [6.1s]
  ep  49: R(t)=0.803  acc1=72.19%  acc2=75.54%  ens=73.87%  (best 74.41 @ ep 44)  [6.1s]
  ep  50: R(t)=0.803  acc1=76.46%  acc2=73.92%  ens=75.19%  (best 75.19 @ ep 50)  [9.7s]  [sel1+2: prec=0.887, recall_clean=0.938]
  ep  51: R(t)=0.803  acc1=75.87%  acc2=72.68%  ens=74.28%  (best 75.19 @ ep 50)  [6.2s]
  ep  52: R(t)=0.803  acc1=71.44%  acc2=75.93%  ens=73.69%  (best 75.19 @ ep 50)  [6.2s]
  ep  53: R(t)=0.803  acc1=72.83%  acc2=76.43%  ens=74.63%  (best 75.19 @ ep 50)  [6.3s]
  ep  54: R(t)=0.803  acc1=69.91%  acc2=72.95%  ens=71.43%  (best 75.19 @ ep 50)  [6.3s]
  ep  55: R(t)=0.803  acc1=76.79%  acc2=74.79%  ens=75.79%  (best 75.79 @ ep 55)  [9.5s]
  ep  56: R(t)=0.803  acc1=77.50%  acc2=77.58%  ens=77.54%  (best 77.54 @ ep 56)  [18.4s]
  ep  57: R(t)=0.803  acc1=75.83%  acc2=77.28%  ens=76.55%  (best 77.54 @ ep 56)  [15.3s]
  ep  58: R(t)=0.803  acc1=78.86%  acc2=77.29%  ens=78.08%  (best 78.08 @ ep 58)  [9.0s]
  ep  59: R(t)=0.803  acc1=78.29%  acc2=77.38%  ens=77.84%  (best 78.08 @ ep 58)  [6.0s]
  ep  60: R(t)=0.803  acc1=77.79%  acc2=77.28%  ens=77.53%  (best 78.08 @ ep 58)  [6.2s]
  ep  61: R(t)=0.803  acc1=77.54%  acc2=74.61%  ens=76.08%  (best 78.08 @ ep 58)  [6.5s]
  ep  62: R(t)=0.803  acc1=78.39%  acc2=79.14%  ens=78.77%  (best 78.77 @ ep 62)  [6.0s]
  ep  63: R(t)=0.803  acc1=77.16%  acc2=77.62%  ens=77.39%  (best 78.77 @ ep 62)  [6.3s]
  ep  64: R(t)=0.803  acc1=77.42%  acc2=77.97%  ens=77.70%  (best 78.77 @ ep 62)  [6.4s]
  ep  65: R(t)=0.803  acc1=78.02%  acc2=76.80%  ens=77.41%  (best 78.77 @ ep 62)  [6.2s]
  ep  66: R(t)=0.803  acc1=78.05%  acc2=76.83%  ens=77.44%  (best 78.77 @ ep 62)  [6.3s]
  ep  67: R(t)=0.803  acc1=79.37%  acc2=76.99%  ens=78.18%  (best 78.77 @ ep 62)  [6.1s]
  ep  68: R(t)=0.803  acc1=77.80%  acc2=78.47%  ens=78.14%  (best 78.77 @ ep 62)  [11.1s]
  ep  69: R(t)=0.803  acc1=79.33%  acc2=80.11%  ens=79.72%  (best 79.72 @ ep 69)  [6.2s]
  ep  70: R(t)=0.803  acc1=78.12%  acc2=78.95%  ens=78.53%  (best 79.72 @ ep 69)  [6.2s]
  ep  71: R(t)=0.803  acc1=79.65%  acc2=80.08%  ens=79.86%  (best 79.86 @ ep 71)  [6.2s]
  ep  72: R(t)=0.803  acc1=80.10%  acc2=80.30%  ens=80.20%  (best 80.20 @ ep 72)  [6.3s]
  ep  73: R(t)=0.803  acc1=80.64%  acc2=80.68%  ens=80.66%  (best 80.66 @ ep 73)  [6.3s]
  ep  74: R(t)=0.803  acc1=80.77%  acc2=80.75%  ens=80.76%  (best 80.76 @ ep 74)  [5.9s]
  ep  75: R(t)=0.803  acc1=80.38%  acc2=81.13%  ens=80.75%  (best 80.76 @ ep 74)  [9.1s]  [sel1+2: prec=0.902, recall_clean=0.941]
  ep  76: R(t)=0.803  acc1=80.09%  acc2=81.72%  ens=80.91%  (best 80.91 @ ep 76)  [6.3s]
  ep  77: R(t)=0.803  acc1=80.61%  acc2=80.49%  ens=80.55%  (best 80.91 @ ep 76)  [6.2s]
  ep  78: R(t)=0.803  acc1=81.24%  acc2=81.22%  ens=81.23%  (best 81.23 @ ep 78)  [17.7s]
  ep  79: R(t)=0.803  acc1=80.26%  acc2=81.20%  ens=80.73%  (best 81.23 @ ep 78)  [15.4s]
  ep  80: R(t)=0.803  acc1=81.26%  acc2=81.74%  ens=81.50%  (best 81.50 @ ep 80)  [12.7s]
  ep  81: R(t)=0.803  acc1=81.52%  acc2=82.09%  ens=81.80%  (best 81.80 @ ep 81)  [6.2s]
  ep  82: R(t)=0.803  acc1=81.78%  acc2=81.91%  ens=81.84%  (best 81.84 @ ep 82)  [6.0s]
  ep  83: R(t)=0.803  acc1=81.85%  acc2=82.02%  ens=81.94%  (best 81.94 @ ep 83)  [6.4s]
  ep  84: R(t)=0.803  acc1=82.44%  acc2=82.54%  ens=82.49%  (best 82.49 @ ep 84)  [5.9s]
  ep  85: R(t)=0.803  acc1=81.72%  acc2=82.47%  ens=82.10%  (best 82.49 @ ep 84)  [6.2s]
  ep  86: R(t)=0.803  acc1=81.77%  acc2=82.43%  ens=82.10%  (best 82.49 @ ep 84)  [5.7s]
  ep  87: R(t)=0.803  acc1=82.04%  acc2=82.37%  ens=82.20%  (best 82.49 @ ep 84)  [5.9s]
  ep  88: R(t)=0.803  acc1=82.27%  acc2=82.39%  ens=82.33%  (best 82.49 @ ep 84)  [5.9s]
  ep  89: R(t)=0.803  acc1=82.03%  acc2=82.65%  ens=82.34%  (best 82.49 @ ep 84)  [6.3s]
  ep  90: R(t)=0.803  acc1=82.25%  acc2=82.40%  ens=82.33%  (best 82.49 @ ep 84)  [8.7s]
  ep  91: R(t)=0.803  acc1=82.09%  acc2=82.56%  ens=82.33%  (best 82.49 @ ep 84)  [17.2s]
  ep  92: R(t)=0.803  acc1=82.15%  acc2=82.50%  ens=82.33%  (best 82.49 @ ep 84)  [14.3s]
  ep  93: R(t)=0.803  acc1=82.34%  acc2=82.51%  ens=82.42%  (best 82.49 @ ep 84)  [6.1s]
  ep  94: R(t)=0.803  acc1=82.35%  acc2=82.48%  ens=82.41%  (best 82.49 @ ep 84)  [6.0s]
  ep  95: R(t)=0.803  acc1=82.01%  acc2=82.46%  ens=82.23%  (best 82.49 @ ep 84)  [6.3s]
  ep  96: R(t)=0.803  acc1=82.27%  acc2=82.50%  ens=82.38%  (best 82.49 @ ep 84)  [6.2s]
  ep  97: R(t)=0.803  acc1=82.36%  acc2=82.70%  ens=82.53%  (best 82.53 @ ep 97)  [6.1s]
  ep  98: R(t)=0.803  acc1=82.36%  acc2=82.71%  ens=82.53%  (best 82.53 @ ep 98)  [6.1s]
  ep  99: R(t)=0.803  acc1=82.29%  acc2=82.66%  ens=82.47%  (best 82.53 @ ep 98)  [9.4s]  [sel1+2: prec=0.910, recall_clean=0.938]

saved /path/to/ciln-workspace/journal_edition/robustness_transfer/results_v3/coteaching/gu_medium__seed1.json: best ens-acc 82.53% @ ep 98
saved /path/to/ciln-workspace/journal_edition/robustness_transfer/results_v3/coteaching/gu_medium__seed1__persample.npz
