/path/to/ciln-workspace/venv/lib/python3.12/site-packages/torchvision/datasets/cifar.py:83: VisibleDeprecationWarning: dtype(): align should be passed as Python or NumPy boolean but got `align=0`. Did you mean to pass a tuple to create a subarray type? (Deprecated NumPy 2.4)
  entry = pickle.load(f, encoding="latin1")
condition=ours__fog_sev3 seed=2 gpu=2
  ep   0: R(t)=1.000  acc1=32.56%  acc2=30.17%  ens=31.36%  (best 31.36 @ ep 0)  [5.4s]
  ep   1: R(t)=0.930  acc1=34.44%  acc2=35.28%  ens=34.86%  (best 34.86 @ ep 1)  [4.4s]
  ep   2: R(t)=0.900  acc1=35.52%  acc2=40.20%  ens=37.86%  (best 37.86 @ ep 2)  [4.4s]
  ep   3: R(t)=0.878  acc1=41.04%  acc2=48.82%  ens=44.93%  (best 44.93 @ ep 3)  [4.3s]
  ep   4: R(t)=0.859  acc1=44.57%  acc2=48.58%  ens=46.58%  (best 46.58 @ ep 4)  [4.4s]
  ep   5: R(t)=0.843  acc1=44.56%  acc2=52.20%  ens=48.38%  (best 48.38 @ ep 5)  [6.3s]  [sel1+2: prec=0.852, recall_clean=0.971]
  ep   6: R(t)=0.828  acc1=43.98%  acc2=54.65%  ens=49.31%  (best 49.31 @ ep 6)  [4.4s]
  ep   7: R(t)=0.814  acc1=55.36%  acc2=54.97%  ens=55.16%  (best 55.16 @ ep 7)  [4.4s]
  ep   8: R(t)=0.801  acc1=53.31%  acc2=56.02%  ens=54.67%  (best 55.16 @ ep 7)  [4.3s]
  ep   9: R(t)=0.789  acc1=53.42%  acc2=53.33%  ens=53.37%  (best 55.16 @ ep 7)  [4.4s]
  ep  10: R(t)=0.777  acc1=51.96%  acc2=53.33%  ens=52.64%  (best 55.16 @ ep 7)  [6.4s]  [sel1+2: prec=0.900, recall_clean=0.950]
  ep  11: R(t)=0.777  acc1=52.81%  acc2=59.65%  ens=56.23%  (best 56.23 @ ep 11)  [10.8s]
  ep  12: R(t)=0.777  acc1=55.57%  acc2=56.43%  ens=56.00%  (best 56.23 @ ep 11)  [10.0s]
  ep  13: R(t)=0.777  acc1=56.40%  acc2=57.85%  ens=57.12%  (best 57.12 @ ep 13)  [10.2s]
  ep  14: R(t)=0.777  acc1=55.06%  acc2=58.67%  ens=56.87%  (best 57.12 @ ep 13)  [8.9s]
  ep  15: R(t)=0.777  acc1=57.17%  acc2=56.95%  ens=57.06%  (best 57.12 @ ep 13)  [4.5s]
  ep  16: R(t)=0.777  acc1=55.46%  acc2=55.94%  ens=55.70%  (best 57.12 @ ep 13)  [4.3s]
  ep  17: R(t)=0.777  acc1=49.85%  acc2=61.21%  ens=55.53%  (best 57.12 @ ep 13)  [4.1s]
  ep  18: R(t)=0.777  acc1=61.79%  acc2=60.60%  ens=61.20%  (best 61.20 @ ep 18)  [4.2s]
  ep  19: R(t)=0.777  acc1=56.69%  acc2=59.86%  ens=58.27%  (best 61.20 @ ep 18)  [4.3s]
  ep  20: R(t)=0.777  acc1=57.78%  acc2=56.45%  ens=57.12%  (best 61.20 @ ep 18)  [6.4s]  [sel1+2: prec=0.914, recall_clean=0.963]
  ep  21: R(t)=0.777  acc1=62.89%  acc2=53.57%  ens=58.23%  (best 61.20 @ ep 18)  [4.5s]
  ep  22: R(t)=0.777  acc1=58.62%  acc2=57.69%  ens=58.16%  (best 61.20 @ ep 18)  [4.3s]
  ep  23: R(t)=0.777  acc1=55.26%  acc2=57.74%  ens=56.50%  (best 61.20 @ ep 18)  [4.7s]
  ep  24: R(t)=0.777  acc1=59.90%  acc2=57.79%  ens=58.84%  (best 61.20 @ ep 18)  [4.5s]
  ep  25: R(t)=0.777  acc1=62.10%  acc2=58.79%  ens=60.44%  (best 61.20 @ ep 18)  [4.3s]
  ep  26: R(t)=0.777  acc1=54.34%  acc2=59.08%  ens=56.71%  (best 61.20 @ ep 18)  [4.4s]
  ep  27: R(t)=0.777  acc1=62.27%  acc2=55.99%  ens=59.13%  (best 61.20 @ ep 18)  [4.6s]
  ep  28: R(t)=0.777  acc1=62.11%  acc2=63.32%  ens=62.71%  (best 62.71 @ ep 28)  [5.0s]
  ep  29: R(t)=0.777  acc1=54.73%  acc2=63.19%  ens=58.96%  (best 62.71 @ ep 28)  [4.5s]
  ep  30: R(t)=0.777  acc1=60.44%  acc2=53.75%  ens=57.10%  (best 62.71 @ ep 28)  [6.4s]  [sel1+2: prec=0.924, recall_clean=0.968]
  ep  31: R(t)=0.777  acc1=58.83%  acc2=63.93%  ens=61.38%  (best 62.71 @ ep 28)  [4.2s]
  ep  32: R(t)=0.777  acc1=64.32%  acc2=62.31%  ens=63.31%  (best 63.31 @ ep 32)  [4.4s]
  ep  33: R(t)=0.777  acc1=57.52%  acc2=61.06%  ens=59.29%  (best 63.31 @ ep 32)  [4.3s]
  ep  34: R(t)=0.777  acc1=59.53%  acc2=65.13%  ens=62.33%  (best 63.31 @ ep 32)  [4.4s]
  ep  35: R(t)=0.777  acc1=61.25%  acc2=64.25%  ens=62.75%  (best 63.31 @ ep 32)  [4.5s]
  ep  36: R(t)=0.777  acc1=58.94%  acc2=62.22%  ens=60.58%  (best 63.31 @ ep 32)  [4.4s]
  ep  37: R(t)=0.777  acc1=63.17%  acc2=65.40%  ens=64.28%  (best 64.28 @ ep 37)  [4.3s]
  ep  38: R(t)=0.777  acc1=60.52%  acc2=65.44%  ens=62.98%  (best 64.28 @ ep 37)  [4.3s]
  ep  39: R(t)=0.777  acc1=64.12%  acc2=63.61%  ens=63.86%  (best 64.28 @ ep 37)  [4.1s]
  ep  40: R(t)=0.777  acc1=63.49%  acc2=65.39%  ens=64.44%  (best 64.44 @ ep 40)  [4.0s]
  ep  41: R(t)=0.777  acc1=60.51%  acc2=62.48%  ens=61.49%  (best 64.44 @ ep 40)  [4.5s]
  ep  42: R(t)=0.777  acc1=65.41%  acc2=63.41%  ens=64.41%  (best 64.44 @ ep 40)  [6.1s]
  ep  43: R(t)=0.777  acc1=65.94%  acc2=65.91%  ens=65.92%  (best 65.92 @ ep 43)  [11.8s]
  ep  44: R(t)=0.777  acc1=61.84%  acc2=61.02%  ens=61.43%  (best 65.92 @ ep 43)  [9.2s]
  ep  45: R(t)=0.777  acc1=66.64%  acc2=67.01%  ens=66.83%  (best 66.83 @ ep 45)  [9.3s]
  ep  46: R(t)=0.777  acc1=64.25%  acc2=60.39%  ens=62.32%  (best 66.83 @ ep 45)  [10.8s]
  ep  47: R(t)=0.777  acc1=64.90%  acc2=67.11%  ens=66.00%  (best 66.83 @ ep 45)  [9.5s]
  ep  48: R(t)=0.777  acc1=64.74%  acc2=67.48%  ens=66.11%  (best 66.83 @ ep 45)  [10.9s]
  ep  49: R(t)=0.777  acc1=67.64%  acc2=67.63%  ens=67.64%  (best 67.64 @ ep 49)  [12.1s]
  ep  50: R(t)=0.777  acc1=58.68%  acc2=67.23%  ens=62.96%  (best 67.64 @ ep 49)  [13.9s]  [sel1+2: prec=0.938, recall_clean=0.976]
  ep  51: R(t)=0.777  acc1=65.91%  acc2=66.58%  ens=66.25%  (best 67.64 @ ep 49)  [9.9s]
  ep  52: R(t)=0.777  acc1=64.66%  acc2=64.81%  ens=64.73%  (best 67.64 @ ep 49)  [11.4s]
  ep  53: R(t)=0.777  acc1=66.16%  acc2=65.04%  ens=65.60%  (best 67.64 @ ep 49)  [10.2s]
  ep  54: R(t)=0.777  acc1=66.96%  acc2=66.66%  ens=66.81%  (best 67.64 @ ep 49)  [9.7s]
  ep  55: R(t)=0.777  acc1=65.23%  acc2=65.16%  ens=65.20%  (best 67.64 @ ep 49)  [10.3s]
  ep  56: R(t)=0.777  acc1=66.64%  acc2=67.85%  ens=67.25%  (best 67.64 @ ep 49)  [4.4s]
  ep  57: R(t)=0.777  acc1=67.29%  acc2=66.24%  ens=66.77%  (best 67.64 @ ep 49)  [4.4s]
  ep  58: R(t)=0.777  acc1=64.59%  acc2=63.50%  ens=64.05%  (best 67.64 @ ep 49)  [4.2s]
  ep  59: R(t)=0.777  acc1=67.13%  acc2=67.47%  ens=67.30%  (best 67.64 @ ep 49)  [4.6s]
  ep  60: R(t)=0.777  acc1=66.42%  acc2=65.60%  ens=66.01%  (best 67.64 @ ep 49)  [4.4s]
  ep  61: R(t)=0.777  acc1=67.21%  acc2=68.35%  ens=67.78%  (best 67.78 @ ep 61)  [4.5s]
  ep  62: R(t)=0.777  acc1=68.32%  acc2=67.17%  ens=67.75%  (best 67.78 @ ep 61)  [4.4s]
  ep  63: R(t)=0.777  acc1=67.26%  acc2=69.35%  ens=68.30%  (best 68.30 @ ep 63)  [4.3s]
  ep  64: R(t)=0.777  acc1=69.07%  acc2=71.06%  ens=70.06%  (best 70.06 @ ep 64)  [4.3s]
  ep  65: R(t)=0.777  acc1=69.87%  acc2=69.16%  ens=69.51%  (best 70.06 @ ep 64)  [4.5s]
  ep  66: R(t)=0.777  acc1=69.35%  acc2=66.99%  ens=68.17%  (best 70.06 @ ep 64)  [4.3s]
  ep  67: R(t)=0.777  acc1=67.87%  acc2=69.51%  ens=68.69%  (best 70.06 @ ep 64)  [4.3s]
  ep  68: R(t)=0.777  acc1=70.29%  acc2=69.04%  ens=69.66%  (best 70.06 @ ep 64)  [4.5s]
  ep  69: R(t)=0.777  acc1=70.10%  acc2=69.10%  ens=69.60%  (best 70.06 @ ep 64)  [4.4s]
  ep  70: R(t)=0.777  acc1=67.19%  acc2=68.50%  ens=67.84%  (best 70.06 @ ep 64)  [9.1s]
  ep  71: R(t)=0.777  acc1=70.59%  acc2=69.62%  ens=70.10%  (best 70.10 @ ep 71)  [4.3s]
  ep  72: R(t)=0.777  acc1=68.48%  acc2=69.62%  ens=69.05%  (best 70.10 @ ep 71)  [4.5s]
  ep  73: R(t)=0.777  acc1=69.92%  acc2=70.84%  ens=70.38%  (best 70.38 @ ep 73)  [4.3s]
  ep  74: R(t)=0.777  acc1=70.18%  acc2=68.89%  ens=69.53%  (best 70.38 @ ep 73)  [4.3s]
  ep  75: R(t)=0.777  acc1=69.25%  acc2=70.51%  ens=69.88%  (best 70.38 @ ep 73)  [6.3s]  [sel1+2: prec=0.944, recall_clean=0.974]
  ep  76: R(t)=0.777  acc1=71.00%  acc2=70.25%  ens=70.62%  (best 70.62 @ ep 76)  [4.2s]
  ep  77: R(t)=0.777  acc1=71.19%  acc2=69.53%  ens=70.36%  (best 70.62 @ ep 76)  [4.3s]
  ep  78: R(t)=0.777  acc1=70.53%  acc2=70.32%  ens=70.43%  (best 70.62 @ ep 76)  [4.3s]
  ep  79: R(t)=0.777  acc1=70.53%  acc2=70.27%  ens=70.40%  (best 70.62 @ ep 76)  [4.3s]
  ep  80: R(t)=0.777  acc1=69.89%  acc2=69.31%  ens=69.60%  (best 70.62 @ ep 76)  [4.3s]
  ep  81: R(t)=0.777  acc1=70.46%  acc2=70.77%  ens=70.62%  (best 70.62 @ ep 76)  [4.3s]
  ep  82: R(t)=0.777  acc1=70.41%  acc2=70.80%  ens=70.60%  (best 70.62 @ ep 76)  [4.7s]
  ep  83: R(t)=0.777  acc1=70.83%  acc2=70.72%  ens=70.78%  (best 70.78 @ ep 83)  [4.8s]
  ep  84: R(t)=0.777  acc1=71.35%  acc2=70.82%  ens=71.08%  (best 71.08 @ ep 84)  [6.1s]
  ep  85: R(t)=0.777  acc1=70.96%  acc2=71.03%  ens=71.00%  (best 71.08 @ ep 84)  [12.1s]
  ep  86: R(t)=0.777  acc1=71.18%  acc2=71.19%  ens=71.19%  (best 71.19 @ ep 86)  [9.8s]
  ep  87: R(t)=0.777  acc1=70.87%  acc2=70.01%  ens=70.44%  (best 71.19 @ ep 86)  [11.7s]
  ep  88: R(t)=0.777  acc1=70.52%  acc2=70.47%  ens=70.49%  (best 71.19 @ ep 86)  [9.8s]
  ep  89: R(t)=0.777  acc1=71.62%  acc2=71.40%  ens=71.51%  (best 71.51 @ ep 89)  [10.0s]
  ep  90: R(t)=0.777  acc1=71.27%  acc2=70.91%  ens=71.09%  (best 71.51 @ ep 89)  [11.3s]
  ep  91: R(t)=0.777  acc1=71.16%  acc2=70.98%  ens=71.07%  (best 71.51 @ ep 89)  [10.4s]
  ep  92: R(t)=0.777  acc1=71.14%  acc2=71.05%  ens=71.09%  (best 71.51 @ ep 89)  [9.4s]
  ep  93: R(t)=0.777  acc1=70.82%  acc2=70.84%  ens=70.83%  (best 71.51 @ ep 89)  [13.0s]
  ep  94: R(t)=0.777  acc1=71.30%  acc2=70.94%  ens=71.12%  (best 71.51 @ ep 89)  [9.2s]
  ep  95: R(t)=0.777  acc1=71.52%  acc2=71.11%  ens=71.31%  (best 71.51 @ ep 89)  [9.6s]
  ep  96: R(t)=0.777  acc1=71.48%  acc2=71.23%  ens=71.36%  (best 71.51 @ ep 89)  [10.7s]
  ep  97: R(t)=0.777  acc1=71.09%  acc2=70.72%  ens=70.91%  (best 71.51 @ ep 89)  [9.7s]
  ep  98: R(t)=0.777  acc1=71.50%  acc2=71.12%  ens=71.31%  (best 71.51 @ ep 89)  [8.6s]
  ep  99: R(t)=0.777  acc1=71.02%  acc2=70.69%  ens=70.86%  (best 71.51 @ ep 89)  [6.6s]  [sel1+2: prec=0.944, recall_clean=0.970]

saved /path/to/ciln-workspace/journal_edition/robustness_transfer/results_v3/coteaching/ours__fog_sev3__seed2.json: best ens-acc 71.51% @ ep 89
saved /path/to/ciln-workspace/journal_edition/robustness_transfer/results_v3/coteaching/ours__fog_sev3__seed2__persample.npz
