/path/to/ciln-workspace/venv/lib/python3.12/site-packages/torchvision/datasets/cifar.py:83: VisibleDeprecationWarning: dtype(): align should be passed as Python or NumPy boolean but got `align=0`. Did you mean to pass a tuple to create a subarray type? (Deprecated NumPy 2.4)
  entry = pickle.load(f, encoding="latin1")
condition=ours__elastic_transform_sev3 seed=1 gpu=1
  ep   0: R(t)=1.000  acc1=33.60%  acc2=27.47%  ens=30.54%  (best 30.54 @ ep 0)  [5.5s]
  ep   1: R(t)=0.963  acc1=41.06%  acc2=41.39%  ens=41.23%  (best 41.23 @ ep 1)  [4.3s]
  ep   2: R(t)=0.948  acc1=39.35%  acc2=46.47%  ens=42.91%  (best 42.91 @ ep 2)  [4.4s]
  ep   3: R(t)=0.936  acc1=47.95%  acc2=50.20%  ens=49.08%  (best 49.08 @ ep 3)  [4.2s]
  ep   4: R(t)=0.926  acc1=51.43%  acc2=52.31%  ens=51.87%  (best 51.87 @ ep 4)  [4.4s]
  ep   5: R(t)=0.918  acc1=55.55%  acc2=56.27%  ens=55.91%  (best 55.91 @ ep 5)  [6.3s]  [sel1+2: prec=0.920, recall_clean=0.981]
  ep   6: R(t)=0.910  acc1=56.20%  acc2=57.57%  ens=56.89%  (best 56.89 @ ep 6)  [4.2s]
  ep   7: R(t)=0.903  acc1=56.20%  acc2=58.22%  ens=57.21%  (best 57.21 @ ep 7)  [4.2s]
  ep   8: R(t)=0.896  acc1=57.72%  acc2=58.73%  ens=58.23%  (best 58.23 @ ep 8)  [4.6s]
  ep   9: R(t)=0.890  acc1=57.66%  acc2=54.75%  ens=56.20%  (best 58.23 @ ep 8)  [4.2s]
  ep  10: R(t)=0.884  acc1=53.50%  acc2=57.60%  ens=55.55%  (best 58.23 @ ep 8)  [8.9s]  [sel1+2: prec=0.948, recall_clean=0.975]
  ep  11: R(t)=0.884  acc1=59.79%  acc2=54.57%  ens=57.18%  (best 58.23 @ ep 8)  [4.3s]
  ep  12: R(t)=0.884  acc1=57.38%  acc2=62.12%  ens=59.75%  (best 59.75 @ ep 12)  [4.5s]
  ep  13: R(t)=0.884  acc1=62.64%  acc2=61.55%  ens=62.09%  (best 62.09 @ ep 13)  [4.3s]
  ep  14: R(t)=0.884  acc1=63.03%  acc2=60.30%  ens=61.66%  (best 62.09 @ ep 13)  [4.3s]
  ep  15: R(t)=0.884  acc1=60.86%  acc2=64.26%  ens=62.56%  (best 62.56 @ ep 15)  [4.2s]
  ep  16: R(t)=0.884  acc1=60.27%  acc2=61.77%  ens=61.02%  (best 62.56 @ ep 15)  [4.4s]
  ep  17: R(t)=0.884  acc1=61.51%  acc2=64.98%  ens=63.24%  (best 63.24 @ ep 17)  [4.3s]
  ep  18: R(t)=0.884  acc1=58.36%  acc2=59.79%  ens=59.08%  (best 63.24 @ ep 17)  [4.5s]
  ep  19: R(t)=0.884  acc1=57.95%  acc2=64.09%  ens=61.02%  (best 63.24 @ ep 17)  [4.3s]
  ep  20: R(t)=0.884  acc1=62.88%  acc2=63.49%  ens=63.19%  (best 63.24 @ ep 17)  [7.2s]  [sel1+2: prec=0.959, recall_clean=0.984]
  ep  21: R(t)=0.884  acc1=66.04%  acc2=63.30%  ens=64.67%  (best 64.67 @ ep 21)  [4.3s]
  ep  22: R(t)=0.884  acc1=60.99%  acc2=65.92%  ens=63.45%  (best 64.67 @ ep 21)  [4.4s]
  ep  23: R(t)=0.884  acc1=61.19%  acc2=61.96%  ens=61.58%  (best 64.67 @ ep 21)  [4.6s]
  ep  24: R(t)=0.884  acc1=58.63%  acc2=67.79%  ens=63.21%  (best 64.67 @ ep 21)  [6.6s]
  ep  25: R(t)=0.884  acc1=63.18%  acc2=65.29%  ens=64.23%  (best 64.67 @ ep 21)  [14.2s]
  ep  26: R(t)=0.884  acc1=65.09%  acc2=67.91%  ens=66.50%  (best 66.50 @ ep 26)  [4.1s]
  ep  27: R(t)=0.884  acc1=66.31%  acc2=60.52%  ens=63.41%  (best 66.50 @ ep 26)  [4.6s]
  ep  28: R(t)=0.884  acc1=61.60%  acc2=63.77%  ens=62.69%  (best 66.50 @ ep 26)  [4.4s]
  ep  29: R(t)=0.884  acc1=64.07%  acc2=67.89%  ens=65.98%  (best 66.50 @ ep 26)  [4.2s]
  ep  30: R(t)=0.884  acc1=60.87%  acc2=65.45%  ens=63.16%  (best 66.50 @ ep 26)  [6.3s]  [sel1+2: prec=0.963, recall_clean=0.988]
  ep  31: R(t)=0.884  acc1=59.86%  acc2=69.31%  ens=64.59%  (best 66.50 @ ep 26)  [4.3s]
  ep  32: R(t)=0.884  acc1=68.26%  acc2=64.84%  ens=66.55%  (best 66.55 @ ep 32)  [4.2s]
  ep  33: R(t)=0.884  acc1=64.37%  acc2=62.10%  ens=63.23%  (best 66.55 @ ep 32)  [4.3s]
  ep  34: R(t)=0.884  acc1=64.89%  acc2=66.22%  ens=65.56%  (best 66.55 @ ep 32)  [4.2s]
  ep  35: R(t)=0.884  acc1=68.38%  acc2=67.24%  ens=67.81%  (best 67.81 @ ep 35)  [4.5s]
  ep  36: R(t)=0.884  acc1=66.67%  acc2=68.08%  ens=67.38%  (best 67.81 @ ep 35)  [4.3s]
  ep  37: R(t)=0.884  acc1=66.13%  acc2=66.81%  ens=66.47%  (best 67.81 @ ep 35)  [4.3s]
  ep  38: R(t)=0.884  acc1=66.07%  acc2=68.94%  ens=67.50%  (best 67.81 @ ep 35)  [4.3s]
  ep  39: R(t)=0.884  acc1=69.94%  acc2=68.12%  ens=69.03%  (best 69.03 @ ep 39)  [4.4s]
  ep  40: R(t)=0.884  acc1=70.53%  acc2=70.49%  ens=70.51%  (best 70.51 @ ep 40)  [11.5s]
  ep  41: R(t)=0.884  acc1=69.28%  acc2=69.19%  ens=69.23%  (best 70.51 @ ep 40)  [16.4s]
  ep  42: R(t)=0.884  acc1=66.08%  acc2=66.61%  ens=66.35%  (best 70.51 @ ep 40)  [14.3s]
  ep  43: R(t)=0.884  acc1=70.42%  acc2=68.51%  ens=69.47%  (best 70.51 @ ep 40)  [14.4s]
  ep  44: R(t)=0.884  acc1=64.62%  acc2=66.78%  ens=65.70%  (best 70.51 @ ep 40)  [15.5s]
  ep  45: R(t)=0.884  acc1=69.36%  acc2=69.42%  ens=69.39%  (best 70.51 @ ep 40)  [10.2s]
  ep  46: R(t)=0.884  acc1=71.23%  acc2=70.27%  ens=70.75%  (best 70.75 @ ep 46)  [4.3s]
  ep  47: R(t)=0.884  acc1=69.37%  acc2=68.26%  ens=68.81%  (best 70.75 @ ep 46)  [4.4s]
  ep  48: R(t)=0.884  acc1=69.64%  acc2=66.71%  ens=68.18%  (best 70.75 @ ep 46)  [4.5s]
  ep  49: R(t)=0.884  acc1=68.74%  acc2=71.45%  ens=70.09%  (best 70.75 @ ep 46)  [4.2s]
  ep  50: R(t)=0.884  acc1=69.06%  acc2=69.06%  ens=69.06%  (best 70.75 @ ep 46)  [6.6s]  [sel1+2: prec=0.967, recall_clean=0.988]
  ep  51: R(t)=0.884  acc1=68.60%  acc2=72.02%  ens=70.31%  (best 70.75 @ ep 46)  [4.2s]
  ep  52: R(t)=0.884  acc1=70.62%  acc2=69.10%  ens=69.86%  (best 70.75 @ ep 46)  [4.4s]
  ep  53: R(t)=0.884  acc1=69.21%  acc2=68.15%  ens=68.68%  (best 70.75 @ ep 46)  [3.9s]
  ep  54: R(t)=0.884  acc1=70.44%  acc2=68.80%  ens=69.62%  (best 70.75 @ ep 46)  [4.1s]
  ep  55: R(t)=0.884  acc1=64.50%  acc2=68.55%  ens=66.53%  (best 70.75 @ ep 46)  [4.3s]
  ep  56: R(t)=0.884  acc1=72.41%  acc2=71.92%  ens=72.16%  (best 72.16 @ ep 56)  [4.2s]
  ep  57: R(t)=0.884  acc1=71.31%  acc2=72.01%  ens=71.66%  (best 72.16 @ ep 56)  [4.5s]
  ep  58: R(t)=0.884  acc1=71.13%  acc2=70.37%  ens=70.75%  (best 72.16 @ ep 56)  [4.2s]
  ep  59: R(t)=0.884  acc1=71.50%  acc2=70.72%  ens=71.11%  (best 72.16 @ ep 56)  [11.1s]
  ep  60: R(t)=0.884  acc1=73.12%  acc2=72.44%  ens=72.78%  (best 72.78 @ ep 60)  [4.6s]
  ep  61: R(t)=0.884  acc1=71.00%  acc2=72.60%  ens=71.80%  (best 72.78 @ ep 60)  [4.1s]
  ep  62: R(t)=0.884  acc1=72.83%  acc2=71.81%  ens=72.32%  (best 72.78 @ ep 60)  [4.3s]
  ep  63: R(t)=0.884  acc1=71.63%  acc2=71.37%  ens=71.50%  (best 72.78 @ ep 60)  [4.3s]
  ep  64: R(t)=0.884  acc1=69.10%  acc2=70.85%  ens=69.97%  (best 72.78 @ ep 60)  [4.5s]
  ep  65: R(t)=0.884  acc1=72.95%  acc2=74.14%  ens=73.54%  (best 73.54 @ ep 65)  [4.3s]
  ep  66: R(t)=0.884  acc1=73.80%  acc2=74.10%  ens=73.95%  (best 73.95 @ ep 66)  [4.2s]
  ep  67: R(t)=0.884  acc1=72.86%  acc2=71.91%  ens=72.39%  (best 73.95 @ ep 66)  [4.2s]
  ep  68: R(t)=0.884  acc1=72.14%  acc2=72.51%  ens=72.32%  (best 73.95 @ ep 66)  [4.4s]
  ep  69: R(t)=0.884  acc1=72.81%  acc2=73.29%  ens=73.05%  (best 73.95 @ ep 66)  [4.1s]
  ep  70: R(t)=0.884  acc1=73.87%  acc2=73.41%  ens=73.64%  (best 73.95 @ ep 66)  [4.3s]
  ep  71: R(t)=0.884  acc1=71.58%  acc2=73.83%  ens=72.70%  (best 73.95 @ ep 66)  [4.2s]
  ep  72: R(t)=0.884  acc1=74.23%  acc2=73.64%  ens=73.94%  (best 73.95 @ ep 66)  [4.5s]
  ep  73: R(t)=0.884  acc1=74.19%  acc2=73.74%  ens=73.97%  (best 73.97 @ ep 73)  [6.6s]
  ep  74: R(t)=0.884  acc1=74.33%  acc2=73.94%  ens=74.13%  (best 74.13 @ ep 74)  [15.3s]
  ep  75: R(t)=0.884  acc1=74.19%  acc2=74.19%  ens=74.19%  (best 74.19 @ ep 75)  [15.3s]  [sel1+2: prec=0.971, recall_clean=0.989]
  ep  76: R(t)=0.884  acc1=73.83%  acc2=73.59%  ens=73.71%  (best 74.19 @ ep 75)  [4.2s]
  ep  77: R(t)=0.884  acc1=73.55%  acc2=74.16%  ens=73.86%  (best 74.19 @ ep 75)  [4.5s]
  ep  78: R(t)=0.884  acc1=74.55%  acc2=74.60%  ens=74.58%  (best 74.58 @ ep 78)  [4.6s]
  ep  79: R(t)=0.884  acc1=74.93%  acc2=74.65%  ens=74.79%  (best 74.79 @ ep 79)  [4.5s]
  ep  80: R(t)=0.884  acc1=74.58%  acc2=74.60%  ens=74.59%  (best 74.79 @ ep 79)  [4.2s]
  ep  81: R(t)=0.884  acc1=74.89%  acc2=74.90%  ens=74.89%  (best 74.89 @ ep 81)  [4.4s]
  ep  82: R(t)=0.884  acc1=74.51%  acc2=74.36%  ens=74.44%  (best 74.89 @ ep 81)  [4.2s]
  ep  83: R(t)=0.884  acc1=74.61%  acc2=74.39%  ens=74.50%  (best 74.89 @ ep 81)  [4.2s]
  ep  84: R(t)=0.884  acc1=74.78%  acc2=74.72%  ens=74.75%  (best 74.89 @ ep 81)  [4.4s]
  ep  85: R(t)=0.884  acc1=74.94%  acc2=74.80%  ens=74.87%  (best 74.89 @ ep 81)  [4.2s]
  ep  86: R(t)=0.884  acc1=74.67%  acc2=74.69%  ens=74.68%  (best 74.89 @ ep 81)  [4.2s]
  ep  87: R(t)=0.884  acc1=74.96%  acc2=74.81%  ens=74.89%  (best 74.89 @ ep 81)  [4.4s]
  ep  88: R(t)=0.884  acc1=75.09%  acc2=74.75%  ens=74.92%  (best 74.92 @ ep 88)  [4.3s]
  ep  89: R(t)=0.884  acc1=75.28%  acc2=75.19%  ens=75.24%  (best 75.24 @ ep 89)  [6.3s]
  ep  90: R(t)=0.884  acc1=75.02%  acc2=74.70%  ens=74.86%  (best 75.24 @ ep 89)  [14.7s]
  ep  91: R(t)=0.884  acc1=75.09%  acc2=74.77%  ens=74.93%  (best 75.24 @ ep 89)  [14.7s]
  ep  92: R(t)=0.884  acc1=74.90%  acc2=74.86%  ens=74.88%  (best 75.24 @ ep 89)  [14.4s]
  ep  93: R(t)=0.884  acc1=75.15%  acc2=74.88%  ens=75.02%  (best 75.24 @ ep 89)  [11.0s]
  ep  94: R(t)=0.884  acc1=75.30%  acc2=75.01%  ens=75.16%  (best 75.24 @ ep 89)  [4.4s]
  ep  95: R(t)=0.884  acc1=75.11%  acc2=74.78%  ens=74.94%  (best 75.24 @ ep 89)  [4.3s]
  ep  96: R(t)=0.884  acc1=75.06%  acc2=74.85%  ens=74.95%  (best 75.24 @ ep 89)  [4.4s]
  ep  97: R(t)=0.884  acc1=75.12%  acc2=74.85%  ens=74.98%  (best 75.24 @ ep 89)  [4.3s]
  ep  98: R(t)=0.884  acc1=75.10%  acc2=74.91%  ens=75.00%  (best 75.24 @ ep 89)  [4.5s]
  ep  99: R(t)=0.884  acc1=75.19%  acc2=74.93%  ens=75.06%  (best 75.24 @ ep 89)  [6.4s]  [sel1+2: prec=0.970, recall_clean=0.987]

saved /path/to/ciln-workspace/journal_edition/robustness_transfer/results_v3/coteaching/ours__elastic_transform_sev3__seed1.json: best ens-acc 75.24% @ ep 89
saved /path/to/ciln-workspace/journal_edition/robustness_transfer/results_v3/coteaching/ours__elastic_transform_sev3__seed1__persample.npz
