/path/to/ciln-workspace/venv/lib/python3.12/site-packages/torchvision/datasets/cifar.py:83: VisibleDeprecationWarning: dtype(): align should be passed as Python or NumPy boolean but got `align=0`. Did you mean to pass a tuple to create a subarray type? (Deprecated NumPy 2.4)
  entry = pickle.load(f, encoding="latin1")
condition=ours__brightness_sev5 seed=0 gpu=1
  ep   0: R(t)=1.000  acc1=26.12%  acc2=26.08%  ens=26.10%  (best 26.10 @ ep 0)  [5.1s]
  ep   1: R(t)=0.932  acc1=30.91%  acc2=37.32%  ens=34.11%  (best 34.11 @ ep 1)  [4.5s]
  ep   2: R(t)=0.904  acc1=33.93%  acc2=36.63%  ens=35.28%  (best 35.28 @ ep 2)  [4.2s]
  ep   3: R(t)=0.882  acc1=42.68%  acc2=42.24%  ens=42.46%  (best 42.46 @ ep 3)  [4.5s]
  ep   4: R(t)=0.864  acc1=45.38%  acc2=45.27%  ens=45.32%  (best 45.32 @ ep 4)  [4.0s]
  ep   5: R(t)=0.847  acc1=48.21%  acc2=51.74%  ens=49.97%  (best 49.97 @ ep 5)  [6.5s]  [sel1+2: prec=0.849, recall_clean=0.956]
  ep   6: R(t)=0.833  acc1=48.27%  acc2=52.97%  ens=50.62%  (best 50.62 @ ep 6)  [4.4s]
  ep   7: R(t)=0.820  acc1=46.83%  acc2=46.85%  ens=46.84%  (best 50.62 @ ep 6)  [11.1s]
  ep   8: R(t)=0.807  acc1=52.96%  acc2=49.79%  ens=51.37%  (best 51.37 @ ep 8)  [15.4s]
  ep   9: R(t)=0.795  acc1=53.63%  acc2=54.39%  ens=54.01%  (best 54.01 @ ep 9)  [13.6s]
  ep  10: R(t)=0.784  acc1=55.44%  acc2=54.24%  ens=54.84%  (best 54.84 @ ep 10)  [17.4s]  [sel1+2: prec=0.901, recall_clean=0.944]
  ep  11: R(t)=0.784  acc1=52.86%  acc2=56.40%  ens=54.63%  (best 54.84 @ ep 10)  [4.2s]
  ep  12: R(t)=0.784  acc1=55.05%  acc2=50.75%  ens=52.90%  (best 54.84 @ ep 10)  [4.5s]
  ep  13: R(t)=0.784  acc1=55.59%  acc2=55.83%  ens=55.71%  (best 55.71 @ ep 13)  [4.2s]
  ep  14: R(t)=0.784  acc1=54.60%  acc2=54.28%  ens=54.44%  (best 55.71 @ ep 13)  [4.2s]
  ep  15: R(t)=0.784  acc1=56.41%  acc2=58.99%  ens=57.70%  (best 57.70 @ ep 15)  [4.3s]
  ep  16: R(t)=0.784  acc1=59.17%  acc2=49.90%  ens=54.53%  (best 57.70 @ ep 15)  [4.3s]
  ep  17: R(t)=0.784  acc1=58.42%  acc2=57.74%  ens=58.08%  (best 58.08 @ ep 17)  [4.3s]
  ep  18: R(t)=0.784  acc1=50.97%  acc2=50.26%  ens=50.62%  (best 58.08 @ ep 17)  [4.2s]
  ep  19: R(t)=0.784  acc1=54.84%  acc2=57.43%  ens=56.14%  (best 58.08 @ ep 17)  [4.5s]
  ep  20: R(t)=0.784  acc1=57.31%  acc2=58.46%  ens=57.89%  (best 58.08 @ ep 17)  [6.6s]  [sel1+2: prec=0.915, recall_clean=0.954]
  ep  21: R(t)=0.784  acc1=49.71%  acc2=53.53%  ens=51.62%  (best 58.08 @ ep 17)  [4.3s]
  ep  22: R(t)=0.784  acc1=56.96%  acc2=61.40%  ens=59.18%  (best 59.18 @ ep 22)  [4.3s]
  ep  23: R(t)=0.784  acc1=58.77%  acc2=58.67%  ens=58.72%  (best 59.18 @ ep 22)  [4.1s]
  ep  24: R(t)=0.784  acc1=57.49%  acc2=59.93%  ens=58.71%  (best 59.18 @ ep 22)  [11.5s]
  ep  25: R(t)=0.784  acc1=57.18%  acc2=60.44%  ens=58.81%  (best 59.18 @ ep 22)  [4.2s]
  ep  26: R(t)=0.784  acc1=62.75%  acc2=61.34%  ens=62.04%  (best 62.04 @ ep 26)  [4.2s]
  ep  27: R(t)=0.784  acc1=60.34%  acc2=62.21%  ens=61.27%  (best 62.04 @ ep 26)  [4.0s]
  ep  28: R(t)=0.784  acc1=61.81%  acc2=61.92%  ens=61.86%  (best 62.04 @ ep 26)  [4.5s]
  ep  29: R(t)=0.784  acc1=60.97%  acc2=61.25%  ens=61.11%  (best 62.04 @ ep 26)  [4.3s]
  ep  30: R(t)=0.784  acc1=58.78%  acc2=60.18%  ens=59.48%  (best 62.04 @ ep 26)  [6.2s]  [sel1+2: prec=0.926, recall_clean=0.963]
  ep  31: R(t)=0.784  acc1=55.34%  acc2=58.23%  ens=56.78%  (best 62.04 @ ep 26)  [4.2s]
  ep  32: R(t)=0.784  acc1=63.49%  acc2=64.03%  ens=63.76%  (best 63.76 @ ep 32)  [4.4s]
  ep  33: R(t)=0.784  acc1=60.58%  acc2=60.25%  ens=60.41%  (best 63.76 @ ep 32)  [4.5s]
  ep  34: R(t)=0.784  acc1=59.36%  acc2=59.61%  ens=59.48%  (best 63.76 @ ep 32)  [4.3s]
  ep  35: R(t)=0.784  acc1=64.16%  acc2=62.33%  ens=63.24%  (best 63.76 @ ep 32)  [4.3s]
  ep  36: R(t)=0.784  acc1=64.28%  acc2=65.18%  ens=64.73%  (best 64.73 @ ep 36)  [4.6s]
  ep  37: R(t)=0.784  acc1=60.83%  acc2=61.71%  ens=61.27%  (best 64.73 @ ep 36)  [4.4s]
  ep  38: R(t)=0.784  acc1=59.33%  acc2=59.38%  ens=59.36%  (best 64.73 @ ep 36)  [4.5s]
  ep  39: R(t)=0.784  acc1=62.28%  acc2=62.30%  ens=62.29%  (best 64.73 @ ep 36)  [11.0s]
  ep  40: R(t)=0.784  acc1=62.50%  acc2=59.49%  ens=60.99%  (best 64.73 @ ep 36)  [12.1s]
  ep  41: R(t)=0.784  acc1=64.89%  acc2=65.40%  ens=65.15%  (best 65.15 @ ep 41)  [8.6s]
  ep  42: R(t)=0.784  acc1=64.02%  acc2=58.85%  ens=61.43%  (best 65.15 @ ep 41)  [4.5s]
  ep  43: R(t)=0.784  acc1=65.47%  acc2=62.34%  ens=63.90%  (best 65.15 @ ep 41)  [4.2s]
  ep  44: R(t)=0.784  acc1=62.50%  acc2=62.98%  ens=62.74%  (best 65.15 @ ep 41)  [4.4s]
  ep  45: R(t)=0.784  acc1=63.58%  acc2=66.99%  ens=65.29%  (best 65.29 @ ep 45)  [4.3s]
  ep  46: R(t)=0.784  acc1=60.08%  acc2=63.84%  ens=61.96%  (best 65.29 @ ep 45)  [4.5s]
  ep  47: R(t)=0.784  acc1=65.90%  acc2=65.21%  ens=65.56%  (best 65.56 @ ep 47)  [4.3s]
  ep  48: R(t)=0.784  acc1=65.62%  acc2=62.22%  ens=63.92%  (best 65.56 @ ep 47)  [4.4s]
  ep  49: R(t)=0.784  acc1=65.87%  acc2=66.21%  ens=66.04%  (best 66.04 @ ep 49)  [4.4s]
  ep  50: R(t)=0.784  acc1=60.23%  acc2=61.22%  ens=60.72%  (best 66.04 @ ep 49)  [6.5s]  [sel1+2: prec=0.937, recall_clean=0.967]
  ep  51: R(t)=0.784  acc1=66.64%  acc2=67.75%  ens=67.20%  (best 67.20 @ ep 51)  [4.3s]
  ep  52: R(t)=0.784  acc1=66.55%  acc2=67.03%  ens=66.79%  (best 67.20 @ ep 51)  [4.3s]
  ep  53: R(t)=0.784  acc1=64.71%  acc2=66.46%  ens=65.59%  (best 67.20 @ ep 51)  [4.3s]
  ep  54: R(t)=0.784  acc1=65.05%  acc2=64.71%  ens=64.88%  (best 67.20 @ ep 51)  [4.4s]
  ep  55: R(t)=0.784  acc1=65.15%  acc2=66.58%  ens=65.86%  (best 67.20 @ ep 51)  [5.2s]
  ep  56: R(t)=0.784  acc1=67.62%  acc2=67.57%  ens=67.59%  (best 67.59 @ ep 56)  [15.4s]
  ep  57: R(t)=0.784  acc1=64.76%  acc2=64.66%  ens=64.71%  (best 67.59 @ ep 56)  [15.6s]
  ep  58: R(t)=0.784  acc1=65.83%  acc2=67.49%  ens=66.66%  (best 67.59 @ ep 56)  [14.6s]
  ep  59: R(t)=0.784  acc1=66.14%  acc2=63.77%  ens=64.96%  (best 67.59 @ ep 56)  [11.1s]
  ep  60: R(t)=0.784  acc1=67.77%  acc2=67.24%  ens=67.50%  (best 67.59 @ ep 56)  [4.3s]
  ep  61: R(t)=0.784  acc1=66.94%  acc2=64.46%  ens=65.70%  (best 67.59 @ ep 56)  [3.9s]
  ep  62: R(t)=0.784  acc1=67.25%  acc2=66.39%  ens=66.82%  (best 67.59 @ ep 56)  [4.3s]
  ep  63: R(t)=0.784  acc1=67.67%  acc2=67.51%  ens=67.59%  (best 67.59 @ ep 56)  [4.3s]
  ep  64: R(t)=0.784  acc1=67.60%  acc2=68.39%  ens=68.00%  (best 68.00 @ ep 64)  [4.5s]
  ep  65: R(t)=0.784  acc1=68.63%  acc2=69.65%  ens=69.14%  (best 69.14 @ ep 65)  [4.1s]
  ep  66: R(t)=0.784  acc1=67.86%  acc2=66.33%  ens=67.09%  (best 69.14 @ ep 65)  [3.9s]
  ep  67: R(t)=0.784  acc1=68.91%  acc2=68.27%  ens=68.59%  (best 69.14 @ ep 65)  [4.3s]
  ep  68: R(t)=0.784  acc1=66.47%  acc2=68.18%  ens=67.32%  (best 69.14 @ ep 65)  [4.3s]
  ep  69: R(t)=0.784  acc1=69.17%  acc2=67.09%  ens=68.13%  (best 69.14 @ ep 65)  [4.3s]
  ep  70: R(t)=0.784  acc1=69.70%  acc2=69.97%  ens=69.84%  (best 69.84 @ ep 70)  [4.3s]
  ep  71: R(t)=0.784  acc1=69.60%  acc2=68.36%  ens=68.98%  (best 69.84 @ ep 70)  [4.2s]
  ep  72: R(t)=0.784  acc1=69.07%  acc2=68.65%  ens=68.86%  (best 69.84 @ ep 70)  [4.2s]
  ep  73: R(t)=0.784  acc1=68.54%  acc2=67.18%  ens=67.86%  (best 69.84 @ ep 70)  [4.2s]
  ep  74: R(t)=0.784  acc1=68.05%  acc2=69.37%  ens=68.71%  (best 69.84 @ ep 70)  [10.0s]
  ep  75: R(t)=0.784  acc1=69.77%  acc2=69.14%  ens=69.45%  (best 69.84 @ ep 70)  [22.4s]  [sel1+2: prec=0.947, recall_clean=0.972]
  ep  76: R(t)=0.784  acc1=69.36%  acc2=69.51%  ens=69.44%  (best 69.84 @ ep 70)  [15.0s]
  ep  77: R(t)=0.784  acc1=69.49%  acc2=69.54%  ens=69.51%  (best 69.84 @ ep 70)  [16.5s]
  ep  78: R(t)=0.784  acc1=69.52%  acc2=68.72%  ens=69.12%  (best 69.84 @ ep 70)  [6.2s]
  ep  79: R(t)=0.784  acc1=69.89%  acc2=69.68%  ens=69.78%  (best 69.84 @ ep 70)  [4.5s]
  ep  80: R(t)=0.784  acc1=70.41%  acc2=70.38%  ens=70.39%  (best 70.39 @ ep 80)  [4.2s]
  ep  81: R(t)=0.784  acc1=70.03%  acc2=69.99%  ens=70.01%  (best 70.39 @ ep 80)  [4.1s]
  ep  82: R(t)=0.784  acc1=69.74%  acc2=68.92%  ens=69.33%  (best 70.39 @ ep 80)  [4.4s]
  ep  83: R(t)=0.784  acc1=70.33%  acc2=69.84%  ens=70.08%  (best 70.39 @ ep 80)  [4.5s]
  ep  84: R(t)=0.784  acc1=70.03%  acc2=69.41%  ens=69.72%  (best 70.39 @ ep 80)  [4.2s]
  ep  85: R(t)=0.784  acc1=69.43%  acc2=69.04%  ens=69.23%  (best 70.39 @ ep 80)  [4.4s]
  ep  86: R(t)=0.784  acc1=70.15%  acc2=69.38%  ens=69.77%  (best 70.39 @ ep 80)  [4.3s]
  ep  87: R(t)=0.784  acc1=70.11%  acc2=69.46%  ens=69.78%  (best 70.39 @ ep 80)  [4.4s]
  ep  88: R(t)=0.784  acc1=70.81%  acc2=69.91%  ens=70.36%  (best 70.39 @ ep 80)  [4.2s]
  ep  89: R(t)=0.784  acc1=69.93%  acc2=69.74%  ens=69.84%  (best 70.39 @ ep 80)  [4.1s]
  ep  90: R(t)=0.784  acc1=70.12%  acc2=69.80%  ens=69.96%  (best 70.39 @ ep 80)  [4.2s]
  ep  91: R(t)=0.784  acc1=70.41%  acc2=69.96%  ens=70.19%  (best 70.39 @ ep 80)  [4.2s]
  ep  92: R(t)=0.784  acc1=70.18%  acc2=69.86%  ens=70.02%  (best 70.39 @ ep 80)  [5.0s]
  ep  93: R(t)=0.784  acc1=70.45%  acc2=69.91%  ens=70.18%  (best 70.39 @ ep 80)  [4.3s]
  ep  94: R(t)=0.784  acc1=70.49%  acc2=70.01%  ens=70.25%  (best 70.39 @ ep 80)  [4.1s]
  ep  95: R(t)=0.784  acc1=70.69%  acc2=70.24%  ens=70.47%  (best 70.47 @ ep 95)  [4.4s]
  ep  96: R(t)=0.784  acc1=70.39%  acc2=69.84%  ens=70.11%  (best 70.47 @ ep 95)  [4.4s]
  ep  97: R(t)=0.784  acc1=70.11%  acc2=69.50%  ens=69.80%  (best 70.47 @ ep 95)  [4.2s]
  ep  98: R(t)=0.784  acc1=70.38%  acc2=69.84%  ens=70.11%  (best 70.47 @ ep 95)  [4.1s]
  ep  99: R(t)=0.784  acc1=70.49%  acc2=69.94%  ens=70.22%  (best 70.47 @ ep 95)  [6.5s]  [sel1+2: prec=0.947, recall_clean=0.964]

saved /path/to/ciln-workspace/journal_edition/robustness_transfer/results_v3/coteaching/ours__brightness_sev5__seed0.json: best ens-acc 70.47% @ ep 95
saved /path/to/ciln-workspace/journal_edition/robustness_transfer/results_v3/coteaching/ours__brightness_sev5__seed0__persample.npz
