/path/to/ciln-workspace/venv/lib/python3.12/site-packages/torchvision/datasets/cifar.py:83: VisibleDeprecationWarning: dtype(): align should be passed as Python or NumPy boolean but got `align=0`. Did you mean to pass a tuple to create a subarray type? (Deprecated NumPy 2.4)
  entry = pickle.load(f, encoding="latin1")
condition=gu_low seed=1 gpu=1
  ep   0: R(t)=1.000  acc1=32.99%  acc2=33.30%  ens=33.15%  (best 33.15 @ ep 0)  [7.1s]
  ep   1: R(t)=0.966  acc1=38.75%  acc2=40.69%  ens=39.72%  (best 39.72 @ ep 1)  [5.8s]
  ep   2: R(t)=0.952  acc1=48.96%  acc2=52.17%  ens=50.57%  (best 50.57 @ ep 2)  [5.8s]
  ep   3: R(t)=0.942  acc1=51.90%  acc2=44.18%  ens=48.04%  (best 50.57 @ ep 2)  [6.0s]
  ep   4: R(t)=0.933  acc1=58.05%  acc2=55.45%  ens=56.75%  (best 56.75 @ ep 4)  [6.0s]
  ep   5: R(t)=0.925  acc1=57.31%  acc2=58.75%  ens=58.03%  (best 58.03 @ ep 5)  [10.7s]  [sel1+2: prec=0.909, recall_clean=0.964]
  ep   6: R(t)=0.918  acc1=63.65%  acc2=63.95%  ens=63.80%  (best 63.80 @ ep 6)  [5.9s]
  ep   7: R(t)=0.911  acc1=59.01%  acc2=61.55%  ens=60.28%  (best 63.80 @ ep 6)  [12.8s]
  ep   8: R(t)=0.905  acc1=68.85%  acc2=64.40%  ens=66.62%  (best 66.62 @ ep 8)  [17.1s]
  ep   9: R(t)=0.899  acc1=69.87%  acc2=69.36%  ens=69.62%  (best 69.62 @ ep 9)  [14.8s]
  ep  10: R(t)=0.894  acc1=69.23%  acc2=64.43%  ens=66.83%  (best 69.62 @ ep 9)  [22.3s]  [sel1+2: prec=0.919, recall_clean=0.952]
  ep  11: R(t)=0.894  acc1=66.10%  acc2=68.23%  ens=67.17%  (best 69.62 @ ep 9)  [17.4s]
  ep  12: R(t)=0.894  acc1=69.28%  acc2=62.99%  ens=66.14%  (best 69.62 @ ep 9)  [15.5s]
  ep  13: R(t)=0.894  acc1=70.55%  acc2=68.97%  ens=69.76%  (best 69.76 @ ep 13)  [15.4s]
  ep  14: R(t)=0.894  acc1=70.33%  acc2=67.21%  ens=68.77%  (best 69.76 @ ep 13)  [17.4s]
  ep  15: R(t)=0.894  acc1=71.72%  acc2=67.00%  ens=69.36%  (best 69.76 @ ep 13)  [15.1s]
  ep  16: R(t)=0.894  acc1=74.65%  acc2=71.56%  ens=73.11%  (best 73.11 @ ep 16)  [8.6s]
  ep  17: R(t)=0.894  acc1=70.86%  acc2=71.82%  ens=71.34%  (best 73.11 @ ep 16)  [6.0s]
  ep  18: R(t)=0.894  acc1=72.09%  acc2=71.72%  ens=71.91%  (best 73.11 @ ep 16)  [6.0s]
  ep  19: R(t)=0.894  acc1=67.38%  acc2=67.48%  ens=67.43%  (best 73.11 @ ep 16)  [6.1s]
  ep  20: R(t)=0.894  acc1=70.19%  acc2=74.64%  ens=72.41%  (best 73.11 @ ep 16)  [9.7s]  [sel1+2: prec=0.923, recall_clean=0.958]
  ep  21: R(t)=0.894  acc1=68.89%  acc2=67.75%  ens=68.32%  (best 73.11 @ ep 16)  [5.9s]
  ep  22: R(t)=0.894  acc1=75.50%  acc2=75.05%  ens=75.28%  (best 75.28 @ ep 22)  [6.4s]
  ep  23: R(t)=0.894  acc1=72.58%  acc2=68.93%  ens=70.75%  (best 75.28 @ ep 22)  [5.8s]
  ep  24: R(t)=0.894  acc1=71.28%  acc2=62.37%  ens=66.83%  (best 75.28 @ ep 22)  [6.1s]
  ep  25: R(t)=0.894  acc1=71.98%  acc2=70.85%  ens=71.42%  (best 75.28 @ ep 22)  [7.0s]
  ep  26: R(t)=0.894  acc1=71.17%  acc2=71.48%  ens=71.32%  (best 75.28 @ ep 22)  [15.1s]
  ep  27: R(t)=0.894  acc1=69.34%  acc2=69.17%  ens=69.25%  (best 75.28 @ ep 22)  [14.9s]
  ep  28: R(t)=0.894  acc1=72.16%  acc2=64.79%  ens=68.47%  (best 75.28 @ ep 22)  [6.1s]
  ep  29: R(t)=0.894  acc1=69.29%  acc2=76.30%  ens=72.80%  (best 75.28 @ ep 22)  [5.9s]
  ep  30: R(t)=0.894  acc1=67.13%  acc2=70.95%  ens=69.04%  (best 75.28 @ ep 22)  [9.5s]  [sel1+2: prec=0.925, recall_clean=0.959]
  ep  31: R(t)=0.894  acc1=71.71%  acc2=72.49%  ens=72.10%  (best 75.28 @ ep 22)  [6.2s]
  ep  32: R(t)=0.894  acc1=67.81%  acc2=73.17%  ens=70.49%  (best 75.28 @ ep 22)  [6.1s]
  ep  33: R(t)=0.894  acc1=69.44%  acc2=72.15%  ens=70.80%  (best 75.28 @ ep 22)  [6.1s]
  ep  34: R(t)=0.894  acc1=73.97%  acc2=74.02%  ens=74.00%  (best 75.28 @ ep 22)  [6.0s]
  ep  35: R(t)=0.894  acc1=75.85%  acc2=76.74%  ens=76.30%  (best 76.30 @ ep 35)  [6.0s]
  ep  36: R(t)=0.894  acc1=76.25%  acc2=72.66%  ens=74.45%  (best 76.30 @ ep 35)  [6.1s]
  ep  37: R(t)=0.894  acc1=70.33%  acc2=74.30%  ens=72.31%  (best 76.30 @ ep 35)  [12.1s]
  ep  38: R(t)=0.894  acc1=79.21%  acc2=75.17%  ens=77.19%  (best 77.19 @ ep 38)  [6.0s]
  ep  39: R(t)=0.894  acc1=73.72%  acc2=71.30%  ens=72.51%  (best 77.19 @ ep 38)  [5.9s]
  ep  40: R(t)=0.894  acc1=76.93%  acc2=78.74%  ens=77.83%  (best 77.83 @ ep 40)  [6.1s]
  ep  41: R(t)=0.894  acc1=75.96%  acc2=76.83%  ens=76.39%  (best 77.83 @ ep 40)  [6.0s]
  ep  42: R(t)=0.894  acc1=75.37%  acc2=75.33%  ens=75.35%  (best 77.83 @ ep 40)  [6.2s]
  ep  43: R(t)=0.894  acc1=78.72%  acc2=78.54%  ens=78.63%  (best 78.63 @ ep 43)  [5.9s]
  ep  44: R(t)=0.894  acc1=76.32%  acc2=79.46%  ens=77.89%  (best 78.63 @ ep 43)  [5.7s]
  ep  45: R(t)=0.894  acc1=79.20%  acc2=78.97%  ens=79.09%  (best 79.09 @ ep 45)  [6.2s]
  ep  46: R(t)=0.894  acc1=76.27%  acc2=73.35%  ens=74.81%  (best 79.09 @ ep 45)  [6.1s]
  ep  47: R(t)=0.894  acc1=74.41%  acc2=78.31%  ens=76.36%  (best 79.09 @ ep 45)  [6.8s]
  ep  48: R(t)=0.894  acc1=77.11%  acc2=78.68%  ens=77.90%  (best 79.09 @ ep 45)  [16.5s]
  ep  49: R(t)=0.894  acc1=78.92%  acc2=76.20%  ens=77.56%  (best 79.09 @ ep 45)  [14.9s]
  ep  50: R(t)=0.894  acc1=79.03%  acc2=78.11%  ens=78.57%  (best 79.09 @ ep 45)  [21.3s]  [sel1+2: prec=0.929, recall_clean=0.964]
  ep  51: R(t)=0.894  acc1=75.63%  acc2=78.28%  ens=76.95%  (best 79.09 @ ep 45)  [5.6s]
  ep  52: R(t)=0.894  acc1=79.45%  acc2=78.58%  ens=79.02%  (best 79.09 @ ep 45)  [5.9s]
  ep  53: R(t)=0.894  acc1=79.81%  acc2=74.72%  ens=77.27%  (best 79.09 @ ep 45)  [5.9s]
  ep  54: R(t)=0.894  acc1=79.48%  acc2=79.69%  ens=79.58%  (best 79.58 @ ep 54)  [6.0s]
  ep  55: R(t)=0.894  acc1=77.20%  acc2=79.78%  ens=78.49%  (best 79.58 @ ep 54)  [5.9s]
  ep  56: R(t)=0.894  acc1=78.70%  acc2=77.99%  ens=78.34%  (best 79.58 @ ep 54)  [5.9s]
  ep  57: R(t)=0.894  acc1=79.25%  acc2=79.30%  ens=79.28%  (best 79.58 @ ep 54)  [6.0s]
  ep  58: R(t)=0.894  acc1=77.37%  acc2=80.47%  ens=78.92%  (best 79.58 @ ep 54)  [6.0s]
  ep  59: R(t)=0.894  acc1=79.40%  acc2=79.47%  ens=79.44%  (best 79.58 @ ep 54)  [6.1s]
  ep  60: R(t)=0.894  acc1=81.79%  acc2=80.34%  ens=81.06%  (best 81.06 @ ep 60)  [6.0s]
  ep  61: R(t)=0.894  acc1=77.26%  acc2=79.36%  ens=78.31%  (best 81.06 @ ep 60)  [15.8s]
  ep  62: R(t)=0.894  acc1=73.99%  acc2=82.06%  ens=78.03%  (best 81.06 @ ep 60)  [16.2s]
  ep  63: R(t)=0.894  acc1=80.13%  acc2=81.87%  ens=81.00%  (best 81.06 @ ep 60)  [17.1s]
  ep  64: R(t)=0.894  acc1=78.17%  acc2=80.80%  ens=79.48%  (best 81.06 @ ep 60)  [14.6s]
  ep  65: R(t)=0.894  acc1=79.05%  acc2=80.01%  ens=79.53%  (best 81.06 @ ep 60)  [18.7s]
  ep  66: R(t)=0.894  acc1=81.04%  acc2=81.71%  ens=81.38%  (best 81.38 @ ep 66)  [6.2s]
  ep  67: R(t)=0.894  acc1=81.54%  acc2=81.47%  ens=81.51%  (best 81.51 @ ep 67)  [6.1s]
  ep  68: R(t)=0.894  acc1=81.17%  acc2=81.09%  ens=81.13%  (best 81.51 @ ep 67)  [6.2s]
  ep  69: R(t)=0.894  acc1=82.25%  acc2=82.61%  ens=82.43%  (best 82.43 @ ep 69)  [6.2s]
  ep  70: R(t)=0.894  acc1=83.02%  acc2=81.18%  ens=82.10%  (best 82.43 @ ep 69)  [6.0s]
  ep  71: R(t)=0.894  acc1=83.19%  acc2=82.49%  ens=82.84%  (best 82.84 @ ep 71)  [6.3s]
  ep  72: R(t)=0.894  acc1=82.17%  acc2=83.52%  ens=82.84%  (best 82.84 @ ep 72)  [6.0s]
  ep  73: R(t)=0.894  acc1=83.14%  acc2=83.42%  ens=83.28%  (best 83.28 @ ep 73)  [5.9s]
  ep  74: R(t)=0.894  acc1=82.95%  acc2=83.20%  ens=83.08%  (best 83.28 @ ep 73)  [6.0s]
  ep  75: R(t)=0.894  acc1=82.82%  acc2=83.51%  ens=83.17%  (best 83.28 @ ep 73)  [12.7s]  [sel1+2: prec=0.936, recall_clean=0.963]
  ep  76: R(t)=0.894  acc1=83.13%  acc2=83.63%  ens=83.38%  (best 83.38 @ ep 76)  [17.0s]
  ep  77: R(t)=0.894  acc1=84.01%  acc2=83.82%  ens=83.91%  (best 83.91 @ ep 77)  [14.5s]
  ep  78: R(t)=0.894  acc1=83.32%  acc2=83.79%  ens=83.56%  (best 83.91 @ ep 77)  [14.1s]
  ep  79: R(t)=0.894  acc1=84.34%  acc2=84.61%  ens=84.47%  (best 84.47 @ ep 79)  [6.1s]
  ep  80: R(t)=0.894  acc1=84.28%  acc2=84.25%  ens=84.27%  (best 84.47 @ ep 79)  [6.1s]
  ep  81: R(t)=0.894  acc1=84.54%  acc2=85.07%  ens=84.80%  (best 84.80 @ ep 81)  [6.1s]
  ep  82: R(t)=0.894  acc1=84.75%  acc2=84.42%  ens=84.58%  (best 84.80 @ ep 81)  [6.1s]
  ep  83: R(t)=0.894  acc1=84.80%  acc2=85.07%  ens=84.94%  (best 84.94 @ ep 83)  [6.1s]
  ep  84: R(t)=0.894  acc1=85.17%  acc2=85.18%  ens=85.17%  (best 85.17 @ ep 84)  [6.0s]
  ep  85: R(t)=0.894  acc1=84.88%  acc2=84.72%  ens=84.80%  (best 85.17 @ ep 84)  [6.1s]
  ep  86: R(t)=0.894  acc1=85.04%  acc2=85.34%  ens=85.19%  (best 85.19 @ ep 86)  [6.0s]
  ep  87: R(t)=0.894  acc1=85.23%  acc2=85.08%  ens=85.16%  (best 85.19 @ ep 86)  [5.9s]
  ep  88: R(t)=0.894  acc1=85.31%  acc2=85.27%  ens=85.29%  (best 85.29 @ ep 88)  [9.8s]
  ep  89: R(t)=0.894  acc1=85.35%  acc2=85.39%  ens=85.37%  (best 85.37 @ ep 89)  [14.7s]
  ep  90: R(t)=0.894  acc1=85.38%  acc2=85.25%  ens=85.32%  (best 85.37 @ ep 89)  [17.2s]
  ep  91: R(t)=0.894  acc1=85.54%  acc2=85.50%  ens=85.52%  (best 85.52 @ ep 91)  [16.2s]
  ep  92: R(t)=0.894  acc1=85.62%  acc2=85.46%  ens=85.54%  (best 85.54 @ ep 92)  [5.9s]
  ep  93: R(t)=0.894  acc1=85.59%  acc2=85.37%  ens=85.48%  (best 85.54 @ ep 92)  [5.8s]
  ep  94: R(t)=0.894  acc1=85.53%  acc2=85.33%  ens=85.43%  (best 85.54 @ ep 92)  [6.4s]
  ep  95: R(t)=0.894  acc1=85.37%  acc2=85.47%  ens=85.42%  (best 85.54 @ ep 92)  [5.9s]
  ep  96: R(t)=0.894  acc1=85.38%  acc2=85.44%  ens=85.41%  (best 85.54 @ ep 92)  [5.9s]
  ep  97: R(t)=0.894  acc1=85.46%  acc2=85.40%  ens=85.43%  (best 85.54 @ ep 92)  [5.9s]
  ep  98: R(t)=0.894  acc1=85.26%  acc2=85.36%  ens=85.31%  (best 85.54 @ ep 92)  [5.7s]
  ep  99: R(t)=0.894  acc1=85.28%  acc2=85.37%  ens=85.33%  (best 85.54 @ ep 92)  [9.6s]  [sel1+2: prec=0.940, recall_clean=0.960]

saved /path/to/ciln-workspace/journal_edition/robustness_transfer/results_v3/coteaching/gu_low__seed1.json: best ens-acc 85.54% @ ep 92
saved /path/to/ciln-workspace/journal_edition/robustness_transfer/results_v3/coteaching/gu_low__seed1__persample.npz
