/path/to/ciln-workspace/venv/lib/python3.12/site-packages/torchvision/datasets/cifar.py:83: VisibleDeprecationWarning: dtype(): align should be passed as Python or NumPy boolean but got `align=0`. Did you mean to pass a tuple to create a subarray type? (Deprecated NumPy 2.4)
  entry = pickle.load(f, encoding="latin1")
condition=ours__contrast_sev3 seed=0 gpu=2
  ep   0: R(t)=1.000  acc1=22.11%  acc2=23.08%  ens=22.59%  (best 22.59 @ ep 0)  [5.5s]
  ep   1: R(t)=0.853  acc1=26.27%  acc2=26.39%  ens=26.33%  (best 26.33 @ ep 1)  [4.3s]
  ep   2: R(t)=0.793  acc1=29.48%  acc2=28.06%  ens=28.77%  (best 28.77 @ ep 2)  [4.2s]
  ep   3: R(t)=0.746  acc1=31.28%  acc2=28.22%  ens=29.75%  (best 29.75 @ ep 3)  [4.5s]
  ep   4: R(t)=0.707  acc1=29.43%  acc2=28.48%  ens=28.95%  (best 29.75 @ ep 3)  [4.1s]
  ep   5: R(t)=0.672  acc1=26.21%  acc2=26.27%  ens=26.24%  (best 29.75 @ ep 3)  [6.3s]  [sel1+2: prec=0.553, recall_clean=0.727]
  ep   6: R(t)=0.641  acc1=27.98%  acc2=28.20%  ens=28.09%  (best 29.75 @ ep 3)  [4.6s]
  ep   7: R(t)=0.612  acc1=29.61%  acc2=30.33%  ens=29.97%  (best 29.97 @ ep 7)  [4.7s]
  ep   8: R(t)=0.585  acc1=30.75%  acc2=31.73%  ens=31.24%  (best 31.24 @ ep 8)  [4.2s]
  ep   9: R(t)=0.560  acc1=30.17%  acc2=25.48%  ens=27.82%  (best 31.24 @ ep 8)  [4.4s]
  ep  10: R(t)=0.536  acc1=31.33%  acc2=31.35%  ens=31.34%  (best 31.34 @ ep 10)  [17.6s]  [sel1+2: prec=0.581, recall_clean=0.624]
  ep  11: R(t)=0.536  acc1=30.12%  acc2=26.88%  ens=28.50%  (best 31.34 @ ep 10)  [9.6s]
  ep  12: R(t)=0.536  acc1=30.94%  acc2=32.62%  ens=31.78%  (best 31.78 @ ep 12)  [9.7s]
  ep  13: R(t)=0.536  acc1=31.20%  acc2=30.70%  ens=30.95%  (best 31.78 @ ep 12)  [7.7s]
  ep  14: R(t)=0.536  acc1=31.05%  acc2=30.37%  ens=30.71%  (best 31.78 @ ep 12)  [4.3s]
  ep  15: R(t)=0.536  acc1=32.08%  acc2=28.36%  ens=30.22%  (best 31.78 @ ep 12)  [4.2s]
  ep  16: R(t)=0.536  acc1=30.31%  acc2=33.08%  ens=31.69%  (best 31.78 @ ep 12)  [4.2s]
  ep  17: R(t)=0.536  acc1=26.28%  acc2=29.86%  ens=28.07%  (best 31.78 @ ep 12)  [4.2s]
  ep  18: R(t)=0.536  acc1=33.21%  acc2=31.49%  ens=32.35%  (best 32.35 @ ep 18)  [4.3s]
  ep  19: R(t)=0.536  acc1=28.10%  acc2=29.10%  ens=28.60%  (best 32.35 @ ep 18)  [4.3s]
  ep  20: R(t)=0.536  acc1=33.05%  acc2=33.89%  ens=33.47%  (best 33.47 @ ep 20)  [6.2s]  [sel1+2: prec=0.594, recall_clean=0.634]
  ep  21: R(t)=0.536  acc1=32.10%  acc2=32.23%  ens=32.16%  (best 33.47 @ ep 20)  [4.5s]
  ep  22: R(t)=0.536  acc1=29.03%  acc2=29.06%  ens=29.04%  (best 33.47 @ ep 20)  [4.5s]
  ep  23: R(t)=0.536  acc1=30.57%  acc2=30.29%  ens=30.43%  (best 33.47 @ ep 20)  [4.3s]
  ep  24: R(t)=0.536  acc1=35.43%  acc2=33.07%  ens=34.25%  (best 34.25 @ ep 24)  [4.3s]
  ep  25: R(t)=0.536  acc1=31.59%  acc2=30.93%  ens=31.26%  (best 34.25 @ ep 24)  [4.2s]
  ep  26: R(t)=0.536  acc1=31.20%  acc2=31.21%  ens=31.20%  (best 34.25 @ ep 24)  [4.4s]
  ep  27: R(t)=0.536  acc1=32.29%  acc2=35.87%  ens=34.08%  (best 34.25 @ ep 24)  [10.0s]
  ep  28: R(t)=0.536  acc1=31.12%  acc2=33.83%  ens=32.48%  (best 34.25 @ ep 24)  [11.5s]
  ep  29: R(t)=0.536  acc1=32.78%  acc2=31.68%  ens=32.23%  (best 34.25 @ ep 24)  [9.2s]
  ep  30: R(t)=0.536  acc1=35.69%  acc2=37.13%  ens=36.41%  (best 36.41 @ ep 30)  [10.3s]  [sel1+2: prec=0.619, recall_clean=0.659]
  ep  31: R(t)=0.536  acc1=33.28%  acc2=33.26%  ens=33.27%  (best 36.41 @ ep 30)  [4.3s]
  ep  32: R(t)=0.536  acc1=37.60%  acc2=35.16%  ens=36.38%  (best 36.41 @ ep 30)  [4.3s]
  ep  33: R(t)=0.536  acc1=34.90%  acc2=38.15%  ens=36.52%  (best 36.52 @ ep 33)  [4.2s]
  ep  34: R(t)=0.536  acc1=37.19%  acc2=35.40%  ens=36.30%  (best 36.52 @ ep 33)  [4.4s]
  ep  35: R(t)=0.536  acc1=33.38%  acc2=33.25%  ens=33.31%  (best 36.52 @ ep 33)  [4.4s]
  ep  36: R(t)=0.536  acc1=33.99%  acc2=36.35%  ens=35.17%  (best 36.52 @ ep 33)  [4.2s]
  ep  37: R(t)=0.536  acc1=33.63%  acc2=36.62%  ens=35.12%  (best 36.52 @ ep 33)  [4.0s]
  ep  38: R(t)=0.536  acc1=31.04%  acc2=34.02%  ens=32.53%  (best 36.52 @ ep 33)  [4.2s]
  ep  39: R(t)=0.536  acc1=34.45%  acc2=34.41%  ens=34.43%  (best 36.52 @ ep 33)  [4.4s]
  ep  40: R(t)=0.536  acc1=35.94%  acc2=33.21%  ens=34.58%  (best 36.52 @ ep 33)  [4.2s]
  ep  41: R(t)=0.536  acc1=35.97%  acc2=34.34%  ens=35.16%  (best 36.52 @ ep 33)  [4.4s]
  ep  42: R(t)=0.536  acc1=35.48%  acc2=37.57%  ens=36.52%  (best 36.52 @ ep 33)  [4.1s]
  ep  43: R(t)=0.536  acc1=40.32%  acc2=37.93%  ens=39.12%  (best 39.12 @ ep 43)  [4.2s]
  ep  44: R(t)=0.536  acc1=36.81%  acc2=34.89%  ens=35.85%  (best 39.12 @ ep 43)  [6.1s]
  ep  45: R(t)=0.536  acc1=33.99%  acc2=34.63%  ens=34.31%  (best 39.12 @ ep 43)  [8.7s]
  ep  46: R(t)=0.536  acc1=37.50%  acc2=36.92%  ens=37.21%  (best 39.12 @ ep 43)  [4.3s]
  ep  47: R(t)=0.536  acc1=34.92%  acc2=35.89%  ens=35.41%  (best 39.12 @ ep 43)  [4.5s]
  ep  48: R(t)=0.536  acc1=35.22%  acc2=32.04%  ens=33.63%  (best 39.12 @ ep 43)  [4.3s]
  ep  49: R(t)=0.536  acc1=36.26%  acc2=33.94%  ens=35.10%  (best 39.12 @ ep 43)  [4.3s]
  ep  50: R(t)=0.536  acc1=35.72%  acc2=36.88%  ens=36.30%  (best 39.12 @ ep 43)  [6.3s]  [sel1+2: prec=0.625, recall_clean=0.662]
  ep  51: R(t)=0.536  acc1=34.30%  acc2=34.68%  ens=34.49%  (best 39.12 @ ep 43)  [4.5s]
  ep  52: R(t)=0.536  acc1=34.42%  acc2=36.88%  ens=35.65%  (best 39.12 @ ep 43)  [4.5s]
  ep  53: R(t)=0.536  acc1=36.12%  acc2=35.05%  ens=35.59%  (best 39.12 @ ep 43)  [4.4s]
  ep  54: R(t)=0.536  acc1=35.51%  acc2=33.44%  ens=34.48%  (best 39.12 @ ep 43)  [4.2s]
  ep  55: R(t)=0.536  acc1=34.02%  acc2=33.52%  ens=33.77%  (best 39.12 @ ep 43)  [4.4s]
  ep  56: R(t)=0.536  acc1=34.20%  acc2=35.81%  ens=35.00%  (best 39.12 @ ep 43)  [4.3s]
  ep  57: R(t)=0.536  acc1=36.43%  acc2=40.03%  ens=38.23%  (best 39.12 @ ep 43)  [4.3s]
  ep  58: R(t)=0.536  acc1=37.37%  acc2=36.92%  ens=37.14%  (best 39.12 @ ep 43)  [4.4s]
  ep  59: R(t)=0.536  acc1=36.78%  acc2=34.43%  ens=35.60%  (best 39.12 @ ep 43)  [7.4s]
  ep  60: R(t)=0.536  acc1=37.46%  acc2=37.45%  ens=37.45%  (best 39.12 @ ep 43)  [4.1s]
  ep  61: R(t)=0.536  acc1=39.13%  acc2=37.19%  ens=38.16%  (best 39.12 @ ep 43)  [4.2s]
  ep  62: R(t)=0.536  acc1=38.62%  acc2=37.70%  ens=38.16%  (best 39.12 @ ep 43)  [4.4s]
  ep  63: R(t)=0.536  acc1=35.65%  acc2=36.90%  ens=36.27%  (best 39.12 @ ep 43)  [4.3s]
  ep  64: R(t)=0.536  acc1=39.23%  acc2=40.50%  ens=39.87%  (best 39.87 @ ep 64)  [4.4s]
  ep  65: R(t)=0.536  acc1=36.42%  acc2=37.14%  ens=36.78%  (best 39.87 @ ep 64)  [4.3s]
  ep  66: R(t)=0.536  acc1=41.18%  acc2=39.01%  ens=40.10%  (best 40.10 @ ep 66)  [4.3s]
  ep  67: R(t)=0.536  acc1=38.49%  acc2=36.47%  ens=37.48%  (best 40.10 @ ep 66)  [4.3s]
  ep  68: R(t)=0.536  acc1=38.34%  acc2=37.40%  ens=37.87%  (best 40.10 @ ep 66)  [4.3s]
  ep  69: R(t)=0.536  acc1=41.19%  acc2=40.15%  ens=40.67%  (best 40.67 @ ep 69)  [4.4s]
  ep  70: R(t)=0.536  acc1=37.54%  acc2=37.42%  ens=37.48%  (best 40.67 @ ep 69)  [4.3s]
  ep  71: R(t)=0.536  acc1=38.80%  acc2=37.38%  ens=38.09%  (best 40.67 @ ep 69)  [4.4s]
  ep  72: R(t)=0.536  acc1=37.12%  acc2=37.68%  ens=37.40%  (best 40.67 @ ep 69)  [4.1s]
  ep  73: R(t)=0.536  acc1=35.83%  acc2=38.02%  ens=36.92%  (best 40.67 @ ep 69)  [4.3s]
  ep  74: R(t)=0.536  acc1=36.97%  acc2=36.91%  ens=36.94%  (best 40.67 @ ep 69)  [9.9s]
  ep  75: R(t)=0.536  acc1=37.34%  acc2=37.64%  ens=37.49%  (best 40.67 @ ep 69)  [15.6s]  [sel1+2: prec=0.651, recall_clean=0.683]
  ep  76: R(t)=0.536  acc1=39.77%  acc2=39.90%  ens=39.84%  (best 40.67 @ ep 69)  [8.8s]
  ep  77: R(t)=0.536  acc1=38.86%  acc2=40.11%  ens=39.49%  (best 40.67 @ ep 69)  [9.8s]
  ep  78: R(t)=0.536  acc1=37.63%  acc2=37.31%  ens=37.47%  (best 40.67 @ ep 69)  [11.8s]
  ep  79: R(t)=0.536  acc1=37.42%  acc2=37.88%  ens=37.65%  (best 40.67 @ ep 69)  [9.5s]
  ep  80: R(t)=0.536  acc1=38.64%  acc2=38.36%  ens=38.50%  (best 40.67 @ ep 69)  [9.8s]
  ep  81: R(t)=0.536  acc1=37.81%  acc2=37.56%  ens=37.69%  (best 40.67 @ ep 69)  [9.7s]
  ep  82: R(t)=0.536  acc1=38.71%  acc2=38.87%  ens=38.79%  (best 40.67 @ ep 69)  [4.1s]
  ep  83: R(t)=0.536  acc1=37.42%  acc2=36.95%  ens=37.19%  (best 40.67 @ ep 69)  [4.4s]
  ep  84: R(t)=0.536  acc1=37.13%  acc2=37.64%  ens=37.39%  (best 40.67 @ ep 69)  [4.4s]
  ep  85: R(t)=0.536  acc1=37.61%  acc2=37.95%  ens=37.78%  (best 40.67 @ ep 69)  [4.3s]
  ep  86: R(t)=0.536  acc1=38.43%  acc2=37.69%  ens=38.06%  (best 40.67 @ ep 69)  [4.3s]
  ep  87: R(t)=0.536  acc1=38.32%  acc2=38.29%  ens=38.30%  (best 40.67 @ ep 69)  [4.4s]
  ep  88: R(t)=0.536  acc1=39.16%  acc2=38.82%  ens=38.99%  (best 40.67 @ ep 69)  [4.1s]
  ep  89: R(t)=0.536  acc1=39.03%  acc2=39.19%  ens=39.11%  (best 40.67 @ ep 69)  [4.4s]
  ep  90: R(t)=0.536  acc1=38.97%  acc2=38.65%  ens=38.81%  (best 40.67 @ ep 69)  [4.2s]
  ep  91: R(t)=0.536  acc1=38.44%  acc2=38.85%  ens=38.65%  (best 40.67 @ ep 69)  [4.3s]
  ep  92: R(t)=0.536  acc1=39.17%  acc2=39.27%  ens=39.22%  (best 40.67 @ ep 69)  [4.1s]
  ep  93: R(t)=0.536  acc1=39.40%  acc2=38.89%  ens=39.15%  (best 40.67 @ ep 69)  [4.5s]
  ep  94: R(t)=0.536  acc1=39.04%  acc2=39.14%  ens=39.09%  (best 40.67 @ ep 69)  [4.4s]
  ep  95: R(t)=0.536  acc1=38.97%  acc2=39.12%  ens=39.04%  (best 40.67 @ ep 69)  [5.2s]
  ep  96: R(t)=0.536  acc1=38.98%  acc2=38.97%  ens=38.98%  (best 40.67 @ ep 69)  [9.9s]
  ep  97: R(t)=0.536  acc1=38.88%  acc2=38.92%  ens=38.90%  (best 40.67 @ ep 69)  [9.8s]
  ep  98: R(t)=0.536  acc1=39.18%  acc2=39.14%  ens=39.16%  (best 40.67 @ ep 69)  [11.3s]
  ep  99: R(t)=0.536  acc1=38.90%  acc2=38.85%  ens=38.88%  (best 40.67 @ ep 69)  [15.0s]  [sel1+2: prec=0.651, recall_clean=0.672]

saved /path/to/ciln-workspace/journal_edition/robustness_transfer/results_v3/coteaching/ours__contrast_sev3__seed0.json: best ens-acc 40.67% @ ep 69
saved /path/to/ciln-workspace/journal_edition/robustness_transfer/results_v3/coteaching/ours__contrast_sev3__seed0__persample.npz
