/path/to/ciln-workspace/venv/lib/python3.12/site-packages/torchvision/datasets/cifar.py:83: VisibleDeprecationWarning: dtype(): align should be passed as Python or NumPy boolean but got `align=0`. Did you mean to pass a tuple to create a subarray type? (Deprecated NumPy 2.4)
  entry = pickle.load(f, encoding="latin1")
condition=ours__impulse_noise_sev5 seed=0 gpu=2
  ep   0: R(t)=1.000  acc1=17.78%  acc2=22.53%  ens=20.16%  (best 20.16 @ ep 0)  [5.3s]
  ep   1: R(t)=0.846  acc1=25.61%  acc2=24.06%  ens=24.84%  (best 24.84 @ ep 1)  [4.2s]
  ep   2: R(t)=0.783  acc1=25.34%  acc2=28.57%  ens=26.96%  (best 26.96 @ ep 2)  [4.3s]
  ep   3: R(t)=0.734  acc1=29.92%  acc2=29.48%  ens=29.70%  (best 29.70 @ ep 3)  [6.8s]
  ep   4: R(t)=0.693  acc1=25.26%  acc2=26.00%  ens=25.63%  (best 29.70 @ ep 3)  [8.8s]
  ep   5: R(t)=0.656  acc1=28.87%  acc2=29.45%  ens=29.16%  (best 29.70 @ ep 3)  [13.4s]  [sel1+2: prec=0.584, recall_clean=0.785]
  ep   6: R(t)=0.623  acc1=30.73%  acc2=31.87%  ens=31.30%  (best 31.30 @ ep 6)  [10.1s]
  ep   7: R(t)=0.593  acc1=25.92%  acc2=29.31%  ens=27.62%  (best 31.30 @ ep 6)  [9.2s]
  ep   8: R(t)=0.565  acc1=32.43%  acc2=31.55%  ens=31.99%  (best 31.99 @ ep 8)  [4.2s]
  ep   9: R(t)=0.539  acc1=29.99%  acc2=29.22%  ens=29.61%  (best 31.99 @ ep 8)  [4.3s]
  ep  10: R(t)=0.514  acc1=31.94%  acc2=31.46%  ens=31.70%  (best 31.99 @ ep 8)  [6.3s]  [sel1+2: prec=0.647, recall_clean=0.685]
  ep  11: R(t)=0.514  acc1=31.94%  acc2=33.24%  ens=32.59%  (best 32.59 @ ep 11)  [4.3s]
  ep  12: R(t)=0.514  acc1=31.98%  acc2=29.68%  ens=30.83%  (best 32.59 @ ep 11)  [4.4s]
  ep  13: R(t)=0.514  acc1=31.11%  acc2=30.69%  ens=30.90%  (best 32.59 @ ep 11)  [4.3s]
  ep  14: R(t)=0.514  acc1=30.76%  acc2=30.55%  ens=30.65%  (best 32.59 @ ep 11)  [4.5s]
  ep  15: R(t)=0.514  acc1=30.41%  acc2=30.72%  ens=30.56%  (best 32.59 @ ep 11)  [4.5s]
  ep  16: R(t)=0.514  acc1=29.39%  acc2=31.56%  ens=30.47%  (best 32.59 @ ep 11)  [4.5s]
  ep  17: R(t)=0.514  acc1=33.88%  acc2=32.37%  ens=33.12%  (best 33.12 @ ep 17)  [4.5s]
  ep  18: R(t)=0.514  acc1=31.88%  acc2=32.63%  ens=32.26%  (best 33.12 @ ep 17)  [4.4s]
  ep  19: R(t)=0.514  acc1=29.58%  acc2=33.45%  ens=31.52%  (best 33.12 @ ep 17)  [4.2s]
  ep  20: R(t)=0.514  acc1=32.61%  acc2=30.31%  ens=31.46%  (best 33.12 @ ep 17)  [6.8s]  [sel1+2: prec=0.657, recall_clean=0.689]
  ep  21: R(t)=0.514  acc1=32.49%  acc2=32.43%  ens=32.46%  (best 33.12 @ ep 17)  [10.1s]
  ep  22: R(t)=0.514  acc1=32.59%  acc2=31.31%  ens=31.95%  (best 33.12 @ ep 17)  [12.4s]
  ep  23: R(t)=0.514  acc1=32.67%  acc2=32.51%  ens=32.59%  (best 33.12 @ ep 17)  [10.1s]
  ep  24: R(t)=0.514  acc1=32.11%  acc2=31.84%  ens=31.97%  (best 33.12 @ ep 17)  [10.6s]
  ep  25: R(t)=0.514  acc1=32.06%  acc2=32.22%  ens=32.14%  (best 33.12 @ ep 17)  [11.3s]
  ep  26: R(t)=0.514  acc1=31.75%  acc2=31.54%  ens=31.64%  (best 33.12 @ ep 17)  [9.0s]
  ep  27: R(t)=0.514  acc1=35.27%  acc2=34.16%  ens=34.72%  (best 34.72 @ ep 27)  [9.9s]
  ep  28: R(t)=0.514  acc1=33.43%  acc2=31.35%  ens=32.39%  (best 34.72 @ ep 27)  [10.0s]
  ep  29: R(t)=0.514  acc1=33.00%  acc2=32.88%  ens=32.94%  (best 34.72 @ ep 27)  [4.4s]
  ep  30: R(t)=0.514  acc1=32.50%  acc2=33.42%  ens=32.96%  (best 34.72 @ ep 27)  [6.1s]  [sel1+2: prec=0.669, recall_clean=0.698]
  ep  31: R(t)=0.514  acc1=33.01%  acc2=32.88%  ens=32.95%  (best 34.72 @ ep 27)  [4.3s]
  ep  32: R(t)=0.514  acc1=34.22%  acc2=32.91%  ens=33.56%  (best 34.72 @ ep 27)  [4.4s]
  ep  33: R(t)=0.514  acc1=33.45%  acc2=31.49%  ens=32.47%  (best 34.72 @ ep 27)  [4.2s]
  ep  34: R(t)=0.514  acc1=32.91%  acc2=33.13%  ens=33.02%  (best 34.72 @ ep 27)  [4.4s]
  ep  35: R(t)=0.514  acc1=29.25%  acc2=31.86%  ens=30.55%  (best 34.72 @ ep 27)  [4.3s]
  ep  36: R(t)=0.514  acc1=31.84%  acc2=33.21%  ens=32.53%  (best 34.72 @ ep 27)  [4.4s]
  ep  37: R(t)=0.514  acc1=32.84%  acc2=33.04%  ens=32.94%  (best 34.72 @ ep 27)  [4.2s]
  ep  38: R(t)=0.514  acc1=31.19%  acc2=31.17%  ens=31.18%  (best 34.72 @ ep 27)  [4.3s]
  ep  39: R(t)=0.514  acc1=33.67%  acc2=31.60%  ens=32.64%  (best 34.72 @ ep 27)  [4.3s]
  ep  40: R(t)=0.514  acc1=33.91%  acc2=34.64%  ens=34.27%  (best 34.72 @ ep 27)  [4.3s]
  ep  41: R(t)=0.514  acc1=31.91%  acc2=30.59%  ens=31.25%  (best 34.72 @ ep 27)  [4.4s]
  ep  42: R(t)=0.514  acc1=31.01%  acc2=31.29%  ens=31.15%  (best 34.72 @ ep 27)  [7.1s]
  ep  43: R(t)=0.514  acc1=33.50%  acc2=33.13%  ens=33.31%  (best 34.72 @ ep 27)  [4.2s]
  ep  44: R(t)=0.514  acc1=31.36%  acc2=31.85%  ens=31.61%  (best 34.72 @ ep 27)  [4.3s]
  ep  45: R(t)=0.514  acc1=33.18%  acc2=33.89%  ens=33.53%  (best 34.72 @ ep 27)  [4.1s]
  ep  46: R(t)=0.514  acc1=34.28%  acc2=34.31%  ens=34.29%  (best 34.72 @ ep 27)  [4.2s]
  ep  47: R(t)=0.514  acc1=32.82%  acc2=32.55%  ens=32.68%  (best 34.72 @ ep 27)  [4.2s]
  ep  48: R(t)=0.514  acc1=34.16%  acc2=33.40%  ens=33.78%  (best 34.72 @ ep 27)  [4.5s]
  ep  49: R(t)=0.514  acc1=34.76%  acc2=34.20%  ens=34.48%  (best 34.72 @ ep 27)  [4.3s]
  ep  50: R(t)=0.514  acc1=32.25%  acc2=33.35%  ens=32.80%  (best 34.72 @ ep 27)  [6.5s]  [sel1+2: prec=0.683, recall_clean=0.712]
  ep  51: R(t)=0.514  acc1=34.10%  acc2=32.27%  ens=33.18%  (best 34.72 @ ep 27)  [4.5s]
  ep  52: R(t)=0.514  acc1=31.27%  acc2=32.91%  ens=32.09%  (best 34.72 @ ep 27)  [4.4s]
  ep  53: R(t)=0.514  acc1=34.16%  acc2=32.89%  ens=33.53%  (best 34.72 @ ep 27)  [4.2s]
  ep  54: R(t)=0.514  acc1=33.61%  acc2=33.14%  ens=33.38%  (best 34.72 @ ep 27)  [4.5s]
  ep  55: R(t)=0.514  acc1=35.26%  acc2=34.42%  ens=34.84%  (best 34.84 @ ep 55)  [4.3s]
  ep  56: R(t)=0.514  acc1=33.50%  acc2=34.76%  ens=34.13%  (best 34.84 @ ep 55)  [7.1s]
  ep  57: R(t)=0.514  acc1=33.99%  acc2=35.43%  ens=34.71%  (best 34.84 @ ep 55)  [4.4s]
  ep  58: R(t)=0.514  acc1=34.33%  acc2=35.46%  ens=34.89%  (best 34.89 @ ep 58)  [4.3s]
  ep  59: R(t)=0.514  acc1=34.50%  acc2=34.43%  ens=34.47%  (best 34.89 @ ep 58)  [4.5s]
  ep  60: R(t)=0.514  acc1=35.84%  acc2=34.74%  ens=35.29%  (best 35.29 @ ep 60)  [4.3s]
  ep  61: R(t)=0.514  acc1=32.63%  acc2=32.19%  ens=32.41%  (best 35.29 @ ep 60)  [4.2s]
  ep  62: R(t)=0.514  acc1=35.01%  acc2=34.51%  ens=34.76%  (best 35.29 @ ep 60)  [4.4s]
  ep  63: R(t)=0.514  acc1=33.96%  acc2=33.40%  ens=33.68%  (best 35.29 @ ep 60)  [4.3s]
  ep  64: R(t)=0.514  acc1=34.34%  acc2=34.83%  ens=34.59%  (best 35.29 @ ep 60)  [4.2s]
  ep  65: R(t)=0.514  acc1=35.15%  acc2=34.76%  ens=34.96%  (best 35.29 @ ep 60)  [4.2s]
  ep  66: R(t)=0.514  acc1=35.21%  acc2=35.26%  ens=35.24%  (best 35.29 @ ep 60)  [4.3s]
  ep  67: R(t)=0.514  acc1=34.08%  acc2=35.05%  ens=34.56%  (best 35.29 @ ep 60)  [4.3s]
  ep  68: R(t)=0.514  acc1=34.59%  acc2=34.99%  ens=34.79%  (best 35.29 @ ep 60)  [4.1s]
  ep  69: R(t)=0.514  acc1=35.06%  acc2=35.50%  ens=35.28%  (best 35.29 @ ep 60)  [4.4s]
  ep  70: R(t)=0.514  acc1=34.85%  acc2=34.81%  ens=34.83%  (best 35.29 @ ep 60)  [5.0s]
  ep  71: R(t)=0.514  acc1=33.65%  acc2=33.37%  ens=33.51%  (best 35.29 @ ep 60)  [11.1s]
  ep  72: R(t)=0.514  acc1=33.86%  acc2=33.44%  ens=33.65%  (best 35.29 @ ep 60)  [11.7s]
  ep  73: R(t)=0.514  acc1=35.29%  acc2=35.10%  ens=35.20%  (best 35.29 @ ep 60)  [9.5s]
  ep  74: R(t)=0.514  acc1=34.74%  acc2=35.01%  ens=34.88%  (best 35.29 @ ep 60)  [9.5s]
  ep  75: R(t)=0.514  acc1=36.12%  acc2=36.33%  ens=36.23%  (best 36.23 @ ep 75)  [13.0s]  [sel1+2: prec=0.695, recall_clean=0.717]
  ep  76: R(t)=0.514  acc1=34.85%  acc2=34.71%  ens=34.78%  (best 36.23 @ ep 75)  [4.4s]
  ep  77: R(t)=0.514  acc1=36.40%  acc2=35.71%  ens=36.05%  (best 36.23 @ ep 75)  [4.4s]
  ep  78: R(t)=0.514  acc1=34.93%  acc2=35.31%  ens=35.12%  (best 36.23 @ ep 75)  [4.2s]
  ep  79: R(t)=0.514  acc1=34.88%  acc2=35.28%  ens=35.08%  (best 36.23 @ ep 75)  [4.4s]
  ep  80: R(t)=0.514  acc1=36.06%  acc2=35.94%  ens=36.00%  (best 36.23 @ ep 75)  [4.2s]
  ep  81: R(t)=0.514  acc1=34.89%  acc2=35.28%  ens=35.09%  (best 36.23 @ ep 75)  [4.2s]
  ep  82: R(t)=0.514  acc1=35.09%  acc2=35.20%  ens=35.14%  (best 36.23 @ ep 75)  [4.3s]
  ep  83: R(t)=0.514  acc1=34.29%  acc2=34.86%  ens=34.58%  (best 36.23 @ ep 75)  [4.4s]
  ep  84: R(t)=0.514  acc1=34.25%  acc2=34.51%  ens=34.38%  (best 36.23 @ ep 75)  [4.3s]
  ep  85: R(t)=0.514  acc1=34.86%  acc2=35.27%  ens=35.07%  (best 36.23 @ ep 75)  [4.4s]
  ep  86: R(t)=0.514  acc1=34.98%  acc2=35.16%  ens=35.07%  (best 36.23 @ ep 75)  [4.4s]
  ep  87: R(t)=0.514  acc1=35.31%  acc2=35.26%  ens=35.28%  (best 36.23 @ ep 75)  [4.2s]
  ep  88: R(t)=0.514  acc1=35.30%  acc2=35.46%  ens=35.38%  (best 36.23 @ ep 75)  [4.2s]
  ep  89: R(t)=0.514  acc1=35.41%  acc2=35.53%  ens=35.47%  (best 36.23 @ ep 75)  [5.5s]
  ep  90: R(t)=0.514  acc1=35.12%  acc2=35.46%  ens=35.29%  (best 36.23 @ ep 75)  [11.5s]
  ep  91: R(t)=0.514  acc1=35.36%  acc2=35.59%  ens=35.48%  (best 36.23 @ ep 75)  [10.0s]
  ep  92: R(t)=0.514  acc1=35.59%  acc2=35.68%  ens=35.63%  (best 36.23 @ ep 75)  [10.1s]
  ep  93: R(t)=0.514  acc1=35.30%  acc2=35.59%  ens=35.45%  (best 36.23 @ ep 75)  [10.9s]
  ep  94: R(t)=0.514  acc1=35.32%  acc2=35.45%  ens=35.38%  (best 36.23 @ ep 75)  [8.8s]
  ep  95: R(t)=0.514  acc1=35.20%  acc2=35.45%  ens=35.32%  (best 36.23 @ ep 75)  [10.1s]
  ep  96: R(t)=0.514  acc1=35.38%  acc2=35.60%  ens=35.49%  (best 36.23 @ ep 75)  [9.0s]
  ep  97: R(t)=0.514  acc1=35.53%  acc2=35.68%  ens=35.60%  (best 36.23 @ ep 75)  [4.2s]
  ep  98: R(t)=0.514  acc1=35.36%  acc2=35.45%  ens=35.41%  (best 36.23 @ ep 75)  [4.4s]
  ep  99: R(t)=0.514  acc1=35.45%  acc2=35.62%  ens=35.53%  (best 36.23 @ ep 75)  [6.6s]  [sel1+2: prec=0.699, recall_clean=0.714]

saved /path/to/ciln-workspace/journal_edition/robustness_transfer/results_v3/coteaching/ours__impulse_noise_sev5__seed0.json: best ens-acc 36.23% @ ep 75
saved /path/to/ciln-workspace/journal_edition/robustness_transfer/results_v3/coteaching/ours__impulse_noise_sev5__seed0__persample.npz
