/path/to/ciln-workspace/venv/lib/python3.12/site-packages/torchvision/datasets/cifar.py:83: VisibleDeprecationWarning: dtype(): align should be passed as Python or NumPy boolean but got `align=0`. Did you mean to pass a tuple to create a subarray type? (Deprecated NumPy 2.4)
  entry = pickle.load(f, encoding="latin1")
condition=ours__elastic_transform_sev3 seed=2 gpu=1
  ep   0: acc1=21.93%  acc2=25.23%  ens=23.58%  (best 23.58 @ ep 0)  [5.8s]
  ep   1: acc1=33.11%  acc2=37.43%  ens=35.27%  (best 35.27 @ ep 1)  [5.0s]
  ep   2: acc1=48.24%  acc2=42.03%  ens=45.14%  (best 45.14 @ ep 2)  [5.0s]
  ep   3: acc1=43.55%  acc2=47.46%  ens=45.51%  (best 45.51 @ ep 3)  [5.0s]
  ep   4: acc1=50.05%  acc2=54.79%  ens=52.42%  (best 52.42 @ ep 4)  [5.0s]
  ep   5: acc1=55.18%  acc2=45.50%  ens=50.34%  (best 52.42 @ ep 4)  [7.0s]  [w on clean=0.838, on noisy=0.199]
  ep   6: acc1=57.78%  acc2=53.63%  ens=55.71%  (best 55.71 @ ep 6)  [6.8s]
  ep   7: acc1=61.44%  acc2=56.47%  ens=58.95%  (best 58.95 @ ep 7)  [5.1s]
  ep   8: acc1=53.98%  acc2=57.98%  ens=55.98%  (best 58.95 @ ep 7)  [4.9s]
  ep   9: acc1=51.65%  acc2=58.34%  ens=54.99%  (best 58.95 @ ep 7)  [4.9s]
  ep  10: acc1=33.95%  acc2=28.68%  ens=31.32%  (best 58.95 @ ep 7)  [22.2s]  [w on clean=0.516, on noisy=0.131]
  ep  11: acc1=22.47%  acc2=18.29%  ens=20.38%  (best 58.95 @ ep 7)  [14.2s]
  ep  12: acc1=18.08%  acc2=19.25%  ens=18.66%  (best 58.95 @ ep 7)  [17.8s]
  ep  13: acc1=18.48%  acc2=15.71%  ens=17.09%  (best 58.95 @ ep 7)  [17.5s]
  ep  14: acc1=25.16%  acc2=22.95%  ens=24.05%  (best 58.95 @ ep 7)  [17.2s]
  ep  15: acc1=22.62%  acc2=20.24%  ens=21.43%  (best 58.95 @ ep 7)  [17.4s]
  ep  16: acc1=20.42%  acc2=23.92%  ens=22.17%  (best 58.95 @ ep 7)  [20.0s]
  ep  17: acc1=28.72%  acc2=22.43%  ens=25.58%  (best 58.95 @ ep 7)  [17.6s]
  ep  18: acc1=32.92%  acc2=27.94%  ens=30.43%  (best 58.95 @ ep 7)  [17.2s]
  ep  19: acc1=30.29%  acc2=28.09%  ens=29.19%  (best 58.95 @ ep 7)  [17.9s]
  ep  20: acc1=32.51%  acc2=25.73%  ens=29.12%  (best 58.95 @ ep 7)  [19.5s]  [w on clean=0.684, on noisy=0.433]
  ep  21: acc1=28.37%  acc2=27.48%  ens=27.93%  (best 58.95 @ ep 7)  [18.3s]
  ep  22: acc1=31.86%  acc2=31.01%  ens=31.44%  (best 58.95 @ ep 7)  [17.6s]
  ep  23: acc1=29.07%  acc2=30.66%  ens=29.86%  (best 58.95 @ ep 7)  [17.5s]
  ep  24: acc1=24.34%  acc2=24.60%  ens=24.47%  (best 58.95 @ ep 7)  [17.7s]
  ep  25: acc1=31.45%  acc2=30.41%  ens=30.93%  (best 58.95 @ ep 7)  [17.2s]
  ep  26: acc1=27.09%  acc2=27.18%  ens=27.13%  (best 58.95 @ ep 7)  [18.0s]
  ep  27: acc1=31.03%  acc2=28.77%  ens=29.90%  (best 58.95 @ ep 7)  [17.9s]
  ep  28: acc1=29.78%  acc2=29.96%  ens=29.87%  (best 58.95 @ ep 7)  [17.7s]
  ep  29: acc1=30.02%  acc2=31.17%  ens=30.59%  (best 58.95 @ ep 7)  [17.8s]
  ep  30: acc1=35.10%  acc2=35.43%  ens=35.27%  (best 58.95 @ ep 7)  [20.8s]  [w on clean=0.684, on noisy=0.411]
  ep  31: acc1=29.22%  acc2=34.53%  ens=31.87%  (best 58.95 @ ep 7)  [17.7s]
  ep  32: acc1=32.74%  acc2=36.64%  ens=34.69%  (best 58.95 @ ep 7)  [17.3s]
  ep  33: acc1=34.30%  acc2=32.98%  ens=33.64%  (best 58.95 @ ep 7)  [18.2s]
  ep  34: acc1=33.05%  acc2=31.76%  ens=32.41%  (best 58.95 @ ep 7)  [17.3s]
  ep  35: acc1=33.51%  acc2=34.59%  ens=34.05%  (best 58.95 @ ep 7)  [17.6s]
  ep  36: acc1=38.31%  acc2=36.01%  ens=37.16%  (best 58.95 @ ep 7)  [18.0s]
  ep  37: acc1=37.28%  acc2=37.57%  ens=37.42%  (best 58.95 @ ep 7)  [19.9s]
  ep  38: acc1=35.70%  acc2=37.99%  ens=36.84%  (best 58.95 @ ep 7)  [17.8s]
  ep  39: acc1=38.67%  acc2=36.66%  ens=37.66%  (best 58.95 @ ep 7)  [17.4s]
  ep  40: acc1=37.08%  acc2=38.56%  ens=37.82%  (best 58.95 @ ep 7)  [22.5s]
  ep  41: acc1=34.41%  acc2=38.60%  ens=36.50%  (best 58.95 @ ep 7)  [17.9s]
  ep  42: acc1=36.13%  acc2=35.51%  ens=35.82%  (best 58.95 @ ep 7)  [17.3s]
  ep  43: acc1=34.82%  acc2=37.22%  ens=36.02%  (best 58.95 @ ep 7)  [17.7s]
  ep  44: acc1=37.97%  acc2=35.16%  ens=36.57%  (best 58.95 @ ep 7)  [17.8s]
  ep  45: acc1=37.74%  acc2=35.41%  ens=36.58%  (best 58.95 @ ep 7)  [18.0s]
  ep  46: acc1=36.46%  acc2=38.48%  ens=37.47%  (best 58.95 @ ep 7)  [19.4s]
  ep  47: acc1=39.16%  acc2=38.48%  ens=38.82%  (best 58.95 @ ep 7)  [17.5s]
  ep  48: acc1=38.54%  acc2=39.13%  ens=38.83%  (best 58.95 @ ep 7)  [18.7s]
  ep  49: acc1=39.80%  acc2=38.82%  ens=39.31%  (best 58.95 @ ep 7)  [17.7s]
  ep  50: acc1=39.24%  acc2=38.68%  ens=38.96%  (best 58.95 @ ep 7)  [20.1s]  [w on clean=0.685, on noisy=0.434]
  ep  51: acc1=35.99%  acc2=37.44%  ens=36.71%  (best 58.95 @ ep 7)  [17.7s]
  ep  52: acc1=36.35%  acc2=35.80%  ens=36.08%  (best 58.95 @ ep 7)  [17.6s]
  ep  53: acc1=38.72%  acc2=37.18%  ens=37.95%  (best 58.95 @ ep 7)  [19.6s]
  ep  54: acc1=35.12%  acc2=36.77%  ens=35.95%  (best 58.95 @ ep 7)  [17.5s]
  ep  55: acc1=40.09%  acc2=40.41%  ens=40.25%  (best 58.95 @ ep 7)  [17.6s]
  ep  56: acc1=40.75%  acc2=39.77%  ens=40.26%  (best 58.95 @ ep 7)  [17.9s]
  ep  57: acc1=41.13%  acc2=40.01%  ens=40.57%  (best 58.95 @ ep 7)  [17.8s]
  ep  58: acc1=40.29%  acc2=39.97%  ens=40.13%  (best 58.95 @ ep 7)  [17.6s]
  ep  59: acc1=38.34%  acc2=40.88%  ens=39.61%  (best 58.95 @ ep 7)  [17.9s]
  ep  60: acc1=40.44%  acc2=41.68%  ens=41.06%  (best 58.95 @ ep 7)  [22.1s]
  ep  61: acc1=39.77%  acc2=40.38%  ens=40.08%  (best 58.95 @ ep 7)  [18.0s]
  ep  62: acc1=40.37%  acc2=39.70%  ens=40.03%  (best 58.95 @ ep 7)  [18.0s]
  ep  63: acc1=39.88%  acc2=40.57%  ens=40.23%  (best 58.95 @ ep 7)  [18.3s]
  ep  64: acc1=40.65%  acc2=40.89%  ens=40.77%  (best 58.95 @ ep 7)  [18.3s]
  ep  65: acc1=39.28%  acc2=40.84%  ens=40.06%  (best 58.95 @ ep 7)  [18.1s]
  ep  66: acc1=40.60%  acc2=41.37%  ens=40.99%  (best 58.95 @ ep 7)  [17.9s]
  ep  67: acc1=40.44%  acc2=40.85%  ens=40.64%  (best 58.95 @ ep 7)  [17.5s]
  ep  68: acc1=41.28%  acc2=40.87%  ens=41.08%  (best 58.95 @ ep 7)  [17.3s]
  ep  69: acc1=40.05%  acc2=40.45%  ens=40.25%  (best 58.95 @ ep 7)  [17.5s]
  ep  70: acc1=40.78%  acc2=41.82%  ens=41.30%  (best 58.95 @ ep 7)  [17.5s]
  ep  71: acc1=41.34%  acc2=41.24%  ens=41.29%  (best 58.95 @ ep 7)  [17.9s]
  ep  72: acc1=40.83%  acc2=39.66%  ens=40.24%  (best 58.95 @ ep 7)  [17.7s]
  ep  73: acc1=41.16%  acc2=40.41%  ens=40.79%  (best 58.95 @ ep 7)  [18.0s]
  ep  74: acc1=40.22%  acc2=41.26%  ens=40.74%  (best 58.95 @ ep 7)  [18.2s]
  ep  75: acc1=41.40%  acc2=42.15%  ens=41.77%  (best 58.95 @ ep 7)  [21.8s]  [w on clean=0.684, on noisy=0.428]
  ep  76: acc1=41.65%  acc2=42.49%  ens=42.07%  (best 58.95 @ ep 7)  [19.4s]
  ep  77: acc1=40.99%  acc2=41.11%  ens=41.05%  (best 58.95 @ ep 7)  [18.3s]
  ep  78: acc1=41.21%  acc2=41.15%  ens=41.18%  (best 58.95 @ ep 7)  [20.0s]
  ep  79: acc1=41.51%  acc2=42.36%  ens=41.94%  (best 58.95 @ ep 7)  [17.2s]
  ep  80: acc1=41.17%  acc2=41.99%  ens=41.58%  (best 58.95 @ ep 7)  [17.4s]
  ep  81: acc1=41.93%  acc2=41.36%  ens=41.64%  (best 58.95 @ ep 7)  [17.5s]
  ep  82: acc1=41.63%  acc2=41.38%  ens=41.51%  (best 58.95 @ ep 7)  [17.9s]
  ep  83: acc1=41.97%  acc2=42.12%  ens=42.05%  (best 58.95 @ ep 7)  [18.2s]
  ep  84: acc1=41.38%  acc2=41.99%  ens=41.69%  (best 58.95 @ ep 7)  [18.1s]
  ep  85: acc1=41.37%  acc2=42.01%  ens=41.69%  (best 58.95 @ ep 7)  [17.3s]
  ep  86: acc1=41.12%  acc2=41.98%  ens=41.55%  (best 58.95 @ ep 7)  [17.3s]
  ep  87: acc1=41.98%  acc2=42.19%  ens=42.09%  (best 58.95 @ ep 7)  [17.5s]
  ep  88: acc1=42.06%  acc2=42.55%  ens=42.30%  (best 58.95 @ ep 7)  [19.3s]
  ep  89: acc1=42.27%  acc2=41.86%  ens=42.07%  (best 58.95 @ ep 7)  [17.4s]
  ep  90: acc1=42.07%  acc2=41.96%  ens=42.02%  (best 58.95 @ ep 7)  [17.6s]
  ep  91: acc1=42.04%  acc2=42.22%  ens=42.13%  (best 58.95 @ ep 7)  [17.7s]
  ep  92: acc1=42.37%  acc2=41.99%  ens=42.18%  (best 58.95 @ ep 7)  [17.9s]
  ep  93: acc1=42.05%  acc2=41.97%  ens=42.01%  (best 58.95 @ ep 7)  [17.7s]
  ep  94: acc1=42.27%  acc2=41.48%  ens=41.88%  (best 58.95 @ ep 7)  [17.8s]
  ep  95: acc1=41.98%  acc2=41.93%  ens=41.95%  (best 58.95 @ ep 7)  [18.0s]
  ep  96: acc1=42.04%  acc2=41.83%  ens=41.94%  (best 58.95 @ ep 7)  [17.3s]
  ep  97: acc1=42.00%  acc2=42.19%  ens=42.09%  (best 58.95 @ ep 7)  [17.6s]
  ep  98: acc1=41.80%  acc2=41.93%  ens=41.86%  (best 58.95 @ ep 7)  [18.0s]
  ep  99: acc1=42.06%  acc2=41.96%  ens=42.01%  (best 58.95 @ ep 7)  [19.4s]  [w on clean=0.684, on noisy=0.427]

saved /path/to/ciln-workspace/journal_edition/robustness_transfer/results_v3/dividemix/ours__elastic_transform_sev3__seed2.json: best ens-acc 58.95% @ ep 7
saved /path/to/ciln-workspace/journal_edition/robustness_transfer/results_v3/dividemix/ours__elastic_transform_sev3__seed2__persample.npz
