/path/to/ciln-workspace/venv/lib/python3.12/site-packages/torchvision/datasets/cifar.py:83: VisibleDeprecationWarning: dtype(): align should be passed as Python or NumPy boolean but got `align=0`. Did you mean to pass a tuple to create a subarray type? (Deprecated NumPy 2.4)
  entry = pickle.load(f, encoding="latin1")
condition=ours__contrast_sev3 seed=1 gpu=2
  ep   0: acc1=21.85%  acc2=20.43%  ens=21.14%  (best 21.14 @ ep 0)  [16.0s]
  ep   1: acc1=30.51%  acc2=25.98%  ens=28.24%  (best 28.24 @ ep 1)  [4.8s]
  ep   2: acc1=36.09%  acc2=32.44%  ens=34.27%  (best 34.27 @ ep 2)  [5.1s]
  ep   3: acc1=27.95%  acc2=32.15%  ens=30.05%  (best 34.27 @ ep 2)  [5.0s]
  ep   4: acc1=34.09%  acc2=30.70%  ens=32.39%  (best 34.27 @ ep 2)  [5.2s]
  ep   5: acc1=34.51%  acc2=43.57%  ens=39.04%  (best 39.04 @ ep 5)  [7.1s]  [w on clean=0.728, on noisy=0.551]
  ep   6: acc1=36.45%  acc2=30.18%  ens=33.31%  (best 39.04 @ ep 5)  [5.0s]
  ep   7: acc1=32.35%  acc2=41.12%  ens=36.73%  (best 39.04 @ ep 5)  [5.0s]
  ep   8: acc1=37.38%  acc2=34.23%  ens=35.80%  (best 39.04 @ ep 5)  [5.0s]
  ep   9: acc1=36.66%  acc2=44.25%  ens=40.45%  (best 40.45 @ ep 9)  [4.9s]
  ep  10: acc1=37.35%  acc2=31.79%  ens=34.57%  (best 40.45 @ ep 9)  [69.3s]  [w on clean=0.731, on noisy=0.513]
  ep  11: acc1=27.48%  acc2=28.25%  ens=27.86%  (best 40.45 @ ep 9)  [18.1s]
  ep  12: acc1=28.00%  acc2=25.10%  ens=26.55%  (best 40.45 @ ep 9)  [19.1s]
  ep  13: acc1=21.78%  acc2=21.54%  ens=21.66%  (best 40.45 @ ep 9)  [16.5s]
  ep  14: acc1=21.93%  acc2=20.45%  ens=21.19%  (best 40.45 @ ep 9)  [39.8s]
  ep  15: acc1=21.89%  acc2=21.91%  ens=21.90%  (best 40.45 @ ep 9)  [17.1s]
  ep  16: acc1=22.80%  acc2=21.22%  ens=22.01%  (best 40.45 @ ep 9)  [17.8s]
  ep  17: acc1=21.34%  acc2=20.24%  ens=20.79%  (best 40.45 @ ep 9)  [17.8s]
  ep  18: acc1=19.69%  acc2=17.49%  ens=18.59%  (best 40.45 @ ep 9)  [21.3s]
  ep  19: acc1=19.24%  acc2=21.32%  ens=20.28%  (best 40.45 @ ep 9)  [17.9s]
  ep  20: acc1=21.01%  acc2=20.54%  ens=20.77%  (best 40.45 @ ep 9)  [20.8s]  [w on clean=0.778, on noisy=0.851]
  ep  21: acc1=18.72%  acc2=18.93%  ens=18.82%  (best 40.45 @ ep 9)  [63.5s]
  ep  22: acc1=18.48%  acc2=16.82%  ens=17.65%  (best 40.45 @ ep 9)  [19.7s]
  ep  23: acc1=17.08%  acc2=14.88%  ens=15.98%  (best 40.45 @ ep 9)  [18.4s]
  ep  24: acc1=17.71%  acc2=19.07%  ens=18.39%  (best 40.45 @ ep 9)  [18.3s]
  ep  25: acc1=21.34%  acc2=21.07%  ens=21.21%  (best 40.45 @ ep 9)  [63.3s]
  ep  26: acc1=19.94%  acc2=21.02%  ens=20.48%  (best 40.45 @ ep 9)  [17.8s]
  ep  27: acc1=17.59%  acc2=18.44%  ens=18.02%  (best 40.45 @ ep 9)  [17.7s]
  ep  28: acc1=18.44%  acc2=18.38%  ens=18.41%  (best 40.45 @ ep 9)  [18.3s]
  ep  29: acc1=17.76%  acc2=18.19%  ens=17.98%  (best 40.45 @ ep 9)  [21.1s]
  ep  30: acc1=18.66%  acc2=18.33%  ens=18.50%  (best 40.45 @ ep 9)  [23.1s]  [w on clean=0.780, on noisy=0.863]
  ep  31: acc1=19.32%  acc2=18.18%  ens=18.75%  (best 40.45 @ ep 9)  [21.1s]
  ep  32: acc1=18.14%  acc2=20.11%  ens=19.12%  (best 40.45 @ ep 9)  [50.3s]
  ep  33: acc1=19.19%  acc2=18.59%  ens=18.89%  (best 40.45 @ ep 9)  [21.9s]
  ep  34: acc1=19.70%  acc2=21.00%  ens=20.35%  (best 40.45 @ ep 9)  [21.1s]
  ep  35: acc1=20.14%  acc2=23.14%  ens=21.64%  (best 40.45 @ ep 9)  [31.3s]
  ep  36: acc1=20.94%  acc2=21.56%  ens=21.25%  (best 40.45 @ ep 9)  [22.4s]
  ep  37: acc1=21.20%  acc2=18.44%  ens=19.82%  (best 40.45 @ ep 9)  [20.9s]
  ep  38: acc1=19.55%  acc2=19.66%  ens=19.61%  (best 40.45 @ ep 9)  [36.2s]
  ep  39: acc1=19.23%  acc2=20.11%  ens=19.67%  (best 40.45 @ ep 9)  [20.9s]
  ep  40: acc1=20.06%  acc2=19.64%  ens=19.85%  (best 40.45 @ ep 9)  [21.3s]
  ep  41: acc1=20.01%  acc2=20.11%  ens=20.06%  (best 40.45 @ ep 9)  [52.0s]
  ep  42: acc1=21.46%  acc2=20.56%  ens=21.01%  (best 40.45 @ ep 9)  [21.1s]
  ep  43: acc1=22.01%  acc2=19.69%  ens=20.85%  (best 40.45 @ ep 9)  [20.8s]
  ep  44: acc1=19.54%  acc2=18.58%  ens=19.06%  (best 40.45 @ ep 9)  [30.1s]
  ep  45: acc1=19.22%  acc2=20.85%  ens=20.04%  (best 40.45 @ ep 9)  [21.5s]
  ep  46: acc1=20.33%  acc2=19.51%  ens=19.92%  (best 40.45 @ ep 9)  [20.9s]
  ep  47: acc1=20.40%  acc2=22.77%  ens=21.58%  (best 40.45 @ ep 9)  [23.7s]
  ep  48: acc1=23.34%  acc2=21.49%  ens=22.42%  (best 40.45 @ ep 9)  [20.5s]
  ep  49: acc1=21.01%  acc2=21.21%  ens=21.11%  (best 40.45 @ ep 9)  [21.2s]
  ep  50: acc1=23.24%  acc2=23.14%  ens=23.19%  (best 40.45 @ ep 9)  [31.3s]  [w on clean=0.781, on noisy=0.867]
  ep  51: acc1=21.45%  acc2=21.96%  ens=21.70%  (best 40.45 @ ep 9)  [21.9s]
  ep  52: acc1=22.61%  acc2=22.05%  ens=22.33%  (best 40.45 @ ep 9)  [21.7s]
  ep  53: acc1=21.93%  acc2=21.99%  ens=21.96%  (best 40.45 @ ep 9)  [45.2s]
  ep  54: acc1=22.15%  acc2=19.82%  ens=20.98%  (best 40.45 @ ep 9)  [23.8s]
  ep  55: acc1=22.69%  acc2=20.27%  ens=21.48%  (best 40.45 @ ep 9)  [20.9s]
  ep  56: acc1=22.08%  acc2=22.07%  ens=22.07%  (best 40.45 @ ep 9)  [32.7s]
  ep  57: acc1=22.25%  acc2=20.65%  ens=21.45%  (best 40.45 @ ep 9)  [21.1s]
  ep  58: acc1=22.17%  acc2=22.31%  ens=22.24%  (best 40.45 @ ep 9)  [21.4s]
  ep  59: acc1=23.77%  acc2=24.88%  ens=24.32%  (best 40.45 @ ep 9)  [89.1s]
  ep  60: acc1=23.95%  acc2=23.06%  ens=23.50%  (best 40.45 @ ep 9)  [23.9s]
  ep  61: acc1=24.38%  acc2=25.60%  ens=24.99%  (best 40.45 @ ep 9)  [20.9s]
  ep  62: acc1=25.57%  acc2=25.30%  ens=25.43%  (best 40.45 @ ep 9)  [61.1s]
  ep  63: acc1=26.48%  acc2=26.64%  ens=26.56%  (best 40.45 @ ep 9)  [21.4s]
  ep  64: acc1=25.22%  acc2=27.45%  ens=26.33%  (best 40.45 @ ep 9)  [21.4s]
  ep  65: acc1=27.69%  acc2=27.62%  ens=27.65%  (best 40.45 @ ep 9)  [52.7s]
  ep  66: acc1=26.38%  acc2=26.86%  ens=26.62%  (best 40.45 @ ep 9)  [23.6s]
  ep  67: acc1=29.06%  acc2=27.48%  ens=28.27%  (best 40.45 @ ep 9)  [21.6s]
  ep  68: acc1=28.90%  acc2=27.51%  ens=28.21%  (best 40.45 @ ep 9)  [30.0s]
  ep  69: acc1=28.76%  acc2=29.14%  ens=28.95%  (best 40.45 @ ep 9)  [21.1s]
  ep  70: acc1=30.32%  acc2=30.24%  ens=30.28%  (best 40.45 @ ep 9)  [20.9s]
  ep  71: acc1=30.18%  acc2=30.47%  ens=30.33%  (best 40.45 @ ep 9)  [36.0s]
  ep  72: acc1=29.73%  acc2=30.61%  ens=30.17%  (best 40.45 @ ep 9)  [20.9s]
  ep  73: acc1=29.65%  acc2=30.49%  ens=30.07%  (best 40.45 @ ep 9)  [21.8s]
  ep  74: acc1=31.05%  acc2=30.42%  ens=30.73%  (best 40.45 @ ep 9)  [26.0s]
  ep  75: acc1=31.54%  acc2=30.09%  ens=30.82%  (best 40.45 @ ep 9)  [22.7s]  [w on clean=0.781, on noisy=0.868]
  ep  76: acc1=31.44%  acc2=30.30%  ens=30.87%  (best 40.45 @ ep 9)  [20.6s]
  ep  77: acc1=30.80%  acc2=29.53%  ens=30.16%  (best 40.45 @ ep 9)  [45.3s]
  ep  78: acc1=29.91%  acc2=30.05%  ens=29.98%  (best 40.45 @ ep 9)  [21.4s]
  ep  79: acc1=30.51%  acc2=30.97%  ens=30.74%  (best 40.45 @ ep 9)  [21.0s]
  ep  80: acc1=30.24%  acc2=31.20%  ens=30.72%  (best 40.45 @ ep 9)  [62.7s]
  ep  81: acc1=30.88%  acc2=30.40%  ens=30.64%  (best 40.45 @ ep 9)  [21.9s]
  ep  82: acc1=30.54%  acc2=30.59%  ens=30.56%  (best 40.45 @ ep 9)  [20.9s]
  ep  83: acc1=30.83%  acc2=30.82%  ens=30.83%  (best 40.45 @ ep 9)  [26.1s]
  ep  84: acc1=31.43%  acc2=31.29%  ens=31.36%  (best 40.45 @ ep 9)  [20.5s]
  ep  85: acc1=30.40%  acc2=29.99%  ens=30.20%  (best 40.45 @ ep 9)  [21.8s]
  ep  86: acc1=31.03%  acc2=30.20%  ens=30.62%  (best 40.45 @ ep 9)  [26.0s]
  ep  87: acc1=31.46%  acc2=30.58%  ens=31.02%  (best 40.45 @ ep 9)  [21.8s]
  ep  88: acc1=30.83%  acc2=30.63%  ens=30.73%  (best 40.45 @ ep 9)  [21.2s]
  ep  89: acc1=31.06%  acc2=30.27%  ens=30.66%  (best 40.45 @ ep 9)  [50.8s]
  ep  90: acc1=31.33%  acc2=30.58%  ens=30.95%  (best 40.45 @ ep 9)  [54.2s]
  ep  91: acc1=31.24%  acc2=30.29%  ens=30.76%  (best 40.45 @ ep 9)  [21.6s]
  ep  92: acc1=30.54%  acc2=31.03%  ens=30.79%  (best 40.45 @ ep 9)  [21.0s]
  ep  93: acc1=31.22%  acc2=30.66%  ens=30.94%  (best 40.45 @ ep 9)  [62.2s]
  ep  94: acc1=31.09%  acc2=30.85%  ens=30.97%  (best 40.45 @ ep 9)  [22.0s]
  ep  95: acc1=31.35%  acc2=30.80%  ens=31.07%  (best 40.45 @ ep 9)  [20.9s]
  ep  96: acc1=31.04%  acc2=30.51%  ens=30.77%  (best 40.45 @ ep 9)  [41.9s]
  ep  97: acc1=30.98%  acc2=30.55%  ens=30.76%  (best 40.45 @ ep 9)  [22.1s]
  ep  98: acc1=31.06%  acc2=30.59%  ens=30.83%  (best 40.45 @ ep 9)  [21.0s]
  ep  99: acc1=31.35%  acc2=30.75%  ens=31.05%  (best 40.45 @ ep 9)  [28.7s]  [w on clean=0.781, on noisy=0.868]

saved /path/to/ciln-workspace/journal_edition/robustness_transfer/results_v3/dividemix/ours__contrast_sev3__seed1.json: best ens-acc 40.45% @ ep 9
saved /path/to/ciln-workspace/journal_edition/robustness_transfer/results_v3/dividemix/ours__contrast_sev3__seed1__persample.npz
