/path/to/ciln-workspace/venv/lib/python3.12/site-packages/torchvision/datasets/cifar.py:83: VisibleDeprecationWarning: dtype(): align should be passed as Python or NumPy boolean but got `align=0`. Did you mean to pass a tuple to create a subarray type? (Deprecated NumPy 2.4)
  entry = pickle.load(f, encoding="latin1")
condition=gu_low seed=1 gpu=1
  ep   0: acc1=36.07%  acc2=32.99%  ens=34.53%  (best 34.53 @ ep 0)  [22.6s]
  ep   1: acc1=48.14%  acc2=50.28%  ens=49.21%  (best 49.21 @ ep 1)  [21.5s]
  ep   2: acc1=51.37%  acc2=57.45%  ens=54.41%  (best 54.41 @ ep 2)  [6.9s]
  ep   3: acc1=51.93%  acc2=51.99%  ens=51.96%  (best 54.41 @ ep 2)  [7.2s]
  ep   4: acc1=59.50%  acc2=65.42%  ens=62.46%  (best 62.46 @ ep 4)  [7.0s]
  ep   5: acc1=59.98%  acc2=64.68%  ens=62.33%  (best 62.46 @ ep 4)  [10.5s]  [w on clean=0.806, on noisy=0.531]
  ep   6: acc1=68.72%  acc2=67.12%  ens=67.92%  (best 67.92 @ ep 6)  [7.2s]
  ep   7: acc1=65.29%  acc2=69.12%  ens=67.20%  (best 67.92 @ ep 6)  [7.0s]
  ep   8: acc1=70.38%  acc2=70.26%  ens=70.32%  (best 70.32 @ ep 8)  [6.9s]
  ep   9: acc1=71.85%  acc2=62.59%  ens=67.22%  (best 70.32 @ ep 8)  [9.2s]
  ep  10: acc1=35.44%  acc2=25.55%  ens=30.50%  (best 70.32 @ ep 8)  [42.3s]  [w on clean=0.656, on noisy=0.483]
  ep  11: acc1=26.52%  acc2=26.63%  ens=26.57%  (best 70.32 @ ep 8)  [24.8s]
  ep  12: acc1=27.57%  acc2=28.86%  ens=28.21%  (best 70.32 @ ep 8)  [32.9s]
  ep  13: acc1=28.20%  acc2=29.66%  ens=28.93%  (best 70.32 @ ep 8)  [24.9s]
  ep  14: acc1=30.63%  acc2=25.70%  ens=28.17%  (best 70.32 @ ep 8)  [68.3s]
  ep  15: acc1=32.43%  acc2=33.53%  ens=32.98%  (best 70.32 @ ep 8)  [27.6s]
  ep  16: acc1=36.37%  acc2=38.54%  ens=37.46%  (best 70.32 @ ep 8)  [30.0s]
  ep  17: acc1=38.91%  acc2=33.01%  ens=35.96%  (best 70.32 @ ep 8)  [30.1s]
  ep  18: acc1=32.44%  acc2=38.37%  ens=35.41%  (best 70.32 @ ep 8)  [41.3s]
  ep  19: acc1=37.42%  acc2=38.76%  ens=38.09%  (best 70.32 @ ep 8)  [88.3s]
  ep  20: acc1=38.70%  acc2=38.12%  ens=38.41%  (best 70.32 @ ep 8)  [32.0s]  [w on clean=0.615, on noisy=0.472]
  ep  21: acc1=38.79%  acc2=38.65%  ens=38.72%  (best 70.32 @ ep 8)  [29.2s]
  ep  22: acc1=37.51%  acc2=38.16%  ens=37.83%  (best 70.32 @ ep 8)  [30.3s]
  ep  23: acc1=36.88%  acc2=37.30%  ens=37.09%  (best 70.32 @ ep 8)  [59.1s]
  ep  24: acc1=37.83%  acc2=35.66%  ens=36.74%  (best 70.32 @ ep 8)  [28.4s]
  ep  25: acc1=36.77%  acc2=36.42%  ens=36.59%  (best 70.32 @ ep 8)  [37.1s]
  ep  26: acc1=41.12%  acc2=39.67%  ens=40.40%  (best 70.32 @ ep 8)  [29.2s]
  ep  27: acc1=40.24%  acc2=42.25%  ens=41.24%  (best 70.32 @ ep 8)  [32.2s]
  ep  28: acc1=44.41%  acc2=39.74%  ens=42.07%  (best 70.32 @ ep 8)  [27.9s]
  ep  29: acc1=39.69%  acc2=39.98%  ens=39.84%  (best 70.32 @ ep 8)  [50.8s]
  ep  30: acc1=41.70%  acc2=41.50%  ens=41.60%  (best 70.32 @ ep 8)  [120.6s]  [w on clean=0.616, on noisy=0.477]
  ep  31: acc1=37.48%  acc2=40.60%  ens=39.04%  (best 70.32 @ ep 8)  [28.1s]
  ep  32: acc1=40.83%  acc2=40.62%  ens=40.73%  (best 70.32 @ ep 8)  [67.5s]
  ep  33: acc1=43.07%  acc2=42.20%  ens=42.63%  (best 70.32 @ ep 8)  [29.6s]
  ep  34: acc1=43.74%  acc2=43.44%  ens=43.59%  (best 70.32 @ ep 8)  [66.5s]
  ep  35: acc1=41.00%  acc2=41.95%  ens=41.47%  (best 70.32 @ ep 8)  [30.4s]
  ep  36: acc1=42.02%  acc2=41.90%  ens=41.96%  (best 70.32 @ ep 8)  [30.3s]
  ep  37: acc1=41.59%  acc2=42.76%  ens=42.17%  (best 70.32 @ ep 8)  [30.6s]
  ep  38: acc1=42.08%  acc2=42.27%  ens=42.18%  (best 70.32 @ ep 8)  [36.1s]
  ep  39: acc1=42.25%  acc2=42.27%  ens=42.26%  (best 70.32 @ ep 8)  [73.5s]
  ep  40: acc1=43.68%  acc2=40.43%  ens=42.05%  (best 70.32 @ ep 8)  [29.3s]
  ep  41: acc1=40.90%  acc2=42.62%  ens=41.76%  (best 70.32 @ ep 8)  [34.4s]
  ep  42: acc1=42.42%  acc2=42.87%  ens=42.64%  (best 70.32 @ ep 8)  [29.2s]
  ep  43: acc1=42.11%  acc2=41.58%  ens=41.84%  (best 70.32 @ ep 8)  [43.4s]
  ep  44: acc1=43.97%  acc2=41.89%  ens=42.93%  (best 70.32 @ ep 8)  [28.2s]
  ep  45: acc1=41.72%  acc2=38.39%  ens=40.05%  (best 70.32 @ ep 8)  [92.0s]
  ep  46: acc1=38.11%  acc2=41.00%  ens=39.55%  (best 70.32 @ ep 8)  [29.0s]
  ep  47: acc1=38.27%  acc2=41.68%  ens=39.98%  (best 70.32 @ ep 8)  [29.7s]
  ep  48: acc1=43.17%  acc2=41.96%  ens=42.56%  (best 70.32 @ ep 8)  [31.2s]
  ep  49: acc1=42.15%  acc2=42.37%  ens=42.26%  (best 70.32 @ ep 8)  [29.4s]
  ep  50: acc1=41.57%  acc2=42.08%  ens=41.83%  (best 70.32 @ ep 8)  [51.5s]  [w on clean=0.617, on noisy=0.481]
  ep  51: acc1=43.62%  acc2=41.84%  ens=42.73%  (best 70.32 @ ep 8)  [29.0s]
  ep  52: acc1=41.31%  acc2=40.21%  ens=40.76%  (best 70.32 @ ep 8)  [30.1s]
  ep  53: acc1=40.47%  acc2=41.06%  ens=40.77%  (best 70.32 @ ep 8)  [28.9s]
  ep  54: acc1=40.45%  acc2=40.53%  ens=40.49%  (best 70.32 @ ep 8)  [35.3s]
  ep  55: acc1=40.81%  acc2=40.55%  ens=40.68%  (best 70.32 @ ep 8)  [29.0s]
  ep  56: acc1=39.85%  acc2=38.82%  ens=39.34%  (best 70.32 @ ep 8)  [86.3s]
  ep  57: acc1=39.05%  acc2=39.64%  ens=39.34%  (best 70.32 @ ep 8)  [73.8s]
  ep  58: acc1=40.83%  acc2=40.44%  ens=40.63%  (best 70.32 @ ep 8)  [31.3s]
  ep  59: acc1=40.03%  acc2=38.78%  ens=39.41%  (best 70.32 @ ep 8)  [93.6s]
  ep  60: acc1=39.19%  acc2=39.16%  ens=39.18%  (best 70.32 @ ep 8)  [30.1s]
  ep  61: acc1=37.68%  acc2=38.04%  ens=37.86%  (best 70.32 @ ep 8)  [106.1s]
  ep  62: acc1=39.39%  acc2=40.87%  ens=40.13%  (best 70.32 @ ep 8)  [29.2s]
  ep  63: acc1=36.92%  acc2=36.29%  ens=36.60%  (best 70.32 @ ep 8)  [29.1s]
  ep  64: acc1=38.72%  acc2=38.13%  ens=38.42%  (best 70.32 @ ep 8)  [45.5s]
  ep  65: acc1=38.58%  acc2=38.73%  ens=38.65%  (best 70.32 @ ep 8)  [28.8s]
  ep  66: acc1=38.60%  acc2=39.31%  ens=38.95%  (best 70.32 @ ep 8)  [32.9s]
  ep  67: acc1=37.09%  acc2=37.58%  ens=37.34%  (best 70.32 @ ep 8)  [29.6s]
  ep  68: acc1=37.18%  acc2=37.78%  ens=37.48%  (best 70.32 @ ep 8)  [151.7s]
  ep  69: acc1=37.63%  acc2=37.88%  ens=37.76%  (best 70.32 @ ep 8)  [30.0s]
  ep  70: acc1=38.84%  acc2=40.23%  ens=39.53%  (best 70.32 @ ep 8)  [37.7s]
  ep  71: acc1=39.75%  acc2=39.70%  ens=39.73%  (best 70.32 @ ep 8)  [37.6s]
  ep  72: acc1=39.46%  acc2=39.56%  ens=39.51%  (best 70.32 @ ep 8)  [30.8s]
  ep  73: acc1=40.27%  acc2=41.00%  ens=40.63%  (best 70.32 @ ep 8)  [38.9s]
  ep  74: acc1=41.69%  acc2=40.37%  ens=41.03%  (best 70.32 @ ep 8)  [28.6s]
  ep  75: acc1=40.41%  acc2=40.53%  ens=40.47%  (best 70.32 @ ep 8)  [73.4s]  [w on clean=0.617, on noisy=0.480]
  ep  76: acc1=40.50%  acc2=41.75%  ens=41.12%  (best 70.32 @ ep 8)  [28.5s]
  ep  77: acc1=40.16%  acc2=40.21%  ens=40.19%  (best 70.32 @ ep 8)  [131.0s]
  ep  78: acc1=40.32%  acc2=40.20%  ens=40.26%  (best 70.32 @ ep 8)  [29.9s]
  ep  79: acc1=40.15%  acc2=41.59%  ens=40.87%  (best 70.32 @ ep 8)  [49.1s]
  ep  80: acc1=40.14%  acc2=40.99%  ens=40.56%  (best 70.32 @ ep 8)  [28.0s]
  ep  81: acc1=39.69%  acc2=39.36%  ens=39.52%  (best 70.32 @ ep 8)  [30.1s]
  ep  82: acc1=40.63%  acc2=39.93%  ens=40.28%  (best 70.32 @ ep 8)  [42.6s]
  ep  83: acc1=39.72%  acc2=40.17%  ens=39.95%  (best 70.32 @ ep 8)  [28.8s]
  ep  84: acc1=39.97%  acc2=40.91%  ens=40.44%  (best 70.32 @ ep 8)  [31.9s]
  ep  85: acc1=40.28%  acc2=40.59%  ens=40.44%  (best 70.32 @ ep 8)  [28.6s]
  ep  86: acc1=40.42%  acc2=40.20%  ens=40.31%  (best 70.32 @ ep 8)  [86.4s]
  ep  87: acc1=40.24%  acc2=40.16%  ens=40.20%  (best 70.32 @ ep 8)  [29.3s]
  ep  88: acc1=40.51%  acc2=39.95%  ens=40.23%  (best 70.32 @ ep 8)  [76.6s]
  ep  89: acc1=40.67%  acc2=40.41%  ens=40.54%  (best 70.32 @ ep 8)  [34.6s]
  ep  90: acc1=40.65%  acc2=40.81%  ens=40.73%  (best 70.32 @ ep 8)  [32.5s]
  ep  91: acc1=40.52%  acc2=41.37%  ens=40.95%  (best 70.32 @ ep 8)  [99.7s]
  ep  92: acc1=40.74%  acc2=40.96%  ens=40.85%  (best 70.32 @ ep 8)  [28.8s]
  ep  93: acc1=40.71%  acc2=40.71%  ens=40.71%  (best 70.32 @ ep 8)  [82.7s]
  ep  94: acc1=40.67%  acc2=40.52%  ens=40.60%  (best 70.32 @ ep 8)  [29.1s]
  ep  95: acc1=40.86%  acc2=40.79%  ens=40.83%  (best 70.32 @ ep 8)  [59.2s]
  ep  96: acc1=40.78%  acc2=41.10%  ens=40.94%  (best 70.32 @ ep 8)  [29.5s]
  ep  97: acc1=41.01%  acc2=41.09%  ens=41.05%  (best 70.32 @ ep 8)  [28.2s]
  ep  98: acc1=40.98%  acc2=40.87%  ens=40.92%  (best 70.32 @ ep 8)  [29.1s]
  ep  99: acc1=40.88%  acc2=41.29%  ens=41.09%  (best 70.32 @ ep 8)  [43.4s]  [w on clean=0.617, on noisy=0.481]

saved /path/to/ciln-workspace/journal_edition/robustness_transfer/results_v3/dividemix/gu_low__seed1.json: best ens-acc 70.32% @ ep 8
saved /path/to/ciln-workspace/journal_edition/robustness_transfer/results_v3/dividemix/gu_low__seed1__persample.npz
