/path/to/ciln-workspace/venv/lib/python3.12/site-packages/torchvision/datasets/cifar.py:83: VisibleDeprecationWarning: dtype(): align should be passed as Python or NumPy boolean but got `align=0`. Did you mean to pass a tuple to create a subarray type? (Deprecated NumPy 2.4)
  entry = pickle.load(f, encoding="latin1")
condition=ours__impulse_noise_sev3 seed=2 gpu=2
  ep   0: acc1=20.04%  acc2=26.26%  ens=23.15%  (best 23.15 @ ep 0)  [5.7s]
  ep   1: acc1=26.26%  acc2=36.74%  ens=31.50%  (best 31.50 @ ep 1)  [4.8s]
  ep   2: acc1=37.25%  acc2=41.32%  ens=39.29%  (best 39.29 @ ep 2)  [6.9s]
  ep   3: acc1=37.59%  acc2=42.31%  ens=39.95%  (best 39.95 @ ep 3)  [17.1s]
  ep   4: acc1=30.85%  acc2=45.62%  ens=38.23%  (best 39.95 @ ep 3)  [16.1s]
  ep   5: acc1=48.50%  acc2=45.78%  ens=47.14%  (best 47.14 @ ep 5)  [16.1s]  [w on clean=0.833, on noisy=0.354]
  ep   6: acc1=47.21%  acc2=47.85%  ens=47.53%  (best 47.53 @ ep 6)  [4.8s]
  ep   7: acc1=48.14%  acc2=51.05%  ens=49.59%  (best 49.59 @ ep 7)  [5.1s]
  ep   8: acc1=52.02%  acc2=50.45%  ens=51.23%  (best 51.23 @ ep 8)  [5.0s]
  ep   9: acc1=53.11%  acc2=54.24%  ens=53.68%  (best 53.68 @ ep 9)  [4.7s]
  ep  10: acc1=33.19%  acc2=27.42%  ens=30.30%  (best 53.68 @ ep 9)  [23.4s]  [w on clean=0.618, on noisy=0.295]
  ep  11: acc1=24.53%  acc2=25.38%  ens=24.95%  (best 53.68 @ ep 9)  [28.9s]
  ep  12: acc1=24.12%  acc2=18.88%  ens=21.50%  (best 53.68 @ ep 9)  [18.6s]
  ep  13: acc1=15.51%  acc2=19.10%  ens=17.30%  (best 53.68 @ ep 9)  [17.3s]
  ep  14: acc1=18.90%  acc2=24.51%  ens=21.71%  (best 53.68 @ ep 9)  [17.9s]
  ep  15: acc1=24.06%  acc2=22.79%  ens=23.43%  (best 53.68 @ ep 9)  [50.7s]
  ep  16: acc1=25.94%  acc2=33.62%  ens=29.78%  (best 53.68 @ ep 9)  [20.8s]
  ep  17: acc1=34.26%  acc2=30.64%  ens=32.45%  (best 53.68 @ ep 9)  [19.2s]
  ep  18: acc1=30.85%  acc2=36.63%  ens=33.74%  (best 53.68 @ ep 9)  [36.2s]
  ep  19: acc1=34.06%  acc2=32.84%  ens=33.45%  (best 53.68 @ ep 9)  [173.4s]
  ep  20: acc1=32.79%  acc2=30.79%  ens=31.79%  (best 53.68 @ ep 9)  [23.0s]  [w on clean=0.793, on noisy=0.620]
  ep  21: acc1=33.70%  acc2=34.72%  ens=34.21%  (best 53.68 @ ep 9)  [20.3s]
  ep  22: acc1=35.16%  acc2=34.51%  ens=34.84%  (best 53.68 @ ep 9)  [23.2s]
  ep  23: acc1=30.45%  acc2=31.07%  ens=30.76%  (best 53.68 @ ep 9)  [121.1s]
  ep  24: acc1=32.61%  acc2=34.46%  ens=33.54%  (best 53.68 @ ep 9)  [20.0s]
  ep  25: acc1=32.77%  acc2=36.08%  ens=34.42%  (best 53.68 @ ep 9)  [19.8s]
  ep  26: acc1=34.21%  acc2=31.37%  ens=32.79%  (best 53.68 @ ep 9)  [27.6s]
  ep  27: acc1=33.02%  acc2=33.77%  ens=33.39%  (best 53.68 @ ep 9)  [20.4s]
  ep  28: acc1=39.88%  acc2=38.03%  ens=38.95%  (best 53.68 @ ep 9)  [20.7s]
  ep  29: acc1=37.23%  acc2=40.00%  ens=38.62%  (best 53.68 @ ep 9)  [45.4s]
  ep  30: acc1=37.24%  acc2=37.18%  ens=37.21%  (best 53.68 @ ep 9)  [26.8s]  [w on clean=0.793, on noisy=0.644]
  ep  31: acc1=33.29%  acc2=37.81%  ens=35.55%  (best 53.68 @ ep 9)  [19.9s]
  ep  32: acc1=36.59%  acc2=35.82%  ens=36.20%  (best 53.68 @ ep 9)  [20.7s]
  ep  33: acc1=35.21%  acc2=37.65%  ens=36.43%  (best 53.68 @ ep 9)  [22.3s]
  ep  34: acc1=36.92%  acc2=33.58%  ens=35.25%  (best 53.68 @ ep 9)  [21.3s]
  ep  35: acc1=35.88%  acc2=38.98%  ens=37.43%  (best 53.68 @ ep 9)  [21.7s]
  ep  36: acc1=38.23%  acc2=37.47%  ens=37.85%  (best 53.68 @ ep 9)  [21.2s]
  ep  37: acc1=40.49%  acc2=36.70%  ens=38.59%  (best 53.68 @ ep 9)  [22.8s]
  ep  38: acc1=36.69%  acc2=37.68%  ens=37.19%  (best 53.68 @ ep 9)  [22.2s]
  ep  39: acc1=36.52%  acc2=36.12%  ens=36.32%  (best 53.68 @ ep 9)  [132.7s]
  ep  40: acc1=37.19%  acc2=38.30%  ens=37.74%  (best 53.68 @ ep 9)  [20.1s]
  ep  41: acc1=36.73%  acc2=37.32%  ens=37.02%  (best 53.68 @ ep 9)  [20.9s]
  ep  42: acc1=36.99%  acc2=37.32%  ens=37.16%  (best 53.68 @ ep 9)  [21.9s]
  ep  43: acc1=37.53%  acc2=40.36%  ens=38.95%  (best 53.68 @ ep 9)  [19.4s]
  ep  44: acc1=35.69%  acc2=37.06%  ens=36.38%  (best 53.68 @ ep 9)  [20.8s]
  ep  45: acc1=40.07%  acc2=37.70%  ens=38.89%  (best 53.68 @ ep 9)  [22.0s]
  ep  46: acc1=37.32%  acc2=39.25%  ens=38.29%  (best 53.68 @ ep 9)  [20.7s]
  ep  47: acc1=37.54%  acc2=39.23%  ens=38.39%  (best 53.68 @ ep 9)  [21.0s]
  ep  48: acc1=40.53%  acc2=40.34%  ens=40.44%  (best 53.68 @ ep 9)  [55.8s]
  ep  49: acc1=37.59%  acc2=39.77%  ens=38.68%  (best 53.68 @ ep 9)  [20.5s]
  ep  50: acc1=35.45%  acc2=38.22%  ens=36.83%  (best 53.68 @ ep 9)  [22.5s]  [w on clean=0.792, on noisy=0.629]
  ep  51: acc1=38.51%  acc2=40.38%  ens=39.44%  (best 53.68 @ ep 9)  [80.9s]
  ep  52: acc1=38.34%  acc2=40.39%  ens=39.37%  (best 53.68 @ ep 9)  [21.2s]
  ep  53: acc1=40.08%  acc2=41.03%  ens=40.55%  (best 53.68 @ ep 9)  [21.3s]
  ep  54: acc1=40.59%  acc2=38.44%  ens=39.52%  (best 53.68 @ ep 9)  [22.1s]
  ep  55: acc1=38.81%  acc2=38.15%  ens=38.48%  (best 53.68 @ ep 9)  [58.7s]
  ep  56: acc1=39.43%  acc2=40.06%  ens=39.74%  (best 53.68 @ ep 9)  [20.6s]
  ep  57: acc1=40.85%  acc2=39.72%  ens=40.28%  (best 53.68 @ ep 9)  [20.9s]
  ep  58: acc1=39.29%  acc2=39.85%  ens=39.57%  (best 53.68 @ ep 9)  [138.9s]
  ep  59: acc1=41.25%  acc2=40.74%  ens=40.99%  (best 53.68 @ ep 9)  [25.0s]
  ep  60: acc1=40.57%  acc2=41.45%  ens=41.01%  (best 53.68 @ ep 9)  [20.2s]
  ep  61: acc1=40.00%  acc2=39.70%  ens=39.85%  (best 53.68 @ ep 9)  [20.9s]
  ep  62: acc1=40.11%  acc2=41.73%  ens=40.92%  (best 53.68 @ ep 9)  [33.3s]
  ep  63: acc1=41.13%  acc2=40.04%  ens=40.59%  (best 53.68 @ ep 9)  [20.8s]
  ep  64: acc1=39.76%  acc2=40.32%  ens=40.04%  (best 53.68 @ ep 9)  [21.5s]
  ep  65: acc1=40.63%  acc2=41.70%  ens=41.16%  (best 53.68 @ ep 9)  [48.3s]
  ep  66: acc1=40.36%  acc2=41.74%  ens=41.05%  (best 53.68 @ ep 9)  [21.0s]
  ep  67: acc1=40.93%  acc2=42.23%  ens=41.58%  (best 53.68 @ ep 9)  [20.6s]
  ep  68: acc1=41.72%  acc2=40.88%  ens=41.30%  (best 53.68 @ ep 9)  [24.2s]
  ep  69: acc1=41.20%  acc2=40.66%  ens=40.93%  (best 53.68 @ ep 9)  [19.6s]
  ep  70: acc1=42.51%  acc2=41.85%  ens=42.18%  (best 53.68 @ ep 9)  [20.6s]
  ep  71: acc1=41.12%  acc2=40.34%  ens=40.73%  (best 53.68 @ ep 9)  [23.5s]
  ep  72: acc1=41.37%  acc2=42.31%  ens=41.84%  (best 53.68 @ ep 9)  [20.6s]
  ep  73: acc1=41.13%  acc2=40.70%  ens=40.91%  (best 53.68 @ ep 9)  [20.9s]
  ep  74: acc1=40.12%  acc2=41.96%  ens=41.04%  (best 53.68 @ ep 9)  [125.9s]
  ep  75: acc1=41.90%  acc2=42.23%  ens=42.06%  (best 53.68 @ ep 9)  [23.2s]  [w on clean=0.796, on noisy=0.694]
  ep  76: acc1=41.85%  acc2=42.13%  ens=41.99%  (best 53.68 @ ep 9)  [20.9s]
  ep  77: acc1=42.16%  acc2=41.56%  ens=41.86%  (best 53.68 @ ep 9)  [27.6s]
  ep  78: acc1=41.28%  acc2=41.75%  ens=41.52%  (best 53.68 @ ep 9)  [22.5s]
  ep  79: acc1=40.42%  acc2=41.31%  ens=40.87%  (best 53.68 @ ep 9)  [21.0s]
  ep  80: acc1=41.40%  acc2=42.16%  ens=41.78%  (best 53.68 @ ep 9)  [22.0s]
  ep  81: acc1=41.74%  acc2=42.10%  ens=41.92%  (best 53.68 @ ep 9)  [20.8s]
  ep  82: acc1=42.03%  acc2=42.85%  ens=42.44%  (best 53.68 @ ep 9)  [23.3s]
  ep  83: acc1=41.39%  acc2=42.06%  ens=41.73%  (best 53.68 @ ep 9)  [76.4s]
  ep  84: acc1=42.00%  acc2=42.56%  ens=42.28%  (best 53.68 @ ep 9)  [19.8s]
  ep  85: acc1=41.12%  acc2=42.16%  ens=41.64%  (best 53.68 @ ep 9)  [21.6s]
  ep  86: acc1=41.67%  acc2=42.47%  ens=42.07%  (best 53.68 @ ep 9)  [83.8s]
  ep  87: acc1=41.91%  acc2=42.77%  ens=42.34%  (best 53.68 @ ep 9)  [22.9s]
  ep  88: acc1=42.04%  acc2=41.93%  ens=41.98%  (best 53.68 @ ep 9)  [20.8s]
  ep  89: acc1=41.58%  acc2=41.94%  ens=41.76%  (best 53.68 @ ep 9)  [30.2s]
  ep  90: acc1=41.49%  acc2=42.00%  ens=41.74%  (best 53.68 @ ep 9)  [25.1s]
  ep  91: acc1=41.70%  acc2=42.35%  ens=42.02%  (best 53.68 @ ep 9)  [21.3s]
  ep  92: acc1=41.61%  acc2=42.20%  ens=41.91%  (best 53.68 @ ep 9)  [20.8s]
  ep  93: acc1=41.70%  acc2=42.20%  ens=41.95%  (best 53.68 @ ep 9)  [23.7s]
  ep  94: acc1=41.81%  acc2=42.32%  ens=42.07%  (best 53.68 @ ep 9)  [21.3s]
  ep  95: acc1=41.66%  acc2=42.43%  ens=42.05%  (best 53.68 @ ep 9)  [20.8s]
  ep  96: acc1=41.76%  acc2=42.36%  ens=42.06%  (best 53.68 @ ep 9)  [125.2s]
  ep  97: acc1=41.72%  acc2=42.40%  ens=42.06%  (best 53.68 @ ep 9)  [21.1s]
  ep  98: acc1=41.78%  acc2=42.13%  ens=41.95%  (best 53.68 @ ep 9)  [20.6s]
  ep  99: acc1=41.78%  acc2=42.35%  ens=42.06%  (best 53.68 @ ep 9)  [79.4s]  [w on clean=0.796, on noisy=0.696]

saved /path/to/ciln-workspace/journal_edition/robustness_transfer/results_v3/dividemix/ours__impulse_noise_sev3__seed2.json: best ens-acc 53.68% @ ep 9
saved /path/to/ciln-workspace/journal_edition/robustness_transfer/results_v3/dividemix/ours__impulse_noise_sev3__seed2__persample.npz
