/path/to/ciln-workspace/venv/lib/python3.12/site-packages/torchvision/datasets/cifar.py:83: VisibleDeprecationWarning: dtype(): align should be passed as Python or NumPy boolean but got `align=0`. Did you mean to pass a tuple to create a subarray type? (Deprecated NumPy 2.4)
  entry = pickle.load(f, encoding="latin1")
condition=ours__elastic_transform_sev3 seed=0 gpu=1
  ep   0: acc1=22.43%  acc2=21.92%  ens=22.18%  (best 22.18 @ ep 0)  [5.6s]
  ep   1: acc1=27.58%  acc2=38.09%  ens=32.84%  (best 32.84 @ ep 1)  [6.8s]
  ep   2: acc1=43.79%  acc2=46.88%  ens=45.34%  (best 45.34 @ ep 2)  [5.1s]
  ep   3: acc1=43.82%  acc2=47.13%  ens=45.48%  (best 45.48 @ ep 3)  [5.0s]
  ep   4: acc1=45.83%  acc2=41.81%  ens=43.82%  (best 45.48 @ ep 3)  [4.9s]
  ep   5: acc1=45.40%  acc2=47.17%  ens=46.28%  (best 46.28 @ ep 5)  [7.5s]  [w on clean=0.833, on noisy=0.521]
  ep   6: acc1=56.30%  acc2=48.58%  ens=52.44%  (best 52.44 @ ep 6)  [4.8s]
  ep   7: acc1=47.03%  acc2=49.25%  ens=48.14%  (best 52.44 @ ep 6)  [5.1s]
  ep   8: acc1=57.06%  acc2=53.81%  ens=55.44%  (best 55.44 @ ep 8)  [5.2s]
  ep   9: acc1=60.55%  acc2=58.51%  ens=59.53%  (best 59.53 @ ep 9)  [4.9s]
  ep  10: acc1=41.39%  acc2=32.15%  ens=36.77%  (best 59.53 @ ep 9)  [23.9s]  [w on clean=0.671, on noisy=0.201]
  ep  11: acc1=31.55%  acc2=29.26%  ens=30.41%  (best 59.53 @ ep 9)  [16.4s]
  ep  12: acc1=22.92%  acc2=22.46%  ens=22.69%  (best 59.53 @ ep 9)  [15.4s]
  ep  13: acc1=23.16%  acc2=26.82%  ens=24.99%  (best 59.53 @ ep 9)  [16.9s]
  ep  14: acc1=27.48%  acc2=23.33%  ens=25.41%  (best 59.53 @ ep 9)  [17.8s]
  ep  15: acc1=30.59%  acc2=33.44%  ens=32.02%  (best 59.53 @ ep 9)  [20.0s]
  ep  16: acc1=34.22%  acc2=29.03%  ens=31.63%  (best 59.53 @ ep 9)  [18.5s]
  ep  17: acc1=29.65%  acc2=31.41%  ens=30.53%  (best 59.53 @ ep 9)  [18.8s]
  ep  18: acc1=32.86%  acc2=30.65%  ens=31.75%  (best 59.53 @ ep 9)  [18.6s]
  ep  19: acc1=29.80%  acc2=34.07%  ens=31.94%  (best 59.53 @ ep 9)  [18.5s]
  ep  20: acc1=33.58%  acc2=34.06%  ens=33.82%  (best 59.53 @ ep 9)  [21.0s]  [w on clean=0.735, on noisy=0.273]
  ep  21: acc1=31.49%  acc2=32.74%  ens=32.12%  (best 59.53 @ ep 9)  [18.3s]
  ep  22: acc1=34.24%  acc2=36.41%  ens=35.32%  (best 59.53 @ ep 9)  [18.2s]
  ep  23: acc1=34.82%  acc2=35.36%  ens=35.09%  (best 59.53 @ ep 9)  [18.2s]
  ep  24: acc1=35.32%  acc2=36.90%  ens=36.11%  (best 59.53 @ ep 9)  [18.6s]
  ep  25: acc1=36.76%  acc2=35.79%  ens=36.27%  (best 59.53 @ ep 9)  [18.6s]
  ep  26: acc1=37.92%  acc2=35.88%  ens=36.90%  (best 59.53 @ ep 9)  [17.9s]
  ep  27: acc1=36.47%  acc2=32.21%  ens=34.34%  (best 59.53 @ ep 9)  [18.6s]
  ep  28: acc1=33.59%  acc2=35.79%  ens=34.69%  (best 59.53 @ ep 9)  [18.1s]
  ep  29: acc1=37.23%  acc2=37.62%  ens=37.42%  (best 59.53 @ ep 9)  [18.2s]
  ep  30: acc1=37.11%  acc2=37.74%  ens=37.42%  (best 59.53 @ ep 9)  [24.1s]  [w on clean=0.735, on noisy=0.287]
  ep  31: acc1=36.99%  acc2=35.74%  ens=36.37%  (best 59.53 @ ep 9)  [18.5s]
  ep  32: acc1=36.68%  acc2=36.90%  ens=36.79%  (best 59.53 @ ep 9)  [18.5s]
  ep  33: acc1=35.56%  acc2=37.49%  ens=36.52%  (best 59.53 @ ep 9)  [18.7s]
  ep  34: acc1=36.93%  acc2=34.76%  ens=35.85%  (best 59.53 @ ep 9)  [19.0s]
  ep  35: acc1=35.86%  acc2=37.06%  ens=36.46%  (best 59.53 @ ep 9)  [18.3s]
  ep  36: acc1=37.41%  acc2=36.88%  ens=37.15%  (best 59.53 @ ep 9)  [17.8s]
  ep  37: acc1=36.42%  acc2=39.09%  ens=37.76%  (best 59.53 @ ep 9)  [18.5s]
  ep  38: acc1=39.30%  acc2=38.49%  ens=38.90%  (best 59.53 @ ep 9)  [18.1s]
  ep  39: acc1=38.28%  acc2=38.37%  ens=38.32%  (best 59.53 @ ep 9)  [18.4s]
  ep  40: acc1=37.79%  acc2=39.89%  ens=38.84%  (best 59.53 @ ep 9)  [18.9s]
  ep  41: acc1=37.21%  acc2=36.60%  ens=36.91%  (best 59.53 @ ep 9)  [18.7s]
  ep  42: acc1=37.98%  acc2=40.39%  ens=39.19%  (best 59.53 @ ep 9)  [17.8s]
  ep  43: acc1=40.43%  acc2=37.61%  ens=39.02%  (best 59.53 @ ep 9)  [18.2s]
  ep  44: acc1=37.23%  acc2=39.51%  ens=38.37%  (best 59.53 @ ep 9)  [20.5s]
  ep  45: acc1=38.70%  acc2=40.27%  ens=39.49%  (best 59.53 @ ep 9)  [18.0s]
  ep  46: acc1=39.34%  acc2=37.27%  ens=38.30%  (best 59.53 @ ep 9)  [18.8s]
  ep  47: acc1=39.26%  acc2=39.51%  ens=39.39%  (best 59.53 @ ep 9)  [19.0s]
  ep  48: acc1=39.63%  acc2=39.96%  ens=39.80%  (best 59.53 @ ep 9)  [19.0s]
  ep  49: acc1=40.02%  acc2=39.59%  ens=39.80%  (best 59.53 @ ep 9)  [18.0s]
  ep  50: acc1=37.48%  acc2=37.96%  ens=37.72%  (best 59.53 @ ep 9)  [20.5s]  [w on clean=0.732, on noisy=0.258]
  ep  51: acc1=38.79%  acc2=38.96%  ens=38.88%  (best 59.53 @ ep 9)  [18.1s]
  ep  52: acc1=39.69%  acc2=40.53%  ens=40.11%  (best 59.53 @ ep 9)  [17.9s]
  ep  53: acc1=37.28%  acc2=41.29%  ens=39.29%  (best 59.53 @ ep 9)  [17.6s]
  ep  54: acc1=39.38%  acc2=40.87%  ens=40.12%  (best 59.53 @ ep 9)  [17.8s]
  ep  55: acc1=39.71%  acc2=41.66%  ens=40.69%  (best 59.53 @ ep 9)  [18.7s]
  ep  56: acc1=39.48%  acc2=39.47%  ens=39.48%  (best 59.53 @ ep 9)  [18.4s]
  ep  57: acc1=39.86%  acc2=40.56%  ens=40.21%  (best 59.53 @ ep 9)  [18.6s]
  ep  58: acc1=39.19%  acc2=40.21%  ens=39.70%  (best 59.53 @ ep 9)  [18.2s]
  ep  59: acc1=41.01%  acc2=40.11%  ens=40.56%  (best 59.53 @ ep 9)  [18.4s]
  ep  60: acc1=41.10%  acc2=40.49%  ens=40.79%  (best 59.53 @ ep 9)  [18.6s]
  ep  61: acc1=39.81%  acc2=40.10%  ens=39.95%  (best 59.53 @ ep 9)  [18.2s]
  ep  62: acc1=39.64%  acc2=40.26%  ens=39.95%  (best 59.53 @ ep 9)  [18.8s]
  ep  63: acc1=41.36%  acc2=40.06%  ens=40.71%  (best 59.53 @ ep 9)  [18.9s]
  ep  64: acc1=40.07%  acc2=40.65%  ens=40.36%  (best 59.53 @ ep 9)  [18.6s]
  ep  65: acc1=39.75%  acc2=40.10%  ens=39.92%  (best 59.53 @ ep 9)  [18.0s]
  ep  66: acc1=40.52%  acc2=41.53%  ens=41.02%  (best 59.53 @ ep 9)  [18.5s]
  ep  67: acc1=39.94%  acc2=41.37%  ens=40.65%  (best 59.53 @ ep 9)  [18.7s]
  ep  68: acc1=41.28%  acc2=40.93%  ens=41.11%  (best 59.53 @ ep 9)  [18.5s]
  ep  69: acc1=41.86%  acc2=42.29%  ens=42.08%  (best 59.53 @ ep 9)  [18.9s]
  ep  70: acc1=41.30%  acc2=41.14%  ens=41.22%  (best 59.53 @ ep 9)  [18.4s]
  ep  71: acc1=40.49%  acc2=40.81%  ens=40.65%  (best 59.53 @ ep 9)  [18.4s]
  ep  72: acc1=39.87%  acc2=40.78%  ens=40.33%  (best 59.53 @ ep 9)  [18.4s]
  ep  73: acc1=39.88%  acc2=40.04%  ens=39.96%  (best 59.53 @ ep 9)  [24.3s]
  ep  74: acc1=39.02%  acc2=40.46%  ens=39.74%  (best 59.53 @ ep 9)  [18.7s]
  ep  75: acc1=39.69%  acc2=41.03%  ens=40.36%  (best 59.53 @ ep 9)  [20.7s]  [w on clean=0.741, on noisy=0.297]
  ep  76: acc1=40.30%  acc2=41.32%  ens=40.81%  (best 59.53 @ ep 9)  [18.6s]
  ep  77: acc1=40.20%  acc2=41.42%  ens=40.81%  (best 59.53 @ ep 9)  [18.5s]
  ep  78: acc1=40.54%  acc2=40.29%  ens=40.41%  (best 59.53 @ ep 9)  [19.0s]
  ep  79: acc1=40.69%  acc2=41.39%  ens=41.04%  (best 59.53 @ ep 9)  [19.0s]
  ep  80: acc1=40.39%  acc2=40.63%  ens=40.51%  (best 59.53 @ ep 9)  [18.9s]
  ep  81: acc1=40.23%  acc2=40.49%  ens=40.36%  (best 59.53 @ ep 9)  [18.9s]
  ep  82: acc1=40.89%  acc2=40.63%  ens=40.76%  (best 59.53 @ ep 9)  [18.7s]
  ep  83: acc1=40.88%  acc2=40.25%  ens=40.56%  (best 59.53 @ ep 9)  [19.0s]
  ep  84: acc1=40.15%  acc2=41.02%  ens=40.59%  (best 59.53 @ ep 9)  [18.8s]
  ep  85: acc1=40.38%  acc2=40.87%  ens=40.62%  (best 59.53 @ ep 9)  [19.8s]
  ep  86: acc1=40.75%  acc2=41.00%  ens=40.87%  (best 59.53 @ ep 9)  [18.8s]
  ep  87: acc1=39.99%  acc2=40.31%  ens=40.15%  (best 59.53 @ ep 9)  [23.5s]
  ep  88: acc1=39.71%  acc2=40.60%  ens=40.16%  (best 59.53 @ ep 9)  [18.4s]
  ep  89: acc1=40.07%  acc2=40.67%  ens=40.37%  (best 59.53 @ ep 9)  [18.8s]
  ep  90: acc1=40.34%  acc2=40.75%  ens=40.54%  (best 59.53 @ ep 9)  [18.5s]
  ep  91: acc1=39.75%  acc2=41.11%  ens=40.43%  (best 59.53 @ ep 9)  [18.8s]
  ep  92: acc1=39.77%  acc2=40.57%  ens=40.17%  (best 59.53 @ ep 9)  [18.5s]
  ep  93: acc1=39.61%  acc2=40.73%  ens=40.17%  (best 59.53 @ ep 9)  [18.8s]
  ep  94: acc1=39.40%  acc2=40.69%  ens=40.04%  (best 59.53 @ ep 9)  [18.8s]
  ep  95: acc1=39.58%  acc2=40.64%  ens=40.11%  (best 59.53 @ ep 9)  [18.4s]
  ep  96: acc1=39.65%  acc2=40.65%  ens=40.15%  (best 59.53 @ ep 9)  [18.1s]
  ep  97: acc1=39.37%  acc2=40.55%  ens=39.96%  (best 59.53 @ ep 9)  [18.9s]
  ep  98: acc1=39.43%  acc2=40.10%  ens=39.77%  (best 59.53 @ ep 9)  [18.6s]
  ep  99: acc1=39.52%  acc2=40.79%  ens=40.15%  (best 59.53 @ ep 9)  [20.3s]  [w on clean=0.741, on noisy=0.297]

saved /path/to/ciln-workspace/journal_edition/robustness_transfer/results_v3/dividemix/ours__elastic_transform_sev3__seed0.json: best ens-acc 59.53% @ ep 9
saved /path/to/ciln-workspace/journal_edition/robustness_transfer/results_v3/dividemix/ours__elastic_transform_sev3__seed0__persample.npz
