/path/to/ciln-workspace/venv/lib/python3.12/site-packages/torchvision/datasets/cifar.py:83: VisibleDeprecationWarning: dtype(): align should be passed as Python or NumPy boolean but got `align=0`. Did you mean to pass a tuple to create a subarray type? (Deprecated NumPy 2.4)
  entry = pickle.load(f, encoding="latin1")
condition=gu_medium seed=1 gpu=1
  ep   0: acc1=29.48%  acc2=41.10%  ens=35.29%  (best 35.29 @ ep 0)  [23.2s]
  ep   1: acc1=45.01%  acc2=48.39%  ens=46.70%  (best 46.70 @ ep 1)  [20.0s]
  ep   2: acc1=49.35%  acc2=49.62%  ens=49.48%  (best 49.48 @ ep 2)  [7.4s]
  ep   3: acc1=54.00%  acc2=52.20%  ens=53.10%  (best 53.10 @ ep 3)  [7.2s]
  ep   4: acc1=59.67%  acc2=62.71%  ens=61.19%  (best 61.19 @ ep 4)  [6.9s]
  ep   5: acc1=58.85%  acc2=62.70%  ens=60.77%  (best 61.19 @ ep 4)  [10.8s]  [w on clean=0.810, on noisy=0.570]
  ep   6: acc1=61.44%  acc2=55.10%  ens=58.27%  (best 61.19 @ ep 4)  [7.4s]
  ep   7: acc1=63.72%  acc2=65.66%  ens=64.69%  (best 64.69 @ ep 7)  [6.8s]
  ep   8: acc1=61.01%  acc2=66.74%  ens=63.87%  (best 64.69 @ ep 7)  [6.6s]
  ep   9: acc1=68.87%  acc2=67.66%  ens=68.27%  (best 68.27 @ ep 9)  [11.2s]
  ep  10: acc1=49.31%  acc2=41.33%  ens=45.32%  (best 68.27 @ ep 9)  [74.3s]  [w on clean=0.666, on noisy=0.359]
  ep  11: acc1=38.83%  acc2=36.69%  ens=37.76%  (best 68.27 @ ep 9)  [29.4s]
  ep  12: acc1=34.39%  acc2=34.62%  ens=34.50%  (best 68.27 @ ep 9)  [29.0s]
  ep  13: acc1=32.81%  acc2=35.78%  ens=34.29%  (best 68.27 @ ep 9)  [30.5s]
  ep  14: acc1=38.81%  acc2=34.13%  ens=36.47%  (best 68.27 @ ep 9)  [33.4s]
  ep  15: acc1=34.07%  acc2=37.64%  ens=35.86%  (best 68.27 @ ep 9)  [33.3s]
  ep  16: acc1=34.04%  acc2=31.04%  ens=32.54%  (best 68.27 @ ep 9)  [64.7s]
  ep  17: acc1=31.95%  acc2=25.96%  ens=28.95%  (best 68.27 @ ep 9)  [37.3s]
  ep  18: acc1=34.28%  acc2=30.61%  ens=32.45%  (best 68.27 @ ep 9)  [36.9s]
  ep  19: acc1=33.94%  acc2=31.03%  ens=32.48%  (best 68.27 @ ep 9)  [38.5s]
  ep  20: acc1=38.47%  acc2=35.21%  ens=36.84%  (best 68.27 @ ep 9)  [39.2s]  [w on clean=0.832, on noisy=0.764]
  ep  21: acc1=39.39%  acc2=37.16%  ens=38.27%  (best 68.27 @ ep 9)  [53.7s]
  ep  22: acc1=37.61%  acc2=39.95%  ens=38.78%  (best 68.27 @ ep 9)  [36.5s]
  ep  23: acc1=39.82%  acc2=36.84%  ens=38.33%  (best 68.27 @ ep 9)  [40.2s]
  ep  24: acc1=36.50%  acc2=37.72%  ens=37.11%  (best 68.27 @ ep 9)  [38.8s]
  ep  25: acc1=39.05%  acc2=39.84%  ens=39.44%  (best 68.27 @ ep 9)  [36.6s]
  ep  26: acc1=39.82%  acc2=38.15%  ens=38.98%  (best 68.27 @ ep 9)  [41.0s]
  ep  27: acc1=40.01%  acc2=37.11%  ens=38.56%  (best 68.27 @ ep 9)  [38.9s]
  ep  28: acc1=38.29%  acc2=38.10%  ens=38.20%  (best 68.27 @ ep 9)  [49.4s]
  ep  29: acc1=39.85%  acc2=39.40%  ens=39.62%  (best 68.27 @ ep 9)  [44.5s]
  ep  30: acc1=41.02%  acc2=38.44%  ens=39.73%  (best 68.27 @ ep 9)  [40.6s]  [w on clean=0.832, on noisy=0.764]
  ep  31: acc1=39.19%  acc2=37.42%  ens=38.30%  (best 68.27 @ ep 9)  [46.1s]
  ep  32: acc1=45.56%  acc2=39.84%  ens=42.70%  (best 68.27 @ ep 9)  [36.7s]
  ep  33: acc1=45.23%  acc2=38.43%  ens=41.83%  (best 68.27 @ ep 9)  [37.1s]
  ep  34: acc1=40.77%  acc2=43.37%  ens=42.07%  (best 68.27 @ ep 9)  [74.3s]
  ep  35: acc1=44.54%  acc2=38.99%  ens=41.77%  (best 68.27 @ ep 9)  [39.0s]
  ep  36: acc1=42.42%  acc2=45.08%  ens=43.75%  (best 68.27 @ ep 9)  [49.5s]
  ep  37: acc1=41.38%  acc2=38.96%  ens=40.17%  (best 68.27 @ ep 9)  [35.8s]
  ep  38: acc1=40.07%  acc2=39.33%  ens=39.70%  (best 68.27 @ ep 9)  [142.7s]
  ep  39: acc1=38.54%  acc2=43.34%  ens=40.94%  (best 68.27 @ ep 9)  [36.8s]
  ep  40: acc1=44.24%  acc2=41.91%  ens=43.07%  (best 68.27 @ ep 9)  [84.9s]
  ep  41: acc1=40.54%  acc2=40.98%  ens=40.76%  (best 68.27 @ ep 9)  [40.0s]
  ep  42: acc1=45.45%  acc2=42.98%  ens=44.22%  (best 68.27 @ ep 9)  [36.7s]
  ep  43: acc1=42.20%  acc2=40.78%  ens=41.49%  (best 68.27 @ ep 9)  [119.7s]
  ep  44: acc1=41.14%  acc2=42.13%  ens=41.63%  (best 68.27 @ ep 9)  [36.2s]
  ep  45: acc1=44.07%  acc2=41.70%  ens=42.88%  (best 68.27 @ ep 9)  [52.9s]
  ep  46: acc1=43.12%  acc2=44.57%  ens=43.84%  (best 68.27 @ ep 9)  [35.8s]
  ep  47: acc1=45.05%  acc2=46.28%  ens=45.66%  (best 68.27 @ ep 9)  [190.7s]
  ep  48: acc1=45.53%  acc2=45.64%  ens=45.59%  (best 68.27 @ ep 9)  [38.1s]
  ep  49: acc1=48.41%  acc2=43.31%  ens=45.86%  (best 68.27 @ ep 9)  [67.3s]
  ep  50: acc1=46.66%  acc2=44.41%  ens=45.54%  (best 68.27 @ ep 9)  [41.5s]  [w on clean=0.832, on noisy=0.766]
  ep  51: acc1=46.37%  acc2=45.00%  ens=45.68%  (best 68.27 @ ep 9)  [36.2s]
  ep  52: acc1=47.95%  acc2=45.30%  ens=46.62%  (best 68.27 @ ep 9)  [40.4s]
  ep  53: acc1=43.47%  acc2=46.55%  ens=45.01%  (best 68.27 @ ep 9)  [36.8s]
  ep  54: acc1=47.93%  acc2=43.38%  ens=45.66%  (best 68.27 @ ep 9)  [37.6s]
  ep  55: acc1=40.52%  acc2=41.34%  ens=40.93%  (best 68.27 @ ep 9)  [36.4s]
  ep  56: acc1=40.61%  acc2=42.59%  ens=41.60%  (best 68.27 @ ep 9)  [41.6s]
  ep  57: acc1=45.90%  acc2=44.80%  ens=45.35%  (best 68.27 @ ep 9)  [56.6s]
  ep  58: acc1=43.04%  acc2=45.29%  ens=44.16%  (best 68.27 @ ep 9)  [38.8s]
  ep  59: acc1=45.60%  acc2=43.33%  ens=44.46%  (best 68.27 @ ep 9)  [146.9s]
  ep  60: acc1=43.98%  acc2=45.59%  ens=44.79%  (best 68.27 @ ep 9)  [36.5s]
  ep  61: acc1=47.73%  acc2=46.68%  ens=47.20%  (best 68.27 @ ep 9)  [43.8s]
  ep  62: acc1=47.21%  acc2=46.50%  ens=46.86%  (best 68.27 @ ep 9)  [37.0s]
  ep  63: acc1=44.23%  acc2=44.04%  ens=44.14%  (best 68.27 @ ep 9)  [61.9s]
  ep  64: acc1=46.04%  acc2=45.35%  ens=45.69%  (best 68.27 @ ep 9)  [67.3s]
  ep  65: acc1=46.02%  acc2=49.21%  ens=47.61%  (best 68.27 @ ep 9)  [36.6s]
  ep  66: acc1=47.58%  acc2=46.32%  ens=46.95%  (best 68.27 @ ep 9)  [59.3s]
  ep  67: acc1=47.43%  acc2=46.37%  ens=46.90%  (best 68.27 @ ep 9)  [36.3s]
  ep  68: acc1=49.48%  acc2=48.01%  ens=48.75%  (best 68.27 @ ep 9)  [37.5s]
  ep  69: acc1=47.18%  acc2=47.08%  ens=47.13%  (best 68.27 @ ep 9)  [38.5s]
  ep  70: acc1=46.56%  acc2=47.10%  ens=46.83%  (best 68.27 @ ep 9)  [65.8s]
  ep  71: acc1=46.94%  acc2=48.53%  ens=47.73%  (best 68.27 @ ep 9)  [75.5s]
  ep  72: acc1=47.40%  acc2=47.94%  ens=47.67%  (best 68.27 @ ep 9)  [68.2s]
  ep  73: acc1=47.14%  acc2=47.12%  ens=47.13%  (best 68.27 @ ep 9)  [84.5s]
  ep  74: acc1=47.80%  acc2=48.17%  ens=47.98%  (best 68.27 @ ep 9)  [40.3s]
  ep  75: acc1=48.20%  acc2=48.80%  ens=48.50%  (best 68.27 @ ep 9)  [70.7s]  [w on clean=0.832, on noisy=0.767]
  ep  76: acc1=48.69%  acc2=48.85%  ens=48.77%  (best 68.27 @ ep 9)  [38.5s]
  ep  77: acc1=48.00%  acc2=47.63%  ens=47.81%  (best 68.27 @ ep 9)  [122.2s]
  ep  78: acc1=47.93%  acc2=48.86%  ens=48.39%  (best 68.27 @ ep 9)  [39.2s]
  ep  79: acc1=48.41%  acc2=48.76%  ens=48.59%  (best 68.27 @ ep 9)  [41.5s]
  ep  80: acc1=47.82%  acc2=47.83%  ens=47.83%  (best 68.27 @ ep 9)  [146.3s]
  ep  81: acc1=48.26%  acc2=48.56%  ens=48.41%  (best 68.27 @ ep 9)  [37.5s]
  ep  82: acc1=46.08%  acc2=47.67%  ens=46.88%  (best 68.27 @ ep 9)  [161.3s]
  ep  83: acc1=47.93%  acc2=48.82%  ens=48.38%  (best 68.27 @ ep 9)  [40.0s]
  ep  84: acc1=47.41%  acc2=48.69%  ens=48.05%  (best 68.27 @ ep 9)  [45.9s]
  ep  85: acc1=48.35%  acc2=49.04%  ens=48.70%  (best 68.27 @ ep 9)  [36.7s]
  ep  86: acc1=48.21%  acc2=48.78%  ens=48.49%  (best 68.27 @ ep 9)  [46.5s]
  ep  87: acc1=48.83%  acc2=49.77%  ens=49.30%  (best 68.27 @ ep 9)  [36.6s]
  ep  88: acc1=49.09%  acc2=49.08%  ens=49.09%  (best 68.27 @ ep 9)  [38.1s]
  ep  89: acc1=49.28%  acc2=49.41%  ens=49.34%  (best 68.27 @ ep 9)  [42.1s]
  ep  90: acc1=48.22%  acc2=49.62%  ens=48.92%  (best 68.27 @ ep 9)  [67.9s]
  ep  91: acc1=47.79%  acc2=49.05%  ens=48.42%  (best 68.27 @ ep 9)  [54.9s]
  ep  92: acc1=48.49%  acc2=49.78%  ens=49.13%  (best 68.27 @ ep 9)  [36.3s]
  ep  93: acc1=48.75%  acc2=49.23%  ens=48.99%  (best 68.27 @ ep 9)  [179.4s]
  ep  94: acc1=48.92%  acc2=48.86%  ens=48.89%  (best 68.27 @ ep 9)  [36.7s]
  ep  95: acc1=49.00%  acc2=49.25%  ens=49.12%  (best 68.27 @ ep 9)  [74.1s]
  ep  96: acc1=49.09%  acc2=49.60%  ens=49.34%  (best 68.27 @ ep 9)  [36.5s]
  ep  97: acc1=48.89%  acc2=49.04%  ens=48.97%  (best 68.27 @ ep 9)  [58.4s]
  ep  98: acc1=49.13%  acc2=49.14%  ens=49.13%  (best 68.27 @ ep 9)  [37.4s]
  ep  99: acc1=49.05%  acc2=48.85%  ens=48.95%  (best 68.27 @ ep 9)  [40.9s]  [w on clean=0.832, on noisy=0.767]

saved /path/to/ciln-workspace/journal_edition/robustness_transfer/results_v3/dividemix/gu_medium__seed1.json: best ens-acc 68.27% @ ep 9
saved /path/to/ciln-workspace/journal_edition/robustness_transfer/results_v3/dividemix/gu_medium__seed1__persample.npz
