/path/to/ciln-workspace/venv/lib/python3.12/site-packages/torchvision/datasets/cifar.py:83: VisibleDeprecationWarning: dtype(): align should be passed as Python or NumPy boolean but got `align=0`. Did you mean to pass a tuple to create a subarray type? (Deprecated NumPy 2.4)
  entry = pickle.load(f, encoding="latin1")
condition=gu_high seed=2 gpu=1
  ep   0: acc1=36.08%  acc2=35.36%  ens=35.72%  (best 35.72 @ ep 0)  [7.9s]
  ep   1: acc1=39.32%  acc2=42.41%  ens=40.86%  (best 40.86 @ ep 1)  [7.6s]
  ep   2: acc1=45.33%  acc2=43.01%  ens=44.17%  (best 44.17 @ ep 2)  [6.8s]
  ep   3: acc1=47.32%  acc2=50.77%  ens=49.05%  (best 49.05 @ ep 3)  [7.3s]
  ep   4: acc1=52.92%  acc2=52.31%  ens=52.62%  (best 52.62 @ ep 4)  [6.9s]
  ep   5: acc1=49.26%  acc2=53.91%  ens=51.59%  (best 52.62 @ ep 4)  [10.4s]  [w on clean=0.767, on noisy=0.473]
  ep   6: acc1=56.20%  acc2=35.58%  ens=45.89%  (best 52.62 @ ep 4)  [7.0s]
  ep   7: acc1=58.79%  acc2=56.98%  ens=57.88%  (best 57.88 @ ep 7)  [6.8s]
  ep   8: acc1=54.64%  acc2=51.16%  ens=52.90%  (best 57.88 @ ep 7)  [7.0s]
  ep   9: acc1=57.81%  acc2=57.26%  ens=57.54%  (best 57.88 @ ep 7)  [7.0s]
  ep  10: acc1=49.71%  acc2=45.00%  ens=47.36%  (best 57.88 @ ep 7)  [33.8s]  [w on clean=0.799, on noisy=0.466]
  ep  11: acc1=40.14%  acc2=35.61%  ens=37.88%  (best 57.88 @ ep 7)  [28.8s]
  ep  12: acc1=36.36%  acc2=34.23%  ens=35.30%  (best 57.88 @ ep 7)  [24.1s]
  ep  13: acc1=32.55%  acc2=27.62%  ens=30.09%  (best 57.88 @ ep 7)  [23.8s]
  ep  14: acc1=29.31%  acc2=25.91%  ens=27.61%  (best 57.88 @ ep 7)  [23.9s]
  ep  15: acc1=22.38%  acc2=17.47%  ens=19.92%  (best 57.88 @ ep 7)  [26.1s]
  ep  16: acc1=20.87%  acc2=19.50%  ens=20.18%  (best 57.88 @ ep 7)  [27.8s]
  ep  17: acc1=20.65%  acc2=21.22%  ens=20.93%  (best 57.88 @ ep 7)  [30.0s]
  ep  18: acc1=22.87%  acc2=23.07%  ens=22.97%  (best 57.88 @ ep 7)  [33.0s]
  ep  19: acc1=24.39%  acc2=23.68%  ens=24.04%  (best 57.88 @ ep 7)  [34.7s]
  ep  20: acc1=24.44%  acc2=27.70%  ens=26.07%  (best 57.88 @ ep 7)  [35.4s]  [w on clean=0.775, on noisy=0.686]
  ep  21: acc1=32.56%  acc2=28.60%  ens=30.58%  (best 57.88 @ ep 7)  [33.0s]
  ep  22: acc1=29.85%  acc2=30.09%  ens=29.97%  (best 57.88 @ ep 7)  [31.9s]
  ep  23: acc1=30.01%  acc2=33.90%  ens=31.95%  (best 57.88 @ ep 7)  [32.8s]
  ep  24: acc1=28.20%  acc2=29.87%  ens=29.04%  (best 57.88 @ ep 7)  [34.2s]
  ep  25: acc1=28.70%  acc2=33.75%  ens=31.23%  (best 57.88 @ ep 7)  [33.1s]
  ep  26: acc1=34.58%  acc2=37.62%  ens=36.10%  (best 57.88 @ ep 7)  [32.8s]
  ep  27: acc1=35.74%  acc2=34.94%  ens=35.34%  (best 57.88 @ ep 7)  [34.4s]
  ep  28: acc1=35.42%  acc2=36.20%  ens=35.81%  (best 57.88 @ ep 7)  [33.1s]
  ep  29: acc1=33.80%  acc2=34.65%  ens=34.23%  (best 57.88 @ ep 7)  [33.6s]
  ep  30: acc1=35.52%  acc2=35.61%  ens=35.57%  (best 57.88 @ ep 7)  [36.3s]  [w on clean=0.775, on noisy=0.686]
  ep  31: acc1=36.18%  acc2=33.18%  ens=34.68%  (best 57.88 @ ep 7)  [33.4s]
  ep  32: acc1=34.38%  acc2=35.64%  ens=35.01%  (best 57.88 @ ep 7)  [34.1s]
  ep  33: acc1=37.63%  acc2=35.25%  ens=36.44%  (best 57.88 @ ep 7)  [33.0s]
  ep  34: acc1=34.50%  acc2=36.82%  ens=35.66%  (best 57.88 @ ep 7)  [33.0s]
  ep  35: acc1=32.07%  acc2=33.40%  ens=32.73%  (best 57.88 @ ep 7)  [33.0s]
  ep  36: acc1=34.92%  acc2=32.36%  ens=33.64%  (best 57.88 @ ep 7)  [32.5s]
  ep  37: acc1=32.63%  acc2=33.37%  ens=33.00%  (best 57.88 @ ep 7)  [33.6s]
  ep  38: acc1=34.68%  acc2=33.24%  ens=33.96%  (best 57.88 @ ep 7)  [32.5s]
  ep  39: acc1=34.46%  acc2=32.98%  ens=33.72%  (best 57.88 @ ep 7)  [33.0s]
  ep  40: acc1=33.22%  acc2=33.37%  ens=33.29%  (best 57.88 @ ep 7)  [32.1s]
  ep  41: acc1=31.72%  acc2=32.59%  ens=32.16%  (best 57.88 @ ep 7)  [33.7s]
  ep  42: acc1=32.48%  acc2=29.86%  ens=31.17%  (best 57.88 @ ep 7)  [33.1s]
  ep  43: acc1=28.84%  acc2=27.17%  ens=28.01%  (best 57.88 @ ep 7)  [33.0s]
  ep  44: acc1=26.23%  acc2=25.43%  ens=25.83%  (best 57.88 @ ep 7)  [33.7s]
  ep  45: acc1=26.36%  acc2=25.96%  ens=26.16%  (best 57.88 @ ep 7)  [34.0s]
  ep  46: acc1=24.80%  acc2=26.65%  ens=25.72%  (best 57.88 @ ep 7)  [33.0s]
  ep  47: acc1=28.23%  acc2=28.70%  ens=28.46%  (best 57.88 @ ep 7)  [32.5s]
  ep  48: acc1=27.84%  acc2=25.03%  ens=26.43%  (best 57.88 @ ep 7)  [33.7s]
  ep  49: acc1=25.52%  acc2=26.05%  ens=25.79%  (best 57.88 @ ep 7)  [33.4s]
  ep  50: acc1=25.61%  acc2=26.94%  ens=26.27%  (best 57.88 @ ep 7)  [37.3s]  [w on clean=0.775, on noisy=0.687]
  ep  51: acc1=26.33%  acc2=26.28%  ens=26.30%  (best 57.88 @ ep 7)  [32.6s]
  ep  52: acc1=23.83%  acc2=23.42%  ens=23.62%  (best 57.88 @ ep 7)  [34.6s]
  ep  53: acc1=23.07%  acc2=24.93%  ens=24.00%  (best 57.88 @ ep 7)  [33.3s]
  ep  54: acc1=24.90%  acc2=25.38%  ens=25.14%  (best 57.88 @ ep 7)  [33.0s]
  ep  55: acc1=25.08%  acc2=24.79%  ens=24.94%  (best 57.88 @ ep 7)  [33.1s]
  ep  56: acc1=26.28%  acc2=24.88%  ens=25.58%  (best 57.88 @ ep 7)  [36.2s]
  ep  57: acc1=27.01%  acc2=26.22%  ens=26.61%  (best 57.88 @ ep 7)  [33.6s]
  ep  58: acc1=27.74%  acc2=24.82%  ens=26.28%  (best 57.88 @ ep 7)  [34.6s]
  ep  59: acc1=24.69%  acc2=24.49%  ens=24.59%  (best 57.88 @ ep 7)  [33.6s]
  ep  60: acc1=25.44%  acc2=27.74%  ens=26.59%  (best 57.88 @ ep 7)  [41.9s]
  ep  61: acc1=25.06%  acc2=25.09%  ens=25.08%  (best 57.88 @ ep 7)  [37.5s]
  ep  62: acc1=24.06%  acc2=24.77%  ens=24.41%  (best 57.88 @ ep 7)  [33.7s]
  ep  63: acc1=25.03%  acc2=26.58%  ens=25.80%  (best 57.88 @ ep 7)  [33.9s]
  ep  64: acc1=25.66%  acc2=28.14%  ens=26.90%  (best 57.88 @ ep 7)  [33.9s]
  ep  65: acc1=26.67%  acc2=27.15%  ens=26.91%  (best 57.88 @ ep 7)  [32.9s]
  ep  66: acc1=26.56%  acc2=27.59%  ens=27.07%  (best 57.88 @ ep 7)  [34.1s]
  ep  67: acc1=26.84%  acc2=25.48%  ens=26.16%  (best 57.88 @ ep 7)  [33.8s]
  ep  68: acc1=26.91%  acc2=26.25%  ens=26.58%  (best 57.88 @ ep 7)  [32.8s]
  ep  69: acc1=26.22%  acc2=28.13%  ens=27.18%  (best 57.88 @ ep 7)  [33.3s]
  ep  70: acc1=26.97%  acc2=26.87%  ens=26.92%  (best 57.88 @ ep 7)  [33.5s]
  ep  71: acc1=26.14%  acc2=27.68%  ens=26.91%  (best 57.88 @ ep 7)  [35.1s]
  ep  72: acc1=27.41%  acc2=26.98%  ens=27.20%  (best 57.88 @ ep 7)  [33.9s]
  ep  73: acc1=27.31%  acc2=27.12%  ens=27.21%  (best 57.88 @ ep 7)  [41.9s]
  ep  74: acc1=26.03%  acc2=26.55%  ens=26.29%  (best 57.88 @ ep 7)  [41.1s]
  ep  75: acc1=27.25%  acc2=27.32%  ens=27.29%  (best 57.88 @ ep 7)  [35.7s]  [w on clean=0.775, on noisy=0.687]
  ep  76: acc1=27.37%  acc2=28.06%  ens=27.71%  (best 57.88 @ ep 7)  [34.3s]
  ep  77: acc1=27.75%  acc2=27.71%  ens=27.73%  (best 57.88 @ ep 7)  [33.5s]
  ep  78: acc1=28.80%  acc2=28.23%  ens=28.52%  (best 57.88 @ ep 7)  [34.0s]
  ep  79: acc1=28.01%  acc2=28.91%  ens=28.46%  (best 57.88 @ ep 7)  [33.2s]
  ep  80: acc1=28.21%  acc2=28.21%  ens=28.21%  (best 57.88 @ ep 7)  [33.9s]
  ep  81: acc1=28.17%  acc2=28.08%  ens=28.12%  (best 57.88 @ ep 7)  [32.7s]
  ep  82: acc1=27.76%  acc2=27.48%  ens=27.62%  (best 57.88 @ ep 7)  [34.2s]
  ep  83: acc1=27.86%  acc2=27.15%  ens=27.51%  (best 57.88 @ ep 7)  [32.5s]
  ep  84: acc1=28.46%  acc2=28.40%  ens=28.43%  (best 57.88 @ ep 7)  [35.9s]
  ep  85: acc1=28.68%  acc2=27.80%  ens=28.24%  (best 57.88 @ ep 7)  [33.3s]
  ep  86: acc1=27.83%  acc2=27.96%  ens=27.90%  (best 57.88 @ ep 7)  [33.5s]
  ep  87: acc1=27.99%  acc2=27.93%  ens=27.96%  (best 57.88 @ ep 7)  [33.4s]
  ep  88: acc1=27.64%  acc2=27.71%  ens=27.68%  (best 57.88 @ ep 7)  [33.2s]
  ep  89: acc1=28.03%  acc2=28.03%  ens=28.03%  (best 57.88 @ ep 7)  [33.8s]
  ep  90: acc1=28.48%  acc2=27.66%  ens=28.07%  (best 57.88 @ ep 7)  [32.6s]
  ep  91: acc1=28.01%  acc2=27.84%  ens=27.93%  (best 57.88 @ ep 7)  [33.9s]
  ep  92: acc1=28.05%  acc2=27.90%  ens=27.98%  (best 57.88 @ ep 7)  [32.9s]
  ep  93: acc1=28.17%  acc2=28.19%  ens=28.18%  (best 57.88 @ ep 7)  [33.8s]
  ep  94: acc1=28.26%  acc2=28.07%  ens=28.17%  (best 57.88 @ ep 7)  [32.9s]
  ep  95: acc1=27.92%  acc2=28.03%  ens=27.98%  (best 57.88 @ ep 7)  [32.4s]
  ep  96: acc1=28.47%  acc2=27.96%  ens=28.21%  (best 57.88 @ ep 7)  [40.0s]
  ep  97: acc1=27.97%  acc2=28.12%  ens=28.04%  (best 57.88 @ ep 7)  [33.0s]
  ep  98: acc1=28.53%  acc2=28.02%  ens=28.27%  (best 57.88 @ ep 7)  [32.5s]
  ep  99: acc1=28.41%  acc2=28.02%  ens=28.21%  (best 57.88 @ ep 7)  [36.8s]  [w on clean=0.775, on noisy=0.687]

saved /path/to/ciln-workspace/journal_edition/robustness_transfer/results_v3/dividemix/gu_high__seed2.json: best ens-acc 57.88% @ ep 7
saved /path/to/ciln-workspace/journal_edition/robustness_transfer/results_v3/dividemix/gu_high__seed2__persample.npz
