/path/to/ciln-workspace/venv/lib/python3.12/site-packages/torchvision/datasets/cifar.py:83: VisibleDeprecationWarning: dtype(): align should be passed as Python or NumPy boolean but got `align=0`. Did you mean to pass a tuple to create a subarray type? (Deprecated NumPy 2.4)
  entry = pickle.load(f, encoding="latin1")
condition=ours__impulse_noise_sev5 seed=1 gpu=2
  ep   0: acc1=21.43%  acc2=17.84%  ens=19.63%  (best 19.63 @ ep 0)  [8.0s]
  ep   1: acc1=30.18%  acc2=28.72%  ens=29.45%  (best 29.45 @ ep 1)  [4.8s]
  ep   2: acc1=28.65%  acc2=30.29%  ens=29.47%  (best 29.47 @ ep 2)  [5.1s]
  ep   3: acc1=29.08%  acc2=29.69%  ens=29.39%  (best 29.47 @ ep 2)  [5.1s]
  ep   4: acc1=31.93%  acc2=37.38%  ens=34.66%  (best 34.66 @ ep 4)  [5.1s]
  ep   5: acc1=32.10%  acc2=33.81%  ens=32.95%  (best 34.66 @ ep 4)  [7.4s]  [w on clean=0.782, on noisy=0.456]
  ep   6: acc1=32.83%  acc2=40.86%  ens=36.84%  (best 36.84 @ ep 6)  [4.9s]
  ep   7: acc1=35.43%  acc2=36.96%  ens=36.20%  (best 36.84 @ ep 6)  [5.0s]
  ep   8: acc1=35.04%  acc2=34.53%  ens=34.78%  (best 36.84 @ ep 6)  [4.9s]
  ep   9: acc1=35.51%  acc2=35.75%  ens=35.63%  (best 36.84 @ ep 6)  [5.0s]
  ep  10: acc1=31.37%  acc2=28.70%  ens=30.04%  (best 36.84 @ ep 6)  [36.6s]  [w on clean=0.719, on noisy=0.466]
  ep  11: acc1=28.27%  acc2=27.81%  ens=28.04%  (best 36.84 @ ep 6)  [18.1s]
  ep  12: acc1=30.17%  acc2=30.60%  ens=30.39%  (best 36.84 @ ep 6)  [20.3s]
  ep  13: acc1=29.69%  acc2=27.83%  ens=28.76%  (best 36.84 @ ep 6)  [31.3s]
  ep  14: acc1=25.11%  acc2=23.94%  ens=24.52%  (best 36.84 @ ep 6)  [20.9s]
  ep  15: acc1=25.55%  acc2=23.93%  ens=24.74%  (best 36.84 @ ep 6)  [20.3s]
  ep  16: acc1=22.65%  acc2=23.40%  ens=23.03%  (best 36.84 @ ep 6)  [36.0s]
  ep  17: acc1=21.12%  acc2=19.92%  ens=20.52%  (best 36.84 @ ep 6)  [21.1s]
  ep  18: acc1=19.38%  acc2=19.72%  ens=19.55%  (best 36.84 @ ep 6)  [21.6s]
  ep  19: acc1=19.16%  acc2=19.72%  ens=19.44%  (best 36.84 @ ep 6)  [64.5s]
  ep  20: acc1=20.14%  acc2=18.92%  ens=19.53%  (best 36.84 @ ep 6)  [81.2s]  [w on clean=0.773, on noisy=0.811]
  ep  21: acc1=17.92%  acc2=17.07%  ens=17.50%  (best 36.84 @ ep 6)  [20.9s]
  ep  22: acc1=16.84%  acc2=16.41%  ens=16.62%  (best 36.84 @ ep 6)  [20.8s]
  ep  23: acc1=15.91%  acc2=15.52%  ens=15.72%  (best 36.84 @ ep 6)  [31.2s]
  ep  24: acc1=15.21%  acc2=14.84%  ens=15.02%  (best 36.84 @ ep 6)  [22.1s]
  ep  25: acc1=13.82%  acc2=13.57%  ens=13.69%  (best 36.84 @ ep 6)  [21.1s]
  ep  26: acc1=15.74%  acc2=14.61%  ens=15.17%  (best 36.84 @ ep 6)  [49.8s]
  ep  27: acc1=16.94%  acc2=16.90%  ens=16.92%  (best 36.84 @ ep 6)  [20.8s]
  ep  28: acc1=16.49%  acc2=14.05%  ens=15.27%  (best 36.84 @ ep 6)  [21.5s]
  ep  29: acc1=17.35%  acc2=18.86%  ens=18.11%  (best 36.84 @ ep 6)  [138.0s]
  ep  30: acc1=18.71%  acc2=19.72%  ens=19.21%  (best 36.84 @ ep 6)  [29.2s]  [w on clean=0.773, on noisy=0.811]
  ep  31: acc1=20.25%  acc2=18.90%  ens=19.57%  (best 36.84 @ ep 6)  [22.3s]
  ep  32: acc1=20.70%  acc2=20.93%  ens=20.82%  (best 36.84 @ ep 6)  [34.4s]
  ep  33: acc1=19.47%  acc2=17.75%  ens=18.61%  (best 36.84 @ ep 6)  [70.6s]
  ep  34: acc1=18.54%  acc2=18.34%  ens=18.44%  (best 36.84 @ ep 6)  [43.4s]
  ep  35: acc1=15.84%  acc2=17.69%  ens=16.77%  (best 36.84 @ ep 6)  [21.2s]
  ep  36: acc1=16.83%  acc2=18.46%  ens=17.64%  (best 36.84 @ ep 6)  [20.7s]
  ep  37: acc1=19.58%  acc2=21.16%  ens=20.37%  (best 36.84 @ ep 6)  [28.3s]
  ep  38: acc1=20.16%  acc2=19.74%  ens=19.95%  (best 36.84 @ ep 6)  [21.0s]
  ep  39: acc1=18.88%  acc2=17.96%  ens=18.42%  (best 36.84 @ ep 6)  [20.9s]
  ep  40: acc1=20.61%  acc2=16.57%  ens=18.59%  (best 36.84 @ ep 6)  [45.9s]
  ep  41: acc1=18.68%  acc2=17.12%  ens=17.90%  (best 36.84 @ ep 6)  [21.0s]
  ep  42: acc1=17.35%  acc2=16.68%  ens=17.02%  (best 36.84 @ ep 6)  [20.9s]
  ep  43: acc1=18.53%  acc2=19.97%  ens=19.25%  (best 36.84 @ ep 6)  [97.1s]
  ep  44: acc1=17.01%  acc2=17.48%  ens=17.24%  (best 36.84 @ ep 6)  [21.4s]
  ep  45: acc1=15.01%  acc2=15.31%  ens=15.16%  (best 36.84 @ ep 6)  [20.6s]
  ep  46: acc1=18.60%  acc2=17.06%  ens=17.83%  (best 36.84 @ ep 6)  [25.3s]
  ep  47: acc1=15.65%  acc2=16.73%  ens=16.19%  (best 36.84 @ ep 6)  [21.0s]
  ep  48: acc1=16.95%  acc2=15.83%  ens=16.39%  (best 36.84 @ ep 6)  [21.9s]
  ep  49: acc1=17.66%  acc2=16.05%  ens=16.86%  (best 36.84 @ ep 6)  [49.1s]
  ep  50: acc1=17.51%  acc2=18.82%  ens=18.16%  (best 36.84 @ ep 6)  [23.0s]  [w on clean=0.773, on noisy=0.812]
  ep  51: acc1=15.71%  acc2=18.73%  ens=17.22%  (best 36.84 @ ep 6)  [23.2s]
  ep  52: acc1=18.49%  acc2=16.30%  ens=17.39%  (best 36.84 @ ep 6)  [77.9s]
  ep  53: acc1=17.75%  acc2=17.83%  ens=17.79%  (best 36.84 @ ep 6)  [20.6s]
  ep  54: acc1=16.52%  acc2=16.42%  ens=16.47%  (best 36.84 @ ep 6)  [21.2s]
  ep  55: acc1=16.99%  acc2=16.35%  ens=16.67%  (best 36.84 @ ep 6)  [20.8s]
  ep  56: acc1=17.48%  acc2=18.42%  ens=17.95%  (best 36.84 @ ep 6)  [20.8s]
  ep  57: acc1=17.14%  acc2=16.98%  ens=17.06%  (best 36.84 @ ep 6)  [21.7s]
  ep  58: acc1=17.69%  acc2=17.71%  ens=17.70%  (best 36.84 @ ep 6)  [28.0s]
  ep  59: acc1=18.00%  acc2=18.01%  ens=18.00%  (best 36.84 @ ep 6)  [21.2s]
  ep  60: acc1=18.86%  acc2=18.55%  ens=18.70%  (best 36.84 @ ep 6)  [21.2s]
  ep  61: acc1=19.05%  acc2=20.04%  ens=19.55%  (best 36.84 @ ep 6)  [123.1s]
  ep  62: acc1=19.26%  acc2=18.68%  ens=18.97%  (best 36.84 @ ep 6)  [27.8s]
  ep  63: acc1=18.86%  acc2=18.18%  ens=18.52%  (best 36.84 @ ep 6)  [20.9s]
  ep  64: acc1=18.69%  acc2=18.93%  ens=18.81%  (best 36.84 @ ep 6)  [22.9s]
  ep  65: acc1=19.84%  acc2=17.88%  ens=18.86%  (best 36.84 @ ep 6)  [21.1s]
  ep  66: acc1=19.79%  acc2=19.83%  ens=19.81%  (best 36.84 @ ep 6)  [20.6s]
  ep  67: acc1=18.68%  acc2=17.06%  ens=17.87%  (best 36.84 @ ep 6)  [21.0s]
  ep  68: acc1=18.24%  acc2=19.80%  ens=19.02%  (best 36.84 @ ep 6)  [31.5s]
  ep  69: acc1=20.21%  acc2=18.94%  ens=19.57%  (best 36.84 @ ep 6)  [21.2s]
  ep  70: acc1=18.54%  acc2=18.94%  ens=18.74%  (best 36.84 @ ep 6)  [21.3s]
  ep  71: acc1=19.17%  acc2=19.36%  ens=19.27%  (best 36.84 @ ep 6)  [149.7s]
  ep  72: acc1=19.72%  acc2=19.01%  ens=19.36%  (best 36.84 @ ep 6)  [20.7s]
  ep  73: acc1=19.60%  acc2=18.97%  ens=19.29%  (best 36.84 @ ep 6)  [21.5s]
  ep  74: acc1=18.94%  acc2=18.55%  ens=18.75%  (best 36.84 @ ep 6)  [21.8s]
  ep  75: acc1=19.68%  acc2=19.16%  ens=19.42%  (best 36.84 @ ep 6)  [22.4s]  [w on clean=0.773, on noisy=0.812]
  ep  76: acc1=19.51%  acc2=19.92%  ens=19.71%  (best 36.84 @ ep 6)  [21.5s]
  ep  77: acc1=19.50%  acc2=18.90%  ens=19.20%  (best 36.84 @ ep 6)  [29.3s]
  ep  78: acc1=19.54%  acc2=19.36%  ens=19.45%  (best 36.84 @ ep 6)  [20.5s]
  ep  79: acc1=19.66%  acc2=19.48%  ens=19.57%  (best 36.84 @ ep 6)  [20.7s]
  ep  80: acc1=19.65%  acc2=18.43%  ens=19.04%  (best 36.84 @ ep 6)  [81.4s]
  ep  81: acc1=19.21%  acc2=19.87%  ens=19.54%  (best 36.84 @ ep 6)  [20.2s]
  ep  82: acc1=20.03%  acc2=19.61%  ens=19.82%  (best 36.84 @ ep 6)  [21.7s]
  ep  83: acc1=19.70%  acc2=19.57%  ens=19.64%  (best 36.84 @ ep 6)  [26.0s]
  ep  84: acc1=19.09%  acc2=18.48%  ens=18.79%  (best 36.84 @ ep 6)  [20.8s]
  ep  85: acc1=19.84%  acc2=19.32%  ens=19.58%  (best 36.84 @ ep 6)  [21.9s]
  ep  86: acc1=19.63%  acc2=19.49%  ens=19.56%  (best 36.84 @ ep 6)  [46.6s]
  ep  87: acc1=19.88%  acc2=19.42%  ens=19.65%  (best 36.84 @ ep 6)  [25.1s]
  ep  88: acc1=19.52%  acc2=19.81%  ens=19.66%  (best 36.84 @ ep 6)  [21.3s]
  ep  89: acc1=19.81%  acc2=19.62%  ens=19.71%  (best 36.84 @ ep 6)  [21.4s]
  ep  90: acc1=19.93%  acc2=19.70%  ens=19.81%  (best 36.84 @ ep 6)  [119.4s]
  ep  91: acc1=20.48%  acc2=19.36%  ens=19.92%  (best 36.84 @ ep 6)  [20.8s]
  ep  92: acc1=20.12%  acc2=19.61%  ens=19.86%  (best 36.84 @ ep 6)  [20.9s]
  ep  93: acc1=19.83%  acc2=19.43%  ens=19.63%  (best 36.84 @ ep 6)  [33.0s]
  ep  94: acc1=20.15%  acc2=19.59%  ens=19.87%  (best 36.84 @ ep 6)  [20.7s]
  ep  95: acc1=19.79%  acc2=19.79%  ens=19.79%  (best 36.84 @ ep 6)  [21.5s]
  ep  96: acc1=20.11%  acc2=20.05%  ens=20.08%  (best 36.84 @ ep 6)  [40.8s]
  ep  97: acc1=20.19%  acc2=19.68%  ens=19.93%  (best 36.84 @ ep 6)  [21.1s]
  ep  98: acc1=19.74%  acc2=19.77%  ens=19.75%  (best 36.84 @ ep 6)  [21.3s]
  ep  99: acc1=20.32%  acc2=19.64%  ens=19.98%  (best 36.84 @ ep 6)  [49.3s]  [w on clean=0.773, on noisy=0.812]

saved /path/to/ciln-workspace/journal_edition/robustness_transfer/results_v3/dividemix/ours__impulse_noise_sev5__seed1.json: best ens-acc 36.84% @ ep 6
saved /path/to/ciln-workspace/journal_edition/robustness_transfer/results_v3/dividemix/ours__impulse_noise_sev5__seed1__persample.npz
