/path/to/ciln-workspace/venv/lib/python3.12/site-packages/torchvision/datasets/cifar.py:83: VisibleDeprecationWarning: dtype(): align should be passed as Python or NumPy boolean but got `align=0`. Did you mean to pass a tuple to create a subarray type? (Deprecated NumPy 2.4)
  entry = pickle.load(f, encoding="latin1")
condition=ours__motion_blur_sev3 seed=2 gpu=2
  ep   0: acc1=25.11%  acc2=28.18%  ens=26.64%  (best 26.64 @ ep 0)  [6.0s]
  ep   1: acc1=21.35%  acc2=25.60%  ens=23.48%  (best 26.64 @ ep 0)  [5.2s]
  ep   2: acc1=41.31%  acc2=44.80%  ens=43.05%  (best 43.05 @ ep 2)  [5.1s]
  ep   3: acc1=43.68%  acc2=45.12%  ens=44.40%  (best 44.40 @ ep 3)  [4.9s]
  ep   4: acc1=45.47%  acc2=50.14%  ens=47.80%  (best 47.80 @ ep 4)  [4.8s]
  ep   5: acc1=51.13%  acc2=37.31%  ens=44.22%  (best 47.80 @ ep 4)  [7.5s]  [w on clean=0.836, on noisy=0.332]
  ep   6: acc1=48.14%  acc2=41.43%  ens=44.78%  (best 47.80 @ ep 4)  [5.0s]
  ep   7: acc1=53.07%  acc2=49.55%  ens=51.31%  (best 51.31 @ ep 7)  [5.1s]
  ep   8: acc1=54.05%  acc2=53.38%  ens=53.72%  (best 53.72 @ ep 8)  [5.0s]
  ep   9: acc1=56.65%  acc2=45.95%  ens=51.30%  (best 53.72 @ ep 8)  [5.0s]
  ep  10: acc1=36.28%  acc2=37.69%  ens=36.98%  (best 53.72 @ ep 8)  [34.4s]  [w on clean=0.632, on noisy=0.265]
  ep  11: acc1=38.00%  acc2=37.60%  ens=37.80%  (best 53.72 @ ep 8)  [17.3s]
  ep  12: acc1=37.20%  acc2=43.71%  ens=40.45%  (best 53.72 @ ep 8)  [20.5s]
  ep  13: acc1=45.03%  acc2=44.58%  ens=44.80%  (best 53.72 @ ep 8)  [132.9s]
  ep  14: acc1=39.36%  acc2=39.75%  ens=39.55%  (best 53.72 @ ep 8)  [20.5s]
  ep  15: acc1=38.33%  acc2=43.18%  ens=40.75%  (best 53.72 @ ep 8)  [21.9s]
  ep  16: acc1=43.71%  acc2=41.94%  ens=42.83%  (best 53.72 @ ep 8)  [38.0s]
  ep  17: acc1=41.42%  acc2=40.29%  ens=40.85%  (best 53.72 @ ep 8)  [32.3s]
  ep  18: acc1=37.48%  acc2=41.59%  ens=39.53%  (best 53.72 @ ep 8)  [21.0s]
  ep  19: acc1=37.95%  acc2=38.06%  ens=38.01%  (best 53.72 @ ep 8)  [20.8s]
  ep  20: acc1=37.70%  acc2=36.57%  ens=37.13%  (best 53.72 @ ep 8)  [28.4s]  [w on clean=0.907, on noisy=0.520]
  ep  21: acc1=37.38%  acc2=34.67%  ens=36.02%  (best 53.72 @ ep 8)  [21.7s]
  ep  22: acc1=36.09%  acc2=34.75%  ens=35.42%  (best 53.72 @ ep 8)  [30.5s]
  ep  23: acc1=37.06%  acc2=33.61%  ens=35.34%  (best 53.72 @ ep 8)  [44.8s]
  ep  24: acc1=35.87%  acc2=30.57%  ens=33.22%  (best 53.72 @ ep 8)  [23.3s]
  ep  25: acc1=35.71%  acc2=32.74%  ens=34.23%  (best 53.72 @ ep 8)  [23.7s]
  ep  26: acc1=36.01%  acc2=36.27%  ens=36.14%  (best 53.72 @ ep 8)  [61.9s]
  ep  27: acc1=38.42%  acc2=35.77%  ens=37.09%  (best 53.72 @ ep 8)  [22.8s]
  ep  28: acc1=35.55%  acc2=37.57%  ens=36.56%  (best 53.72 @ ep 8)  [22.5s]
  ep  29: acc1=36.10%  acc2=37.41%  ens=36.75%  (best 53.72 @ ep 8)  [22.6s]
  ep  30: acc1=36.68%  acc2=38.24%  ens=37.46%  (best 53.72 @ ep 8)  [24.9s]  [w on clean=0.944, on noisy=0.633]
  ep  31: acc1=39.84%  acc2=39.23%  ens=39.53%  (best 53.72 @ ep 8)  [24.5s]
  ep  32: acc1=37.45%  acc2=36.53%  ens=36.99%  (best 53.72 @ ep 8)  [22.2s]
  ep  33: acc1=35.86%  acc2=36.01%  ens=35.93%  (best 53.72 @ ep 8)  [25.5s]
  ep  34: acc1=39.52%  acc2=41.67%  ens=40.60%  (best 53.72 @ ep 8)  [53.3s]
  ep  35: acc1=39.84%  acc2=35.15%  ens=37.49%  (best 53.72 @ ep 8)  [22.7s]
  ep  36: acc1=36.35%  acc2=38.34%  ens=37.34%  (best 53.72 @ ep 8)  [22.0s]
  ep  37: acc1=38.74%  acc2=40.13%  ens=39.43%  (best 53.72 @ ep 8)  [24.7s]
  ep  38: acc1=38.24%  acc2=42.48%  ens=40.36%  (best 53.72 @ ep 8)  [22.9s]
  ep  39: acc1=39.75%  acc2=39.41%  ens=39.58%  (best 53.72 @ ep 8)  [22.6s]
  ep  40: acc1=38.94%  acc2=38.75%  ens=38.84%  (best 53.72 @ ep 8)  [24.2s]
  ep  41: acc1=37.80%  acc2=39.07%  ens=38.43%  (best 53.72 @ ep 8)  [22.7s]
  ep  42: acc1=40.22%  acc2=41.01%  ens=40.62%  (best 53.72 @ ep 8)  [40.5s]
  ep  43: acc1=41.03%  acc2=38.77%  ens=39.90%  (best 53.72 @ ep 8)  [22.4s]
  ep  44: acc1=41.37%  acc2=37.85%  ens=39.61%  (best 53.72 @ ep 8)  [23.2s]
  ep  45: acc1=38.29%  acc2=39.19%  ens=38.74%  (best 53.72 @ ep 8)  [26.4s]
  ep  46: acc1=38.34%  acc2=41.52%  ens=39.93%  (best 53.72 @ ep 8)  [23.0s]
  ep  47: acc1=40.00%  acc2=41.20%  ens=40.60%  (best 53.72 @ ep 8)  [23.1s]
  ep  48: acc1=41.50%  acc2=41.02%  ens=41.26%  (best 53.72 @ ep 8)  [28.3s]
  ep  49: acc1=40.05%  acc2=40.27%  ens=40.16%  (best 53.72 @ ep 8)  [22.5s]
  ep  50: acc1=41.63%  acc2=41.68%  ens=41.66%  (best 53.72 @ ep 8)  [29.8s]  [w on clean=0.951, on noisy=0.713]
  ep  51: acc1=40.38%  acc2=40.54%  ens=40.46%  (best 53.72 @ ep 8)  [23.2s]
  ep  52: acc1=39.35%  acc2=40.52%  ens=39.93%  (best 53.72 @ ep 8)  [23.5s]
  ep  53: acc1=42.47%  acc2=40.71%  ens=41.59%  (best 53.72 @ ep 8)  [31.4s]
  ep  54: acc1=39.39%  acc2=40.12%  ens=39.75%  (best 53.72 @ ep 8)  [23.1s]
  ep  55: acc1=39.80%  acc2=41.64%  ens=40.72%  (best 53.72 @ ep 8)  [23.0s]
  ep  56: acc1=42.52%  acc2=44.35%  ens=43.44%  (best 53.72 @ ep 8)  [31.1s]
  ep  57: acc1=44.43%  acc2=41.48%  ens=42.95%  (best 53.72 @ ep 8)  [23.4s]
  ep  58: acc1=40.66%  acc2=40.53%  ens=40.60%  (best 53.72 @ ep 8)  [23.5s]
  ep  59: acc1=42.49%  acc2=39.06%  ens=40.77%  (best 53.72 @ ep 8)  [32.4s]
  ep  60: acc1=42.01%  acc2=41.85%  ens=41.93%  (best 53.72 @ ep 8)  [22.8s]
  ep  61: acc1=42.52%  acc2=43.37%  ens=42.95%  (best 53.72 @ ep 8)  [24.5s]
  ep  62: acc1=42.07%  acc2=43.14%  ens=42.61%  (best 53.72 @ ep 8)  [23.0s]
  ep  63: acc1=44.49%  acc2=42.40%  ens=43.45%  (best 53.72 @ ep 8)  [23.2s]
  ep  64: acc1=42.21%  acc2=42.46%  ens=42.34%  (best 53.72 @ ep 8)  [61.0s]
  ep  65: acc1=43.94%  acc2=43.85%  ens=43.90%  (best 53.72 @ ep 8)  [22.5s]
  ep  66: acc1=44.20%  acc2=42.90%  ens=43.55%  (best 53.72 @ ep 8)  [23.4s]
  ep  67: acc1=41.18%  acc2=43.07%  ens=42.12%  (best 53.72 @ ep 8)  [35.8s]
  ep  68: acc1=43.83%  acc2=44.44%  ens=44.14%  (best 53.72 @ ep 8)  [23.7s]
  ep  69: acc1=42.80%  acc2=42.88%  ens=42.84%  (best 53.72 @ ep 8)  [59.3s]
  ep  70: acc1=43.37%  acc2=42.86%  ens=43.11%  (best 53.72 @ ep 8)  [93.2s]
  ep  71: acc1=44.09%  acc2=43.86%  ens=43.97%  (best 53.72 @ ep 8)  [23.1s]
  ep  72: acc1=42.15%  acc2=43.63%  ens=42.89%  (best 53.72 @ ep 8)  [22.8s]
  ep  73: acc1=43.70%  acc2=44.21%  ens=43.95%  (best 53.72 @ ep 8)  [71.4s]
  ep  74: acc1=43.57%  acc2=44.75%  ens=44.16%  (best 53.72 @ ep 8)  [23.8s]
  ep  75: acc1=42.62%  acc2=43.72%  ens=43.17%  (best 53.72 @ ep 8)  [28.0s]  [w on clean=0.952, on noisy=0.723]
  ep  76: acc1=43.87%  acc2=43.47%  ens=43.67%  (best 53.72 @ ep 8)  [22.1s]
  ep  77: acc1=43.39%  acc2=43.31%  ens=43.35%  (best 53.72 @ ep 8)  [22.9s]
  ep  78: acc1=44.82%  acc2=44.06%  ens=44.44%  (best 53.72 @ ep 8)  [105.6s]
  ep  79: acc1=44.66%  acc2=44.65%  ens=44.66%  (best 53.72 @ ep 8)  [22.8s]
  ep  80: acc1=44.42%  acc2=44.60%  ens=44.51%  (best 53.72 @ ep 8)  [23.0s]
  ep  81: acc1=44.24%  acc2=45.59%  ens=44.92%  (best 53.72 @ ep 8)  [39.1s]
  ep  82: acc1=44.07%  acc2=43.63%  ens=43.85%  (best 53.72 @ ep 8)  [23.6s]
  ep  83: acc1=44.08%  acc2=44.84%  ens=44.46%  (best 53.72 @ ep 8)  [23.1s]
  ep  84: acc1=43.96%  acc2=44.93%  ens=44.45%  (best 53.72 @ ep 8)  [171.3s]
  ep  85: acc1=44.10%  acc2=44.66%  ens=44.38%  (best 53.72 @ ep 8)  [28.2s]
  ep  86: acc1=43.49%  acc2=44.57%  ens=44.03%  (best 53.72 @ ep 8)  [23.2s]
  ep  87: acc1=44.05%  acc2=44.80%  ens=44.43%  (best 53.72 @ ep 8)  [54.4s]
  ep  88: acc1=44.66%  acc2=44.28%  ens=44.47%  (best 53.72 @ ep 8)  [22.7s]
  ep  89: acc1=44.57%  acc2=43.99%  ens=44.28%  (best 53.72 @ ep 8)  [23.5s]
  ep  90: acc1=44.68%  acc2=44.67%  ens=44.67%  (best 53.72 @ ep 8)  [24.2s]
  ep  91: acc1=45.05%  acc2=44.90%  ens=44.98%  (best 53.72 @ ep 8)  [22.7s]
  ep  92: acc1=44.24%  acc2=44.70%  ens=44.47%  (best 53.72 @ ep 8)  [22.8s]
  ep  93: acc1=44.34%  acc2=44.60%  ens=44.47%  (best 53.72 @ ep 8)  [24.5s]
  ep  94: acc1=44.45%  acc2=44.46%  ens=44.45%  (best 53.72 @ ep 8)  [22.5s]
  ep  95: acc1=44.22%  acc2=44.37%  ens=44.29%  (best 53.72 @ ep 8)  [24.4s]
  ep  96: acc1=44.53%  acc2=44.76%  ens=44.65%  (best 53.72 @ ep 8)  [25.5s]
  ep  97: acc1=44.48%  acc2=44.86%  ens=44.67%  (best 53.72 @ ep 8)  [22.8s]
  ep  98: acc1=44.48%  acc2=44.61%  ens=44.55%  (best 53.72 @ ep 8)  [30.4s]
  ep  99: acc1=44.60%  acc2=44.38%  ens=44.49%  (best 53.72 @ ep 8)  [25.7s]  [w on clean=0.952, on noisy=0.724]

saved /path/to/ciln-workspace/journal_edition/robustness_transfer/results_v3/dividemix/ours__motion_blur_sev3__seed2.json: best ens-acc 53.72% @ ep 8
saved /path/to/ciln-workspace/journal_edition/robustness_transfer/results_v3/dividemix/ours__motion_blur_sev3__seed2__persample.npz
