/path/to/ciln-workspace/venv/lib/python3.12/site-packages/torchvision/datasets/cifar.py:83: VisibleDeprecationWarning: dtype(): align should be passed as Python or NumPy boolean but got `align=0`. Did you mean to pass a tuple to create a subarray type? (Deprecated NumPy 2.4)
  entry = pickle.load(f, encoding="latin1")
condition=gu_high seed=0 gpu=1
  ep   0: acc1=28.14%  acc2=36.19%  ens=32.16%  (best 32.16 @ ep 0)  [7.8s]
  ep   1: acc1=42.03%  acc2=36.34%  ens=39.19%  (best 39.19 @ ep 1)  [6.8s]
  ep   2: acc1=40.04%  acc2=48.38%  ens=44.21%  (best 44.21 @ ep 2)  [7.3s]
  ep   3: acc1=51.91%  acc2=48.98%  ens=50.45%  (best 50.45 @ ep 3)  [7.1s]
  ep   4: acc1=49.50%  acc2=49.62%  ens=49.56%  (best 50.45 @ ep 3)  [7.1s]
  ep   5: acc1=54.85%  acc2=53.61%  ens=54.23%  (best 54.23 @ ep 5)  [10.8s]  [w on clean=0.805, on noisy=0.414]
  ep   6: acc1=49.50%  acc2=57.50%  ens=53.50%  (best 54.23 @ ep 5)  [6.6s]
  ep   7: acc1=55.33%  acc2=55.33%  ens=55.33%  (best 55.33 @ ep 7)  [6.8s]
  ep   8: acc1=55.44%  acc2=54.48%  ens=54.96%  (best 55.33 @ ep 7)  [23.2s]
  ep   9: acc1=56.29%  acc2=54.98%  ens=55.63%  (best 55.63 @ ep 9)  [13.3s]
  ep  10: acc1=42.25%  acc2=40.22%  ens=41.23%  (best 55.63 @ ep 9)  [35.2s]  [w on clean=0.734, on noisy=0.466]
  ep  11: acc1=35.19%  acc2=32.62%  ens=33.90%  (best 55.63 @ ep 9)  [54.9s]
  ep  12: acc1=28.89%  acc2=29.30%  ens=29.09%  (best 55.63 @ ep 9)  [34.5s]
  ep  13: acc1=28.77%  acc2=24.10%  ens=26.43%  (best 55.63 @ ep 9)  [24.6s]
  ep  14: acc1=26.83%  acc2=26.75%  ens=26.79%  (best 55.63 @ ep 9)  [33.5s]
  ep  15: acc1=26.88%  acc2=26.62%  ens=26.75%  (best 55.63 @ ep 9)  [25.0s]
  ep  16: acc1=26.37%  acc2=24.06%  ens=25.21%  (best 55.63 @ ep 9)  [26.9s]
  ep  17: acc1=21.52%  acc2=18.32%  ens=19.92%  (best 55.63 @ ep 9)  [58.9s]
  ep  18: acc1=18.46%  acc2=17.68%  ens=18.07%  (best 55.63 @ ep 9)  [31.7s]
  ep  19: acc1=16.95%  acc2=16.28%  ens=16.62%  (best 55.63 @ ep 9)  [49.3s]
  ep  20: acc1=16.49%  acc2=19.23%  ens=17.86%  (best 55.63 @ ep 9)  [34.9s]  [w on clean=0.732, on noisy=0.640]
  ep  21: acc1=18.81%  acc2=18.93%  ens=18.87%  (best 55.63 @ ep 9)  [42.3s]
  ep  22: acc1=17.04%  acc2=17.60%  ens=17.32%  (best 55.63 @ ep 9)  [31.9s]
  ep  23: acc1=16.20%  acc2=15.17%  ens=15.68%  (best 55.63 @ ep 9)  [59.3s]
  ep  24: acc1=12.91%  acc2=15.84%  ens=14.37%  (best 55.63 @ ep 9)  [33.1s]
  ep  25: acc1=16.10%  acc2=16.23%  ens=16.17%  (best 55.63 @ ep 9)  [36.7s]
  ep  26: acc1=15.66%  acc2=17.08%  ens=16.37%  (best 55.63 @ ep 9)  [32.9s]
  ep  27: acc1=15.40%  acc2=15.64%  ens=15.52%  (best 55.63 @ ep 9)  [83.4s]
  ep  28: acc1=14.10%  acc2=15.04%  ens=14.57%  (best 55.63 @ ep 9)  [31.9s]
  ep  29: acc1=15.37%  acc2=16.33%  ens=15.85%  (best 55.63 @ ep 9)  [46.6s]
  ep  30: acc1=15.29%  acc2=15.66%  ens=15.47%  (best 55.63 @ ep 9)  [34.8s]  [w on clean=0.731, on noisy=0.640]
  ep  31: acc1=15.98%  acc2=17.61%  ens=16.79%  (best 55.63 @ ep 9)  [47.6s]
  ep  32: acc1=17.13%  acc2=17.33%  ens=17.23%  (best 55.63 @ ep 9)  [31.7s]
  ep  33: acc1=17.77%  acc2=16.07%  ens=16.92%  (best 55.63 @ ep 9)  [38.2s]
  ep  34: acc1=16.70%  acc2=18.32%  ens=17.51%  (best 55.63 @ ep 9)  [31.5s]
  ep  35: acc1=15.30%  acc2=15.52%  ens=15.41%  (best 55.63 @ ep 9)  [55.6s]
  ep  36: acc1=17.52%  acc2=16.30%  ens=16.91%  (best 55.63 @ ep 9)  [37.7s]
  ep  37: acc1=16.70%  acc2=16.30%  ens=16.50%  (best 55.63 @ ep 9)  [33.1s]
  ep  38: acc1=15.86%  acc2=17.37%  ens=16.61%  (best 55.63 @ ep 9)  [54.0s]
  ep  39: acc1=19.57%  acc2=18.05%  ens=18.81%  (best 55.63 @ ep 9)  [33.9s]
  ep  40: acc1=17.13%  acc2=16.44%  ens=16.79%  (best 55.63 @ ep 9)  [56.1s]
  ep  41: acc1=13.34%  acc2=14.44%  ens=13.89%  (best 55.63 @ ep 9)  [42.4s]
  ep  42: acc1=12.95%  acc2=13.66%  ens=13.30%  (best 55.63 @ ep 9)  [31.8s]
  ep  43: acc1=15.03%  acc2=17.15%  ens=16.09%  (best 55.63 @ ep 9)  [76.3s]
  ep  44: acc1=17.91%  acc2=16.05%  ens=16.98%  (best 55.63 @ ep 9)  [32.0s]
  ep  45: acc1=14.59%  acc2=14.25%  ens=14.42%  (best 55.63 @ ep 9)  [84.1s]
  ep  46: acc1=14.28%  acc2=14.95%  ens=14.62%  (best 55.63 @ ep 9)  [32.0s]
  ep  47: acc1=14.10%  acc2=15.73%  ens=14.92%  (best 55.63 @ ep 9)  [36.2s]
  ep  48: acc1=16.26%  acc2=15.97%  ens=16.12%  (best 55.63 @ ep 9)  [33.9s]
  ep  49: acc1=17.41%  acc2=14.58%  ens=16.00%  (best 55.63 @ ep 9)  [47.1s]
  ep  50: acc1=15.13%  acc2=15.88%  ens=15.50%  (best 55.63 @ ep 9)  [36.8s]  [w on clean=0.731, on noisy=0.640]
  ep  51: acc1=17.37%  acc2=16.47%  ens=16.92%  (best 55.63 @ ep 9)  [32.2s]
  ep  52: acc1=17.36%  acc2=16.55%  ens=16.96%  (best 55.63 @ ep 9)  [33.8s]
  ep  53: acc1=17.32%  acc2=16.66%  ens=16.99%  (best 55.63 @ ep 9)  [133.7s]
  ep  54: acc1=16.35%  acc2=17.30%  ens=16.83%  (best 55.63 @ ep 9)  [31.3s]
  ep  55: acc1=17.86%  acc2=14.83%  ens=16.34%  (best 55.63 @ ep 9)  [32.6s]
  ep  56: acc1=17.07%  acc2=18.39%  ens=17.73%  (best 55.63 @ ep 9)  [32.7s]
  ep  57: acc1=17.86%  acc2=19.19%  ens=18.52%  (best 55.63 @ ep 9)  [39.2s]
  ep  58: acc1=17.98%  acc2=18.78%  ens=18.38%  (best 55.63 @ ep 9)  [32.8s]
  ep  59: acc1=17.18%  acc2=17.14%  ens=17.16%  (best 55.63 @ ep 9)  [130.2s]
  ep  60: acc1=17.34%  acc2=18.17%  ens=17.75%  (best 55.63 @ ep 9)  [32.2s]
  ep  61: acc1=17.74%  acc2=17.34%  ens=17.54%  (best 55.63 @ ep 9)  [42.4s]
  ep  62: acc1=17.79%  acc2=16.64%  ens=17.21%  (best 55.63 @ ep 9)  [32.2s]
  ep  63: acc1=16.38%  acc2=16.32%  ens=16.35%  (best 55.63 @ ep 9)  [66.4s]
  ep  64: acc1=16.49%  acc2=17.52%  ens=17.00%  (best 55.63 @ ep 9)  [32.3s]
  ep  65: acc1=17.00%  acc2=19.58%  ens=18.29%  (best 55.63 @ ep 9)  [41.5s]
  ep  66: acc1=19.35%  acc2=18.64%  ens=19.00%  (best 55.63 @ ep 9)  [31.8s]
  ep  67: acc1=19.44%  acc2=17.02%  ens=18.23%  (best 55.63 @ ep 9)  [33.1s]
  ep  68: acc1=18.86%  acc2=19.21%  ens=19.04%  (best 55.63 @ ep 9)  [31.8s]
  ep  69: acc1=18.72%  acc2=18.91%  ens=18.81%  (best 55.63 @ ep 9)  [51.5s]
  ep  70: acc1=18.05%  acc2=18.11%  ens=18.08%  (best 55.63 @ ep 9)  [32.2s]
  ep  71: acc1=19.40%  acc2=18.73%  ens=19.06%  (best 55.63 @ ep 9)  [91.7s]
  ep  72: acc1=19.62%  acc2=17.27%  ens=18.45%  (best 55.63 @ ep 9)  [32.6s]
  ep  73: acc1=18.26%  acc2=18.25%  ens=18.25%  (best 55.63 @ ep 9)  [42.3s]
  ep  74: acc1=18.93%  acc2=19.33%  ens=19.13%  (best 55.63 @ ep 9)  [32.1s]
  ep  75: acc1=18.94%  acc2=19.37%  ens=19.16%  (best 55.63 @ ep 9)  [54.5s]  [w on clean=0.731, on noisy=0.639]
  ep  76: acc1=19.22%  acc2=18.47%  ens=18.84%  (best 55.63 @ ep 9)  [31.4s]
  ep  77: acc1=19.01%  acc2=18.42%  ens=18.71%  (best 55.63 @ ep 9)  [46.0s]
  ep  78: acc1=19.48%  acc2=19.88%  ens=19.68%  (best 55.63 @ ep 9)  [31.7s]
  ep  79: acc1=20.81%  acc2=19.64%  ens=20.22%  (best 55.63 @ ep 9)  [32.0s]
  ep  80: acc1=19.69%  acc2=19.26%  ens=19.47%  (best 55.63 @ ep 9)  [31.4s]
  ep  81: acc1=19.34%  acc2=19.26%  ens=19.30%  (best 55.63 @ ep 9)  [79.3s]
  ep  82: acc1=19.27%  acc2=18.46%  ens=18.86%  (best 55.63 @ ep 9)  [31.7s]
  ep  83: acc1=19.38%  acc2=19.77%  ens=19.57%  (best 55.63 @ ep 9)  [37.3s]
  ep  84: acc1=19.49%  acc2=19.76%  ens=19.62%  (best 55.63 @ ep 9)  [32.3s]
  ep  85: acc1=20.14%  acc2=20.10%  ens=20.12%  (best 55.63 @ ep 9)  [35.9s]
  ep  86: acc1=18.57%  acc2=18.84%  ens=18.70%  (best 55.63 @ ep 9)  [34.0s]
  ep  87: acc1=19.42%  acc2=19.54%  ens=19.48%  (best 55.63 @ ep 9)  [47.2s]
  ep  88: acc1=19.62%  acc2=19.59%  ens=19.61%  (best 55.63 @ ep 9)  [32.6s]
  ep  89: acc1=19.47%  acc2=18.80%  ens=19.14%  (best 55.63 @ ep 9)  [42.8s]
  ep  90: acc1=19.19%  acc2=18.87%  ens=19.03%  (best 55.63 @ ep 9)  [31.6s]
  ep  91: acc1=18.88%  acc2=18.99%  ens=18.94%  (best 55.63 @ ep 9)  [46.0s]
  ep  92: acc1=19.23%  acc2=19.44%  ens=19.34%  (best 55.63 @ ep 9)  [32.8s]
  ep  93: acc1=19.62%  acc2=19.14%  ens=19.38%  (best 55.63 @ ep 9)  [134.0s]
  ep  94: acc1=19.20%  acc2=18.95%  ens=19.07%  (best 55.63 @ ep 9)  [31.7s]
  ep  95: acc1=19.06%  acc2=19.17%  ens=19.11%  (best 55.63 @ ep 9)  [42.2s]
  ep  96: acc1=19.32%  acc2=19.22%  ens=19.27%  (best 55.63 @ ep 9)  [32.6s]
  ep  97: acc1=19.35%  acc2=19.20%  ens=19.28%  (best 55.63 @ ep 9)  [60.5s]
  ep  98: acc1=19.57%  acc2=19.20%  ens=19.39%  (best 55.63 @ ep 9)  [32.4s]
  ep  99: acc1=19.17%  acc2=19.15%  ens=19.16%  (best 55.63 @ ep 9)  [157.4s]  [w on clean=0.731, on noisy=0.640]

saved /path/to/ciln-workspace/journal_edition/robustness_transfer/results_v3/dividemix/gu_high__seed0.json: best ens-acc 55.63% @ ep 9
saved /path/to/ciln-workspace/journal_edition/robustness_transfer/results_v3/dividemix/gu_high__seed0__persample.npz
