/path/to/ciln-workspace/venv/lib/python3.12/site-packages/torchvision/datasets/cifar.py:83: VisibleDeprecationWarning: dtype(): align should be passed as Python or NumPy boolean but got `align=0`. Did you mean to pass a tuple to create a subarray type? (Deprecated NumPy 2.4)
  entry = pickle.load(f, encoding="latin1")
condition=ours__fog_sev3 seed=0 gpu=2
  ep   0: acc1=27.93%  acc2=23.47%  ens=25.70%  (best 25.70 @ ep 0)  [6.0s]
  ep   1: acc1=27.13%  acc2=35.11%  ens=31.12%  (best 31.12 @ ep 1)  [4.9s]
  ep   2: acc1=43.06%  acc2=39.35%  ens=41.21%  (best 41.21 @ ep 2)  [4.8s]
  ep   3: acc1=43.74%  acc2=42.88%  ens=43.31%  (best 43.31 @ ep 3)  [4.9s]
  ep   4: acc1=48.22%  acc2=42.81%  ens=45.52%  (best 45.52 @ ep 4)  [5.1s]
  ep   5: acc1=49.15%  acc2=51.94%  ens=50.54%  (best 50.54 @ ep 5)  [7.0s]  [w on clean=0.808, on noisy=0.389]
  ep   6: acc1=52.58%  acc2=41.97%  ens=47.27%  (best 50.54 @ ep 5)  [5.1s]
  ep   7: acc1=47.07%  acc2=43.70%  ens=45.38%  (best 50.54 @ ep 5)  [5.9s]
  ep   8: acc1=50.20%  acc2=54.21%  ens=52.20%  (best 52.20 @ ep 8)  [16.3s]
  ep   9: acc1=58.86%  acc2=48.13%  ens=53.50%  (best 53.50 @ ep 9)  [14.7s]
  ep  10: acc1=45.64%  acc2=38.77%  ens=42.20%  (best 53.50 @ ep 9)  [22.3s]  [w on clean=0.778, on noisy=0.384]
  ep  11: acc1=37.03%  acc2=35.61%  ens=36.32%  (best 53.50 @ ep 9)  [18.4s]
  ep  12: acc1=31.58%  acc2=22.73%  ens=27.16%  (best 53.50 @ ep 9)  [18.7s]
  ep  13: acc1=23.09%  acc2=25.62%  ens=24.36%  (best 53.50 @ ep 9)  [37.4s]
  ep  14: acc1=32.17%  acc2=36.61%  ens=34.39%  (best 53.50 @ ep 9)  [19.9s]
  ep  15: acc1=36.41%  acc2=34.79%  ens=35.60%  (best 53.50 @ ep 9)  [18.4s]
  ep  16: acc1=30.95%  acc2=28.57%  ens=29.76%  (best 53.50 @ ep 9)  [19.2s]
  ep  17: acc1=29.64%  acc2=34.29%  ens=31.96%  (best 53.50 @ ep 9)  [19.7s]
  ep  18: acc1=34.20%  acc2=39.47%  ens=36.84%  (best 53.50 @ ep 9)  [19.0s]
  ep  19: acc1=38.33%  acc2=36.32%  ens=37.32%  (best 53.50 @ ep 9)  [77.4s]
  ep  20: acc1=42.48%  acc2=40.69%  ens=41.59%  (best 53.50 @ ep 9)  [117.0s]  [w on clean=0.819, on noisy=0.476]
  ep  21: acc1=41.04%  acc2=40.75%  ens=40.89%  (best 53.50 @ ep 9)  [19.8s]
  ep  22: acc1=44.18%  acc2=40.54%  ens=42.36%  (best 53.50 @ ep 9)  [19.6s]
  ep  23: acc1=41.47%  acc2=40.09%  ens=40.78%  (best 53.50 @ ep 9)  [20.2s]
  ep  24: acc1=39.79%  acc2=36.99%  ens=38.39%  (best 53.50 @ ep 9)  [20.7s]
  ep  25: acc1=37.85%  acc2=43.05%  ens=40.45%  (best 53.50 @ ep 9)  [19.5s]
  ep  26: acc1=39.80%  acc2=41.39%  ens=40.60%  (best 53.50 @ ep 9)  [69.9s]
  ep  27: acc1=41.06%  acc2=40.39%  ens=40.73%  (best 53.50 @ ep 9)  [20.2s]
  ep  28: acc1=37.78%  acc2=40.52%  ens=39.15%  (best 53.50 @ ep 9)  [20.6s]
  ep  29: acc1=40.04%  acc2=42.08%  ens=41.06%  (best 53.50 @ ep 9)  [21.1s]
  ep  30: acc1=43.63%  acc2=43.79%  ens=43.71%  (best 53.50 @ ep 9)  [24.8s]  [w on clean=0.821, on noisy=0.523]
  ep  31: acc1=42.94%  acc2=43.95%  ens=43.45%  (best 53.50 @ ep 9)  [20.7s]
  ep  32: acc1=43.68%  acc2=42.53%  ens=43.11%  (best 53.50 @ ep 9)  [20.3s]
  ep  33: acc1=42.81%  acc2=41.78%  ens=42.30%  (best 53.50 @ ep 9)  [87.1s]
  ep  34: acc1=42.53%  acc2=43.79%  ens=43.16%  (best 53.50 @ ep 9)  [19.3s]
  ep  35: acc1=43.58%  acc2=44.12%  ens=43.85%  (best 53.50 @ ep 9)  [20.6s]
  ep  36: acc1=45.56%  acc2=43.62%  ens=44.59%  (best 53.50 @ ep 9)  [49.4s]
  ep  37: acc1=42.65%  acc2=41.98%  ens=42.32%  (best 53.50 @ ep 9)  [20.4s]
  ep  38: acc1=42.87%  acc2=40.15%  ens=41.51%  (best 53.50 @ ep 9)  [20.5s]
  ep  39: acc1=44.64%  acc2=42.76%  ens=43.70%  (best 53.50 @ ep 9)  [20.0s]
  ep  40: acc1=42.69%  acc2=42.25%  ens=42.47%  (best 53.50 @ ep 9)  [20.8s]
  ep  41: acc1=40.52%  acc2=44.49%  ens=42.51%  (best 53.50 @ ep 9)  [20.4s]
  ep  42: acc1=42.37%  acc2=41.61%  ens=41.99%  (best 53.50 @ ep 9)  [21.0s]
  ep  43: acc1=44.13%  acc2=45.60%  ens=44.87%  (best 53.50 @ ep 9)  [19.6s]
  ep  44: acc1=45.43%  acc2=45.37%  ens=45.40%  (best 53.50 @ ep 9)  [20.0s]
  ep  45: acc1=46.79%  acc2=46.57%  ens=46.68%  (best 53.50 @ ep 9)  [22.5s]
  ep  46: acc1=46.92%  acc2=45.38%  ens=46.15%  (best 53.50 @ ep 9)  [19.5s]
  ep  47: acc1=45.62%  acc2=43.63%  ens=44.62%  (best 53.50 @ ep 9)  [19.8s]
  ep  48: acc1=43.43%  acc2=43.81%  ens=43.62%  (best 53.50 @ ep 9)  [31.1s]
  ep  49: acc1=44.18%  acc2=45.12%  ens=44.65%  (best 53.50 @ ep 9)  [74.5s]
  ep  50: acc1=45.51%  acc2=46.08%  ens=45.79%  (best 53.50 @ ep 9)  [22.6s]  [w on clean=0.823, on noisy=0.548]
  ep  51: acc1=45.10%  acc2=45.67%  ens=45.38%  (best 53.50 @ ep 9)  [19.6s]
  ep  52: acc1=44.98%  acc2=46.29%  ens=45.63%  (best 53.50 @ ep 9)  [19.9s]
  ep  53: acc1=45.07%  acc2=47.25%  ens=46.16%  (best 53.50 @ ep 9)  [19.9s]
  ep  54: acc1=42.48%  acc2=44.31%  ens=43.40%  (best 53.50 @ ep 9)  [19.9s]
  ep  55: acc1=45.32%  acc2=45.50%  ens=45.41%  (best 53.50 @ ep 9)  [42.8s]
  ep  56: acc1=44.72%  acc2=44.17%  ens=44.45%  (best 53.50 @ ep 9)  [20.0s]
  ep  57: acc1=44.54%  acc2=46.95%  ens=45.75%  (best 53.50 @ ep 9)  [20.5s]
  ep  58: acc1=44.62%  acc2=45.12%  ens=44.87%  (best 53.50 @ ep 9)  [29.1s]
  ep  59: acc1=44.83%  acc2=43.94%  ens=44.38%  (best 53.50 @ ep 9)  [21.1s]
  ep  60: acc1=45.90%  acc2=44.93%  ens=45.41%  (best 53.50 @ ep 9)  [19.7s]
  ep  61: acc1=44.55%  acc2=44.55%  ens=44.55%  (best 53.50 @ ep 9)  [30.8s]
  ep  62: acc1=46.89%  acc2=45.71%  ens=46.30%  (best 53.50 @ ep 9)  [41.1s]
  ep  63: acc1=45.16%  acc2=46.09%  ens=45.62%  (best 53.50 @ ep 9)  [21.3s]
  ep  64: acc1=45.95%  acc2=45.25%  ens=45.60%  (best 53.50 @ ep 9)  [21.5s]
  ep  65: acc1=46.50%  acc2=46.28%  ens=46.39%  (best 53.50 @ ep 9)  [28.4s]
  ep  66: acc1=46.04%  acc2=45.84%  ens=45.94%  (best 53.50 @ ep 9)  [20.3s]
  ep  67: acc1=46.20%  acc2=46.39%  ens=46.29%  (best 53.50 @ ep 9)  [20.9s]
  ep  68: acc1=45.61%  acc2=46.59%  ens=46.10%  (best 53.50 @ ep 9)  [32.6s]
  ep  69: acc1=46.26%  acc2=45.66%  ens=45.96%  (best 53.50 @ ep 9)  [21.7s]
  ep  70: acc1=46.44%  acc2=45.87%  ens=46.16%  (best 53.50 @ ep 9)  [21.2s]
  ep  71: acc1=46.81%  acc2=46.14%  ens=46.48%  (best 53.50 @ ep 9)  [63.3s]
  ep  72: acc1=45.94%  acc2=46.73%  ens=46.34%  (best 53.50 @ ep 9)  [21.1s]
  ep  73: acc1=47.69%  acc2=46.89%  ens=47.29%  (best 53.50 @ ep 9)  [21.5s]
  ep  74: acc1=46.46%  acc2=46.69%  ens=46.58%  (best 53.50 @ ep 9)  [22.8s]
  ep  75: acc1=47.27%  acc2=46.62%  ens=46.95%  (best 53.50 @ ep 9)  [23.5s]  [w on clean=0.824, on noisy=0.582]
  ep  76: acc1=47.03%  acc2=46.43%  ens=46.73%  (best 53.50 @ ep 9)  [32.3s]
  ep  77: acc1=46.49%  acc2=46.93%  ens=46.71%  (best 53.50 @ ep 9)  [80.9s]
  ep  78: acc1=47.13%  acc2=47.52%  ens=47.33%  (best 53.50 @ ep 9)  [20.9s]
  ep  79: acc1=47.06%  acc2=47.56%  ens=47.31%  (best 53.50 @ ep 9)  [20.3s]
  ep  80: acc1=47.37%  acc2=46.90%  ens=47.13%  (best 53.50 @ ep 9)  [22.7s]
  ep  81: acc1=47.87%  acc2=47.69%  ens=47.78%  (best 53.50 @ ep 9)  [21.5s]
  ep  82: acc1=47.40%  acc2=48.16%  ens=47.78%  (best 53.50 @ ep 9)  [20.8s]
  ep  83: acc1=47.91%  acc2=47.01%  ens=47.46%  (best 53.50 @ ep 9)  [50.9s]
  ep  84: acc1=47.46%  acc2=47.51%  ens=47.48%  (best 53.50 @ ep 9)  [21.0s]
  ep  85: acc1=47.13%  acc2=47.33%  ens=47.23%  (best 53.50 @ ep 9)  [20.9s]
  ep  86: acc1=47.92%  acc2=47.28%  ens=47.60%  (best 53.50 @ ep 9)  [28.9s]
  ep  87: acc1=47.76%  acc2=47.53%  ens=47.65%  (best 53.50 @ ep 9)  [20.1s]
  ep  88: acc1=47.61%  acc2=47.50%  ens=47.55%  (best 53.50 @ ep 9)  [21.6s]
  ep  89: acc1=47.37%  acc2=47.07%  ens=47.22%  (best 53.50 @ ep 9)  [23.6s]
  ep  90: acc1=47.14%  acc2=47.25%  ens=47.20%  (best 53.50 @ ep 9)  [20.5s]
  ep  91: acc1=47.48%  acc2=47.56%  ens=47.52%  (best 53.50 @ ep 9)  [21.5s]
  ep  92: acc1=47.16%  acc2=47.44%  ens=47.30%  (best 53.50 @ ep 9)  [129.7s]
  ep  93: acc1=47.35%  acc2=47.47%  ens=47.41%  (best 53.50 @ ep 9)  [21.1s]
  ep  94: acc1=47.77%  acc2=47.74%  ens=47.76%  (best 53.50 @ ep 9)  [21.2s]
  ep  95: acc1=47.39%  acc2=47.64%  ens=47.51%  (best 53.50 @ ep 9)  [57.3s]
  ep  96: acc1=47.45%  acc2=47.33%  ens=47.39%  (best 53.50 @ ep 9)  [22.1s]
  ep  97: acc1=47.49%  acc2=47.44%  ens=47.47%  (best 53.50 @ ep 9)  [20.2s]
  ep  98: acc1=47.53%  acc2=47.62%  ens=47.58%  (best 53.50 @ ep 9)  [20.2s]
  ep  99: acc1=47.59%  acc2=47.47%  ens=47.53%  (best 53.50 @ ep 9)  [59.8s]  [w on clean=0.825, on noisy=0.582]

saved /path/to/ciln-workspace/journal_edition/robustness_transfer/results_v3/dividemix/ours__fog_sev3__seed0.json: best ens-acc 53.50% @ ep 9
saved /path/to/ciln-workspace/journal_edition/robustness_transfer/results_v3/dividemix/ours__fog_sev3__seed0__persample.npz
