/path/to/ciln-workspace/venv/lib/python3.12/site-packages/torchvision/datasets/cifar.py:83: VisibleDeprecationWarning: dtype(): align should be passed as Python or NumPy boolean but got `align=0`. Did you mean to pass a tuple to create a subarray type? (Deprecated NumPy 2.4)
  entry = pickle.load(f, encoding="latin1")
condition=ours__impulse_noise_sev5 seed=0 gpu=2
  ep   0: acc1=23.65%  acc2=20.52%  ens=22.09%  (best 22.09 @ ep 0)  [5.8s]
  ep   1: acc1=30.30%  acc2=21.49%  ens=25.90%  (best 25.90 @ ep 1)  [8.3s]
  ep   2: acc1=33.71%  acc2=29.43%  ens=31.57%  (best 31.57 @ ep 2)  [4.8s]
  ep   3: acc1=29.26%  acc2=27.10%  ens=28.18%  (best 31.57 @ ep 2)  [5.0s]
  ep   4: acc1=34.63%  acc2=28.85%  ens=31.74%  (best 31.74 @ ep 4)  [4.8s]
  ep   5: acc1=34.28%  acc2=30.54%  ens=32.41%  (best 32.41 @ ep 5)  [7.2s]  [w on clean=0.788, on noisy=0.471]
  ep   6: acc1=30.60%  acc2=29.94%  ens=30.27%  (best 32.41 @ ep 5)  [5.0s]
  ep   7: acc1=28.35%  acc2=35.54%  ens=31.95%  (best 32.41 @ ep 5)  [4.9s]
  ep   8: acc1=38.67%  acc2=30.43%  ens=34.55%  (best 34.55 @ ep 8)  [5.0s]
  ep   9: acc1=38.32%  acc2=32.10%  ens=35.21%  (best 35.21 @ ep 9)  [4.9s]
  ep  10: acc1=23.21%  acc2=22.88%  ens=23.04%  (best 35.21 @ ep 9)  [25.7s]  [w on clean=0.689, on noisy=0.555]
  ep  11: acc1=23.28%  acc2=21.71%  ens=22.49%  (best 35.21 @ ep 9)  [63.5s]
  ep  12: acc1=23.30%  acc2=21.95%  ens=22.62%  (best 35.21 @ ep 9)  [19.2s]
  ep  13: acc1=24.30%  acc2=23.81%  ens=24.05%  (best 35.21 @ ep 9)  [19.5s]
  ep  14: acc1=27.47%  acc2=27.01%  ens=27.24%  (best 35.21 @ ep 9)  [34.9s]
  ep  15: acc1=27.33%  acc2=27.29%  ens=27.31%  (best 35.21 @ ep 9)  [21.4s]
  ep  16: acc1=27.06%  acc2=26.68%  ens=26.87%  (best 35.21 @ ep 9)  [20.7s]
  ep  17: acc1=26.09%  acc2=24.12%  ens=25.11%  (best 35.21 @ ep 9)  [38.0s]
  ep  18: acc1=24.66%  acc2=24.03%  ens=24.34%  (best 35.21 @ ep 9)  [21.0s]
  ep  19: acc1=25.29%  acc2=25.01%  ens=25.15%  (best 35.21 @ ep 9)  [20.3s]
  ep  20: acc1=24.93%  acc2=24.48%  ens=24.70%  (best 35.21 @ ep 9)  [28.3s]  [w on clean=0.780, on noisy=0.817]
  ep  21: acc1=23.82%  acc2=23.39%  ens=23.60%  (best 35.21 @ ep 9)  [20.8s]
  ep  22: acc1=24.32%  acc2=24.93%  ens=24.62%  (best 35.21 @ ep 9)  [20.6s]
  ep  23: acc1=23.84%  acc2=24.73%  ens=24.29%  (best 35.21 @ ep 9)  [42.7s]
  ep  24: acc1=25.82%  acc2=24.97%  ens=25.39%  (best 35.21 @ ep 9)  [20.3s]
  ep  25: acc1=26.19%  acc2=24.91%  ens=25.55%  (best 35.21 @ ep 9)  [22.4s]
  ep  26: acc1=23.31%  acc2=22.99%  ens=23.15%  (best 35.21 @ ep 9)  [24.9s]
  ep  27: acc1=23.60%  acc2=22.44%  ens=23.02%  (best 35.21 @ ep 9)  [20.6s]
  ep  28: acc1=23.00%  acc2=22.22%  ens=22.61%  (best 35.21 @ ep 9)  [21.1s]
  ep  29: acc1=21.76%  acc2=20.50%  ens=21.13%  (best 35.21 @ ep 9)  [43.9s]
  ep  30: acc1=21.61%  acc2=22.90%  ens=22.25%  (best 35.21 @ ep 9)  [23.9s]  [w on clean=0.780, on noisy=0.820]
  ep  31: acc1=20.93%  acc2=22.11%  ens=21.52%  (best 35.21 @ ep 9)  [21.5s]
  ep  32: acc1=21.44%  acc2=21.25%  ens=21.34%  (best 35.21 @ ep 9)  [55.0s]
  ep  33: acc1=21.89%  acc2=21.17%  ens=21.53%  (best 35.21 @ ep 9)  [21.4s]
  ep  34: acc1=20.93%  acc2=20.87%  ens=20.90%  (best 35.21 @ ep 9)  [21.6s]
  ep  35: acc1=21.44%  acc2=19.56%  ens=20.50%  (best 35.21 @ ep 9)  [66.9s]
  ep  36: acc1=22.49%  acc2=20.47%  ens=21.48%  (best 35.21 @ ep 9)  [21.2s]
  ep  37: acc1=20.69%  acc2=20.76%  ens=20.72%  (best 35.21 @ ep 9)  [21.2s]
  ep  38: acc1=17.56%  acc2=20.46%  ens=19.01%  (best 35.21 @ ep 9)  [35.7s]
  ep  39: acc1=21.60%  acc2=20.92%  ens=21.26%  (best 35.21 @ ep 9)  [56.7s]
  ep  40: acc1=21.45%  acc2=20.84%  ens=21.14%  (best 35.21 @ ep 9)  [21.6s]
  ep  41: acc1=21.41%  acc2=20.67%  ens=21.04%  (best 35.21 @ ep 9)  [21.7s]
  ep  42: acc1=20.78%  acc2=20.40%  ens=20.59%  (best 35.21 @ ep 9)  [24.8s]
  ep  43: acc1=22.35%  acc2=21.94%  ens=22.14%  (best 35.21 @ ep 9)  [21.8s]
  ep  44: acc1=23.90%  acc2=22.54%  ens=23.22%  (best 35.21 @ ep 9)  [21.5s]
  ep  45: acc1=22.62%  acc2=21.86%  ens=22.24%  (best 35.21 @ ep 9)  [34.1s]
  ep  46: acc1=24.63%  acc2=22.06%  ens=23.34%  (best 35.21 @ ep 9)  [21.3s]
  ep  47: acc1=20.82%  acc2=22.65%  ens=21.73%  (best 35.21 @ ep 9)  [21.3s]
  ep  48: acc1=22.70%  acc2=21.56%  ens=22.13%  (best 35.21 @ ep 9)  [22.3s]
  ep  49: acc1=21.78%  acc2=22.73%  ens=22.25%  (best 35.21 @ ep 9)  [21.3s]
  ep  50: acc1=24.40%  acc2=24.15%  ens=24.27%  (best 35.21 @ ep 9)  [23.8s]  [w on clean=0.781, on noisy=0.820]
  ep  51: acc1=24.09%  acc2=24.44%  ens=24.27%  (best 35.21 @ ep 9)  [122.5s]
  ep  52: acc1=22.69%  acc2=22.58%  ens=22.63%  (best 35.21 @ ep 9)  [21.5s]
  ep  53: acc1=23.48%  acc2=24.01%  ens=23.75%  (best 35.21 @ ep 9)  [21.5s]
  ep  54: acc1=22.16%  acc2=23.47%  ens=22.81%  (best 35.21 @ ep 9)  [20.9s]
  ep  55: acc1=23.78%  acc2=24.37%  ens=24.08%  (best 35.21 @ ep 9)  [21.5s]
  ep  56: acc1=24.77%  acc2=25.08%  ens=24.93%  (best 35.21 @ ep 9)  [21.7s]
  ep  57: acc1=23.58%  acc2=24.01%  ens=23.79%  (best 35.21 @ ep 9)  [28.2s]
  ep  58: acc1=24.62%  acc2=23.98%  ens=24.30%  (best 35.21 @ ep 9)  [20.5s]
  ep  59: acc1=23.76%  acc2=25.17%  ens=24.46%  (best 35.21 @ ep 9)  [21.8s]
  ep  60: acc1=24.23%  acc2=25.22%  ens=24.72%  (best 35.21 @ ep 9)  [119.3s]
  ep  61: acc1=25.12%  acc2=23.56%  ens=24.34%  (best 35.21 @ ep 9)  [21.6s]
  ep  62: acc1=24.91%  acc2=24.88%  ens=24.89%  (best 35.21 @ ep 9)  [20.2s]
  ep  63: acc1=25.29%  acc2=24.37%  ens=24.83%  (best 35.21 @ ep 9)  [31.5s]
  ep  64: acc1=24.70%  acc2=24.61%  ens=24.65%  (best 35.21 @ ep 9)  [21.5s]
  ep  65: acc1=24.67%  acc2=25.10%  ens=24.89%  (best 35.21 @ ep 9)  [20.3s]
  ep  66: acc1=24.16%  acc2=25.33%  ens=24.75%  (best 35.21 @ ep 9)  [55.4s]
  ep  67: acc1=24.62%  acc2=24.24%  ens=24.43%  (best 35.21 @ ep 9)  [21.4s]
  ep  68: acc1=24.48%  acc2=24.54%  ens=24.51%  (best 35.21 @ ep 9)  [20.8s]
  ep  69: acc1=24.35%  acc2=26.05%  ens=25.20%  (best 35.21 @ ep 9)  [20.9s]
  ep  70: acc1=24.22%  acc2=25.01%  ens=24.61%  (best 35.21 @ ep 9)  [29.9s]
  ep  71: acc1=25.63%  acc2=25.85%  ens=25.74%  (best 35.21 @ ep 9)  [20.4s]
  ep  72: acc1=25.72%  acc2=25.34%  ens=25.53%  (best 35.21 @ ep 9)  [21.7s]
  ep  73: acc1=25.82%  acc2=26.14%  ens=25.98%  (best 35.21 @ ep 9)  [21.5s]
  ep  74: acc1=25.36%  acc2=25.86%  ens=25.61%  (best 35.21 @ ep 9)  [20.4s]
  ep  75: acc1=24.99%  acc2=26.07%  ens=25.53%  (best 35.21 @ ep 9)  [27.5s]  [w on clean=0.781, on noisy=0.819]
  ep  76: acc1=25.19%  acc2=25.66%  ens=25.42%  (best 35.21 @ ep 9)  [35.9s]
  ep  77: acc1=25.26%  acc2=25.60%  ens=25.43%  (best 35.21 @ ep 9)  [20.8s]
  ep  78: acc1=25.28%  acc2=25.67%  ens=25.48%  (best 35.21 @ ep 9)  [21.3s]
  ep  79: acc1=26.08%  acc2=26.31%  ens=26.20%  (best 35.21 @ ep 9)  [80.6s]
  ep  80: acc1=25.56%  acc2=25.65%  ens=25.61%  (best 35.21 @ ep 9)  [21.0s]
  ep  81: acc1=25.42%  acc2=25.43%  ens=25.42%  (best 35.21 @ ep 9)  [21.0s]
  ep  82: acc1=25.66%  acc2=25.94%  ens=25.80%  (best 35.21 @ ep 9)  [31.6s]
  ep  83: acc1=25.11%  acc2=26.07%  ens=25.59%  (best 35.21 @ ep 9)  [20.3s]
  ep  84: acc1=26.12%  acc2=26.34%  ens=26.23%  (best 35.21 @ ep 9)  [21.1s]
  ep  85: acc1=25.49%  acc2=25.73%  ens=25.61%  (best 35.21 @ ep 9)  [39.7s]
  ep  86: acc1=26.09%  acc2=26.14%  ens=26.11%  (best 35.21 @ ep 9)  [20.9s]
  ep  87: acc1=26.08%  acc2=26.51%  ens=26.30%  (best 35.21 @ ep 9)  [20.3s]
  ep  88: acc1=25.90%  acc2=26.07%  ens=25.99%  (best 35.21 @ ep 9)  [34.3s]
  ep  89: acc1=26.25%  acc2=25.94%  ens=26.10%  (best 35.21 @ ep 9)  [20.7s]
  ep  90: acc1=25.92%  acc2=26.22%  ens=26.07%  (best 35.21 @ ep 9)  [20.4s]
  ep  91: acc1=25.89%  acc2=25.79%  ens=25.84%  (best 35.21 @ ep 9)  [20.9s]
  ep  92: acc1=25.39%  acc2=26.12%  ens=25.75%  (best 35.21 @ ep 9)  [21.2s]
  ep  93: acc1=25.72%  acc2=26.36%  ens=26.04%  (best 35.21 @ ep 9)  [20.7s]
  ep  94: acc1=25.41%  acc2=26.15%  ens=25.78%  (best 35.21 @ ep 9)  [68.8s]
  ep  95: acc1=25.74%  acc2=26.06%  ens=25.90%  (best 35.21 @ ep 9)  [20.8s]
  ep  96: acc1=25.92%  acc2=25.91%  ens=25.91%  (best 35.21 @ ep 9)  [20.9s]
  ep  97: acc1=25.81%  acc2=26.18%  ens=26.00%  (best 35.21 @ ep 9)  [26.3s]
  ep  98: acc1=25.81%  acc2=26.09%  ens=25.95%  (best 35.21 @ ep 9)  [20.7s]
  ep  99: acc1=25.84%  acc2=25.94%  ens=25.89%  (best 35.21 @ ep 9)  [22.4s]  [w on clean=0.781, on noisy=0.820]

saved /path/to/ciln-workspace/journal_edition/robustness_transfer/results_v3/dividemix/ours__impulse_noise_sev5__seed0.json: best ens-acc 35.21% @ ep 9
saved /path/to/ciln-workspace/journal_edition/robustness_transfer/results_v3/dividemix/ours__impulse_noise_sev5__seed0__persample.npz
