/path/to/ciln-workspace/venv/lib/python3.12/site-packages/torchvision/datasets/cifar.py:83: VisibleDeprecationWarning: dtype(): align should be passed as Python or NumPy boolean but got `align=0`. Did you mean to pass a tuple to create a subarray type? (Deprecated NumPy 2.4)
  entry = pickle.load(f, encoding="latin1")
condition=ours__elastic_transform_sev3 seed=1 gpu=1
  ep   0: acc1=33.98%  acc2=28.24%  ens=31.11%  (best 31.11 @ ep 0)  [5.5s]
  ep   1: acc1=31.82%  acc2=35.21%  ens=33.52%  (best 33.52 @ ep 1)  [4.8s]
  ep   2: acc1=43.48%  acc2=45.87%  ens=44.67%  (best 44.67 @ ep 2)  [5.1s]
  ep   3: acc1=51.84%  acc2=45.52%  ens=48.68%  (best 48.68 @ ep 3)  [4.8s]
  ep   4: acc1=48.99%  acc2=39.11%  ens=44.05%  (best 48.68 @ ep 3)  [4.9s]
  ep   5: acc1=56.04%  acc2=50.40%  ens=53.22%  (best 53.22 @ ep 5)  [6.8s]  [w on clean=0.872, on noisy=0.241]
  ep   6: acc1=51.66%  acc2=53.01%  ens=52.34%  (best 53.22 @ ep 5)  [5.1s]
  ep   7: acc1=54.95%  acc2=61.18%  ens=58.06%  (best 58.06 @ ep 7)  [4.9s]
  ep   8: acc1=44.77%  acc2=53.62%  ens=49.20%  (best 58.06 @ ep 7)  [4.8s]
  ep   9: acc1=58.90%  acc2=53.29%  ens=56.10%  (best 58.06 @ ep 7)  [5.0s]
  ep  10: acc1=46.89%  acc2=43.64%  ens=45.27%  (best 58.06 @ ep 7)  [23.3s]  [w on clean=0.813, on noisy=0.326]
  ep  11: acc1=33.87%  acc2=26.43%  ens=30.15%  (best 58.06 @ ep 7)  [20.1s]
  ep  12: acc1=22.88%  acc2=25.49%  ens=24.19%  (best 58.06 @ ep 7)  [19.8s]
  ep  13: acc1=26.36%  acc2=28.09%  ens=27.22%  (best 58.06 @ ep 7)  [22.4s]
  ep  14: acc1=23.53%  acc2=27.92%  ens=25.72%  (best 58.06 @ ep 7)  [19.7s]
  ep  15: acc1=33.15%  acc2=33.90%  ens=33.53%  (best 58.06 @ ep 7)  [19.7s]
  ep  16: acc1=33.69%  acc2=33.63%  ens=33.66%  (best 58.06 @ ep 7)  [21.6s]
  ep  17: acc1=29.01%  acc2=32.13%  ens=30.57%  (best 58.06 @ ep 7)  [20.1s]
  ep  18: acc1=26.24%  acc2=32.21%  ens=29.23%  (best 58.06 @ ep 7)  [19.6s]
  ep  19: acc1=30.14%  acc2=34.05%  ens=32.09%  (best 58.06 @ ep 7)  [20.1s]
  ep  20: acc1=34.56%  acc2=33.13%  ens=33.85%  (best 58.06 @ ep 7)  [19.7s]  [w on clean=0.703, on noisy=0.180]
  ep  21: acc1=31.41%  acc2=26.74%  ens=29.07%  (best 58.06 @ ep 7)  [16.8s]
  ep  22: acc1=28.30%  acc2=27.75%  ens=28.02%  (best 58.06 @ ep 7)  [19.8s]
  ep  23: acc1=27.07%  acc2=31.28%  ens=29.18%  (best 58.06 @ ep 7)  [16.7s]
  ep  24: acc1=32.39%  acc2=28.27%  ens=30.33%  (best 58.06 @ ep 7)  [16.5s]
  ep  25: acc1=28.15%  acc2=26.85%  ens=27.50%  (best 58.06 @ ep 7)  [16.1s]
  ep  26: acc1=25.15%  acc2=26.14%  ens=25.64%  (best 58.06 @ ep 7)  [17.6s]
  ep  27: acc1=25.58%  acc2=28.00%  ens=26.79%  (best 58.06 @ ep 7)  [17.8s]
  ep  28: acc1=27.84%  acc2=27.23%  ens=27.53%  (best 58.06 @ ep 7)  [18.1s]
  ep  29: acc1=29.67%  acc2=29.09%  ens=29.38%  (best 58.06 @ ep 7)  [18.3s]
  ep  30: acc1=29.09%  acc2=29.66%  ens=29.37%  (best 58.06 @ ep 7)  [23.7s]  [w on clean=0.790, on noisy=0.317]
  ep  31: acc1=31.15%  acc2=31.09%  ens=31.12%  (best 58.06 @ ep 7)  [18.3s]
  ep  32: acc1=30.77%  acc2=26.93%  ens=28.85%  (best 58.06 @ ep 7)  [18.9s]
  ep  33: acc1=28.01%  acc2=32.46%  ens=30.23%  (best 58.06 @ ep 7)  [19.5s]
  ep  34: acc1=30.51%  acc2=29.57%  ens=30.04%  (best 58.06 @ ep 7)  [18.0s]
  ep  35: acc1=30.51%  acc2=32.79%  ens=31.65%  (best 58.06 @ ep 7)  [18.0s]
  ep  36: acc1=32.64%  acc2=32.80%  ens=32.72%  (best 58.06 @ ep 7)  [18.8s]
  ep  37: acc1=33.71%  acc2=34.42%  ens=34.06%  (best 58.06 @ ep 7)  [18.3s]
  ep  38: acc1=35.71%  acc2=35.86%  ens=35.78%  (best 58.06 @ ep 7)  [18.4s]
  ep  39: acc1=35.48%  acc2=33.27%  ens=34.38%  (best 58.06 @ ep 7)  [22.9s]
  ep  40: acc1=37.95%  acc2=35.54%  ens=36.74%  (best 58.06 @ ep 7)  [18.1s]
  ep  41: acc1=34.07%  acc2=34.67%  ens=34.37%  (best 58.06 @ ep 7)  [17.7s]
  ep  42: acc1=36.37%  acc2=35.35%  ens=35.86%  (best 58.06 @ ep 7)  [18.0s]
  ep  43: acc1=33.30%  acc2=34.16%  ens=33.73%  (best 58.06 @ ep 7)  [18.3s]
  ep  44: acc1=36.33%  acc2=30.05%  ens=33.19%  (best 58.06 @ ep 7)  [17.9s]
  ep  45: acc1=34.88%  acc2=36.55%  ens=35.71%  (best 58.06 @ ep 7)  [18.1s]
  ep  46: acc1=37.30%  acc2=37.42%  ens=37.36%  (best 58.06 @ ep 7)  [18.6s]
  ep  47: acc1=36.44%  acc2=36.07%  ens=36.26%  (best 58.06 @ ep 7)  [17.6s]
  ep  48: acc1=35.29%  acc2=35.14%  ens=35.21%  (best 58.06 @ ep 7)  [18.0s]
  ep  49: acc1=34.86%  acc2=35.41%  ens=35.14%  (best 58.06 @ ep 7)  [18.4s]
  ep  50: acc1=37.58%  acc2=36.67%  ens=37.12%  (best 58.06 @ ep 7)  [19.9s]  [w on clean=0.789, on noisy=0.293]
  ep  51: acc1=36.87%  acc2=38.94%  ens=37.91%  (best 58.06 @ ep 7)  [18.6s]
  ep  52: acc1=37.53%  acc2=36.38%  ens=36.96%  (best 58.06 @ ep 7)  [18.0s]
  ep  53: acc1=36.41%  acc2=38.73%  ens=37.57%  (best 58.06 @ ep 7)  [18.7s]
  ep  54: acc1=39.13%  acc2=36.90%  ens=38.02%  (best 58.06 @ ep 7)  [18.3s]
  ep  55: acc1=36.21%  acc2=37.07%  ens=36.64%  (best 58.06 @ ep 7)  [17.9s]
  ep  56: acc1=37.29%  acc2=36.36%  ens=36.82%  (best 58.06 @ ep 7)  [18.8s]
  ep  57: acc1=37.34%  acc2=37.85%  ens=37.59%  (best 58.06 @ ep 7)  [21.0s]
  ep  58: acc1=37.54%  acc2=39.26%  ens=38.40%  (best 58.06 @ ep 7)  [18.9s]
  ep  59: acc1=40.39%  acc2=40.66%  ens=40.52%  (best 58.06 @ ep 7)  [21.1s]
  ep  60: acc1=41.41%  acc2=40.04%  ens=40.73%  (best 58.06 @ ep 7)  [18.7s]
  ep  61: acc1=39.78%  acc2=42.20%  ens=40.99%  (best 58.06 @ ep 7)  [19.5s]
  ep  62: acc1=41.49%  acc2=40.92%  ens=41.21%  (best 58.06 @ ep 7)  [19.1s]
  ep  63: acc1=41.73%  acc2=41.13%  ens=41.43%  (best 58.06 @ ep 7)  [18.6s]
  ep  64: acc1=41.90%  acc2=42.43%  ens=42.16%  (best 58.06 @ ep 7)  [18.9s]
  ep  65: acc1=41.33%  acc2=41.86%  ens=41.60%  (best 58.06 @ ep 7)  [18.9s]
  ep  66: acc1=42.24%  acc2=43.57%  ens=42.91%  (best 58.06 @ ep 7)  [18.8s]
  ep  67: acc1=44.53%  acc2=41.24%  ens=42.88%  (best 58.06 @ ep 7)  [18.7s]
  ep  68: acc1=41.27%  acc2=42.05%  ens=41.66%  (best 58.06 @ ep 7)  [18.3s]
  ep  69: acc1=42.23%  acc2=40.57%  ens=41.40%  (best 58.06 @ ep 7)  [18.5s]
  ep  70: acc1=43.28%  acc2=42.67%  ens=42.98%  (best 58.06 @ ep 7)  [18.4s]
  ep  71: acc1=42.86%  acc2=42.78%  ens=42.82%  (best 58.06 @ ep 7)  [18.4s]
  ep  72: acc1=42.63%  acc2=40.73%  ens=41.68%  (best 58.06 @ ep 7)  [20.6s]
  ep  73: acc1=40.12%  acc2=39.57%  ens=39.84%  (best 58.06 @ ep 7)  [21.9s]
  ep  74: acc1=40.85%  acc2=41.05%  ens=40.95%  (best 58.06 @ ep 7)  [18.1s]
  ep  75: acc1=41.33%  acc2=41.30%  ens=41.32%  (best 58.06 @ ep 7)  [20.9s]  [w on clean=0.757, on noisy=0.177]
  ep  76: acc1=42.30%  acc2=41.26%  ens=41.78%  (best 58.06 @ ep 7)  [18.8s]
  ep  77: acc1=39.48%  acc2=40.49%  ens=39.98%  (best 58.06 @ ep 7)  [19.7s]
  ep  78: acc1=40.16%  acc2=40.23%  ens=40.20%  (best 58.06 @ ep 7)  [18.1s]
  ep  79: acc1=40.09%  acc2=41.40%  ens=40.74%  (best 58.06 @ ep 7)  [18.8s]
  ep  80: acc1=41.40%  acc2=41.15%  ens=41.27%  (best 58.06 @ ep 7)  [18.4s]
  ep  81: acc1=40.51%  acc2=40.27%  ens=40.39%  (best 58.06 @ ep 7)  [18.0s]
  ep  82: acc1=40.87%  acc2=39.32%  ens=40.10%  (best 58.06 @ ep 7)  [18.3s]
  ep  83: acc1=38.97%  acc2=39.70%  ens=39.34%  (best 58.06 @ ep 7)  [18.7s]
  ep  84: acc1=39.19%  acc2=39.75%  ens=39.47%  (best 58.06 @ ep 7)  [18.6s]
  ep  85: acc1=40.18%  acc2=39.44%  ens=39.81%  (best 58.06 @ ep 7)  [18.6s]
  ep  86: acc1=39.88%  acc2=39.58%  ens=39.73%  (best 58.06 @ ep 7)  [18.5s]
  ep  87: acc1=41.27%  acc2=40.82%  ens=41.05%  (best 58.06 @ ep 7)  [18.7s]
  ep  88: acc1=40.80%  acc2=40.75%  ens=40.77%  (best 58.06 @ ep 7)  [17.9s]
  ep  89: acc1=41.01%  acc2=40.42%  ens=40.72%  (best 58.06 @ ep 7)  [20.1s]
  ep  90: acc1=40.05%  acc2=40.13%  ens=40.09%  (best 58.06 @ ep 7)  [18.4s]
  ep  91: acc1=39.24%  acc2=39.61%  ens=39.42%  (best 58.06 @ ep 7)  [17.9s]
  ep  92: acc1=40.37%  acc2=40.01%  ens=40.19%  (best 58.06 @ ep 7)  [19.0s]
  ep  93: acc1=40.36%  acc2=39.46%  ens=39.91%  (best 58.06 @ ep 7)  [18.5s]
  ep  94: acc1=39.82%  acc2=39.63%  ens=39.73%  (best 58.06 @ ep 7)  [18.1s]
  ep  95: acc1=40.10%  acc2=39.74%  ens=39.92%  (best 58.06 @ ep 7)  [18.6s]
  ep  96: acc1=40.05%  acc2=39.80%  ens=39.92%  (best 58.06 @ ep 7)  [21.3s]
  ep  97: acc1=39.85%  acc2=39.62%  ens=39.73%  (best 58.06 @ ep 7)  [18.4s]
  ep  98: acc1=39.64%  acc2=39.53%  ens=39.59%  (best 58.06 @ ep 7)  [18.5s]
  ep  99: acc1=39.81%  acc2=39.86%  ens=39.84%  (best 58.06 @ ep 7)  [20.7s]  [w on clean=0.766, on noisy=0.208]

saved /path/to/ciln-workspace/journal_edition/robustness_transfer/results_v3/dividemix/ours__elastic_transform_sev3__seed1.json: best ens-acc 58.06% @ ep 7
saved /path/to/ciln-workspace/journal_edition/robustness_transfer/results_v3/dividemix/ours__elastic_transform_sev3__seed1__persample.npz
