/path/to/ciln-workspace/venv/lib/python3.12/site-packages/torchvision/datasets/cifar.py:83: VisibleDeprecationWarning: dtype(): align should be passed as Python or NumPy boolean but got `align=0`. Did you mean to pass a tuple to create a subarray type? (Deprecated NumPy 2.4)
  entry = pickle.load(f, encoding="latin1")
condition=ours__impulse_noise_sev3 seed=1 gpu=2
  ep   0: acc1=31.75%  acc2=31.88%  ens=31.81%  (best 31.81 @ ep 0)  [12.4s]
  ep   1: acc1=39.29%  acc2=40.08%  ens=39.69%  (best 39.69 @ ep 1)  [12.7s]
  ep   2: acc1=40.95%  acc2=38.08%  ens=39.52%  (best 39.69 @ ep 1)  [8.5s]
  ep   3: acc1=40.67%  acc2=40.01%  ens=40.34%  (best 40.34 @ ep 3)  [4.8s]
  ep   4: acc1=47.49%  acc2=44.74%  ens=46.12%  (best 46.12 @ ep 4)  [5.0s]
  ep   5: acc1=46.28%  acc2=46.00%  ens=46.14%  (best 46.14 @ ep 5)  [7.0s]  [w on clean=0.859, on noisy=0.464]
  ep   6: acc1=41.09%  acc2=49.68%  ens=45.38%  (best 46.14 @ ep 5)  [5.0s]
  ep   7: acc1=48.88%  acc2=51.38%  ens=50.13%  (best 50.13 @ ep 7)  [5.0s]
  ep   8: acc1=52.81%  acc2=55.75%  ens=54.28%  (best 54.28 @ ep 8)  [4.9s]
  ep   9: acc1=53.09%  acc2=53.49%  ens=53.29%  (best 54.28 @ ep 8)  [4.9s]
  ep  10: acc1=38.38%  acc2=34.03%  ens=36.20%  (best 54.28 @ ep 8)  [23.2s]  [w on clean=0.811, on noisy=0.435]
  ep  11: acc1=28.98%  acc2=28.18%  ens=28.58%  (best 54.28 @ ep 8)  [59.7s]
  ep  12: acc1=22.11%  acc2=27.98%  ens=25.05%  (best 54.28 @ ep 8)  [18.1s]
  ep  13: acc1=29.23%  acc2=29.97%  ens=29.60%  (best 54.28 @ ep 8)  [19.5s]
  ep  14: acc1=29.65%  acc2=32.32%  ens=30.98%  (best 54.28 @ ep 8)  [19.4s]
  ep  15: acc1=32.82%  acc2=29.71%  ens=31.26%  (best 54.28 @ ep 8)  [65.4s]
  ep  16: acc1=26.29%  acc2=27.82%  ens=27.05%  (best 54.28 @ ep 8)  [21.4s]
  ep  17: acc1=28.70%  acc2=31.95%  ens=30.33%  (best 54.28 @ ep 8)  [19.2s]
  ep  18: acc1=30.48%  acc2=30.91%  ens=30.70%  (best 54.28 @ ep 8)  [19.4s]
  ep  19: acc1=29.57%  acc2=24.79%  ens=27.18%  (best 54.28 @ ep 8)  [19.7s]
  ep  20: acc1=27.52%  acc2=32.37%  ens=29.95%  (best 54.28 @ ep 8)  [20.8s]  [w on clean=0.780, on noisy=0.592]
  ep  21: acc1=32.59%  acc2=31.02%  ens=31.80%  (best 54.28 @ ep 8)  [19.8s]
  ep  22: acc1=31.88%  acc2=33.63%  ens=32.76%  (best 54.28 @ ep 8)  [41.3s]
  ep  23: acc1=30.72%  acc2=30.01%  ens=30.36%  (best 54.28 @ ep 8)  [19.3s]
  ep  24: acc1=31.06%  acc2=28.89%  ens=29.97%  (best 54.28 @ ep 8)  [18.8s]
  ep  25: acc1=27.43%  acc2=31.83%  ens=29.63%  (best 54.28 @ ep 8)  [20.1s]
  ep  26: acc1=31.74%  acc2=26.44%  ens=29.09%  (best 54.28 @ ep 8)  [49.1s]
  ep  27: acc1=31.18%  acc2=33.05%  ens=32.12%  (best 54.28 @ ep 8)  [18.7s]
  ep  28: acc1=29.50%  acc2=30.59%  ens=30.04%  (best 54.28 @ ep 8)  [18.6s]
  ep  29: acc1=29.01%  acc2=34.89%  ens=31.95%  (best 54.28 @ ep 8)  [20.8s]
  ep  30: acc1=33.72%  acc2=29.22%  ens=31.47%  (best 54.28 @ ep 8)  [25.9s]  [w on clean=0.793, on noisy=0.670]
  ep  31: acc1=32.48%  acc2=33.29%  ens=32.88%  (best 54.28 @ ep 8)  [18.9s]
  ep  32: acc1=33.03%  acc2=32.43%  ens=32.73%  (best 54.28 @ ep 8)  [19.3s]
  ep  33: acc1=28.46%  acc2=32.82%  ens=30.64%  (best 54.28 @ ep 8)  [49.1s]
  ep  34: acc1=32.11%  acc2=33.07%  ens=32.59%  (best 54.28 @ ep 8)  [18.4s]
  ep  35: acc1=31.24%  acc2=30.46%  ens=30.85%  (best 54.28 @ ep 8)  [19.0s]
  ep  36: acc1=29.49%  acc2=28.41%  ens=28.95%  (best 54.28 @ ep 8)  [18.8s]
  ep  37: acc1=28.26%  acc2=31.15%  ens=29.71%  (best 54.28 @ ep 8)  [49.1s]
  ep  38: acc1=31.39%  acc2=29.81%  ens=30.60%  (best 54.28 @ ep 8)  [20.8s]
  ep  39: acc1=30.88%  acc2=32.98%  ens=31.93%  (best 54.28 @ ep 8)  [21.3s]
  ep  40: acc1=34.43%  acc2=34.75%  ens=34.59%  (best 54.28 @ ep 8)  [23.2s]
  ep  41: acc1=34.94%  acc2=35.35%  ens=35.14%  (best 54.28 @ ep 8)  [23.6s]
  ep  42: acc1=33.81%  acc2=33.63%  ens=33.72%  (best 54.28 @ ep 8)  [21.1s]
  ep  43: acc1=33.27%  acc2=35.16%  ens=34.22%  (best 54.28 @ ep 8)  [21.3s]
  ep  44: acc1=31.50%  acc2=34.70%  ens=33.10%  (best 54.28 @ ep 8)  [21.3s]
  ep  45: acc1=35.75%  acc2=38.94%  ens=37.34%  (best 54.28 @ ep 8)  [21.1s]
  ep  46: acc1=37.11%  acc2=38.61%  ens=37.86%  (best 54.28 @ ep 8)  [21.1s]
  ep  47: acc1=37.29%  acc2=39.52%  ens=38.41%  (best 54.28 @ ep 8)  [35.4s]
  ep  48: acc1=37.85%  acc2=37.12%  ens=37.48%  (best 54.28 @ ep 8)  [20.8s]
  ep  49: acc1=34.91%  acc2=37.13%  ens=36.02%  (best 54.28 @ ep 8)  [21.4s]
  ep  50: acc1=38.10%  acc2=37.76%  ens=37.93%  (best 54.28 @ ep 8)  [29.3s]  [w on clean=0.796, on noisy=0.696]
  ep  51: acc1=35.05%  acc2=37.00%  ens=36.02%  (best 54.28 @ ep 8)  [21.3s]
  ep  52: acc1=35.89%  acc2=39.41%  ens=37.65%  (best 54.28 @ ep 8)  [21.2s]
  ep  53: acc1=37.48%  acc2=37.35%  ens=37.41%  (best 54.28 @ ep 8)  [31.0s]
  ep  54: acc1=37.05%  acc2=36.69%  ens=36.87%  (best 54.28 @ ep 8)  [22.1s]
  ep  55: acc1=38.63%  acc2=37.55%  ens=38.09%  (best 54.28 @ ep 8)  [21.8s]
  ep  56: acc1=36.37%  acc2=37.25%  ens=36.81%  (best 54.28 @ ep 8)  [27.6s]
  ep  57: acc1=37.03%  acc2=38.28%  ens=37.66%  (best 54.28 @ ep 8)  [20.3s]
  ep  58: acc1=37.49%  acc2=38.71%  ens=38.10%  (best 54.28 @ ep 8)  [20.9s]
  ep  59: acc1=39.92%  acc2=38.56%  ens=39.24%  (best 54.28 @ ep 8)  [21.7s]
  ep  60: acc1=37.68%  acc2=38.19%  ens=37.94%  (best 54.28 @ ep 8)  [23.5s]
  ep  61: acc1=36.92%  acc2=39.80%  ens=38.36%  (best 54.28 @ ep 8)  [31.8s]
  ep  62: acc1=39.91%  acc2=38.03%  ens=38.97%  (best 54.28 @ ep 8)  [48.1s]
  ep  63: acc1=39.12%  acc2=38.91%  ens=39.02%  (best 54.28 @ ep 8)  [21.9s]
  ep  64: acc1=38.13%  acc2=40.72%  ens=39.42%  (best 54.28 @ ep 8)  [20.7s]
  ep  65: acc1=39.55%  acc2=38.45%  ens=39.00%  (best 54.28 @ ep 8)  [20.8s]
  ep  66: acc1=39.51%  acc2=39.33%  ens=39.42%  (best 54.28 @ ep 8)  [21.4s]
  ep  67: acc1=37.52%  acc2=37.92%  ens=37.72%  (best 54.28 @ ep 8)  [21.1s]
  ep  68: acc1=39.17%  acc2=39.06%  ens=39.12%  (best 54.28 @ ep 8)  [61.7s]
  ep  69: acc1=39.24%  acc2=39.71%  ens=39.48%  (best 54.28 @ ep 8)  [41.6s]
  ep  70: acc1=40.52%  acc2=39.06%  ens=39.79%  (best 54.28 @ ep 8)  [21.2s]
  ep  71: acc1=41.12%  acc2=40.39%  ens=40.75%  (best 54.28 @ ep 8)  [20.5s]
  ep  72: acc1=39.48%  acc2=41.47%  ens=40.48%  (best 54.28 @ ep 8)  [26.4s]
  ep  73: acc1=39.53%  acc2=40.00%  ens=39.77%  (best 54.28 @ ep 8)  [20.7s]
  ep  74: acc1=39.89%  acc2=41.12%  ens=40.51%  (best 54.28 @ ep 8)  [21.1s]
  ep  75: acc1=41.01%  acc2=41.48%  ens=41.24%  (best 54.28 @ ep 8)  [115.1s]  [w on clean=0.796, on noisy=0.701]
  ep  76: acc1=41.35%  acc2=41.53%  ens=41.44%  (best 54.28 @ ep 8)  [24.6s]
  ep  77: acc1=40.90%  acc2=40.87%  ens=40.88%  (best 54.28 @ ep 8)  [20.3s]
  ep  78: acc1=40.59%  acc2=41.47%  ens=41.03%  (best 54.28 @ ep 8)  [20.2s]
  ep  79: acc1=40.27%  acc2=41.12%  ens=40.70%  (best 54.28 @ ep 8)  [25.3s]
  ep  80: acc1=40.78%  acc2=40.80%  ens=40.79%  (best 54.28 @ ep 8)  [20.4s]
  ep  81: acc1=40.27%  acc2=41.34%  ens=40.80%  (best 54.28 @ ep 8)  [19.6s]
  ep  82: acc1=40.56%  acc2=40.89%  ens=40.73%  (best 54.28 @ ep 8)  [69.1s]
  ep  83: acc1=41.28%  acc2=40.58%  ens=40.93%  (best 54.28 @ ep 8)  [19.4s]
  ep  84: acc1=41.21%  acc2=40.92%  ens=41.07%  (best 54.28 @ ep 8)  [20.8s]
  ep  85: acc1=41.17%  acc2=40.97%  ens=41.07%  (best 54.28 @ ep 8)  [20.7s]
  ep  86: acc1=41.73%  acc2=40.29%  ens=41.01%  (best 54.28 @ ep 8)  [20.8s]
  ep  87: acc1=40.87%  acc2=41.23%  ens=41.05%  (best 54.28 @ ep 8)  [19.4s]
  ep  88: acc1=41.40%  acc2=40.87%  ens=41.13%  (best 54.28 @ ep 8)  [39.5s]
  ep  89: acc1=41.43%  acc2=41.29%  ens=41.36%  (best 54.28 @ ep 8)  [20.8s]
  ep  90: acc1=41.29%  acc2=41.48%  ens=41.38%  (best 54.28 @ ep 8)  [20.0s]
  ep  91: acc1=41.17%  acc2=41.20%  ens=41.19%  (best 54.28 @ ep 8)  [38.2s]
  ep  92: acc1=41.18%  acc2=41.01%  ens=41.10%  (best 54.28 @ ep 8)  [20.6s]
  ep  93: acc1=41.44%  acc2=41.01%  ens=41.23%  (best 54.28 @ ep 8)  [20.8s]
  ep  94: acc1=41.64%  acc2=41.38%  ens=41.51%  (best 54.28 @ ep 8)  [51.2s]
  ep  95: acc1=41.47%  acc2=41.59%  ens=41.53%  (best 54.28 @ ep 8)  [87.1s]
  ep  96: acc1=41.33%  acc2=41.36%  ens=41.34%  (best 54.28 @ ep 8)  [21.4s]
  ep  97: acc1=41.41%  acc2=41.46%  ens=41.44%  (best 54.28 @ ep 8)  [19.6s]
  ep  98: acc1=41.59%  acc2=41.64%  ens=41.62%  (best 54.28 @ ep 8)  [21.8s]
  ep  99: acc1=41.32%  acc2=41.59%  ens=41.45%  (best 54.28 @ ep 8)  [22.5s]  [w on clean=0.796, on noisy=0.707]

saved /path/to/ciln-workspace/journal_edition/robustness_transfer/results_v3/dividemix/ours__impulse_noise_sev3__seed1.json: best ens-acc 54.28% @ ep 8
saved /path/to/ciln-workspace/journal_edition/robustness_transfer/results_v3/dividemix/ours__impulse_noise_sev3__seed1__persample.npz
