/path/to/ciln-workspace/venv/lib/python3.12/site-packages/torchvision/datasets/cifar.py:83: VisibleDeprecationWarning: dtype(): align should be passed as Python or NumPy boolean but got `align=0`. Did you mean to pass a tuple to create a subarray type? (Deprecated NumPy 2.4)
  entry = pickle.load(f, encoding="latin1")
condition=gu_high seed=1 gpu=1
  ep   0: acc1=28.81%  acc2=32.08%  ens=30.45%  (best 30.45 @ ep 0)  [7.8s]
  ep   1: acc1=40.27%  acc2=39.32%  ens=39.80%  (best 39.80 @ ep 1)  [7.1s]
  ep   2: acc1=50.61%  acc2=45.40%  ens=48.00%  (best 48.00 @ ep 2)  [7.5s]
  ep   3: acc1=53.77%  acc2=48.50%  ens=51.13%  (best 51.13 @ ep 3)  [7.2s]
  ep   4: acc1=53.28%  acc2=55.59%  ens=54.44%  (best 54.44 @ ep 4)  [7.4s]
  ep   5: acc1=54.28%  acc2=50.50%  ens=52.39%  (best 54.44 @ ep 4)  [10.4s]  [w on clean=0.803, on noisy=0.435]
  ep   6: acc1=53.87%  acc2=51.41%  ens=52.64%  (best 54.44 @ ep 4)  [17.8s]
  ep   7: acc1=57.62%  acc2=58.03%  ens=57.83%  (best 57.83 @ ep 7)  [20.2s]
  ep   8: acc1=56.36%  acc2=55.97%  ens=56.16%  (best 57.83 @ ep 7)  [22.9s]
  ep   9: acc1=59.99%  acc2=59.49%  ens=59.74%  (best 59.74 @ ep 9)  [21.4s]
  ep  10: acc1=47.22%  acc2=32.36%  ens=39.79%  (best 59.74 @ ep 9)  [62.5s]  [w on clean=0.754, on noisy=0.346]
  ep  11: acc1=36.76%  acc2=30.87%  ens=33.81%  (best 59.74 @ ep 9)  [26.6s]
  ep  12: acc1=25.26%  acc2=21.63%  ens=23.45%  (best 59.74 @ ep 9)  [32.1s]
  ep  13: acc1=18.63%  acc2=15.43%  ens=17.03%  (best 59.74 @ ep 9)  [23.5s]
  ep  14: acc1=12.61%  acc2=10.73%  ens=11.67%  (best 59.74 @ ep 9)  [52.1s]
  ep  15: acc1=10.21%  acc2=10.00%  ens=10.11%  (best 59.74 @ ep 9)  [31.8s]
  ep  16: acc1=10.02%  acc2=10.00%  ens=10.01%  (best 59.74 @ ep 9)  [31.0s]
  ep  17: acc1=10.00%  acc2=11.51%  ens=10.76%  (best 59.74 @ ep 9)  [102.4s]
  ep  18: acc1=10.54%  acc2=10.00%  ens=10.27%  (best 59.74 @ ep 9)  [31.5s]
  ep  19: acc1=10.71%  acc2=10.20%  ens=10.46%  (best 59.74 @ ep 9)  [35.5s]
  ep  20: acc1=10.41%  acc2=10.03%  ens=10.22%  (best 59.74 @ ep 9)  [34.9s]  [w on clean=0.799, on noisy=0.535]
  ep  21: acc1=10.00%  acc2=10.01%  ens=10.01%  (best 59.74 @ ep 9)  [59.5s]
  ep  22: acc1=10.00%  acc2=10.00%  ens=10.00%  (best 59.74 @ ep 9)  [31.5s]
  ep  23: acc1=10.00%  acc2=10.00%  ens=10.00%  (best 59.74 @ ep 9)  [86.1s]
  ep  24: acc1=10.02%  acc2=10.00%  ens=10.01%  (best 59.74 @ ep 9)  [32.6s]
  ep  25: acc1=10.00%  acc2=10.00%  ens=10.00%  (best 59.74 @ ep 9)  [31.8s]
  ep  26: acc1=10.00%  acc2=10.00%  ens=10.00%  (best 59.74 @ ep 9)  [31.4s]
  ep  27: acc1=10.00%  acc2=10.02%  ens=10.01%  (best 59.74 @ ep 9)  [38.6s]
  ep  28: acc1=10.00%  acc2=10.00%  ens=10.00%  (best 59.74 @ ep 9)  [31.3s]
  ep  29: acc1=10.00%  acc2=10.00%  ens=10.00%  (best 59.74 @ ep 9)  [141.1s]
  ep  30: acc1=10.00%  acc2=10.00%  ens=10.00%  (best 59.74 @ ep 9)  [38.8s]  [w on clean=0.799, on noisy=0.535]
  ep  31: acc1=10.00%  acc2=10.00%  ens=10.00%  (best 59.74 @ ep 9)  [32.5s]
  ep  32: acc1=10.00%  acc2=10.18%  ens=10.09%  (best 59.74 @ ep 9)  [31.7s]
  ep  33: acc1=10.00%  acc2=10.00%  ens=10.00%  (best 59.74 @ ep 9)  [41.9s]
  ep  34: acc1=10.00%  acc2=10.00%  ens=10.00%  (best 59.74 @ ep 9)  [31.2s]
  ep  35: acc1=10.00%  acc2=10.00%  ens=10.00%  (best 59.74 @ ep 9)  [155.9s]
  ep  36: acc1=10.00%  acc2=10.00%  ens=10.00%  (best 59.74 @ ep 9)  [35.1s]
  ep  37: acc1=10.00%  acc2=10.00%  ens=10.00%  (best 59.74 @ ep 9)  [32.0s]
  ep  38: acc1=10.00%  acc2=10.00%  ens=10.00%  (best 59.74 @ ep 9)  [32.3s]
  ep  39: acc1=10.00%  acc2=10.00%  ens=10.00%  (best 59.74 @ ep 9)  [40.8s]
  ep  40: acc1=10.00%  acc2=10.00%  ens=10.00%  (best 59.74 @ ep 9)  [31.6s]
  ep  41: acc1=10.00%  acc2=10.00%  ens=10.00%  (best 59.74 @ ep 9)  [84.1s]
  ep  42: acc1=10.00%  acc2=10.00%  ens=10.00%  (best 59.74 @ ep 9)  [38.6s]
  ep  43: acc1=10.00%  acc2=10.00%  ens=10.00%  (best 59.74 @ ep 9)  [31.9s]
  ep  44: acc1=10.00%  acc2=10.00%  ens=10.00%  (best 59.74 @ ep 9)  [34.7s]
  ep  45: acc1=10.00%  acc2=10.00%  ens=10.00%  (best 59.74 @ ep 9)  [32.1s]
  ep  46: acc1=10.00%  acc2=10.00%  ens=10.00%  (best 59.74 @ ep 9)  [62.0s]
  ep  47: acc1=10.00%  acc2=10.00%  ens=10.00%  (best 59.74 @ ep 9)  [31.5s]
  ep  48: acc1=10.00%  acc2=10.00%  ens=10.00%  (best 59.74 @ ep 9)  [130.9s]
  ep  49: acc1=10.00%  acc2=10.00%  ens=10.00%  (best 59.74 @ ep 9)  [31.3s]
  ep  50: acc1=10.00%  acc2=10.00%  ens=10.00%  (best 59.74 @ ep 9)  [46.7s]  [w on clean=0.799, on noisy=0.536]
  ep  51: acc1=10.00%  acc2=10.00%  ens=10.00%  (best 59.74 @ ep 9)  [31.1s]
  ep  52: acc1=10.00%  acc2=10.01%  ens=10.01%  (best 59.74 @ ep 9)  [50.2s]
  ep  53: acc1=10.00%  acc2=10.00%  ens=10.00%  (best 59.74 @ ep 9)  [33.7s]
  ep  54: acc1=10.00%  acc2=10.00%  ens=10.00%  (best 59.74 @ ep 9)  [58.9s]
  ep  55: acc1=10.00%  acc2=10.00%  ens=10.00%  (best 59.74 @ ep 9)  [33.0s]
  ep  56: acc1=10.00%  acc2=10.00%  ens=10.00%  (best 59.74 @ ep 9)  [42.8s]
  ep  57: acc1=10.00%  acc2=10.00%  ens=10.00%  (best 59.74 @ ep 9)  [32.3s]
  ep  58: acc1=10.00%  acc2=10.00%  ens=10.00%  (best 59.74 @ ep 9)  [36.2s]
  ep  59: acc1=10.00%  acc2=10.00%  ens=10.00%  (best 59.74 @ ep 9)  [31.3s]
  ep  60: acc1=10.00%  acc2=10.00%  ens=10.00%  (best 59.74 @ ep 9)  [60.2s]
  ep  61: acc1=10.00%  acc2=10.00%  ens=10.00%  (best 59.74 @ ep 9)  [32.1s]
  ep  62: acc1=10.00%  acc2=10.00%  ens=10.00%  (best 59.74 @ ep 9)  [33.2s]
  ep  63: acc1=10.00%  acc2=10.00%  ens=10.00%  (best 59.74 @ ep 9)  [32.2s]
  ep  64: acc1=10.00%  acc2=10.00%  ens=10.00%  (best 59.74 @ ep 9)  [33.2s]
  ep  65: acc1=10.00%  acc2=10.00%  ens=10.00%  (best 59.74 @ ep 9)  [32.4s]
  ep  66: acc1=10.00%  acc2=10.00%  ens=10.00%  (best 59.74 @ ep 9)  [60.7s]
  ep  67: acc1=10.00%  acc2=10.00%  ens=10.00%  (best 59.74 @ ep 9)  [32.2s]
  ep  68: acc1=10.00%  acc2=10.00%  ens=10.00%  (best 59.74 @ ep 9)  [120.7s]
  ep  69: acc1=10.00%  acc2=10.00%  ens=10.00%  (best 59.74 @ ep 9)  [33.0s]
  ep  70: acc1=10.00%  acc2=10.00%  ens=10.00%  (best 59.74 @ ep 9)  [114.6s]
  ep  71: acc1=10.00%  acc2=10.00%  ens=10.00%  (best 59.74 @ ep 9)  [32.1s]
  ep  72: acc1=10.00%  acc2=10.00%  ens=10.00%  (best 59.74 @ ep 9)  [45.4s]
  ep  73: acc1=10.00%  acc2=10.00%  ens=10.00%  (best 59.74 @ ep 9)  [31.8s]
  ep  74: acc1=10.00%  acc2=10.00%  ens=10.00%  (best 59.74 @ ep 9)  [47.8s]
  ep  75: acc1=10.00%  acc2=10.00%  ens=10.00%  (best 59.74 @ ep 9)  [35.3s]  [w on clean=0.799, on noisy=0.536]
  ep  76: acc1=10.00%  acc2=10.00%  ens=10.00%  (best 59.74 @ ep 9)  [64.9s]
  ep  77: acc1=10.00%  acc2=10.00%  ens=10.00%  (best 59.74 @ ep 9)  [32.8s]
  ep  78: acc1=10.00%  acc2=10.00%  ens=10.00%  (best 59.74 @ ep 9)  [69.0s]
  ep  79: acc1=10.00%  acc2=10.00%  ens=10.00%  (best 59.74 @ ep 9)  [32.6s]
  ep  80: acc1=10.00%  acc2=10.00%  ens=10.00%  (best 59.74 @ ep 9)  [86.2s]
  ep  81: acc1=10.00%  acc2=10.00%  ens=10.00%  (best 59.74 @ ep 9)  [32.4s]
  ep  82: acc1=10.00%  acc2=10.00%  ens=10.00%  (best 59.74 @ ep 9)  [33.8s]
  ep  83: acc1=10.00%  acc2=10.00%  ens=10.00%  (best 59.74 @ ep 9)  [34.9s]
  ep  84: acc1=10.00%  acc2=10.00%  ens=10.00%  (best 59.74 @ ep 9)  [35.3s]
  ep  85: acc1=10.00%  acc2=10.00%  ens=10.00%  (best 59.74 @ ep 9)  [32.2s]
  ep  86: acc1=10.00%  acc2=10.00%  ens=10.00%  (best 59.74 @ ep 9)  [31.2s]
  ep  87: acc1=10.00%  acc2=10.00%  ens=10.00%  (best 59.74 @ ep 9)  [31.6s]
  ep  88: acc1=10.00%  acc2=10.00%  ens=10.00%  (best 59.74 @ ep 9)  [47.6s]
  ep  89: acc1=10.00%  acc2=10.00%  ens=10.00%  (best 59.74 @ ep 9)  [98.9s]
  ep  90: acc1=10.00%  acc2=10.00%  ens=10.00%  (best 59.74 @ ep 9)  [32.2s]
  ep  91: acc1=10.00%  acc2=10.00%  ens=10.00%  (best 59.74 @ ep 9)  [57.6s]
  ep  92: acc1=10.00%  acc2=10.00%  ens=10.00%  (best 59.74 @ ep 9)  [31.5s]
  ep  93: acc1=10.00%  acc2=10.00%  ens=10.00%  (best 59.74 @ ep 9)  [32.7s]
  ep  94: acc1=10.00%  acc2=10.00%  ens=10.00%  (best 59.74 @ ep 9)  [30.6s]
  ep  95: acc1=10.00%  acc2=10.00%  ens=10.00%  (best 59.74 @ ep 9)  [44.1s]
  ep  96: acc1=10.00%  acc2=10.00%  ens=10.00%  (best 59.74 @ ep 9)  [32.0s]
  ep  97: acc1=10.00%  acc2=10.00%  ens=10.00%  (best 59.74 @ ep 9)  [123.9s]
  ep  98: acc1=10.00%  acc2=10.00%  ens=10.00%  (best 59.74 @ ep 9)  [33.0s]
  ep  99: acc1=10.00%  acc2=10.00%  ens=10.00%  (best 59.74 @ ep 9)  [34.8s]  [w on clean=0.799, on noisy=0.536]

saved /path/to/ciln-workspace/journal_edition/robustness_transfer/results_v3/dividemix/gu_high__seed1.json: best ens-acc 59.74% @ ep 9
saved /path/to/ciln-workspace/journal_edition/robustness_transfer/results_v3/dividemix/gu_high__seed1__persample.npz
