/path/to/ciln-workspace/venv/lib/python3.12/site-packages/torchvision/datasets/cifar.py:83: VisibleDeprecationWarning: dtype(): align should be passed as Python or NumPy boolean but got `align=0`. Did you mean to pass a tuple to create a subarray type? (Deprecated NumPy 2.4)
  entry = pickle.load(f, encoding="latin1")
condition=ours__fog_sev3 seed=1 gpu=2
  ep   0: acc1=28.45%  acc2=16.32%  ens=22.38%  (best 22.38 @ ep 0)  [5.8s]
  ep   1: acc1=38.84%  acc2=40.48%  ens=39.66%  (best 39.66 @ ep 1)  [4.9s]
  ep   2: acc1=43.97%  acc2=48.20%  ens=46.09%  (best 46.09 @ ep 2)  [4.8s]
  ep   3: acc1=53.46%  acc2=42.61%  ens=48.03%  (best 48.03 @ ep 3)  [4.9s]
  ep   4: acc1=48.47%  acc2=41.25%  ens=44.86%  (best 48.03 @ ep 3)  [5.0s]
  ep   5: acc1=48.55%  acc2=50.72%  ens=49.63%  (best 49.63 @ ep 5)  [7.2s]  [w on clean=0.833, on noisy=0.400]
  ep   6: acc1=46.76%  acc2=51.34%  ens=49.05%  (best 49.63 @ ep 5)  [5.5s]
  ep   7: acc1=57.93%  acc2=53.55%  ens=55.74%  (best 55.74 @ ep 7)  [5.0s]
  ep   8: acc1=57.84%  acc2=50.41%  ens=54.12%  (best 55.74 @ ep 7)  [5.1s]
  ep   9: acc1=59.05%  acc2=53.18%  ens=56.12%  (best 56.12 @ ep 9)  [4.8s]
  ep  10: acc1=43.11%  acc2=37.57%  ens=40.34%  (best 56.12 @ ep 9)  [23.0s]  [w on clean=0.769, on noisy=0.277]
  ep  11: acc1=35.04%  acc2=35.37%  ens=35.20%  (best 56.12 @ ep 9)  [16.7s]
  ep  12: acc1=35.12%  acc2=32.48%  ens=33.80%  (best 56.12 @ ep 9)  [72.0s]
  ep  13: acc1=31.92%  acc2=38.68%  ens=35.30%  (best 56.12 @ ep 9)  [18.0s]
  ep  14: acc1=38.04%  acc2=38.14%  ens=38.09%  (best 56.12 @ ep 9)  [17.5s]
  ep  15: acc1=39.18%  acc2=38.82%  ens=39.00%  (best 56.12 @ ep 9)  [19.4s]
  ep  16: acc1=37.19%  acc2=36.82%  ens=37.00%  (best 56.12 @ ep 9)  [23.0s]
  ep  17: acc1=34.91%  acc2=38.47%  ens=36.69%  (best 56.12 @ ep 9)  [20.4s]
  ep  18: acc1=37.17%  acc2=37.43%  ens=37.30%  (best 56.12 @ ep 9)  [20.1s]
  ep  19: acc1=36.34%  acc2=38.17%  ens=37.26%  (best 56.12 @ ep 9)  [34.1s]
  ep  20: acc1=32.73%  acc2=33.22%  ens=32.98%  (best 56.12 @ ep 9)  [21.8s]  [w on clean=0.856, on noisy=0.442]
  ep  21: acc1=32.43%  acc2=34.27%  ens=33.35%  (best 56.12 @ ep 9)  [20.1s]
  ep  22: acc1=32.76%  acc2=28.20%  ens=30.48%  (best 56.12 @ ep 9)  [81.5s]
  ep  23: acc1=31.46%  acc2=31.20%  ens=31.33%  (best 56.12 @ ep 9)  [18.7s]
  ep  24: acc1=29.33%  acc2=30.58%  ens=29.95%  (best 56.12 @ ep 9)  [19.2s]
  ep  25: acc1=34.71%  acc2=34.56%  ens=34.64%  (best 56.12 @ ep 9)  [21.4s]
  ep  26: acc1=31.37%  acc2=33.82%  ens=32.59%  (best 56.12 @ ep 9)  [19.7s]
  ep  27: acc1=34.65%  acc2=33.65%  ens=34.15%  (best 56.12 @ ep 9)  [19.7s]
  ep  28: acc1=33.96%  acc2=35.20%  ens=34.58%  (best 56.12 @ ep 9)  [19.1s]
  ep  29: acc1=35.01%  acc2=37.65%  ens=36.33%  (best 56.12 @ ep 9)  [39.1s]
  ep  30: acc1=37.89%  acc2=35.13%  ens=36.51%  (best 56.12 @ ep 9)  [21.4s]  [w on clean=0.876, on noisy=0.567]
  ep  31: acc1=34.70%  acc2=40.17%  ens=37.43%  (best 56.12 @ ep 9)  [18.5s]
  ep  32: acc1=41.53%  acc2=37.48%  ens=39.51%  (best 56.12 @ ep 9)  [20.3s]
  ep  33: acc1=34.45%  acc2=38.06%  ens=36.25%  (best 56.12 @ ep 9)  [18.8s]
  ep  34: acc1=38.37%  acc2=36.14%  ens=37.26%  (best 56.12 @ ep 9)  [17.6s]
  ep  35: acc1=34.48%  acc2=36.48%  ens=35.48%  (best 56.12 @ ep 9)  [19.3s]
  ep  36: acc1=37.04%  acc2=32.08%  ens=34.56%  (best 56.12 @ ep 9)  [22.0s]
  ep  37: acc1=33.58%  acc2=37.91%  ens=35.74%  (best 56.12 @ ep 9)  [17.7s]
  ep  38: acc1=40.28%  acc2=35.78%  ens=38.03%  (best 56.12 @ ep 9)  [20.0s]
  ep  39: acc1=32.29%  acc2=36.80%  ens=34.55%  (best 56.12 @ ep 9)  [87.2s]
  ep  40: acc1=34.24%  acc2=31.65%  ens=32.95%  (best 56.12 @ ep 9)  [52.8s]
  ep  41: acc1=32.32%  acc2=35.40%  ens=33.86%  (best 56.12 @ ep 9)  [18.8s]
  ep  42: acc1=38.17%  acc2=33.60%  ens=35.88%  (best 56.12 @ ep 9)  [18.8s]
  ep  43: acc1=32.49%  acc2=36.49%  ens=34.49%  (best 56.12 @ ep 9)  [83.3s]
  ep  44: acc1=38.88%  acc2=35.85%  ens=37.36%  (best 56.12 @ ep 9)  [18.4s]
  ep  45: acc1=36.15%  acc2=37.27%  ens=36.71%  (best 56.12 @ ep 9)  [18.7s]
  ep  46: acc1=39.20%  acc2=36.24%  ens=37.72%  (best 56.12 @ ep 9)  [18.9s]
  ep  47: acc1=32.05%  acc2=36.33%  ens=34.19%  (best 56.12 @ ep 9)  [95.7s]
  ep  48: acc1=38.60%  acc2=35.03%  ens=36.81%  (best 56.12 @ ep 9)  [18.7s]
  ep  49: acc1=33.51%  acc2=35.86%  ens=34.69%  (best 56.12 @ ep 9)  [18.6s]
  ep  50: acc1=38.97%  acc2=33.65%  ens=36.31%  (best 56.12 @ ep 9)  [32.6s]  [w on clean=0.890, on noisy=0.670]
  ep  51: acc1=34.17%  acc2=36.16%  ens=35.16%  (best 56.12 @ ep 9)  [21.8s]
  ep  52: acc1=36.91%  acc2=35.74%  ens=36.32%  (best 56.12 @ ep 9)  [18.7s]
  ep  53: acc1=33.49%  acc2=36.07%  ens=34.78%  (best 56.12 @ ep 9)  [18.1s]
  ep  54: acc1=39.38%  acc2=36.28%  ens=37.83%  (best 56.12 @ ep 9)  [19.7s]
  ep  55: acc1=38.78%  acc2=40.08%  ens=39.43%  (best 56.12 @ ep 9)  [20.9s]
  ep  56: acc1=39.35%  acc2=39.79%  ens=39.57%  (best 56.12 @ ep 9)  [20.5s]
  ep  57: acc1=41.12%  acc2=42.32%  ens=41.72%  (best 56.12 @ ep 9)  [112.8s]
  ep  58: acc1=41.86%  acc2=43.73%  ens=42.80%  (best 56.12 @ ep 9)  [53.6s]
  ep  59: acc1=42.76%  acc2=43.29%  ens=43.03%  (best 56.12 @ ep 9)  [22.8s]
  ep  60: acc1=41.85%  acc2=43.77%  ens=42.81%  (best 56.12 @ ep 9)  [36.1s]
  ep  61: acc1=44.44%  acc2=44.85%  ens=44.65%  (best 56.12 @ ep 9)  [26.2s]
  ep  62: acc1=44.63%  acc2=44.72%  ens=44.67%  (best 56.12 @ ep 9)  [22.6s]
  ep  63: acc1=43.53%  acc2=41.73%  ens=42.63%  (best 56.12 @ ep 9)  [30.7s]
  ep  64: acc1=42.48%  acc2=43.51%  ens=42.99%  (best 56.12 @ ep 9)  [22.3s]
  ep  65: acc1=44.73%  acc2=44.94%  ens=44.84%  (best 56.12 @ ep 9)  [22.1s]
  ep  66: acc1=46.18%  acc2=45.88%  ens=46.03%  (best 56.12 @ ep 9)  [62.1s]
  ep  67: acc1=44.54%  acc2=45.65%  ens=45.09%  (best 56.12 @ ep 9)  [22.9s]
  ep  68: acc1=46.65%  acc2=46.04%  ens=46.35%  (best 56.12 @ ep 9)  [22.7s]
  ep  69: acc1=46.91%  acc2=47.91%  ens=47.41%  (best 56.12 @ ep 9)  [120.4s]
  ep  70: acc1=46.62%  acc2=46.73%  ens=46.67%  (best 56.12 @ ep 9)  [24.1s]
  ep  71: acc1=45.98%  acc2=46.95%  ens=46.47%  (best 56.12 @ ep 9)  [21.9s]
  ep  72: acc1=46.52%  acc2=47.24%  ens=46.88%  (best 56.12 @ ep 9)  [41.9s]
  ep  73: acc1=46.88%  acc2=47.49%  ens=47.19%  (best 56.12 @ ep 9)  [22.7s]
  ep  74: acc1=47.65%  acc2=47.34%  ens=47.49%  (best 56.12 @ ep 9)  [21.4s]
  ep  75: acc1=47.51%  acc2=47.21%  ens=47.36%  (best 56.12 @ ep 9)  [40.3s]  [w on clean=0.894, on noisy=0.707]
  ep  76: acc1=47.53%  acc2=48.57%  ens=48.05%  (best 56.12 @ ep 9)  [22.7s]
  ep  77: acc1=47.89%  acc2=47.72%  ens=47.80%  (best 56.12 @ ep 9)  [22.2s]
  ep  78: acc1=47.57%  acc2=48.60%  ens=48.09%  (best 56.12 @ ep 9)  [26.1s]
  ep  79: acc1=48.10%  acc2=48.56%  ens=48.33%  (best 56.12 @ ep 9)  [22.2s]
  ep  80: acc1=47.99%  acc2=48.19%  ens=48.09%  (best 56.12 @ ep 9)  [21.9s]
  ep  81: acc1=47.56%  acc2=47.82%  ens=47.69%  (best 56.12 @ ep 9)  [78.7s]
  ep  82: acc1=48.27%  acc2=48.48%  ens=48.38%  (best 56.12 @ ep 9)  [21.8s]
  ep  83: acc1=49.28%  acc2=48.94%  ens=49.11%  (best 56.12 @ ep 9)  [22.4s]
  ep  84: acc1=48.50%  acc2=49.11%  ens=48.80%  (best 56.12 @ ep 9)  [78.7s]
  ep  85: acc1=49.47%  acc2=49.28%  ens=49.38%  (best 56.12 @ ep 9)  [22.7s]
  ep  86: acc1=48.10%  acc2=48.22%  ens=48.16%  (best 56.12 @ ep 9)  [21.4s]
  ep  87: acc1=48.64%  acc2=48.09%  ens=48.37%  (best 56.12 @ ep 9)  [90.8s]
  ep  88: acc1=48.45%  acc2=49.15%  ens=48.80%  (best 56.12 @ ep 9)  [21.7s]
  ep  89: acc1=48.80%  acc2=49.60%  ens=49.20%  (best 56.12 @ ep 9)  [21.1s]
  ep  90: acc1=48.99%  acc2=49.10%  ens=49.05%  (best 56.12 @ ep 9)  [77.3s]
  ep  91: acc1=48.81%  acc2=48.97%  ens=48.89%  (best 56.12 @ ep 9)  [22.5s]
  ep  92: acc1=49.00%  acc2=48.76%  ens=48.88%  (best 56.12 @ ep 9)  [22.7s]
  ep  93: acc1=48.69%  acc2=49.02%  ens=48.86%  (best 56.12 @ ep 9)  [49.2s]
  ep  94: acc1=49.19%  acc2=49.15%  ens=49.17%  (best 56.12 @ ep 9)  [22.3s]
  ep  95: acc1=49.19%  acc2=48.73%  ens=48.96%  (best 56.12 @ ep 9)  [23.8s]
  ep  96: acc1=49.11%  acc2=48.84%  ens=48.98%  (best 56.12 @ ep 9)  [22.6s]
  ep  97: acc1=48.86%  acc2=48.56%  ens=48.71%  (best 56.12 @ ep 9)  [22.9s]
  ep  98: acc1=48.90%  acc2=48.46%  ens=48.68%  (best 56.12 @ ep 9)  [22.9s]
  ep  99: acc1=49.03%  acc2=48.92%  ens=48.98%  (best 56.12 @ ep 9)  [37.1s]  [w on clean=0.894, on noisy=0.708]

saved /path/to/ciln-workspace/journal_edition/robustness_transfer/results_v3/dividemix/ours__fog_sev3__seed1.json: best ens-acc 56.12% @ ep 9
saved /path/to/ciln-workspace/journal_edition/robustness_transfer/results_v3/dividemix/ours__fog_sev3__seed1__persample.npz
