/path/to/ciln-workspace/venv/lib/python3.12/site-packages/torchvision/datasets/cifar.py:83: VisibleDeprecationWarning: dtype(): align should be passed as Python or NumPy boolean but got `align=0`. Did you mean to pass a tuple to create a subarray type? (Deprecated NumPy 2.4)
  entry = pickle.load(f, encoding="latin1")
condition=ours__impulse_noise_sev5 seed=2 gpu=2
  ep   0: acc1=23.36%  acc2=18.00%  ens=20.68%  (best 20.68 @ ep 0)  [5.7s]
  ep   1: acc1=27.77%  acc2=22.51%  ens=25.14%  (best 25.14 @ ep 1)  [4.9s]
  ep   2: acc1=24.62%  acc2=30.17%  ens=27.40%  (best 27.40 @ ep 2)  [5.0s]
  ep   3: acc1=31.14%  acc2=28.97%  ens=30.05%  (best 30.05 @ ep 3)  [5.0s]
  ep   4: acc1=34.07%  acc2=27.25%  ens=30.66%  (best 30.66 @ ep 4)  [4.9s]
  ep   5: acc1=34.31%  acc2=35.38%  ens=34.85%  (best 34.85 @ ep 5)  [7.3s]  [w on clean=0.794, on noisy=0.505]
  ep   6: acc1=32.34%  acc2=34.61%  ens=33.48%  (best 34.85 @ ep 5)  [5.1s]
  ep   7: acc1=31.69%  acc2=34.93%  ens=33.31%  (best 34.85 @ ep 5)  [14.3s]
  ep   8: acc1=38.10%  acc2=37.23%  ens=37.67%  (best 37.67 @ ep 8)  [4.9s]
  ep   9: acc1=35.55%  acc2=34.01%  ens=34.78%  (best 37.67 @ ep 8)  [5.1s]
  ep  10: acc1=20.59%  acc2=16.92%  ens=18.75%  (best 37.67 @ ep 8)  [21.8s]  [w on clean=0.551, on noisy=0.486]
  ep  11: acc1=15.69%  acc2=14.98%  ens=15.33%  (best 37.67 @ ep 8)  [13.9s]
  ep  12: acc1=14.25%  acc2=13.07%  ens=13.66%  (best 37.67 @ ep 8)  [15.1s]
  ep  13: acc1=13.73%  acc2=12.59%  ens=13.16%  (best 37.67 @ ep 8)  [16.9s]
  ep  14: acc1=12.13%  acc2=10.32%  ens=11.22%  (best 37.67 @ ep 8)  [16.1s]
  ep  15: acc1=10.00%  acc2=10.00%  ens=10.00%  (best 37.67 @ ep 8)  [16.0s]
  ep  16: acc1=10.00%  acc2=10.05%  ens=10.03%  (best 37.67 @ ep 8)  [16.4s]
  ep  17: acc1=10.01%  acc2=10.00%  ens=10.01%  (best 37.67 @ ep 8)  [44.4s]
  ep  18: acc1=10.00%  acc2=10.00%  ens=10.00%  (best 37.67 @ ep 8)  [16.5s]
  ep  19: acc1=10.00%  acc2=10.08%  ens=10.04%  (best 37.67 @ ep 8)  [15.6s]
  ep  20: acc1=10.26%  acc2=10.00%  ens=10.13%  (best 37.67 @ ep 8)  [19.3s]  [w on clean=0.495, on noisy=0.632]
  ep  21: acc1=10.33%  acc2=10.00%  ens=10.17%  (best 37.67 @ ep 8)  [15.4s]
  ep  22: acc1=10.79%  acc2=10.43%  ens=10.61%  (best 37.67 @ ep 8)  [16.3s]
  ep  23: acc1=10.00%  acc2=10.18%  ens=10.09%  (best 37.67 @ ep 8)  [16.3s]
  ep  24: acc1=10.00%  acc2=10.00%  ens=10.00%  (best 37.67 @ ep 8)  [17.5s]
  ep  25: acc1=10.05%  acc2=10.00%  ens=10.03%  (best 37.67 @ ep 8)  [16.4s]
  ep  26: acc1=10.00%  acc2=13.17%  ens=11.59%  (best 37.67 @ ep 8)  [16.7s]
  ep  27: acc1=11.72%  acc2=14.28%  ens=13.00%  (best 37.67 @ ep 8)  [17.8s]
  ep  28: acc1=15.30%  acc2=11.94%  ens=13.62%  (best 37.67 @ ep 8)  [45.7s]
  ep  29: acc1=13.21%  acc2=13.30%  ens=13.26%  (best 37.67 @ ep 8)  [17.9s]
  ep  30: acc1=11.17%  acc2=11.96%  ens=11.56%  (best 37.67 @ ep 8)  [20.1s]  [w on clean=0.495, on noisy=0.632]
  ep  31: acc1=11.41%  acc2=10.26%  ens=10.84%  (best 37.67 @ ep 8)  [17.1s]
  ep  32: acc1=10.08%  acc2=10.17%  ens=10.12%  (best 37.67 @ ep 8)  [105.2s]
  ep  33: acc1=11.87%  acc2=11.91%  ens=11.89%  (best 37.67 @ ep 8)  [16.6s]
  ep  34: acc1=12.28%  acc2=13.24%  ens=12.76%  (best 37.67 @ ep 8)  [16.1s]
  ep  35: acc1=16.36%  acc2=16.50%  ens=16.43%  (best 37.67 @ ep 8)  [16.8s]
  ep  36: acc1=15.00%  acc2=15.26%  ens=15.13%  (best 37.67 @ ep 8)  [100.1s]
  ep  37: acc1=13.30%  acc2=12.38%  ens=12.84%  (best 37.67 @ ep 8)  [17.0s]
  ep  38: acc1=12.85%  acc2=14.74%  ens=13.80%  (best 37.67 @ ep 8)  [16.3s]
  ep  39: acc1=14.22%  acc2=15.74%  ens=14.98%  (best 37.67 @ ep 8)  [16.0s]
  ep  40: acc1=15.16%  acc2=15.49%  ens=15.32%  (best 37.67 @ ep 8)  [25.0s]
  ep  41: acc1=16.33%  acc2=15.75%  ens=16.04%  (best 37.67 @ ep 8)  [21.0s]
  ep  42: acc1=15.46%  acc2=14.79%  ens=15.12%  (best 37.67 @ ep 8)  [15.7s]
  ep  43: acc1=15.35%  acc2=14.99%  ens=15.17%  (best 37.67 @ ep 8)  [16.8s]
  ep  44: acc1=13.39%  acc2=13.28%  ens=13.33%  (best 37.67 @ ep 8)  [31.1s]
  ep  45: acc1=14.72%  acc2=14.11%  ens=14.41%  (best 37.67 @ ep 8)  [16.0s]
  ep  46: acc1=14.85%  acc2=14.97%  ens=14.91%  (best 37.67 @ ep 8)  [15.7s]
  ep  47: acc1=15.62%  acc2=14.61%  ens=15.12%  (best 37.67 @ ep 8)  [16.7s]
  ep  48: acc1=15.03%  acc2=15.46%  ens=15.24%  (best 37.67 @ ep 8)  [43.8s]
  ep  49: acc1=15.77%  acc2=14.98%  ens=15.38%  (best 37.67 @ ep 8)  [20.3s]
  ep  50: acc1=15.42%  acc2=15.31%  ens=15.37%  (best 37.67 @ ep 8)  [18.7s]  [w on clean=0.495, on noisy=0.632]
  ep  51: acc1=15.78%  acc2=16.05%  ens=15.92%  (best 37.67 @ ep 8)  [16.5s]
  ep  52: acc1=16.23%  acc2=16.29%  ens=16.26%  (best 37.67 @ ep 8)  [20.8s]
  ep  53: acc1=15.34%  acc2=15.85%  ens=15.60%  (best 37.67 @ ep 8)  [47.1s]
  ep  54: acc1=15.15%  acc2=16.08%  ens=15.62%  (best 37.67 @ ep 8)  [16.6s]
  ep  55: acc1=16.57%  acc2=16.58%  ens=16.57%  (best 37.67 @ ep 8)  [16.5s]
  ep  56: acc1=16.74%  acc2=16.16%  ens=16.45%  (best 37.67 @ ep 8)  [15.8s]
  ep  57: acc1=15.46%  acc2=16.24%  ens=15.85%  (best 37.67 @ ep 8)  [71.3s]
  ep  58: acc1=16.12%  acc2=15.71%  ens=15.92%  (best 37.67 @ ep 8)  [15.6s]
  ep  59: acc1=15.32%  acc2=15.53%  ens=15.43%  (best 37.67 @ ep 8)  [16.3s]
  ep  60: acc1=15.35%  acc2=15.05%  ens=15.20%  (best 37.67 @ ep 8)  [15.7s]
  ep  61: acc1=15.55%  acc2=15.46%  ens=15.50%  (best 37.67 @ ep 8)  [21.8s]
  ep  62: acc1=15.77%  acc2=15.67%  ens=15.72%  (best 37.67 @ ep 8)  [15.6s]
  ep  63: acc1=16.04%  acc2=15.62%  ens=15.83%  (best 37.67 @ ep 8)  [16.5s]
  ep  64: acc1=15.80%  acc2=15.57%  ens=15.68%  (best 37.67 @ ep 8)  [15.9s]
  ep  65: acc1=15.31%  acc2=15.24%  ens=15.28%  (best 37.67 @ ep 8)  [19.0s]
  ep  66: acc1=15.61%  acc2=15.81%  ens=15.71%  (best 37.67 @ ep 8)  [16.0s]
  ep  67: acc1=15.42%  acc2=16.30%  ens=15.86%  (best 37.67 @ ep 8)  [16.3s]
  ep  68: acc1=16.15%  acc2=16.45%  ens=16.30%  (best 37.67 @ ep 8)  [16.2s]
  ep  69: acc1=16.32%  acc2=16.43%  ens=16.38%  (best 37.67 @ ep 8)  [16.4s]
  ep  70: acc1=15.71%  acc2=16.32%  ens=16.02%  (best 37.67 @ ep 8)  [15.9s]
  ep  71: acc1=16.08%  acc2=15.78%  ens=15.93%  (best 37.67 @ ep 8)  [16.7s]
  ep  72: acc1=15.91%  acc2=15.82%  ens=15.87%  (best 37.67 @ ep 8)  [15.8s]
  ep  73: acc1=15.97%  acc2=16.07%  ens=16.02%  (best 37.67 @ ep 8)  [99.6s]
  ep  74: acc1=15.71%  acc2=15.90%  ens=15.80%  (best 37.67 @ ep 8)  [16.3s]
  ep  75: acc1=16.19%  acc2=16.40%  ens=16.29%  (best 37.67 @ ep 8)  [19.2s]  [w on clean=0.495, on noisy=0.632]
  ep  76: acc1=16.21%  acc2=16.19%  ens=16.20%  (best 37.67 @ ep 8)  [16.6s]
  ep  77: acc1=16.42%  acc2=16.34%  ens=16.38%  (best 37.67 @ ep 8)  [42.4s]
  ep  78: acc1=16.51%  acc2=16.23%  ens=16.37%  (best 37.67 @ ep 8)  [15.8s]
  ep  79: acc1=16.28%  acc2=16.10%  ens=16.19%  (best 37.67 @ ep 8)  [16.2s]
  ep  80: acc1=15.72%  acc2=15.97%  ens=15.85%  (best 37.67 @ ep 8)  [16.1s]
  ep  81: acc1=16.10%  acc2=15.89%  ens=16.00%  (best 37.67 @ ep 8)  [17.1s]
  ep  82: acc1=15.77%  acc2=15.39%  ens=15.58%  (best 37.67 @ ep 8)  [16.1s]
  ep  83: acc1=15.85%  acc2=15.85%  ens=15.85%  (best 37.67 @ ep 8)  [16.4s]
  ep  84: acc1=16.02%  acc2=16.25%  ens=16.13%  (best 37.67 @ ep 8)  [16.4s]
  ep  85: acc1=16.19%  acc2=16.14%  ens=16.16%  (best 37.67 @ ep 8)  [28.2s]
  ep  86: acc1=16.13%  acc2=16.14%  ens=16.13%  (best 37.67 @ ep 8)  [16.9s]
  ep  87: acc1=15.98%  acc2=16.30%  ens=16.14%  (best 37.67 @ ep 8)  [17.5s]
  ep  88: acc1=15.87%  acc2=16.08%  ens=15.97%  (best 37.67 @ ep 8)  [16.3s]
  ep  89: acc1=15.66%  acc2=15.74%  ens=15.70%  (best 37.67 @ ep 8)  [107.3s]
  ep  90: acc1=15.73%  acc2=16.21%  ens=15.97%  (best 37.67 @ ep 8)  [16.6s]
  ep  91: acc1=15.87%  acc2=16.17%  ens=16.02%  (best 37.67 @ ep 8)  [16.7s]
  ep  92: acc1=15.91%  acc2=16.25%  ens=16.08%  (best 37.67 @ ep 8)  [16.8s]
  ep  93: acc1=15.82%  acc2=16.10%  ens=15.96%  (best 37.67 @ ep 8)  [16.3s]
  ep  94: acc1=16.00%  acc2=16.31%  ens=16.16%  (best 37.67 @ ep 8)  [16.5s]
  ep  95: acc1=15.97%  acc2=16.14%  ens=16.05%  (best 37.67 @ ep 8)  [17.1s]
  ep  96: acc1=16.08%  acc2=16.01%  ens=16.04%  (best 37.67 @ ep 8)  [17.3s]
  ep  97: acc1=15.80%  acc2=16.17%  ens=15.98%  (best 37.67 @ ep 8)  [17.3s]
  ep  98: acc1=15.97%  acc2=16.52%  ens=16.25%  (best 37.67 @ ep 8)  [17.9s]
  ep  99: acc1=15.91%  acc2=16.12%  ens=16.02%  (best 37.67 @ ep 8)  [19.1s]  [w on clean=0.495, on noisy=0.632]

saved /path/to/ciln-workspace/journal_edition/robustness_transfer/results_v3/dividemix/ours__impulse_noise_sev5__seed2.json: best ens-acc 37.67% @ ep 8
saved /path/to/ciln-workspace/journal_edition/robustness_transfer/results_v3/dividemix/ours__impulse_noise_sev5__seed2__persample.npz
