/path/to/ciln-workspace/venv/lib/python3.12/site-packages/torchvision/datasets/cifar.py:83: VisibleDeprecationWarning: dtype(): align should be passed as Python or NumPy boolean but got `align=0`. Did you mean to pass a tuple to create a subarray type? (Deprecated NumPy 2.4)
  entry = pickle.load(f, encoding="latin1")
condition=gu_medium seed=2 gpu=1
  ep   0: acc1=18.91%  acc2=33.88%  ens=26.40%  (best 26.40 @ ep 0)  [7.6s]
  ep   1: acc1=37.83%  acc2=49.41%  ens=43.62%  (best 43.62 @ ep 1)  [9.9s]
  ep   2: acc1=49.24%  acc2=53.35%  ens=51.30%  (best 51.30 @ ep 2)  [25.7s]
  ep   3: acc1=55.68%  acc2=57.74%  ens=56.71%  (best 56.71 @ ep 3)  [24.7s]
  ep   4: acc1=58.19%  acc2=56.01%  ens=57.10%  (best 57.10 @ ep 4)  [11.4s]
  ep   5: acc1=66.35%  acc2=60.52%  ens=63.43%  (best 63.43 @ ep 5)  [10.5s]  [w on clean=0.849, on noisy=0.517]
  ep   6: acc1=63.61%  acc2=65.16%  ens=64.39%  (best 64.39 @ ep 6)  [7.4s]
  ep   7: acc1=64.24%  acc2=66.93%  ens=65.59%  (best 65.59 @ ep 7)  [7.1s]
  ep   8: acc1=64.92%  acc2=66.21%  ens=65.57%  (best 65.59 @ ep 7)  [7.1s]
  ep   9: acc1=69.33%  acc2=67.23%  ens=68.28%  (best 68.28 @ ep 9)  [7.0s]
  ep  10: acc1=50.90%  acc2=42.36%  ens=46.63%  (best 68.28 @ ep 9)  [90.8s]  [w on clean=0.656, on noisy=0.396]
  ep  11: acc1=37.36%  acc2=30.45%  ens=33.90%  (best 68.28 @ ep 9)  [28.3s]
  ep  12: acc1=28.12%  acc2=30.20%  ens=29.16%  (best 68.28 @ ep 9)  [40.5s]
  ep  13: acc1=31.56%  acc2=31.50%  ens=31.53%  (best 68.28 @ ep 9)  [27.4s]
  ep  14: acc1=33.04%  acc2=31.25%  ens=32.15%  (best 68.28 @ ep 9)  [77.2s]
  ep  15: acc1=36.57%  acc2=37.53%  ens=37.05%  (best 68.28 @ ep 9)  [31.8s]
  ep  16: acc1=38.46%  acc2=39.18%  ens=38.82%  (best 68.28 @ ep 9)  [53.7s]
  ep  17: acc1=37.93%  acc2=43.37%  ens=40.65%  (best 68.28 @ ep 9)  [33.2s]
  ep  18: acc1=43.20%  acc2=40.59%  ens=41.89%  (best 68.28 @ ep 9)  [37.2s]
  ep  19: acc1=45.63%  acc2=44.50%  ens=45.06%  (best 68.28 @ ep 9)  [33.6s]
  ep  20: acc1=45.09%  acc2=42.82%  ens=43.95%  (best 68.28 @ ep 9)  [80.3s]  [w on clean=0.728, on noisy=0.608]
  ep  21: acc1=47.03%  acc2=45.06%  ens=46.05%  (best 68.28 @ ep 9)  [32.4s]
  ep  22: acc1=39.58%  acc2=43.90%  ens=41.74%  (best 68.28 @ ep 9)  [50.9s]
  ep  23: acc1=44.51%  acc2=43.76%  ens=44.14%  (best 68.28 @ ep 9)  [57.4s]
  ep  24: acc1=44.98%  acc2=43.82%  ens=44.40%  (best 68.28 @ ep 9)  [32.2s]
  ep  25: acc1=45.65%  acc2=43.86%  ens=44.76%  (best 68.28 @ ep 9)  [34.2s]
  ep  26: acc1=41.76%  acc2=38.74%  ens=40.25%  (best 68.28 @ ep 9)  [33.0s]
  ep  27: acc1=39.77%  acc2=43.32%  ens=41.55%  (best 68.28 @ ep 9)  [60.7s]
  ep  28: acc1=47.26%  acc2=45.76%  ens=46.51%  (best 68.28 @ ep 9)  [33.1s]
  ep  29: acc1=40.07%  acc2=34.95%  ens=37.51%  (best 68.28 @ ep 9)  [42.0s]
  ep  30: acc1=36.74%  acc2=36.49%  ens=36.61%  (best 68.28 @ ep 9)  [43.4s]  [w on clean=0.730, on noisy=0.619]
  ep  31: acc1=37.15%  acc2=36.17%  ens=36.66%  (best 68.28 @ ep 9)  [39.3s]
  ep  32: acc1=43.99%  acc2=43.14%  ens=43.56%  (best 68.28 @ ep 9)  [63.6s]
  ep  33: acc1=38.31%  acc2=41.27%  ens=39.79%  (best 68.28 @ ep 9)  [35.1s]
  ep  34: acc1=32.51%  acc2=41.03%  ens=36.77%  (best 68.28 @ ep 9)  [34.4s]
  ep  35: acc1=40.44%  acc2=36.48%  ens=38.46%  (best 68.28 @ ep 9)  [39.1s]
  ep  36: acc1=40.14%  acc2=40.92%  ens=40.53%  (best 68.28 @ ep 9)  [31.6s]
  ep  37: acc1=41.50%  acc2=43.21%  ens=42.35%  (best 68.28 @ ep 9)  [34.6s]
  ep  38: acc1=44.67%  acc2=46.58%  ens=45.62%  (best 68.28 @ ep 9)  [32.6s]
  ep  39: acc1=45.82%  acc2=48.58%  ens=47.20%  (best 68.28 @ ep 9)  [39.8s]
  ep  40: acc1=44.04%  acc2=43.71%  ens=43.88%  (best 68.28 @ ep 9)  [32.8s]
  ep  41: acc1=49.41%  acc2=48.04%  ens=48.72%  (best 68.28 @ ep 9)  [54.8s]
  ep  42: acc1=46.92%  acc2=44.64%  ens=45.78%  (best 68.28 @ ep 9)  [35.4s]
  ep  43: acc1=47.67%  acc2=47.83%  ens=47.75%  (best 68.28 @ ep 9)  [42.6s]
  ep  44: acc1=44.68%  acc2=48.63%  ens=46.66%  (best 68.28 @ ep 9)  [32.2s]
  ep  45: acc1=46.09%  acc2=44.75%  ens=45.42%  (best 68.28 @ ep 9)  [99.4s]
  ep  46: acc1=44.62%  acc2=44.49%  ens=44.55%  (best 68.28 @ ep 9)  [32.2s]
  ep  47: acc1=45.44%  acc2=46.26%  ens=45.85%  (best 68.28 @ ep 9)  [71.5s]
  ep  48: acc1=46.56%  acc2=46.18%  ens=46.37%  (best 68.28 @ ep 9)  [33.3s]
  ep  49: acc1=49.20%  acc2=46.90%  ens=48.05%  (best 68.28 @ ep 9)  [63.4s]
  ep  50: acc1=48.14%  acc2=47.40%  ens=47.77%  (best 68.28 @ ep 9)  [36.7s]  [w on clean=0.730, on noisy=0.616]
  ep  51: acc1=47.70%  acc2=45.23%  ens=46.47%  (best 68.28 @ ep 9)  [41.0s]
  ep  52: acc1=46.38%  acc2=46.20%  ens=46.29%  (best 68.28 @ ep 9)  [32.5s]
  ep  53: acc1=47.29%  acc2=47.46%  ens=47.38%  (best 68.28 @ ep 9)  [46.0s]
  ep  54: acc1=47.43%  acc2=49.90%  ens=48.67%  (best 68.28 @ ep 9)  [33.0s]
  ep  55: acc1=50.44%  acc2=48.18%  ens=49.31%  (best 68.28 @ ep 9)  [36.5s]
  ep  56: acc1=49.23%  acc2=48.05%  ens=48.64%  (best 68.28 @ ep 9)  [53.5s]
  ep  57: acc1=47.84%  acc2=48.42%  ens=48.13%  (best 68.28 @ ep 9)  [35.3s]
  ep  58: acc1=47.39%  acc2=50.25%  ens=48.82%  (best 68.28 @ ep 9)  [32.7s]
  ep  59: acc1=49.59%  acc2=49.65%  ens=49.62%  (best 68.28 @ ep 9)  [73.1s]
  ep  60: acc1=47.33%  acc2=48.26%  ens=47.80%  (best 68.28 @ ep 9)  [32.6s]
  ep  61: acc1=49.58%  acc2=47.60%  ens=48.59%  (best 68.28 @ ep 9)  [37.7s]
  ep  62: acc1=47.52%  acc2=49.01%  ens=48.27%  (best 68.28 @ ep 9)  [34.3s]
  ep  63: acc1=49.84%  acc2=48.86%  ens=49.35%  (best 68.28 @ ep 9)  [35.4s]
  ep  64: acc1=47.76%  acc2=48.07%  ens=47.91%  (best 68.28 @ ep 9)  [33.3s]
  ep  65: acc1=48.59%  acc2=48.92%  ens=48.76%  (best 68.28 @ ep 9)  [93.8s]
  ep  66: acc1=51.22%  acc2=49.21%  ens=50.21%  (best 68.28 @ ep 9)  [33.5s]
  ep  67: acc1=48.08%  acc2=48.92%  ens=48.50%  (best 68.28 @ ep 9)  [73.7s]
  ep  68: acc1=50.77%  acc2=50.70%  ens=50.73%  (best 68.28 @ ep 9)  [33.6s]
  ep  69: acc1=49.78%  acc2=50.51%  ens=50.14%  (best 68.28 @ ep 9)  [53.9s]
  ep  70: acc1=50.34%  acc2=49.46%  ens=49.90%  (best 68.28 @ ep 9)  [32.3s]
  ep  71: acc1=51.11%  acc2=49.28%  ens=50.20%  (best 68.28 @ ep 9)  [37.9s]
  ep  72: acc1=50.43%  acc2=50.32%  ens=50.37%  (best 68.28 @ ep 9)  [37.2s]
  ep  73: acc1=49.42%  acc2=50.85%  ens=50.13%  (best 68.28 @ ep 9)  [43.6s]
  ep  74: acc1=50.52%  acc2=50.25%  ens=50.38%  (best 68.28 @ ep 9)  [33.6s]
  ep  75: acc1=49.14%  acc2=50.18%  ens=49.66%  (best 68.28 @ ep 9)  [41.8s]  [w on clean=0.730, on noisy=0.619]
  ep  76: acc1=49.67%  acc2=51.02%  ens=50.34%  (best 68.28 @ ep 9)  [38.7s]
  ep  77: acc1=50.79%  acc2=51.41%  ens=51.10%  (best 68.28 @ ep 9)  [32.5s]
  ep  78: acc1=50.61%  acc2=49.96%  ens=50.29%  (best 68.28 @ ep 9)  [35.7s]
  ep  79: acc1=51.16%  acc2=50.26%  ens=50.71%  (best 68.28 @ ep 9)  [32.5s]
  ep  80: acc1=51.04%  acc2=50.65%  ens=50.84%  (best 68.28 @ ep 9)  [84.1s]
  ep  81: acc1=50.58%  acc2=50.20%  ens=50.39%  (best 68.28 @ ep 9)  [33.0s]
  ep  82: acc1=51.14%  acc2=50.60%  ens=50.87%  (best 68.28 @ ep 9)  [43.5s]
  ep  83: acc1=50.75%  acc2=50.55%  ens=50.65%  (best 68.28 @ ep 9)  [33.2s]
  ep  84: acc1=50.74%  acc2=50.80%  ens=50.77%  (best 68.28 @ ep 9)  [47.8s]
  ep  85: acc1=51.31%  acc2=50.75%  ens=51.03%  (best 68.28 @ ep 9)  [32.5s]
  ep  86: acc1=50.68%  acc2=50.73%  ens=50.70%  (best 68.28 @ ep 9)  [42.8s]
  ep  87: acc1=50.68%  acc2=50.96%  ens=50.82%  (best 68.28 @ ep 9)  [32.4s]
  ep  88: acc1=50.86%  acc2=51.31%  ens=51.09%  (best 68.28 @ ep 9)  [82.8s]
  ep  89: acc1=51.20%  acc2=51.09%  ens=51.14%  (best 68.28 @ ep 9)  [32.4s]
  ep  90: acc1=51.26%  acc2=50.74%  ens=51.00%  (best 68.28 @ ep 9)  [35.5s]
  ep  91: acc1=50.98%  acc2=50.77%  ens=50.88%  (best 68.28 @ ep 9)  [32.9s]
  ep  92: acc1=50.95%  acc2=50.97%  ens=50.96%  (best 68.28 @ ep 9)  [77.7s]
  ep  93: acc1=51.50%  acc2=50.74%  ens=51.12%  (best 68.28 @ ep 9)  [32.5s]
  ep  94: acc1=50.89%  acc2=50.85%  ens=50.87%  (best 68.28 @ ep 9)  [61.3s]
  ep  95: acc1=51.74%  acc2=51.06%  ens=51.40%  (best 68.28 @ ep 9)  [32.7s]
  ep  96: acc1=51.47%  acc2=51.09%  ens=51.28%  (best 68.28 @ ep 9)  [38.9s]
  ep  97: acc1=51.30%  acc2=50.79%  ens=51.05%  (best 68.28 @ ep 9)  [33.3s]
  ep  98: acc1=51.17%  acc2=50.92%  ens=51.05%  (best 68.28 @ ep 9)  [33.2s]
  ep  99: acc1=51.14%  acc2=51.22%  ens=51.18%  (best 68.28 @ ep 9)  [37.7s]  [w on clean=0.730, on noisy=0.621]

saved /path/to/ciln-workspace/journal_edition/robustness_transfer/results_v3/dividemix/gu_medium__seed2.json: best ens-acc 68.28% @ ep 9
saved /path/to/ciln-workspace/journal_edition/robustness_transfer/results_v3/dividemix/gu_medium__seed2__persample.npz
