/path/to/ciln-workspace/venv/lib/python3.12/site-packages/torchvision/datasets/cifar.py:83: VisibleDeprecationWarning: dtype(): align should be passed as Python or NumPy boolean but got `align=0`. Did you mean to pass a tuple to create a subarray type? (Deprecated NumPy 2.4)
  entry = pickle.load(f, encoding="latin1")
condition=ours__motion_blur_sev3 seed=1 gpu=2
  ep   0: acc1=26.30%  acc2=26.09%  ens=26.20%  (best 26.20 @ ep 0)  [5.6s]
  ep   1: acc1=37.48%  acc2=29.75%  ens=33.62%  (best 33.62 @ ep 1)  [4.9s]
  ep   2: acc1=41.65%  acc2=34.96%  ens=38.30%  (best 38.30 @ ep 2)  [4.8s]
  ep   3: acc1=42.34%  acc2=36.86%  ens=39.60%  (best 39.60 @ ep 3)  [4.8s]
  ep   4: acc1=50.49%  acc2=46.04%  ens=48.27%  (best 48.27 @ ep 4)  [13.8s]
  ep   5: acc1=52.45%  acc2=39.73%  ens=46.09%  (best 48.27 @ ep 4)  [7.3s]  [w on clean=0.872, on noisy=0.409]
  ep   6: acc1=50.91%  acc2=42.18%  ens=46.55%  (best 48.27 @ ep 4)  [4.9s]
  ep   7: acc1=54.78%  acc2=50.67%  ens=52.73%  (best 52.73 @ ep 7)  [5.0s]
  ep   8: acc1=54.40%  acc2=53.07%  ens=53.73%  (best 53.73 @ ep 8)  [4.8s]
  ep   9: acc1=58.62%  acc2=55.00%  ens=56.81%  (best 56.81 @ ep 9)  [4.9s]
  ep  10: acc1=41.39%  acc2=36.86%  ens=39.12%  (best 56.81 @ ep 9)  [22.0s]  [w on clean=0.688, on noisy=0.252]
  ep  11: acc1=36.09%  acc2=30.76%  ens=33.42%  (best 56.81 @ ep 9)  [68.6s]
  ep  12: acc1=22.59%  acc2=19.62%  ens=21.11%  (best 56.81 @ ep 9)  [21.3s]
  ep  13: acc1=21.95%  acc2=21.14%  ens=21.55%  (best 56.81 @ ep 9)  [18.4s]
  ep  14: acc1=20.89%  acc2=19.32%  ens=20.11%  (best 56.81 @ ep 9)  [21.2s]
  ep  15: acc1=21.88%  acc2=20.89%  ens=21.38%  (best 56.81 @ ep 9)  [74.9s]
  ep  16: acc1=20.35%  acc2=21.51%  ens=20.93%  (best 56.81 @ ep 9)  [21.3s]
  ep  17: acc1=21.84%  acc2=21.34%  ens=21.59%  (best 56.81 @ ep 9)  [22.3s]
  ep  18: acc1=25.98%  acc2=25.06%  ens=25.52%  (best 56.81 @ ep 9)  [38.4s]
  ep  19: acc1=25.39%  acc2=21.99%  ens=23.69%  (best 56.81 @ ep 9)  [22.8s]
  ep  20: acc1=21.63%  acc2=23.74%  ens=22.68%  (best 56.81 @ ep 9)  [25.0s]  [w on clean=0.946, on noisy=0.690]
  ep  21: acc1=22.36%  acc2=26.70%  ens=24.53%  (best 56.81 @ ep 9)  [167.1s]
  ep  22: acc1=25.44%  acc2=22.84%  ens=24.14%  (best 56.81 @ ep 9)  [23.1s]
  ep  23: acc1=26.73%  acc2=25.40%  ens=26.06%  (best 56.81 @ ep 9)  [22.5s]
  ep  24: acc1=26.38%  acc2=26.28%  ens=26.33%  (best 56.81 @ ep 9)  [23.1s]
  ep  25: acc1=26.97%  acc2=26.14%  ens=26.55%  (best 56.81 @ ep 9)  [22.4s]
  ep  26: acc1=28.40%  acc2=25.86%  ens=27.13%  (best 56.81 @ ep 9)  [23.3s]
  ep  27: acc1=28.64%  acc2=29.91%  ens=29.27%  (best 56.81 @ ep 9)  [23.3s]
  ep  28: acc1=32.62%  acc2=30.91%  ens=31.77%  (best 56.81 @ ep 9)  [22.8s]
  ep  29: acc1=28.73%  acc2=25.64%  ens=27.19%  (best 56.81 @ ep 9)  [23.9s]
  ep  30: acc1=26.15%  acc2=29.34%  ens=27.74%  (best 56.81 @ ep 9)  [42.5s]  [w on clean=0.950, on noisy=0.714]
  ep  31: acc1=30.73%  acc2=33.28%  ens=32.01%  (best 56.81 @ ep 9)  [22.3s]
  ep  32: acc1=31.37%  acc2=32.39%  ens=31.88%  (best 56.81 @ ep 9)  [43.5s]
  ep  33: acc1=33.07%  acc2=30.23%  ens=31.65%  (best 56.81 @ ep 9)  [23.4s]
  ep  34: acc1=31.49%  acc2=31.45%  ens=31.47%  (best 56.81 @ ep 9)  [23.7s]
  ep  35: acc1=23.92%  acc2=30.34%  ens=27.13%  (best 56.81 @ ep 9)  [35.3s]
  ep  36: acc1=34.75%  acc2=32.55%  ens=33.65%  (best 56.81 @ ep 9)  [22.9s]
  ep  37: acc1=33.25%  acc2=34.97%  ens=34.11%  (best 56.81 @ ep 9)  [22.4s]
  ep  38: acc1=36.45%  acc2=34.37%  ens=35.41%  (best 56.81 @ ep 9)  [73.9s]
  ep  39: acc1=34.23%  acc2=31.71%  ens=32.97%  (best 56.81 @ ep 9)  [23.3s]
  ep  40: acc1=34.71%  acc2=36.46%  ens=35.59%  (best 56.81 @ ep 9)  [22.7s]
  ep  41: acc1=33.94%  acc2=35.60%  ens=34.77%  (best 56.81 @ ep 9)  [54.8s]
  ep  42: acc1=33.48%  acc2=33.91%  ens=33.70%  (best 56.81 @ ep 9)  [23.4s]
  ep  43: acc1=33.98%  acc2=36.40%  ens=35.19%  (best 56.81 @ ep 9)  [23.3s]
  ep  44: acc1=33.88%  acc2=35.92%  ens=34.90%  (best 56.81 @ ep 9)  [131.8s]
  ep  45: acc1=36.09%  acc2=35.39%  ens=35.74%  (best 56.81 @ ep 9)  [23.3s]
  ep  46: acc1=40.56%  acc2=38.24%  ens=39.40%  (best 56.81 @ ep 9)  [22.5s]
  ep  47: acc1=36.66%  acc2=36.50%  ens=36.58%  (best 56.81 @ ep 9)  [22.7s]
  ep  48: acc1=37.69%  acc2=37.13%  ens=37.41%  (best 56.81 @ ep 9)  [23.5s]
  ep  49: acc1=40.01%  acc2=34.77%  ens=37.39%  (best 56.81 @ ep 9)  [23.2s]
  ep  50: acc1=35.96%  acc2=37.92%  ens=36.94%  (best 56.81 @ ep 9)  [28.4s]  [w on clean=0.952, on noisy=0.727]
  ep  51: acc1=35.13%  acc2=38.84%  ens=36.98%  (best 56.81 @ ep 9)  [23.3s]
  ep  52: acc1=36.71%  acc2=36.52%  ens=36.61%  (best 56.81 @ ep 9)  [51.6s]
  ep  53: acc1=35.18%  acc2=39.28%  ens=37.23%  (best 56.81 @ ep 9)  [22.3s]
  ep  54: acc1=39.37%  acc2=38.92%  ens=39.14%  (best 56.81 @ ep 9)  [23.0s]
  ep  55: acc1=37.77%  acc2=39.69%  ens=38.73%  (best 56.81 @ ep 9)  [75.8s]
  ep  56: acc1=39.99%  acc2=39.94%  ens=39.96%  (best 56.81 @ ep 9)  [22.6s]
  ep  57: acc1=38.89%  acc2=39.91%  ens=39.40%  (best 56.81 @ ep 9)  [22.8s]
  ep  58: acc1=38.00%  acc2=39.06%  ens=38.53%  (best 56.81 @ ep 9)  [23.2s]
  ep  59: acc1=37.15%  acc2=38.90%  ens=38.02%  (best 56.81 @ ep 9)  [23.9s]
  ep  60: acc1=38.32%  acc2=35.37%  ens=36.84%  (best 56.81 @ ep 9)  [23.4s]
  ep  61: acc1=39.15%  acc2=39.31%  ens=39.23%  (best 56.81 @ ep 9)  [50.9s]
  ep  62: acc1=40.64%  acc2=39.27%  ens=39.95%  (best 56.81 @ ep 9)  [22.4s]
  ep  63: acc1=39.52%  acc2=39.32%  ens=39.42%  (best 56.81 @ ep 9)  [23.9s]
  ep  64: acc1=39.41%  acc2=41.26%  ens=40.34%  (best 56.81 @ ep 9)  [37.0s]
  ep  65: acc1=37.88%  acc2=39.41%  ens=38.65%  (best 56.81 @ ep 9)  [22.8s]
  ep  66: acc1=39.38%  acc2=38.42%  ens=38.90%  (best 56.81 @ ep 9)  [24.2s]
  ep  67: acc1=38.41%  acc2=41.05%  ens=39.73%  (best 56.81 @ ep 9)  [23.3s]
  ep  68: acc1=38.62%  acc2=39.06%  ens=38.84%  (best 56.81 @ ep 9)  [22.7s]
  ep  69: acc1=38.48%  acc2=40.89%  ens=39.68%  (best 56.81 @ ep 9)  [33.2s]
  ep  70: acc1=41.13%  acc2=41.03%  ens=41.08%  (best 56.81 @ ep 9)  [23.1s]
  ep  71: acc1=40.51%  acc2=40.94%  ens=40.73%  (best 56.81 @ ep 9)  [23.0s]
  ep  72: acc1=38.74%  acc2=39.57%  ens=39.16%  (best 56.81 @ ep 9)  [91.4s]
  ep  73: acc1=38.82%  acc2=41.77%  ens=40.30%  (best 56.81 @ ep 9)  [22.9s]
  ep  74: acc1=40.45%  acc2=39.53%  ens=39.99%  (best 56.81 @ ep 9)  [24.4s]
  ep  75: acc1=40.51%  acc2=39.48%  ens=40.00%  (best 56.81 @ ep 9)  [24.6s]  [w on clean=0.952, on noisy=0.728]
  ep  76: acc1=38.10%  acc2=41.78%  ens=39.94%  (best 56.81 @ ep 9)  [23.6s]
  ep  77: acc1=41.48%  acc2=40.34%  ens=40.91%  (best 56.81 @ ep 9)  [25.1s]
  ep  78: acc1=40.83%  acc2=41.85%  ens=41.34%  (best 56.81 @ ep 9)  [23.7s]
  ep  79: acc1=41.63%  acc2=41.67%  ens=41.65%  (best 56.81 @ ep 9)  [22.8s]
  ep  80: acc1=40.70%  acc2=42.02%  ens=41.36%  (best 56.81 @ ep 9)  [27.7s]
  ep  81: acc1=41.68%  acc2=41.26%  ens=41.47%  (best 56.81 @ ep 9)  [23.3s]
  ep  82: acc1=41.05%  acc2=41.68%  ens=41.36%  (best 56.81 @ ep 9)  [23.8s]
  ep  83: acc1=40.43%  acc2=42.12%  ens=41.27%  (best 56.81 @ ep 9)  [24.5s]
  ep  84: acc1=41.03%  acc2=41.97%  ens=41.50%  (best 56.81 @ ep 9)  [25.8s]
  ep  85: acc1=42.10%  acc2=41.71%  ens=41.91%  (best 56.81 @ ep 9)  [22.3s]
  ep  86: acc1=40.33%  acc2=41.73%  ens=41.03%  (best 56.81 @ ep 9)  [23.8s]
  ep  87: acc1=41.01%  acc2=42.14%  ens=41.58%  (best 56.81 @ ep 9)  [23.6s]
  ep  88: acc1=41.69%  acc2=42.33%  ens=42.01%  (best 56.81 @ ep 9)  [72.9s]
  ep  89: acc1=41.84%  acc2=42.68%  ens=42.26%  (best 56.81 @ ep 9)  [34.2s]
  ep  90: acc1=41.03%  acc2=42.55%  ens=41.79%  (best 56.81 @ ep 9)  [24.8s]
  ep  91: acc1=41.43%  acc2=42.67%  ens=42.05%  (best 56.81 @ ep 9)  [49.3s]
  ep  92: acc1=41.73%  acc2=42.04%  ens=41.88%  (best 56.81 @ ep 9)  [29.4s]
  ep  93: acc1=41.62%  acc2=42.62%  ens=42.12%  (best 56.81 @ ep 9)  [22.8s]
  ep  94: acc1=41.31%  acc2=42.45%  ens=41.88%  (best 56.81 @ ep 9)  [28.9s]
  ep  95: acc1=41.45%  acc2=41.99%  ens=41.72%  (best 56.81 @ ep 9)  [27.4s]
  ep  96: acc1=41.49%  acc2=42.50%  ens=41.99%  (best 56.81 @ ep 9)  [23.1s]
  ep  97: acc1=41.57%  acc2=42.41%  ens=41.99%  (best 56.81 @ ep 9)  [29.0s]
  ep  98: acc1=41.61%  acc2=42.54%  ens=42.08%  (best 56.81 @ ep 9)  [22.7s]
  ep  99: acc1=41.66%  acc2=42.89%  ens=42.27%  (best 56.81 @ ep 9)  [25.7s]  [w on clean=0.952, on noisy=0.728]

saved /path/to/ciln-workspace/journal_edition/robustness_transfer/results_v3/dividemix/ours__motion_blur_sev3__seed1.json: best ens-acc 56.81% @ ep 9
saved /path/to/ciln-workspace/journal_edition/robustness_transfer/results_v3/dividemix/ours__motion_blur_sev3__seed1__persample.npz
