/path/to/ciln-workspace/venv/lib/python3.12/site-packages/torchvision/datasets/cifar.py:83: VisibleDeprecationWarning: dtype(): align should be passed as Python or NumPy boolean but got `align=0`. Did you mean to pass a tuple to create a subarray type? (Deprecated NumPy 2.4)
  entry = pickle.load(f, encoding="latin1")
condition=gu_low seed=0 gpu=1
  ep   0: acc1=39.38%  acc2=39.46%  ens=39.42%  (best 39.42 @ ep 0)  [7.9s]
  ep   1: acc1=44.86%  acc2=41.72%  ens=43.29%  (best 43.29 @ ep 1)  [6.8s]
  ep   2: acc1=45.69%  acc2=57.50%  ens=51.59%  (best 51.59 @ ep 2)  [6.9s]
  ep   3: acc1=59.35%  acc2=61.27%  ens=60.31%  (best 60.31 @ ep 3)  [7.1s]
  ep   4: acc1=51.43%  acc2=58.52%  ens=54.97%  (best 60.31 @ ep 3)  [7.3s]
  ep   5: acc1=65.09%  acc2=65.37%  ens=65.23%  (best 65.23 @ ep 5)  [10.4s]  [w on clean=0.808, on noisy=0.472]
  ep   6: acc1=65.32%  acc2=60.02%  ens=62.67%  (best 65.23 @ ep 5)  [8.8s]
  ep   7: acc1=68.53%  acc2=60.98%  ens=64.76%  (best 65.23 @ ep 5)  [24.2s]
  ep   8: acc1=64.82%  acc2=68.32%  ens=66.57%  (best 66.57 @ ep 8)  [24.0s]
  ep   9: acc1=72.58%  acc2=66.54%  ens=69.56%  (best 69.56 @ ep 9)  [22.4s]
  ep  10: acc1=43.74%  acc2=32.87%  ens=38.30%  (best 69.56 @ ep 9)  [47.3s]  [w on clean=0.585, on noisy=0.385]
  ep  11: acc1=29.91%  acc2=28.15%  ens=29.03%  (best 69.56 @ ep 9)  [26.0s]
  ep  12: acc1=27.19%  acc2=28.83%  ens=28.01%  (best 69.56 @ ep 9)  [33.6s]
  ep  13: acc1=29.91%  acc2=31.57%  ens=30.74%  (best 69.56 @ ep 9)  [32.8s]
  ep  14: acc1=31.05%  acc2=29.91%  ens=30.48%  (best 69.56 @ ep 9)  [131.4s]
  ep  15: acc1=28.00%  acc2=28.48%  ens=28.24%  (best 69.56 @ ep 9)  [37.3s]
  ep  16: acc1=29.70%  acc2=32.33%  ens=31.01%  (best 69.56 @ ep 9)  [41.9s]
  ep  17: acc1=30.28%  acc2=33.31%  ens=31.80%  (best 69.56 @ ep 9)  [88.0s]
  ep  18: acc1=38.55%  acc2=36.01%  ens=37.28%  (best 69.56 @ ep 9)  [38.2s]
  ep  19: acc1=39.02%  acc2=38.03%  ens=38.52%  (best 69.56 @ ep 9)  [41.6s]
  ep  20: acc1=39.82%  acc2=37.37%  ens=38.59%  (best 69.56 @ ep 9)  [50.1s]  [w on clean=0.913, on noisy=0.816]
  ep  21: acc1=42.15%  acc2=43.03%  ens=42.59%  (best 69.56 @ ep 9)  [51.6s]
  ep  22: acc1=37.13%  acc2=44.03%  ens=40.58%  (best 69.56 @ ep 9)  [57.9s]
  ep  23: acc1=43.03%  acc2=42.93%  ens=42.98%  (best 69.56 @ ep 9)  [41.1s]
  ep  24: acc1=41.20%  acc2=42.98%  ens=42.09%  (best 69.56 @ ep 9)  [140.2s]
  ep  25: acc1=47.42%  acc2=46.98%  ens=47.20%  (best 69.56 @ ep 9)  [42.2s]
  ep  26: acc1=45.93%  acc2=47.82%  ens=46.88%  (best 69.56 @ ep 9)  [41.1s]
  ep  27: acc1=46.69%  acc2=42.97%  ens=44.83%  (best 69.56 @ ep 9)  [80.2s]
  ep  28: acc1=42.99%  acc2=45.79%  ens=44.39%  (best 69.56 @ ep 9)  [41.3s]
  ep  29: acc1=44.72%  acc2=47.57%  ens=46.15%  (best 69.56 @ ep 9)  [55.7s]
  ep  30: acc1=41.93%  acc2=42.79%  ens=42.36%  (best 69.56 @ ep 9)  [79.0s]  [w on clean=0.913, on noisy=0.817]
  ep  31: acc1=39.62%  acc2=42.00%  ens=40.81%  (best 69.56 @ ep 9)  [40.5s]
  ep  32: acc1=40.98%  acc2=38.94%  ens=39.96%  (best 69.56 @ ep 9)  [211.3s]
  ep  33: acc1=37.62%  acc2=39.06%  ens=38.34%  (best 69.56 @ ep 9)  [41.0s]
  ep  34: acc1=45.31%  acc2=45.41%  ens=45.36%  (best 69.56 @ ep 9)  [147.5s]
  ep  35: acc1=47.33%  acc2=42.12%  ens=44.73%  (best 69.56 @ ep 9)  [40.5s]
  ep  36: acc1=43.48%  acc2=43.33%  ens=43.41%  (best 69.56 @ ep 9)  [49.0s]
  ep  37: acc1=48.40%  acc2=46.99%  ens=47.70%  (best 69.56 @ ep 9)  [70.3s]
  ep  38: acc1=45.42%  acc2=48.00%  ens=46.71%  (best 69.56 @ ep 9)  [39.4s]
  ep  39: acc1=46.57%  acc2=48.20%  ens=47.38%  (best 69.56 @ ep 9)  [42.4s]
  ep  40: acc1=47.09%  acc2=44.60%  ens=45.84%  (best 69.56 @ ep 9)  [41.1s]
  ep  41: acc1=49.33%  acc2=47.66%  ens=48.49%  (best 69.56 @ ep 9)  [41.5s]
  ep  42: acc1=47.33%  acc2=48.88%  ens=48.10%  (best 69.56 @ ep 9)  [156.1s]
  ep  43: acc1=51.65%  acc2=48.06%  ens=49.85%  (best 69.56 @ ep 9)  [39.0s]
  ep  44: acc1=47.94%  acc2=48.10%  ens=48.02%  (best 69.56 @ ep 9)  [41.9s]
  ep  45: acc1=47.36%  acc2=45.33%  ens=46.35%  (best 69.56 @ ep 9)  [44.4s]
  ep  46: acc1=49.50%  acc2=47.97%  ens=48.73%  (best 69.56 @ ep 9)  [41.2s]
  ep  47: acc1=50.74%  acc2=48.12%  ens=49.43%  (best 69.56 @ ep 9)  [77.6s]
  ep  48: acc1=49.18%  acc2=55.83%  ens=52.51%  (best 69.56 @ ep 9)  [102.2s]
  ep  49: acc1=51.30%  acc2=49.08%  ens=50.19%  (best 69.56 @ ep 9)  [41.3s]
  ep  50: acc1=51.81%  acc2=53.68%  ens=52.74%  (best 69.56 @ ep 9)  [83.1s]  [w on clean=0.913, on noisy=0.816]
  ep  51: acc1=55.52%  acc2=53.72%  ens=54.62%  (best 69.56 @ ep 9)  [79.6s]
  ep  52: acc1=55.42%  acc2=51.14%  ens=53.28%  (best 69.56 @ ep 9)  [124.6s]
  ep  53: acc1=51.62%  acc2=48.31%  ens=49.96%  (best 69.56 @ ep 9)  [53.0s]
  ep  54: acc1=51.46%  acc2=49.82%  ens=50.64%  (best 69.56 @ ep 9)  [43.1s]
  ep  55: acc1=50.70%  acc2=52.05%  ens=51.37%  (best 69.56 @ ep 9)  [69.1s]
  ep  56: acc1=50.70%  acc2=52.83%  ens=51.76%  (best 69.56 @ ep 9)  [40.0s]
  ep  57: acc1=52.98%  acc2=52.62%  ens=52.80%  (best 69.56 @ ep 9)  [43.0s]
  ep  58: acc1=55.75%  acc2=49.55%  ens=52.65%  (best 69.56 @ ep 9)  [43.8s]
  ep  59: acc1=52.45%  acc2=51.52%  ens=51.98%  (best 69.56 @ ep 9)  [41.2s]
  ep  60: acc1=51.48%  acc2=52.38%  ens=51.93%  (best 69.56 @ ep 9)  [146.2s]
  ep  61: acc1=52.21%  acc2=52.63%  ens=52.42%  (best 69.56 @ ep 9)  [48.5s]
  ep  62: acc1=57.24%  acc2=51.15%  ens=54.19%  (best 69.56 @ ep 9)  [41.4s]
  ep  63: acc1=55.22%  acc2=52.14%  ens=53.68%  (best 69.56 @ ep 9)  [41.7s]
  ep  64: acc1=54.41%  acc2=50.99%  ens=52.70%  (best 69.56 @ ep 9)  [96.0s]
  ep  65: acc1=53.73%  acc2=53.21%  ens=53.47%  (best 69.56 @ ep 9)  [39.6s]
  ep  66: acc1=54.15%  acc2=56.56%  ens=55.35%  (best 69.56 @ ep 9)  [106.0s]
  ep  67: acc1=56.91%  acc2=56.78%  ens=56.84%  (best 69.56 @ ep 9)  [39.7s]
  ep  68: acc1=53.46%  acc2=53.58%  ens=53.52%  (best 69.56 @ ep 9)  [52.2s]
  ep  69: acc1=54.04%  acc2=55.57%  ens=54.80%  (best 69.56 @ ep 9)  [43.8s]
  ep  70: acc1=54.39%  acc2=54.49%  ens=54.44%  (best 69.56 @ ep 9)  [41.3s]
  ep  71: acc1=53.88%  acc2=55.85%  ens=54.86%  (best 69.56 @ ep 9)  [146.6s]
  ep  72: acc1=56.23%  acc2=53.53%  ens=54.88%  (best 69.56 @ ep 9)  [40.3s]
  ep  73: acc1=56.35%  acc2=53.56%  ens=54.95%  (best 69.56 @ ep 9)  [97.2s]
  ep  74: acc1=55.98%  acc2=56.51%  ens=56.24%  (best 69.56 @ ep 9)  [65.3s]
  ep  75: acc1=55.88%  acc2=55.32%  ens=55.60%  (best 69.56 @ ep 9)  [45.2s]  [w on clean=0.913, on noisy=0.818]
  ep  76: acc1=54.38%  acc2=53.98%  ens=54.18%  (best 69.56 @ ep 9)  [60.8s]
  ep  77: acc1=56.25%  acc2=57.32%  ens=56.78%  (best 69.56 @ ep 9)  [41.8s]
  ep  78: acc1=56.34%  acc2=56.08%  ens=56.21%  (best 69.56 @ ep 9)  [41.7s]
  ep  79: acc1=56.77%  acc2=56.58%  ens=56.67%  (best 69.56 @ ep 9)  [195.6s]
  ep  80: acc1=56.07%  acc2=58.23%  ens=57.15%  (best 69.56 @ ep 9)  [39.9s]
  ep  81: acc1=57.71%  acc2=54.55%  ens=56.13%  (best 69.56 @ ep 9)  [41.1s]
  ep  82: acc1=58.36%  acc2=57.50%  ens=57.93%  (best 69.56 @ ep 9)  [90.9s]
  ep  83: acc1=58.05%  acc2=56.68%  ens=57.37%  (best 69.56 @ ep 9)  [40.8s]
  ep  84: acc1=58.56%  acc2=57.74%  ens=58.15%  (best 69.56 @ ep 9)  [42.9s]
  ep  85: acc1=59.08%  acc2=57.68%  ens=58.38%  (best 69.56 @ ep 9)  [40.5s]
  ep  86: acc1=57.95%  acc2=56.52%  ens=57.23%  (best 69.56 @ ep 9)  [107.6s]
  ep  87: acc1=57.77%  acc2=57.63%  ens=57.70%  (best 69.56 @ ep 9)  [69.3s]
  ep  88: acc1=57.66%  acc2=57.88%  ens=57.77%  (best 69.56 @ ep 9)  [38.6s]
  ep  89: acc1=57.64%  acc2=57.86%  ens=57.75%  (best 69.56 @ ep 9)  [40.2s]
  ep  90: acc1=57.75%  acc2=57.45%  ens=57.60%  (best 69.56 @ ep 9)  [42.2s]
  ep  91: acc1=57.36%  acc2=57.28%  ens=57.32%  (best 69.56 @ ep 9)  [39.5s]
  ep  92: acc1=57.77%  acc2=57.77%  ens=57.77%  (best 69.56 @ ep 9)  [43.1s]
  ep  93: acc1=58.26%  acc2=57.81%  ens=58.03%  (best 69.56 @ ep 9)  [55.7s]
  ep  94: acc1=57.98%  acc2=58.00%  ens=57.99%  (best 69.56 @ ep 9)  [91.9s]
  ep  95: acc1=58.26%  acc2=57.96%  ens=58.11%  (best 69.56 @ ep 9)  [40.6s]
  ep  96: acc1=58.34%  acc2=57.80%  ens=58.07%  (best 69.56 @ ep 9)  [40.3s]
  ep  97: acc1=57.91%  acc2=58.14%  ens=58.02%  (best 69.56 @ ep 9)  [62.8s]
  ep  98: acc1=58.08%  acc2=57.52%  ens=57.80%  (best 69.56 @ ep 9)  [50.2s]
  ep  99: acc1=57.96%  acc2=57.57%  ens=57.77%  (best 69.56 @ ep 9)  [45.1s]  [w on clean=0.913, on noisy=0.818]

saved /path/to/ciln-workspace/journal_edition/robustness_transfer/results_v3/dividemix/gu_low__seed0.json: best ens-acc 69.56% @ ep 9
saved /path/to/ciln-workspace/journal_edition/robustness_transfer/results_v3/dividemix/gu_low__seed0__persample.npz
