/path/to/ciln-workspace/venv/lib/python3.12/site-packages/torchvision/datasets/cifar.py:83: VisibleDeprecationWarning: dtype(): align should be passed as Python or NumPy boolean but got `align=0`. Did you mean to pass a tuple to create a subarray type? (Deprecated NumPy 2.4)
  entry = pickle.load(f, encoding="latin1")
condition=gu_medium seed=0 gpu=1
  ep   0: acc1=38.07%  acc2=39.81%  ens=38.94%  (best 38.94 @ ep 0)  [7.6s]
  ep   1: acc1=45.82%  acc2=44.73%  ens=45.27%  (best 45.27 @ ep 1)  [6.8s]
  ep   2: acc1=53.75%  acc2=47.40%  ens=50.57%  (best 50.57 @ ep 2)  [7.2s]
  ep   3: acc1=59.71%  acc2=55.63%  ens=57.67%  (best 57.67 @ ep 3)  [7.1s]
  ep   4: acc1=61.33%  acc2=61.62%  ens=61.47%  (best 61.47 @ ep 4)  [7.0s]
  ep   5: acc1=59.75%  acc2=58.86%  ens=59.31%  (best 61.47 @ ep 4)  [25.7s]  [w on clean=0.801, on noisy=0.536]
  ep   6: acc1=66.23%  acc2=64.37%  ens=65.30%  (best 65.30 @ ep 6)  [6.8s]
  ep   7: acc1=64.52%  acc2=61.42%  ens=62.97%  (best 65.30 @ ep 6)  [7.2s]
  ep   8: acc1=69.08%  acc2=68.86%  ens=68.97%  (best 68.97 @ ep 8)  [7.2s]
  ep   9: acc1=71.13%  acc2=68.75%  ens=69.94%  (best 69.94 @ ep 9)  [6.9s]
  ep  10: acc1=53.44%  acc2=45.13%  ens=49.29%  (best 69.94 @ ep 9)  [56.7s]  [w on clean=0.700, on noisy=0.410]
  ep  11: acc1=39.03%  acc2=34.21%  ens=36.62%  (best 69.94 @ ep 9)  [30.6s]
  ep  12: acc1=31.61%  acc2=28.30%  ens=29.95%  (best 69.94 @ ep 9)  [26.5s]
  ep  13: acc1=31.08%  acc2=31.76%  ens=31.42%  (best 69.94 @ ep 9)  [66.0s]
  ep  14: acc1=31.97%  acc2=30.78%  ens=31.37%  (best 69.94 @ ep 9)  [28.9s]
  ep  15: acc1=35.03%  acc2=35.32%  ens=35.17%  (best 69.94 @ ep 9)  [63.8s]
  ep  16: acc1=29.56%  acc2=35.42%  ens=32.49%  (best 69.94 @ ep 9)  [29.7s]
  ep  17: acc1=36.48%  acc2=36.31%  ens=36.39%  (best 69.94 @ ep 9)  [47.7s]
  ep  18: acc1=37.05%  acc2=34.07%  ens=35.56%  (best 69.94 @ ep 9)  [32.7s]
  ep  19: acc1=34.27%  acc2=34.08%  ens=34.17%  (best 69.94 @ ep 9)  [60.3s]
  ep  20: acc1=34.91%  acc2=31.25%  ens=33.08%  (best 69.94 @ ep 9)  [36.4s]  [w on clean=0.732, on noisy=0.729]
  ep  21: acc1=32.37%  acc2=27.94%  ens=30.15%  (best 69.94 @ ep 9)  [57.0s]
  ep  22: acc1=29.57%  acc2=24.32%  ens=26.95%  (best 69.94 @ ep 9)  [33.6s]
  ep  23: acc1=32.09%  acc2=29.81%  ens=30.95%  (best 69.94 @ ep 9)  [54.7s]
  ep  24: acc1=34.94%  acc2=29.88%  ens=32.41%  (best 69.94 @ ep 9)  [61.6s]
  ep  25: acc1=31.93%  acc2=35.50%  ens=33.71%  (best 69.94 @ ep 9)  [33.7s]
  ep  26: acc1=35.84%  acc2=40.42%  ens=38.13%  (best 69.94 @ ep 9)  [45.5s]
  ep  27: acc1=36.47%  acc2=33.60%  ens=35.04%  (best 69.94 @ ep 9)  [33.2s]
  ep  28: acc1=39.40%  acc2=38.50%  ens=38.95%  (best 69.94 @ ep 9)  [44.5s]
  ep  29: acc1=39.21%  acc2=40.72%  ens=39.97%  (best 69.94 @ ep 9)  [34.5s]
  ep  30: acc1=38.24%  acc2=35.41%  ens=36.83%  (best 69.94 @ ep 9)  [91.6s]  [w on clean=0.734, on noisy=0.742]
  ep  31: acc1=32.55%  acc2=33.95%  ens=33.25%  (best 69.94 @ ep 9)  [34.2s]
  ep  32: acc1=34.92%  acc2=40.22%  ens=37.57%  (best 69.94 @ ep 9)  [88.3s]
  ep  33: acc1=32.68%  acc2=37.35%  ens=35.01%  (best 69.94 @ ep 9)  [33.0s]
  ep  34: acc1=38.01%  acc2=41.84%  ens=39.92%  (best 69.94 @ ep 9)  [50.2s]
  ep  35: acc1=41.83%  acc2=41.20%  ens=41.52%  (best 69.94 @ ep 9)  [34.1s]
  ep  36: acc1=41.72%  acc2=36.80%  ens=39.26%  (best 69.94 @ ep 9)  [178.2s]
  ep  37: acc1=40.84%  acc2=41.13%  ens=40.98%  (best 69.94 @ ep 9)  [33.6s]
  ep  38: acc1=38.88%  acc2=40.71%  ens=39.80%  (best 69.94 @ ep 9)  [33.4s]
  ep  39: acc1=37.94%  acc2=43.65%  ens=40.80%  (best 69.94 @ ep 9)  [33.4s]
  ep  40: acc1=41.38%  acc2=39.82%  ens=40.60%  (best 69.94 @ ep 9)  [33.0s]
  ep  41: acc1=38.89%  acc2=35.60%  ens=37.24%  (best 69.94 @ ep 9)  [33.7s]
  ep  42: acc1=36.84%  acc2=37.33%  ens=37.09%  (best 69.94 @ ep 9)  [53.7s]
  ep  43: acc1=39.47%  acc2=39.69%  ens=39.58%  (best 69.94 @ ep 9)  [33.8s]
  ep  44: acc1=41.48%  acc2=44.65%  ens=43.06%  (best 69.94 @ ep 9)  [54.8s]
  ep  45: acc1=44.89%  acc2=39.86%  ens=42.38%  (best 69.94 @ ep 9)  [34.3s]
  ep  46: acc1=40.51%  acc2=43.34%  ens=41.93%  (best 69.94 @ ep 9)  [44.6s]
  ep  47: acc1=45.74%  acc2=42.21%  ens=43.97%  (best 69.94 @ ep 9)  [33.8s]
  ep  48: acc1=40.49%  acc2=42.75%  ens=41.62%  (best 69.94 @ ep 9)  [84.8s]
  ep  49: acc1=42.26%  acc2=36.33%  ens=39.30%  (best 69.94 @ ep 9)  [33.5s]
  ep  50: acc1=38.58%  acc2=41.13%  ens=39.85%  (best 69.94 @ ep 9)  [67.1s]  [w on clean=0.734, on noisy=0.743]
  ep  51: acc1=41.02%  acc2=39.80%  ens=40.41%  (best 69.94 @ ep 9)  [37.5s]
  ep  52: acc1=44.44%  acc2=44.56%  ens=44.50%  (best 69.94 @ ep 9)  [138.6s]
  ep  53: acc1=43.09%  acc2=46.87%  ens=44.98%  (best 69.94 @ ep 9)  [33.6s]
  ep  54: acc1=43.75%  acc2=44.49%  ens=44.12%  (best 69.94 @ ep 9)  [36.7s]
  ep  55: acc1=44.70%  acc2=42.61%  ens=43.66%  (best 69.94 @ ep 9)  [33.3s]
  ep  56: acc1=44.97%  acc2=42.73%  ens=43.85%  (best 69.94 @ ep 9)  [36.5s]
  ep  57: acc1=45.21%  acc2=44.48%  ens=44.84%  (best 69.94 @ ep 9)  [54.8s]
  ep  58: acc1=44.74%  acc2=43.89%  ens=44.32%  (best 69.94 @ ep 9)  [40.2s]
  ep  59: acc1=44.86%  acc2=43.92%  ens=44.39%  (best 69.94 @ ep 9)  [44.0s]
  ep  60: acc1=46.61%  acc2=45.90%  ens=46.26%  (best 69.94 @ ep 9)  [73.8s]
  ep  61: acc1=43.03%  acc2=45.99%  ens=44.51%  (best 69.94 @ ep 9)  [35.2s]
  ep  62: acc1=42.13%  acc2=43.12%  ens=42.62%  (best 69.94 @ ep 9)  [34.8s]
  ep  63: acc1=45.02%  acc2=43.24%  ens=44.13%  (best 69.94 @ ep 9)  [61.6s]
  ep  64: acc1=44.18%  acc2=46.10%  ens=45.14%  (best 69.94 @ ep 9)  [33.8s]
  ep  65: acc1=45.78%  acc2=44.52%  ens=45.15%  (best 69.94 @ ep 9)  [48.1s]
  ep  66: acc1=44.19%  acc2=45.96%  ens=45.07%  (best 69.94 @ ep 9)  [33.8s]
  ep  67: acc1=44.05%  acc2=44.56%  ens=44.30%  (best 69.94 @ ep 9)  [34.9s]
  ep  68: acc1=44.41%  acc2=44.25%  ens=44.33%  (best 69.94 @ ep 9)  [33.1s]
  ep  69: acc1=44.71%  acc2=45.57%  ens=45.14%  (best 69.94 @ ep 9)  [43.4s]
  ep  70: acc1=44.46%  acc2=44.94%  ens=44.70%  (best 69.94 @ ep 9)  [33.3s]
  ep  71: acc1=45.70%  acc2=47.46%  ens=46.58%  (best 69.94 @ ep 9)  [101.8s]
  ep  72: acc1=46.52%  acc2=46.82%  ens=46.67%  (best 69.94 @ ep 9)  [33.5s]
  ep  73: acc1=47.65%  acc2=46.11%  ens=46.88%  (best 69.94 @ ep 9)  [33.8s]
  ep  74: acc1=45.84%  acc2=46.01%  ens=45.92%  (best 69.94 @ ep 9)  [34.6s]
  ep  75: acc1=45.85%  acc2=46.30%  ens=46.08%  (best 69.94 @ ep 9)  [39.7s]  [w on clean=0.734, on noisy=0.743]
  ep  76: acc1=47.51%  acc2=45.05%  ens=46.28%  (best 69.94 @ ep 9)  [33.4s]
  ep  77: acc1=46.41%  acc2=46.72%  ens=46.56%  (best 69.94 @ ep 9)  [38.6s]
  ep  78: acc1=47.11%  acc2=46.68%  ens=46.89%  (best 69.94 @ ep 9)  [35.2s]
  ep  79: acc1=47.07%  acc2=48.04%  ens=47.55%  (best 69.94 @ ep 9)  [33.4s]
  ep  80: acc1=47.61%  acc2=47.13%  ens=47.37%  (best 69.94 @ ep 9)  [34.2s]
  ep  81: acc1=46.89%  acc2=47.27%  ens=47.08%  (best 69.94 @ ep 9)  [32.9s]
  ep  82: acc1=45.77%  acc2=47.18%  ens=46.48%  (best 69.94 @ ep 9)  [95.7s]
  ep  83: acc1=47.17%  acc2=45.89%  ens=46.53%  (best 69.94 @ ep 9)  [33.2s]
  ep  84: acc1=47.06%  acc2=47.66%  ens=47.36%  (best 69.94 @ ep 9)  [59.4s]
  ep  85: acc1=47.68%  acc2=48.30%  ens=47.99%  (best 69.94 @ ep 9)  [40.7s]
  ep  86: acc1=47.93%  acc2=47.60%  ens=47.77%  (best 69.94 @ ep 9)  [36.6s]
  ep  87: acc1=47.37%  acc2=47.32%  ens=47.35%  (best 69.94 @ ep 9)  [41.7s]
  ep  88: acc1=47.54%  acc2=46.83%  ens=47.19%  (best 69.94 @ ep 9)  [39.7s]
  ep  89: acc1=47.41%  acc2=46.62%  ens=47.02%  (best 69.94 @ ep 9)  [33.1s]
  ep  90: acc1=47.52%  acc2=47.05%  ens=47.28%  (best 69.94 @ ep 9)  [35.4s]
  ep  91: acc1=47.39%  acc2=46.99%  ens=47.19%  (best 69.94 @ ep 9)  [35.5s]
  ep  92: acc1=47.22%  acc2=47.80%  ens=47.51%  (best 69.94 @ ep 9)  [46.0s]
  ep  93: acc1=47.45%  acc2=47.92%  ens=47.69%  (best 69.94 @ ep 9)  [33.0s]
  ep  94: acc1=47.92%  acc2=47.85%  ens=47.88%  (best 69.94 @ ep 9)  [146.4s]
  ep  95: acc1=47.92%  acc2=47.35%  ens=47.63%  (best 69.94 @ ep 9)  [33.7s]
  ep  96: acc1=47.98%  acc2=47.75%  ens=47.87%  (best 69.94 @ ep 9)  [63.3s]
  ep  97: acc1=47.86%  acc2=48.00%  ens=47.93%  (best 69.94 @ ep 9)  [33.6s]
  ep  98: acc1=48.25%  acc2=47.84%  ens=48.05%  (best 69.94 @ ep 9)  [37.2s]
  ep  99: acc1=47.67%  acc2=47.58%  ens=47.62%  (best 69.94 @ ep 9)  [37.3s]  [w on clean=0.734, on noisy=0.742]

saved /path/to/ciln-workspace/journal_edition/robustness_transfer/results_v3/dividemix/gu_medium__seed0.json: best ens-acc 69.94% @ ep 9
saved /path/to/ciln-workspace/journal_edition/robustness_transfer/results_v3/dividemix/gu_medium__seed0__persample.npz
