/path/to/ciln-workspace/venv/lib/python3.12/site-packages/torchvision/datasets/cifar.py:83: VisibleDeprecationWarning: dtype(): align should be passed as Python or NumPy boolean but got `align=0`. Did you mean to pass a tuple to create a subarray type? (Deprecated NumPy 2.4)
  entry = pickle.load(f, encoding="latin1")
condition=ours__motion_blur_sev3 seed=0 gpu=2
  ep   0: acc1=20.76%  acc2=28.52%  ens=24.64%  (best 24.64 @ ep 0)  [17.0s]
  ep   1: acc1=35.49%  acc2=35.16%  ens=35.33%  (best 35.33 @ ep 1)  [13.2s]
  ep   2: acc1=40.67%  acc2=41.24%  ens=40.95%  (best 40.95 @ ep 2)  [5.1s]
  ep   3: acc1=37.75%  acc2=41.01%  ens=39.38%  (best 40.95 @ ep 2)  [5.2s]
  ep   4: acc1=44.33%  acc2=33.91%  ens=39.12%  (best 40.95 @ ep 2)  [5.3s]
  ep   5: acc1=43.18%  acc2=48.10%  ens=45.64%  (best 45.64 @ ep 5)  [7.5s]  [w on clean=0.826, on noisy=0.550]
  ep   6: acc1=49.25%  acc2=50.66%  ens=49.96%  (best 49.96 @ ep 6)  [5.0s]
  ep   7: acc1=36.57%  acc2=46.74%  ens=41.66%  (best 49.96 @ ep 6)  [4.8s]
  ep   8: acc1=52.68%  acc2=49.93%  ens=51.30%  (best 51.30 @ ep 8)  [4.9s]
  ep   9: acc1=54.43%  acc2=51.84%  ens=53.13%  (best 53.13 @ ep 9)  [5.0s]
  ep  10: acc1=34.24%  acc2=24.98%  ens=29.61%  (best 53.13 @ ep 9)  [36.6s]  [w on clean=0.546, on noisy=0.243]
  ep  11: acc1=22.26%  acc2=20.56%  ens=21.41%  (best 53.13 @ ep 9)  [14.8s]
  ep  12: acc1=16.27%  acc2=15.01%  ens=15.64%  (best 53.13 @ ep 9)  [14.1s]
  ep  13: acc1=17.57%  acc2=25.46%  ens=21.52%  (best 53.13 @ ep 9)  [18.6s]
  ep  14: acc1=25.51%  acc2=27.30%  ens=26.41%  (best 53.13 @ ep 9)  [18.1s]
  ep  15: acc1=29.01%  acc2=32.75%  ens=30.88%  (best 53.13 @ ep 9)  [17.7s]
  ep  16: acc1=35.17%  acc2=33.87%  ens=34.52%  (best 53.13 @ ep 9)  [17.8s]
  ep  17: acc1=29.87%  acc2=33.21%  ens=31.54%  (best 53.13 @ ep 9)  [18.8s]
  ep  18: acc1=31.75%  acc2=34.04%  ens=32.89%  (best 53.13 @ ep 9)  [64.1s]
  ep  19: acc1=32.94%  acc2=35.47%  ens=34.21%  (best 53.13 @ ep 9)  [18.8s]
  ep  20: acc1=34.01%  acc2=33.50%  ens=33.76%  (best 53.13 @ ep 9)  [21.5s]  [w on clean=0.743, on noisy=0.860]
  ep  21: acc1=24.32%  acc2=32.84%  ens=28.58%  (best 53.13 @ ep 9)  [76.7s]
  ep  22: acc1=34.02%  acc2=33.69%  ens=33.86%  (best 53.13 @ ep 9)  [54.0s]
  ep  23: acc1=32.72%  acc2=35.93%  ens=34.33%  (best 53.13 @ ep 9)  [20.8s]
  ep  24: acc1=38.41%  acc2=36.47%  ens=37.44%  (best 53.13 @ ep 9)  [20.1s]
  ep  25: acc1=36.61%  acc2=37.16%  ens=36.88%  (best 53.13 @ ep 9)  [32.1s]
  ep  26: acc1=37.37%  acc2=38.87%  ens=38.12%  (best 53.13 @ ep 9)  [20.9s]
  ep  27: acc1=40.67%  acc2=36.99%  ens=38.83%  (best 53.13 @ ep 9)  [20.0s]
  ep  28: acc1=32.38%  acc2=36.27%  ens=34.33%  (best 53.13 @ ep 9)  [160.1s]
  ep  29: acc1=36.62%  acc2=37.69%  ens=37.16%  (best 53.13 @ ep 9)  [144.2s]
  ep  30: acc1=38.16%  acc2=39.21%  ens=38.69%  (best 53.13 @ ep 9)  [22.9s]  [w on clean=0.745, on noisy=0.885]
  ep  31: acc1=41.40%  acc2=38.65%  ens=40.02%  (best 53.13 @ ep 9)  [20.9s]
  ep  32: acc1=37.23%  acc2=39.69%  ens=38.46%  (best 53.13 @ ep 9)  [34.4s]
  ep  33: acc1=37.34%  acc2=37.99%  ens=37.67%  (best 53.13 @ ep 9)  [20.6s]
  ep  34: acc1=37.81%  acc2=40.50%  ens=39.16%  (best 53.13 @ ep 9)  [20.9s]
  ep  35: acc1=39.39%  acc2=35.55%  ens=37.47%  (best 53.13 @ ep 9)  [88.1s]
  ep  36: acc1=38.00%  acc2=39.69%  ens=38.84%  (best 53.13 @ ep 9)  [20.4s]
  ep  37: acc1=38.45%  acc2=40.75%  ens=39.60%  (best 53.13 @ ep 9)  [20.0s]
  ep  38: acc1=36.67%  acc2=41.12%  ens=38.90%  (best 53.13 @ ep 9)  [38.0s]
  ep  39: acc1=40.30%  acc2=42.09%  ens=41.20%  (best 53.13 @ ep 9)  [19.9s]
  ep  40: acc1=39.99%  acc2=37.53%  ens=38.76%  (best 53.13 @ ep 9)  [21.4s]
  ep  41: acc1=41.31%  acc2=42.53%  ens=41.92%  (best 53.13 @ ep 9)  [22.6s]
  ep  42: acc1=42.04%  acc2=39.54%  ens=40.79%  (best 53.13 @ ep 9)  [84.3s]
  ep  43: acc1=38.86%  acc2=42.15%  ens=40.51%  (best 53.13 @ ep 9)  [20.9s]
  ep  44: acc1=39.64%  acc2=42.16%  ens=40.90%  (best 53.13 @ ep 9)  [20.8s]
  ep  45: acc1=43.11%  acc2=42.54%  ens=42.83%  (best 53.13 @ ep 9)  [34.8s]
  ep  46: acc1=43.65%  acc2=43.95%  ens=43.80%  (best 53.13 @ ep 9)  [20.7s]
  ep  47: acc1=45.66%  acc2=42.59%  ens=44.12%  (best 53.13 @ ep 9)  [21.2s]
  ep  48: acc1=40.63%  acc2=38.93%  ens=39.78%  (best 53.13 @ ep 9)  [91.3s]
  ep  49: acc1=40.77%  acc2=42.05%  ens=41.41%  (best 53.13 @ ep 9)  [52.5s]
  ep  50: acc1=40.26%  acc2=43.63%  ens=41.95%  (best 53.13 @ ep 9)  [23.3s]  [w on clean=0.746, on noisy=0.893]
  ep  51: acc1=42.91%  acc2=42.07%  ens=42.49%  (best 53.13 @ ep 9)  [20.4s]
  ep  52: acc1=42.78%  acc2=43.52%  ens=43.15%  (best 53.13 @ ep 9)  [134.6s]
  ep  53: acc1=42.06%  acc2=42.25%  ens=42.16%  (best 53.13 @ ep 9)  [20.5s]
  ep  54: acc1=39.53%  acc2=43.87%  ens=41.70%  (best 53.13 @ ep 9)  [21.0s]
  ep  55: acc1=42.21%  acc2=41.55%  ens=41.88%  (best 53.13 @ ep 9)  [26.4s]
  ep  56: acc1=42.46%  acc2=42.60%  ens=42.53%  (best 53.13 @ ep 9)  [20.5s]
  ep  57: acc1=43.16%  acc2=45.41%  ens=44.28%  (best 53.13 @ ep 9)  [20.2s]
  ep  58: acc1=42.57%  acc2=43.38%  ens=42.98%  (best 53.13 @ ep 9)  [26.9s]
  ep  59: acc1=42.61%  acc2=43.94%  ens=43.27%  (best 53.13 @ ep 9)  [33.0s]
  ep  60: acc1=44.75%  acc2=42.57%  ens=43.66%  (best 53.13 @ ep 9)  [20.5s]
  ep  61: acc1=41.94%  acc2=40.24%  ens=41.09%  (best 53.13 @ ep 9)  [22.7s]
  ep  62: acc1=44.11%  acc2=43.40%  ens=43.76%  (best 53.13 @ ep 9)  [21.6s]
  ep  63: acc1=45.72%  acc2=44.04%  ens=44.88%  (best 53.13 @ ep 9)  [20.9s]
  ep  64: acc1=45.73%  acc2=43.52%  ens=44.62%  (best 53.13 @ ep 9)  [21.7s]
  ep  65: acc1=42.65%  acc2=45.82%  ens=44.23%  (best 53.13 @ ep 9)  [26.3s]
  ep  66: acc1=44.19%  acc2=44.94%  ens=44.56%  (best 53.13 @ ep 9)  [20.9s]
  ep  67: acc1=42.61%  acc2=44.55%  ens=43.58%  (best 53.13 @ ep 9)  [20.8s]
  ep  68: acc1=44.43%  acc2=43.80%  ens=44.12%  (best 53.13 @ ep 9)  [22.4s]
  ep  69: acc1=43.39%  acc2=44.54%  ens=43.96%  (best 53.13 @ ep 9)  [21.7s]
  ep  70: acc1=43.59%  acc2=45.54%  ens=44.56%  (best 53.13 @ ep 9)  [29.1s]
  ep  71: acc1=45.10%  acc2=45.08%  ens=45.09%  (best 53.13 @ ep 9)  [29.9s]
  ep  72: acc1=45.58%  acc2=43.63%  ens=44.60%  (best 53.13 @ ep 9)  [21.2s]
  ep  73: acc1=44.90%  acc2=44.60%  ens=44.75%  (best 53.13 @ ep 9)  [21.3s]
  ep  74: acc1=45.29%  acc2=45.47%  ens=45.38%  (best 53.13 @ ep 9)  [36.3s]
  ep  75: acc1=44.77%  acc2=44.52%  ens=44.65%  (best 53.13 @ ep 9)  [23.1s]  [w on clean=0.746, on noisy=0.912]
  ep  76: acc1=44.84%  acc2=45.93%  ens=45.38%  (best 53.13 @ ep 9)  [20.2s]
  ep  77: acc1=45.90%  acc2=45.99%  ens=45.95%  (best 53.13 @ ep 9)  [62.6s]
  ep  78: acc1=45.49%  acc2=45.61%  ens=45.55%  (best 53.13 @ ep 9)  [21.0s]
  ep  79: acc1=44.95%  acc2=44.83%  ens=44.89%  (best 53.13 @ ep 9)  [20.4s]
  ep  80: acc1=45.67%  acc2=45.70%  ens=45.68%  (best 53.13 @ ep 9)  [57.3s]
  ep  81: acc1=45.39%  acc2=45.61%  ens=45.50%  (best 53.13 @ ep 9)  [20.2s]
  ep  82: acc1=45.14%  acc2=45.72%  ens=45.43%  (best 53.13 @ ep 9)  [21.1s]
  ep  83: acc1=45.55%  acc2=45.52%  ens=45.54%  (best 53.13 @ ep 9)  [36.7s]
  ep  84: acc1=45.70%  acc2=46.09%  ens=45.89%  (best 53.13 @ ep 9)  [21.2s]
  ep  85: acc1=46.35%  acc2=46.02%  ens=46.18%  (best 53.13 @ ep 9)  [20.8s]
  ep  86: acc1=46.53%  acc2=46.53%  ens=46.53%  (best 53.13 @ ep 9)  [46.8s]
  ep  87: acc1=45.70%  acc2=46.51%  ens=46.11%  (best 53.13 @ ep 9)  [20.8s]
  ep  88: acc1=45.51%  acc2=45.73%  ens=45.62%  (best 53.13 @ ep 9)  [20.4s]
  ep  89: acc1=45.40%  acc2=46.18%  ens=45.79%  (best 53.13 @ ep 9)  [43.6s]
  ep  90: acc1=45.01%  acc2=45.87%  ens=45.44%  (best 53.13 @ ep 9)  [21.5s]
  ep  91: acc1=45.82%  acc2=46.09%  ens=45.95%  (best 53.13 @ ep 9)  [20.3s]
  ep  92: acc1=45.56%  acc2=45.72%  ens=45.64%  (best 53.13 @ ep 9)  [40.7s]
  ep  93: acc1=45.11%  acc2=46.06%  ens=45.59%  (best 53.13 @ ep 9)  [20.7s]
  ep  94: acc1=45.83%  acc2=45.96%  ens=45.89%  (best 53.13 @ ep 9)  [20.5s]
  ep  95: acc1=45.60%  acc2=46.12%  ens=45.86%  (best 53.13 @ ep 9)  [45.2s]
  ep  96: acc1=45.79%  acc2=46.06%  ens=45.92%  (best 53.13 @ ep 9)  [20.3s]
  ep  97: acc1=45.58%  acc2=46.01%  ens=45.79%  (best 53.13 @ ep 9)  [20.5s]
  ep  98: acc1=45.55%  acc2=46.20%  ens=45.88%  (best 53.13 @ ep 9)  [32.7s]
  ep  99: acc1=45.65%  acc2=45.98%  ens=45.81%  (best 53.13 @ ep 9)  [22.4s]  [w on clean=0.746, on noisy=0.916]

saved /path/to/ciln-workspace/journal_edition/robustness_transfer/results_v3/dividemix/ours__motion_blur_sev3__seed0.json: best ens-acc 53.13% @ ep 9
saved /path/to/ciln-workspace/journal_edition/robustness_transfer/results_v3/dividemix/ours__motion_blur_sev3__seed0__persample.npz
