/path/to/ciln-workspace/venv/lib/python3.12/site-packages/torchvision/datasets/cifar.py:83: VisibleDeprecationWarning: dtype(): align should be passed as Python or NumPy boolean but got `align=0`. Did you mean to pass a tuple to create a subarray type? (Deprecated NumPy 2.4)
  entry = pickle.load(f, encoding="latin1")
condition=ours__brightness_sev5 seed=0 gpu=1
  ep   0: acc1=24.37%  acc2=17.15%  ens=20.76%  (best 20.76 @ ep 0)  [5.4s]
  ep   1: acc1=33.94%  acc2=36.44%  ens=35.19%  (best 35.19 @ ep 1)  [4.6s]
  ep   2: acc1=33.79%  acc2=39.11%  ens=36.45%  (best 36.45 @ ep 2)  [5.0s]
  ep   3: acc1=42.56%  acc2=42.28%  ens=42.42%  (best 42.42 @ ep 3)  [5.1s]
  ep   4: acc1=46.84%  acc2=45.12%  ens=45.98%  (best 45.98 @ ep 4)  [6.6s]
  ep   5: acc1=45.47%  acc2=51.22%  ens=48.34%  (best 48.34 @ ep 5)  [7.0s]  [w on clean=0.787, on noisy=0.377]
  ep   6: acc1=50.29%  acc2=41.34%  ens=45.81%  (best 48.34 @ ep 5)  [5.1s]
  ep   7: acc1=49.12%  acc2=48.20%  ens=48.66%  (best 48.66 @ ep 7)  [5.0s]
  ep   8: acc1=49.28%  acc2=49.03%  ens=49.16%  (best 49.16 @ ep 8)  [4.9s]
  ep   9: acc1=52.89%  acc2=52.24%  ens=52.56%  (best 52.56 @ ep 9)  [4.8s]
  ep  10: acc1=46.14%  acc2=41.01%  ens=43.57%  (best 52.56 @ ep 9)  [22.5s]  [w on clean=0.773, on noisy=0.382]
  ep  11: acc1=37.25%  acc2=35.43%  ens=36.34%  (best 52.56 @ ep 9)  [19.1s]
  ep  12: acc1=34.10%  acc2=31.93%  ens=33.02%  (best 52.56 @ ep 9)  [18.1s]
  ep  13: acc1=29.24%  acc2=26.79%  ens=28.02%  (best 52.56 @ ep 9)  [19.9s]
  ep  14: acc1=24.21%  acc2=23.19%  ens=23.70%  (best 52.56 @ ep 9)  [23.9s]
  ep  15: acc1=20.55%  acc2=23.47%  ens=22.01%  (best 52.56 @ ep 9)  [19.0s]
  ep  16: acc1=24.10%  acc2=26.73%  ens=25.41%  (best 52.56 @ ep 9)  [21.1s]
  ep  17: acc1=29.36%  acc2=26.56%  ens=27.96%  (best 52.56 @ ep 9)  [19.6s]
  ep  18: acc1=28.12%  acc2=29.41%  ens=28.76%  (best 52.56 @ ep 9)  [26.1s]
  ep  19: acc1=30.74%  acc2=26.55%  ens=28.64%  (best 52.56 @ ep 9)  [20.5s]
  ep  20: acc1=28.62%  acc2=22.11%  ens=25.36%  (best 52.56 @ ep 9)  [22.3s]  [w on clean=0.770, on noisy=0.415]
  ep  21: acc1=25.11%  acc2=27.21%  ens=26.16%  (best 52.56 @ ep 9)  [28.1s]
  ep  22: acc1=30.03%  acc2=31.05%  ens=30.54%  (best 52.56 @ ep 9)  [20.1s]
  ep  23: acc1=25.80%  acc2=31.74%  ens=28.77%  (best 52.56 @ ep 9)  [20.1s]
  ep  24: acc1=31.39%  acc2=30.30%  ens=30.84%  (best 52.56 @ ep 9)  [19.2s]
  ep  25: acc1=32.88%  acc2=29.98%  ens=31.43%  (best 52.56 @ ep 9)  [19.5s]
  ep  26: acc1=31.79%  acc2=27.13%  ens=29.46%  (best 52.56 @ ep 9)  [19.1s]
  ep  27: acc1=32.19%  acc2=32.73%  ens=32.46%  (best 52.56 @ ep 9)  [19.3s]
  ep  28: acc1=29.52%  acc2=34.63%  ens=32.07%  (best 52.56 @ ep 9)  [19.3s]
  ep  29: acc1=34.79%  acc2=34.48%  ens=34.63%  (best 52.56 @ ep 9)  [18.9s]
  ep  30: acc1=35.22%  acc2=36.02%  ens=35.62%  (best 52.56 @ ep 9)  [22.2s]  [w on clean=0.683, on noisy=0.254]
  ep  31: acc1=37.81%  acc2=38.96%  ens=38.39%  (best 52.56 @ ep 9)  [18.9s]
  ep  32: acc1=35.13%  acc2=35.94%  ens=35.53%  (best 52.56 @ ep 9)  [18.5s]
  ep  33: acc1=36.91%  acc2=35.16%  ens=36.04%  (best 52.56 @ ep 9)  [21.1s]
  ep  34: acc1=36.00%  acc2=39.15%  ens=37.58%  (best 52.56 @ ep 9)  [19.4s]
  ep  35: acc1=38.48%  acc2=33.75%  ens=36.11%  (best 52.56 @ ep 9)  [19.3s]
  ep  36: acc1=37.01%  acc2=38.37%  ens=37.69%  (best 52.56 @ ep 9)  [19.4s]
  ep  37: acc1=39.59%  acc2=36.55%  ens=38.07%  (best 52.56 @ ep 9)  [18.5s]
  ep  38: acc1=36.24%  acc2=38.21%  ens=37.22%  (best 52.56 @ ep 9)  [18.9s]
  ep  39: acc1=37.78%  acc2=34.07%  ens=35.93%  (best 52.56 @ ep 9)  [20.3s]
  ep  40: acc1=34.13%  acc2=35.72%  ens=34.92%  (best 52.56 @ ep 9)  [18.2s]
  ep  41: acc1=38.15%  acc2=37.40%  ens=37.78%  (best 52.56 @ ep 9)  [18.7s]
  ep  42: acc1=37.15%  acc2=36.80%  ens=36.98%  (best 52.56 @ ep 9)  [18.5s]
  ep  43: acc1=37.51%  acc2=38.01%  ens=37.76%  (best 52.56 @ ep 9)  [19.3s]
  ep  44: acc1=39.00%  acc2=41.87%  ens=40.44%  (best 52.56 @ ep 9)  [19.0s]
  ep  45: acc1=41.23%  acc2=36.90%  ens=39.06%  (best 52.56 @ ep 9)  [18.5s]
  ep  46: acc1=39.78%  acc2=38.72%  ens=39.25%  (best 52.56 @ ep 9)  [19.8s]
  ep  47: acc1=39.21%  acc2=38.39%  ens=38.80%  (best 52.56 @ ep 9)  [19.3s]
  ep  48: acc1=33.81%  acc2=38.12%  ens=35.97%  (best 52.56 @ ep 9)  [19.0s]
  ep  49: acc1=41.03%  acc2=41.82%  ens=41.42%  (best 52.56 @ ep 9)  [19.3s]
  ep  50: acc1=41.52%  acc2=42.14%  ens=41.83%  (best 52.56 @ ep 9)  [21.3s]  [w on clean=0.691, on noisy=0.208]
  ep  51: acc1=38.89%  acc2=40.49%  ens=39.69%  (best 52.56 @ ep 9)  [18.9s]
  ep  52: acc1=40.08%  acc2=37.62%  ens=38.85%  (best 52.56 @ ep 9)  [19.8s]
  ep  53: acc1=40.37%  acc2=39.73%  ens=40.05%  (best 52.56 @ ep 9)  [19.1s]
  ep  54: acc1=39.37%  acc2=39.84%  ens=39.61%  (best 52.56 @ ep 9)  [18.4s]
  ep  55: acc1=40.08%  acc2=38.91%  ens=39.50%  (best 52.56 @ ep 9)  [18.8s]
  ep  56: acc1=38.11%  acc2=38.83%  ens=38.47%  (best 52.56 @ ep 9)  [19.0s]
  ep  57: acc1=40.65%  acc2=40.66%  ens=40.65%  (best 52.56 @ ep 9)  [19.0s]
  ep  58: acc1=38.35%  acc2=39.57%  ens=38.96%  (best 52.56 @ ep 9)  [18.9s]
  ep  59: acc1=39.04%  acc2=40.48%  ens=39.76%  (best 52.56 @ ep 9)  [20.9s]
  ep  60: acc1=40.21%  acc2=41.71%  ens=40.96%  (best 52.56 @ ep 9)  [21.7s]
  ep  61: acc1=40.52%  acc2=41.31%  ens=40.91%  (best 52.56 @ ep 9)  [22.7s]
  ep  62: acc1=41.23%  acc2=41.04%  ens=41.13%  (best 52.56 @ ep 9)  [23.1s]
  ep  63: acc1=41.91%  acc2=40.62%  ens=41.26%  (best 52.56 @ ep 9)  [21.5s]
  ep  64: acc1=38.40%  acc2=38.94%  ens=38.67%  (best 52.56 @ ep 9)  [23.6s]
  ep  65: acc1=39.83%  acc2=40.02%  ens=39.92%  (best 52.56 @ ep 9)  [21.5s]
  ep  66: acc1=39.16%  acc2=38.03%  ens=38.59%  (best 52.56 @ ep 9)  [21.7s]
  ep  67: acc1=38.83%  acc2=40.04%  ens=39.43%  (best 52.56 @ ep 9)  [22.9s]
  ep  68: acc1=39.82%  acc2=40.37%  ens=40.10%  (best 52.56 @ ep 9)  [22.1s]
  ep  69: acc1=41.08%  acc2=40.77%  ens=40.92%  (best 52.56 @ ep 9)  [22.0s]
  ep  70: acc1=40.71%  acc2=41.17%  ens=40.94%  (best 52.56 @ ep 9)  [22.3s]
  ep  71: acc1=40.47%  acc2=39.67%  ens=40.07%  (best 52.56 @ ep 9)  [21.6s]
  ep  72: acc1=41.71%  acc2=41.86%  ens=41.79%  (best 52.56 @ ep 9)  [21.9s]
  ep  73: acc1=41.12%  acc2=40.82%  ens=40.97%  (best 52.56 @ ep 9)  [22.1s]
  ep  74: acc1=41.36%  acc2=40.61%  ens=40.99%  (best 52.56 @ ep 9)  [21.4s]
  ep  75: acc1=41.33%  acc2=40.86%  ens=41.10%  (best 52.56 @ ep 9)  [23.8s]  [w on clean=0.898, on noisy=0.689]
  ep  76: acc1=40.96%  acc2=40.99%  ens=40.98%  (best 52.56 @ ep 9)  [21.7s]
  ep  77: acc1=41.92%  acc2=42.45%  ens=42.19%  (best 52.56 @ ep 9)  [21.1s]
  ep  78: acc1=41.25%  acc2=41.13%  ens=41.19%  (best 52.56 @ ep 9)  [21.7s]
  ep  79: acc1=41.47%  acc2=40.13%  ens=40.80%  (best 52.56 @ ep 9)  [23.9s]
  ep  80: acc1=41.21%  acc2=41.37%  ens=41.29%  (best 52.56 @ ep 9)  [21.5s]
  ep  81: acc1=41.15%  acc2=41.73%  ens=41.44%  (best 52.56 @ ep 9)  [24.9s]
  ep  82: acc1=40.95%  acc2=41.64%  ens=41.30%  (best 52.56 @ ep 9)  [21.5s]
  ep  83: acc1=41.43%  acc2=41.60%  ens=41.52%  (best 52.56 @ ep 9)  [21.8s]
  ep  84: acc1=41.30%  acc2=41.48%  ens=41.39%  (best 52.56 @ ep 9)  [22.4s]
  ep  85: acc1=42.11%  acc2=42.17%  ens=42.14%  (best 52.56 @ ep 9)  [21.7s]
  ep  86: acc1=41.55%  acc2=41.72%  ens=41.63%  (best 52.56 @ ep 9)  [21.6s]
  ep  87: acc1=41.45%  acc2=41.51%  ens=41.48%  (best 52.56 @ ep 9)  [22.1s]
  ep  88: acc1=41.96%  acc2=41.86%  ens=41.91%  (best 52.56 @ ep 9)  [21.8s]
  ep  89: acc1=42.13%  acc2=41.97%  ens=42.05%  (best 52.56 @ ep 9)  [21.1s]
  ep  90: acc1=41.78%  acc2=41.80%  ens=41.79%  (best 52.56 @ ep 9)  [22.0s]
  ep  91: acc1=41.62%  acc2=41.74%  ens=41.68%  (best 52.56 @ ep 9)  [21.2s]
  ep  92: acc1=41.48%  acc2=41.72%  ens=41.60%  (best 52.56 @ ep 9)  [21.7s]
  ep  93: acc1=41.67%  acc2=41.98%  ens=41.83%  (best 52.56 @ ep 9)  [22.0s]
  ep  94: acc1=41.75%  acc2=41.87%  ens=41.81%  (best 52.56 @ ep 9)  [21.8s]
  ep  95: acc1=41.68%  acc2=42.16%  ens=41.92%  (best 52.56 @ ep 9)  [22.1s]
  ep  96: acc1=41.56%  acc2=42.03%  ens=41.80%  (best 52.56 @ ep 9)  [24.7s]
  ep  97: acc1=42.10%  acc2=41.73%  ens=41.91%  (best 52.56 @ ep 9)  [21.9s]
  ep  98: acc1=41.71%  acc2=41.88%  ens=41.80%  (best 52.56 @ ep 9)  [21.7s]
  ep  99: acc1=41.85%  acc2=41.82%  ens=41.84%  (best 52.56 @ ep 9)  [23.4s]  [w on clean=0.898, on noisy=0.690]

saved /path/to/ciln-workspace/journal_edition/robustness_transfer/results_v3/dividemix/ours__brightness_sev5__seed0.json: best ens-acc 52.56% @ ep 9
saved /path/to/ciln-workspace/journal_edition/robustness_transfer/results_v3/dividemix/ours__brightness_sev5__seed0__persample.npz
