/path/to/ciln-workspace/venv/lib/python3.12/site-packages/torchvision/datasets/cifar.py:83: VisibleDeprecationWarning: dtype(): align should be passed as Python or NumPy boolean but got `align=0`. Did you mean to pass a tuple to create a subarray type? (Deprecated NumPy 2.4)
  entry = pickle.load(f, encoding="latin1")
condition=ours__contrast_sev3 seed=0 gpu=2
  ep   0: acc1=20.26%  acc2=14.29%  ens=17.28%  (best 17.28 @ ep 0)  [5.6s]
  ep   1: acc1=29.15%  acc2=29.24%  ens=29.20%  (best 29.20 @ ep 1)  [4.9s]
  ep   2: acc1=32.18%  acc2=23.86%  ens=28.02%  (best 29.20 @ ep 1)  [14.3s]
  ep   3: acc1=35.81%  acc2=28.53%  ens=32.17%  (best 32.17 @ ep 3)  [12.7s]
  ep   4: acc1=38.17%  acc2=27.65%  ens=32.91%  (best 32.91 @ ep 4)  [4.7s]
  ep   5: acc1=41.08%  acc2=31.20%  ens=36.14%  (best 36.14 @ ep 5)  [7.0s]  [w on clean=0.815, on noisy=0.556]
  ep   6: acc1=32.06%  acc2=35.13%  ens=33.59%  (best 36.14 @ ep 5)  [4.8s]
  ep   7: acc1=39.45%  acc2=32.48%  ens=35.97%  (best 36.14 @ ep 5)  [4.9s]
  ep   8: acc1=38.57%  acc2=37.88%  ens=38.22%  (best 38.22 @ ep 8)  [4.8s]
  ep   9: acc1=40.46%  acc2=41.26%  ens=40.86%  (best 40.86 @ ep 9)  [5.0s]
  ep  10: acc1=34.08%  acc2=28.05%  ens=31.06%  (best 40.86 @ ep 9)  [22.4s]  [w on clean=0.720, on noisy=0.516]
  ep  11: acc1=26.87%  acc2=29.06%  ens=27.96%  (best 40.86 @ ep 9)  [119.5s]
  ep  12: acc1=28.93%  acc2=24.75%  ens=26.84%  (best 40.86 @ ep 9)  [20.6s]
  ep  13: acc1=21.83%  acc2=23.65%  ens=22.74%  (best 40.86 @ ep 9)  [17.9s]
  ep  14: acc1=21.29%  acc2=22.52%  ens=21.91%  (best 40.86 @ ep 9)  [19.2s]
  ep  15: acc1=19.97%  acc2=20.09%  ens=20.03%  (best 40.86 @ ep 9)  [24.9s]
  ep  16: acc1=17.20%  acc2=15.30%  ens=16.25%  (best 40.86 @ ep 9)  [18.5s]
  ep  17: acc1=13.77%  acc2=13.96%  ens=13.87%  (best 40.86 @ ep 9)  [18.0s]
  ep  18: acc1=12.92%  acc2=13.34%  ens=13.13%  (best 40.86 @ ep 9)  [22.1s]
  ep  19: acc1=13.92%  acc2=13.79%  ens=13.86%  (best 40.86 @ ep 9)  [39.3s]
  ep  20: acc1=13.94%  acc2=13.58%  ens=13.76%  (best 40.86 @ ep 9)  [20.4s]  [w on clean=0.594, on noisy=0.798]
  ep  21: acc1=13.20%  acc2=13.78%  ens=13.49%  (best 40.86 @ ep 9)  [18.7s]
  ep  22: acc1=13.41%  acc2=13.44%  ens=13.42%  (best 40.86 @ ep 9)  [49.0s]
  ep  23: acc1=14.07%  acc2=14.22%  ens=14.14%  (best 40.86 @ ep 9)  [18.1s]
  ep  24: acc1=13.75%  acc2=13.56%  ens=13.66%  (best 40.86 @ ep 9)  [18.6s]
  ep  25: acc1=13.86%  acc2=14.29%  ens=14.07%  (best 40.86 @ ep 9)  [35.1s]
  ep  26: acc1=13.74%  acc2=14.02%  ens=13.88%  (best 40.86 @ ep 9)  [22.3s]
  ep  27: acc1=13.50%  acc2=13.87%  ens=13.69%  (best 40.86 @ ep 9)  [18.0s]
  ep  28: acc1=12.41%  acc2=12.93%  ens=12.67%  (best 40.86 @ ep 9)  [18.4s]
  ep  29: acc1=12.49%  acc2=13.31%  ens=12.90%  (best 40.86 @ ep 9)  [19.0s]
  ep  30: acc1=13.81%  acc2=13.53%  ens=13.67%  (best 40.86 @ ep 9)  [20.7s]  [w on clean=0.594, on noisy=0.798]
  ep  31: acc1=12.61%  acc2=13.79%  ens=13.20%  (best 40.86 @ ep 9)  [18.2s]
  ep  32: acc1=14.15%  acc2=13.68%  ens=13.91%  (best 40.86 @ ep 9)  [49.9s]
  ep  33: acc1=13.68%  acc2=13.96%  ens=13.82%  (best 40.86 @ ep 9)  [18.3s]
  ep  34: acc1=14.00%  acc2=14.00%  ens=14.00%  (best 40.86 @ ep 9)  [20.0s]
  ep  35: acc1=14.01%  acc2=13.86%  ens=13.94%  (best 40.86 @ ep 9)  [18.3s]
  ep  36: acc1=13.28%  acc2=13.82%  ens=13.55%  (best 40.86 @ ep 9)  [90.5s]
  ep  37: acc1=13.53%  acc2=13.47%  ens=13.50%  (best 40.86 @ ep 9)  [18.4s]
  ep  38: acc1=12.97%  acc2=13.12%  ens=13.05%  (best 40.86 @ ep 9)  [18.7s]
  ep  39: acc1=14.14%  acc2=13.91%  ens=14.02%  (best 40.86 @ ep 9)  [18.7s]
  ep  40: acc1=13.73%  acc2=12.94%  ens=13.33%  (best 40.86 @ ep 9)  [68.2s]
  ep  41: acc1=13.72%  acc2=13.85%  ens=13.79%  (best 40.86 @ ep 9)  [19.1s]
  ep  42: acc1=13.37%  acc2=13.78%  ens=13.58%  (best 40.86 @ ep 9)  [18.4s]
  ep  43: acc1=13.53%  acc2=13.75%  ens=13.64%  (best 40.86 @ ep 9)  [49.4s]
  ep  44: acc1=14.22%  acc2=13.85%  ens=14.04%  (best 40.86 @ ep 9)  [18.9s]
  ep  45: acc1=14.22%  acc2=12.91%  ens=13.56%  (best 40.86 @ ep 9)  [18.1s]
  ep  46: acc1=13.51%  acc2=13.92%  ens=13.71%  (best 40.86 @ ep 9)  [19.4s]
  ep  47: acc1=13.89%  acc2=13.78%  ens=13.84%  (best 40.86 @ ep 9)  [104.1s]
  ep  48: acc1=14.26%  acc2=13.79%  ens=14.02%  (best 40.86 @ ep 9)  [18.6s]
  ep  49: acc1=14.25%  acc2=13.67%  ens=13.96%  (best 40.86 @ ep 9)  [18.2s]
  ep  50: acc1=14.08%  acc2=13.15%  ens=13.61%  (best 40.86 @ ep 9)  [21.2s]  [w on clean=0.594, on noisy=0.798]
  ep  51: acc1=14.05%  acc2=14.52%  ens=14.29%  (best 40.86 @ ep 9)  [18.1s]
  ep  52: acc1=16.06%  acc2=15.05%  ens=15.55%  (best 40.86 @ ep 9)  [18.5s]
  ep  53: acc1=15.01%  acc2=14.21%  ens=14.61%  (best 40.86 @ ep 9)  [18.3s]
  ep  54: acc1=15.24%  acc2=14.64%  ens=14.94%  (best 40.86 @ ep 9)  [127.4s]
  ep  55: acc1=15.32%  acc2=14.89%  ens=15.11%  (best 40.86 @ ep 9)  [19.0s]
  ep  56: acc1=15.89%  acc2=15.23%  ens=15.56%  (best 40.86 @ ep 9)  [19.0s]
  ep  57: acc1=15.83%  acc2=15.61%  ens=15.72%  (best 40.86 @ ep 9)  [18.3s]
  ep  58: acc1=15.99%  acc2=15.14%  ens=15.57%  (best 40.86 @ ep 9)  [148.1s]
  ep  59: acc1=15.88%  acc2=15.09%  ens=15.48%  (best 40.86 @ ep 9)  [18.3s]
  ep  60: acc1=15.25%  acc2=15.32%  ens=15.28%  (best 40.86 @ ep 9)  [18.7s]
  ep  61: acc1=15.24%  acc2=14.76%  ens=15.00%  (best 40.86 @ ep 9)  [18.4s]
  ep  62: acc1=15.76%  acc2=15.42%  ens=15.59%  (best 40.86 @ ep 9)  [27.2s]
  ep  63: acc1=15.96%  acc2=14.78%  ens=15.37%  (best 40.86 @ ep 9)  [17.9s]
  ep  64: acc1=15.37%  acc2=14.56%  ens=14.96%  (best 40.86 @ ep 9)  [20.8s]
  ep  65: acc1=16.13%  acc2=15.67%  ens=15.90%  (best 40.86 @ ep 9)  [28.5s]
  ep  66: acc1=16.19%  acc2=15.76%  ens=15.97%  (best 40.86 @ ep 9)  [18.6s]
  ep  67: acc1=15.60%  acc2=15.04%  ens=15.32%  (best 40.86 @ ep 9)  [18.1s]
  ep  68: acc1=16.11%  acc2=15.14%  ens=15.62%  (best 40.86 @ ep 9)  [19.3s]
  ep  69: acc1=15.47%  acc2=14.87%  ens=15.17%  (best 40.86 @ ep 9)  [21.5s]
  ep  70: acc1=15.78%  acc2=15.11%  ens=15.45%  (best 40.86 @ ep 9)  [20.3s]
  ep  71: acc1=15.22%  acc2=15.03%  ens=15.12%  (best 40.86 @ ep 9)  [18.2s]
  ep  72: acc1=15.12%  acc2=15.17%  ens=15.14%  (best 40.86 @ ep 9)  [57.1s]
  ep  73: acc1=15.12%  acc2=15.13%  ens=15.12%  (best 40.86 @ ep 9)  [18.4s]
  ep  74: acc1=15.57%  acc2=14.97%  ens=15.27%  (best 40.86 @ ep 9)  [18.8s]
  ep  75: acc1=16.13%  acc2=15.18%  ens=15.65%  (best 40.86 @ ep 9)  [38.0s]  [w on clean=0.594, on noisy=0.798]
  ep  76: acc1=15.43%  acc2=14.99%  ens=15.21%  (best 40.86 @ ep 9)  [18.5s]
  ep  77: acc1=15.24%  acc2=14.60%  ens=14.92%  (best 40.86 @ ep 9)  [18.6s]
  ep  78: acc1=15.12%  acc2=15.05%  ens=15.08%  (best 40.86 @ ep 9)  [18.5s]
  ep  79: acc1=15.26%  acc2=14.77%  ens=15.02%  (best 40.86 @ ep 9)  [161.2s]
  ep  80: acc1=14.98%  acc2=14.52%  ens=14.75%  (best 40.86 @ ep 9)  [18.1s]
  ep  81: acc1=15.52%  acc2=14.92%  ens=15.22%  (best 40.86 @ ep 9)  [18.1s]
  ep  82: acc1=15.36%  acc2=15.05%  ens=15.20%  (best 40.86 @ ep 9)  [18.5s]
  ep  83: acc1=15.34%  acc2=14.87%  ens=15.11%  (best 40.86 @ ep 9)  [56.6s]
  ep  84: acc1=15.39%  acc2=14.96%  ens=15.17%  (best 40.86 @ ep 9)  [18.6s]
  ep  85: acc1=15.36%  acc2=14.94%  ens=15.15%  (best 40.86 @ ep 9)  [18.8s]
  ep  86: acc1=15.51%  acc2=14.99%  ens=15.25%  (best 40.86 @ ep 9)  [40.3s]
  ep  87: acc1=15.42%  acc2=15.04%  ens=15.23%  (best 40.86 @ ep 9)  [18.7s]
  ep  88: acc1=15.37%  acc2=15.10%  ens=15.23%  (best 40.86 @ ep 9)  [18.4s]
  ep  89: acc1=15.42%  acc2=14.99%  ens=15.21%  (best 40.86 @ ep 9)  [19.2s]
  ep  90: acc1=15.51%  acc2=14.95%  ens=15.23%  (best 40.86 @ ep 9)  [19.0s]
  ep  91: acc1=15.52%  acc2=15.15%  ens=15.33%  (best 40.86 @ ep 9)  [20.8s]
  ep  92: acc1=15.57%  acc2=14.92%  ens=15.25%  (best 40.86 @ ep 9)  [19.2s]
  ep  93: acc1=15.41%  acc2=14.99%  ens=15.20%  (best 40.86 @ ep 9)  [62.6s]
  ep  94: acc1=15.42%  acc2=15.07%  ens=15.25%  (best 40.86 @ ep 9)  [20.3s]
  ep  95: acc1=15.51%  acc2=14.97%  ens=15.24%  (best 40.86 @ ep 9)  [19.7s]
  ep  96: acc1=15.46%  acc2=14.99%  ens=15.22%  (best 40.86 @ ep 9)  [19.2s]
  ep  97: acc1=15.50%  acc2=15.00%  ens=15.25%  (best 40.86 @ ep 9)  [68.3s]
  ep  98: acc1=15.52%  acc2=14.97%  ens=15.25%  (best 40.86 @ ep 9)  [19.6s]
  ep  99: acc1=15.53%  acc2=14.96%  ens=15.25%  (best 40.86 @ ep 9)  [20.6s]  [w on clean=0.594, on noisy=0.798]

saved /path/to/ciln-workspace/journal_edition/robustness_transfer/results_v3/dividemix/ours__contrast_sev3__seed0.json: best ens-acc 40.86% @ ep 9
saved /path/to/ciln-workspace/journal_edition/robustness_transfer/results_v3/dividemix/ours__contrast_sev3__seed0__persample.npz
