/path/to/ciln-workspace/venv/lib/python3.12/site-packages/torchvision/datasets/cifar.py:83: VisibleDeprecationWarning: dtype(): align should be passed as Python or NumPy boolean but got `align=0`. Did you mean to pass a tuple to create a subarray type? (Deprecated NumPy 2.4)
  entry = pickle.load(f, encoding="latin1")
condition=ours__impulse_noise_sev3 seed=0 gpu=2
  ep   0: acc1=24.82%  acc2=26.66%  ens=25.74%  (best 25.74 @ ep 0)  [6.1s]
  ep   1: acc1=24.93%  acc2=30.84%  ens=27.88%  (best 27.88 @ ep 1)  [5.0s]
  ep   2: acc1=38.06%  acc2=32.05%  ens=35.05%  (best 35.05 @ ep 2)  [5.1s]
  ep   3: acc1=40.20%  acc2=39.43%  ens=39.81%  (best 39.81 @ ep 3)  [8.0s]
  ep   4: acc1=45.65%  acc2=41.04%  ens=43.34%  (best 43.34 @ ep 4)  [9.8s]
  ep   5: acc1=43.14%  acc2=45.25%  ens=44.20%  (best 44.20 @ ep 5)  [13.3s]  [w on clean=0.789, on noisy=0.418]
  ep   6: acc1=53.39%  acc2=47.63%  ens=50.51%  (best 50.51 @ ep 6)  [10.6s]
  ep   7: acc1=46.40%  acc2=53.29%  ens=49.85%  (best 50.51 @ ep 6)  [12.4s]
  ep   8: acc1=53.55%  acc2=53.04%  ens=53.30%  (best 53.30 @ ep 8)  [9.8s]
  ep   9: acc1=53.25%  acc2=44.74%  ens=48.99%  (best 53.30 @ ep 8)  [10.4s]
  ep  10: acc1=32.54%  acc2=25.35%  ens=28.95%  (best 53.30 @ ep 8)  [33.0s]  [w on clean=0.593, on noisy=0.393]
  ep  11: acc1=22.32%  acc2=21.41%  ens=21.87%  (best 53.30 @ ep 8)  [15.4s]
  ep  12: acc1=21.97%  acc2=22.38%  ens=22.18%  (best 53.30 @ ep 8)  [16.7s]
  ep  13: acc1=22.53%  acc2=21.32%  ens=21.93%  (best 53.30 @ ep 8)  [25.7s]
  ep  14: acc1=19.75%  acc2=24.57%  ens=22.16%  (best 53.30 @ ep 8)  [19.5s]
  ep  15: acc1=24.88%  acc2=28.38%  ens=26.63%  (best 53.30 @ ep 8)  [16.4s]
  ep  16: acc1=24.23%  acc2=27.22%  ens=25.72%  (best 53.30 @ ep 8)  [16.8s]
  ep  17: acc1=25.66%  acc2=26.92%  ens=26.29%  (best 53.30 @ ep 8)  [17.3s]
  ep  18: acc1=25.15%  acc2=25.72%  ens=25.43%  (best 53.30 @ ep 8)  [17.4s]
  ep  19: acc1=27.04%  acc2=27.67%  ens=27.35%  (best 53.30 @ ep 8)  [17.3s]
  ep  20: acc1=29.27%  acc2=29.49%  ens=29.38%  (best 53.30 @ ep 8)  [19.5s]  [w on clean=0.573, on noisy=0.634]
  ep  21: acc1=29.03%  acc2=27.00%  ens=28.02%  (best 53.30 @ ep 8)  [54.5s]
  ep  22: acc1=26.53%  acc2=28.94%  ens=27.73%  (best 53.30 @ ep 8)  [24.8s]
  ep  23: acc1=28.11%  acc2=25.15%  ens=26.63%  (best 53.30 @ ep 8)  [17.3s]
  ep  24: acc1=26.05%  acc2=26.79%  ens=26.42%  (best 53.30 @ ep 8)  [17.3s]
  ep  25: acc1=28.84%  acc2=29.79%  ens=29.32%  (best 53.30 @ ep 8)  [25.6s]
  ep  26: acc1=29.80%  acc2=28.12%  ens=28.96%  (best 53.30 @ ep 8)  [31.5s]
  ep  27: acc1=26.09%  acc2=27.71%  ens=26.90%  (best 53.30 @ ep 8)  [18.0s]
  ep  28: acc1=27.67%  acc2=24.30%  ens=25.99%  (best 53.30 @ ep 8)  [17.0s]
  ep  29: acc1=25.91%  acc2=26.42%  ens=26.16%  (best 53.30 @ ep 8)  [17.6s]
  ep  30: acc1=29.95%  acc2=27.72%  ens=28.84%  (best 53.30 @ ep 8)  [48.7s]  [w on clean=0.573, on noisy=0.641]
  ep  31: acc1=27.81%  acc2=25.44%  ens=26.62%  (best 53.30 @ ep 8)  [17.3s]
  ep  32: acc1=28.57%  acc2=28.40%  ens=28.48%  (best 53.30 @ ep 8)  [16.8s]
  ep  33: acc1=29.02%  acc2=27.49%  ens=28.25%  (best 53.30 @ ep 8)  [16.9s]
  ep  34: acc1=28.80%  acc2=30.43%  ens=29.62%  (best 53.30 @ ep 8)  [28.8s]
  ep  35: acc1=31.13%  acc2=29.32%  ens=30.23%  (best 53.30 @ ep 8)  [17.3s]
  ep  36: acc1=30.23%  acc2=29.42%  ens=29.83%  (best 53.30 @ ep 8)  [17.2s]
  ep  37: acc1=29.48%  acc2=27.79%  ens=28.63%  (best 53.30 @ ep 8)  [18.5s]
  ep  38: acc1=27.49%  acc2=29.09%  ens=28.29%  (best 53.30 @ ep 8)  [26.9s]
  ep  39: acc1=29.40%  acc2=29.54%  ens=29.47%  (best 53.30 @ ep 8)  [18.8s]
  ep  40: acc1=28.78%  acc2=29.98%  ens=29.38%  (best 53.30 @ ep 8)  [17.3s]
  ep  41: acc1=27.85%  acc2=28.87%  ens=28.36%  (best 53.30 @ ep 8)  [19.7s]
  ep  42: acc1=29.82%  acc2=31.37%  ens=30.59%  (best 53.30 @ ep 8)  [17.2s]
  ep  43: acc1=30.43%  acc2=30.85%  ens=30.64%  (best 53.30 @ ep 8)  [17.8s]
  ep  44: acc1=28.65%  acc2=29.56%  ens=29.10%  (best 53.30 @ ep 8)  [17.5s]
  ep  45: acc1=27.44%  acc2=27.26%  ens=27.35%  (best 53.30 @ ep 8)  [31.1s]
  ep  46: acc1=27.59%  acc2=28.10%  ens=27.84%  (best 53.30 @ ep 8)  [17.8s]
  ep  47: acc1=29.00%  acc2=30.01%  ens=29.50%  (best 53.30 @ ep 8)  [17.4s]
  ep  48: acc1=27.15%  acc2=30.59%  ens=28.87%  (best 53.30 @ ep 8)  [16.8s]
  ep  49: acc1=29.51%  acc2=27.87%  ens=28.69%  (best 53.30 @ ep 8)  [52.4s]
  ep  50: acc1=29.36%  acc2=29.81%  ens=29.59%  (best 53.30 @ ep 8)  [42.4s]  [w on clean=0.573, on noisy=0.644]
  ep  51: acc1=29.18%  acc2=30.38%  ens=29.78%  (best 53.30 @ ep 8)  [17.4s]
  ep  52: acc1=30.17%  acc2=30.18%  ens=30.18%  (best 53.30 @ ep 8)  [17.3s]
  ep  53: acc1=30.19%  acc2=29.56%  ens=29.87%  (best 53.30 @ ep 8)  [24.2s]
  ep  54: acc1=29.89%  acc2=29.50%  ens=29.70%  (best 53.30 @ ep 8)  [17.5s]
  ep  55: acc1=29.61%  acc2=29.39%  ens=29.50%  (best 53.30 @ ep 8)  [17.5s]
  ep  56: acc1=30.60%  acc2=30.07%  ens=30.34%  (best 53.30 @ ep 8)  [17.4s]
  ep  57: acc1=30.88%  acc2=28.90%  ens=29.89%  (best 53.30 @ ep 8)  [40.6s]
  ep  58: acc1=30.18%  acc2=29.88%  ens=30.03%  (best 53.30 @ ep 8)  [17.4s]
  ep  59: acc1=28.90%  acc2=30.24%  ens=29.57%  (best 53.30 @ ep 8)  [17.6s]
  ep  60: acc1=29.37%  acc2=30.59%  ens=29.98%  (best 53.30 @ ep 8)  [17.5s]
  ep  61: acc1=31.00%  acc2=29.95%  ens=30.47%  (best 53.30 @ ep 8)  [41.1s]
  ep  62: acc1=29.96%  acc2=29.42%  ens=29.69%  (best 53.30 @ ep 8)  [32.7s]
  ep  63: acc1=30.86%  acc2=29.78%  ens=30.32%  (best 53.30 @ ep 8)  [17.5s]
  ep  64: acc1=29.72%  acc2=29.84%  ens=29.78%  (best 53.30 @ ep 8)  [17.0s]
  ep  65: acc1=30.42%  acc2=29.43%  ens=29.93%  (best 53.30 @ ep 8)  [17.6s]
  ep  66: acc1=30.36%  acc2=29.53%  ens=29.95%  (best 53.30 @ ep 8)  [25.5s]
  ep  67: acc1=30.34%  acc2=31.06%  ens=30.70%  (best 53.30 @ ep 8)  [17.6s]
  ep  68: acc1=30.83%  acc2=31.16%  ens=31.00%  (best 53.30 @ ep 8)  [17.4s]
  ep  69: acc1=29.78%  acc2=30.91%  ens=30.34%  (best 53.30 @ ep 8)  [23.7s]
  ep  70: acc1=30.44%  acc2=30.74%  ens=30.59%  (best 53.30 @ ep 8)  [63.7s]
  ep  71: acc1=30.04%  acc2=30.52%  ens=30.28%  (best 53.30 @ ep 8)  [62.3s]
  ep  72: acc1=30.00%  acc2=30.34%  ens=30.17%  (best 53.30 @ ep 8)  [60.0s]
  ep  73: acc1=31.15%  acc2=30.63%  ens=30.89%  (best 53.30 @ ep 8)  [23.5s]
  ep  74: acc1=30.20%  acc2=30.37%  ens=30.29%  (best 53.30 @ ep 8)  [17.7s]
  ep  75: acc1=31.08%  acc2=31.03%  ens=31.05%  (best 53.30 @ ep 8)  [20.0s]  [w on clean=0.573, on noisy=0.650]
  ep  76: acc1=31.24%  acc2=31.16%  ens=31.20%  (best 53.30 @ ep 8)  [31.3s]
  ep  77: acc1=30.32%  acc2=31.14%  ens=30.73%  (best 53.30 @ ep 8)  [17.4s]
  ep  78: acc1=31.21%  acc2=30.98%  ens=31.09%  (best 53.30 @ ep 8)  [17.3s]
  ep  79: acc1=30.79%  acc2=31.05%  ens=30.92%  (best 53.30 @ ep 8)  [17.3s]
  ep  80: acc1=30.95%  acc2=31.41%  ens=31.18%  (best 53.30 @ ep 8)  [45.4s]
  ep  81: acc1=30.99%  acc2=31.28%  ens=31.14%  (best 53.30 @ ep 8)  [18.3s]
  ep  82: acc1=31.29%  acc2=31.38%  ens=31.34%  (best 53.30 @ ep 8)  [17.3s]
  ep  83: acc1=31.35%  acc2=31.09%  ens=31.22%  (best 53.30 @ ep 8)  [17.4s]
  ep  84: acc1=31.25%  acc2=30.90%  ens=31.07%  (best 53.30 @ ep 8)  [27.0s]
  ep  85: acc1=30.97%  acc2=31.08%  ens=31.03%  (best 53.30 @ ep 8)  [32.5s]
  ep  86: acc1=31.66%  acc2=31.24%  ens=31.45%  (best 53.30 @ ep 8)  [17.2s]
  ep  87: acc1=31.70%  acc2=31.58%  ens=31.64%  (best 53.30 @ ep 8)  [17.9s]
  ep  88: acc1=31.68%  acc2=31.60%  ens=31.64%  (best 53.30 @ ep 8)  [17.3s]
  ep  89: acc1=31.06%  acc2=31.37%  ens=31.21%  (best 53.30 @ ep 8)  [19.2s]
  ep  90: acc1=31.17%  acc2=31.30%  ens=31.24%  (best 53.30 @ ep 8)  [17.3s]
  ep  91: acc1=31.21%  acc2=31.30%  ens=31.25%  (best 53.30 @ ep 8)  [17.5s]
  ep  92: acc1=31.28%  acc2=31.19%  ens=31.24%  (best 53.30 @ ep 8)  [36.3s]
  ep  93: acc1=31.29%  acc2=30.93%  ens=31.11%  (best 53.30 @ ep 8)  [36.4s]
  ep  94: acc1=31.02%  acc2=30.98%  ens=31.00%  (best 53.30 @ ep 8)  [17.2s]
  ep  95: acc1=30.98%  acc2=31.08%  ens=31.03%  (best 53.30 @ ep 8)  [17.4s]
  ep  96: acc1=31.29%  acc2=30.95%  ens=31.12%  (best 53.30 @ ep 8)  [17.7s]
  ep  97: acc1=31.23%  acc2=31.23%  ens=31.23%  (best 53.30 @ ep 8)  [23.5s]
  ep  98: acc1=31.18%  acc2=30.86%  ens=31.02%  (best 53.30 @ ep 8)  [17.5s]
  ep  99: acc1=31.43%  acc2=30.95%  ens=31.19%  (best 53.30 @ ep 8)  [19.9s]  [w on clean=0.573, on noisy=0.654]

saved /path/to/ciln-workspace/journal_edition/robustness_transfer/results_v3/dividemix/ours__impulse_noise_sev3__seed0.json: best ens-acc 53.30% @ ep 8
saved /path/to/ciln-workspace/journal_edition/robustness_transfer/results_v3/dividemix/ours__impulse_noise_sev3__seed0__persample.npz
