/path/to/ciln-workspace/venv/lib/python3.12/site-packages/torchvision/datasets/cifar.py:83: VisibleDeprecationWarning: dtype(): align should be passed as Python or NumPy boolean but got `align=0`. Did you mean to pass a tuple to create a subarray type? (Deprecated NumPy 2.4)
  entry = pickle.load(f, encoding="latin1")
condition=ours__brightness_sev5 seed=0 gpu=1
  ep   0: loss=1.8310  test_acc=25.85%  (best 25.85 @ ep 0)  [3.3s]
  ep   1: loss=1.6035  test_acc=26.18%  (best 26.18 @ ep 1)  [2.5s]
  ep   2: loss=1.5385  test_acc=34.93%  (best 34.93 @ ep 2)  [2.5s]
  ep   3: loss=1.3966  test_acc=38.76%  (best 38.76 @ ep 3)  [4.2s]
  ep   4: loss=1.3234  test_acc=41.98%  (best 41.98 @ ep 4)  [6.1s]
  ep   5: loss=1.2688  test_acc=47.14%  (best 47.14 @ ep 5)  [6.3s]  [logged per-sample loss: mean=1.225]
  ep   6: loss=1.1878  test_acc=44.67%  (best 47.14 @ ep 5)  [5.3s]
  ep   7: loss=1.1194  test_acc=49.54%  (best 49.54 @ ep 7)  [4.9s]
  ep   8: loss=1.0667  test_acc=39.02%  (best 49.54 @ ep 7)  [4.9s]
  ep   9: loss=1.0063  test_acc=48.15%  (best 49.54 @ ep 7)  [5.6s]
  ep  10: loss=0.9836  test_acc=48.14%  (best 49.54 @ ep 7)  [6.5s]  [logged per-sample loss: mean=1.152]
  ep  11: loss=0.9858  test_acc=55.19%  (best 55.19 @ ep 11)  [4.7s]
  ep  12: loss=0.9510  test_acc=45.70%  (best 55.19 @ ep 11)  [2.4s]
  ep  13: loss=1.0009  test_acc=49.18%  (best 55.19 @ ep 11)  [2.4s]
  ep  14: loss=0.9149  test_acc=54.70%  (best 55.19 @ ep 11)  [2.4s]
  ep  15: loss=0.9050  test_acc=55.49%  (best 55.49 @ ep 15)  [2.6s]
  ep  16: loss=0.9165  test_acc=57.84%  (best 57.84 @ ep 16)  [2.5s]
  ep  17: loss=0.8544  test_acc=51.87%  (best 57.84 @ ep 16)  [2.4s]
  ep  18: loss=0.8507  test_acc=59.81%  (best 59.81 @ ep 18)  [2.3s]
  ep  19: loss=0.8377  test_acc=56.33%  (best 59.81 @ ep 18)  [2.4s]
  ep  20: loss=0.8302  test_acc=57.95%  (best 59.81 @ ep 18)  [3.2s]  [logged per-sample loss: mean=0.957]
  ep  21: loss=0.9304  test_acc=58.07%  (best 59.81 @ ep 18)  [2.5s]
  ep  22: loss=0.8347  test_acc=46.47%  (best 59.81 @ ep 18)  [2.3s]
  ep  23: loss=0.9074  test_acc=53.31%  (best 59.81 @ ep 18)  [2.4s]
  ep  24: loss=0.8306  test_acc=53.39%  (best 59.81 @ ep 18)  [2.3s]
  ep  25: loss=0.8353  test_acc=57.75%  (best 59.81 @ ep 18)  [2.5s]
  ep  26: loss=0.8317  test_acc=60.22%  (best 60.22 @ ep 26)  [2.3s]
  ep  27: loss=0.7861  test_acc=56.95%  (best 60.22 @ ep 26)  [2.5s]
  ep  28: loss=0.7640  test_acc=47.71%  (best 60.22 @ ep 26)  [2.5s]
  ep  29: loss=0.8003  test_acc=58.78%  (best 60.22 @ ep 26)  [2.4s]
  ep  30: loss=0.7814  test_acc=57.87%  (best 60.22 @ ep 26)  [3.4s]  [logged per-sample loss: mean=0.755]
  ep  31: loss=0.7659  test_acc=58.98%  (best 60.22 @ ep 26)  [2.5s]
  ep  32: loss=0.7805  test_acc=56.91%  (best 60.22 @ ep 26)  [2.4s]
  ep  33: loss=0.7940  test_acc=55.36%  (best 60.22 @ ep 26)  [2.4s]
  ep  34: loss=0.7744  test_acc=48.72%  (best 60.22 @ ep 26)  [2.4s]
  ep  35: loss=0.8184  test_acc=57.89%  (best 60.22 @ ep 26)  [2.5s]
  ep  36: loss=0.7627  test_acc=59.58%  (best 60.22 @ ep 26)  [2.5s]
  ep  37: loss=0.7486  test_acc=59.03%  (best 60.22 @ ep 26)  [4.7s]
  ep  38: loss=0.7799  test_acc=59.63%  (best 60.22 @ ep 26)  [5.3s]
  ep  39: loss=0.7372  test_acc=57.42%  (best 60.22 @ ep 26)  [5.0s]
  ep  40: loss=0.7653  test_acc=59.41%  (best 60.22 @ ep 26)  [5.3s]
  ep  41: loss=0.7080  test_acc=51.53%  (best 60.22 @ ep 26)  [5.4s]
  ep  42: loss=0.7286  test_acc=60.76%  (best 60.76 @ ep 42)  [2.5s]
  ep  43: loss=0.7262  test_acc=55.39%  (best 60.76 @ ep 42)  [2.3s]
  ep  44: loss=0.7945  test_acc=57.81%  (best 60.76 @ ep 42)  [2.3s]
  ep  45: loss=0.7044  test_acc=57.06%  (best 60.76 @ ep 42)  [2.5s]
  ep  46: loss=0.7931  test_acc=61.71%  (best 61.71 @ ep 46)  [2.5s]
  ep  47: loss=0.7279  test_acc=60.24%  (best 61.71 @ ep 46)  [2.3s]
  ep  48: loss=0.7549  test_acc=57.09%  (best 61.71 @ ep 46)  [2.4s]
  ep  49: loss=0.6998  test_acc=56.96%  (best 61.71 @ ep 46)  [2.4s]
  ep  50: loss=0.6834  test_acc=60.82%  (best 61.71 @ ep 46)  [3.5s]  [logged per-sample loss: mean=0.648]
  ep  51: loss=0.6645  test_acc=63.00%  (best 63.00 @ ep 51)  [2.4s]
  ep  52: loss=0.6914  test_acc=63.02%  (best 63.02 @ ep 52)  [2.5s]
  ep  53: loss=0.6395  test_acc=59.66%  (best 63.02 @ ep 52)  [2.3s]
  ep  54: loss=0.6453  test_acc=62.33%  (best 63.02 @ ep 52)  [2.4s]
  ep  55: loss=0.6346  test_acc=60.68%  (best 63.02 @ ep 52)  [2.3s]
  ep  56: loss=0.6881  test_acc=59.11%  (best 63.02 @ ep 52)  [2.4s]
  ep  57: loss=0.6286  test_acc=58.81%  (best 63.02 @ ep 52)  [2.3s]
  ep  58: loss=0.6270  test_acc=50.25%  (best 63.02 @ ep 52)  [2.4s]
  ep  59: loss=0.6396  test_acc=60.62%  (best 63.02 @ ep 52)  [2.3s]
  ep  60: loss=0.6051  test_acc=61.11%  (best 63.02 @ ep 52)  [2.5s]
  ep  61: loss=0.6443  test_acc=62.05%  (best 63.02 @ ep 52)  [2.4s]
  ep  62: loss=0.6208  test_acc=64.28%  (best 64.28 @ ep 62)  [2.4s]
  ep  63: loss=0.5759  test_acc=62.88%  (best 64.28 @ ep 62)  [2.4s]
  ep  64: loss=0.5479  test_acc=56.98%  (best 64.28 @ ep 62)  [2.5s]
  ep  65: loss=0.5435  test_acc=57.42%  (best 64.28 @ ep 62)  [2.5s]
  ep  66: loss=0.5592  test_acc=60.41%  (best 64.28 @ ep 62)  [2.9s]
  ep  67: loss=0.5721  test_acc=62.47%  (best 64.28 @ ep 62)  [5.7s]
  ep  68: loss=0.5303  test_acc=61.87%  (best 64.28 @ ep 62)  [4.9s]
  ep  69: loss=0.4994  test_acc=64.26%  (best 64.28 @ ep 62)  [5.6s]
  ep  70: loss=0.5472  test_acc=54.68%  (best 64.28 @ ep 62)  [5.0s]
  ep  71: loss=0.5250  test_acc=60.79%  (best 64.28 @ ep 62)  [4.9s]
  ep  72: loss=0.4981  test_acc=59.65%  (best 64.28 @ ep 62)  [4.9s]
  ep  73: loss=0.5561  test_acc=63.05%  (best 64.28 @ ep 62)  [4.8s]
  ep  74: loss=0.4776  test_acc=60.78%  (best 64.28 @ ep 62)  [5.7s]
  ep  75: loss=0.4925  test_acc=62.92%  (best 64.28 @ ep 62)  [6.5s]  [logged per-sample loss: mean=0.421]
  ep  76: loss=0.4978  test_acc=61.63%  (best 64.28 @ ep 62)  [7.0s]
  ep  77: loss=0.4374  test_acc=61.56%  (best 64.28 @ ep 62)  [4.8s]
  ep  78: loss=0.4015  test_acc=60.04%  (best 64.28 @ ep 62)  [5.8s]
  ep  79: loss=0.4408  test_acc=62.73%  (best 64.28 @ ep 62)  [5.7s]
  ep  80: loss=0.3764  test_acc=61.85%  (best 64.28 @ ep 62)  [2.3s]
  ep  81: loss=0.3905  test_acc=64.64%  (best 64.64 @ ep 81)  [2.5s]
  ep  82: loss=0.3625  test_acc=61.96%  (best 64.64 @ ep 81)  [2.5s]
  ep  83: loss=0.3679  test_acc=62.63%  (best 64.64 @ ep 81)  [2.4s]
  ep  84: loss=0.4300  test_acc=61.50%  (best 64.64 @ ep 81)  [2.5s]
  ep  85: loss=0.3569  test_acc=62.92%  (best 64.64 @ ep 81)  [2.4s]
  ep  86: loss=0.3411  test_acc=61.33%  (best 64.64 @ ep 81)  [2.3s]
  ep  87: loss=0.3191  test_acc=61.50%  (best 64.64 @ ep 81)  [2.5s]
  ep  88: loss=0.3205  test_acc=62.46%  (best 64.64 @ ep 81)  [2.5s]
  ep  89: loss=0.2934  test_acc=61.74%  (best 64.64 @ ep 81)  [2.5s]
  ep  90: loss=0.2881  test_acc=63.40%  (best 64.64 @ ep 81)  [2.4s]
  ep  91: loss=0.2717  test_acc=62.53%  (best 64.64 @ ep 81)  [2.6s]
  ep  92: loss=0.2660  test_acc=62.92%  (best 64.64 @ ep 81)  [2.3s]
  ep  93: loss=0.2680  test_acc=60.16%  (best 64.64 @ ep 81)  [2.5s]
  ep  94: loss=0.2597  test_acc=62.43%  (best 64.64 @ ep 81)  [2.3s]
  ep  95: loss=0.2565  test_acc=61.78%  (best 64.64 @ ep 81)  [2.5s]
  ep  96: loss=0.2454  test_acc=62.68%  (best 64.64 @ ep 81)  [2.5s]
  ep  97: loss=0.2449  test_acc=62.44%  (best 64.64 @ ep 81)  [2.6s]
  ep  98: loss=0.2445  test_acc=62.96%  (best 64.64 @ ep 81)  [2.3s]
  ep  99: loss=0.2470  test_acc=61.92%  (best 64.64 @ ep 81)  [3.4s]  [logged per-sample loss: mean=0.218]

saved /path/to/ciln-workspace/journal_edition/robustness_transfer/results_v3/erm/ours__brightness_sev5__seed0.json: best 64.64% @ ep 81
saved /path/to/ciln-workspace/journal_edition/robustness_transfer/results_v3/erm/ours__brightness_sev5__seed0__persample.npz: persample (E=7, N=11010)
