/path/to/ciln-workspace/venv/lib/python3.12/site-packages/torchvision/datasets/cifar.py:83: VisibleDeprecationWarning: dtype(): align should be passed as Python or NumPy boolean but got `align=0`. Did you mean to pass a tuple to create a subarray type? (Deprecated NumPy 2.4)
  entry = pickle.load(f, encoding="latin1")
condition=ours__contrast_sev3 seed=0 gpu=2
  ep   0: loss=1.8125  test_acc=17.81%  (best 17.81 @ ep 0)  [3.3s]
  ep   1: loss=1.6221  test_acc=16.38%  (best 17.81 @ ep 0)  [2.4s]
  ep   2: loss=1.7481  test_acc=25.90%  (best 25.90 @ ep 2)  [2.5s]
  ep   3: loss=1.5719  test_acc=25.58%  (best 25.90 @ ep 2)  [2.4s]
  ep   4: loss=1.4928  test_acc=34.07%  (best 34.07 @ ep 4)  [2.4s]
  ep   5: loss=1.4807  test_acc=31.33%  (best 34.07 @ ep 4)  [3.4s]  [logged per-sample loss: mean=1.464]
  ep   6: loss=1.4086  test_acc=29.59%  (best 34.07 @ ep 4)  [2.4s]
  ep   7: loss=1.3871  test_acc=35.68%  (best 35.68 @ ep 7)  [2.5s]
  ep   8: loss=1.4340  test_acc=35.02%  (best 35.68 @ ep 7)  [2.5s]
  ep   9: loss=1.3429  test_acc=38.09%  (best 38.09 @ ep 9)  [2.5s]
  ep  10: loss=1.3641  test_acc=31.09%  (best 38.09 @ ep 9)  [3.6s]  [logged per-sample loss: mean=1.465]
  ep  11: loss=1.3078  test_acc=38.67%  (best 38.67 @ ep 11)  [2.4s]
  ep  12: loss=1.3025  test_acc=36.17%  (best 38.67 @ ep 11)  [2.6s]
  ep  13: loss=1.3521  test_acc=38.94%  (best 38.94 @ ep 13)  [2.3s]
  ep  14: loss=1.2999  test_acc=30.79%  (best 38.94 @ ep 13)  [2.4s]
  ep  15: loss=1.3098  test_acc=37.65%  (best 38.94 @ ep 13)  [2.4s]
  ep  16: loss=1.2568  test_acc=34.85%  (best 38.94 @ ep 13)  [2.5s]
  ep  17: loss=1.2239  test_acc=41.12%  (best 41.12 @ ep 17)  [2.3s]
  ep  18: loss=1.2387  test_acc=40.34%  (best 41.12 @ ep 17)  [2.6s]
  ep  19: loss=1.2211  test_acc=40.70%  (best 41.12 @ ep 17)  [2.3s]
  ep  20: loss=1.2053  test_acc=45.61%  (best 45.61 @ ep 20)  [3.5s]  [logged per-sample loss: mean=1.177]
  ep  21: loss=1.1962  test_acc=39.39%  (best 45.61 @ ep 20)  [2.6s]
  ep  22: loss=1.1693  test_acc=42.55%  (best 45.61 @ ep 20)  [4.4s]
  ep  23: loss=1.1714  test_acc=39.35%  (best 45.61 @ ep 20)  [6.3s]
  ep  24: loss=1.1691  test_acc=37.08%  (best 45.61 @ ep 20)  [5.3s]
  ep  25: loss=1.1449  test_acc=39.05%  (best 45.61 @ ep 20)  [4.8s]
  ep  26: loss=1.1817  test_acc=42.96%  (best 45.61 @ ep 20)  [5.8s]
  ep  27: loss=1.1433  test_acc=47.80%  (best 47.80 @ ep 27)  [3.9s]
  ep  28: loss=1.1359  test_acc=39.46%  (best 47.80 @ ep 27)  [2.4s]
  ep  29: loss=1.1391  test_acc=39.41%  (best 47.80 @ ep 27)  [2.4s]
  ep  30: loss=1.1120  test_acc=45.28%  (best 47.80 @ ep 27)  [3.7s]  [logged per-sample loss: mean=1.263]
  ep  31: loss=1.1386  test_acc=46.63%  (best 47.80 @ ep 27)  [2.7s]
  ep  32: loss=1.1445  test_acc=46.03%  (best 47.80 @ ep 27)  [2.4s]
  ep  33: loss=1.1815  test_acc=47.13%  (best 47.80 @ ep 27)  [2.4s]
  ep  34: loss=1.1778  test_acc=41.30%  (best 47.80 @ ep 27)  [2.5s]
  ep  35: loss=1.1338  test_acc=41.83%  (best 47.80 @ ep 27)  [2.4s]
  ep  36: loss=1.1102  test_acc=44.86%  (best 47.80 @ ep 27)  [2.5s]
  ep  37: loss=1.1078  test_acc=45.17%  (best 47.80 @ ep 27)  [2.4s]
  ep  38: loss=1.1356  test_acc=45.44%  (best 47.80 @ ep 27)  [2.4s]
  ep  39: loss=1.0921  test_acc=42.02%  (best 47.80 @ ep 27)  [2.5s]
  ep  40: loss=1.0902  test_acc=46.92%  (best 47.80 @ ep 27)  [2.4s]
  ep  41: loss=1.0841  test_acc=40.36%  (best 47.80 @ ep 27)  [2.4s]
  ep  42: loss=1.1002  test_acc=36.29%  (best 47.80 @ ep 27)  [2.5s]
  ep  43: loss=1.0595  test_acc=43.36%  (best 47.80 @ ep 27)  [2.5s]
  ep  44: loss=1.0700  test_acc=47.21%  (best 47.80 @ ep 27)  [2.3s]
  ep  45: loss=1.0448  test_acc=42.50%  (best 47.80 @ ep 27)  [2.4s]
  ep  46: loss=1.0509  test_acc=50.37%  (best 50.37 @ ep 46)  [2.4s]
  ep  47: loss=1.0524  test_acc=40.47%  (best 50.37 @ ep 46)  [2.6s]
  ep  48: loss=1.0483  test_acc=46.94%  (best 50.37 @ ep 46)  [2.6s]
  ep  49: loss=1.0989  test_acc=46.19%  (best 50.37 @ ep 46)  [2.3s]
  ep  50: loss=1.0461  test_acc=46.94%  (best 50.37 @ ep 46)  [3.5s]  [logged per-sample loss: mean=1.081]
  ep  51: loss=1.0590  test_acc=47.13%  (best 50.37 @ ep 46)  [3.1s]
  ep  52: loss=1.0430  test_acc=44.62%  (best 50.37 @ ep 46)  [5.0s]
  ep  53: loss=1.0239  test_acc=40.54%  (best 50.37 @ ep 46)  [7.0s]
  ep  54: loss=0.9900  test_acc=41.69%  (best 50.37 @ ep 46)  [5.1s]
  ep  55: loss=0.9812  test_acc=46.94%  (best 50.37 @ ep 46)  [4.7s]
  ep  56: loss=0.9799  test_acc=43.76%  (best 50.37 @ ep 46)  [6.1s]
  ep  57: loss=1.0098  test_acc=41.21%  (best 50.37 @ ep 46)  [4.9s]
  ep  58: loss=0.9923  test_acc=49.35%  (best 50.37 @ ep 46)  [5.3s]
  ep  59: loss=0.9739  test_acc=42.92%  (best 50.37 @ ep 46)  [4.9s]
  ep  60: loss=0.9546  test_acc=45.80%  (best 50.37 @ ep 46)  [4.8s]
  ep  61: loss=0.9524  test_acc=45.96%  (best 50.37 @ ep 46)  [5.2s]
  ep  62: loss=0.9395  test_acc=47.43%  (best 50.37 @ ep 46)  [5.2s]
  ep  63: loss=0.9374  test_acc=44.45%  (best 50.37 @ ep 46)  [4.6s]
  ep  64: loss=0.9360  test_acc=44.66%  (best 50.37 @ ep 46)  [5.8s]
  ep  65: loss=0.9003  test_acc=50.08%  (best 50.37 @ ep 46)  [5.0s]
  ep  66: loss=0.8982  test_acc=42.49%  (best 50.37 @ ep 46)  [2.5s]
  ep  67: loss=0.9070  test_acc=48.80%  (best 50.37 @ ep 46)  [2.3s]
  ep  68: loss=0.9146  test_acc=44.93%  (best 50.37 @ ep 46)  [2.5s]
  ep  69: loss=0.9221  test_acc=43.92%  (best 50.37 @ ep 46)  [2.3s]
  ep  70: loss=0.8710  test_acc=43.20%  (best 50.37 @ ep 46)  [2.4s]
  ep  71: loss=0.8398  test_acc=43.10%  (best 50.37 @ ep 46)  [2.4s]
  ep  72: loss=0.8601  test_acc=48.94%  (best 50.37 @ ep 46)  [2.5s]
  ep  73: loss=0.8651  test_acc=42.71%  (best 50.37 @ ep 46)  [2.4s]
  ep  74: loss=0.8447  test_acc=44.28%  (best 50.37 @ ep 46)  [2.6s]
  ep  75: loss=0.8157  test_acc=43.39%  (best 50.37 @ ep 46)  [3.4s]  [logged per-sample loss: mean=0.763]
  ep  76: loss=0.8230  test_acc=43.19%  (best 50.37 @ ep 46)  [2.5s]
  ep  77: loss=0.7859  test_acc=43.55%  (best 50.37 @ ep 46)  [2.4s]
  ep  78: loss=0.7964  test_acc=41.44%  (best 50.37 @ ep 46)  [2.5s]
  ep  79: loss=0.7980  test_acc=43.38%  (best 50.37 @ ep 46)  [2.4s]
  ep  80: loss=0.7583  test_acc=42.70%  (best 50.37 @ ep 46)  [2.5s]
  ep  81: loss=0.8025  test_acc=47.37%  (best 50.37 @ ep 46)  [2.4s]
  ep  82: loss=0.7149  test_acc=42.43%  (best 50.37 @ ep 46)  [2.6s]
  ep  83: loss=0.7258  test_acc=44.97%  (best 50.37 @ ep 46)  [2.3s]
  ep  84: loss=0.7160  test_acc=45.36%  (best 50.37 @ ep 46)  [2.5s]
  ep  85: loss=0.6805  test_acc=45.27%  (best 50.37 @ ep 46)  [2.5s]
  ep  86: loss=0.7010  test_acc=43.87%  (best 50.37 @ ep 46)  [2.4s]
  ep  87: loss=0.6552  test_acc=42.24%  (best 50.37 @ ep 46)  [2.5s]
  ep  88: loss=0.6431  test_acc=44.51%  (best 50.37 @ ep 46)  [2.4s]
  ep  89: loss=0.6308  test_acc=45.33%  (best 50.37 @ ep 46)  [2.3s]
  ep  90: loss=0.6211  test_acc=43.27%  (best 50.37 @ ep 46)  [2.3s]
  ep  91: loss=0.5920  test_acc=46.35%  (best 50.37 @ ep 46)  [2.4s]
  ep  92: loss=0.5911  test_acc=45.17%  (best 50.37 @ ep 46)  [7.0s]
  ep  93: loss=0.5813  test_acc=44.96%  (best 50.37 @ ep 46)  [5.0s]
  ep  94: loss=0.5703  test_acc=43.96%  (best 50.37 @ ep 46)  [4.8s]
  ep  95: loss=0.5618  test_acc=43.67%  (best 50.37 @ ep 46)  [4.4s]
  ep  96: loss=0.5603  test_acc=46.07%  (best 50.37 @ ep 46)  [2.5s]
  ep  97: loss=0.5499  test_acc=44.03%  (best 50.37 @ ep 46)  [2.4s]
  ep  98: loss=0.5489  test_acc=45.43%  (best 50.37 @ ep 46)  [2.5s]
  ep  99: loss=0.5529  test_acc=45.02%  (best 50.37 @ ep 46)  [3.3s]  [logged per-sample loss: mean=0.530]

saved /path/to/ciln-workspace/journal_edition/robustness_transfer/results_v3/erm/ours__contrast_sev3__seed0.json: best 50.37% @ ep 46
saved /path/to/ciln-workspace/journal_edition/robustness_transfer/results_v3/erm/ours__contrast_sev3__seed0__persample.npz: persample (E=7, N=11010)
