/path/to/ciln-workspace/venv/lib/python3.12/site-packages/torchvision/datasets/cifar.py:83: VisibleDeprecationWarning: dtype(): align should be passed as Python or NumPy boolean but got `align=0`. Did you mean to pass a tuple to create a subarray type? (Deprecated NumPy 2.4)
  entry = pickle.load(f, encoding="latin1")
condition=ours__impulse_noise_sev3 seed=1 gpu=2
  ep   0: loss=1.8705  test_acc=16.03%  (best 16.03 @ ep 0)  [3.3s]
  ep   1: loss=1.7781  test_acc=28.71%  (best 28.71 @ ep 1)  [2.5s]
  ep   2: loss=1.5717  test_acc=21.83%  (best 28.71 @ ep 1)  [2.3s]
  ep   3: loss=1.5679  test_acc=30.18%  (best 30.18 @ ep 3)  [2.4s]
  ep   4: loss=1.3621  test_acc=29.01%  (best 30.18 @ ep 3)  [2.4s]
  ep   5: loss=1.4361  test_acc=38.80%  (best 38.80 @ ep 5)  [3.5s]  [logged per-sample loss: mean=1.366]
  ep   6: loss=1.2755  test_acc=41.41%  (best 41.41 @ ep 6)  [2.3s]
  ep   7: loss=1.1989  test_acc=41.46%  (best 41.46 @ ep 7)  [2.3s]
  ep   8: loss=1.2015  test_acc=43.02%  (best 43.02 @ ep 8)  [2.4s]
  ep   9: loss=1.1547  test_acc=45.83%  (best 45.83 @ ep 9)  [2.4s]
  ep  10: loss=1.1274  test_acc=46.45%  (best 46.45 @ ep 10)  [3.4s]  [logged per-sample loss: mean=1.160]
  ep  11: loss=1.0615  test_acc=47.39%  (best 47.39 @ ep 11)  [2.6s]
  ep  12: loss=1.0604  test_acc=49.47%  (best 49.47 @ ep 12)  [2.4s]
  ep  13: loss=0.9973  test_acc=52.42%  (best 52.42 @ ep 13)  [2.4s]
  ep  14: loss=0.9949  test_acc=49.21%  (best 52.42 @ ep 13)  [2.5s]
  ep  15: loss=0.9963  test_acc=52.18%  (best 52.42 @ ep 13)  [2.4s]
  ep  16: loss=0.9438  test_acc=53.00%  (best 53.00 @ ep 16)  [2.4s]
  ep  17: loss=0.9860  test_acc=46.60%  (best 53.00 @ ep 16)  [2.5s]
  ep  18: loss=0.9545  test_acc=53.57%  (best 53.57 @ ep 18)  [2.3s]
  ep  19: loss=0.9442  test_acc=48.60%  (best 53.57 @ ep 18)  [2.4s]
  ep  20: loss=0.9423  test_acc=52.89%  (best 53.57 @ ep 18)  [3.6s]  [logged per-sample loss: mean=1.015]
  ep  21: loss=0.9134  test_acc=49.61%  (best 53.57 @ ep 18)  [2.5s]
  ep  22: loss=0.9161  test_acc=51.81%  (best 53.57 @ ep 18)  [5.1s]
  ep  23: loss=0.8727  test_acc=50.57%  (best 53.57 @ ep 18)  [4.6s]
  ep  24: loss=0.8832  test_acc=42.63%  (best 53.57 @ ep 18)  [4.9s]
  ep  25: loss=0.9538  test_acc=39.60%  (best 53.57 @ ep 18)  [5.2s]
  ep  26: loss=0.9403  test_acc=51.21%  (best 53.57 @ ep 18)  [4.8s]
  ep  27: loss=0.8932  test_acc=55.21%  (best 55.21 @ ep 27)  [4.7s]
  ep  28: loss=0.8852  test_acc=59.99%  (best 59.99 @ ep 28)  [4.7s]
  ep  29: loss=0.8289  test_acc=58.97%  (best 59.99 @ ep 28)  [4.9s]
  ep  30: loss=0.8791  test_acc=57.82%  (best 59.99 @ ep 28)  [6.8s]  [logged per-sample loss: mean=0.840]
  ep  31: loss=0.8510  test_acc=49.27%  (best 59.99 @ ep 28)  [5.5s]
  ep  32: loss=0.8815  test_acc=56.53%  (best 59.99 @ ep 28)  [4.7s]
  ep  33: loss=0.8340  test_acc=54.79%  (best 59.99 @ ep 28)  [5.0s]
  ep  34: loss=0.8436  test_acc=51.85%  (best 59.99 @ ep 28)  [5.2s]
  ep  35: loss=0.8516  test_acc=54.97%  (best 59.99 @ ep 28)  [4.9s]
  ep  36: loss=0.8408  test_acc=56.99%  (best 59.99 @ ep 28)  [5.1s]
  ep  37: loss=0.8078  test_acc=52.26%  (best 59.99 @ ep 28)  [5.6s]
  ep  38: loss=0.8240  test_acc=53.23%  (best 59.99 @ ep 28)  [4.7s]
  ep  39: loss=0.7943  test_acc=57.60%  (best 59.99 @ ep 28)  [5.0s]
  ep  40: loss=0.8497  test_acc=51.16%  (best 59.99 @ ep 28)  [4.9s]
  ep  41: loss=0.8214  test_acc=56.39%  (best 59.99 @ ep 28)  [4.2s]
  ep  42: loss=0.7951  test_acc=52.64%  (best 59.99 @ ep 28)  [2.4s]
  ep  43: loss=0.8529  test_acc=58.86%  (best 59.99 @ ep 28)  [2.4s]
  ep  44: loss=0.8029  test_acc=53.47%  (best 59.99 @ ep 28)  [2.4s]
  ep  45: loss=0.7837  test_acc=50.87%  (best 59.99 @ ep 28)  [2.3s]
  ep  46: loss=0.8071  test_acc=59.90%  (best 59.99 @ ep 28)  [2.3s]
  ep  47: loss=0.7611  test_acc=63.18%  (best 63.18 @ ep 47)  [2.3s]
  ep  48: loss=0.7384  test_acc=56.68%  (best 63.18 @ ep 47)  [2.2s]
  ep  49: loss=0.7440  test_acc=54.97%  (best 63.18 @ ep 47)  [2.4s]
  ep  50: loss=0.7744  test_acc=58.43%  (best 63.18 @ ep 47)  [3.3s]  [logged per-sample loss: mean=0.815]
  ep  51: loss=0.7500  test_acc=55.06%  (best 63.18 @ ep 47)  [2.5s]
  ep  52: loss=0.8033  test_acc=59.56%  (best 63.18 @ ep 47)  [2.3s]
  ep  53: loss=0.7349  test_acc=55.34%  (best 63.18 @ ep 47)  [2.5s]
  ep  54: loss=0.7177  test_acc=57.68%  (best 63.18 @ ep 47)  [2.4s]
  ep  55: loss=0.7020  test_acc=59.26%  (best 63.18 @ ep 47)  [2.4s]
  ep  56: loss=0.7258  test_acc=57.64%  (best 63.18 @ ep 47)  [2.4s]
  ep  57: loss=0.7088  test_acc=52.71%  (best 63.18 @ ep 47)  [2.5s]
  ep  58: loss=0.7310  test_acc=60.16%  (best 63.18 @ ep 47)  [2.3s]
  ep  59: loss=0.6927  test_acc=58.61%  (best 63.18 @ ep 47)  [2.5s]
  ep  60: loss=0.6767  test_acc=61.89%  (best 63.18 @ ep 47)  [2.3s]
  ep  61: loss=0.6847  test_acc=57.20%  (best 63.18 @ ep 47)  [2.3s]
  ep  62: loss=0.6761  test_acc=60.60%  (best 63.18 @ ep 47)  [2.3s]
  ep  63: loss=0.7307  test_acc=51.44%  (best 63.18 @ ep 47)  [2.3s]
  ep  64: loss=0.7531  test_acc=60.29%  (best 63.18 @ ep 47)  [2.2s]
  ep  65: loss=0.7065  test_acc=57.13%  (best 63.18 @ ep 47)  [2.5s]
  ep  66: loss=0.7014  test_acc=59.36%  (best 63.18 @ ep 47)  [2.9s]
  ep  67: loss=0.6309  test_acc=60.70%  (best 63.18 @ ep 47)  [4.9s]
  ep  68: loss=0.6002  test_acc=60.96%  (best 63.18 @ ep 47)  [4.7s]
  ep  69: loss=0.5996  test_acc=59.04%  (best 63.18 @ ep 47)  [5.9s]
  ep  70: loss=0.5892  test_acc=56.47%  (best 63.18 @ ep 47)  [4.9s]
  ep  71: loss=0.6250  test_acc=59.95%  (best 63.18 @ ep 47)  [4.8s]
  ep  72: loss=0.5967  test_acc=60.82%  (best 63.18 @ ep 47)  [5.0s]
  ep  73: loss=0.5827  test_acc=58.01%  (best 63.18 @ ep 47)  [4.6s]
  ep  74: loss=0.6138  test_acc=58.85%  (best 63.18 @ ep 47)  [4.7s]
  ep  75: loss=0.5867  test_acc=58.53%  (best 63.18 @ ep 47)  [7.8s]  [logged per-sample loss: mean=0.547]
  ep  76: loss=0.5806  test_acc=62.64%  (best 63.18 @ ep 47)  [4.8s]
  ep  77: loss=0.5271  test_acc=59.05%  (best 63.18 @ ep 47)  [6.1s]
  ep  78: loss=0.5345  test_acc=59.00%  (best 63.18 @ ep 47)  [4.6s]
  ep  79: loss=0.5107  test_acc=58.56%  (best 63.18 @ ep 47)  [4.6s]
  ep  80: loss=0.5295  test_acc=59.54%  (best 63.18 @ ep 47)  [6.1s]
  ep  81: loss=0.4873  test_acc=60.12%  (best 63.18 @ ep 47)  [4.5s]
  ep  82: loss=0.4524  test_acc=59.63%  (best 63.18 @ ep 47)  [4.6s]
  ep  83: loss=0.4456  test_acc=61.09%  (best 63.18 @ ep 47)  [4.6s]
  ep  84: loss=0.4461  test_acc=58.63%  (best 63.18 @ ep 47)  [2.3s]
  ep  85: loss=0.4977  test_acc=59.90%  (best 63.18 @ ep 47)  [2.5s]
  ep  86: loss=0.4291  test_acc=60.39%  (best 63.18 @ ep 47)  [2.4s]
  ep  87: loss=0.4148  test_acc=60.29%  (best 63.18 @ ep 47)  [2.4s]
  ep  88: loss=0.3989  test_acc=59.55%  (best 63.18 @ ep 47)  [2.5s]
  ep  89: loss=0.3925  test_acc=58.70%  (best 63.18 @ ep 47)  [2.3s]
  ep  90: loss=0.3745  test_acc=60.08%  (best 63.18 @ ep 47)  [2.3s]
  ep  91: loss=0.3807  test_acc=59.18%  (best 63.18 @ ep 47)  [2.4s]
  ep  92: loss=0.3636  test_acc=59.69%  (best 63.18 @ ep 47)  [2.4s]
  ep  93: loss=0.3572  test_acc=59.36%  (best 63.18 @ ep 47)  [2.5s]
  ep  94: loss=0.3481  test_acc=58.22%  (best 63.18 @ ep 47)  [2.4s]
  ep  95: loss=0.3443  test_acc=59.16%  (best 63.18 @ ep 47)  [2.5s]
  ep  96: loss=0.3400  test_acc=59.55%  (best 63.18 @ ep 47)  [2.4s]
  ep  97: loss=0.3410  test_acc=58.98%  (best 63.18 @ ep 47)  [2.4s]
  ep  98: loss=0.3345  test_acc=59.68%  (best 63.18 @ ep 47)  [2.4s]
  ep  99: loss=0.3413  test_acc=59.31%  (best 63.18 @ ep 47)  [3.4s]  [logged per-sample loss: mean=0.325]

saved /path/to/ciln-workspace/journal_edition/robustness_transfer/results_v3/erm/ours__impulse_noise_sev3__seed1.json: best 63.18% @ ep 47
saved /path/to/ciln-workspace/journal_edition/robustness_transfer/results_v3/erm/ours__impulse_noise_sev3__seed1__persample.npz: persample (E=7, N=11010)
