/path/to/ciln-workspace/venv/lib/python3.12/site-packages/torchvision/datasets/cifar.py:83: VisibleDeprecationWarning: dtype(): align should be passed as Python or NumPy boolean but got `align=0`. Did you mean to pass a tuple to create a subarray type? (Deprecated NumPy 2.4)
  entry = pickle.load(f, encoding="latin1")
condition=ours__fog_sev3 seed=0 gpu=2
  ep   0: loss=1.8995  test_acc=22.92%  (best 22.92 @ ep 0)  [3.4s]
  ep   1: loss=1.6665  test_acc=34.20%  (best 34.20 @ ep 1)  [2.5s]
  ep   2: loss=1.5828  test_acc=32.02%  (best 34.20 @ ep 1)  [2.4s]
  ep   3: loss=1.4466  test_acc=37.90%  (best 37.90 @ ep 3)  [2.6s]
  ep   4: loss=1.3970  test_acc=35.76%  (best 37.90 @ ep 3)  [2.4s]
  ep   5: loss=1.3275  test_acc=30.38%  (best 37.90 @ ep 3)  [5.1s]  [logged per-sample loss: mean=2.183]
  ep   6: loss=1.2553  test_acc=39.51%  (best 39.51 @ ep 6)  [4.4s]
  ep   7: loss=1.2206  test_acc=51.00%  (best 51.00 @ ep 7)  [4.4s]
  ep   8: loss=1.1427  test_acc=42.78%  (best 51.00 @ ep 7)  [4.4s]
  ep   9: loss=1.0565  test_acc=42.23%  (best 51.00 @ ep 7)  [4.6s]
  ep  10: loss=1.1265  test_acc=47.51%  (best 51.00 @ ep 7)  [7.4s]  [logged per-sample loss: mean=1.192]
  ep  11: loss=1.0556  test_acc=46.68%  (best 51.00 @ ep 7)  [6.0s]
  ep  12: loss=1.0890  test_acc=50.69%  (best 51.00 @ ep 7)  [4.6s]
  ep  13: loss=0.9956  test_acc=47.01%  (best 51.00 @ ep 7)  [4.9s]
  ep  14: loss=1.0017  test_acc=52.37%  (best 52.37 @ ep 14)  [5.1s]
  ep  15: loss=1.0154  test_acc=48.83%  (best 52.37 @ ep 14)  [4.8s]
  ep  16: loss=1.0344  test_acc=54.43%  (best 54.43 @ ep 16)  [5.1s]
  ep  17: loss=0.9697  test_acc=53.39%  (best 54.43 @ ep 16)  [5.3s]
  ep  18: loss=0.9646  test_acc=56.15%  (best 56.15 @ ep 18)  [4.6s]
  ep  19: loss=0.9162  test_acc=49.17%  (best 56.15 @ ep 18)  [6.4s]
  ep  20: loss=0.8788  test_acc=50.49%  (best 56.15 @ ep 18)  [6.3s]  [logged per-sample loss: mean=1.091]
  ep  21: loss=0.9373  test_acc=55.85%  (best 56.15 @ ep 18)  [4.6s]
  ep  22: loss=0.8694  test_acc=53.22%  (best 56.15 @ ep 18)  [5.9s]
  ep  23: loss=0.9076  test_acc=56.65%  (best 56.65 @ ep 23)  [4.8s]
  ep  24: loss=0.8616  test_acc=54.39%  (best 56.65 @ ep 23)  [5.1s]
  ep  25: loss=0.8768  test_acc=57.35%  (best 57.35 @ ep 25)  [3.3s]
  ep  26: loss=0.8425  test_acc=62.20%  (best 62.20 @ ep 26)  [2.3s]
  ep  27: loss=0.8312  test_acc=61.67%  (best 62.20 @ ep 26)  [2.4s]
  ep  28: loss=0.8195  test_acc=60.78%  (best 62.20 @ ep 26)  [2.4s]
  ep  29: loss=0.8482  test_acc=40.14%  (best 62.20 @ ep 26)  [2.5s]
  ep  30: loss=0.8669  test_acc=60.09%  (best 62.20 @ ep 26)  [3.4s]  [logged per-sample loss: mean=0.807]
  ep  31: loss=0.8005  test_acc=49.05%  (best 62.20 @ ep 26)  [2.5s]
  ep  32: loss=0.9097  test_acc=55.83%  (best 62.20 @ ep 26)  [2.5s]
  ep  33: loss=0.8698  test_acc=61.70%  (best 62.20 @ ep 26)  [2.6s]
  ep  34: loss=0.7996  test_acc=58.56%  (best 62.20 @ ep 26)  [2.6s]
  ep  35: loss=0.8031  test_acc=58.87%  (best 62.20 @ ep 26)  [2.5s]
  ep  36: loss=0.7706  test_acc=55.84%  (best 62.20 @ ep 26)  [2.3s]
  ep  37: loss=0.7957  test_acc=59.00%  (best 62.20 @ ep 26)  [2.4s]
  ep  38: loss=0.7993  test_acc=55.04%  (best 62.20 @ ep 26)  [2.4s]
  ep  39: loss=0.7455  test_acc=60.53%  (best 62.20 @ ep 26)  [2.5s]
  ep  40: loss=0.7387  test_acc=59.35%  (best 62.20 @ ep 26)  [2.5s]
  ep  41: loss=0.7341  test_acc=53.56%  (best 62.20 @ ep 26)  [2.4s]
  ep  42: loss=0.8139  test_acc=57.32%  (best 62.20 @ ep 26)  [2.5s]
  ep  43: loss=0.8543  test_acc=62.72%  (best 62.72 @ ep 43)  [2.6s]
  ep  44: loss=0.7416  test_acc=62.95%  (best 62.95 @ ep 44)  [2.4s]
  ep  45: loss=0.7234  test_acc=56.09%  (best 62.95 @ ep 44)  [2.5s]
  ep  46: loss=0.7717  test_acc=52.14%  (best 62.95 @ ep 44)  [2.4s]
  ep  47: loss=0.7679  test_acc=59.63%  (best 62.95 @ ep 44)  [2.4s]
  ep  48: loss=0.7283  test_acc=58.32%  (best 62.95 @ ep 44)  [2.5s]
  ep  49: loss=0.7991  test_acc=63.39%  (best 63.39 @ ep 49)  [2.6s]
  ep  50: loss=0.7280  test_acc=59.50%  (best 63.39 @ ep 49)  [4.3s]  [logged per-sample loss: mean=0.743]
  ep  51: loss=0.8112  test_acc=58.06%  (best 63.39 @ ep 49)  [4.9s]
  ep  52: loss=0.7210  test_acc=58.93%  (best 63.39 @ ep 49)  [5.6s]
  ep  53: loss=0.6962  test_acc=63.55%  (best 63.55 @ ep 53)  [4.5s]
  ep  54: loss=0.6655  test_acc=52.15%  (best 63.55 @ ep 53)  [5.3s]
  ep  55: loss=0.6782  test_acc=62.73%  (best 63.55 @ ep 53)  [4.7s]
  ep  56: loss=0.6581  test_acc=59.43%  (best 63.55 @ ep 53)  [4.8s]
  ep  57: loss=0.7507  test_acc=58.16%  (best 63.55 @ ep 53)  [6.3s]
  ep  58: loss=0.6923  test_acc=59.43%  (best 63.55 @ ep 53)  [4.8s]
  ep  59: loss=0.6673  test_acc=63.03%  (best 63.55 @ ep 53)  [2.5s]
  ep  60: loss=0.6155  test_acc=61.72%  (best 63.55 @ ep 53)  [2.5s]
  ep  61: loss=0.6335  test_acc=63.06%  (best 63.55 @ ep 53)  [2.4s]
  ep  62: loss=0.6316  test_acc=64.59%  (best 64.59 @ ep 62)  [2.6s]
  ep  63: loss=0.5909  test_acc=59.60%  (best 64.59 @ ep 62)  [2.3s]
  ep  64: loss=0.6452  test_acc=56.82%  (best 64.59 @ ep 62)  [2.6s]
  ep  65: loss=0.5828  test_acc=59.44%  (best 64.59 @ ep 62)  [2.5s]
  ep  66: loss=0.6511  test_acc=62.03%  (best 64.59 @ ep 62)  [2.4s]
  ep  67: loss=0.6135  test_acc=62.59%  (best 64.59 @ ep 62)  [2.4s]
  ep  68: loss=0.5609  test_acc=64.38%  (best 64.59 @ ep 62)  [2.3s]
  ep  69: loss=0.5762  test_acc=61.99%  (best 64.59 @ ep 62)  [2.3s]
  ep  70: loss=0.5644  test_acc=63.71%  (best 64.59 @ ep 62)  [2.4s]
  ep  71: loss=0.5224  test_acc=61.62%  (best 64.59 @ ep 62)  [2.4s]
  ep  72: loss=0.5656  test_acc=64.40%  (best 64.59 @ ep 62)  [2.5s]
  ep  73: loss=0.5161  test_acc=64.57%  (best 64.59 @ ep 62)  [2.5s]
  ep  74: loss=0.5210  test_acc=61.61%  (best 64.59 @ ep 62)  [2.4s]
  ep  75: loss=0.5289  test_acc=62.90%  (best 64.59 @ ep 62)  [3.5s]  [logged per-sample loss: mean=0.463]
  ep  76: loss=0.5209  test_acc=62.51%  (best 64.59 @ ep 62)  [2.4s]
  ep  77: loss=0.5582  test_acc=62.85%  (best 64.59 @ ep 62)  [2.4s]
  ep  78: loss=0.4681  test_acc=62.41%  (best 64.59 @ ep 62)  [2.5s]
  ep  79: loss=0.4536  test_acc=62.76%  (best 64.59 @ ep 62)  [2.4s]
  ep  80: loss=0.4291  test_acc=62.75%  (best 64.59 @ ep 62)  [2.4s]
  ep  81: loss=0.4198  test_acc=63.12%  (best 64.59 @ ep 62)  [2.5s]
  ep  82: loss=0.3950  test_acc=61.63%  (best 64.59 @ ep 62)  [2.3s]
  ep  83: loss=0.3905  test_acc=62.39%  (best 64.59 @ ep 62)  [2.4s]
  ep  84: loss=0.3942  test_acc=63.42%  (best 64.59 @ ep 62)  [3.2s]
  ep  85: loss=0.3675  test_acc=62.11%  (best 64.59 @ ep 62)  [5.2s]
  ep  86: loss=0.3519  test_acc=60.00%  (best 64.59 @ ep 62)  [4.6s]
  ep  87: loss=0.3502  test_acc=61.48%  (best 64.59 @ ep 62)  [2.3s]
  ep  88: loss=0.3378  test_acc=61.51%  (best 64.59 @ ep 62)  [2.4s]
  ep  89: loss=0.3274  test_acc=60.90%  (best 64.59 @ ep 62)  [2.3s]
  ep  90: loss=0.3157  test_acc=60.41%  (best 64.59 @ ep 62)  [2.3s]
  ep  91: loss=0.2994  test_acc=61.72%  (best 64.59 @ ep 62)  [2.6s]
  ep  92: loss=0.2966  test_acc=61.68%  (best 64.59 @ ep 62)  [2.4s]
  ep  93: loss=0.2976  test_acc=60.88%  (best 64.59 @ ep 62)  [2.5s]
  ep  94: loss=0.2893  test_acc=60.57%  (best 64.59 @ ep 62)  [2.3s]
  ep  95: loss=0.2827  test_acc=60.20%  (best 64.59 @ ep 62)  [2.3s]
  ep  96: loss=0.2830  test_acc=62.76%  (best 64.59 @ ep 62)  [2.3s]
  ep  97: loss=0.2780  test_acc=61.36%  (best 64.59 @ ep 62)  [2.4s]
  ep  98: loss=0.2712  test_acc=62.13%  (best 64.59 @ ep 62)  [2.3s]
  ep  99: loss=0.2750  test_acc=61.51%  (best 64.59 @ ep 62)  [3.2s]  [logged per-sample loss: mean=0.249]

saved /path/to/ciln-workspace/journal_edition/robustness_transfer/results_v3/erm/ours__fog_sev3__seed0.json: best 64.59% @ ep 62
saved /path/to/ciln-workspace/journal_edition/robustness_transfer/results_v3/erm/ours__fog_sev3__seed0__persample.npz: persample (E=7, N=11010)
