/path/to/ciln-workspace/venv/lib/python3.12/site-packages/torchvision/datasets/cifar.py:83: VisibleDeprecationWarning: dtype(): align should be passed as Python or NumPy boolean but got `align=0`. Did you mean to pass a tuple to create a subarray type? (Deprecated NumPy 2.4)
  entry = pickle.load(f, encoding="latin1")
condition=gu_low seed=0 gpu=1
  ep   0: loss=1.9335  test_acc=30.36%  (best 30.36 @ ep 0)  [4.4s]
  ep   1: loss=1.6503  test_acc=34.98%  (best 34.98 @ ep 1)  [3.4s]
  ep   2: loss=1.4561  test_acc=47.59%  (best 47.59 @ ep 2)  [3.3s]
  ep   3: loss=1.2863  test_acc=49.22%  (best 49.22 @ ep 3)  [3.4s]
  ep   4: loss=1.1299  test_acc=43.05%  (best 49.22 @ ep 3)  [3.6s]
  ep   5: loss=1.0415  test_acc=62.92%  (best 62.92 @ ep 5)  [5.1s]  [logged per-sample loss: mean=1.027]
  ep   6: loss=0.9674  test_acc=64.07%  (best 64.07 @ ep 6)  [3.4s]
  ep   7: loss=0.8967  test_acc=62.44%  (best 64.07 @ ep 6)  [3.4s]
  ep   8: loss=0.8592  test_acc=63.44%  (best 64.07 @ ep 6)  [3.4s]
  ep   9: loss=0.8193  test_acc=61.85%  (best 64.07 @ ep 6)  [3.4s]
  ep  10: loss=0.7744  test_acc=65.97%  (best 65.97 @ ep 10)  [7.2s]  [logged per-sample loss: mean=0.963]
  ep  11: loss=0.7553  test_acc=64.97%  (best 65.97 @ ep 10)  [3.4s]
  ep  12: loss=0.7152  test_acc=68.06%  (best 68.06 @ ep 12)  [3.6s]
  ep  13: loss=0.7155  test_acc=68.15%  (best 68.15 @ ep 13)  [3.4s]
  ep  14: loss=0.6995  test_acc=71.52%  (best 71.52 @ ep 14)  [3.5s]
  ep  15: loss=0.6679  test_acc=65.19%  (best 71.52 @ ep 14)  [3.4s]
  ep  16: loss=0.6497  test_acc=62.02%  (best 71.52 @ ep 14)  [3.7s]
  ep  17: loss=0.6631  test_acc=72.80%  (best 72.80 @ ep 17)  [3.4s]
  ep  18: loss=0.6361  test_acc=67.86%  (best 72.80 @ ep 17)  [3.4s]
  ep  19: loss=0.6259  test_acc=70.67%  (best 72.80 @ ep 17)  [3.6s]
  ep  20: loss=0.6029  test_acc=70.73%  (best 72.80 @ ep 17)  [4.7s]  [logged per-sample loss: mean=0.827]
  ep  21: loss=0.6104  test_acc=68.28%  (best 72.80 @ ep 17)  [3.3s]
  ep  22: loss=0.6027  test_acc=72.08%  (best 72.80 @ ep 17)  [3.3s]
  ep  23: loss=0.5909  test_acc=74.72%  (best 74.72 @ ep 23)  [3.3s]
  ep  24: loss=0.5749  test_acc=63.26%  (best 74.72 @ ep 23)  [3.5s]
  ep  25: loss=0.5774  test_acc=70.61%  (best 74.72 @ ep 23)  [3.5s]
  ep  26: loss=0.5726  test_acc=72.83%  (best 74.72 @ ep 23)  [3.6s]
  ep  27: loss=0.5476  test_acc=73.77%  (best 74.72 @ ep 23)  [4.1s]
  ep  28: loss=0.5578  test_acc=66.10%  (best 74.72 @ ep 23)  [5.8s]
  ep  29: loss=0.5538  test_acc=73.36%  (best 74.72 @ ep 23)  [3.4s]
  ep  30: loss=0.5296  test_acc=70.15%  (best 74.72 @ ep 23)  [5.1s]  [logged per-sample loss: mean=0.847]
  ep  31: loss=0.5305  test_acc=73.14%  (best 74.72 @ ep 23)  [3.4s]
  ep  32: loss=0.5187  test_acc=75.90%  (best 75.90 @ ep 32)  [3.4s]
  ep  33: loss=0.5185  test_acc=76.83%  (best 76.83 @ ep 33)  [3.4s]
  ep  34: loss=0.5132  test_acc=74.96%  (best 76.83 @ ep 33)  [3.6s]
  ep  35: loss=0.5078  test_acc=71.10%  (best 76.83 @ ep 33)  [3.5s]
  ep  36: loss=0.5007  test_acc=70.80%  (best 76.83 @ ep 33)  [3.6s]
  ep  37: loss=0.4990  test_acc=75.51%  (best 76.83 @ ep 33)  [3.3s]
  ep  38: loss=0.4874  test_acc=75.89%  (best 76.83 @ ep 33)  [3.3s]
  ep  39: loss=0.4832  test_acc=74.92%  (best 76.83 @ ep 33)  [3.5s]
  ep  40: loss=0.4825  test_acc=74.33%  (best 76.83 @ ep 33)  [3.4s]
  ep  41: loss=0.4675  test_acc=73.10%  (best 76.83 @ ep 33)  [3.5s]
  ep  42: loss=0.4542  test_acc=78.29%  (best 78.29 @ ep 42)  [3.5s]
  ep  43: loss=0.4536  test_acc=77.01%  (best 78.29 @ ep 42)  [3.6s]
  ep  44: loss=0.4597  test_acc=78.84%  (best 78.84 @ ep 44)  [3.5s]
  ep  45: loss=0.4351  test_acc=78.93%  (best 78.93 @ ep 45)  [4.8s]
  ep  46: loss=0.4209  test_acc=77.43%  (best 78.93 @ ep 45)  [10.0s]
  ep  47: loss=0.4283  test_acc=78.22%  (best 78.93 @ ep 45)  [3.3s]
  ep  48: loss=0.4248  test_acc=78.39%  (best 78.93 @ ep 45)  [3.4s]
  ep  49: loss=0.4114  test_acc=77.61%  (best 78.93 @ ep 45)  [3.3s]
  ep  50: loss=0.3941  test_acc=76.19%  (best 78.93 @ ep 45)  [5.0s]  [logged per-sample loss: mean=0.573]
  ep  51: loss=0.4033  test_acc=77.98%  (best 78.93 @ ep 45)  [3.3s]
  ep  52: loss=0.3905  test_acc=80.03%  (best 80.03 @ ep 52)  [3.6s]
  ep  53: loss=0.3907  test_acc=76.68%  (best 80.03 @ ep 52)  [3.4s]
  ep  54: loss=0.3756  test_acc=76.98%  (best 80.03 @ ep 52)  [3.3s]
  ep  55: loss=0.3598  test_acc=80.37%  (best 80.37 @ ep 55)  [3.4s]
  ep  56: loss=0.3589  test_acc=76.51%  (best 80.37 @ ep 55)  [3.2s]
  ep  57: loss=0.3598  test_acc=77.53%  (best 80.37 @ ep 55)  [3.4s]
  ep  58: loss=0.3435  test_acc=80.88%  (best 80.88 @ ep 58)  [3.4s]
  ep  59: loss=0.3327  test_acc=80.77%  (best 80.88 @ ep 58)  [3.3s]
  ep  60: loss=0.3354  test_acc=77.54%  (best 80.88 @ ep 58)  [3.3s]
  ep  61: loss=0.3142  test_acc=79.85%  (best 80.88 @ ep 58)  [3.4s]
  ep  62: loss=0.3134  test_acc=81.54%  (best 81.54 @ ep 62)  [3.4s]
  ep  63: loss=0.3042  test_acc=81.07%  (best 81.54 @ ep 62)  [3.4s]
  ep  64: loss=0.2821  test_acc=82.46%  (best 82.46 @ ep 64)  [6.3s]
  ep  65: loss=0.2732  test_acc=81.02%  (best 82.46 @ ep 64)  [7.4s]
  ep  66: loss=0.2701  test_acc=79.30%  (best 82.46 @ ep 64)  [8.0s]
  ep  67: loss=0.2618  test_acc=81.03%  (best 82.46 @ ep 64)  [7.0s]
  ep  68: loss=0.2497  test_acc=79.10%  (best 82.46 @ ep 64)  [8.9s]
  ep  69: loss=0.2440  test_acc=82.66%  (best 82.66 @ ep 69)  [9.4s]
  ep  70: loss=0.2414  test_acc=81.73%  (best 82.66 @ ep 69)  [3.6s]
  ep  71: loss=0.2178  test_acc=80.16%  (best 82.66 @ ep 69)  [3.4s]
  ep  72: loss=0.2046  test_acc=82.47%  (best 82.66 @ ep 69)  [3.2s]
  ep  73: loss=0.1948  test_acc=81.50%  (best 82.66 @ ep 69)  [3.4s]
  ep  74: loss=0.1820  test_acc=82.84%  (best 82.84 @ ep 74)  [3.3s]
  ep  75: loss=0.1734  test_acc=82.55%  (best 82.84 @ ep 74)  [4.9s]  [logged per-sample loss: mean=0.159]
  ep  76: loss=0.1644  test_acc=82.89%  (best 82.89 @ ep 76)  [3.4s]
  ep  77: loss=0.1565  test_acc=82.80%  (best 82.89 @ ep 76)  [3.5s]
  ep  78: loss=0.1399  test_acc=83.12%  (best 83.12 @ ep 78)  [3.4s]
  ep  79: loss=0.1384  test_acc=83.68%  (best 83.68 @ ep 79)  [3.3s]
  ep  80: loss=0.1253  test_acc=83.52%  (best 83.68 @ ep 79)  [3.4s]
  ep  81: loss=0.1161  test_acc=83.45%  (best 83.68 @ ep 79)  [3.5s]
  ep  82: loss=0.1102  test_acc=83.31%  (best 83.68 @ ep 79)  [3.6s]
  ep  83: loss=0.0991  test_acc=83.14%  (best 83.68 @ ep 79)  [3.6s]
  ep  84: loss=0.0885  test_acc=83.74%  (best 83.74 @ ep 84)  [3.5s]
  ep  85: loss=0.0852  test_acc=83.71%  (best 83.74 @ ep 84)  [3.4s]
  ep  86: loss=0.0762  test_acc=83.93%  (best 83.93 @ ep 86)  [3.3s]
  ep  87: loss=0.0644  test_acc=84.39%  (best 84.39 @ ep 87)  [6.4s]
  ep  88: loss=0.0648  test_acc=84.18%  (best 84.39 @ ep 87)  [7.2s]
  ep  89: loss=0.0601  test_acc=83.94%  (best 84.39 @ ep 87)  [7.9s]
  ep  90: loss=0.0579  test_acc=84.06%  (best 84.39 @ ep 87)  [7.5s]
  ep  91: loss=0.0517  test_acc=84.30%  (best 84.39 @ ep 87)  [7.5s]
  ep  92: loss=0.0521  test_acc=84.27%  (best 84.39 @ ep 87)  [7.9s]
  ep  93: loss=0.0486  test_acc=84.22%  (best 84.39 @ ep 87)  [8.3s]
  ep  94: loss=0.0476  test_acc=84.18%  (best 84.39 @ ep 87)  [7.2s]
  ep  95: loss=0.0470  test_acc=84.29%  (best 84.39 @ ep 87)  [8.0s]
  ep  96: loss=0.0470  test_acc=84.45%  (best 84.45 @ ep 96)  [7.1s]
  ep  97: loss=0.0444  test_acc=84.46%  (best 84.46 @ ep 97)  [8.3s]
  ep  98: loss=0.0443  test_acc=84.53%  (best 84.53 @ ep 98)  [7.3s]
  ep  99: loss=0.0431  test_acc=84.48%  (best 84.53 @ ep 98)  [10.0s]  [logged per-sample loss: mean=0.026]

saved /path/to/ciln-workspace/journal_edition/robustness_transfer/results_v3/erm/gu_low__seed0.json: best 84.53% @ ep 98
saved /path/to/ciln-workspace/journal_edition/robustness_transfer/results_v3/erm/gu_low__seed0__persample.npz: persample (E=7, N=19987)
