/path/to/ciln-workspace/venv/lib/python3.12/site-packages/torchvision/datasets/cifar.py:83: VisibleDeprecationWarning: dtype(): align should be passed as Python or NumPy boolean but got `align=0`. Did you mean to pass a tuple to create a subarray type? (Deprecated NumPy 2.4)
  entry = pickle.load(f, encoding="latin1")
condition=ours__impulse_noise_sev5 seed=0 gpu=2
  ep   0: loss=1.8415  test_acc=20.73%  (best 20.73 @ ep 0)  [6.1s]
  ep   1: loss=1.7278  test_acc=20.83%  (best 20.83 @ ep 1)  [6.2s]
  ep   2: loss=1.7474  test_acc=21.43%  (best 21.43 @ ep 2)  [4.8s]
  ep   3: loss=1.6524  test_acc=22.35%  (best 22.35 @ ep 3)  [5.0s]
  ep   4: loss=1.6051  test_acc=27.85%  (best 27.85 @ ep 4)  [6.2s]
  ep   5: loss=1.6534  test_acc=26.67%  (best 27.85 @ ep 4)  [7.2s]  [logged per-sample loss: mean=1.581]
  ep   6: loss=1.5432  test_acc=30.28%  (best 30.28 @ ep 6)  [4.9s]
  ep   7: loss=1.5313  test_acc=31.57%  (best 31.57 @ ep 7)  [5.5s]
  ep   8: loss=1.4707  test_acc=31.45%  (best 31.57 @ ep 7)  [4.9s]
  ep   9: loss=1.4897  test_acc=28.59%  (best 31.57 @ ep 7)  [2.5s]
  ep  10: loss=1.4900  test_acc=34.73%  (best 34.73 @ ep 10)  [3.5s]  [logged per-sample loss: mean=1.479]
  ep  11: loss=1.4514  test_acc=34.87%  (best 34.87 @ ep 11)  [2.3s]
  ep  12: loss=1.4511  test_acc=36.41%  (best 36.41 @ ep 12)  [2.4s]
  ep  13: loss=1.4326  test_acc=38.37%  (best 38.37 @ ep 13)  [2.4s]
  ep  14: loss=1.4077  test_acc=31.90%  (best 38.37 @ ep 13)  [2.3s]
  ep  15: loss=1.4770  test_acc=37.11%  (best 38.37 @ ep 13)  [2.6s]
  ep  16: loss=1.4333  test_acc=35.62%  (best 38.37 @ ep 13)  [2.4s]
  ep  17: loss=1.3872  test_acc=30.58%  (best 38.37 @ ep 13)  [2.5s]
  ep  18: loss=1.3822  test_acc=32.40%  (best 38.37 @ ep 13)  [2.4s]
  ep  19: loss=1.3605  test_acc=31.50%  (best 38.37 @ ep 13)  [2.4s]
  ep  20: loss=1.3438  test_acc=36.07%  (best 38.37 @ ep 13)  [3.6s]  [logged per-sample loss: mean=1.374]
  ep  21: loss=1.3317  test_acc=33.92%  (best 38.37 @ ep 13)  [2.4s]
  ep  22: loss=1.3234  test_acc=39.62%  (best 39.62 @ ep 22)  [2.5s]
  ep  23: loss=1.3689  test_acc=37.79%  (best 39.62 @ ep 22)  [2.4s]
  ep  24: loss=1.3166  test_acc=37.42%  (best 39.62 @ ep 22)  [2.3s]
  ep  25: loss=1.3418  test_acc=34.18%  (best 39.62 @ ep 22)  [2.4s]
  ep  26: loss=1.3115  test_acc=40.01%  (best 40.01 @ ep 26)  [2.4s]
  ep  27: loss=1.3031  test_acc=36.62%  (best 40.01 @ ep 26)  [2.4s]
  ep  28: loss=1.3573  test_acc=40.09%  (best 40.09 @ ep 28)  [2.4s]
  ep  29: loss=1.3218  test_acc=35.77%  (best 40.09 @ ep 28)  [2.5s]
  ep  30: loss=1.2982  test_acc=37.23%  (best 40.09 @ ep 28)  [3.4s]  [logged per-sample loss: mean=1.295]
  ep  31: loss=1.2957  test_acc=38.44%  (best 40.09 @ ep 28)  [2.4s]
  ep  32: loss=1.3166  test_acc=36.26%  (best 40.09 @ ep 28)  [2.6s]
  ep  33: loss=1.2995  test_acc=39.10%  (best 40.09 @ ep 28)  [2.5s]
  ep  34: loss=1.3006  test_acc=38.45%  (best 40.09 @ ep 28)  [5.4s]
  ep  35: loss=1.2823  test_acc=35.71%  (best 40.09 @ ep 28)  [4.9s]
  ep  36: loss=1.2615  test_acc=25.06%  (best 40.09 @ ep 28)  [5.1s]
  ep  37: loss=1.3046  test_acc=39.01%  (best 40.09 @ ep 28)  [4.9s]
  ep  38: loss=1.2558  test_acc=39.22%  (best 40.09 @ ep 28)  [5.1s]
  ep  39: loss=1.2522  test_acc=30.87%  (best 40.09 @ ep 28)  [5.1s]
  ep  40: loss=1.2734  test_acc=37.90%  (best 40.09 @ ep 28)  [4.7s]
  ep  41: loss=1.2626  test_acc=35.27%  (best 40.09 @ ep 28)  [5.1s]
  ep  42: loss=1.2751  test_acc=37.18%  (best 40.09 @ ep 28)  [6.9s]
  ep  43: loss=1.2292  test_acc=40.49%  (best 40.49 @ ep 43)  [4.8s]
  ep  44: loss=1.2270  test_acc=41.38%  (best 41.38 @ ep 44)  [5.0s]
  ep  45: loss=1.2728  test_acc=40.06%  (best 41.38 @ ep 44)  [5.8s]
  ep  46: loss=1.2695  test_acc=42.07%  (best 42.07 @ ep 46)  [4.8s]
  ep  47: loss=1.2549  test_acc=40.98%  (best 42.07 @ ep 46)  [5.1s]
  ep  48: loss=1.2454  test_acc=42.15%  (best 42.15 @ ep 48)  [6.5s]
  ep  49: loss=1.2342  test_acc=38.36%  (best 42.15 @ ep 48)  [4.8s]
  ep  50: loss=1.2190  test_acc=42.22%  (best 42.22 @ ep 50)  [6.2s]  [logged per-sample loss: mean=1.197]
  ep  51: loss=1.2063  test_acc=42.56%  (best 42.56 @ ep 51)  [5.0s]
  ep  52: loss=1.1972  test_acc=39.79%  (best 42.56 @ ep 51)  [5.8s]
  ep  53: loss=1.2027  test_acc=40.06%  (best 42.56 @ ep 51)  [5.0s]
  ep  54: loss=1.1788  test_acc=37.63%  (best 42.56 @ ep 51)  [5.4s]
  ep  55: loss=1.2115  test_acc=41.10%  (best 42.56 @ ep 51)  [4.8s]
  ep  56: loss=1.1829  test_acc=40.26%  (best 42.56 @ ep 51)  [2.5s]
  ep  57: loss=1.1728  test_acc=39.96%  (best 42.56 @ ep 51)  [2.5s]
  ep  58: loss=1.2249  test_acc=42.26%  (best 42.56 @ ep 51)  [2.4s]
  ep  59: loss=1.2108  test_acc=40.97%  (best 42.56 @ ep 51)  [2.7s]
  ep  60: loss=1.1760  test_acc=43.29%  (best 43.29 @ ep 60)  [2.4s]
  ep  61: loss=1.1862  test_acc=37.26%  (best 43.29 @ ep 60)  [2.5s]
  ep  62: loss=1.1604  test_acc=39.43%  (best 43.29 @ ep 60)  [2.5s]
  ep  63: loss=1.1433  test_acc=43.92%  (best 43.92 @ ep 63)  [2.5s]
  ep  64: loss=1.1599  test_acc=38.86%  (best 43.92 @ ep 63)  [2.4s]
  ep  65: loss=1.1271  test_acc=41.34%  (best 43.92 @ ep 63)  [2.4s]
  ep  66: loss=1.1420  test_acc=40.29%  (best 43.92 @ ep 63)  [2.5s]
  ep  67: loss=1.1023  test_acc=43.17%  (best 43.92 @ ep 63)  [2.4s]
  ep  68: loss=1.1578  test_acc=41.75%  (best 43.92 @ ep 63)  [2.5s]
  ep  69: loss=1.1510  test_acc=42.88%  (best 43.92 @ ep 63)  [2.4s]
  ep  70: loss=1.1111  test_acc=42.16%  (best 43.92 @ ep 63)  [2.4s]
  ep  71: loss=1.0935  test_acc=38.51%  (best 43.92 @ ep 63)  [2.3s]
  ep  72: loss=1.0711  test_acc=42.67%  (best 43.92 @ ep 63)  [2.4s]
  ep  73: loss=1.0847  test_acc=40.10%  (best 43.92 @ ep 63)  [2.5s]
  ep  74: loss=1.0577  test_acc=37.94%  (best 43.92 @ ep 63)  [2.3s]
  ep  75: loss=1.0482  test_acc=42.66%  (best 43.92 @ ep 63)  [3.3s]  [logged per-sample loss: mean=1.003]
  ep  76: loss=1.0561  test_acc=41.63%  (best 43.92 @ ep 63)  [2.6s]
  ep  77: loss=1.0544  test_acc=39.85%  (best 43.92 @ ep 63)  [2.4s]
  ep  78: loss=1.0106  test_acc=40.12%  (best 43.92 @ ep 63)  [2.5s]
  ep  79: loss=0.9869  test_acc=39.44%  (best 43.92 @ ep 63)  [2.4s]
  ep  80: loss=0.9843  test_acc=40.94%  (best 43.92 @ ep 63)  [5.1s]
  ep  81: loss=0.9553  test_acc=43.04%  (best 43.92 @ ep 63)  [5.0s]
  ep  82: loss=1.0022  test_acc=41.21%  (best 43.92 @ ep 63)  [5.3s]
  ep  83: loss=0.9760  test_acc=41.86%  (best 43.92 @ ep 63)  [5.3s]
  ep  84: loss=0.9790  test_acc=41.01%  (best 43.92 @ ep 63)  [4.6s]
  ep  85: loss=0.9459  test_acc=39.34%  (best 43.92 @ ep 63)  [5.0s]
  ep  86: loss=0.9118  test_acc=39.47%  (best 43.92 @ ep 63)  [6.4s]
  ep  87: loss=0.8971  test_acc=39.76%  (best 43.92 @ ep 63)  [4.8s]
  ep  88: loss=0.8956  test_acc=41.21%  (best 43.92 @ ep 63)  [4.8s]
  ep  89: loss=0.8705  test_acc=40.67%  (best 43.92 @ ep 63)  [4.6s]
  ep  90: loss=0.8701  test_acc=39.94%  (best 43.92 @ ep 63)  [2.4s]
  ep  91: loss=0.8479  test_acc=41.11%  (best 43.92 @ ep 63)  [2.5s]
  ep  92: loss=0.8376  test_acc=40.37%  (best 43.92 @ ep 63)  [2.5s]
  ep  93: loss=0.8342  test_acc=39.23%  (best 43.92 @ ep 63)  [2.4s]
  ep  94: loss=0.8190  test_acc=40.27%  (best 43.92 @ ep 63)  [2.7s]
  ep  95: loss=0.8145  test_acc=39.38%  (best 43.92 @ ep 63)  [2.5s]
  ep  96: loss=0.8087  test_acc=40.29%  (best 43.92 @ ep 63)  [2.4s]
  ep  97: loss=0.7993  test_acc=40.04%  (best 43.92 @ ep 63)  [2.4s]
  ep  98: loss=0.7974  test_acc=39.90%  (best 43.92 @ ep 63)  [2.4s]
  ep  99: loss=0.7979  test_acc=39.54%  (best 43.92 @ ep 63)  [3.5s]  [logged per-sample loss: mean=0.771]

saved /path/to/ciln-workspace/journal_edition/robustness_transfer/results_v3/erm/ours__impulse_noise_sev5__seed0.json: best 43.92% @ ep 63
saved /path/to/ciln-workspace/journal_edition/robustness_transfer/results_v3/erm/ours__impulse_noise_sev5__seed0__persample.npz: persample (E=7, N=11010)
