/path/to/ciln-workspace/venv/lib/python3.12/site-packages/torchvision/datasets/cifar.py:83: VisibleDeprecationWarning: dtype(): align should be passed as Python or NumPy boolean but got `align=0`. Did you mean to pass a tuple to create a subarray type? (Deprecated NumPy 2.4)
  entry = pickle.load(f, encoding="latin1")
condition=ours__fog_sev3 seed=2 gpu=2
  ep   0: loss=1.8797  test_acc=26.87%  (best 26.87 @ ep 0)  [3.5s]
  ep   1: loss=1.6014  test_acc=27.75%  (best 27.75 @ ep 1)  [2.4s]
  ep   2: loss=1.4549  test_acc=37.95%  (best 37.95 @ ep 2)  [2.4s]
  ep   3: loss=1.3045  test_acc=42.97%  (best 42.97 @ ep 3)  [2.3s]
  ep   4: loss=1.2296  test_acc=50.38%  (best 50.38 @ ep 4)  [3.6s]
  ep   5: loss=1.1230  test_acc=42.80%  (best 50.38 @ ep 4)  [6.5s]  [logged per-sample loss: mean=1.356]
  ep   6: loss=1.0851  test_acc=47.68%  (best 50.38 @ ep 4)  [5.2s]
  ep   7: loss=1.0918  test_acc=47.43%  (best 50.38 @ ep 4)  [5.0s]
  ep   8: loss=1.0277  test_acc=51.62%  (best 51.62 @ ep 8)  [2.6s]
  ep   9: loss=0.9852  test_acc=49.90%  (best 51.62 @ ep 8)  [2.6s]
  ep  10: loss=0.9941  test_acc=51.98%  (best 51.98 @ ep 10)  [3.4s]  [logged per-sample loss: mean=1.159]
  ep  11: loss=0.9549  test_acc=48.71%  (best 51.98 @ ep 10)  [2.4s]
  ep  12: loss=0.9451  test_acc=51.91%  (best 51.98 @ ep 10)  [2.5s]
  ep  13: loss=0.9367  test_acc=53.58%  (best 53.58 @ ep 13)  [2.5s]
  ep  14: loss=0.8908  test_acc=55.41%  (best 55.41 @ ep 14)  [2.4s]
  ep  15: loss=0.8646  test_acc=49.34%  (best 55.41 @ ep 14)  [2.5s]
  ep  16: loss=0.8865  test_acc=46.97%  (best 55.41 @ ep 14)  [2.4s]
  ep  17: loss=0.8992  test_acc=43.62%  (best 55.41 @ ep 14)  [2.5s]
  ep  18: loss=0.9485  test_acc=51.61%  (best 55.41 @ ep 14)  [2.4s]
  ep  19: loss=0.9200  test_acc=57.58%  (best 57.58 @ ep 19)  [2.4s]
  ep  20: loss=0.8822  test_acc=51.48%  (best 57.58 @ ep 19)  [3.5s]  [logged per-sample loss: mean=1.017]
  ep  21: loss=0.8251  test_acc=54.29%  (best 57.58 @ ep 19)  [2.5s]
  ep  22: loss=0.8694  test_acc=55.06%  (best 57.58 @ ep 19)  [2.4s]
  ep  23: loss=0.8532  test_acc=64.00%  (best 64.00 @ ep 23)  [2.5s]
  ep  24: loss=0.8266  test_acc=61.08%  (best 64.00 @ ep 23)  [2.4s]
  ep  25: loss=0.8850  test_acc=59.26%  (best 64.00 @ ep 23)  [2.6s]
  ep  26: loss=0.8808  test_acc=59.24%  (best 64.00 @ ep 23)  [2.4s]
  ep  27: loss=0.8200  test_acc=53.69%  (best 64.00 @ ep 23)  [2.5s]
  ep  28: loss=0.8706  test_acc=59.80%  (best 64.00 @ ep 23)  [2.4s]
  ep  29: loss=0.8391  test_acc=58.02%  (best 64.00 @ ep 23)  [2.3s]
  ep  30: loss=0.8134  test_acc=61.53%  (best 64.00 @ ep 23)  [3.3s]  [logged per-sample loss: mean=0.752]
  ep  31: loss=0.7707  test_acc=59.42%  (best 64.00 @ ep 23)  [2.6s]
  ep  32: loss=0.7951  test_acc=62.81%  (best 64.00 @ ep 23)  [3.5s]
  ep  33: loss=0.7780  test_acc=62.29%  (best 64.00 @ ep 23)  [5.6s]
  ep  34: loss=0.7669  test_acc=63.33%  (best 64.00 @ ep 23)  [4.8s]
  ep  35: loss=0.7878  test_acc=63.97%  (best 64.00 @ ep 23)  [5.4s]
  ep  36: loss=0.7984  test_acc=52.78%  (best 64.00 @ ep 23)  [5.1s]
  ep  37: loss=0.7324  test_acc=56.69%  (best 64.00 @ ep 23)  [4.9s]
  ep  38: loss=0.7559  test_acc=60.87%  (best 64.00 @ ep 23)  [5.0s]
  ep  39: loss=0.7910  test_acc=62.92%  (best 64.00 @ ep 23)  [4.4s]
  ep  40: loss=0.7356  test_acc=57.65%  (best 64.00 @ ep 23)  [2.6s]
  ep  41: loss=0.7270  test_acc=55.22%  (best 64.00 @ ep 23)  [2.5s]
  ep  42: loss=0.7437  test_acc=61.47%  (best 64.00 @ ep 23)  [2.3s]
  ep  43: loss=0.7106  test_acc=58.87%  (best 64.00 @ ep 23)  [2.6s]
  ep  44: loss=0.7092  test_acc=56.44%  (best 64.00 @ ep 23)  [2.3s]
  ep  45: loss=0.7146  test_acc=58.54%  (best 64.00 @ ep 23)  [2.6s]
  ep  46: loss=0.8170  test_acc=47.04%  (best 64.00 @ ep 23)  [2.4s]
  ep  47: loss=0.7505  test_acc=64.89%  (best 64.89 @ ep 47)  [2.4s]
  ep  48: loss=0.7156  test_acc=59.84%  (best 64.89 @ ep 47)  [2.6s]
  ep  49: loss=0.7095  test_acc=60.50%  (best 64.89 @ ep 47)  [2.6s]
  ep  50: loss=0.6668  test_acc=55.07%  (best 64.89 @ ep 47)  [3.4s]  [logged per-sample loss: mean=0.927]
  ep  51: loss=0.8194  test_acc=58.65%  (best 64.89 @ ep 47)  [2.4s]
  ep  52: loss=0.7402  test_acc=61.26%  (best 64.89 @ ep 47)  [2.5s]
  ep  53: loss=0.7085  test_acc=56.28%  (best 64.89 @ ep 47)  [2.5s]
  ep  54: loss=0.7123  test_acc=60.32%  (best 64.89 @ ep 47)  [2.4s]
  ep  55: loss=0.6544  test_acc=58.68%  (best 64.89 @ ep 47)  [2.4s]
  ep  56: loss=0.6505  test_acc=60.85%  (best 64.89 @ ep 47)  [2.5s]
  ep  57: loss=0.7111  test_acc=60.56%  (best 64.89 @ ep 47)  [2.5s]
  ep  58: loss=0.6353  test_acc=61.94%  (best 64.89 @ ep 47)  [2.4s]
  ep  59: loss=0.6197  test_acc=64.29%  (best 64.89 @ ep 47)  [2.4s]
  ep  60: loss=0.6348  test_acc=63.18%  (best 64.89 @ ep 47)  [2.4s]
  ep  61: loss=0.6398  test_acc=58.90%  (best 64.89 @ ep 47)  [2.4s]
  ep  62: loss=0.6167  test_acc=62.39%  (best 64.89 @ ep 47)  [2.4s]
  ep  63: loss=0.6296  test_acc=64.05%  (best 64.89 @ ep 47)  [2.5s]
  ep  64: loss=0.5887  test_acc=64.21%  (best 64.89 @ ep 47)  [3.9s]
  ep  65: loss=0.5699  test_acc=63.33%  (best 64.89 @ ep 47)  [6.1s]
  ep  66: loss=0.5660  test_acc=60.52%  (best 64.89 @ ep 47)  [5.0s]
  ep  67: loss=0.5903  test_acc=59.07%  (best 64.89 @ ep 47)  [4.8s]
  ep  68: loss=0.5583  test_acc=62.45%  (best 64.89 @ ep 47)  [7.9s]
  ep  69: loss=0.5419  test_acc=62.07%  (best 64.89 @ ep 47)  [2.5s]
  ep  70: loss=0.5312  test_acc=63.43%  (best 64.89 @ ep 47)  [2.4s]
  ep  71: loss=0.6050  test_acc=63.12%  (best 64.89 @ ep 47)  [2.5s]
  ep  72: loss=0.4974  test_acc=61.83%  (best 64.89 @ ep 47)  [2.3s]
  ep  73: loss=0.5061  test_acc=56.97%  (best 64.89 @ ep 47)  [2.3s]
  ep  74: loss=0.5717  test_acc=63.51%  (best 64.89 @ ep 47)  [2.5s]
  ep  75: loss=0.5030  test_acc=60.84%  (best 64.89 @ ep 47)  [3.9s]  [logged per-sample loss: mean=0.499]
  ep  76: loss=0.4758  test_acc=60.91%  (best 64.89 @ ep 47)  [2.7s]
  ep  77: loss=0.5111  test_acc=64.90%  (best 64.90 @ ep 77)  [2.4s]
  ep  78: loss=0.5950  test_acc=60.44%  (best 64.90 @ ep 77)  [2.4s]
  ep  79: loss=0.4967  test_acc=61.63%  (best 64.90 @ ep 77)  [2.4s]
  ep  80: loss=0.5026  test_acc=62.22%  (best 64.90 @ ep 77)  [2.5s]
  ep  81: loss=0.4378  test_acc=63.58%  (best 64.90 @ ep 77)  [2.8s]
  ep  82: loss=0.4096  test_acc=63.53%  (best 64.90 @ ep 77)  [2.4s]
  ep  83: loss=0.4184  test_acc=63.70%  (best 64.90 @ ep 77)  [2.4s]
  ep  84: loss=0.3941  test_acc=63.68%  (best 64.90 @ ep 77)  [2.6s]
  ep  85: loss=0.3830  test_acc=64.40%  (best 64.90 @ ep 77)  [2.5s]
  ep  86: loss=0.3726  test_acc=61.91%  (best 64.90 @ ep 77)  [2.4s]
  ep  87: loss=0.3910  test_acc=64.09%  (best 64.90 @ ep 77)  [2.4s]
  ep  88: loss=0.3642  test_acc=62.90%  (best 64.90 @ ep 77)  [2.4s]
  ep  89: loss=0.3407  test_acc=61.91%  (best 64.90 @ ep 77)  [2.5s]
  ep  90: loss=0.3297  test_acc=63.71%  (best 64.90 @ ep 77)  [2.5s]
  ep  91: loss=0.3235  test_acc=63.42%  (best 64.90 @ ep 77)  [2.5s]
  ep  92: loss=0.3168  test_acc=63.60%  (best 64.90 @ ep 77)  [2.5s]
  ep  93: loss=0.3035  test_acc=64.97%  (best 64.97 @ ep 93)  [2.5s]
  ep  94: loss=0.3041  test_acc=64.04%  (best 64.97 @ ep 93)  [6.8s]
  ep  95: loss=0.2963  test_acc=62.68%  (best 64.97 @ ep 93)  [4.7s]
  ep  96: loss=0.2922  test_acc=63.94%  (best 64.97 @ ep 93)  [5.4s]
  ep  97: loss=0.2965  test_acc=62.99%  (best 64.97 @ ep 93)  [4.8s]
  ep  98: loss=0.2935  test_acc=63.35%  (best 64.97 @ ep 93)  [5.2s]
  ep  99: loss=0.2938  test_acc=62.47%  (best 64.97 @ ep 93)  [6.8s]  [logged per-sample loss: mean=0.257]

saved /path/to/ciln-workspace/journal_edition/robustness_transfer/results_v3/erm/ours__fog_sev3__seed2.json: best 64.97% @ ep 93
saved /path/to/ciln-workspace/journal_edition/robustness_transfer/results_v3/erm/ours__fog_sev3__seed2__persample.npz: persample (E=7, N=11010)
