/path/to/ciln-workspace/venv/lib/python3.12/site-packages/torchvision/datasets/cifar.py:83: VisibleDeprecationWarning: dtype(): align should be passed as Python or NumPy boolean but got `align=0`. Did you mean to pass a tuple to create a subarray type? (Deprecated NumPy 2.4)
  entry = pickle.load(f, encoding="latin1")
condition=ours__contrast_sev3 seed=2 gpu=2
  ep   0: loss=1.8533  test_acc=18.39%  (best 18.39 @ ep 0)  [3.4s]
  ep   1: loss=1.6867  test_acc=17.86%  (best 18.39 @ ep 0)  [2.3s]
  ep   2: loss=1.6919  test_acc=22.61%  (best 22.61 @ ep 2)  [2.3s]
  ep   3: loss=1.5990  test_acc=24.33%  (best 24.33 @ ep 3)  [2.4s]
  ep   4: loss=1.5451  test_acc=28.86%  (best 28.86 @ ep 4)  [2.4s]
  ep   5: loss=1.5078  test_acc=26.22%  (best 28.86 @ ep 4)  [3.3s]  [logged per-sample loss: mean=1.447]
  ep   6: loss=1.4387  test_acc=32.33%  (best 32.33 @ ep 6)  [2.5s]
  ep   7: loss=1.4522  test_acc=30.92%  (best 32.33 @ ep 6)  [2.4s]
  ep   8: loss=1.4034  test_acc=29.66%  (best 32.33 @ ep 6)  [2.5s]
  ep   9: loss=1.3809  test_acc=35.85%  (best 35.85 @ ep 9)  [2.4s]
  ep  10: loss=1.3390  test_acc=32.32%  (best 35.85 @ ep 9)  [3.5s]  [logged per-sample loss: mean=1.513]
  ep  11: loss=1.3906  test_acc=31.75%  (best 35.85 @ ep 9)  [2.5s]
  ep  12: loss=1.3287  test_acc=40.17%  (best 40.17 @ ep 12)  [2.4s]
  ep  13: loss=1.2969  test_acc=31.22%  (best 40.17 @ ep 12)  [2.4s]
  ep  14: loss=1.3010  test_acc=38.99%  (best 40.17 @ ep 12)  [2.4s]
  ep  15: loss=1.2769  test_acc=35.21%  (best 40.17 @ ep 12)  [2.5s]
  ep  16: loss=1.2982  test_acc=39.02%  (best 40.17 @ ep 12)  [2.4s]
  ep  17: loss=1.2552  test_acc=37.99%  (best 40.17 @ ep 12)  [2.5s]
  ep  18: loss=1.2549  test_acc=33.39%  (best 40.17 @ ep 12)  [2.8s]
  ep  19: loss=1.2185  test_acc=33.55%  (best 40.17 @ ep 12)  [4.5s]
  ep  20: loss=1.1966  test_acc=41.27%  (best 41.27 @ ep 20)  [3.4s]  [logged per-sample loss: mean=1.283]
  ep  21: loss=1.1937  test_acc=42.35%  (best 42.35 @ ep 21)  [2.4s]
  ep  22: loss=1.1896  test_acc=45.00%  (best 45.00 @ ep 22)  [2.4s]
  ep  23: loss=1.2248  test_acc=46.04%  (best 46.04 @ ep 23)  [2.6s]
  ep  24: loss=1.2678  test_acc=41.47%  (best 46.04 @ ep 23)  [2.4s]
  ep  25: loss=1.2246  test_acc=40.72%  (best 46.04 @ ep 23)  [2.4s]
  ep  26: loss=1.1772  test_acc=41.08%  (best 46.04 @ ep 23)  [2.5s]
  ep  27: loss=1.1612  test_acc=45.33%  (best 46.04 @ ep 23)  [2.4s]
  ep  28: loss=1.1933  test_acc=41.83%  (best 46.04 @ ep 23)  [2.6s]
  ep  29: loss=1.1775  test_acc=39.08%  (best 46.04 @ ep 23)  [2.5s]
  ep  30: loss=1.1597  test_acc=41.87%  (best 46.04 @ ep 23)  [3.5s]  [logged per-sample loss: mean=1.164]
  ep  31: loss=1.1252  test_acc=40.73%  (best 46.04 @ ep 23)  [2.4s]
  ep  32: loss=1.1698  test_acc=41.81%  (best 46.04 @ ep 23)  [2.4s]
  ep  33: loss=1.1786  test_acc=42.76%  (best 46.04 @ ep 23)  [2.4s]
  ep  34: loss=1.1318  test_acc=43.17%  (best 46.04 @ ep 23)  [2.6s]
  ep  35: loss=1.1173  test_acc=44.61%  (best 46.04 @ ep 23)  [2.4s]
  ep  36: loss=1.1541  test_acc=42.12%  (best 46.04 @ ep 23)  [2.6s]
  ep  37: loss=1.0939  test_acc=43.76%  (best 46.04 @ ep 23)  [2.4s]
  ep  38: loss=1.1501  test_acc=42.06%  (best 46.04 @ ep 23)  [2.6s]
  ep  39: loss=1.1476  test_acc=43.82%  (best 46.04 @ ep 23)  [2.6s]
  ep  40: loss=1.1315  test_acc=41.71%  (best 46.04 @ ep 23)  [2.4s]
  ep  41: loss=1.0892  test_acc=50.81%  (best 50.81 @ ep 41)  [2.5s]
  ep  42: loss=1.1000  test_acc=43.28%  (best 50.81 @ ep 41)  [2.3s]
  ep  43: loss=1.0942  test_acc=44.47%  (best 50.81 @ ep 41)  [3.4s]
  ep  44: loss=1.0845  test_acc=44.67%  (best 50.81 @ ep 41)  [5.0s]
  ep  45: loss=1.0705  test_acc=47.99%  (best 50.81 @ ep 41)  [5.1s]
  ep  46: loss=1.0591  test_acc=41.50%  (best 50.81 @ ep 41)  [5.6s]
  ep  47: loss=1.0613  test_acc=38.63%  (best 50.81 @ ep 41)  [5.1s]
  ep  48: loss=1.0346  test_acc=45.81%  (best 50.81 @ ep 41)  [2.5s]
  ep  49: loss=1.0870  test_acc=43.72%  (best 50.81 @ ep 41)  [2.3s]
  ep  50: loss=1.0433  test_acc=46.46%  (best 50.81 @ ep 41)  [3.3s]  [logged per-sample loss: mean=1.013]
  ep  51: loss=1.0311  test_acc=48.99%  (best 50.81 @ ep 41)  [2.3s]
  ep  52: loss=1.0386  test_acc=42.01%  (best 50.81 @ ep 41)  [2.3s]
  ep  53: loss=1.0082  test_acc=45.99%  (best 50.81 @ ep 41)  [2.5s]
  ep  54: loss=0.9954  test_acc=44.98%  (best 50.81 @ ep 41)  [2.6s]
  ep  55: loss=1.0338  test_acc=46.06%  (best 50.81 @ ep 41)  [2.5s]
  ep  56: loss=0.9893  test_acc=46.54%  (best 50.81 @ ep 41)  [2.6s]
  ep  57: loss=1.0069  test_acc=48.14%  (best 50.81 @ ep 41)  [2.4s]
  ep  58: loss=0.9878  test_acc=40.55%  (best 50.81 @ ep 41)  [2.5s]
  ep  59: loss=0.9548  test_acc=46.82%  (best 50.81 @ ep 41)  [2.4s]
  ep  60: loss=1.0100  test_acc=43.90%  (best 50.81 @ ep 41)  [2.4s]
  ep  61: loss=1.0750  test_acc=40.26%  (best 50.81 @ ep 41)  [2.5s]
  ep  62: loss=1.0224  test_acc=44.58%  (best 50.81 @ ep 41)  [2.5s]
  ep  63: loss=0.9549  test_acc=44.91%  (best 50.81 @ ep 41)  [2.4s]
  ep  64: loss=0.9563  test_acc=38.81%  (best 50.81 @ ep 41)  [2.4s]
  ep  65: loss=0.9535  test_acc=44.14%  (best 50.81 @ ep 41)  [2.6s]
  ep  66: loss=0.9227  test_acc=46.51%  (best 50.81 @ ep 41)  [2.3s]
  ep  67: loss=0.9635  test_acc=43.80%  (best 50.81 @ ep 41)  [2.5s]
  ep  68: loss=0.9075  test_acc=43.63%  (best 50.81 @ ep 41)  [2.5s]
  ep  69: loss=0.9035  test_acc=42.19%  (best 50.81 @ ep 41)  [2.4s]
  ep  70: loss=0.9784  test_acc=51.50%  (best 51.50 @ ep 70)  [2.5s]
  ep  71: loss=0.9008  test_acc=43.82%  (best 51.50 @ ep 70)  [2.3s]
  ep  72: loss=0.8782  test_acc=47.47%  (best 51.50 @ ep 70)  [2.4s]
  ep  73: loss=0.8541  test_acc=39.61%  (best 51.50 @ ep 70)  [2.8s]
  ep  74: loss=0.8273  test_acc=42.04%  (best 51.50 @ ep 70)  [5.5s]
  ep  75: loss=0.8449  test_acc=44.58%  (best 51.50 @ ep 70)  [8.1s]  [logged per-sample loss: mean=0.823]
  ep  76: loss=0.8013  test_acc=45.47%  (best 51.50 @ ep 70)  [4.7s]
  ep  77: loss=0.8165  test_acc=41.40%  (best 51.50 @ ep 70)  [4.8s]
  ep  78: loss=0.7906  test_acc=43.97%  (best 51.50 @ ep 70)  [4.7s]
  ep  79: loss=0.7542  test_acc=43.69%  (best 51.50 @ ep 70)  [2.4s]
  ep  80: loss=0.7980  test_acc=45.61%  (best 51.50 @ ep 70)  [2.5s]
  ep  81: loss=0.7499  test_acc=42.64%  (best 51.50 @ ep 70)  [2.4s]
  ep  82: loss=0.7485  test_acc=47.25%  (best 51.50 @ ep 70)  [2.6s]
  ep  83: loss=0.7307  test_acc=42.93%  (best 51.50 @ ep 70)  [2.4s]
  ep  84: loss=0.7220  test_acc=44.69%  (best 51.50 @ ep 70)  [2.4s]
  ep  85: loss=0.6952  test_acc=44.09%  (best 51.50 @ ep 70)  [2.4s]
  ep  86: loss=0.6572  test_acc=45.36%  (best 51.50 @ ep 70)  [2.4s]
  ep  87: loss=0.6512  test_acc=44.15%  (best 51.50 @ ep 70)  [2.3s]
  ep  88: loss=0.6286  test_acc=42.99%  (best 51.50 @ ep 70)  [2.4s]
  ep  89: loss=0.6112  test_acc=42.41%  (best 51.50 @ ep 70)  [2.5s]
  ep  90: loss=0.6484  test_acc=43.27%  (best 51.50 @ ep 70)  [2.5s]
  ep  91: loss=0.6059  test_acc=45.23%  (best 51.50 @ ep 70)  [2.4s]
  ep  92: loss=0.5834  test_acc=45.05%  (best 51.50 @ ep 70)  [2.4s]
  ep  93: loss=0.5683  test_acc=45.45%  (best 51.50 @ ep 70)  [2.6s]
  ep  94: loss=0.5682  test_acc=44.95%  (best 51.50 @ ep 70)  [2.6s]
  ep  95: loss=0.5608  test_acc=43.21%  (best 51.50 @ ep 70)  [2.4s]
  ep  96: loss=0.5609  test_acc=44.21%  (best 51.50 @ ep 70)  [2.5s]
  ep  97: loss=0.5498  test_acc=43.97%  (best 51.50 @ ep 70)  [2.4s]
  ep  98: loss=0.5457  test_acc=43.69%  (best 51.50 @ ep 70)  [2.4s]
  ep  99: loss=0.5476  test_acc=42.93%  (best 51.50 @ ep 70)  [3.4s]  [logged per-sample loss: mean=0.514]

saved /path/to/ciln-workspace/journal_edition/robustness_transfer/results_v3/erm/ours__contrast_sev3__seed2.json: best 51.50% @ ep 70
saved /path/to/ciln-workspace/journal_edition/robustness_transfer/results_v3/erm/ours__contrast_sev3__seed2__persample.npz: persample (E=7, N=11010)
