/path/to/ciln-workspace/venv/lib/python3.12/site-packages/torchvision/datasets/cifar.py:83: VisibleDeprecationWarning: dtype(): align should be passed as Python or NumPy boolean but got `align=0`. Did you mean to pass a tuple to create a subarray type? (Deprecated NumPy 2.4)
  entry = pickle.load(f, encoding="latin1")
condition=ours__impulse_noise_sev3 seed=2 gpu=2
  ep   0: loss=1.8378  test_acc=23.84%  (best 23.84 @ ep 0)  [3.3s]
  ep   1: loss=1.6674  test_acc=29.46%  (best 29.46 @ ep 1)  [2.4s]
  ep   2: loss=1.4549  test_acc=31.91%  (best 31.91 @ ep 2)  [2.4s]
  ep   3: loss=1.2995  test_acc=39.52%  (best 39.52 @ ep 3)  [2.6s]
  ep   4: loss=1.2791  test_acc=42.90%  (best 42.90 @ ep 4)  [3.5s]
  ep   5: loss=1.1662  test_acc=41.77%  (best 42.90 @ ep 4)  [7.2s]  [logged per-sample loss: mean=1.337]
  ep   6: loss=1.1534  test_acc=39.52%  (best 42.90 @ ep 4)  [4.3s]
  ep   7: loss=1.1251  test_acc=45.00%  (best 45.00 @ ep 7)  [5.0s]
  ep   8: loss=1.0853  test_acc=41.08%  (best 45.00 @ ep 7)  [5.6s]
  ep   9: loss=1.0698  test_acc=41.03%  (best 45.00 @ ep 7)  [4.7s]
  ep  10: loss=1.1488  test_acc=46.59%  (best 46.59 @ ep 10)  [6.2s]  [logged per-sample loss: mean=1.121]
  ep  11: loss=1.0288  test_acc=44.86%  (best 46.59 @ ep 10)  [5.0s]
  ep  12: loss=1.0729  test_acc=49.43%  (best 49.43 @ ep 12)  [5.3s]
  ep  13: loss=0.9894  test_acc=52.17%  (best 52.17 @ ep 13)  [4.7s]
  ep  14: loss=0.9707  test_acc=46.48%  (best 52.17 @ ep 13)  [5.2s]
  ep  15: loss=0.9917  test_acc=45.86%  (best 52.17 @ ep 13)  [5.1s]
  ep  16: loss=1.1119  test_acc=51.87%  (best 52.17 @ ep 13)  [4.8s]
  ep  17: loss=1.0093  test_acc=51.42%  (best 52.17 @ ep 13)  [4.7s]
  ep  18: loss=0.9267  test_acc=51.51%  (best 52.17 @ ep 13)  [3.8s]
  ep  19: loss=0.9697  test_acc=56.24%  (best 56.24 @ ep 19)  [5.1s]
  ep  20: loss=0.9405  test_acc=57.01%  (best 57.01 @ ep 20)  [7.1s]  [logged per-sample loss: mean=0.944]
  ep  21: loss=0.9140  test_acc=51.55%  (best 57.01 @ ep 20)  [3.6s]
  ep  22: loss=0.9560  test_acc=56.33%  (best 57.01 @ ep 20)  [4.5s]
  ep  23: loss=0.8936  test_acc=56.80%  (best 57.01 @ ep 20)  [6.8s]
  ep  24: loss=0.8678  test_acc=53.13%  (best 57.01 @ ep 20)  [3.4s]
  ep  25: loss=0.9245  test_acc=50.59%  (best 57.01 @ ep 20)  [2.7s]
  ep  26: loss=0.8960  test_acc=55.11%  (best 57.01 @ ep 20)  [2.4s]
  ep  27: loss=0.8630  test_acc=49.29%  (best 57.01 @ ep 20)  [2.5s]
  ep  28: loss=0.9487  test_acc=58.60%  (best 58.60 @ ep 28)  [2.3s]
  ep  29: loss=0.8535  test_acc=56.14%  (best 58.60 @ ep 28)  [2.4s]
  ep  30: loss=0.8651  test_acc=51.36%  (best 58.60 @ ep 28)  [3.6s]  [logged per-sample loss: mean=1.031]
  ep  31: loss=0.8642  test_acc=49.49%  (best 58.60 @ ep 28)  [2.5s]
  ep  32: loss=0.8605  test_acc=54.59%  (best 58.60 @ ep 28)  [2.5s]
  ep  33: loss=0.8649  test_acc=55.97%  (best 58.60 @ ep 28)  [2.4s]
  ep  34: loss=0.8409  test_acc=62.12%  (best 62.12 @ ep 34)  [2.5s]
  ep  35: loss=0.8327  test_acc=59.07%  (best 62.12 @ ep 34)  [2.4s]
  ep  36: loss=0.8081  test_acc=59.19%  (best 62.12 @ ep 34)  [2.4s]
  ep  37: loss=0.7921  test_acc=57.17%  (best 62.12 @ ep 34)  [2.4s]
  ep  38: loss=0.8630  test_acc=62.44%  (best 62.44 @ ep 38)  [2.5s]
  ep  39: loss=0.7960  test_acc=56.88%  (best 62.44 @ ep 38)  [2.5s]
  ep  40: loss=0.8121  test_acc=62.00%  (best 62.44 @ ep 38)  [2.4s]
  ep  41: loss=0.7975  test_acc=54.11%  (best 62.44 @ ep 38)  [2.4s]
  ep  42: loss=0.7946  test_acc=62.55%  (best 62.55 @ ep 42)  [2.5s]
  ep  43: loss=0.7885  test_acc=61.08%  (best 62.55 @ ep 42)  [2.6s]
  ep  44: loss=0.7948  test_acc=59.02%  (best 62.55 @ ep 42)  [2.6s]
  ep  45: loss=0.7894  test_acc=57.36%  (best 62.55 @ ep 42)  [2.5s]
  ep  46: loss=0.7809  test_acc=62.48%  (best 62.55 @ ep 42)  [2.4s]
  ep  47: loss=0.7845  test_acc=59.41%  (best 62.55 @ ep 42)  [2.4s]
  ep  48: loss=0.7402  test_acc=58.36%  (best 62.55 @ ep 42)  [3.0s]
  ep  49: loss=0.7505  test_acc=56.34%  (best 62.55 @ ep 42)  [4.8s]
  ep  50: loss=0.7556  test_acc=61.41%  (best 62.55 @ ep 42)  [7.2s]  [logged per-sample loss: mean=0.734]
  ep  51: loss=0.7652  test_acc=60.45%  (best 62.55 @ ep 42)  [6.0s]
  ep  52: loss=0.7822  test_acc=60.75%  (best 62.55 @ ep 42)  [4.7s]
  ep  53: loss=0.7687  test_acc=58.34%  (best 62.55 @ ep 42)  [5.1s]
  ep  54: loss=0.7649  test_acc=62.88%  (best 62.88 @ ep 54)  [4.9s]
  ep  55: loss=0.7061  test_acc=54.50%  (best 62.88 @ ep 54)  [4.3s]
  ep  56: loss=0.7272  test_acc=61.00%  (best 62.88 @ ep 54)  [2.4s]
  ep  57: loss=0.6868  test_acc=61.12%  (best 62.88 @ ep 54)  [2.5s]
  ep  58: loss=0.6904  test_acc=59.98%  (best 62.88 @ ep 54)  [2.5s]
  ep  59: loss=0.6836  test_acc=57.39%  (best 62.88 @ ep 54)  [2.5s]
  ep  60: loss=0.6736  test_acc=56.67%  (best 62.88 @ ep 54)  [2.4s]
  ep  61: loss=0.7155  test_acc=61.06%  (best 62.88 @ ep 54)  [2.6s]
  ep  62: loss=0.7580  test_acc=60.24%  (best 62.88 @ ep 54)  [2.5s]
  ep  63: loss=0.7071  test_acc=63.46%  (best 63.46 @ ep 63)  [2.4s]
  ep  64: loss=0.6420  test_acc=61.79%  (best 63.46 @ ep 63)  [2.5s]
  ep  65: loss=0.6324  test_acc=61.72%  (best 63.46 @ ep 63)  [2.5s]
  ep  66: loss=0.6637  test_acc=60.03%  (best 63.46 @ ep 63)  [2.5s]
  ep  67: loss=0.6807  test_acc=62.90%  (best 63.46 @ ep 63)  [2.6s]
  ep  68: loss=0.6390  test_acc=57.66%  (best 63.46 @ ep 63)  [2.5s]
  ep  69: loss=0.5925  test_acc=61.48%  (best 63.46 @ ep 63)  [2.4s]
  ep  70: loss=0.6035  test_acc=56.51%  (best 63.46 @ ep 63)  [2.4s]
  ep  71: loss=0.8135  test_acc=60.13%  (best 63.46 @ ep 63)  [2.6s]
  ep  72: loss=0.6595  test_acc=60.50%  (best 63.46 @ ep 63)  [2.5s]
  ep  73: loss=0.6352  test_acc=61.07%  (best 63.46 @ ep 63)  [2.5s]
  ep  74: loss=0.6177  test_acc=60.66%  (best 63.46 @ ep 63)  [2.5s]
  ep  75: loss=0.5904  test_acc=60.91%  (best 63.46 @ ep 63)  [3.5s]  [logged per-sample loss: mean=0.579]
  ep  76: loss=0.5704  test_acc=60.55%  (best 63.46 @ ep 63)  [2.6s]
  ep  77: loss=0.5523  test_acc=59.99%  (best 63.46 @ ep 63)  [2.5s]
  ep  78: loss=0.5346  test_acc=59.29%  (best 63.46 @ ep 63)  [2.6s]
  ep  79: loss=0.5321  test_acc=61.05%  (best 63.46 @ ep 63)  [3.2s]
  ep  80: loss=0.5185  test_acc=60.71%  (best 63.46 @ ep 63)  [5.2s]
  ep  81: loss=0.4889  test_acc=61.54%  (best 63.46 @ ep 63)  [4.1s]
  ep  82: loss=0.4991  test_acc=59.57%  (best 63.46 @ ep 63)  [4.2s]
  ep  83: loss=0.5154  test_acc=60.38%  (best 63.46 @ ep 63)  [4.7s]
  ep  84: loss=0.4789  test_acc=60.06%  (best 63.46 @ ep 63)  [2.5s]
  ep  85: loss=0.4492  test_acc=58.96%  (best 63.46 @ ep 63)  [2.5s]
  ep  86: loss=0.4408  test_acc=60.78%  (best 63.46 @ ep 63)  [2.5s]
  ep  87: loss=0.4343  test_acc=59.88%  (best 63.46 @ ep 63)  [2.5s]
  ep  88: loss=0.4343  test_acc=60.20%  (best 63.46 @ ep 63)  [2.6s]
  ep  89: loss=0.4193  test_acc=60.07%  (best 63.46 @ ep 63)  [2.4s]
  ep  90: loss=0.4039  test_acc=59.39%  (best 63.46 @ ep 63)  [2.5s]
  ep  91: loss=0.4021  test_acc=60.28%  (best 63.46 @ ep 63)  [2.4s]
  ep  92: loss=0.3939  test_acc=59.99%  (best 63.46 @ ep 63)  [2.4s]
  ep  93: loss=0.3845  test_acc=59.54%  (best 63.46 @ ep 63)  [2.4s]
  ep  94: loss=0.3761  test_acc=59.45%  (best 63.46 @ ep 63)  [2.4s]
  ep  95: loss=0.3713  test_acc=59.29%  (best 63.46 @ ep 63)  [2.5s]
  ep  96: loss=0.3724  test_acc=60.19%  (best 63.46 @ ep 63)  [2.4s]
  ep  97: loss=0.3683  test_acc=59.35%  (best 63.46 @ ep 63)  [2.4s]
  ep  98: loss=0.3713  test_acc=59.57%  (best 63.46 @ ep 63)  [2.5s]
  ep  99: loss=0.3688  test_acc=60.40%  (best 63.46 @ ep 63)  [3.6s]  [logged per-sample loss: mean=0.352]

saved /path/to/ciln-workspace/journal_edition/robustness_transfer/results_v3/erm/ours__impulse_noise_sev3__seed2.json: best 63.46% @ ep 63
saved /path/to/ciln-workspace/journal_edition/robustness_transfer/results_v3/erm/ours__impulse_noise_sev3__seed2__persample.npz: persample (E=7, N=11010)
