/path/to/ciln-workspace/venv/lib/python3.12/site-packages/torchvision/datasets/cifar.py:83: VisibleDeprecationWarning: dtype(): align should be passed as Python or NumPy boolean but got `align=0`. Did you mean to pass a tuple to create a subarray type? (Deprecated NumPy 2.4)
  entry = pickle.load(f, encoding="latin1")
condition=gu_high seed=1 gpu=1
  ep   0: loss=1.9548  test_acc=25.00%  (best 25.00 @ ep 0)  [4.4s]
  ep   1: loss=1.7518  test_acc=34.14%  (best 34.14 @ ep 1)  [3.4s]
  ep   2: loss=1.6424  test_acc=46.11%  (best 46.11 @ ep 2)  [3.4s]
  ep   3: loss=1.5499  test_acc=43.32%  (best 46.11 @ ep 2)  [3.5s]
  ep   4: loss=1.4772  test_acc=47.08%  (best 47.08 @ ep 4)  [4.3s]
  ep   5: loss=1.4337  test_acc=50.77%  (best 50.77 @ ep 5)  [10.8s]  [logged per-sample loss: mean=1.456]
  ep   6: loss=1.4009  test_acc=52.48%  (best 52.48 @ ep 6)  [7.6s]
  ep   7: loss=1.3711  test_acc=56.90%  (best 56.90 @ ep 7)  [9.2s]
  ep   8: loss=1.3612  test_acc=54.52%  (best 56.90 @ ep 7)  [8.5s]
  ep   9: loss=1.3433  test_acc=53.89%  (best 56.90 @ ep 7)  [8.0s]
  ep  10: loss=1.3392  test_acc=50.03%  (best 56.90 @ ep 7)  [5.3s]  [logged per-sample loss: mean=1.520]
  ep  11: loss=1.3256  test_acc=57.29%  (best 57.29 @ ep 11)  [3.7s]
  ep  12: loss=1.3214  test_acc=57.61%  (best 57.61 @ ep 12)  [3.5s]
  ep  13: loss=1.3080  test_acc=56.09%  (best 57.61 @ ep 12)  [3.6s]
  ep  14: loss=1.2992  test_acc=54.39%  (best 57.61 @ ep 12)  [3.4s]
  ep  15: loss=1.2958  test_acc=56.98%  (best 57.61 @ ep 12)  [3.6s]
  ep  16: loss=1.2947  test_acc=58.72%  (best 58.72 @ ep 16)  [3.7s]
  ep  17: loss=1.2906  test_acc=55.51%  (best 58.72 @ ep 16)  [3.6s]
  ep  18: loss=1.2782  test_acc=56.02%  (best 58.72 @ ep 16)  [3.4s]
  ep  19: loss=1.2766  test_acc=52.52%  (best 58.72 @ ep 16)  [3.3s]
  ep  20: loss=1.2673  test_acc=60.09%  (best 60.09 @ ep 20)  [5.3s]  [logged per-sample loss: mean=1.259]
  ep  21: loss=1.2702  test_acc=58.31%  (best 60.09 @ ep 20)  [3.6s]
  ep  22: loss=1.2585  test_acc=54.59%  (best 60.09 @ ep 20)  [3.5s]
  ep  23: loss=1.2541  test_acc=55.49%  (best 60.09 @ ep 20)  [3.5s]
  ep  24: loss=1.2612  test_acc=56.43%  (best 60.09 @ ep 20)  [3.4s]
  ep  25: loss=1.2506  test_acc=53.74%  (best 60.09 @ ep 20)  [3.7s]
  ep  26: loss=1.2452  test_acc=56.87%  (best 60.09 @ ep 20)  [5.6s]
  ep  27: loss=1.2381  test_acc=56.09%  (best 60.09 @ ep 20)  [3.6s]
  ep  28: loss=1.2400  test_acc=53.43%  (best 60.09 @ ep 20)  [3.3s]
  ep  29: loss=1.2365  test_acc=55.90%  (best 60.09 @ ep 20)  [3.6s]
  ep  30: loss=1.2332  test_acc=58.08%  (best 60.09 @ ep 20)  [5.2s]  [logged per-sample loss: mean=1.229]
  ep  31: loss=1.2291  test_acc=59.01%  (best 60.09 @ ep 20)  [3.6s]
  ep  32: loss=1.2204  test_acc=57.95%  (best 60.09 @ ep 20)  [3.4s]
  ep  33: loss=1.2102  test_acc=59.88%  (best 60.09 @ ep 20)  [3.5s]
  ep  34: loss=1.2180  test_acc=60.76%  (best 60.76 @ ep 34)  [3.5s]
  ep  35: loss=1.2130  test_acc=60.71%  (best 60.76 @ ep 34)  [3.3s]
  ep  36: loss=1.2078  test_acc=58.60%  (best 60.76 @ ep 34)  [3.5s]
  ep  37: loss=1.2012  test_acc=60.62%  (best 60.76 @ ep 34)  [3.5s]
  ep  38: loss=1.1938  test_acc=57.69%  (best 60.76 @ ep 34)  [3.6s]
  ep  39: loss=1.1862  test_acc=60.62%  (best 60.76 @ ep 34)  [3.7s]
  ep  40: loss=1.1874  test_acc=59.63%  (best 60.76 @ ep 34)  [3.5s]
  ep  41: loss=1.1774  test_acc=58.66%  (best 60.76 @ ep 34)  [3.5s]
  ep  42: loss=1.1780  test_acc=58.76%  (best 60.76 @ ep 34)  [3.6s]
  ep  43: loss=1.1710  test_acc=56.87%  (best 60.76 @ ep 34)  [4.0s]
  ep  44: loss=1.1655  test_acc=62.29%  (best 62.29 @ ep 44)  [8.6s]
  ep  45: loss=1.1688  test_acc=55.02%  (best 62.29 @ ep 44)  [8.9s]
  ep  46: loss=1.1560  test_acc=60.39%  (best 62.29 @ ep 44)  [7.1s]
  ep  47: loss=1.1454  test_acc=63.06%  (best 63.06 @ ep 47)  [8.1s]
  ep  48: loss=1.1467  test_acc=63.32%  (best 63.32 @ ep 48)  [6.9s]
  ep  49: loss=1.1431  test_acc=61.00%  (best 63.32 @ ep 48)  [8.9s]
  ep  50: loss=1.1312  test_acc=58.72%  (best 63.32 @ ep 48)  [11.7s]  [logged per-sample loss: mean=1.183]
  ep  51: loss=1.1285  test_acc=61.80%  (best 63.32 @ ep 48)  [7.1s]
  ep  52: loss=1.1181  test_acc=61.28%  (best 63.32 @ ep 48)  [8.1s]
  ep  53: loss=1.1201  test_acc=56.53%  (best 63.32 @ ep 48)  [7.4s]
  ep  54: loss=1.1127  test_acc=61.03%  (best 63.32 @ ep 48)  [8.4s]
  ep  55: loss=1.0889  test_acc=59.68%  (best 63.32 @ ep 48)  [7.7s]
  ep  56: loss=1.0983  test_acc=60.55%  (best 63.32 @ ep 48)  [7.9s]
  ep  57: loss=1.0756  test_acc=60.14%  (best 63.32 @ ep 48)  [8.6s]
  ep  58: loss=1.0743  test_acc=59.26%  (best 63.32 @ ep 48)  [7.5s]
  ep  59: loss=1.0706  test_acc=60.44%  (best 63.32 @ ep 48)  [4.2s]
  ep  60: loss=1.0548  test_acc=60.44%  (best 63.32 @ ep 48)  [3.4s]
  ep  61: loss=1.0441  test_acc=60.13%  (best 63.32 @ ep 48)  [3.3s]
  ep  62: loss=1.0361  test_acc=59.81%  (best 63.32 @ ep 48)  [3.7s]
  ep  63: loss=1.0244  test_acc=59.94%  (best 63.32 @ ep 48)  [3.4s]
  ep  64: loss=1.0189  test_acc=62.30%  (best 63.32 @ ep 48)  [3.7s]
  ep  65: loss=1.0050  test_acc=58.02%  (best 63.32 @ ep 48)  [3.7s]
  ep  66: loss=0.9984  test_acc=61.52%  (best 63.32 @ ep 48)  [3.6s]
  ep  67: loss=0.9815  test_acc=57.69%  (best 63.32 @ ep 48)  [3.6s]
  ep  68: loss=0.9734  test_acc=60.92%  (best 63.32 @ ep 48)  [3.5s]
  ep  69: loss=0.9692  test_acc=60.34%  (best 63.32 @ ep 48)  [3.8s]
  ep  70: loss=0.9494  test_acc=58.92%  (best 63.32 @ ep 48)  [3.5s]
  ep  71: loss=0.9318  test_acc=59.30%  (best 63.32 @ ep 48)  [3.4s]
  ep  72: loss=0.9176  test_acc=56.38%  (best 63.32 @ ep 48)  [3.5s]
  ep  73: loss=0.9031  test_acc=58.32%  (best 63.32 @ ep 48)  [3.6s]
  ep  74: loss=0.8903  test_acc=58.19%  (best 63.32 @ ep 48)  [3.5s]
  ep  75: loss=0.8727  test_acc=59.97%  (best 63.32 @ ep 48)  [5.1s]  [logged per-sample loss: mean=0.878]
  ep  76: loss=0.8554  test_acc=59.85%  (best 63.32 @ ep 48)  [5.0s]
  ep  77: loss=0.8374  test_acc=59.82%  (best 63.32 @ ep 48)  [4.4s]
  ep  78: loss=0.8161  test_acc=57.75%  (best 63.32 @ ep 48)  [3.5s]
  ep  79: loss=0.7958  test_acc=55.77%  (best 63.32 @ ep 48)  [3.4s]
  ep  80: loss=0.7822  test_acc=59.15%  (best 63.32 @ ep 48)  [3.5s]
  ep  81: loss=0.7645  test_acc=58.97%  (best 63.32 @ ep 48)  [3.4s]
  ep  82: loss=0.7369  test_acc=58.60%  (best 63.32 @ ep 48)  [3.5s]
  ep  83: loss=0.7219  test_acc=58.29%  (best 63.32 @ ep 48)  [3.5s]
  ep  84: loss=0.7002  test_acc=59.56%  (best 63.32 @ ep 48)  [3.3s]
  ep  85: loss=0.6749  test_acc=58.88%  (best 63.32 @ ep 48)  [3.4s]
  ep  86: loss=0.6606  test_acc=56.65%  (best 63.32 @ ep 48)  [3.5s]
  ep  87: loss=0.6402  test_acc=57.41%  (best 63.32 @ ep 48)  [3.5s]
  ep  88: loss=0.6157  test_acc=57.83%  (best 63.32 @ ep 48)  [3.5s]
  ep  89: loss=0.5969  test_acc=57.95%  (best 63.32 @ ep 48)  [3.4s]
  ep  90: loss=0.5808  test_acc=58.06%  (best 63.32 @ ep 48)  [3.4s]
  ep  91: loss=0.5570  test_acc=57.64%  (best 63.32 @ ep 48)  [3.4s]
  ep  92: loss=0.5450  test_acc=57.62%  (best 63.32 @ ep 48)  [3.7s]
  ep  93: loss=0.5328  test_acc=56.50%  (best 63.32 @ ep 48)  [3.3s]
  ep  94: loss=0.5240  test_acc=56.55%  (best 63.32 @ ep 48)  [4.0s]
  ep  95: loss=0.5127  test_acc=56.80%  (best 63.32 @ ep 48)  [7.9s]
  ep  96: loss=0.5020  test_acc=56.55%  (best 63.32 @ ep 48)  [7.8s]
  ep  97: loss=0.4992  test_acc=57.01%  (best 63.32 @ ep 48)  [7.3s]
  ep  98: loss=0.4903  test_acc=57.29%  (best 63.32 @ ep 48)  [3.4s]
  ep  99: loss=0.4907  test_acc=56.28%  (best 63.32 @ ep 48)  [5.2s]  [logged per-sample loss: mean=0.452]

saved /path/to/ciln-workspace/journal_edition/robustness_transfer/results_v3/erm/gu_high__seed1.json: best 63.32% @ ep 48
saved /path/to/ciln-workspace/journal_edition/robustness_transfer/results_v3/erm/gu_high__seed1__persample.npz: persample (E=7, N=19987)
