/path/to/ciln-workspace/venv/lib/python3.12/site-packages/torchvision/datasets/cifar.py:83: VisibleDeprecationWarning: dtype(): align should be passed as Python or NumPy boolean but got `align=0`. Did you mean to pass a tuple to create a subarray type? (Deprecated NumPy 2.4)
  entry = pickle.load(f, encoding="latin1")
condition=gu_medium seed=1 gpu=1
  ep   0: loss=1.8687  test_acc=37.03%  (best 37.03 @ ep 0)  [4.2s]
  ep   1: loss=1.5881  test_acc=45.92%  (best 45.92 @ ep 1)  [3.3s]
  ep   2: loss=1.3677  test_acc=50.62%  (best 50.62 @ ep 2)  [3.6s]
  ep   3: loss=1.2139  test_acc=49.53%  (best 50.62 @ ep 2)  [3.5s]
  ep   4: loss=1.1032  test_acc=54.24%  (best 54.24 @ ep 4)  [3.5s]
  ep   5: loss=1.0365  test_acc=58.75%  (best 58.75 @ ep 5)  [4.9s]  [logged per-sample loss: mean=1.333]
  ep   6: loss=0.9772  test_acc=63.57%  (best 63.57 @ ep 6)  [3.4s]
  ep   7: loss=0.9338  test_acc=62.00%  (best 63.57 @ ep 6)  [3.5s]
  ep   8: loss=0.9024  test_acc=63.67%  (best 63.67 @ ep 8)  [3.6s]
  ep   9: loss=0.8794  test_acc=62.06%  (best 63.67 @ ep 8)  [3.4s]
  ep  10: loss=0.8492  test_acc=69.16%  (best 69.16 @ ep 10)  [10.0s]  [logged per-sample loss: mean=0.892]
  ep  11: loss=0.8281  test_acc=69.55%  (best 69.55 @ ep 11)  [7.7s]
  ep  12: loss=0.8149  test_acc=66.86%  (best 69.55 @ ep 11)  [7.7s]
  ep  13: loss=0.7904  test_acc=70.01%  (best 70.01 @ ep 13)  [8.1s]
  ep  14: loss=0.7756  test_acc=63.18%  (best 70.01 @ ep 13)  [8.8s]
  ep  15: loss=0.7634  test_acc=60.61%  (best 70.01 @ ep 13)  [3.6s]
  ep  16: loss=0.7667  test_acc=68.65%  (best 70.01 @ ep 13)  [3.8s]
  ep  17: loss=0.7518  test_acc=73.38%  (best 73.38 @ ep 17)  [3.6s]
  ep  18: loss=0.7397  test_acc=70.22%  (best 73.38 @ ep 17)  [3.7s]
  ep  19: loss=0.7206  test_acc=73.33%  (best 73.38 @ ep 17)  [3.4s]
  ep  20: loss=0.7170  test_acc=70.30%  (best 73.38 @ ep 17)  [5.1s]  [logged per-sample loss: mean=0.778]
  ep  21: loss=0.7154  test_acc=64.53%  (best 73.38 @ ep 17)  [3.6s]
  ep  22: loss=0.7085  test_acc=67.64%  (best 73.38 @ ep 17)  [3.4s]
  ep  23: loss=0.7019  test_acc=69.20%  (best 73.38 @ ep 17)  [3.7s]
  ep  24: loss=0.6890  test_acc=73.23%  (best 73.38 @ ep 17)  [3.8s]
  ep  25: loss=0.6896  test_acc=67.46%  (best 73.38 @ ep 17)  [3.5s]
  ep  26: loss=0.6879  test_acc=71.81%  (best 73.38 @ ep 17)  [3.6s]
  ep  27: loss=0.6709  test_acc=63.84%  (best 73.38 @ ep 17)  [3.5s]
  ep  28: loss=0.6710  test_acc=73.45%  (best 73.45 @ ep 28)  [3.6s]
  ep  29: loss=0.6541  test_acc=65.01%  (best 73.45 @ ep 28)  [3.4s]
  ep  30: loss=0.6677  test_acc=63.42%  (best 73.45 @ ep 28)  [5.0s]  [logged per-sample loss: mean=1.040]
  ep  31: loss=0.6482  test_acc=73.24%  (best 73.45 @ ep 28)  [5.3s]
  ep  32: loss=0.6415  test_acc=65.65%  (best 73.45 @ ep 28)  [8.2s]
  ep  33: loss=0.6418  test_acc=69.66%  (best 73.45 @ ep 28)  [7.4s]
  ep  34: loss=0.6311  test_acc=73.73%  (best 73.73 @ ep 34)  [6.9s]
  ep  35: loss=0.6304  test_acc=67.45%  (best 73.73 @ ep 34)  [3.5s]
  ep  36: loss=0.6238  test_acc=71.61%  (best 73.73 @ ep 34)  [3.5s]
  ep  37: loss=0.6219  test_acc=70.05%  (best 73.73 @ ep 34)  [3.8s]
  ep  38: loss=0.6174  test_acc=73.02%  (best 73.73 @ ep 34)  [3.4s]
  ep  39: loss=0.5976  test_acc=69.79%  (best 73.73 @ ep 34)  [3.7s]
  ep  40: loss=0.6073  test_acc=76.52%  (best 76.52 @ ep 40)  [3.6s]
  ep  41: loss=0.5911  test_acc=75.79%  (best 76.52 @ ep 40)  [3.6s]
  ep  42: loss=0.5906  test_acc=72.91%  (best 76.52 @ ep 40)  [3.4s]
  ep  43: loss=0.5803  test_acc=74.06%  (best 76.52 @ ep 40)  [3.5s]
  ep  44: loss=0.5760  test_acc=67.29%  (best 76.52 @ ep 40)  [3.3s]
  ep  45: loss=0.5769  test_acc=70.08%  (best 76.52 @ ep 40)  [3.5s]
  ep  46: loss=0.5618  test_acc=75.09%  (best 76.52 @ ep 40)  [3.4s]
  ep  47: loss=0.5591  test_acc=73.06%  (best 76.52 @ ep 40)  [3.8s]
  ep  48: loss=0.5414  test_acc=74.24%  (best 76.52 @ ep 40)  [3.5s]
  ep  49: loss=0.5498  test_acc=71.14%  (best 76.52 @ ep 40)  [3.4s]
  ep  50: loss=0.5320  test_acc=75.44%  (best 76.52 @ ep 40)  [5.4s]  [logged per-sample loss: mean=0.563]
  ep  51: loss=0.5193  test_acc=74.36%  (best 76.52 @ ep 40)  [5.8s]
  ep  52: loss=0.5249  test_acc=74.39%  (best 76.52 @ ep 40)  [8.8s]
  ep  53: loss=0.5173  test_acc=74.43%  (best 76.52 @ ep 40)  [7.1s]
  ep  54: loss=0.5078  test_acc=74.66%  (best 76.52 @ ep 40)  [8.6s]
  ep  55: loss=0.5012  test_acc=70.94%  (best 76.52 @ ep 40)  [7.1s]
  ep  56: loss=0.4886  test_acc=75.75%  (best 76.52 @ ep 40)  [8.4s]
  ep  57: loss=0.4874  test_acc=72.92%  (best 76.52 @ ep 40)  [6.9s]
  ep  58: loss=0.4714  test_acc=71.47%  (best 76.52 @ ep 40)  [7.9s]
  ep  59: loss=0.4564  test_acc=76.78%  (best 76.78 @ ep 59)  [6.9s]
  ep  60: loss=0.4560  test_acc=74.19%  (best 76.78 @ ep 59)  [7.9s]
  ep  61: loss=0.4310  test_acc=77.06%  (best 77.06 @ ep 61)  [7.5s]
  ep  62: loss=0.4305  test_acc=75.00%  (best 77.06 @ ep 61)  [7.8s]
  ep  63: loss=0.4399  test_acc=77.39%  (best 77.39 @ ep 63)  [8.0s]
  ep  64: loss=0.4194  test_acc=76.31%  (best 77.39 @ ep 63)  [7.8s]
  ep  65: loss=0.4096  test_acc=75.18%  (best 77.39 @ ep 63)  [7.9s]
  ep  66: loss=0.3899  test_acc=77.57%  (best 77.57 @ ep 66)  [3.4s]
  ep  67: loss=0.3783  test_acc=76.10%  (best 77.57 @ ep 66)  [3.3s]
  ep  68: loss=0.3670  test_acc=76.32%  (best 77.57 @ ep 66)  [3.4s]
  ep  69: loss=0.3557  test_acc=75.03%  (best 77.57 @ ep 66)  [3.5s]
  ep  70: loss=0.3394  test_acc=76.97%  (best 77.57 @ ep 66)  [3.5s]
  ep  71: loss=0.3357  test_acc=77.20%  (best 77.57 @ ep 66)  [3.6s]
  ep  72: loss=0.3301  test_acc=76.78%  (best 77.57 @ ep 66)  [3.5s]
  ep  73: loss=0.3037  test_acc=77.27%  (best 77.57 @ ep 66)  [3.5s]
  ep  74: loss=0.3011  test_acc=77.51%  (best 77.57 @ ep 66)  [3.5s]
  ep  75: loss=0.2755  test_acc=77.21%  (best 77.57 @ ep 66)  [5.1s]  [logged per-sample loss: mean=0.278]
  ep  76: loss=0.2723  test_acc=76.99%  (best 77.57 @ ep 66)  [3.5s]
  ep  77: loss=0.2552  test_acc=78.03%  (best 78.03 @ ep 77)  [3.7s]
  ep  78: loss=0.2465  test_acc=76.74%  (best 78.03 @ ep 77)  [3.5s]
  ep  79: loss=0.2305  test_acc=78.36%  (best 78.36 @ ep 79)  [3.4s]
  ep  80: loss=0.2136  test_acc=77.44%  (best 78.36 @ ep 79)  [3.4s]
  ep  81: loss=0.1984  test_acc=76.64%  (best 78.36 @ ep 79)  [3.5s]
  ep  82: loss=0.1902  test_acc=78.89%  (best 78.89 @ ep 82)  [3.3s]
  ep  83: loss=0.1711  test_acc=78.41%  (best 78.89 @ ep 82)  [4.7s]
  ep  84: loss=0.1646  test_acc=78.19%  (best 78.89 @ ep 82)  [9.2s]
  ep  85: loss=0.1528  test_acc=78.50%  (best 78.89 @ ep 82)  [3.5s]
  ep  86: loss=0.1461  test_acc=78.62%  (best 78.89 @ ep 82)  [3.7s]
  ep  87: loss=0.1345  test_acc=77.74%  (best 78.89 @ ep 82)  [3.3s]
  ep  88: loss=0.1259  test_acc=78.16%  (best 78.89 @ ep 82)  [3.3s]
  ep  89: loss=0.1231  test_acc=78.10%  (best 78.89 @ ep 82)  [3.6s]
  ep  90: loss=0.1143  test_acc=78.68%  (best 78.89 @ ep 82)  [3.3s]
  ep  91: loss=0.1024  test_acc=78.79%  (best 78.89 @ ep 82)  [3.3s]
  ep  92: loss=0.1007  test_acc=78.74%  (best 78.89 @ ep 82)  [3.3s]
  ep  93: loss=0.1005  test_acc=78.21%  (best 78.89 @ ep 82)  [3.4s]
  ep  94: loss=0.0959  test_acc=78.47%  (best 78.89 @ ep 82)  [3.5s]
  ep  95: loss=0.0900  test_acc=78.48%  (best 78.89 @ ep 82)  [3.3s]
  ep  96: loss=0.0895  test_acc=78.86%  (best 78.89 @ ep 82)  [3.4s]
  ep  97: loss=0.0900  test_acc=78.80%  (best 78.89 @ ep 82)  [3.5s]
  ep  98: loss=0.0908  test_acc=78.70%  (best 78.89 @ ep 82)  [3.4s]
  ep  99: loss=0.0862  test_acc=78.61%  (best 78.89 @ ep 82)  [5.0s]  [logged per-sample loss: mean=0.063]

saved /path/to/ciln-workspace/journal_edition/robustness_transfer/results_v3/erm/gu_medium__seed1.json: best 78.89% @ ep 82
saved /path/to/ciln-workspace/journal_edition/robustness_transfer/results_v3/erm/gu_medium__seed1__persample.npz: persample (E=7, N=19987)
