/path/to/ciln-workspace/venv/lib/python3.12/site-packages/torchvision/datasets/cifar.py:83: VisibleDeprecationWarning: dtype(): align should be passed as Python or NumPy boolean but got `align=0`. Did you mean to pass a tuple to create a subarray type? (Deprecated NumPy 2.4)
  entry = pickle.load(f, encoding="latin1")
condition=ours__elastic_transform_sev3 seed=2 gpu=1
  ep   0: loss=1.7590  test_acc=24.91%  (best 24.91 @ ep 0)  [3.2s]
  ep   1: loss=1.4906  test_acc=28.16%  (best 28.16 @ ep 1)  [2.5s]
  ep   2: loss=1.2726  test_acc=38.19%  (best 38.19 @ ep 2)  [2.6s]
  ep   3: loss=1.0920  test_acc=29.58%  (best 38.19 @ ep 2)  [2.4s]
  ep   4: loss=1.1406  test_acc=46.15%  (best 46.15 @ ep 4)  [2.6s]
  ep   5: loss=0.9404  test_acc=46.21%  (best 46.21 @ ep 5)  [3.4s]  [logged per-sample loss: mean=1.098]
  ep   6: loss=0.8867  test_acc=51.52%  (best 51.52 @ ep 6)  [2.3s]
  ep   7: loss=0.8275  test_acc=53.28%  (best 53.28 @ ep 7)  [4.6s]
  ep   8: loss=0.8004  test_acc=51.42%  (best 53.28 @ ep 7)  [4.8s]
  ep   9: loss=0.7562  test_acc=36.21%  (best 53.28 @ ep 7)  [5.4s]
  ep  10: loss=0.7877  test_acc=46.72%  (best 53.28 @ ep 7)  [5.7s]  [logged per-sample loss: mean=1.324]
  ep  11: loss=0.9205  test_acc=57.68%  (best 57.68 @ ep 11)  [2.4s]
  ep  12: loss=0.7881  test_acc=57.32%  (best 57.68 @ ep 11)  [2.4s]
  ep  13: loss=0.6837  test_acc=61.52%  (best 61.52 @ ep 13)  [2.3s]
  ep  14: loss=0.6798  test_acc=62.42%  (best 62.42 @ ep 14)  [2.5s]
  ep  15: loss=0.6553  test_acc=60.33%  (best 62.42 @ ep 14)  [2.5s]
  ep  16: loss=0.6824  test_acc=63.73%  (best 63.73 @ ep 16)  [2.4s]
  ep  17: loss=0.6354  test_acc=58.58%  (best 63.73 @ ep 16)  [2.4s]
  ep  18: loss=0.6085  test_acc=55.58%  (best 63.73 @ ep 16)  [2.3s]
  ep  19: loss=0.7007  test_acc=61.13%  (best 63.73 @ ep 16)  [2.5s]
  ep  20: loss=0.6544  test_acc=58.64%  (best 63.73 @ ep 16)  [3.6s]  [logged per-sample loss: mean=0.751]
  ep  21: loss=0.6318  test_acc=61.20%  (best 63.73 @ ep 16)  [2.4s]
  ep  22: loss=0.6609  test_acc=61.54%  (best 63.73 @ ep 16)  [2.5s]
  ep  23: loss=0.6169  test_acc=63.37%  (best 63.73 @ ep 16)  [2.3s]
  ep  24: loss=0.5644  test_acc=61.46%  (best 63.73 @ ep 16)  [2.3s]
  ep  25: loss=0.6491  test_acc=62.85%  (best 63.73 @ ep 16)  [2.4s]
  ep  26: loss=0.6484  test_acc=53.61%  (best 63.73 @ ep 16)  [2.4s]
  ep  27: loss=0.5997  test_acc=59.56%  (best 63.73 @ ep 16)  [2.4s]
  ep  28: loss=0.6432  test_acc=61.30%  (best 63.73 @ ep 16)  [2.6s]
  ep  29: loss=0.5678  test_acc=62.93%  (best 63.73 @ ep 16)  [2.4s]
  ep  30: loss=0.5736  test_acc=62.55%  (best 63.73 @ ep 16)  [3.3s]  [logged per-sample loss: mean=0.671]
  ep  31: loss=0.5436  test_acc=67.47%  (best 67.47 @ ep 31)  [2.6s]
  ep  32: loss=0.5398  test_acc=62.16%  (best 67.47 @ ep 31)  [2.3s]
  ep  33: loss=0.5804  test_acc=63.67%  (best 67.47 @ ep 31)  [2.4s]
  ep  34: loss=0.5789  test_acc=61.34%  (best 67.47 @ ep 31)  [2.3s]
  ep  35: loss=0.5481  test_acc=66.63%  (best 67.47 @ ep 31)  [2.6s]
  ep  36: loss=0.5263  test_acc=64.05%  (best 67.47 @ ep 31)  [5.3s]
  ep  37: loss=0.5451  test_acc=61.48%  (best 67.47 @ ep 31)  [6.3s]
  ep  38: loss=0.5590  test_acc=62.31%  (best 67.47 @ ep 31)  [5.1s]
  ep  39: loss=0.5033  test_acc=66.63%  (best 67.47 @ ep 31)  [6.1s]
  ep  40: loss=0.5352  test_acc=62.98%  (best 67.47 @ ep 31)  [4.5s]
  ep  41: loss=0.4793  test_acc=62.91%  (best 67.47 @ ep 31)  [5.9s]
  ep  42: loss=0.5087  test_acc=67.95%  (best 67.95 @ ep 42)  [4.5s]
  ep  43: loss=0.4795  test_acc=63.27%  (best 67.95 @ ep 42)  [5.6s]
  ep  44: loss=0.5470  test_acc=56.27%  (best 67.95 @ ep 42)  [4.9s]
  ep  45: loss=0.5072  test_acc=64.85%  (best 67.95 @ ep 42)  [6.0s]
  ep  46: loss=0.4870  test_acc=65.63%  (best 67.95 @ ep 42)  [4.6s]
  ep  47: loss=0.4813  test_acc=61.94%  (best 67.95 @ ep 42)  [5.9s]
  ep  48: loss=0.4641  test_acc=67.05%  (best 67.95 @ ep 42)  [4.5s]
  ep  49: loss=0.5077  test_acc=64.39%  (best 67.95 @ ep 42)  [5.6s]
  ep  50: loss=0.4614  test_acc=66.32%  (best 67.95 @ ep 42)  [6.3s]  [logged per-sample loss: mean=0.474]
  ep  51: loss=0.4554  test_acc=61.21%  (best 67.95 @ ep 42)  [5.8s]
  ep  52: loss=0.5507  test_acc=67.15%  (best 67.95 @ ep 42)  [4.5s]
  ep  53: loss=0.4837  test_acc=64.62%  (best 67.95 @ ep 42)  [4.6s]
  ep  54: loss=0.4701  test_acc=67.00%  (best 67.95 @ ep 42)  [2.5s]
  ep  55: loss=0.4773  test_acc=66.96%  (best 67.95 @ ep 42)  [2.4s]
  ep  56: loss=0.4335  test_acc=64.68%  (best 67.95 @ ep 42)  [2.3s]
  ep  57: loss=0.4292  test_acc=66.41%  (best 67.95 @ ep 42)  [2.4s]
  ep  58: loss=0.4576  test_acc=59.82%  (best 67.95 @ ep 42)  [2.4s]
  ep  59: loss=0.4099  test_acc=68.14%  (best 68.14 @ ep 59)  [2.5s]
  ep  60: loss=0.4195  test_acc=66.72%  (best 68.14 @ ep 59)  [2.4s]
  ep  61: loss=0.4328  test_acc=67.26%  (best 68.14 @ ep 59)  [2.4s]
  ep  62: loss=0.4403  test_acc=68.46%  (best 68.46 @ ep 62)  [2.3s]
  ep  63: loss=0.4598  test_acc=68.47%  (best 68.47 @ ep 63)  [2.4s]
  ep  64: loss=0.3725  test_acc=68.40%  (best 68.47 @ ep 63)  [2.5s]
  ep  65: loss=0.3712  test_acc=68.30%  (best 68.47 @ ep 63)  [2.4s]
  ep  66: loss=0.3588  test_acc=66.86%  (best 68.47 @ ep 63)  [2.3s]
  ep  67: loss=0.4012  test_acc=68.72%  (best 68.72 @ ep 67)  [2.3s]
  ep  68: loss=0.3549  test_acc=67.81%  (best 68.72 @ ep 67)  [2.3s]
  ep  69: loss=0.3460  test_acc=68.34%  (best 68.72 @ ep 67)  [2.4s]
  ep  70: loss=0.4088  test_acc=69.28%  (best 69.28 @ ep 70)  [2.4s]
  ep  71: loss=0.3625  test_acc=69.99%  (best 69.99 @ ep 71)  [2.4s]
  ep  72: loss=0.3158  test_acc=69.29%  (best 69.99 @ ep 71)  [2.3s]
  ep  73: loss=0.3640  test_acc=68.89%  (best 69.99 @ ep 71)  [2.3s]
  ep  74: loss=0.3104  test_acc=69.75%  (best 69.99 @ ep 71)  [2.5s]
  ep  75: loss=0.2726  test_acc=67.75%  (best 69.99 @ ep 71)  [3.5s]  [logged per-sample loss: mean=0.283]
  ep  76: loss=0.2817  test_acc=66.83%  (best 69.99 @ ep 71)  [2.4s]
  ep  77: loss=0.2784  test_acc=69.29%  (best 69.99 @ ep 71)  [2.4s]
  ep  78: loss=0.3249  test_acc=68.70%  (best 69.99 @ ep 71)  [2.4s]
  ep  79: loss=0.2685  test_acc=66.88%  (best 69.99 @ ep 71)  [2.3s]
  ep  80: loss=0.2868  test_acc=69.87%  (best 69.99 @ ep 71)  [5.3s]
  ep  81: loss=0.2397  test_acc=68.51%  (best 69.99 @ ep 71)  [4.9s]
  ep  82: loss=0.2376  test_acc=69.10%  (best 69.99 @ ep 71)  [4.2s]
  ep  83: loss=0.2268  test_acc=70.33%  (best 70.33 @ ep 83)  [2.6s]
  ep  84: loss=0.2411  test_acc=69.39%  (best 70.33 @ ep 83)  [2.3s]
  ep  85: loss=0.2090  test_acc=69.39%  (best 70.33 @ ep 83)  [2.4s]
  ep  86: loss=0.2025  test_acc=70.00%  (best 70.33 @ ep 83)  [2.4s]
  ep  87: loss=0.1893  test_acc=69.46%  (best 70.33 @ ep 83)  [2.4s]
  ep  88: loss=0.1826  test_acc=69.10%  (best 70.33 @ ep 83)  [2.3s]
  ep  89: loss=0.1771  test_acc=69.02%  (best 70.33 @ ep 83)  [2.4s]
  ep  90: loss=0.1701  test_acc=68.11%  (best 70.33 @ ep 83)  [2.5s]
  ep  91: loss=0.1797  test_acc=69.73%  (best 70.33 @ ep 83)  [2.6s]
  ep  92: loss=0.1769  test_acc=69.10%  (best 70.33 @ ep 83)  [2.4s]
  ep  93: loss=0.1626  test_acc=69.85%  (best 70.33 @ ep 83)  [2.5s]
  ep  94: loss=0.1604  test_acc=70.22%  (best 70.33 @ ep 83)  [2.4s]
  ep  95: loss=0.1628  test_acc=69.37%  (best 70.33 @ ep 83)  [2.5s]
  ep  96: loss=0.1625  test_acc=68.71%  (best 70.33 @ ep 83)  [2.3s]
  ep  97: loss=0.1601  test_acc=68.61%  (best 70.33 @ ep 83)  [2.6s]
  ep  98: loss=0.1551  test_acc=69.00%  (best 70.33 @ ep 83)  [2.6s]
  ep  99: loss=0.1589  test_acc=68.87%  (best 70.33 @ ep 83)  [3.4s]  [logged per-sample loss: mean=0.130]

saved /path/to/ciln-workspace/journal_edition/robustness_transfer/results_v3/erm/ours__elastic_transform_sev3__seed2.json: best 70.33% @ ep 83
saved /path/to/ciln-workspace/journal_edition/robustness_transfer/results_v3/erm/ours__elastic_transform_sev3__seed2__persample.npz: persample (E=7, N=11010)
