/path/to/ciln-workspace/venv/lib/python3.12/site-packages/torchvision/datasets/cifar.py:83: VisibleDeprecationWarning: dtype(): align should be passed as Python or NumPy boolean but got `align=0`. Did you mean to pass a tuple to create a subarray type? (Deprecated NumPy 2.4)
  entry = pickle.load(f, encoding="latin1")
condition=gu_high seed=0 gpu=1
  ep   0: loss=1.9706  test_acc=28.48%  (best 28.48 @ ep 0)  [4.2s]
  ep   1: loss=1.7731  test_acc=37.62%  (best 37.62 @ ep 1)  [3.7s]
  ep   2: loss=1.6219  test_acc=44.57%  (best 44.57 @ ep 2)  [3.5s]
  ep   3: loss=1.5416  test_acc=42.90%  (best 44.57 @ ep 2)  [3.4s]
  ep   4: loss=1.4828  test_acc=44.38%  (best 44.57 @ ep 2)  [3.5s]
  ep   5: loss=1.4348  test_acc=49.63%  (best 49.63 @ ep 5)  [5.2s]  [logged per-sample loss: mean=1.471]
  ep   6: loss=1.4102  test_acc=48.97%  (best 49.63 @ ep 5)  [3.4s]
  ep   7: loss=1.3871  test_acc=53.85%  (best 53.85 @ ep 7)  [3.4s]
  ep   8: loss=1.3682  test_acc=51.78%  (best 53.85 @ ep 7)  [3.6s]
  ep   9: loss=1.3547  test_acc=52.26%  (best 53.85 @ ep 7)  [3.3s]
  ep  10: loss=1.3440  test_acc=55.55%  (best 55.55 @ ep 10)  [8.8s]  [logged per-sample loss: mean=1.456]
  ep  11: loss=1.3319  test_acc=53.75%  (best 55.55 @ ep 10)  [7.0s]
  ep  12: loss=1.3215  test_acc=50.31%  (best 55.55 @ ep 10)  [9.4s]
  ep  13: loss=1.3146  test_acc=51.17%  (best 55.55 @ ep 10)  [7.5s]
  ep  14: loss=1.3238  test_acc=53.75%  (best 55.55 @ ep 10)  [8.8s]
  ep  15: loss=1.3083  test_acc=52.81%  (best 55.55 @ ep 10)  [6.8s]
  ep  16: loss=1.3080  test_acc=53.94%  (best 55.55 @ ep 10)  [8.3s]
  ep  17: loss=1.2969  test_acc=52.90%  (best 55.55 @ ep 10)  [7.1s]
  ep  18: loss=1.2905  test_acc=57.51%  (best 57.51 @ ep 18)  [8.3s]
  ep  19: loss=1.2877  test_acc=55.75%  (best 57.51 @ ep 18)  [6.8s]
  ep  20: loss=1.2906  test_acc=51.74%  (best 57.51 @ ep 18)  [10.8s]  [logged per-sample loss: mean=1.443]
  ep  21: loss=1.2774  test_acc=53.31%  (best 57.51 @ ep 18)  [8.8s]
  ep  22: loss=1.2807  test_acc=54.61%  (best 57.51 @ ep 18)  [3.3s]
  ep  23: loss=1.2776  test_acc=58.90%  (best 58.90 @ ep 23)  [3.6s]
  ep  24: loss=1.2661  test_acc=54.34%  (best 58.90 @ ep 23)  [3.6s]
  ep  25: loss=1.2665  test_acc=56.84%  (best 58.90 @ ep 23)  [3.4s]
  ep  26: loss=1.2637  test_acc=55.30%  (best 58.90 @ ep 23)  [3.3s]
  ep  27: loss=1.2586  test_acc=57.50%  (best 58.90 @ ep 23)  [3.6s]
  ep  28: loss=1.2592  test_acc=55.13%  (best 58.90 @ ep 23)  [3.5s]
  ep  29: loss=1.2556  test_acc=55.32%  (best 58.90 @ ep 23)  [3.4s]
  ep  30: loss=1.2483  test_acc=59.57%  (best 59.57 @ ep 30)  [4.9s]  [logged per-sample loss: mean=1.269]
  ep  31: loss=1.2412  test_acc=59.89%  (best 59.89 @ ep 31)  [3.4s]
  ep  32: loss=1.2357  test_acc=52.92%  (best 59.89 @ ep 31)  [3.5s]
  ep  33: loss=1.2364  test_acc=55.31%  (best 59.89 @ ep 31)  [3.6s]
  ep  34: loss=1.2306  test_acc=60.19%  (best 60.19 @ ep 34)  [3.6s]
  ep  35: loss=1.2226  test_acc=61.49%  (best 61.49 @ ep 35)  [3.4s]
  ep  36: loss=1.2321  test_acc=60.77%  (best 61.49 @ ep 35)  [3.4s]
  ep  37: loss=1.2126  test_acc=59.29%  (best 61.49 @ ep 35)  [3.7s]
  ep  38: loss=1.2112  test_acc=53.61%  (best 61.49 @ ep 35)  [3.5s]
  ep  39: loss=1.2034  test_acc=55.60%  (best 61.49 @ ep 35)  [4.0s]
  ep  40: loss=1.2033  test_acc=54.98%  (best 61.49 @ ep 35)  [9.0s]
  ep  41: loss=1.2119  test_acc=54.89%  (best 61.49 @ ep 35)  [7.4s]
  ep  42: loss=1.1889  test_acc=60.32%  (best 61.49 @ ep 35)  [8.5s]
  ep  43: loss=1.1861  test_acc=57.20%  (best 61.49 @ ep 35)  [4.6s]
  ep  44: loss=1.1846  test_acc=57.33%  (best 61.49 @ ep 35)  [3.5s]
  ep  45: loss=1.1817  test_acc=63.00%  (best 63.00 @ ep 45)  [3.4s]
  ep  46: loss=1.1801  test_acc=60.19%  (best 63.00 @ ep 45)  [3.4s]
  ep  47: loss=1.1746  test_acc=58.68%  (best 63.00 @ ep 45)  [3.4s]
  ep  48: loss=1.1671  test_acc=55.46%  (best 63.00 @ ep 45)  [3.6s]
  ep  49: loss=1.1663  test_acc=59.60%  (best 63.00 @ ep 45)  [3.4s]
  ep  50: loss=1.1598  test_acc=60.54%  (best 63.00 @ ep 45)  [5.2s]  [logged per-sample loss: mean=1.160]
  ep  51: loss=1.1481  test_acc=61.23%  (best 63.00 @ ep 45)  [3.6s]
  ep  52: loss=1.1485  test_acc=59.58%  (best 63.00 @ ep 45)  [3.6s]
  ep  53: loss=1.1396  test_acc=58.31%  (best 63.00 @ ep 45)  [3.5s]
  ep  54: loss=1.1306  test_acc=62.32%  (best 63.00 @ ep 45)  [3.4s]
  ep  55: loss=1.1280  test_acc=57.74%  (best 63.00 @ ep 45)  [3.7s]
  ep  56: loss=1.1174  test_acc=61.25%  (best 63.00 @ ep 45)  [3.6s]
  ep  57: loss=1.1141  test_acc=62.68%  (best 63.00 @ ep 45)  [3.3s]
  ep  58: loss=1.1076  test_acc=59.84%  (best 63.00 @ ep 45)  [3.6s]
  ep  59: loss=1.1007  test_acc=58.68%  (best 63.00 @ ep 45)  [3.4s]
  ep  60: loss=1.0918  test_acc=57.77%  (best 63.00 @ ep 45)  [5.5s]
  ep  61: loss=1.0859  test_acc=61.36%  (best 63.00 @ ep 45)  [10.0s]
  ep  62: loss=1.0746  test_acc=54.44%  (best 63.00 @ ep 45)  [7.3s]
  ep  63: loss=1.0633  test_acc=62.12%  (best 63.00 @ ep 45)  [8.7s]
  ep  64: loss=1.0579  test_acc=59.83%  (best 63.00 @ ep 45)  [7.9s]
  ep  65: loss=1.0429  test_acc=58.79%  (best 63.00 @ ep 45)  [7.8s]
  ep  66: loss=1.0361  test_acc=63.12%  (best 63.12 @ ep 66)  [7.6s]
  ep  67: loss=1.0290  test_acc=60.50%  (best 63.12 @ ep 66)  [7.7s]
  ep  68: loss=1.0219  test_acc=56.91%  (best 63.12 @ ep 66)  [8.0s]
  ep  69: loss=1.0150  test_acc=58.52%  (best 63.12 @ ep 66)  [7.1s]
  ep  70: loss=0.9896  test_acc=61.58%  (best 63.12 @ ep 66)  [3.4s]
  ep  71: loss=0.9841  test_acc=62.31%  (best 63.12 @ ep 66)  [3.5s]
  ep  72: loss=0.9757  test_acc=61.68%  (best 63.12 @ ep 66)  [3.8s]
  ep  73: loss=0.9663  test_acc=60.80%  (best 63.12 @ ep 66)  [3.8s]
  ep  74: loss=0.9557  test_acc=58.29%  (best 63.12 @ ep 66)  [3.5s]
  ep  75: loss=0.9327  test_acc=60.85%  (best 63.12 @ ep 66)  [5.2s]  [logged per-sample loss: mean=0.932]
  ep  76: loss=0.9262  test_acc=61.57%  (best 63.12 @ ep 66)  [3.6s]
  ep  77: loss=0.9074  test_acc=58.61%  (best 63.12 @ ep 66)  [3.7s]
  ep  78: loss=0.8931  test_acc=60.24%  (best 63.12 @ ep 66)  [3.3s]
  ep  79: loss=0.8737  test_acc=62.77%  (best 63.12 @ ep 66)  [3.4s]
  ep  80: loss=0.8577  test_acc=62.87%  (best 63.12 @ ep 66)  [3.5s]
  ep  81: loss=0.8391  test_acc=60.11%  (best 63.12 @ ep 66)  [3.3s]
  ep  82: loss=0.8310  test_acc=62.09%  (best 63.12 @ ep 66)  [3.6s]
  ep  83: loss=0.8114  test_acc=61.74%  (best 63.12 @ ep 66)  [3.4s]
  ep  84: loss=0.7978  test_acc=59.72%  (best 63.12 @ ep 66)  [3.5s]
  ep  85: loss=0.7663  test_acc=59.60%  (best 63.12 @ ep 66)  [3.4s]
  ep  86: loss=0.7518  test_acc=59.78%  (best 63.12 @ ep 66)  [3.6s]
  ep  87: loss=0.7378  test_acc=59.37%  (best 63.12 @ ep 66)  [8.0s]
  ep  88: loss=0.7163  test_acc=60.18%  (best 63.12 @ ep 66)  [7.6s]
  ep  89: loss=0.7006  test_acc=59.56%  (best 63.12 @ ep 66)  [6.9s]
  ep  90: loss=0.6822  test_acc=60.62%  (best 63.12 @ ep 66)  [3.3s]
  ep  91: loss=0.6656  test_acc=60.58%  (best 63.12 @ ep 66)  [3.7s]
  ep  92: loss=0.6579  test_acc=60.28%  (best 63.12 @ ep 66)  [3.3s]
  ep  93: loss=0.6389  test_acc=59.34%  (best 63.12 @ ep 66)  [3.5s]
  ep  94: loss=0.6250  test_acc=59.18%  (best 63.12 @ ep 66)  [3.4s]
  ep  95: loss=0.6138  test_acc=59.16%  (best 63.12 @ ep 66)  [3.4s]
  ep  96: loss=0.6080  test_acc=59.39%  (best 63.12 @ ep 66)  [3.5s]
  ep  97: loss=0.6025  test_acc=59.65%  (best 63.12 @ ep 66)  [3.5s]
  ep  98: loss=0.6003  test_acc=59.80%  (best 63.12 @ ep 66)  [3.4s]
  ep  99: loss=0.5962  test_acc=59.63%  (best 63.12 @ ep 66)  [5.0s]  [logged per-sample loss: mean=0.559]

saved /path/to/ciln-workspace/journal_edition/robustness_transfer/results_v3/erm/gu_high__seed0.json: best 63.12% @ ep 66
saved /path/to/ciln-workspace/journal_edition/robustness_transfer/results_v3/erm/gu_high__seed0__persample.npz: persample (E=7, N=19987)
