/path/to/ciln-workspace/venv/lib/python3.12/site-packages/torchvision/datasets/cifar.py:83: VisibleDeprecationWarning: dtype(): align should be passed as Python or NumPy boolean but got `align=0`. Did you mean to pass a tuple to create a subarray type? (Deprecated NumPy 2.4)
  entry = pickle.load(f, encoding="latin1")
condition=ours__elastic_transform_sev3 seed=0 gpu=1
  ep   0: loss=1.8111  test_acc=28.03%  (best 28.03 @ ep 0)  [3.2s]
  ep   1: loss=1.5284  test_acc=24.82%  (best 28.03 @ ep 0)  [2.5s]
  ep   2: loss=1.4802  test_acc=35.25%  (best 35.25 @ ep 2)  [2.4s]
  ep   3: loss=1.2337  test_acc=38.52%  (best 38.52 @ ep 3)  [2.4s]
  ep   4: loss=1.1786  test_acc=41.96%  (best 41.96 @ ep 4)  [2.4s]
  ep   5: loss=1.0591  test_acc=43.82%  (best 43.82 @ ep 5)  [3.6s]  [logged per-sample loss: mean=1.258]
  ep   6: loss=0.9468  test_acc=45.73%  (best 45.73 @ ep 6)  [2.4s]
  ep   7: loss=0.9716  test_acc=53.54%  (best 53.54 @ ep 7)  [2.4s]
  ep   8: loss=0.8547  test_acc=51.26%  (best 53.54 @ ep 7)  [2.5s]
  ep   9: loss=0.8001  test_acc=50.77%  (best 53.54 @ ep 7)  [2.3s]
  ep  10: loss=0.7912  test_acc=56.66%  (best 56.66 @ ep 10)  [7.8s]  [logged per-sample loss: mean=0.896]
  ep  11: loss=0.8050  test_acc=49.78%  (best 56.66 @ ep 10)  [6.5s]
  ep  12: loss=0.7691  test_acc=43.64%  (best 56.66 @ ep 10)  [4.7s]
  ep  13: loss=0.8895  test_acc=35.68%  (best 56.66 @ ep 10)  [2.4s]
  ep  14: loss=0.7849  test_acc=54.80%  (best 56.66 @ ep 10)  [2.3s]
  ep  15: loss=0.7832  test_acc=56.13%  (best 56.66 @ ep 10)  [2.4s]
  ep  16: loss=0.6900  test_acc=63.28%  (best 63.28 @ ep 16)  [2.4s]
  ep  17: loss=0.6534  test_acc=58.73%  (best 63.28 @ ep 16)  [2.5s]
  ep  18: loss=0.6828  test_acc=57.94%  (best 63.28 @ ep 16)  [2.3s]
  ep  19: loss=0.6893  test_acc=53.13%  (best 63.28 @ ep 16)  [2.4s]
  ep  20: loss=0.6434  test_acc=62.13%  (best 63.28 @ ep 16)  [3.4s]  [logged per-sample loss: mean=0.635]
  ep  21: loss=0.6662  test_acc=62.33%  (best 63.28 @ ep 16)  [2.4s]
  ep  22: loss=0.6204  test_acc=38.33%  (best 63.28 @ ep 16)  [2.4s]
  ep  23: loss=0.6981  test_acc=60.92%  (best 63.28 @ ep 16)  [2.4s]
  ep  24: loss=0.6056  test_acc=58.34%  (best 63.28 @ ep 16)  [2.3s]
  ep  25: loss=0.6866  test_acc=52.84%  (best 63.28 @ ep 16)  [2.4s]
  ep  26: loss=0.6570  test_acc=62.18%  (best 63.28 @ ep 16)  [2.6s]
  ep  27: loss=0.6055  test_acc=58.67%  (best 63.28 @ ep 16)  [2.4s]
  ep  28: loss=0.5941  test_acc=61.02%  (best 63.28 @ ep 16)  [2.3s]
  ep  29: loss=0.6071  test_acc=63.74%  (best 63.74 @ ep 29)  [2.6s]
  ep  30: loss=0.5840  test_acc=63.67%  (best 63.74 @ ep 29)  [3.6s]  [logged per-sample loss: mean=0.643]
  ep  31: loss=0.5588  test_acc=58.35%  (best 63.74 @ ep 29)  [2.5s]
  ep  32: loss=0.5599  test_acc=66.71%  (best 66.71 @ ep 32)  [2.4s]
  ep  33: loss=0.6213  test_acc=64.22%  (best 66.71 @ ep 32)  [2.4s]
  ep  34: loss=0.5400  test_acc=63.58%  (best 66.71 @ ep 32)  [2.4s]
  ep  35: loss=0.5334  test_acc=53.63%  (best 66.71 @ ep 32)  [2.4s]
  ep  36: loss=0.5825  test_acc=60.46%  (best 66.71 @ ep 32)  [2.5s]
  ep  37: loss=0.5756  test_acc=57.37%  (best 66.71 @ ep 32)  [2.5s]
  ep  38: loss=0.6369  test_acc=59.24%  (best 66.71 @ ep 32)  [5.5s]
  ep  39: loss=0.5396  test_acc=65.33%  (best 66.71 @ ep 32)  [5.6s]
  ep  40: loss=0.5119  test_acc=65.78%  (best 66.71 @ ep 32)  [5.5s]
  ep  41: loss=0.5045  test_acc=59.36%  (best 66.71 @ ep 32)  [5.3s]
  ep  42: loss=0.6242  test_acc=65.22%  (best 66.71 @ ep 32)  [5.4s]
  ep  43: loss=0.5601  test_acc=67.71%  (best 67.71 @ ep 43)  [5.5s]
  ep  44: loss=0.4862  test_acc=67.00%  (best 67.71 @ ep 43)  [6.0s]
  ep  45: loss=0.4903  test_acc=63.51%  (best 67.71 @ ep 43)  [6.6s]
  ep  46: loss=0.5114  test_acc=63.90%  (best 67.71 @ ep 43)  [5.7s]
  ep  47: loss=0.5234  test_acc=66.39%  (best 67.71 @ ep 43)  [6.8s]
  ep  48: loss=0.4995  test_acc=67.30%  (best 67.71 @ ep 43)  [4.7s]
  ep  49: loss=0.5011  test_acc=66.21%  (best 67.71 @ ep 43)  [2.6s]
  ep  50: loss=0.4770  test_acc=67.12%  (best 67.71 @ ep 43)  [3.4s]  [logged per-sample loss: mean=0.475]
  ep  51: loss=0.4864  test_acc=67.25%  (best 67.71 @ ep 43)  [2.5s]
  ep  52: loss=0.4654  test_acc=67.49%  (best 67.71 @ ep 43)  [2.6s]
  ep  53: loss=0.4371  test_acc=67.45%  (best 67.71 @ ep 43)  [2.4s]
  ep  54: loss=0.4745  test_acc=66.79%  (best 67.71 @ ep 43)  [2.4s]
  ep  55: loss=0.4592  test_acc=53.92%  (best 67.71 @ ep 43)  [2.6s]
  ep  56: loss=0.4937  test_acc=68.21%  (best 68.21 @ ep 56)  [2.4s]
  ep  57: loss=0.4608  test_acc=62.21%  (best 68.21 @ ep 56)  [2.4s]
  ep  58: loss=0.4350  test_acc=69.20%  (best 69.20 @ ep 58)  [2.3s]
  ep  59: loss=0.4038  test_acc=65.33%  (best 69.20 @ ep 58)  [2.5s]
  ep  60: loss=0.4115  test_acc=63.43%  (best 69.20 @ ep 58)  [2.5s]
  ep  61: loss=0.3841  test_acc=63.50%  (best 69.20 @ ep 58)  [2.5s]
  ep  62: loss=0.4002  test_acc=69.18%  (best 69.20 @ ep 58)  [2.4s]
  ep  63: loss=0.3614  test_acc=62.89%  (best 69.20 @ ep 58)  [2.6s]
  ep  64: loss=0.4966  test_acc=64.29%  (best 69.20 @ ep 58)  [2.3s]
  ep  65: loss=0.3936  test_acc=67.36%  (best 69.20 @ ep 58)  [2.4s]
  ep  66: loss=0.4246  test_acc=65.62%  (best 69.20 @ ep 58)  [2.5s]
  ep  67: loss=0.4048  test_acc=69.51%  (best 69.51 @ ep 67)  [2.4s]
  ep  68: loss=0.3627  test_acc=69.08%  (best 69.51 @ ep 67)  [2.4s]
  ep  69: loss=0.3515  test_acc=69.34%  (best 69.51 @ ep 67)  [2.3s]
  ep  70: loss=0.3482  test_acc=70.05%  (best 70.05 @ ep 70)  [2.3s]
  ep  71: loss=0.3055  test_acc=70.22%  (best 70.22 @ ep 71)  [2.6s]
  ep  72: loss=0.3365  test_acc=68.18%  (best 70.22 @ ep 71)  [2.3s]
  ep  73: loss=0.3720  test_acc=69.30%  (best 70.22 @ ep 71)  [5.9s]
  ep  74: loss=0.3172  test_acc=69.95%  (best 70.22 @ ep 71)  [6.6s]
  ep  75: loss=0.2915  test_acc=69.29%  (best 70.22 @ ep 71)  [8.8s]  [logged per-sample loss: mean=0.268]
  ep  76: loss=0.3239  test_acc=69.70%  (best 70.22 @ ep 71)  [5.9s]
  ep  77: loss=0.3525  test_acc=69.72%  (best 70.22 @ ep 71)  [7.2s]
  ep  78: loss=0.2867  test_acc=69.96%  (best 70.22 @ ep 71)  [5.7s]
  ep  79: loss=0.2696  test_acc=69.86%  (best 70.22 @ ep 71)  [6.5s]
  ep  80: loss=0.2392  test_acc=68.97%  (best 70.22 @ ep 71)  [5.5s]
  ep  81: loss=0.2375  test_acc=68.64%  (best 70.22 @ ep 71)  [6.4s]
  ep  82: loss=0.2245  test_acc=69.87%  (best 70.22 @ ep 71)  [6.0s]
  ep  83: loss=0.2580  test_acc=69.44%  (best 70.22 @ ep 71)  [5.5s]
  ep  84: loss=0.2387  test_acc=69.87%  (best 70.22 @ ep 71)  [6.4s]
  ep  85: loss=0.2204  test_acc=69.75%  (best 70.22 @ ep 71)  [5.7s]
  ep  86: loss=0.2019  test_acc=68.80%  (best 70.22 @ ep 71)  [6.2s]
  ep  87: loss=0.1999  test_acc=69.70%  (best 70.22 @ ep 71)  [5.6s]
  ep  88: loss=0.1940  test_acc=69.42%  (best 70.22 @ ep 71)  [5.6s]
  ep  89: loss=0.1854  test_acc=68.63%  (best 70.22 @ ep 71)  [5.4s]
  ep  90: loss=0.1779  test_acc=69.09%  (best 70.22 @ ep 71)  [6.2s]
  ep  91: loss=0.1668  test_acc=69.36%  (best 70.22 @ ep 71)  [6.0s]
  ep  92: loss=0.1619  test_acc=69.31%  (best 70.22 @ ep 71)  [5.9s]
  ep  93: loss=0.1695  test_acc=69.59%  (best 70.22 @ ep 71)  [5.6s]
  ep  94: loss=0.1655  test_acc=69.21%  (best 70.22 @ ep 71)  [6.1s]
  ep  95: loss=0.1561  test_acc=69.64%  (best 70.22 @ ep 71)  [2.4s]
  ep  96: loss=0.1564  test_acc=69.52%  (best 70.22 @ ep 71)  [2.4s]
  ep  97: loss=0.1586  test_acc=69.19%  (best 70.22 @ ep 71)  [2.6s]
  ep  98: loss=0.1492  test_acc=69.64%  (best 70.22 @ ep 71)  [2.3s]
  ep  99: loss=0.1582  test_acc=69.34%  (best 70.22 @ ep 71)  [3.3s]  [logged per-sample loss: mean=0.135]

saved /path/to/ciln-workspace/journal_edition/robustness_transfer/results_v3/erm/ours__elastic_transform_sev3__seed0.json: best 70.22% @ ep 71
saved /path/to/ciln-workspace/journal_edition/robustness_transfer/results_v3/erm/ours__elastic_transform_sev3__seed0__persample.npz: persample (E=7, N=11010)
