/path/to/ciln-workspace/venv/lib/python3.12/site-packages/torchvision/datasets/cifar.py:83: VisibleDeprecationWarning: dtype(): align should be passed as Python or NumPy boolean but got `align=0`. Did you mean to pass a tuple to create a subarray type? (Deprecated NumPy 2.4)
  entry = pickle.load(f, encoding="latin1")
condition=ours__contrast_sev3 seed=1 gpu=2
  ep   0: loss=1.8150  test_acc=18.16%  (best 18.16 @ ep 0)  [3.3s]
  ep   1: loss=1.6854  test_acc=21.47%  (best 21.47 @ ep 1)  [2.4s]
  ep   2: loss=1.5920  test_acc=27.46%  (best 27.46 @ ep 2)  [2.3s]
  ep   3: loss=1.5400  test_acc=30.96%  (best 30.96 @ ep 3)  [2.5s]
  ep   4: loss=1.4763  test_acc=30.27%  (best 30.96 @ ep 3)  [2.3s]
  ep   5: loss=1.4290  test_acc=34.16%  (best 34.16 @ ep 5)  [3.6s]  [logged per-sample loss: mean=1.641]
  ep   6: loss=1.4295  test_acc=31.56%  (best 34.16 @ ep 5)  [2.5s]
  ep   7: loss=1.3714  test_acc=35.06%  (best 35.06 @ ep 7)  [2.4s]
  ep   8: loss=1.3242  test_acc=33.17%  (best 35.06 @ ep 7)  [2.6s]
  ep   9: loss=1.3235  test_acc=33.51%  (best 35.06 @ ep 7)  [2.3s]
  ep  10: loss=1.2986  test_acc=34.68%  (best 35.06 @ ep 7)  [3.5s]  [logged per-sample loss: mean=1.360]
  ep  11: loss=1.2983  test_acc=34.10%  (best 35.06 @ ep 7)  [2.4s]
  ep  12: loss=1.2891  test_acc=35.51%  (best 35.51 @ ep 12)  [2.7s]
  ep  13: loss=1.2469  test_acc=41.24%  (best 41.24 @ ep 13)  [2.5s]
  ep  14: loss=1.2404  test_acc=43.18%  (best 43.18 @ ep 14)  [2.5s]
  ep  15: loss=1.2447  test_acc=35.11%  (best 43.18 @ ep 14)  [3.9s]
  ep  16: loss=1.2131  test_acc=35.97%  (best 43.18 @ ep 14)  [4.7s]
  ep  17: loss=1.2244  test_acc=34.12%  (best 43.18 @ ep 14)  [6.0s]
  ep  18: loss=1.2126  test_acc=42.92%  (best 43.18 @ ep 14)  [4.8s]
  ep  19: loss=1.2088  test_acc=46.71%  (best 46.71 @ ep 19)  [4.8s]
  ep  20: loss=1.1869  test_acc=40.73%  (best 46.71 @ ep 19)  [8.4s]  [logged per-sample loss: mean=1.259]
  ep  21: loss=1.1706  test_acc=37.02%  (best 46.71 @ ep 19)  [5.5s]
  ep  22: loss=1.1761  test_acc=38.42%  (best 46.71 @ ep 19)  [4.8s]
  ep  23: loss=1.1621  test_acc=28.36%  (best 46.71 @ ep 19)  [4.8s]
  ep  24: loss=1.1823  test_acc=40.05%  (best 46.71 @ ep 19)  [2.4s]
  ep  25: loss=1.1353  test_acc=46.94%  (best 46.94 @ ep 25)  [2.5s]
  ep  26: loss=1.1572  test_acc=39.11%  (best 46.94 @ ep 25)  [2.3s]
  ep  27: loss=1.1473  test_acc=38.71%  (best 46.94 @ ep 25)  [2.6s]
  ep  28: loss=1.1592  test_acc=42.14%  (best 46.94 @ ep 25)  [2.6s]
  ep  29: loss=1.1653  test_acc=45.18%  (best 46.94 @ ep 25)  [2.5s]
  ep  30: loss=1.1244  test_acc=41.97%  (best 46.94 @ ep 25)  [3.4s]  [logged per-sample loss: mean=1.122]
  ep  31: loss=1.1170  test_acc=46.17%  (best 46.94 @ ep 25)  [2.5s]
  ep  32: loss=1.1199  test_acc=40.28%  (best 46.94 @ ep 25)  [2.5s]
  ep  33: loss=1.0783  test_acc=45.37%  (best 46.94 @ ep 25)  [2.3s]
  ep  34: loss=1.0973  test_acc=38.96%  (best 46.94 @ ep 25)  [2.4s]
  ep  35: loss=1.0897  test_acc=42.99%  (best 46.94 @ ep 25)  [2.5s]
  ep  36: loss=1.0963  test_acc=45.48%  (best 46.94 @ ep 25)  [2.3s]
  ep  37: loss=1.0840  test_acc=42.54%  (best 46.94 @ ep 25)  [2.4s]
  ep  38: loss=1.0858  test_acc=39.78%  (best 46.94 @ ep 25)  [2.4s]
  ep  39: loss=1.1139  test_acc=38.83%  (best 46.94 @ ep 25)  [2.5s]
  ep  40: loss=1.1022  test_acc=39.36%  (best 46.94 @ ep 25)  [2.6s]
  ep  41: loss=1.0729  test_acc=39.28%  (best 46.94 @ ep 25)  [2.3s]
  ep  42: loss=1.1212  test_acc=43.41%  (best 46.94 @ ep 25)  [2.6s]
  ep  43: loss=1.0923  test_acc=45.00%  (best 46.94 @ ep 25)  [2.6s]
  ep  44: loss=1.0286  test_acc=45.52%  (best 46.94 @ ep 25)  [2.4s]
  ep  45: loss=1.0406  test_acc=42.47%  (best 46.94 @ ep 25)  [2.4s]
  ep  46: loss=1.0634  test_acc=45.56%  (best 46.94 @ ep 25)  [2.4s]
  ep  47: loss=1.0310  test_acc=50.07%  (best 50.07 @ ep 47)  [2.5s]
  ep  48: loss=1.0436  test_acc=42.09%  (best 50.07 @ ep 47)  [4.2s]
  ep  49: loss=1.0338  test_acc=45.97%  (best 50.07 @ ep 47)  [2.5s]
  ep  50: loss=1.0532  test_acc=43.76%  (best 50.07 @ ep 47)  [3.5s]  [logged per-sample loss: mean=1.074]
  ep  51: loss=1.0695  test_acc=43.91%  (best 50.07 @ ep 47)  [2.4s]
  ep  52: loss=1.1119  test_acc=43.80%  (best 50.07 @ ep 47)  [2.4s]
  ep  53: loss=1.0393  test_acc=40.47%  (best 50.07 @ ep 47)  [2.3s]
  ep  54: loss=1.0165  test_acc=48.47%  (best 50.07 @ ep 47)  [2.5s]
  ep  55: loss=1.0400  test_acc=48.04%  (best 50.07 @ ep 47)  [2.5s]
  ep  56: loss=1.0189  test_acc=44.84%  (best 50.07 @ ep 47)  [2.4s]
  ep  57: loss=0.9760  test_acc=44.24%  (best 50.07 @ ep 47)  [2.4s]
  ep  58: loss=0.9615  test_acc=40.95%  (best 50.07 @ ep 47)  [2.5s]
  ep  59: loss=0.9521  test_acc=46.26%  (best 50.07 @ ep 47)  [2.3s]
  ep  60: loss=0.9501  test_acc=47.11%  (best 50.07 @ ep 47)  [2.4s]
  ep  61: loss=0.9422  test_acc=44.90%  (best 50.07 @ ep 47)  [2.5s]
  ep  62: loss=0.9705  test_acc=41.57%  (best 50.07 @ ep 47)  [2.5s]
  ep  63: loss=0.9023  test_acc=40.95%  (best 50.07 @ ep 47)  [2.4s]
  ep  64: loss=0.9130  test_acc=39.36%  (best 50.07 @ ep 47)  [2.4s]
  ep  65: loss=0.9534  test_acc=39.82%  (best 50.07 @ ep 47)  [2.3s]
  ep  66: loss=0.8886  test_acc=43.76%  (best 50.07 @ ep 47)  [2.5s]
  ep  67: loss=0.9452  test_acc=46.32%  (best 50.07 @ ep 47)  [2.5s]
  ep  68: loss=0.9164  test_acc=42.48%  (best 50.07 @ ep 47)  [2.4s]
  ep  69: loss=0.8933  test_acc=45.02%  (best 50.07 @ ep 47)  [2.3s]
  ep  70: loss=0.8995  test_acc=45.68%  (best 50.07 @ ep 47)  [2.5s]
  ep  71: loss=0.8307  test_acc=41.49%  (best 50.07 @ ep 47)  [2.5s]
  ep  72: loss=0.8124  test_acc=46.21%  (best 50.07 @ ep 47)  [2.4s]
  ep  73: loss=0.8551  test_acc=40.72%  (best 50.07 @ ep 47)  [2.3s]
  ep  74: loss=0.8057  test_acc=45.78%  (best 50.07 @ ep 47)  [4.4s]
  ep  75: loss=0.8119  test_acc=45.02%  (best 50.07 @ ep 47)  [7.6s]  [logged per-sample loss: mean=0.745]
  ep  76: loss=0.8078  test_acc=44.53%  (best 50.07 @ ep 47)  [6.4s]
  ep  77: loss=0.7517  test_acc=45.04%  (best 50.07 @ ep 47)  [4.8s]
  ep  78: loss=0.7158  test_acc=40.71%  (best 50.07 @ ep 47)  [4.9s]
  ep  79: loss=0.6975  test_acc=43.90%  (best 50.07 @ ep 47)  [5.4s]
  ep  80: loss=0.6933  test_acc=46.89%  (best 50.07 @ ep 47)  [4.8s]
  ep  81: loss=0.6673  test_acc=43.96%  (best 50.07 @ ep 47)  [4.8s]
  ep  82: loss=0.6550  test_acc=46.93%  (best 50.07 @ ep 47)  [6.3s]
  ep  83: loss=0.6819  test_acc=44.16%  (best 50.07 @ ep 47)  [4.9s]
  ep  84: loss=0.6258  test_acc=45.02%  (best 50.07 @ ep 47)  [6.5s]
  ep  85: loss=0.6518  test_acc=43.27%  (best 50.07 @ ep 47)  [4.9s]
  ep  86: loss=0.6256  test_acc=43.12%  (best 50.07 @ ep 47)  [4.9s]
  ep  87: loss=0.5842  test_acc=45.72%  (best 50.07 @ ep 47)  [5.3s]
  ep  88: loss=0.5829  test_acc=42.19%  (best 50.07 @ ep 47)  [4.8s]
  ep  89: loss=0.5487  test_acc=43.56%  (best 50.07 @ ep 47)  [5.1s]
  ep  90: loss=0.5410  test_acc=43.59%  (best 50.07 @ ep 47)  [5.8s]
  ep  91: loss=0.5517  test_acc=42.53%  (best 50.07 @ ep 47)  [4.7s]
  ep  92: loss=0.5260  test_acc=44.89%  (best 50.07 @ ep 47)  [5.3s]
  ep  93: loss=0.5013  test_acc=44.41%  (best 50.07 @ ep 47)  [4.7s]
  ep  94: loss=0.4981  test_acc=43.33%  (best 50.07 @ ep 47)  [5.2s]
  ep  95: loss=0.4916  test_acc=44.22%  (best 50.07 @ ep 47)  [6.1s]
  ep  96: loss=0.4852  test_acc=42.99%  (best 50.07 @ ep 47)  [4.7s]
  ep  97: loss=0.4781  test_acc=42.60%  (best 50.07 @ ep 47)  [4.5s]
  ep  98: loss=0.4841  test_acc=44.49%  (best 50.07 @ ep 47)  [2.5s]
  ep  99: loss=0.4758  test_acc=44.84%  (best 50.07 @ ep 47)  [3.3s]  [logged per-sample loss: mean=0.467]

saved /path/to/ciln-workspace/journal_edition/robustness_transfer/results_v3/erm/ours__contrast_sev3__seed1.json: best 50.07% @ ep 47
saved /path/to/ciln-workspace/journal_edition/robustness_transfer/results_v3/erm/ours__contrast_sev3__seed1__persample.npz: persample (E=7, N=11010)
