/path/to/ciln-workspace/venv/lib/python3.12/site-packages/torchvision/datasets/cifar.py:83: VisibleDeprecationWarning: dtype(): align should be passed as Python or NumPy boolean but got `align=0`. Did you mean to pass a tuple to create a subarray type? (Deprecated NumPy 2.4)
  entry = pickle.load(f, encoding="latin1")
condition=gu_medium seed=2 gpu=1
  ep   0: loss=1.8599  test_acc=39.89%  (best 39.89 @ ep 0)  [6.7s]
  ep   1: loss=1.5082  test_acc=35.06%  (best 39.89 @ ep 0)  [7.1s]
  ep   2: loss=1.3001  test_acc=47.06%  (best 47.06 @ ep 2)  [7.8s]
  ep   3: loss=1.1781  test_acc=56.81%  (best 56.81 @ ep 3)  [7.6s]
  ep   4: loss=1.0782  test_acc=44.14%  (best 56.81 @ ep 3)  [9.0s]
  ep   5: loss=1.0029  test_acc=54.50%  (best 56.81 @ ep 3)  [11.7s]  [logged per-sample loss: mean=1.363]
  ep   6: loss=0.9456  test_acc=55.38%  (best 56.81 @ ep 3)  [7.1s]
  ep   7: loss=0.9043  test_acc=68.46%  (best 68.46 @ ep 7)  [8.4s]
  ep   8: loss=0.8857  test_acc=66.92%  (best 68.46 @ ep 7)  [7.2s]
  ep   9: loss=0.8530  test_acc=67.19%  (best 68.46 @ ep 7)  [8.3s]
  ep  10: loss=0.8215  test_acc=58.87%  (best 68.46 @ ep 7)  [10.6s]  [logged per-sample loss: mean=1.208]
  ep  11: loss=0.8051  test_acc=67.23%  (best 68.46 @ ep 7)  [3.4s]
  ep  12: loss=0.7969  test_acc=65.72%  (best 68.46 @ ep 7)  [3.5s]
  ep  13: loss=0.7812  test_acc=63.31%  (best 68.46 @ ep 7)  [3.2s]
  ep  14: loss=0.7720  test_acc=71.31%  (best 71.31 @ ep 14)  [3.5s]
  ep  15: loss=0.7648  test_acc=72.13%  (best 72.13 @ ep 15)  [3.3s]
  ep  16: loss=0.7567  test_acc=66.73%  (best 72.13 @ ep 15)  [3.4s]
  ep  17: loss=0.7415  test_acc=67.49%  (best 72.13 @ ep 15)  [3.4s]
  ep  18: loss=0.7285  test_acc=70.25%  (best 72.13 @ ep 15)  [3.5s]
  ep  19: loss=0.7346  test_acc=70.68%  (best 72.13 @ ep 15)  [3.5s]
  ep  20: loss=0.7188  test_acc=71.02%  (best 72.13 @ ep 15)  [5.0s]  [logged per-sample loss: mean=0.771]
  ep  21: loss=0.7223  test_acc=68.23%  (best 72.13 @ ep 15)  [3.4s]
  ep  22: loss=0.7012  test_acc=73.27%  (best 73.27 @ ep 22)  [3.4s]
  ep  23: loss=0.6995  test_acc=69.14%  (best 73.27 @ ep 22)  [3.3s]
  ep  24: loss=0.6885  test_acc=72.68%  (best 73.27 @ ep 22)  [3.3s]
  ep  25: loss=0.6859  test_acc=66.08%  (best 73.27 @ ep 22)  [3.5s]
  ep  26: loss=0.6809  test_acc=71.71%  (best 73.27 @ ep 22)  [3.5s]
  ep  27: loss=0.6701  test_acc=71.90%  (best 73.27 @ ep 22)  [3.8s]
  ep  28: loss=0.6747  test_acc=69.82%  (best 73.27 @ ep 22)  [4.1s]
  ep  29: loss=0.6568  test_acc=63.65%  (best 73.27 @ ep 22)  [7.8s]
  ep  30: loss=0.6538  test_acc=62.51%  (best 73.27 @ ep 22)  [10.7s]  [logged per-sample loss: mean=1.200]
  ep  31: loss=0.6505  test_acc=72.25%  (best 73.27 @ ep 22)  [7.5s]
  ep  32: loss=0.6491  test_acc=72.06%  (best 73.27 @ ep 22)  [7.6s]
  ep  33: loss=0.6375  test_acc=73.93%  (best 73.93 @ ep 33)  [7.4s]
  ep  34: loss=0.6342  test_acc=75.51%  (best 75.51 @ ep 34)  [7.9s]
  ep  35: loss=0.6329  test_acc=65.63%  (best 75.51 @ ep 34)  [7.6s]
  ep  36: loss=0.6246  test_acc=71.51%  (best 75.51 @ ep 34)  [7.1s]
  ep  37: loss=0.6199  test_acc=71.32%  (best 75.51 @ ep 34)  [7.8s]
  ep  38: loss=0.6204  test_acc=72.67%  (best 75.51 @ ep 34)  [7.2s]
  ep  39: loss=0.5950  test_acc=75.81%  (best 75.81 @ ep 39)  [8.5s]
  ep  40: loss=0.6032  test_acc=75.28%  (best 75.81 @ ep 39)  [7.0s]
  ep  41: loss=0.5905  test_acc=71.67%  (best 75.81 @ ep 39)  [6.8s]
  ep  42: loss=0.5916  test_acc=74.18%  (best 75.81 @ ep 39)  [3.7s]
  ep  43: loss=0.5888  test_acc=63.42%  (best 75.81 @ ep 39)  [3.5s]
  ep  44: loss=0.5737  test_acc=70.22%  (best 75.81 @ ep 39)  [3.6s]
  ep  45: loss=0.5702  test_acc=74.31%  (best 75.81 @ ep 39)  [3.5s]
  ep  46: loss=0.5656  test_acc=73.16%  (best 75.81 @ ep 39)  [3.4s]
  ep  47: loss=0.5589  test_acc=73.74%  (best 75.81 @ ep 39)  [3.5s]
  ep  48: loss=0.5494  test_acc=77.43%  (best 77.43 @ ep 48)  [3.5s]
  ep  49: loss=0.5452  test_acc=75.25%  (best 77.43 @ ep 48)  [3.5s]
  ep  50: loss=0.5318  test_acc=77.99%  (best 77.99 @ ep 50)  [5.1s]  [logged per-sample loss: mean=0.509]
  ep  51: loss=0.5213  test_acc=73.26%  (best 77.99 @ ep 50)  [3.6s]
  ep  52: loss=0.5178  test_acc=76.68%  (best 77.99 @ ep 50)  [3.3s]
  ep  53: loss=0.5112  test_acc=76.89%  (best 77.99 @ ep 50)  [3.3s]
  ep  54: loss=0.4989  test_acc=70.01%  (best 77.99 @ ep 50)  [3.6s]
  ep  55: loss=0.5057  test_acc=73.90%  (best 77.99 @ ep 50)  [3.3s]
  ep  56: loss=0.4963  test_acc=75.51%  (best 77.99 @ ep 50)  [3.4s]
  ep  57: loss=0.4799  test_acc=77.78%  (best 77.99 @ ep 50)  [3.6s]
  ep  58: loss=0.4639  test_acc=69.18%  (best 77.99 @ ep 50)  [3.3s]
  ep  59: loss=0.4640  test_acc=73.78%  (best 77.99 @ ep 50)  [8.1s]
  ep  60: loss=0.4678  test_acc=76.56%  (best 77.99 @ ep 50)  [7.2s]
  ep  61: loss=0.4472  test_acc=76.56%  (best 77.99 @ ep 50)  [8.1s]
  ep  62: loss=0.4249  test_acc=76.18%  (best 77.99 @ ep 50)  [7.5s]
  ep  63: loss=0.4180  test_acc=78.31%  (best 78.31 @ ep 63)  [3.6s]
  ep  64: loss=0.4251  test_acc=76.12%  (best 78.31 @ ep 63)  [3.4s]
  ep  65: loss=0.4090  test_acc=76.67%  (best 78.31 @ ep 63)  [3.3s]
  ep  66: loss=0.3853  test_acc=77.33%  (best 78.31 @ ep 63)  [3.3s]
  ep  67: loss=0.3846  test_acc=78.03%  (best 78.31 @ ep 63)  [3.4s]
  ep  68: loss=0.3678  test_acc=76.63%  (best 78.31 @ ep 63)  [3.7s]
  ep  69: loss=0.3577  test_acc=77.05%  (best 78.31 @ ep 63)  [3.5s]
  ep  70: loss=0.3381  test_acc=76.80%  (best 78.31 @ ep 63)  [3.3s]
  ep  71: loss=0.3369  test_acc=77.91%  (best 78.31 @ ep 63)  [3.4s]
  ep  72: loss=0.3172  test_acc=76.67%  (best 78.31 @ ep 63)  [3.7s]
  ep  73: loss=0.3068  test_acc=76.30%  (best 78.31 @ ep 63)  [3.5s]
  ep  74: loss=0.2904  test_acc=76.34%  (best 78.31 @ ep 63)  [3.3s]
  ep  75: loss=0.2782  test_acc=76.57%  (best 78.31 @ ep 63)  [5.0s]  [logged per-sample loss: mean=0.307]
  ep  76: loss=0.2612  test_acc=77.81%  (best 78.31 @ ep 63)  [3.4s]
  ep  77: loss=0.2569  test_acc=77.64%  (best 78.31 @ ep 63)  [3.5s]
  ep  78: loss=0.2424  test_acc=77.73%  (best 78.31 @ ep 63)  [3.4s]
  ep  79: loss=0.2324  test_acc=77.59%  (best 78.31 @ ep 63)  [3.6s]
  ep  80: loss=0.2114  test_acc=78.45%  (best 78.45 @ ep 80)  [3.5s]
  ep  81: loss=0.1969  test_acc=78.15%  (best 78.45 @ ep 80)  [8.2s]
  ep  82: loss=0.1955  test_acc=77.32%  (best 78.45 @ ep 80)  [7.7s]
  ep  83: loss=0.1767  test_acc=78.51%  (best 78.51 @ ep 83)  [8.0s]
  ep  84: loss=0.1690  test_acc=78.50%  (best 78.51 @ ep 83)  [6.8s]
  ep  85: loss=0.1596  test_acc=78.04%  (best 78.51 @ ep 83)  [8.2s]
  ep  86: loss=0.1436  test_acc=78.97%  (best 78.97 @ ep 86)  [7.0s]
  ep  87: loss=0.1343  test_acc=78.88%  (best 78.97 @ ep 86)  [8.3s]
  ep  88: loss=0.1255  test_acc=78.31%  (best 78.97 @ ep 86)  [7.8s]
  ep  89: loss=0.1179  test_acc=78.35%  (best 78.97 @ ep 86)  [7.7s]
  ep  90: loss=0.1105  test_acc=78.54%  (best 78.97 @ ep 86)  [7.6s]
  ep  91: loss=0.1131  test_acc=78.35%  (best 78.97 @ ep 86)  [8.7s]
  ep  92: loss=0.1032  test_acc=79.19%  (best 79.19 @ ep 92)  [7.5s]
  ep  93: loss=0.0993  test_acc=78.63%  (best 79.19 @ ep 92)  [8.9s]
  ep  94: loss=0.0988  test_acc=78.62%  (best 79.19 @ ep 92)  [7.1s]
  ep  95: loss=0.0938  test_acc=78.82%  (best 79.19 @ ep 92)  [8.4s]
  ep  96: loss=0.0926  test_acc=78.84%  (best 79.19 @ ep 92)  [3.7s]
  ep  97: loss=0.0880  test_acc=79.03%  (best 79.19 @ ep 92)  [3.2s]
  ep  98: loss=0.0919  test_acc=78.64%  (best 79.19 @ ep 92)  [3.5s]
  ep  99: loss=0.0852  test_acc=78.83%  (best 79.19 @ ep 92)  [5.0s]  [logged per-sample loss: mean=0.064]

saved /path/to/ciln-workspace/journal_edition/robustness_transfer/results_v3/erm/gu_medium__seed2.json: best 79.19% @ ep 92
saved /path/to/ciln-workspace/journal_edition/robustness_transfer/results_v3/erm/gu_medium__seed2__persample.npz: persample (E=7, N=19987)
