/path/to/ciln-workspace/venv/lib/python3.12/site-packages/torchvision/datasets/cifar.py:83: VisibleDeprecationWarning: dtype(): align should be passed as Python or NumPy boolean but got `align=0`. Did you mean to pass a tuple to create a subarray type? (Deprecated NumPy 2.4)
  entry = pickle.load(f, encoding="latin1")
condition=ours__fog_sev3 seed=1 gpu=2
  ep   0: loss=1.9062  test_acc=23.13%  (best 23.13 @ ep 0)  [3.4s]
  ep   1: loss=1.7093  test_acc=24.28%  (best 24.28 @ ep 1)  [2.4s]
  ep   2: loss=1.6257  test_acc=25.93%  (best 25.93 @ ep 2)  [2.4s]
  ep   3: loss=1.5237  test_acc=27.51%  (best 27.51 @ ep 3)  [2.5s]
  ep   4: loss=1.3861  test_acc=40.07%  (best 40.07 @ ep 4)  [2.4s]
  ep   5: loss=1.2452  test_acc=37.81%  (best 40.07 @ ep 4)  [3.4s]  [logged per-sample loss: mean=1.477]
  ep   6: loss=1.2016  test_acc=38.05%  (best 40.07 @ ep 4)  [2.3s]
  ep   7: loss=1.1774  test_acc=45.93%  (best 45.93 @ ep 7)  [2.5s]
  ep   8: loss=1.1269  test_acc=46.42%  (best 46.42 @ ep 8)  [4.7s]
  ep   9: loss=1.0441  test_acc=42.02%  (best 46.42 @ ep 8)  [5.3s]
  ep  10: loss=0.9803  test_acc=48.53%  (best 48.53 @ ep 10)  [7.8s]  [logged per-sample loss: mean=1.272]
  ep  11: loss=0.9918  test_acc=49.24%  (best 49.24 @ ep 11)  [5.0s]
  ep  12: loss=0.9456  test_acc=49.82%  (best 49.82 @ ep 12)  [4.8s]
  ep  13: loss=0.9710  test_acc=51.85%  (best 51.85 @ ep 13)  [4.9s]
  ep  14: loss=0.9262  test_acc=50.36%  (best 51.85 @ ep 13)  [4.8s]
  ep  15: loss=0.9495  test_acc=51.66%  (best 51.85 @ ep 13)  [4.7s]
  ep  16: loss=0.9318  test_acc=44.33%  (best 51.85 @ ep 13)  [5.3s]
  ep  17: loss=0.9547  test_acc=44.77%  (best 51.85 @ ep 13)  [4.8s]
  ep  18: loss=0.9066  test_acc=54.71%  (best 54.71 @ ep 18)  [4.6s]
  ep  19: loss=0.8919  test_acc=51.67%  (best 54.71 @ ep 18)  [2.4s]
  ep  20: loss=0.8779  test_acc=49.12%  (best 54.71 @ ep 18)  [3.3s]  [logged per-sample loss: mean=1.213]
  ep  21: loss=0.8711  test_acc=55.09%  (best 55.09 @ ep 21)  [2.5s]
  ep  22: loss=0.8572  test_acc=54.05%  (best 55.09 @ ep 21)  [2.4s]
  ep  23: loss=0.8301  test_acc=45.41%  (best 55.09 @ ep 21)  [2.5s]
  ep  24: loss=0.8355  test_acc=56.50%  (best 56.50 @ ep 24)  [2.4s]
  ep  25: loss=0.8398  test_acc=43.86%  (best 56.50 @ ep 24)  [2.4s]
  ep  26: loss=0.9984  test_acc=57.24%  (best 57.24 @ ep 26)  [2.5s]
  ep  27: loss=0.8613  test_acc=61.65%  (best 61.65 @ ep 27)  [2.5s]
  ep  28: loss=0.8820  test_acc=59.57%  (best 61.65 @ ep 27)  [2.5s]
  ep  29: loss=0.8229  test_acc=55.70%  (best 61.65 @ ep 27)  [2.4s]
  ep  30: loss=0.8289  test_acc=57.53%  (best 61.65 @ ep 27)  [3.4s]  [logged per-sample loss: mean=0.892]
  ep  31: loss=0.8209  test_acc=53.51%  (best 61.65 @ ep 27)  [2.5s]
  ep  32: loss=0.8185  test_acc=50.61%  (best 61.65 @ ep 27)  [2.4s]
  ep  33: loss=0.7880  test_acc=58.75%  (best 61.65 @ ep 27)  [2.3s]
  ep  34: loss=0.7995  test_acc=53.92%  (best 61.65 @ ep 27)  [2.3s]
  ep  35: loss=0.8140  test_acc=50.56%  (best 61.65 @ ep 27)  [2.5s]
  ep  36: loss=0.9238  test_acc=61.42%  (best 61.65 @ ep 27)  [2.3s]
  ep  37: loss=0.8162  test_acc=58.21%  (best 61.65 @ ep 27)  [2.4s]
  ep  38: loss=0.7981  test_acc=59.18%  (best 61.65 @ ep 27)  [2.5s]
  ep  39: loss=0.8417  test_acc=52.06%  (best 61.65 @ ep 27)  [2.6s]
  ep  40: loss=0.8312  test_acc=56.94%  (best 61.65 @ ep 27)  [2.5s]
  ep  41: loss=0.7701  test_acc=61.57%  (best 61.65 @ ep 27)  [2.6s]
  ep  42: loss=0.7662  test_acc=58.71%  (best 61.65 @ ep 27)  [2.4s]
  ep  43: loss=0.7656  test_acc=58.43%  (best 61.65 @ ep 27)  [3.9s]
  ep  44: loss=0.7472  test_acc=64.23%  (best 64.23 @ ep 44)  [4.9s]
  ep  45: loss=0.7058  test_acc=49.57%  (best 64.23 @ ep 44)  [4.8s]
  ep  46: loss=0.7534  test_acc=64.93%  (best 64.93 @ ep 46)  [4.2s]
  ep  47: loss=0.7133  test_acc=56.30%  (best 64.93 @ ep 46)  [2.3s]
  ep  48: loss=0.7049  test_acc=63.78%  (best 64.93 @ ep 46)  [2.4s]
  ep  49: loss=0.7040  test_acc=58.86%  (best 64.93 @ ep 46)  [2.4s]
  ep  50: loss=0.7662  test_acc=63.91%  (best 64.93 @ ep 46)  [3.5s]  [logged per-sample loss: mean=0.848]
  ep  51: loss=0.7541  test_acc=64.33%  (best 64.93 @ ep 46)  [2.4s]
  ep  52: loss=0.7140  test_acc=56.01%  (best 64.93 @ ep 46)  [2.6s]
  ep  53: loss=0.7968  test_acc=57.11%  (best 64.93 @ ep 46)  [2.6s]
  ep  54: loss=0.7339  test_acc=63.36%  (best 64.93 @ ep 46)  [2.4s]
  ep  55: loss=0.6970  test_acc=62.86%  (best 64.93 @ ep 46)  [2.4s]
  ep  56: loss=0.6357  test_acc=56.98%  (best 64.93 @ ep 46)  [2.4s]
  ep  57: loss=0.6770  test_acc=55.25%  (best 64.93 @ ep 46)  [2.4s]
  ep  58: loss=0.7310  test_acc=64.48%  (best 64.93 @ ep 46)  [2.5s]
  ep  59: loss=0.7169  test_acc=62.33%  (best 64.93 @ ep 46)  [2.4s]
  ep  60: loss=0.6491  test_acc=62.68%  (best 64.93 @ ep 46)  [2.3s]
  ep  61: loss=0.6443  test_acc=63.60%  (best 64.93 @ ep 46)  [2.4s]
  ep  62: loss=0.6099  test_acc=63.10%  (best 64.93 @ ep 46)  [2.3s]
  ep  63: loss=0.5952  test_acc=59.93%  (best 64.93 @ ep 46)  [2.4s]
  ep  64: loss=0.5740  test_acc=56.90%  (best 64.93 @ ep 46)  [2.4s]
  ep  65: loss=0.6129  test_acc=60.07%  (best 64.93 @ ep 46)  [2.4s]
  ep  66: loss=0.5916  test_acc=61.05%  (best 64.93 @ ep 46)  [2.4s]
  ep  67: loss=0.6220  test_acc=62.76%  (best 64.93 @ ep 46)  [2.4s]
  ep  68: loss=0.6078  test_acc=60.95%  (best 64.93 @ ep 46)  [2.6s]
  ep  69: loss=0.5529  test_acc=61.60%  (best 64.93 @ ep 46)  [2.4s]
  ep  70: loss=0.5335  test_acc=62.78%  (best 64.93 @ ep 46)  [2.5s]
  ep  71: loss=0.5058  test_acc=62.93%  (best 64.93 @ ep 46)  [2.4s]
  ep  72: loss=0.5070  test_acc=59.48%  (best 64.93 @ ep 46)  [4.8s]
  ep  73: loss=0.5767  test_acc=57.63%  (best 64.93 @ ep 46)  [4.9s]
  ep  74: loss=0.4940  test_acc=59.23%  (best 64.93 @ ep 46)  [5.4s]
  ep  75: loss=0.4924  test_acc=64.02%  (best 64.93 @ ep 46)  [6.3s]  [logged per-sample loss: mean=0.452]
  ep  76: loss=0.4803  test_acc=62.17%  (best 64.93 @ ep 46)  [5.2s]
  ep  77: loss=0.4420  test_acc=64.13%  (best 64.93 @ ep 46)  [5.8s]
  ep  78: loss=0.4142  test_acc=62.84%  (best 64.93 @ ep 46)  [4.8s]
  ep  79: loss=0.4254  test_acc=61.60%  (best 64.93 @ ep 46)  [4.7s]
  ep  80: loss=0.4226  test_acc=62.27%  (best 64.93 @ ep 46)  [6.1s]
  ep  81: loss=0.4508  test_acc=62.15%  (best 64.93 @ ep 46)  [5.0s]
  ep  82: loss=0.3854  test_acc=63.33%  (best 64.93 @ ep 46)  [6.3s]
  ep  83: loss=0.3880  test_acc=61.64%  (best 64.93 @ ep 46)  [2.5s]
  ep  84: loss=0.3606  test_acc=62.74%  (best 64.93 @ ep 46)  [2.3s]
  ep  85: loss=0.3904  test_acc=61.13%  (best 64.93 @ ep 46)  [2.5s]
  ep  86: loss=0.3338  test_acc=63.59%  (best 64.93 @ ep 46)  [2.4s]
  ep  87: loss=0.3119  test_acc=63.15%  (best 64.93 @ ep 46)  [2.6s]
  ep  88: loss=0.3231  test_acc=61.35%  (best 64.93 @ ep 46)  [2.5s]
  ep  89: loss=0.3042  test_acc=60.35%  (best 64.93 @ ep 46)  [2.5s]
  ep  90: loss=0.2973  test_acc=61.89%  (best 64.93 @ ep 46)  [2.3s]
  ep  91: loss=0.3000  test_acc=61.27%  (best 64.93 @ ep 46)  [2.4s]
  ep  92: loss=0.2787  test_acc=63.07%  (best 64.93 @ ep 46)  [2.5s]
  ep  93: loss=0.2763  test_acc=62.86%  (best 64.93 @ ep 46)  [2.5s]
  ep  94: loss=0.2727  test_acc=61.61%  (best 64.93 @ ep 46)  [2.4s]
  ep  95: loss=0.2643  test_acc=61.56%  (best 64.93 @ ep 46)  [2.4s]
  ep  96: loss=0.2625  test_acc=61.74%  (best 64.93 @ ep 46)  [2.3s]
  ep  97: loss=0.2552  test_acc=61.51%  (best 64.93 @ ep 46)  [2.4s]
  ep  98: loss=0.2589  test_acc=62.50%  (best 64.93 @ ep 46)  [2.5s]
  ep  99: loss=0.2566  test_acc=61.78%  (best 64.93 @ ep 46)  [3.5s]  [logged per-sample loss: mean=0.244]

saved /path/to/ciln-workspace/journal_edition/robustness_transfer/results_v3/erm/ours__fog_sev3__seed1.json: best 64.93% @ ep 46
saved /path/to/ciln-workspace/journal_edition/robustness_transfer/results_v3/erm/ours__fog_sev3__seed1__persample.npz: persample (E=7, N=11010)
