/path/to/ciln-workspace/venv/lib/python3.12/site-packages/torchvision/datasets/cifar.py:83: VisibleDeprecationWarning: dtype(): align should be passed as Python or NumPy boolean but got `align=0`. Did you mean to pass a tuple to create a subarray type? (Deprecated NumPy 2.4)
  entry = pickle.load(f, encoding="latin1")
condition=ours__motion_blur_sev3 seed=0 gpu=2
  ep   0: loss=1.8508  test_acc=28.41%  (best 28.41 @ ep 0)  [3.2s]
  ep   1: loss=1.5837  test_acc=17.67%  (best 28.41 @ ep 0)  [2.4s]
  ep   2: loss=1.5644  test_acc=33.00%  (best 33.00 @ ep 2)  [2.3s]
  ep   3: loss=1.3891  test_acc=39.11%  (best 39.11 @ ep 3)  [2.3s]
  ep   4: loss=1.3323  test_acc=40.37%  (best 40.37 @ ep 4)  [2.4s]
  ep   5: loss=1.2901  test_acc=47.39%  (best 47.39 @ ep 5)  [3.5s]  [logged per-sample loss: mean=1.356]
  ep   6: loss=1.2090  test_acc=49.14%  (best 49.14 @ ep 6)  [2.4s]
  ep   7: loss=1.1410  test_acc=49.95%  (best 49.95 @ ep 7)  [2.5s]
  ep   8: loss=1.1028  test_acc=44.51%  (best 49.95 @ ep 7)  [2.4s]
  ep   9: loss=1.0407  test_acc=51.17%  (best 51.17 @ ep 9)  [2.4s]
  ep  10: loss=1.0532  test_acc=41.87%  (best 51.17 @ ep 9)  [3.4s]  [logged per-sample loss: mean=1.540]
  ep  11: loss=1.1195  test_acc=41.33%  (best 51.17 @ ep 9)  [2.4s]
  ep  12: loss=1.0528  test_acc=49.17%  (best 51.17 @ ep 9)  [2.4s]
  ep  13: loss=1.0391  test_acc=48.69%  (best 51.17 @ ep 9)  [2.5s]
  ep  14: loss=1.0488  test_acc=52.51%  (best 52.51 @ ep 14)  [2.4s]
  ep  15: loss=1.0266  test_acc=55.36%  (best 55.36 @ ep 15)  [2.6s]
  ep  16: loss=0.9576  test_acc=56.37%  (best 56.37 @ ep 16)  [2.6s]
  ep  17: loss=0.9259  test_acc=57.41%  (best 57.41 @ ep 17)  [2.4s]
  ep  18: loss=0.9304  test_acc=56.85%  (best 57.41 @ ep 17)  [2.6s]
  ep  19: loss=0.9246  test_acc=53.55%  (best 57.41 @ ep 17)  [2.5s]
  ep  20: loss=0.8867  test_acc=48.90%  (best 57.41 @ ep 17)  [3.4s]  [logged per-sample loss: mean=1.152]
  ep  21: loss=0.9000  test_acc=55.14%  (best 57.41 @ ep 17)  [2.3s]
  ep  22: loss=0.8971  test_acc=56.21%  (best 57.41 @ ep 17)  [3.3s]
  ep  23: loss=0.8733  test_acc=50.98%  (best 57.41 @ ep 17)  [5.0s]
  ep  24: loss=0.9056  test_acc=52.50%  (best 57.41 @ ep 17)  [5.6s]
  ep  25: loss=0.8822  test_acc=61.61%  (best 61.61 @ ep 25)  [4.5s]
  ep  26: loss=0.8994  test_acc=58.37%  (best 61.61 @ ep 25)  [4.9s]
  ep  27: loss=0.8533  test_acc=49.08%  (best 61.61 @ ep 25)  [4.2s]
  ep  28: loss=0.8382  test_acc=57.04%  (best 61.61 @ ep 25)  [2.5s]
  ep  29: loss=0.9520  test_acc=55.19%  (best 61.61 @ ep 25)  [2.7s]
  ep  30: loss=0.8751  test_acc=56.66%  (best 61.61 @ ep 25)  [3.6s]  [logged per-sample loss: mean=1.018]
  ep  31: loss=0.8483  test_acc=58.02%  (best 61.61 @ ep 25)  [2.5s]
  ep  32: loss=0.8487  test_acc=60.93%  (best 61.61 @ ep 25)  [2.5s]
  ep  33: loss=0.8536  test_acc=60.85%  (best 61.61 @ ep 25)  [2.4s]
  ep  34: loss=0.8166  test_acc=48.91%  (best 61.61 @ ep 25)  [2.4s]
  ep  35: loss=0.8150  test_acc=55.63%  (best 61.61 @ ep 25)  [2.6s]
  ep  36: loss=0.8117  test_acc=56.79%  (best 61.61 @ ep 25)  [2.3s]
  ep  37: loss=0.7916  test_acc=58.31%  (best 61.61 @ ep 25)  [2.4s]
  ep  38: loss=0.8144  test_acc=53.43%  (best 61.61 @ ep 25)  [2.4s]
  ep  39: loss=0.7649  test_acc=57.80%  (best 61.61 @ ep 25)  [2.4s]
  ep  40: loss=0.7587  test_acc=48.40%  (best 61.61 @ ep 25)  [2.4s]
  ep  41: loss=0.7641  test_acc=59.12%  (best 61.61 @ ep 25)  [2.6s]
  ep  42: loss=0.8364  test_acc=57.87%  (best 61.61 @ ep 25)  [2.6s]
  ep  43: loss=0.8047  test_acc=59.78%  (best 61.61 @ ep 25)  [2.4s]
  ep  44: loss=0.7753  test_acc=59.55%  (best 61.61 @ ep 25)  [2.4s]
  ep  45: loss=0.7310  test_acc=52.23%  (best 61.61 @ ep 25)  [2.4s]
  ep  46: loss=0.7503  test_acc=53.46%  (best 61.61 @ ep 25)  [2.3s]
  ep  47: loss=0.7434  test_acc=60.84%  (best 61.61 @ ep 25)  [2.5s]
  ep  48: loss=0.8000  test_acc=59.26%  (best 61.61 @ ep 25)  [2.4s]
  ep  49: loss=0.7345  test_acc=57.42%  (best 61.61 @ ep 25)  [2.5s]
  ep  50: loss=0.7184  test_acc=59.44%  (best 61.61 @ ep 25)  [3.3s]  [logged per-sample loss: mean=0.780]
  ep  51: loss=0.7701  test_acc=59.61%  (best 61.61 @ ep 25)  [3.2s]
  ep  52: loss=0.7231  test_acc=63.41%  (best 63.41 @ ep 52)  [4.8s]
  ep  53: loss=0.6832  test_acc=58.61%  (best 63.41 @ ep 52)  [6.2s]
  ep  54: loss=0.6946  test_acc=56.08%  (best 63.41 @ ep 52)  [4.6s]
  ep  55: loss=0.7695  test_acc=62.56%  (best 63.41 @ ep 52)  [5.0s]
  ep  56: loss=0.6948  test_acc=57.25%  (best 63.41 @ ep 52)  [5.9s]
  ep  57: loss=0.7107  test_acc=59.11%  (best 63.41 @ ep 52)  [4.7s]
  ep  58: loss=0.6889  test_acc=56.64%  (best 63.41 @ ep 52)  [5.0s]
  ep  59: loss=0.6588  test_acc=61.16%  (best 63.41 @ ep 52)  [5.9s]
  ep  60: loss=0.6502  test_acc=57.68%  (best 63.41 @ ep 52)  [4.8s]
  ep  61: loss=0.6461  test_acc=57.29%  (best 63.41 @ ep 52)  [4.6s]
  ep  62: loss=0.6999  test_acc=63.21%  (best 63.41 @ ep 52)  [5.1s]
  ep  63: loss=0.6051  test_acc=62.60%  (best 63.41 @ ep 52)  [4.8s]
  ep  64: loss=0.6508  test_acc=60.97%  (best 63.41 @ ep 52)  [5.0s]
  ep  65: loss=0.5862  test_acc=57.35%  (best 63.41 @ ep 52)  [5.0s]
  ep  66: loss=0.6494  test_acc=57.95%  (best 63.41 @ ep 52)  [4.9s]
  ep  67: loss=0.6758  test_acc=59.60%  (best 63.41 @ ep 52)  [4.8s]
  ep  68: loss=0.5898  test_acc=62.82%  (best 63.41 @ ep 52)  [4.9s]
  ep  69: loss=0.5686  test_acc=57.48%  (best 63.41 @ ep 52)  [5.0s]
  ep  70: loss=0.5789  test_acc=60.92%  (best 63.41 @ ep 52)  [5.4s]
  ep  71: loss=0.5404  test_acc=62.39%  (best 63.41 @ ep 52)  [5.0s]
  ep  72: loss=0.5341  test_acc=63.17%  (best 63.41 @ ep 52)  [4.7s]
  ep  73: loss=0.4936  test_acc=58.82%  (best 63.41 @ ep 52)  [5.3s]
  ep  74: loss=0.5314  test_acc=61.26%  (best 63.41 @ ep 52)  [2.6s]
  ep  75: loss=0.4862  test_acc=62.67%  (best 63.41 @ ep 52)  [3.5s]  [logged per-sample loss: mean=0.452]
  ep  76: loss=0.5136  test_acc=60.95%  (best 63.41 @ ep 52)  [2.4s]
  ep  77: loss=0.5419  test_acc=59.49%  (best 63.41 @ ep 52)  [2.4s]
  ep  78: loss=0.4534  test_acc=60.05%  (best 63.41 @ ep 52)  [2.4s]
  ep  79: loss=0.4472  test_acc=63.76%  (best 63.76 @ ep 79)  [2.4s]
  ep  80: loss=0.4215  test_acc=58.84%  (best 63.76 @ ep 79)  [2.4s]
  ep  81: loss=0.4107  test_acc=63.30%  (best 63.76 @ ep 79)  [2.4s]
  ep  82: loss=0.3971  test_acc=58.83%  (best 63.76 @ ep 79)  [2.4s]
  ep  83: loss=0.4351  test_acc=62.13%  (best 63.76 @ ep 79)  [2.4s]
  ep  84: loss=0.4147  test_acc=61.98%  (best 63.76 @ ep 79)  [2.4s]
  ep  85: loss=0.3574  test_acc=62.51%  (best 63.76 @ ep 79)  [2.5s]
  ep  86: loss=0.3531  test_acc=58.28%  (best 63.76 @ ep 79)  [2.4s]
  ep  87: loss=0.3359  test_acc=60.64%  (best 63.76 @ ep 79)  [2.3s]
  ep  88: loss=0.3412  test_acc=59.67%  (best 63.76 @ ep 79)  [2.5s]
  ep  89: loss=0.3311  test_acc=60.65%  (best 63.76 @ ep 79)  [2.4s]
  ep  90: loss=0.3149  test_acc=60.31%  (best 63.76 @ ep 79)  [2.5s]
  ep  91: loss=0.2973  test_acc=61.03%  (best 63.76 @ ep 79)  [2.4s]
  ep  92: loss=0.2933  test_acc=61.14%  (best 63.76 @ ep 79)  [2.5s]
  ep  93: loss=0.2874  test_acc=59.93%  (best 63.76 @ ep 79)  [2.5s]
  ep  94: loss=0.2852  test_acc=60.64%  (best 63.76 @ ep 79)  [2.4s]
  ep  95: loss=0.2723  test_acc=59.50%  (best 63.76 @ ep 79)  [2.4s]
  ep  96: loss=0.2752  test_acc=61.14%  (best 63.76 @ ep 79)  [2.5s]
  ep  97: loss=0.2748  test_acc=60.06%  (best 63.76 @ ep 79)  [2.5s]
  ep  98: loss=0.2787  test_acc=61.35%  (best 63.76 @ ep 79)  [2.4s]
  ep  99: loss=0.2780  test_acc=59.97%  (best 63.76 @ ep 79)  [6.1s]  [logged per-sample loss: mean=0.240]

saved /path/to/ciln-workspace/journal_edition/robustness_transfer/results_v3/erm/ours__motion_blur_sev3__seed0.json: best 63.76% @ ep 79
saved /path/to/ciln-workspace/journal_edition/robustness_transfer/results_v3/erm/ours__motion_blur_sev3__seed0__persample.npz: persample (E=7, N=11010)
