/path/to/ciln-workspace/venv/lib/python3.12/site-packages/torchvision/datasets/cifar.py:83: VisibleDeprecationWarning: dtype(): align should be passed as Python or NumPy boolean but got `align=0`. Did you mean to pass a tuple to create a subarray type? (Deprecated NumPy 2.4)
  entry = pickle.load(f, encoding="latin1")
condition=ours__brightness_sev5 seed=2 gpu=1
  ep   0: loss=1.7856  test_acc=29.29%  (best 29.29 @ ep 0)  [3.2s]
  ep   1: loss=1.4660  test_acc=33.24%  (best 33.24 @ ep 1)  [2.5s]
  ep   2: loss=1.3245  test_acc=42.14%  (best 42.14 @ ep 2)  [2.5s]
  ep   3: loss=1.1990  test_acc=42.15%  (best 42.15 @ ep 3)  [2.5s]
  ep   4: loss=1.1407  test_acc=48.72%  (best 48.72 @ ep 4)  [2.3s]
  ep   5: loss=1.0755  test_acc=41.68%  (best 48.72 @ ep 4)  [3.3s]  [logged per-sample loss: mean=1.444]
  ep   6: loss=1.0586  test_acc=52.75%  (best 52.75 @ ep 6)  [2.6s]
  ep   7: loss=1.0256  test_acc=48.86%  (best 52.75 @ ep 6)  [2.5s]
  ep   8: loss=0.9703  test_acc=51.84%  (best 52.75 @ ep 6)  [2.4s]
  ep   9: loss=1.0412  test_acc=42.93%  (best 52.75 @ ep 6)  [2.3s]
  ep  10: loss=1.0038  test_acc=43.93%  (best 52.75 @ ep 6)  [3.6s]  [logged per-sample loss: mean=1.467]
  ep  11: loss=0.9981  test_acc=45.62%  (best 52.75 @ ep 6)  [2.4s]
  ep  12: loss=0.9817  test_acc=52.20%  (best 52.75 @ ep 6)  [2.5s]
  ep  13: loss=0.9022  test_acc=54.15%  (best 54.15 @ ep 13)  [2.6s]
  ep  14: loss=0.9595  test_acc=55.05%  (best 55.05 @ ep 14)  [2.4s]
  ep  15: loss=0.8876  test_acc=55.54%  (best 55.54 @ ep 15)  [2.5s]
  ep  16: loss=0.8778  test_acc=53.43%  (best 55.54 @ ep 15)  [2.5s]
  ep  17: loss=0.8504  test_acc=59.31%  (best 59.31 @ ep 17)  [2.4s]
  ep  18: loss=0.8494  test_acc=51.25%  (best 59.31 @ ep 17)  [2.5s]
  ep  19: loss=0.8953  test_acc=53.26%  (best 59.31 @ ep 17)  [2.5s]
  ep  20: loss=0.9141  test_acc=58.72%  (best 59.31 @ ep 17)  [4.5s]  [logged per-sample loss: mean=0.811]
  ep  21: loss=0.8354  test_acc=58.25%  (best 59.31 @ ep 17)  [4.7s]
  ep  22: loss=0.9012  test_acc=55.24%  (best 59.31 @ ep 17)  [6.0s]
  ep  23: loss=0.8392  test_acc=60.55%  (best 60.55 @ ep 23)  [4.8s]
  ep  24: loss=0.8184  test_acc=60.11%  (best 60.55 @ ep 23)  [6.2s]
  ep  25: loss=0.8388  test_acc=54.70%  (best 60.55 @ ep 23)  [4.8s]
  ep  26: loss=0.9159  test_acc=50.46%  (best 60.55 @ ep 23)  [6.2s]
  ep  27: loss=0.8215  test_acc=58.14%  (best 60.55 @ ep 23)  [4.8s]
  ep  28: loss=0.8002  test_acc=55.24%  (best 60.55 @ ep 23)  [6.7s]
  ep  29: loss=0.7949  test_acc=55.76%  (best 60.55 @ ep 23)  [4.8s]
  ep  30: loss=0.8751  test_acc=53.94%  (best 60.55 @ ep 23)  [8.5s]  [logged per-sample loss: mean=1.016]
  ep  31: loss=0.8131  test_acc=61.44%  (best 61.44 @ ep 31)  [5.5s]
  ep  32: loss=0.8023  test_acc=62.41%  (best 62.41 @ ep 32)  [5.0s]
  ep  33: loss=0.7995  test_acc=59.03%  (best 62.41 @ ep 32)  [6.1s]
  ep  34: loss=0.7868  test_acc=57.24%  (best 62.41 @ ep 32)  [5.0s]
  ep  35: loss=0.7732  test_acc=62.41%  (best 62.41 @ ep 32)  [4.8s]
  ep  36: loss=0.7872  test_acc=58.81%  (best 62.41 @ ep 32)  [2.5s]
  ep  37: loss=0.7612  test_acc=56.62%  (best 62.41 @ ep 32)  [2.3s]
  ep  38: loss=0.7799  test_acc=57.76%  (best 62.41 @ ep 32)  [2.6s]
  ep  39: loss=0.7275  test_acc=57.70%  (best 62.41 @ ep 32)  [2.5s]
  ep  40: loss=0.7323  test_acc=62.12%  (best 62.41 @ ep 32)  [2.4s]
  ep  41: loss=0.7093  test_acc=59.75%  (best 62.41 @ ep 32)  [2.4s]
  ep  42: loss=0.7332  test_acc=61.03%  (best 62.41 @ ep 32)  [2.4s]
  ep  43: loss=0.7415  test_acc=56.00%  (best 62.41 @ ep 32)  [2.4s]
  ep  44: loss=0.7848  test_acc=56.12%  (best 62.41 @ ep 32)  [2.4s]
  ep  45: loss=0.7672  test_acc=58.13%  (best 62.41 @ ep 32)  [2.4s]
  ep  46: loss=0.7369  test_acc=56.92%  (best 62.41 @ ep 32)  [2.5s]
  ep  47: loss=0.7122  test_acc=59.96%  (best 62.41 @ ep 32)  [2.5s]
  ep  48: loss=0.7017  test_acc=62.75%  (best 62.75 @ ep 48)  [2.4s]
  ep  49: loss=0.6930  test_acc=58.53%  (best 62.75 @ ep 48)  [2.4s]
  ep  50: loss=0.6563  test_acc=58.72%  (best 62.75 @ ep 48)  [3.5s]  [logged per-sample loss: mean=0.670]
  ep  51: loss=0.6798  test_acc=58.21%  (best 62.75 @ ep 48)  [2.5s]
  ep  52: loss=0.7635  test_acc=57.82%  (best 62.75 @ ep 48)  [2.4s]
  ep  53: loss=0.6987  test_acc=61.02%  (best 62.75 @ ep 48)  [2.4s]
  ep  54: loss=0.6556  test_acc=60.66%  (best 62.75 @ ep 48)  [2.3s]
  ep  55: loss=0.6477  test_acc=59.48%  (best 62.75 @ ep 48)  [2.5s]
  ep  56: loss=0.6797  test_acc=63.05%  (best 63.05 @ ep 56)  [2.3s]
  ep  57: loss=0.6700  test_acc=60.56%  (best 63.05 @ ep 56)  [2.4s]
  ep  58: loss=0.6904  test_acc=59.07%  (best 63.05 @ ep 56)  [2.6s]
  ep  59: loss=0.6206  test_acc=56.41%  (best 63.05 @ ep 56)  [2.5s]
  ep  60: loss=0.6071  test_acc=60.15%  (best 63.05 @ ep 56)  [3.3s]
  ep  61: loss=0.6183  test_acc=62.84%  (best 63.05 @ ep 56)  [2.5s]
  ep  62: loss=0.6710  test_acc=62.65%  (best 63.05 @ ep 56)  [2.4s]
  ep  63: loss=0.6130  test_acc=63.47%  (best 63.47 @ ep 63)  [2.4s]
  ep  64: loss=0.5864  test_acc=58.11%  (best 63.47 @ ep 63)  [2.3s]
  ep  65: loss=0.6287  test_acc=54.60%  (best 63.47 @ ep 63)  [2.5s]
  ep  66: loss=0.5868  test_acc=61.50%  (best 63.47 @ ep 63)  [2.5s]
  ep  67: loss=0.5730  test_acc=64.02%  (best 64.02 @ ep 67)  [2.5s]
  ep  68: loss=0.5487  test_acc=60.06%  (best 64.02 @ ep 67)  [2.6s]
  ep  69: loss=0.5542  test_acc=63.25%  (best 64.02 @ ep 67)  [2.6s]
  ep  70: loss=0.5438  test_acc=63.25%  (best 64.02 @ ep 67)  [2.5s]
  ep  71: loss=0.5250  test_acc=61.78%  (best 64.02 @ ep 67)  [2.5s]
  ep  72: loss=0.4905  test_acc=64.45%  (best 64.45 @ ep 72)  [2.5s]
  ep  73: loss=0.5467  test_acc=61.73%  (best 64.45 @ ep 72)  [2.5s]
  ep  74: loss=0.4925  test_acc=63.51%  (best 64.45 @ ep 72)  [2.5s]
  ep  75: loss=0.4745  test_acc=61.40%  (best 64.45 @ ep 72)  [3.6s]  [logged per-sample loss: mean=0.435]
  ep  76: loss=0.4527  test_acc=62.40%  (best 64.45 @ ep 72)  [2.4s]
  ep  77: loss=0.4452  test_acc=60.29%  (best 64.45 @ ep 72)  [2.5s]
  ep  78: loss=0.4536  test_acc=61.56%  (best 64.45 @ ep 72)  [2.4s]
  ep  79: loss=0.4681  test_acc=60.96%  (best 64.45 @ ep 72)  [2.4s]
  ep  80: loss=0.4704  test_acc=61.71%  (best 64.45 @ ep 72)  [2.4s]
  ep  81: loss=0.4237  test_acc=62.82%  (best 64.45 @ ep 72)  [2.4s]
  ep  82: loss=0.3981  test_acc=62.83%  (best 64.45 @ ep 72)  [2.4s]
  ep  83: loss=0.3743  test_acc=62.06%  (best 64.45 @ ep 72)  [2.5s]
  ep  84: loss=0.3676  test_acc=60.16%  (best 64.45 @ ep 72)  [2.5s]
  ep  85: loss=0.3681  test_acc=61.58%  (best 64.45 @ ep 72)  [4.2s]
  ep  86: loss=0.3427  test_acc=62.00%  (best 64.45 @ ep 72)  [2.5s]
  ep  87: loss=0.3463  test_acc=62.67%  (best 64.45 @ ep 72)  [2.4s]
  ep  88: loss=0.3762  test_acc=62.67%  (best 64.45 @ ep 72)  [2.5s]
  ep  89: loss=0.3309  test_acc=61.94%  (best 64.45 @ ep 72)  [2.4s]
  ep  90: loss=0.3161  test_acc=61.40%  (best 64.45 @ ep 72)  [2.4s]
  ep  91: loss=0.3094  test_acc=61.22%  (best 64.45 @ ep 72)  [2.3s]
  ep  92: loss=0.2944  test_acc=62.27%  (best 64.45 @ ep 72)  [2.4s]
  ep  93: loss=0.2863  test_acc=63.00%  (best 64.45 @ ep 72)  [2.5s]
  ep  94: loss=0.2908  test_acc=61.49%  (best 64.45 @ ep 72)  [2.5s]
  ep  95: loss=0.2822  test_acc=61.33%  (best 64.45 @ ep 72)  [2.5s]
  ep  96: loss=0.2814  test_acc=62.25%  (best 64.45 @ ep 72)  [2.5s]
  ep  97: loss=0.2731  test_acc=63.38%  (best 64.45 @ ep 72)  [2.5s]
  ep  98: loss=0.2717  test_acc=62.79%  (best 64.45 @ ep 72)  [2.5s]
  ep  99: loss=0.2780  test_acc=61.14%  (best 64.45 @ ep 72)  [3.6s]  [logged per-sample loss: mean=0.235]

saved /path/to/ciln-workspace/journal_edition/robustness_transfer/results_v3/erm/ours__brightness_sev5__seed2.json: best 64.45% @ ep 72
saved /path/to/ciln-workspace/journal_edition/robustness_transfer/results_v3/erm/ours__brightness_sev5__seed2__persample.npz: persample (E=7, N=11010)
