/path/to/ciln-workspace/venv/lib/python3.12/site-packages/torchvision/datasets/cifar.py:83: VisibleDeprecationWarning: dtype(): align should be passed as Python or NumPy boolean but got `align=0`. Did you mean to pass a tuple to create a subarray type? (Deprecated NumPy 2.4)
  entry = pickle.load(f, encoding="latin1")
condition=gu_medium seed=0 gpu=1
  ep   0: loss=1.8619  test_acc=36.94%  (best 36.94 @ ep 0)  [4.2s]
  ep   1: loss=1.5651  test_acc=41.80%  (best 41.80 @ ep 1)  [3.3s]
  ep   2: loss=1.3681  test_acc=51.27%  (best 51.27 @ ep 2)  [3.4s]
  ep   3: loss=1.2185  test_acc=48.32%  (best 51.27 @ ep 2)  [3.5s]
  ep   4: loss=1.1152  test_acc=58.30%  (best 58.30 @ ep 4)  [3.4s]
  ep   5: loss=1.0362  test_acc=58.87%  (best 58.87 @ ep 5)  [6.0s]  [logged per-sample loss: mean=1.082]
  ep   6: loss=0.9944  test_acc=61.67%  (best 61.67 @ ep 6)  [7.5s]
  ep   7: loss=0.9481  test_acc=62.13%  (best 62.13 @ ep 7)  [7.0s]
  ep   8: loss=0.9125  test_acc=61.15%  (best 62.13 @ ep 7)  [3.3s]
  ep   9: loss=0.8820  test_acc=47.62%  (best 62.13 @ ep 7)  [3.4s]
  ep  10: loss=0.8555  test_acc=65.14%  (best 65.14 @ ep 10)  [5.0s]  [logged per-sample loss: mean=0.957]
  ep  11: loss=0.8276  test_acc=66.01%  (best 66.01 @ ep 11)  [3.3s]
  ep  12: loss=0.8236  test_acc=69.35%  (best 69.35 @ ep 12)  [3.6s]
  ep  13: loss=0.7897  test_acc=67.47%  (best 69.35 @ ep 12)  [3.4s]
  ep  14: loss=0.7802  test_acc=63.35%  (best 69.35 @ ep 12)  [3.4s]
  ep  15: loss=0.7769  test_acc=68.21%  (best 69.35 @ ep 12)  [3.4s]
  ep  16: loss=0.7576  test_acc=71.70%  (best 71.70 @ ep 16)  [3.3s]
  ep  17: loss=0.7516  test_acc=63.74%  (best 71.70 @ ep 16)  [3.6s]
  ep  18: loss=0.7393  test_acc=70.52%  (best 71.70 @ ep 16)  [3.5s]
  ep  19: loss=0.7266  test_acc=72.94%  (best 72.94 @ ep 19)  [3.7s]
  ep  20: loss=0.7228  test_acc=66.23%  (best 72.94 @ ep 19)  [5.4s]  [logged per-sample loss: mean=0.971]
  ep  21: loss=0.7204  test_acc=66.29%  (best 72.94 @ ep 19)  [3.6s]
  ep  22: loss=0.7120  test_acc=73.44%  (best 73.44 @ ep 22)  [3.3s]
  ep  23: loss=0.7049  test_acc=70.65%  (best 73.44 @ ep 22)  [3.5s]
  ep  24: loss=0.6936  test_acc=71.22%  (best 73.44 @ ep 22)  [3.7s]
  ep  25: loss=0.6819  test_acc=72.14%  (best 73.44 @ ep 22)  [7.2s]
  ep  26: loss=0.6841  test_acc=70.27%  (best 73.44 @ ep 22)  [7.9s]
  ep  27: loss=0.6707  test_acc=72.06%  (best 73.44 @ ep 22)  [7.6s]
  ep  28: loss=0.6688  test_acc=73.20%  (best 73.44 @ ep 22)  [8.5s]
  ep  29: loss=0.6607  test_acc=75.37%  (best 75.37 @ ep 29)  [7.3s]
  ep  30: loss=0.6696  test_acc=70.89%  (best 75.37 @ ep 29)  [11.1s]  [logged per-sample loss: mean=0.785]
  ep  31: loss=0.6533  test_acc=71.09%  (best 75.37 @ ep 29)  [9.0s]
  ep  32: loss=0.6489  test_acc=72.83%  (best 75.37 @ ep 29)  [3.4s]
  ep  33: loss=0.6398  test_acc=74.70%  (best 75.37 @ ep 29)  [3.3s]
  ep  34: loss=0.6389  test_acc=72.79%  (best 75.37 @ ep 29)  [3.4s]
  ep  35: loss=0.6292  test_acc=71.11%  (best 75.37 @ ep 29)  [3.3s]
  ep  36: loss=0.6209  test_acc=65.83%  (best 75.37 @ ep 29)  [3.3s]
  ep  37: loss=0.6246  test_acc=77.97%  (best 77.97 @ ep 37)  [3.4s]
  ep  38: loss=0.6066  test_acc=72.66%  (best 77.97 @ ep 37)  [3.3s]
  ep  39: loss=0.5970  test_acc=72.74%  (best 77.97 @ ep 37)  [3.3s]
  ep  40: loss=0.5955  test_acc=74.47%  (best 77.97 @ ep 37)  [3.6s]
  ep  41: loss=0.5853  test_acc=72.78%  (best 77.97 @ ep 37)  [3.7s]
  ep  42: loss=0.5914  test_acc=76.15%  (best 77.97 @ ep 37)  [3.5s]
  ep  43: loss=0.5741  test_acc=73.94%  (best 77.97 @ ep 37)  [3.3s]
  ep  44: loss=0.5780  test_acc=73.59%  (best 77.97 @ ep 37)  [3.4s]
  ep  45: loss=0.5502  test_acc=74.13%  (best 77.97 @ ep 37)  [3.4s]
  ep  46: loss=0.5548  test_acc=73.72%  (best 77.97 @ ep 37)  [3.5s]
  ep  47: loss=0.5519  test_acc=72.73%  (best 77.97 @ ep 37)  [3.3s]
  ep  48: loss=0.5469  test_acc=74.86%  (best 77.97 @ ep 37)  [3.5s]
  ep  49: loss=0.5348  test_acc=75.61%  (best 77.97 @ ep 37)  [3.3s]
  ep  50: loss=0.5365  test_acc=76.55%  (best 77.97 @ ep 37)  [7.0s]  [logged per-sample loss: mean=0.565]
  ep  51: loss=0.5216  test_acc=77.21%  (best 77.97 @ ep 37)  [7.8s]
  ep  52: loss=0.5130  test_acc=77.77%  (best 77.97 @ ep 37)  [7.2s]
  ep  53: loss=0.5090  test_acc=74.36%  (best 77.97 @ ep 37)  [3.3s]
  ep  54: loss=0.5154  test_acc=76.85%  (best 77.97 @ ep 37)  [3.6s]
  ep  55: loss=0.4856  test_acc=75.22%  (best 77.97 @ ep 37)  [3.5s]
  ep  56: loss=0.4822  test_acc=75.20%  (best 77.97 @ ep 37)  [3.3s]
  ep  57: loss=0.4791  test_acc=72.09%  (best 77.97 @ ep 37)  [3.5s]
  ep  58: loss=0.4701  test_acc=77.06%  (best 77.97 @ ep 37)  [3.4s]
  ep  59: loss=0.4580  test_acc=72.91%  (best 77.97 @ ep 37)  [3.5s]
  ep  60: loss=0.4509  test_acc=72.91%  (best 77.97 @ ep 37)  [3.3s]
  ep  61: loss=0.4424  test_acc=77.86%  (best 77.97 @ ep 37)  [3.5s]
  ep  62: loss=0.4329  test_acc=75.20%  (best 77.97 @ ep 37)  [3.4s]
  ep  63: loss=0.4151  test_acc=72.67%  (best 77.97 @ ep 37)  [3.7s]
  ep  64: loss=0.4076  test_acc=77.82%  (best 77.97 @ ep 37)  [3.5s]
  ep  65: loss=0.3953  test_acc=75.56%  (best 77.97 @ ep 37)  [3.4s]
  ep  66: loss=0.3690  test_acc=77.80%  (best 77.97 @ ep 37)  [3.5s]
  ep  67: loss=0.3731  test_acc=76.73%  (best 77.97 @ ep 37)  [3.5s]
  ep  68: loss=0.3613  test_acc=78.18%  (best 78.18 @ ep 68)  [3.6s]
  ep  69: loss=0.3494  test_acc=74.56%  (best 78.18 @ ep 68)  [3.6s]
  ep  70: loss=0.3420  test_acc=77.26%  (best 78.18 @ ep 68)  [3.4s]
  ep  71: loss=0.3208  test_acc=76.94%  (best 78.18 @ ep 68)  [8.3s]
  ep  72: loss=0.3123  test_acc=77.74%  (best 78.18 @ ep 68)  [8.0s]
  ep  73: loss=0.3080  test_acc=77.69%  (best 78.18 @ ep 68)  [7.8s]
  ep  74: loss=0.2916  test_acc=78.06%  (best 78.18 @ ep 68)  [7.0s]
  ep  75: loss=0.2816  test_acc=77.77%  (best 78.18 @ ep 68)  [8.3s]  [logged per-sample loss: mean=0.240]
  ep  76: loss=0.2730  test_acc=79.15%  (best 79.15 @ ep 76)  [3.3s]
  ep  77: loss=0.2518  test_acc=77.54%  (best 79.15 @ ep 76)  [3.5s]
  ep  78: loss=0.2294  test_acc=77.56%  (best 79.15 @ ep 76)  [3.3s]
  ep  79: loss=0.2212  test_acc=74.84%  (best 79.15 @ ep 76)  [3.5s]
  ep  80: loss=0.2111  test_acc=77.86%  (best 79.15 @ ep 76)  [3.6s]
  ep  81: loss=0.1983  test_acc=78.74%  (best 79.15 @ ep 76)  [3.4s]
  ep  82: loss=0.1812  test_acc=77.86%  (best 79.15 @ ep 76)  [3.6s]
  ep  83: loss=0.1704  test_acc=77.98%  (best 79.15 @ ep 76)  [3.4s]
  ep  84: loss=0.1569  test_acc=77.14%  (best 79.15 @ ep 76)  [3.4s]
  ep  85: loss=0.1465  test_acc=77.99%  (best 79.15 @ ep 76)  [3.4s]
  ep  86: loss=0.1352  test_acc=78.56%  (best 79.15 @ ep 76)  [3.5s]
  ep  87: loss=0.1278  test_acc=78.12%  (best 79.15 @ ep 76)  [3.5s]
  ep  88: loss=0.1234  test_acc=78.89%  (best 79.15 @ ep 76)  [3.4s]
  ep  89: loss=0.1164  test_acc=78.46%  (best 79.15 @ ep 76)  [3.3s]
  ep  90: loss=0.1082  test_acc=78.46%  (best 79.15 @ ep 76)  [3.6s]
  ep  91: loss=0.0999  test_acc=78.21%  (best 79.15 @ ep 76)  [3.5s]
  ep  92: loss=0.0934  test_acc=78.76%  (best 79.15 @ ep 76)  [3.6s]
  ep  93: loss=0.0937  test_acc=78.39%  (best 79.15 @ ep 76)  [8.6s]
  ep  94: loss=0.0931  test_acc=78.21%  (best 79.15 @ ep 76)  [7.6s]
  ep  95: loss=0.0827  test_acc=78.85%  (best 79.15 @ ep 76)  [10.5s]
  ep  96: loss=0.0851  test_acc=78.29%  (best 79.15 @ ep 76)  [3.3s]
  ep  97: loss=0.0843  test_acc=78.67%  (best 79.15 @ ep 76)  [3.2s]
  ep  98: loss=0.0805  test_acc=78.81%  (best 79.15 @ ep 76)  [3.7s]
  ep  99: loss=0.0791  test_acc=78.60%  (best 79.15 @ ep 76)  [5.1s]  [logged per-sample loss: mean=0.058]

saved /path/to/ciln-workspace/journal_edition/robustness_transfer/results_v3/erm/gu_medium__seed0.json: best 79.15% @ ep 76
saved /path/to/ciln-workspace/journal_edition/robustness_transfer/results_v3/erm/gu_medium__seed0__persample.npz: persample (E=7, N=19987)
