/path/to/ciln-workspace/venv/lib/python3.12/site-packages/torchvision/datasets/cifar.py:83: VisibleDeprecationWarning: dtype(): align should be passed as Python or NumPy boolean but got `align=0`. Did you mean to pass a tuple to create a subarray type? (Deprecated NumPy 2.4)
  entry = pickle.load(f, encoding="latin1")
condition=gu_low seed=1 gpu=1
  ep   0: loss=1.8846  test_acc=28.18%  (best 28.18 @ ep 0)  [4.1s]
  ep   1: loss=1.5965  test_acc=40.01%  (best 40.01 @ ep 1)  [3.2s]
  ep   2: loss=1.3622  test_acc=51.43%  (best 51.43 @ ep 2)  [3.3s]
  ep   3: loss=1.1782  test_acc=55.02%  (best 55.02 @ ep 3)  [3.5s]
  ep   4: loss=1.0634  test_acc=59.12%  (best 59.12 @ ep 4)  [3.4s]
  ep   5: loss=0.9905  test_acc=53.87%  (best 59.12 @ ep 4)  [4.9s]  [logged per-sample loss: mean=1.224]
  ep   6: loss=0.9204  test_acc=57.19%  (best 59.12 @ ep 4)  [3.7s]
  ep   7: loss=0.8774  test_acc=69.71%  (best 69.71 @ ep 7)  [3.3s]
  ep   8: loss=0.8242  test_acc=68.76%  (best 69.71 @ ep 7)  [3.2s]
  ep   9: loss=0.7875  test_acc=65.09%  (best 69.71 @ ep 7)  [3.4s]
  ep  10: loss=0.7527  test_acc=62.53%  (best 69.71 @ ep 7)  [5.0s]  [logged per-sample loss: mean=1.083]
  ep  11: loss=0.7579  test_acc=70.21%  (best 70.21 @ ep 11)  [3.5s]
  ep  12: loss=0.7038  test_acc=70.95%  (best 70.95 @ ep 12)  [3.7s]
  ep  13: loss=0.6937  test_acc=71.44%  (best 71.44 @ ep 13)  [3.9s]
  ep  14: loss=0.6856  test_acc=69.20%  (best 71.44 @ ep 13)  [7.7s]
  ep  15: loss=0.6758  test_acc=71.97%  (best 71.97 @ ep 15)  [8.4s]
  ep  16: loss=0.6568  test_acc=69.51%  (best 71.97 @ ep 15)  [7.3s]
  ep  17: loss=0.6402  test_acc=71.48%  (best 71.97 @ ep 15)  [7.5s]
  ep  18: loss=0.6420  test_acc=70.26%  (best 71.97 @ ep 15)  [7.1s]
  ep  19: loss=0.6430  test_acc=70.12%  (best 71.97 @ ep 15)  [9.0s]
  ep  20: loss=0.6134  test_acc=66.97%  (best 71.97 @ ep 15)  [11.0s]  [logged per-sample loss: mean=1.005]
  ep  21: loss=0.6001  test_acc=72.40%  (best 72.40 @ ep 21)  [7.0s]
  ep  22: loss=0.6043  test_acc=77.48%  (best 77.48 @ ep 22)  [8.3s]
  ep  23: loss=0.5955  test_acc=74.19%  (best 77.48 @ ep 22)  [7.3s]
  ep  24: loss=0.5800  test_acc=71.67%  (best 77.48 @ ep 22)  [7.1s]
  ep  25: loss=0.5725  test_acc=72.65%  (best 77.48 @ ep 22)  [3.5s]
  ep  26: loss=0.5687  test_acc=74.41%  (best 77.48 @ ep 22)  [3.3s]
  ep  27: loss=0.5491  test_acc=73.09%  (best 77.48 @ ep 22)  [3.3s]
  ep  28: loss=0.5374  test_acc=74.46%  (best 77.48 @ ep 22)  [3.4s]
  ep  29: loss=0.5456  test_acc=67.97%  (best 77.48 @ ep 22)  [3.5s]
  ep  30: loss=0.5277  test_acc=67.95%  (best 77.48 @ ep 22)  [5.2s]  [logged per-sample loss: mean=0.928]
  ep  31: loss=0.5244  test_acc=74.10%  (best 77.48 @ ep 22)  [3.5s]
  ep  32: loss=0.5209  test_acc=71.95%  (best 77.48 @ ep 22)  [3.3s]
  ep  33: loss=0.5163  test_acc=76.53%  (best 77.48 @ ep 22)  [3.4s]
  ep  34: loss=0.5025  test_acc=73.60%  (best 77.48 @ ep 22)  [3.5s]
  ep  35: loss=0.5066  test_acc=66.10%  (best 77.48 @ ep 22)  [3.4s]
  ep  36: loss=0.5052  test_acc=77.42%  (best 77.48 @ ep 22)  [3.4s]
  ep  37: loss=0.4926  test_acc=70.12%  (best 77.48 @ ep 22)  [3.4s]
  ep  38: loss=0.4858  test_acc=76.38%  (best 77.48 @ ep 22)  [3.2s]
  ep  39: loss=0.4785  test_acc=74.66%  (best 77.48 @ ep 22)  [3.3s]
  ep  40: loss=0.4649  test_acc=72.44%  (best 77.48 @ ep 22)  [3.5s]
  ep  41: loss=0.4596  test_acc=78.79%  (best 78.79 @ ep 41)  [3.5s]
  ep  42: loss=0.4634  test_acc=79.92%  (best 79.92 @ ep 42)  [8.2s]
  ep  43: loss=0.4463  test_acc=78.23%  (best 79.92 @ ep 42)  [7.3s]
  ep  44: loss=0.4408  test_acc=78.20%  (best 79.92 @ ep 42)  [8.2s]
  ep  45: loss=0.4285  test_acc=75.62%  (best 79.92 @ ep 42)  [7.3s]
  ep  46: loss=0.4370  test_acc=79.29%  (best 79.92 @ ep 42)  [7.3s]
  ep  47: loss=0.4272  test_acc=80.77%  (best 80.77 @ ep 47)  [8.0s]
  ep  48: loss=0.4084  test_acc=79.68%  (best 80.77 @ ep 47)  [7.5s]
  ep  49: loss=0.4179  test_acc=78.48%  (best 80.77 @ ep 47)  [7.8s]
  ep  50: loss=0.4043  test_acc=77.84%  (best 80.77 @ ep 47)  [9.3s]  [logged per-sample loss: mean=0.482]
  ep  51: loss=0.3934  test_acc=77.37%  (best 80.77 @ ep 47)  [7.0s]
  ep  52: loss=0.3803  test_acc=75.86%  (best 80.77 @ ep 47)  [8.2s]
  ep  53: loss=0.3709  test_acc=78.74%  (best 80.77 @ ep 47)  [5.2s]
  ep  54: loss=0.3768  test_acc=81.89%  (best 81.89 @ ep 54)  [9.2s]
  ep  55: loss=0.3640  test_acc=78.18%  (best 81.89 @ ep 54)  [4.7s]
  ep  56: loss=0.3534  test_acc=77.66%  (best 81.89 @ ep 54)  [3.5s]
  ep  57: loss=0.3409  test_acc=80.13%  (best 81.89 @ ep 54)  [3.4s]
  ep  58: loss=0.3461  test_acc=77.95%  (best 81.89 @ ep 54)  [3.6s]
  ep  59: loss=0.3393  test_acc=79.74%  (best 81.89 @ ep 54)  [3.6s]
  ep  60: loss=0.3175  test_acc=80.97%  (best 81.89 @ ep 54)  [3.5s]
  ep  61: loss=0.3089  test_acc=78.70%  (best 81.89 @ ep 54)  [3.8s]
  ep  62: loss=0.2921  test_acc=78.89%  (best 81.89 @ ep 54)  [3.4s]
  ep  63: loss=0.2933  test_acc=79.38%  (best 81.89 @ ep 54)  [3.5s]
  ep  64: loss=0.2928  test_acc=80.21%  (best 81.89 @ ep 54)  [3.4s]
  ep  65: loss=0.2841  test_acc=80.65%  (best 81.89 @ ep 54)  [3.4s]
  ep  66: loss=0.2749  test_acc=78.50%  (best 81.89 @ ep 54)  [3.7s]
  ep  67: loss=0.2613  test_acc=80.32%  (best 81.89 @ ep 54)  [3.8s]
  ep  68: loss=0.2396  test_acc=81.78%  (best 81.89 @ ep 54)  [3.5s]
  ep  69: loss=0.2407  test_acc=81.39%  (best 81.89 @ ep 54)  [3.5s]
  ep  70: loss=0.2211  test_acc=81.23%  (best 81.89 @ ep 54)  [3.4s]
  ep  71: loss=0.2278  test_acc=82.36%  (best 82.36 @ ep 71)  [3.5s]
  ep  72: loss=0.2086  test_acc=80.86%  (best 82.36 @ ep 71)  [5.5s]
  ep  73: loss=0.1847  test_acc=82.10%  (best 82.36 @ ep 71)  [8.0s]
  ep  74: loss=0.1910  test_acc=81.67%  (best 82.36 @ ep 71)  [8.9s]
  ep  75: loss=0.1660  test_acc=82.28%  (best 82.36 @ ep 71)  [10.0s]  [logged per-sample loss: mean=0.136]
  ep  76: loss=0.1459  test_acc=82.27%  (best 82.36 @ ep 71)  [7.3s]
  ep  77: loss=0.1402  test_acc=82.52%  (best 82.52 @ ep 77)  [3.5s]
  ep  78: loss=0.1323  test_acc=83.26%  (best 83.26 @ ep 78)  [3.4s]
  ep  79: loss=0.1254  test_acc=81.30%  (best 83.26 @ ep 78)  [3.4s]
  ep  80: loss=0.1148  test_acc=83.45%  (best 83.45 @ ep 80)  [3.5s]
  ep  81: loss=0.1075  test_acc=83.41%  (best 83.45 @ ep 80)  [3.8s]
  ep  82: loss=0.0958  test_acc=83.13%  (best 83.45 @ ep 80)  [3.5s]
  ep  83: loss=0.0891  test_acc=83.84%  (best 83.84 @ ep 83)  [3.4s]
  ep  84: loss=0.0862  test_acc=83.83%  (best 83.84 @ ep 83)  [3.5s]
  ep  85: loss=0.0710  test_acc=84.12%  (best 84.12 @ ep 85)  [3.5s]
  ep  86: loss=0.0704  test_acc=83.91%  (best 84.12 @ ep 85)  [3.5s]
  ep  87: loss=0.0673  test_acc=84.03%  (best 84.12 @ ep 85)  [3.4s]
  ep  88: loss=0.0615  test_acc=84.16%  (best 84.16 @ ep 88)  [3.6s]
  ep  89: loss=0.0585  test_acc=83.83%  (best 84.16 @ ep 88)  [3.6s]
  ep  90: loss=0.0510  test_acc=84.25%  (best 84.25 @ ep 90)  [3.7s]
  ep  91: loss=0.0520  test_acc=83.99%  (best 84.25 @ ep 90)  [3.7s]
  ep  92: loss=0.0521  test_acc=84.02%  (best 84.25 @ ep 90)  [3.6s]
  ep  93: loss=0.0483  test_acc=84.06%  (best 84.25 @ ep 90)  [3.5s]
  ep  94: loss=0.0454  test_acc=83.88%  (best 84.25 @ ep 90)  [6.9s]
  ep  95: loss=0.0441  test_acc=84.20%  (best 84.25 @ ep 90)  [6.5s]
  ep  96: loss=0.0421  test_acc=84.21%  (best 84.25 @ ep 90)  [7.1s]
  ep  97: loss=0.0424  test_acc=84.07%  (best 84.25 @ ep 90)  [3.4s]
  ep  98: loss=0.0429  test_acc=84.29%  (best 84.29 @ ep 98)  [3.4s]
  ep  99: loss=0.0422  test_acc=84.08%  (best 84.29 @ ep 98)  [5.1s]  [logged per-sample loss: mean=0.027]

saved /path/to/ciln-workspace/journal_edition/robustness_transfer/results_v3/erm/gu_low__seed1.json: best 84.29% @ ep 98
saved /path/to/ciln-workspace/journal_edition/robustness_transfer/results_v3/erm/gu_low__seed1__persample.npz: persample (E=7, N=19987)
