/path/to/ciln-workspace/venv/lib/python3.12/site-packages/torchvision/datasets/cifar.py:83: VisibleDeprecationWarning: dtype(): align should be passed as Python or NumPy boolean but got `align=0`. Did you mean to pass a tuple to create a subarray type? (Deprecated NumPy 2.4)
  entry = pickle.load(f, encoding="latin1")
condition=ours__motion_blur_sev3 seed=1 gpu=2
  ep   0: loss=1.9297  test_acc=19.99%  (best 19.99 @ ep 0)  [3.3s]
  ep   1: loss=1.7961  test_acc=29.11%  (best 29.11 @ ep 1)  [2.5s]
  ep   2: loss=1.6136  test_acc=28.15%  (best 29.11 @ ep 1)  [2.4s]
  ep   3: loss=1.5936  test_acc=31.48%  (best 31.48 @ ep 3)  [2.4s]
  ep   4: loss=1.4583  test_acc=35.01%  (best 35.01 @ ep 4)  [2.4s]
  ep   5: loss=1.3715  test_acc=35.03%  (best 35.03 @ ep 5)  [3.5s]  [logged per-sample loss: mean=1.721]
  ep   6: loss=1.3190  test_acc=44.11%  (best 44.11 @ ep 6)  [2.4s]
  ep   7: loss=1.2444  test_acc=39.50%  (best 44.11 @ ep 6)  [2.4s]
  ep   8: loss=1.1995  test_acc=42.53%  (best 44.11 @ ep 6)  [2.4s]
  ep   9: loss=1.2096  test_acc=39.14%  (best 44.11 @ ep 6)  [2.3s]
  ep  10: loss=1.1144  test_acc=47.07%  (best 47.07 @ ep 10)  [3.3s]  [logged per-sample loss: mean=1.216]
  ep  11: loss=1.0737  test_acc=45.33%  (best 47.07 @ ep 10)  [2.4s]
  ep  12: loss=1.0517  test_acc=49.10%  (best 49.10 @ ep 12)  [2.5s]
  ep  13: loss=1.0222  test_acc=56.14%  (best 56.14 @ ep 13)  [2.6s]
  ep  14: loss=1.0422  test_acc=52.70%  (best 56.14 @ ep 13)  [2.4s]
  ep  15: loss=1.0299  test_acc=55.47%  (best 56.14 @ ep 13)  [2.4s]
  ep  16: loss=0.9752  test_acc=50.11%  (best 56.14 @ ep 13)  [2.6s]
  ep  17: loss=0.9741  test_acc=53.94%  (best 56.14 @ ep 13)  [2.6s]
  ep  18: loss=0.9260  test_acc=55.21%  (best 56.14 @ ep 13)  [2.4s]
  ep  19: loss=0.9594  test_acc=53.38%  (best 56.14 @ ep 13)  [2.3s]
  ep  20: loss=0.9259  test_acc=49.79%  (best 56.14 @ ep 13)  [3.3s]  [logged per-sample loss: mean=1.145]
  ep  21: loss=0.9099  test_acc=53.78%  (best 56.14 @ ep 13)  [2.4s]
  ep  22: loss=0.8864  test_acc=50.72%  (best 56.14 @ ep 13)  [5.3s]
  ep  23: loss=0.8704  test_acc=55.86%  (best 56.14 @ ep 13)  [4.6s]
  ep  24: loss=0.8872  test_acc=43.35%  (best 56.14 @ ep 13)  [5.0s]
  ep  25: loss=1.0247  test_acc=52.59%  (best 56.14 @ ep 13)  [5.4s]
  ep  26: loss=0.9602  test_acc=54.13%  (best 56.14 @ ep 13)  [4.8s]
  ep  27: loss=0.8869  test_acc=58.67%  (best 58.67 @ ep 27)  [4.7s]
  ep  28: loss=0.8720  test_acc=54.76%  (best 58.67 @ ep 27)  [6.2s]
  ep  29: loss=0.8638  test_acc=52.42%  (best 58.67 @ ep 27)  [4.8s]
  ep  30: loss=0.8868  test_acc=57.05%  (best 58.67 @ ep 27)  [8.3s]  [logged per-sample loss: mean=0.971]
  ep  31: loss=0.8331  test_acc=61.12%  (best 61.12 @ ep 31)  [4.3s]
  ep  32: loss=0.8240  test_acc=58.78%  (best 61.12 @ ep 31)  [4.7s]
  ep  33: loss=0.8420  test_acc=55.83%  (best 61.12 @ ep 31)  [5.9s]
  ep  34: loss=0.8058  test_acc=54.45%  (best 61.12 @ ep 31)  [4.7s]
  ep  35: loss=0.8382  test_acc=49.16%  (best 61.12 @ ep 31)  [4.7s]
  ep  36: loss=0.9120  test_acc=58.14%  (best 61.12 @ ep 31)  [6.1s]
  ep  37: loss=0.8309  test_acc=60.76%  (best 61.12 @ ep 31)  [4.6s]
  ep  38: loss=0.8094  test_acc=58.81%  (best 61.12 @ ep 31)  [5.7s]
  ep  39: loss=0.8335  test_acc=57.86%  (best 61.12 @ ep 31)  [2.4s]
  ep  40: loss=0.7951  test_acc=60.68%  (best 61.12 @ ep 31)  [2.4s]
  ep  41: loss=0.7777  test_acc=57.15%  (best 61.12 @ ep 31)  [2.5s]
  ep  42: loss=0.7702  test_acc=57.30%  (best 61.12 @ ep 31)  [2.7s]
  ep  43: loss=0.7796  test_acc=60.99%  (best 61.12 @ ep 31)  [2.4s]
  ep  44: loss=0.7750  test_acc=60.00%  (best 61.12 @ ep 31)  [2.5s]
  ep  45: loss=0.7771  test_acc=48.23%  (best 61.12 @ ep 31)  [2.4s]
  ep  46: loss=0.7903  test_acc=61.00%  (best 61.12 @ ep 31)  [2.4s]
  ep  47: loss=0.7309  test_acc=62.29%  (best 62.29 @ ep 47)  [2.5s]
  ep  48: loss=0.7788  test_acc=62.88%  (best 62.88 @ ep 48)  [2.5s]
  ep  49: loss=0.7717  test_acc=59.19%  (best 62.88 @ ep 48)  [2.5s]
  ep  50: loss=0.7327  test_acc=60.42%  (best 62.88 @ ep 48)  [3.3s]  [logged per-sample loss: mean=0.749]
  ep  51: loss=0.7218  test_acc=53.11%  (best 62.88 @ ep 48)  [2.6s]
  ep  52: loss=0.7510  test_acc=59.19%  (best 62.88 @ ep 48)  [2.4s]
  ep  53: loss=0.7067  test_acc=64.02%  (best 64.02 @ ep 53)  [2.6s]
  ep  54: loss=0.6902  test_acc=59.86%  (best 64.02 @ ep 53)  [2.7s]
  ep  55: loss=0.7827  test_acc=56.15%  (best 64.02 @ ep 53)  [2.5s]
  ep  56: loss=0.7086  test_acc=60.22%  (best 64.02 @ ep 53)  [2.6s]
  ep  57: loss=0.6770  test_acc=59.78%  (best 64.02 @ ep 53)  [2.4s]
  ep  58: loss=0.6742  test_acc=63.40%  (best 64.02 @ ep 53)  [2.4s]
  ep  59: loss=0.6938  test_acc=60.60%  (best 64.02 @ ep 53)  [2.4s]
  ep  60: loss=0.7260  test_acc=59.99%  (best 64.02 @ ep 53)  [2.4s]
  ep  61: loss=0.6617  test_acc=62.28%  (best 64.02 @ ep 53)  [2.4s]
  ep  62: loss=0.7138  test_acc=60.12%  (best 64.02 @ ep 53)  [2.3s]
  ep  63: loss=0.6424  test_acc=59.38%  (best 64.02 @ ep 53)  [2.8s]
  ep  64: loss=0.6322  test_acc=60.81%  (best 64.02 @ ep 53)  [4.9s]
  ep  65: loss=0.6483  test_acc=61.67%  (best 64.02 @ ep 53)  [5.2s]
  ep  66: loss=0.6004  test_acc=62.60%  (best 64.02 @ ep 53)  [4.7s]
  ep  67: loss=0.5990  test_acc=62.85%  (best 64.02 @ ep 53)  [5.7s]
  ep  68: loss=0.5783  test_acc=60.62%  (best 64.02 @ ep 53)  [4.8s]
  ep  69: loss=0.5837  test_acc=61.93%  (best 64.02 @ ep 53)  [5.0s]
  ep  70: loss=0.5616  test_acc=62.11%  (best 64.02 @ ep 53)  [5.4s]
  ep  71: loss=0.5417  test_acc=60.12%  (best 64.02 @ ep 53)  [5.1s]
  ep  72: loss=0.5255  test_acc=62.71%  (best 64.02 @ ep 53)  [4.8s]
  ep  73: loss=0.5699  test_acc=59.60%  (best 64.02 @ ep 53)  [5.2s]
  ep  74: loss=0.5440  test_acc=60.02%  (best 64.02 @ ep 53)  [4.6s]
  ep  75: loss=0.5646  test_acc=60.76%  (best 64.02 @ ep 53)  [6.2s]  [logged per-sample loss: mean=0.485]
  ep  76: loss=0.4964  test_acc=57.48%  (best 64.02 @ ep 53)  [4.8s]
  ep  77: loss=0.5085  test_acc=61.58%  (best 64.02 @ ep 53)  [5.0s]
  ep  78: loss=0.4519  test_acc=59.84%  (best 64.02 @ ep 53)  [4.8s]
  ep  79: loss=0.4419  test_acc=58.61%  (best 64.02 @ ep 53)  [5.4s]
  ep  80: loss=0.4343  test_acc=61.62%  (best 64.02 @ ep 53)  [5.8s]
  ep  81: loss=0.4524  test_acc=59.10%  (best 64.02 @ ep 53)  [4.9s]
  ep  82: loss=0.3997  test_acc=59.55%  (best 64.02 @ ep 53)  [4.9s]
  ep  83: loss=0.4092  test_acc=60.17%  (best 64.02 @ ep 53)  [4.6s]
  ep  84: loss=0.3934  test_acc=61.48%  (best 64.02 @ ep 53)  [2.5s]
  ep  85: loss=0.3695  test_acc=60.93%  (best 64.02 @ ep 53)  [2.4s]
  ep  86: loss=0.3561  test_acc=59.98%  (best 64.02 @ ep 53)  [2.3s]
  ep  87: loss=0.4050  test_acc=61.07%  (best 64.02 @ ep 53)  [2.3s]
  ep  88: loss=0.3583  test_acc=59.69%  (best 64.02 @ ep 53)  [2.5s]
  ep  89: loss=0.3519  test_acc=58.37%  (best 64.02 @ ep 53)  [2.4s]
  ep  90: loss=0.3345  test_acc=59.54%  (best 64.02 @ ep 53)  [2.5s]
  ep  91: loss=0.3314  test_acc=59.69%  (best 64.02 @ ep 53)  [2.5s]
  ep  92: loss=0.3165  test_acc=60.23%  (best 64.02 @ ep 53)  [2.5s]
  ep  93: loss=0.3069  test_acc=60.04%  (best 64.02 @ ep 53)  [2.5s]
  ep  94: loss=0.3079  test_acc=59.25%  (best 64.02 @ ep 53)  [2.4s]
  ep  95: loss=0.3026  test_acc=60.04%  (best 64.02 @ ep 53)  [2.5s]
  ep  96: loss=0.3013  test_acc=59.53%  (best 64.02 @ ep 53)  [2.4s]
  ep  97: loss=0.2938  test_acc=58.32%  (best 64.02 @ ep 53)  [2.4s]
  ep  98: loss=0.2954  test_acc=60.45%  (best 64.02 @ ep 53)  [2.4s]
  ep  99: loss=0.2955  test_acc=60.42%  (best 64.02 @ ep 53)  [3.4s]  [logged per-sample loss: mean=0.262]

saved /path/to/ciln-workspace/journal_edition/robustness_transfer/results_v3/erm/ours__motion_blur_sev3__seed1.json: best 64.02% @ ep 53
saved /path/to/ciln-workspace/journal_edition/robustness_transfer/results_v3/erm/ours__motion_blur_sev3__seed1__persample.npz: persample (E=7, N=11010)
