/path/to/ciln-workspace/venv/lib/python3.12/site-packages/torchvision/datasets/cifar.py:83: VisibleDeprecationWarning: dtype(): align should be passed as Python or NumPy boolean but got `align=0`. Did you mean to pass a tuple to create a subarray type? (Deprecated NumPy 2.4)
  entry = pickle.load(f, encoding="latin1")
condition=ours__elastic_transform_sev3 seed=1 gpu=1
  ep   0: loss=1.8331  test_acc=23.00%  (best 23.00 @ ep 0)  [3.2s]
  ep   1: loss=1.5777  test_acc=34.04%  (best 34.04 @ ep 1)  [2.3s]
  ep   2: loss=1.4377  test_acc=27.50%  (best 34.04 @ ep 1)  [2.6s]
  ep   3: loss=1.2832  test_acc=44.35%  (best 44.35 @ ep 3)  [2.3s]
  ep   4: loss=1.1028  test_acc=42.33%  (best 44.35 @ ep 3)  [2.4s]
  ep   5: loss=1.0599  test_acc=31.52%  (best 44.35 @ ep 3)  [3.5s]  [logged per-sample loss: mean=2.335]
  ep   6: loss=0.9764  test_acc=42.62%  (best 44.35 @ ep 3)  [2.4s]
  ep   7: loss=0.9005  test_acc=40.22%  (best 44.35 @ ep 3)  [2.4s]
  ep   8: loss=0.9230  test_acc=53.23%  (best 53.23 @ ep 8)  [2.4s]
  ep   9: loss=0.7967  test_acc=51.99%  (best 53.23 @ ep 8)  [2.3s]
  ep  10: loss=0.7708  test_acc=59.24%  (best 59.24 @ ep 10)  [3.4s]  [logged per-sample loss: mean=0.760]
  ep  11: loss=0.7275  test_acc=55.25%  (best 59.24 @ ep 10)  [2.5s]
  ep  12: loss=0.7175  test_acc=58.90%  (best 59.24 @ ep 10)  [2.4s]
  ep  13: loss=0.6925  test_acc=47.30%  (best 59.24 @ ep 10)  [2.4s]
  ep  14: loss=0.7523  test_acc=58.63%  (best 59.24 @ ep 10)  [2.3s]
  ep  15: loss=0.7222  test_acc=61.46%  (best 61.46 @ ep 15)  [3.8s]
  ep  16: loss=0.6637  test_acc=61.40%  (best 61.46 @ ep 15)  [6.0s]
  ep  17: loss=0.6785  test_acc=59.84%  (best 61.46 @ ep 15)  [5.9s]
  ep  18: loss=0.6509  test_acc=51.65%  (best 61.46 @ ep 15)  [6.3s]
  ep  19: loss=0.6669  test_acc=48.32%  (best 61.46 @ ep 15)  [6.4s]
  ep  20: loss=0.7789  test_acc=54.03%  (best 61.46 @ ep 15)  [9.2s]  [logged per-sample loss: mean=0.968]
  ep  21: loss=0.6624  test_acc=54.03%  (best 61.46 @ ep 15)  [6.8s]
  ep  22: loss=0.6913  test_acc=62.41%  (best 62.41 @ ep 22)  [5.7s]
  ep  23: loss=0.6076  test_acc=56.81%  (best 62.41 @ ep 22)  [6.3s]
  ep  24: loss=0.6307  test_acc=55.22%  (best 62.41 @ ep 22)  [7.1s]
  ep  25: loss=0.7058  test_acc=39.23%  (best 62.41 @ ep 22)  [5.9s]
  ep  26: loss=0.6857  test_acc=58.81%  (best 62.41 @ ep 22)  [5.9s]
  ep  27: loss=0.6060  test_acc=63.95%  (best 63.95 @ ep 27)  [2.5s]
  ep  28: loss=0.5936  test_acc=63.66%  (best 63.95 @ ep 27)  [2.4s]
  ep  29: loss=0.5505  test_acc=57.51%  (best 63.95 @ ep 27)  [2.5s]
  ep  30: loss=0.5926  test_acc=65.87%  (best 65.87 @ ep 30)  [3.4s]  [logged per-sample loss: mean=0.539]
  ep  31: loss=0.5329  test_acc=56.39%  (best 65.87 @ ep 30)  [2.3s]
  ep  32: loss=0.5836  test_acc=59.47%  (best 65.87 @ ep 30)  [2.4s]
  ep  33: loss=0.5722  test_acc=58.46%  (best 65.87 @ ep 30)  [2.5s]
  ep  34: loss=0.5404  test_acc=64.74%  (best 65.87 @ ep 30)  [2.4s]
  ep  35: loss=0.5321  test_acc=54.35%  (best 65.87 @ ep 30)  [2.4s]
  ep  36: loss=0.7787  test_acc=64.09%  (best 65.87 @ ep 30)  [2.3s]
  ep  37: loss=0.6092  test_acc=62.03%  (best 65.87 @ ep 30)  [2.4s]
  ep  38: loss=0.5615  test_acc=60.99%  (best 65.87 @ ep 30)  [2.5s]
  ep  39: loss=0.5454  test_acc=54.10%  (best 65.87 @ ep 30)  [2.4s]
  ep  40: loss=0.6518  test_acc=61.75%  (best 65.87 @ ep 30)  [2.4s]
  ep  41: loss=0.5721  test_acc=63.62%  (best 65.87 @ ep 30)  [2.4s]
  ep  42: loss=0.5538  test_acc=63.06%  (best 65.87 @ ep 30)  [2.5s]
  ep  43: loss=0.5036  test_acc=64.32%  (best 65.87 @ ep 30)  [2.5s]
  ep  44: loss=0.4993  test_acc=62.68%  (best 65.87 @ ep 30)  [2.3s]
  ep  45: loss=0.4831  test_acc=59.42%  (best 65.87 @ ep 30)  [2.4s]
  ep  46: loss=0.4995  test_acc=63.88%  (best 65.87 @ ep 30)  [2.5s]
  ep  47: loss=0.4605  test_acc=67.76%  (best 67.76 @ ep 47)  [2.5s]
  ep  48: loss=0.4933  test_acc=66.26%  (best 67.76 @ ep 47)  [2.6s]
  ep  49: loss=0.4670  test_acc=64.03%  (best 67.76 @ ep 47)  [2.5s]
  ep  50: loss=0.4620  test_acc=60.42%  (best 67.76 @ ep 47)  [3.3s]  [logged per-sample loss: mean=0.722]
  ep  51: loss=0.4604  test_acc=60.65%  (best 67.76 @ ep 47)  [3.0s]
  ep  52: loss=0.6026  test_acc=57.38%  (best 67.76 @ ep 47)  [2.4s]
  ep  53: loss=0.5552  test_acc=66.63%  (best 67.76 @ ep 47)  [2.4s]
  ep  54: loss=0.4827  test_acc=64.70%  (best 67.76 @ ep 47)  [2.3s]
  ep  55: loss=0.5160  test_acc=65.65%  (best 67.76 @ ep 47)  [2.4s]
  ep  56: loss=0.4438  test_acc=66.80%  (best 67.76 @ ep 47)  [2.5s]
  ep  57: loss=0.4604  test_acc=65.50%  (best 67.76 @ ep 47)  [2.5s]
  ep  58: loss=0.4486  test_acc=69.14%  (best 69.14 @ ep 58)  [2.5s]
  ep  59: loss=0.4059  test_acc=65.35%  (best 69.14 @ ep 58)  [2.3s]
  ep  60: loss=0.4142  test_acc=69.48%  (best 69.48 @ ep 60)  [2.3s]
  ep  61: loss=0.3956  test_acc=67.10%  (best 69.48 @ ep 60)  [2.5s]
  ep  62: loss=0.4057  test_acc=65.63%  (best 69.48 @ ep 60)  [2.5s]
  ep  63: loss=0.4108  test_acc=66.50%  (best 69.48 @ ep 60)  [2.4s]
  ep  64: loss=0.5071  test_acc=65.56%  (best 69.48 @ ep 60)  [2.3s]
  ep  65: loss=0.4481  test_acc=69.40%  (best 69.48 @ ep 60)  [2.5s]
  ep  66: loss=0.3928  test_acc=68.98%  (best 69.48 @ ep 60)  [2.6s]
  ep  67: loss=0.3820  test_acc=68.58%  (best 69.48 @ ep 60)  [2.3s]
  ep  68: loss=0.3425  test_acc=68.08%  (best 69.48 @ ep 60)  [2.5s]
  ep  69: loss=0.3346  test_acc=67.27%  (best 69.48 @ ep 60)  [2.5s]
  ep  70: loss=0.4222  test_acc=68.82%  (best 69.48 @ ep 60)  [2.3s]
  ep  71: loss=0.3379  test_acc=64.93%  (best 69.48 @ ep 60)  [2.3s]
  ep  72: loss=0.3572  test_acc=67.66%  (best 69.48 @ ep 60)  [2.4s]
  ep  73: loss=0.3184  test_acc=69.03%  (best 69.48 @ ep 60)  [2.5s]
  ep  74: loss=0.2860  test_acc=68.95%  (best 69.48 @ ep 60)  [2.5s]
  ep  75: loss=0.2877  test_acc=70.01%  (best 70.01 @ ep 75)  [3.4s]  [logged per-sample loss: mean=0.245]
  ep  76: loss=0.2727  test_acc=66.87%  (best 70.01 @ ep 75)  [3.5s]
  ep  77: loss=0.2683  test_acc=69.31%  (best 70.01 @ ep 75)  [4.8s]
  ep  78: loss=0.2473  test_acc=67.22%  (best 70.01 @ ep 75)  [5.1s]
  ep  79: loss=0.2390  test_acc=67.99%  (best 70.01 @ ep 75)  [4.9s]
  ep  80: loss=0.2321  test_acc=68.00%  (best 70.01 @ ep 75)  [4.6s]
  ep  81: loss=0.2752  test_acc=68.93%  (best 70.01 @ ep 75)  [4.9s]
  ep  82: loss=0.2365  test_acc=68.20%  (best 70.01 @ ep 75)  [4.9s]
  ep  83: loss=0.2183  test_acc=68.96%  (best 70.01 @ ep 75)  [4.9s]
  ep  84: loss=0.2122  test_acc=67.76%  (best 70.01 @ ep 75)  [5.3s]
  ep  85: loss=0.2030  test_acc=69.56%  (best 70.01 @ ep 75)  [5.7s]
  ep  86: loss=0.1991  test_acc=67.58%  (best 70.01 @ ep 75)  [2.4s]
  ep  87: loss=0.2132  test_acc=69.10%  (best 70.01 @ ep 75)  [2.5s]
  ep  88: loss=0.1982  test_acc=68.44%  (best 70.01 @ ep 75)  [2.4s]
  ep  89: loss=0.1787  test_acc=67.58%  (best 70.01 @ ep 75)  [2.4s]
  ep  90: loss=0.1721  test_acc=69.02%  (best 70.01 @ ep 75)  [2.6s]
  ep  91: loss=0.1703  test_acc=69.24%  (best 70.01 @ ep 75)  [2.3s]
  ep  92: loss=0.1668  test_acc=69.56%  (best 70.01 @ ep 75)  [2.4s]
  ep  93: loss=0.1633  test_acc=69.38%  (best 70.01 @ ep 75)  [2.4s]
  ep  94: loss=0.1608  test_acc=68.63%  (best 70.01 @ ep 75)  [2.4s]
  ep  95: loss=0.1610  test_acc=69.16%  (best 70.01 @ ep 75)  [2.3s]
  ep  96: loss=0.1564  test_acc=69.59%  (best 70.01 @ ep 75)  [2.5s]
  ep  97: loss=0.1569  test_acc=68.72%  (best 70.01 @ ep 75)  [2.3s]
  ep  98: loss=0.1570  test_acc=68.65%  (best 70.01 @ ep 75)  [2.4s]
  ep  99: loss=0.1528  test_acc=69.02%  (best 70.01 @ ep 75)  [3.3s]  [logged per-sample loss: mean=0.149]

saved /path/to/ciln-workspace/journal_edition/robustness_transfer/results_v3/erm/ours__elastic_transform_sev3__seed1.json: best 70.01% @ ep 75
saved /path/to/ciln-workspace/journal_edition/robustness_transfer/results_v3/erm/ours__elastic_transform_sev3__seed1__persample.npz: persample (E=7, N=11010)
