/path/to/ciln-workspace/venv/lib/python3.12/site-packages/torchvision/datasets/cifar.py:83: VisibleDeprecationWarning: dtype(): align should be passed as Python or NumPy boolean but got `align=0`. Did you mean to pass a tuple to create a subarray type? (Deprecated NumPy 2.4)
  entry = pickle.load(f, encoding="latin1")
condition=ours__impulse_noise_sev3 seed=0 gpu=2
  ep   0: loss=1.8214  test_acc=21.19%  (best 21.19 @ ep 0)  [3.4s]
  ep   1: loss=1.6890  test_acc=25.97%  (best 25.97 @ ep 1)  [2.4s]
  ep   2: loss=1.5669  test_acc=32.69%  (best 32.69 @ ep 2)  [2.4s]
  ep   3: loss=1.4129  test_acc=35.02%  (best 35.02 @ ep 3)  [2.3s]
  ep   4: loss=1.3458  test_acc=42.22%  (best 42.22 @ ep 4)  [2.4s]
  ep   5: loss=1.2764  test_acc=43.46%  (best 43.46 @ ep 5)  [3.4s]  [logged per-sample loss: mean=1.200]
  ep   6: loss=1.1736  test_acc=38.55%  (best 43.46 @ ep 5)  [2.3s]
  ep   7: loss=1.1878  test_acc=43.34%  (best 43.46 @ ep 5)  [2.4s]
  ep   8: loss=1.1077  test_acc=44.40%  (best 44.40 @ ep 8)  [2.5s]
  ep   9: loss=1.1415  test_acc=45.03%  (best 45.03 @ ep 9)  [2.4s]
  ep  10: loss=1.0646  test_acc=45.50%  (best 45.50 @ ep 10)  [3.5s]  [logged per-sample loss: mean=1.283]
  ep  11: loss=1.0309  test_acc=44.81%  (best 45.50 @ ep 10)  [2.4s]
  ep  12: loss=1.0853  test_acc=51.27%  (best 51.27 @ ep 12)  [2.5s]
  ep  13: loss=1.0240  test_acc=47.98%  (best 51.27 @ ep 12)  [2.4s]
  ep  14: loss=1.0146  test_acc=43.80%  (best 51.27 @ ep 12)  [2.7s]
  ep  15: loss=1.0262  test_acc=49.69%  (best 51.27 @ ep 12)  [4.2s]
  ep  16: loss=1.0206  test_acc=53.08%  (best 53.08 @ ep 16)  [2.3s]
  ep  17: loss=1.0090  test_acc=51.51%  (best 53.08 @ ep 16)  [2.3s]
  ep  18: loss=0.9344  test_acc=52.51%  (best 53.08 @ ep 16)  [2.3s]
  ep  19: loss=0.9233  test_acc=53.23%  (best 53.23 @ ep 19)  [2.4s]
  ep  20: loss=0.9236  test_acc=48.63%  (best 53.23 @ ep 19)  [3.3s]  [logged per-sample loss: mean=1.307]
  ep  21: loss=0.9241  test_acc=55.95%  (best 55.95 @ ep 21)  [2.4s]
  ep  22: loss=0.9229  test_acc=41.16%  (best 55.95 @ ep 21)  [2.4s]
  ep  23: loss=0.9462  test_acc=51.29%  (best 55.95 @ ep 21)  [2.4s]
  ep  24: loss=0.8983  test_acc=54.11%  (best 55.95 @ ep 21)  [2.3s]
  ep  25: loss=0.9573  test_acc=52.76%  (best 55.95 @ ep 21)  [2.5s]
  ep  26: loss=0.8936  test_acc=58.71%  (best 58.71 @ ep 26)  [2.4s]
  ep  27: loss=0.8566  test_acc=53.09%  (best 58.71 @ ep 26)  [2.4s]
  ep  28: loss=0.8397  test_acc=55.65%  (best 58.71 @ ep 26)  [2.3s]
  ep  29: loss=0.8855  test_acc=58.48%  (best 58.71 @ ep 26)  [2.5s]
  ep  30: loss=0.8552  test_acc=50.52%  (best 58.71 @ ep 26)  [3.7s]  [logged per-sample loss: mean=1.134]
  ep  31: loss=0.9007  test_acc=52.83%  (best 58.71 @ ep 26)  [2.6s]
  ep  32: loss=0.8707  test_acc=51.54%  (best 58.71 @ ep 26)  [2.6s]
  ep  33: loss=0.8576  test_acc=52.99%  (best 58.71 @ ep 26)  [2.6s]
  ep  34: loss=0.8189  test_acc=53.79%  (best 58.71 @ ep 26)  [2.5s]
  ep  35: loss=0.8307  test_acc=55.92%  (best 58.71 @ ep 26)  [2.4s]
  ep  36: loss=0.7996  test_acc=47.20%  (best 58.71 @ ep 26)  [2.5s]
  ep  37: loss=0.8529  test_acc=52.85%  (best 58.71 @ ep 26)  [2.4s]
  ep  38: loss=0.8461  test_acc=58.33%  (best 58.71 @ ep 26)  [2.3s]
  ep  39: loss=0.7913  test_acc=57.76%  (best 58.71 @ ep 26)  [2.9s]
  ep  40: loss=0.8192  test_acc=54.15%  (best 58.71 @ ep 26)  [4.9s]
  ep  41: loss=0.8623  test_acc=53.54%  (best 58.71 @ ep 26)  [2.4s]
  ep  42: loss=0.8283  test_acc=59.26%  (best 59.26 @ ep 42)  [2.4s]
  ep  43: loss=0.7877  test_acc=58.91%  (best 59.26 @ ep 42)  [2.4s]
  ep  44: loss=0.7933  test_acc=58.02%  (best 59.26 @ ep 42)  [2.4s]
  ep  45: loss=0.7704  test_acc=55.92%  (best 59.26 @ ep 42)  [2.5s]
  ep  46: loss=0.8182  test_acc=56.72%  (best 59.26 @ ep 42)  [2.4s]
  ep  47: loss=0.7876  test_acc=54.68%  (best 59.26 @ ep 42)  [2.4s]
  ep  48: loss=0.7962  test_acc=58.57%  (best 59.26 @ ep 42)  [2.3s]
  ep  49: loss=0.7555  test_acc=62.11%  (best 62.11 @ ep 49)  [2.3s]
  ep  50: loss=0.8116  test_acc=61.28%  (best 62.11 @ ep 49)  [3.4s]  [logged per-sample loss: mean=0.728]
  ep  51: loss=0.7675  test_acc=58.12%  (best 62.11 @ ep 49)  [2.3s]
  ep  52: loss=0.7536  test_acc=58.79%  (best 62.11 @ ep 49)  [2.3s]
  ep  53: loss=0.7242  test_acc=59.34%  (best 62.11 @ ep 49)  [2.4s]
  ep  54: loss=0.7304  test_acc=57.55%  (best 62.11 @ ep 49)  [2.4s]
  ep  55: loss=0.7866  test_acc=61.97%  (best 62.11 @ ep 49)  [2.4s]
  ep  56: loss=0.7563  test_acc=59.74%  (best 62.11 @ ep 49)  [2.3s]
  ep  57: loss=0.7061  test_acc=58.25%  (best 62.11 @ ep 49)  [2.4s]
  ep  58: loss=0.7589  test_acc=59.15%  (best 62.11 @ ep 49)  [2.5s]
  ep  59: loss=0.7019  test_acc=61.64%  (best 62.11 @ ep 49)  [2.4s]
  ep  60: loss=0.6886  test_acc=61.25%  (best 62.11 @ ep 49)  [2.4s]
  ep  61: loss=0.7114  test_acc=54.71%  (best 62.11 @ ep 49)  [2.3s]
  ep  62: loss=0.7007  test_acc=60.99%  (best 62.11 @ ep 49)  [2.4s]
  ep  63: loss=0.6578  test_acc=58.59%  (best 62.11 @ ep 49)  [2.4s]
  ep  64: loss=0.6588  test_acc=59.79%  (best 62.11 @ ep 49)  [2.4s]
  ep  65: loss=0.6779  test_acc=58.56%  (best 62.11 @ ep 49)  [2.7s]
  ep  66: loss=0.6420  test_acc=60.82%  (best 62.11 @ ep 49)  [4.8s]
  ep  67: loss=0.6086  test_acc=59.08%  (best 62.11 @ ep 49)  [7.5s]
  ep  68: loss=0.6158  test_acc=60.31%  (best 62.11 @ ep 49)  [2.4s]
  ep  69: loss=0.6257  test_acc=55.72%  (best 62.11 @ ep 49)  [2.5s]
  ep  70: loss=0.6284  test_acc=60.57%  (best 62.11 @ ep 49)  [2.3s]
  ep  71: loss=0.5791  test_acc=63.69%  (best 63.69 @ ep 71)  [2.3s]
  ep  72: loss=0.5540  test_acc=61.87%  (best 63.69 @ ep 71)  [2.3s]
  ep  73: loss=0.5698  test_acc=61.19%  (best 63.69 @ ep 71)  [2.5s]
  ep  74: loss=0.5473  test_acc=61.51%  (best 63.69 @ ep 71)  [2.4s]
  ep  75: loss=0.5927  test_acc=60.50%  (best 63.69 @ ep 71)  [3.4s]  [logged per-sample loss: mean=0.587]
  ep  76: loss=0.5745  test_acc=60.46%  (best 63.69 @ ep 71)  [2.3s]
  ep  77: loss=0.5588  test_acc=59.69%  (best 63.69 @ ep 71)  [2.5s]
  ep  78: loss=0.5139  test_acc=59.47%  (best 63.69 @ ep 71)  [2.3s]
  ep  79: loss=0.4853  test_acc=61.34%  (best 63.69 @ ep 71)  [2.3s]
  ep  80: loss=0.4760  test_acc=60.89%  (best 63.69 @ ep 71)  [2.4s]
  ep  81: loss=0.4687  test_acc=59.81%  (best 63.69 @ ep 71)  [2.5s]
  ep  82: loss=0.4558  test_acc=61.14%  (best 63.69 @ ep 71)  [2.4s]
  ep  83: loss=0.5271  test_acc=59.53%  (best 63.69 @ ep 71)  [2.3s]
  ep  84: loss=0.4880  test_acc=60.93%  (best 63.69 @ ep 71)  [2.3s]
  ep  85: loss=0.4427  test_acc=60.97%  (best 63.69 @ ep 71)  [2.5s]
  ep  86: loss=0.4229  test_acc=61.30%  (best 63.69 @ ep 71)  [2.3s]
  ep  87: loss=0.4150  test_acc=59.54%  (best 63.69 @ ep 71)  [2.5s]
  ep  88: loss=0.4234  test_acc=61.02%  (best 63.69 @ ep 71)  [2.3s]
  ep  89: loss=0.3949  test_acc=59.74%  (best 63.69 @ ep 71)  [2.3s]
  ep  90: loss=0.3811  test_acc=59.06%  (best 63.69 @ ep 71)  [2.4s]
  ep  91: loss=0.3674  test_acc=60.08%  (best 63.69 @ ep 71)  [2.4s]
  ep  92: loss=0.3723  test_acc=59.32%  (best 63.69 @ ep 71)  [2.5s]
  ep  93: loss=0.3610  test_acc=59.89%  (best 63.69 @ ep 71)  [5.5s]
  ep  94: loss=0.3561  test_acc=59.76%  (best 63.69 @ ep 71)  [4.8s]
  ep  95: loss=0.3476  test_acc=60.30%  (best 63.69 @ ep 71)  [4.9s]
  ep  96: loss=0.3449  test_acc=60.41%  (best 63.69 @ ep 71)  [5.4s]
  ep  97: loss=0.3421  test_acc=60.30%  (best 63.69 @ ep 71)  [4.5s]
  ep  98: loss=0.3447  test_acc=60.36%  (best 63.69 @ ep 71)  [5.0s]
  ep  99: loss=0.3443  test_acc=59.99%  (best 63.69 @ ep 71)  [7.8s]  [logged per-sample loss: mean=0.318]

saved /path/to/ciln-workspace/journal_edition/robustness_transfer/results_v3/erm/ours__impulse_noise_sev3__seed0.json: best 63.69% @ ep 71
saved /path/to/ciln-workspace/journal_edition/robustness_transfer/results_v3/erm/ours__impulse_noise_sev3__seed0__persample.npz: persample (E=7, N=11010)
