/path/to/ciln-workspace/venv/lib/python3.12/site-packages/torchvision/datasets/cifar.py:83: VisibleDeprecationWarning: dtype(): align should be passed as Python or NumPy boolean but got `align=0`. Did you mean to pass a tuple to create a subarray type? (Deprecated NumPy 2.4)
  entry = pickle.load(f, encoding="latin1")
condition=ours__impulse_noise_sev5 seed=1 gpu=2
  ep   0: loss=1.8685  test_acc=21.38%  (best 21.38 @ ep 0)  [3.2s]
  ep   1: loss=1.7382  test_acc=18.75%  (best 21.38 @ ep 0)  [2.4s]
  ep   2: loss=1.7698  test_acc=18.15%  (best 21.38 @ ep 0)  [2.4s]
  ep   3: loss=1.6448  test_acc=25.81%  (best 25.81 @ ep 3)  [2.3s]
  ep   4: loss=1.5894  test_acc=29.71%  (best 29.71 @ ep 4)  [2.4s]
  ep   5: loss=1.5472  test_acc=29.54%  (best 29.71 @ ep 4)  [3.2s]  [logged per-sample loss: mean=1.746]
  ep   6: loss=1.6225  test_acc=28.26%  (best 29.71 @ ep 4)  [2.4s]
  ep   7: loss=1.5322  test_acc=28.84%  (best 29.71 @ ep 4)  [2.5s]
  ep   8: loss=1.5229  test_acc=30.34%  (best 30.34 @ ep 8)  [2.5s]
  ep   9: loss=1.4822  test_acc=31.96%  (best 31.96 @ ep 9)  [2.5s]
  ep  10: loss=1.4645  test_acc=32.74%  (best 32.74 @ ep 10)  [7.7s]  [logged per-sample loss: mean=1.421]
  ep  11: loss=1.4435  test_acc=31.39%  (best 32.74 @ ep 10)  [6.7s]
  ep  12: loss=1.4154  test_acc=35.05%  (best 35.05 @ ep 12)  [4.9s]
  ep  13: loss=1.4190  test_acc=30.95%  (best 35.05 @ ep 12)  [2.4s]
  ep  14: loss=1.4270  test_acc=30.84%  (best 35.05 @ ep 12)  [2.3s]
  ep  15: loss=1.4490  test_acc=32.76%  (best 35.05 @ ep 12)  [2.3s]
  ep  16: loss=1.4084  test_acc=33.77%  (best 35.05 @ ep 12)  [2.5s]
  ep  17: loss=1.3670  test_acc=31.44%  (best 35.05 @ ep 12)  [2.5s]
  ep  18: loss=1.4235  test_acc=36.66%  (best 36.66 @ ep 18)  [2.6s]
  ep  19: loss=1.3715  test_acc=32.18%  (best 36.66 @ ep 18)  [2.4s]
  ep  20: loss=1.3795  test_acc=34.08%  (best 36.66 @ ep 18)  [3.4s]  [logged per-sample loss: mean=1.423]
  ep  21: loss=1.3941  test_acc=31.74%  (best 36.66 @ ep 18)  [2.7s]
  ep  22: loss=1.3687  test_acc=33.34%  (best 36.66 @ ep 18)  [2.4s]
  ep  23: loss=1.3660  test_acc=32.58%  (best 36.66 @ ep 18)  [2.3s]
  ep  24: loss=1.3273  test_acc=36.93%  (best 36.93 @ ep 24)  [2.3s]
  ep  25: loss=1.3194  test_acc=36.37%  (best 36.93 @ ep 24)  [2.4s]
  ep  26: loss=1.3406  test_acc=36.64%  (best 36.93 @ ep 24)  [2.4s]
  ep  27: loss=1.3159  test_acc=35.18%  (best 36.93 @ ep 24)  [2.3s]
  ep  28: loss=1.3196  test_acc=41.30%  (best 41.30 @ ep 28)  [2.5s]
  ep  29: loss=1.3237  test_acc=37.23%  (best 41.30 @ ep 28)  [2.5s]
  ep  30: loss=1.3473  test_acc=35.07%  (best 41.30 @ ep 28)  [3.3s]  [logged per-sample loss: mean=1.374]
  ep  31: loss=1.3423  test_acc=39.99%  (best 41.30 @ ep 28)  [2.4s]
  ep  32: loss=1.3141  test_acc=33.68%  (best 41.30 @ ep 28)  [2.6s]
  ep  33: loss=1.3066  test_acc=35.74%  (best 41.30 @ ep 28)  [2.6s]
  ep  34: loss=1.2949  test_acc=38.52%  (best 41.30 @ ep 28)  [2.5s]
  ep  35: loss=1.2783  test_acc=35.42%  (best 41.30 @ ep 28)  [2.5s]
  ep  36: loss=1.3426  test_acc=34.95%  (best 41.30 @ ep 28)  [2.4s]
  ep  37: loss=1.2818  test_acc=37.99%  (best 41.30 @ ep 28)  [3.0s]
  ep  38: loss=1.2917  test_acc=38.97%  (best 41.30 @ ep 28)  [5.3s]
  ep  39: loss=1.2724  test_acc=40.87%  (best 41.30 @ ep 28)  [5.6s]
  ep  40: loss=1.2614  test_acc=36.22%  (best 41.30 @ ep 28)  [5.4s]
  ep  41: loss=1.2703  test_acc=40.57%  (best 41.30 @ ep 28)  [5.3s]
  ep  42: loss=1.2446  test_acc=35.99%  (best 41.30 @ ep 28)  [5.4s]
  ep  43: loss=1.3501  test_acc=40.34%  (best 41.30 @ ep 28)  [5.7s]
  ep  44: loss=1.2694  test_acc=41.48%  (best 41.48 @ ep 44)  [5.9s]
  ep  45: loss=1.2562  test_acc=40.80%  (best 41.48 @ ep 44)  [6.3s]
  ep  46: loss=1.2391  test_acc=42.34%  (best 42.34 @ ep 46)  [5.5s]
  ep  47: loss=1.2699  test_acc=40.88%  (best 42.34 @ ep 46)  [6.7s]
  ep  48: loss=1.2589  test_acc=38.49%  (best 42.34 @ ep 46)  [4.6s]
  ep  49: loss=1.2515  test_acc=38.84%  (best 42.34 @ ep 46)  [2.6s]
  ep  50: loss=1.2189  test_acc=38.13%  (best 42.34 @ ep 46)  [3.5s]  [logged per-sample loss: mean=1.290]
  ep  51: loss=1.2901  test_acc=36.60%  (best 42.34 @ ep 46)  [2.5s]
  ep  52: loss=1.3698  test_acc=42.52%  (best 42.52 @ ep 52)  [2.4s]
  ep  53: loss=1.2822  test_acc=39.05%  (best 42.52 @ ep 52)  [2.7s]
  ep  54: loss=1.2788  test_acc=39.58%  (best 42.52 @ ep 52)  [2.5s]
  ep  55: loss=1.2299  test_acc=38.32%  (best 42.52 @ ep 52)  [2.5s]
  ep  56: loss=1.2597  test_acc=35.92%  (best 42.52 @ ep 52)  [2.4s]
  ep  57: loss=1.2472  test_acc=40.27%  (best 42.52 @ ep 52)  [2.5s]
  ep  58: loss=1.2399  test_acc=40.02%  (best 42.52 @ ep 52)  [2.4s]
  ep  59: loss=1.2034  test_acc=44.05%  (best 44.05 @ ep 59)  [2.4s]
  ep  60: loss=1.1912  test_acc=42.22%  (best 44.05 @ ep 59)  [2.4s]
  ep  61: loss=1.2162  test_acc=41.45%  (best 44.05 @ ep 59)  [2.3s]
  ep  62: loss=1.1705  test_acc=40.33%  (best 44.05 @ ep 59)  [2.3s]
  ep  63: loss=1.1990  test_acc=41.02%  (best 44.05 @ ep 59)  [2.6s]
  ep  64: loss=1.2083  test_acc=43.46%  (best 44.05 @ ep 59)  [2.4s]
  ep  65: loss=1.1624  test_acc=39.46%  (best 44.05 @ ep 59)  [2.4s]
  ep  66: loss=1.1545  test_acc=43.97%  (best 44.05 @ ep 59)  [2.4s]
  ep  67: loss=1.1442  test_acc=43.17%  (best 44.05 @ ep 59)  [2.5s]
  ep  68: loss=1.1383  test_acc=43.43%  (best 44.05 @ ep 59)  [2.4s]
  ep  69: loss=1.1455  test_acc=41.74%  (best 44.05 @ ep 59)  [2.4s]
  ep  70: loss=1.1206  test_acc=40.44%  (best 44.05 @ ep 59)  [2.4s]
  ep  71: loss=1.1057  test_acc=41.67%  (best 44.05 @ ep 59)  [2.3s]
  ep  72: loss=1.1211  test_acc=41.06%  (best 44.05 @ ep 59)  [2.3s]
  ep  73: loss=1.0998  test_acc=42.57%  (best 44.05 @ ep 59)  [6.3s]
  ep  74: loss=1.0762  test_acc=39.12%  (best 44.05 @ ep 59)  [6.6s]
  ep  75: loss=1.1168  test_acc=42.30%  (best 44.05 @ ep 59)  [8.9s]  [logged per-sample loss: mean=1.063]
  ep  76: loss=1.0845  test_acc=44.20%  (best 44.20 @ ep 76)  [6.0s]
  ep  77: loss=1.0545  test_acc=41.95%  (best 44.20 @ ep 76)  [7.1s]
  ep  78: loss=1.0572  test_acc=42.59%  (best 44.20 @ ep 76)  [5.9s]
  ep  79: loss=1.0357  test_acc=44.53%  (best 44.53 @ ep 79)  [6.5s]
  ep  80: loss=1.0217  test_acc=41.69%  (best 44.53 @ ep 79)  [5.4s]
  ep  81: loss=1.0054  test_acc=43.85%  (best 44.53 @ ep 79)  [6.3s]
  ep  82: loss=1.0191  test_acc=41.75%  (best 44.53 @ ep 79)  [6.0s]
  ep  83: loss=0.9900  test_acc=43.82%  (best 44.53 @ ep 79)  [5.5s]
  ep  84: loss=0.9680  test_acc=43.24%  (best 44.53 @ ep 79)  [6.1s]
  ep  85: loss=0.9689  test_acc=40.74%  (best 44.53 @ ep 79)  [5.9s]
  ep  86: loss=0.9641  test_acc=42.14%  (best 44.53 @ ep 79)  [6.1s]
  ep  87: loss=0.9537  test_acc=42.77%  (best 44.53 @ ep 79)  [5.6s]
  ep  88: loss=0.9281  test_acc=41.15%  (best 44.53 @ ep 79)  [5.7s]
  ep  89: loss=0.9136  test_acc=41.54%  (best 44.53 @ ep 79)  [5.4s]
  ep  90: loss=0.8966  test_acc=40.71%  (best 44.53 @ ep 79)  [6.2s]
  ep  91: loss=0.8996  test_acc=42.44%  (best 44.53 @ ep 79)  [6.2s]
  ep  92: loss=0.8808  test_acc=41.65%  (best 44.53 @ ep 79)  [5.9s]
  ep  93: loss=0.8774  test_acc=41.25%  (best 44.53 @ ep 79)  [5.5s]
  ep  94: loss=0.8524  test_acc=40.17%  (best 44.53 @ ep 79)  [5.8s]
  ep  95: loss=0.8545  test_acc=40.68%  (best 44.53 @ ep 79)  [2.5s]
  ep  96: loss=0.8478  test_acc=41.97%  (best 44.53 @ ep 79)  [2.3s]
  ep  97: loss=0.8469  test_acc=40.87%  (best 44.53 @ ep 79)  [2.3s]
  ep  98: loss=0.8417  test_acc=41.49%  (best 44.53 @ ep 79)  [2.5s]
  ep  99: loss=0.8415  test_acc=40.90%  (best 44.53 @ ep 79)  [3.3s]  [logged per-sample loss: mean=0.820]

saved /path/to/ciln-workspace/journal_edition/robustness_transfer/results_v3/erm/ours__impulse_noise_sev5__seed1.json: best 44.53% @ ep 79
saved /path/to/ciln-workspace/journal_edition/robustness_transfer/results_v3/erm/ours__impulse_noise_sev5__seed1__persample.npz: persample (E=7, N=11010)
