/path/to/ciln-workspace/venv/lib/python3.12/site-packages/torchvision/datasets/cifar.py:83: VisibleDeprecationWarning: dtype(): align should be passed as Python or NumPy boolean but got `align=0`. Did you mean to pass a tuple to create a subarray type? (Deprecated NumPy 2.4)
  entry = pickle.load(f, encoding="latin1")
condition=ours__brightness_sev5 seed=1 gpu=1
  ep   0: loss=1.8165  test_acc=21.93%  (best 21.93 @ ep 0)  [3.3s]
  ep   1: loss=1.6537  test_acc=24.94%  (best 24.94 @ ep 1)  [2.4s]
  ep   2: loss=1.5319  test_acc=32.99%  (best 32.99 @ ep 2)  [4.3s]
  ep   3: loss=1.4188  test_acc=34.48%  (best 34.48 @ ep 3)  [5.2s]
  ep   4: loss=1.2873  test_acc=36.14%  (best 36.14 @ ep 4)  [4.5s]
  ep   5: loss=1.1845  test_acc=40.66%  (best 40.66 @ ep 5)  [8.2s]  [logged per-sample loss: mean=1.491]
  ep   6: loss=1.1075  test_acc=48.03%  (best 48.03 @ ep 6)  [4.6s]
  ep   7: loss=1.0574  test_acc=39.27%  (best 48.03 @ ep 6)  [5.9s]
  ep   8: loss=1.0583  test_acc=49.23%  (best 49.23 @ ep 8)  [4.4s]
  ep   9: loss=0.9604  test_acc=49.96%  (best 49.96 @ ep 9)  [5.2s]
  ep  10: loss=0.9497  test_acc=51.69%  (best 51.69 @ ep 10)  [7.7s]  [logged per-sample loss: mean=1.173]
  ep  11: loss=0.9680  test_acc=55.06%  (best 55.06 @ ep 11)  [4.9s]
  ep  12: loss=0.9306  test_acc=44.39%  (best 55.06 @ ep 11)  [4.6s]
  ep  13: loss=0.9324  test_acc=45.67%  (best 55.06 @ ep 11)  [2.4s]
  ep  14: loss=1.0161  test_acc=54.89%  (best 55.06 @ ep 11)  [2.4s]
  ep  15: loss=0.9164  test_acc=49.58%  (best 55.06 @ ep 11)  [2.6s]
  ep  16: loss=0.9130  test_acc=50.52%  (best 55.06 @ ep 11)  [2.3s]
  ep  17: loss=1.0161  test_acc=53.51%  (best 55.06 @ ep 11)  [2.6s]
  ep  18: loss=0.9073  test_acc=50.96%  (best 55.06 @ ep 11)  [2.5s]
  ep  19: loss=0.8929  test_acc=56.63%  (best 56.63 @ ep 19)  [2.4s]
  ep  20: loss=0.8675  test_acc=58.71%  (best 58.71 @ ep 20)  [3.4s]  [logged per-sample loss: mean=0.814]
  ep  21: loss=0.8344  test_acc=55.32%  (best 58.71 @ ep 20)  [2.4s]
  ep  22: loss=0.8846  test_acc=56.79%  (best 58.71 @ ep 20)  [2.7s]
  ep  23: loss=0.8185  test_acc=53.89%  (best 58.71 @ ep 20)  [2.4s]
  ep  24: loss=0.8209  test_acc=53.46%  (best 58.71 @ ep 20)  [2.4s]
  ep  25: loss=0.8329  test_acc=51.22%  (best 58.71 @ ep 20)  [2.5s]
  ep  26: loss=0.8903  test_acc=58.22%  (best 58.71 @ ep 20)  [2.5s]
  ep  27: loss=0.8198  test_acc=55.63%  (best 58.71 @ ep 20)  [2.4s]
  ep  28: loss=0.8590  test_acc=58.00%  (best 58.71 @ ep 20)  [2.3s]
  ep  29: loss=0.7828  test_acc=53.87%  (best 58.71 @ ep 20)  [2.5s]
  ep  30: loss=0.8080  test_acc=60.39%  (best 60.39 @ ep 30)  [3.4s]  [logged per-sample loss: mean=0.842]
  ep  31: loss=0.7606  test_acc=60.10%  (best 60.39 @ ep 30)  [2.4s]
  ep  32: loss=0.7818  test_acc=59.70%  (best 60.39 @ ep 30)  [2.3s]
  ep  33: loss=0.7904  test_acc=41.68%  (best 60.39 @ ep 30)  [2.7s]
  ep  34: loss=0.8724  test_acc=55.12%  (best 60.39 @ ep 30)  [2.5s]
  ep  35: loss=0.8381  test_acc=57.62%  (best 60.39 @ ep 30)  [2.4s]
  ep  36: loss=0.7680  test_acc=60.17%  (best 60.39 @ ep 30)  [3.8s]
  ep  37: loss=0.8008  test_acc=54.54%  (best 60.39 @ ep 30)  [4.7s]
  ep  38: loss=0.7710  test_acc=56.08%  (best 60.39 @ ep 30)  [6.1s]
  ep  39: loss=0.7386  test_acc=53.04%  (best 60.39 @ ep 30)  [4.7s]
  ep  40: loss=0.8608  test_acc=53.66%  (best 60.39 @ ep 30)  [6.2s]
  ep  41: loss=0.7579  test_acc=65.04%  (best 65.04 @ ep 41)  [4.9s]
  ep  42: loss=0.7501  test_acc=56.21%  (best 65.04 @ ep 41)  [4.5s]
  ep  43: loss=0.7355  test_acc=60.88%  (best 65.04 @ ep 41)  [2.5s]
  ep  44: loss=0.7118  test_acc=60.89%  (best 65.04 @ ep 41)  [2.5s]
  ep  45: loss=0.7263  test_acc=54.80%  (best 65.04 @ ep 41)  [2.3s]
  ep  46: loss=0.7431  test_acc=55.47%  (best 65.04 @ ep 41)  [2.5s]
  ep  47: loss=0.6984  test_acc=63.82%  (best 65.04 @ ep 41)  [2.4s]
  ep  48: loss=0.7019  test_acc=61.88%  (best 65.04 @ ep 41)  [2.4s]
  ep  49: loss=0.7003  test_acc=59.96%  (best 65.04 @ ep 41)  [2.3s]
  ep  50: loss=0.7414  test_acc=59.73%  (best 65.04 @ ep 41)  [3.4s]  [logged per-sample loss: mean=0.705]
  ep  51: loss=0.6904  test_acc=54.42%  (best 65.04 @ ep 41)  [2.6s]
  ep  52: loss=0.7025  test_acc=62.31%  (best 65.04 @ ep 41)  [2.6s]
  ep  53: loss=0.7057  test_acc=63.78%  (best 65.04 @ ep 41)  [2.4s]
  ep  54: loss=0.6665  test_acc=62.37%  (best 65.04 @ ep 41)  [2.3s]
  ep  55: loss=0.6524  test_acc=56.81%  (best 65.04 @ ep 41)  [2.4s]
  ep  56: loss=0.6354  test_acc=63.96%  (best 65.04 @ ep 41)  [2.3s]
  ep  57: loss=0.6430  test_acc=55.63%  (best 65.04 @ ep 41)  [2.3s]
  ep  58: loss=0.6762  test_acc=59.72%  (best 65.04 @ ep 41)  [2.3s]
  ep  59: loss=0.6379  test_acc=55.06%  (best 65.04 @ ep 41)  [2.5s]
  ep  60: loss=0.7088  test_acc=57.78%  (best 65.04 @ ep 41)  [2.4s]
  ep  61: loss=0.6487  test_acc=60.41%  (best 65.04 @ ep 41)  [2.5s]
  ep  62: loss=0.6562  test_acc=63.63%  (best 65.04 @ ep 41)  [2.6s]
  ep  63: loss=0.6069  test_acc=60.26%  (best 65.04 @ ep 41)  [2.6s]
  ep  64: loss=0.7520  test_acc=57.67%  (best 65.04 @ ep 41)  [2.4s]
  ep  65: loss=0.6816  test_acc=58.86%  (best 65.04 @ ep 41)  [2.4s]
  ep  66: loss=0.6383  test_acc=61.83%  (best 65.04 @ ep 41)  [2.6s]
  ep  67: loss=0.5954  test_acc=61.42%  (best 65.04 @ ep 41)  [3.7s]
  ep  68: loss=0.5704  test_acc=58.61%  (best 65.04 @ ep 41)  [2.5s]
  ep  69: loss=0.5415  test_acc=63.36%  (best 65.04 @ ep 41)  [2.3s]
  ep  70: loss=0.5323  test_acc=59.47%  (best 65.04 @ ep 41)  [2.6s]
  ep  71: loss=0.5201  test_acc=61.82%  (best 65.04 @ ep 41)  [2.6s]
  ep  72: loss=0.5272  test_acc=58.71%  (best 65.04 @ ep 41)  [2.6s]
  ep  73: loss=0.6077  test_acc=61.20%  (best 65.04 @ ep 41)  [2.4s]
  ep  74: loss=0.5035  test_acc=62.14%  (best 65.04 @ ep 41)  [2.5s]
  ep  75: loss=0.5006  test_acc=62.30%  (best 65.04 @ ep 41)  [3.6s]  [logged per-sample loss: mean=0.431]
  ep  76: loss=0.4900  test_acc=62.86%  (best 65.04 @ ep 41)  [2.4s]
  ep  77: loss=0.4887  test_acc=63.58%  (best 65.04 @ ep 41)  [2.5s]
  ep  78: loss=0.4575  test_acc=60.99%  (best 65.04 @ ep 41)  [2.4s]
  ep  79: loss=0.4432  test_acc=61.69%  (best 65.04 @ ep 41)  [2.5s]
  ep  80: loss=0.4446  test_acc=62.41%  (best 65.04 @ ep 41)  [2.4s]
  ep  81: loss=0.4232  test_acc=60.77%  (best 65.04 @ ep 41)  [2.4s]
  ep  82: loss=0.4064  test_acc=61.65%  (best 65.04 @ ep 41)  [2.3s]
  ep  83: loss=0.3885  test_acc=61.57%  (best 65.04 @ ep 41)  [2.5s]
  ep  84: loss=0.3769  test_acc=60.81%  (best 65.04 @ ep 41)  [2.5s]
  ep  85: loss=0.3734  test_acc=62.31%  (best 65.04 @ ep 41)  [2.3s]
  ep  86: loss=0.3634  test_acc=62.79%  (best 65.04 @ ep 41)  [2.3s]
  ep  87: loss=0.3539  test_acc=64.40%  (best 65.04 @ ep 41)  [2.5s]
  ep  88: loss=0.3424  test_acc=60.02%  (best 65.04 @ ep 41)  [2.5s]
  ep  89: loss=0.3291  test_acc=61.28%  (best 65.04 @ ep 41)  [2.5s]
  ep  90: loss=0.3199  test_acc=60.85%  (best 65.04 @ ep 41)  [2.5s]
  ep  91: loss=0.3179  test_acc=61.61%  (best 65.04 @ ep 41)  [2.3s]
  ep  92: loss=0.3137  test_acc=62.06%  (best 65.04 @ ep 41)  [2.6s]
  ep  93: loss=0.3084  test_acc=62.54%  (best 65.04 @ ep 41)  [5.0s]
  ep  94: loss=0.2973  test_acc=61.38%  (best 65.04 @ ep 41)  [4.9s]
  ep  95: loss=0.2979  test_acc=61.36%  (best 65.04 @ ep 41)  [5.4s]
  ep  96: loss=0.2883  test_acc=62.46%  (best 65.04 @ ep 41)  [5.0s]
  ep  97: loss=0.2841  test_acc=59.99%  (best 65.04 @ ep 41)  [5.0s]
  ep  98: loss=0.2855  test_acc=62.98%  (best 65.04 @ ep 41)  [5.0s]
  ep  99: loss=0.2909  test_acc=61.57%  (best 65.04 @ ep 41)  [9.0s]  [logged per-sample loss: mean=0.271]

saved /path/to/ciln-workspace/journal_edition/robustness_transfer/results_v3/erm/ours__brightness_sev5__seed1.json: best 65.04% @ ep 41
saved /path/to/ciln-workspace/journal_edition/robustness_transfer/results_v3/erm/ours__brightness_sev5__seed1__persample.npz: persample (E=7, N=11010)
