# 2026-07-16T14:45:40.602279 | cmd = python /path/to/ciln-workspace/experiments/downstream_multimodal/train_mnist/train_mnist_erm.py --setting impulse_noise_sev5 --variant S --image-source noisy --seed 1 --gpu 2
[MNIST ERM] impulse_noise_sev5__S__erm__noisy__seed1  gpu=2
  N=27000  sampled_nr=49.05%  expected_nr=49.05%
  ep   0  train_loss=1.4918  test_acc=72.95%  best=72.95%@0
  ep   5  train_loss=1.0427  test_acc=92.23%  best=92.69%@4
  ep  10  train_loss=0.9794  test_acc=90.69%  best=94.28%@9
  ep  15  train_loss=0.9225  test_acc=91.80%  best=94.28%@9
  ep  20  train_loss=0.8622  test_acc=91.04%  best=94.28%@9
  ep  25  train_loss=0.7914  test_acc=89.33%  best=94.28%@9
  ep  30  train_loss=0.7138  test_acc=84.60%  best=94.28%@9
  ep  35  train_loss=0.6419  test_acc=82.02%  best=94.28%@9
  ep  40  train_loss=0.5664  test_acc=80.54%  best=94.28%@9
  ep  45  train_loss=0.5006  test_acc=78.86%  best=94.28%@9
  ep  50  train_loss=0.4367  test_acc=77.76%  best=94.28%@9
  ep  55  train_loss=0.3797  test_acc=77.16%  best=94.28%@9
  ep  60  train_loss=0.3319  test_acc=75.72%  best=94.28%@9
  ep  65  train_loss=0.2902  test_acc=74.62%  best=94.28%@9
  ep  70  train_loss=0.2570  test_acc=75.13%  best=94.28%@9
  ep  75  train_loss=0.2283  test_acc=74.05%  best=94.28%@9
  ep  80  train_loss=0.2081  test_acc=73.47%  best=94.28%@9
  ep  85  train_loss=0.1930  test_acc=73.82%  best=94.28%@9
  ep  90  train_loss=0.1834  test_acc=73.29%  best=94.28%@9
  ep  95  train_loss=0.1785  test_acc=73.63%  best=94.28%@9
  ep  99  train_loss=0.1771  test_acc=73.62%  best=94.28%@9
  DONE  best=94.28%  saved impulse_noise_sev5__S__erm__noisy__seed1.json + persample.npz

# exit=0
