# 2026-07-16T16:53:22.647828 | cmd = python /path/to/ciln-workspace/experiments/downstream_multimodal/train_mnist/train_mnist_erm.py --setting glass_blur_sev5 --variant C --image-source clean --seed 1 --gpu 1
[MNIST ERM] glass_blur_sev5__C__erm__clean__seed1  gpu=1
  N=26107  sampled_nr=71.20%  expected_nr=71.10%
  ep   0  train_loss=1.6427  test_acc=34.02%  best=34.02%@0
  ep   5  train_loss=1.3754  test_acc=38.23%  best=45.89%@2
  ep  10  train_loss=1.3308  test_acc=43.52%  best=49.19%@7
  ep  15  train_loss=1.2899  test_acc=45.36%  best=49.19%@7
  ep  20  train_loss=1.2551  test_acc=45.78%  best=49.19%@7
  ep  25  train_loss=1.2156  test_acc=44.66%  best=49.19%@7
  ep  30  train_loss=1.1666  test_acc=41.18%  best=49.19%@7
  ep  35  train_loss=1.1185  test_acc=38.13%  best=49.19%@7
  ep  40  train_loss=1.0650  test_acc=35.35%  best=49.19%@7
  ep  45  train_loss=1.0172  test_acc=40.70%  best=49.19%@7
  ep  50  train_loss=0.9687  test_acc=36.85%  best=49.19%@7
  ep  55  train_loss=0.9255  test_acc=37.75%  best=49.19%@7
  ep  60  train_loss=0.8818  test_acc=36.43%  best=49.19%@7
  ep  65  train_loss=0.8493  test_acc=33.06%  best=49.19%@7
  ep  70  train_loss=0.8154  test_acc=35.44%  best=49.19%@7
  ep  75  train_loss=0.7880  test_acc=34.84%  best=49.19%@7
  ep  80  train_loss=0.7678  test_acc=33.61%  best=49.19%@7
  ep  85  train_loss=0.7523  test_acc=33.27%  best=49.19%@7
  ep  90  train_loss=0.7418  test_acc=33.62%  best=49.19%@7
  ep  95  train_loss=0.7361  test_acc=33.86%  best=49.19%@7
  ep  99  train_loss=0.7344  test_acc=33.85%  best=49.19%@7
  DONE  best=49.19%  saved glass_blur_sev5__C__erm__clean__seed1.json + persample.npz

# exit=0
