# 2026-07-16T18:02:09.484911 | cmd = python /path/to/ciln-workspace/experiments/downstream_multimodal/train_mnist/train_mnist_dividemix.py --setting rotate_sev5 --variant S --image-source clean --seed 0 --gpu 2
[MNIST DM] rotate_sev5__S__dividemix__clean__seed0  gpu=2
  N=27000  sampled_nr=64.14%
  ep   0  a=38.55%  b=46.31%  ens=43.78%  best_ens=43.78%@0  [3.7s]
  ep   5  a=46.25%  b=46.26%  ens=46.39%  best_ens=46.39%@5  [4.0s]
  ep  10  a=43.84%  b=46.47%  ens=45.47%  best_ens=46.39%@5  [5.3s]
  ep  15  a=49.14%  b=49.89%  ens=49.63%  best_ens=49.63%@15  [3.3s]
  ep  20  a=50.14%  b=50.34%  ens=50.39%  best_ens=50.41%@19  [4.5s]
  ep  25  a=48.12%  b=48.80%  ens=48.49%  best_ens=50.41%@19  [3.2s]
  ep  30  a=49.12%  b=48.83%  ens=49.06%  best_ens=50.41%@19  [4.6s]
  ep  35  a=49.55%  b=48.81%  ens=49.24%  best_ens=50.41%@19  [3.3s]
  ep  40  a=47.95%  b=48.50%  ens=48.19%  best_ens=50.41%@19  [3.1s]
  ep  45  a=47.36%  b=47.45%  ens=47.37%  best_ens=50.41%@19  [3.3s]
  ep  50  a=47.38%  b=47.44%  ens=47.42%  best_ens=50.41%@19  [4.6s]
  ep  55  a=46.58%  b=46.58%  ens=46.63%  best_ens=50.41%@19  [3.4s]
  ep  60  a=46.42%  b=47.01%  ens=46.67%  best_ens=50.41%@19  [3.5s]
  ep  65  a=46.60%  b=46.69%  ens=46.69%  best_ens=50.41%@19  [3.4s]
  ep  70  a=46.18%  b=46.63%  ens=46.42%  best_ens=50.41%@19  [3.2s]
  ep  75  a=46.31%  b=46.33%  ens=46.50%  best_ens=50.41%@19  [4.6s]
  ep  80  a=46.39%  b=46.72%  ens=46.51%  best_ens=50.41%@19  [3.7s]
  ep  85  a=46.36%  b=46.65%  ens=46.52%  best_ens=50.41%@19  [3.3s]
  ep  90  a=46.36%  b=46.69%  ens=46.51%  best_ens=50.41%@19  [3.2s]
  ep  95  a=46.35%  b=46.72%  ens=46.51%  best_ens=50.41%@19  [3.2s]
  ep  99  a=46.37%  b=46.74%  ens=46.52%  best_ens=50.41%@19  [5.2s]
  DONE  best_ens=50.41%  saved rotate_sev5__S__dividemix__clean__seed0.json + persample.npz

# exit=0
