# 2026-07-16T19:03:18.304577 | cmd = python /path/to/ciln-workspace/experiments/downstream_multimodal/train_mnist/train_mnist_erm.py --setting fog_sev5 --variant S --image-source clean --seed 1 --gpu 1
[MNIST ERM] fog_sev5__S__erm__clean__seed1  gpu=1
  N=27000  sampled_nr=39.16%  expected_nr=39.44%
  ep   0  train_loss=1.3786  test_acc=84.89%  best=84.89%@0
  ep   5  train_loss=1.0355  test_acc=90.25%  best=93.29%@4
  ep  10  train_loss=0.9990  test_acc=91.85%  best=94.65%@9
  ep  15  train_loss=0.9644  test_acc=92.13%  best=94.65%@9
  ep  20  train_loss=0.9200  test_acc=87.44%  best=94.65%@9
  ep  25  train_loss=0.8675  test_acc=85.28%  best=94.65%@9
  ep  30  train_loss=0.8045  test_acc=83.09%  best=94.65%@9
  ep  35  train_loss=0.7398  test_acc=78.14%  best=94.65%@9
  ep  40  train_loss=0.6695  test_acc=77.92%  best=94.65%@9
  ep  45  train_loss=0.6048  test_acc=76.68%  best=94.65%@9
  ep  50  train_loss=0.5485  test_acc=71.57%  best=94.65%@9
  ep  55  train_loss=0.4935  test_acc=71.42%  best=94.65%@9
  ep  60  train_loss=0.4463  test_acc=69.81%  best=94.65%@9
  ep  65  train_loss=0.4032  test_acc=67.16%  best=94.65%@9
  ep  70  train_loss=0.3663  test_acc=68.01%  best=94.65%@9
  ep  75  train_loss=0.3387  test_acc=66.38%  best=94.65%@9
  ep  80  train_loss=0.3165  test_acc=66.51%  best=94.65%@9
  ep  85  train_loss=0.3015  test_acc=66.67%  best=94.65%@9
  ep  90  train_loss=0.2915  test_acc=65.93%  best=94.65%@9
  ep  95  train_loss=0.2865  test_acc=66.21%  best=94.65%@9
  ep  99  train_loss=0.2849  test_acc=66.21%  best=94.65%@9
  DONE  best=94.65%  saved fog_sev5__S__erm__clean__seed1.json + persample.npz

# exit=0
