# 2026-07-16T18:08:09.410915 | cmd = python /path/to/ciln-workspace/experiments/downstream_multimodal/train_mnist/train_mnist_dividemix.py --setting rotate_sev5 --variant S --image-source clean --seed 2 --gpu 2
[MNIST DM] rotate_sev5__S__dividemix__clean__seed2  gpu=2
  N=27000  sampled_nr=63.92%
  ep   0  a=44.24%  b=45.26%  ens=45.50%  best_ens=45.50%@0  [3.5s]
  ep   5  a=41.32%  b=42.94%  ens=42.57%  best_ens=46.31%@3  [4.2s]
  ep  10  a=47.34%  b=50.15%  ens=49.37%  best_ens=49.37%@10  [5.7s]
  ep  15  a=54.08%  b=54.91%  ens=54.63%  best_ens=54.63%@15  [3.4s]
  ep  20  a=54.50%  b=54.88%  ens=54.70%  best_ens=55.11%@17  [4.5s]
  ep  25  a=54.64%  b=54.37%  ens=54.66%  best_ens=55.11%@17  [3.3s]
  ep  30  a=55.57%  b=54.86%  ens=55.34%  best_ens=55.34%@30  [4.8s]
  ep  35  a=55.30%  b=55.63%  ens=55.59%  best_ens=55.59%@35  [3.2s]
  ep  40  a=56.11%  b=55.87%  ens=56.08%  best_ens=56.24%@39  [3.2s]
  ep  45  a=55.68%  b=56.43%  ens=56.21%  best_ens=56.24%@39  [3.3s]
  ep  50  a=55.66%  b=56.41%  ens=56.23%  best_ens=56.42%@49  [4.6s]
  ep  55  a=56.00%  b=56.29%  ens=56.22%  best_ens=56.64%@53  [3.4s]
  ep  60  a=56.17%  b=56.34%  ens=56.35%  best_ens=56.64%@53  [3.4s]
  ep  65  a=56.04%  b=55.95%  ens=55.97%  best_ens=56.64%@53  [3.3s]
  ep  70  a=55.75%  b=56.18%  ens=56.05%  best_ens=56.64%@53  [3.3s]
  ep  75  a=55.97%  b=56.22%  ens=56.05%  best_ens=56.64%@53  [4.7s]
  ep  80  a=55.76%  b=56.05%  ens=55.84%  best_ens=56.64%@53  [3.3s]
  ep  85  a=55.81%  b=56.18%  ens=56.02%  best_ens=56.64%@53  [3.4s]
  ep  90  a=55.90%  b=56.10%  ens=55.99%  best_ens=56.64%@53  [3.5s]
  ep  95  a=55.98%  b=56.00%  ens=55.96%  best_ens=56.64%@53  [3.4s]
  ep  99  a=55.98%  b=55.98%  ens=55.98%  best_ens=56.64%@53  [4.8s]
  DONE  best_ens=56.64%  saved rotate_sev5__S__dividemix__clean__seed2.json + persample.npz

# exit=0
