# 2026-07-16T21:12:54.726703 | cmd = python /path/to/ciln-workspace/experiments/downstream_multimodal/train_mnist/train_mnist_erm.py --setting canny_edges_sev1 --variant C --image-source clean --seed 2 --gpu 2
[MNIST ERM] canny_edges_sev1__C__erm__clean__seed2  gpu=2
  N=26107  sampled_nr=30.66%  expected_nr=31.05%
  ep   0  train_loss=1.0838  test_acc=76.82%  best=76.82%@0
  ep   5  train_loss=0.6463  test_acc=79.44%  best=86.43%@2
  ep  10  train_loss=0.6121  test_acc=74.05%  best=86.43%@2
  ep  15  train_loss=0.5826  test_acc=75.78%  best=86.43%@2
  ep  20  train_loss=0.5430  test_acc=78.52%  best=86.43%@2
  ep  25  train_loss=0.5006  test_acc=77.80%  best=86.43%@2
  ep  30  train_loss=0.4571  test_acc=74.52%  best=86.43%@2
  ep  35  train_loss=0.4104  test_acc=74.38%  best=86.43%@2
  ep  40  train_loss=0.3637  test_acc=75.11%  best=86.43%@2
  ep  45  train_loss=0.3125  test_acc=73.32%  best=86.43%@2
  ep  50  train_loss=0.2687  test_acc=75.87%  best=86.43%@2
  ep  55  train_loss=0.2327  test_acc=68.67%  best=86.43%@2
  ep  60  train_loss=0.1968  test_acc=73.69%  best=86.43%@2
  ep  65  train_loss=0.1693  test_acc=69.52%  best=86.43%@2
  ep  70  train_loss=0.1468  test_acc=71.32%  best=86.43%@2
  ep  75  train_loss=0.1306  test_acc=70.81%  best=86.43%@2
  ep  80  train_loss=0.1178  test_acc=70.26%  best=86.43%@2
  ep  85  train_loss=0.1093  test_acc=70.85%  best=86.43%@2
  ep  90  train_loss=0.1037  test_acc=70.29%  best=86.43%@2
  ep  95  train_loss=0.1008  test_acc=70.67%  best=86.43%@2
  ep  99  train_loss=0.1000  test_acc=70.50%  best=86.43%@2
  DONE  best=86.43%  saved canny_edges_sev1__C__erm__clean__seed2.json + persample.npz

# exit=0
