# 2026-07-16T16:31:59.411273 | cmd = python /path/to/ciln-workspace/experiments/downstream_multimodal/train_mnist/train_mnist_dividemix.py --setting glass_blur_sev5 --variant S --image-source clean --seed 1 --gpu 1
[MNIST DM] glass_blur_sev5__S__dividemix__clean__seed1  gpu=1
  N=27000  sampled_nr=71.30%
  ep   0  a=33.81%  b=35.97%  ens=35.70%  best_ens=35.70%@0  [3.7s]
  ep   5  a=40.90%  b=44.78%  ens=43.86%  best_ens=46.06%@1  [4.3s]
  ep  10  a=32.68%  b=33.76%  ens=33.31%  best_ens=46.06%@1  [6.0s]
  ep  15  a=31.10%  b=30.48%  ens=30.84%  best_ens=46.06%@1  [3.5s]
  ep  20  a=29.87%  b=30.18%  ens=30.07%  best_ens=46.06%@1  [4.5s]
  ep  25  a=29.11%  b=30.20%  ens=29.76%  best_ens=46.06%@1  [3.3s]
  ep  30  a=29.56%  b=29.83%  ens=29.67%  best_ens=46.06%@1  [4.4s]
  ep  35  a=29.16%  b=29.12%  ens=29.12%  best_ens=46.06%@1  [3.7s]
  ep  40  a=29.62%  b=29.51%  ens=29.65%  best_ens=46.06%@1  [3.8s]
  ep  45  a=29.60%  b=29.36%  ens=29.54%  best_ens=46.06%@1  [3.9s]
  ep  50  a=29.43%  b=29.46%  ens=29.49%  best_ens=46.06%@1  [4.8s]
  ep  55  a=29.65%  b=29.49%  ens=29.56%  best_ens=46.06%@1  [3.8s]
  ep  60  a=29.52%  b=29.37%  ens=29.49%  best_ens=46.06%@1  [4.0s]
  ep  65  a=29.41%  b=29.38%  ens=29.39%  best_ens=46.06%@1  [8.7s]
  ep  70  a=29.47%  b=29.43%  ens=29.48%  best_ens=46.06%@1  [3.9s]
  ep  75  a=29.53%  b=29.45%  ens=29.49%  best_ens=46.06%@1  [5.2s]
  ep  80  a=29.45%  b=29.43%  ens=29.46%  best_ens=46.06%@1  [3.9s]
  ep  85  a=29.50%  b=29.52%  ens=29.53%  best_ens=46.06%@1  [3.9s]
  ep  90  a=29.54%  b=29.50%  ens=29.53%  best_ens=46.06%@1  [3.9s]
  ep  95  a=29.53%  b=29.51%  ens=29.54%  best_ens=46.06%@1  [3.9s]
  ep  99  a=29.52%  b=29.50%  ens=29.53%  best_ens=46.06%@1  [5.2s]
  DONE  best_ens=46.06%  saved glass_blur_sev5__S__dividemix__clean__seed1.json + persample.npz

# exit=0
