/path/to/ciln-workspace/venv/lib/python3.12/site-packages/torchvision/datasets/cifar.py:83: VisibleDeprecationWarning: dtype(): align should be passed as Python or NumPy boolean but got `align=0`. Did you mean to pass a tuple to create a subarray type? (Deprecated NumPy 2.4)
  entry = pickle.load(f, encoding="latin1")
condition=gu_high seed=2 gpu=1
  ep   0: loss=1.9812  test_acc=28.23%  (best 28.23 @ ep 0)  [4.3s]
  ep   1: loss=1.7478  test_acc=39.65%  (best 39.65 @ ep 1)  [3.5s]
  ep   2: loss=1.6061  test_acc=43.00%  (best 43.00 @ ep 2)  [3.6s]
  ep   3: loss=1.5043  test_acc=50.80%  (best 50.80 @ ep 3)  [3.4s]
  ep   4: loss=1.4527  test_acc=45.10%  (best 50.80 @ ep 3)  [3.4s]
  ep   5: loss=1.4179  test_acc=51.51%  (best 51.51 @ ep 5)  [3.5s]
  ep   6: loss=1.3888  test_acc=54.02%  (best 54.02 @ ep 6)  [3.3s]
  ep   7: loss=1.3764  test_acc=53.09%  (best 54.02 @ ep 6)  [3.5s]
  ep   8: loss=1.3584  test_acc=49.72%  (best 54.02 @ ep 6)  [3.5s]
  ep   9: loss=1.3364  test_acc=52.81%  (best 54.02 @ ep 6)  [3.5s]
  ep  10: loss=1.3259  test_acc=57.09%  (best 57.09 @ ep 10)  [3.3s]
  ep  11: loss=1.3171  test_acc=50.96%  (best 57.09 @ ep 10)  [6.6s]
  ep  12: loss=1.3149  test_acc=53.68%  (best 57.09 @ ep 10)  [7.5s]
  ep  13: loss=1.3081  test_acc=58.76%  (best 58.76 @ ep 13)  [7.6s]
  ep  14: loss=1.3040  test_acc=55.22%  (best 58.76 @ ep 13)  [7.5s]
  ep  15: loss=1.2907  test_acc=52.43%  (best 58.76 @ ep 13)  [5.1s]
  ep  16: loss=1.2888  test_acc=57.40%  (best 58.76 @ ep 13)  [3.5s]
  ep  17: loss=1.2843  test_acc=55.57%  (best 58.76 @ ep 13)  [3.4s]
  ep  18: loss=1.2780  test_acc=55.57%  (best 58.76 @ ep 13)  [3.3s]
  ep  19: loss=1.2810  test_acc=58.32%  (best 58.76 @ ep 13)  [3.2s]
  ep  20: loss=1.2836  test_acc=51.48%  (best 58.76 @ ep 13)  [3.4s]
  ep  21: loss=1.2622  test_acc=54.03%  (best 58.76 @ ep 13)  [3.4s]
  ep  22: loss=1.2589  test_acc=56.39%  (best 58.76 @ ep 13)  [3.3s]
  ep  23: loss=1.2586  test_acc=57.55%  (best 58.76 @ ep 13)  [3.3s]
  ep  24: loss=1.2658  test_acc=53.60%  (best 58.76 @ ep 13)  [3.4s]
  ep  25: loss=1.2509  test_acc=57.03%  (best 58.76 @ ep 13)  [3.6s]
  ep  26: loss=1.2495  test_acc=55.42%  (best 58.76 @ ep 13)  [3.5s]
  ep  27: loss=1.2412  test_acc=55.39%  (best 58.76 @ ep 13)  [3.4s]
  ep  28: loss=1.2388  test_acc=54.87%  (best 58.76 @ ep 13)  [3.3s]
  ep  29: loss=1.2382  test_acc=58.82%  (best 58.82 @ ep 29)  [3.4s]
  ep  30: loss=1.2288  test_acc=60.29%  (best 60.29 @ ep 30)  [3.5s]
  ep  31: loss=1.2315  test_acc=59.57%  (best 60.29 @ ep 30)  [3.5s]
  ep  32: loss=1.2192  test_acc=61.00%  (best 61.00 @ ep 32)  [3.4s]
  ep  33: loss=1.2150  test_acc=60.06%  (best 61.00 @ ep 32)  [3.4s]
  ep  34: loss=1.2129  test_acc=61.29%  (best 61.29 @ ep 34)  [7.6s]
  ep  35: loss=1.2203  test_acc=56.36%  (best 61.29 @ ep 34)  [9.2s]
  ep  36: loss=1.2112  test_acc=58.31%  (best 61.29 @ ep 34)  [7.2s]
  ep  37: loss=1.2003  test_acc=58.35%  (best 61.29 @ ep 34)  [7.8s]
  ep  38: loss=1.1944  test_acc=62.28%  (best 62.28 @ ep 38)  [3.6s]
  ep  39: loss=1.1921  test_acc=59.89%  (best 62.28 @ ep 38)  [3.3s]
  ep  40: loss=1.1869  test_acc=61.06%  (best 62.28 @ ep 38)  [3.2s]
  ep  41: loss=1.1813  test_acc=58.81%  (best 62.28 @ ep 38)  [3.3s]
  ep  42: loss=1.1764  test_acc=60.61%  (best 62.28 @ ep 38)  [3.4s]
  ep  43: loss=1.1730  test_acc=53.97%  (best 62.28 @ ep 38)  [3.7s]
  ep  44: loss=1.1667  test_acc=53.71%  (best 62.28 @ ep 38)  [3.6s]
  ep  45: loss=1.1628  test_acc=59.85%  (best 62.28 @ ep 38)  [3.3s]
  ep  46: loss=1.1584  test_acc=58.61%  (best 62.28 @ ep 38)  [3.7s]
  ep  47: loss=1.1514  test_acc=59.61%  (best 62.28 @ ep 38)  [3.4s]
  ep  48: loss=1.1449  test_acc=61.28%  (best 62.28 @ ep 38)  [3.5s]
  ep  49: loss=1.1427  test_acc=63.31%  (best 63.31 @ ep 49)  [3.4s]
  ep  50: loss=1.1300  test_acc=59.31%  (best 63.31 @ ep 49)  [3.3s]
  ep  51: loss=1.1307  test_acc=63.80%  (best 63.80 @ ep 51)  [3.4s]
  ep  52: loss=1.1184  test_acc=58.19%  (best 63.80 @ ep 51)  [3.4s]
  ep  53: loss=1.1115  test_acc=58.37%  (best 63.80 @ ep 51)  [3.3s]
  ep  54: loss=1.1029  test_acc=56.60%  (best 63.80 @ ep 51)  [3.3s]
  ep  55: loss=1.1010  test_acc=63.66%  (best 63.80 @ ep 51)  [3.4s]
  ep  56: loss=1.0892  test_acc=60.96%  (best 63.80 @ ep 51)  [8.2s]
  ep  57: loss=1.0836  test_acc=59.60%  (best 63.80 @ ep 51)  [3.5s]
  ep  58: loss=1.0827  test_acc=59.19%  (best 63.80 @ ep 51)  [3.4s]
  ep  59: loss=1.0614  test_acc=56.78%  (best 63.80 @ ep 51)  [3.2s]
  ep  60: loss=1.0574  test_acc=55.17%  (best 63.80 @ ep 51)  [3.3s]
  ep  61: loss=1.0504  test_acc=60.70%  (best 63.80 @ ep 51)  [3.3s]
  ep  62: loss=1.0395  test_acc=58.22%  (best 63.80 @ ep 51)  [3.4s]
  ep  63: loss=1.0291  test_acc=58.64%  (best 63.80 @ ep 51)  [3.5s]
  ep  64: loss=1.0259  test_acc=61.28%  (best 63.80 @ ep 51)  [3.3s]
  ep  65: loss=1.0072  test_acc=58.52%  (best 63.80 @ ep 51)  [3.4s]
  ep  66: loss=0.9985  test_acc=61.20%  (best 63.80 @ ep 51)  [3.7s]
  ep  67: loss=0.9962  test_acc=60.65%  (best 63.80 @ ep 51)  [3.4s]
  ep  68: loss=0.9782  test_acc=59.08%  (best 63.80 @ ep 51)  [3.4s]
  ep  69: loss=0.9616  test_acc=58.95%  (best 63.80 @ ep 51)  [3.5s]
  ep  70: loss=0.9510  test_acc=58.65%  (best 63.80 @ ep 51)  [3.3s]
  ep  71: loss=0.9444  test_acc=60.87%  (best 63.80 @ ep 51)  [3.3s]
  ep  72: loss=0.9220  test_acc=60.85%  (best 63.80 @ ep 51)  [3.5s]
  ep  73: loss=0.9123  test_acc=60.73%  (best 63.80 @ ep 51)  [3.3s]
  ep  74: loss=0.8989  test_acc=61.19%  (best 63.80 @ ep 51)  [3.4s]
  ep  75: loss=0.8805  test_acc=60.80%  (best 63.80 @ ep 51)  [5.9s]
  ep  76: loss=0.8631  test_acc=61.05%  (best 63.80 @ ep 51)  [8.7s]
  ep  77: loss=0.8401  test_acc=57.39%  (best 63.80 @ ep 51)  [7.2s]
  ep  78: loss=0.8269  test_acc=58.97%  (best 63.80 @ ep 51)  [8.1s]
  ep  79: loss=0.8093  test_acc=57.94%  (best 63.80 @ ep 51)  [5.3s]
  ep  80: loss=0.7795  test_acc=57.88%  (best 63.80 @ ep 51)  [3.4s]
  ep  81: loss=0.7625  test_acc=60.31%  (best 63.80 @ ep 51)  [3.5s]
  ep  82: loss=0.7455  test_acc=57.18%  (best 63.80 @ ep 51)  [3.6s]
  ep  83: loss=0.7307  test_acc=59.43%  (best 63.80 @ ep 51)  [3.6s]
  ep  84: loss=0.7046  test_acc=57.28%  (best 63.80 @ ep 51)  [3.6s]
  ep  85: loss=0.6844  test_acc=58.01%  (best 63.80 @ ep 51)  [3.4s]
  ep  86: loss=0.6681  test_acc=58.36%  (best 63.80 @ ep 51)  [3.5s]
  ep  87: loss=0.6372  test_acc=56.36%  (best 63.80 @ ep 51)  [3.4s]
  ep  88: loss=0.6295  test_acc=58.37%  (best 63.80 @ ep 51)  [3.3s]
  ep  89: loss=0.6021  test_acc=58.26%  (best 63.80 @ ep 51)  [3.6s]
  ep  90: loss=0.5894  test_acc=57.14%  (best 63.80 @ ep 51)  [3.2s]
  ep  91: loss=0.5660  test_acc=57.73%  (best 63.80 @ ep 51)  [3.3s]
  ep  92: loss=0.5597  test_acc=57.60%  (best 63.80 @ ep 51)  [3.6s]
  ep  93: loss=0.5388  test_acc=57.52%  (best 63.80 @ ep 51)  [3.4s]
  ep  94: loss=0.5286  test_acc=57.67%  (best 63.80 @ ep 51)  [3.5s]
  ep  95: loss=0.5215  test_acc=57.87%  (best 63.80 @ ep 51)  [3.3s]
  ep  96: loss=0.5101  test_acc=56.93%  (best 63.80 @ ep 51)  [3.5s]
  ep  97: loss=0.5065  test_acc=56.98%  (best 63.80 @ ep 51)  [5.4s]
  ep  98: loss=0.5050  test_acc=57.62%  (best 63.80 @ ep 51)  [8.4s]
  ep  99: loss=0.5038  test_acc=56.45%  (best 63.80 @ ep 51)  [7.3s]

saved /path/to/ciln-workspace/journal_edition/robustness_transfer/results_v3/erm/gu_high__seed2.json: best 63.80% @ ep 51
