/path/to/ciln-workspace/venv/lib/python3.12/site-packages/torchvision/datasets/cifar.py:83: VisibleDeprecationWarning: dtype(): align should be passed as Python or NumPy boolean but got `align=0`. Did you mean to pass a tuple to create a subarray type? (Deprecated NumPy 2.4)
  entry = pickle.load(f, encoding="latin1")
condition=gu_high seed=1 gpu=1
  ep   0: loss=2.0299  test_acc=26.01%  (best 26.01 @ ep 0)  [4.2s]
  ep   1: loss=1.8231  test_acc=36.44%  (best 36.44 @ ep 1)  [3.5s]
  ep   2: loss=1.6864  test_acc=42.34%  (best 42.34 @ ep 2)  [3.3s]
  ep   3: loss=1.5877  test_acc=38.63%  (best 42.34 @ ep 2)  [3.2s]
  ep   4: loss=1.5244  test_acc=48.38%  (best 48.38 @ ep 4)  [3.3s]
  ep   5: loss=1.4680  test_acc=48.56%  (best 48.56 @ ep 5)  [3.4s]
  ep   6: loss=1.4223  test_acc=51.09%  (best 51.09 @ ep 6)  [3.3s]
  ep   7: loss=1.3952  test_acc=48.93%  (best 51.09 @ ep 6)  [3.2s]
  ep   8: loss=1.3899  test_acc=55.20%  (best 55.20 @ ep 8)  [3.7s]
  ep   9: loss=1.3521  test_acc=52.75%  (best 55.20 @ ep 8)  [3.7s]
  ep  10: loss=1.3365  test_acc=56.28%  (best 56.28 @ ep 10)  [8.8s]
  ep  11: loss=1.3382  test_acc=55.14%  (best 56.28 @ ep 10)  [7.4s]
  ep  12: loss=1.3216  test_acc=59.70%  (best 59.70 @ ep 12)  [7.9s]
  ep  13: loss=1.3167  test_acc=58.01%  (best 59.70 @ ep 12)  [6.1s]
  ep  14: loss=1.3084  test_acc=56.32%  (best 59.70 @ ep 12)  [3.3s]
  ep  15: loss=1.3024  test_acc=54.48%  (best 59.70 @ ep 12)  [3.5s]
  ep  16: loss=1.3007  test_acc=56.95%  (best 59.70 @ ep 12)  [3.3s]
  ep  17: loss=1.3019  test_acc=57.74%  (best 59.70 @ ep 12)  [3.5s]
  ep  18: loss=1.2861  test_acc=53.26%  (best 59.70 @ ep 12)  [3.6s]
  ep  19: loss=1.2859  test_acc=58.62%  (best 59.70 @ ep 12)  [3.5s]
  ep  20: loss=1.2902  test_acc=55.13%  (best 59.70 @ ep 12)  [3.6s]
  ep  21: loss=1.2763  test_acc=55.09%  (best 59.70 @ ep 12)  [3.6s]
  ep  22: loss=1.2621  test_acc=49.74%  (best 59.70 @ ep 12)  [3.3s]
  ep  23: loss=1.2632  test_acc=58.99%  (best 59.70 @ ep 12)  [3.4s]
  ep  24: loss=1.2535  test_acc=58.35%  (best 59.70 @ ep 12)  [3.4s]
  ep  25: loss=1.2673  test_acc=56.17%  (best 59.70 @ ep 12)  [3.5s]
  ep  26: loss=1.2572  test_acc=55.94%  (best 59.70 @ ep 12)  [3.5s]
  ep  27: loss=1.2519  test_acc=50.22%  (best 59.70 @ ep 12)  [3.3s]
  ep  28: loss=1.2405  test_acc=54.13%  (best 59.70 @ ep 12)  [3.4s]
  ep  29: loss=1.2423  test_acc=55.15%  (best 59.70 @ ep 12)  [3.3s]
  ep  30: loss=1.2384  test_acc=54.30%  (best 59.70 @ ep 12)  [3.4s]
  ep  31: loss=1.2295  test_acc=56.04%  (best 59.70 @ ep 12)  [3.5s]
  ep  32: loss=1.2356  test_acc=61.24%  (best 61.24 @ ep 32)  [3.6s]
  ep  33: loss=1.2243  test_acc=63.08%  (best 63.08 @ ep 33)  [3.4s]
  ep  34: loss=1.2190  test_acc=58.99%  (best 63.08 @ ep 33)  [3.4s]
  ep  35: loss=1.2192  test_acc=56.65%  (best 63.08 @ ep 33)  [3.3s]
  ep  36: loss=1.2176  test_acc=61.12%  (best 63.08 @ ep 33)  [3.2s]
  ep  37: loss=1.2100  test_acc=60.00%  (best 63.08 @ ep 33)  [3.5s]
  ep  38: loss=1.2030  test_acc=60.75%  (best 63.08 @ ep 33)  [3.7s]
  ep  39: loss=1.1964  test_acc=59.82%  (best 63.08 @ ep 33)  [3.3s]
  ep  40: loss=1.1983  test_acc=56.79%  (best 63.08 @ ep 33)  [3.3s]
  ep  41: loss=1.1877  test_acc=59.45%  (best 63.08 @ ep 33)  [3.3s]
  ep  42: loss=1.1885  test_acc=60.79%  (best 63.08 @ ep 33)  [3.5s]
  ep  43: loss=1.1829  test_acc=59.89%  (best 63.08 @ ep 33)  [3.5s]
  ep  44: loss=1.1767  test_acc=59.35%  (best 63.08 @ ep 33)  [3.4s]
  ep  45: loss=1.1685  test_acc=60.65%  (best 63.08 @ ep 33)  [3.4s]
  ep  46: loss=1.1666  test_acc=61.80%  (best 63.08 @ ep 33)  [3.4s]
  ep  47: loss=1.1608  test_acc=61.70%  (best 63.08 @ ep 33)  [3.4s]
  ep  48: loss=1.1517  test_acc=51.01%  (best 63.08 @ ep 33)  [3.6s]
  ep  49: loss=1.1440  test_acc=60.31%  (best 63.08 @ ep 33)  [8.9s]
  ep  50: loss=1.1368  test_acc=59.14%  (best 63.08 @ ep 33)  [7.4s]
  ep  51: loss=1.1336  test_acc=60.07%  (best 63.08 @ ep 33)  [9.2s]
  ep  52: loss=1.1304  test_acc=63.26%  (best 63.26 @ ep 52)  [5.7s]
  ep  53: loss=1.1232  test_acc=61.13%  (best 63.26 @ ep 52)  [3.5s]
  ep  54: loss=1.1169  test_acc=58.50%  (best 63.26 @ ep 52)  [3.3s]
  ep  55: loss=1.1108  test_acc=57.05%  (best 63.26 @ ep 52)  [3.5s]
  ep  56: loss=1.0978  test_acc=60.40%  (best 63.26 @ ep 52)  [3.5s]
  ep  57: loss=1.0903  test_acc=64.55%  (best 64.55 @ ep 57)  [3.3s]
  ep  58: loss=1.0853  test_acc=61.03%  (best 64.55 @ ep 57)  [3.4s]
  ep  59: loss=1.0828  test_acc=60.07%  (best 64.55 @ ep 57)  [3.6s]
  ep  60: loss=1.0677  test_acc=58.76%  (best 64.55 @ ep 57)  [3.3s]
  ep  61: loss=1.0632  test_acc=60.70%  (best 64.55 @ ep 57)  [3.3s]
  ep  62: loss=1.0500  test_acc=59.63%  (best 64.55 @ ep 57)  [3.5s]
  ep  63: loss=1.0469  test_acc=60.12%  (best 64.55 @ ep 57)  [3.3s]
  ep  64: loss=1.0314  test_acc=62.38%  (best 64.55 @ ep 57)  [3.6s]
  ep  65: loss=1.0224  test_acc=60.02%  (best 64.55 @ ep 57)  [3.5s]
  ep  66: loss=1.0088  test_acc=59.37%  (best 64.55 @ ep 57)  [3.7s]
  ep  67: loss=1.0039  test_acc=60.02%  (best 64.55 @ ep 57)  [3.6s]
  ep  68: loss=0.9898  test_acc=57.96%  (best 64.55 @ ep 57)  [3.6s]
  ep  69: loss=0.9757  test_acc=60.18%  (best 64.55 @ ep 57)  [3.4s]
  ep  70: loss=0.9754  test_acc=59.09%  (best 64.55 @ ep 57)  [7.9s]
  ep  71: loss=0.9500  test_acc=60.09%  (best 64.55 @ ep 57)  [8.9s]
  ep  72: loss=0.9428  test_acc=60.89%  (best 64.55 @ ep 57)  [7.3s]
  ep  73: loss=0.9278  test_acc=60.52%  (best 64.55 @ ep 57)  [6.6s]
  ep  74: loss=0.9016  test_acc=60.74%  (best 64.55 @ ep 57)  [3.5s]
  ep  75: loss=0.8948  test_acc=60.93%  (best 64.55 @ ep 57)  [3.3s]
  ep  76: loss=0.8796  test_acc=59.38%  (best 64.55 @ ep 57)  [3.3s]
  ep  77: loss=0.8529  test_acc=57.43%  (best 64.55 @ ep 57)  [3.3s]
  ep  78: loss=0.8412  test_acc=60.15%  (best 64.55 @ ep 57)  [3.2s]
  ep  79: loss=0.8258  test_acc=57.35%  (best 64.55 @ ep 57)  [3.4s]
  ep  80: loss=0.8030  test_acc=57.39%  (best 64.55 @ ep 57)  [3.4s]
  ep  81: loss=0.7822  test_acc=58.00%  (best 64.55 @ ep 57)  [3.4s]
  ep  82: loss=0.7704  test_acc=58.71%  (best 64.55 @ ep 57)  [3.2s]
  ep  83: loss=0.7511  test_acc=60.36%  (best 64.55 @ ep 57)  [3.6s]
  ep  84: loss=0.7185  test_acc=59.00%  (best 64.55 @ ep 57)  [3.5s]
  ep  85: loss=0.7082  test_acc=59.06%  (best 64.55 @ ep 57)  [3.4s]
  ep  86: loss=0.6774  test_acc=58.52%  (best 64.55 @ ep 57)  [3.3s]
  ep  87: loss=0.6548  test_acc=57.67%  (best 64.55 @ ep 57)  [3.2s]
  ep  88: loss=0.6371  test_acc=55.76%  (best 64.55 @ ep 57)  [3.4s]
  ep  89: loss=0.6202  test_acc=56.64%  (best 64.55 @ ep 57)  [3.6s]
  ep  90: loss=0.6062  test_acc=57.35%  (best 64.55 @ ep 57)  [3.3s]
  ep  91: loss=0.5823  test_acc=57.38%  (best 64.55 @ ep 57)  [5.6s]
  ep  92: loss=0.5688  test_acc=58.10%  (best 64.55 @ ep 57)  [7.5s]
  ep  93: loss=0.5606  test_acc=57.41%  (best 64.55 @ ep 57)  [7.3s]
  ep  94: loss=0.5450  test_acc=56.93%  (best 64.55 @ ep 57)  [7.6s]
  ep  95: loss=0.5329  test_acc=56.24%  (best 64.55 @ ep 57)  [6.2s]
  ep  96: loss=0.5254  test_acc=56.56%  (best 64.55 @ ep 57)  [3.4s]
  ep  97: loss=0.5211  test_acc=56.37%  (best 64.55 @ ep 57)  [3.5s]
  ep  98: loss=0.5169  test_acc=56.65%  (best 64.55 @ ep 57)  [3.4s]
  ep  99: loss=0.5163  test_acc=56.68%  (best 64.55 @ ep 57)  [3.3s]

saved /path/to/ciln-workspace/journal_edition/robustness_transfer/results_v3/erm/gu_high__seed1.json: best 64.55% @ ep 57
