/path/to/ciln-workspace/venv/lib/python3.12/site-packages/torchvision/datasets/cifar.py:83: VisibleDeprecationWarning: dtype(): align should be passed as Python or NumPy boolean but got `align=0`. Did you mean to pass a tuple to create a subarray type? (Deprecated NumPy 2.4)
  entry = pickle.load(f, encoding="latin1")
condition=gu_high seed=0 gpu=1
  ep   0: loss=1.9713  test_acc=29.33%  (best 29.33 @ ep 0)  [4.2s]
  ep   1: loss=1.7693  test_acc=39.11%  (best 39.11 @ ep 1)  [3.2s]
  ep   2: loss=1.6453  test_acc=40.63%  (best 40.63 @ ep 2)  [3.3s]
  ep   3: loss=1.5700  test_acc=42.15%  (best 42.15 @ ep 3)  [3.5s]
  ep   4: loss=1.5140  test_acc=42.70%  (best 42.70 @ ep 4)  [3.2s]
  ep   5: loss=1.4635  test_acc=50.50%  (best 50.50 @ ep 5)  [3.4s]
  ep   6: loss=1.4277  test_acc=50.88%  (best 50.88 @ ep 6)  [3.3s]
  ep   7: loss=1.4011  test_acc=52.68%  (best 52.68 @ ep 7)  [3.4s]
  ep   8: loss=1.3794  test_acc=53.81%  (best 53.81 @ ep 8)  [3.2s]
  ep   9: loss=1.3622  test_acc=49.79%  (best 53.81 @ ep 8)  [4.8s]
  ep  10: loss=1.3581  test_acc=54.47%  (best 54.47 @ ep 10)  [7.1s]
  ep  11: loss=1.3388  test_acc=47.69%  (best 54.47 @ ep 10)  [6.9s]
  ep  12: loss=1.3344  test_acc=52.79%  (best 54.47 @ ep 10)  [3.3s]
  ep  13: loss=1.3194  test_acc=55.07%  (best 55.07 @ ep 13)  [3.4s]
  ep  14: loss=1.3159  test_acc=58.36%  (best 58.36 @ ep 14)  [3.3s]
  ep  15: loss=1.3074  test_acc=54.43%  (best 58.36 @ ep 14)  [3.6s]
  ep  16: loss=1.3129  test_acc=58.96%  (best 58.96 @ ep 16)  [3.4s]
  ep  17: loss=1.3038  test_acc=55.84%  (best 58.96 @ ep 16)  [3.3s]
  ep  18: loss=1.2883  test_acc=54.98%  (best 58.96 @ ep 16)  [3.7s]
  ep  19: loss=1.2823  test_acc=54.77%  (best 58.96 @ ep 16)  [3.5s]
  ep  20: loss=1.2817  test_acc=58.63%  (best 58.96 @ ep 16)  [3.4s]
  ep  21: loss=1.2757  test_acc=59.66%  (best 59.66 @ ep 21)  [3.3s]
  ep  22: loss=1.2815  test_acc=48.90%  (best 59.66 @ ep 21)  [3.4s]
  ep  23: loss=1.2701  test_acc=53.03%  (best 59.66 @ ep 21)  [3.5s]
  ep  24: loss=1.2720  test_acc=55.74%  (best 59.66 @ ep 21)  [3.6s]
  ep  25: loss=1.2592  test_acc=59.13%  (best 59.66 @ ep 21)  [3.3s]
  ep  26: loss=1.2627  test_acc=57.12%  (best 59.66 @ ep 21)  [3.3s]
  ep  27: loss=1.2596  test_acc=59.80%  (best 59.80 @ ep 27)  [3.4s]
  ep  28: loss=1.2523  test_acc=57.14%  (best 59.80 @ ep 27)  [3.5s]
  ep  29: loss=1.2572  test_acc=57.84%  (best 59.80 @ ep 27)  [3.2s]
  ep  30: loss=1.2485  test_acc=54.37%  (best 59.80 @ ep 27)  [8.0s]
  ep  31: loss=1.2415  test_acc=59.14%  (best 59.80 @ ep 27)  [7.4s]
  ep  32: loss=1.2296  test_acc=58.80%  (best 59.80 @ ep 27)  [3.3s]
  ep  33: loss=1.2402  test_acc=57.80%  (best 59.80 @ ep 27)  [3.7s]
  ep  34: loss=1.2207  test_acc=59.92%  (best 59.92 @ ep 34)  [3.5s]
  ep  35: loss=1.2283  test_acc=58.61%  (best 59.92 @ ep 34)  [3.5s]
  ep  36: loss=1.2201  test_acc=57.08%  (best 59.92 @ ep 34)  [3.4s]
  ep  37: loss=1.2139  test_acc=58.35%  (best 59.92 @ ep 34)  [3.4s]
  ep  38: loss=1.2158  test_acc=57.18%  (best 59.92 @ ep 34)  [3.7s]
  ep  39: loss=1.2098  test_acc=56.83%  (best 59.92 @ ep 34)  [3.4s]
  ep  40: loss=1.2089  test_acc=55.90%  (best 59.92 @ ep 34)  [3.7s]
  ep  41: loss=1.1949  test_acc=57.99%  (best 59.92 @ ep 34)  [3.4s]
  ep  42: loss=1.1954  test_acc=57.82%  (best 59.92 @ ep 34)  [3.5s]
  ep  43: loss=1.1951  test_acc=57.43%  (best 59.92 @ ep 34)  [3.4s]
  ep  44: loss=1.1919  test_acc=59.72%  (best 59.92 @ ep 34)  [3.4s]
  ep  45: loss=1.1753  test_acc=59.97%  (best 59.97 @ ep 45)  [3.6s]
  ep  46: loss=1.1756  test_acc=59.38%  (best 59.97 @ ep 45)  [3.7s]
  ep  47: loss=1.1740  test_acc=61.03%  (best 61.03 @ ep 47)  [3.3s]
  ep  48: loss=1.1671  test_acc=63.25%  (best 63.25 @ ep 48)  [3.4s]
  ep  49: loss=1.1593  test_acc=59.28%  (best 63.25 @ ep 48)  [3.3s]
  ep  50: loss=1.1613  test_acc=58.42%  (best 63.25 @ ep 48)  [6.8s]
  ep  51: loss=1.1496  test_acc=58.03%  (best 63.25 @ ep 48)  [3.4s]
  ep  52: loss=1.1475  test_acc=59.57%  (best 63.25 @ ep 48)  [3.6s]
  ep  53: loss=1.1409  test_acc=60.41%  (best 63.25 @ ep 48)  [3.2s]
  ep  54: loss=1.1252  test_acc=60.58%  (best 63.25 @ ep 48)  [3.4s]
  ep  55: loss=1.1248  test_acc=62.51%  (best 63.25 @ ep 48)  [3.5s]
  ep  56: loss=1.1204  test_acc=62.38%  (best 63.25 @ ep 48)  [3.6s]
  ep  57: loss=1.1136  test_acc=60.25%  (best 63.25 @ ep 48)  [3.3s]
  ep  58: loss=1.1094  test_acc=60.29%  (best 63.25 @ ep 48)  [3.4s]
  ep  59: loss=1.0898  test_acc=59.54%  (best 63.25 @ ep 48)  [3.7s]
  ep  60: loss=1.0986  test_acc=63.18%  (best 63.25 @ ep 48)  [3.4s]
  ep  61: loss=1.0792  test_acc=56.46%  (best 63.25 @ ep 48)  [3.4s]
  ep  62: loss=1.0746  test_acc=59.26%  (best 63.25 @ ep 48)  [3.3s]
  ep  63: loss=1.0607  test_acc=60.12%  (best 63.25 @ ep 48)  [3.7s]
  ep  64: loss=1.0573  test_acc=61.92%  (best 63.25 @ ep 48)  [3.5s]
  ep  65: loss=1.0501  test_acc=60.75%  (best 63.25 @ ep 48)  [3.6s]
  ep  66: loss=1.0414  test_acc=60.01%  (best 63.25 @ ep 48)  [3.4s]
  ep  67: loss=1.0315  test_acc=62.58%  (best 63.25 @ ep 48)  [3.3s]
  ep  68: loss=1.0214  test_acc=61.00%  (best 63.25 @ ep 48)  [3.4s]
  ep  69: loss=1.0077  test_acc=60.94%  (best 63.25 @ ep 48)  [5.9s]
  ep  70: loss=1.0004  test_acc=60.84%  (best 63.25 @ ep 48)  [10.1s]
  ep  71: loss=0.9889  test_acc=62.41%  (best 63.25 @ ep 48)  [7.4s]
  ep  72: loss=0.9824  test_acc=58.71%  (best 63.25 @ ep 48)  [7.0s]
  ep  73: loss=0.9641  test_acc=60.77%  (best 63.25 @ ep 48)  [3.2s]
  ep  74: loss=0.9554  test_acc=59.63%  (best 63.25 @ ep 48)  [3.3s]
  ep  75: loss=0.9364  test_acc=59.96%  (best 63.25 @ ep 48)  [3.4s]
  ep  76: loss=0.9306  test_acc=62.81%  (best 63.25 @ ep 48)  [3.4s]
  ep  77: loss=0.9106  test_acc=59.09%  (best 63.25 @ ep 48)  [3.3s]
  ep  78: loss=0.8971  test_acc=60.99%  (best 63.25 @ ep 48)  [3.6s]
  ep  79: loss=0.8871  test_acc=59.48%  (best 63.25 @ ep 48)  [3.5s]
  ep  80: loss=0.8654  test_acc=59.51%  (best 63.25 @ ep 48)  [3.5s]
  ep  81: loss=0.8459  test_acc=60.89%  (best 63.25 @ ep 48)  [3.3s]
  ep  82: loss=0.8250  test_acc=61.69%  (best 63.25 @ ep 48)  [3.4s]
  ep  83: loss=0.8130  test_acc=60.20%  (best 63.25 @ ep 48)  [3.7s]
  ep  84: loss=0.7974  test_acc=60.60%  (best 63.25 @ ep 48)  [3.3s]
  ep  85: loss=0.7810  test_acc=58.50%  (best 63.25 @ ep 48)  [3.3s]
  ep  86: loss=0.7655  test_acc=60.01%  (best 63.25 @ ep 48)  [3.4s]
  ep  87: loss=0.7406  test_acc=59.54%  (best 63.25 @ ep 48)  [3.3s]
  ep  88: loss=0.7173  test_acc=59.00%  (best 63.25 @ ep 48)  [3.4s]
  ep  89: loss=0.7042  test_acc=59.57%  (best 63.25 @ ep 48)  [3.4s]
  ep  90: loss=0.6920  test_acc=59.13%  (best 63.25 @ ep 48)  [3.7s]
  ep  91: loss=0.6776  test_acc=58.60%  (best 63.25 @ ep 48)  [7.6s]
  ep  92: loss=0.6593  test_acc=59.18%  (best 63.25 @ ep 48)  [7.4s]
  ep  93: loss=0.6455  test_acc=59.57%  (best 63.25 @ ep 48)  [9.0s]
  ep  94: loss=0.6366  test_acc=58.79%  (best 63.25 @ ep 48)  [5.7s]
  ep  95: loss=0.6250  test_acc=58.63%  (best 63.25 @ ep 48)  [3.5s]
  ep  96: loss=0.6195  test_acc=58.32%  (best 63.25 @ ep 48)  [3.2s]
  ep  97: loss=0.6073  test_acc=58.27%  (best 63.25 @ ep 48)  [3.3s]
  ep  98: loss=0.6061  test_acc=58.65%  (best 63.25 @ ep 48)  [3.5s]
  ep  99: loss=0.6085  test_acc=58.40%  (best 63.25 @ ep 48)  [3.4s]

saved /path/to/ciln-workspace/journal_edition/robustness_transfer/results_v3/erm/gu_high__seed0.json: best 63.25% @ ep 48
