/path/to/ciln-workspace/venv/lib/python3.12/site-packages/torchvision/datasets/cifar.py:83: VisibleDeprecationWarning: dtype(): align should be passed as Python or NumPy boolean but got `align=0`. Did you mean to pass a tuple to create a subarray type? (Deprecated NumPy 2.4)
  entry = pickle.load(f, encoding="latin1")
condition=gu_low seed=2 gpu=1
  ep   0: loss=1.9247  test_acc=34.01%  (best 34.01 @ ep 0)  [4.4s]
  ep   1: loss=1.6104  test_acc=37.86%  (best 37.86 @ ep 1)  [3.3s]
  ep   2: loss=1.3946  test_acc=39.44%  (best 39.44 @ ep 2)  [3.5s]
  ep   3: loss=1.1921  test_acc=54.42%  (best 54.42 @ ep 3)  [3.2s]
  ep   4: loss=1.0826  test_acc=54.79%  (best 54.79 @ ep 4)  [3.7s]
  ep   5: loss=0.9743  test_acc=52.97%  (best 54.79 @ ep 4)  [3.6s]
  ep   6: loss=0.9075  test_acc=63.66%  (best 63.66 @ ep 6)  [3.4s]
  ep   7: loss=0.8472  test_acc=64.99%  (best 64.99 @ ep 7)  [3.6s]
  ep   8: loss=0.8044  test_acc=65.24%  (best 65.24 @ ep 8)  [3.4s]
  ep   9: loss=0.7775  test_acc=68.93%  (best 68.93 @ ep 9)  [3.6s]
  ep  10: loss=0.7463  test_acc=72.87%  (best 72.87 @ ep 10)  [3.6s]
  ep  11: loss=0.7205  test_acc=66.86%  (best 72.87 @ ep 10)  [3.4s]
  ep  12: loss=0.7055  test_acc=68.45%  (best 72.87 @ ep 10)  [8.3s]
  ep  13: loss=0.6806  test_acc=69.69%  (best 72.87 @ ep 10)  [8.0s]
  ep  14: loss=0.6769  test_acc=73.98%  (best 73.98 @ ep 14)  [6.9s]
  ep  15: loss=0.6533  test_acc=61.46%  (best 73.98 @ ep 14)  [3.5s]
  ep  16: loss=0.6389  test_acc=68.03%  (best 73.98 @ ep 14)  [3.2s]
  ep  17: loss=0.6245  test_acc=73.54%  (best 73.98 @ ep 14)  [3.2s]
  ep  18: loss=0.6153  test_acc=72.19%  (best 73.98 @ ep 14)  [3.4s]
  ep  19: loss=0.6016  test_acc=64.11%  (best 73.98 @ ep 14)  [3.3s]
  ep  20: loss=0.6163  test_acc=71.93%  (best 73.98 @ ep 14)  [3.4s]
  ep  21: loss=0.5927  test_acc=75.09%  (best 75.09 @ ep 21)  [3.4s]
  ep  22: loss=0.5873  test_acc=73.08%  (best 75.09 @ ep 21)  [3.3s]
  ep  23: loss=0.5730  test_acc=73.15%  (best 75.09 @ ep 21)  [3.6s]
  ep  24: loss=0.5630  test_acc=72.99%  (best 75.09 @ ep 21)  [3.4s]
  ep  25: loss=0.5627  test_acc=73.68%  (best 75.09 @ ep 21)  [3.4s]
  ep  26: loss=0.5484  test_acc=78.05%  (best 78.05 @ ep 26)  [3.4s]
  ep  27: loss=0.5521  test_acc=76.32%  (best 78.05 @ ep 26)  [3.3s]
  ep  28: loss=0.5456  test_acc=76.71%  (best 78.05 @ ep 26)  [3.3s]
  ep  29: loss=0.5184  test_acc=76.66%  (best 78.05 @ ep 26)  [3.5s]
  ep  30: loss=0.5380  test_acc=75.36%  (best 78.05 @ ep 26)  [3.4s]
  ep  31: loss=0.5134  test_acc=75.59%  (best 78.05 @ ep 26)  [3.4s]
  ep  32: loss=0.5032  test_acc=76.07%  (best 78.05 @ ep 26)  [3.6s]
  ep  33: loss=0.5021  test_acc=76.38%  (best 78.05 @ ep 26)  [6.3s]
  ep  34: loss=0.4943  test_acc=76.96%  (best 78.05 @ ep 26)  [3.4s]
  ep  35: loss=0.4949  test_acc=77.58%  (best 78.05 @ ep 26)  [3.4s]
  ep  36: loss=0.4822  test_acc=75.49%  (best 78.05 @ ep 26)  [3.5s]
  ep  37: loss=0.4755  test_acc=74.92%  (best 78.05 @ ep 26)  [3.4s]
  ep  38: loss=0.4625  test_acc=70.51%  (best 78.05 @ ep 26)  [3.4s]
  ep  39: loss=0.4709  test_acc=70.43%  (best 78.05 @ ep 26)  [3.6s]
  ep  40: loss=0.4646  test_acc=73.61%  (best 78.05 @ ep 26)  [3.6s]
  ep  41: loss=0.4612  test_acc=76.24%  (best 78.05 @ ep 26)  [3.2s]
  ep  42: loss=0.4441  test_acc=74.91%  (best 78.05 @ ep 26)  [3.5s]
  ep  43: loss=0.4386  test_acc=77.72%  (best 78.05 @ ep 26)  [3.4s]
  ep  44: loss=0.4257  test_acc=78.22%  (best 78.22 @ ep 44)  [3.3s]
  ep  45: loss=0.4239  test_acc=76.57%  (best 78.22 @ ep 44)  [3.3s]
  ep  46: loss=0.4128  test_acc=79.12%  (best 79.12 @ ep 46)  [3.4s]
  ep  47: loss=0.4102  test_acc=78.15%  (best 79.12 @ ep 46)  [3.4s]
  ep  48: loss=0.4156  test_acc=76.09%  (best 79.12 @ ep 46)  [3.4s]
  ep  49: loss=0.3896  test_acc=80.43%  (best 80.43 @ ep 49)  [3.4s]
  ep  50: loss=0.3905  test_acc=76.57%  (best 80.43 @ ep 49)  [3.5s]
  ep  51: loss=0.3863  test_acc=73.23%  (best 80.43 @ ep 49)  [3.7s]
  ep  52: loss=0.3698  test_acc=76.56%  (best 80.43 @ ep 49)  [7.9s]
  ep  53: loss=0.3662  test_acc=81.12%  (best 81.12 @ ep 53)  [7.5s]
  ep  54: loss=0.3591  test_acc=76.82%  (best 81.12 @ ep 53)  [7.0s]
  ep  55: loss=0.3567  test_acc=78.29%  (best 81.12 @ ep 53)  [3.7s]
  ep  56: loss=0.3447  test_acc=79.42%  (best 81.12 @ ep 53)  [3.5s]
  ep  57: loss=0.3512  test_acc=79.17%  (best 81.12 @ ep 53)  [3.4s]
  ep  58: loss=0.3324  test_acc=78.08%  (best 81.12 @ ep 53)  [3.4s]
  ep  59: loss=0.3198  test_acc=76.78%  (best 81.12 @ ep 53)  [3.4s]
  ep  60: loss=0.3085  test_acc=79.32%  (best 81.12 @ ep 53)  [3.3s]
  ep  61: loss=0.3004  test_acc=77.88%  (best 81.12 @ ep 53)  [3.4s]
  ep  62: loss=0.2981  test_acc=77.99%  (best 81.12 @ ep 53)  [3.4s]
  ep  63: loss=0.2824  test_acc=80.73%  (best 81.12 @ ep 53)  [3.5s]
  ep  64: loss=0.2739  test_acc=82.20%  (best 82.20 @ ep 64)  [3.2s]
  ep  65: loss=0.2666  test_acc=81.42%  (best 82.20 @ ep 64)  [3.3s]
  ep  66: loss=0.2562  test_acc=81.24%  (best 82.20 @ ep 64)  [3.4s]
  ep  67: loss=0.2431  test_acc=80.61%  (best 82.20 @ ep 64)  [3.4s]
  ep  68: loss=0.2446  test_acc=81.81%  (best 82.20 @ ep 64)  [3.4s]
  ep  69: loss=0.2203  test_acc=81.52%  (best 82.20 @ ep 64)  [3.6s]
  ep  70: loss=0.2071  test_acc=79.27%  (best 82.20 @ ep 64)  [3.3s]
  ep  71: loss=0.2162  test_acc=81.42%  (best 82.20 @ ep 64)  [3.5s]
  ep  72: loss=0.1907  test_acc=82.09%  (best 82.20 @ ep 64)  [3.3s]
  ep  73: loss=0.1836  test_acc=81.89%  (best 82.20 @ ep 64)  [5.1s]
  ep  74: loss=0.1631  test_acc=82.22%  (best 82.22 @ ep 74)  [7.1s]
  ep  75: loss=0.1522  test_acc=82.57%  (best 82.57 @ ep 75)  [3.4s]
  ep  76: loss=0.1376  test_acc=82.54%  (best 82.57 @ ep 75)  [3.3s]
  ep  77: loss=0.1352  test_acc=83.38%  (best 83.38 @ ep 77)  [3.4s]
  ep  78: loss=0.1258  test_acc=82.38%  (best 83.38 @ ep 77)  [3.3s]
  ep  79: loss=0.1137  test_acc=82.63%  (best 83.38 @ ep 77)  [3.5s]
  ep  80: loss=0.1105  test_acc=82.78%  (best 83.38 @ ep 77)  [3.4s]
  ep  81: loss=0.0979  test_acc=83.08%  (best 83.38 @ ep 77)  [3.4s]
  ep  82: loss=0.0984  test_acc=83.34%  (best 83.38 @ ep 77)  [3.5s]
  ep  83: loss=0.0855  test_acc=83.63%  (best 83.63 @ ep 83)  [3.5s]
  ep  84: loss=0.0783  test_acc=83.40%  (best 83.63 @ ep 83)  [3.4s]
  ep  85: loss=0.0743  test_acc=83.12%  (best 83.63 @ ep 83)  [3.4s]
  ep  86: loss=0.0692  test_acc=83.82%  (best 83.82 @ ep 86)  [3.3s]
  ep  87: loss=0.0638  test_acc=83.85%  (best 83.85 @ ep 87)  [3.3s]
  ep  88: loss=0.0588  test_acc=83.77%  (best 83.85 @ ep 87)  [3.5s]
  ep  89: loss=0.0528  test_acc=83.79%  (best 83.85 @ ep 87)  [3.7s]
  ep  90: loss=0.0501  test_acc=83.81%  (best 83.85 @ ep 87)  [3.5s]
  ep  91: loss=0.0463  test_acc=84.02%  (best 84.02 @ ep 91)  [3.3s]
  ep  92: loss=0.0469  test_acc=83.97%  (best 84.02 @ ep 91)  [3.4s]
  ep  93: loss=0.0431  test_acc=84.00%  (best 84.02 @ ep 91)  [6.0s]
  ep  94: loss=0.0414  test_acc=84.07%  (best 84.07 @ ep 94)  [7.9s]
  ep  95: loss=0.0427  test_acc=83.95%  (best 84.07 @ ep 94)  [7.8s]
  ep  96: loss=0.0394  test_acc=83.89%  (best 84.07 @ ep 94)  [4.7s]
  ep  97: loss=0.0409  test_acc=84.06%  (best 84.07 @ ep 94)  [3.6s]
  ep  98: loss=0.0410  test_acc=83.84%  (best 84.07 @ ep 94)  [3.5s]
  ep  99: loss=0.0388  test_acc=84.13%  (best 84.13 @ ep 99)  [3.5s]

saved /path/to/ciln-workspace/journal_edition/robustness_transfer/results_v3/erm/gu_low__seed2.json: best 84.13% @ ep 99
