/path/to/ciln-workspace/venv/lib/python3.12/site-packages/torchvision/datasets/cifar.py:83: VisibleDeprecationWarning: dtype(): align should be passed as Python or NumPy boolean but got `align=0`. Did you mean to pass a tuple to create a subarray type? (Deprecated NumPy 2.4)
  entry = pickle.load(f, encoding="latin1")
condition=gu_medium seed=1 gpu=1
  ep   0: loss=1.8598  test_acc=38.99%  (best 38.99 @ ep 0)  [4.3s]
  ep   1: loss=1.6127  test_acc=39.98%  (best 39.98 @ ep 1)  [3.3s]
  ep   2: loss=1.4508  test_acc=42.30%  (best 42.30 @ ep 2)  [3.3s]
  ep   3: loss=1.3147  test_acc=47.91%  (best 47.91 @ ep 3)  [3.3s]
  ep   4: loss=1.1764  test_acc=48.74%  (best 48.74 @ ep 4)  [3.2s]
  ep   5: loss=1.0791  test_acc=56.68%  (best 56.68 @ ep 5)  [3.3s]
  ep   6: loss=1.0252  test_acc=53.21%  (best 56.68 @ ep 5)  [3.6s]
  ep   7: loss=0.9653  test_acc=64.34%  (best 64.34 @ ep 7)  [3.4s]
  ep   8: loss=0.9381  test_acc=57.84%  (best 64.34 @ ep 7)  [3.4s]
  ep   9: loss=0.8894  test_acc=63.71%  (best 64.34 @ ep 7)  [4.9s]
  ep  10: loss=0.8618  test_acc=67.71%  (best 67.71 @ ep 10)  [8.7s]
  ep  11: loss=0.8363  test_acc=69.13%  (best 69.13 @ ep 11)  [7.5s]
  ep  12: loss=0.8215  test_acc=69.21%  (best 69.21 @ ep 12)  [6.5s]
  ep  13: loss=0.8013  test_acc=69.25%  (best 69.25 @ ep 13)  [3.4s]
  ep  14: loss=0.7845  test_acc=66.00%  (best 69.25 @ ep 13)  [3.5s]
  ep  15: loss=0.7824  test_acc=65.93%  (best 69.25 @ ep 13)  [3.4s]
  ep  16: loss=0.7612  test_acc=71.15%  (best 71.15 @ ep 16)  [3.4s]
  ep  17: loss=0.7471  test_acc=68.60%  (best 71.15 @ ep 16)  [3.6s]
  ep  18: loss=0.7469  test_acc=69.75%  (best 71.15 @ ep 16)  [3.2s]
  ep  19: loss=0.7206  test_acc=67.94%  (best 71.15 @ ep 16)  [3.4s]
  ep  20: loss=0.7165  test_acc=70.20%  (best 71.15 @ ep 16)  [3.7s]
  ep  21: loss=0.7230  test_acc=74.18%  (best 74.18 @ ep 21)  [3.6s]
  ep  22: loss=0.7031  test_acc=71.45%  (best 74.18 @ ep 21)  [3.6s]
  ep  23: loss=0.7031  test_acc=72.98%  (best 74.18 @ ep 21)  [3.6s]
  ep  24: loss=0.6920  test_acc=71.67%  (best 74.18 @ ep 21)  [3.4s]
  ep  25: loss=0.6794  test_acc=74.93%  (best 74.93 @ ep 25)  [3.4s]
  ep  26: loss=0.6739  test_acc=73.73%  (best 74.93 @ ep 25)  [3.4s]
  ep  27: loss=0.6656  test_acc=74.69%  (best 74.93 @ ep 25)  [3.6s]
  ep  28: loss=0.6689  test_acc=73.16%  (best 74.93 @ ep 25)  [3.4s]
  ep  29: loss=0.6612  test_acc=73.43%  (best 74.93 @ ep 25)  [3.3s]
  ep  30: loss=0.6503  test_acc=70.40%  (best 74.93 @ ep 25)  [6.2s]
  ep  31: loss=0.6564  test_acc=68.18%  (best 74.93 @ ep 25)  [7.3s]
  ep  32: loss=0.6406  test_acc=73.73%  (best 74.93 @ ep 25)  [8.2s]
  ep  33: loss=0.6470  test_acc=71.94%  (best 74.93 @ ep 25)  [6.0s]
  ep  34: loss=0.6345  test_acc=76.00%  (best 76.00 @ ep 34)  [3.3s]
  ep  35: loss=0.6246  test_acc=72.21%  (best 76.00 @ ep 34)  [3.3s]
  ep  36: loss=0.6225  test_acc=72.28%  (best 76.00 @ ep 34)  [3.3s]
  ep  37: loss=0.6163  test_acc=68.86%  (best 76.00 @ ep 34)  [3.3s]
  ep  38: loss=0.6109  test_acc=76.85%  (best 76.85 @ ep 38)  [3.3s]
  ep  39: loss=0.6069  test_acc=69.90%  (best 76.85 @ ep 38)  [3.3s]
  ep  40: loss=0.5941  test_acc=66.98%  (best 76.85 @ ep 38)  [3.4s]
  ep  41: loss=0.5867  test_acc=76.37%  (best 76.85 @ ep 38)  [3.6s]
  ep  42: loss=0.5814  test_acc=74.16%  (best 76.85 @ ep 38)  [3.6s]
  ep  43: loss=0.5714  test_acc=70.44%  (best 76.85 @ ep 38)  [3.3s]
  ep  44: loss=0.5710  test_acc=73.78%  (best 76.85 @ ep 38)  [3.3s]
  ep  45: loss=0.5647  test_acc=75.82%  (best 76.85 @ ep 38)  [3.2s]
  ep  46: loss=0.5569  test_acc=72.41%  (best 76.85 @ ep 38)  [3.5s]
  ep  47: loss=0.5423  test_acc=73.19%  (best 76.85 @ ep 38)  [3.5s]
  ep  48: loss=0.5506  test_acc=74.12%  (best 76.85 @ ep 38)  [3.6s]
  ep  49: loss=0.5366  test_acc=71.40%  (best 76.85 @ ep 38)  [3.6s]
  ep  50: loss=0.5304  test_acc=72.15%  (best 76.85 @ ep 38)  [3.4s]
  ep  51: loss=0.5215  test_acc=75.71%  (best 76.85 @ ep 38)  [6.6s]
  ep  52: loss=0.5269  test_acc=72.32%  (best 76.85 @ ep 38)  [7.4s]
  ep  53: loss=0.5254  test_acc=74.94%  (best 76.85 @ ep 38)  [8.2s]
  ep  54: loss=0.4999  test_acc=72.80%  (best 76.85 @ ep 38)  [3.4s]
  ep  55: loss=0.4921  test_acc=76.32%  (best 76.85 @ ep 38)  [3.3s]
  ep  56: loss=0.4881  test_acc=74.58%  (best 76.85 @ ep 38)  [3.4s]
  ep  57: loss=0.4682  test_acc=74.91%  (best 76.85 @ ep 38)  [3.4s]
  ep  58: loss=0.4571  test_acc=74.42%  (best 76.85 @ ep 38)  [3.2s]
  ep  59: loss=0.4561  test_acc=77.27%  (best 77.27 @ ep 59)  [3.3s]
  ep  60: loss=0.4378  test_acc=73.69%  (best 77.27 @ ep 59)  [3.4s]
  ep  61: loss=0.4383  test_acc=76.19%  (best 77.27 @ ep 59)  [3.3s]
  ep  62: loss=0.4201  test_acc=75.30%  (best 77.27 @ ep 59)  [3.3s]
  ep  63: loss=0.4125  test_acc=76.91%  (best 77.27 @ ep 59)  [3.2s]
  ep  64: loss=0.4110  test_acc=73.06%  (best 77.27 @ ep 59)  [3.4s]
  ep  65: loss=0.3938  test_acc=77.42%  (best 77.42 @ ep 65)  [3.4s]
  ep  66: loss=0.3871  test_acc=75.14%  (best 77.42 @ ep 65)  [3.6s]
  ep  67: loss=0.3786  test_acc=76.25%  (best 77.42 @ ep 65)  [3.6s]
  ep  68: loss=0.3571  test_acc=77.19%  (best 77.42 @ ep 65)  [3.4s]
  ep  69: loss=0.3483  test_acc=76.68%  (best 77.42 @ ep 65)  [3.3s]
  ep  70: loss=0.3408  test_acc=76.06%  (best 77.42 @ ep 65)  [3.5s]
  ep  71: loss=0.3273  test_acc=76.50%  (best 77.42 @ ep 65)  [3.4s]
  ep  72: loss=0.3151  test_acc=77.64%  (best 77.64 @ ep 72)  [7.2s]
  ep  73: loss=0.2951  test_acc=76.67%  (best 77.64 @ ep 72)  [7.2s]
  ep  74: loss=0.2910  test_acc=76.47%  (best 77.64 @ ep 72)  [8.3s]
  ep  75: loss=0.2723  test_acc=76.88%  (best 77.64 @ ep 72)  [5.7s]
  ep  76: loss=0.2606  test_acc=78.47%  (best 78.47 @ ep 76)  [3.4s]
  ep  77: loss=0.2347  test_acc=78.78%  (best 78.78 @ ep 77)  [3.3s]
  ep  78: loss=0.2271  test_acc=78.45%  (best 78.78 @ ep 77)  [3.7s]
  ep  79: loss=0.2198  test_acc=78.16%  (best 78.78 @ ep 77)  [3.3s]
  ep  80: loss=0.2059  test_acc=76.23%  (best 78.78 @ ep 77)  [3.2s]
  ep  81: loss=0.1931  test_acc=78.07%  (best 78.78 @ ep 77)  [3.4s]
  ep  82: loss=0.1828  test_acc=77.63%  (best 78.78 @ ep 77)  [3.3s]
  ep  83: loss=0.1648  test_acc=78.32%  (best 78.78 @ ep 77)  [3.3s]
  ep  84: loss=0.1567  test_acc=78.69%  (best 78.78 @ ep 77)  [3.5s]
  ep  85: loss=0.1413  test_acc=78.88%  (best 78.88 @ ep 85)  [3.3s]
  ep  86: loss=0.1367  test_acc=78.84%  (best 78.88 @ ep 85)  [3.4s]
  ep  87: loss=0.1264  test_acc=79.05%  (best 79.05 @ ep 87)  [3.4s]
  ep  88: loss=0.1123  test_acc=78.36%  (best 79.05 @ ep 87)  [3.5s]
  ep  89: loss=0.1086  test_acc=78.75%  (best 79.05 @ ep 87)  [3.3s]
  ep  90: loss=0.1004  test_acc=78.48%  (best 79.05 @ ep 87)  [3.4s]
  ep  91: loss=0.0970  test_acc=79.00%  (best 79.05 @ ep 87)  [3.3s]
  ep  92: loss=0.0923  test_acc=78.90%  (best 79.05 @ ep 87)  [3.4s]
  ep  93: loss=0.0870  test_acc=78.97%  (best 79.05 @ ep 87)  [7.3s]
  ep  94: loss=0.0848  test_acc=78.90%  (best 79.05 @ ep 87)  [3.3s]
  ep  95: loss=0.0873  test_acc=78.95%  (best 79.05 @ ep 87)  [3.6s]
  ep  96: loss=0.0847  test_acc=78.79%  (best 79.05 @ ep 87)  [3.4s]
  ep  97: loss=0.0795  test_acc=78.68%  (best 79.05 @ ep 87)  [3.3s]
  ep  98: loss=0.0808  test_acc=79.13%  (best 79.13 @ ep 98)  [3.4s]
  ep  99: loss=0.0822  test_acc=78.96%  (best 79.13 @ ep 98)  [3.4s]

saved /path/to/ciln-workspace/journal_edition/robustness_transfer/results_v3/erm/gu_medium__seed1.json: best 79.13% @ ep 98
