/path/to/ciln-workspace/venv/lib/python3.12/site-packages/torchvision/datasets/cifar.py:83: VisibleDeprecationWarning: dtype(): align should be passed as Python or NumPy boolean but got `align=0`. Did you mean to pass a tuple to create a subarray type? (Deprecated NumPy 2.4)
  entry = pickle.load(f, encoding="latin1")
condition=gu_medium seed=0 gpu=1
  ep   0: loss=1.8591  test_acc=32.01%  (best 32.01 @ ep 0)  [4.2s]
  ep   1: loss=1.5822  test_acc=38.35%  (best 38.35 @ ep 1)  [3.4s]
  ep   2: loss=1.4056  test_acc=47.77%  (best 47.77 @ ep 2)  [3.3s]
  ep   3: loss=1.2375  test_acc=53.82%  (best 53.82 @ ep 3)  [3.4s]
  ep   4: loss=1.1317  test_acc=47.60%  (best 53.82 @ ep 3)  [3.5s]
  ep   5: loss=1.0531  test_acc=57.68%  (best 57.68 @ ep 5)  [3.6s]
  ep   6: loss=1.0012  test_acc=63.28%  (best 63.28 @ ep 6)  [3.5s]
  ep   7: loss=0.9652  test_acc=62.33%  (best 63.28 @ ep 6)  [3.7s]
  ep   8: loss=0.9126  test_acc=65.57%  (best 65.57 @ ep 8)  [3.3s]
  ep   9: loss=0.8819  test_acc=63.07%  (best 65.57 @ ep 8)  [3.4s]
  ep  10: loss=0.8413  test_acc=71.12%  (best 71.12 @ ep 10)  [3.5s]
  ep  11: loss=0.8299  test_acc=62.80%  (best 71.12 @ ep 10)  [3.7s]
  ep  12: loss=0.8054  test_acc=68.37%  (best 71.12 @ ep 10)  [7.9s]
  ep  13: loss=0.7943  test_acc=63.69%  (best 71.12 @ ep 10)  [7.0s]
  ep  14: loss=0.7883  test_acc=70.48%  (best 71.12 @ ep 10)  [8.0s]
  ep  15: loss=0.7705  test_acc=70.83%  (best 71.12 @ ep 10)  [3.5s]
  ep  16: loss=0.7550  test_acc=67.88%  (best 71.12 @ ep 10)  [3.3s]
  ep  17: loss=0.7356  test_acc=55.37%  (best 71.12 @ ep 10)  [3.3s]
  ep  18: loss=0.7440  test_acc=71.50%  (best 71.50 @ ep 18)  [3.8s]
  ep  19: loss=0.7347  test_acc=58.65%  (best 71.50 @ ep 18)  [3.3s]
  ep  20: loss=0.7268  test_acc=68.82%  (best 71.50 @ ep 18)  [3.4s]
  ep  21: loss=0.7167  test_acc=66.20%  (best 71.50 @ ep 18)  [3.6s]
  ep  22: loss=0.7088  test_acc=65.69%  (best 71.50 @ ep 18)  [3.2s]
  ep  23: loss=0.7017  test_acc=69.33%  (best 71.50 @ ep 18)  [3.4s]
  ep  24: loss=0.6990  test_acc=66.46%  (best 71.50 @ ep 18)  [3.4s]
  ep  25: loss=0.6964  test_acc=59.98%  (best 71.50 @ ep 18)  [3.4s]
  ep  26: loss=0.6784  test_acc=70.76%  (best 71.50 @ ep 18)  [3.3s]
  ep  27: loss=0.6811  test_acc=70.46%  (best 71.50 @ ep 18)  [3.6s]
  ep  28: loss=0.6684  test_acc=63.21%  (best 71.50 @ ep 18)  [3.5s]
  ep  29: loss=0.6596  test_acc=73.42%  (best 73.42 @ ep 29)  [3.4s]
  ep  30: loss=0.6601  test_acc=71.88%  (best 73.42 @ ep 29)  [3.6s]
  ep  31: loss=0.6654  test_acc=71.31%  (best 73.42 @ ep 29)  [3.4s]
  ep  32: loss=0.6465  test_acc=68.32%  (best 73.42 @ ep 29)  [3.5s]
  ep  33: loss=0.6454  test_acc=75.20%  (best 75.20 @ ep 33)  [7.3s]
  ep  34: loss=0.6373  test_acc=72.83%  (best 75.20 @ ep 33)  [8.2s]
  ep  35: loss=0.6306  test_acc=66.14%  (best 75.20 @ ep 33)  [7.8s]
  ep  36: loss=0.6249  test_acc=75.16%  (best 75.20 @ ep 33)  [3.7s]
  ep  37: loss=0.6093  test_acc=69.71%  (best 75.20 @ ep 33)  [3.4s]
  ep  38: loss=0.6182  test_acc=75.32%  (best 75.32 @ ep 38)  [3.3s]
  ep  39: loss=0.5988  test_acc=75.95%  (best 75.95 @ ep 39)  [3.3s]
  ep  40: loss=0.5919  test_acc=71.36%  (best 75.95 @ ep 39)  [3.4s]
  ep  41: loss=0.5989  test_acc=69.18%  (best 75.95 @ ep 39)  [3.3s]
  ep  42: loss=0.5946  test_acc=75.56%  (best 75.95 @ ep 39)  [3.5s]
  ep  43: loss=0.5893  test_acc=75.05%  (best 75.95 @ ep 39)  [3.4s]
  ep  44: loss=0.5680  test_acc=71.79%  (best 75.95 @ ep 39)  [3.3s]
  ep  45: loss=0.5693  test_acc=74.55%  (best 75.95 @ ep 39)  [3.5s]
  ep  46: loss=0.5607  test_acc=73.14%  (best 75.95 @ ep 39)  [3.4s]
  ep  47: loss=0.5611  test_acc=65.50%  (best 75.95 @ ep 39)  [3.3s]
  ep  48: loss=0.5423  test_acc=73.99%  (best 75.95 @ ep 39)  [3.5s]
  ep  49: loss=0.5517  test_acc=73.49%  (best 75.95 @ ep 39)  [3.6s]
  ep  50: loss=0.5336  test_acc=74.31%  (best 75.95 @ ep 39)  [3.3s]
  ep  51: loss=0.5267  test_acc=74.11%  (best 75.95 @ ep 39)  [3.4s]
  ep  52: loss=0.5209  test_acc=73.69%  (best 75.95 @ ep 39)  [3.4s]
  ep  53: loss=0.5009  test_acc=74.78%  (best 75.95 @ ep 39)  [3.4s]
  ep  54: loss=0.5105  test_acc=75.00%  (best 75.95 @ ep 39)  [3.6s]
  ep  55: loss=0.4994  test_acc=74.73%  (best 75.95 @ ep 39)  [3.4s]
  ep  56: loss=0.4866  test_acc=75.35%  (best 75.95 @ ep 39)  [3.4s]
  ep  57: loss=0.4772  test_acc=74.82%  (best 75.95 @ ep 39)  [3.7s]
  ep  58: loss=0.4614  test_acc=71.22%  (best 75.95 @ ep 39)  [3.3s]
  ep  59: loss=0.4531  test_acc=75.36%  (best 75.95 @ ep 39)  [3.3s]
  ep  60: loss=0.4551  test_acc=74.85%  (best 75.95 @ ep 39)  [3.5s]
  ep  61: loss=0.4459  test_acc=75.15%  (best 75.95 @ ep 39)  [3.8s]
  ep  62: loss=0.4366  test_acc=73.65%  (best 75.95 @ ep 39)  [3.4s]
  ep  63: loss=0.4237  test_acc=76.05%  (best 76.05 @ ep 63)  [3.5s]
  ep  64: loss=0.4101  test_acc=74.89%  (best 76.05 @ ep 63)  [3.5s]
  ep  65: loss=0.4041  test_acc=76.73%  (best 76.73 @ ep 65)  [3.3s]
  ep  66: loss=0.3932  test_acc=74.69%  (best 76.73 @ ep 65)  [3.4s]
  ep  67: loss=0.3850  test_acc=76.91%  (best 76.91 @ ep 67)  [3.6s]
  ep  68: loss=0.3659  test_acc=77.30%  (best 77.30 @ ep 68)  [3.4s]
  ep  69: loss=0.3579  test_acc=78.08%  (best 78.08 @ ep 69)  [3.7s]
  ep  70: loss=0.3401  test_acc=77.22%  (best 78.08 @ ep 69)  [3.6s]
  ep  71: loss=0.3310  test_acc=77.72%  (best 78.08 @ ep 69)  [3.4s]
  ep  72: loss=0.3138  test_acc=77.89%  (best 78.08 @ ep 69)  [7.4s]
  ep  73: loss=0.3066  test_acc=77.80%  (best 78.08 @ ep 69)  [8.4s]
  ep  74: loss=0.2862  test_acc=77.67%  (best 78.08 @ ep 69)  [7.6s]
  ep  75: loss=0.2740  test_acc=77.50%  (best 78.08 @ ep 69)  [3.7s]
  ep  76: loss=0.2648  test_acc=77.66%  (best 78.08 @ ep 69)  [3.6s]
  ep  77: loss=0.2568  test_acc=76.68%  (best 78.08 @ ep 69)  [3.2s]
  ep  78: loss=0.2377  test_acc=77.65%  (best 78.08 @ ep 69)  [3.4s]
  ep  79: loss=0.2282  test_acc=78.35%  (best 78.35 @ ep 79)  [3.4s]
  ep  80: loss=0.2070  test_acc=78.89%  (best 78.89 @ ep 80)  [3.4s]
  ep  81: loss=0.1983  test_acc=78.01%  (best 78.89 @ ep 80)  [3.3s]
  ep  82: loss=0.1863  test_acc=77.39%  (best 78.89 @ ep 80)  [3.2s]
  ep  83: loss=0.1766  test_acc=77.71%  (best 78.89 @ ep 80)  [3.5s]
  ep  84: loss=0.1611  test_acc=78.76%  (best 78.89 @ ep 80)  [3.3s]
  ep  85: loss=0.1541  test_acc=78.03%  (best 78.89 @ ep 80)  [3.4s]
  ep  86: loss=0.1389  test_acc=78.55%  (best 78.89 @ ep 80)  [3.4s]
  ep  87: loss=0.1283  test_acc=78.63%  (best 78.89 @ ep 80)  [3.5s]
  ep  88: loss=0.1216  test_acc=78.53%  (best 78.89 @ ep 80)  [3.4s]
  ep  89: loss=0.1176  test_acc=78.16%  (best 78.89 @ ep 80)  [3.5s]
  ep  90: loss=0.1116  test_acc=78.42%  (best 78.89 @ ep 80)  [3.4s]
  ep  91: loss=0.1057  test_acc=78.25%  (best 78.89 @ ep 80)  [3.4s]
  ep  92: loss=0.0979  test_acc=78.60%  (best 78.89 @ ep 80)  [3.6s]
  ep  93: loss=0.0943  test_acc=78.42%  (best 78.89 @ ep 80)  [5.0s]
  ep  94: loss=0.0897  test_acc=78.72%  (best 78.89 @ ep 80)  [3.3s]
  ep  95: loss=0.0927  test_acc=78.50%  (best 78.89 @ ep 80)  [3.4s]
  ep  96: loss=0.0899  test_acc=78.46%  (best 78.89 @ ep 80)  [3.7s]
  ep  97: loss=0.0826  test_acc=78.36%  (best 78.89 @ ep 80)  [3.4s]
  ep  98: loss=0.0845  test_acc=78.36%  (best 78.89 @ ep 80)  [3.3s]
  ep  99: loss=0.0851  test_acc=78.61%  (best 78.89 @ ep 80)  [3.3s]

saved /path/to/ciln-workspace/journal_edition/robustness_transfer/results_v3/erm/gu_medium__seed0.json: best 78.89% @ ep 80
