/path/to/ciln-workspace/venv/lib/python3.12/site-packages/torchvision/datasets/cifar.py:83: VisibleDeprecationWarning: dtype(): align should be passed as Python or NumPy boolean but got `align=0`. Did you mean to pass a tuple to create a subarray type? (Deprecated NumPy 2.4)
  entry = pickle.load(f, encoding="latin1")
condition=gu_medium seed=2 gpu=1
  ep   0: loss=1.8619  test_acc=34.90%  (best 34.90 @ ep 0)  [4.1s]
  ep   1: loss=1.5180  test_acc=40.33%  (best 40.33 @ ep 1)  [3.3s]
  ep   2: loss=1.3051  test_acc=45.77%  (best 45.77 @ ep 2)  [3.6s]
  ep   3: loss=1.1619  test_acc=52.36%  (best 52.36 @ ep 3)  [3.4s]
  ep   4: loss=1.0807  test_acc=37.08%  (best 52.36 @ ep 3)  [3.3s]
  ep   5: loss=1.0086  test_acc=64.25%  (best 64.25 @ ep 5)  [3.5s]
  ep   6: loss=0.9598  test_acc=60.48%  (best 64.25 @ ep 5)  [3.3s]
  ep   7: loss=0.9286  test_acc=65.83%  (best 65.83 @ ep 7)  [3.5s]
  ep   8: loss=0.8809  test_acc=66.82%  (best 66.82 @ ep 8)  [3.7s]
  ep   9: loss=0.8564  test_acc=66.96%  (best 66.96 @ ep 9)  [3.3s]
  ep  10: loss=0.8404  test_acc=61.02%  (best 66.96 @ ep 9)  [6.2s]
  ep  11: loss=0.8149  test_acc=66.05%  (best 66.96 @ ep 9)  [7.5s]
  ep  12: loss=0.7972  test_acc=63.39%  (best 66.96 @ ep 9)  [6.6s]
  ep  13: loss=0.7901  test_acc=66.30%  (best 66.96 @ ep 9)  [3.4s]
  ep  14: loss=0.7809  test_acc=65.61%  (best 66.96 @ ep 9)  [3.4s]
  ep  15: loss=0.7666  test_acc=70.83%  (best 70.83 @ ep 15)  [3.4s]
  ep  16: loss=0.7583  test_acc=68.11%  (best 70.83 @ ep 15)  [3.4s]
  ep  17: loss=0.7465  test_acc=71.03%  (best 71.03 @ ep 17)  [3.6s]
  ep  18: loss=0.7358  test_acc=69.53%  (best 71.03 @ ep 17)  [3.6s]
  ep  19: loss=0.7268  test_acc=70.11%  (best 71.03 @ ep 17)  [3.4s]
  ep  20: loss=0.7245  test_acc=69.91%  (best 71.03 @ ep 17)  [3.3s]
  ep  21: loss=0.7101  test_acc=70.87%  (best 71.03 @ ep 17)  [3.4s]
  ep  22: loss=0.7074  test_acc=72.52%  (best 72.52 @ ep 22)  [3.5s]
  ep  23: loss=0.6950  test_acc=71.48%  (best 72.52 @ ep 22)  [3.3s]
  ep  24: loss=0.6884  test_acc=72.70%  (best 72.70 @ ep 24)  [3.3s]
  ep  25: loss=0.6783  test_acc=72.67%  (best 72.70 @ ep 24)  [3.5s]
  ep  26: loss=0.6771  test_acc=69.94%  (best 72.70 @ ep 24)  [3.3s]
  ep  27: loss=0.6767  test_acc=69.66%  (best 72.70 @ ep 24)  [3.4s]
  ep  28: loss=0.6595  test_acc=72.71%  (best 72.71 @ ep 28)  [3.7s]
  ep  29: loss=0.6666  test_acc=67.51%  (best 72.71 @ ep 28)  [3.3s]
  ep  30: loss=0.6452  test_acc=66.49%  (best 72.71 @ ep 28)  [3.4s]
  ep  31: loss=0.6460  test_acc=71.59%  (best 72.71 @ ep 28)  [5.5s]
  ep  32: loss=0.6523  test_acc=70.09%  (best 72.71 @ ep 28)  [9.0s]
  ep  33: loss=0.6343  test_acc=75.77%  (best 75.77 @ ep 33)  [7.1s]
  ep  34: loss=0.6382  test_acc=63.00%  (best 75.77 @ ep 33)  [7.3s]
  ep  35: loss=0.6287  test_acc=73.28%  (best 75.77 @ ep 33)  [3.7s]
  ep  36: loss=0.6262  test_acc=74.11%  (best 75.77 @ ep 33)  [3.5s]
  ep  37: loss=0.6078  test_acc=71.89%  (best 75.77 @ ep 33)  [3.5s]
  ep  38: loss=0.6045  test_acc=69.99%  (best 75.77 @ ep 33)  [3.4s]
  ep  39: loss=0.5995  test_acc=74.19%  (best 75.77 @ ep 33)  [3.5s]
  ep  40: loss=0.5944  test_acc=75.34%  (best 75.77 @ ep 33)  [3.4s]
  ep  41: loss=0.5808  test_acc=74.97%  (best 75.77 @ ep 33)  [3.7s]
  ep  42: loss=0.5734  test_acc=69.85%  (best 75.77 @ ep 33)  [3.5s]
  ep  43: loss=0.5776  test_acc=74.17%  (best 75.77 @ ep 33)  [3.3s]
  ep  44: loss=0.5643  test_acc=71.24%  (best 75.77 @ ep 33)  [3.5s]
  ep  45: loss=0.5682  test_acc=72.40%  (best 75.77 @ ep 33)  [3.7s]
  ep  46: loss=0.5539  test_acc=74.26%  (best 75.77 @ ep 33)  [3.3s]
  ep  47: loss=0.5621  test_acc=76.39%  (best 76.39 @ ep 47)  [3.6s]
  ep  48: loss=0.5424  test_acc=78.08%  (best 78.08 @ ep 48)  [3.6s]
  ep  49: loss=0.5267  test_acc=73.33%  (best 78.08 @ ep 48)  [3.4s]
  ep  50: loss=0.5289  test_acc=76.85%  (best 78.08 @ ep 48)  [3.5s]
  ep  51: loss=0.5227  test_acc=72.82%  (best 78.08 @ ep 48)  [3.6s]
  ep  52: loss=0.5103  test_acc=75.09%  (best 78.08 @ ep 48)  [5.1s]
  ep  53: loss=0.5011  test_acc=75.31%  (best 78.08 @ ep 48)  [3.4s]
  ep  54: loss=0.4907  test_acc=77.00%  (best 78.08 @ ep 48)  [3.4s]
  ep  55: loss=0.4887  test_acc=74.93%  (best 78.08 @ ep 48)  [3.3s]
  ep  56: loss=0.4773  test_acc=75.44%  (best 78.08 @ ep 48)  [3.3s]
  ep  57: loss=0.4703  test_acc=72.73%  (best 78.08 @ ep 48)  [3.6s]
  ep  58: loss=0.4570  test_acc=73.79%  (best 78.08 @ ep 48)  [3.5s]
  ep  59: loss=0.4571  test_acc=74.75%  (best 78.08 @ ep 48)  [3.6s]
  ep  60: loss=0.4490  test_acc=73.49%  (best 78.08 @ ep 48)  [3.4s]
  ep  61: loss=0.4370  test_acc=77.28%  (best 78.08 @ ep 48)  [3.4s]
  ep  62: loss=0.4207  test_acc=74.39%  (best 78.08 @ ep 48)  [3.4s]
  ep  63: loss=0.4182  test_acc=72.63%  (best 78.08 @ ep 48)  [3.7s]
  ep  64: loss=0.4058  test_acc=75.44%  (best 78.08 @ ep 48)  [3.7s]
  ep  65: loss=0.3865  test_acc=73.23%  (best 78.08 @ ep 48)  [3.4s]
  ep  66: loss=0.3864  test_acc=75.79%  (best 78.08 @ ep 48)  [3.6s]
  ep  67: loss=0.3692  test_acc=77.54%  (best 78.08 @ ep 48)  [3.7s]
  ep  68: loss=0.3696  test_acc=76.81%  (best 78.08 @ ep 48)  [3.3s]
  ep  69: loss=0.3437  test_acc=77.42%  (best 78.08 @ ep 48)  [3.5s]
  ep  70: loss=0.3343  test_acc=77.22%  (best 78.08 @ ep 48)  [3.6s]
  ep  71: loss=0.3224  test_acc=77.10%  (best 78.08 @ ep 48)  [9.1s]
  ep  72: loss=0.3204  test_acc=77.04%  (best 78.08 @ ep 48)  [7.4s]
  ep  73: loss=0.2992  test_acc=78.23%  (best 78.23 @ ep 73)  [8.2s]
  ep  74: loss=0.2808  test_acc=76.23%  (best 78.23 @ ep 73)  [4.7s]
  ep  75: loss=0.2659  test_acc=75.61%  (best 78.23 @ ep 73)  [3.5s]
  ep  76: loss=0.2601  test_acc=74.61%  (best 78.23 @ ep 73)  [3.6s]
  ep  77: loss=0.2474  test_acc=75.83%  (best 78.23 @ ep 73)  [3.7s]
  ep  78: loss=0.2303  test_acc=77.65%  (best 78.23 @ ep 73)  [3.5s]
  ep  79: loss=0.2149  test_acc=77.98%  (best 78.23 @ ep 73)  [3.4s]
  ep  80: loss=0.2050  test_acc=77.47%  (best 78.23 @ ep 73)  [3.5s]
  ep  81: loss=0.1858  test_acc=77.12%  (best 78.23 @ ep 73)  [3.4s]
  ep  82: loss=0.1741  test_acc=78.80%  (best 78.80 @ ep 82)  [3.5s]
  ep  83: loss=0.1615  test_acc=78.09%  (best 78.80 @ ep 82)  [3.4s]
  ep  84: loss=0.1539  test_acc=78.82%  (best 78.82 @ ep 84)  [3.7s]
  ep  85: loss=0.1431  test_acc=78.56%  (best 78.82 @ ep 84)  [3.4s]
  ep  86: loss=0.1362  test_acc=78.10%  (best 78.82 @ ep 84)  [3.3s]
  ep  87: loss=0.1229  test_acc=78.53%  (best 78.82 @ ep 84)  [3.6s]
  ep  88: loss=0.1148  test_acc=78.43%  (best 78.82 @ ep 84)  [3.6s]
  ep  89: loss=0.1083  test_acc=79.04%  (best 79.04 @ ep 89)  [3.3s]
  ep  90: loss=0.0989  test_acc=78.69%  (best 79.04 @ ep 89)  [3.5s]
  ep  91: loss=0.0950  test_acc=78.50%  (best 79.04 @ ep 89)  [3.5s]
  ep  92: loss=0.0912  test_acc=78.63%  (best 79.04 @ ep 89)  [5.4s]
  ep  93: loss=0.0867  test_acc=78.78%  (best 79.04 @ ep 89)  [7.3s]
  ep  94: loss=0.0858  test_acc=79.07%  (best 79.07 @ ep 94)  [3.6s]
  ep  95: loss=0.0842  test_acc=78.99%  (best 79.07 @ ep 94)  [3.6s]
  ep  96: loss=0.0841  test_acc=78.65%  (best 79.07 @ ep 94)  [3.4s]
  ep  97: loss=0.0806  test_acc=78.87%  (best 79.07 @ ep 94)  [3.5s]
  ep  98: loss=0.0787  test_acc=78.61%  (best 79.07 @ ep 94)  [3.6s]
  ep  99: loss=0.0779  test_acc=79.09%  (best 79.09 @ ep 99)  [3.4s]

saved /path/to/ciln-workspace/journal_edition/robustness_transfer/results_v3/erm/gu_medium__seed2.json: best 79.09% @ ep 99
