/path/to/ciln-workspace/venv/lib/python3.12/site-packages/torchvision/datasets/cifar.py:83: VisibleDeprecationWarning: dtype(): align should be passed as Python or NumPy boolean but got `align=0`. Did you mean to pass a tuple to create a subarray type? (Deprecated NumPy 2.4)
  entry = pickle.load(f, encoding="latin1")
condition=ours__motion_blur_sev3 seed=2 gpu=2
  ep   0: loss=1.8687  test_acc=23.09%  (best 23.09 @ ep 0)  [3.1s]
  ep   1: loss=1.6564  test_acc=36.77%  (best 36.77 @ ep 1)  [2.4s]
  ep   2: loss=1.4498  test_acc=39.21%  (best 39.21 @ ep 2)  [2.6s]
  ep   3: loss=1.3261  test_acc=40.74%  (best 40.74 @ ep 3)  [2.4s]
  ep   4: loss=1.2487  test_acc=39.09%  (best 40.74 @ ep 3)  [2.6s]
  ep   5: loss=1.1997  test_acc=42.40%  (best 42.40 @ ep 5)  [3.0s]
  ep   6: loss=1.1597  test_acc=49.01%  (best 49.01 @ ep 6)  [6.6s]
  ep   7: loss=1.0905  test_acc=40.71%  (best 49.01 @ ep 6)  [5.0s]
  ep   8: loss=1.0650  test_acc=47.61%  (best 49.01 @ ep 6)  [5.0s]
  ep   9: loss=1.0372  test_acc=53.02%  (best 53.02 @ ep 9)  [5.6s]
  ep  10: loss=0.9746  test_acc=45.44%  (best 53.02 @ ep 9)  [3.9s]
  ep  11: loss=0.9924  test_acc=46.06%  (best 53.02 @ ep 9)  [2.4s]
  ep  12: loss=0.9975  test_acc=53.11%  (best 53.11 @ ep 12)  [2.4s]
  ep  13: loss=0.9662  test_acc=56.24%  (best 56.24 @ ep 13)  [2.4s]
  ep  14: loss=0.9289  test_acc=43.48%  (best 56.24 @ ep 13)  [2.4s]
  ep  15: loss=0.9709  test_acc=54.90%  (best 56.24 @ ep 13)  [2.5s]
  ep  16: loss=0.9162  test_acc=55.15%  (best 56.24 @ ep 13)  [2.5s]
  ep  17: loss=0.9317  test_acc=45.19%  (best 56.24 @ ep 13)  [2.5s]
  ep  18: loss=1.1737  test_acc=54.23%  (best 56.24 @ ep 13)  [2.3s]
  ep  19: loss=0.9640  test_acc=55.33%  (best 56.24 @ ep 13)  [2.5s]
  ep  20: loss=0.9298  test_acc=54.95%  (best 56.24 @ ep 13)  [2.5s]
  ep  21: loss=0.9313  test_acc=54.18%  (best 56.24 @ ep 13)  [2.3s]
  ep  22: loss=0.9108  test_acc=48.82%  (best 56.24 @ ep 13)  [2.4s]
  ep  23: loss=0.9457  test_acc=58.76%  (best 58.76 @ ep 23)  [2.4s]
  ep  24: loss=0.8977  test_acc=57.83%  (best 58.76 @ ep 23)  [2.4s]
  ep  25: loss=0.9421  test_acc=55.07%  (best 58.76 @ ep 23)  [2.4s]
  ep  26: loss=0.9560  test_acc=54.61%  (best 58.76 @ ep 23)  [2.5s]
  ep  27: loss=0.9287  test_acc=55.77%  (best 58.76 @ ep 23)  [2.4s]
  ep  28: loss=0.8639  test_acc=61.10%  (best 61.10 @ ep 28)  [2.6s]
  ep  29: loss=0.8792  test_acc=57.91%  (best 61.10 @ ep 28)  [2.3s]
  ep  30: loss=0.8616  test_acc=51.97%  (best 61.10 @ ep 28)  [2.4s]
  ep  31: loss=0.8546  test_acc=63.00%  (best 63.00 @ ep 31)  [2.6s]
  ep  32: loss=0.8085  test_acc=54.22%  (best 63.00 @ ep 31)  [2.3s]
  ep  33: loss=0.8201  test_acc=58.29%  (best 63.00 @ ep 31)  [2.5s]
  ep  34: loss=0.8564  test_acc=53.37%  (best 63.00 @ ep 31)  [2.3s]
  ep  35: loss=0.8266  test_acc=54.93%  (best 63.00 @ ep 31)  [2.3s]
  ep  36: loss=0.7923  test_acc=55.25%  (best 63.00 @ ep 31)  [2.8s]
  ep  37: loss=0.8617  test_acc=54.05%  (best 63.00 @ ep 31)  [5.0s]
  ep  38: loss=0.8833  test_acc=50.18%  (best 63.00 @ ep 31)  [4.8s]
  ep  39: loss=0.8813  test_acc=54.66%  (best 63.00 @ ep 31)  [2.4s]
  ep  40: loss=0.8179  test_acc=57.20%  (best 63.00 @ ep 31)  [2.3s]
  ep  41: loss=0.7983  test_acc=58.57%  (best 63.00 @ ep 31)  [2.4s]
  ep  42: loss=0.8291  test_acc=59.97%  (best 63.00 @ ep 31)  [2.5s]
  ep  43: loss=0.8176  test_acc=59.39%  (best 63.00 @ ep 31)  [2.3s]
  ep  44: loss=0.8066  test_acc=55.88%  (best 63.00 @ ep 31)  [2.4s]
  ep  45: loss=0.8221  test_acc=62.66%  (best 63.00 @ ep 31)  [2.3s]
  ep  46: loss=0.7595  test_acc=55.91%  (best 63.00 @ ep 31)  [2.5s]
  ep  47: loss=0.7435  test_acc=61.67%  (best 63.00 @ ep 31)  [2.5s]
  ep  48: loss=0.7385  test_acc=61.57%  (best 63.00 @ ep 31)  [2.6s]
  ep  49: loss=0.7615  test_acc=59.63%  (best 63.00 @ ep 31)  [2.3s]
  ep  50: loss=0.7462  test_acc=60.49%  (best 63.00 @ ep 31)  [2.4s]
  ep  51: loss=0.7337  test_acc=59.77%  (best 63.00 @ ep 31)  [2.3s]
  ep  52: loss=0.7193  test_acc=62.52%  (best 63.00 @ ep 31)  [2.4s]
  ep  53: loss=0.7027  test_acc=56.15%  (best 63.00 @ ep 31)  [2.5s]
  ep  54: loss=0.7100  test_acc=61.85%  (best 63.00 @ ep 31)  [2.4s]
  ep  55: loss=0.7066  test_acc=61.29%  (best 63.00 @ ep 31)  [2.6s]
  ep  56: loss=0.6798  test_acc=62.41%  (best 63.00 @ ep 31)  [2.4s]
  ep  57: loss=0.6597  test_acc=58.46%  (best 63.00 @ ep 31)  [2.6s]
  ep  58: loss=0.7308  test_acc=56.54%  (best 63.00 @ ep 31)  [2.4s]
  ep  59: loss=0.7496  test_acc=63.38%  (best 63.38 @ ep 59)  [2.6s]
  ep  60: loss=0.7064  test_acc=62.35%  (best 63.38 @ ep 59)  [2.4s]
  ep  61: loss=0.6788  test_acc=60.04%  (best 63.38 @ ep 59)  [2.3s]
  ep  62: loss=0.6501  test_acc=56.72%  (best 63.38 @ ep 59)  [2.4s]
  ep  63: loss=0.7082  test_acc=59.47%  (best 63.38 @ ep 59)  [2.4s]
  ep  64: loss=0.6459  test_acc=60.57%  (best 63.38 @ ep 59)  [3.3s]
  ep  65: loss=0.6191  test_acc=64.40%  (best 64.40 @ ep 65)  [5.0s]
  ep  66: loss=0.6397  test_acc=60.47%  (best 64.40 @ ep 65)  [4.7s]
  ep  67: loss=0.6126  test_acc=61.43%  (best 64.40 @ ep 65)  [4.6s]
  ep  68: loss=0.6346  test_acc=59.07%  (best 64.40 @ ep 65)  [2.6s]
  ep  69: loss=0.6764  test_acc=61.56%  (best 64.40 @ ep 65)  [2.6s]
  ep  70: loss=0.5855  test_acc=63.81%  (best 64.40 @ ep 65)  [2.4s]
  ep  71: loss=0.5899  test_acc=58.52%  (best 64.40 @ ep 65)  [2.5s]
  ep  72: loss=0.5603  test_acc=60.84%  (best 64.40 @ ep 65)  [2.3s]
  ep  73: loss=0.5182  test_acc=61.00%  (best 64.40 @ ep 65)  [2.5s]
  ep  74: loss=0.5284  test_acc=57.44%  (best 64.40 @ ep 65)  [2.3s]
  ep  75: loss=0.5823  test_acc=60.79%  (best 64.40 @ ep 65)  [2.4s]
  ep  76: loss=0.5278  test_acc=62.55%  (best 64.40 @ ep 65)  [2.3s]
  ep  77: loss=0.4979  test_acc=60.12%  (best 64.40 @ ep 65)  [2.3s]
  ep  78: loss=0.4692  test_acc=61.61%  (best 64.40 @ ep 65)  [2.3s]
  ep  79: loss=0.4522  test_acc=60.12%  (best 64.40 @ ep 65)  [2.4s]
  ep  80: loss=0.4801  test_acc=57.93%  (best 64.40 @ ep 65)  [2.4s]
  ep  81: loss=0.4503  test_acc=61.36%  (best 64.40 @ ep 65)  [2.5s]
  ep  82: loss=0.4284  test_acc=59.04%  (best 64.40 @ ep 65)  [2.3s]
  ep  83: loss=0.4276  test_acc=59.45%  (best 64.40 @ ep 65)  [2.4s]
  ep  84: loss=0.4217  test_acc=62.07%  (best 64.40 @ ep 65)  [2.3s]
  ep  85: loss=0.3856  test_acc=61.48%  (best 64.40 @ ep 65)  [2.5s]
  ep  86: loss=0.4040  test_acc=61.52%  (best 64.40 @ ep 65)  [2.3s]
  ep  87: loss=0.3611  test_acc=60.94%  (best 64.40 @ ep 65)  [2.6s]
  ep  88: loss=0.3507  test_acc=61.90%  (best 64.40 @ ep 65)  [2.5s]
  ep  89: loss=0.3684  test_acc=60.19%  (best 64.40 @ ep 65)  [2.4s]
  ep  90: loss=0.3648  test_acc=60.91%  (best 64.40 @ ep 65)  [2.5s]
  ep  91: loss=0.3486  test_acc=60.29%  (best 64.40 @ ep 65)  [2.3s]
  ep  92: loss=0.3343  test_acc=59.82%  (best 64.40 @ ep 65)  [2.4s]
  ep  93: loss=0.3207  test_acc=61.17%  (best 64.40 @ ep 65)  [2.7s]
  ep  94: loss=0.3268  test_acc=61.33%  (best 64.40 @ ep 65)  [5.9s]
  ep  95: loss=0.3100  test_acc=62.19%  (best 64.40 @ ep 65)  [4.8s]
  ep  96: loss=0.3113  test_acc=60.96%  (best 64.40 @ ep 65)  [4.5s]
  ep  97: loss=0.3036  test_acc=61.01%  (best 64.40 @ ep 65)  [2.5s]
  ep  98: loss=0.3063  test_acc=61.39%  (best 64.40 @ ep 65)  [2.4s]
  ep  99: loss=0.3066  test_acc=61.08%  (best 64.40 @ ep 65)  [2.4s]

saved /path/to/ciln-workspace/journal_edition/robustness_transfer/results_v3/erm/ours__motion_blur_sev3__seed2.json: best 64.40% @ ep 65
