/path/to/ciln-workspace/venv/lib/python3.12/site-packages/torchvision/datasets/cifar.py:83: VisibleDeprecationWarning: dtype(): align should be passed as Python or NumPy boolean but got `align=0`. Did you mean to pass a tuple to create a subarray type? (Deprecated NumPy 2.4)
  entry = pickle.load(f, encoding="latin1")
condition=ours__contrast_sev3 seed=0 gpu=2
  ep   0: loss=1.8049  test_acc=17.72%  (best 17.72 @ ep 0)  [3.4s]
  ep   1: loss=1.6322  test_acc=22.72%  (best 22.72 @ ep 1)  [2.3s]
  ep   2: loss=1.6713  test_acc=28.33%  (best 28.33 @ ep 2)  [2.4s]
  ep   3: loss=1.5615  test_acc=26.39%  (best 28.33 @ ep 2)  [2.6s]
  ep   4: loss=1.5157  test_acc=23.32%  (best 28.33 @ ep 2)  [2.3s]
  ep   5: loss=1.4773  test_acc=32.01%  (best 32.01 @ ep 5)  [2.4s]
  ep   6: loss=1.4266  test_acc=35.33%  (best 35.33 @ ep 6)  [2.3s]
  ep   7: loss=1.4333  test_acc=36.91%  (best 36.91 @ ep 7)  [2.3s]
  ep   8: loss=1.4070  test_acc=35.22%  (best 36.91 @ ep 7)  [2.4s]
  ep   9: loss=1.3346  test_acc=36.67%  (best 36.91 @ ep 7)  [2.5s]
  ep  10: loss=1.3502  test_acc=36.12%  (best 36.91 @ ep 7)  [2.4s]
  ep  11: loss=1.2869  test_acc=38.49%  (best 38.49 @ ep 11)  [2.4s]
  ep  12: loss=1.2869  test_acc=40.81%  (best 40.81 @ ep 12)  [2.3s]
  ep  13: loss=1.2702  test_acc=43.93%  (best 43.93 @ ep 13)  [2.4s]
  ep  14: loss=1.2804  test_acc=41.26%  (best 43.93 @ ep 13)  [2.3s]
  ep  15: loss=1.2299  test_acc=38.28%  (best 43.93 @ ep 13)  [2.4s]
  ep  16: loss=1.2584  test_acc=42.60%  (best 43.93 @ ep 13)  [2.3s]
  ep  17: loss=1.2352  test_acc=38.07%  (best 43.93 @ ep 13)  [2.5s]
  ep  18: loss=1.2051  test_acc=36.53%  (best 43.93 @ ep 13)  [2.6s]
  ep  19: loss=1.2639  test_acc=43.83%  (best 43.93 @ ep 13)  [5.0s]
  ep  20: loss=1.2075  test_acc=39.59%  (best 43.93 @ ep 13)  [2.4s]
  ep  21: loss=1.1886  test_acc=41.32%  (best 43.93 @ ep 13)  [2.3s]
  ep  22: loss=1.1908  test_acc=40.91%  (best 43.93 @ ep 13)  [2.4s]
  ep  23: loss=1.1538  test_acc=40.84%  (best 43.93 @ ep 13)  [2.5s]
  ep  24: loss=1.1666  test_acc=41.95%  (best 43.93 @ ep 13)  [2.5s]
  ep  25: loss=1.1567  test_acc=37.29%  (best 43.93 @ ep 13)  [2.3s]
  ep  26: loss=1.1316  test_acc=42.28%  (best 43.93 @ ep 13)  [2.4s]
  ep  27: loss=1.1876  test_acc=45.75%  (best 45.75 @ ep 27)  [2.4s]
  ep  28: loss=1.1494  test_acc=47.96%  (best 47.96 @ ep 28)  [2.5s]
  ep  29: loss=1.1197  test_acc=40.16%  (best 47.96 @ ep 28)  [2.3s]
  ep  30: loss=1.1368  test_acc=39.14%  (best 47.96 @ ep 28)  [2.4s]
  ep  31: loss=1.1118  test_acc=43.86%  (best 47.96 @ ep 28)  [2.5s]
  ep  32: loss=1.1236  test_acc=37.64%  (best 47.96 @ ep 28)  [2.4s]
  ep  33: loss=1.1822  test_acc=41.57%  (best 47.96 @ ep 28)  [2.4s]
  ep  34: loss=1.1688  test_acc=37.69%  (best 47.96 @ ep 28)  [2.4s]
  ep  35: loss=1.1960  test_acc=41.93%  (best 47.96 @ ep 28)  [2.5s]
  ep  36: loss=1.1206  test_acc=42.89%  (best 47.96 @ ep 28)  [2.4s]
  ep  37: loss=1.1240  test_acc=40.75%  (best 47.96 @ ep 28)  [2.4s]
  ep  38: loss=1.1705  test_acc=38.96%  (best 47.96 @ ep 28)  [2.3s]
  ep  39: loss=1.1021  test_acc=48.97%  (best 48.97 @ ep 39)  [2.6s]
  ep  40: loss=1.1026  test_acc=48.94%  (best 48.97 @ ep 39)  [2.4s]
  ep  41: loss=1.0960  test_acc=42.89%  (best 48.97 @ ep 39)  [2.5s]
  ep  42: loss=1.0848  test_acc=44.77%  (best 48.97 @ ep 39)  [2.4s]
  ep  43: loss=1.0680  test_acc=49.84%  (best 49.84 @ ep 43)  [2.4s]
  ep  44: loss=1.0966  test_acc=48.55%  (best 49.84 @ ep 43)  [2.4s]
  ep  45: loss=1.0728  test_acc=45.36%  (best 49.84 @ ep 43)  [2.4s]
  ep  46: loss=1.0637  test_acc=48.07%  (best 49.84 @ ep 43)  [3.5s]
  ep  47: loss=1.0329  test_acc=45.43%  (best 49.84 @ ep 43)  [4.8s]
  ep  48: loss=1.0517  test_acc=41.95%  (best 49.84 @ ep 43)  [7.5s]
  ep  49: loss=1.0748  test_acc=42.55%  (best 49.84 @ ep 43)  [5.1s]
  ep  50: loss=1.0429  test_acc=46.83%  (best 49.84 @ ep 43)  [4.5s]
  ep  51: loss=1.0082  test_acc=40.80%  (best 49.84 @ ep 43)  [4.8s]
  ep  52: loss=1.0046  test_acc=41.25%  (best 49.84 @ ep 43)  [2.4s]
  ep  53: loss=1.0489  test_acc=41.60%  (best 49.84 @ ep 43)  [2.5s]
  ep  54: loss=1.0709  test_acc=42.99%  (best 49.84 @ ep 43)  [2.4s]
  ep  55: loss=1.0406  test_acc=45.99%  (best 49.84 @ ep 43)  [2.4s]
  ep  56: loss=1.0153  test_acc=42.90%  (best 49.84 @ ep 43)  [2.4s]
  ep  57: loss=0.9948  test_acc=38.88%  (best 49.84 @ ep 43)  [2.4s]
  ep  58: loss=1.0173  test_acc=41.81%  (best 49.84 @ ep 43)  [2.5s]
  ep  59: loss=0.9774  test_acc=44.83%  (best 49.84 @ ep 43)  [2.4s]
  ep  60: loss=0.9741  test_acc=43.03%  (best 49.84 @ ep 43)  [2.5s]
  ep  61: loss=0.9762  test_acc=44.31%  (best 49.84 @ ep 43)  [2.4s]
  ep  62: loss=0.9435  test_acc=44.32%  (best 49.84 @ ep 43)  [2.6s]
  ep  63: loss=0.9503  test_acc=46.65%  (best 49.84 @ ep 43)  [2.5s]
  ep  64: loss=0.9398  test_acc=46.20%  (best 49.84 @ ep 43)  [2.5s]
  ep  65: loss=0.9571  test_acc=44.43%  (best 49.84 @ ep 43)  [2.3s]
  ep  66: loss=0.9218  test_acc=44.57%  (best 49.84 @ ep 43)  [2.4s]
  ep  67: loss=0.9489  test_acc=42.44%  (best 49.84 @ ep 43)  [2.4s]
  ep  68: loss=0.8988  test_acc=45.30%  (best 49.84 @ ep 43)  [2.4s]
  ep  69: loss=0.8653  test_acc=42.71%  (best 49.84 @ ep 43)  [2.3s]
  ep  70: loss=0.8499  test_acc=45.98%  (best 49.84 @ ep 43)  [2.5s]
  ep  71: loss=0.8585  test_acc=46.00%  (best 49.84 @ ep 43)  [2.4s]
  ep  72: loss=0.8483  test_acc=46.46%  (best 49.84 @ ep 43)  [2.4s]
  ep  73: loss=0.8710  test_acc=46.83%  (best 49.84 @ ep 43)  [2.4s]
  ep  74: loss=0.8820  test_acc=47.10%  (best 49.84 @ ep 43)  [2.3s]
  ep  75: loss=0.8417  test_acc=42.17%  (best 49.84 @ ep 43)  [2.4s]
  ep  76: loss=0.8238  test_acc=46.51%  (best 49.84 @ ep 43)  [2.3s]
  ep  77: loss=0.8792  test_acc=42.80%  (best 49.84 @ ep 43)  [4.2s]
  ep  78: loss=0.7949  test_acc=44.30%  (best 49.84 @ ep 43)  [5.3s]
  ep  79: loss=0.7632  test_acc=44.10%  (best 49.84 @ ep 43)  [4.7s]
  ep  80: loss=0.7718  test_acc=41.78%  (best 49.84 @ ep 43)  [5.1s]
  ep  81: loss=0.7460  test_acc=42.13%  (best 49.84 @ ep 43)  [6.6s]
  ep  82: loss=0.7312  test_acc=43.34%  (best 49.84 @ ep 43)  [4.2s]
  ep  83: loss=0.7569  test_acc=44.31%  (best 49.84 @ ep 43)  [2.6s]
  ep  84: loss=0.6939  test_acc=43.42%  (best 49.84 @ ep 43)  [2.4s]
  ep  85: loss=0.7027  test_acc=44.95%  (best 49.84 @ ep 43)  [2.6s]
  ep  86: loss=0.6730  test_acc=45.21%  (best 49.84 @ ep 43)  [2.3s]
  ep  87: loss=0.6510  test_acc=45.34%  (best 49.84 @ ep 43)  [2.4s]
  ep  88: loss=0.6445  test_acc=43.71%  (best 49.84 @ ep 43)  [2.5s]
  ep  89: loss=0.6730  test_acc=42.36%  (best 49.84 @ ep 43)  [2.3s]
  ep  90: loss=0.6414  test_acc=44.72%  (best 49.84 @ ep 43)  [2.4s]
  ep  91: loss=0.6107  test_acc=44.64%  (best 49.84 @ ep 43)  [2.4s]
  ep  92: loss=0.6066  test_acc=43.52%  (best 49.84 @ ep 43)  [2.5s]
  ep  93: loss=0.5886  test_acc=45.09%  (best 49.84 @ ep 43)  [2.5s]
  ep  94: loss=0.5870  test_acc=44.44%  (best 49.84 @ ep 43)  [2.7s]
  ep  95: loss=0.5820  test_acc=44.82%  (best 49.84 @ ep 43)  [2.4s]
  ep  96: loss=0.5734  test_acc=43.18%  (best 49.84 @ ep 43)  [2.5s]
  ep  97: loss=0.5683  test_acc=43.27%  (best 49.84 @ ep 43)  [2.6s]
  ep  98: loss=0.5698  test_acc=45.25%  (best 49.84 @ ep 43)  [2.5s]
  ep  99: loss=0.5657  test_acc=43.73%  (best 49.84 @ ep 43)  [2.7s]

saved /path/to/ciln-workspace/journal_edition/robustness_transfer/results_v3/erm/ours__contrast_sev3__seed0.json: best 49.84% @ ep 43
