/path/to/ciln-workspace/venv/lib/python3.12/site-packages/torchvision/datasets/cifar.py:83: VisibleDeprecationWarning: dtype(): align should be passed as Python or NumPy boolean but got `align=0`. Did you mean to pass a tuple to create a subarray type? (Deprecated NumPy 2.4)
  entry = pickle.load(f, encoding="latin1")
condition=ours__elastic_transform_sev3 seed=0 gpu=1
  ep   0: loss=1.7493  test_acc=25.00%  (best 25.00 @ ep 0)  [3.2s]
  ep   1: loss=1.4649  test_acc=23.84%  (best 25.00 @ ep 0)  [2.3s]
  ep   2: loss=1.4772  test_acc=35.10%  (best 35.10 @ ep 2)  [2.4s]
  ep   3: loss=1.2161  test_acc=28.51%  (best 35.10 @ ep 2)  [2.3s]
  ep   4: loss=1.1486  test_acc=38.60%  (best 38.60 @ ep 4)  [2.5s]
  ep   5: loss=1.0397  test_acc=45.71%  (best 45.71 @ ep 5)  [2.4s]
  ep   6: loss=0.9210  test_acc=50.47%  (best 50.47 @ ep 6)  [2.3s]
  ep   7: loss=0.8516  test_acc=47.82%  (best 50.47 @ ep 6)  [2.5s]
  ep   8: loss=0.8677  test_acc=50.23%  (best 50.47 @ ep 6)  [2.3s]
  ep   9: loss=0.8237  test_acc=46.57%  (best 50.47 @ ep 6)  [2.4s]
  ep  10: loss=0.7931  test_acc=56.36%  (best 56.36 @ ep 10)  [2.5s]
  ep  11: loss=0.7704  test_acc=52.28%  (best 56.36 @ ep 10)  [2.3s]
  ep  12: loss=0.7658  test_acc=43.75%  (best 56.36 @ ep 10)  [2.3s]
  ep  13: loss=0.7568  test_acc=52.60%  (best 56.36 @ ep 10)  [2.4s]
  ep  14: loss=0.6822  test_acc=54.43%  (best 56.36 @ ep 10)  [2.4s]
  ep  15: loss=0.8215  test_acc=56.64%  (best 56.64 @ ep 15)  [2.4s]
  ep  16: loss=0.7016  test_acc=60.26%  (best 60.26 @ ep 16)  [2.3s]
  ep  17: loss=0.6952  test_acc=58.80%  (best 60.26 @ ep 16)  [2.3s]
  ep  18: loss=0.6672  test_acc=57.03%  (best 60.26 @ ep 16)  [2.4s]
  ep  19: loss=0.6881  test_acc=65.33%  (best 65.33 @ ep 19)  [2.4s]
  ep  20: loss=0.6392  test_acc=63.41%  (best 65.33 @ ep 19)  [2.4s]
  ep  21: loss=0.6186  test_acc=60.93%  (best 65.33 @ ep 19)  [2.5s]
  ep  22: loss=0.6133  test_acc=51.46%  (best 65.33 @ ep 19)  [2.5s]
  ep  23: loss=0.6212  test_acc=41.43%  (best 65.33 @ ep 19)  [3.6s]
  ep  24: loss=0.6953  test_acc=61.14%  (best 65.33 @ ep 19)  [8.1s]
  ep  25: loss=0.6130  test_acc=60.70%  (best 65.33 @ ep 19)  [2.4s]
  ep  26: loss=0.6237  test_acc=51.16%  (best 65.33 @ ep 19)  [2.4s]
  ep  27: loss=0.6804  test_acc=64.79%  (best 65.33 @ ep 19)  [2.3s]
  ep  28: loss=0.5805  test_acc=67.28%  (best 67.28 @ ep 28)  [2.4s]
  ep  29: loss=0.5658  test_acc=64.91%  (best 67.28 @ ep 28)  [2.4s]
  ep  30: loss=0.5669  test_acc=62.50%  (best 67.28 @ ep 28)  [2.3s]
  ep  31: loss=0.5532  test_acc=63.20%  (best 67.28 @ ep 28)  [2.3s]
  ep  32: loss=0.5554  test_acc=63.65%  (best 67.28 @ ep 28)  [2.4s]
  ep  33: loss=0.6137  test_acc=62.50%  (best 67.28 @ ep 28)  [2.5s]
  ep  34: loss=0.5878  test_acc=63.10%  (best 67.28 @ ep 28)  [2.4s]
  ep  35: loss=0.5256  test_acc=62.93%  (best 67.28 @ ep 28)  [2.4s]
  ep  36: loss=0.5294  test_acc=64.65%  (best 67.28 @ ep 28)  [2.3s]
  ep  37: loss=0.5194  test_acc=67.48%  (best 67.48 @ ep 37)  [2.4s]
  ep  38: loss=0.5789  test_acc=56.72%  (best 67.48 @ ep 37)  [2.3s]
  ep  39: loss=0.5381  test_acc=64.61%  (best 67.48 @ ep 37)  [2.4s]
  ep  40: loss=0.5171  test_acc=58.92%  (best 67.48 @ ep 37)  [2.3s]
  ep  41: loss=0.5377  test_acc=65.47%  (best 67.48 @ ep 37)  [2.4s]
  ep  42: loss=0.5313  test_acc=64.19%  (best 67.48 @ ep 37)  [2.3s]
  ep  43: loss=0.4847  test_acc=67.44%  (best 67.48 @ ep 37)  [2.4s]
  ep  44: loss=0.4758  test_acc=58.85%  (best 67.48 @ ep 37)  [2.3s]
  ep  45: loss=0.5064  test_acc=65.17%  (best 67.48 @ ep 37)  [2.4s]
  ep  46: loss=0.4991  test_acc=62.14%  (best 67.48 @ ep 37)  [2.4s]
  ep  47: loss=0.4731  test_acc=64.64%  (best 67.48 @ ep 37)  [2.4s]
  ep  48: loss=0.5023  test_acc=68.20%  (best 68.20 @ ep 48)  [2.5s]
  ep  49: loss=0.4488  test_acc=62.31%  (best 68.20 @ ep 48)  [2.4s]
  ep  50: loss=0.4880  test_acc=68.91%  (best 68.91 @ ep 50)  [2.6s]
  ep  51: loss=0.4305  test_acc=62.96%  (best 68.91 @ ep 50)  [3.5s]
  ep  52: loss=0.4426  test_acc=67.51%  (best 68.91 @ ep 50)  [6.2s]
  ep  53: loss=0.4224  test_acc=66.20%  (best 68.91 @ ep 50)  [5.9s]
  ep  54: loss=0.4389  test_acc=64.83%  (best 68.91 @ ep 50)  [5.6s]
  ep  55: loss=0.4212  test_acc=66.41%  (best 68.91 @ ep 50)  [5.3s]
  ep  56: loss=0.4203  test_acc=61.00%  (best 68.91 @ ep 50)  [5.7s]
  ep  57: loss=0.4439  test_acc=68.49%  (best 68.91 @ ep 50)  [4.2s]
  ep  58: loss=0.4083  test_acc=66.21%  (best 68.91 @ ep 50)  [2.5s]
  ep  59: loss=0.4329  test_acc=68.67%  (best 68.91 @ ep 50)  [2.5s]
  ep  60: loss=0.4307  test_acc=66.63%  (best 68.91 @ ep 50)  [2.5s]
  ep  61: loss=0.4217  test_acc=68.29%  (best 68.91 @ ep 50)  [2.5s]
  ep  62: loss=0.4296  test_acc=67.00%  (best 68.91 @ ep 50)  [2.4s]
  ep  63: loss=0.3832  test_acc=67.03%  (best 68.91 @ ep 50)  [2.4s]
  ep  64: loss=0.4586  test_acc=63.81%  (best 68.91 @ ep 50)  [2.3s]
  ep  65: loss=0.4605  test_acc=64.33%  (best 68.91 @ ep 50)  [2.4s]
  ep  66: loss=0.4082  test_acc=68.49%  (best 68.91 @ ep 50)  [2.5s]
  ep  67: loss=0.3687  test_acc=68.47%  (best 68.91 @ ep 50)  [2.4s]
  ep  68: loss=0.3845  test_acc=70.08%  (best 70.08 @ ep 68)  [2.4s]
  ep  69: loss=0.3389  test_acc=69.34%  (best 70.08 @ ep 68)  [2.4s]
  ep  70: loss=0.3154  test_acc=69.59%  (best 70.08 @ ep 68)  [2.4s]
  ep  71: loss=0.2944  test_acc=67.23%  (best 70.08 @ ep 68)  [2.4s]
  ep  72: loss=0.3720  test_acc=70.00%  (best 70.08 @ ep 68)  [2.4s]
  ep  73: loss=0.3506  test_acc=68.73%  (best 70.08 @ ep 68)  [2.4s]
  ep  74: loss=0.3135  test_acc=65.88%  (best 70.08 @ ep 68)  [2.5s]
  ep  75: loss=0.3734  test_acc=67.96%  (best 70.08 @ ep 68)  [2.6s]
  ep  76: loss=0.3313  test_acc=68.09%  (best 70.08 @ ep 68)  [2.4s]
  ep  77: loss=0.4194  test_acc=69.29%  (best 70.08 @ ep 68)  [2.5s]
  ep  78: loss=0.3338  test_acc=66.67%  (best 70.08 @ ep 68)  [2.3s]
  ep  79: loss=0.3523  test_acc=69.80%  (best 70.08 @ ep 68)  [2.4s]
  ep  80: loss=0.2811  test_acc=69.60%  (best 70.08 @ ep 68)  [2.5s]
  ep  81: loss=0.2728  test_acc=69.94%  (best 70.08 @ ep 68)  [2.4s]
  ep  82: loss=0.2406  test_acc=68.99%  (best 70.08 @ ep 68)  [3.9s]
  ep  83: loss=0.2547  test_acc=69.68%  (best 70.08 @ ep 68)  [4.5s]
  ep  84: loss=0.2321  test_acc=69.14%  (best 70.08 @ ep 68)  [2.5s]
  ep  85: loss=0.2398  test_acc=69.24%  (best 70.08 @ ep 68)  [2.4s]
  ep  86: loss=0.2233  test_acc=69.75%  (best 70.08 @ ep 68)  [2.5s]
  ep  87: loss=0.2062  test_acc=70.02%  (best 70.08 @ ep 68)  [2.4s]
  ep  88: loss=0.1963  test_acc=68.76%  (best 70.08 @ ep 68)  [2.4s]
  ep  89: loss=0.1929  test_acc=69.02%  (best 70.08 @ ep 68)  [2.4s]
  ep  90: loss=0.1935  test_acc=69.48%  (best 70.08 @ ep 68)  [2.4s]
  ep  91: loss=0.1897  test_acc=68.83%  (best 70.08 @ ep 68)  [2.4s]
  ep  92: loss=0.1816  test_acc=69.25%  (best 70.08 @ ep 68)  [2.3s]
  ep  93: loss=0.1749  test_acc=69.48%  (best 70.08 @ ep 68)  [2.4s]
  ep  94: loss=0.1700  test_acc=69.63%  (best 70.08 @ ep 68)  [2.5s]
  ep  95: loss=0.1675  test_acc=69.25%  (best 70.08 @ ep 68)  [2.3s]
  ep  96: loss=0.1709  test_acc=69.51%  (best 70.08 @ ep 68)  [2.5s]
  ep  97: loss=0.1665  test_acc=69.57%  (best 70.08 @ ep 68)  [2.3s]
  ep  98: loss=0.1713  test_acc=69.43%  (best 70.08 @ ep 68)  [2.3s]
  ep  99: loss=0.1700  test_acc=69.49%  (best 70.08 @ ep 68)  [2.6s]

saved /path/to/ciln-workspace/journal_edition/robustness_transfer/results_v3/erm/ours__elastic_transform_sev3__seed0.json: best 70.08% @ ep 68
