/path/to/ciln-workspace/venv/lib/python3.12/site-packages/torchvision/datasets/cifar.py:83: VisibleDeprecationWarning: dtype(): align should be passed as Python or NumPy boolean but got `align=0`. Did you mean to pass a tuple to create a subarray type? (Deprecated NumPy 2.4)
  entry = pickle.load(f, encoding="latin1")
condition=ours__fog_sev3 seed=1 gpu=2
  ep   0: loss=1.8850  test_acc=21.87%  (best 21.87 @ ep 0)  [3.2s]
  ep   1: loss=1.6882  test_acc=30.09%  (best 30.09 @ ep 1)  [2.3s]
  ep   2: loss=1.6106  test_acc=27.94%  (best 30.09 @ ep 1)  [2.4s]
  ep   3: loss=1.4788  test_acc=34.14%  (best 34.14 @ ep 3)  [2.4s]
  ep   4: loss=1.3474  test_acc=41.20%  (best 41.20 @ ep 4)  [2.3s]
  ep   5: loss=1.2411  test_acc=43.61%  (best 43.61 @ ep 5)  [2.3s]
  ep   6: loss=1.2081  test_acc=41.70%  (best 43.61 @ ep 5)  [2.4s]
  ep   7: loss=1.1657  test_acc=48.26%  (best 48.26 @ ep 7)  [2.4s]
  ep   8: loss=1.0921  test_acc=49.49%  (best 49.49 @ ep 8)  [2.6s]
  ep   9: loss=1.0855  test_acc=43.49%  (best 49.49 @ ep 8)  [2.5s]
  ep  10: loss=1.0449  test_acc=50.13%  (best 50.13 @ ep 10)  [2.5s]
  ep  11: loss=0.9888  test_acc=52.84%  (best 52.84 @ ep 11)  [4.4s]
  ep  12: loss=0.9544  test_acc=56.41%  (best 56.41 @ ep 12)  [4.6s]
  ep  13: loss=0.9364  test_acc=57.68%  (best 57.68 @ ep 13)  [5.7s]
  ep  14: loss=0.9321  test_acc=47.77%  (best 57.68 @ ep 13)  [5.3s]
  ep  15: loss=0.9610  test_acc=43.77%  (best 57.68 @ ep 13)  [4.4s]
  ep  16: loss=0.9124  test_acc=56.24%  (best 57.68 @ ep 13)  [2.5s]
  ep  17: loss=0.9226  test_acc=60.08%  (best 60.08 @ ep 17)  [2.3s]
  ep  18: loss=0.8897  test_acc=56.90%  (best 60.08 @ ep 17)  [2.4s]
  ep  19: loss=0.9207  test_acc=51.28%  (best 60.08 @ ep 17)  [2.3s]
  ep  20: loss=0.9242  test_acc=55.42%  (best 60.08 @ ep 17)  [2.3s]
  ep  21: loss=0.8705  test_acc=48.66%  (best 60.08 @ ep 17)  [2.2s]
  ep  22: loss=0.9262  test_acc=56.15%  (best 60.08 @ ep 17)  [2.4s]
  ep  23: loss=0.8468  test_acc=55.90%  (best 60.08 @ ep 17)  [2.5s]
  ep  24: loss=0.8288  test_acc=46.44%  (best 60.08 @ ep 17)  [2.5s]
  ep  25: loss=0.8259  test_acc=54.75%  (best 60.08 @ ep 17)  [2.5s]
  ep  26: loss=0.8923  test_acc=54.19%  (best 60.08 @ ep 17)  [2.4s]
  ep  27: loss=0.9003  test_acc=47.36%  (best 60.08 @ ep 17)  [2.4s]
  ep  28: loss=0.8334  test_acc=57.55%  (best 60.08 @ ep 17)  [2.5s]
  ep  29: loss=0.9087  test_acc=60.34%  (best 60.34 @ ep 29)  [2.4s]
  ep  30: loss=0.8508  test_acc=52.16%  (best 60.34 @ ep 29)  [2.3s]
  ep  31: loss=0.8380  test_acc=61.32%  (best 61.32 @ ep 31)  [2.4s]
  ep  32: loss=0.7960  test_acc=60.13%  (best 61.32 @ ep 31)  [2.3s]
  ep  33: loss=0.7600  test_acc=58.21%  (best 61.32 @ ep 31)  [2.3s]
  ep  34: loss=0.8076  test_acc=51.98%  (best 61.32 @ ep 31)  [2.4s]
  ep  35: loss=0.8292  test_acc=61.27%  (best 61.32 @ ep 31)  [2.4s]
  ep  36: loss=0.7669  test_acc=58.16%  (best 61.32 @ ep 31)  [2.3s]
  ep  37: loss=0.7408  test_acc=54.39%  (best 61.32 @ ep 31)  [2.4s]
  ep  38: loss=0.7887  test_acc=60.17%  (best 61.32 @ ep 31)  [2.4s]
  ep  39: loss=0.7830  test_acc=62.65%  (best 62.65 @ ep 39)  [2.3s]
  ep  40: loss=0.7535  test_acc=55.36%  (best 62.65 @ ep 39)  [2.4s]
  ep  41: loss=0.7511  test_acc=61.76%  (best 62.65 @ ep 39)  [2.6s]
  ep  42: loss=0.7295  test_acc=50.85%  (best 62.65 @ ep 39)  [3.9s]
  ep  43: loss=0.7353  test_acc=60.50%  (best 62.65 @ ep 39)  [5.1s]
  ep  44: loss=0.7611  test_acc=55.77%  (best 62.65 @ ep 39)  [4.8s]
  ep  45: loss=0.7115  test_acc=61.22%  (best 62.65 @ ep 39)  [5.0s]
  ep  46: loss=0.7069  test_acc=58.22%  (best 62.65 @ ep 39)  [5.5s]
  ep  47: loss=0.7018  test_acc=59.28%  (best 62.65 @ ep 39)  [2.4s]
  ep  48: loss=0.7015  test_acc=59.58%  (best 62.65 @ ep 39)  [2.4s]
  ep  49: loss=0.6989  test_acc=61.58%  (best 62.65 @ ep 39)  [2.6s]
  ep  50: loss=0.7346  test_acc=55.70%  (best 62.65 @ ep 39)  [2.5s]
  ep  51: loss=0.7136  test_acc=59.42%  (best 62.65 @ ep 39)  [2.3s]
  ep  52: loss=0.7931  test_acc=62.56%  (best 62.65 @ ep 39)  [2.4s]
  ep  53: loss=0.6850  test_acc=58.12%  (best 62.65 @ ep 39)  [2.5s]
  ep  54: loss=0.6824  test_acc=62.94%  (best 62.94 @ ep 54)  [2.3s]
  ep  55: loss=0.6590  test_acc=61.50%  (best 62.94 @ ep 54)  [2.3s]
  ep  56: loss=0.6290  test_acc=61.33%  (best 62.94 @ ep 54)  [2.4s]
  ep  57: loss=0.6677  test_acc=62.25%  (best 62.94 @ ep 54)  [2.5s]
  ep  58: loss=0.6194  test_acc=62.58%  (best 62.94 @ ep 54)  [2.3s]
  ep  59: loss=0.5986  test_acc=62.21%  (best 62.94 @ ep 54)  [2.5s]
  ep  60: loss=0.6212  test_acc=60.67%  (best 62.94 @ ep 54)  [2.6s]
  ep  61: loss=0.6031  test_acc=62.46%  (best 62.94 @ ep 54)  [2.6s]
  ep  62: loss=0.5751  test_acc=60.42%  (best 62.94 @ ep 54)  [2.3s]
  ep  63: loss=0.6276  test_acc=57.38%  (best 62.94 @ ep 54)  [2.6s]
  ep  64: loss=0.5729  test_acc=58.94%  (best 62.94 @ ep 54)  [2.4s]
  ep  65: loss=0.5989  test_acc=63.05%  (best 63.05 @ ep 65)  [2.4s]
  ep  66: loss=0.6100  test_acc=63.43%  (best 63.43 @ ep 66)  [2.3s]
  ep  67: loss=0.5296  test_acc=61.58%  (best 63.43 @ ep 66)  [2.3s]
  ep  68: loss=0.5275  test_acc=61.41%  (best 63.43 @ ep 66)  [2.5s]
  ep  69: loss=0.5089  test_acc=57.60%  (best 63.43 @ ep 66)  [2.3s]
  ep  70: loss=0.5224  test_acc=61.06%  (best 63.43 @ ep 66)  [2.3s]
  ep  71: loss=0.5026  test_acc=63.69%  (best 63.69 @ ep 71)  [2.4s]
  ep  72: loss=0.4792  test_acc=62.35%  (best 63.69 @ ep 71)  [2.5s]
  ep  73: loss=0.4663  test_acc=60.83%  (best 63.69 @ ep 71)  [4.8s]
  ep  74: loss=0.4543  test_acc=60.95%  (best 63.69 @ ep 71)  [5.2s]
  ep  75: loss=0.4273  test_acc=63.59%  (best 63.69 @ ep 71)  [5.7s]
  ep  76: loss=0.3996  test_acc=62.67%  (best 63.69 @ ep 71)  [5.0s]
  ep  77: loss=0.4545  test_acc=58.53%  (best 63.69 @ ep 71)  [3.9s]
  ep  78: loss=0.4101  test_acc=60.77%  (best 63.69 @ ep 71)  [2.4s]
  ep  79: loss=0.3895  test_acc=63.68%  (best 63.69 @ ep 71)  [2.4s]
  ep  80: loss=0.3446  test_acc=61.60%  (best 63.69 @ ep 71)  [2.5s]
  ep  81: loss=0.3595  test_acc=62.47%  (best 63.69 @ ep 71)  [2.4s]
  ep  82: loss=0.3554  test_acc=62.46%  (best 63.69 @ ep 71)  [2.4s]
  ep  83: loss=0.3967  test_acc=62.54%  (best 63.69 @ ep 71)  [2.4s]
  ep  84: loss=0.3195  test_acc=62.85%  (best 63.69 @ ep 71)  [2.4s]
  ep  85: loss=0.3105  test_acc=61.39%  (best 63.69 @ ep 71)  [2.5s]
  ep  86: loss=0.2912  test_acc=61.07%  (best 63.69 @ ep 71)  [2.3s]
  ep  87: loss=0.3061  test_acc=61.10%  (best 63.69 @ ep 71)  [2.5s]
  ep  88: loss=0.2678  test_acc=62.36%  (best 63.69 @ ep 71)  [2.4s]
  ep  89: loss=0.2592  test_acc=62.54%  (best 63.69 @ ep 71)  [2.4s]
  ep  90: loss=0.2564  test_acc=59.62%  (best 63.69 @ ep 71)  [2.4s]
  ep  91: loss=0.2393  test_acc=60.30%  (best 63.69 @ ep 71)  [2.6s]
  ep  92: loss=0.2266  test_acc=61.36%  (best 63.69 @ ep 71)  [2.5s]
  ep  93: loss=0.2301  test_acc=60.90%  (best 63.69 @ ep 71)  [2.3s]
  ep  94: loss=0.2244  test_acc=62.57%  (best 63.69 @ ep 71)  [2.3s]
  ep  95: loss=0.2254  test_acc=61.68%  (best 63.69 @ ep 71)  [2.3s]
  ep  96: loss=0.2159  test_acc=61.00%  (best 63.69 @ ep 71)  [2.3s]
  ep  97: loss=0.2160  test_acc=61.80%  (best 63.69 @ ep 71)  [2.4s]
  ep  98: loss=0.2109  test_acc=60.86%  (best 63.69 @ ep 71)  [2.5s]
  ep  99: loss=0.2109  test_acc=60.58%  (best 63.69 @ ep 71)  [2.6s]

saved /path/to/ciln-workspace/journal_edition/robustness_transfer/results_v3/erm/ours__fog_sev3__seed1.json: best 63.69% @ ep 71
