/path/to/ciln-workspace/venv/lib/python3.12/site-packages/torchvision/datasets/cifar.py:83: VisibleDeprecationWarning: dtype(): align should be passed as Python or NumPy boolean but got `align=0`. Did you mean to pass a tuple to create a subarray type? (Deprecated NumPy 2.4)
  entry = pickle.load(f, encoding="latin1")
condition=ours__elastic_transform_sev3 seed=2 gpu=1
  ep   0: loss=1.7404  test_acc=22.39%  (best 22.39 @ ep 0)  [3.1s]
  ep   1: loss=1.5168  test_acc=32.28%  (best 32.28 @ ep 1)  [2.4s]
  ep   2: loss=1.2453  test_acc=39.92%  (best 39.92 @ ep 2)  [2.4s]
  ep   3: loss=1.0948  test_acc=25.47%  (best 39.92 @ ep 2)  [2.3s]
  ep   4: loss=1.1855  test_acc=47.38%  (best 47.38 @ ep 4)  [2.3s]
  ep   5: loss=0.9260  test_acc=43.44%  (best 47.38 @ ep 4)  [2.3s]
  ep   6: loss=0.9690  test_acc=49.30%  (best 49.30 @ ep 6)  [2.3s]
  ep   7: loss=0.8445  test_acc=55.55%  (best 55.55 @ ep 7)  [2.4s]
  ep   8: loss=0.7771  test_acc=53.31%  (best 55.55 @ ep 7)  [2.4s]
  ep   9: loss=0.7790  test_acc=54.40%  (best 55.55 @ ep 7)  [2.5s]
  ep  10: loss=0.8011  test_acc=50.51%  (best 55.55 @ ep 7)  [2.5s]
  ep  11: loss=0.7437  test_acc=51.49%  (best 55.55 @ ep 7)  [2.3s]
  ep  12: loss=0.7555  test_acc=46.96%  (best 55.55 @ ep 7)  [2.5s]
  ep  13: loss=0.7066  test_acc=62.17%  (best 62.17 @ ep 13)  [2.4s]
  ep  14: loss=0.6653  test_acc=55.75%  (best 62.17 @ ep 13)  [2.3s]
  ep  15: loss=0.6662  test_acc=59.92%  (best 62.17 @ ep 13)  [2.4s]
  ep  16: loss=0.6930  test_acc=59.51%  (best 62.17 @ ep 13)  [2.4s]
  ep  17: loss=0.6787  test_acc=49.72%  (best 62.17 @ ep 13)  [2.3s]
  ep  18: loss=0.7372  test_acc=55.01%  (best 62.17 @ ep 13)  [2.6s]
  ep  19: loss=0.6551  test_acc=49.42%  (best 62.17 @ ep 13)  [2.3s]
  ep  20: loss=0.6285  test_acc=62.26%  (best 62.26 @ ep 20)  [2.3s]
  ep  21: loss=0.6162  test_acc=58.81%  (best 62.26 @ ep 20)  [2.5s]
  ep  22: loss=0.6040  test_acc=61.31%  (best 62.26 @ ep 20)  [2.3s]
  ep  23: loss=0.6421  test_acc=63.93%  (best 63.93 @ ep 23)  [5.4s]
  ep  24: loss=0.6137  test_acc=63.80%  (best 63.93 @ ep 23)  [6.0s]
  ep  25: loss=0.5606  test_acc=56.02%  (best 63.93 @ ep 23)  [5.3s]
  ep  26: loss=0.6365  test_acc=63.66%  (best 63.93 @ ep 23)  [6.7s]
  ep  27: loss=0.6395  test_acc=58.81%  (best 63.93 @ ep 23)  [2.3s]
  ep  28: loss=0.5833  test_acc=62.78%  (best 63.93 @ ep 23)  [2.3s]
  ep  29: loss=0.5891  test_acc=65.17%  (best 65.17 @ ep 29)  [2.4s]
  ep  30: loss=0.5458  test_acc=63.65%  (best 65.17 @ ep 29)  [2.2s]
  ep  31: loss=0.5685  test_acc=55.83%  (best 65.17 @ ep 29)  [2.3s]
  ep  32: loss=0.5380  test_acc=61.02%  (best 65.17 @ ep 29)  [2.3s]
  ep  33: loss=0.5131  test_acc=63.45%  (best 65.17 @ ep 29)  [2.5s]
  ep  34: loss=0.5270  test_acc=60.26%  (best 65.17 @ ep 29)  [2.5s]
  ep  35: loss=0.5857  test_acc=56.54%  (best 65.17 @ ep 29)  [2.3s]
  ep  36: loss=0.5336  test_acc=65.12%  (best 65.17 @ ep 29)  [2.3s]
  ep  37: loss=0.5355  test_acc=62.67%  (best 65.17 @ ep 29)  [2.4s]
  ep  38: loss=0.5306  test_acc=63.16%  (best 65.17 @ ep 29)  [2.3s]
  ep  39: loss=0.5439  test_acc=58.16%  (best 65.17 @ ep 29)  [2.4s]
  ep  40: loss=0.5799  test_acc=64.11%  (best 65.17 @ ep 29)  [2.3s]
  ep  41: loss=0.5364  test_acc=66.63%  (best 66.63 @ ep 41)  [2.5s]
  ep  42: loss=0.5451  test_acc=63.19%  (best 66.63 @ ep 41)  [2.6s]
  ep  43: loss=0.4987  test_acc=61.47%  (best 66.63 @ ep 41)  [2.4s]
  ep  44: loss=0.5298  test_acc=66.79%  (best 66.79 @ ep 44)  [2.4s]
  ep  45: loss=0.4943  test_acc=65.89%  (best 66.79 @ ep 44)  [2.5s]
  ep  46: loss=0.4576  test_acc=63.28%  (best 66.79 @ ep 44)  [2.4s]
  ep  47: loss=0.5117  test_acc=69.09%  (best 69.09 @ ep 47)  [2.3s]
  ep  48: loss=0.4644  test_acc=65.26%  (best 69.09 @ ep 47)  [2.5s]
  ep  49: loss=0.4873  test_acc=61.97%  (best 69.09 @ ep 47)  [2.3s]
  ep  50: loss=0.6109  test_acc=60.12%  (best 69.09 @ ep 47)  [2.4s]
  ep  51: loss=0.5648  test_acc=61.04%  (best 69.09 @ ep 47)  [2.4s]
  ep  52: loss=0.5187  test_acc=68.67%  (best 69.09 @ ep 47)  [2.3s]
  ep  53: loss=0.4687  test_acc=69.22%  (best 69.22 @ ep 53)  [4.0s]
  ep  54: loss=0.4403  test_acc=64.38%  (best 69.22 @ ep 53)  [2.3s]
  ep  55: loss=0.4227  test_acc=65.31%  (best 69.22 @ ep 53)  [2.3s]
  ep  56: loss=0.5279  test_acc=66.43%  (best 69.22 @ ep 53)  [2.3s]
  ep  57: loss=0.4434  test_acc=65.32%  (best 69.22 @ ep 53)  [2.5s]
  ep  58: loss=0.4301  test_acc=68.37%  (best 69.22 @ ep 53)  [2.4s]
  ep  59: loss=0.4253  test_acc=65.04%  (best 69.22 @ ep 53)  [2.4s]
  ep  60: loss=0.4110  test_acc=69.70%  (best 69.70 @ ep 60)  [2.3s]
  ep  61: loss=0.3970  test_acc=68.47%  (best 69.70 @ ep 60)  [2.3s]
  ep  62: loss=0.3888  test_acc=62.23%  (best 69.70 @ ep 60)  [2.4s]
  ep  63: loss=0.5042  test_acc=69.10%  (best 69.70 @ ep 60)  [2.4s]
  ep  64: loss=0.4022  test_acc=66.25%  (best 69.70 @ ep 60)  [2.3s]
  ep  65: loss=0.3689  test_acc=69.52%  (best 69.70 @ ep 60)  [2.3s]
  ep  66: loss=0.3736  test_acc=69.47%  (best 69.70 @ ep 60)  [2.3s]
  ep  67: loss=0.3509  test_acc=66.42%  (best 69.70 @ ep 60)  [2.3s]
  ep  68: loss=0.4789  test_acc=65.70%  (best 69.70 @ ep 60)  [2.4s]
  ep  69: loss=0.3763  test_acc=66.76%  (best 69.70 @ ep 60)  [2.5s]
  ep  70: loss=0.3376  test_acc=66.83%  (best 69.70 @ ep 60)  [2.4s]
  ep  71: loss=0.3468  test_acc=67.90%  (best 69.70 @ ep 60)  [2.4s]
  ep  72: loss=0.3124  test_acc=67.15%  (best 69.70 @ ep 60)  [2.5s]
  ep  73: loss=0.3268  test_acc=69.28%  (best 69.70 @ ep 60)  [2.4s]
  ep  74: loss=0.3204  test_acc=67.23%  (best 69.70 @ ep 60)  [2.4s]
  ep  75: loss=0.2914  test_acc=68.67%  (best 69.70 @ ep 60)  [2.4s]
  ep  76: loss=0.2982  test_acc=69.35%  (best 69.70 @ ep 60)  [2.3s]
  ep  77: loss=0.2716  test_acc=68.42%  (best 69.70 @ ep 60)  [2.6s]
  ep  78: loss=0.2739  test_acc=67.98%  (best 69.70 @ ep 60)  [2.3s]
  ep  79: loss=0.2439  test_acc=69.10%  (best 69.70 @ ep 60)  [2.5s]
  ep  80: loss=0.2721  test_acc=69.49%  (best 69.70 @ ep 60)  [5.4s]
  ep  81: loss=0.2303  test_acc=67.85%  (best 69.70 @ ep 60)  [2.4s]
  ep  82: loss=0.2266  test_acc=68.38%  (best 69.70 @ ep 60)  [2.3s]
  ep  83: loss=0.2068  test_acc=68.37%  (best 69.70 @ ep 60)  [2.4s]
  ep  84: loss=0.2054  test_acc=69.83%  (best 69.83 @ ep 84)  [2.5s]
  ep  85: loss=0.2071  test_acc=69.27%  (best 69.83 @ ep 84)  [2.5s]
  ep  86: loss=0.2134  test_acc=69.13%  (best 69.83 @ ep 84)  [2.4s]
  ep  87: loss=0.1895  test_acc=68.66%  (best 69.83 @ ep 84)  [2.4s]
  ep  88: loss=0.1745  test_acc=69.57%  (best 69.83 @ ep 84)  [2.5s]
  ep  89: loss=0.1765  test_acc=69.37%  (best 69.83 @ ep 84)  [2.6s]
  ep  90: loss=0.1647  test_acc=69.03%  (best 69.83 @ ep 84)  [2.4s]
  ep  91: loss=0.1652  test_acc=69.12%  (best 69.83 @ ep 84)  [2.4s]
  ep  92: loss=0.1608  test_acc=68.70%  (best 69.83 @ ep 84)  [2.4s]
  ep  93: loss=0.1619  test_acc=69.00%  (best 69.83 @ ep 84)  [2.3s]
  ep  94: loss=0.1591  test_acc=68.67%  (best 69.83 @ ep 84)  [2.3s]
  ep  95: loss=0.1557  test_acc=69.03%  (best 69.83 @ ep 84)  [2.4s]
  ep  96: loss=0.1523  test_acc=69.95%  (best 69.95 @ ep 96)  [2.3s]
  ep  97: loss=0.1491  test_acc=69.21%  (best 69.95 @ ep 96)  [2.3s]
  ep  98: loss=0.1511  test_acc=68.57%  (best 69.95 @ ep 96)  [2.4s]
  ep  99: loss=0.1466  test_acc=69.14%  (best 69.95 @ ep 96)  [2.3s]

saved /path/to/ciln-workspace/journal_edition/robustness_transfer/results_v3/erm/ours__elastic_transform_sev3__seed2.json: best 69.95% @ ep 96
