/path/to/ciln-workspace/venv/lib/python3.12/site-packages/torchvision/datasets/cifar.py:83: VisibleDeprecationWarning: dtype(): align should be passed as Python or NumPy boolean but got `align=0`. Did you mean to pass a tuple to create a subarray type? (Deprecated NumPy 2.4)
  entry = pickle.load(f, encoding="latin1")
condition=ours__impulse_noise_sev3 seed=0 gpu=2
  ep   0: loss=1.8245  test_acc=23.15%  (best 23.15 @ ep 0)  [3.2s]
  ep   1: loss=1.6322  test_acc=20.57%  (best 23.15 @ ep 0)  [2.4s]
  ep   2: loss=1.6442  test_acc=25.97%  (best 25.97 @ ep 2)  [2.2s]
  ep   3: loss=1.4632  test_acc=33.17%  (best 33.17 @ ep 3)  [2.3s]
  ep   4: loss=1.3933  test_acc=39.23%  (best 39.23 @ ep 4)  [2.3s]
  ep   5: loss=1.3495  test_acc=41.03%  (best 41.03 @ ep 5)  [2.2s]
  ep   6: loss=1.2237  test_acc=40.42%  (best 41.03 @ ep 5)  [2.6s]
  ep   7: loss=1.2171  test_acc=44.03%  (best 44.03 @ ep 7)  [2.4s]
  ep   8: loss=1.1807  test_acc=43.96%  (best 44.03 @ ep 7)  [2.4s]
  ep   9: loss=1.0867  test_acc=47.29%  (best 47.29 @ ep 9)  [2.4s]
  ep  10: loss=1.0768  test_acc=49.28%  (best 49.28 @ ep 10)  [2.3s]
  ep  11: loss=1.0494  test_acc=50.54%  (best 50.54 @ ep 11)  [2.4s]
  ep  12: loss=1.0261  test_acc=49.87%  (best 50.54 @ ep 11)  [2.5s]
  ep  13: loss=1.0230  test_acc=51.74%  (best 51.74 @ ep 13)  [2.5s]
  ep  14: loss=0.9825  test_acc=44.82%  (best 51.74 @ ep 13)  [2.4s]
  ep  15: loss=0.9884  test_acc=50.47%  (best 51.74 @ ep 13)  [2.3s]
  ep  16: loss=0.9348  test_acc=47.27%  (best 51.74 @ ep 13)  [2.3s]
  ep  17: loss=1.0520  test_acc=38.19%  (best 51.74 @ ep 13)  [2.3s]
  ep  18: loss=0.9654  test_acc=50.24%  (best 51.74 @ ep 13)  [2.3s]
  ep  19: loss=0.9359  test_acc=53.61%  (best 53.61 @ ep 19)  [2.3s]
  ep  20: loss=0.9136  test_acc=56.12%  (best 56.12 @ ep 20)  [4.4s]
  ep  21: loss=0.8967  test_acc=54.20%  (best 56.12 @ ep 20)  [4.6s]
  ep  22: loss=0.8857  test_acc=56.20%  (best 56.20 @ ep 22)  [5.1s]
  ep  23: loss=0.9445  test_acc=45.42%  (best 56.20 @ ep 22)  [5.4s]
  ep  24: loss=0.9668  test_acc=51.87%  (best 56.20 @ ep 22)  [2.7s]
  ep  25: loss=0.8824  test_acc=50.64%  (best 56.20 @ ep 22)  [2.3s]
  ep  26: loss=1.0053  test_acc=51.40%  (best 56.20 @ ep 22)  [2.2s]
  ep  27: loss=0.8922  test_acc=57.84%  (best 57.84 @ ep 27)  [2.3s]
  ep  28: loss=0.8653  test_acc=51.13%  (best 57.84 @ ep 27)  [2.3s]
  ep  29: loss=0.8352  test_acc=58.60%  (best 58.60 @ ep 29)  [2.3s]
  ep  30: loss=0.8914  test_acc=60.61%  (best 60.61 @ ep 30)  [2.5s]
  ep  31: loss=0.8551  test_acc=54.61%  (best 60.61 @ ep 30)  [2.4s]
  ep  32: loss=0.8561  test_acc=54.61%  (best 60.61 @ ep 30)  [2.4s]
  ep  33: loss=0.9081  test_acc=60.55%  (best 60.61 @ ep 30)  [2.3s]
  ep  34: loss=0.8383  test_acc=58.26%  (best 60.61 @ ep 30)  [2.5s]
  ep  35: loss=0.8316  test_acc=59.25%  (best 60.61 @ ep 30)  [2.2s]
  ep  36: loss=0.7954  test_acc=57.41%  (best 60.61 @ ep 30)  [2.4s]
  ep  37: loss=0.7896  test_acc=59.63%  (best 60.61 @ ep 30)  [2.5s]
  ep  38: loss=0.8210  test_acc=54.44%  (best 60.61 @ ep 30)  [2.4s]
  ep  39: loss=0.8727  test_acc=58.86%  (best 60.61 @ ep 30)  [2.3s]
  ep  40: loss=0.7975  test_acc=52.90%  (best 60.61 @ ep 30)  [2.3s]
  ep  41: loss=0.9256  test_acc=56.64%  (best 60.61 @ ep 30)  [2.5s]
  ep  42: loss=0.8640  test_acc=61.00%  (best 61.00 @ ep 42)  [2.3s]
  ep  43: loss=0.7745  test_acc=57.73%  (best 61.00 @ ep 42)  [2.4s]
  ep  44: loss=0.7856  test_acc=59.68%  (best 61.00 @ ep 42)  [2.3s]
  ep  45: loss=0.7783  test_acc=61.78%  (best 61.78 @ ep 45)  [2.4s]
  ep  46: loss=0.7518  test_acc=54.61%  (best 61.78 @ ep 45)  [2.4s]
  ep  47: loss=0.8157  test_acc=59.60%  (best 61.78 @ ep 45)  [2.3s]
  ep  48: loss=0.7500  test_acc=55.69%  (best 61.78 @ ep 45)  [2.3s]
  ep  49: loss=0.7206  test_acc=59.56%  (best 61.78 @ ep 45)  [2.6s]
  ep  50: loss=0.7894  test_acc=61.12%  (best 61.78 @ ep 45)  [3.5s]
  ep  51: loss=0.7663  test_acc=61.33%  (best 61.78 @ ep 45)  [4.6s]
  ep  52: loss=0.7017  test_acc=60.90%  (best 61.78 @ ep 45)  [4.3s]
  ep  53: loss=0.7257  test_acc=59.91%  (best 61.78 @ ep 45)  [2.4s]
  ep  54: loss=0.7770  test_acc=58.86%  (best 61.78 @ ep 45)  [2.3s]
  ep  55: loss=0.7099  test_acc=62.00%  (best 62.00 @ ep 55)  [2.4s]
  ep  56: loss=0.7136  test_acc=51.98%  (best 62.00 @ ep 55)  [2.4s]
  ep  57: loss=0.9342  test_acc=55.43%  (best 62.00 @ ep 55)  [2.3s]
  ep  58: loss=0.8129  test_acc=58.92%  (best 62.00 @ ep 55)  [2.4s]
  ep  59: loss=0.8026  test_acc=48.15%  (best 62.00 @ ep 55)  [2.3s]
  ep  60: loss=0.9279  test_acc=60.21%  (best 62.00 @ ep 55)  [2.4s]
  ep  61: loss=0.7777  test_acc=61.25%  (best 62.00 @ ep 55)  [2.4s]
  ep  62: loss=0.7338  test_acc=58.80%  (best 62.00 @ ep 55)  [2.3s]
  ep  63: loss=0.7130  test_acc=62.06%  (best 62.06 @ ep 63)  [2.3s]
  ep  64: loss=0.7214  test_acc=61.77%  (best 62.06 @ ep 63)  [2.3s]
  ep  65: loss=0.7427  test_acc=61.02%  (best 62.06 @ ep 63)  [2.5s]
  ep  66: loss=0.6788  test_acc=59.25%  (best 62.06 @ ep 63)  [2.3s]
  ep  67: loss=0.6612  test_acc=57.99%  (best 62.06 @ ep 63)  [2.3s]
  ep  68: loss=0.7027  test_acc=61.77%  (best 62.06 @ ep 63)  [2.4s]
  ep  69: loss=0.6509  test_acc=63.41%  (best 63.41 @ ep 69)  [2.5s]
  ep  70: loss=0.6444  test_acc=62.72%  (best 63.41 @ ep 69)  [2.4s]
  ep  71: loss=0.6334  test_acc=60.70%  (best 63.41 @ ep 69)  [2.3s]
  ep  72: loss=0.6588  test_acc=62.59%  (best 63.41 @ ep 69)  [2.4s]
  ep  73: loss=0.6313  test_acc=57.37%  (best 63.41 @ ep 69)  [2.2s]
  ep  74: loss=0.6067  test_acc=63.05%  (best 63.41 @ ep 69)  [2.4s]
  ep  75: loss=0.5989  test_acc=59.51%  (best 63.41 @ ep 69)  [2.3s]
  ep  76: loss=0.5985  test_acc=60.88%  (best 63.41 @ ep 69)  [2.4s]
  ep  77: loss=0.5885  test_acc=59.35%  (best 63.41 @ ep 69)  [2.3s]
  ep  78: loss=0.5970  test_acc=61.35%  (best 63.41 @ ep 69)  [2.4s]
  ep  79: loss=0.5673  test_acc=62.53%  (best 63.41 @ ep 69)  [2.8s]
  ep  80: loss=0.5347  test_acc=59.68%  (best 63.41 @ ep 69)  [4.5s]
  ep  81: loss=0.5181  test_acc=61.71%  (best 63.41 @ ep 69)  [5.6s]
  ep  82: loss=0.5034  test_acc=61.64%  (best 63.41 @ ep 69)  [4.9s]
  ep  83: loss=0.4994  test_acc=60.08%  (best 63.41 @ ep 69)  [4.4s]
  ep  84: loss=0.4878  test_acc=60.72%  (best 63.41 @ ep 69)  [2.3s]
  ep  85: loss=0.4860  test_acc=59.23%  (best 63.41 @ ep 69)  [2.3s]
  ep  86: loss=0.5026  test_acc=60.57%  (best 63.41 @ ep 69)  [2.4s]
  ep  87: loss=0.4621  test_acc=60.28%  (best 63.41 @ ep 69)  [2.3s]
  ep  88: loss=0.4614  test_acc=61.51%  (best 63.41 @ ep 69)  [2.3s]
  ep  89: loss=0.4447  test_acc=59.91%  (best 63.41 @ ep 69)  [2.2s]
  ep  90: loss=0.4468  test_acc=60.76%  (best 63.41 @ ep 69)  [2.3s]
  ep  91: loss=0.4358  test_acc=60.14%  (best 63.41 @ ep 69)  [2.3s]
  ep  92: loss=0.4208  test_acc=59.23%  (best 63.41 @ ep 69)  [2.2s]
  ep  93: loss=0.4105  test_acc=60.82%  (best 63.41 @ ep 69)  [2.2s]
  ep  94: loss=0.4157  test_acc=59.57%  (best 63.41 @ ep 69)  [2.3s]
  ep  95: loss=0.4130  test_acc=59.58%  (best 63.41 @ ep 69)  [2.5s]
  ep  96: loss=0.4066  test_acc=60.07%  (best 63.41 @ ep 69)  [2.3s]
  ep  97: loss=0.4009  test_acc=59.89%  (best 63.41 @ ep 69)  [2.2s]
  ep  98: loss=0.4011  test_acc=60.24%  (best 63.41 @ ep 69)  [2.2s]
  ep  99: loss=0.3997  test_acc=60.08%  (best 63.41 @ ep 69)  [2.3s]

saved /path/to/ciln-workspace/journal_edition/robustness_transfer/results_v3/erm/ours__impulse_noise_sev3__seed0.json: best 63.41% @ ep 69
