/path/to/ciln-workspace/venv/lib/python3.12/site-packages/torchvision/datasets/cifar.py:83: VisibleDeprecationWarning: dtype(): align should be passed as Python or NumPy boolean but got `align=0`. Did you mean to pass a tuple to create a subarray type? (Deprecated NumPy 2.4)
  entry = pickle.load(f, encoding="latin1")
condition=ours__impulse_noise_sev5 seed=2 gpu=2
  ep   0: loss=1.8761  test_acc=22.10%  (best 22.10 @ ep 0)  [3.1s]
  ep   1: loss=1.7385  test_acc=15.67%  (best 22.10 @ ep 0)  [2.4s]
  ep   2: loss=1.6213  test_acc=28.43%  (best 28.43 @ ep 2)  [2.3s]
  ep   3: loss=1.5593  test_acc=27.43%  (best 28.43 @ ep 2)  [2.5s]
  ep   4: loss=1.5708  test_acc=31.46%  (best 31.46 @ ep 4)  [2.5s]
  ep   5: loss=1.4972  test_acc=27.55%  (best 31.46 @ ep 4)  [2.3s]
  ep   6: loss=1.4689  test_acc=31.31%  (best 31.46 @ ep 4)  [2.3s]
  ep   7: loss=1.4574  test_acc=26.51%  (best 31.46 @ ep 4)  [2.6s]
  ep   8: loss=1.4478  test_acc=32.49%  (best 32.49 @ ep 8)  [2.5s]
  ep   9: loss=1.5552  test_acc=32.14%  (best 32.49 @ ep 8)  [3.0s]
  ep  10: loss=1.4567  test_acc=27.82%  (best 32.49 @ ep 8)  [6.2s]
  ep  11: loss=1.4322  test_acc=35.38%  (best 35.38 @ ep 11)  [5.4s]
  ep  12: loss=1.4537  test_acc=32.98%  (best 35.38 @ ep 11)  [6.3s]
  ep  13: loss=1.4111  test_acc=33.47%  (best 35.38 @ ep 11)  [6.6s]
  ep  14: loss=1.3877  test_acc=36.60%  (best 36.60 @ ep 14)  [6.1s]
  ep  15: loss=1.3937  test_acc=32.60%  (best 36.60 @ ep 14)  [2.4s]
  ep  16: loss=1.4168  test_acc=33.52%  (best 36.60 @ ep 14)  [2.5s]
  ep  17: loss=1.4094  test_acc=31.80%  (best 36.60 @ ep 14)  [2.6s]
  ep  18: loss=1.3689  test_acc=41.56%  (best 41.56 @ ep 18)  [2.4s]
  ep  19: loss=1.3781  test_acc=36.88%  (best 41.56 @ ep 18)  [2.5s]
  ep  20: loss=1.3409  test_acc=39.58%  (best 41.56 @ ep 18)  [2.4s]
  ep  21: loss=1.3156  test_acc=35.30%  (best 41.56 @ ep 18)  [2.4s]
  ep  22: loss=1.3399  test_acc=35.93%  (best 41.56 @ ep 18)  [2.3s]
  ep  23: loss=1.3407  test_acc=32.63%  (best 41.56 @ ep 18)  [2.4s]
  ep  24: loss=1.3017  test_acc=35.87%  (best 41.56 @ ep 18)  [2.5s]
  ep  25: loss=1.3015  test_acc=36.65%  (best 41.56 @ ep 18)  [2.4s]
  ep  26: loss=1.3351  test_acc=38.41%  (best 41.56 @ ep 18)  [2.3s]
  ep  27: loss=1.3022  test_acc=37.50%  (best 41.56 @ ep 18)  [2.4s]
  ep  28: loss=1.3160  test_acc=39.92%  (best 41.56 @ ep 18)  [2.4s]
  ep  29: loss=1.3700  test_acc=33.88%  (best 41.56 @ ep 18)  [2.3s]
  ep  30: loss=1.3311  test_acc=32.17%  (best 41.56 @ ep 18)  [2.4s]
  ep  31: loss=1.3046  test_acc=32.43%  (best 41.56 @ ep 18)  [2.4s]
  ep  32: loss=1.3030  test_acc=36.52%  (best 41.56 @ ep 18)  [2.3s]
  ep  33: loss=1.2861  test_acc=36.99%  (best 41.56 @ ep 18)  [2.3s]
  ep  34: loss=1.2641  test_acc=37.51%  (best 41.56 @ ep 18)  [2.4s]
  ep  35: loss=1.2798  test_acc=40.05%  (best 41.56 @ ep 18)  [2.4s]
  ep  36: loss=1.3061  test_acc=38.76%  (best 41.56 @ ep 18)  [2.5s]
  ep  37: loss=1.2583  test_acc=39.47%  (best 41.56 @ ep 18)  [2.5s]
  ep  38: loss=1.2632  test_acc=37.63%  (best 41.56 @ ep 18)  [2.5s]
  ep  39: loss=1.2807  test_acc=35.33%  (best 41.56 @ ep 18)  [2.4s]
  ep  40: loss=1.2629  test_acc=36.25%  (best 41.56 @ ep 18)  [3.6s]
  ep  41: loss=1.2727  test_acc=38.56%  (best 41.56 @ ep 18)  [7.1s]
  ep  42: loss=1.3018  test_acc=41.12%  (best 41.56 @ ep 18)  [7.9s]
  ep  43: loss=1.2476  test_acc=38.93%  (best 41.56 @ ep 18)  [4.4s]
  ep  44: loss=1.2320  test_acc=39.90%  (best 41.56 @ ep 18)  [2.5s]
  ep  45: loss=1.2253  test_acc=42.67%  (best 42.67 @ ep 45)  [2.4s]
  ep  46: loss=1.2526  test_acc=36.01%  (best 42.67 @ ep 45)  [2.3s]
  ep  47: loss=1.2390  test_acc=38.16%  (best 42.67 @ ep 45)  [2.3s]
  ep  48: loss=1.2249  test_acc=44.35%  (best 44.35 @ ep 48)  [2.4s]
  ep  49: loss=1.2366  test_acc=40.81%  (best 44.35 @ ep 48)  [2.4s]
  ep  50: loss=1.2582  test_acc=42.58%  (best 44.35 @ ep 48)  [2.4s]
  ep  51: loss=1.2117  test_acc=42.93%  (best 44.35 @ ep 48)  [2.4s]
  ep  52: loss=1.2120  test_acc=42.70%  (best 44.35 @ ep 48)  [2.5s]
  ep  53: loss=1.1855  test_acc=41.58%  (best 44.35 @ ep 48)  [2.3s]
  ep  54: loss=1.2049  test_acc=39.56%  (best 44.35 @ ep 48)  [2.4s]
  ep  55: loss=1.1730  test_acc=37.97%  (best 44.35 @ ep 48)  [2.3s]
  ep  56: loss=1.1828  test_acc=36.91%  (best 44.35 @ ep 48)  [2.4s]
  ep  57: loss=1.1638  test_acc=35.92%  (best 44.35 @ ep 48)  [2.4s]
  ep  58: loss=1.1586  test_acc=39.20%  (best 44.35 @ ep 48)  [2.4s]
  ep  59: loss=1.1456  test_acc=43.06%  (best 44.35 @ ep 48)  [2.4s]
  ep  60: loss=1.1719  test_acc=43.02%  (best 44.35 @ ep 48)  [2.5s]
  ep  61: loss=1.2238  test_acc=38.27%  (best 44.35 @ ep 48)  [2.3s]
  ep  62: loss=1.1885  test_acc=42.01%  (best 44.35 @ ep 48)  [2.4s]
  ep  63: loss=1.1468  test_acc=38.74%  (best 44.35 @ ep 48)  [2.7s]
  ep  64: loss=1.1714  test_acc=42.40%  (best 44.35 @ ep 48)  [2.6s]
  ep  65: loss=1.1576  test_acc=37.28%  (best 44.35 @ ep 48)  [2.4s]
  ep  66: loss=1.1861  test_acc=40.20%  (best 44.35 @ ep 48)  [2.3s]
  ep  67: loss=1.1346  test_acc=41.28%  (best 44.35 @ ep 48)  [2.3s]
  ep  68: loss=1.1809  test_acc=40.25%  (best 44.35 @ ep 48)  [2.4s]
  ep  69: loss=1.1190  test_acc=42.59%  (best 44.35 @ ep 48)  [4.2s]
  ep  70: loss=1.1062  test_acc=43.04%  (best 44.35 @ ep 48)  [8.7s]
  ep  71: loss=1.0988  test_acc=39.85%  (best 44.35 @ ep 48)  [2.5s]
  ep  72: loss=1.0669  test_acc=40.61%  (best 44.35 @ ep 48)  [2.5s]
  ep  73: loss=1.0796  test_acc=42.08%  (best 44.35 @ ep 48)  [2.4s]
  ep  74: loss=1.0527  test_acc=41.35%  (best 44.35 @ ep 48)  [2.6s]
  ep  75: loss=1.0761  test_acc=44.06%  (best 44.35 @ ep 48)  [2.3s]
  ep  76: loss=1.0401  test_acc=41.32%  (best 44.35 @ ep 48)  [2.5s]
  ep  77: loss=1.0308  test_acc=43.52%  (best 44.35 @ ep 48)  [2.5s]
  ep  78: loss=1.0146  test_acc=39.15%  (best 44.35 @ ep 48)  [2.4s]
  ep  79: loss=0.9927  test_acc=41.92%  (best 44.35 @ ep 48)  [2.5s]
  ep  80: loss=0.9817  test_acc=40.65%  (best 44.35 @ ep 48)  [2.5s]
  ep  81: loss=0.9559  test_acc=41.19%  (best 44.35 @ ep 48)  [2.3s]
  ep  82: loss=0.9571  test_acc=40.48%  (best 44.35 @ ep 48)  [2.4s]
  ep  83: loss=0.9288  test_acc=41.95%  (best 44.35 @ ep 48)  [2.3s]
  ep  84: loss=0.9157  test_acc=40.98%  (best 44.35 @ ep 48)  [2.6s]
  ep  85: loss=0.9548  test_acc=41.58%  (best 44.35 @ ep 48)  [2.4s]
  ep  86: loss=0.9290  test_acc=41.48%  (best 44.35 @ ep 48)  [2.7s]
  ep  87: loss=0.8884  test_acc=41.14%  (best 44.35 @ ep 48)  [2.5s]
  ep  88: loss=0.8676  test_acc=41.38%  (best 44.35 @ ep 48)  [2.5s]
  ep  89: loss=0.8606  test_acc=40.12%  (best 44.35 @ ep 48)  [2.5s]
  ep  90: loss=0.8496  test_acc=40.52%  (best 44.35 @ ep 48)  [2.5s]
  ep  91: loss=0.8397  test_acc=40.03%  (best 44.35 @ ep 48)  [2.3s]
  ep  92: loss=0.8265  test_acc=40.91%  (best 44.35 @ ep 48)  [2.3s]
  ep  93: loss=0.8164  test_acc=40.47%  (best 44.35 @ ep 48)  [2.4s]
  ep  94: loss=0.8131  test_acc=39.63%  (best 44.35 @ ep 48)  [2.3s]
  ep  95: loss=0.7997  test_acc=40.30%  (best 44.35 @ ep 48)  [2.4s]
  ep  96: loss=0.7920  test_acc=40.01%  (best 44.35 @ ep 48)  [4.9s]
  ep  97: loss=0.7946  test_acc=38.98%  (best 44.35 @ ep 48)  [6.0s]
  ep  98: loss=0.7896  test_acc=40.02%  (best 44.35 @ ep 48)  [5.4s]
  ep  99: loss=0.7894  test_acc=40.19%  (best 44.35 @ ep 48)  [5.7s]

saved /path/to/ciln-workspace/journal_edition/robustness_transfer/results_v3/erm/ours__impulse_noise_sev5__seed2.json: best 44.35% @ ep 48
