/path/to/ciln-workspace/venv/lib/python3.12/site-packages/torchvision/datasets/cifar.py:83: VisibleDeprecationWarning: dtype(): align should be passed as Python or NumPy boolean but got `align=0`. Did you mean to pass a tuple to create a subarray type? (Deprecated NumPy 2.4)
  entry = pickle.load(f, encoding="latin1")
condition=ours__impulse_noise_sev5 seed=0 gpu=2
  ep   0: loss=1.8411  test_acc=21.97%  (best 21.97 @ ep 0)  [3.2s]
  ep   1: loss=1.6967  test_acc=20.66%  (best 21.97 @ ep 0)  [2.5s]
  ep   2: loss=1.6268  test_acc=19.64%  (best 21.97 @ ep 0)  [2.3s]
  ep   3: loss=1.5706  test_acc=25.20%  (best 25.20 @ ep 3)  [2.5s]
  ep   4: loss=1.5281  test_acc=30.13%  (best 30.13 @ ep 4)  [2.4s]
  ep   5: loss=1.5852  test_acc=30.15%  (best 30.15 @ ep 5)  [2.5s]
  ep   6: loss=1.4765  test_acc=27.29%  (best 30.15 @ ep 5)  [2.5s]
  ep   7: loss=1.5542  test_acc=33.26%  (best 33.26 @ ep 7)  [2.4s]
  ep   8: loss=1.4701  test_acc=32.01%  (best 33.26 @ ep 7)  [2.5s]
  ep   9: loss=1.4475  test_acc=31.91%  (best 33.26 @ ep 7)  [3.0s]
  ep  10: loss=1.4491  test_acc=34.42%  (best 34.42 @ ep 10)  [6.2s]
  ep  11: loss=1.4033  test_acc=35.69%  (best 35.69 @ ep 11)  [2.4s]
  ep  12: loss=1.4088  test_acc=34.40%  (best 35.69 @ ep 11)  [2.4s]
  ep  13: loss=1.3960  test_acc=38.35%  (best 38.35 @ ep 13)  [2.3s]
  ep  14: loss=1.4080  test_acc=40.03%  (best 40.03 @ ep 14)  [2.4s]
  ep  15: loss=1.3906  test_acc=31.28%  (best 40.03 @ ep 14)  [2.4s]
  ep  16: loss=1.3768  test_acc=37.36%  (best 40.03 @ ep 14)  [2.4s]
  ep  17: loss=1.3462  test_acc=36.60%  (best 40.03 @ ep 14)  [2.4s]
  ep  18: loss=1.3962  test_acc=31.84%  (best 40.03 @ ep 14)  [2.4s]
  ep  19: loss=1.3424  test_acc=37.61%  (best 40.03 @ ep 14)  [2.3s]
  ep  20: loss=1.3222  test_acc=34.47%  (best 40.03 @ ep 14)  [2.3s]
  ep  21: loss=1.3087  test_acc=38.98%  (best 40.03 @ ep 14)  [2.4s]
  ep  22: loss=1.3185  test_acc=35.04%  (best 40.03 @ ep 14)  [2.6s]
  ep  23: loss=1.2998  test_acc=40.94%  (best 40.94 @ ep 23)  [2.5s]
  ep  24: loss=1.3371  test_acc=39.82%  (best 40.94 @ ep 23)  [2.4s]
  ep  25: loss=1.2850  test_acc=37.50%  (best 40.94 @ ep 23)  [2.6s]
  ep  26: loss=1.3131  test_acc=36.00%  (best 40.94 @ ep 23)  [2.4s]
  ep  27: loss=1.2861  test_acc=39.97%  (best 40.94 @ ep 23)  [2.3s]
  ep  28: loss=1.2707  test_acc=35.62%  (best 40.94 @ ep 23)  [2.4s]
  ep  29: loss=1.3434  test_acc=33.97%  (best 40.94 @ ep 23)  [2.4s]
  ep  30: loss=1.3055  test_acc=37.53%  (best 40.94 @ ep 23)  [2.6s]
  ep  31: loss=1.2793  test_acc=36.36%  (best 40.94 @ ep 23)  [2.5s]
  ep  32: loss=1.2896  test_acc=39.05%  (best 40.94 @ ep 23)  [2.5s]
  ep  33: loss=1.2725  test_acc=36.56%  (best 40.94 @ ep 23)  [2.4s]
  ep  34: loss=1.2508  test_acc=40.59%  (best 40.94 @ ep 23)  [2.4s]
  ep  35: loss=1.2515  test_acc=39.39%  (best 40.94 @ ep 23)  [2.4s]
  ep  36: loss=1.2409  test_acc=32.60%  (best 40.94 @ ep 23)  [3.2s]
  ep  37: loss=1.2634  test_acc=35.18%  (best 40.94 @ ep 23)  [5.0s]
  ep  38: loss=1.2622  test_acc=39.91%  (best 40.94 @ ep 23)  [5.8s]
  ep  39: loss=1.2433  test_acc=43.25%  (best 43.25 @ ep 39)  [5.0s]
  ep  40: loss=1.2224  test_acc=38.62%  (best 43.25 @ ep 39)  [5.1s]
  ep  41: loss=1.2950  test_acc=35.49%  (best 43.25 @ ep 39)  [5.5s]
  ep  42: loss=1.2477  test_acc=44.36%  (best 44.36 @ ep 42)  [4.6s]
  ep  43: loss=1.2519  test_acc=36.47%  (best 44.36 @ ep 42)  [2.3s]
  ep  44: loss=1.2755  test_acc=44.09%  (best 44.36 @ ep 42)  [2.5s]
  ep  45: loss=1.2592  test_acc=38.16%  (best 44.36 @ ep 42)  [2.4s]
  ep  46: loss=1.2143  test_acc=37.81%  (best 44.36 @ ep 42)  [2.3s]
  ep  47: loss=1.2684  test_acc=34.64%  (best 44.36 @ ep 42)  [2.3s]
  ep  48: loss=1.2296  test_acc=38.52%  (best 44.36 @ ep 42)  [2.4s]
  ep  49: loss=1.2055  test_acc=39.71%  (best 44.36 @ ep 42)  [2.4s]
  ep  50: loss=1.1999  test_acc=35.36%  (best 44.36 @ ep 42)  [2.5s]
  ep  51: loss=1.1990  test_acc=42.15%  (best 44.36 @ ep 42)  [2.3s]
  ep  52: loss=1.2165  test_acc=40.28%  (best 44.36 @ ep 42)  [2.3s]
  ep  53: loss=1.1911  test_acc=39.09%  (best 44.36 @ ep 42)  [2.4s]
  ep  54: loss=1.2496  test_acc=41.67%  (best 44.36 @ ep 42)  [2.5s]
  ep  55: loss=1.1772  test_acc=42.79%  (best 44.36 @ ep 42)  [2.3s]
  ep  56: loss=1.1737  test_acc=42.59%  (best 44.36 @ ep 42)  [2.5s]
  ep  57: loss=1.1554  test_acc=42.45%  (best 44.36 @ ep 42)  [2.3s]
  ep  58: loss=1.1497  test_acc=41.29%  (best 44.36 @ ep 42)  [2.4s]
  ep  59: loss=1.1754  test_acc=41.35%  (best 44.36 @ ep 42)  [2.4s]
  ep  60: loss=1.1873  test_acc=42.73%  (best 44.36 @ ep 42)  [2.5s]
  ep  61: loss=1.1345  test_acc=40.84%  (best 44.36 @ ep 42)  [2.4s]
  ep  62: loss=1.1246  test_acc=39.22%  (best 44.36 @ ep 42)  [2.6s]
  ep  63: loss=1.1064  test_acc=45.02%  (best 45.02 @ ep 63)  [2.4s]
  ep  64: loss=1.1302  test_acc=41.04%  (best 45.02 @ ep 63)  [2.4s]
  ep  65: loss=1.1463  test_acc=42.06%  (best 45.02 @ ep 63)  [2.3s]
  ep  66: loss=1.0936  test_acc=38.44%  (best 45.02 @ ep 63)  [2.5s]
  ep  67: loss=1.0968  test_acc=41.52%  (best 45.02 @ ep 63)  [2.5s]
  ep  68: loss=1.1464  test_acc=41.37%  (best 45.02 @ ep 63)  [3.2s]
  ep  69: loss=1.0783  test_acc=39.84%  (best 45.02 @ ep 63)  [4.8s]
  ep  70: loss=1.0619  test_acc=38.52%  (best 45.02 @ ep 63)  [6.2s]
  ep  71: loss=1.1487  test_acc=41.35%  (best 45.02 @ ep 63)  [4.8s]
  ep  72: loss=1.0756  test_acc=42.42%  (best 45.02 @ ep 63)  [5.7s]
  ep  73: loss=1.0933  test_acc=41.74%  (best 45.02 @ ep 63)  [2.4s]
  ep  74: loss=1.0561  test_acc=41.97%  (best 45.02 @ ep 63)  [2.5s]
  ep  75: loss=1.0253  test_acc=43.16%  (best 45.02 @ ep 63)  [2.2s]
  ep  76: loss=1.0207  test_acc=41.89%  (best 45.02 @ ep 63)  [2.4s]
  ep  77: loss=1.0201  test_acc=44.43%  (best 45.02 @ ep 63)  [2.3s]
  ep  78: loss=0.9981  test_acc=42.16%  (best 45.02 @ ep 63)  [2.4s]
  ep  79: loss=0.9926  test_acc=41.47%  (best 45.02 @ ep 63)  [2.4s]
  ep  80: loss=0.9546  test_acc=42.05%  (best 45.02 @ ep 63)  [2.4s]
  ep  81: loss=0.9380  test_acc=39.42%  (best 45.02 @ ep 63)  [2.5s]
  ep  82: loss=0.9242  test_acc=41.37%  (best 45.02 @ ep 63)  [2.5s]
  ep  83: loss=0.9127  test_acc=42.07%  (best 45.02 @ ep 63)  [2.5s]
  ep  84: loss=0.9266  test_acc=42.69%  (best 45.02 @ ep 63)  [2.5s]
  ep  85: loss=0.9088  test_acc=41.86%  (best 45.02 @ ep 63)  [2.4s]
  ep  86: loss=0.9834  test_acc=42.25%  (best 45.02 @ ep 63)  [2.4s]
  ep  87: loss=0.9245  test_acc=41.61%  (best 45.02 @ ep 63)  [2.5s]
  ep  88: loss=0.8700  test_acc=40.03%  (best 45.02 @ ep 63)  [2.5s]
  ep  89: loss=0.8481  test_acc=39.94%  (best 45.02 @ ep 63)  [2.4s]
  ep  90: loss=0.8412  test_acc=40.74%  (best 45.02 @ ep 63)  [2.6s]
  ep  91: loss=0.8336  test_acc=40.87%  (best 45.02 @ ep 63)  [2.4s]
  ep  92: loss=0.8251  test_acc=40.34%  (best 45.02 @ ep 63)  [2.5s]
  ep  93: loss=0.8111  test_acc=41.34%  (best 45.02 @ ep 63)  [2.4s]
  ep  94: loss=0.7988  test_acc=40.62%  (best 45.02 @ ep 63)  [2.4s]
  ep  95: loss=0.7906  test_acc=40.13%  (best 45.02 @ ep 63)  [2.5s]
  ep  96: loss=0.7785  test_acc=40.34%  (best 45.02 @ ep 63)  [2.4s]
  ep  97: loss=0.7742  test_acc=39.71%  (best 45.02 @ ep 63)  [2.4s]
  ep  98: loss=0.7805  test_acc=40.61%  (best 45.02 @ ep 63)  [3.0s]
  ep  99: loss=0.7737  test_acc=40.28%  (best 45.02 @ ep 63)  [5.2s]

saved /path/to/ciln-workspace/journal_edition/robustness_transfer/results_v3/erm/ours__impulse_noise_sev5__seed0.json: best 45.02% @ ep 63
