/path/to/ciln-workspace/venv/lib/python3.12/site-packages/torchvision/datasets/cifar.py:83: VisibleDeprecationWarning: dtype(): align should be passed as Python or NumPy boolean but got `align=0`. Did you mean to pass a tuple to create a subarray type? (Deprecated NumPy 2.4)
  entry = pickle.load(f, encoding="latin1")
condition=ours__motion_blur_sev3 seed=1 gpu=2
  ep   0: loss=1.9039  test_acc=20.46%  (best 20.46 @ ep 0)  [3.2s]
  ep   1: loss=1.7339  test_acc=25.19%  (best 25.19 @ ep 1)  [2.6s]
  ep   2: loss=1.5599  test_acc=21.86%  (best 25.19 @ ep 1)  [2.4s]
  ep   3: loss=1.5380  test_acc=37.66%  (best 37.66 @ ep 3)  [2.5s]
  ep   4: loss=1.4120  test_acc=42.33%  (best 42.33 @ ep 4)  [2.4s]
  ep   5: loss=1.2936  test_acc=38.86%  (best 42.33 @ ep 4)  [2.3s]
  ep   6: loss=1.2619  test_acc=43.04%  (best 43.04 @ ep 6)  [2.5s]
  ep   7: loss=1.2158  test_acc=38.79%  (best 43.04 @ ep 6)  [2.4s]
  ep   8: loss=1.2467  test_acc=44.25%  (best 44.25 @ ep 8)  [2.5s]
  ep   9: loss=1.1529  test_acc=38.15%  (best 44.25 @ ep 8)  [2.4s]
  ep  10: loss=1.1214  test_acc=46.69%  (best 46.69 @ ep 10)  [2.4s]
  ep  11: loss=1.0503  test_acc=49.35%  (best 49.35 @ ep 11)  [2.4s]
  ep  12: loss=1.0089  test_acc=49.96%  (best 49.96 @ ep 12)  [2.5s]
  ep  13: loss=1.0024  test_acc=52.85%  (best 52.85 @ ep 13)  [2.4s]
  ep  14: loss=1.0234  test_acc=50.45%  (best 52.85 @ ep 13)  [2.4s]
  ep  15: loss=0.9785  test_acc=47.47%  (best 52.85 @ ep 13)  [2.4s]
  ep  16: loss=1.0087  test_acc=50.48%  (best 52.85 @ ep 13)  [2.7s]
  ep  17: loss=0.9794  test_acc=54.96%  (best 54.96 @ ep 17)  [2.7s]
  ep  18: loss=0.9293  test_acc=56.38%  (best 56.38 @ ep 18)  [2.4s]
  ep  19: loss=0.9888  test_acc=49.54%  (best 56.38 @ ep 18)  [2.4s]
  ep  20: loss=0.9784  test_acc=53.83%  (best 56.38 @ ep 18)  [2.5s]
  ep  21: loss=0.9295  test_acc=54.25%  (best 56.38 @ ep 18)  [5.6s]
  ep  22: loss=0.9009  test_acc=53.99%  (best 56.38 @ ep 18)  [4.6s]
  ep  23: loss=0.8684  test_acc=52.84%  (best 56.38 @ ep 18)  [4.7s]
  ep  24: loss=0.8771  test_acc=55.19%  (best 56.38 @ ep 18)  [4.2s]
  ep  25: loss=0.8982  test_acc=42.75%  (best 56.38 @ ep 18)  [2.4s]
  ep  26: loss=1.0712  test_acc=47.55%  (best 56.38 @ ep 18)  [2.3s]
  ep  27: loss=1.0438  test_acc=51.93%  (best 56.38 @ ep 18)  [2.3s]
  ep  28: loss=0.9212  test_acc=58.68%  (best 58.68 @ ep 28)  [2.5s]
  ep  29: loss=0.8828  test_acc=57.52%  (best 58.68 @ ep 28)  [2.3s]
  ep  30: loss=0.8747  test_acc=53.38%  (best 58.68 @ ep 28)  [2.3s]
  ep  31: loss=0.8972  test_acc=56.16%  (best 58.68 @ ep 28)  [2.3s]
  ep  32: loss=0.8503  test_acc=54.30%  (best 58.68 @ ep 28)  [2.4s]
  ep  33: loss=0.8419  test_acc=56.72%  (best 58.68 @ ep 28)  [2.4s]
  ep  34: loss=0.8660  test_acc=59.36%  (best 59.36 @ ep 34)  [2.5s]
  ep  35: loss=0.8568  test_acc=57.88%  (best 59.36 @ ep 34)  [2.3s]
  ep  36: loss=0.9291  test_acc=57.95%  (best 59.36 @ ep 34)  [2.4s]
  ep  37: loss=0.8178  test_acc=56.30%  (best 59.36 @ ep 34)  [2.4s]
  ep  38: loss=0.8387  test_acc=57.10%  (best 59.36 @ ep 34)  [2.5s]
  ep  39: loss=0.8082  test_acc=58.66%  (best 59.36 @ ep 34)  [2.4s]
  ep  40: loss=0.8130  test_acc=54.07%  (best 59.36 @ ep 34)  [2.4s]
  ep  41: loss=0.7754  test_acc=61.05%  (best 61.05 @ ep 41)  [2.3s]
  ep  42: loss=0.7853  test_acc=63.47%  (best 63.47 @ ep 42)  [2.4s]
  ep  43: loss=0.7773  test_acc=55.79%  (best 63.47 @ ep 42)  [2.4s]
  ep  44: loss=0.7708  test_acc=54.79%  (best 63.47 @ ep 42)  [2.4s]
  ep  45: loss=0.8048  test_acc=55.17%  (best 63.47 @ ep 42)  [2.4s]
  ep  46: loss=0.7476  test_acc=60.36%  (best 63.47 @ ep 42)  [2.4s]
  ep  47: loss=0.7461  test_acc=57.51%  (best 63.47 @ ep 42)  [2.4s]
  ep  48: loss=0.7329  test_acc=58.72%  (best 63.47 @ ep 42)  [2.4s]
  ep  49: loss=0.7346  test_acc=53.17%  (best 63.47 @ ep 42)  [2.6s]
  ep  50: loss=0.7375  test_acc=57.17%  (best 63.47 @ ep 42)  [2.4s]
  ep  51: loss=0.7325  test_acc=50.90%  (best 63.47 @ ep 42)  [3.3s]
  ep  52: loss=0.7709  test_acc=59.39%  (best 63.47 @ ep 42)  [4.9s]
  ep  53: loss=0.7086  test_acc=57.10%  (best 63.47 @ ep 42)  [6.5s]
  ep  54: loss=0.7026  test_acc=58.35%  (best 63.47 @ ep 42)  [4.6s]
  ep  55: loss=0.6848  test_acc=59.28%  (best 63.47 @ ep 42)  [4.6s]
  ep  56: loss=0.6785  test_acc=62.50%  (best 63.47 @ ep 42)  [4.7s]
  ep  57: loss=0.6812  test_acc=62.38%  (best 63.47 @ ep 42)  [2.4s]
  ep  58: loss=0.6564  test_acc=63.83%  (best 63.83 @ ep 58)  [2.4s]
  ep  59: loss=0.6825  test_acc=62.12%  (best 63.83 @ ep 58)  [2.4s]
  ep  60: loss=0.6488  test_acc=52.01%  (best 63.83 @ ep 58)  [2.5s]
  ep  61: loss=0.7268  test_acc=61.88%  (best 63.83 @ ep 58)  [2.5s]
  ep  62: loss=0.6653  test_acc=59.52%  (best 63.83 @ ep 58)  [2.4s]
  ep  63: loss=0.6678  test_acc=61.51%  (best 63.83 @ ep 58)  [2.4s]
  ep  64: loss=0.6443  test_acc=61.81%  (best 63.83 @ ep 58)  [2.4s]
  ep  65: loss=0.6063  test_acc=61.33%  (best 63.83 @ ep 58)  [2.5s]
  ep  66: loss=0.5866  test_acc=62.29%  (best 63.83 @ ep 58)  [2.3s]
  ep  67: loss=0.6204  test_acc=61.65%  (best 63.83 @ ep 58)  [2.5s]
  ep  68: loss=0.6308  test_acc=58.81%  (best 63.83 @ ep 58)  [2.4s]
  ep  69: loss=0.5686  test_acc=62.22%  (best 63.83 @ ep 58)  [2.4s]
  ep  70: loss=0.5896  test_acc=63.41%  (best 63.83 @ ep 58)  [2.5s]
  ep  71: loss=0.5667  test_acc=61.15%  (best 63.83 @ ep 58)  [2.4s]
  ep  72: loss=0.5487  test_acc=62.40%  (best 63.83 @ ep 58)  [2.4s]
  ep  73: loss=0.5311  test_acc=57.20%  (best 63.83 @ ep 58)  [2.5s]
  ep  74: loss=0.5112  test_acc=62.37%  (best 63.83 @ ep 58)  [2.3s]
  ep  75: loss=0.5035  test_acc=63.24%  (best 63.83 @ ep 58)  [2.4s]
  ep  76: loss=0.4817  test_acc=62.56%  (best 63.83 @ ep 58)  [2.4s]
  ep  77: loss=0.4796  test_acc=60.79%  (best 63.83 @ ep 58)  [2.6s]
  ep  78: loss=0.4740  test_acc=57.56%  (best 63.83 @ ep 58)  [2.5s]
  ep  79: loss=0.4301  test_acc=61.73%  (best 63.83 @ ep 58)  [2.4s]
  ep  80: loss=0.4119  test_acc=58.71%  (best 63.83 @ ep 58)  [2.4s]
  ep  81: loss=0.4504  test_acc=60.35%  (best 63.83 @ ep 58)  [2.4s]
  ep  82: loss=0.3978  test_acc=61.67%  (best 63.83 @ ep 58)  [4.1s]
  ep  83: loss=0.3954  test_acc=58.37%  (best 63.83 @ ep 58)  [2.5s]
  ep  84: loss=0.3631  test_acc=60.49%  (best 63.83 @ ep 58)  [2.3s]
  ep  85: loss=0.3574  test_acc=61.08%  (best 63.83 @ ep 58)  [2.3s]
  ep  86: loss=0.3473  test_acc=61.69%  (best 63.83 @ ep 58)  [2.4s]
  ep  87: loss=0.3383  test_acc=61.57%  (best 63.83 @ ep 58)  [2.5s]
  ep  88: loss=0.3152  test_acc=59.82%  (best 63.83 @ ep 58)  [2.3s]
  ep  89: loss=0.3583  test_acc=61.64%  (best 63.83 @ ep 58)  [2.4s]
  ep  90: loss=0.3200  test_acc=59.10%  (best 63.83 @ ep 58)  [2.4s]
  ep  91: loss=0.3102  test_acc=59.46%  (best 63.83 @ ep 58)  [2.3s]
  ep  92: loss=0.2964  test_acc=59.69%  (best 63.83 @ ep 58)  [2.3s]
  ep  93: loss=0.2923  test_acc=60.88%  (best 63.83 @ ep 58)  [2.4s]
  ep  94: loss=0.2816  test_acc=60.61%  (best 63.83 @ ep 58)  [2.4s]
  ep  95: loss=0.2719  test_acc=60.73%  (best 63.83 @ ep 58)  [2.4s]
  ep  96: loss=0.2713  test_acc=59.42%  (best 63.83 @ ep 58)  [2.4s]
  ep  97: loss=0.2735  test_acc=60.72%  (best 63.83 @ ep 58)  [2.3s]
  ep  98: loss=0.2733  test_acc=60.04%  (best 63.83 @ ep 58)  [2.4s]
  ep  99: loss=0.2717  test_acc=58.62%  (best 63.83 @ ep 58)  [2.4s]

saved /path/to/ciln-workspace/journal_edition/robustness_transfer/results_v3/erm/ours__motion_blur_sev3__seed1.json: best 63.83% @ ep 58
