/path/to/ciln-workspace/venv/lib/python3.12/site-packages/torchvision/datasets/cifar.py:83: VisibleDeprecationWarning: dtype(): align should be passed as Python or NumPy boolean but got `align=0`. Did you mean to pass a tuple to create a subarray type? (Deprecated NumPy 2.4)
  entry = pickle.load(f, encoding="latin1")
condition=ours__elastic_transform_sev3 seed=1 gpu=1
  ep   0: loss=1.8247  test_acc=25.02%  (best 25.02 @ ep 0)  [3.2s]
  ep   1: loss=1.5044  test_acc=34.73%  (best 34.73 @ ep 1)  [2.4s]
  ep   2: loss=1.3338  test_acc=27.87%  (best 34.73 @ ep 1)  [2.3s]
  ep   3: loss=1.2350  test_acc=35.76%  (best 35.76 @ ep 3)  [2.3s]
  ep   4: loss=1.0823  test_acc=42.62%  (best 42.62 @ ep 4)  [2.4s]
  ep   5: loss=0.9767  test_acc=44.15%  (best 44.15 @ ep 5)  [2.4s]
  ep   6: loss=0.9430  test_acc=42.61%  (best 44.15 @ ep 5)  [4.9s]
  ep   7: loss=0.8984  test_acc=55.46%  (best 55.46 @ ep 7)  [5.1s]
  ep   8: loss=0.7955  test_acc=45.58%  (best 55.46 @ ep 7)  [5.8s]
  ep   9: loss=0.9635  test_acc=50.25%  (best 55.46 @ ep 7)  [5.8s]
  ep  10: loss=0.7779  test_acc=53.44%  (best 55.46 @ ep 7)  [5.3s]
  ep  11: loss=0.7318  test_acc=54.74%  (best 55.46 @ ep 7)  [5.8s]
  ep  12: loss=0.7018  test_acc=57.24%  (best 57.24 @ ep 12)  [3.2s]
  ep  13: loss=0.6654  test_acc=56.54%  (best 57.24 @ ep 12)  [2.4s]
  ep  14: loss=0.6853  test_acc=54.84%  (best 57.24 @ ep 12)  [2.4s]
  ep  15: loss=0.7308  test_acc=57.05%  (best 57.24 @ ep 12)  [2.6s]
  ep  16: loss=0.6477  test_acc=60.66%  (best 60.66 @ ep 16)  [2.4s]
  ep  17: loss=0.6625  test_acc=63.48%  (best 63.48 @ ep 17)  [2.5s]
  ep  18: loss=0.6137  test_acc=57.17%  (best 63.48 @ ep 17)  [2.3s]
  ep  19: loss=0.6875  test_acc=53.92%  (best 63.48 @ ep 17)  [2.3s]
  ep  20: loss=0.6551  test_acc=61.82%  (best 63.48 @ ep 17)  [2.5s]
  ep  21: loss=0.5983  test_acc=61.66%  (best 63.48 @ ep 17)  [2.4s]
  ep  22: loss=0.6163  test_acc=56.08%  (best 63.48 @ ep 17)  [2.4s]
  ep  23: loss=0.6591  test_acc=60.06%  (best 63.48 @ ep 17)  [2.6s]
  ep  24: loss=0.5911  test_acc=54.77%  (best 63.48 @ ep 17)  [2.4s]
  ep  25: loss=0.6191  test_acc=52.62%  (best 63.48 @ ep 17)  [2.6s]
  ep  26: loss=0.7004  test_acc=60.03%  (best 63.48 @ ep 17)  [2.4s]
  ep  27: loss=0.6542  test_acc=66.36%  (best 66.36 @ ep 27)  [2.5s]
  ep  28: loss=0.5836  test_acc=64.82%  (best 66.36 @ ep 27)  [2.3s]
  ep  29: loss=0.5694  test_acc=64.45%  (best 66.36 @ ep 27)  [2.4s]
  ep  30: loss=0.5322  test_acc=61.44%  (best 66.36 @ ep 27)  [2.4s]
  ep  31: loss=0.6210  test_acc=62.63%  (best 66.36 @ ep 27)  [2.3s]
  ep  32: loss=0.5471  test_acc=64.57%  (best 66.36 @ ep 27)  [2.4s]
  ep  33: loss=0.5147  test_acc=66.38%  (best 66.38 @ ep 33)  [2.4s]
  ep  34: loss=0.5740  test_acc=61.81%  (best 66.38 @ ep 33)  [2.4s]
  ep  35: loss=0.5337  test_acc=66.01%  (best 66.38 @ ep 33)  [2.4s]
  ep  36: loss=0.5387  test_acc=59.04%  (best 66.38 @ ep 33)  [2.3s]
  ep  37: loss=0.6295  test_acc=61.20%  (best 66.38 @ ep 33)  [2.5s]
  ep  38: loss=0.6166  test_acc=61.22%  (best 66.38 @ ep 33)  [2.5s]
  ep  39: loss=0.5619  test_acc=64.91%  (best 66.38 @ ep 33)  [6.3s]
  ep  40: loss=0.5085  test_acc=60.52%  (best 66.38 @ ep 33)  [5.4s]
  ep  41: loss=0.4996  test_acc=62.07%  (best 66.38 @ ep 33)  [6.3s]
  ep  42: loss=0.4861  test_acc=67.58%  (best 67.58 @ ep 42)  [6.8s]
  ep  43: loss=0.5097  test_acc=65.12%  (best 67.58 @ ep 42)  [6.3s]
  ep  44: loss=0.5548  test_acc=68.56%  (best 68.56 @ ep 44)  [2.6s]
  ep  45: loss=0.4821  test_acc=60.91%  (best 68.56 @ ep 44)  [2.4s]
  ep  46: loss=0.4625  test_acc=63.59%  (best 68.56 @ ep 44)  [2.4s]
  ep  47: loss=0.4405  test_acc=69.28%  (best 69.28 @ ep 47)  [2.3s]
  ep  48: loss=0.4575  test_acc=67.28%  (best 69.28 @ ep 47)  [2.4s]
  ep  49: loss=0.4414  test_acc=65.26%  (best 69.28 @ ep 47)  [2.4s]
  ep  50: loss=0.4460  test_acc=66.26%  (best 69.28 @ ep 47)  [2.4s]
  ep  51: loss=0.4361  test_acc=63.12%  (best 69.28 @ ep 47)  [2.6s]
  ep  52: loss=0.5783  test_acc=66.06%  (best 69.28 @ ep 47)  [2.3s]
  ep  53: loss=0.4326  test_acc=66.76%  (best 69.28 @ ep 47)  [2.4s]
  ep  54: loss=0.4655  test_acc=65.86%  (best 69.28 @ ep 47)  [2.5s]
  ep  55: loss=0.4628  test_acc=68.26%  (best 69.28 @ ep 47)  [2.5s]
  ep  56: loss=0.4029  test_acc=54.21%  (best 69.28 @ ep 47)  [2.5s]
  ep  57: loss=0.6760  test_acc=65.91%  (best 69.28 @ ep 47)  [2.3s]
  ep  58: loss=0.4911  test_acc=66.55%  (best 69.28 @ ep 47)  [2.5s]
  ep  59: loss=0.4850  test_acc=66.47%  (best 69.28 @ ep 47)  [2.4s]
  ep  60: loss=0.4257  test_acc=63.93%  (best 69.28 @ ep 47)  [2.6s]
  ep  61: loss=0.4500  test_acc=70.24%  (best 70.24 @ ep 61)  [2.5s]
  ep  62: loss=0.4042  test_acc=65.52%  (best 70.24 @ ep 61)  [2.4s]
  ep  63: loss=0.4267  test_acc=68.78%  (best 70.24 @ ep 61)  [2.4s]
  ep  64: loss=0.4032  test_acc=66.73%  (best 70.24 @ ep 61)  [2.3s]
  ep  65: loss=0.3572  test_acc=69.85%  (best 70.24 @ ep 61)  [2.4s]
  ep  66: loss=0.3854  test_acc=67.74%  (best 70.24 @ ep 61)  [2.3s]
  ep  67: loss=0.3460  test_acc=67.61%  (best 70.24 @ ep 61)  [2.5s]
  ep  68: loss=0.3329  test_acc=66.87%  (best 70.24 @ ep 61)  [2.5s]
  ep  69: loss=0.3248  test_acc=66.98%  (best 70.24 @ ep 61)  [3.1s]
  ep  70: loss=0.3503  test_acc=65.43%  (best 70.24 @ ep 61)  [7.2s]
  ep  71: loss=0.3350  test_acc=68.67%  (best 70.24 @ ep 61)  [7.8s]
  ep  72: loss=0.3153  test_acc=67.47%  (best 70.24 @ ep 61)  [4.7s]
  ep  73: loss=0.3164  test_acc=68.13%  (best 70.24 @ ep 61)  [2.3s]
  ep  74: loss=0.3359  test_acc=70.02%  (best 70.24 @ ep 61)  [2.3s]
  ep  75: loss=0.2897  test_acc=69.16%  (best 70.24 @ ep 61)  [2.3s]
  ep  76: loss=0.2903  test_acc=68.07%  (best 70.24 @ ep 61)  [2.3s]
  ep  77: loss=0.2764  test_acc=69.30%  (best 70.24 @ ep 61)  [2.6s]
  ep  78: loss=0.2806  test_acc=70.20%  (best 70.24 @ ep 61)  [2.5s]
  ep  79: loss=0.2530  test_acc=69.10%  (best 70.24 @ ep 61)  [2.4s]
  ep  80: loss=0.2382  test_acc=68.98%  (best 70.24 @ ep 61)  [2.4s]
  ep  81: loss=0.2275  test_acc=68.52%  (best 70.24 @ ep 61)  [2.4s]
  ep  82: loss=0.2122  test_acc=68.76%  (best 70.24 @ ep 61)  [2.3s]
  ep  83: loss=0.2285  test_acc=69.11%  (best 70.24 @ ep 61)  [2.4s]
  ep  84: loss=0.2048  test_acc=69.03%  (best 70.24 @ ep 61)  [2.3s]
  ep  85: loss=0.1890  test_acc=69.55%  (best 70.24 @ ep 61)  [2.4s]
  ep  86: loss=0.1869  test_acc=69.65%  (best 70.24 @ ep 61)  [2.5s]
  ep  87: loss=0.1778  test_acc=69.07%  (best 70.24 @ ep 61)  [2.4s]
  ep  88: loss=0.1759  test_acc=69.01%  (best 70.24 @ ep 61)  [2.4s]
  ep  89: loss=0.1760  test_acc=68.29%  (best 70.24 @ ep 61)  [2.4s]
  ep  90: loss=0.1765  test_acc=68.28%  (best 70.24 @ ep 61)  [2.4s]
  ep  91: loss=0.1580  test_acc=68.52%  (best 70.24 @ ep 61)  [2.4s]
  ep  92: loss=0.1575  test_acc=69.32%  (best 70.24 @ ep 61)  [2.3s]
  ep  93: loss=0.1539  test_acc=68.63%  (best 70.24 @ ep 61)  [2.3s]
  ep  94: loss=0.1452  test_acc=69.15%  (best 70.24 @ ep 61)  [2.3s]
  ep  95: loss=0.1463  test_acc=69.21%  (best 70.24 @ ep 61)  [2.5s]
  ep  96: loss=0.1467  test_acc=68.57%  (best 70.24 @ ep 61)  [2.3s]
  ep  97: loss=0.1417  test_acc=68.87%  (best 70.24 @ ep 61)  [2.4s]
  ep  98: loss=0.1445  test_acc=69.32%  (best 70.24 @ ep 61)  [3.3s]
  ep  99: loss=0.1430  test_acc=68.80%  (best 70.24 @ ep 61)  [5.4s]

saved /path/to/ciln-workspace/journal_edition/robustness_transfer/results_v3/erm/ours__elastic_transform_sev3__seed1.json: best 70.24% @ ep 61
