/path/to/ciln-workspace/venv/lib/python3.12/site-packages/torchvision/datasets/cifar.py:83: VisibleDeprecationWarning: dtype(): align should be passed as Python or NumPy boolean but got `align=0`. Did you mean to pass a tuple to create a subarray type? (Deprecated NumPy 2.4)
  entry = pickle.load(f, encoding="latin1")
condition=ours__fog_sev3 seed=2 gpu=2
  ep   0: loss=1.8803  test_acc=27.80%  (best 27.80 @ ep 0)  [3.2s]
  ep   1: loss=1.6174  test_acc=31.15%  (best 31.15 @ ep 1)  [2.3s]
  ep   2: loss=1.4437  test_acc=38.39%  (best 38.39 @ ep 2)  [2.3s]
  ep   3: loss=1.2934  test_acc=25.13%  (best 38.39 @ ep 2)  [2.4s]
  ep   4: loss=1.2529  test_acc=47.08%  (best 47.08 @ ep 4)  [2.4s]
  ep   5: loss=1.1465  test_acc=46.38%  (best 47.08 @ ep 4)  [2.4s]
  ep   6: loss=1.1273  test_acc=40.92%  (best 47.08 @ ep 4)  [2.4s]
  ep   7: loss=1.0694  test_acc=52.77%  (best 52.77 @ ep 7)  [2.4s]
  ep   8: loss=1.0360  test_acc=51.64%  (best 52.77 @ ep 7)  [2.5s]
  ep   9: loss=1.0164  test_acc=47.70%  (best 52.77 @ ep 7)  [2.5s]
  ep  10: loss=1.0151  test_acc=40.83%  (best 52.77 @ ep 7)  [2.4s]
  ep  11: loss=0.9773  test_acc=54.98%  (best 54.98 @ ep 11)  [2.5s]
  ep  12: loss=0.9620  test_acc=52.39%  (best 54.98 @ ep 11)  [2.5s]
  ep  13: loss=0.9152  test_acc=58.24%  (best 58.24 @ ep 13)  [2.4s]
  ep  14: loss=0.8935  test_acc=48.43%  (best 58.24 @ ep 13)  [2.4s]
  ep  15: loss=0.8924  test_acc=57.22%  (best 58.24 @ ep 13)  [2.4s]
  ep  16: loss=0.8636  test_acc=58.29%  (best 58.29 @ ep 16)  [2.4s]
  ep  17: loss=0.8600  test_acc=41.30%  (best 58.29 @ ep 16)  [2.5s]
  ep  18: loss=0.9897  test_acc=58.48%  (best 58.48 @ ep 18)  [2.4s]
  ep  19: loss=0.9140  test_acc=46.14%  (best 58.48 @ ep 18)  [2.5s]
  ep  20: loss=0.8615  test_acc=58.11%  (best 58.48 @ ep 18)  [2.3s]
  ep  21: loss=0.8914  test_acc=50.39%  (best 58.48 @ ep 18)  [2.5s]
  ep  22: loss=0.9058  test_acc=56.76%  (best 58.48 @ ep 18)  [2.3s]
  ep  23: loss=0.8612  test_acc=56.18%  (best 58.48 @ ep 18)  [2.3s]
  ep  24: loss=0.8270  test_acc=63.17%  (best 63.17 @ ep 24)  [2.7s]
  ep  25: loss=0.8420  test_acc=58.93%  (best 63.17 @ ep 24)  [5.3s]
  ep  26: loss=0.8915  test_acc=49.10%  (best 63.17 @ ep 24)  [4.9s]
  ep  27: loss=0.9365  test_acc=60.14%  (best 63.17 @ ep 24)  [5.8s]
  ep  28: loss=0.8564  test_acc=57.06%  (best 63.17 @ ep 24)  [4.8s]
  ep  29: loss=0.9167  test_acc=60.68%  (best 63.17 @ ep 24)  [4.0s]
  ep  30: loss=0.8327  test_acc=58.88%  (best 63.17 @ ep 24)  [2.5s]
  ep  31: loss=0.8698  test_acc=62.60%  (best 63.17 @ ep 24)  [2.4s]
  ep  32: loss=0.7967  test_acc=62.41%  (best 63.17 @ ep 24)  [2.5s]
  ep  33: loss=0.7804  test_acc=58.19%  (best 63.17 @ ep 24)  [2.3s]
  ep  34: loss=0.8126  test_acc=59.48%  (best 63.17 @ ep 24)  [2.3s]
  ep  35: loss=0.7687  test_acc=54.56%  (best 63.17 @ ep 24)  [2.5s]
  ep  36: loss=0.7694  test_acc=52.84%  (best 63.17 @ ep 24)  [2.3s]
  ep  37: loss=0.8243  test_acc=58.05%  (best 63.17 @ ep 24)  [2.4s]
  ep  38: loss=0.7525  test_acc=52.53%  (best 63.17 @ ep 24)  [2.6s]
  ep  39: loss=0.8013  test_acc=56.69%  (best 63.17 @ ep 24)  [2.5s]
  ep  40: loss=0.7855  test_acc=60.20%  (best 63.17 @ ep 24)  [2.5s]
  ep  41: loss=0.7725  test_acc=63.78%  (best 63.78 @ ep 41)  [2.5s]
  ep  42: loss=0.7516  test_acc=58.88%  (best 63.78 @ ep 41)  [2.5s]
  ep  43: loss=0.7417  test_acc=56.08%  (best 63.78 @ ep 41)  [2.3s]
  ep  44: loss=0.7525  test_acc=57.55%  (best 63.78 @ ep 41)  [2.3s]
  ep  45: loss=0.7400  test_acc=58.65%  (best 63.78 @ ep 41)  [2.5s]
  ep  46: loss=0.7613  test_acc=56.63%  (best 63.78 @ ep 41)  [2.3s]
  ep  47: loss=0.7047  test_acc=58.70%  (best 63.78 @ ep 41)  [2.3s]
  ep  48: loss=0.6706  test_acc=62.27%  (best 63.78 @ ep 41)  [2.2s]
  ep  49: loss=0.6910  test_acc=61.15%  (best 63.78 @ ep 41)  [2.4s]
  ep  50: loss=0.7006  test_acc=58.62%  (best 63.78 @ ep 41)  [2.2s]
  ep  51: loss=0.6806  test_acc=64.30%  (best 64.30 @ ep 51)  [2.4s]
  ep  52: loss=0.6591  test_acc=62.60%  (best 64.30 @ ep 51)  [2.4s]
  ep  53: loss=0.7124  test_acc=61.44%  (best 64.30 @ ep 51)  [2.3s]
  ep  54: loss=0.6559  test_acc=64.12%  (best 64.30 @ ep 51)  [2.3s]
  ep  55: loss=0.6478  test_acc=58.90%  (best 64.30 @ ep 51)  [3.7s]
  ep  56: loss=0.6287  test_acc=58.72%  (best 64.30 @ ep 51)  [2.5s]
  ep  57: loss=0.6107  test_acc=59.50%  (best 64.30 @ ep 51)  [2.5s]
  ep  58: loss=0.7127  test_acc=58.39%  (best 64.30 @ ep 51)  [2.3s]
  ep  59: loss=0.6755  test_acc=62.64%  (best 64.30 @ ep 51)  [2.3s]
  ep  60: loss=0.6222  test_acc=64.30%  (best 64.30 @ ep 51)  [2.5s]
  ep  61: loss=0.6142  test_acc=65.58%  (best 65.58 @ ep 61)  [2.4s]
  ep  62: loss=0.5933  test_acc=61.34%  (best 65.58 @ ep 61)  [2.6s]
  ep  63: loss=0.6416  test_acc=58.06%  (best 65.58 @ ep 61)  [2.6s]
  ep  64: loss=0.5816  test_acc=59.11%  (best 65.58 @ ep 61)  [2.4s]
  ep  65: loss=0.5534  test_acc=59.22%  (best 65.58 @ ep 61)  [2.3s]
  ep  66: loss=0.5525  test_acc=63.29%  (best 65.58 @ ep 61)  [2.3s]
  ep  67: loss=0.5926  test_acc=64.35%  (best 65.58 @ ep 61)  [2.4s]
  ep  68: loss=0.6522  test_acc=57.75%  (best 65.58 @ ep 61)  [2.5s]
  ep  69: loss=0.5429  test_acc=61.49%  (best 65.58 @ ep 61)  [2.3s]
  ep  70: loss=0.5306  test_acc=62.98%  (best 65.58 @ ep 61)  [2.4s]
  ep  71: loss=0.5165  test_acc=61.98%  (best 65.58 @ ep 61)  [2.4s]
  ep  72: loss=0.4973  test_acc=63.84%  (best 65.58 @ ep 61)  [2.5s]
  ep  73: loss=0.4824  test_acc=61.77%  (best 65.58 @ ep 61)  [2.4s]
  ep  74: loss=0.5248  test_acc=63.21%  (best 65.58 @ ep 61)  [2.3s]
  ep  75: loss=0.5244  test_acc=62.48%  (best 65.58 @ ep 61)  [2.5s]
  ep  76: loss=0.4955  test_acc=61.47%  (best 65.58 @ ep 61)  [2.4s]
  ep  77: loss=0.4504  test_acc=61.08%  (best 65.58 @ ep 61)  [2.3s]
  ep  78: loss=0.4084  test_acc=62.94%  (best 65.58 @ ep 61)  [2.3s]
  ep  79: loss=0.5112  test_acc=64.40%  (best 65.58 @ ep 61)  [2.5s]
  ep  80: loss=0.5272  test_acc=62.38%  (best 65.58 @ ep 61)  [2.4s]
  ep  81: loss=0.4406  test_acc=62.17%  (best 65.58 @ ep 61)  [2.5s]
  ep  82: loss=0.4408  test_acc=61.48%  (best 65.58 @ ep 61)  [5.1s]
  ep  83: loss=0.3922  test_acc=63.44%  (best 65.58 @ ep 61)  [6.0s]
  ep  84: loss=0.3675  test_acc=64.35%  (best 65.58 @ ep 61)  [5.0s]
  ep  85: loss=0.3978  test_acc=63.29%  (best 65.58 @ ep 61)  [5.2s]
  ep  86: loss=0.3545  test_acc=62.76%  (best 65.58 @ ep 61)  [4.2s]
  ep  87: loss=0.3392  test_acc=63.95%  (best 65.58 @ ep 61)  [2.5s]
  ep  88: loss=0.3304  test_acc=62.39%  (best 65.58 @ ep 61)  [2.3s]
  ep  89: loss=0.3468  test_acc=63.05%  (best 65.58 @ ep 61)  [2.6s]
  ep  90: loss=0.3185  test_acc=63.85%  (best 65.58 @ ep 61)  [2.4s]
  ep  91: loss=0.2972  test_acc=62.70%  (best 65.58 @ ep 61)  [2.3s]
  ep  92: loss=0.2930  test_acc=63.49%  (best 65.58 @ ep 61)  [2.5s]
  ep  93: loss=0.3000  test_acc=64.71%  (best 65.58 @ ep 61)  [2.4s]
  ep  94: loss=0.2889  test_acc=63.62%  (best 65.58 @ ep 61)  [2.4s]
  ep  95: loss=0.2777  test_acc=65.33%  (best 65.58 @ ep 61)  [2.4s]
  ep  96: loss=0.2730  test_acc=63.47%  (best 65.58 @ ep 61)  [2.3s]
  ep  97: loss=0.2738  test_acc=63.15%  (best 65.58 @ ep 61)  [2.4s]
  ep  98: loss=0.2687  test_acc=63.93%  (best 65.58 @ ep 61)  [2.4s]
  ep  99: loss=0.2706  test_acc=63.51%  (best 65.58 @ ep 61)  [2.2s]

saved /path/to/ciln-workspace/journal_edition/robustness_transfer/results_v3/erm/ours__fog_sev3__seed2.json: best 65.58% @ ep 61
