/path/to/ciln-workspace/venv/lib/python3.12/site-packages/torchvision/datasets/cifar.py:83: VisibleDeprecationWarning: dtype(): align should be passed as Python or NumPy boolean but got `align=0`. Did you mean to pass a tuple to create a subarray type? (Deprecated NumPy 2.4)
  entry = pickle.load(f, encoding="latin1")
condition=ours__impulse_noise_sev3 seed=1 gpu=2
  ep   0: loss=1.8159  test_acc=10.82%  (best 10.82 @ ep 0)  [3.2s]
  ep   1: loss=1.7080  test_acc=33.02%  (best 33.02 @ ep 1)  [2.3s]
  ep   2: loss=1.4597  test_acc=29.03%  (best 33.02 @ ep 1)  [2.3s]
  ep   3: loss=1.4030  test_acc=34.33%  (best 34.33 @ ep 3)  [2.5s]
  ep   4: loss=1.2580  test_acc=33.95%  (best 34.33 @ ep 3)  [2.3s]
  ep   5: loss=1.3251  test_acc=42.60%  (best 42.60 @ ep 5)  [2.3s]
  ep   6: loss=1.1777  test_acc=42.74%  (best 42.74 @ ep 6)  [4.4s]
  ep   7: loss=1.1537  test_acc=41.36%  (best 42.74 @ ep 6)  [4.6s]
  ep   8: loss=1.1124  test_acc=41.40%  (best 42.74 @ ep 6)  [4.6s]
  ep   9: loss=1.0955  test_acc=47.26%  (best 47.26 @ ep 9)  [5.7s]
  ep  10: loss=1.0388  test_acc=49.27%  (best 49.27 @ ep 10)  [3.4s]
  ep  11: loss=1.0324  test_acc=45.80%  (best 49.27 @ ep 10)  [2.3s]
  ep  12: loss=1.0802  test_acc=43.64%  (best 49.27 @ ep 10)  [2.5s]
  ep  13: loss=1.0905  test_acc=43.98%  (best 49.27 @ ep 10)  [2.3s]
  ep  14: loss=0.9839  test_acc=53.14%  (best 53.14 @ ep 14)  [2.5s]
  ep  15: loss=0.9588  test_acc=52.10%  (best 53.14 @ ep 14)  [2.3s]
  ep  16: loss=0.9515  test_acc=49.86%  (best 53.14 @ ep 14)  [2.3s]
  ep  17: loss=0.9323  test_acc=54.48%  (best 54.48 @ ep 17)  [2.3s]
  ep  18: loss=0.9100  test_acc=43.33%  (best 54.48 @ ep 17)  [2.2s]
  ep  19: loss=0.9185  test_acc=54.26%  (best 54.48 @ ep 17)  [2.6s]
  ep  20: loss=0.8987  test_acc=44.89%  (best 54.48 @ ep 17)  [2.4s]
  ep  21: loss=0.8985  test_acc=45.81%  (best 54.48 @ ep 17)  [2.4s]
  ep  22: loss=0.9612  test_acc=48.79%  (best 54.48 @ ep 17)  [2.3s]
  ep  23: loss=0.9110  test_acc=52.93%  (best 54.48 @ ep 17)  [2.3s]
  ep  24: loss=0.8681  test_acc=55.75%  (best 55.75 @ ep 24)  [2.3s]
  ep  25: loss=0.8489  test_acc=45.88%  (best 55.75 @ ep 24)  [2.6s]
  ep  26: loss=0.9248  test_acc=49.57%  (best 55.75 @ ep 24)  [2.3s]
  ep  27: loss=0.9466  test_acc=49.60%  (best 55.75 @ ep 24)  [2.3s]
  ep  28: loss=0.8772  test_acc=54.19%  (best 55.75 @ ep 24)  [2.5s]
  ep  29: loss=0.8800  test_acc=59.00%  (best 59.00 @ ep 29)  [2.5s]
  ep  30: loss=0.8260  test_acc=56.88%  (best 59.00 @ ep 29)  [2.3s]
  ep  31: loss=0.8433  test_acc=55.27%  (best 59.00 @ ep 29)  [2.3s]
  ep  32: loss=0.8526  test_acc=61.64%  (best 61.64 @ ep 32)  [2.3s]
  ep  33: loss=0.8061  test_acc=59.19%  (best 61.64 @ ep 32)  [2.3s]
  ep  34: loss=0.8312  test_acc=58.47%  (best 61.64 @ ep 32)  [2.4s]
  ep  35: loss=0.8337  test_acc=57.01%  (best 61.64 @ ep 32)  [2.4s]
  ep  36: loss=0.7955  test_acc=48.01%  (best 61.64 @ ep 32)  [4.2s]
  ep  37: loss=0.9239  test_acc=56.78%  (best 61.64 @ ep 32)  [4.6s]
  ep  38: loss=0.8926  test_acc=51.41%  (best 61.64 @ ep 32)  [6.3s]
  ep  39: loss=0.8863  test_acc=57.43%  (best 61.64 @ ep 32)  [2.5s]
  ep  40: loss=0.8217  test_acc=56.51%  (best 61.64 @ ep 32)  [2.3s]
  ep  41: loss=0.8175  test_acc=54.88%  (best 61.64 @ ep 32)  [2.4s]
  ep  42: loss=0.8140  test_acc=59.60%  (best 61.64 @ ep 32)  [2.4s]
  ep  43: loss=0.7962  test_acc=55.64%  (best 61.64 @ ep 32)  [2.4s]
  ep  44: loss=0.7884  test_acc=62.56%  (best 62.56 @ ep 44)  [2.4s]
  ep  45: loss=0.7546  test_acc=61.40%  (best 62.56 @ ep 44)  [2.3s]
  ep  46: loss=0.7906  test_acc=58.39%  (best 62.56 @ ep 44)  [2.5s]
  ep  47: loss=0.7564  test_acc=54.37%  (best 62.56 @ ep 44)  [2.3s]
  ep  48: loss=0.7734  test_acc=54.95%  (best 62.56 @ ep 44)  [2.3s]
  ep  49: loss=0.8296  test_acc=55.71%  (best 62.56 @ ep 44)  [2.4s]
  ep  50: loss=0.8363  test_acc=61.35%  (best 62.56 @ ep 44)  [2.3s]
  ep  51: loss=0.7648  test_acc=58.74%  (best 62.56 @ ep 44)  [2.4s]
  ep  52: loss=0.7496  test_acc=58.24%  (best 62.56 @ ep 44)  [2.3s]
  ep  53: loss=0.7257  test_acc=59.97%  (best 62.56 @ ep 44)  [2.5s]
  ep  54: loss=0.7310  test_acc=59.54%  (best 62.56 @ ep 44)  [2.4s]
  ep  55: loss=0.7028  test_acc=61.88%  (best 62.56 @ ep 44)  [2.5s]
  ep  56: loss=0.6846  test_acc=57.18%  (best 62.56 @ ep 44)  [2.4s]
  ep  57: loss=0.7563  test_acc=57.84%  (best 62.56 @ ep 44)  [2.4s]
  ep  58: loss=0.6949  test_acc=56.02%  (best 62.56 @ ep 44)  [2.4s]
  ep  59: loss=0.6961  test_acc=62.06%  (best 62.56 @ ep 44)  [2.4s]
  ep  60: loss=0.7096  test_acc=56.62%  (best 62.56 @ ep 44)  [2.4s]
  ep  61: loss=0.6693  test_acc=58.92%  (best 62.56 @ ep 44)  [2.4s]
  ep  62: loss=0.6485  test_acc=59.97%  (best 62.56 @ ep 44)  [2.4s]
  ep  63: loss=0.6342  test_acc=58.31%  (best 62.56 @ ep 44)  [2.5s]
  ep  64: loss=0.6448  test_acc=60.50%  (best 62.56 @ ep 44)  [4.7s]
  ep  65: loss=0.6257  test_acc=55.26%  (best 62.56 @ ep 44)  [5.0s]
  ep  66: loss=0.5917  test_acc=57.19%  (best 62.56 @ ep 44)  [2.4s]
  ep  67: loss=0.5944  test_acc=59.03%  (best 62.56 @ ep 44)  [2.3s]
  ep  68: loss=0.5972  test_acc=58.38%  (best 62.56 @ ep 44)  [2.3s]
  ep  69: loss=0.6304  test_acc=59.67%  (best 62.56 @ ep 44)  [2.3s]
  ep  70: loss=0.6103  test_acc=61.09%  (best 62.56 @ ep 44)  [2.4s]
  ep  71: loss=0.5991  test_acc=61.07%  (best 62.56 @ ep 44)  [2.4s]
  ep  72: loss=0.5431  test_acc=60.08%  (best 62.56 @ ep 44)  [2.3s]
  ep  73: loss=0.5446  test_acc=58.76%  (best 62.56 @ ep 44)  [2.5s]
  ep  74: loss=0.5219  test_acc=59.93%  (best 62.56 @ ep 44)  [2.3s]
  ep  75: loss=0.5301  test_acc=59.88%  (best 62.56 @ ep 44)  [2.4s]
  ep  76: loss=0.5494  test_acc=60.28%  (best 62.56 @ ep 44)  [2.3s]
  ep  77: loss=0.5190  test_acc=59.75%  (best 62.56 @ ep 44)  [2.5s]
  ep  78: loss=0.4822  test_acc=60.68%  (best 62.56 @ ep 44)  [2.4s]
  ep  79: loss=0.4594  test_acc=59.70%  (best 62.56 @ ep 44)  [2.5s]
  ep  80: loss=0.4598  test_acc=59.18%  (best 62.56 @ ep 44)  [2.4s]
  ep  81: loss=0.4634  test_acc=59.40%  (best 62.56 @ ep 44)  [2.4s]
  ep  82: loss=0.4930  test_acc=59.22%  (best 62.56 @ ep 44)  [2.6s]
  ep  83: loss=0.4327  test_acc=59.86%  (best 62.56 @ ep 44)  [2.6s]
  ep  84: loss=0.4060  test_acc=60.26%  (best 62.56 @ ep 44)  [2.5s]
  ep  85: loss=0.3991  test_acc=60.89%  (best 62.56 @ ep 44)  [2.3s]
  ep  86: loss=0.3839  test_acc=59.70%  (best 62.56 @ ep 44)  [2.6s]
  ep  87: loss=0.3941  test_acc=59.56%  (best 62.56 @ ep 44)  [2.3s]
  ep  88: loss=0.3555  test_acc=60.03%  (best 62.56 @ ep 44)  [2.3s]
  ep  89: loss=0.3602  test_acc=59.71%  (best 62.56 @ ep 44)  [2.3s]
  ep  90: loss=0.3461  test_acc=59.50%  (best 62.56 @ ep 44)  [2.6s]
  ep  91: loss=0.3296  test_acc=60.45%  (best 62.56 @ ep 44)  [5.0s]
  ep  92: loss=0.3215  test_acc=60.45%  (best 62.56 @ ep 44)  [4.9s]
  ep  93: loss=0.3152  test_acc=59.04%  (best 62.56 @ ep 44)  [5.7s]
  ep  94: loss=0.3094  test_acc=59.60%  (best 62.56 @ ep 44)  [4.9s]
  ep  95: loss=0.3110  test_acc=59.84%  (best 62.56 @ ep 44)  [2.5s]
  ep  96: loss=0.3120  test_acc=59.10%  (best 62.56 @ ep 44)  [2.4s]
  ep  97: loss=0.3009  test_acc=59.60%  (best 62.56 @ ep 44)  [2.6s]
  ep  98: loss=0.3021  test_acc=60.11%  (best 62.56 @ ep 44)  [2.3s]
  ep  99: loss=0.3004  test_acc=59.03%  (best 62.56 @ ep 44)  [2.4s]

saved /path/to/ciln-workspace/journal_edition/robustness_transfer/results_v3/erm/ours__impulse_noise_sev3__seed1.json: best 62.56% @ ep 44
