/path/to/ciln-workspace/venv/lib/python3.12/site-packages/torchvision/datasets/cifar.py:83: VisibleDeprecationWarning: dtype(): align should be passed as Python or NumPy boolean but got `align=0`. Did you mean to pass a tuple to create a subarray type? (Deprecated NumPy 2.4)
  entry = pickle.load(f, encoding="latin1")
condition=ours__fog_sev3 seed=0 gpu=2
  ep   0: loss=1.8887  test_acc=26.23%  (best 26.23 @ ep 0)  [6.4s]
  ep   1: loss=1.6455  test_acc=30.60%  (best 30.60 @ ep 1)  [5.3s]
  ep   2: loss=1.5426  test_acc=34.01%  (best 34.01 @ ep 2)  [4.8s]
  ep   3: loss=1.4474  test_acc=41.43%  (best 41.43 @ ep 3)  [3.6s]
  ep   4: loss=1.3706  test_acc=30.20%  (best 41.43 @ ep 3)  [2.4s]
  ep   5: loss=1.2791  test_acc=40.30%  (best 41.43 @ ep 3)  [2.4s]
  ep   6: loss=1.1919  test_acc=38.45%  (best 41.43 @ ep 3)  [2.4s]
  ep   7: loss=1.1535  test_acc=44.02%  (best 44.02 @ ep 7)  [2.4s]
  ep   8: loss=1.0986  test_acc=49.00%  (best 49.00 @ ep 8)  [2.3s]
  ep   9: loss=1.0456  test_acc=50.01%  (best 50.01 @ ep 9)  [2.3s]
  ep  10: loss=1.0174  test_acc=49.88%  (best 50.01 @ ep 9)  [2.4s]
  ep  11: loss=0.9897  test_acc=45.99%  (best 50.01 @ ep 9)  [2.3s]
  ep  12: loss=1.0296  test_acc=46.91%  (best 50.01 @ ep 9)  [2.4s]
  ep  13: loss=1.0114  test_acc=51.58%  (best 51.58 @ ep 13)  [2.3s]
  ep  14: loss=0.9536  test_acc=56.65%  (best 56.65 @ ep 14)  [2.4s]
  ep  15: loss=0.9242  test_acc=45.15%  (best 56.65 @ ep 14)  [2.3s]
  ep  16: loss=0.9188  test_acc=46.69%  (best 56.65 @ ep 14)  [2.3s]
  ep  17: loss=1.0604  test_acc=38.76%  (best 56.65 @ ep 14)  [2.4s]
  ep  18: loss=1.0781  test_acc=48.79%  (best 56.65 @ ep 14)  [2.3s]
  ep  19: loss=0.9756  test_acc=57.83%  (best 57.83 @ ep 19)  [2.3s]
  ep  20: loss=0.9015  test_acc=52.09%  (best 57.83 @ ep 19)  [2.5s]
  ep  21: loss=0.9424  test_acc=58.04%  (best 58.04 @ ep 21)  [2.5s]
  ep  22: loss=0.8889  test_acc=61.67%  (best 61.67 @ ep 22)  [2.4s]
  ep  23: loss=0.8655  test_acc=49.83%  (best 61.67 @ ep 22)  [2.4s]
  ep  24: loss=0.9334  test_acc=52.22%  (best 61.67 @ ep 22)  [2.3s]
  ep  25: loss=0.8682  test_acc=55.03%  (best 61.67 @ ep 22)  [2.4s]
  ep  26: loss=0.8623  test_acc=60.22%  (best 61.67 @ ep 22)  [2.3s]
  ep  27: loss=0.8381  test_acc=59.67%  (best 61.67 @ ep 22)  [2.4s]
  ep  28: loss=0.8181  test_acc=60.87%  (best 61.67 @ ep 22)  [2.4s]
  ep  29: loss=0.7964  test_acc=63.23%  (best 63.23 @ ep 29)  [2.5s]
  ep  30: loss=0.8279  test_acc=51.24%  (best 63.23 @ ep 29)  [5.4s]
  ep  31: loss=0.8448  test_acc=62.36%  (best 63.23 @ ep 29)  [2.5s]
  ep  32: loss=0.7855  test_acc=52.93%  (best 63.23 @ ep 29)  [2.4s]
  ep  33: loss=0.8418  test_acc=56.20%  (best 63.23 @ ep 29)  [2.3s]
  ep  34: loss=0.8663  test_acc=50.03%  (best 63.23 @ ep 29)  [2.4s]
  ep  35: loss=0.8335  test_acc=62.78%  (best 63.23 @ ep 29)  [2.5s]
  ep  36: loss=0.7815  test_acc=59.90%  (best 63.23 @ ep 29)  [2.4s]
  ep  37: loss=0.8035  test_acc=57.08%  (best 63.23 @ ep 29)  [2.4s]
  ep  38: loss=0.8522  test_acc=54.92%  (best 63.23 @ ep 29)  [2.3s]
  ep  39: loss=0.7726  test_acc=54.01%  (best 63.23 @ ep 29)  [2.3s]
  ep  40: loss=0.8025  test_acc=56.71%  (best 63.23 @ ep 29)  [2.4s]
  ep  41: loss=0.7807  test_acc=58.72%  (best 63.23 @ ep 29)  [2.6s]
  ep  42: loss=0.7586  test_acc=61.67%  (best 63.23 @ ep 29)  [2.4s]
  ep  43: loss=0.7494  test_acc=62.71%  (best 63.23 @ ep 29)  [2.2s]
  ep  44: loss=0.7531  test_acc=61.88%  (best 63.23 @ ep 29)  [2.4s]
  ep  45: loss=0.7225  test_acc=55.61%  (best 63.23 @ ep 29)  [2.4s]
  ep  46: loss=0.7286  test_acc=58.84%  (best 63.23 @ ep 29)  [2.6s]
  ep  47: loss=0.7054  test_acc=63.33%  (best 63.33 @ ep 47)  [2.4s]
  ep  48: loss=0.7209  test_acc=58.03%  (best 63.33 @ ep 47)  [2.5s]
  ep  49: loss=0.7138  test_acc=46.70%  (best 63.33 @ ep 47)  [2.4s]
  ep  50: loss=0.7299  test_acc=59.75%  (best 63.33 @ ep 47)  [2.4s]
  ep  51: loss=0.6761  test_acc=61.13%  (best 63.33 @ ep 47)  [2.4s]
  ep  52: loss=0.6869  test_acc=59.37%  (best 63.33 @ ep 47)  [2.6s]
  ep  53: loss=0.7344  test_acc=44.13%  (best 63.33 @ ep 47)  [2.5s]
  ep  54: loss=0.8602  test_acc=54.65%  (best 63.33 @ ep 47)  [2.4s]
  ep  55: loss=0.7408  test_acc=56.46%  (best 63.33 @ ep 47)  [2.4s]
  ep  56: loss=0.6965  test_acc=61.34%  (best 63.33 @ ep 47)  [4.2s]
  ep  57: loss=0.6827  test_acc=63.65%  (best 63.65 @ ep 57)  [5.5s]
  ep  58: loss=0.6631  test_acc=62.42%  (best 63.65 @ ep 57)  [5.0s]
  ep  59: loss=0.7396  test_acc=59.36%  (best 63.65 @ ep 57)  [4.5s]
  ep  60: loss=0.6990  test_acc=64.51%  (best 64.51 @ ep 60)  [4.7s]
  ep  61: loss=0.6932  test_acc=58.01%  (best 64.51 @ ep 60)  [2.3s]
  ep  62: loss=0.6421  test_acc=63.40%  (best 64.51 @ ep 60)  [2.3s]
  ep  63: loss=0.6409  test_acc=60.81%  (best 64.51 @ ep 60)  [2.4s]
  ep  64: loss=0.6481  test_acc=61.76%  (best 64.51 @ ep 60)  [2.3s]
  ep  65: loss=0.6733  test_acc=62.72%  (best 64.51 @ ep 60)  [2.3s]
  ep  66: loss=0.6163  test_acc=60.90%  (best 64.51 @ ep 60)  [2.5s]
  ep  67: loss=0.6163  test_acc=60.79%  (best 64.51 @ ep 60)  [2.6s]
  ep  68: loss=0.6565  test_acc=59.78%  (best 64.51 @ ep 60)  [2.6s]
  ep  69: loss=0.5896  test_acc=62.62%  (best 64.51 @ ep 60)  [2.5s]
  ep  70: loss=0.5586  test_acc=62.65%  (best 64.51 @ ep 60)  [2.4s]
  ep  71: loss=0.5405  test_acc=64.07%  (best 64.51 @ ep 60)  [2.4s]
  ep  72: loss=0.5835  test_acc=61.93%  (best 64.51 @ ep 60)  [2.3s]
  ep  73: loss=0.5781  test_acc=62.04%  (best 64.51 @ ep 60)  [2.5s]
  ep  74: loss=0.5298  test_acc=62.65%  (best 64.51 @ ep 60)  [2.4s]
  ep  75: loss=0.5429  test_acc=61.61%  (best 64.51 @ ep 60)  [2.6s]
  ep  76: loss=0.5431  test_acc=65.35%  (best 65.35 @ ep 76)  [2.6s]
  ep  77: loss=0.4974  test_acc=62.02%  (best 65.35 @ ep 76)  [2.4s]
  ep  78: loss=0.4729  test_acc=60.84%  (best 65.35 @ ep 76)  [2.4s]
  ep  79: loss=0.4865  test_acc=63.32%  (best 65.35 @ ep 76)  [2.5s]
  ep  80: loss=0.4500  test_acc=60.77%  (best 65.35 @ ep 76)  [2.4s]
  ep  81: loss=0.4435  test_acc=63.57%  (best 65.35 @ ep 76)  [2.4s]
  ep  82: loss=0.4236  test_acc=62.12%  (best 65.35 @ ep 76)  [2.4s]
  ep  83: loss=0.4152  test_acc=62.82%  (best 65.35 @ ep 76)  [2.5s]
  ep  84: loss=0.3957  test_acc=60.55%  (best 65.35 @ ep 76)  [2.5s]
  ep  85: loss=0.3903  test_acc=61.99%  (best 65.35 @ ep 76)  [2.4s]
  ep  86: loss=0.3818  test_acc=62.88%  (best 65.35 @ ep 76)  [2.7s]
  ep  87: loss=0.3650  test_acc=61.99%  (best 65.35 @ ep 76)  [4.7s]
  ep  88: loss=0.3545  test_acc=61.16%  (best 65.35 @ ep 76)  [4.6s]
  ep  89: loss=0.3415  test_acc=60.28%  (best 65.35 @ ep 76)  [2.4s]
  ep  90: loss=0.3330  test_acc=62.27%  (best 65.35 @ ep 76)  [2.4s]
  ep  91: loss=0.3229  test_acc=61.97%  (best 65.35 @ ep 76)  [2.4s]
  ep  92: loss=0.3261  test_acc=60.98%  (best 65.35 @ ep 76)  [2.4s]
  ep  93: loss=0.3128  test_acc=62.11%  (best 65.35 @ ep 76)  [2.3s]
  ep  94: loss=0.3085  test_acc=62.61%  (best 65.35 @ ep 76)  [2.3s]
  ep  95: loss=0.3091  test_acc=60.99%  (best 65.35 @ ep 76)  [2.5s]
  ep  96: loss=0.3078  test_acc=61.34%  (best 65.35 @ ep 76)  [2.3s]
  ep  97: loss=0.3013  test_acc=60.46%  (best 65.35 @ ep 76)  [2.3s]
  ep  98: loss=0.2983  test_acc=62.66%  (best 65.35 @ ep 76)  [2.3s]
  ep  99: loss=0.2999  test_acc=62.01%  (best 65.35 @ ep 76)  [2.3s]

saved /path/to/ciln-workspace/journal_edition/robustness_transfer/results_v3/erm/ours__fog_sev3__seed0.json: best 65.35% @ ep 76
