/path/to/ciln-workspace/venv/lib/python3.12/site-packages/torchvision/datasets/cifar.py:83: VisibleDeprecationWarning: dtype(): align should be passed as Python or NumPy boolean but got `align=0`. Did you mean to pass a tuple to create a subarray type? (Deprecated NumPy 2.4)
  entry = pickle.load(f, encoding="latin1")
condition=ours__brightness_sev5 seed=1 gpu=1
  ep   0: loss=1.8609  test_acc=19.30%  (best 19.30 @ ep 0)  [3.1s]
  ep   1: loss=1.6887  test_acc=17.87%  (best 19.30 @ ep 0)  [2.4s]
  ep   2: loss=1.7544  test_acc=25.12%  (best 25.12 @ ep 2)  [2.5s]
  ep   3: loss=1.5770  test_acc=29.54%  (best 29.54 @ ep 3)  [2.5s]
  ep   4: loss=1.4427  test_acc=36.49%  (best 36.49 @ ep 4)  [2.4s]
  ep   5: loss=1.3251  test_acc=36.30%  (best 36.49 @ ep 4)  [2.2s]
  ep   6: loss=1.2542  test_acc=41.67%  (best 41.67 @ ep 6)  [2.2s]
  ep   7: loss=1.2577  test_acc=36.66%  (best 41.67 @ ep 6)  [2.3s]
  ep   8: loss=1.1961  test_acc=43.63%  (best 43.63 @ ep 8)  [2.3s]
  ep   9: loss=1.1168  test_acc=50.42%  (best 50.42 @ ep 9)  [2.3s]
  ep  10: loss=1.0494  test_acc=41.57%  (best 50.42 @ ep 9)  [2.2s]
  ep  11: loss=1.0258  test_acc=44.64%  (best 50.42 @ ep 9)  [2.3s]
  ep  12: loss=0.9824  test_acc=53.01%  (best 53.01 @ ep 12)  [2.2s]
  ep  13: loss=0.9511  test_acc=57.37%  (best 57.37 @ ep 13)  [2.4s]
  ep  14: loss=0.9969  test_acc=52.20%  (best 57.37 @ ep 13)  [2.3s]
  ep  15: loss=0.9776  test_acc=50.14%  (best 57.37 @ ep 13)  [2.3s]
  ep  16: loss=0.9288  test_acc=51.43%  (best 57.37 @ ep 13)  [2.4s]
  ep  17: loss=0.9241  test_acc=57.73%  (best 57.73 @ ep 17)  [2.2s]
  ep  18: loss=0.8843  test_acc=53.47%  (best 57.73 @ ep 17)  [2.3s]
  ep  19: loss=0.9384  test_acc=56.56%  (best 57.73 @ ep 17)  [2.4s]
  ep  20: loss=0.8764  test_acc=54.08%  (best 57.73 @ ep 17)  [2.6s]
  ep  21: loss=0.8732  test_acc=53.47%  (best 57.73 @ ep 17)  [2.4s]
  ep  22: loss=0.8705  test_acc=55.71%  (best 57.73 @ ep 17)  [2.4s]
  ep  23: loss=0.9054  test_acc=55.21%  (best 57.73 @ ep 17)  [2.5s]
  ep  24: loss=0.8349  test_acc=52.41%  (best 57.73 @ ep 17)  [2.5s]
  ep  25: loss=0.8274  test_acc=47.04%  (best 57.73 @ ep 17)  [2.4s]
  ep  26: loss=0.8996  test_acc=47.97%  (best 57.73 @ ep 17)  [2.4s]
  ep  27: loss=0.9514  test_acc=54.10%  (best 57.73 @ ep 17)  [2.4s]
  ep  28: loss=0.8452  test_acc=57.30%  (best 57.73 @ ep 17)  [2.5s]
  ep  29: loss=0.8572  test_acc=61.00%  (best 61.00 @ ep 29)  [2.3s]
  ep  30: loss=0.8032  test_acc=56.90%  (best 61.00 @ ep 29)  [2.4s]
  ep  31: loss=0.8390  test_acc=61.80%  (best 61.80 @ ep 31)  [2.5s]
  ep  32: loss=0.7823  test_acc=60.17%  (best 61.80 @ ep 31)  [2.3s]
  ep  33: loss=0.7805  test_acc=53.48%  (best 61.80 @ ep 31)  [2.4s]
  ep  34: loss=0.8298  test_acc=56.26%  (best 61.80 @ ep 31)  [2.2s]
  ep  35: loss=0.7887  test_acc=54.53%  (best 61.80 @ ep 31)  [2.2s]
  ep  36: loss=0.7711  test_acc=57.27%  (best 61.80 @ ep 31)  [2.4s]
  ep  37: loss=0.7596  test_acc=54.87%  (best 61.80 @ ep 31)  [2.4s]
  ep  38: loss=0.7731  test_acc=57.80%  (best 61.80 @ ep 31)  [2.3s]
  ep  39: loss=0.8001  test_acc=58.91%  (best 61.80 @ ep 31)  [2.4s]
  ep  40: loss=0.7512  test_acc=56.48%  (best 61.80 @ ep 31)  [2.4s]
  ep  41: loss=0.7785  test_acc=61.51%  (best 61.80 @ ep 31)  [2.3s]
  ep  42: loss=0.7193  test_acc=58.32%  (best 61.80 @ ep 31)  [2.3s]
  ep  43: loss=0.7131  test_acc=57.72%  (best 61.80 @ ep 31)  [2.4s]
  ep  44: loss=0.7667  test_acc=56.23%  (best 61.80 @ ep 31)  [2.4s]
  ep  45: loss=0.7342  test_acc=60.11%  (best 61.80 @ ep 31)  [2.3s]
  ep  46: loss=0.7138  test_acc=61.46%  (best 61.80 @ ep 31)  [2.4s]
  ep  47: loss=0.6878  test_acc=61.71%  (best 61.80 @ ep 31)  [2.4s]
  ep  48: loss=0.7903  test_acc=59.32%  (best 61.80 @ ep 31)  [2.5s]
  ep  49: loss=0.7710  test_acc=56.34%  (best 61.80 @ ep 31)  [2.2s]
  ep  50: loss=0.7979  test_acc=61.52%  (best 61.80 @ ep 31)  [2.4s]
  ep  51: loss=0.7068  test_acc=60.84%  (best 61.80 @ ep 31)  [2.2s]
  ep  52: loss=0.8280  test_acc=60.08%  (best 61.80 @ ep 31)  [2.3s]
  ep  53: loss=0.7457  test_acc=61.86%  (best 61.86 @ ep 53)  [2.4s]
  ep  54: loss=0.6963  test_acc=61.81%  (best 61.86 @ ep 53)  [2.4s]
  ep  55: loss=0.6856  test_acc=62.62%  (best 62.62 @ ep 55)  [2.4s]
  ep  56: loss=0.6586  test_acc=61.84%  (best 62.62 @ ep 55)  [7.4s]
  ep  57: loss=0.6760  test_acc=63.18%  (best 63.18 @ ep 57)  [2.3s]
  ep  58: loss=0.6368  test_acc=56.61%  (best 63.18 @ ep 57)  [2.3s]
  ep  59: loss=0.6817  test_acc=57.31%  (best 63.18 @ ep 57)  [2.5s]
  ep  60: loss=0.6496  test_acc=58.79%  (best 63.18 @ ep 57)  [2.5s]
  ep  61: loss=0.6734  test_acc=61.29%  (best 63.18 @ ep 57)  [2.3s]
  ep  62: loss=0.6449  test_acc=60.65%  (best 63.18 @ ep 57)  [2.5s]
  ep  63: loss=0.6109  test_acc=60.06%  (best 63.18 @ ep 57)  [2.5s]
  ep  64: loss=0.6278  test_acc=64.92%  (best 64.92 @ ep 64)  [2.4s]
  ep  65: loss=0.5986  test_acc=65.28%  (best 65.28 @ ep 65)  [2.3s]
  ep  66: loss=0.6123  test_acc=63.60%  (best 65.28 @ ep 65)  [2.5s]
  ep  67: loss=0.5677  test_acc=57.96%  (best 65.28 @ ep 65)  [2.3s]
  ep  68: loss=0.5804  test_acc=62.48%  (best 65.28 @ ep 65)  [2.5s]
  ep  69: loss=0.5806  test_acc=60.90%  (best 65.28 @ ep 65)  [2.5s]
  ep  70: loss=0.6333  test_acc=63.50%  (best 65.28 @ ep 65)  [2.3s]
  ep  71: loss=0.5742  test_acc=61.97%  (best 65.28 @ ep 65)  [2.5s]
  ep  72: loss=0.5417  test_acc=64.27%  (best 65.28 @ ep 65)  [2.5s]
  ep  73: loss=0.5360  test_acc=62.19%  (best 65.28 @ ep 65)  [2.3s]
  ep  74: loss=0.5226  test_acc=62.32%  (best 65.28 @ ep 65)  [2.4s]
  ep  75: loss=0.5399  test_acc=63.66%  (best 65.28 @ ep 65)  [2.3s]
  ep  76: loss=0.4887  test_acc=63.98%  (best 65.28 @ ep 65)  [2.3s]
  ep  77: loss=0.4803  test_acc=62.79%  (best 65.28 @ ep 65)  [2.4s]
  ep  78: loss=0.5195  test_acc=62.57%  (best 65.28 @ ep 65)  [2.4s]
  ep  79: loss=0.4584  test_acc=61.88%  (best 65.28 @ ep 65)  [2.2s]
  ep  80: loss=0.4439  test_acc=61.22%  (best 65.28 @ ep 65)  [2.4s]
  ep  81: loss=0.4583  test_acc=62.51%  (best 65.28 @ ep 65)  [2.3s]
  ep  82: loss=0.4239  test_acc=62.89%  (best 65.28 @ ep 65)  [2.3s]
  ep  83: loss=0.4239  test_acc=62.50%  (best 65.28 @ ep 65)  [4.3s]
  ep  84: loss=0.3955  test_acc=62.08%  (best 65.28 @ ep 65)  [2.3s]
  ep  85: loss=0.3833  test_acc=62.95%  (best 65.28 @ ep 65)  [2.3s]
  ep  86: loss=0.3611  test_acc=60.96%  (best 65.28 @ ep 65)  [2.4s]
  ep  87: loss=0.3842  test_acc=62.63%  (best 65.28 @ ep 65)  [2.5s]
  ep  88: loss=0.3635  test_acc=63.33%  (best 65.28 @ ep 65)  [2.4s]
  ep  89: loss=0.3558  test_acc=63.96%  (best 65.28 @ ep 65)  [2.4s]
  ep  90: loss=0.3388  test_acc=60.51%  (best 65.28 @ ep 65)  [2.3s]
  ep  91: loss=0.3380  test_acc=61.11%  (best 65.28 @ ep 65)  [2.3s]
  ep  92: loss=0.3271  test_acc=62.08%  (best 65.28 @ ep 65)  [2.4s]
  ep  93: loss=0.3286  test_acc=60.78%  (best 65.28 @ ep 65)  [2.4s]
  ep  94: loss=0.3165  test_acc=61.36%  (best 65.28 @ ep 65)  [2.3s]
  ep  95: loss=0.3104  test_acc=62.15%  (best 65.28 @ ep 65)  [2.3s]
  ep  96: loss=0.3056  test_acc=61.31%  (best 65.28 @ ep 65)  [2.3s]
  ep  97: loss=0.3039  test_acc=61.43%  (best 65.28 @ ep 65)  [2.5s]
  ep  98: loss=0.3042  test_acc=62.15%  (best 65.28 @ ep 65)  [2.5s]
  ep  99: loss=0.3039  test_acc=59.46%  (best 65.28 @ ep 65)  [2.3s]

saved /path/to/ciln-workspace/journal_edition/robustness_transfer/results_v3/erm/ours__brightness_sev5__seed1.json: best 65.28% @ ep 65
