/path/to/ciln-workspace/venv/lib/python3.12/site-packages/torchvision/datasets/cifar.py:83: VisibleDeprecationWarning: dtype(): align should be passed as Python or NumPy boolean but got `align=0`. Did you mean to pass a tuple to create a subarray type? (Deprecated NumPy 2.4)
  entry = pickle.load(f, encoding="latin1")
condition=ours__impulse_noise_sev3 seed=2 gpu=2
  ep   0: loss=1.8323  test_acc=20.75%  (best 20.75 @ ep 0)  [3.2s]
  ep   1: loss=1.6231  test_acc=29.68%  (best 29.68 @ ep 1)  [2.3s]
  ep   2: loss=1.4241  test_acc=38.30%  (best 38.30 @ ep 2)  [2.5s]
  ep   3: loss=1.2907  test_acc=32.84%  (best 38.30 @ ep 2)  [2.4s]
  ep   4: loss=1.3200  test_acc=41.81%  (best 41.81 @ ep 4)  [2.3s]
  ep   5: loss=1.1636  test_acc=33.77%  (best 41.81 @ ep 4)  [2.4s]
  ep   6: loss=1.1483  test_acc=43.72%  (best 43.72 @ ep 6)  [2.4s]
  ep   7: loss=1.0922  test_acc=46.83%  (best 46.83 @ ep 7)  [2.3s]
  ep   8: loss=1.1630  test_acc=46.98%  (best 46.98 @ ep 8)  [2.4s]
  ep   9: loss=1.0786  test_acc=37.75%  (best 46.98 @ ep 8)  [2.5s]
  ep  10: loss=1.0195  test_acc=48.56%  (best 48.56 @ ep 10)  [2.4s]
  ep  11: loss=1.0010  test_acc=50.25%  (best 50.25 @ ep 11)  [2.4s]
  ep  12: loss=1.0249  test_acc=42.67%  (best 50.25 @ ep 11)  [2.4s]
  ep  13: loss=1.0253  test_acc=55.34%  (best 55.34 @ ep 13)  [2.4s]
  ep  14: loss=0.9439  test_acc=54.87%  (best 55.34 @ ep 13)  [2.4s]
  ep  15: loss=0.9439  test_acc=44.85%  (best 55.34 @ ep 13)  [2.6s]
  ep  16: loss=0.9747  test_acc=45.91%  (best 55.34 @ ep 13)  [3.1s]
  ep  17: loss=0.9321  test_acc=45.00%  (best 55.34 @ ep 13)  [4.8s]
  ep  18: loss=0.9794  test_acc=47.63%  (best 55.34 @ ep 13)  [6.1s]
  ep  19: loss=0.9502  test_acc=54.31%  (best 55.34 @ ep 13)  [4.4s]
  ep  20: loss=0.9056  test_acc=56.94%  (best 56.94 @ ep 20)  [4.6s]
  ep  21: loss=0.9393  test_acc=55.08%  (best 56.94 @ ep 20)  [2.2s]
  ep  22: loss=0.9155  test_acc=57.00%  (best 57.00 @ ep 22)  [2.4s]
  ep  23: loss=0.8990  test_acc=51.54%  (best 57.00 @ ep 22)  [2.3s]
  ep  24: loss=0.8865  test_acc=56.06%  (best 57.00 @ ep 22)  [2.3s]
  ep  25: loss=0.8474  test_acc=50.73%  (best 57.00 @ ep 22)  [2.3s]
  ep  26: loss=0.9238  test_acc=54.45%  (best 57.00 @ ep 22)  [2.3s]
  ep  27: loss=0.8908  test_acc=58.41%  (best 58.41 @ ep 27)  [2.5s]
  ep  28: loss=0.8413  test_acc=53.24%  (best 58.41 @ ep 27)  [2.5s]
  ep  29: loss=0.9373  test_acc=54.68%  (best 58.41 @ ep 27)  [2.3s]
  ep  30: loss=0.8449  test_acc=53.03%  (best 58.41 @ ep 27)  [2.5s]
  ep  31: loss=0.8588  test_acc=54.26%  (best 58.41 @ ep 27)  [2.5s]
  ep  32: loss=0.8670  test_acc=54.43%  (best 58.41 @ ep 27)  [2.4s]
  ep  33: loss=0.8234  test_acc=50.65%  (best 58.41 @ ep 27)  [2.3s]
  ep  34: loss=0.8152  test_acc=53.98%  (best 58.41 @ ep 27)  [2.3s]
  ep  35: loss=0.8297  test_acc=54.31%  (best 58.41 @ ep 27)  [2.3s]
  ep  36: loss=0.8919  test_acc=50.22%  (best 58.41 @ ep 27)  [2.4s]
  ep  37: loss=0.8302  test_acc=55.82%  (best 58.41 @ ep 27)  [2.4s]
  ep  38: loss=0.8519  test_acc=54.94%  (best 58.41 @ ep 27)  [2.3s]
  ep  39: loss=0.8197  test_acc=59.51%  (best 59.51 @ ep 39)  [2.3s]
  ep  40: loss=0.8572  test_acc=57.12%  (best 59.51 @ ep 39)  [2.5s]
  ep  41: loss=0.8263  test_acc=48.82%  (best 59.51 @ ep 39)  [2.4s]
  ep  42: loss=0.8902  test_acc=52.37%  (best 59.51 @ ep 39)  [2.4s]
  ep  43: loss=0.8673  test_acc=56.07%  (best 59.51 @ ep 39)  [2.6s]
  ep  44: loss=0.8501  test_acc=56.66%  (best 59.51 @ ep 39)  [2.4s]
  ep  45: loss=0.8264  test_acc=59.28%  (best 59.51 @ ep 39)  [2.3s]
  ep  46: loss=0.7687  test_acc=57.66%  (best 59.51 @ ep 39)  [3.7s]
  ep  47: loss=0.8427  test_acc=51.79%  (best 59.51 @ ep 39)  [4.8s]
  ep  48: loss=0.8247  test_acc=61.99%  (best 61.99 @ ep 48)  [5.5s]
  ep  49: loss=0.7960  test_acc=52.73%  (best 61.99 @ ep 48)  [4.7s]
  ep  50: loss=0.7895  test_acc=58.79%  (best 61.99 @ ep 48)  [4.6s]
  ep  51: loss=0.7591  test_acc=60.78%  (best 61.99 @ ep 48)  [2.5s]
  ep  52: loss=0.7369  test_acc=57.36%  (best 61.99 @ ep 48)  [2.4s]
  ep  53: loss=0.7259  test_acc=61.80%  (best 61.99 @ ep 48)  [2.5s]
  ep  54: loss=0.7011  test_acc=61.87%  (best 61.99 @ ep 48)  [2.3s]
  ep  55: loss=0.7336  test_acc=56.54%  (best 61.99 @ ep 48)  [2.4s]
  ep  56: loss=0.6869  test_acc=55.89%  (best 61.99 @ ep 48)  [2.3s]
  ep  57: loss=0.7304  test_acc=54.32%  (best 61.99 @ ep 48)  [2.3s]
  ep  58: loss=0.7258  test_acc=61.62%  (best 61.99 @ ep 48)  [2.4s]
  ep  59: loss=0.6940  test_acc=57.86%  (best 61.99 @ ep 48)  [2.4s]
  ep  60: loss=0.6977  test_acc=61.46%  (best 61.99 @ ep 48)  [2.4s]
  ep  61: loss=0.6928  test_acc=59.18%  (best 61.99 @ ep 48)  [2.4s]
  ep  62: loss=0.6888  test_acc=60.37%  (best 61.99 @ ep 48)  [2.3s]
  ep  63: loss=0.6510  test_acc=61.62%  (best 61.99 @ ep 48)  [2.3s]
  ep  64: loss=0.6614  test_acc=59.37%  (best 61.99 @ ep 48)  [2.3s]
  ep  65: loss=0.6678  test_acc=59.28%  (best 61.99 @ ep 48)  [2.5s]
  ep  66: loss=0.6161  test_acc=60.69%  (best 61.99 @ ep 48)  [2.3s]
  ep  67: loss=0.6095  test_acc=58.26%  (best 61.99 @ ep 48)  [2.4s]
  ep  68: loss=0.7627  test_acc=60.03%  (best 61.99 @ ep 48)  [2.3s]
  ep  69: loss=0.6511  test_acc=62.91%  (best 62.91 @ ep 69)  [2.3s]
  ep  70: loss=0.6463  test_acc=60.84%  (best 62.91 @ ep 69)  [2.4s]
  ep  71: loss=0.6063  test_acc=61.43%  (best 62.91 @ ep 69)  [2.5s]
  ep  72: loss=0.5953  test_acc=59.25%  (best 62.91 @ ep 69)  [2.4s]
  ep  73: loss=0.5756  test_acc=62.41%  (best 62.91 @ ep 69)  [2.4s]
  ep  74: loss=0.6620  test_acc=62.46%  (best 62.91 @ ep 69)  [2.4s]
  ep  75: loss=0.5851  test_acc=60.35%  (best 62.91 @ ep 69)  [2.4s]
  ep  76: loss=0.5654  test_acc=62.04%  (best 62.91 @ ep 69)  [2.3s]
  ep  77: loss=0.5557  test_acc=60.50%  (best 62.91 @ ep 69)  [2.3s]
  ep  78: loss=0.5517  test_acc=62.00%  (best 62.91 @ ep 69)  [2.5s]
  ep  79: loss=0.5042  test_acc=60.55%  (best 62.91 @ ep 69)  [2.4s]
  ep  80: loss=0.5007  test_acc=59.00%  (best 62.91 @ ep 69)  [2.4s]
  ep  81: loss=0.4782  test_acc=61.76%  (best 62.91 @ ep 69)  [2.4s]
  ep  82: loss=0.4738  test_acc=60.13%  (best 62.91 @ ep 69)  [2.5s]
  ep  83: loss=0.4571  test_acc=61.65%  (best 62.91 @ ep 69)  [2.4s]
  ep  84: loss=0.4404  test_acc=60.66%  (best 62.91 @ ep 69)  [2.4s]
  ep  85: loss=0.4968  test_acc=60.54%  (best 62.91 @ ep 69)  [2.4s]
  ep  86: loss=0.4399  test_acc=61.08%  (best 62.91 @ ep 69)  [2.4s]
  ep  87: loss=0.4195  test_acc=60.44%  (best 62.91 @ ep 69)  [2.3s]
  ep  88: loss=0.4097  test_acc=60.61%  (best 62.91 @ ep 69)  [2.4s]
  ep  89: loss=0.4131  test_acc=60.73%  (best 62.91 @ ep 69)  [2.4s]
  ep  90: loss=0.3942  test_acc=61.42%  (best 62.91 @ ep 69)  [2.4s]
  ep  91: loss=0.3815  test_acc=60.36%  (best 62.91 @ ep 69)  [2.3s]
  ep  92: loss=0.3762  test_acc=60.14%  (best 62.91 @ ep 69)  [2.4s]
  ep  93: loss=0.3730  test_acc=60.96%  (best 62.91 @ ep 69)  [2.4s]
  ep  94: loss=0.3664  test_acc=60.20%  (best 62.91 @ ep 69)  [2.5s]
  ep  95: loss=0.3550  test_acc=60.20%  (best 62.91 @ ep 69)  [2.3s]
  ep  96: loss=0.3580  test_acc=60.65%  (best 62.91 @ ep 69)  [2.3s]
  ep  97: loss=0.3528  test_acc=59.67%  (best 62.91 @ ep 69)  [2.4s]
  ep  98: loss=0.3546  test_acc=61.04%  (best 62.91 @ ep 69)  [2.4s]
  ep  99: loss=0.3506  test_acc=60.68%  (best 62.91 @ ep 69)  [2.3s]

saved /path/to/ciln-workspace/journal_edition/robustness_transfer/results_v3/erm/ours__impulse_noise_sev3__seed2.json: best 62.91% @ ep 69
