/path/to/ciln-workspace/venv/lib/python3.12/site-packages/torchvision/datasets/cifar.py:83: VisibleDeprecationWarning: dtype(): align should be passed as Python or NumPy boolean but got `align=0`. Did you mean to pass a tuple to create a subarray type? (Deprecated NumPy 2.4)
  entry = pickle.load(f, encoding="latin1")
condition=ours__brightness_sev5 seed=2 gpu=1
  ep   0: loss=1.8029  test_acc=26.16%  (best 26.16 @ ep 0)  [3.1s]
  ep   1: loss=1.4836  test_acc=34.62%  (best 34.62 @ ep 1)  [2.4s]
  ep   2: loss=1.3606  test_acc=42.21%  (best 42.21 @ ep 2)  [2.2s]
  ep   3: loss=1.2056  test_acc=41.81%  (best 42.21 @ ep 2)  [2.4s]
  ep   4: loss=1.1506  test_acc=47.34%  (best 47.34 @ ep 4)  [2.3s]
  ep   5: loss=1.0807  test_acc=45.66%  (best 47.34 @ ep 4)  [2.4s]
  ep   6: loss=1.0471  test_acc=52.51%  (best 52.51 @ ep 6)  [7.1s]
  ep   7: loss=1.0100  test_acc=51.84%  (best 52.51 @ ep 6)  [2.3s]
  ep   8: loss=1.0577  test_acc=55.63%  (best 55.63 @ ep 8)  [2.4s]
  ep   9: loss=0.9689  test_acc=51.97%  (best 55.63 @ ep 8)  [2.2s]
  ep  10: loss=0.9364  test_acc=52.80%  (best 55.63 @ ep 8)  [2.3s]
  ep  11: loss=0.9355  test_acc=50.63%  (best 55.63 @ ep 8)  [2.4s]
  ep  12: loss=0.8968  test_acc=54.89%  (best 55.63 @ ep 8)  [2.5s]
  ep  13: loss=0.9564  test_acc=59.07%  (best 59.07 @ ep 13)  [2.5s]
  ep  14: loss=0.8929  test_acc=52.50%  (best 59.07 @ ep 13)  [2.5s]
  ep  15: loss=0.9017  test_acc=48.47%  (best 59.07 @ ep 13)  [2.5s]
  ep  16: loss=0.9352  test_acc=49.79%  (best 59.07 @ ep 13)  [2.4s]
  ep  17: loss=0.8798  test_acc=49.45%  (best 59.07 @ ep 13)  [2.5s]
  ep  18: loss=0.9569  test_acc=54.27%  (best 59.07 @ ep 13)  [2.3s]
  ep  19: loss=0.8767  test_acc=54.49%  (best 59.07 @ ep 13)  [2.2s]
  ep  20: loss=0.8818  test_acc=56.06%  (best 59.07 @ ep 13)  [2.4s]
  ep  21: loss=0.8220  test_acc=60.66%  (best 60.66 @ ep 21)  [2.3s]
  ep  22: loss=0.8619  test_acc=58.93%  (best 60.66 @ ep 21)  [2.3s]
  ep  23: loss=0.8758  test_acc=54.15%  (best 60.66 @ ep 21)  [2.3s]
  ep  24: loss=0.8216  test_acc=62.99%  (best 62.99 @ ep 24)  [2.4s]
  ep  25: loss=0.8035  test_acc=60.77%  (best 62.99 @ ep 24)  [2.4s]
  ep  26: loss=0.8309  test_acc=56.57%  (best 62.99 @ ep 24)  [2.3s]
  ep  27: loss=0.8459  test_acc=56.84%  (best 62.99 @ ep 24)  [2.3s]
  ep  28: loss=0.7935  test_acc=54.50%  (best 62.99 @ ep 24)  [2.5s]
  ep  29: loss=0.7711  test_acc=55.85%  (best 62.99 @ ep 24)  [2.3s]
  ep  30: loss=0.7826  test_acc=53.34%  (best 62.99 @ ep 24)  [2.3s]
  ep  31: loss=0.8776  test_acc=51.75%  (best 62.99 @ ep 24)  [2.5s]
  ep  32: loss=0.8472  test_acc=54.99%  (best 62.99 @ ep 24)  [4.1s]
  ep  33: loss=0.7865  test_acc=51.88%  (best 62.99 @ ep 24)  [2.2s]
  ep  34: loss=0.7843  test_acc=60.52%  (best 62.99 @ ep 24)  [2.2s]
  ep  35: loss=0.7744  test_acc=61.30%  (best 62.99 @ ep 24)  [2.2s]
  ep  36: loss=0.7486  test_acc=55.39%  (best 62.99 @ ep 24)  [2.3s]
  ep  37: loss=0.8275  test_acc=60.71%  (best 62.99 @ ep 24)  [2.5s]
  ep  38: loss=0.7498  test_acc=51.30%  (best 62.99 @ ep 24)  [2.2s]
  ep  39: loss=0.7658  test_acc=52.67%  (best 62.99 @ ep 24)  [2.5s]
  ep  40: loss=0.7775  test_acc=55.75%  (best 62.99 @ ep 24)  [2.4s]
  ep  41: loss=0.7619  test_acc=61.73%  (best 62.99 @ ep 24)  [2.5s]
  ep  42: loss=0.7611  test_acc=57.67%  (best 62.99 @ ep 24)  [2.2s]
  ep  43: loss=0.7471  test_acc=56.40%  (best 62.99 @ ep 24)  [2.2s]
  ep  44: loss=0.7540  test_acc=62.28%  (best 62.99 @ ep 24)  [2.3s]
  ep  45: loss=0.7107  test_acc=63.91%  (best 63.91 @ ep 45)  [2.3s]
  ep  46: loss=0.6906  test_acc=60.82%  (best 63.91 @ ep 45)  [2.3s]
  ep  47: loss=0.7258  test_acc=51.71%  (best 63.91 @ ep 45)  [2.4s]
  ep  48: loss=0.8009  test_acc=63.72%  (best 63.91 @ ep 45)  [2.3s]
  ep  49: loss=0.7173  test_acc=56.71%  (best 63.91 @ ep 45)  [2.4s]
  ep  50: loss=0.7186  test_acc=61.67%  (best 63.91 @ ep 45)  [2.5s]
  ep  51: loss=0.6810  test_acc=57.48%  (best 63.91 @ ep 45)  [2.5s]
  ep  52: loss=0.6786  test_acc=64.21%  (best 64.21 @ ep 52)  [2.4s]
  ep  53: loss=0.6756  test_acc=63.59%  (best 64.21 @ ep 52)  [2.4s]
  ep  54: loss=0.7007  test_acc=63.31%  (best 64.21 @ ep 52)  [2.5s]
  ep  55: loss=0.7265  test_acc=60.56%  (best 64.21 @ ep 52)  [2.4s]
  ep  56: loss=0.6817  test_acc=47.57%  (best 64.21 @ ep 52)  [2.4s]
  ep  57: loss=0.6925  test_acc=62.27%  (best 64.21 @ ep 52)  [2.3s]
  ep  58: loss=0.7005  test_acc=50.64%  (best 64.21 @ ep 52)  [2.3s]
  ep  59: loss=0.8059  test_acc=60.00%  (best 64.21 @ ep 52)  [2.6s]
  ep  60: loss=0.6681  test_acc=60.63%  (best 64.21 @ ep 52)  [2.3s]
  ep  61: loss=0.7339  test_acc=62.50%  (best 64.21 @ ep 52)  [2.2s]
  ep  62: loss=0.6503  test_acc=61.69%  (best 64.21 @ ep 52)  [2.2s]
  ep  63: loss=0.6850  test_acc=61.59%  (best 64.21 @ ep 52)  [2.3s]
  ep  64: loss=0.6289  test_acc=59.87%  (best 64.21 @ ep 52)  [2.2s]
  ep  65: loss=0.6046  test_acc=64.86%  (best 64.86 @ ep 65)  [2.3s]
  ep  66: loss=0.5825  test_acc=61.23%  (best 64.86 @ ep 65)  [2.3s]
  ep  67: loss=0.5675  test_acc=60.48%  (best 64.86 @ ep 65)  [2.4s]
  ep  68: loss=0.5609  test_acc=64.43%  (best 64.86 @ ep 65)  [2.3s]
  ep  69: loss=0.5741  test_acc=61.60%  (best 64.86 @ ep 65)  [2.4s]
  ep  70: loss=0.5369  test_acc=61.57%  (best 64.86 @ ep 65)  [2.4s]
  ep  71: loss=0.5515  test_acc=61.53%  (best 64.86 @ ep 65)  [2.3s]
  ep  72: loss=0.5210  test_acc=62.02%  (best 64.86 @ ep 65)  [2.4s]
  ep  73: loss=0.5064  test_acc=61.71%  (best 64.86 @ ep 65)  [2.3s]
  ep  74: loss=0.4909  test_acc=59.39%  (best 64.86 @ ep 65)  [2.2s]
  ep  75: loss=0.4874  test_acc=61.33%  (best 64.86 @ ep 65)  [2.6s]
  ep  76: loss=0.4847  test_acc=61.84%  (best 64.86 @ ep 65)  [2.4s]
  ep  77: loss=0.4806  test_acc=61.29%  (best 64.86 @ ep 65)  [2.5s]
  ep  78: loss=0.4425  test_acc=61.53%  (best 64.86 @ ep 65)  [2.4s]
  ep  79: loss=0.4752  test_acc=59.72%  (best 64.86 @ ep 65)  [2.2s]
  ep  80: loss=0.4417  test_acc=62.29%  (best 64.86 @ ep 65)  [2.4s]
  ep  81: loss=0.4274  test_acc=59.07%  (best 64.86 @ ep 65)  [2.4s]
  ep  82: loss=0.4705  test_acc=62.44%  (best 64.86 @ ep 65)  [2.2s]
  ep  83: loss=0.4148  test_acc=63.12%  (best 64.86 @ ep 65)  [2.4s]
  ep  84: loss=0.3887  test_acc=62.15%  (best 64.86 @ ep 65)  [2.5s]
  ep  85: loss=0.3745  test_acc=61.90%  (best 64.86 @ ep 65)  [6.7s]
  ep  86: loss=0.3925  test_acc=60.51%  (best 64.86 @ ep 65)  [2.2s]
  ep  87: loss=0.3793  test_acc=60.79%  (best 64.86 @ ep 65)  [2.4s]
  ep  88: loss=0.3600  test_acc=61.67%  (best 64.86 @ ep 65)  [2.2s]
  ep  89: loss=0.3399  test_acc=63.45%  (best 64.86 @ ep 65)  [2.2s]
  ep  90: loss=0.3299  test_acc=63.22%  (best 64.86 @ ep 65)  [2.3s]
  ep  91: loss=0.3322  test_acc=62.16%  (best 64.86 @ ep 65)  [2.3s]
  ep  92: loss=0.3166  test_acc=62.02%  (best 64.86 @ ep 65)  [2.5s]
  ep  93: loss=0.3165  test_acc=61.10%  (best 64.86 @ ep 65)  [2.4s]
  ep  94: loss=0.3099  test_acc=62.42%  (best 64.86 @ ep 65)  [2.3s]
  ep  95: loss=0.3033  test_acc=63.52%  (best 64.86 @ ep 65)  [2.4s]
  ep  96: loss=0.3028  test_acc=61.99%  (best 64.86 @ ep 65)  [2.2s]
  ep  97: loss=0.2955  test_acc=61.72%  (best 64.86 @ ep 65)  [2.3s]
  ep  98: loss=0.2976  test_acc=62.93%  (best 64.86 @ ep 65)  [2.5s]
  ep  99: loss=0.2964  test_acc=63.85%  (best 64.86 @ ep 65)  [2.3s]

saved /path/to/ciln-workspace/journal_edition/robustness_transfer/results_v3/erm/ours__brightness_sev5__seed2.json: best 64.86% @ ep 65
