# 2026-07-15T23:04:07.575339 | cmd = python /path/to/ciln-workspace/experiments/downstream_adult/train/train_adult_coteaching_v2.py --setting gaussian_noise_sev5 --variant C --image-source noisy --seed 0 --gpu 2
[CoT] gaussian_noise_sev5__C__coteaching__noisy__seed0  gpu=2
[load_adult] fetching from OpenML (id=1590)...
[load_adult] dropped 3620 incomplete rows (7.4%); kept 45222
[load_adult] train=30147  test=15075
  N=10629  sampled_nr=3.04%  expected_nr=3.00%
  ep   0  fr=0.000  a=0.8272  b=0.8281  ens=0.8276  best_ens=0.8276@0
  ep   5  fr=0.021  a=0.8390  b=0.8388  ens=0.8381  best_ens=0.8387@4
  ep  10  fr=0.030  a=0.8379  b=0.8385  ens=0.8381  best_ens=0.8411@9
  ep  15  fr=0.030  a=0.8405  b=0.8417  ens=0.8411  best_ens=0.8411@9
  ep  20  fr=0.030  a=0.8419  b=0.8419  ens=0.8411  best_ens=0.8430@17
  ep  25  fr=0.030  a=0.8403  b=0.8446  ens=0.8434  best_ens=0.8434@25
  ep  30  fr=0.030  a=0.8423  b=0.8396  ens=0.8403  best_ens=0.8434@25
  ep  35  fr=0.030  a=0.8442  b=0.8446  ens=0.8441  best_ens=0.8441@35
  ep  40  fr=0.030  a=0.8411  b=0.8418  ens=0.8416  best_ens=0.8441@35
  ep  45  fr=0.030  a=0.8442  b=0.8421  ens=0.8429  best_ens=0.8441@35
  ep  50  fr=0.030  a=0.8435  b=0.8409  ens=0.8420  best_ens=0.8441@35
  early stop at ep 51
  DONE  best_ens=0.8441  saved gaussian_noise_sev5__C__coteaching__noisy__seed0.json + persample.npz

# exit=0
