# 2026-07-16T01:46:10.148019 | cmd = python /path/to/ciln-workspace/experiments/downstream_adult/train/train_adult_coteaching_v2.py --setting missing_mar_sev1 --variant S --image-source clean --seed 1 --gpu 2
[CoT] missing_mar_sev1__S__coteaching__clean__seed1  gpu=2
[load_adult] fetching from OpenML (id=1590)...
[load_adult] dropped 3620 incomplete rows (7.4%); kept 45222
[load_adult] train=30147  test=15075
  N=13566  sampled_nr=15.59%  expected_nr=15.75%
[load_adult] fetching from OpenML (id=1590)...
[load_adult] dropped 3620 incomplete rows (7.4%); kept 45222
[load_adult] train=30147  test=15075
  ep   0  fr=0.000  a=0.7522  b=0.7522  ens=0.7522  best_ens=0.7522@0
  ep   5  fr=0.110  a=0.7520  b=0.7514  ens=0.7520  best_ens=0.7522@0
  ep  10  fr=0.156  a=0.7522  b=0.7510  ens=0.7519  best_ens=0.7522@0
  ep  15  fr=0.156  a=0.7534  b=0.7528  ens=0.7532  best_ens=0.7532@15
  ep  20  fr=0.156  a=0.7496  b=0.7455  ens=0.7481  best_ens=0.7532@15
  ep  25  fr=0.156  a=0.7518  b=0.7510  ens=0.7515  best_ens=0.7532@15
  ep  30  fr=0.156  a=0.7460  b=0.7443  ens=0.7455  best_ens=0.7543@26
  ep  35  fr=0.156  a=0.7412  b=0.7402  ens=0.7415  best_ens=0.7543@26
  ep  40  fr=0.156  a=0.7402  b=0.7411  ens=0.7406  best_ens=0.7543@26
  early stop at ep 42
  DONE  best_ens=0.7543  saved missing_mar_sev1__S__coteaching__clean__seed1.json + persample.npz

# exit=0
