# 2026-07-16T00:23:11.967235 | cmd = python /path/to/ciln-workspace/experiments/downstream_adult/train/train_adult_coteaching_v2.py --setting missing_mcar_sev1 --variant S --image-source clean --seed 1 --gpu 1
[CoT] missing_mcar_sev1__S__coteaching__clean__seed1  gpu=1
[load_adult] fetching from OpenML (id=1590)...
[load_adult] dropped 3620 incomplete rows (7.4%); kept 45222
[load_adult] train=30147  test=15075
  N=13566  sampled_nr=15.70%  expected_nr=15.76%
[load_adult] fetching from OpenML (id=1590)...
[load_adult] dropped 3620 incomplete rows (7.4%); kept 45222
[load_adult] train=30147  test=15075
  ep   0  fr=0.000  a=0.7522  b=0.7522  ens=0.7522  best_ens=0.7522@0
  ep   5  fr=0.111  a=0.7524  b=0.7521  ens=0.7522  best_ens=0.7522@3
  ep  10  fr=0.157  a=0.7536  b=0.7506  ens=0.7527  best_ens=0.7527@10
  ep  15  fr=0.157  a=0.7526  b=0.7523  ens=0.7525  best_ens=0.7530@11
  ep  20  fr=0.157  a=0.7493  b=0.7477  ens=0.7484  best_ens=0.7530@11
  ep  25  fr=0.157  a=0.7509  b=0.7502  ens=0.7503  best_ens=0.7530@11
  ep  30  fr=0.157  a=0.7515  b=0.7503  ens=0.7517  best_ens=0.7538@27
  ep  35  fr=0.157  a=0.7477  b=0.7435  ens=0.7469  best_ens=0.7538@27
  ep  40  fr=0.157  a=0.7410  b=0.7412  ens=0.7414  best_ens=0.7538@27
  early stop at ep 43
  DONE  best_ens=0.7538  saved missing_mcar_sev1__S__coteaching__clean__seed1.json + persample.npz

# exit=0
