# 2026-07-16T02:02:53.378129 | cmd = python /path/to/ciln-workspace/experiments/downstream_adult/train/train_adult_coteaching_v2.py --setting missing_mar_sev1 --variant C --image-source clean --seed 2 --gpu 2
[CoT] missing_mar_sev1__C__coteaching__clean__seed2  gpu=2
[load_adult] fetching from OpenML (id=1590)...
[load_adult] dropped 3620 incomplete rows (7.4%); kept 45222
[load_adult] train=30147  test=15075
  N=10629  sampled_nr=1.57%  expected_nr=1.51%
[load_adult] fetching from OpenML (id=1590)...
[load_adult] dropped 3620 incomplete rows (7.4%); kept 45222
[load_adult] train=30147  test=15075
  ep   0  fr=0.000  a=0.7522  b=0.7522  ens=0.7522  best_ens=0.7522@0
  ep   5  fr=0.011  a=0.7522  b=0.7522  ens=0.7522  best_ens=0.7522@0
  ep  10  fr=0.016  a=0.7521  b=0.7526  ens=0.7525  best_ens=0.7525@10
  ep  15  fr=0.016  a=0.7513  b=0.7524  ens=0.7521  best_ens=0.7526@11
  ep  20  fr=0.016  a=0.7503  b=0.7506  ens=0.7509  best_ens=0.7526@11
  ep  25  fr=0.016  a=0.7382  b=0.7468  ens=0.7443  best_ens=0.7530@23
  ep  30  fr=0.016  a=0.7377  b=0.7419  ens=0.7427  best_ens=0.7530@23
  ep  35  fr=0.016  a=0.7398  b=0.7424  ens=0.7431  best_ens=0.7530@23
  early stop at ep 39
  DONE  best_ens=0.7530  saved missing_mar_sev1__C__coteaching__clean__seed2.json + persample.npz

# exit=0
