# 2026-07-16T01:59:41.352567 | cmd = python /path/to/ciln-workspace/experiments/downstream_adult/train/train_adult_coteaching_v2.py --setting missing_mar_sev1 --variant C --image-source clean --seed 0 --gpu 2
[CoT] missing_mar_sev1__C__coteaching__clean__seed0  gpu=2
[load_adult] fetching from OpenML (id=1590)...
[load_adult] dropped 3620 incomplete rows (7.4%); kept 45222
[load_adult] train=30147  test=15075
  N=10629  sampled_nr=1.67%  expected_nr=1.51%
[load_adult] fetching from OpenML (id=1590)...
[load_adult] dropped 3620 incomplete rows (7.4%); kept 45222
[load_adult] train=30147  test=15075
  ep   0  fr=0.000  a=0.7522  b=0.7522  ens=0.7522  best_ens=0.7522@0
  ep   5  fr=0.012  a=0.7522  b=0.7522  ens=0.7522  best_ens=0.7522@0
  ep  10  fr=0.017  a=0.7523  b=0.7522  ens=0.7522  best_ens=0.7522@10
  ep  15  fr=0.017  a=0.7515  b=0.7519  ens=0.7517  best_ens=0.7529@14
  ep  20  fr=0.017  a=0.7521  b=0.7508  ens=0.7524  best_ens=0.7532@19
  ep  25  fr=0.017  a=0.7463  b=0.7483  ens=0.7489  best_ens=0.7532@19
  ep  30  fr=0.017  a=0.7472  b=0.7459  ens=0.7481  best_ens=0.7532@19
  ep  35  fr=0.017  a=0.7436  b=0.7394  ens=0.7433  best_ens=0.7532@19
  early stop at ep 35
  DONE  best_ens=0.7532  saved missing_mar_sev1__C__coteaching__clean__seed0.json + persample.npz

# exit=0
