# 2026-07-15T22:56:59.566730 | cmd = python /path/to/ciln-workspace/experiments/downstream_adult/train/train_adult_erm_v2.py --setting gaussian_noise_sev5 --variant C --image-source clean --seed 0 --gpu 2
[ERM] gaussian_noise_sev5__C__erm__clean__seed0  gpu=2
[load_adult] fetching from OpenML (id=1590)...
[load_adult] dropped 3620 incomplete rows (7.4%); kept 45222
[load_adult] train=30147  test=15075
  N=10629  sampled_nr=3.04%  expected_nr=3.00%
[load_adult] fetching from OpenML (id=1590)...
[load_adult] dropped 3620 incomplete rows (7.4%); kept 45222
[load_adult] train=30147  test=15075
  ep   0  train_loss=0.4787  test_acc=0.7522  best=0.7522@0
  ep   5  train_loss=0.4311  test_acc=0.7522  best=0.7522@0
  ep  10  train_loss=0.4234  test_acc=0.7522  best=0.7522@9
  ep  15  train_loss=0.4184  test_acc=0.7523  best=0.7525@14
  ep  20  train_loss=0.4103  test_acc=0.7524  best=0.7528@16
  ep  25  train_loss=0.4010  test_acc=0.7507  best=0.7539@23
  ep  30  train_loss=0.3960  test_acc=0.7485  best=0.7539@23
  ep  35  train_loss=0.3863  test_acc=0.7449  best=0.7539@23
  early stop at ep 39
  DONE  best=0.7539  saved gaussian_noise_sev5__C__erm__clean__seed0.json + persample.npz

# exit=0
