# 2026-07-15T22:34:38.982357 | cmd = python /path/to/ciln-workspace/experiments/downstream_adult/train/train_adult_coteaching_v2.py --setting gaussian_noise_sev3 --variant C --image-source clean --seed 2 --gpu 1
[CoT] gaussian_noise_sev3__C__coteaching__clean__seed2  gpu=1
[load_adult] fetching from OpenML (id=1590)...
[load_adult] dropped 3620 incomplete rows (7.4%); kept 45222
[load_adult] train=30147  test=15075
  N=10629  sampled_nr=1.23%  expected_nr=1.30%
[load_adult] fetching from OpenML (id=1590)...
[load_adult] dropped 3620 incomplete rows (7.4%); kept 45222
[load_adult] train=30147  test=15075
  ep   0  fr=0.000  a=0.7522  b=0.7522  ens=0.7522  best_ens=0.7522@0
  ep   5  fr=0.009  a=0.7522  b=0.7522  ens=0.7522  best_ens=0.7522@0
  ep  10  fr=0.012  a=0.7522  b=0.7522  ens=0.7522  best_ens=0.7522@10
  ep  15  fr=0.012  a=0.7504  b=0.7511  ens=0.7510  best_ens=0.7522@10
  ep  20  fr=0.012  a=0.7507  b=0.7499  ens=0.7506  best_ens=0.7522@10
  ep  25  fr=0.012  a=0.7395  b=0.7445  ens=0.7433  best_ens=0.7524@23
  ep  30  fr=0.012  a=0.7372  b=0.7378  ens=0.7401  best_ens=0.7524@23
  ep  35  fr=0.012  a=0.7355  b=0.7430  ens=0.7408  best_ens=0.7524@23
  early stop at ep 39
  DONE  best_ens=0.7524  saved gaussian_noise_sev3__C__coteaching__clean__seed2.json + persample.npz

# exit=0
