# 2026-07-16T02:54:47.978868 | cmd = python /path/to/ciln-workspace/experiments/downstream_adult/train/train_adult_coteaching_v2.py --setting missing_mar_sev5 --variant C --image-source noisy --seed 1 --gpu 1
[CoT] missing_mar_sev5__C__coteaching__noisy__seed1  gpu=1
[load_adult] fetching from OpenML (id=1590)...
[load_adult] dropped 3620 incomplete rows (7.4%); kept 45222
[load_adult] train=30147  test=15075
  N=10629  sampled_nr=13.30%  expected_nr=13.56%
  ep   0  fr=0.000  a=0.8286  b=0.8325  ens=0.8317  best_ens=0.8317@0
  ep   5  fr=0.094  a=0.8423  b=0.8407  ens=0.8409  best_ens=0.8412@4
  ep  10  fr=0.133  a=0.8399  b=0.8398  ens=0.8398  best_ens=0.8414@7
  ep  15  fr=0.133  a=0.8419  b=0.8389  ens=0.8398  best_ens=0.8422@11
  ep  20  fr=0.133  a=0.8415  b=0.8400  ens=0.8410  best_ens=0.8422@11
  ep  25  fr=0.133  a=0.8397  b=0.8397  ens=0.8403  best_ens=0.8425@21
  ep  30  fr=0.133  a=0.8364  b=0.8336  ens=0.8358  best_ens=0.8425@21
  ep  35  fr=0.133  a=0.8414  b=0.8405  ens=0.8409  best_ens=0.8431@31
  ep  40  fr=0.133  a=0.8379  b=0.8393  ens=0.8386  best_ens=0.8431@31
  ep  45  fr=0.133  a=0.8402  b=0.8403  ens=0.8403  best_ens=0.8438@44
  ep  50  fr=0.133  a=0.8403  b=0.8415  ens=0.8409  best_ens=0.8438@44
  ep  55  fr=0.133  a=0.8419  b=0.8416  ens=0.8425  best_ens=0.8438@44
  ep  60  fr=0.133  a=0.8416  b=0.8407  ens=0.8411  best_ens=0.8438@44
  early stop at ep 60
  DONE  best_ens=0.8438  saved missing_mar_sev5__C__coteaching__noisy__seed1.json + persample.npz

# exit=0
