# 2026-07-16T03:50:37.135054 | cmd = python /path/to/ciln-workspace/experiments/downstream_adult/train/train_adult_coteaching_v2.py --setting missing_mnar_sev3 --variant C --image-source noisy --seed 2 --gpu 1
[CoT] missing_mnar_sev3__C__coteaching__noisy__seed2  gpu=1
[load_adult] fetching from OpenML (id=1590)...
[load_adult] dropped 3620 incomplete rows (7.4%); kept 45222
[load_adult] train=30147  test=15075
  N=10629  sampled_nr=9.00%  expected_nr=9.14%
  ep   0  fr=0.000  a=0.8354  b=0.8354  ens=0.8360  best_ens=0.8360@0
  ep   5  fr=0.064  a=0.8394  b=0.8377  ens=0.8385  best_ens=0.8385@5
  ep  10  fr=0.090  a=0.8399  b=0.8385  ens=0.8384  best_ens=0.8392@8
  ep  15  fr=0.090  a=0.8413  b=0.8375  ens=0.8399  best_ens=0.8405@14
  ep  20  fr=0.090  a=0.8393  b=0.8398  ens=0.8398  best_ens=0.8405@14
  ep  25  fr=0.090  a=0.8399  b=0.8395  ens=0.8403  best_ens=0.8405@14
  ep  30  fr=0.090  a=0.8396  b=0.8380  ens=0.8416  best_ens=0.8416@30
  ep  35  fr=0.090  a=0.8407  b=0.8398  ens=0.8416  best_ens=0.8416@30
  ep  40  fr=0.090  a=0.8409  b=0.8389  ens=0.8402  best_ens=0.8416@30
  ep  45  fr=0.090  a=0.8406  b=0.8407  ens=0.8410  best_ens=0.8418@41
  ep  50  fr=0.090  a=0.8399  b=0.8403  ens=0.8404  best_ens=0.8418@41
  ep  55  fr=0.090  a=0.8403  b=0.8399  ens=0.8403  best_ens=0.8418@41
  early stop at ep 57
  DONE  best_ens=0.8418  saved missing_mnar_sev3__C__coteaching__noisy__seed2.json + persample.npz

# exit=0
