# 2026-07-16T00:37:23.372827 | cmd = python /path/to/ciln-workspace/experiments/downstream_adult/train/train_adult_coteaching_v2.py --setting missing_mcar_sev1 --variant C --image-source clean --seed 2 --gpu 1
[CoT] missing_mcar_sev1__C__coteaching__clean__seed2  gpu=1
[load_adult] fetching from OpenML (id=1590)...
[load_adult] dropped 3620 incomplete rows (7.4%); kept 45222
[load_adult] train=30147  test=15075
  N=10629  sampled_nr=1.67%  expected_nr=1.55%
[load_adult] fetching from OpenML (id=1590)...
[load_adult] dropped 3620 incomplete rows (7.4%); kept 45222
[load_adult] train=30147  test=15075
  ep   0  fr=0.000  a=0.7522  b=0.7522  ens=0.7522  best_ens=0.7522@0
  ep   5  fr=0.012  a=0.7522  b=0.7522  ens=0.7522  best_ens=0.7522@0
  ep  10  fr=0.017  a=0.7519  b=0.7523  ens=0.7521  best_ens=0.7522@9
  ep  15  fr=0.017  a=0.7506  b=0.7514  ens=0.7515  best_ens=0.7524@11
  ep  20  fr=0.017  a=0.7492  b=0.7495  ens=0.7500  best_ens=0.7524@11
  ep  25  fr=0.017  a=0.7388  b=0.7426  ens=0.7424  best_ens=0.7526@23
  ep  30  fr=0.017  a=0.7315  b=0.7370  ens=0.7375  best_ens=0.7526@23
  ep  35  fr=0.017  a=0.7368  b=0.7380  ens=0.7390  best_ens=0.7526@23
  early stop at ep 39
  DONE  best_ens=0.7526  saved missing_mcar_sev1__C__coteaching__clean__seed2.json + persample.npz

# exit=0
