# 2026-07-15T22:06:40.346549 | cmd = python /path/to/ciln-workspace/experiments/downstream_adult/train/train_adult_coteaching_v2.py --setting gaussian_noise_sev1 --variant C --image-source clean --seed 0 --gpu 1
[CoT] gaussian_noise_sev1__C__coteaching__clean__seed0  gpu=1
[load_adult] fetching from OpenML (id=1590)...
[load_adult] dropped 3620 incomplete rows (7.4%); kept 45222
[load_adult] train=30147  test=15075
  N=10629  sampled_nr=0.21%  expected_nr=0.18%
[load_adult] fetching from OpenML (id=1590)...
[load_adult] dropped 3620 incomplete rows (7.4%); kept 45222
[load_adult] train=30147  test=15075
  ep   0  fr=0.000  a=0.7522  b=0.7522  ens=0.7522  best_ens=0.7522@0
  ep   5  fr=0.001  a=0.7522  b=0.7522  ens=0.7522  best_ens=0.7522@0
  ep  10  fr=0.002  a=0.7524  b=0.7522  ens=0.7523  best_ens=0.7523@10
  ep  15  fr=0.002  a=0.7524  b=0.7518  ens=0.7522  best_ens=0.7524@14
  ep  20  fr=0.002  a=0.7522  b=0.7514  ens=0.7516  best_ens=0.7525@19
  ep  25  fr=0.002  a=0.7489  b=0.7480  ens=0.7499  best_ens=0.7525@19
  ep  30  fr=0.002  a=0.7425  b=0.7447  ens=0.7461  best_ens=0.7525@19
  ep  35  fr=0.002  a=0.7380  b=0.7416  ens=0.7435  best_ens=0.7525@19
  early stop at ep 35
  DONE  best_ens=0.7525  saved gaussian_noise_sev1__C__coteaching__clean__seed0.json + persample.npz

# exit=0
