# 2026-07-16T00:00:32.631152 | cmd = python /path/to/ciln-workspace/experiments/downstream_adult/train/train_adult_coteaching_v2.py --setting scaling_sev5 --variant S --image-source clean --seed 2 --gpu 2
[CoT] scaling_sev5__S__coteaching__clean__seed2  gpu=2
[load_adult] fetching from OpenML (id=1590)...
[load_adult] dropped 3620 incomplete rows (7.4%); kept 45222
[load_adult] train=30147  test=15075
  N=13566  sampled_nr=25.99%  expected_nr=26.00%
[load_adult] fetching from OpenML (id=1590)...
[load_adult] dropped 3620 incomplete rows (7.4%); kept 45222
[load_adult] train=30147  test=15075
  ep   0  fr=0.000  a=0.7505  b=0.7483  ens=0.7515  best_ens=0.7515@0
  ep   5  fr=0.184  a=0.7514  b=0.7514  ens=0.7518  best_ens=0.7524@1
  ep  10  fr=0.260  a=0.7523  b=0.7522  ens=0.7523  best_ens=0.7527@8
  ep  15  fr=0.260  a=0.7524  b=0.7526  ens=0.7515  best_ens=0.7527@8
  ep  20  fr=0.260  a=0.7486  b=0.7479  ens=0.7483  best_ens=0.7527@8
  ep  25  fr=0.260  a=0.7480  b=0.7526  ens=0.7505  best_ens=0.7548@23
  ep  30  fr=0.260  a=0.7457  b=0.7485  ens=0.7467  best_ens=0.7548@23
  ep  35  fr=0.260  a=0.7306  b=0.7309  ens=0.7322  best_ens=0.7548@23
  early stop at ep 39
  DONE  best_ens=0.7548  saved scaling_sev5__S__coteaching__clean__seed2.json + persample.npz

# exit=0
