# 2026-07-16T02:21:25.037937 | cmd = python /path/to/ciln-workspace/experiments/downstream_adult/train/train_adult_coteaching_v2.py --setting missing_mar_sev3 --variant C --image-source clean --seed 0 --gpu 2
[CoT] missing_mar_sev3__C__coteaching__clean__seed0  gpu=2
[load_adult] fetching from OpenML (id=1590)...
[load_adult] dropped 3620 incomplete rows (7.4%); kept 45222
[load_adult] train=30147  test=15075
  N=10629  sampled_nr=7.63%  expected_nr=6.99%
[load_adult] fetching from OpenML (id=1590)...
[load_adult] dropped 3620 incomplete rows (7.4%); kept 45222
[load_adult] train=30147  test=15075
  ep   0  fr=0.000  a=0.7522  b=0.7522  ens=0.7522  best_ens=0.7522@0
  ep   5  fr=0.054  a=0.7522  b=0.7522  ens=0.7522  best_ens=0.7522@4
  ep  10  fr=0.076  a=0.7528  b=0.7526  ens=0.7526  best_ens=0.7527@8
  ep  15  fr=0.076  a=0.7499  b=0.7510  ens=0.7516  best_ens=0.7527@8
  ep  20  fr=0.076  a=0.7507  b=0.7520  ens=0.7523  best_ens=0.7532@18
  ep  25  fr=0.076  a=0.7481  b=0.7518  ens=0.7510  best_ens=0.7532@18
  ep  30  fr=0.076  a=0.7461  b=0.7495  ens=0.7502  best_ens=0.7532@18
  ep  35  fr=0.076  a=0.7470  b=0.7485  ens=0.7493  best_ens=0.7540@33
  ep  40  fr=0.076  a=0.7447  b=0.7475  ens=0.7479  best_ens=0.7540@33
  ep  45  fr=0.076  a=0.7392  b=0.7417  ens=0.7410  best_ens=0.7540@33
  early stop at ep 49
  DONE  best_ens=0.7540  saved missing_mar_sev3__C__coteaching__clean__seed0.json + persample.npz

# exit=0
