# 2026-07-16T01:57:12.463700 | cmd = python /path/to/ciln-workspace/experiments/downstream_adult/train/train_adult_erm_v2.py --setting missing_mar_sev1 --variant C --image-source clean --seed 1 --gpu 1
[ERM] missing_mar_sev1__C__erm__clean__seed1  gpu=1
[load_adult] fetching from OpenML (id=1590)...
[load_adult] dropped 3620 incomplete rows (7.4%); kept 45222
[load_adult] train=30147  test=15075
  N=10629  sampled_nr=1.52%  expected_nr=1.51%
[load_adult] fetching from OpenML (id=1590)...
[load_adult] dropped 3620 incomplete rows (7.4%); kept 45222
[load_adult] train=30147  test=15075
  ep   0  train_loss=0.4603  test_acc=0.7522  best=0.7522@0
  ep   5  train_loss=0.4222  test_acc=0.7522  best=0.7522@0
  ep  10  train_loss=0.4153  test_acc=0.7522  best=0.7522@0
  ep  15  train_loss=0.4086  test_acc=0.7520  best=0.7522@12
  ep  20  train_loss=0.4020  test_acc=0.7509  best=0.7522@12
  ep  25  train_loss=0.3958  test_acc=0.7526  best=0.7526@25
  ep  30  train_loss=0.3834  test_acc=0.7471  best=0.7526@25
  ep  35  train_loss=0.3735  test_acc=0.7451  best=0.7526@25
  ep  40  train_loss=0.3578  test_acc=0.7304  best=0.7526@25
  early stop at ep 41
  DONE  best=0.7526  saved missing_mar_sev1__C__erm__clean__seed1.json + persample.npz

# exit=0
