# 2026-07-15T21:56:21.296278 | cmd = python /path/to/ciln-workspace/experiments/downstream_adult/train/train_adult_coteaching_v2.py --setting gaussian_noise_sev1 --variant S --image-source clean --seed 0 --gpu 2
[CoT] gaussian_noise_sev1__S__coteaching__clean__seed0  gpu=2
[load_adult] fetching from OpenML (id=1590)...
[load_adult] dropped 3620 incomplete rows (7.4%); kept 45222
[load_adult] train=30147  test=15075
  N=13566  sampled_nr=14.68%  expected_nr=14.73%
[load_adult] fetching from OpenML (id=1590)...
[load_adult] dropped 3620 incomplete rows (7.4%); kept 45222
[load_adult] train=30147  test=15075
  ep   0  fr=0.000  a=0.7522  b=0.7522  ens=0.7522  best_ens=0.7522@0
  ep   5  fr=0.104  a=0.7521  b=0.7522  ens=0.7522  best_ens=0.7522@0
  ep  10  fr=0.147  a=0.7526  b=0.7528  ens=0.7526  best_ens=0.7526@10
  ep  15  fr=0.147  a=0.7527  b=0.7520  ens=0.7523  best_ens=0.7526@10
  ep  20  fr=0.147  a=0.7520  b=0.7509  ens=0.7514  best_ens=0.7526@10
  ep  25  fr=0.147  a=0.7514  b=0.7510  ens=0.7514  best_ens=0.7526@24
  ep  30  fr=0.147  a=0.7466  b=0.7488  ens=0.7487  best_ens=0.7526@24
  ep  35  fr=0.147  a=0.7433  b=0.7416  ens=0.7426  best_ens=0.7526@24
  ep  40  fr=0.147  a=0.7481  b=0.7474  ens=0.7477  best_ens=0.7526@24
  early stop at ep 40
  DONE  best_ens=0.7526  saved gaussian_noise_sev1__S__coteaching__clean__seed0.json + persample.npz

# exit=0
