# 2026-07-16T03:36:27.557208 | cmd = python /path/to/ciln-workspace/experiments/downstream_adult/train/train_adult_erm_v2.py --setting missing_mnar_sev3 --variant C --image-source clean --seed 0 --gpu 1
[ERM] missing_mnar_sev3__C__erm__clean__seed0  gpu=1
[load_adult] fetching from OpenML (id=1590)...
[load_adult] dropped 3620 incomplete rows (7.4%); kept 45222
[load_adult] train=30147  test=15075
  N=10629  sampled_nr=9.19%  expected_nr=9.14%
[load_adult] fetching from OpenML (id=1590)...
[load_adult] dropped 3620 incomplete rows (7.4%); kept 45222
[load_adult] train=30147  test=15075
  ep   0  train_loss=0.4448  test_acc=0.7522  best=0.7522@0
  ep   5  train_loss=0.3954  test_acc=0.7522  best=0.7522@0
  ep  10  train_loss=0.3902  test_acc=0.7522  best=0.7522@10
  ep  15  train_loss=0.3855  test_acc=0.7524  best=0.7524@15
  ep  20  train_loss=0.3789  test_acc=0.7524  best=0.7526@19
  ep  25  train_loss=0.3702  test_acc=0.7512  best=0.7526@19
  ep  30  train_loss=0.3612  test_acc=0.7396  best=0.7526@19
  ep  35  train_loss=0.3516  test_acc=0.7402  best=0.7526@19
  early stop at ep 35
  DONE  best=0.7526  saved missing_mnar_sev3__C__erm__clean__seed0.json + persample.npz

# exit=0
