# 2026-07-16T03:04:01.620234 | cmd = python /path/to/ciln-workspace/experiments/downstream_adult/train/train_adult_coteaching_v2.py --setting missing_mnar_sev1 --variant S --image-source clean --seed 1 --gpu 1
[CoT] missing_mnar_sev1__S__coteaching__clean__seed1  gpu=1
[load_adult] fetching from OpenML (id=1590)...
[load_adult] dropped 3620 incomplete rows (7.4%); kept 45222
[load_adult] train=30147  test=15075
  N=13566  sampled_nr=15.59%  expected_nr=15.74%
[load_adult] fetching from OpenML (id=1590)...
[load_adult] dropped 3620 incomplete rows (7.4%); kept 45222
[load_adult] train=30147  test=15075
  ep   0  fr=0.000  a=0.7522  b=0.7522  ens=0.7522  best_ens=0.7522@0
  ep   5  fr=0.110  a=0.7522  b=0.7522  ens=0.7522  best_ens=0.7522@0
  ep  10  fr=0.156  a=0.7519  b=0.7499  ens=0.7516  best_ens=0.7524@8
  ep  15  fr=0.156  a=0.7522  b=0.7522  ens=0.7521  best_ens=0.7528@14
  ep  20  fr=0.156  a=0.7493  b=0.7451  ens=0.7478  best_ens=0.7528@14
  ep  25  fr=0.156  a=0.7514  b=0.7508  ens=0.7518  best_ens=0.7536@21
  ep  30  fr=0.156  a=0.7514  b=0.7522  ens=0.7524  best_ens=0.7536@21
  ep  35  fr=0.156  a=0.7460  b=0.7464  ens=0.7469  best_ens=0.7536@21
  early stop at ep 37
  DONE  best_ens=0.7536  saved missing_mnar_sev1__S__coteaching__clean__seed1.json + persample.npz

# exit=0
