# 2026-07-15T23:37:33.384440 | cmd = python /path/to/ciln-workspace/experiments/downstream_adult/train/train_adult_coteaching_v2.py --setting scaling_sev3 --variant S --image-source clean --seed 1 --gpu 2
[CoT] scaling_sev3__S__coteaching__clean__seed1  gpu=2
[load_adult] fetching from OpenML (id=1590)...
[load_adult] dropped 3620 incomplete rows (7.4%); kept 45222
[load_adult] train=30147  test=15075
  N=13566  sampled_nr=20.32%  expected_nr=20.48%
[load_adult] fetching from OpenML (id=1590)...
[load_adult] dropped 3620 incomplete rows (7.4%); kept 45222
[load_adult] train=30147  test=15075
  ep   0  fr=0.000  a=0.7522  b=0.7521  ens=0.7522  best_ens=0.7522@0
  ep   5  fr=0.144  a=0.7493  b=0.7459  ens=0.7482  best_ens=0.7522@0
  ep  10  fr=0.203  a=0.7512  b=0.7477  ens=0.7503  best_ens=0.7525@6
  ep  15  fr=0.203  a=0.7546  b=0.7504  ens=0.7532  best_ens=0.7564@14
  ep  20  fr=0.203  a=0.7531  b=0.7350  ens=0.7477  best_ens=0.7567@19
  ep  25  fr=0.203  a=0.7522  b=0.7528  ens=0.7528  best_ens=0.7567@19
  ep  30  fr=0.203  a=0.7516  b=0.7432  ens=0.7492  best_ens=0.7567@19
  ep  35  fr=0.203  a=0.7357  b=0.7247  ens=0.7306  best_ens=0.7567@19
  early stop at ep 35
  DONE  best_ens=0.7567  saved scaling_sev3__S__coteaching__clean__seed1.json + persample.npz

# exit=0
