# 2026-07-16T02:21:59.448781 | cmd = python /path/to/ciln-workspace/experiments/downstream_adult/train/train_adult_coteaching_v2.py --setting missing_mar_sev3 --variant C --image-source clean --seed 1 --gpu 1
[CoT] missing_mar_sev3__C__coteaching__clean__seed1  gpu=1
[load_adult] fetching from OpenML (id=1590)...
[load_adult] dropped 3620 incomplete rows (7.4%); kept 45222
[load_adult] train=30147  test=15075
  N=10629  sampled_nr=6.98%  expected_nr=6.99%
[load_adult] fetching from OpenML (id=1590)...
[load_adult] dropped 3620 incomplete rows (7.4%); kept 45222
[load_adult] train=30147  test=15075
  ep   0  fr=0.000  a=0.7522  b=0.7522  ens=0.7522  best_ens=0.7522@0
  ep   5  fr=0.049  a=0.7522  b=0.7522  ens=0.7522  best_ens=0.7522@0
  ep  10  fr=0.070  a=0.7520  b=0.7517  ens=0.7521  best_ens=0.7522@9
  ep  15  fr=0.070  a=0.7518  b=0.7515  ens=0.7519  best_ens=0.7525@14
  ep  20  fr=0.070  a=0.7526  b=0.7516  ens=0.7528  best_ens=0.7528@20
  ep  25  fr=0.070  a=0.7520  b=0.7512  ens=0.7513  best_ens=0.7528@20
  ep  30  fr=0.070  a=0.7504  b=0.7483  ens=0.7495  best_ens=0.7528@20
  ep  35  fr=0.070  a=0.7384  b=0.7325  ens=0.7370  best_ens=0.7528@20
  early stop at ep 36
  DONE  best_ens=0.7528  saved missing_mar_sev3__C__coteaching__clean__seed1.json + persample.npz

# exit=0
