condition=ours_v2_ccp_noisy__gaussian_noise_sev3 seed=0 gpu=2
/path/to/ciln-workspace/venv/lib/python3.12/site-packages/torchvision/datasets/cifar.py:83: VisibleDeprecationWarning: dtype(): align should be passed as Python or NumPy boolean but got `align=0`. Did you mean to pass a tuple to create a subarray type? (Deprecated NumPy 2.4)
  entry = pickle.load(f, encoding="latin1")
image_source=noisy  N=17469  noise_rate=44.07%
  ep   0: R(t)=1.000  acc1=21.24%  acc2=18.39%  ens=19.81%  (best 19.81 @ ep 0)  [6.4s]
  ep   1: R(t)=0.861  acc1=22.70%  acc2=21.80%  ens=22.25%  (best 22.25 @ ep 1)  [5.6s]
  ep   2: R(t)=0.803  acc1=22.32%  acc2=25.20%  ens=23.76%  (best 23.76 @ ep 2)  [5.3s]
  ep   3: R(t)=0.759  acc1=22.91%  acc2=26.77%  ens=24.84%  (best 24.84 @ ep 3)  [5.9s]
  ep   4: R(t)=0.721  acc1=30.54%  acc2=28.05%  ens=29.30%  (best 29.30 @ ep 4)  [5.4s]
  ep   5: R(t)=0.688  acc1=28.40%  acc2=31.08%  ens=29.74%  (best 29.74 @ ep 5)  [14.8s]  [sel1+2: prec=0.542, recall_clean=0.689]
  ep   6: R(t)=0.659  acc1=34.42%  acc2=31.56%  ens=32.99%  (best 32.99 @ ep 6)  [15.0s]
  ep   7: R(t)=0.631  acc1=30.69%  acc2=26.91%  ens=28.80%  (best 32.99 @ ep 6)  [13.2s]
  ep   8: R(t)=0.606  acc1=33.09%  acc2=29.31%  ens=31.20%  (best 32.99 @ ep 6)  [5.5s]
  ep   9: R(t)=0.582  acc1=31.12%  acc2=33.36%  ens=32.24%  (best 32.99 @ ep 6)  [5.6s]
  ep  10: R(t)=0.559  acc1=33.05%  acc2=35.57%  ens=34.31%  (best 34.31 @ ep 10)  [8.3s]  [sel1+2: prec=0.568, recall_clean=0.607]
  ep  11: R(t)=0.559  acc1=35.68%  acc2=33.07%  ens=34.38%  (best 34.38 @ ep 11)  [5.4s]
  ep  12: R(t)=0.559  acc1=33.88%  acc2=32.96%  ens=33.42%  (best 34.38 @ ep 11)  [5.5s]
  ep  13: R(t)=0.559  acc1=34.22%  acc2=32.12%  ens=33.17%  (best 34.38 @ ep 11)  [5.5s]
  ep  14: R(t)=0.559  acc1=34.71%  acc2=35.41%  ens=35.06%  (best 35.06 @ ep 14)  [5.7s]
  ep  15: R(t)=0.559  acc1=35.66%  acc2=35.87%  ens=35.77%  (best 35.77 @ ep 15)  [5.5s]
  ep  16: R(t)=0.559  acc1=34.51%  acc2=35.03%  ens=34.77%  (best 35.77 @ ep 15)  [5.7s]
  ep  17: R(t)=0.559  acc1=38.60%  acc2=41.55%  ens=40.08%  (best 40.08 @ ep 17)  [5.4s]
  ep  18: R(t)=0.559  acc1=32.80%  acc2=37.90%  ens=35.35%  (best 40.08 @ ep 17)  [7.3s]
  ep  19: R(t)=0.559  acc1=39.92%  acc2=43.68%  ens=41.80%  (best 41.80 @ ep 19)  [14.9s]
  ep  20: R(t)=0.559  acc1=42.26%  acc2=40.03%  ens=41.14%  (best 41.80 @ ep 19)  [22.1s]  [sel1+2: prec=0.596, recall_clean=0.637]
  ep  21: R(t)=0.559  acc1=34.31%  acc2=34.97%  ens=34.64%  (best 41.80 @ ep 19)  [7.9s]
  ep  22: R(t)=0.559  acc1=38.94%  acc2=41.22%  ens=40.08%  (best 41.80 @ ep 19)  [5.4s]
  ep  23: R(t)=0.559  acc1=40.67%  acc2=43.28%  ens=41.98%  (best 41.98 @ ep 23)  [5.6s]
  ep  24: R(t)=0.559  acc1=41.19%  acc2=35.99%  ens=38.59%  (best 41.98 @ ep 23)  [5.3s]
  ep  25: R(t)=0.559  acc1=36.17%  acc2=42.11%  ens=39.14%  (best 41.98 @ ep 23)  [5.6s]
  ep  26: R(t)=0.559  acc1=39.56%  acc2=40.18%  ens=39.87%  (best 41.98 @ ep 23)  [5.5s]
  ep  27: R(t)=0.559  acc1=43.07%  acc2=39.50%  ens=41.29%  (best 41.98 @ ep 23)  [5.6s]
  ep  28: R(t)=0.559  acc1=43.90%  acc2=45.55%  ens=44.73%  (best 44.73 @ ep 28)  [5.3s]
  ep  29: R(t)=0.559  acc1=33.40%  acc2=33.70%  ens=33.55%  (best 44.73 @ ep 28)  [5.6s]
  ep  30: R(t)=0.559  acc1=38.95%  acc2=39.32%  ens=39.13%  (best 44.73 @ ep 28)  [8.4s]  [sel1+2: prec=0.616, recall_clean=0.657]
  ep  31: R(t)=0.559  acc1=38.83%  acc2=37.31%  ens=38.07%  (best 44.73 @ ep 28)  [5.6s]
  ep  32: R(t)=0.559  acc1=38.78%  acc2=40.44%  ens=39.61%  (best 44.73 @ ep 28)  [7.4s]
  ep  33: R(t)=0.559  acc1=42.53%  acc2=43.27%  ens=42.90%  (best 44.73 @ ep 28)  [5.4s]
  ep  34: R(t)=0.559  acc1=41.25%  acc2=35.66%  ens=38.45%  (best 44.73 @ ep 28)  [5.5s]
  ep  35: R(t)=0.559  acc1=43.60%  acc2=40.88%  ens=42.24%  (best 44.73 @ ep 28)  [5.6s]
  ep  36: R(t)=0.559  acc1=34.60%  acc2=38.53%  ens=36.56%  (best 44.73 @ ep 28)  [5.6s]
  ep  37: R(t)=0.559  acc1=42.76%  acc2=40.18%  ens=41.47%  (best 44.73 @ ep 28)  [5.4s]
  ep  38: R(t)=0.559  acc1=42.79%  acc2=41.03%  ens=41.91%  (best 44.73 @ ep 28)  [5.3s]
  ep  39: R(t)=0.559  acc1=42.66%  acc2=42.76%  ens=42.71%  (best 44.73 @ ep 28)  [5.8s]
  ep  40: R(t)=0.559  acc1=39.09%  acc2=40.06%  ens=39.58%  (best 44.73 @ ep 28)  [5.5s]
  ep  41: R(t)=0.559  acc1=39.87%  acc2=37.56%  ens=38.71%  (best 44.73 @ ep 28)  [5.5s]
  ep  42: R(t)=0.559  acc1=37.84%  acc2=42.13%  ens=39.99%  (best 44.73 @ ep 28)  [5.7s]
  ep  43: R(t)=0.559  acc1=45.31%  acc2=44.77%  ens=45.04%  (best 45.04 @ ep 43)  [9.5s]
  ep  44: R(t)=0.559  acc1=37.25%  acc2=39.22%  ens=38.23%  (best 45.04 @ ep 43)  [5.3s]
  ep  45: R(t)=0.559  acc1=39.45%  acc2=47.65%  ens=43.55%  (best 45.04 @ ep 43)  [5.6s]
  ep  46: R(t)=0.559  acc1=38.96%  acc2=36.04%  ens=37.50%  (best 45.04 @ ep 43)  [5.5s]
  ep  47: R(t)=0.559  acc1=43.63%  acc2=43.33%  ens=43.48%  (best 45.04 @ ep 43)  [5.8s]
  ep  48: R(t)=0.559  acc1=40.85%  acc2=38.81%  ens=39.83%  (best 45.04 @ ep 43)  [5.5s]
  ep  49: R(t)=0.559  acc1=41.87%  acc2=42.06%  ens=41.96%  (best 45.04 @ ep 43)  [5.8s]
  ep  50: R(t)=0.559  acc1=42.30%  acc2=43.14%  ens=42.72%  (best 45.04 @ ep 43)  [8.3s]  [sel1+2: prec=0.628, recall_clean=0.666]
  ep  51: R(t)=0.559  acc1=41.88%  acc2=44.45%  ens=43.16%  (best 45.04 @ ep 43)  [5.8s]
  ep  52: R(t)=0.559  acc1=39.18%  acc2=40.71%  ens=39.95%  (best 45.04 @ ep 43)  [5.6s]
  ep  53: R(t)=0.559  acc1=43.62%  acc2=47.45%  ens=45.53%  (best 45.53 @ ep 53)  [5.3s]
  ep  54: R(t)=0.559  acc1=45.60%  acc2=46.15%  ens=45.88%  (best 45.88 @ ep 54)  [14.4s]
  ep  55: R(t)=0.559  acc1=43.73%  acc2=39.46%  ens=41.60%  (best 45.88 @ ep 54)  [14.1s]
  ep  56: R(t)=0.559  acc1=47.07%  acc2=47.73%  ens=47.40%  (best 47.40 @ ep 56)  [14.7s]
  ep  57: R(t)=0.559  acc1=43.10%  acc2=43.27%  ens=43.18%  (best 47.40 @ ep 56)  [8.7s]
  ep  58: R(t)=0.559  acc1=44.00%  acc2=39.06%  ens=41.53%  (best 47.40 @ ep 56)  [5.3s]
  ep  59: R(t)=0.559  acc1=43.48%  acc2=43.01%  ens=43.24%  (best 47.40 @ ep 56)  [5.6s]
  ep  60: R(t)=0.559  acc1=40.45%  acc2=46.52%  ens=43.48%  (best 47.40 @ ep 56)  [5.6s]
  ep  61: R(t)=0.559  acc1=46.72%  acc2=46.82%  ens=46.77%  (best 47.40 @ ep 56)  [5.5s]
  ep  62: R(t)=0.559  acc1=47.38%  acc2=48.63%  ens=48.00%  (best 48.00 @ ep 62)  [5.4s]
  ep  63: R(t)=0.559  acc1=46.44%  acc2=42.96%  ens=44.70%  (best 48.00 @ ep 62)  [5.5s]
  ep  64: R(t)=0.559  acc1=44.77%  acc2=46.73%  ens=45.75%  (best 48.00 @ ep 62)  [5.5s]
  ep  65: R(t)=0.559  acc1=47.48%  acc2=45.87%  ens=46.67%  (best 48.00 @ ep 62)  [5.5s]
  ep  66: R(t)=0.559  acc1=42.79%  acc2=43.32%  ens=43.05%  (best 48.00 @ ep 62)  [5.3s]
  ep  67: R(t)=0.559  acc1=46.22%  acc2=42.00%  ens=44.11%  (best 48.00 @ ep 62)  [5.3s]
  ep  68: R(t)=0.559  acc1=48.36%  acc2=46.76%  ens=47.56%  (best 48.00 @ ep 62)  [6.0s]
  ep  69: R(t)=0.559  acc1=42.02%  acc2=43.19%  ens=42.61%  (best 48.00 @ ep 62)  [13.8s]
  ep  70: R(t)=0.559  acc1=44.35%  acc2=45.32%  ens=44.84%  (best 48.00 @ ep 62)  [14.8s]
  ep  71: R(t)=0.559  acc1=41.50%  acc2=45.44%  ens=43.47%  (best 48.00 @ ep 62)  [15.2s]
  ep  72: R(t)=0.559  acc1=44.84%  acc2=45.84%  ens=45.34%  (best 48.00 @ ep 62)  [14.4s]
  ep  73: R(t)=0.559  acc1=45.06%  acc2=45.52%  ens=45.29%  (best 48.00 @ ep 62)  [15.9s]
  ep  74: R(t)=0.559  acc1=43.13%  acc2=43.66%  ens=43.40%  (best 48.00 @ ep 62)  [6.7s]
  ep  75: R(t)=0.559  acc1=43.72%  acc2=43.07%  ens=43.40%  (best 48.00 @ ep 62)  [8.7s]  [sel1+2: prec=0.641, recall_clean=0.672]
  ep  76: R(t)=0.559  acc1=46.52%  acc2=44.99%  ens=45.76%  (best 48.00 @ ep 62)  [5.9s]
  ep  77: R(t)=0.559  acc1=46.06%  acc2=46.42%  ens=46.24%  (best 48.00 @ ep 62)  [5.6s]
  ep  78: R(t)=0.559  acc1=47.58%  acc2=46.89%  ens=47.23%  (best 48.00 @ ep 62)  [5.9s]
  ep  79: R(t)=0.559  acc1=43.25%  acc2=45.13%  ens=44.19%  (best 48.00 @ ep 62)  [5.5s]
  ep  80: R(t)=0.559  acc1=46.21%  acc2=47.59%  ens=46.90%  (best 48.00 @ ep 62)  [5.4s]
  ep  81: R(t)=0.559  acc1=45.45%  acc2=45.54%  ens=45.50%  (best 48.00 @ ep 62)  [5.7s]
  ep  82: R(t)=0.559  acc1=46.05%  acc2=45.59%  ens=45.82%  (best 48.00 @ ep 62)  [5.7s]
  ep  83: R(t)=0.559  acc1=45.34%  acc2=46.20%  ens=45.77%  (best 48.00 @ ep 62)  [5.7s]
  ep  84: R(t)=0.559  acc1=46.84%  acc2=45.86%  ens=46.35%  (best 48.00 @ ep 62)  [6.4s]
  ep  85: R(t)=0.559  acc1=46.59%  acc2=44.66%  ens=45.62%  (best 48.00 @ ep 62)  [5.6s]
  ep  86: R(t)=0.559  acc1=46.94%  acc2=45.92%  ens=46.43%  (best 48.00 @ ep 62)  [5.4s]
  ep  87: R(t)=0.559  acc1=46.31%  acc2=45.85%  ens=46.08%  (best 48.00 @ ep 62)  [5.7s]
  ep  88: R(t)=0.559  acc1=47.10%  acc2=46.50%  ens=46.80%  (best 48.00 @ ep 62)  [5.6s]
  ep  89: R(t)=0.559  acc1=46.49%  acc2=46.66%  ens=46.58%  (best 48.00 @ ep 62)  [5.7s]
  ep  90: R(t)=0.559  acc1=47.94%  acc2=47.35%  ens=47.64%  (best 48.00 @ ep 62)  [5.6s]
  ep  91: R(t)=0.559  acc1=46.65%  acc2=46.57%  ens=46.61%  (best 48.00 @ ep 62)  [5.7s]
  ep  92: R(t)=0.559  acc1=46.92%  acc2=46.12%  ens=46.52%  (best 48.00 @ ep 62)  [5.6s]
  ep  93: R(t)=0.559  acc1=46.78%  acc2=46.98%  ens=46.88%  (best 48.00 @ ep 62)  [5.7s]
  ep  94: R(t)=0.559  acc1=47.18%  acc2=46.66%  ens=46.92%  (best 48.00 @ ep 62)  [5.4s]
  ep  95: R(t)=0.559  acc1=46.67%  acc2=46.59%  ens=46.63%  (best 48.00 @ ep 62)  [10.0s]
  ep  96: R(t)=0.559  acc1=46.69%  acc2=46.58%  ens=46.63%  (best 48.00 @ ep 62)  [14.5s]
  ep  97: R(t)=0.559  acc1=46.58%  acc2=46.29%  ens=46.43%  (best 48.00 @ ep 62)  [13.7s]
  ep  98: R(t)=0.559  acc1=46.79%  acc2=46.55%  ens=46.67%  (best 48.00 @ ep 62)  [13.9s]
  ep  99: R(t)=0.559  acc1=46.87%  acc2=46.49%  ens=46.68%  (best 48.00 @ ep 62)  [21.2s]  [sel1+2: prec=0.650, recall_clean=0.673]

saved /path/to/ciln-workspace/journal_edition/robustness_transfer/results_v4/coteaching/ours_v2_ccp_noisy__gaussian_noise_sev3__seed0.json: best ens-acc 48.00% @ ep 62
