condition=ours_v2_ccp_noisy__shot_noise_sev5 seed=1 gpu=2
/path/to/ciln-workspace/venv/lib/python3.12/site-packages/torchvision/datasets/cifar.py:83: VisibleDeprecationWarning: dtype(): align should be passed as Python or NumPy boolean but got `align=0`. Did you mean to pass a tuple to create a subarray type? (Deprecated NumPy 2.4)
  entry = pickle.load(f, encoding="latin1")
image_source=noisy  N=17469  noise_rate=50.97%
  ep   0: R(t)=1.000  acc1=18.94%  acc2=15.96%  ens=17.45%  (best 17.45 @ ep 0)  [6.9s]
  ep   1: R(t)=0.839  acc1=19.99%  acc2=19.51%  ens=19.75%  (best 19.75 @ ep 1)  [5.5s]
  ep   2: R(t)=0.772  acc1=23.04%  acc2=26.30%  ens=24.67%  (best 24.67 @ ep 2)  [5.6s]
  ep   3: R(t)=0.721  acc1=17.77%  acc2=19.72%  ens=18.75%  (best 24.67 @ ep 2)  [5.5s]
  ep   4: R(t)=0.678  acc1=22.02%  acc2=24.14%  ens=23.08%  (best 24.67 @ ep 2)  [5.5s]
  ep   5: R(t)=0.640  acc1=28.49%  acc2=23.35%  ens=25.92%  (best 25.92 @ ep 5)  [8.3s]  [sel1+2: prec=0.430, recall_clean=0.583]
  ep   6: R(t)=0.605  acc1=19.23%  acc2=23.92%  ens=21.57%  (best 25.92 @ ep 5)  [5.4s]
  ep   7: R(t)=0.574  acc1=27.32%  acc2=24.50%  ens=25.91%  (best 25.92 @ ep 5)  [5.6s]
  ep   8: R(t)=0.544  acc1=20.02%  acc2=20.85%  ens=20.43%  (best 25.92 @ ep 5)  [5.9s]
  ep   9: R(t)=0.516  acc1=17.50%  acc2=17.66%  ens=17.58%  (best 25.92 @ ep 5)  [14.5s]
  ep  10: R(t)=0.490  acc1=29.43%  acc2=29.17%  ens=29.30%  (best 29.30 @ ep 10)  [16.5s]  [sel1+2: prec=0.444, recall_clean=0.470]
  ep  11: R(t)=0.490  acc1=31.85%  acc2=27.81%  ens=29.83%  (best 29.83 @ ep 11)  [5.4s]
  ep  12: R(t)=0.490  acc1=26.66%  acc2=26.26%  ens=26.46%  (best 29.83 @ ep 11)  [5.5s]
  ep  13: R(t)=0.490  acc1=23.84%  acc2=24.88%  ens=24.36%  (best 29.83 @ ep 11)  [5.4s]
  ep  14: R(t)=0.490  acc1=24.17%  acc2=23.98%  ens=24.08%  (best 29.83 @ ep 11)  [5.6s]
  ep  15: R(t)=0.490  acc1=25.76%  acc2=28.17%  ens=26.96%  (best 29.83 @ ep 11)  [5.6s]
  ep  16: R(t)=0.490  acc1=21.73%  acc2=22.97%  ens=22.35%  (best 29.83 @ ep 11)  [5.4s]
  ep  17: R(t)=0.490  acc1=29.76%  acc2=26.44%  ens=28.10%  (best 29.83 @ ep 11)  [5.4s]
  ep  18: R(t)=0.490  acc1=21.05%  acc2=21.21%  ens=21.13%  (best 29.83 @ ep 11)  [5.3s]
  ep  19: R(t)=0.490  acc1=23.85%  acc2=27.58%  ens=25.71%  (best 29.83 @ ep 11)  [5.6s]
  ep  20: R(t)=0.490  acc1=29.98%  acc2=29.91%  ens=29.95%  (best 29.95 @ ep 20)  [8.2s]  [sel1+2: prec=0.460, recall_clean=0.482]
  ep  21: R(t)=0.490  acc1=26.36%  acc2=23.15%  ens=24.75%  (best 29.95 @ ep 20)  [5.9s]
  ep  22: R(t)=0.490  acc1=26.13%  acc2=25.51%  ens=25.82%  (best 29.95 @ ep 20)  [5.5s]
  ep  23: R(t)=0.490  acc1=29.34%  acc2=30.25%  ens=29.79%  (best 29.95 @ ep 20)  [5.6s]
  ep  24: R(t)=0.490  acc1=32.32%  acc2=29.34%  ens=30.83%  (best 30.83 @ ep 24)  [5.4s]
  ep  25: R(t)=0.490  acc1=25.74%  acc2=25.90%  ens=25.82%  (best 30.83 @ ep 24)  [5.5s]
  ep  26: R(t)=0.490  acc1=28.73%  acc2=30.45%  ens=29.59%  (best 30.83 @ ep 24)  [5.5s]
  ep  27: R(t)=0.490  acc1=29.93%  acc2=28.56%  ens=29.24%  (best 30.83 @ ep 24)  [5.5s]
  ep  28: R(t)=0.490  acc1=32.48%  acc2=35.01%  ens=33.75%  (best 33.75 @ ep 28)  [5.4s]
  ep  29: R(t)=0.490  acc1=29.59%  acc2=28.46%  ens=29.03%  (best 33.75 @ ep 28)  [5.3s]
  ep  30: R(t)=0.490  acc1=27.19%  acc2=28.94%  ens=28.06%  (best 33.75 @ ep 28)  [8.6s]  [sel1+2: prec=0.471, recall_clean=0.496]
  ep  31: R(t)=0.490  acc1=25.25%  acc2=25.29%  ens=25.27%  (best 33.75 @ ep 28)  [6.3s]
  ep  32: R(t)=0.490  acc1=28.77%  acc2=31.04%  ens=29.91%  (best 33.75 @ ep 28)  [14.1s]
  ep  33: R(t)=0.490  acc1=31.96%  acc2=27.06%  ens=29.51%  (best 33.75 @ ep 28)  [14.6s]
  ep  34: R(t)=0.490  acc1=31.97%  acc2=31.66%  ens=31.81%  (best 33.75 @ ep 28)  [15.7s]
  ep  35: R(t)=0.490  acc1=28.87%  acc2=29.09%  ens=28.98%  (best 33.75 @ ep 28)  [14.6s]
  ep  36: R(t)=0.490  acc1=31.18%  acc2=31.94%  ens=31.56%  (best 33.75 @ ep 28)  [13.5s]
  ep  37: R(t)=0.490  acc1=28.46%  acc2=29.97%  ens=29.22%  (best 33.75 @ ep 28)  [12.9s]
  ep  38: R(t)=0.490  acc1=33.72%  acc2=31.70%  ens=32.71%  (best 33.75 @ ep 28)  [5.8s]
  ep  39: R(t)=0.490  acc1=34.55%  acc2=33.85%  ens=34.20%  (best 34.20 @ ep 39)  [5.8s]
  ep  40: R(t)=0.490  acc1=34.85%  acc2=34.38%  ens=34.61%  (best 34.61 @ ep 40)  [5.6s]
  ep  41: R(t)=0.490  acc1=37.28%  acc2=36.30%  ens=36.79%  (best 36.79 @ ep 41)  [5.8s]
  ep  42: R(t)=0.490  acc1=30.90%  acc2=33.76%  ens=32.33%  (best 36.79 @ ep 41)  [5.8s]
  ep  43: R(t)=0.490  acc1=30.23%  acc2=30.81%  ens=30.52%  (best 36.79 @ ep 41)  [5.8s]
  ep  44: R(t)=0.490  acc1=32.28%  acc2=31.90%  ens=32.09%  (best 36.79 @ ep 41)  [5.7s]
  ep  45: R(t)=0.490  acc1=29.52%  acc2=30.11%  ens=29.82%  (best 36.79 @ ep 41)  [5.6s]
  ep  46: R(t)=0.490  acc1=26.24%  acc2=27.80%  ens=27.02%  (best 36.79 @ ep 41)  [5.7s]
  ep  47: R(t)=0.490  acc1=29.32%  acc2=29.64%  ens=29.48%  (best 36.79 @ ep 41)  [5.8s]
  ep  48: R(t)=0.490  acc1=30.78%  acc2=30.29%  ens=30.54%  (best 36.79 @ ep 41)  [9.7s]
  ep  49: R(t)=0.490  acc1=28.52%  acc2=29.26%  ens=28.89%  (best 36.79 @ ep 41)  [14.0s]
  ep  50: R(t)=0.490  acc1=29.45%  acc2=28.37%  ens=28.91%  (best 36.79 @ ep 41)  [19.3s]  [sel1+2: prec=0.486, recall_clean=0.512]
  ep  51: R(t)=0.490  acc1=29.05%  acc2=33.03%  ens=31.04%  (best 36.79 @ ep 41)  [14.8s]
  ep  52: R(t)=0.490  acc1=34.24%  acc2=35.20%  ens=34.72%  (best 36.79 @ ep 41)  [14.4s]
  ep  53: R(t)=0.490  acc1=34.26%  acc2=35.09%  ens=34.67%  (best 36.79 @ ep 41)  [5.4s]
  ep  54: R(t)=0.490  acc1=30.54%  acc2=32.35%  ens=31.45%  (best 36.79 @ ep 41)  [5.4s]
  ep  55: R(t)=0.490  acc1=34.47%  acc2=34.11%  ens=34.29%  (best 36.79 @ ep 41)  [5.5s]
  ep  56: R(t)=0.490  acc1=30.52%  acc2=33.49%  ens=32.01%  (best 36.79 @ ep 41)  [5.7s]
  ep  57: R(t)=0.490  acc1=33.78%  acc2=35.22%  ens=34.50%  (best 36.79 @ ep 41)  [5.5s]
  ep  58: R(t)=0.490  acc1=33.67%  acc2=33.81%  ens=33.74%  (best 36.79 @ ep 41)  [5.6s]
  ep  59: R(t)=0.490  acc1=30.65%  acc2=27.17%  ens=28.91%  (best 36.79 @ ep 41)  [5.5s]
  ep  60: R(t)=0.490  acc1=32.01%  acc2=33.73%  ens=32.87%  (best 36.79 @ ep 41)  [5.5s]
  ep  61: R(t)=0.490  acc1=35.26%  acc2=34.97%  ens=35.12%  (best 36.79 @ ep 41)  [5.6s]
  ep  62: R(t)=0.490  acc1=34.77%  acc2=35.29%  ens=35.03%  (best 36.79 @ ep 41)  [5.6s]
  ep  63: R(t)=0.490  acc1=30.93%  acc2=32.55%  ens=31.74%  (best 36.79 @ ep 41)  [5.6s]
  ep  64: R(t)=0.490  acc1=30.85%  acc2=31.16%  ens=31.00%  (best 36.79 @ ep 41)  [13.7s]
  ep  65: R(t)=0.490  acc1=35.18%  acc2=34.72%  ens=34.95%  (best 36.79 @ ep 41)  [14.7s]
  ep  66: R(t)=0.490  acc1=35.39%  acc2=34.40%  ens=34.89%  (best 36.79 @ ep 41)  [15.1s]
  ep  67: R(t)=0.490  acc1=32.84%  acc2=35.08%  ens=33.96%  (best 36.79 @ ep 41)  [15.1s]
  ep  68: R(t)=0.490  acc1=36.13%  acc2=36.14%  ens=36.13%  (best 36.79 @ ep 41)  [15.2s]
  ep  69: R(t)=0.490  acc1=35.16%  acc2=35.61%  ens=35.38%  (best 36.79 @ ep 41)  [15.1s]
  ep  70: R(t)=0.490  acc1=35.09%  acc2=35.70%  ens=35.39%  (best 36.79 @ ep 41)  [14.0s]
  ep  71: R(t)=0.490  acc1=34.07%  acc2=33.65%  ens=33.86%  (best 36.79 @ ep 41)  [15.1s]
  ep  72: R(t)=0.490  acc1=30.38%  acc2=27.72%  ens=29.05%  (best 36.79 @ ep 41)  [8.4s]
  ep  73: R(t)=0.490  acc1=35.24%  acc2=34.09%  ens=34.66%  (best 36.79 @ ep 41)  [5.6s]
  ep  74: R(t)=0.490  acc1=33.23%  acc2=32.73%  ens=32.98%  (best 36.79 @ ep 41)  [5.6s]
  ep  75: R(t)=0.490  acc1=34.27%  acc2=34.41%  ens=34.34%  (best 36.79 @ ep 41)  [8.2s]  [sel1+2: prec=0.508, recall_clean=0.528]
  ep  76: R(t)=0.490  acc1=32.45%  acc2=31.59%  ens=32.02%  (best 36.79 @ ep 41)  [5.7s]
  ep  77: R(t)=0.490  acc1=34.67%  acc2=34.33%  ens=34.50%  (best 36.79 @ ep 41)  [5.7s]
  ep  78: R(t)=0.490  acc1=32.44%  acc2=32.84%  ens=32.64%  (best 36.79 @ ep 41)  [5.6s]
  ep  79: R(t)=0.490  acc1=30.93%  acc2=32.59%  ens=31.76%  (best 36.79 @ ep 41)  [5.5s]
  ep  80: R(t)=0.490  acc1=35.26%  acc2=35.45%  ens=35.36%  (best 36.79 @ ep 41)  [5.7s]
  ep  81: R(t)=0.490  acc1=35.40%  acc2=34.30%  ens=34.85%  (best 36.79 @ ep 41)  [5.7s]
  ep  82: R(t)=0.490  acc1=36.46%  acc2=35.86%  ens=36.16%  (best 36.79 @ ep 41)  [6.3s]
  ep  83: R(t)=0.490  acc1=36.57%  acc2=37.68%  ens=37.12%  (best 37.12 @ ep 83)  [14.6s]
  ep  84: R(t)=0.490  acc1=33.86%  acc2=33.13%  ens=33.49%  (best 37.12 @ ep 83)  [14.2s]
  ep  85: R(t)=0.490  acc1=35.49%  acc2=35.86%  ens=35.68%  (best 37.12 @ ep 83)  [15.0s]
  ep  86: R(t)=0.490  acc1=34.96%  acc2=34.38%  ens=34.67%  (best 37.12 @ ep 83)  [14.3s]
  ep  87: R(t)=0.490  acc1=35.08%  acc2=35.88%  ens=35.48%  (best 37.12 @ ep 83)  [13.9s]
  ep  88: R(t)=0.490  acc1=35.84%  acc2=35.22%  ens=35.53%  (best 37.12 @ ep 83)  [14.2s]
  ep  89: R(t)=0.490  acc1=36.59%  acc2=35.62%  ens=36.10%  (best 37.12 @ ep 83)  [12.9s]
  ep  90: R(t)=0.490  acc1=36.26%  acc2=35.76%  ens=36.01%  (best 37.12 @ ep 83)  [5.3s]
  ep  91: R(t)=0.490  acc1=35.72%  acc2=35.32%  ens=35.52%  (best 37.12 @ ep 83)  [5.4s]
  ep  92: R(t)=0.490  acc1=35.64%  acc2=34.99%  ens=35.31%  (best 37.12 @ ep 83)  [5.4s]
  ep  93: R(t)=0.490  acc1=35.77%  acc2=35.45%  ens=35.61%  (best 37.12 @ ep 83)  [5.6s]
  ep  94: R(t)=0.490  acc1=35.75%  acc2=35.42%  ens=35.59%  (best 37.12 @ ep 83)  [5.5s]
  ep  95: R(t)=0.490  acc1=35.87%  acc2=35.59%  ens=35.73%  (best 37.12 @ ep 83)  [5.2s]
  ep  96: R(t)=0.490  acc1=35.87%  acc2=35.47%  ens=35.67%  (best 37.12 @ ep 83)  [5.3s]
  ep  97: R(t)=0.490  acc1=36.02%  acc2=35.66%  ens=35.84%  (best 37.12 @ ep 83)  [5.5s]
  ep  98: R(t)=0.490  acc1=36.36%  acc2=36.08%  ens=36.22%  (best 37.12 @ ep 83)  [5.9s]
  ep  99: R(t)=0.490  acc1=35.61%  acc2=35.33%  ens=35.47%  (best 37.12 @ ep 83)  [8.3s]  [sel1+2: prec=0.515, recall_clean=0.529]

saved /path/to/ciln-workspace/journal_edition/robustness_transfer/results_v4/coteaching/ours_v2_ccp_noisy__shot_noise_sev5__seed1.json: best ens-acc 37.12% @ ep 83
