condition=ours_v2_ccp_clean__contrast_sev5 seed=2 gpu=1
/path/to/ciln-workspace/venv/lib/python3.12/site-packages/torchvision/datasets/cifar.py:83: VisibleDeprecationWarning: dtype(): align should be passed as Python or NumPy boolean but got `align=0`. Did you mean to pass a tuple to create a subarray type? (Deprecated NumPy 2.4)
  entry = pickle.load(f, encoding="latin1")
image_source=clean  N=17469  noise_rate=43.68%
  ep   0: R(t)=1.000  acc1=21.01%  acc2=20.46%  ens=20.73%  (best 20.73 @ ep 0)  [6.7s]
  ep   1: R(t)=0.862  acc1=22.82%  acc2=26.04%  ens=24.43%  (best 24.43 @ ep 1)  [5.5s]
  ep   2: R(t)=0.805  acc1=25.11%  acc2=26.28%  ens=25.70%  (best 25.70 @ ep 2)  [5.7s]
  ep   3: R(t)=0.761  acc1=27.53%  acc2=27.44%  ens=27.48%  (best 27.48 @ ep 3)  [6.0s]
  ep   4: R(t)=0.724  acc1=30.88%  acc2=26.43%  ens=28.65%  (best 28.65 @ ep 4)  [5.5s]
  ep   5: R(t)=0.691  acc1=31.59%  acc2=33.06%  ens=32.33%  (best 32.33 @ ep 5)  [8.6s]  [sel1+2: prec=0.550, recall_clean=0.699]
  ep   6: R(t)=0.662  acc1=28.49%  acc2=25.83%  ens=27.16%  (best 32.33 @ ep 5)  [5.6s]
  ep   7: R(t)=0.635  acc1=30.51%  acc2=26.61%  ens=28.56%  (best 32.33 @ ep 5)  [5.6s]
  ep   8: R(t)=0.609  acc1=32.78%  acc2=34.46%  ens=33.62%  (best 33.62 @ ep 8)  [7.8s]
  ep   9: R(t)=0.586  acc1=36.97%  acc2=29.62%  ens=33.29%  (best 33.62 @ ep 8)  [11.1s]
  ep  10: R(t)=0.563  acc1=33.53%  acc2=32.46%  ens=32.99%  (best 33.62 @ ep 8)  [8.5s]  [sel1+2: prec=0.570, recall_clean=0.601]
  ep  11: R(t)=0.563  acc1=33.70%  acc2=29.70%  ens=31.70%  (best 33.62 @ ep 8)  [5.9s]
  ep  12: R(t)=0.563  acc1=32.35%  acc2=28.63%  ens=30.49%  (best 33.62 @ ep 8)  [5.9s]
  ep  13: R(t)=0.563  acc1=34.29%  acc2=31.60%  ens=32.95%  (best 33.62 @ ep 8)  [5.5s]
  ep  14: R(t)=0.563  acc1=31.45%  acc2=28.02%  ens=29.73%  (best 33.62 @ ep 8)  [5.5s]
  ep  15: R(t)=0.563  acc1=39.01%  acc2=38.25%  ens=38.63%  (best 38.63 @ ep 15)  [5.7s]
  ep  16: R(t)=0.563  acc1=35.06%  acc2=37.55%  ens=36.30%  (best 38.63 @ ep 15)  [5.7s]
  ep  17: R(t)=0.563  acc1=34.51%  acc2=31.65%  ens=33.08%  (best 38.63 @ ep 15)  [5.3s]
  ep  18: R(t)=0.563  acc1=37.32%  acc2=37.35%  ens=37.33%  (best 38.63 @ ep 15)  [5.7s]
  ep  19: R(t)=0.563  acc1=37.31%  acc2=42.08%  ens=39.70%  (best 39.70 @ ep 19)  [8.4s]
  ep  20: R(t)=0.563  acc1=34.99%  acc2=34.59%  ens=34.79%  (best 39.70 @ ep 19)  [22.9s]  [sel1+2: prec=0.593, recall_clean=0.621]
  ep  21: R(t)=0.563  acc1=31.46%  acc2=34.86%  ens=33.16%  (best 39.70 @ ep 19)  [17.8s]
  ep  22: R(t)=0.563  acc1=41.87%  acc2=40.51%  ens=41.19%  (best 41.19 @ ep 22)  [16.1s]
  ep  23: R(t)=0.563  acc1=34.54%  acc2=35.02%  ens=34.78%  (best 41.19 @ ep 22)  [15.0s]
  ep  24: R(t)=0.563  acc1=34.59%  acc2=37.10%  ens=35.84%  (best 41.19 @ ep 22)  [16.8s]
  ep  25: R(t)=0.563  acc1=37.53%  acc2=34.97%  ens=36.25%  (best 41.19 @ ep 22)  [11.8s]
  ep  26: R(t)=0.563  acc1=41.70%  acc2=38.52%  ens=40.11%  (best 41.19 @ ep 22)  [5.6s]
  ep  27: R(t)=0.563  acc1=34.61%  acc2=37.67%  ens=36.14%  (best 41.19 @ ep 22)  [5.6s]
  ep  28: R(t)=0.563  acc1=36.11%  acc2=37.05%  ens=36.58%  (best 41.19 @ ep 22)  [5.0s]
  ep  29: R(t)=0.563  acc1=35.91%  acc2=36.54%  ens=36.22%  (best 41.19 @ ep 22)  [5.6s]
  ep  30: R(t)=0.563  acc1=35.93%  acc2=38.58%  ens=37.26%  (best 41.19 @ ep 22)  [8.4s]  [sel1+2: prec=0.609, recall_clean=0.643]
  ep  31: R(t)=0.563  acc1=33.49%  acc2=31.98%  ens=32.73%  (best 41.19 @ ep 22)  [5.6s]
  ep  32: R(t)=0.563  acc1=38.75%  acc2=35.96%  ens=37.35%  (best 41.19 @ ep 22)  [5.7s]
  ep  33: R(t)=0.563  acc1=35.72%  acc2=35.74%  ens=35.73%  (best 41.19 @ ep 22)  [5.3s]
  ep  34: R(t)=0.563  acc1=36.82%  acc2=35.71%  ens=36.27%  (best 41.19 @ ep 22)  [5.6s]
  ep  35: R(t)=0.563  acc1=33.55%  acc2=27.57%  ens=30.56%  (best 41.19 @ ep 22)  [5.5s]
  ep  36: R(t)=0.563  acc1=38.33%  acc2=38.56%  ens=38.44%  (best 41.19 @ ep 22)  [14.9s]
  ep  37: R(t)=0.563  acc1=34.23%  acc2=38.89%  ens=36.56%  (best 41.19 @ ep 22)  [6.6s]
  ep  38: R(t)=0.563  acc1=39.36%  acc2=42.37%  ens=40.87%  (best 41.19 @ ep 22)  [5.6s]
  ep  39: R(t)=0.563  acc1=42.78%  acc2=44.13%  ens=43.45%  (best 43.45 @ ep 39)  [5.5s]
  ep  40: R(t)=0.563  acc1=41.97%  acc2=43.41%  ens=42.69%  (best 43.45 @ ep 39)  [5.8s]
  ep  41: R(t)=0.563  acc1=34.95%  acc2=37.06%  ens=36.00%  (best 43.45 @ ep 39)  [5.4s]
  ep  42: R(t)=0.563  acc1=39.49%  acc2=40.37%  ens=39.93%  (best 43.45 @ ep 39)  [5.4s]
  ep  43: R(t)=0.563  acc1=41.98%  acc2=40.88%  ens=41.43%  (best 43.45 @ ep 39)  [5.5s]
  ep  44: R(t)=0.563  acc1=39.75%  acc2=38.19%  ens=38.97%  (best 43.45 @ ep 39)  [5.8s]
  ep  45: R(t)=0.563  acc1=39.40%  acc2=40.26%  ens=39.83%  (best 43.45 @ ep 39)  [5.6s]
  ep  46: R(t)=0.563  acc1=36.70%  acc2=41.55%  ens=39.12%  (best 43.45 @ ep 39)  [5.6s]
  ep  47: R(t)=0.563  acc1=39.52%  acc2=37.55%  ens=38.53%  (best 43.45 @ ep 39)  [5.7s]
  ep  48: R(t)=0.563  acc1=46.80%  acc2=42.34%  ens=44.57%  (best 44.57 @ ep 48)  [11.4s]
  ep  49: R(t)=0.563  acc1=43.16%  acc2=43.30%  ens=43.23%  (best 44.57 @ ep 48)  [14.7s]
  ep  50: R(t)=0.563  acc1=44.92%  acc2=43.89%  ens=44.41%  (best 44.57 @ ep 48)  [21.6s]  [sel1+2: prec=0.625, recall_clean=0.653]
  ep  51: R(t)=0.563  acc1=40.96%  acc2=41.96%  ens=41.46%  (best 44.57 @ ep 48)  [15.7s]
  ep  52: R(t)=0.563  acc1=41.62%  acc2=44.51%  ens=43.06%  (best 44.57 @ ep 48)  [13.6s]
  ep  53: R(t)=0.563  acc1=38.06%  acc2=35.71%  ens=36.88%  (best 44.57 @ ep 48)  [15.8s]
  ep  54: R(t)=0.563  acc1=45.77%  acc2=46.31%  ens=46.04%  (best 46.04 @ ep 54)  [15.5s]
  ep  55: R(t)=0.563  acc1=40.90%  acc2=42.28%  ens=41.59%  (best 46.04 @ ep 54)  [14.6s]
  ep  56: R(t)=0.563  acc1=42.72%  acc2=43.86%  ens=43.29%  (best 46.04 @ ep 54)  [11.3s]
  ep  57: R(t)=0.563  acc1=40.51%  acc2=42.71%  ens=41.61%  (best 46.04 @ ep 54)  [5.5s]
  ep  58: R(t)=0.563  acc1=49.77%  acc2=45.92%  ens=47.84%  (best 47.84 @ ep 58)  [5.5s]
  ep  59: R(t)=0.563  acc1=42.62%  acc2=44.49%  ens=43.55%  (best 47.84 @ ep 58)  [5.3s]
  ep  60: R(t)=0.563  acc1=47.33%  acc2=46.95%  ens=47.14%  (best 47.84 @ ep 58)  [5.4s]
  ep  61: R(t)=0.563  acc1=46.54%  acc2=45.93%  ens=46.23%  (best 47.84 @ ep 58)  [5.5s]
  ep  62: R(t)=0.563  acc1=42.94%  acc2=44.81%  ens=43.88%  (best 47.84 @ ep 58)  [5.6s]
  ep  63: R(t)=0.563  acc1=40.51%  acc2=40.92%  ens=40.72%  (best 47.84 @ ep 58)  [5.3s]
  ep  64: R(t)=0.563  acc1=48.69%  acc2=45.30%  ens=46.99%  (best 47.84 @ ep 58)  [5.4s]
  ep  65: R(t)=0.563  acc1=46.00%  acc2=47.48%  ens=46.74%  (best 47.84 @ ep 58)  [5.4s]
  ep  66: R(t)=0.563  acc1=42.24%  acc2=43.26%  ens=42.75%  (best 47.84 @ ep 58)  [5.9s]
  ep  67: R(t)=0.563  acc1=46.37%  acc2=45.89%  ens=46.13%  (best 47.84 @ ep 58)  [5.3s]
  ep  68: R(t)=0.563  acc1=44.10%  acc2=43.80%  ens=43.95%  (best 47.84 @ ep 58)  [14.1s]
  ep  69: R(t)=0.563  acc1=47.94%  acc2=47.17%  ens=47.55%  (best 47.84 @ ep 58)  [17.4s]
  ep  70: R(t)=0.563  acc1=43.82%  acc2=43.12%  ens=43.47%  (best 47.84 @ ep 58)  [18.1s]
  ep  71: R(t)=0.563  acc1=46.60%  acc2=44.04%  ens=45.32%  (best 47.84 @ ep 58)  [16.6s]
  ep  72: R(t)=0.563  acc1=46.73%  acc2=46.25%  ens=46.49%  (best 47.84 @ ep 58)  [16.6s]
  ep  73: R(t)=0.563  acc1=43.41%  acc2=43.84%  ens=43.62%  (best 47.84 @ ep 58)  [16.2s]
  ep  74: R(t)=0.563  acc1=46.35%  acc2=46.43%  ens=46.39%  (best 47.84 @ ep 58)  [15.9s]
  ep  75: R(t)=0.563  acc1=44.04%  acc2=44.89%  ens=44.46%  (best 47.84 @ ep 58)  [13.8s]  [sel1+2: prec=0.646, recall_clean=0.668]
  ep  76: R(t)=0.563  acc1=44.06%  acc2=45.36%  ens=44.71%  (best 47.84 @ ep 58)  [5.7s]
  ep  77: R(t)=0.563  acc1=41.29%  acc2=43.10%  ens=42.20%  (best 47.84 @ ep 58)  [5.6s]
  ep  78: R(t)=0.563  acc1=47.60%  acc2=46.33%  ens=46.97%  (best 47.84 @ ep 58)  [5.6s]
  ep  79: R(t)=0.563  acc1=48.05%  acc2=46.92%  ens=47.48%  (best 47.84 @ ep 58)  [5.5s]
  ep  80: R(t)=0.563  acc1=45.87%  acc2=48.03%  ens=46.95%  (best 47.84 @ ep 58)  [5.8s]
  ep  81: R(t)=0.563  acc1=44.90%  acc2=45.43%  ens=45.16%  (best 47.84 @ ep 58)  [5.8s]
  ep  82: R(t)=0.563  acc1=46.37%  acc2=46.27%  ens=46.32%  (best 47.84 @ ep 58)  [5.5s]
  ep  83: R(t)=0.563  acc1=47.64%  acc2=48.08%  ens=47.86%  (best 47.86 @ ep 83)  [5.4s]
  ep  84: R(t)=0.563  acc1=47.61%  acc2=47.94%  ens=47.77%  (best 47.86 @ ep 83)  [5.8s]
  ep  85: R(t)=0.563  acc1=47.13%  acc2=47.05%  ens=47.09%  (best 47.86 @ ep 83)  [5.6s]
  ep  86: R(t)=0.563  acc1=47.06%  acc2=47.67%  ens=47.37%  (best 47.86 @ ep 83)  [17.7s]
  ep  87: R(t)=0.563  acc1=47.09%  acc2=46.02%  ens=46.55%  (best 47.86 @ ep 83)  [15.9s]
  ep  88: R(t)=0.563  acc1=46.04%  acc2=46.41%  ens=46.23%  (best 47.86 @ ep 83)  [15.9s]
  ep  89: R(t)=0.563  acc1=47.22%  acc2=47.34%  ens=47.28%  (best 47.86 @ ep 83)  [16.1s]
  ep  90: R(t)=0.563  acc1=46.26%  acc2=46.45%  ens=46.36%  (best 47.86 @ ep 83)  [16.7s]
  ep  91: R(t)=0.563  acc1=46.76%  acc2=47.21%  ens=46.98%  (best 47.86 @ ep 83)  [16.8s]
  ep  92: R(t)=0.563  acc1=46.06%  acc2=45.94%  ens=46.00%  (best 47.86 @ ep 83)  [16.2s]
  ep  93: R(t)=0.563  acc1=46.18%  acc2=46.59%  ens=46.38%  (best 47.86 @ ep 83)  [16.3s]
  ep  94: R(t)=0.563  acc1=46.37%  acc2=46.93%  ens=46.65%  (best 47.86 @ ep 83)  [16.1s]
  ep  95: R(t)=0.563  acc1=46.07%  acc2=46.67%  ens=46.37%  (best 47.86 @ ep 83)  [15.3s]
  ep  96: R(t)=0.563  acc1=46.27%  acc2=46.76%  ens=46.52%  (best 47.86 @ ep 83)  [12.7s]
  ep  97: R(t)=0.563  acc1=46.67%  acc2=47.01%  ens=46.84%  (best 47.86 @ ep 83)  [5.7s]
  ep  98: R(t)=0.563  acc1=46.21%  acc2=46.57%  ens=46.39%  (best 47.86 @ ep 83)  [5.9s]
  ep  99: R(t)=0.563  acc1=46.48%  acc2=46.79%  ens=46.63%  (best 47.86 @ ep 83)  [8.5s]  [sel1+2: prec=0.657, recall_clean=0.672]

saved /path/to/ciln-workspace/journal_edition/robustness_transfer/results_v4/coteaching/ours_v2_ccp_clean__contrast_sev5__seed2.json: best ens-acc 47.86% @ ep 83
