condition=ours_v2_ccp_noisy__gaussian_noise_sev3 seed=0 gpu=2
/path/to/ciln-workspace/venv/lib/python3.12/site-packages/torchvision/datasets/cifar.py:83: VisibleDeprecationWarning: dtype(): align should be passed as Python or NumPy boolean but got `align=0`. Did you mean to pass a tuple to create a subarray type? (Deprecated NumPy 2.4)
  entry = pickle.load(f, encoding="latin1")
image_source=noisy  N=17469  noise_rate=44.07%
  ep   0: loss=1.8457  test_acc=24.55%  (best 24.55 @ ep 0)  [4.1s]
  ep   1: loss=1.6660  test_acc=24.63%  (best 24.63 @ ep 1)  [3.0s]
  ep   2: loss=1.5684  test_acc=31.13%  (best 31.13 @ ep 2)  [3.3s]
  ep   3: loss=1.5177  test_acc=34.18%  (best 34.18 @ ep 3)  [3.2s]
  ep   4: loss=1.4693  test_acc=35.36%  (best 35.36 @ ep 4)  [3.0s]
  ep   5: loss=1.4336  test_acc=37.79%  (best 37.79 @ ep 5)  [4.6s]  [logged per-sample loss: mean=1.470]
  ep   6: loss=1.3913  test_acc=39.13%  (best 39.13 @ ep 6)  [3.1s]
  ep   7: loss=1.3729  test_acc=38.70%  (best 39.13 @ ep 6)  [3.1s]
  ep   8: loss=1.3542  test_acc=39.83%  (best 39.83 @ ep 8)  [3.1s]
  ep   9: loss=1.3347  test_acc=44.09%  (best 44.09 @ ep 9)  [3.1s]
  ep  10: loss=1.3164  test_acc=38.77%  (best 44.09 @ ep 9)  [4.5s]  [logged per-sample loss: mean=1.347]
  ep  11: loss=1.2995  test_acc=48.92%  (best 48.92 @ ep 11)  [3.1s]
  ep  12: loss=1.2799  test_acc=38.75%  (best 48.92 @ ep 11)  [3.2s]
  ep  13: loss=1.2703  test_acc=46.63%  (best 48.92 @ ep 11)  [3.2s]
  ep  14: loss=1.2657  test_acc=48.37%  (best 48.92 @ ep 11)  [3.1s]
  ep  15: loss=1.2427  test_acc=44.63%  (best 48.92 @ ep 11)  [3.1s]
  ep  16: loss=1.2318  test_acc=43.48%  (best 48.92 @ ep 11)  [4.3s]
  ep  17: loss=1.2318  test_acc=38.82%  (best 48.92 @ ep 11)  [7.1s]
  ep  18: loss=1.2191  test_acc=36.53%  (best 48.92 @ ep 11)  [6.7s]
  ep  19: loss=1.2205  test_acc=51.38%  (best 51.38 @ ep 19)  [6.8s]
  ep  20: loss=1.2027  test_acc=44.51%  (best 51.38 @ ep 19)  [8.7s]  [logged per-sample loss: mean=1.310]
  ep  21: loss=1.1999  test_acc=48.22%  (best 51.38 @ ep 19)  [7.2s]
  ep  22: loss=1.1917  test_acc=42.21%  (best 51.38 @ ep 19)  [6.9s]
  ep  23: loss=1.1857  test_acc=44.26%  (best 51.38 @ ep 19)  [6.9s]
  ep  24: loss=1.1766  test_acc=41.81%  (best 51.38 @ ep 19)  [7.5s]
  ep  25: loss=1.1682  test_acc=51.11%  (best 51.38 @ ep 19)  [7.3s]
  ep  26: loss=1.1667  test_acc=48.35%  (best 51.38 @ ep 19)  [6.6s]
  ep  27: loss=1.1500  test_acc=42.78%  (best 51.38 @ ep 19)  [7.0s]
  ep  28: loss=1.1480  test_acc=51.86%  (best 51.86 @ ep 28)  [7.0s]
  ep  29: loss=1.1368  test_acc=46.16%  (best 51.86 @ ep 28)  [6.9s]
  ep  30: loss=1.1469  test_acc=54.76%  (best 54.76 @ ep 30)  [9.2s]  [logged per-sample loss: mean=1.238]
  ep  31: loss=1.1340  test_acc=54.92%  (best 54.92 @ ep 31)  [6.8s]
  ep  32: loss=1.1205  test_acc=48.25%  (best 54.92 @ ep 31)  [7.1s]
  ep  33: loss=1.1163  test_acc=49.75%  (best 54.92 @ ep 31)  [6.9s]
  ep  34: loss=1.1147  test_acc=43.15%  (best 54.92 @ ep 31)  [7.4s]
  ep  35: loss=1.1052  test_acc=39.74%  (best 54.92 @ ep 31)  [7.1s]
  ep  36: loss=1.0935  test_acc=43.88%  (best 54.92 @ ep 31)  [7.1s]
  ep  37: loss=1.0923  test_acc=46.91%  (best 54.92 @ ep 31)  [3.2s]
  ep  38: loss=1.0883  test_acc=56.17%  (best 56.17 @ ep 38)  [3.1s]
  ep  39: loss=1.0858  test_acc=41.52%  (best 56.17 @ ep 38)  [3.2s]
  ep  40: loss=1.0736  test_acc=54.59%  (best 56.17 @ ep 38)  [3.1s]
  ep  41: loss=1.0690  test_acc=55.76%  (best 56.17 @ ep 38)  [3.0s]
  ep  42: loss=1.0681  test_acc=43.80%  (best 56.17 @ ep 38)  [3.1s]
  ep  43: loss=1.0617  test_acc=53.71%  (best 56.17 @ ep 38)  [3.2s]
  ep  44: loss=1.0527  test_acc=45.67%  (best 56.17 @ ep 38)  [3.1s]
  ep  45: loss=1.0476  test_acc=57.20%  (best 57.20 @ ep 45)  [3.1s]
  ep  46: loss=1.0381  test_acc=49.76%  (best 57.20 @ ep 45)  [3.1s]
  ep  47: loss=1.0366  test_acc=47.22%  (best 57.20 @ ep 45)  [3.0s]
  ep  48: loss=1.0255  test_acc=48.69%  (best 57.20 @ ep 45)  [3.0s]
  ep  49: loss=1.0289  test_acc=48.42%  (best 57.20 @ ep 45)  [3.1s]
  ep  50: loss=1.0095  test_acc=55.38%  (best 57.20 @ ep 45)  [4.5s]  [logged per-sample loss: mean=1.005]
  ep  51: loss=1.0034  test_acc=52.62%  (best 57.20 @ ep 45)  [3.0s]
  ep  52: loss=1.0001  test_acc=54.33%  (best 57.20 @ ep 45)  [3.3s]
  ep  53: loss=0.9938  test_acc=48.98%  (best 57.20 @ ep 45)  [3.1s]
  ep  54: loss=0.9829  test_acc=49.85%  (best 57.20 @ ep 45)  [3.0s]
  ep  55: loss=0.9721  test_acc=45.06%  (best 57.20 @ ep 45)  [3.0s]
  ep  56: loss=0.9690  test_acc=48.89%  (best 57.20 @ ep 45)  [4.6s]
  ep  57: loss=0.9689  test_acc=53.96%  (best 57.20 @ ep 45)  [7.1s]
  ep  58: loss=0.9396  test_acc=54.41%  (best 57.20 @ ep 45)  [7.7s]
  ep  59: loss=0.9392  test_acc=51.29%  (best 57.20 @ ep 45)  [7.7s]
  ep  60: loss=0.9255  test_acc=51.73%  (best 57.20 @ ep 45)  [7.6s]
  ep  61: loss=0.9207  test_acc=51.76%  (best 57.20 @ ep 45)  [7.2s]
  ep  62: loss=0.9110  test_acc=55.33%  (best 57.20 @ ep 45)  [7.6s]
  ep  63: loss=0.9014  test_acc=51.77%  (best 57.20 @ ep 45)  [7.6s]
  ep  64: loss=0.8780  test_acc=54.11%  (best 57.20 @ ep 45)  [8.1s]
  ep  65: loss=0.8770  test_acc=54.33%  (best 57.20 @ ep 45)  [7.1s]
  ep  66: loss=0.8663  test_acc=50.72%  (best 57.20 @ ep 45)  [7.8s]
  ep  67: loss=0.8512  test_acc=50.09%  (best 57.20 @ ep 45)  [8.6s]
  ep  68: loss=0.8413  test_acc=53.71%  (best 57.20 @ ep 45)  [7.6s]
  ep  69: loss=0.8228  test_acc=53.41%  (best 57.20 @ ep 45)  [7.5s]
  ep  70: loss=0.8119  test_acc=49.62%  (best 57.20 @ ep 45)  [7.5s]
  ep  71: loss=0.7915  test_acc=51.74%  (best 57.20 @ ep 45)  [7.5s]
  ep  72: loss=0.7859  test_acc=43.36%  (best 57.20 @ ep 45)  [8.2s]
  ep  73: loss=0.7702  test_acc=49.57%  (best 57.20 @ ep 45)  [5.5s]
  ep  74: loss=0.7508  test_acc=56.65%  (best 57.20 @ ep 45)  [3.1s]
  ep  75: loss=0.7387  test_acc=52.05%  (best 57.20 @ ep 45)  [4.3s]  [logged per-sample loss: mean=0.735]
  ep  76: loss=0.7153  test_acc=55.05%  (best 57.20 @ ep 45)  [3.1s]
  ep  77: loss=0.7033  test_acc=49.21%  (best 57.20 @ ep 45)  [3.1s]
  ep  78: loss=0.6835  test_acc=47.42%  (best 57.20 @ ep 45)  [3.0s]
  ep  79: loss=0.6658  test_acc=51.81%  (best 57.20 @ ep 45)  [3.0s]
  ep  80: loss=0.6485  test_acc=52.23%  (best 57.20 @ ep 45)  [3.1s]
  ep  81: loss=0.6219  test_acc=50.63%  (best 57.20 @ ep 45)  [3.0s]
  ep  82: loss=0.6003  test_acc=46.53%  (best 57.20 @ ep 45)  [3.2s]
  ep  83: loss=0.5836  test_acc=51.93%  (best 57.20 @ ep 45)  [3.2s]
  ep  84: loss=0.5731  test_acc=48.11%  (best 57.20 @ ep 45)  [3.0s]
  ep  85: loss=0.5399  test_acc=53.67%  (best 57.20 @ ep 45)  [3.0s]
  ep  86: loss=0.5268  test_acc=50.53%  (best 57.20 @ ep 45)  [3.3s]
  ep  87: loss=0.5044  test_acc=54.32%  (best 57.20 @ ep 45)  [3.2s]
  ep  88: loss=0.4843  test_acc=50.10%  (best 57.20 @ ep 45)  [3.1s]
  ep  89: loss=0.4712  test_acc=49.87%  (best 57.20 @ ep 45)  [3.3s]
  ep  90: loss=0.4469  test_acc=51.14%  (best 57.20 @ ep 45)  [3.2s]
  ep  91: loss=0.4394  test_acc=50.35%  (best 57.20 @ ep 45)  [3.3s]
  ep  92: loss=0.4204  test_acc=49.84%  (best 57.20 @ ep 45)  [3.0s]
  ep  93: loss=0.4081  test_acc=50.50%  (best 57.20 @ ep 45)  [4.8s]
  ep  94: loss=0.4002  test_acc=51.74%  (best 57.20 @ ep 45)  [7.5s]
  ep  95: loss=0.3934  test_acc=51.41%  (best 57.20 @ ep 45)  [7.2s]
  ep  96: loss=0.3882  test_acc=51.21%  (best 57.20 @ ep 45)  [8.1s]
  ep  97: loss=0.3860  test_acc=50.59%  (best 57.20 @ ep 45)  [7.8s]
  ep  98: loss=0.3802  test_acc=51.33%  (best 57.20 @ ep 45)  [7.8s]
  ep  99: loss=0.3823  test_acc=51.20%  (best 57.20 @ ep 45)  [10.2s]  [logged per-sample loss: mean=0.331]

saved /path/to/ciln-workspace/journal_edition/robustness_transfer/results_v4/erm/ours_v2_ccp_noisy__gaussian_noise_sev3__seed0.json: best 57.20% @ ep 45
