condition=ours_v2_ccp_clean__gaussian_noise_sev3 seed=0 gpu=1
/path/to/ciln-workspace/venv/lib/python3.12/site-packages/torchvision/datasets/cifar.py:83: VisibleDeprecationWarning: dtype(): align should be passed as Python or NumPy boolean but got `align=0`. Did you mean to pass a tuple to create a subarray type? (Deprecated NumPy 2.4)
  entry = pickle.load(f, encoding="latin1")
image_source=clean  N=17469  noise_rate=44.07%
  ep   0: R(t)=1.000  acc1=22.18%  acc2=16.90%  ens=19.54%  (best 19.54 @ ep 0)  [6.5s]
  ep   1: R(t)=0.861  acc1=30.04%  acc2=25.79%  ens=27.91%  (best 27.91 @ ep 1)  [5.7s]
  ep   2: R(t)=0.803  acc1=25.88%  acc2=27.27%  ens=26.57%  (best 27.91 @ ep 1)  [5.2s]
  ep   3: R(t)=0.759  acc1=28.48%  acc2=28.58%  ens=28.53%  (best 28.53 @ ep 3)  [5.7s]
  ep   4: R(t)=0.721  acc1=33.73%  acc2=29.86%  ens=31.79%  (best 31.79 @ ep 4)  [5.3s]
  ep   5: R(t)=0.688  acc1=35.14%  acc2=34.21%  ens=34.67%  (best 34.67 @ ep 5)  [16.0s]  [sel1+2: prec=0.554, recall_clean=0.716]
  ep   6: R(t)=0.659  acc1=35.58%  acc2=34.30%  ens=34.94%  (best 34.94 @ ep 6)  [15.2s]
  ep   7: R(t)=0.631  acc1=28.93%  acc2=32.84%  ens=30.89%  (best 34.94 @ ep 6)  [12.3s]
  ep   8: R(t)=0.606  acc1=32.16%  acc2=36.58%  ens=34.37%  (best 34.94 @ ep 6)  [5.4s]
  ep   9: R(t)=0.582  acc1=41.44%  acc2=39.58%  ens=40.51%  (best 40.51 @ ep 9)  [5.3s]
  ep  10: R(t)=0.559  acc1=36.97%  acc2=38.42%  ens=37.70%  (best 40.51 @ ep 9)  [8.5s]  [sel1+2: prec=0.596, recall_clean=0.638]
  ep  11: R(t)=0.559  acc1=36.10%  acc2=39.08%  ens=37.59%  (best 40.51 @ ep 9)  [5.5s]
  ep  12: R(t)=0.559  acc1=39.10%  acc2=32.04%  ens=35.57%  (best 40.51 @ ep 9)  [5.6s]
  ep  13: R(t)=0.559  acc1=31.95%  acc2=32.78%  ens=32.37%  (best 40.51 @ ep 9)  [5.4s]
  ep  14: R(t)=0.559  acc1=41.04%  acc2=41.93%  ens=41.48%  (best 41.48 @ ep 14)  [5.5s]
  ep  15: R(t)=0.559  acc1=42.17%  acc2=35.85%  ens=39.01%  (best 41.48 @ ep 14)  [5.5s]
  ep  16: R(t)=0.559  acc1=33.85%  acc2=40.37%  ens=37.11%  (best 41.48 @ ep 14)  [5.8s]
  ep  17: R(t)=0.559  acc1=34.31%  acc2=37.18%  ens=35.75%  (best 41.48 @ ep 14)  [5.7s]
  ep  18: R(t)=0.559  acc1=35.04%  acc2=34.80%  ens=34.92%  (best 41.48 @ ep 14)  [8.7s]
  ep  19: R(t)=0.559  acc1=38.16%  acc2=36.74%  ens=37.45%  (best 41.48 @ ep 14)  [14.8s]
  ep  20: R(t)=0.559  acc1=45.11%  acc2=40.90%  ens=43.00%  (best 43.00 @ ep 20)  [22.0s]  [sel1+2: prec=0.629, recall_clean=0.671]
  ep  21: R(t)=0.559  acc1=38.08%  acc2=40.19%  ens=39.13%  (best 43.00 @ ep 20)  [6.0s]
  ep  22: R(t)=0.559  acc1=34.88%  acc2=36.10%  ens=35.49%  (best 43.00 @ ep 20)  [5.3s]
  ep  23: R(t)=0.559  acc1=36.68%  acc2=39.25%  ens=37.97%  (best 43.00 @ ep 20)  [5.4s]
  ep  24: R(t)=0.559  acc1=35.47%  acc2=35.48%  ens=35.48%  (best 43.00 @ ep 20)  [5.4s]
  ep  25: R(t)=0.559  acc1=45.78%  acc2=43.35%  ens=44.56%  (best 44.56 @ ep 25)  [5.5s]
  ep  26: R(t)=0.559  acc1=38.32%  acc2=38.43%  ens=38.38%  (best 44.56 @ ep 25)  [5.4s]
  ep  27: R(t)=0.559  acc1=37.96%  acc2=39.30%  ens=38.63%  (best 44.56 @ ep 25)  [5.7s]
  ep  28: R(t)=0.559  acc1=46.72%  acc2=45.41%  ens=46.06%  (best 46.06 @ ep 28)  [5.3s]
  ep  29: R(t)=0.559  acc1=38.26%  acc2=40.13%  ens=39.20%  (best 46.06 @ ep 28)  [5.6s]
  ep  30: R(t)=0.559  acc1=32.58%  acc2=37.29%  ens=34.94%  (best 46.06 @ ep 28)  [8.4s]  [sel1+2: prec=0.625, recall_clean=0.668]
  ep  31: R(t)=0.559  acc1=37.15%  acc2=44.12%  ens=40.63%  (best 46.06 @ ep 28)  [5.4s]
  ep  32: R(t)=0.559  acc1=41.85%  acc2=42.52%  ens=42.19%  (best 46.06 @ ep 28)  [7.4s]
  ep  33: R(t)=0.559  acc1=43.72%  acc2=45.18%  ens=44.45%  (best 46.06 @ ep 28)  [5.5s]
  ep  34: R(t)=0.559  acc1=36.75%  acc2=39.43%  ens=38.09%  (best 46.06 @ ep 28)  [5.5s]
  ep  35: R(t)=0.559  acc1=44.89%  acc2=41.04%  ens=42.96%  (best 46.06 @ ep 28)  [5.6s]
  ep  36: R(t)=0.559  acc1=33.26%  acc2=38.06%  ens=35.66%  (best 46.06 @ ep 28)  [5.2s]
  ep  37: R(t)=0.559  acc1=37.22%  acc2=33.22%  ens=35.22%  (best 46.06 @ ep 28)  [5.3s]
  ep  38: R(t)=0.559  acc1=35.17%  acc2=42.31%  ens=38.74%  (best 46.06 @ ep 28)  [5.4s]
  ep  39: R(t)=0.559  acc1=45.24%  acc2=43.11%  ens=44.17%  (best 46.06 @ ep 28)  [5.7s]
  ep  40: R(t)=0.559  acc1=41.90%  acc2=43.88%  ens=42.89%  (best 46.06 @ ep 28)  [5.7s]
  ep  41: R(t)=0.559  acc1=40.28%  acc2=43.14%  ens=41.71%  (best 46.06 @ ep 28)  [5.8s]
  ep  42: R(t)=0.559  acc1=41.19%  acc2=43.61%  ens=42.40%  (best 46.06 @ ep 28)  [5.5s]
  ep  43: R(t)=0.559  acc1=43.03%  acc2=45.26%  ens=44.15%  (best 46.06 @ ep 28)  [9.6s]
  ep  44: R(t)=0.559  acc1=35.23%  acc2=36.75%  ens=35.99%  (best 46.06 @ ep 28)  [5.8s]
  ep  45: R(t)=0.559  acc1=46.17%  acc2=44.18%  ens=45.17%  (best 46.06 @ ep 28)  [5.2s]
  ep  46: R(t)=0.559  acc1=42.74%  acc2=43.86%  ens=43.30%  (best 46.06 @ ep 28)  [5.6s]
  ep  47: R(t)=0.559  acc1=42.32%  acc2=45.32%  ens=43.82%  (best 46.06 @ ep 28)  [5.6s]
  ep  48: R(t)=0.559  acc1=43.39%  acc2=42.79%  ens=43.09%  (best 46.06 @ ep 28)  [5.3s]
  ep  49: R(t)=0.559  acc1=43.91%  acc2=42.47%  ens=43.19%  (best 46.06 @ ep 28)  [5.4s]
  ep  50: R(t)=0.559  acc1=41.94%  acc2=42.95%  ens=42.45%  (best 46.06 @ ep 28)  [8.5s]  [sel1+2: prec=0.640, recall_clean=0.680]
  ep  51: R(t)=0.559  acc1=45.31%  acc2=45.86%  ens=45.59%  (best 46.06 @ ep 28)  [5.7s]
  ep  52: R(t)=0.559  acc1=37.43%  acc2=36.95%  ens=37.19%  (best 46.06 @ ep 28)  [5.3s]
  ep  53: R(t)=0.559  acc1=40.37%  acc2=45.22%  ens=42.80%  (best 46.06 @ ep 28)  [5.5s]
  ep  54: R(t)=0.559  acc1=45.12%  acc2=42.24%  ens=43.68%  (best 46.06 @ ep 28)  [12.6s]
  ep  55: R(t)=0.559  acc1=45.13%  acc2=43.04%  ens=44.08%  (best 46.06 @ ep 28)  [14.3s]
  ep  56: R(t)=0.559  acc1=46.51%  acc2=41.84%  ens=44.17%  (best 46.06 @ ep 28)  [14.7s]
  ep  57: R(t)=0.559  acc1=39.67%  acc2=40.01%  ens=39.84%  (best 46.06 @ ep 28)  [10.2s]
  ep  58: R(t)=0.559  acc1=43.36%  acc2=46.31%  ens=44.84%  (best 46.06 @ ep 28)  [5.3s]
  ep  59: R(t)=0.559  acc1=42.30%  acc2=43.89%  ens=43.09%  (best 46.06 @ ep 28)  [5.3s]
  ep  60: R(t)=0.559  acc1=43.38%  acc2=45.52%  ens=44.45%  (best 46.06 @ ep 28)  [5.3s]
  ep  61: R(t)=0.559  acc1=42.47%  acc2=36.27%  ens=39.37%  (best 46.06 @ ep 28)  [5.3s]
  ep  62: R(t)=0.559  acc1=42.73%  acc2=41.13%  ens=41.93%  (best 46.06 @ ep 28)  [5.5s]
  ep  63: R(t)=0.559  acc1=43.29%  acc2=44.28%  ens=43.79%  (best 46.06 @ ep 28)  [5.4s]
  ep  64: R(t)=0.559  acc1=44.59%  acc2=45.17%  ens=44.88%  (best 46.06 @ ep 28)  [5.2s]
  ep  65: R(t)=0.559  acc1=44.77%  acc2=43.75%  ens=44.26%  (best 46.06 @ ep 28)  [5.5s]
  ep  66: R(t)=0.559  acc1=40.88%  acc2=38.58%  ens=39.73%  (best 46.06 @ ep 28)  [5.4s]
  ep  67: R(t)=0.559  acc1=45.05%  acc2=41.90%  ens=43.47%  (best 46.06 @ ep 28)  [5.8s]
  ep  68: R(t)=0.559  acc1=45.90%  acc2=45.91%  ens=45.91%  (best 46.06 @ ep 28)  [5.6s]
  ep  69: R(t)=0.559  acc1=45.08%  acc2=42.18%  ens=43.63%  (best 46.06 @ ep 28)  [13.1s]
  ep  70: R(t)=0.559  acc1=42.23%  acc2=41.98%  ens=42.11%  (best 46.06 @ ep 28)  [15.2s]
  ep  71: R(t)=0.559  acc1=43.61%  acc2=43.30%  ens=43.45%  (best 46.06 @ ep 28)  [14.9s]
  ep  72: R(t)=0.559  acc1=41.76%  acc2=41.00%  ens=41.38%  (best 46.06 @ ep 28)  [14.6s]
  ep  73: R(t)=0.559  acc1=44.11%  acc2=48.23%  ens=46.17%  (best 46.17 @ ep 73)  [16.0s]
  ep  74: R(t)=0.559  acc1=42.67%  acc2=41.82%  ens=42.24%  (best 46.17 @ ep 73)  [8.2s]
  ep  75: R(t)=0.559  acc1=44.33%  acc2=41.71%  ens=43.02%  (best 46.17 @ ep 73)  [8.8s]  [sel1+2: prec=0.652, recall_clean=0.684]
  ep  76: R(t)=0.559  acc1=46.04%  acc2=46.18%  ens=46.11%  (best 46.17 @ ep 73)  [5.5s]
  ep  77: R(t)=0.559  acc1=42.07%  acc2=41.66%  ens=41.87%  (best 46.17 @ ep 73)  [5.4s]
  ep  78: R(t)=0.559  acc1=44.56%  acc2=43.17%  ens=43.86%  (best 46.17 @ ep 73)  [5.4s]
  ep  79: R(t)=0.559  acc1=47.44%  acc2=45.01%  ens=46.23%  (best 46.23 @ ep 79)  [5.7s]
  ep  80: R(t)=0.559  acc1=42.74%  acc2=41.68%  ens=42.21%  (best 46.23 @ ep 79)  [5.4s]
  ep  81: R(t)=0.559  acc1=42.99%  acc2=43.66%  ens=43.33%  (best 46.23 @ ep 79)  [5.7s]
  ep  82: R(t)=0.559  acc1=44.77%  acc2=44.44%  ens=44.60%  (best 46.23 @ ep 79)  [5.5s]
  ep  83: R(t)=0.559  acc1=45.83%  acc2=42.90%  ens=44.37%  (best 46.23 @ ep 79)  [5.6s]
  ep  84: R(t)=0.559  acc1=45.49%  acc2=45.03%  ens=45.26%  (best 46.23 @ ep 79)  [6.2s]
  ep  85: R(t)=0.559  acc1=44.55%  acc2=44.50%  ens=44.53%  (best 46.23 @ ep 79)  [5.6s]
  ep  86: R(t)=0.559  acc1=44.21%  acc2=43.74%  ens=43.97%  (best 46.23 @ ep 79)  [5.6s]
  ep  87: R(t)=0.559  acc1=44.20%  acc2=45.09%  ens=44.65%  (best 46.23 @ ep 79)  [5.2s]
  ep  88: R(t)=0.559  acc1=44.80%  acc2=43.22%  ens=44.01%  (best 46.23 @ ep 79)  [5.5s]
  ep  89: R(t)=0.559  acc1=43.65%  acc2=43.78%  ens=43.72%  (best 46.23 @ ep 79)  [5.4s]
  ep  90: R(t)=0.559  acc1=45.17%  acc2=44.94%  ens=45.05%  (best 46.23 @ ep 79)  [5.3s]
  ep  91: R(t)=0.559  acc1=44.55%  acc2=43.69%  ens=44.12%  (best 46.23 @ ep 79)  [5.4s]
  ep  92: R(t)=0.559  acc1=44.34%  acc2=44.47%  ens=44.41%  (best 46.23 @ ep 79)  [5.6s]
  ep  93: R(t)=0.559  acc1=44.91%  acc2=44.60%  ens=44.76%  (best 46.23 @ ep 79)  [5.6s]
  ep  94: R(t)=0.559  acc1=44.19%  acc2=43.94%  ens=44.06%  (best 46.23 @ ep 79)  [5.4s]
  ep  95: R(t)=0.559  acc1=44.45%  acc2=44.21%  ens=44.33%  (best 46.23 @ ep 79)  [5.3s]
  ep  96: R(t)=0.559  acc1=44.32%  acc2=43.97%  ens=44.15%  (best 46.23 @ ep 79)  [14.7s]
  ep  97: R(t)=0.559  acc1=43.98%  acc2=43.83%  ens=43.91%  (best 46.23 @ ep 79)  [14.8s]
  ep  98: R(t)=0.559  acc1=44.37%  acc2=44.09%  ens=44.23%  (best 46.23 @ ep 79)  [13.1s]
  ep  99: R(t)=0.559  acc1=44.42%  acc2=44.19%  ens=44.30%  (best 46.23 @ ep 79)  [19.8s]  [sel1+2: prec=0.661, recall_clean=0.682]

saved /path/to/ciln-workspace/journal_edition/robustness_transfer/results_v4/coteaching/ours_v2_ccp_clean__gaussian_noise_sev3__seed0.json: best ens-acc 46.23% @ ep 79
