condition=ours_v2_ccp_clean__contrast_sev5 seed=1 gpu=1
/path/to/ciln-workspace/venv/lib/python3.12/site-packages/torchvision/datasets/cifar.py:83: VisibleDeprecationWarning: dtype(): align should be passed as Python or NumPy boolean but got `align=0`. Did you mean to pass a tuple to create a subarray type? (Deprecated NumPy 2.4)
  entry = pickle.load(f, encoding="latin1")
image_source=clean  N=17469  noise_rate=43.68%
  ep   0: R(t)=1.000  acc1=16.45%  acc2=21.32%  ens=18.89%  (best 18.89 @ ep 0)  [6.5s]
  ep   1: R(t)=0.862  acc1=29.11%  acc2=28.30%  ens=28.71%  (best 28.71 @ ep 1)  [5.6s]
  ep   2: R(t)=0.805  acc1=28.75%  acc2=28.87%  ens=28.81%  (best 28.81 @ ep 2)  [5.4s]
  ep   3: R(t)=0.761  acc1=23.65%  acc2=26.31%  ens=24.98%  (best 28.81 @ ep 2)  [5.4s]
  ep   4: R(t)=0.724  acc1=30.52%  acc2=32.95%  ens=31.74%  (best 31.74 @ ep 4)  [5.4s]
  ep   5: R(t)=0.691  acc1=29.46%  acc2=28.63%  ens=29.04%  (best 31.74 @ ep 4)  [11.3s]  [sel1+2: prec=0.550, recall_clean=0.697]
  ep   6: R(t)=0.662  acc1=30.47%  acc2=36.36%  ens=33.41%  (best 33.41 @ ep 6)  [5.4s]
  ep   7: R(t)=0.635  acc1=24.94%  acc2=24.37%  ens=24.65%  (best 33.41 @ ep 6)  [5.3s]
  ep   8: R(t)=0.609  acc1=28.31%  acc2=31.36%  ens=29.84%  (best 33.41 @ ep 6)  [5.6s]
  ep   9: R(t)=0.586  acc1=35.91%  acc2=32.94%  ens=34.42%  (best 34.42 @ ep 9)  [5.8s]
  ep  10: R(t)=0.563  acc1=26.32%  acc2=33.55%  ens=29.94%  (best 34.42 @ ep 9)  [8.3s]  [sel1+2: prec=0.564, recall_clean=0.595]
  ep  11: R(t)=0.563  acc1=33.86%  acc2=33.05%  ens=33.45%  (best 34.42 @ ep 9)  [5.5s]
  ep  12: R(t)=0.563  acc1=36.29%  acc2=35.99%  ens=36.14%  (best 36.14 @ ep 12)  [5.8s]
  ep  13: R(t)=0.563  acc1=39.73%  acc2=37.30%  ens=38.52%  (best 38.52 @ ep 13)  [5.5s]
  ep  14: R(t)=0.563  acc1=31.32%  acc2=31.74%  ens=31.53%  (best 38.52 @ ep 13)  [5.5s]
  ep  15: R(t)=0.563  acc1=35.93%  acc2=38.73%  ens=37.33%  (best 38.52 @ ep 13)  [5.5s]
  ep  16: R(t)=0.563  acc1=37.94%  acc2=30.26%  ens=34.10%  (best 38.52 @ ep 13)  [14.7s]
  ep  17: R(t)=0.563  acc1=40.70%  acc2=36.69%  ens=38.70%  (best 38.70 @ ep 17)  [17.1s]
  ep  18: R(t)=0.563  acc1=39.39%  acc2=39.46%  ens=39.42%  (best 39.42 @ ep 18)  [16.0s]
  ep  19: R(t)=0.563  acc1=38.25%  acc2=42.06%  ens=40.15%  (best 40.15 @ ep 19)  [13.8s]
  ep  20: R(t)=0.563  acc1=31.66%  acc2=33.54%  ens=32.60%  (best 40.15 @ ep 19)  [8.5s]  [sel1+2: prec=0.592, recall_clean=0.624]
  ep  21: R(t)=0.563  acc1=33.34%  acc2=37.12%  ens=35.23%  (best 40.15 @ ep 19)  [5.7s]
  ep  22: R(t)=0.563  acc1=42.36%  acc2=45.61%  ens=43.98%  (best 43.98 @ ep 22)  [5.5s]
  ep  23: R(t)=0.563  acc1=30.81%  acc2=31.08%  ens=30.95%  (best 43.98 @ ep 22)  [5.6s]
  ep  24: R(t)=0.563  acc1=38.36%  acc2=35.97%  ens=37.17%  (best 43.98 @ ep 22)  [5.6s]
  ep  25: R(t)=0.563  acc1=41.47%  acc2=43.02%  ens=42.24%  (best 43.98 @ ep 22)  [5.9s]
  ep  26: R(t)=0.563  acc1=39.01%  acc2=42.55%  ens=40.78%  (best 43.98 @ ep 22)  [5.8s]
  ep  27: R(t)=0.563  acc1=35.30%  acc2=31.62%  ens=33.46%  (best 43.98 @ ep 22)  [5.5s]
  ep  28: R(t)=0.563  acc1=30.60%  acc2=33.84%  ens=32.22%  (best 43.98 @ ep 22)  [5.6s]
  ep  29: R(t)=0.563  acc1=39.14%  acc2=39.46%  ens=39.30%  (best 43.98 @ ep 22)  [5.4s]
  ep  30: R(t)=0.563  acc1=40.04%  acc2=45.40%  ens=42.72%  (best 43.98 @ ep 22)  [20.5s]  [sel1+2: prec=0.607, recall_clean=0.636]
  ep  31: R(t)=0.563  acc1=38.07%  acc2=40.82%  ens=39.44%  (best 43.98 @ ep 22)  [13.4s]
  ep  32: R(t)=0.563  acc1=37.25%  acc2=40.92%  ens=39.09%  (best 43.98 @ ep 22)  [5.5s]
  ep  33: R(t)=0.563  acc1=37.66%  acc2=39.94%  ens=38.80%  (best 43.98 @ ep 22)  [5.4s]
  ep  34: R(t)=0.563  acc1=36.76%  acc2=36.47%  ens=36.61%  (best 43.98 @ ep 22)  [5.6s]
  ep  35: R(t)=0.563  acc1=38.96%  acc2=36.69%  ens=37.82%  (best 43.98 @ ep 22)  [5.4s]
  ep  36: R(t)=0.563  acc1=41.13%  acc2=43.37%  ens=42.25%  (best 43.98 @ ep 22)  [5.6s]
  ep  37: R(t)=0.563  acc1=35.79%  acc2=38.26%  ens=37.02%  (best 43.98 @ ep 22)  [5.6s]
  ep  38: R(t)=0.563  acc1=39.43%  acc2=38.76%  ens=39.09%  (best 43.98 @ ep 22)  [5.8s]
  ep  39: R(t)=0.563  acc1=32.72%  acc2=35.73%  ens=34.23%  (best 43.98 @ ep 22)  [5.6s]
  ep  40: R(t)=0.563  acc1=40.73%  acc2=42.77%  ens=41.75%  (best 43.98 @ ep 22)  [5.4s]
  ep  41: R(t)=0.563  acc1=42.44%  acc2=41.44%  ens=41.94%  (best 43.98 @ ep 22)  [5.6s]
  ep  42: R(t)=0.563  acc1=36.45%  acc2=37.84%  ens=37.15%  (best 43.98 @ ep 22)  [10.9s]
  ep  43: R(t)=0.563  acc1=39.10%  acc2=40.28%  ens=39.69%  (best 43.98 @ ep 22)  [16.7s]
  ep  44: R(t)=0.563  acc1=44.26%  acc2=41.82%  ens=43.04%  (best 43.98 @ ep 22)  [17.2s]
  ep  45: R(t)=0.563  acc1=42.81%  acc2=45.84%  ens=44.32%  (best 44.32 @ ep 45)  [16.0s]
  ep  46: R(t)=0.563  acc1=42.00%  acc2=41.58%  ens=41.79%  (best 44.32 @ ep 45)  [16.6s]
  ep  47: R(t)=0.563  acc1=42.42%  acc2=45.87%  ens=44.15%  (best 44.32 @ ep 45)  [16.2s]
  ep  48: R(t)=0.563  acc1=45.36%  acc2=45.04%  ens=45.20%  (best 45.20 @ ep 48)  [15.9s]
  ep  49: R(t)=0.563  acc1=44.72%  acc2=42.44%  ens=43.58%  (best 45.20 @ ep 48)  [11.7s]
  ep  50: R(t)=0.563  acc1=43.63%  acc2=41.33%  ens=42.48%  (best 45.20 @ ep 48)  [8.2s]  [sel1+2: prec=0.631, recall_clean=0.661]
  ep  51: R(t)=0.563  acc1=40.05%  acc2=42.06%  ens=41.05%  (best 45.20 @ ep 48)  [5.5s]
  ep  52: R(t)=0.563  acc1=43.40%  acc2=45.79%  ens=44.59%  (best 45.20 @ ep 48)  [5.4s]
  ep  53: R(t)=0.563  acc1=38.53%  acc2=43.09%  ens=40.81%  (best 45.20 @ ep 48)  [5.8s]
  ep  54: R(t)=0.563  acc1=40.18%  acc2=43.10%  ens=41.64%  (best 45.20 @ ep 48)  [5.5s]
  ep  55: R(t)=0.563  acc1=42.38%  acc2=39.42%  ens=40.90%  (best 45.20 @ ep 48)  [5.7s]
  ep  56: R(t)=0.563  acc1=41.36%  acc2=38.75%  ens=40.05%  (best 45.20 @ ep 48)  [5.6s]
  ep  57: R(t)=0.563  acc1=41.99%  acc2=38.61%  ens=40.30%  (best 45.20 @ ep 48)  [5.4s]
  ep  58: R(t)=0.563  acc1=46.47%  acc2=46.88%  ens=46.67%  (best 46.67 @ ep 58)  [5.5s]
  ep  59: R(t)=0.563  acc1=46.06%  acc2=46.67%  ens=46.37%  (best 46.67 @ ep 58)  [6.3s]
  ep  60: R(t)=0.563  acc1=40.52%  acc2=42.28%  ens=41.40%  (best 46.67 @ ep 58)  [15.1s]
  ep  61: R(t)=0.563  acc1=46.40%  acc2=46.23%  ens=46.31%  (best 46.67 @ ep 58)  [15.6s]
  ep  62: R(t)=0.563  acc1=48.43%  acc2=48.06%  ens=48.25%  (best 48.25 @ ep 62)  [16.3s]
  ep  63: R(t)=0.563  acc1=45.19%  acc2=44.23%  ens=44.71%  (best 48.25 @ ep 62)  [13.0s]
  ep  64: R(t)=0.563  acc1=45.37%  acc2=47.47%  ens=46.42%  (best 48.25 @ ep 62)  [5.4s]
  ep  65: R(t)=0.563  acc1=46.66%  acc2=42.53%  ens=44.59%  (best 48.25 @ ep 62)  [5.7s]
  ep  66: R(t)=0.563  acc1=42.07%  acc2=43.93%  ens=43.00%  (best 48.25 @ ep 62)  [5.5s]
  ep  67: R(t)=0.563  acc1=41.17%  acc2=42.45%  ens=41.81%  (best 48.25 @ ep 62)  [5.6s]
  ep  68: R(t)=0.563  acc1=46.20%  acc2=43.29%  ens=44.75%  (best 48.25 @ ep 62)  [5.5s]
  ep  69: R(t)=0.563  acc1=46.85%  acc2=44.28%  ens=45.56%  (best 48.25 @ ep 62)  [5.6s]
  ep  70: R(t)=0.563  acc1=43.60%  acc2=42.60%  ens=43.10%  (best 48.25 @ ep 62)  [5.5s]
  ep  71: R(t)=0.563  acc1=43.99%  acc2=45.67%  ens=44.83%  (best 48.25 @ ep 62)  [5.7s]
  ep  72: R(t)=0.563  acc1=47.74%  acc2=47.51%  ens=47.62%  (best 48.25 @ ep 62)  [5.7s]
  ep  73: R(t)=0.563  acc1=48.02%  acc2=48.13%  ens=48.08%  (best 48.25 @ ep 62)  [5.4s]
  ep  74: R(t)=0.563  acc1=47.66%  acc2=47.77%  ens=47.72%  (best 48.25 @ ep 62)  [5.3s]
  ep  75: R(t)=0.563  acc1=44.23%  acc2=46.66%  ens=45.45%  (best 48.25 @ ep 62)  [16.0s]  [sel1+2: prec=0.657, recall_clean=0.680]
  ep  76: R(t)=0.563  acc1=45.47%  acc2=45.92%  ens=45.69%  (best 48.25 @ ep 62)  [5.5s]
  ep  77: R(t)=0.563  acc1=47.55%  acc2=48.32%  ens=47.94%  (best 48.25 @ ep 62)  [5.4s]
  ep  78: R(t)=0.563  acc1=45.99%  acc2=45.70%  ens=45.84%  (best 48.25 @ ep 62)  [5.4s]
  ep  79: R(t)=0.563  acc1=46.35%  acc2=44.73%  ens=45.54%  (best 48.25 @ ep 62)  [5.6s]
  ep  80: R(t)=0.563  acc1=47.99%  acc2=47.65%  ens=47.82%  (best 48.25 @ ep 62)  [5.9s]
  ep  81: R(t)=0.563  acc1=45.70%  acc2=47.01%  ens=46.36%  (best 48.25 @ ep 62)  [5.5s]
  ep  82: R(t)=0.563  acc1=46.57%  acc2=46.29%  ens=46.43%  (best 48.25 @ ep 62)  [5.3s]
  ep  83: R(t)=0.563  acc1=45.90%  acc2=44.11%  ens=45.01%  (best 48.25 @ ep 62)  [5.7s]
  ep  84: R(t)=0.563  acc1=48.18%  acc2=48.56%  ens=48.37%  (best 48.37 @ ep 84)  [5.5s]
  ep  85: R(t)=0.563  acc1=46.69%  acc2=46.76%  ens=46.73%  (best 48.37 @ ep 84)  [5.7s]
  ep  86: R(t)=0.563  acc1=47.72%  acc2=47.84%  ens=47.78%  (best 48.37 @ ep 84)  [5.7s]
  ep  87: R(t)=0.563  acc1=47.03%  acc2=47.06%  ens=47.05%  (best 48.37 @ ep 84)  [5.5s]
  ep  88: R(t)=0.563  acc1=48.26%  acc2=47.80%  ens=48.03%  (best 48.37 @ ep 84)  [5.3s]
  ep  89: R(t)=0.563  acc1=46.77%  acc2=46.69%  ens=46.73%  (best 48.37 @ ep 84)  [5.3s]
  ep  90: R(t)=0.563  acc1=47.43%  acc2=47.64%  ens=47.53%  (best 48.37 @ ep 84)  [5.8s]
  ep  91: R(t)=0.563  acc1=47.73%  acc2=48.13%  ens=47.93%  (best 48.37 @ ep 84)  [5.6s]
  ep  92: R(t)=0.563  acc1=46.49%  acc2=46.69%  ens=46.59%  (best 48.37 @ ep 84)  [5.3s]
  ep  93: R(t)=0.563  acc1=47.51%  acc2=47.54%  ens=47.52%  (best 48.37 @ ep 84)  [5.6s]
  ep  94: R(t)=0.563  acc1=47.59%  acc2=47.79%  ens=47.69%  (best 48.37 @ ep 84)  [5.7s]
  ep  95: R(t)=0.563  acc1=47.68%  acc2=47.75%  ens=47.71%  (best 48.37 @ ep 84)  [5.6s]
  ep  96: R(t)=0.563  acc1=48.16%  acc2=47.77%  ens=47.97%  (best 48.37 @ ep 84)  [5.5s]
  ep  97: R(t)=0.563  acc1=47.17%  acc2=47.25%  ens=47.21%  (best 48.37 @ ep 84)  [6.9s]
  ep  98: R(t)=0.563  acc1=47.74%  acc2=47.71%  ens=47.73%  (best 48.37 @ ep 84)  [14.2s]
  ep  99: R(t)=0.563  acc1=47.75%  acc2=47.71%  ens=47.73%  (best 48.37 @ ep 84)  [19.3s]  [sel1+2: prec=0.666, recall_clean=0.682]

saved /path/to/ciln-workspace/journal_edition/robustness_transfer/results_v4/coteaching/ours_v2_ccp_clean__contrast_sev5__seed1.json: best ens-acc 48.37% @ ep 84
