condition=ours_v2_ccp_clean__gaussian_noise_sev3 seed=1 gpu=1
/path/to/ciln-workspace/venv/lib/python3.12/site-packages/torchvision/datasets/cifar.py:83: VisibleDeprecationWarning: dtype(): align should be passed as Python or NumPy boolean but got `align=0`. Did you mean to pass a tuple to create a subarray type? (Deprecated NumPy 2.4)
  entry = pickle.load(f, encoding="latin1")
image_source=clean  N=17469  noise_rate=44.07%
  ep   0: loss=1.8460  test_acc=23.29%  (best 23.29 @ ep 0)  [3.9s]
  ep   1: loss=1.6400  test_acc=31.93%  (best 31.93 @ ep 1)  [3.0s]
  ep   2: loss=1.5393  test_acc=35.93%  (best 35.93 @ ep 2)  [3.0s]
  ep   3: loss=1.4721  test_acc=44.02%  (best 44.02 @ ep 3)  [3.0s]
  ep   4: loss=1.4281  test_acc=40.03%  (best 44.02 @ ep 3)  [3.0s]
  ep   5: loss=1.3989  test_acc=39.06%  (best 44.02 @ ep 3)  [4.5s]  [logged per-sample loss: mean=1.380]
  ep   6: loss=1.3658  test_acc=40.55%  (best 44.02 @ ep 3)  [3.0s]
  ep   7: loss=1.3355  test_acc=31.58%  (best 44.02 @ ep 3)  [3.1s]
  ep   8: loss=1.3186  test_acc=44.62%  (best 44.62 @ ep 8)  [3.0s]
  ep   9: loss=1.2970  test_acc=46.81%  (best 46.81 @ ep 9)  [3.1s]
  ep  10: loss=1.2915  test_acc=38.19%  (best 46.81 @ ep 9)  [4.7s]  [logged per-sample loss: mean=1.289]
  ep  11: loss=1.2773  test_acc=45.64%  (best 46.81 @ ep 9)  [3.1s]
  ep  12: loss=1.2643  test_acc=39.47%  (best 46.81 @ ep 9)  [3.2s]
  ep  13: loss=1.2520  test_acc=39.86%  (best 46.81 @ ep 9)  [3.3s]
  ep  14: loss=1.2492  test_acc=45.04%  (best 46.81 @ ep 9)  [3.1s]
  ep  15: loss=1.2322  test_acc=43.95%  (best 46.81 @ ep 9)  [3.4s]
  ep  16: loss=1.2312  test_acc=48.01%  (best 48.01 @ ep 16)  [6.9s]
  ep  17: loss=1.2144  test_acc=46.76%  (best 48.01 @ ep 16)  [6.8s]
  ep  18: loss=1.2056  test_acc=36.04%  (best 48.01 @ ep 16)  [6.9s]
  ep  19: loss=1.1911  test_acc=47.15%  (best 48.01 @ ep 16)  [6.8s]
  ep  20: loss=1.1854  test_acc=40.75%  (best 48.01 @ ep 16)  [10.3s]  [logged per-sample loss: mean=1.301]
  ep  21: loss=1.1751  test_acc=51.45%  (best 51.45 @ ep 21)  [7.4s]
  ep  22: loss=1.1741  test_acc=49.61%  (best 51.45 @ ep 21)  [6.7s]
  ep  23: loss=1.1629  test_acc=45.81%  (best 51.45 @ ep 21)  [6.8s]
  ep  24: loss=1.1607  test_acc=41.04%  (best 51.45 @ ep 21)  [7.8s]
  ep  25: loss=1.1519  test_acc=41.90%  (best 51.45 @ ep 21)  [7.2s]
  ep  26: loss=1.1456  test_acc=43.58%  (best 51.45 @ ep 21)  [7.4s]
  ep  27: loss=1.1393  test_acc=42.83%  (best 51.45 @ ep 21)  [7.0s]
  ep  28: loss=1.1324  test_acc=49.33%  (best 51.45 @ ep 21)  [7.1s]
  ep  29: loss=1.1352  test_acc=46.88%  (best 51.45 @ ep 21)  [7.7s]
  ep  30: loss=1.1176  test_acc=44.00%  (best 51.45 @ ep 21)  [10.7s]  [logged per-sample loss: mean=1.388]
  ep  31: loss=1.1255  test_acc=36.01%  (best 51.45 @ ep 21)  [7.7s]
  ep  32: loss=1.1092  test_acc=50.02%  (best 51.45 @ ep 21)  [8.8s]
  ep  33: loss=1.1054  test_acc=55.25%  (best 55.25 @ ep 33)  [8.2s]
  ep  34: loss=1.1064  test_acc=48.81%  (best 55.25 @ ep 33)  [8.5s]
  ep  35: loss=1.0965  test_acc=56.22%  (best 56.22 @ ep 35)  [7.7s]
  ep  36: loss=1.0855  test_acc=53.98%  (best 56.22 @ ep 35)  [7.3s]
  ep  37: loss=1.0877  test_acc=52.92%  (best 56.22 @ ep 35)  [7.6s]
  ep  38: loss=1.0777  test_acc=53.62%  (best 56.22 @ ep 35)  [7.5s]
  ep  39: loss=1.0747  test_acc=45.63%  (best 56.22 @ ep 35)  [7.5s]
  ep  40: loss=1.0724  test_acc=51.53%  (best 56.22 @ ep 35)  [8.2s]
  ep  41: loss=1.0694  test_acc=49.53%  (best 56.22 @ ep 35)  [7.6s]
  ep  42: loss=1.0539  test_acc=46.70%  (best 56.22 @ ep 35)  [8.0s]
  ep  43: loss=1.0480  test_acc=48.63%  (best 56.22 @ ep 35)  [7.4s]
  ep  44: loss=1.0469  test_acc=42.67%  (best 56.22 @ ep 35)  [8.3s]
  ep  45: loss=1.0369  test_acc=46.07%  (best 56.22 @ ep 35)  [7.9s]
  ep  46: loss=1.0325  test_acc=41.35%  (best 56.22 @ ep 35)  [7.4s]
  ep  47: loss=1.0259  test_acc=49.93%  (best 56.22 @ ep 35)  [7.2s]
  ep  48: loss=1.0169  test_acc=56.03%  (best 56.22 @ ep 35)  [7.5s]
  ep  49: loss=1.0132  test_acc=51.20%  (best 56.22 @ ep 35)  [7.7s]
  ep  50: loss=1.0085  test_acc=43.52%  (best 56.22 @ ep 35)  [11.6s]  [logged per-sample loss: mean=1.020]
  ep  51: loss=0.9968  test_acc=49.19%  (best 56.22 @ ep 35)  [6.5s]
  ep  52: loss=0.9967  test_acc=52.45%  (best 56.22 @ ep 35)  [3.3s]
  ep  53: loss=0.9848  test_acc=45.91%  (best 56.22 @ ep 35)  [3.0s]
  ep  54: loss=0.9829  test_acc=46.02%  (best 56.22 @ ep 35)  [3.1s]
  ep  55: loss=0.9808  test_acc=45.23%  (best 56.22 @ ep 35)  [3.0s]
  ep  56: loss=0.9688  test_acc=51.42%  (best 56.22 @ ep 35)  [3.1s]
  ep  57: loss=0.9559  test_acc=55.15%  (best 56.22 @ ep 35)  [3.1s]
  ep  58: loss=0.9428  test_acc=54.80%  (best 56.22 @ ep 35)  [3.0s]
  ep  59: loss=0.9347  test_acc=53.72%  (best 56.22 @ ep 35)  [3.1s]
  ep  60: loss=0.9275  test_acc=50.85%  (best 56.22 @ ep 35)  [3.1s]
  ep  61: loss=0.9139  test_acc=48.23%  (best 56.22 @ ep 35)  [3.0s]
  ep  62: loss=0.9043  test_acc=53.17%  (best 56.22 @ ep 35)  [3.0s]
  ep  63: loss=0.8920  test_acc=50.43%  (best 56.22 @ ep 35)  [3.2s]
  ep  64: loss=0.8911  test_acc=55.05%  (best 56.22 @ ep 35)  [3.1s]
  ep  65: loss=0.8827  test_acc=46.28%  (best 56.22 @ ep 35)  [2.9s]
  ep  66: loss=0.8607  test_acc=50.53%  (best 56.22 @ ep 35)  [3.1s]
  ep  67: loss=0.8567  test_acc=51.18%  (best 56.22 @ ep 35)  [3.1s]
  ep  68: loss=0.8385  test_acc=46.39%  (best 56.22 @ ep 35)  [3.0s]
  ep  69: loss=0.8281  test_acc=49.58%  (best 56.22 @ ep 35)  [3.0s]
  ep  70: loss=0.8115  test_acc=50.29%  (best 56.22 @ ep 35)  [3.1s]
  ep  71: loss=0.8016  test_acc=56.54%  (best 56.54 @ ep 71)  [3.6s]
  ep  72: loss=0.7863  test_acc=46.76%  (best 56.54 @ ep 71)  [3.1s]
  ep  73: loss=0.7625  test_acc=53.94%  (best 56.54 @ ep 71)  [3.1s]
  ep  74: loss=0.7472  test_acc=53.46%  (best 56.54 @ ep 71)  [3.0s]
  ep  75: loss=0.7351  test_acc=58.44%  (best 58.44 @ ep 75)  [4.4s]  [logged per-sample loss: mean=0.766]
  ep  76: loss=0.7265  test_acc=42.71%  (best 58.44 @ ep 75)  [3.2s]
  ep  77: loss=0.6984  test_acc=48.56%  (best 58.44 @ ep 75)  [3.1s]
  ep  78: loss=0.6987  test_acc=46.51%  (best 58.44 @ ep 75)  [3.1s]
  ep  79: loss=0.6716  test_acc=46.35%  (best 58.44 @ ep 75)  [3.1s]
  ep  80: loss=0.6446  test_acc=48.50%  (best 58.44 @ ep 75)  [3.1s]
  ep  81: loss=0.6304  test_acc=50.34%  (best 58.44 @ ep 75)  [3.1s]
  ep  82: loss=0.6071  test_acc=51.56%  (best 58.44 @ ep 75)  [3.3s]
  ep  83: loss=0.5999  test_acc=50.23%  (best 58.44 @ ep 75)  [3.0s]
  ep  84: loss=0.5690  test_acc=50.01%  (best 58.44 @ ep 75)  [3.0s]
  ep  85: loss=0.5560  test_acc=47.84%  (best 58.44 @ ep 75)  [3.0s]
  ep  86: loss=0.5338  test_acc=47.60%  (best 58.44 @ ep 75)  [3.0s]
  ep  87: loss=0.5123  test_acc=49.42%  (best 58.44 @ ep 75)  [3.0s]
  ep  88: loss=0.4942  test_acc=49.04%  (best 58.44 @ ep 75)  [3.0s]
  ep  89: loss=0.4770  test_acc=48.49%  (best 58.44 @ ep 75)  [3.0s]
  ep  90: loss=0.4542  test_acc=48.63%  (best 58.44 @ ep 75)  [3.6s]
  ep  91: loss=0.4442  test_acc=49.07%  (best 58.44 @ ep 75)  [8.0s]
  ep  92: loss=0.4325  test_acc=49.70%  (best 58.44 @ ep 75)  [7.5s]
  ep  93: loss=0.4160  test_acc=48.86%  (best 58.44 @ ep 75)  [7.9s]
  ep  94: loss=0.4077  test_acc=48.90%  (best 58.44 @ ep 75)  [7.0s]
  ep  95: loss=0.3988  test_acc=48.54%  (best 58.44 @ ep 75)  [8.9s]
  ep  96: loss=0.3980  test_acc=49.62%  (best 58.44 @ ep 75)  [6.3s]
  ep  97: loss=0.3885  test_acc=50.07%  (best 58.44 @ ep 75)  [3.2s]
  ep  98: loss=0.3810  test_acc=50.03%  (best 58.44 @ ep 75)  [3.0s]
  ep  99: loss=0.3872  test_acc=49.18%  (best 58.44 @ ep 75)  [4.7s]  [logged per-sample loss: mean=0.338]

saved /path/to/ciln-workspace/journal_edition/robustness_transfer/results_v4/erm/ours_v2_ccp_clean__gaussian_noise_sev3__seed1.json: best 58.44% @ ep 75
