condition=ours_v2_ccp_clean__shot_noise_sev5 seed=0 gpu=1
/path/to/ciln-workspace/venv/lib/python3.12/site-packages/torchvision/datasets/cifar.py:83: VisibleDeprecationWarning: dtype(): align should be passed as Python or NumPy boolean but got `align=0`. Did you mean to pass a tuple to create a subarray type? (Deprecated NumPy 2.4)
  entry = pickle.load(f, encoding="latin1")
image_source=clean  N=17469  noise_rate=50.97%
  ep   0: R(t)=1.000  acc1=17.64%  acc2=15.46%  ens=16.55%  (best 16.55 @ ep 0)  [6.9s]
  ep   1: R(t)=0.839  acc1=18.05%  acc2=19.17%  ens=18.61%  (best 18.61 @ ep 1)  [5.6s]
  ep   2: R(t)=0.772  acc1=22.26%  acc2=20.10%  ens=21.18%  (best 21.18 @ ep 2)  [5.6s]
  ep   3: R(t)=0.721  acc1=24.49%  acc2=25.37%  ens=24.93%  (best 24.93 @ ep 3)  [5.5s]
  ep   4: R(t)=0.678  acc1=25.59%  acc2=25.36%  ens=25.48%  (best 25.48 @ ep 4)  [6.8s]
  ep   5: R(t)=0.640  acc1=29.89%  acc2=28.10%  ens=29.00%  (best 29.00 @ ep 5)  [8.5s]  [sel1+2: prec=0.454, recall_clean=0.618]
  ep   6: R(t)=0.605  acc1=31.07%  acc2=31.36%  ens=31.21%  (best 31.21 @ ep 6)  [5.4s]
  ep   7: R(t)=0.574  acc1=28.89%  acc2=27.75%  ens=28.32%  (best 31.21 @ ep 6)  [5.4s]
  ep   8: R(t)=0.544  acc1=32.84%  acc2=30.29%  ens=31.56%  (best 31.56 @ ep 8)  [5.7s]
  ep   9: R(t)=0.516  acc1=23.96%  acc2=20.76%  ens=22.36%  (best 31.56 @ ep 8)  [5.4s]
  ep  10: R(t)=0.490  acc1=23.75%  acc2=25.16%  ens=24.45%  (best 31.56 @ ep 8)  [8.7s]  [sel1+2: prec=0.464, recall_clean=0.490]
  ep  11: R(t)=0.490  acc1=26.82%  acc2=25.87%  ens=26.34%  (best 31.56 @ ep 8)  [5.5s]
  ep  12: R(t)=0.490  acc1=20.91%  acc2=15.83%  ens=18.37%  (best 31.56 @ ep 8)  [5.6s]
  ep  13: R(t)=0.490  acc1=21.68%  acc2=22.72%  ens=22.20%  (best 31.56 @ ep 8)  [5.5s]
  ep  14: R(t)=0.490  acc1=22.26%  acc2=24.09%  ens=23.18%  (best 31.56 @ ep 8)  [5.5s]
  ep  15: R(t)=0.490  acc1=26.83%  acc2=28.27%  ens=27.55%  (best 31.56 @ ep 8)  [8.7s]
  ep  16: R(t)=0.490  acc1=25.07%  acc2=21.99%  ens=23.53%  (best 31.56 @ ep 8)  [5.5s]
  ep  17: R(t)=0.490  acc1=27.41%  acc2=28.59%  ens=28.00%  (best 31.56 @ ep 8)  [5.3s]
  ep  18: R(t)=0.490  acc1=30.07%  acc2=28.94%  ens=29.51%  (best 31.56 @ ep 8)  [5.7s]
  ep  19: R(t)=0.490  acc1=29.10%  acc2=27.16%  ens=28.13%  (best 31.56 @ ep 8)  [5.6s]
  ep  20: R(t)=0.490  acc1=32.51%  acc2=29.22%  ens=30.86%  (best 31.56 @ ep 8)  [8.8s]  [sel1+2: prec=0.473, recall_clean=0.500]
  ep  21: R(t)=0.490  acc1=25.66%  acc2=26.44%  ens=26.05%  (best 31.56 @ ep 8)  [5.8s]
  ep  22: R(t)=0.490  acc1=23.90%  acc2=25.03%  ens=24.46%  (best 31.56 @ ep 8)  [5.6s]
  ep  23: R(t)=0.490  acc1=30.63%  acc2=31.16%  ens=30.89%  (best 31.56 @ ep 8)  [5.3s]
  ep  24: R(t)=0.490  acc1=25.36%  acc2=28.92%  ens=27.14%  (best 31.56 @ ep 8)  [5.3s]
  ep  25: R(t)=0.490  acc1=23.49%  acc2=21.60%  ens=22.54%  (best 31.56 @ ep 8)  [6.2s]
  ep  26: R(t)=0.490  acc1=24.41%  acc2=29.89%  ens=27.15%  (best 31.56 @ ep 8)  [17.4s]
  ep  27: R(t)=0.490  acc1=28.37%  acc2=28.36%  ens=28.37%  (best 31.56 @ ep 8)  [16.6s]
  ep  28: R(t)=0.490  acc1=26.78%  acc2=32.38%  ens=29.58%  (best 31.56 @ ep 8)  [17.0s]
  ep  29: R(t)=0.490  acc1=26.04%  acc2=28.41%  ens=27.22%  (best 31.56 @ ep 8)  [16.8s]
  ep  30: R(t)=0.490  acc1=28.64%  acc2=22.19%  ens=25.41%  (best 31.56 @ ep 8)  [25.3s]  [sel1+2: prec=0.491, recall_clean=0.518]
  ep  31: R(t)=0.490  acc1=32.76%  acc2=31.51%  ens=32.14%  (best 32.14 @ ep 31)  [16.7s]
  ep  32: R(t)=0.490  acc1=29.87%  acc2=31.22%  ens=30.55%  (best 32.14 @ ep 31)  [17.5s]
  ep  33: R(t)=0.490  acc1=31.29%  acc2=30.51%  ens=30.90%  (best 32.14 @ ep 31)  [15.5s]
  ep  34: R(t)=0.490  acc1=29.63%  acc2=32.04%  ens=30.84%  (best 32.14 @ ep 31)  [11.2s]
  ep  35: R(t)=0.490  acc1=29.64%  acc2=27.54%  ens=28.59%  (best 32.14 @ ep 31)  [5.6s]
  ep  36: R(t)=0.490  acc1=28.02%  acc2=24.79%  ens=26.41%  (best 32.14 @ ep 31)  [5.8s]
  ep  37: R(t)=0.490  acc1=26.87%  acc2=29.97%  ens=28.42%  (best 32.14 @ ep 31)  [5.6s]
  ep  38: R(t)=0.490  acc1=30.11%  acc2=30.23%  ens=30.17%  (best 32.14 @ ep 31)  [5.6s]
  ep  39: R(t)=0.490  acc1=31.88%  acc2=27.46%  ens=29.67%  (best 32.14 @ ep 31)  [5.7s]
  ep  40: R(t)=0.490  acc1=28.91%  acc2=27.08%  ens=28.00%  (best 32.14 @ ep 31)  [5.5s]
  ep  41: R(t)=0.490  acc1=30.36%  acc2=30.14%  ens=30.25%  (best 32.14 @ ep 31)  [5.5s]
  ep  42: R(t)=0.490  acc1=28.66%  acc2=30.83%  ens=29.74%  (best 32.14 @ ep 31)  [5.5s]
  ep  43: R(t)=0.490  acc1=25.27%  acc2=23.07%  ens=24.17%  (best 32.14 @ ep 31)  [5.5s]
  ep  44: R(t)=0.490  acc1=29.48%  acc2=31.02%  ens=30.25%  (best 32.14 @ ep 31)  [5.6s]
  ep  45: R(t)=0.490  acc1=28.12%  acc2=25.37%  ens=26.74%  (best 32.14 @ ep 31)  [9.8s]
  ep  46: R(t)=0.490  acc1=31.65%  acc2=27.15%  ens=29.40%  (best 32.14 @ ep 31)  [14.9s]
  ep  47: R(t)=0.490  acc1=30.03%  acc2=27.69%  ens=28.86%  (best 32.14 @ ep 31)  [15.6s]
  ep  48: R(t)=0.490  acc1=30.99%  acc2=34.78%  ens=32.88%  (best 32.88 @ ep 48)  [15.4s]
  ep  49: R(t)=0.490  acc1=25.08%  acc2=29.43%  ens=27.26%  (best 32.88 @ ep 48)  [15.9s]
  ep  50: R(t)=0.490  acc1=32.93%  acc2=31.64%  ens=32.28%  (best 32.88 @ ep 48)  [14.5s]  [sel1+2: prec=0.512, recall_clean=0.538]
  ep  51: R(t)=0.490  acc1=31.71%  acc2=31.70%  ens=31.70%  (best 32.88 @ ep 48)  [5.5s]
  ep  52: R(t)=0.490  acc1=30.19%  acc2=30.81%  ens=30.50%  (best 32.88 @ ep 48)  [5.4s]
  ep  53: R(t)=0.490  acc1=27.37%  acc2=30.51%  ens=28.94%  (best 32.88 @ ep 48)  [5.7s]
  ep  54: R(t)=0.490  acc1=25.66%  acc2=28.34%  ens=27.00%  (best 32.88 @ ep 48)  [5.4s]
  ep  55: R(t)=0.490  acc1=29.50%  acc2=28.64%  ens=29.07%  (best 32.88 @ ep 48)  [5.5s]
  ep  56: R(t)=0.490  acc1=34.63%  acc2=31.95%  ens=33.29%  (best 33.29 @ ep 56)  [5.8s]
  ep  57: R(t)=0.490  acc1=33.24%  acc2=32.32%  ens=32.78%  (best 33.29 @ ep 56)  [5.6s]
  ep  58: R(t)=0.490  acc1=31.63%  acc2=30.69%  ens=31.16%  (best 33.29 @ ep 56)  [5.7s]
  ep  59: R(t)=0.490  acc1=32.58%  acc2=33.66%  ens=33.12%  (best 33.29 @ ep 56)  [5.6s]
  ep  60: R(t)=0.490  acc1=30.54%  acc2=31.45%  ens=31.00%  (best 33.29 @ ep 56)  [5.3s]
  ep  61: R(t)=0.490  acc1=27.48%  acc2=25.09%  ens=26.29%  (best 33.29 @ ep 56)  [16.9s]
  ep  62: R(t)=0.490  acc1=31.31%  acc2=32.36%  ens=31.84%  (best 33.29 @ ep 56)  [15.8s]
  ep  63: R(t)=0.490  acc1=31.86%  acc2=30.40%  ens=31.13%  (best 33.29 @ ep 56)  [15.2s]
  ep  64: R(t)=0.490  acc1=33.45%  acc2=31.86%  ens=32.66%  (best 33.29 @ ep 56)  [14.7s]
  ep  65: R(t)=0.490  acc1=32.10%  acc2=32.70%  ens=32.40%  (best 33.29 @ ep 56)  [16.3s]
  ep  66: R(t)=0.490  acc1=33.86%  acc2=33.08%  ens=33.47%  (best 33.47 @ ep 66)  [15.8s]
  ep  67: R(t)=0.490  acc1=33.44%  acc2=31.96%  ens=32.70%  (best 33.47 @ ep 66)  [14.4s]
  ep  68: R(t)=0.490  acc1=30.31%  acc2=32.37%  ens=31.34%  (best 33.47 @ ep 66)  [15.8s]
  ep  69: R(t)=0.490  acc1=32.00%  acc2=35.34%  ens=33.67%  (best 33.67 @ ep 69)  [12.3s]
  ep  70: R(t)=0.490  acc1=29.88%  acc2=30.65%  ens=30.26%  (best 33.67 @ ep 69)  [5.6s]
  ep  71: R(t)=0.490  acc1=33.27%  acc2=33.60%  ens=33.44%  (best 33.67 @ ep 69)  [5.4s]
  ep  72: R(t)=0.490  acc1=30.16%  acc2=29.50%  ens=29.83%  (best 33.67 @ ep 69)  [5.6s]
  ep  73: R(t)=0.490  acc1=36.98%  acc2=36.85%  ens=36.91%  (best 36.91 @ ep 73)  [5.4s]
  ep  74: R(t)=0.490  acc1=33.01%  acc2=33.57%  ens=33.29%  (best 36.91 @ ep 73)  [5.3s]
  ep  75: R(t)=0.490  acc1=31.29%  acc2=31.89%  ens=31.59%  (best 36.91 @ ep 73)  [8.5s]  [sel1+2: prec=0.520, recall_clean=0.541]
  ep  76: R(t)=0.490  acc1=32.99%  acc2=32.12%  ens=32.55%  (best 36.91 @ ep 73)  [5.6s]
  ep  77: R(t)=0.490  acc1=33.17%  acc2=33.13%  ens=33.15%  (best 36.91 @ ep 73)  [5.5s]
  ep  78: R(t)=0.490  acc1=34.53%  acc2=33.35%  ens=33.94%  (best 36.91 @ ep 73)  [5.7s]
  ep  79: R(t)=0.490  acc1=30.08%  acc2=29.34%  ens=29.71%  (best 36.91 @ ep 73)  [5.6s]
  ep  80: R(t)=0.490  acc1=32.66%  acc2=31.72%  ens=32.19%  (best 36.91 @ ep 73)  [10.4s]
  ep  81: R(t)=0.490  acc1=32.14%  acc2=32.14%  ens=32.14%  (best 36.91 @ ep 73)  [14.2s]
  ep  82: R(t)=0.490  acc1=33.40%  acc2=31.97%  ens=32.68%  (best 36.91 @ ep 73)  [14.9s]
  ep  83: R(t)=0.490  acc1=33.41%  acc2=33.12%  ens=33.27%  (best 36.91 @ ep 73)  [13.6s]
  ep  84: R(t)=0.490  acc1=33.51%  acc2=33.22%  ens=33.37%  (best 36.91 @ ep 73)  [14.3s]
  ep  85: R(t)=0.490  acc1=30.71%  acc2=31.29%  ens=31.00%  (best 36.91 @ ep 73)  [14.5s]
  ep  86: R(t)=0.490  acc1=33.15%  acc2=32.81%  ens=32.98%  (best 36.91 @ ep 73)  [9.3s]
  ep  87: R(t)=0.490  acc1=32.68%  acc2=31.89%  ens=32.28%  (best 36.91 @ ep 73)  [5.6s]
  ep  88: R(t)=0.490  acc1=31.09%  acc2=31.66%  ens=31.37%  (best 36.91 @ ep 73)  [5.6s]
  ep  89: R(t)=0.490  acc1=33.90%  acc2=33.64%  ens=33.77%  (best 36.91 @ ep 73)  [5.4s]
  ep  90: R(t)=0.490  acc1=32.84%  acc2=33.17%  ens=33.01%  (best 36.91 @ ep 73)  [5.7s]
  ep  91: R(t)=0.490  acc1=31.90%  acc2=32.63%  ens=32.27%  (best 36.91 @ ep 73)  [5.7s]
  ep  92: R(t)=0.490  acc1=33.38%  acc2=33.33%  ens=33.36%  (best 36.91 @ ep 73)  [5.3s]
  ep  93: R(t)=0.490  acc1=33.11%  acc2=33.14%  ens=33.12%  (best 36.91 @ ep 73)  [5.8s]
  ep  94: R(t)=0.490  acc1=33.37%  acc2=33.55%  ens=33.46%  (best 36.91 @ ep 73)  [5.5s]
  ep  95: R(t)=0.490  acc1=33.34%  acc2=33.39%  ens=33.37%  (best 36.91 @ ep 73)  [5.4s]
  ep  96: R(t)=0.490  acc1=33.16%  acc2=33.40%  ens=33.28%  (best 36.91 @ ep 73)  [5.5s]
  ep  97: R(t)=0.490  acc1=33.04%  acc2=33.16%  ens=33.10%  (best 36.91 @ ep 73)  [9.8s]
  ep  98: R(t)=0.490  acc1=33.38%  acc2=33.52%  ens=33.45%  (best 36.91 @ ep 73)  [14.2s]
  ep  99: R(t)=0.490  acc1=33.34%  acc2=33.40%  ens=33.37%  (best 36.91 @ ep 73)  [22.1s]  [sel1+2: prec=0.531, recall_clean=0.544]

saved /path/to/ciln-workspace/journal_edition/robustness_transfer/results_v4/coteaching/ours_v2_ccp_clean__shot_noise_sev5__seed0.json: best ens-acc 36.91% @ ep 73
