condition=ours_v2_ccp_noisy__gaussian_noise_sev3 seed=2 gpu=2
/path/to/ciln-workspace/venv/lib/python3.12/site-packages/torchvision/datasets/cifar.py:83: VisibleDeprecationWarning: dtype(): align should be passed as Python or NumPy boolean but got `align=0`. Did you mean to pass a tuple to create a subarray type? (Deprecated NumPy 2.4)
  entry = pickle.load(f, encoding="latin1")
image_source=noisy  N=17469  noise_rate=44.07%
  ep   0: loss=1.8560  test_acc=21.00%  (best 21.00 @ ep 0)  [3.9s]
  ep   1: loss=1.6602  test_acc=28.43%  (best 28.43 @ ep 1)  [2.8s]
  ep   2: loss=1.5643  test_acc=25.25%  (best 28.43 @ ep 1)  [3.0s]
  ep   3: loss=1.5099  test_acc=31.89%  (best 31.89 @ ep 3)  [3.0s]
  ep   4: loss=1.4713  test_acc=39.69%  (best 39.69 @ ep 4)  [3.1s]
  ep   5: loss=1.4289  test_acc=39.78%  (best 39.78 @ ep 5)  [4.4s]  [logged per-sample loss: mean=1.535]
  ep   6: loss=1.4076  test_acc=39.66%  (best 39.78 @ ep 5)  [3.0s]
  ep   7: loss=1.3767  test_acc=39.07%  (best 39.78 @ ep 5)  [3.0s]
  ep   8: loss=1.3554  test_acc=38.48%  (best 39.78 @ ep 5)  [3.0s]
  ep   9: loss=1.3319  test_acc=39.50%  (best 39.78 @ ep 5)  [3.2s]
  ep  10: loss=1.3124  test_acc=40.48%  (best 40.48 @ ep 10)  [4.2s]  [logged per-sample loss: mean=1.408]
  ep  11: loss=1.2890  test_acc=45.74%  (best 45.74 @ ep 11)  [3.3s]
  ep  12: loss=1.2784  test_acc=49.15%  (best 49.15 @ ep 12)  [7.3s]
  ep  13: loss=1.2596  test_acc=48.59%  (best 49.15 @ ep 12)  [6.8s]
  ep  14: loss=1.2554  test_acc=43.39%  (best 49.15 @ ep 12)  [6.5s]
  ep  15: loss=1.2513  test_acc=46.43%  (best 49.15 @ ep 12)  [6.4s]
  ep  16: loss=1.2344  test_acc=43.67%  (best 49.15 @ ep 12)  [7.2s]
  ep  17: loss=1.2231  test_acc=44.08%  (best 49.15 @ ep 12)  [6.9s]
  ep  18: loss=1.2115  test_acc=52.55%  (best 52.55 @ ep 18)  [6.8s]
  ep  19: loss=1.2020  test_acc=43.99%  (best 52.55 @ ep 18)  [6.7s]
  ep  20: loss=1.1952  test_acc=45.42%  (best 52.55 @ ep 18)  [8.7s]  [logged per-sample loss: mean=1.409]
  ep  21: loss=1.1892  test_acc=39.21%  (best 52.55 @ ep 18)  [7.1s]
  ep  22: loss=1.1695  test_acc=43.74%  (best 52.55 @ ep 18)  [7.1s]
  ep  23: loss=1.1612  test_acc=43.49%  (best 52.55 @ ep 18)  [7.7s]
  ep  24: loss=1.1587  test_acc=51.30%  (best 52.55 @ ep 18)  [6.7s]
  ep  25: loss=1.1458  test_acc=49.29%  (best 52.55 @ ep 18)  [6.9s]
  ep  26: loss=1.1458  test_acc=51.21%  (best 52.55 @ ep 18)  [6.6s]
  ep  27: loss=1.1416  test_acc=55.66%  (best 55.66 @ ep 27)  [6.6s]
  ep  28: loss=1.1319  test_acc=56.37%  (best 56.37 @ ep 28)  [7.0s]
  ep  29: loss=1.1300  test_acc=42.72%  (best 56.37 @ ep 28)  [7.6s]
  ep  30: loss=1.1206  test_acc=57.03%  (best 57.03 @ ep 30)  [9.7s]  [logged per-sample loss: mean=1.250]
  ep  31: loss=1.1213  test_acc=51.30%  (best 57.03 @ ep 30)  [7.0s]
  ep  32: loss=1.1137  test_acc=46.89%  (best 57.03 @ ep 30)  [7.8s]
  ep  33: loss=1.1108  test_acc=56.24%  (best 57.03 @ ep 30)  [7.8s]
  ep  34: loss=1.0907  test_acc=46.16%  (best 57.03 @ ep 30)  [7.6s]
  ep  35: loss=1.0929  test_acc=52.58%  (best 57.03 @ ep 30)  [8.1s]
  ep  36: loss=1.0836  test_acc=54.99%  (best 57.03 @ ep 30)  [7.0s]
  ep  37: loss=1.0827  test_acc=48.24%  (best 57.03 @ ep 30)  [7.9s]
  ep  38: loss=1.0806  test_acc=54.69%  (best 57.03 @ ep 30)  [7.3s]
  ep  39: loss=1.0648  test_acc=45.40%  (best 57.03 @ ep 30)  [8.0s]
  ep  40: loss=1.0540  test_acc=59.25%  (best 59.25 @ ep 40)  [7.7s]
  ep  41: loss=1.0564  test_acc=55.27%  (best 59.25 @ ep 40)  [8.0s]
  ep  42: loss=1.0398  test_acc=48.86%  (best 59.25 @ ep 40)  [8.7s]
  ep  43: loss=1.0466  test_acc=49.52%  (best 59.25 @ ep 40)  [8.4s]
  ep  44: loss=1.0308  test_acc=47.66%  (best 59.25 @ ep 40)  [7.8s]
  ep  45: loss=1.0265  test_acc=58.00%  (best 59.25 @ ep 40)  [4.0s]
  ep  46: loss=1.0276  test_acc=43.66%  (best 59.25 @ ep 40)  [3.1s]
  ep  47: loss=1.0118  test_acc=45.71%  (best 59.25 @ ep 40)  [3.1s]
  ep  48: loss=1.0102  test_acc=47.81%  (best 59.25 @ ep 40)  [2.9s]
  ep  49: loss=1.0004  test_acc=50.97%  (best 59.25 @ ep 40)  [3.0s]
  ep  50: loss=0.9957  test_acc=53.96%  (best 59.25 @ ep 40)  [4.5s]  [logged per-sample loss: mean=1.005]
  ep  51: loss=0.9850  test_acc=53.39%  (best 59.25 @ ep 40)  [3.1s]
  ep  52: loss=0.9811  test_acc=58.57%  (best 59.25 @ ep 40)  [3.2s]
  ep  53: loss=0.9597  test_acc=56.57%  (best 59.25 @ ep 40)  [3.2s]
  ep  54: loss=0.9598  test_acc=53.39%  (best 59.25 @ ep 40)  [3.2s]
  ep  55: loss=0.9554  test_acc=52.04%  (best 59.25 @ ep 40)  [3.0s]
  ep  56: loss=0.9404  test_acc=51.29%  (best 59.25 @ ep 40)  [3.1s]
  ep  57: loss=0.9344  test_acc=53.87%  (best 59.25 @ ep 40)  [3.1s]
  ep  58: loss=0.9241  test_acc=50.25%  (best 59.25 @ ep 40)  [3.2s]
  ep  59: loss=0.9116  test_acc=59.54%  (best 59.54 @ ep 59)  [3.0s]
  ep  60: loss=0.9025  test_acc=44.74%  (best 59.54 @ ep 59)  [3.0s]
  ep  61: loss=0.8787  test_acc=52.37%  (best 59.54 @ ep 59)  [3.0s]
  ep  62: loss=0.8762  test_acc=54.75%  (best 59.54 @ ep 59)  [3.2s]
  ep  63: loss=0.8665  test_acc=52.80%  (best 59.54 @ ep 59)  [3.2s]
  ep  64: loss=0.8511  test_acc=48.67%  (best 59.54 @ ep 59)  [3.2s]
  ep  65: loss=0.8412  test_acc=49.25%  (best 59.54 @ ep 59)  [8.1s]
  ep  66: loss=0.8257  test_acc=50.97%  (best 59.54 @ ep 59)  [8.2s]
  ep  67: loss=0.8185  test_acc=54.63%  (best 59.54 @ ep 59)  [9.2s]
  ep  68: loss=0.7941  test_acc=51.58%  (best 59.54 @ ep 59)  [8.4s]
  ep  69: loss=0.7810  test_acc=56.68%  (best 59.54 @ ep 59)  [7.0s]
  ep  70: loss=0.7704  test_acc=51.11%  (best 59.54 @ ep 59)  [8.1s]
  ep  71: loss=0.7533  test_acc=53.71%  (best 59.54 @ ep 59)  [9.5s]
  ep  72: loss=0.7377  test_acc=56.80%  (best 59.54 @ ep 59)  [7.8s]
  ep  73: loss=0.7142  test_acc=55.73%  (best 59.54 @ ep 59)  [9.3s]
  ep  74: loss=0.7112  test_acc=48.54%  (best 59.54 @ ep 59)  [7.7s]
  ep  75: loss=0.6826  test_acc=50.01%  (best 59.54 @ ep 59)  [4.6s]  [logged per-sample loss: mean=0.658]
  ep  76: loss=0.6612  test_acc=49.45%  (best 59.54 @ ep 59)  [3.0s]
  ep  77: loss=0.6376  test_acc=49.91%  (best 59.54 @ ep 59)  [3.2s]
  ep  78: loss=0.6172  test_acc=52.22%  (best 59.54 @ ep 59)  [3.0s]
  ep  79: loss=0.5997  test_acc=50.68%  (best 59.54 @ ep 59)  [3.1s]
  ep  80: loss=0.5809  test_acc=53.25%  (best 59.54 @ ep 59)  [2.9s]
  ep  81: loss=0.5545  test_acc=54.85%  (best 59.54 @ ep 59)  [2.9s]
  ep  82: loss=0.5399  test_acc=50.47%  (best 59.54 @ ep 59)  [3.4s]
  ep  83: loss=0.5276  test_acc=52.89%  (best 59.54 @ ep 59)  [3.0s]
  ep  84: loss=0.5055  test_acc=55.25%  (best 59.54 @ ep 59)  [3.0s]
  ep  85: loss=0.4725  test_acc=50.99%  (best 59.54 @ ep 59)  [3.0s]
  ep  86: loss=0.4530  test_acc=50.62%  (best 59.54 @ ep 59)  [3.0s]
  ep  87: loss=0.4365  test_acc=53.60%  (best 59.54 @ ep 59)  [3.2s]
  ep  88: loss=0.4192  test_acc=50.64%  (best 59.54 @ ep 59)  [3.0s]
  ep  89: loss=0.3985  test_acc=51.38%  (best 59.54 @ ep 59)  [3.1s]
  ep  90: loss=0.3920  test_acc=51.01%  (best 59.54 @ ep 59)  [3.0s]
  ep  91: loss=0.3655  test_acc=51.22%  (best 59.54 @ ep 59)  [3.1s]
  ep  92: loss=0.3607  test_acc=51.71%  (best 59.54 @ ep 59)  [3.2s]
  ep  93: loss=0.3518  test_acc=52.37%  (best 59.54 @ ep 59)  [3.3s]
  ep  94: loss=0.3422  test_acc=51.55%  (best 59.54 @ ep 59)  [6.2s]
  ep  95: loss=0.3340  test_acc=51.01%  (best 59.54 @ ep 59)  [7.5s]
  ep  96: loss=0.3249  test_acc=51.87%  (best 59.54 @ ep 59)  [8.3s]
  ep  97: loss=0.3209  test_acc=51.65%  (best 59.54 @ ep 59)  [7.5s]
  ep  98: loss=0.3243  test_acc=51.53%  (best 59.54 @ ep 59)  [7.4s]
  ep  99: loss=0.3134  test_acc=51.82%  (best 59.54 @ ep 59)  [9.3s]  [logged per-sample loss: mean=0.262]

saved /path/to/ciln-workspace/journal_edition/robustness_transfer/results_v4/erm/ours_v2_ccp_noisy__gaussian_noise_sev3__seed2.json: best 59.54% @ ep 59
