condition=ours_v2_ccp_noisy__gaussian_noise_sev3 seed=1 gpu=2
/path/to/ciln-workspace/venv/lib/python3.12/site-packages/torchvision/datasets/cifar.py:83: VisibleDeprecationWarning: dtype(): align should be passed as Python or NumPy boolean but got `align=0`. Did you mean to pass a tuple to create a subarray type? (Deprecated NumPy 2.4)
  entry = pickle.load(f, encoding="latin1")
image_source=noisy  N=17469  noise_rate=44.07%
  ep   0: R(t)=1.000  acc1=20.91%  acc2=20.85%  ens=20.88%  (best 20.88 @ ep 0)  [6.6s]
  ep   1: R(t)=0.861  acc1=26.20%  acc2=31.04%  ens=28.62%  (best 28.62 @ ep 1)  [5.5s]
  ep   2: R(t)=0.803  acc1=24.91%  acc2=26.63%  ens=25.77%  (best 28.62 @ ep 1)  [5.5s]
  ep   3: R(t)=0.759  acc1=27.88%  acc2=27.66%  ens=27.77%  (best 28.62 @ ep 1)  [5.5s]
  ep   4: R(t)=0.721  acc1=25.66%  acc2=24.27%  ens=24.96%  (best 28.62 @ ep 1)  [5.4s]
  ep   5: R(t)=0.688  acc1=32.56%  acc2=35.05%  ens=33.80%  (best 33.80 @ ep 5)  [8.5s]  [sel1+2: prec=0.543, recall_clean=0.696]
  ep   6: R(t)=0.659  acc1=29.17%  acc2=30.99%  ens=30.08%  (best 33.80 @ ep 5)  [5.6s]
  ep   7: R(t)=0.631  acc1=29.19%  acc2=29.52%  ens=29.35%  (best 33.80 @ ep 5)  [5.5s]
  ep   8: R(t)=0.606  acc1=31.41%  acc2=31.59%  ens=31.50%  (best 33.80 @ ep 5)  [5.4s]
  ep   9: R(t)=0.582  acc1=34.20%  acc2=33.66%  ens=33.93%  (best 33.93 @ ep 9)  [14.5s]
  ep  10: R(t)=0.559  acc1=33.84%  acc2=37.03%  ens=35.44%  (best 35.44 @ ep 10)  [22.1s]  [sel1+2: prec=0.579, recall_clean=0.619]
  ep  11: R(t)=0.559  acc1=36.66%  acc2=34.16%  ens=35.41%  (best 35.44 @ ep 10)  [16.2s]
  ep  12: R(t)=0.559  acc1=32.91%  acc2=33.97%  ens=33.44%  (best 35.44 @ ep 10)  [17.2s]
  ep  13: R(t)=0.559  acc1=41.47%  acc2=37.49%  ens=39.48%  (best 39.48 @ ep 13)  [14.6s]
  ep  14: R(t)=0.559  acc1=34.06%  acc2=32.00%  ens=33.03%  (best 39.48 @ ep 13)  [14.0s]
  ep  15: R(t)=0.559  acc1=35.59%  acc2=35.28%  ens=35.44%  (best 39.48 @ ep 13)  [15.4s]
  ep  16: R(t)=0.559  acc1=34.57%  acc2=36.05%  ens=35.31%  (best 39.48 @ ep 13)  [16.5s]
  ep  17: R(t)=0.559  acc1=34.05%  acc2=32.95%  ens=33.50%  (best 39.48 @ ep 13)  [19.9s]
  ep  18: R(t)=0.559  acc1=41.64%  acc2=36.69%  ens=39.16%  (best 39.48 @ ep 13)  [9.6s]
  ep  19: R(t)=0.559  acc1=34.20%  acc2=34.41%  ens=34.30%  (best 39.48 @ ep 13)  [5.5s]
  ep  20: R(t)=0.559  acc1=31.95%  acc2=38.03%  ens=34.99%  (best 39.48 @ ep 13)  [8.1s]  [sel1+2: prec=0.601, recall_clean=0.642]
  ep  21: R(t)=0.559  acc1=38.23%  acc2=38.87%  ens=38.55%  (best 39.48 @ ep 13)  [5.3s]
  ep  22: R(t)=0.559  acc1=37.43%  acc2=37.34%  ens=37.39%  (best 39.48 @ ep 13)  [5.4s]
  ep  23: R(t)=0.559  acc1=37.34%  acc2=40.67%  ens=39.01%  (best 39.48 @ ep 13)  [5.6s]
  ep  24: R(t)=0.559  acc1=36.64%  acc2=40.36%  ens=38.50%  (best 39.48 @ ep 13)  [5.7s]
  ep  25: R(t)=0.559  acc1=40.52%  acc2=38.02%  ens=39.27%  (best 39.48 @ ep 13)  [5.5s]
  ep  26: R(t)=0.559  acc1=36.86%  acc2=41.03%  ens=38.94%  (best 39.48 @ ep 13)  [5.5s]
  ep  27: R(t)=0.559  acc1=39.30%  acc2=38.28%  ens=38.79%  (best 39.48 @ ep 13)  [5.7s]
  ep  28: R(t)=0.559  acc1=39.26%  acc2=40.67%  ens=39.97%  (best 39.97 @ ep 28)  [5.5s]
  ep  29: R(t)=0.559  acc1=39.00%  acc2=41.03%  ens=40.02%  (best 40.02 @ ep 29)  [10.1s]
  ep  30: R(t)=0.559  acc1=40.86%  acc2=39.11%  ens=39.99%  (best 40.02 @ ep 29)  [8.5s]  [sel1+2: prec=0.620, recall_clean=0.660]
  ep  31: R(t)=0.559  acc1=39.85%  acc2=39.13%  ens=39.49%  (best 40.02 @ ep 29)  [5.5s]
  ep  32: R(t)=0.559  acc1=39.72%  acc2=39.14%  ens=39.43%  (best 40.02 @ ep 29)  [5.0s]
  ep  33: R(t)=0.559  acc1=42.56%  acc2=39.94%  ens=41.25%  (best 41.25 @ ep 33)  [5.2s]
  ep  34: R(t)=0.559  acc1=38.73%  acc2=38.49%  ens=38.61%  (best 41.25 @ ep 33)  [5.8s]
  ep  35: R(t)=0.559  acc1=34.86%  acc2=38.39%  ens=36.62%  (best 41.25 @ ep 33)  [5.5s]
  ep  36: R(t)=0.559  acc1=37.45%  acc2=38.52%  ens=37.98%  (best 41.25 @ ep 33)  [5.1s]
  ep  37: R(t)=0.559  acc1=36.08%  acc2=36.03%  ens=36.06%  (best 41.25 @ ep 33)  [5.6s]
  ep  38: R(t)=0.559  acc1=38.21%  acc2=38.46%  ens=38.33%  (best 41.25 @ ep 33)  [5.5s]
  ep  39: R(t)=0.559  acc1=41.45%  acc2=41.54%  ens=41.49%  (best 41.49 @ ep 39)  [5.5s]
  ep  40: R(t)=0.559  acc1=39.23%  acc2=41.56%  ens=40.40%  (best 41.49 @ ep 39)  [9.1s]
  ep  41: R(t)=0.559  acc1=44.18%  acc2=44.02%  ens=44.10%  (best 44.10 @ ep 41)  [14.5s]
  ep  42: R(t)=0.559  acc1=44.88%  acc2=40.23%  ens=42.55%  (best 44.10 @ ep 41)  [13.6s]
  ep  43: R(t)=0.559  acc1=40.50%  acc2=39.00%  ens=39.75%  (best 44.10 @ ep 41)  [14.0s]
  ep  44: R(t)=0.559  acc1=42.32%  acc2=41.28%  ens=41.80%  (best 44.10 @ ep 41)  [14.2s]
  ep  45: R(t)=0.559  acc1=45.07%  acc2=42.45%  ens=43.76%  (best 44.10 @ ep 41)  [14.0s]
  ep  46: R(t)=0.559  acc1=45.85%  acc2=44.92%  ens=45.38%  (best 45.38 @ ep 46)  [14.4s]
  ep  47: R(t)=0.559  acc1=39.34%  acc2=45.98%  ens=42.66%  (best 45.38 @ ep 46)  [14.4s]
  ep  48: R(t)=0.559  acc1=46.29%  acc2=44.77%  ens=45.53%  (best 45.53 @ ep 48)  [15.4s]
  ep  49: R(t)=0.559  acc1=34.79%  acc2=36.31%  ens=35.55%  (best 45.53 @ ep 48)  [13.4s]
  ep  50: R(t)=0.559  acc1=43.48%  acc2=45.67%  ens=44.57%  (best 45.53 @ ep 48)  [11.5s]  [sel1+2: prec=0.627, recall_clean=0.669]
  ep  51: R(t)=0.559  acc1=48.40%  acc2=47.61%  ens=48.00%  (best 48.00 @ ep 51)  [5.8s]
  ep  52: R(t)=0.559  acc1=42.65%  acc2=44.88%  ens=43.77%  (best 48.00 @ ep 51)  [5.5s]
  ep  53: R(t)=0.559  acc1=42.43%  acc2=43.03%  ens=42.73%  (best 48.00 @ ep 51)  [5.6s]
  ep  54: R(t)=0.559  acc1=42.24%  acc2=41.74%  ens=41.99%  (best 48.00 @ ep 51)  [5.4s]
  ep  55: R(t)=0.559  acc1=43.38%  acc2=42.37%  ens=42.88%  (best 48.00 @ ep 51)  [5.4s]
  ep  56: R(t)=0.559  acc1=39.05%  acc2=37.95%  ens=38.50%  (best 48.00 @ ep 51)  [5.3s]
  ep  57: R(t)=0.559  acc1=47.27%  acc2=47.44%  ens=47.36%  (best 48.00 @ ep 51)  [5.5s]
  ep  58: R(t)=0.559  acc1=41.11%  acc2=44.54%  ens=42.83%  (best 48.00 @ ep 51)  [5.5s]
  ep  59: R(t)=0.559  acc1=42.18%  acc2=44.97%  ens=43.57%  (best 48.00 @ ep 51)  [5.4s]
  ep  60: R(t)=0.559  acc1=42.82%  acc2=45.47%  ens=44.15%  (best 48.00 @ ep 51)  [5.3s]
  ep  61: R(t)=0.559  acc1=43.60%  acc2=45.08%  ens=44.34%  (best 48.00 @ ep 51)  [13.9s]
  ep  62: R(t)=0.559  acc1=45.01%  acc2=42.94%  ens=43.97%  (best 48.00 @ ep 51)  [14.1s]
  ep  63: R(t)=0.559  acc1=43.71%  acc2=43.68%  ens=43.70%  (best 48.00 @ ep 51)  [13.6s]
  ep  64: R(t)=0.559  acc1=47.93%  acc2=46.07%  ens=47.00%  (best 48.00 @ ep 51)  [14.6s]
  ep  65: R(t)=0.559  acc1=42.69%  acc2=42.80%  ens=42.74%  (best 48.00 @ ep 51)  [13.9s]
  ep  66: R(t)=0.559  acc1=48.70%  acc2=48.67%  ens=48.69%  (best 48.69 @ ep 66)  [11.9s]
  ep  67: R(t)=0.559  acc1=42.83%  acc2=46.40%  ens=44.62%  (best 48.69 @ ep 66)  [5.7s]
  ep  68: R(t)=0.559  acc1=45.30%  acc2=48.34%  ens=46.82%  (best 48.69 @ ep 66)  [5.5s]
  ep  69: R(t)=0.559  acc1=45.16%  acc2=45.52%  ens=45.34%  (best 48.69 @ ep 66)  [5.7s]
  ep  70: R(t)=0.559  acc1=46.12%  acc2=46.86%  ens=46.49%  (best 48.69 @ ep 66)  [5.6s]
  ep  71: R(t)=0.559  acc1=45.43%  acc2=43.36%  ens=44.39%  (best 48.69 @ ep 66)  [5.5s]
  ep  72: R(t)=0.559  acc1=48.40%  acc2=46.94%  ens=47.67%  (best 48.69 @ ep 66)  [5.5s]
  ep  73: R(t)=0.559  acc1=45.68%  acc2=47.83%  ens=46.76%  (best 48.69 @ ep 66)  [5.4s]
  ep  74: R(t)=0.559  acc1=48.08%  acc2=48.83%  ens=48.46%  (best 48.69 @ ep 66)  [5.5s]
  ep  75: R(t)=0.559  acc1=48.73%  acc2=48.69%  ens=48.71%  (best 48.71 @ ep 75)  [8.4s]  [sel1+2: prec=0.638, recall_clean=0.671]
  ep  76: R(t)=0.559  acc1=48.09%  acc2=50.06%  ens=49.08%  (best 49.08 @ ep 76)  [5.5s]
  ep  77: R(t)=0.559  acc1=44.88%  acc2=45.73%  ens=45.30%  (best 49.08 @ ep 76)  [8.7s]
  ep  78: R(t)=0.559  acc1=45.43%  acc2=46.91%  ens=46.17%  (best 49.08 @ ep 76)  [14.1s]
  ep  79: R(t)=0.559  acc1=47.07%  acc2=47.94%  ens=47.50%  (best 49.08 @ ep 76)  [14.4s]
  ep  80: R(t)=0.559  acc1=48.65%  acc2=47.98%  ens=48.31%  (best 49.08 @ ep 76)  [13.6s]
  ep  81: R(t)=0.559  acc1=48.22%  acc2=48.11%  ens=48.16%  (best 49.08 @ ep 76)  [13.3s]
  ep  82: R(t)=0.559  acc1=45.39%  acc2=47.48%  ens=46.44%  (best 49.08 @ ep 76)  [13.2s]
  ep  83: R(t)=0.559  acc1=48.97%  acc2=48.11%  ens=48.54%  (best 49.08 @ ep 76)  [14.2s]
  ep  84: R(t)=0.559  acc1=47.41%  acc2=47.89%  ens=47.65%  (best 49.08 @ ep 76)  [13.7s]
  ep  85: R(t)=0.559  acc1=46.08%  acc2=46.61%  ens=46.35%  (best 49.08 @ ep 76)  [15.1s]
  ep  86: R(t)=0.559  acc1=46.67%  acc2=46.81%  ens=46.74%  (best 49.08 @ ep 76)  [14.1s]
  ep  87: R(t)=0.559  acc1=47.49%  acc2=46.88%  ens=47.19%  (best 49.08 @ ep 76)  [5.3s]
  ep  88: R(t)=0.559  acc1=47.37%  acc2=48.00%  ens=47.69%  (best 49.08 @ ep 76)  [5.5s]
  ep  89: R(t)=0.559  acc1=47.94%  acc2=48.48%  ens=48.21%  (best 49.08 @ ep 76)  [5.3s]
  ep  90: R(t)=0.559  acc1=48.41%  acc2=48.60%  ens=48.50%  (best 49.08 @ ep 76)  [5.3s]
  ep  91: R(t)=0.559  acc1=48.17%  acc2=48.57%  ens=48.37%  (best 49.08 @ ep 76)  [5.4s]
  ep  92: R(t)=0.559  acc1=47.80%  acc2=48.60%  ens=48.20%  (best 49.08 @ ep 76)  [5.4s]
  ep  93: R(t)=0.559  acc1=47.93%  acc2=48.67%  ens=48.30%  (best 49.08 @ ep 76)  [5.5s]
  ep  94: R(t)=0.559  acc1=47.37%  acc2=48.02%  ens=47.70%  (best 49.08 @ ep 76)  [5.7s]
  ep  95: R(t)=0.559  acc1=47.54%  acc2=48.36%  ens=47.95%  (best 49.08 @ ep 76)  [5.6s]
  ep  96: R(t)=0.559  acc1=47.50%  acc2=48.01%  ens=47.76%  (best 49.08 @ ep 76)  [5.6s]
  ep  97: R(t)=0.559  acc1=48.00%  acc2=48.52%  ens=48.26%  (best 49.08 @ ep 76)  [5.3s]
  ep  98: R(t)=0.559  acc1=48.18%  acc2=48.84%  ens=48.51%  (best 49.08 @ ep 76)  [12.3s]
  ep  99: R(t)=0.559  acc1=47.68%  acc2=48.22%  ens=47.95%  (best 49.08 @ ep 76)  [18.9s]  [sel1+2: prec=0.648, recall_clean=0.671]

saved /path/to/ciln-workspace/journal_edition/robustness_transfer/results_v4/coteaching/ours_v2_ccp_noisy__gaussian_noise_sev3__seed1.json: best ens-acc 49.08% @ ep 76
