condition=ours_v2_ccp_clean__gaussian_noise_sev3 seed=2 gpu=1
/path/to/ciln-workspace/venv/lib/python3.12/site-packages/torchvision/datasets/cifar.py:83: VisibleDeprecationWarning: dtype(): align should be passed as Python or NumPy boolean but got `align=0`. Did you mean to pass a tuple to create a subarray type? (Deprecated NumPy 2.4)
  entry = pickle.load(f, encoding="latin1")
image_source=clean  N=17469  noise_rate=44.07%
  ep   0: loss=1.8570  test_acc=15.28%  (best 15.28 @ ep 0)  [3.8s]
  ep   1: loss=1.6798  test_acc=27.25%  (best 27.25 @ ep 1)  [3.0s]
  ep   2: loss=1.5805  test_acc=24.88%  (best 27.25 @ ep 1)  [3.1s]
  ep   3: loss=1.5174  test_acc=33.68%  (best 33.68 @ ep 3)  [3.1s]
  ep   4: loss=1.4724  test_acc=35.02%  (best 35.02 @ ep 4)  [2.9s]
  ep   5: loss=1.4253  test_acc=44.30%  (best 44.30 @ ep 5)  [4.5s]  [logged per-sample loss: mean=1.493]
  ep   6: loss=1.3975  test_acc=41.42%  (best 44.30 @ ep 5)  [3.3s]
  ep   7: loss=1.3603  test_acc=41.66%  (best 44.30 @ ep 5)  [3.4s]
  ep   8: loss=1.3465  test_acc=44.38%  (best 44.38 @ ep 8)  [3.1s]
  ep   9: loss=1.3151  test_acc=33.29%  (best 44.38 @ ep 8)  [3.0s]
  ep  10: loss=1.3070  test_acc=46.65%  (best 46.65 @ ep 10)  [4.5s]  [logged per-sample loss: mean=1.329]
  ep  11: loss=1.2828  test_acc=49.80%  (best 49.80 @ ep 11)  [6.1s]
  ep  12: loss=1.2720  test_acc=45.38%  (best 49.80 @ ep 11)  [7.1s]
  ep  13: loss=1.2605  test_acc=49.69%  (best 49.80 @ ep 11)  [6.8s]
  ep  14: loss=1.2525  test_acc=41.72%  (best 49.80 @ ep 11)  [6.4s]
  ep  15: loss=1.2467  test_acc=44.05%  (best 49.80 @ ep 11)  [7.2s]
  ep  16: loss=1.2343  test_acc=41.55%  (best 49.80 @ ep 11)  [6.9s]
  ep  17: loss=1.2253  test_acc=48.84%  (best 49.80 @ ep 11)  [6.9s]
  ep  18: loss=1.2307  test_acc=46.28%  (best 49.80 @ ep 11)  [6.8s]
  ep  19: loss=1.2086  test_acc=37.06%  (best 49.80 @ ep 11)  [6.8s]
  ep  20: loss=1.2082  test_acc=47.06%  (best 49.80 @ ep 11)  [9.3s]  [logged per-sample loss: mean=1.320]
  ep  21: loss=1.1967  test_acc=39.06%  (best 49.80 @ ep 11)  [6.9s]
  ep  22: loss=1.1943  test_acc=46.06%  (best 49.80 @ ep 11)  [7.8s]
  ep  23: loss=1.1759  test_acc=43.83%  (best 49.80 @ ep 11)  [6.9s]
  ep  24: loss=1.1683  test_acc=45.20%  (best 49.80 @ ep 11)  [6.9s]
  ep  25: loss=1.1567  test_acc=45.55%  (best 49.80 @ ep 11)  [6.6s]
  ep  26: loss=1.1601  test_acc=44.93%  (best 49.80 @ ep 11)  [6.5s]
  ep  27: loss=1.1448  test_acc=47.50%  (best 49.80 @ ep 11)  [6.9s]
  ep  28: loss=1.1402  test_acc=60.14%  (best 60.14 @ ep 28)  [7.8s]
  ep  29: loss=1.1344  test_acc=39.69%  (best 60.14 @ ep 28)  [8.0s]
  ep  30: loss=1.1234  test_acc=54.19%  (best 60.14 @ ep 28)  [9.4s]  [logged per-sample loss: mean=1.146]
  ep  31: loss=1.1253  test_acc=48.53%  (best 60.14 @ ep 28)  [8.1s]
  ep  32: loss=1.1177  test_acc=41.37%  (best 60.14 @ ep 28)  [7.7s]
  ep  33: loss=1.1167  test_acc=55.95%  (best 60.14 @ ep 28)  [7.6s]
  ep  34: loss=1.0966  test_acc=36.58%  (best 60.14 @ ep 28)  [8.1s]
  ep  35: loss=1.0969  test_acc=54.28%  (best 60.14 @ ep 28)  [7.1s]
  ep  36: loss=1.0961  test_acc=55.42%  (best 60.14 @ ep 28)  [7.9s]
  ep  37: loss=1.0900  test_acc=47.20%  (best 60.14 @ ep 28)  [7.3s]
  ep  38: loss=1.0830  test_acc=52.87%  (best 60.14 @ ep 28)  [8.2s]
  ep  39: loss=1.0749  test_acc=45.05%  (best 60.14 @ ep 28)  [7.6s]
  ep  40: loss=1.0647  test_acc=57.25%  (best 60.14 @ ep 28)  [8.2s]
  ep  41: loss=1.0644  test_acc=51.32%  (best 60.14 @ ep 28)  [8.7s]
  ep  42: loss=1.0538  test_acc=45.33%  (best 60.14 @ ep 28)  [8.3s]
  ep  43: loss=1.0542  test_acc=54.00%  (best 60.14 @ ep 28)  [7.6s]
  ep  44: loss=1.0436  test_acc=49.82%  (best 60.14 @ ep 28)  [4.4s]
  ep  45: loss=1.0419  test_acc=54.63%  (best 60.14 @ ep 28)  [3.2s]
  ep  46: loss=1.0378  test_acc=50.09%  (best 60.14 @ ep 28)  [3.2s]
  ep  47: loss=1.0305  test_acc=45.94%  (best 60.14 @ ep 28)  [3.3s]
  ep  48: loss=1.0238  test_acc=48.38%  (best 60.14 @ ep 28)  [3.3s]
  ep  49: loss=1.0192  test_acc=54.99%  (best 60.14 @ ep 28)  [3.1s]
  ep  50: loss=1.0052  test_acc=48.99%  (best 60.14 @ ep 28)  [4.5s]  [logged per-sample loss: mean=1.017]
  ep  51: loss=1.0006  test_acc=54.71%  (best 60.14 @ ep 28)  [3.1s]
  ep  52: loss=0.9972  test_acc=48.73%  (best 60.14 @ ep 28)  [3.1s]
  ep  53: loss=0.9824  test_acc=55.97%  (best 60.14 @ ep 28)  [3.1s]
  ep  54: loss=0.9790  test_acc=51.64%  (best 60.14 @ ep 28)  [3.1s]
  ep  55: loss=0.9753  test_acc=51.82%  (best 60.14 @ ep 28)  [3.1s]
  ep  56: loss=0.9649  test_acc=57.16%  (best 60.14 @ ep 28)  [3.2s]
  ep  57: loss=0.9554  test_acc=55.42%  (best 60.14 @ ep 28)  [3.1s]
  ep  58: loss=0.9540  test_acc=53.58%  (best 60.14 @ ep 28)  [3.1s]
  ep  59: loss=0.9399  test_acc=55.14%  (best 60.14 @ ep 28)  [3.1s]
  ep  60: loss=0.9219  test_acc=46.06%  (best 60.14 @ ep 28)  [3.2s]
  ep  61: loss=0.9206  test_acc=59.27%  (best 60.14 @ ep 28)  [3.1s]
  ep  62: loss=0.9061  test_acc=55.25%  (best 60.14 @ ep 28)  [3.1s]
  ep  63: loss=0.8982  test_acc=46.37%  (best 60.14 @ ep 28)  [3.1s]
  ep  64: loss=0.8907  test_acc=53.90%  (best 60.14 @ ep 28)  [8.3s]
  ep  65: loss=0.8733  test_acc=49.44%  (best 60.14 @ ep 28)  [8.2s]
  ep  66: loss=0.8621  test_acc=46.18%  (best 60.14 @ ep 28)  [8.5s]
  ep  67: loss=0.8594  test_acc=53.49%  (best 60.14 @ ep 28)  [8.3s]
  ep  68: loss=0.8386  test_acc=50.82%  (best 60.14 @ ep 28)  [7.0s]
  ep  69: loss=0.8240  test_acc=53.87%  (best 60.14 @ ep 28)  [8.2s]
  ep  70: loss=0.8129  test_acc=55.40%  (best 60.14 @ ep 28)  [9.5s]
  ep  71: loss=0.7950  test_acc=53.52%  (best 60.14 @ ep 28)  [7.8s]
  ep  72: loss=0.7867  test_acc=50.05%  (best 60.14 @ ep 28)  [9.8s]
  ep  73: loss=0.7680  test_acc=50.86%  (best 60.14 @ ep 28)  [7.5s]
  ep  74: loss=0.7547  test_acc=51.02%  (best 60.14 @ ep 28)  [3.1s]
  ep  75: loss=0.7378  test_acc=50.83%  (best 60.14 @ ep 28)  [4.6s]  [logged per-sample loss: mean=0.742]
  ep  76: loss=0.7169  test_acc=48.55%  (best 60.14 @ ep 28)  [3.1s]
  ep  77: loss=0.6886  test_acc=47.78%  (best 60.14 @ ep 28)  [3.1s]
  ep  78: loss=0.6792  test_acc=53.65%  (best 60.14 @ ep 28)  [3.1s]
  ep  79: loss=0.6594  test_acc=49.17%  (best 60.14 @ ep 28)  [3.0s]
  ep  80: loss=0.6446  test_acc=42.47%  (best 60.14 @ ep 28)  [3.2s]
  ep  81: loss=0.6172  test_acc=54.02%  (best 60.14 @ ep 28)  [3.1s]
  ep  82: loss=0.6015  test_acc=48.39%  (best 60.14 @ ep 28)  [3.1s]
  ep  83: loss=0.5837  test_acc=50.27%  (best 60.14 @ ep 28)  [3.1s]
  ep  84: loss=0.5664  test_acc=51.52%  (best 60.14 @ ep 28)  [3.2s]
  ep  85: loss=0.5399  test_acc=48.49%  (best 60.14 @ ep 28)  [3.2s]
  ep  86: loss=0.5240  test_acc=49.52%  (best 60.14 @ ep 28)  [3.1s]
  ep  87: loss=0.4999  test_acc=49.35%  (best 60.14 @ ep 28)  [3.2s]
  ep  88: loss=0.4774  test_acc=49.64%  (best 60.14 @ ep 28)  [3.0s]
  ep  89: loss=0.4598  test_acc=47.70%  (best 60.14 @ ep 28)  [3.1s]
  ep  90: loss=0.4399  test_acc=49.05%  (best 60.14 @ ep 28)  [3.1s]
  ep  91: loss=0.4321  test_acc=49.23%  (best 60.14 @ ep 28)  [3.1s]
  ep  92: loss=0.4200  test_acc=49.67%  (best 60.14 @ ep 28)  [3.0s]
  ep  93: loss=0.4103  test_acc=49.16%  (best 60.14 @ ep 28)  [7.2s]
  ep  94: loss=0.3947  test_acc=49.17%  (best 60.14 @ ep 28)  [7.3s]
  ep  95: loss=0.3906  test_acc=48.92%  (best 60.14 @ ep 28)  [7.9s]
  ep  96: loss=0.3771  test_acc=48.83%  (best 60.14 @ ep 28)  [7.4s]
  ep  97: loss=0.3770  test_acc=49.14%  (best 60.14 @ ep 28)  [7.2s]
  ep  98: loss=0.3806  test_acc=49.37%  (best 60.14 @ ep 28)  [7.5s]
  ep  99: loss=0.3718  test_acc=49.80%  (best 60.14 @ ep 28)  [10.7s]  [logged per-sample loss: mean=0.323]

saved /path/to/ciln-workspace/journal_edition/robustness_transfer/results_v4/erm/ours_v2_ccp_clean__gaussian_noise_sev3__seed2.json: best 60.14% @ ep 28
