condition=ours_v2_ccp_clean__shot_noise_sev5 seed=1 gpu=1
/path/to/ciln-workspace/venv/lib/python3.12/site-packages/torchvision/datasets/cifar.py:83: VisibleDeprecationWarning: dtype(): align should be passed as Python or NumPy boolean but got `align=0`. Did you mean to pass a tuple to create a subarray type? (Deprecated NumPy 2.4)
  entry = pickle.load(f, encoding="latin1")
image_source=clean  N=17469  noise_rate=50.97%
  ep   0: loss=1.8270  test_acc=17.67%  (best 17.67 @ ep 0)  [4.0s]
  ep   1: loss=1.6892  test_acc=23.59%  (best 23.59 @ ep 1)  [3.0s]
  ep   2: loss=1.6118  test_acc=23.82%  (best 23.82 @ ep 2)  [3.3s]
  ep   3: loss=1.5547  test_acc=25.55%  (best 25.55 @ ep 3)  [3.3s]
  ep   4: loss=1.5105  test_acc=24.58%  (best 25.55 @ ep 3)  [3.3s]
  ep   5: loss=1.4757  test_acc=38.30%  (best 38.30 @ ep 5)  [4.5s]  [logged per-sample loss: mean=1.561]
  ep   6: loss=1.4478  test_acc=30.84%  (best 38.30 @ ep 5)  [3.0s]
  ep   7: loss=1.4213  test_acc=30.08%  (best 38.30 @ ep 5)  [3.0s]
  ep   8: loss=1.4073  test_acc=34.55%  (best 38.30 @ ep 5)  [3.1s]
  ep   9: loss=1.3775  test_acc=32.01%  (best 38.30 @ ep 5)  [3.1s]
  ep  10: loss=1.3692  test_acc=31.02%  (best 38.30 @ ep 5)  [4.5s]  [logged per-sample loss: mean=1.384]
  ep  11: loss=1.3478  test_acc=39.07%  (best 39.07 @ ep 11)  [3.1s]
  ep  12: loss=1.3436  test_acc=32.51%  (best 39.07 @ ep 11)  [3.1s]
  ep  13: loss=1.3266  test_acc=42.39%  (best 42.39 @ ep 13)  [3.2s]
  ep  14: loss=1.3266  test_acc=31.53%  (best 42.39 @ ep 13)  [3.4s]
  ep  15: loss=1.3133  test_acc=41.73%  (best 42.39 @ ep 13)  [4.9s]
  ep  16: loss=1.3025  test_acc=33.92%  (best 42.39 @ ep 13)  [3.0s]
  ep  17: loss=1.2958  test_acc=41.99%  (best 42.39 @ ep 13)  [3.2s]
  ep  18: loss=1.2831  test_acc=38.18%  (best 42.39 @ ep 13)  [3.1s]
  ep  19: loss=1.2794  test_acc=31.48%  (best 42.39 @ ep 13)  [3.3s]
  ep  20: loss=1.2634  test_acc=37.19%  (best 42.39 @ ep 13)  [4.8s]  [logged per-sample loss: mean=1.471]
  ep  21: loss=1.2601  test_acc=47.19%  (best 47.19 @ ep 21)  [3.4s]
  ep  22: loss=1.2446  test_acc=39.63%  (best 47.19 @ ep 21)  [3.2s]
  ep  23: loss=1.2518  test_acc=33.89%  (best 47.19 @ ep 21)  [3.0s]
  ep  24: loss=1.2357  test_acc=47.16%  (best 47.19 @ ep 21)  [3.3s]
  ep  25: loss=1.2347  test_acc=51.77%  (best 51.77 @ ep 25)  [3.2s]
  ep  26: loss=1.2287  test_acc=44.71%  (best 51.77 @ ep 25)  [3.1s]
  ep  27: loss=1.2174  test_acc=47.14%  (best 51.77 @ ep 25)  [3.1s]
  ep  28: loss=1.2164  test_acc=42.11%  (best 51.77 @ ep 25)  [3.0s]
  ep  29: loss=1.2081  test_acc=48.65%  (best 51.77 @ ep 25)  [3.0s]
  ep  30: loss=1.1991  test_acc=39.06%  (best 51.77 @ ep 25)  [4.5s]  [logged per-sample loss: mean=1.250]
  ep  31: loss=1.1976  test_acc=38.77%  (best 51.77 @ ep 25)  [3.2s]
  ep  32: loss=1.1863  test_acc=40.49%  (best 51.77 @ ep 25)  [3.1s]
  ep  33: loss=1.1848  test_acc=52.62%  (best 52.62 @ ep 33)  [3.0s]
  ep  34: loss=1.1760  test_acc=48.23%  (best 52.62 @ ep 33)  [8.1s]
  ep  35: loss=1.1769  test_acc=46.75%  (best 52.62 @ ep 33)  [7.7s]
  ep  36: loss=1.1757  test_acc=42.61%  (best 52.62 @ ep 33)  [7.8s]
  ep  37: loss=1.1627  test_acc=42.60%  (best 52.62 @ ep 33)  [8.6s]
  ep  38: loss=1.1602  test_acc=49.72%  (best 52.62 @ ep 33)  [3.2s]
  ep  39: loss=1.1542  test_acc=47.70%  (best 52.62 @ ep 33)  [3.1s]
  ep  40: loss=1.1565  test_acc=53.71%  (best 53.71 @ ep 40)  [3.3s]
  ep  41: loss=1.1406  test_acc=40.18%  (best 53.71 @ ep 40)  [3.1s]
  ep  42: loss=1.1416  test_acc=43.39%  (best 53.71 @ ep 40)  [3.2s]
  ep  43: loss=1.1350  test_acc=38.26%  (best 53.71 @ ep 40)  [3.4s]
  ep  44: loss=1.1263  test_acc=55.74%  (best 55.74 @ ep 44)  [3.3s]
  ep  45: loss=1.1174  test_acc=45.11%  (best 55.74 @ ep 44)  [3.4s]
  ep  46: loss=1.1132  test_acc=41.49%  (best 55.74 @ ep 44)  [3.4s]
  ep  47: loss=1.1127  test_acc=49.28%  (best 55.74 @ ep 44)  [3.2s]
  ep  48: loss=1.0978  test_acc=43.62%  (best 55.74 @ ep 44)  [3.1s]
  ep  49: loss=1.0990  test_acc=46.47%  (best 55.74 @ ep 44)  [2.9s]
  ep  50: loss=1.0829  test_acc=45.97%  (best 55.74 @ ep 44)  [4.5s]  [logged per-sample loss: mean=1.075]
  ep  51: loss=1.0816  test_acc=35.15%  (best 55.74 @ ep 44)  [3.1s]
  ep  52: loss=1.0789  test_acc=37.12%  (best 55.74 @ ep 44)  [3.1s]
  ep  53: loss=1.0606  test_acc=33.38%  (best 55.74 @ ep 44)  [3.1s]
  ep  54: loss=1.0586  test_acc=41.39%  (best 55.74 @ ep 44)  [3.4s]
  ep  55: loss=1.0608  test_acc=46.96%  (best 55.74 @ ep 44)  [3.0s]
  ep  56: loss=1.0378  test_acc=42.50%  (best 55.74 @ ep 44)  [3.0s]
  ep  57: loss=1.0438  test_acc=46.02%  (best 55.74 @ ep 44)  [6.3s]
  ep  58: loss=1.0274  test_acc=46.74%  (best 55.74 @ ep 44)  [6.7s]
  ep  59: loss=1.0249  test_acc=46.35%  (best 55.74 @ ep 44)  [7.2s]
  ep  60: loss=1.0042  test_acc=44.60%  (best 55.74 @ ep 44)  [6.7s]
  ep  61: loss=0.9993  test_acc=47.88%  (best 55.74 @ ep 44)  [6.9s]
  ep  62: loss=0.9902  test_acc=39.30%  (best 55.74 @ ep 44)  [6.9s]
  ep  63: loss=0.9783  test_acc=34.64%  (best 55.74 @ ep 44)  [6.7s]
  ep  64: loss=0.9688  test_acc=42.80%  (best 55.74 @ ep 44)  [7.0s]
  ep  65: loss=0.9605  test_acc=36.77%  (best 55.74 @ ep 44)  [7.1s]
  ep  66: loss=0.9445  test_acc=49.01%  (best 55.74 @ ep 44)  [7.3s]
  ep  67: loss=0.9351  test_acc=44.35%  (best 55.74 @ ep 44)  [6.8s]
  ep  68: loss=0.9261  test_acc=44.66%  (best 55.74 @ ep 44)  [7.1s]
  ep  69: loss=0.9070  test_acc=40.16%  (best 55.74 @ ep 44)  [6.9s]
  ep  70: loss=0.8929  test_acc=45.66%  (best 55.74 @ ep 44)  [6.6s]
  ep  71: loss=0.8851  test_acc=48.47%  (best 55.74 @ ep 44)  [6.6s]
  ep  72: loss=0.8709  test_acc=41.30%  (best 55.74 @ ep 44)  [6.9s]
  ep  73: loss=0.8428  test_acc=37.97%  (best 55.74 @ ep 44)  [7.0s]
  ep  74: loss=0.8352  test_acc=43.83%  (best 55.74 @ ep 44)  [6.8s]
  ep  75: loss=0.8156  test_acc=45.73%  (best 55.74 @ ep 44)  [8.9s]  [logged per-sample loss: mean=0.788]
  ep  76: loss=0.7941  test_acc=42.03%  (best 55.74 @ ep 44)  [7.3s]
  ep  77: loss=0.7679  test_acc=43.75%  (best 55.74 @ ep 44)  [6.9s]
  ep  78: loss=0.7626  test_acc=45.94%  (best 55.74 @ ep 44)  [7.0s]
  ep  79: loss=0.7379  test_acc=43.35%  (best 55.74 @ ep 44)  [6.4s]
  ep  80: loss=0.7203  test_acc=47.05%  (best 55.74 @ ep 44)  [6.7s]
  ep  81: loss=0.7004  test_acc=45.69%  (best 55.74 @ ep 44)  [7.0s]
  ep  82: loss=0.6810  test_acc=47.63%  (best 55.74 @ ep 44)  [6.7s]
  ep  83: loss=0.6664  test_acc=39.88%  (best 55.74 @ ep 44)  [6.6s]
  ep  84: loss=0.6444  test_acc=41.37%  (best 55.74 @ ep 44)  [7.1s]
  ep  85: loss=0.6207  test_acc=38.90%  (best 55.74 @ ep 44)  [7.5s]
  ep  86: loss=0.5957  test_acc=43.45%  (best 55.74 @ ep 44)  [7.3s]
  ep  87: loss=0.5752  test_acc=42.95%  (best 55.74 @ ep 44)  [6.7s]
  ep  88: loss=0.5534  test_acc=43.71%  (best 55.74 @ ep 44)  [7.1s]
  ep  89: loss=0.5280  test_acc=43.14%  (best 55.74 @ ep 44)  [7.0s]
  ep  90: loss=0.5097  test_acc=42.17%  (best 55.74 @ ep 44)  [6.8s]
  ep  91: loss=0.5003  test_acc=42.99%  (best 55.74 @ ep 44)  [6.7s]
  ep  92: loss=0.4848  test_acc=42.61%  (best 55.74 @ ep 44)  [7.2s]
  ep  93: loss=0.4707  test_acc=42.57%  (best 55.74 @ ep 44)  [7.9s]
  ep  94: loss=0.4632  test_acc=42.56%  (best 55.74 @ ep 44)  [6.8s]
  ep  95: loss=0.4531  test_acc=43.05%  (best 55.74 @ ep 44)  [7.0s]
  ep  96: loss=0.4439  test_acc=42.61%  (best 55.74 @ ep 44)  [11.7s]
  ep  97: loss=0.4440  test_acc=42.46%  (best 55.74 @ ep 44)  [3.1s]
  ep  98: loss=0.4290  test_acc=43.21%  (best 55.74 @ ep 44)  [3.2s]
  ep  99: loss=0.4353  test_acc=42.18%  (best 55.74 @ ep 44)  [4.8s]  [logged per-sample loss: mean=0.387]

saved /path/to/ciln-workspace/journal_edition/robustness_transfer/results_v4/erm/ours_v2_ccp_clean__shot_noise_sev5__seed1.json: best 55.74% @ ep 44
