condition=ours_v2_ccp_noisy__shot_noise_sev5 seed=1 gpu=2
/path/to/ciln-workspace/venv/lib/python3.12/site-packages/torchvision/datasets/cifar.py:83: VisibleDeprecationWarning: dtype(): align should be passed as Python or NumPy boolean but got `align=0`. Did you mean to pass a tuple to create a subarray type? (Deprecated NumPy 2.4)
  entry = pickle.load(f, encoding="latin1")
image_source=noisy  N=17469  noise_rate=50.97%
  ep   0: loss=1.8258  test_acc=15.15%  (best 15.15 @ ep 0)  [4.0s]
  ep   1: loss=1.6751  test_acc=21.07%  (best 21.07 @ ep 1)  [2.9s]
  ep   2: loss=1.5988  test_acc=24.14%  (best 24.14 @ ep 2)  [3.0s]
  ep   3: loss=1.5452  test_acc=29.16%  (best 29.16 @ ep 3)  [3.1s]
  ep   4: loss=1.5060  test_acc=30.62%  (best 30.62 @ ep 4)  [3.1s]
  ep   5: loss=1.4727  test_acc=38.09%  (best 38.09 @ ep 5)  [4.5s]  [logged per-sample loss: mean=1.532]
  ep   6: loss=1.4504  test_acc=32.77%  (best 38.09 @ ep 5)  [2.9s]
  ep   7: loss=1.4250  test_acc=29.45%  (best 38.09 @ ep 5)  [3.1s]
  ep   8: loss=1.4172  test_acc=33.05%  (best 38.09 @ ep 5)  [3.0s]
  ep   9: loss=1.3893  test_acc=35.01%  (best 38.09 @ ep 5)  [3.2s]
  ep  10: loss=1.3837  test_acc=37.50%  (best 38.09 @ ep 5)  [4.6s]  [logged per-sample loss: mean=1.389]
  ep  11: loss=1.3721  test_acc=43.04%  (best 43.04 @ ep 11)  [3.1s]
  ep  12: loss=1.3579  test_acc=32.70%  (best 43.04 @ ep 11)  [3.1s]
  ep  13: loss=1.3439  test_acc=32.84%  (best 43.04 @ ep 11)  [3.1s]
  ep  14: loss=1.3435  test_acc=30.00%  (best 43.04 @ ep 11)  [3.1s]
  ep  15: loss=1.3298  test_acc=41.35%  (best 43.04 @ ep 11)  [3.3s]
  ep  16: loss=1.3168  test_acc=34.17%  (best 43.04 @ ep 11)  [3.0s]
  ep  17: loss=1.3178  test_acc=35.17%  (best 43.04 @ ep 11)  [5.6s]
  ep  18: loss=1.3113  test_acc=38.18%  (best 43.04 @ ep 11)  [3.3s]
  ep  19: loss=1.3064  test_acc=35.93%  (best 43.04 @ ep 11)  [3.0s]
  ep  20: loss=1.2886  test_acc=39.04%  (best 43.04 @ ep 11)  [4.4s]  [logged per-sample loss: mean=1.413]
  ep  21: loss=1.2829  test_acc=40.53%  (best 43.04 @ ep 11)  [3.0s]
  ep  22: loss=1.2746  test_acc=34.73%  (best 43.04 @ ep 11)  [3.0s]
  ep  23: loss=1.2784  test_acc=42.20%  (best 43.04 @ ep 11)  [3.0s]
  ep  24: loss=1.2655  test_acc=45.02%  (best 45.02 @ ep 24)  [3.0s]
  ep  25: loss=1.2682  test_acc=48.60%  (best 48.60 @ ep 25)  [3.1s]
  ep  26: loss=1.2649  test_acc=40.19%  (best 48.60 @ ep 25)  [3.2s]
  ep  27: loss=1.2555  test_acc=40.76%  (best 48.60 @ ep 25)  [3.0s]
  ep  28: loss=1.2450  test_acc=45.38%  (best 48.60 @ ep 25)  [3.0s]
  ep  29: loss=1.2368  test_acc=37.02%  (best 48.60 @ ep 25)  [3.1s]
  ep  30: loss=1.2355  test_acc=36.32%  (best 48.60 @ ep 25)  [4.5s]  [logged per-sample loss: mean=1.258]
  ep  31: loss=1.2322  test_acc=37.84%  (best 48.60 @ ep 25)  [2.9s]
  ep  32: loss=1.2112  test_acc=41.15%  (best 48.60 @ ep 25)  [3.1s]
  ep  33: loss=1.2120  test_acc=47.01%  (best 48.60 @ ep 25)  [3.1s]
  ep  34: loss=1.2043  test_acc=44.14%  (best 48.60 @ ep 25)  [3.0s]
  ep  35: loss=1.2086  test_acc=47.73%  (best 48.60 @ ep 25)  [3.3s]
  ep  36: loss=1.1991  test_acc=45.04%  (best 48.60 @ ep 25)  [3.5s]
  ep  37: loss=1.1903  test_acc=43.36%  (best 48.60 @ ep 25)  [7.7s]
  ep  38: loss=1.1845  test_acc=55.81%  (best 55.81 @ ep 38)  [7.8s]
  ep  39: loss=1.1715  test_acc=45.86%  (best 55.81 @ ep 38)  [7.7s]
  ep  40: loss=1.1806  test_acc=50.62%  (best 55.81 @ ep 38)  [8.2s]
  ep  41: loss=1.1650  test_acc=51.16%  (best 55.81 @ ep 38)  [3.0s]
  ep  42: loss=1.1624  test_acc=40.12%  (best 55.81 @ ep 38)  [3.1s]
  ep  43: loss=1.1549  test_acc=44.12%  (best 55.81 @ ep 38)  [3.0s]
  ep  44: loss=1.1506  test_acc=52.90%  (best 55.81 @ ep 38)  [3.1s]
  ep  45: loss=1.1395  test_acc=46.76%  (best 55.81 @ ep 38)  [3.2s]
  ep  46: loss=1.1362  test_acc=43.02%  (best 55.81 @ ep 38)  [3.0s]
  ep  47: loss=1.1312  test_acc=45.75%  (best 55.81 @ ep 38)  [2.9s]
  ep  48: loss=1.1249  test_acc=42.64%  (best 55.81 @ ep 38)  [3.0s]
  ep  49: loss=1.1113  test_acc=47.03%  (best 55.81 @ ep 38)  [3.2s]
  ep  50: loss=1.1082  test_acc=47.19%  (best 55.81 @ ep 38)  [4.4s]  [logged per-sample loss: mean=1.142]
  ep  51: loss=1.1044  test_acc=42.17%  (best 55.81 @ ep 38)  [3.1s]
  ep  52: loss=1.0937  test_acc=35.35%  (best 55.81 @ ep 38)  [3.0s]
  ep  53: loss=1.0867  test_acc=39.71%  (best 55.81 @ ep 38)  [2.9s]
  ep  54: loss=1.0786  test_acc=46.06%  (best 55.81 @ ep 38)  [3.0s]
  ep  55: loss=1.0820  test_acc=50.89%  (best 55.81 @ ep 38)  [3.1s]
  ep  56: loss=1.0638  test_acc=40.71%  (best 55.81 @ ep 38)  [3.2s]
  ep  57: loss=1.0615  test_acc=45.38%  (best 55.81 @ ep 38)  [2.9s]
  ep  58: loss=1.0465  test_acc=44.77%  (best 55.81 @ ep 38)  [3.2s]
  ep  59: loss=1.0360  test_acc=50.89%  (best 55.81 @ ep 38)  [3.2s]
  ep  60: loss=1.0255  test_acc=37.53%  (best 55.81 @ ep 38)  [3.4s]
  ep  61: loss=1.0212  test_acc=46.34%  (best 55.81 @ ep 38)  [6.8s]
  ep  62: loss=1.0036  test_acc=48.60%  (best 55.81 @ ep 38)  [6.6s]
  ep  63: loss=0.9986  test_acc=45.33%  (best 55.81 @ ep 38)  [7.4s]
  ep  64: loss=0.9955  test_acc=39.50%  (best 55.81 @ ep 38)  [6.8s]
  ep  65: loss=0.9850  test_acc=45.41%  (best 55.81 @ ep 38)  [6.7s]
  ep  66: loss=0.9662  test_acc=41.22%  (best 55.81 @ ep 38)  [7.0s]
  ep  67: loss=0.9526  test_acc=44.78%  (best 55.81 @ ep 38)  [6.7s]
  ep  68: loss=0.9389  test_acc=44.98%  (best 55.81 @ ep 38)  [7.0s]
  ep  69: loss=0.9355  test_acc=44.28%  (best 55.81 @ ep 38)  [7.3s]
  ep  70: loss=0.9103  test_acc=42.50%  (best 55.81 @ ep 38)  [7.3s]
  ep  71: loss=0.9065  test_acc=52.07%  (best 55.81 @ ep 38)  [7.1s]
  ep  72: loss=0.8880  test_acc=43.97%  (best 55.81 @ ep 38)  [7.2s]
  ep  73: loss=0.8691  test_acc=40.36%  (best 55.81 @ ep 38)  [6.9s]
  ep  74: loss=0.8532  test_acc=48.21%  (best 55.81 @ ep 38)  [6.6s]
  ep  75: loss=0.8428  test_acc=44.70%  (best 55.81 @ ep 38)  [8.7s]  [logged per-sample loss: mean=0.827]
  ep  76: loss=0.8259  test_acc=45.21%  (best 55.81 @ ep 38)  [6.6s]
  ep  77: loss=0.7994  test_acc=43.81%  (best 55.81 @ ep 38)  [6.8s]
  ep  78: loss=0.7829  test_acc=51.77%  (best 55.81 @ ep 38)  [6.8s]
  ep  79: loss=0.7568  test_acc=44.80%  (best 55.81 @ ep 38)  [6.9s]
  ep  80: loss=0.7435  test_acc=44.17%  (best 55.81 @ ep 38)  [7.5s]
  ep  81: loss=0.7263  test_acc=46.52%  (best 55.81 @ ep 38)  [6.8s]
  ep  82: loss=0.7111  test_acc=46.12%  (best 55.81 @ ep 38)  [6.7s]
  ep  83: loss=0.6835  test_acc=43.70%  (best 55.81 @ ep 38)  [6.4s]
  ep  84: loss=0.6574  test_acc=43.95%  (best 55.81 @ ep 38)  [6.7s]
  ep  85: loss=0.6545  test_acc=43.21%  (best 55.81 @ ep 38)  [6.9s]
  ep  86: loss=0.6256  test_acc=43.85%  (best 55.81 @ ep 38)  [6.7s]
  ep  87: loss=0.6001  test_acc=42.96%  (best 55.81 @ ep 38)  [6.5s]
  ep  88: loss=0.5767  test_acc=47.10%  (best 55.81 @ ep 38)  [7.1s]
  ep  89: loss=0.5577  test_acc=44.70%  (best 55.81 @ ep 38)  [7.5s]
  ep  90: loss=0.5443  test_acc=44.41%  (best 55.81 @ ep 38)  [7.1s]
  ep  91: loss=0.5285  test_acc=41.71%  (best 55.81 @ ep 38)  [6.9s]
  ep  92: loss=0.5139  test_acc=43.20%  (best 55.81 @ ep 38)  [7.1s]
  ep  93: loss=0.4956  test_acc=42.52%  (best 55.81 @ ep 38)  [7.0s]
  ep  94: loss=0.4911  test_acc=43.89%  (best 55.81 @ ep 38)  [7.0s]
  ep  95: loss=0.4781  test_acc=42.90%  (best 55.81 @ ep 38)  [6.9s]
  ep  96: loss=0.4772  test_acc=42.79%  (best 55.81 @ ep 38)  [7.2s]
  ep  97: loss=0.4652  test_acc=42.81%  (best 55.81 @ ep 38)  [7.5s]
  ep  98: loss=0.4612  test_acc=43.37%  (best 55.81 @ ep 38)  [6.9s]
  ep  99: loss=0.4599  test_acc=42.31%  (best 55.81 @ ep 38)  [9.0s]  [logged per-sample loss: mean=0.415]

saved /path/to/ciln-workspace/journal_edition/robustness_transfer/results_v4/erm/ours_v2_ccp_noisy__shot_noise_sev5__seed1.json: best 55.81% @ ep 38
