condition=ours_v2_ccp_noisy__gaussian_noise_sev3 seed=2 gpu=2
/path/to/ciln-workspace/venv/lib/python3.12/site-packages/torchvision/datasets/cifar.py:83: VisibleDeprecationWarning: dtype(): align should be passed as Python or NumPy boolean but got `align=0`. Did you mean to pass a tuple to create a subarray type? (Deprecated NumPy 2.4)
  entry = pickle.load(f, encoding="latin1")
image_source=noisy  N=17469  noise_rate=44.07%
  ep   0: R(t)=1.000  acc1=27.43%  acc2=22.27%  ens=24.85%  (best 24.85 @ ep 0)  [6.4s]
  ep   1: R(t)=0.861  acc1=27.47%  acc2=25.18%  ens=26.32%  (best 26.32 @ ep 1)  [5.5s]
  ep   2: R(t)=0.803  acc1=31.54%  acc2=24.22%  ens=27.88%  (best 27.88 @ ep 2)  [5.8s]
  ep   3: R(t)=0.759  acc1=28.57%  acc2=30.57%  ens=29.57%  (best 29.57 @ ep 3)  [5.9s]
  ep   4: R(t)=0.721  acc1=28.46%  acc2=30.08%  ens=29.27%  (best 29.57 @ ep 3)  [5.6s]
  ep   5: R(t)=0.688  acc1=31.49%  acc2=30.13%  ens=30.81%  (best 30.81 @ ep 5)  [8.4s]  [sel1+2: prec=0.549, recall_clean=0.707]
  ep   6: R(t)=0.659  acc1=31.83%  acc2=33.50%  ens=32.66%  (best 32.66 @ ep 6)  [5.7s]
  ep   7: R(t)=0.631  acc1=30.45%  acc2=33.35%  ens=31.90%  (best 32.66 @ ep 6)  [5.2s]
  ep   8: R(t)=0.606  acc1=34.84%  acc2=34.65%  ens=34.74%  (best 34.74 @ ep 8)  [7.8s]
  ep   9: R(t)=0.582  acc1=38.94%  acc2=36.23%  ens=37.59%  (best 37.59 @ ep 9)  [5.6s]
  ep  10: R(t)=0.559  acc1=36.77%  acc2=38.97%  ens=37.87%  (best 37.87 @ ep 10)  [8.1s]  [sel1+2: prec=0.588, recall_clean=0.633]
  ep  11: R(t)=0.559  acc1=31.28%  acc2=32.61%  ens=31.95%  (best 37.87 @ ep 10)  [5.5s]
  ep  12: R(t)=0.559  acc1=34.53%  acc2=32.87%  ens=33.70%  (best 37.87 @ ep 10)  [5.7s]
  ep  13: R(t)=0.559  acc1=34.06%  acc2=35.13%  ens=34.59%  (best 37.87 @ ep 10)  [5.6s]
  ep  14: R(t)=0.559  acc1=36.77%  acc2=39.29%  ens=38.03%  (best 38.03 @ ep 14)  [5.5s]
  ep  15: R(t)=0.559  acc1=33.52%  acc2=36.32%  ens=34.92%  (best 38.03 @ ep 14)  [5.6s]
  ep  16: R(t)=0.559  acc1=36.42%  acc2=38.85%  ens=37.64%  (best 38.03 @ ep 14)  [5.8s]
  ep  17: R(t)=0.559  acc1=37.15%  acc2=37.80%  ens=37.48%  (best 38.03 @ ep 14)  [5.5s]
  ep  18: R(t)=0.559  acc1=42.82%  acc2=39.81%  ens=41.32%  (best 41.32 @ ep 18)  [5.5s]
  ep  19: R(t)=0.559  acc1=37.73%  acc2=38.36%  ens=38.05%  (best 41.32 @ ep 18)  [11.9s]
  ep  20: R(t)=0.559  acc1=36.81%  acc2=35.92%  ens=36.37%  (best 41.32 @ ep 18)  [24.4s]  [sel1+2: prec=0.604, recall_clean=0.646]
  ep  21: R(t)=0.559  acc1=36.07%  acc2=37.74%  ens=36.91%  (best 41.32 @ ep 18)  [16.0s]
  ep  22: R(t)=0.559  acc1=38.17%  acc2=33.26%  ens=35.71%  (best 41.32 @ ep 18)  [16.0s]
  ep  23: R(t)=0.559  acc1=41.68%  acc2=43.45%  ens=42.56%  (best 42.56 @ ep 23)  [15.9s]
  ep  24: R(t)=0.559  acc1=40.49%  acc2=38.63%  ens=39.56%  (best 42.56 @ ep 23)  [7.2s]
  ep  25: R(t)=0.559  acc1=43.69%  acc2=40.29%  ens=41.99%  (best 42.56 @ ep 23)  [5.7s]
  ep  26: R(t)=0.559  acc1=38.96%  acc2=37.86%  ens=38.41%  (best 42.56 @ ep 23)  [5.4s]
  ep  27: R(t)=0.559  acc1=31.97%  acc2=34.06%  ens=33.02%  (best 42.56 @ ep 23)  [5.7s]
  ep  28: R(t)=0.559  acc1=40.43%  acc2=40.36%  ens=40.40%  (best 42.56 @ ep 23)  [5.5s]
  ep  29: R(t)=0.559  acc1=36.35%  acc2=37.07%  ens=36.71%  (best 42.56 @ ep 23)  [5.8s]
  ep  30: R(t)=0.559  acc1=42.48%  acc2=41.16%  ens=41.82%  (best 42.56 @ ep 23)  [8.2s]  [sel1+2: prec=0.614, recall_clean=0.655]
  ep  31: R(t)=0.559  acc1=45.96%  acc2=40.33%  ens=43.15%  (best 43.15 @ ep 31)  [5.6s]
  ep  32: R(t)=0.559  acc1=37.94%  acc2=43.43%  ens=40.69%  (best 43.15 @ ep 31)  [5.6s]
  ep  33: R(t)=0.559  acc1=42.32%  acc2=42.90%  ens=42.61%  (best 43.15 @ ep 31)  [5.4s]
  ep  34: R(t)=0.559  acc1=37.13%  acc2=40.57%  ens=38.85%  (best 43.15 @ ep 31)  [5.5s]
  ep  35: R(t)=0.559  acc1=39.20%  acc2=38.96%  ens=39.08%  (best 43.15 @ ep 31)  [15.3s]
  ep  36: R(t)=0.559  acc1=38.22%  acc2=38.80%  ens=38.51%  (best 43.15 @ ep 31)  [15.6s]
  ep  37: R(t)=0.559  acc1=47.01%  acc2=43.38%  ens=45.20%  (best 45.20 @ ep 37)  [17.1s]
  ep  38: R(t)=0.559  acc1=46.09%  acc2=43.77%  ens=44.93%  (best 45.20 @ ep 37)  [15.4s]
  ep  39: R(t)=0.559  acc1=46.23%  acc2=46.05%  ens=46.14%  (best 46.14 @ ep 39)  [5.4s]
  ep  40: R(t)=0.559  acc1=45.86%  acc2=41.65%  ens=43.76%  (best 46.14 @ ep 39)  [5.4s]
  ep  41: R(t)=0.559  acc1=40.44%  acc2=45.27%  ens=42.85%  (best 46.14 @ ep 39)  [5.8s]
  ep  42: R(t)=0.559  acc1=43.11%  acc2=42.68%  ens=42.90%  (best 46.14 @ ep 39)  [5.6s]
  ep  43: R(t)=0.559  acc1=42.16%  acc2=43.11%  ens=42.63%  (best 46.14 @ ep 39)  [5.6s]
  ep  44: R(t)=0.559  acc1=43.15%  acc2=37.44%  ens=40.30%  (best 46.14 @ ep 39)  [5.6s]
  ep  45: R(t)=0.559  acc1=45.49%  acc2=42.06%  ens=43.77%  (best 46.14 @ ep 39)  [5.5s]
  ep  46: R(t)=0.559  acc1=42.76%  acc2=45.81%  ens=44.28%  (best 46.14 @ ep 39)  [5.6s]
  ep  47: R(t)=0.559  acc1=39.03%  acc2=38.81%  ens=38.92%  (best 46.14 @ ep 39)  [5.8s]
  ep  48: R(t)=0.559  acc1=39.19%  acc2=37.93%  ens=38.56%  (best 46.14 @ ep 39)  [5.5s]
  ep  49: R(t)=0.559  acc1=40.58%  acc2=43.82%  ens=42.20%  (best 46.14 @ ep 39)  [9.5s]
  ep  50: R(t)=0.559  acc1=41.94%  acc2=43.65%  ens=42.80%  (best 46.14 @ ep 39)  [15.2s]  [sel1+2: prec=0.625, recall_clean=0.662]
  ep  51: R(t)=0.559  acc1=45.19%  acc2=44.51%  ens=44.85%  (best 46.14 @ ep 39)  [5.8s]
  ep  52: R(t)=0.559  acc1=44.32%  acc2=45.59%  ens=44.95%  (best 46.14 @ ep 39)  [5.6s]
  ep  53: R(t)=0.559  acc1=46.20%  acc2=46.90%  ens=46.55%  (best 46.55 @ ep 53)  [5.7s]
  ep  54: R(t)=0.559  acc1=45.38%  acc2=44.72%  ens=45.05%  (best 46.55 @ ep 53)  [5.6s]
  ep  55: R(t)=0.559  acc1=43.31%  acc2=43.74%  ens=43.53%  (best 46.55 @ ep 53)  [5.4s]
  ep  56: R(t)=0.559  acc1=40.82%  acc2=45.01%  ens=42.92%  (best 46.55 @ ep 53)  [5.4s]
  ep  57: R(t)=0.559  acc1=46.61%  acc2=46.21%  ens=46.41%  (best 46.55 @ ep 53)  [5.6s]
  ep  58: R(t)=0.559  acc1=48.17%  acc2=47.45%  ens=47.81%  (best 47.81 @ ep 58)  [5.7s]
  ep  59: R(t)=0.559  acc1=41.20%  acc2=46.33%  ens=43.77%  (best 47.81 @ ep 58)  [5.4s]
  ep  60: R(t)=0.559  acc1=46.26%  acc2=48.90%  ens=47.58%  (best 47.81 @ ep 58)  [5.4s]
  ep  61: R(t)=0.559  acc1=48.87%  acc2=48.94%  ens=48.91%  (best 48.91 @ ep 61)  [11.5s]
  ep  62: R(t)=0.559  acc1=44.49%  acc2=41.21%  ens=42.85%  (best 48.91 @ ep 61)  [13.6s]
  ep  63: R(t)=0.559  acc1=43.54%  acc2=45.71%  ens=44.62%  (best 48.91 @ ep 61)  [14.5s]
  ep  64: R(t)=0.559  acc1=47.62%  acc2=46.80%  ens=47.21%  (best 48.91 @ ep 61)  [14.0s]
  ep  65: R(t)=0.559  acc1=43.14%  acc2=44.76%  ens=43.95%  (best 48.91 @ ep 61)  [15.3s]
  ep  66: R(t)=0.559  acc1=44.87%  acc2=46.67%  ens=45.77%  (best 48.91 @ ep 61)  [15.4s]
  ep  67: R(t)=0.559  acc1=44.34%  acc2=44.18%  ens=44.26%  (best 48.91 @ ep 61)  [15.3s]
  ep  68: R(t)=0.559  acc1=46.05%  acc2=45.85%  ens=45.95%  (best 48.91 @ ep 61)  [14.8s]
  ep  69: R(t)=0.559  acc1=46.77%  acc2=45.15%  ens=45.96%  (best 48.91 @ ep 61)  [14.0s]
  ep  70: R(t)=0.559  acc1=40.30%  acc2=41.57%  ens=40.94%  (best 48.91 @ ep 61)  [12.7s]
  ep  71: R(t)=0.559  acc1=45.06%  acc2=44.93%  ens=44.99%  (best 48.91 @ ep 61)  [5.4s]
  ep  72: R(t)=0.559  acc1=45.91%  acc2=47.66%  ens=46.78%  (best 48.91 @ ep 61)  [5.8s]
  ep  73: R(t)=0.559  acc1=43.72%  acc2=45.52%  ens=44.62%  (best 48.91 @ ep 61)  [5.3s]
  ep  74: R(t)=0.559  acc1=48.77%  acc2=47.01%  ens=47.89%  (best 48.91 @ ep 61)  [5.6s]
  ep  75: R(t)=0.559  acc1=42.26%  acc2=43.08%  ens=42.67%  (best 48.91 @ ep 61)  [8.5s]  [sel1+2: prec=0.643, recall_clean=0.674]
  ep  76: R(t)=0.559  acc1=47.79%  acc2=46.43%  ens=47.11%  (best 48.91 @ ep 61)  [5.7s]
  ep  77: R(t)=0.559  acc1=45.09%  acc2=45.64%  ens=45.37%  (best 48.91 @ ep 61)  [5.8s]
  ep  78: R(t)=0.559  acc1=48.18%  acc2=47.77%  ens=47.98%  (best 48.91 @ ep 61)  [5.6s]
  ep  79: R(t)=0.559  acc1=46.05%  acc2=47.35%  ens=46.70%  (best 48.91 @ ep 61)  [5.7s]
  ep  80: R(t)=0.559  acc1=46.77%  acc2=47.98%  ens=47.38%  (best 48.91 @ ep 61)  [5.3s]
  ep  81: R(t)=0.559  acc1=43.88%  acc2=44.42%  ens=44.15%  (best 48.91 @ ep 61)  [8.2s]
  ep  82: R(t)=0.559  acc1=47.28%  acc2=47.07%  ens=47.17%  (best 48.91 @ ep 61)  [5.4s]
  ep  83: R(t)=0.559  acc1=45.72%  acc2=47.15%  ens=46.43%  (best 48.91 @ ep 61)  [5.6s]
  ep  84: R(t)=0.559  acc1=46.18%  acc2=47.09%  ens=46.63%  (best 48.91 @ ep 61)  [5.5s]
  ep  85: R(t)=0.559  acc1=46.91%  acc2=47.56%  ens=47.24%  (best 48.91 @ ep 61)  [5.6s]
  ep  86: R(t)=0.559  acc1=46.60%  acc2=46.99%  ens=46.79%  (best 48.91 @ ep 61)  [5.4s]
  ep  87: R(t)=0.559  acc1=46.94%  acc2=47.34%  ens=47.14%  (best 48.91 @ ep 61)  [5.4s]
  ep  88: R(t)=0.559  acc1=47.16%  acc2=47.34%  ens=47.25%  (best 48.91 @ ep 61)  [5.6s]
  ep  89: R(t)=0.559  acc1=48.00%  acc2=48.49%  ens=48.24%  (best 48.91 @ ep 61)  [5.6s]
  ep  90: R(t)=0.559  acc1=46.69%  acc2=47.55%  ens=47.12%  (best 48.91 @ ep 61)  [5.6s]
  ep  91: R(t)=0.559  acc1=48.00%  acc2=48.30%  ens=48.15%  (best 48.91 @ ep 61)  [5.8s]
  ep  92: R(t)=0.559  acc1=46.94%  acc2=47.32%  ens=47.13%  (best 48.91 @ ep 61)  [7.9s]
  ep  93: R(t)=0.559  acc1=47.84%  acc2=48.15%  ens=47.99%  (best 48.91 @ ep 61)  [15.7s]
  ep  94: R(t)=0.559  acc1=47.25%  acc2=47.49%  ens=47.37%  (best 48.91 @ ep 61)  [17.5s]
  ep  95: R(t)=0.559  acc1=47.52%  acc2=47.55%  ens=47.53%  (best 48.91 @ ep 61)  [17.6s]
  ep  96: R(t)=0.559  acc1=47.38%  acc2=47.55%  ens=47.47%  (best 48.91 @ ep 61)  [10.2s]
  ep  97: R(t)=0.559  acc1=47.90%  acc2=47.83%  ens=47.87%  (best 48.91 @ ep 61)  [5.8s]
  ep  98: R(t)=0.559  acc1=47.59%  acc2=47.79%  ens=47.69%  (best 48.91 @ ep 61)  [5.5s]
  ep  99: R(t)=0.559  acc1=47.81%  acc2=47.97%  ens=47.89%  (best 48.91 @ ep 61)  [8.5s]  [sel1+2: prec=0.650, recall_clean=0.673]

saved /path/to/ciln-workspace/journal_edition/robustness_transfer/results_v4/coteaching/ours_v2_ccp_noisy__gaussian_noise_sev3__seed2.json: best ens-acc 48.91% @ ep 61
