condition=ours_v2_ccp_clean__shot_noise_sev5 seed=1 gpu=1
/path/to/ciln-workspace/venv/lib/python3.12/site-packages/torchvision/datasets/cifar.py:83: VisibleDeprecationWarning: dtype(): align should be passed as Python or NumPy boolean but got `align=0`. Did you mean to pass a tuple to create a subarray type? (Deprecated NumPy 2.4)
  entry = pickle.load(f, encoding="latin1")
image_source=clean  N=17469  noise_rate=50.97%
  ep   0: R(t)=1.000  acc1=18.56%  acc2=18.59%  ens=18.57%  (best 18.57 @ ep 0)  [6.5s]
  ep   1: R(t)=0.839  acc1=14.76%  acc2=18.68%  ens=16.72%  (best 18.57 @ ep 0)  [5.4s]
  ep   2: R(t)=0.772  acc1=24.72%  acc2=26.15%  ens=25.44%  (best 25.44 @ ep 2)  [5.5s]
  ep   3: R(t)=0.721  acc1=22.87%  acc2=24.92%  ens=23.89%  (best 25.44 @ ep 2)  [5.5s]
  ep   4: R(t)=0.678  acc1=25.98%  acc2=24.15%  ens=25.06%  (best 25.44 @ ep 2)  [5.4s]
  ep   5: R(t)=0.640  acc1=28.68%  acc2=28.59%  ens=28.63%  (best 28.63 @ ep 5)  [8.3s]  [sel1+2: prec=0.456, recall_clean=0.621]
  ep   6: R(t)=0.605  acc1=25.73%  acc2=21.98%  ens=23.85%  (best 28.63 @ ep 5)  [5.4s]
  ep   7: R(t)=0.574  acc1=27.40%  acc2=29.94%  ens=28.67%  (best 28.67 @ ep 7)  [5.4s]
  ep   8: R(t)=0.544  acc1=32.61%  acc2=28.80%  ens=30.70%  (best 30.70 @ ep 8)  [5.5s]
  ep   9: R(t)=0.516  acc1=26.52%  acc2=25.34%  ens=25.93%  (best 30.70 @ ep 8)  [12.6s]
  ep  10: R(t)=0.490  acc1=30.40%  acc2=29.95%  ens=30.17%  (best 30.70 @ ep 8)  [18.5s]  [sel1+2: prec=0.497, recall_clean=0.530]
  ep  11: R(t)=0.490  acc1=26.29%  acc2=20.48%  ens=23.39%  (best 30.70 @ ep 8)  [5.4s]
  ep  12: R(t)=0.490  acc1=31.59%  acc2=33.40%  ens=32.50%  (best 32.50 @ ep 12)  [5.4s]
  ep  13: R(t)=0.490  acc1=21.64%  acc2=23.80%  ens=22.72%  (best 32.50 @ ep 12)  [5.3s]
  ep  14: R(t)=0.490  acc1=27.05%  acc2=26.39%  ens=26.72%  (best 32.50 @ ep 12)  [5.6s]
  ep  15: R(t)=0.490  acc1=30.82%  acc2=31.15%  ens=30.98%  (best 32.50 @ ep 12)  [5.1s]
  ep  16: R(t)=0.490  acc1=29.41%  acc2=26.24%  ens=27.82%  (best 32.50 @ ep 12)  [5.3s]
  ep  17: R(t)=0.490  acc1=33.34%  acc2=32.49%  ens=32.91%  (best 32.91 @ ep 17)  [5.6s]
  ep  18: R(t)=0.490  acc1=24.27%  acc2=27.60%  ens=25.94%  (best 32.91 @ ep 17)  [5.6s]
  ep  19: R(t)=0.490  acc1=33.37%  acc2=28.71%  ens=31.04%  (best 32.91 @ ep 17)  [5.5s]
  ep  20: R(t)=0.490  acc1=26.98%  acc2=26.66%  ens=26.82%  (best 32.91 @ ep 17)  [8.1s]  [sel1+2: prec=0.514, recall_clean=0.549]
  ep  21: R(t)=0.490  acc1=31.27%  acc2=29.43%  ens=30.35%  (best 32.91 @ ep 17)  [6.0s]
  ep  22: R(t)=0.490  acc1=28.14%  acc2=30.78%  ens=29.46%  (best 32.91 @ ep 17)  [5.2s]
  ep  23: R(t)=0.490  acc1=26.86%  acc2=31.12%  ens=28.99%  (best 32.91 @ ep 17)  [5.4s]
  ep  24: R(t)=0.490  acc1=30.78%  acc2=29.92%  ens=30.35%  (best 32.91 @ ep 17)  [5.4s]
  ep  25: R(t)=0.490  acc1=30.60%  acc2=30.34%  ens=30.47%  (best 32.91 @ ep 17)  [5.4s]
  ep  26: R(t)=0.490  acc1=33.90%  acc2=29.90%  ens=31.90%  (best 32.91 @ ep 17)  [5.4s]
  ep  27: R(t)=0.490  acc1=33.50%  acc2=32.96%  ens=33.23%  (best 33.23 @ ep 27)  [5.4s]
  ep  28: R(t)=0.490  acc1=40.50%  acc2=34.74%  ens=37.62%  (best 37.62 @ ep 28)  [5.6s]
  ep  29: R(t)=0.490  acc1=24.14%  acc2=23.39%  ens=23.77%  (best 37.62 @ ep 28)  [5.5s]
  ep  30: R(t)=0.490  acc1=30.71%  acc2=32.67%  ens=31.69%  (best 37.62 @ ep 28)  [8.4s]  [sel1+2: prec=0.527, recall_clean=0.563]
  ep  31: R(t)=0.490  acc1=28.15%  acc2=24.14%  ens=26.14%  (best 37.62 @ ep 28)  [5.4s]
  ep  32: R(t)=0.490  acc1=31.16%  acc2=33.44%  ens=32.30%  (best 37.62 @ ep 28)  [10.5s]
  ep  33: R(t)=0.490  acc1=27.76%  acc2=16.66%  ens=22.21%  (best 37.62 @ ep 28)  [14.4s]
  ep  34: R(t)=0.490  acc1=32.54%  acc2=31.40%  ens=31.97%  (best 37.62 @ ep 28)  [14.2s]
  ep  35: R(t)=0.490  acc1=31.02%  acc2=32.38%  ens=31.70%  (best 37.62 @ ep 28)  [15.6s]
  ep  36: R(t)=0.490  acc1=34.73%  acc2=36.04%  ens=35.38%  (best 37.62 @ ep 28)  [13.9s]
  ep  37: R(t)=0.490  acc1=29.02%  acc2=29.35%  ens=29.18%  (best 37.62 @ ep 28)  [13.7s]
  ep  38: R(t)=0.490  acc1=26.67%  acc2=25.19%  ens=25.93%  (best 37.62 @ ep 28)  [9.4s]
  ep  39: R(t)=0.490  acc1=38.04%  acc2=37.05%  ens=37.55%  (best 37.62 @ ep 28)  [5.6s]
  ep  40: R(t)=0.490  acc1=35.94%  acc2=34.85%  ens=35.39%  (best 37.62 @ ep 28)  [5.7s]
  ep  41: R(t)=0.490  acc1=31.54%  acc2=30.51%  ens=31.03%  (best 37.62 @ ep 28)  [5.7s]
  ep  42: R(t)=0.490  acc1=34.47%  acc2=34.56%  ens=34.52%  (best 37.62 @ ep 28)  [5.7s]
  ep  43: R(t)=0.490  acc1=33.54%  acc2=34.88%  ens=34.21%  (best 37.62 @ ep 28)  [5.7s]
  ep  44: R(t)=0.490  acc1=27.72%  acc2=28.45%  ens=28.08%  (best 37.62 @ ep 28)  [5.9s]
  ep  45: R(t)=0.490  acc1=37.75%  acc2=38.11%  ens=37.93%  (best 37.93 @ ep 45)  [5.9s]
  ep  46: R(t)=0.490  acc1=27.03%  acc2=31.01%  ens=29.02%  (best 37.93 @ ep 45)  [5.6s]
  ep  47: R(t)=0.490  acc1=32.25%  acc2=32.46%  ens=32.36%  (best 37.93 @ ep 45)  [5.6s]
  ep  48: R(t)=0.490  acc1=34.49%  acc2=29.79%  ens=32.14%  (best 37.93 @ ep 45)  [5.6s]
  ep  49: R(t)=0.490  acc1=31.95%  acc2=31.00%  ens=31.47%  (best 37.93 @ ep 45)  [13.7s]
  ep  50: R(t)=0.490  acc1=35.27%  acc2=33.67%  ens=34.47%  (best 37.93 @ ep 45)  [19.1s]  [sel1+2: prec=0.534, recall_clean=0.565]
  ep  51: R(t)=0.490  acc1=35.22%  acc2=28.68%  ens=31.95%  (best 37.93 @ ep 45)  [15.2s]
  ep  52: R(t)=0.490  acc1=39.20%  acc2=39.89%  ens=39.54%  (best 39.54 @ ep 52)  [14.9s]
  ep  53: R(t)=0.490  acc1=32.41%  acc2=30.09%  ens=31.25%  (best 39.54 @ ep 52)  [10.8s]
  ep  54: R(t)=0.490  acc1=35.42%  acc2=39.28%  ens=37.35%  (best 39.54 @ ep 52)  [5.5s]
  ep  55: R(t)=0.490  acc1=32.55%  acc2=35.50%  ens=34.02%  (best 39.54 @ ep 52)  [5.5s]
  ep  56: R(t)=0.490  acc1=34.18%  acc2=34.68%  ens=34.43%  (best 39.54 @ ep 52)  [5.6s]
  ep  57: R(t)=0.490  acc1=35.09%  acc2=36.13%  ens=35.61%  (best 39.54 @ ep 52)  [5.5s]
  ep  58: R(t)=0.490  acc1=39.24%  acc2=36.10%  ens=37.67%  (best 39.54 @ ep 52)  [5.4s]
  ep  59: R(t)=0.490  acc1=33.16%  acc2=30.34%  ens=31.75%  (best 39.54 @ ep 52)  [5.4s]
  ep  60: R(t)=0.490  acc1=31.95%  acc2=32.81%  ens=32.38%  (best 39.54 @ ep 52)  [5.7s]
  ep  61: R(t)=0.490  acc1=34.69%  acc2=37.14%  ens=35.91%  (best 39.54 @ ep 52)  [5.6s]
  ep  62: R(t)=0.490  acc1=35.35%  acc2=34.21%  ens=34.78%  (best 39.54 @ ep 52)  [5.4s]
  ep  63: R(t)=0.490  acc1=32.02%  acc2=30.65%  ens=31.34%  (best 39.54 @ ep 52)  [5.6s]
  ep  64: R(t)=0.490  acc1=30.92%  acc2=33.10%  ens=32.01%  (best 39.54 @ ep 52)  [9.0s]
  ep  65: R(t)=0.490  acc1=36.53%  acc2=37.47%  ens=37.00%  (best 39.54 @ ep 52)  [15.3s]
  ep  66: R(t)=0.490  acc1=37.20%  acc2=33.79%  ens=35.49%  (best 39.54 @ ep 52)  [15.1s]
  ep  67: R(t)=0.490  acc1=37.16%  acc2=35.70%  ens=36.43%  (best 39.54 @ ep 52)  [14.0s]
  ep  68: R(t)=0.490  acc1=37.17%  acc2=34.80%  ens=35.98%  (best 39.54 @ ep 52)  [14.4s]
  ep  69: R(t)=0.490  acc1=37.37%  acc2=36.33%  ens=36.85%  (best 39.54 @ ep 52)  [16.0s]
  ep  70: R(t)=0.490  acc1=34.70%  acc2=33.24%  ens=33.97%  (best 39.54 @ ep 52)  [14.5s]
  ep  71: R(t)=0.490  acc1=32.60%  acc2=30.46%  ens=31.53%  (best 39.54 @ ep 52)  [15.1s]
  ep  72: R(t)=0.490  acc1=32.08%  acc2=32.05%  ens=32.06%  (best 39.54 @ ep 52)  [13.2s]
  ep  73: R(t)=0.490  acc1=37.96%  acc2=36.50%  ens=37.23%  (best 39.54 @ ep 52)  [5.6s]
  ep  74: R(t)=0.490  acc1=31.61%  acc2=31.69%  ens=31.65%  (best 39.54 @ ep 52)  [5.6s]
  ep  75: R(t)=0.490  acc1=33.51%  acc2=32.64%  ens=33.07%  (best 39.54 @ ep 52)  [8.3s]  [sel1+2: prec=0.556, recall_clean=0.579]
  ep  76: R(t)=0.490  acc1=34.78%  acc2=35.43%  ens=35.10%  (best 39.54 @ ep 52)  [5.4s]
  ep  77: R(t)=0.490  acc1=35.13%  acc2=34.13%  ens=34.63%  (best 39.54 @ ep 52)  [5.5s]
  ep  78: R(t)=0.490  acc1=33.63%  acc2=35.17%  ens=34.40%  (best 39.54 @ ep 52)  [5.8s]
  ep  79: R(t)=0.490  acc1=32.93%  acc2=30.69%  ens=31.81%  (best 39.54 @ ep 52)  [5.6s]
  ep  80: R(t)=0.490  acc1=35.94%  acc2=36.08%  ens=36.01%  (best 39.54 @ ep 52)  [5.8s]
  ep  81: R(t)=0.490  acc1=36.32%  acc2=36.35%  ens=36.34%  (best 39.54 @ ep 52)  [5.5s]
  ep  82: R(t)=0.490  acc1=36.33%  acc2=37.67%  ens=37.00%  (best 39.54 @ ep 52)  [5.8s]
  ep  83: R(t)=0.490  acc1=36.36%  acc2=35.84%  ens=36.10%  (best 39.54 @ ep 52)  [12.2s]
  ep  84: R(t)=0.490  acc1=33.33%  acc2=33.35%  ens=33.34%  (best 39.54 @ ep 52)  [14.7s]
  ep  85: R(t)=0.490  acc1=35.39%  acc2=35.89%  ens=35.64%  (best 39.54 @ ep 52)  [14.7s]
  ep  86: R(t)=0.490  acc1=35.80%  acc2=36.23%  ens=36.02%  (best 39.54 @ ep 52)  [15.0s]
  ep  87: R(t)=0.490  acc1=36.39%  acc2=36.52%  ens=36.46%  (best 39.54 @ ep 52)  [13.7s]
  ep  88: R(t)=0.490  acc1=35.60%  acc2=34.72%  ens=35.16%  (best 39.54 @ ep 52)  [14.2s]
  ep  89: R(t)=0.490  acc1=36.63%  acc2=37.05%  ens=36.84%  (best 39.54 @ ep 52)  [15.0s]
  ep  90: R(t)=0.490  acc1=36.14%  acc2=36.34%  ens=36.24%  (best 39.54 @ ep 52)  [5.4s]
  ep  91: R(t)=0.490  acc1=36.26%  acc2=36.07%  ens=36.17%  (best 39.54 @ ep 52)  [5.3s]
  ep  92: R(t)=0.490  acc1=35.29%  acc2=35.38%  ens=35.34%  (best 39.54 @ ep 52)  [5.8s]
  ep  93: R(t)=0.490  acc1=35.43%  acc2=35.66%  ens=35.55%  (best 39.54 @ ep 52)  [5.4s]
  ep  94: R(t)=0.490  acc1=35.41%  acc2=35.58%  ens=35.49%  (best 39.54 @ ep 52)  [5.6s]
  ep  95: R(t)=0.490  acc1=35.95%  acc2=36.01%  ens=35.98%  (best 39.54 @ ep 52)  [5.4s]
  ep  96: R(t)=0.490  acc1=35.73%  acc2=35.77%  ens=35.75%  (best 39.54 @ ep 52)  [5.6s]
  ep  97: R(t)=0.490  acc1=35.64%  acc2=35.66%  ens=35.65%  (best 39.54 @ ep 52)  [5.6s]
  ep  98: R(t)=0.490  acc1=35.75%  acc2=35.81%  ens=35.78%  (best 39.54 @ ep 52)  [5.7s]
  ep  99: R(t)=0.490  acc1=34.98%  acc2=34.94%  ens=34.96%  (best 39.54 @ ep 52)  [8.2s]  [sel1+2: prec=0.566, recall_clean=0.583]

saved /path/to/ciln-workspace/journal_edition/robustness_transfer/results_v4/coteaching/ours_v2_ccp_clean__shot_noise_sev5__seed1.json: best ens-acc 39.54% @ ep 52
