condition=ours_v2_ccp_noisy__shot_noise_sev5 seed=2 gpu=2
/path/to/ciln-workspace/venv/lib/python3.12/site-packages/torchvision/datasets/cifar.py:83: VisibleDeprecationWarning: dtype(): align should be passed as Python or NumPy boolean but got `align=0`. Did you mean to pass a tuple to create a subarray type? (Deprecated NumPy 2.4)
  entry = pickle.load(f, encoding="latin1")
image_source=noisy  N=17469  noise_rate=50.97%
  ep   0: loss=1.8759  test_acc=18.50%  (best 18.50 @ ep 0)  [4.0s]
  ep   1: loss=1.6974  test_acc=19.55%  (best 19.55 @ ep 1)  [3.0s]
  ep   2: loss=1.6152  test_acc=26.36%  (best 26.36 @ ep 2)  [3.0s]
  ep   3: loss=1.5516  test_acc=25.56%  (best 26.36 @ ep 2)  [2.9s]
  ep   4: loss=1.5215  test_acc=30.37%  (best 30.37 @ ep 4)  [3.1s]
  ep   5: loss=1.4831  test_acc=24.71%  (best 30.37 @ ep 4)  [4.5s]  [logged per-sample loss: mean=1.467]
  ep   6: loss=1.4498  test_acc=36.18%  (best 36.18 @ ep 6)  [3.3s]
  ep   7: loss=1.4303  test_acc=39.77%  (best 39.77 @ ep 7)  [3.2s]
  ep   8: loss=1.4114  test_acc=31.32%  (best 39.77 @ ep 7)  [3.0s]
  ep   9: loss=1.3980  test_acc=38.57%  (best 39.77 @ ep 7)  [3.1s]
  ep  10: loss=1.3781  test_acc=39.11%  (best 39.77 @ ep 7)  [4.7s]  [logged per-sample loss: mean=1.372]
  ep  11: loss=1.3735  test_acc=35.85%  (best 39.77 @ ep 7)  [3.1s]
  ep  12: loss=1.3524  test_acc=33.01%  (best 39.77 @ ep 7)  [3.2s]
  ep  13: loss=1.3445  test_acc=37.73%  (best 39.77 @ ep 7)  [3.3s]
  ep  14: loss=1.3333  test_acc=32.59%  (best 39.77 @ ep 7)  [3.4s]
  ep  15: loss=1.3315  test_acc=37.30%  (best 39.77 @ ep 7)  [3.1s]
  ep  16: loss=1.3240  test_acc=39.15%  (best 39.77 @ ep 7)  [6.4s]
  ep  17: loss=1.3142  test_acc=33.22%  (best 39.77 @ ep 7)  [7.3s]
  ep  18: loss=1.3049  test_acc=41.00%  (best 41.00 @ ep 18)  [7.2s]
  ep  19: loss=1.3001  test_acc=44.28%  (best 44.28 @ ep 19)  [7.1s]
  ep  20: loss=1.2944  test_acc=36.26%  (best 44.28 @ ep 19)  [8.8s]  [logged per-sample loss: mean=1.344]
  ep  21: loss=1.2821  test_acc=41.69%  (best 44.28 @ ep 19)  [7.0s]
  ep  22: loss=1.2683  test_acc=38.19%  (best 44.28 @ ep 19)  [6.9s]
  ep  23: loss=1.2724  test_acc=46.84%  (best 46.84 @ ep 23)  [6.7s]
  ep  24: loss=1.2660  test_acc=31.62%  (best 46.84 @ ep 23)  [7.0s]
  ep  25: loss=1.2639  test_acc=41.87%  (best 46.84 @ ep 23)  [7.0s]
  ep  26: loss=1.2483  test_acc=45.62%  (best 46.84 @ ep 23)  [7.4s]
  ep  27: loss=1.2436  test_acc=41.21%  (best 46.84 @ ep 23)  [5.9s]
  ep  28: loss=1.2366  test_acc=39.25%  (best 46.84 @ ep 23)  [2.9s]
  ep  29: loss=1.2341  test_acc=37.23%  (best 46.84 @ ep 23)  [3.1s]
  ep  30: loss=1.2237  test_acc=37.45%  (best 46.84 @ ep 23)  [4.5s]  [logged per-sample loss: mean=1.416]
  ep  31: loss=1.2156  test_acc=48.44%  (best 48.44 @ ep 31)  [3.0s]
  ep  32: loss=1.2141  test_acc=30.92%  (best 48.44 @ ep 31)  [3.1s]
  ep  33: loss=1.2077  test_acc=42.57%  (best 48.44 @ ep 31)  [3.2s]
  ep  34: loss=1.1987  test_acc=46.30%  (best 48.44 @ ep 31)  [3.1s]
  ep  35: loss=1.1989  test_acc=53.25%  (best 53.25 @ ep 35)  [3.2s]
  ep  36: loss=1.1813  test_acc=49.17%  (best 53.25 @ ep 35)  [3.1s]
  ep  37: loss=1.1891  test_acc=47.12%  (best 53.25 @ ep 35)  [3.0s]
  ep  38: loss=1.1750  test_acc=42.01%  (best 53.25 @ ep 35)  [3.2s]
  ep  39: loss=1.1714  test_acc=38.55%  (best 53.25 @ ep 35)  [3.0s]
  ep  40: loss=1.1636  test_acc=44.13%  (best 53.25 @ ep 35)  [3.0s]
  ep  41: loss=1.1652  test_acc=48.59%  (best 53.25 @ ep 35)  [3.2s]
  ep  42: loss=1.1529  test_acc=38.63%  (best 53.25 @ ep 35)  [3.2s]
  ep  43: loss=1.1473  test_acc=44.84%  (best 53.25 @ ep 35)  [3.1s]
  ep  44: loss=1.1387  test_acc=44.66%  (best 53.25 @ ep 35)  [3.1s]
  ep  45: loss=1.1397  test_acc=39.60%  (best 53.25 @ ep 35)  [3.1s]
  ep  46: loss=1.1281  test_acc=36.75%  (best 53.25 @ ep 35)  [4.1s]
  ep  47: loss=1.1274  test_acc=45.20%  (best 53.25 @ ep 35)  [7.6s]
  ep  48: loss=1.1171  test_acc=44.58%  (best 53.25 @ ep 35)  [7.5s]
  ep  49: loss=1.1050  test_acc=39.68%  (best 53.25 @ ep 35)  [7.6s]
  ep  50: loss=1.1028  test_acc=40.34%  (best 53.25 @ ep 35)  [10.1s]  [logged per-sample loss: mean=1.126]
  ep  51: loss=1.0967  test_acc=48.44%  (best 53.25 @ ep 35)  [6.9s]
  ep  52: loss=1.0906  test_acc=42.93%  (best 53.25 @ ep 35)  [7.0s]
  ep  53: loss=1.0817  test_acc=50.64%  (best 53.25 @ ep 35)  [7.5s]
  ep  54: loss=1.0709  test_acc=46.34%  (best 53.25 @ ep 35)  [7.4s]
  ep  55: loss=1.0592  test_acc=42.13%  (best 53.25 @ ep 35)  [7.8s]
  ep  56: loss=1.0595  test_acc=42.82%  (best 53.25 @ ep 35)  [7.8s]
  ep  57: loss=1.0527  test_acc=47.78%  (best 53.25 @ ep 35)  [8.1s]
  ep  58: loss=1.0420  test_acc=40.60%  (best 53.25 @ ep 35)  [6.5s]
  ep  59: loss=1.0355  test_acc=37.51%  (best 53.25 @ ep 35)  [3.4s]
  ep  60: loss=1.0145  test_acc=41.82%  (best 53.25 @ ep 35)  [3.2s]
  ep  61: loss=1.0106  test_acc=49.08%  (best 53.25 @ ep 35)  [3.1s]
  ep  62: loss=1.0014  test_acc=45.39%  (best 53.25 @ ep 35)  [3.1s]
  ep  63: loss=0.9894  test_acc=47.26%  (best 53.25 @ ep 35)  [3.0s]
  ep  64: loss=0.9877  test_acc=42.76%  (best 53.25 @ ep 35)  [3.1s]
  ep  65: loss=0.9664  test_acc=44.00%  (best 53.25 @ ep 35)  [3.1s]
  ep  66: loss=0.9572  test_acc=42.85%  (best 53.25 @ ep 35)  [3.1s]
  ep  67: loss=0.9405  test_acc=47.12%  (best 53.25 @ ep 35)  [3.2s]
  ep  68: loss=0.9365  test_acc=40.99%  (best 53.25 @ ep 35)  [3.1s]
  ep  69: loss=0.9166  test_acc=43.37%  (best 53.25 @ ep 35)  [3.2s]
  ep  70: loss=0.9032  test_acc=44.51%  (best 53.25 @ ep 35)  [3.4s]
  ep  71: loss=0.8974  test_acc=41.78%  (best 53.25 @ ep 35)  [3.1s]
  ep  72: loss=0.8764  test_acc=50.29%  (best 53.25 @ ep 35)  [3.1s]
  ep  73: loss=0.8635  test_acc=44.49%  (best 53.25 @ ep 35)  [3.1s]
  ep  74: loss=0.8378  test_acc=44.77%  (best 53.25 @ ep 35)  [3.2s]
  ep  75: loss=0.8241  test_acc=41.16%  (best 53.25 @ ep 35)  [4.7s]  [logged per-sample loss: mean=0.852]
  ep  76: loss=0.7995  test_acc=44.30%  (best 53.25 @ ep 35)  [3.4s]
  ep  77: loss=0.7860  test_acc=44.00%  (best 53.25 @ ep 35)  [3.2s]
  ep  78: loss=0.7631  test_acc=46.54%  (best 53.25 @ ep 35)  [6.9s]
  ep  79: loss=0.7491  test_acc=42.10%  (best 53.25 @ ep 35)  [7.0s]
  ep  80: loss=0.7192  test_acc=41.75%  (best 53.25 @ ep 35)  [6.7s]
  ep  81: loss=0.7105  test_acc=42.26%  (best 53.25 @ ep 35)  [6.8s]
  ep  82: loss=0.6763  test_acc=44.49%  (best 53.25 @ ep 35)  [6.8s]
  ep  83: loss=0.6720  test_acc=43.38%  (best 53.25 @ ep 35)  [6.7s]
  ep  84: loss=0.6435  test_acc=47.99%  (best 53.25 @ ep 35)  [7.1s]
  ep  85: loss=0.6173  test_acc=42.82%  (best 53.25 @ ep 35)  [6.9s]
  ep  86: loss=0.5963  test_acc=43.57%  (best 53.25 @ ep 35)  [6.9s]
  ep  87: loss=0.5800  test_acc=43.54%  (best 53.25 @ ep 35)  [6.9s]
  ep  88: loss=0.5534  test_acc=44.02%  (best 53.25 @ ep 35)  [7.0s]
  ep  89: loss=0.5403  test_acc=45.30%  (best 53.25 @ ep 35)  [6.8s]
  ep  90: loss=0.5174  test_acc=42.80%  (best 53.25 @ ep 35)  [6.9s]
  ep  91: loss=0.5084  test_acc=42.87%  (best 53.25 @ ep 35)  [6.6s]
  ep  92: loss=0.4889  test_acc=43.10%  (best 53.25 @ ep 35)  [6.8s]
  ep  93: loss=0.4798  test_acc=43.19%  (best 53.25 @ ep 35)  [7.0s]
  ep  94: loss=0.4678  test_acc=42.87%  (best 53.25 @ ep 35)  [7.0s]
  ep  95: loss=0.4585  test_acc=43.55%  (best 53.25 @ ep 35)  [6.9s]
  ep  96: loss=0.4438  test_acc=43.81%  (best 53.25 @ ep 35)  [6.9s]
  ep  97: loss=0.4360  test_acc=43.42%  (best 53.25 @ ep 35)  [6.7s]
  ep  98: loss=0.4451  test_acc=43.77%  (best 53.25 @ ep 35)  [7.0s]
  ep  99: loss=0.4408  test_acc=43.56%  (best 53.25 @ ep 35)  [8.8s]  [logged per-sample loss: mean=0.394]

saved /path/to/ciln-workspace/journal_edition/robustness_transfer/results_v4/erm/ours_v2_ccp_noisy__shot_noise_sev5__seed2.json: best 53.25% @ ep 35
