condition=ours_v2_ccp_noisy__contrast_sev5 seed=2 gpu=2
/path/to/ciln-workspace/venv/lib/python3.12/site-packages/torchvision/datasets/cifar.py:83: VisibleDeprecationWarning: dtype(): align should be passed as Python or NumPy boolean but got `align=0`. Did you mean to pass a tuple to create a subarray type? (Deprecated NumPy 2.4)
  entry = pickle.load(f, encoding="latin1")
image_source=noisy  N=17469  noise_rate=43.68%
  ep   0: R(t)=1.000  acc1=19.17%  acc2=19.38%  ens=19.28%  (best 19.28 @ ep 0)  [6.4s]
  ep   1: R(t)=0.862  acc1=17.49%  acc2=17.33%  ens=17.41%  (best 19.28 @ ep 0)  [5.5s]
  ep   2: R(t)=0.805  acc1=17.81%  acc2=17.56%  ens=17.69%  (best 19.28 @ ep 0)  [5.6s]
  ep   3: R(t)=0.761  acc1=19.71%  acc2=19.39%  ens=19.55%  (best 19.55 @ ep 3)  [5.5s]
  ep   4: R(t)=0.724  acc1=19.30%  acc2=18.32%  ens=18.81%  (best 19.55 @ ep 3)  [5.2s]
  ep   5: R(t)=0.691  acc1=20.63%  acc2=18.65%  ens=19.64%  (best 19.64 @ ep 5)  [8.2s]  [sel1+2: prec=0.501, recall_clean=0.622]
  ep   6: R(t)=0.662  acc1=19.04%  acc2=18.60%  ens=18.82%  (best 19.64 @ ep 5)  [5.9s]
  ep   7: R(t)=0.635  acc1=19.59%  acc2=19.93%  ens=19.76%  (best 19.76 @ ep 7)  [5.6s]
  ep   8: R(t)=0.609  acc1=17.98%  acc2=18.51%  ens=18.25%  (best 19.76 @ ep 7)  [10.3s]
  ep   9: R(t)=0.586  acc1=20.40%  acc2=19.81%  ens=20.11%  (best 20.11 @ ep 9)  [8.3s]
  ep  10: R(t)=0.563  acc1=18.71%  acc2=19.13%  ens=18.92%  (best 20.11 @ ep 9)  [8.6s]  [sel1+2: prec=0.450, recall_clean=0.457]
  ep  11: R(t)=0.563  acc1=18.46%  acc2=18.59%  ens=18.52%  (best 20.11 @ ep 9)  [5.7s]
  ep  12: R(t)=0.563  acc1=19.80%  acc2=19.82%  ens=19.81%  (best 20.11 @ ep 9)  [5.7s]
  ep  13: R(t)=0.563  acc1=20.65%  acc2=20.77%  ens=20.71%  (best 20.71 @ ep 13)  [5.6s]
  ep  14: R(t)=0.563  acc1=19.22%  acc2=19.44%  ens=19.33%  (best 20.71 @ ep 13)  [5.5s]
  ep  15: R(t)=0.563  acc1=17.80%  acc2=17.31%  ens=17.55%  (best 20.71 @ ep 13)  [5.6s]
  ep  16: R(t)=0.563  acc1=18.77%  acc2=18.83%  ens=18.80%  (best 20.71 @ ep 13)  [5.7s]
  ep  17: R(t)=0.563  acc1=18.21%  acc2=18.00%  ens=18.11%  (best 20.71 @ ep 13)  [5.4s]
  ep  18: R(t)=0.563  acc1=19.35%  acc2=18.75%  ens=19.05%  (best 20.71 @ ep 13)  [5.5s]
  ep  19: R(t)=0.563  acc1=19.24%  acc2=19.89%  ens=19.56%  (best 20.71 @ ep 13)  [8.6s]
  ep  20: R(t)=0.563  acc1=17.53%  acc2=17.44%  ens=17.48%  (best 20.71 @ ep 13)  [23.2s]  [sel1+2: prec=0.459, recall_clean=0.470]
  ep  21: R(t)=0.563  acc1=19.09%  acc2=19.83%  ens=19.46%  (best 20.71 @ ep 13)  [17.4s]
  ep  22: R(t)=0.563  acc1=18.86%  acc2=18.19%  ens=18.52%  (best 20.71 @ ep 13)  [15.9s]
  ep  23: R(t)=0.563  acc1=19.28%  acc2=19.19%  ens=19.23%  (best 20.71 @ ep 13)  [15.1s]
  ep  24: R(t)=0.563  acc1=19.42%  acc2=18.92%  ens=19.17%  (best 20.71 @ ep 13)  [16.9s]
  ep  25: R(t)=0.563  acc1=17.32%  acc2=16.45%  ens=16.89%  (best 20.71 @ ep 13)  [11.1s]
  ep  26: R(t)=0.563  acc1=21.01%  acc2=20.44%  ens=20.72%  (best 20.72 @ ep 26)  [5.3s]
  ep  27: R(t)=0.563  acc1=18.69%  acc2=17.20%  ens=17.95%  (best 20.72 @ ep 26)  [5.6s]
  ep  28: R(t)=0.563  acc1=15.28%  acc2=14.64%  ens=14.96%  (best 20.72 @ ep 26)  [5.8s]
  ep  29: R(t)=0.563  acc1=18.62%  acc2=18.31%  ens=18.46%  (best 20.72 @ ep 26)  [5.4s]
  ep  30: R(t)=0.563  acc1=20.50%  acc2=20.52%  ens=20.51%  (best 20.72 @ ep 26)  [8.3s]  [sel1+2: prec=0.466, recall_clean=0.476]
  ep  31: R(t)=0.563  acc1=19.85%  acc2=18.68%  ens=19.27%  (best 20.72 @ ep 26)  [5.3s]
  ep  32: R(t)=0.563  acc1=19.09%  acc2=18.68%  ens=18.88%  (best 20.72 @ ep 26)  [5.6s]
  ep  33: R(t)=0.563  acc1=21.04%  acc2=21.09%  ens=21.07%  (best 21.07 @ ep 33)  [5.6s]
  ep  34: R(t)=0.563  acc1=20.67%  acc2=17.66%  ens=19.16%  (best 21.07 @ ep 33)  [5.4s]
  ep  35: R(t)=0.563  acc1=19.20%  acc2=17.19%  ens=18.20%  (best 21.07 @ ep 33)  [5.5s]
  ep  36: R(t)=0.563  acc1=20.54%  acc2=21.20%  ens=20.87%  (best 21.07 @ ep 33)  [15.0s]
  ep  37: R(t)=0.563  acc1=21.49%  acc2=22.76%  ens=22.12%  (best 22.12 @ ep 37)  [6.5s]
  ep  38: R(t)=0.563  acc1=17.98%  acc2=19.20%  ens=18.59%  (best 22.12 @ ep 37)  [5.5s]
  ep  39: R(t)=0.563  acc1=20.69%  acc2=24.56%  ens=22.62%  (best 22.62 @ ep 39)  [5.4s]
  ep  40: R(t)=0.563  acc1=19.30%  acc2=21.30%  ens=20.30%  (best 22.62 @ ep 39)  [5.5s]
  ep  41: R(t)=0.563  acc1=16.63%  acc2=16.43%  ens=16.53%  (best 22.62 @ ep 39)  [5.3s]
  ep  42: R(t)=0.563  acc1=20.48%  acc2=21.89%  ens=21.19%  (best 22.62 @ ep 39)  [5.6s]
  ep  43: R(t)=0.563  acc1=19.17%  acc2=19.86%  ens=19.52%  (best 22.62 @ ep 39)  [5.3s]
  ep  44: R(t)=0.563  acc1=20.80%  acc2=21.16%  ens=20.98%  (best 22.62 @ ep 39)  [5.5s]
  ep  45: R(t)=0.563  acc1=20.14%  acc2=21.62%  ens=20.88%  (best 22.62 @ ep 39)  [5.4s]
  ep  46: R(t)=0.563  acc1=16.47%  acc2=18.22%  ens=17.34%  (best 22.62 @ ep 39)  [5.7s]
  ep  47: R(t)=0.563  acc1=21.09%  acc2=22.66%  ens=21.88%  (best 22.62 @ ep 39)  [5.7s]
  ep  48: R(t)=0.563  acc1=20.72%  acc2=18.77%  ens=19.75%  (best 22.62 @ ep 39)  [9.6s]
  ep  49: R(t)=0.563  acc1=22.10%  acc2=22.35%  ens=22.23%  (best 22.62 @ ep 39)  [14.8s]
  ep  50: R(t)=0.563  acc1=20.43%  acc2=22.24%  ens=21.33%  (best 22.62 @ ep 39)  [21.2s]  [sel1+2: prec=0.481, recall_clean=0.492]
  ep  51: R(t)=0.563  acc1=21.27%  acc2=22.29%  ens=21.78%  (best 22.62 @ ep 39)  [15.6s]
  ep  52: R(t)=0.563  acc1=22.83%  acc2=23.28%  ens=23.05%  (best 23.05 @ ep 52)  [14.1s]
  ep  53: R(t)=0.563  acc1=23.83%  acc2=24.30%  ens=24.07%  (best 24.07 @ ep 53)  [15.9s]
  ep  54: R(t)=0.563  acc1=22.53%  acc2=23.36%  ens=22.95%  (best 24.07 @ ep 53)  [15.5s]
  ep  55: R(t)=0.563  acc1=18.70%  acc2=19.76%  ens=19.23%  (best 24.07 @ ep 53)  [14.6s]
  ep  56: R(t)=0.563  acc1=22.89%  acc2=23.26%  ens=23.08%  (best 24.07 @ ep 53)  [12.6s]
  ep  57: R(t)=0.563  acc1=22.22%  acc2=23.26%  ens=22.74%  (best 24.07 @ ep 53)  [5.4s]
  ep  58: R(t)=0.563  acc1=23.34%  acc2=23.74%  ens=23.54%  (best 24.07 @ ep 53)  [5.6s]
  ep  59: R(t)=0.563  acc1=23.81%  acc2=23.27%  ens=23.54%  (best 24.07 @ ep 53)  [5.8s]
  ep  60: R(t)=0.563  acc1=20.36%  acc2=21.46%  ens=20.91%  (best 24.07 @ ep 53)  [5.6s]
  ep  61: R(t)=0.563  acc1=22.55%  acc2=23.23%  ens=22.89%  (best 24.07 @ ep 53)  [5.8s]
  ep  62: R(t)=0.563  acc1=19.33%  acc2=18.66%  ens=19.00%  (best 24.07 @ ep 53)  [5.6s]
  ep  63: R(t)=0.563  acc1=21.29%  acc2=21.18%  ens=21.23%  (best 24.07 @ ep 53)  [5.5s]
  ep  64: R(t)=0.563  acc1=20.15%  acc2=17.48%  ens=18.82%  (best 24.07 @ ep 53)  [5.6s]
  ep  65: R(t)=0.563  acc1=21.81%  acc2=20.52%  ens=21.16%  (best 24.07 @ ep 53)  [5.5s]
  ep  66: R(t)=0.563  acc1=23.38%  acc2=22.44%  ens=22.91%  (best 24.07 @ ep 53)  [5.6s]
  ep  67: R(t)=0.563  acc1=22.90%  acc2=22.08%  ens=22.49%  (best 24.07 @ ep 53)  [5.5s]
  ep  68: R(t)=0.563  acc1=23.84%  acc2=24.48%  ens=24.16%  (best 24.16 @ ep 68)  [15.0s]
  ep  69: R(t)=0.563  acc1=20.75%  acc2=20.94%  ens=20.84%  (best 24.16 @ ep 68)  [17.1s]
  ep  70: R(t)=0.563  acc1=24.86%  acc2=24.53%  ens=24.70%  (best 24.70 @ ep 70)  [17.7s]
  ep  71: R(t)=0.563  acc1=20.17%  acc2=19.86%  ens=20.02%  (best 24.70 @ ep 70)  [16.4s]
  ep  72: R(t)=0.563  acc1=22.66%  acc2=23.36%  ens=23.01%  (best 24.70 @ ep 70)  [16.6s]
  ep  73: R(t)=0.563  acc1=19.26%  acc2=19.37%  ens=19.31%  (best 24.70 @ ep 70)  [16.1s]
  ep  74: R(t)=0.563  acc1=20.01%  acc2=20.69%  ens=20.35%  (best 24.70 @ ep 70)  [16.0s]
  ep  75: R(t)=0.563  acc1=18.67%  acc2=20.85%  ens=19.76%  (best 24.70 @ ep 70)  [13.0s]  [sel1+2: prec=0.495, recall_clean=0.505]
  ep  76: R(t)=0.563  acc1=19.58%  acc2=18.65%  ens=19.11%  (best 24.70 @ ep 70)  [5.4s]
  ep  77: R(t)=0.563  acc1=18.90%  acc2=18.24%  ens=18.57%  (best 24.70 @ ep 70)  [5.6s]
  ep  78: R(t)=0.563  acc1=21.02%  acc2=20.77%  ens=20.89%  (best 24.70 @ ep 70)  [5.6s]
  ep  79: R(t)=0.563  acc1=20.65%  acc2=19.41%  ens=20.03%  (best 24.70 @ ep 70)  [5.6s]
  ep  80: R(t)=0.563  acc1=23.28%  acc2=22.51%  ens=22.89%  (best 24.70 @ ep 70)  [5.4s]
  ep  81: R(t)=0.563  acc1=22.28%  acc2=22.04%  ens=22.16%  (best 24.70 @ ep 70)  [5.7s]
  ep  82: R(t)=0.563  acc1=21.26%  acc2=20.98%  ens=21.12%  (best 24.70 @ ep 70)  [5.6s]
  ep  83: R(t)=0.563  acc1=20.31%  acc2=20.07%  ens=20.19%  (best 24.70 @ ep 70)  [5.6s]
  ep  84: R(t)=0.563  acc1=19.59%  acc2=20.34%  ens=19.96%  (best 24.70 @ ep 70)  [5.5s]
  ep  85: R(t)=0.563  acc1=22.37%  acc2=22.18%  ens=22.27%  (best 24.70 @ ep 70)  [5.7s]
  ep  86: R(t)=0.563  acc1=20.67%  acc2=21.29%  ens=20.98%  (best 24.70 @ ep 70)  [17.0s]
  ep  87: R(t)=0.563  acc1=21.12%  acc2=21.80%  ens=21.46%  (best 24.70 @ ep 70)  [16.3s]
  ep  88: R(t)=0.563  acc1=20.46%  acc2=20.56%  ens=20.51%  (best 24.70 @ ep 70)  [15.8s]
  ep  89: R(t)=0.563  acc1=21.53%  acc2=21.41%  ens=21.47%  (best 24.70 @ ep 70)  [16.1s]
  ep  90: R(t)=0.563  acc1=21.60%  acc2=21.33%  ens=21.46%  (best 24.70 @ ep 70)  [16.7s]
  ep  91: R(t)=0.563  acc1=20.80%  acc2=21.49%  ens=21.14%  (best 24.70 @ ep 70)  [16.8s]
  ep  92: R(t)=0.563  acc1=21.71%  acc2=21.98%  ens=21.84%  (best 24.70 @ ep 70)  [16.6s]
  ep  93: R(t)=0.563  acc1=20.92%  acc2=21.35%  ens=21.13%  (best 24.70 @ ep 70)  [16.2s]
  ep  94: R(t)=0.563  acc1=20.42%  acc2=20.97%  ens=20.70%  (best 24.70 @ ep 70)  [16.4s]
  ep  95: R(t)=0.563  acc1=20.38%  acc2=20.81%  ens=20.60%  (best 24.70 @ ep 70)  [15.2s]
  ep  96: R(t)=0.563  acc1=20.91%  acc2=21.26%  ens=21.09%  (best 24.70 @ ep 70)  [13.1s]
  ep  97: R(t)=0.563  acc1=20.56%  acc2=20.84%  ens=20.70%  (best 24.70 @ ep 70)  [5.6s]
  ep  98: R(t)=0.563  acc1=20.70%  acc2=21.17%  ens=20.93%  (best 24.70 @ ep 70)  [5.7s]
  ep  99: R(t)=0.563  acc1=20.32%  acc2=20.79%  ens=20.55%  (best 24.70 @ ep 70)  [8.2s]  [sel1+2: prec=0.502, recall_clean=0.509]

saved /path/to/ciln-workspace/journal_edition/robustness_transfer/results_v4/coteaching/ours_v2_ccp_noisy__contrast_sev5__seed2.json: best ens-acc 24.70% @ ep 70
