condition=ours_v2_ccp_noisy__contrast_sev5 seed=2 gpu=2
/path/to/ciln-workspace/venv/lib/python3.12/site-packages/torchvision/datasets/cifar.py:83: VisibleDeprecationWarning: dtype(): align should be passed as Python or NumPy boolean but got `align=0`. Did you mean to pass a tuple to create a subarray type? (Deprecated NumPy 2.4)
  entry = pickle.load(f, encoding="latin1")
image_source=noisy  N=17469  noise_rate=43.68%
  ep   0: loss=1.9254  test_acc=20.29%  (best 20.29 @ ep 0)  [3.7s]
  ep   1: loss=1.8413  test_acc=18.97%  (best 20.29 @ ep 0)  [3.2s]
  ep   2: loss=1.8267  test_acc=20.59%  (best 20.59 @ ep 2)  [3.1s]
  ep   3: loss=1.8177  test_acc=20.19%  (best 20.59 @ ep 2)  [3.0s]
  ep   4: loss=1.8184  test_acc=20.71%  (best 20.71 @ ep 4)  [3.0s]
  ep   5: loss=1.7996  test_acc=21.08%  (best 21.08 @ ep 5)  [4.3s]  [logged per-sample loss: mean=1.789]
  ep   6: loss=1.7885  test_acc=20.42%  (best 21.08 @ ep 5)  [3.2s]
  ep   7: loss=1.7802  test_acc=17.91%  (best 21.08 @ ep 5)  [3.2s]
  ep   8: loss=1.7597  test_acc=14.75%  (best 21.08 @ ep 5)  [3.2s]
  ep   9: loss=1.7480  test_acc=18.04%  (best 21.08 @ ep 5)  [2.9s]
  ep  10: loss=1.7204  test_acc=15.89%  (best 21.08 @ ep 5)  [4.7s]  [logged per-sample loss: mean=1.690]
  ep  11: loss=1.6863  test_acc=15.41%  (best 21.08 @ ep 5)  [3.1s]
  ep  12: loss=1.6701  test_acc=20.02%  (best 21.08 @ ep 5)  [3.2s]
  ep  13: loss=1.6538  test_acc=18.27%  (best 21.08 @ ep 5)  [3.1s]
  ep  14: loss=1.6360  test_acc=16.96%  (best 21.08 @ ep 5)  [2.9s]
  ep  15: loss=1.6218  test_acc=21.71%  (best 21.71 @ ep 15)  [3.0s]
  ep  16: loss=1.5940  test_acc=21.78%  (best 21.78 @ ep 16)  [5.3s]
  ep  17: loss=1.5814  test_acc=17.52%  (best 21.78 @ ep 16)  [6.9s]
  ep  18: loss=1.5557  test_acc=16.98%  (best 21.78 @ ep 16)  [7.0s]
  ep  19: loss=1.5358  test_acc=18.63%  (best 21.78 @ ep 16)  [7.0s]
  ep  20: loss=1.5102  test_acc=14.10%  (best 21.78 @ ep 16)  [8.7s]  [logged per-sample loss: mean=1.508]
  ep  21: loss=1.4931  test_acc=21.31%  (best 21.78 @ ep 16)  [7.4s]
  ep  22: loss=1.4733  test_acc=20.30%  (best 21.78 @ ep 16)  [7.1s]
  ep  23: loss=1.4483  test_acc=23.44%  (best 23.44 @ ep 23)  [6.6s]
  ep  24: loss=1.4315  test_acc=28.21%  (best 28.21 @ ep 24)  [7.0s]
  ep  25: loss=1.4147  test_acc=26.85%  (best 28.21 @ ep 24)  [6.5s]
  ep  26: loss=1.3940  test_acc=25.88%  (best 28.21 @ ep 24)  [6.6s]
  ep  27: loss=1.3739  test_acc=27.91%  (best 28.21 @ ep 24)  [6.9s]
  ep  28: loss=1.3608  test_acc=32.29%  (best 32.29 @ ep 28)  [6.8s]
  ep  29: loss=1.3538  test_acc=32.16%  (best 32.29 @ ep 28)  [7.0s]
  ep  30: loss=1.3377  test_acc=42.71%  (best 42.71 @ ep 30)  [9.0s]  [logged per-sample loss: mean=1.407]
  ep  31: loss=1.3236  test_acc=38.47%  (best 42.71 @ ep 30)  [6.8s]
  ep  32: loss=1.3185  test_acc=39.78%  (best 42.71 @ ep 30)  [7.6s]
  ep  33: loss=1.3174  test_acc=43.07%  (best 43.07 @ ep 33)  [6.4s]
  ep  34: loss=1.3031  test_acc=21.20%  (best 43.07 @ ep 33)  [3.0s]
  ep  35: loss=1.2913  test_acc=34.81%  (best 43.07 @ ep 33)  [3.0s]
  ep  36: loss=1.2713  test_acc=38.16%  (best 43.07 @ ep 33)  [3.0s]
  ep  37: loss=1.2795  test_acc=40.48%  (best 43.07 @ ep 33)  [3.1s]
  ep  38: loss=1.2640  test_acc=34.55%  (best 43.07 @ ep 33)  [3.1s]
  ep  39: loss=1.2486  test_acc=39.12%  (best 43.07 @ ep 33)  [3.2s]
  ep  40: loss=1.2466  test_acc=37.28%  (best 43.07 @ ep 33)  [3.0s]
  ep  41: loss=1.2439  test_acc=41.95%  (best 43.07 @ ep 33)  [3.3s]
  ep  42: loss=1.2345  test_acc=39.88%  (best 43.07 @ ep 33)  [3.1s]
  ep  43: loss=1.2303  test_acc=41.63%  (best 43.07 @ ep 33)  [3.1s]
  ep  44: loss=1.2167  test_acc=39.60%  (best 43.07 @ ep 33)  [3.0s]
  ep  45: loss=1.2160  test_acc=41.06%  (best 43.07 @ ep 33)  [3.0s]
  ep  46: loss=1.1995  test_acc=36.05%  (best 43.07 @ ep 33)  [3.0s]
  ep  47: loss=1.1998  test_acc=35.04%  (best 43.07 @ ep 33)  [3.0s]
  ep  48: loss=1.1848  test_acc=44.79%  (best 44.79 @ ep 48)  [3.0s]
  ep  49: loss=1.1870  test_acc=41.52%  (best 44.79 @ ep 48)  [3.1s]
  ep  50: loss=1.1785  test_acc=38.47%  (best 44.79 @ ep 48)  [4.4s]  [logged per-sample loss: mean=1.172]
  ep  51: loss=1.1661  test_acc=43.80%  (best 44.79 @ ep 48)  [3.2s]
  ep  52: loss=1.1599  test_acc=43.06%  (best 44.79 @ ep 48)  [3.3s]
  ep  53: loss=1.1446  test_acc=39.73%  (best 44.79 @ ep 48)  [3.0s]
  ep  54: loss=1.1406  test_acc=43.46%  (best 44.79 @ ep 48)  [7.4s]
  ep  55: loss=1.1339  test_acc=39.70%  (best 44.79 @ ep 48)  [7.5s]
  ep  56: loss=1.1187  test_acc=40.13%  (best 44.79 @ ep 48)  [7.6s]
  ep  57: loss=1.1110  test_acc=29.73%  (best 44.79 @ ep 48)  [6.8s]
  ep  58: loss=1.1000  test_acc=31.48%  (best 44.79 @ ep 48)  [7.5s]
  ep  59: loss=1.0948  test_acc=44.70%  (best 44.79 @ ep 48)  [7.9s]
  ep  60: loss=1.0860  test_acc=40.02%  (best 44.79 @ ep 48)  [8.4s]
  ep  61: loss=1.0715  test_acc=39.38%  (best 44.79 @ ep 48)  [7.3s]
  ep  62: loss=1.0644  test_acc=40.68%  (best 44.79 @ ep 48)  [7.6s]
  ep  63: loss=1.0561  test_acc=38.41%  (best 44.79 @ ep 48)  [7.1s]
  ep  64: loss=1.0490  test_acc=44.80%  (best 44.80 @ ep 64)  [7.6s]
  ep  65: loss=1.0325  test_acc=46.02%  (best 46.02 @ ep 65)  [7.0s]
  ep  66: loss=1.0278  test_acc=49.31%  (best 49.31 @ ep 66)  [8.0s]
  ep  67: loss=1.0116  test_acc=41.96%  (best 49.31 @ ep 66)  [7.9s]
  ep  68: loss=1.0048  test_acc=40.17%  (best 49.31 @ ep 66)  [7.2s]
  ep  69: loss=0.9858  test_acc=42.36%  (best 49.31 @ ep 66)  [7.7s]
  ep  70: loss=0.9754  test_acc=40.78%  (best 49.31 @ ep 66)  [7.5s]
  ep  71: loss=0.9636  test_acc=37.17%  (best 49.31 @ ep 66)  [7.4s]
  ep  72: loss=0.9522  test_acc=38.78%  (best 49.31 @ ep 66)  [7.0s]
  ep  73: loss=0.9403  test_acc=36.53%  (best 49.31 @ ep 66)  [7.2s]
  ep  74: loss=0.9256  test_acc=37.06%  (best 49.31 @ ep 66)  [7.1s]
  ep  75: loss=0.8983  test_acc=34.14%  (best 49.31 @ ep 66)  [9.9s]  [logged per-sample loss: mean=0.856]
  ep  76: loss=0.8897  test_acc=41.51%  (best 49.31 @ ep 66)  [8.2s]
  ep  77: loss=0.8679  test_acc=44.02%  (best 49.31 @ ep 66)  [6.7s]
  ep  78: loss=0.8510  test_acc=42.72%  (best 49.31 @ ep 66)  [7.0s]
  ep  79: loss=0.8308  test_acc=35.63%  (best 49.31 @ ep 66)  [8.2s]
  ep  80: loss=0.8162  test_acc=40.14%  (best 49.31 @ ep 66)  [7.7s]
  ep  81: loss=0.7946  test_acc=39.76%  (best 49.31 @ ep 66)  [7.7s]
  ep  82: loss=0.7811  test_acc=39.18%  (best 49.31 @ ep 66)  [8.1s]
  ep  83: loss=0.7623  test_acc=39.62%  (best 49.31 @ ep 66)  [8.0s]
  ep  84: loss=0.7390  test_acc=38.56%  (best 49.31 @ ep 66)  [8.5s]
  ep  85: loss=0.7262  test_acc=35.91%  (best 49.31 @ ep 66)  [8.1s]
  ep  86: loss=0.7020  test_acc=34.09%  (best 49.31 @ ep 66)  [7.9s]
  ep  87: loss=0.6753  test_acc=36.69%  (best 49.31 @ ep 66)  [8.1s]
  ep  88: loss=0.6602  test_acc=37.38%  (best 49.31 @ ep 66)  [7.8s]
  ep  89: loss=0.6428  test_acc=34.83%  (best 49.31 @ ep 66)  [7.8s]
  ep  90: loss=0.6271  test_acc=35.61%  (best 49.31 @ ep 66)  [7.7s]
  ep  91: loss=0.6115  test_acc=34.80%  (best 49.31 @ ep 66)  [8.2s]
  ep  92: loss=0.5970  test_acc=33.93%  (best 49.31 @ ep 66)  [7.3s]
  ep  93: loss=0.5826  test_acc=34.18%  (best 49.31 @ ep 66)  [7.8s]
  ep  94: loss=0.5694  test_acc=34.16%  (best 49.31 @ ep 66)  [7.5s]
  ep  95: loss=0.5605  test_acc=34.22%  (best 49.31 @ ep 66)  [7.9s]
  ep  96: loss=0.5594  test_acc=34.10%  (best 49.31 @ ep 66)  [7.8s]
  ep  97: loss=0.5510  test_acc=34.54%  (best 49.31 @ ep 66)  [7.5s]
  ep  98: loss=0.5472  test_acc=34.24%  (best 49.31 @ ep 66)  [7.9s]
  ep  99: loss=0.5436  test_acc=34.21%  (best 49.31 @ ep 66)  [11.9s]  [logged per-sample loss: mean=0.507]

saved /path/to/ciln-workspace/journal_edition/robustness_transfer/results_v4/erm/ours_v2_ccp_noisy__contrast_sev5__seed2.json: best 49.31% @ ep 66
