condition=ours_v2_ccp_noisy__contrast_sev5 seed=1 gpu=2
/path/to/ciln-workspace/venv/lib/python3.12/site-packages/torchvision/datasets/cifar.py:83: VisibleDeprecationWarning: dtype(): align should be passed as Python or NumPy boolean but got `align=0`. Did you mean to pass a tuple to create a subarray type? (Deprecated NumPy 2.4)
  entry = pickle.load(f, encoding="latin1")
image_source=noisy  N=17469  noise_rate=43.68%
  ep   0: loss=1.9249  test_acc=17.54%  (best 17.54 @ ep 0)  [3.9s]
  ep   1: loss=1.8434  test_acc=19.80%  (best 19.80 @ ep 1)  [3.0s]
  ep   2: loss=1.8276  test_acc=18.10%  (best 19.80 @ ep 1)  [3.0s]
  ep   3: loss=1.8134  test_acc=20.05%  (best 20.05 @ ep 3)  [3.0s]
  ep   4: loss=1.8052  test_acc=17.99%  (best 20.05 @ ep 3)  [3.0s]
  ep   5: loss=1.7979  test_acc=19.77%  (best 20.05 @ ep 3)  [4.5s]  [logged per-sample loss: mean=1.780]
  ep   6: loss=1.7927  test_acc=17.55%  (best 20.05 @ ep 3)  [3.0s]
  ep   7: loss=1.7834  test_acc=20.09%  (best 20.09 @ ep 7)  [3.2s]
  ep   8: loss=1.7768  test_acc=19.62%  (best 20.09 @ ep 7)  [3.1s]
  ep   9: loss=1.7643  test_acc=17.41%  (best 20.09 @ ep 7)  [3.0s]
  ep  10: loss=1.7536  test_acc=17.39%  (best 20.09 @ ep 7)  [4.7s]  [logged per-sample loss: mean=1.725]
  ep  11: loss=1.7281  test_acc=13.33%  (best 20.09 @ ep 7)  [3.0s]
  ep  12: loss=1.7096  test_acc=14.17%  (best 20.09 @ ep 7)  [3.1s]
  ep  13: loss=1.6756  test_acc=17.66%  (best 20.09 @ ep 7)  [3.1s]
  ep  14: loss=1.6586  test_acc=15.63%  (best 20.09 @ ep 7)  [3.2s]
  ep  15: loss=1.6357  test_acc=19.19%  (best 20.09 @ ep 7)  [3.2s]
  ep  16: loss=1.6270  test_acc=17.90%  (best 20.09 @ ep 7)  [7.5s]
  ep  17: loss=1.6021  test_acc=20.65%  (best 20.65 @ ep 17)  [8.0s]
  ep  18: loss=1.5876  test_acc=15.73%  (best 20.65 @ ep 17)  [7.9s]
  ep  19: loss=1.5663  test_acc=18.10%  (best 20.65 @ ep 17)  [8.1s]
  ep  20: loss=1.5474  test_acc=17.74%  (best 20.65 @ ep 17)  [10.1s]  [logged per-sample loss: mean=1.580]
  ep  21: loss=1.5270  test_acc=20.90%  (best 20.90 @ ep 21)  [7.8s]
  ep  22: loss=1.5061  test_acc=16.53%  (best 20.90 @ ep 21)  [7.6s]
  ep  23: loss=1.4847  test_acc=17.46%  (best 20.90 @ ep 21)  [7.6s]
  ep  24: loss=1.4787  test_acc=29.77%  (best 29.77 @ ep 24)  [7.5s]
  ep  25: loss=1.4408  test_acc=23.20%  (best 29.77 @ ep 24)  [8.6s]
  ep  26: loss=1.4337  test_acc=23.02%  (best 29.77 @ ep 24)  [8.9s]
  ep  27: loss=1.4168  test_acc=26.73%  (best 29.77 @ ep 24)  [7.3s]
  ep  28: loss=1.3926  test_acc=25.63%  (best 29.77 @ ep 24)  [3.1s]
  ep  29: loss=1.3795  test_acc=30.76%  (best 30.76 @ ep 29)  [2.9s]
  ep  30: loss=1.3629  test_acc=23.45%  (best 30.76 @ ep 29)  [4.5s]  [logged per-sample loss: mean=1.566]
  ep  31: loss=1.3478  test_acc=35.10%  (best 35.10 @ ep 31)  [3.3s]
  ep  32: loss=1.3279  test_acc=38.22%  (best 38.22 @ ep 32)  [3.3s]
  ep  33: loss=1.3101  test_acc=30.94%  (best 38.22 @ ep 32)  [3.2s]
  ep  34: loss=1.2948  test_acc=38.22%  (best 38.22 @ ep 32)  [3.1s]
  ep  35: loss=1.2925  test_acc=34.61%  (best 38.22 @ ep 32)  [3.1s]
  ep  36: loss=1.2650  test_acc=38.66%  (best 38.66 @ ep 36)  [3.1s]
  ep  37: loss=1.2511  test_acc=26.73%  (best 38.66 @ ep 36)  [3.0s]
  ep  38: loss=1.2477  test_acc=37.84%  (best 38.66 @ ep 36)  [3.0s]
  ep  39: loss=1.2354  test_acc=47.35%  (best 47.35 @ ep 39)  [3.2s]
  ep  40: loss=1.2311  test_acc=38.27%  (best 47.35 @ ep 39)  [3.0s]
  ep  41: loss=1.2141  test_acc=46.22%  (best 47.35 @ ep 39)  [3.0s]
  ep  42: loss=1.2129  test_acc=43.59%  (best 47.35 @ ep 39)  [3.3s]
  ep  43: loss=1.1958  test_acc=33.28%  (best 47.35 @ ep 39)  [3.0s]
  ep  44: loss=1.1912  test_acc=44.61%  (best 47.35 @ ep 39)  [3.0s]
  ep  45: loss=1.1832  test_acc=40.94%  (best 47.35 @ ep 39)  [3.1s]
  ep  46: loss=1.1698  test_acc=46.61%  (best 47.35 @ ep 39)  [3.0s]
  ep  47: loss=1.1667  test_acc=46.50%  (best 47.35 @ ep 39)  [3.7s]
  ep  48: loss=1.1579  test_acc=41.16%  (best 47.35 @ ep 39)  [8.5s]
  ep  49: loss=1.1464  test_acc=27.30%  (best 47.35 @ ep 39)  [6.5s]
  ep  50: loss=1.1486  test_acc=43.00%  (best 47.35 @ ep 39)  [4.5s]  [logged per-sample loss: mean=1.137]
  ep  51: loss=1.1330  test_acc=44.29%  (best 47.35 @ ep 39)  [3.1s]
  ep  52: loss=1.1269  test_acc=41.47%  (best 47.35 @ ep 39)  [3.0s]
  ep  53: loss=1.1195  test_acc=34.50%  (best 47.35 @ ep 39)  [3.0s]
  ep  54: loss=1.1100  test_acc=42.40%  (best 47.35 @ ep 39)  [3.0s]
  ep  55: loss=1.0999  test_acc=42.41%  (best 47.35 @ ep 39)  [3.0s]
  ep  56: loss=1.0892  test_acc=37.95%  (best 47.35 @ ep 39)  [3.0s]
  ep  57: loss=1.0878  test_acc=39.10%  (best 47.35 @ ep 39)  [3.2s]
  ep  58: loss=1.0700  test_acc=43.32%  (best 47.35 @ ep 39)  [3.1s]
  ep  59: loss=1.0683  test_acc=41.61%  (best 47.35 @ ep 39)  [3.1s]
  ep  60: loss=1.0565  test_acc=40.45%  (best 47.35 @ ep 39)  [3.0s]
  ep  61: loss=1.0456  test_acc=38.91%  (best 47.35 @ ep 39)  [3.0s]
  ep  62: loss=1.0354  test_acc=42.19%  (best 47.35 @ ep 39)  [3.0s]
  ep  63: loss=1.0267  test_acc=38.23%  (best 47.35 @ ep 39)  [3.0s]
  ep  64: loss=1.0226  test_acc=33.02%  (best 47.35 @ ep 39)  [2.9s]
  ep  65: loss=1.0150  test_acc=41.36%  (best 47.35 @ ep 39)  [3.3s]
  ep  66: loss=1.0052  test_acc=42.07%  (best 47.35 @ ep 39)  [3.2s]
  ep  67: loss=0.9926  test_acc=34.70%  (best 47.35 @ ep 39)  [3.1s]
  ep  68: loss=0.9713  test_acc=28.71%  (best 47.35 @ ep 39)  [3.3s]
  ep  69: loss=0.9641  test_acc=39.02%  (best 47.35 @ ep 39)  [4.6s]
  ep  70: loss=0.9535  test_acc=40.25%  (best 47.35 @ ep 39)  [6.7s]
  ep  71: loss=0.9449  test_acc=36.36%  (best 47.35 @ ep 39)  [3.1s]
  ep  72: loss=0.9352  test_acc=29.77%  (best 47.35 @ ep 39)  [3.0s]
  ep  73: loss=0.9190  test_acc=33.31%  (best 47.35 @ ep 39)  [3.0s]
  ep  74: loss=0.9043  test_acc=32.59%  (best 47.35 @ ep 39)  [3.1s]
  ep  75: loss=0.8883  test_acc=35.36%  (best 47.35 @ ep 39)  [4.7s]  [logged per-sample loss: mean=0.855]
  ep  76: loss=0.8686  test_acc=36.40%  (best 47.35 @ ep 39)  [3.2s]
  ep  77: loss=0.8549  test_acc=33.34%  (best 47.35 @ ep 39)  [3.1s]
  ep  78: loss=0.8347  test_acc=38.68%  (best 47.35 @ ep 39)  [3.2s]
  ep  79: loss=0.8120  test_acc=34.12%  (best 47.35 @ ep 39)  [3.2s]
  ep  80: loss=0.7942  test_acc=28.14%  (best 47.35 @ ep 39)  [3.0s]
  ep  81: loss=0.7893  test_acc=36.57%  (best 47.35 @ ep 39)  [3.1s]
  ep  82: loss=0.7775  test_acc=29.35%  (best 47.35 @ ep 39)  [3.0s]
  ep  83: loss=0.7566  test_acc=34.77%  (best 47.35 @ ep 39)  [3.0s]
  ep  84: loss=0.7300  test_acc=32.83%  (best 47.35 @ ep 39)  [3.2s]
  ep  85: loss=0.7067  test_acc=34.35%  (best 47.35 @ ep 39)  [3.2s]
  ep  86: loss=0.6907  test_acc=34.12%  (best 47.35 @ ep 39)  [3.3s]
  ep  87: loss=0.6689  test_acc=30.79%  (best 47.35 @ ep 39)  [3.1s]
  ep  88: loss=0.6523  test_acc=32.50%  (best 47.35 @ ep 39)  [3.3s]
  ep  89: loss=0.6429  test_acc=30.14%  (best 47.35 @ ep 39)  [3.1s]
  ep  90: loss=0.6204  test_acc=32.14%  (best 47.35 @ ep 39)  [6.9s]
  ep  91: loss=0.5990  test_acc=31.80%  (best 47.35 @ ep 39)  [6.5s]
  ep  92: loss=0.5828  test_acc=31.29%  (best 47.35 @ ep 39)  [6.8s]
  ep  93: loss=0.5790  test_acc=29.98%  (best 47.35 @ ep 39)  [6.7s]
  ep  94: loss=0.5661  test_acc=31.43%  (best 47.35 @ ep 39)  [6.6s]
  ep  95: loss=0.5528  test_acc=30.96%  (best 47.35 @ ep 39)  [6.8s]
  ep  96: loss=0.5563  test_acc=31.85%  (best 47.35 @ ep 39)  [6.9s]
  ep  97: loss=0.5445  test_acc=31.98%  (best 47.35 @ ep 39)  [6.6s]
  ep  98: loss=0.5382  test_acc=31.31%  (best 47.35 @ ep 39)  [6.7s]
  ep  99: loss=0.5453  test_acc=31.59%  (best 47.35 @ ep 39)  [8.8s]  [logged per-sample loss: mean=0.502]

saved /path/to/ciln-workspace/journal_edition/robustness_transfer/results_v4/erm/ours_v2_ccp_noisy__contrast_sev5__seed1.json: best 47.35% @ ep 39
