condition=ours_v2_ccp_noisy__shot_noise_sev5 seed=2 gpu=2
/path/to/ciln-workspace/venv/lib/python3.12/site-packages/torchvision/datasets/cifar.py:83: VisibleDeprecationWarning: dtype(): align should be passed as Python or NumPy boolean but got `align=0`. Did you mean to pass a tuple to create a subarray type? (Deprecated NumPy 2.4)
  entry = pickle.load(f, encoding="latin1")
image_source=noisy  N=17469  noise_rate=50.97%
  ep   0: R(t)=1.000  acc1=19.17%  acc2=15.50%  ens=17.34%  (best 17.34 @ ep 0)  [6.8s]
  ep   1: R(t)=0.839  acc1=19.82%  acc2=20.13%  ens=19.97%  (best 19.97 @ ep 1)  [5.4s]
  ep   2: R(t)=0.772  acc1=22.36%  acc2=21.67%  ens=22.02%  (best 22.02 @ ep 2)  [5.6s]
  ep   3: R(t)=0.721  acc1=28.93%  acc2=25.53%  ens=27.23%  (best 27.23 @ ep 3)  [5.4s]
  ep   4: R(t)=0.678  acc1=27.05%  acc2=27.77%  ens=27.41%  (best 27.41 @ ep 4)  [5.5s]
  ep   5: R(t)=0.640  acc1=21.35%  acc2=23.58%  ens=22.47%  (best 27.41 @ ep 4)  [8.1s]  [sel1+2: prec=0.438, recall_clean=0.595]
  ep   6: R(t)=0.605  acc1=30.98%  acc2=28.66%  ens=29.82%  (best 29.82 @ ep 6)  [5.6s]
  ep   7: R(t)=0.574  acc1=26.56%  acc2=30.93%  ens=28.74%  (best 29.82 @ ep 6)  [5.6s]
  ep   8: R(t)=0.544  acc1=23.96%  acc2=19.43%  ens=21.70%  (best 29.82 @ ep 6)  [5.3s]
  ep   9: R(t)=0.516  acc1=24.10%  acc2=22.54%  ens=23.32%  (best 29.82 @ ep 6)  [16.4s]
  ep  10: R(t)=0.490  acc1=27.13%  acc2=19.74%  ens=23.43%  (best 29.82 @ ep 6)  [23.5s]  [sel1+2: prec=0.441, recall_clean=0.468]
  ep  11: R(t)=0.490  acc1=28.22%  acc2=20.35%  ens=24.29%  (best 29.82 @ ep 6)  [16.4s]
  ep  12: R(t)=0.490  acc1=31.21%  acc2=26.65%  ens=28.93%  (best 29.82 @ ep 6)  [17.4s]
  ep  13: R(t)=0.490  acc1=25.69%  acc2=24.73%  ens=25.21%  (best 29.82 @ ep 6)  [18.4s]
  ep  14: R(t)=0.490  acc1=27.23%  acc2=29.03%  ens=28.13%  (best 29.82 @ ep 6)  [16.4s]
  ep  15: R(t)=0.490  acc1=31.57%  acc2=27.11%  ens=29.34%  (best 29.82 @ ep 6)  [15.4s]
  ep  16: R(t)=0.490  acc1=25.23%  acc2=25.72%  ens=25.48%  (best 29.82 @ ep 6)  [15.9s]
  ep  17: R(t)=0.490  acc1=34.73%  acc2=29.00%  ens=31.86%  (best 31.86 @ ep 17)  [13.5s]
  ep  18: R(t)=0.490  acc1=33.04%  acc2=33.11%  ens=33.07%  (best 33.07 @ ep 18)  [5.4s]
  ep  19: R(t)=0.490  acc1=23.38%  acc2=23.32%  ens=23.35%  (best 33.07 @ ep 18)  [5.6s]
  ep  20: R(t)=0.490  acc1=28.63%  acc2=29.72%  ens=29.18%  (best 33.07 @ ep 18)  [8.2s]  [sel1+2: prec=0.474, recall_clean=0.501]
  ep  21: R(t)=0.490  acc1=23.30%  acc2=28.74%  ens=26.02%  (best 33.07 @ ep 18)  [5.4s]
  ep  22: R(t)=0.490  acc1=26.58%  acc2=26.31%  ens=26.44%  (best 33.07 @ ep 18)  [5.3s]
  ep  23: R(t)=0.490  acc1=30.05%  acc2=27.50%  ens=28.78%  (best 33.07 @ ep 18)  [5.8s]
  ep  24: R(t)=0.490  acc1=30.44%  acc2=29.51%  ens=29.97%  (best 33.07 @ ep 18)  [5.4s]
  ep  25: R(t)=0.490  acc1=27.13%  acc2=26.54%  ens=26.83%  (best 33.07 @ ep 18)  [5.5s]
  ep  26: R(t)=0.490  acc1=33.15%  acc2=31.92%  ens=32.54%  (best 33.07 @ ep 18)  [5.5s]
  ep  27: R(t)=0.490  acc1=30.26%  acc2=34.02%  ens=32.14%  (best 33.07 @ ep 18)  [5.4s]
  ep  28: R(t)=0.490  acc1=30.80%  acc2=30.72%  ens=30.76%  (best 33.07 @ ep 18)  [10.2s]
  ep  29: R(t)=0.490  acc1=28.60%  acc2=24.54%  ens=26.57%  (best 33.07 @ ep 18)  [15.2s]
  ep  30: R(t)=0.490  acc1=30.98%  acc2=30.23%  ens=30.61%  (best 33.07 @ ep 18)  [24.8s]  [sel1+2: prec=0.474, recall_clean=0.500]
  ep  31: R(t)=0.490  acc1=29.07%  acc2=28.38%  ens=28.73%  (best 33.07 @ ep 18)  [16.4s]
  ep  32: R(t)=0.490  acc1=30.98%  acc2=31.65%  ens=31.32%  (best 33.07 @ ep 18)  [15.7s]
  ep  33: R(t)=0.490  acc1=24.78%  acc2=28.21%  ens=26.50%  (best 33.07 @ ep 18)  [16.2s]
  ep  34: R(t)=0.490  acc1=31.25%  acc2=31.28%  ens=31.26%  (best 33.07 @ ep 18)  [15.9s]
  ep  35: R(t)=0.490  acc1=27.03%  acc2=24.65%  ens=25.84%  (best 33.07 @ ep 18)  [16.2s]
  ep  36: R(t)=0.490  acc1=29.37%  acc2=28.99%  ens=29.18%  (best 33.07 @ ep 18)  [14.5s]
  ep  37: R(t)=0.490  acc1=31.43%  acc2=31.45%  ens=31.44%  (best 33.07 @ ep 18)  [14.8s]
  ep  38: R(t)=0.490  acc1=27.32%  acc2=26.04%  ens=26.68%  (best 33.07 @ ep 18)  [13.3s]
  ep  39: R(t)=0.490  acc1=27.74%  acc2=27.61%  ens=27.68%  (best 33.07 @ ep 18)  [5.3s]
  ep  40: R(t)=0.490  acc1=30.80%  acc2=29.82%  ens=30.31%  (best 33.07 @ ep 18)  [5.7s]
  ep  41: R(t)=0.490  acc1=32.29%  acc2=34.55%  ens=33.42%  (best 33.42 @ ep 41)  [5.4s]
  ep  42: R(t)=0.490  acc1=29.46%  acc2=27.07%  ens=28.26%  (best 33.42 @ ep 41)  [5.6s]
  ep  43: R(t)=0.490  acc1=30.88%  acc2=28.55%  ens=29.72%  (best 33.42 @ ep 41)  [5.4s]
  ep  44: R(t)=0.490  acc1=26.59%  acc2=33.60%  ens=30.10%  (best 33.42 @ ep 41)  [5.5s]
  ep  45: R(t)=0.490  acc1=29.25%  acc2=31.79%  ens=30.52%  (best 33.42 @ ep 41)  [5.4s]
  ep  46: R(t)=0.490  acc1=28.82%  acc2=27.59%  ens=28.21%  (best 33.42 @ ep 41)  [5.9s]
  ep  47: R(t)=0.490  acc1=31.32%  acc2=29.34%  ens=30.33%  (best 33.42 @ ep 41)  [5.7s]
  ep  48: R(t)=0.490  acc1=30.43%  acc2=28.40%  ens=29.42%  (best 33.42 @ ep 41)  [5.5s]
  ep  49: R(t)=0.490  acc1=35.11%  acc2=33.76%  ens=34.44%  (best 34.44 @ ep 49)  [6.2s]
  ep  50: R(t)=0.490  acc1=31.94%  acc2=31.87%  ens=31.91%  (best 34.44 @ ep 49)  [22.2s]  [sel1+2: prec=0.486, recall_clean=0.510]
  ep  51: R(t)=0.490  acc1=30.38%  acc2=30.36%  ens=30.37%  (best 34.44 @ ep 49)  [18.0s]
  ep  52: R(t)=0.490  acc1=30.63%  acc2=31.54%  ens=31.09%  (best 34.44 @ ep 49)  [17.5s]
  ep  53: R(t)=0.490  acc1=28.66%  acc2=32.65%  ens=30.65%  (best 34.44 @ ep 49)  [13.1s]
  ep  54: R(t)=0.490  acc1=31.90%  acc2=33.12%  ens=32.51%  (best 34.44 @ ep 49)  [5.6s]
  ep  55: R(t)=0.490  acc1=30.15%  acc2=32.76%  ens=31.45%  (best 34.44 @ ep 49)  [5.7s]
  ep  56: R(t)=0.490  acc1=34.05%  acc2=32.45%  ens=33.25%  (best 34.44 @ ep 49)  [5.5s]
  ep  57: R(t)=0.490  acc1=31.06%  acc2=29.85%  ens=30.45%  (best 34.44 @ ep 49)  [5.3s]
  ep  58: R(t)=0.490  acc1=31.01%  acc2=31.93%  ens=31.47%  (best 34.44 @ ep 49)  [5.2s]
  ep  59: R(t)=0.490  acc1=30.16%  acc2=31.47%  ens=30.81%  (best 34.44 @ ep 49)  [5.4s]
  ep  60: R(t)=0.490  acc1=34.76%  acc2=33.16%  ens=33.96%  (best 34.44 @ ep 49)  [5.6s]
  ep  61: R(t)=0.490  acc1=32.46%  acc2=30.69%  ens=31.57%  (best 34.44 @ ep 49)  [5.6s]
  ep  62: R(t)=0.490  acc1=33.32%  acc2=35.11%  ens=34.22%  (best 34.44 @ ep 49)  [5.7s]
  ep  63: R(t)=0.490  acc1=29.23%  acc2=31.91%  ens=30.57%  (best 34.44 @ ep 49)  [5.2s]
  ep  64: R(t)=0.490  acc1=28.30%  acc2=30.49%  ens=29.39%  (best 34.44 @ ep 49)  [5.7s]
  ep  65: R(t)=0.490  acc1=33.45%  acc2=34.47%  ens=33.96%  (best 34.44 @ ep 49)  [14.6s]
  ep  66: R(t)=0.490  acc1=32.64%  acc2=31.44%  ens=32.04%  (best 34.44 @ ep 49)  [17.1s]
  ep  67: R(t)=0.490  acc1=33.87%  acc2=32.00%  ens=32.94%  (best 34.44 @ ep 49)  [15.4s]
  ep  68: R(t)=0.490  acc1=37.15%  acc2=35.97%  ens=36.56%  (best 36.56 @ ep 68)  [15.1s]
  ep  69: R(t)=0.490  acc1=33.77%  acc2=33.43%  ens=33.60%  (best 36.56 @ ep 68)  [13.2s]
  ep  70: R(t)=0.490  acc1=35.14%  acc2=35.01%  ens=35.08%  (best 36.56 @ ep 68)  [5.5s]
  ep  71: R(t)=0.490  acc1=32.34%  acc2=31.02%  ens=31.68%  (best 36.56 @ ep 68)  [5.5s]
  ep  72: R(t)=0.490  acc1=35.15%  acc2=35.03%  ens=35.09%  (best 36.56 @ ep 68)  [5.8s]
  ep  73: R(t)=0.490  acc1=32.68%  acc2=32.09%  ens=32.38%  (best 36.56 @ ep 68)  [5.5s]
  ep  74: R(t)=0.490  acc1=34.16%  acc2=33.23%  ens=33.70%  (best 36.56 @ ep 68)  [5.7s]
  ep  75: R(t)=0.490  acc1=34.18%  acc2=34.11%  ens=34.15%  (best 36.56 @ ep 68)  [8.0s]  [sel1+2: prec=0.499, recall_clean=0.518]
  ep  76: R(t)=0.490  acc1=34.12%  acc2=33.94%  ens=34.03%  (best 36.56 @ ep 68)  [5.5s]
  ep  77: R(t)=0.490  acc1=34.02%  acc2=33.50%  ens=33.76%  (best 36.56 @ ep 68)  [5.9s]
  ep  78: R(t)=0.490  acc1=33.43%  acc2=35.25%  ens=34.34%  (best 36.56 @ ep 68)  [5.7s]
  ep  79: R(t)=0.490  acc1=32.34%  acc2=32.60%  ens=32.47%  (best 36.56 @ ep 68)  [5.5s]
  ep  80: R(t)=0.490  acc1=35.24%  acc2=35.59%  ens=35.41%  (best 36.56 @ ep 68)  [10.2s]
  ep  81: R(t)=0.490  acc1=32.45%  acc2=33.97%  ens=33.21%  (best 36.56 @ ep 68)  [5.7s]
  ep  82: R(t)=0.490  acc1=34.88%  acc2=34.97%  ens=34.92%  (best 36.56 @ ep 68)  [5.8s]
  ep  83: R(t)=0.490  acc1=35.26%  acc2=34.31%  ens=34.78%  (best 36.56 @ ep 68)  [5.5s]
  ep  84: R(t)=0.490  acc1=34.40%  acc2=34.55%  ens=34.48%  (best 36.56 @ ep 68)  [5.5s]
  ep  85: R(t)=0.490  acc1=35.92%  acc2=35.19%  ens=35.56%  (best 36.56 @ ep 68)  [5.4s]
  ep  86: R(t)=0.490  acc1=34.36%  acc2=33.91%  ens=34.14%  (best 36.56 @ ep 68)  [5.6s]
  ep  87: R(t)=0.490  acc1=34.49%  acc2=34.83%  ens=34.66%  (best 36.56 @ ep 68)  [5.7s]
  ep  88: R(t)=0.490  acc1=33.14%  acc2=33.61%  ens=33.38%  (best 36.56 @ ep 68)  [5.5s]
  ep  89: R(t)=0.490  acc1=34.52%  acc2=34.77%  ens=34.65%  (best 36.56 @ ep 68)  [5.3s]
  ep  90: R(t)=0.490  acc1=34.06%  acc2=34.66%  ens=34.36%  (best 36.56 @ ep 68)  [5.4s]
  ep  91: R(t)=0.490  acc1=34.52%  acc2=34.89%  ens=34.70%  (best 36.56 @ ep 68)  [5.6s]
  ep  92: R(t)=0.490  acc1=34.03%  acc2=34.21%  ens=34.12%  (best 36.56 @ ep 68)  [13.4s]
  ep  93: R(t)=0.490  acc1=34.14%  acc2=34.49%  ens=34.31%  (best 36.56 @ ep 68)  [14.5s]
  ep  94: R(t)=0.490  acc1=33.83%  acc2=34.08%  ens=33.95%  (best 36.56 @ ep 68)  [14.5s]
  ep  95: R(t)=0.490  acc1=34.21%  acc2=34.56%  ens=34.38%  (best 36.56 @ ep 68)  [13.8s]
  ep  96: R(t)=0.490  acc1=34.05%  acc2=34.62%  ens=34.34%  (best 36.56 @ ep 68)  [15.4s]
  ep  97: R(t)=0.490  acc1=34.50%  acc2=35.06%  ens=34.78%  (best 36.56 @ ep 68)  [14.6s]
  ep  98: R(t)=0.490  acc1=34.76%  acc2=35.24%  ens=35.00%  (best 36.56 @ ep 68)  [13.2s]
  ep  99: R(t)=0.490  acc1=34.44%  acc2=34.82%  ens=34.63%  (best 36.56 @ ep 68)  [8.3s]  [sel1+2: prec=0.514, recall_clean=0.527]

saved /path/to/ciln-workspace/journal_edition/robustness_transfer/results_v4/coteaching/ours_v2_ccp_noisy__shot_noise_sev5__seed2.json: best ens-acc 36.56% @ ep 68
