condition=ours_v2_ccp_clean__contrast_sev5 seed=0 gpu=1
/path/to/ciln-workspace/venv/lib/python3.12/site-packages/torchvision/datasets/cifar.py:83: VisibleDeprecationWarning: dtype(): align should be passed as Python or NumPy boolean but got `align=0`. Did you mean to pass a tuple to create a subarray type? (Deprecated NumPy 2.4)
  entry = pickle.load(f, encoding="latin1")
image_source=clean  N=17469  noise_rate=43.68%
  ep   0: loss=1.8327  test_acc=25.65%  (best 25.65 @ ep 0)  [3.8s]
  ep   1: loss=1.6679  test_acc=23.84%  (best 25.65 @ ep 0)  [3.3s]
  ep   2: loss=1.6025  test_acc=27.54%  (best 27.54 @ ep 2)  [3.1s]
  ep   3: loss=1.5492  test_acc=30.40%  (best 30.40 @ ep 3)  [3.0s]
  ep   4: loss=1.5012  test_acc=30.07%  (best 30.40 @ ep 3)  [3.1s]
  ep   5: loss=1.4680  test_acc=33.23%  (best 33.23 @ ep 5)  [4.7s]  [logged per-sample loss: mean=1.485]
  ep   6: loss=1.4253  test_acc=34.26%  (best 34.26 @ ep 6)  [3.1s]
  ep   7: loss=1.3950  test_acc=36.23%  (best 36.23 @ ep 7)  [3.1s]
  ep   8: loss=1.3646  test_acc=41.90%  (best 41.90 @ ep 8)  [3.1s]
  ep   9: loss=1.3468  test_acc=41.72%  (best 41.90 @ ep 8)  [3.2s]
  ep  10: loss=1.3203  test_acc=38.11%  (best 41.90 @ ep 8)  [4.8s]  [logged per-sample loss: mean=1.402]
  ep  11: loss=1.3087  test_acc=45.05%  (best 45.05 @ ep 11)  [3.3s]
  ep  12: loss=1.3048  test_acc=43.33%  (best 45.05 @ ep 11)  [3.2s]
  ep  13: loss=1.2799  test_acc=33.53%  (best 45.05 @ ep 11)  [3.2s]
  ep  14: loss=1.2698  test_acc=36.57%  (best 45.05 @ ep 11)  [3.0s]
  ep  15: loss=1.2541  test_acc=51.67%  (best 51.67 @ ep 15)  [3.2s]
  ep  16: loss=1.2436  test_acc=48.89%  (best 51.67 @ ep 15)  [8.0s]
  ep  17: loss=1.2447  test_acc=44.08%  (best 51.67 @ ep 15)  [7.7s]
  ep  18: loss=1.2234  test_acc=48.52%  (best 51.67 @ ep 15)  [7.5s]
  ep  19: loss=1.2250  test_acc=39.92%  (best 51.67 @ ep 15)  [7.4s]
  ep  20: loss=1.2081  test_acc=50.46%  (best 51.67 @ ep 15)  [10.4s]  [logged per-sample loss: mean=1.297]
  ep  21: loss=1.2031  test_acc=48.99%  (best 51.67 @ ep 15)  [7.6s]
  ep  22: loss=1.1976  test_acc=38.11%  (best 51.67 @ ep 15)  [8.3s]
  ep  23: loss=1.1925  test_acc=44.35%  (best 51.67 @ ep 15)  [7.8s]
  ep  24: loss=1.1829  test_acc=52.68%  (best 52.68 @ ep 24)  [8.0s]
  ep  25: loss=1.1768  test_acc=46.46%  (best 52.68 @ ep 24)  [8.6s]
  ep  26: loss=1.1644  test_acc=47.43%  (best 52.68 @ ep 24)  [7.8s]
  ep  27: loss=1.1667  test_acc=38.35%  (best 52.68 @ ep 24)  [8.0s]
  ep  28: loss=1.1597  test_acc=46.72%  (best 52.68 @ ep 24)  [8.4s]
  ep  29: loss=1.1479  test_acc=53.41%  (best 53.41 @ ep 29)  [7.6s]
  ep  30: loss=1.1491  test_acc=51.44%  (best 53.41 @ ep 29)  [9.8s]  [logged per-sample loss: mean=1.224]
  ep  31: loss=1.1415  test_acc=47.09%  (best 53.41 @ ep 29)  [7.6s]
  ep  32: loss=1.1344  test_acc=52.61%  (best 53.41 @ ep 29)  [8.2s]
  ep  33: loss=1.1356  test_acc=55.50%  (best 55.50 @ ep 33)  [8.9s]
  ep  34: loss=1.1332  test_acc=46.94%  (best 55.50 @ ep 33)  [7.3s]
  ep  35: loss=1.1213  test_acc=42.76%  (best 55.50 @ ep 33)  [8.1s]
  ep  36: loss=1.1180  test_acc=47.40%  (best 55.50 @ ep 33)  [9.1s]
  ep  37: loss=1.1050  test_acc=44.37%  (best 55.50 @ ep 33)  [8.2s]
  ep  38: loss=1.1075  test_acc=44.60%  (best 55.50 @ ep 33)  [7.6s]
  ep  39: loss=1.0990  test_acc=48.63%  (best 55.50 @ ep 33)  [8.1s]
  ep  40: loss=1.0970  test_acc=45.78%  (best 55.50 @ ep 33)  [8.0s]
  ep  41: loss=1.0887  test_acc=42.85%  (best 55.50 @ ep 33)  [8.4s]
  ep  42: loss=1.0780  test_acc=44.98%  (best 55.50 @ ep 33)  [7.2s]
  ep  43: loss=1.0770  test_acc=49.75%  (best 55.50 @ ep 33)  [7.6s]
  ep  44: loss=1.0678  test_acc=53.22%  (best 55.50 @ ep 33)  [8.3s]
  ep  45: loss=1.0661  test_acc=52.56%  (best 55.50 @ ep 33)  [8.5s]
  ep  46: loss=1.0484  test_acc=54.88%  (best 55.50 @ ep 33)  [9.0s]
  ep  47: loss=1.0503  test_acc=51.24%  (best 55.50 @ ep 33)  [8.3s]
  ep  48: loss=1.0457  test_acc=45.24%  (best 55.50 @ ep 33)  [8.8s]
  ep  49: loss=1.0422  test_acc=55.78%  (best 55.78 @ ep 49)  [7.5s]
  ep  50: loss=1.0195  test_acc=48.87%  (best 55.78 @ ep 49)  [10.7s]  [logged per-sample loss: mean=1.020]
  ep  51: loss=1.0222  test_acc=50.29%  (best 55.78 @ ep 49)  [6.1s]
  ep  52: loss=1.0096  test_acc=49.14%  (best 55.78 @ ep 49)  [3.3s]
  ep  53: loss=1.0117  test_acc=48.00%  (best 55.78 @ ep 49)  [3.2s]
  ep  54: loss=0.9940  test_acc=57.05%  (best 57.05 @ ep 54)  [3.1s]
  ep  55: loss=0.9831  test_acc=50.36%  (best 57.05 @ ep 54)  [3.0s]
  ep  56: loss=0.9754  test_acc=50.27%  (best 57.05 @ ep 54)  [3.1s]
  ep  57: loss=0.9736  test_acc=48.13%  (best 57.05 @ ep 54)  [3.2s]
  ep  58: loss=0.9675  test_acc=53.62%  (best 57.05 @ ep 54)  [3.3s]
  ep  59: loss=0.9477  test_acc=41.49%  (best 57.05 @ ep 54)  [3.1s]
  ep  60: loss=0.9456  test_acc=51.04%  (best 57.05 @ ep 54)  [3.3s]
  ep  61: loss=0.9351  test_acc=51.82%  (best 57.05 @ ep 54)  [3.1s]
  ep  62: loss=0.9250  test_acc=52.34%  (best 57.05 @ ep 54)  [3.0s]
  ep  63: loss=0.9034  test_acc=45.34%  (best 57.05 @ ep 54)  [3.1s]
  ep  64: loss=0.9013  test_acc=52.66%  (best 57.05 @ ep 54)  [3.2s]
  ep  65: loss=0.8891  test_acc=52.20%  (best 57.05 @ ep 54)  [3.0s]
  ep  66: loss=0.8649  test_acc=49.21%  (best 57.05 @ ep 54)  [3.2s]
  ep  67: loss=0.8579  test_acc=42.50%  (best 57.05 @ ep 54)  [3.2s]
  ep  68: loss=0.8501  test_acc=48.58%  (best 57.05 @ ep 54)  [3.2s]
  ep  69: loss=0.8301  test_acc=48.66%  (best 57.05 @ ep 54)  [3.1s]
  ep  70: loss=0.8142  test_acc=51.77%  (best 57.05 @ ep 54)  [3.0s]
  ep  71: loss=0.8026  test_acc=47.60%  (best 57.05 @ ep 54)  [3.7s]
  ep  72: loss=0.7932  test_acc=51.68%  (best 57.05 @ ep 54)  [7.1s]
  ep  73: loss=0.7808  test_acc=47.07%  (best 57.05 @ ep 54)  [7.0s]
  ep  74: loss=0.7553  test_acc=51.35%  (best 57.05 @ ep 54)  [7.6s]
  ep  75: loss=0.7285  test_acc=49.70%  (best 57.05 @ ep 54)  [4.6s]  [logged per-sample loss: mean=0.724]
  ep  76: loss=0.7237  test_acc=52.11%  (best 57.05 @ ep 54)  [3.1s]
  ep  77: loss=0.7069  test_acc=54.90%  (best 57.05 @ ep 54)  [3.2s]
  ep  78: loss=0.6859  test_acc=46.55%  (best 57.05 @ ep 54)  [3.2s]
  ep  79: loss=0.6612  test_acc=49.31%  (best 57.05 @ ep 54)  [3.2s]
  ep  80: loss=0.6326  test_acc=52.45%  (best 57.05 @ ep 54)  [3.3s]
  ep  81: loss=0.6170  test_acc=49.90%  (best 57.05 @ ep 54)  [3.3s]
  ep  82: loss=0.5862  test_acc=51.15%  (best 57.05 @ ep 54)  [3.1s]
  ep  83: loss=0.5744  test_acc=45.80%  (best 57.05 @ ep 54)  [3.0s]
  ep  84: loss=0.5531  test_acc=47.86%  (best 57.05 @ ep 54)  [3.1s]
  ep  85: loss=0.5346  test_acc=51.34%  (best 57.05 @ ep 54)  [3.0s]
  ep  86: loss=0.5149  test_acc=50.72%  (best 57.05 @ ep 54)  [3.1s]
  ep  87: loss=0.4936  test_acc=53.19%  (best 57.05 @ ep 54)  [3.0s]
  ep  88: loss=0.4720  test_acc=50.36%  (best 57.05 @ ep 54)  [3.0s]
  ep  89: loss=0.4560  test_acc=50.21%  (best 57.05 @ ep 54)  [3.0s]
  ep  90: loss=0.4388  test_acc=48.89%  (best 57.05 @ ep 54)  [3.2s]
  ep  91: loss=0.4215  test_acc=50.78%  (best 57.05 @ ep 54)  [3.0s]
  ep  92: loss=0.4082  test_acc=50.66%  (best 57.05 @ ep 54)  [3.2s]
  ep  93: loss=0.4000  test_acc=50.90%  (best 57.05 @ ep 54)  [3.0s]
  ep  94: loss=0.3830  test_acc=50.11%  (best 57.05 @ ep 54)  [3.8s]
  ep  95: loss=0.3759  test_acc=50.86%  (best 57.05 @ ep 54)  [6.3s]
  ep  96: loss=0.3615  test_acc=50.03%  (best 57.05 @ ep 54)  [6.8s]
  ep  97: loss=0.3724  test_acc=49.88%  (best 57.05 @ ep 54)  [6.7s]
  ep  98: loss=0.3676  test_acc=50.79%  (best 57.05 @ ep 54)  [7.3s]
  ep  99: loss=0.3609  test_acc=50.52%  (best 57.05 @ ep 54)  [4.4s]  [logged per-sample loss: mean=0.318]

saved /path/to/ciln-workspace/journal_edition/robustness_transfer/results_v4/erm/ours_v2_ccp_clean__contrast_sev5__seed0.json: best 57.05% @ ep 54
