condition=ours_v2_ccp_clean__contrast_sev5 seed=1 gpu=1
/path/to/ciln-workspace/venv/lib/python3.12/site-packages/torchvision/datasets/cifar.py:83: VisibleDeprecationWarning: dtype(): align should be passed as Python or NumPy boolean but got `align=0`. Did you mean to pass a tuple to create a subarray type? (Deprecated NumPy 2.4)
  entry = pickle.load(f, encoding="latin1")
image_source=clean  N=17469  noise_rate=43.68%
  ep   0: loss=1.8332  test_acc=14.95%  (best 14.95 @ ep 0)  [3.8s]
  ep   1: loss=1.6536  test_acc=25.20%  (best 25.20 @ ep 1)  [2.9s]
  ep   2: loss=1.5889  test_acc=28.72%  (best 28.72 @ ep 2)  [3.0s]
  ep   3: loss=1.5313  test_acc=29.05%  (best 29.05 @ ep 3)  [3.2s]
  ep   4: loss=1.4878  test_acc=32.01%  (best 32.01 @ ep 4)  [3.3s]
  ep   5: loss=1.4308  test_acc=36.97%  (best 36.97 @ ep 5)  [4.4s]  [logged per-sample loss: mean=1.405]
  ep   6: loss=1.3905  test_acc=38.89%  (best 38.89 @ ep 6)  [3.1s]
  ep   7: loss=1.3720  test_acc=36.11%  (best 38.89 @ ep 6)  [3.1s]
  ep   8: loss=1.3511  test_acc=38.05%  (best 38.89 @ ep 6)  [3.0s]
  ep   9: loss=1.3349  test_acc=44.47%  (best 44.47 @ ep 9)  [2.9s]
  ep  10: loss=1.3241  test_acc=29.16%  (best 44.47 @ ep 9)  [4.8s]  [logged per-sample loss: mean=1.544]
  ep  11: loss=1.3129  test_acc=40.78%  (best 44.47 @ ep 9)  [3.3s]
  ep  12: loss=1.3040  test_acc=36.09%  (best 44.47 @ ep 9)  [3.2s]
  ep  13: loss=1.2855  test_acc=43.65%  (best 44.47 @ ep 9)  [3.1s]
  ep  14: loss=1.2784  test_acc=49.22%  (best 49.22 @ ep 14)  [3.1s]
  ep  15: loss=1.2605  test_acc=46.10%  (best 49.22 @ ep 14)  [7.8s]
  ep  16: loss=1.2644  test_acc=50.28%  (best 50.28 @ ep 16)  [7.8s]
  ep  17: loss=1.2448  test_acc=42.73%  (best 50.28 @ ep 16)  [8.0s]
  ep  18: loss=1.2407  test_acc=47.66%  (best 50.28 @ ep 16)  [8.3s]
  ep  19: loss=1.2336  test_acc=41.26%  (best 50.28 @ ep 16)  [7.6s]
  ep  20: loss=1.2201  test_acc=47.12%  (best 50.28 @ ep 16)  [10.3s]  [logged per-sample loss: mean=1.217]
  ep  21: loss=1.2148  test_acc=35.26%  (best 50.28 @ ep 16)  [7.6s]
  ep  22: loss=1.2083  test_acc=46.30%  (best 50.28 @ ep 16)  [7.5s]
  ep  23: loss=1.2029  test_acc=48.71%  (best 50.28 @ ep 16)  [7.7s]
  ep  24: loss=1.1988  test_acc=50.39%  (best 50.39 @ ep 24)  [8.2s]
  ep  25: loss=1.1847  test_acc=47.25%  (best 50.39 @ ep 24)  [8.3s]
  ep  26: loss=1.1741  test_acc=49.13%  (best 50.39 @ ep 24)  [7.5s]
  ep  27: loss=1.1843  test_acc=46.62%  (best 50.39 @ ep 24)  [3.0s]
  ep  28: loss=1.1681  test_acc=41.85%  (best 50.39 @ ep 24)  [3.1s]
  ep  29: loss=1.1617  test_acc=36.75%  (best 50.39 @ ep 24)  [3.1s]
  ep  30: loss=1.1574  test_acc=48.08%  (best 50.39 @ ep 24)  [4.5s]  [logged per-sample loss: mean=1.251]
  ep  31: loss=1.1493  test_acc=51.62%  (best 51.62 @ ep 31)  [3.0s]
  ep  32: loss=1.1421  test_acc=35.85%  (best 51.62 @ ep 31)  [3.1s]
  ep  33: loss=1.1368  test_acc=47.37%  (best 51.62 @ ep 31)  [3.0s]
  ep  34: loss=1.1335  test_acc=53.55%  (best 53.55 @ ep 34)  [3.0s]
  ep  35: loss=1.1363  test_acc=57.59%  (best 57.59 @ ep 35)  [3.2s]
  ep  36: loss=1.1213  test_acc=52.69%  (best 57.59 @ ep 35)  [3.0s]
  ep  37: loss=1.1163  test_acc=46.33%  (best 57.59 @ ep 35)  [3.0s]
  ep  38: loss=1.1115  test_acc=51.77%  (best 57.59 @ ep 35)  [3.2s]
  ep  39: loss=1.1093  test_acc=50.98%  (best 57.59 @ ep 35)  [3.1s]
  ep  40: loss=1.1019  test_acc=46.83%  (best 57.59 @ ep 35)  [3.1s]
  ep  41: loss=1.0896  test_acc=44.01%  (best 57.59 @ ep 35)  [3.1s]
  ep  42: loss=1.0884  test_acc=52.05%  (best 57.59 @ ep 35)  [3.3s]
  ep  43: loss=1.0757  test_acc=51.48%  (best 57.59 @ ep 35)  [3.3s]
  ep  44: loss=1.0813  test_acc=53.13%  (best 57.59 @ ep 35)  [3.1s]
  ep  45: loss=1.0745  test_acc=42.90%  (best 57.59 @ ep 35)  [3.2s]
  ep  46: loss=1.0566  test_acc=48.33%  (best 57.59 @ ep 35)  [3.2s]
  ep  47: loss=1.0551  test_acc=46.00%  (best 57.59 @ ep 35)  [8.7s]
  ep  48: loss=1.0508  test_acc=57.50%  (best 57.59 @ ep 35)  [6.8s]
  ep  49: loss=1.0404  test_acc=49.99%  (best 57.59 @ ep 35)  [3.3s]
  ep  50: loss=1.0317  test_acc=40.88%  (best 57.59 @ ep 35)  [4.4s]  [logged per-sample loss: mean=1.125]
  ep  51: loss=1.0305  test_acc=46.95%  (best 57.59 @ ep 35)  [3.2s]
  ep  52: loss=1.0189  test_acc=49.11%  (best 57.59 @ ep 35)  [3.2s]
  ep  53: loss=1.0143  test_acc=44.44%  (best 57.59 @ ep 35)  [3.0s]
  ep  54: loss=1.0145  test_acc=45.04%  (best 57.59 @ ep 35)  [3.0s]
  ep  55: loss=0.9977  test_acc=53.88%  (best 57.59 @ ep 35)  [3.2s]
  ep  56: loss=0.9854  test_acc=49.96%  (best 57.59 @ ep 35)  [3.0s]
  ep  57: loss=0.9827  test_acc=46.75%  (best 57.59 @ ep 35)  [3.3s]
  ep  58: loss=0.9687  test_acc=46.37%  (best 57.59 @ ep 35)  [3.1s]
  ep  59: loss=0.9666  test_acc=54.22%  (best 57.59 @ ep 35)  [3.1s]
  ep  60: loss=0.9494  test_acc=43.49%  (best 57.59 @ ep 35)  [3.1s]
  ep  61: loss=0.9390  test_acc=53.78%  (best 57.59 @ ep 35)  [2.9s]
  ep  62: loss=0.9266  test_acc=45.86%  (best 57.59 @ ep 35)  [3.1s]
  ep  63: loss=0.9199  test_acc=45.40%  (best 57.59 @ ep 35)  [3.0s]
  ep  64: loss=0.9087  test_acc=46.78%  (best 57.59 @ ep 35)  [3.1s]
  ep  65: loss=0.8933  test_acc=53.67%  (best 57.59 @ ep 35)  [3.0s]
  ep  66: loss=0.8900  test_acc=49.53%  (best 57.59 @ ep 35)  [3.0s]
  ep  67: loss=0.8720  test_acc=47.39%  (best 57.59 @ ep 35)  [3.0s]
  ep  68: loss=0.8603  test_acc=50.39%  (best 57.59 @ ep 35)  [4.9s]
  ep  69: loss=0.8393  test_acc=48.50%  (best 57.59 @ ep 35)  [6.5s]
  ep  70: loss=0.8274  test_acc=49.58%  (best 57.59 @ ep 35)  [3.1s]
  ep  71: loss=0.8159  test_acc=51.21%  (best 57.59 @ ep 35)  [3.1s]
  ep  72: loss=0.7922  test_acc=52.83%  (best 57.59 @ ep 35)  [3.1s]
  ep  73: loss=0.7825  test_acc=49.95%  (best 57.59 @ ep 35)  [3.1s]
  ep  74: loss=0.7771  test_acc=53.87%  (best 57.59 @ ep 35)  [3.1s]
  ep  75: loss=0.7494  test_acc=52.78%  (best 57.59 @ ep 35)  [4.4s]  [logged per-sample loss: mean=0.730]
  ep  76: loss=0.7363  test_acc=50.29%  (best 57.59 @ ep 35)  [3.0s]
  ep  77: loss=0.7117  test_acc=49.74%  (best 57.59 @ ep 35)  [3.1s]
  ep  78: loss=0.6929  test_acc=47.42%  (best 57.59 @ ep 35)  [3.0s]
  ep  79: loss=0.6631  test_acc=46.59%  (best 57.59 @ ep 35)  [2.9s]
  ep  80: loss=0.6541  test_acc=53.89%  (best 57.59 @ ep 35)  [3.1s]
  ep  81: loss=0.6283  test_acc=52.62%  (best 57.59 @ ep 35)  [3.0s]
  ep  82: loss=0.6120  test_acc=50.62%  (best 57.59 @ ep 35)  [3.1s]
  ep  83: loss=0.5914  test_acc=52.59%  (best 57.59 @ ep 35)  [3.0s]
  ep  84: loss=0.5658  test_acc=50.03%  (best 57.59 @ ep 35)  [3.1s]
  ep  85: loss=0.5391  test_acc=51.71%  (best 57.59 @ ep 35)  [3.0s]
  ep  86: loss=0.5177  test_acc=50.73%  (best 57.59 @ ep 35)  [2.9s]
  ep  87: loss=0.5053  test_acc=50.28%  (best 57.59 @ ep 35)  [3.0s]
  ep  88: loss=0.4867  test_acc=50.26%  (best 57.59 @ ep 35)  [3.1s]
  ep  89: loss=0.4677  test_acc=49.18%  (best 57.59 @ ep 35)  [5.3s]
  ep  90: loss=0.4485  test_acc=48.98%  (best 57.59 @ ep 35)  [6.8s]
  ep  91: loss=0.4285  test_acc=49.50%  (best 57.59 @ ep 35)  [6.8s]
  ep  92: loss=0.4121  test_acc=49.79%  (best 57.59 @ ep 35)  [6.7s]
  ep  93: loss=0.4061  test_acc=50.30%  (best 57.59 @ ep 35)  [6.7s]
  ep  94: loss=0.3929  test_acc=50.30%  (best 57.59 @ ep 35)  [6.8s]
  ep  95: loss=0.3875  test_acc=49.70%  (best 57.59 @ ep 35)  [6.7s]
  ep  96: loss=0.3875  test_acc=49.74%  (best 57.59 @ ep 35)  [6.8s]
  ep  97: loss=0.3741  test_acc=49.67%  (best 57.59 @ ep 35)  [6.7s]
  ep  98: loss=0.3693  test_acc=49.88%  (best 57.59 @ ep 35)  [6.8s]
  ep  99: loss=0.3681  test_acc=49.79%  (best 57.59 @ ep 35)  [9.2s]  [logged per-sample loss: mean=0.323]

saved /path/to/ciln-workspace/journal_edition/robustness_transfer/results_v4/erm/ours_v2_ccp_clean__contrast_sev5__seed1.json: best 57.59% @ ep 35
