condition=ours_v2_ccp_noisy__contrast_sev5 seed=0 gpu=2
/path/to/ciln-workspace/venv/lib/python3.12/site-packages/torchvision/datasets/cifar.py:83: VisibleDeprecationWarning: dtype(): align should be passed as Python or NumPy boolean but got `align=0`. Did you mean to pass a tuple to create a subarray type? (Deprecated NumPy 2.4)
  entry = pickle.load(f, encoding="latin1")
image_source=noisy  N=17469  noise_rate=43.68%
  ep   0: loss=1.9163  test_acc=19.26%  (best 19.26 @ ep 0)  [3.9s]
  ep   1: loss=1.8369  test_acc=17.62%  (best 19.26 @ ep 0)  [3.0s]
  ep   2: loss=1.8177  test_acc=19.63%  (best 19.63 @ ep 2)  [3.1s]
  ep   3: loss=1.8061  test_acc=19.07%  (best 19.63 @ ep 2)  [3.1s]
  ep   4: loss=1.8007  test_acc=19.44%  (best 19.63 @ ep 2)  [3.0s]
  ep   5: loss=1.7961  test_acc=18.17%  (best 19.63 @ ep 2)  [4.4s]  [logged per-sample loss: mean=1.797]
  ep   6: loss=1.7802  test_acc=18.21%  (best 19.63 @ ep 2)  [3.1s]
  ep   7: loss=1.7624  test_acc=18.58%  (best 19.63 @ ep 2)  [3.0s]
  ep   8: loss=1.7506  test_acc=17.49%  (best 19.63 @ ep 2)  [3.1s]
  ep   9: loss=1.7344  test_acc=19.35%  (best 19.63 @ ep 2)  [3.1s]
  ep  10: loss=1.7132  test_acc=17.70%  (best 19.63 @ ep 2)  [4.4s]  [logged per-sample loss: mean=1.687]
  ep  11: loss=1.6991  test_acc=15.49%  (best 19.63 @ ep 2)  [3.1s]
  ep  12: loss=1.6820  test_acc=18.53%  (best 19.63 @ ep 2)  [3.2s]
  ep  13: loss=1.6563  test_acc=20.24%  (best 20.24 @ ep 13)  [3.0s]
  ep  14: loss=1.6384  test_acc=21.21%  (best 21.21 @ ep 14)  [2.9s]
  ep  15: loss=1.6230  test_acc=14.05%  (best 21.21 @ ep 14)  [3.2s]
  ep  16: loss=1.6121  test_acc=19.79%  (best 21.21 @ ep 14)  [3.4s]
  ep  17: loss=1.5880  test_acc=17.96%  (best 21.21 @ ep 14)  [7.8s]
  ep  18: loss=1.5659  test_acc=18.47%  (best 21.21 @ ep 14)  [7.7s]
  ep  19: loss=1.5492  test_acc=17.21%  (best 21.21 @ ep 14)  [7.3s]
  ep  20: loss=1.5269  test_acc=21.27%  (best 21.27 @ ep 20)  [9.6s]  [logged per-sample loss: mean=1.529]
  ep  21: loss=1.5142  test_acc=14.11%  (best 21.27 @ ep 20)  [8.3s]
  ep  22: loss=1.4924  test_acc=25.80%  (best 25.80 @ ep 22)  [7.6s]
  ep  23: loss=1.4765  test_acc=24.68%  (best 25.80 @ ep 22)  [8.1s]
  ep  24: loss=1.4629  test_acc=22.23%  (best 25.80 @ ep 22)  [7.7s]
  ep  25: loss=1.4443  test_acc=16.42%  (best 25.80 @ ep 22)  [8.0s]
  ep  26: loss=1.4302  test_acc=23.53%  (best 25.80 @ ep 22)  [8.6s]
  ep  27: loss=1.4113  test_acc=36.19%  (best 36.19 @ ep 27)  [7.8s]
  ep  28: loss=1.4004  test_acc=24.36%  (best 36.19 @ ep 27)  [8.0s]
  ep  29: loss=1.3738  test_acc=36.82%  (best 36.82 @ ep 29)  [8.3s]
  ep  30: loss=1.3572  test_acc=39.11%  (best 39.11 @ ep 30)  [9.8s]  [logged per-sample loss: mean=1.518]
  ep  31: loss=1.3390  test_acc=43.06%  (best 43.06 @ ep 31)  [7.6s]
  ep  32: loss=1.3278  test_acc=39.98%  (best 43.06 @ ep 31)  [7.7s]
  ep  33: loss=1.3197  test_acc=35.57%  (best 43.06 @ ep 31)  [8.1s]
  ep  34: loss=1.3041  test_acc=27.56%  (best 43.06 @ ep 31)  [9.0s]
  ep  35: loss=1.2893  test_acc=41.39%  (best 43.06 @ ep 31)  [7.3s]
  ep  36: loss=1.2800  test_acc=37.20%  (best 43.06 @ ep 31)  [8.1s]
  ep  37: loss=1.2585  test_acc=43.38%  (best 43.38 @ ep 37)  [9.1s]
  ep  38: loss=1.2484  test_acc=40.08%  (best 43.38 @ ep 37)  [8.2s]
  ep  39: loss=1.2401  test_acc=37.96%  (best 43.38 @ ep 37)  [7.7s]
  ep  40: loss=1.2201  test_acc=39.67%  (best 43.38 @ ep 37)  [8.2s]
  ep  41: loss=1.2195  test_acc=41.84%  (best 43.38 @ ep 37)  [8.0s]
  ep  42: loss=1.2041  test_acc=38.87%  (best 43.38 @ ep 37)  [8.3s]
  ep  43: loss=1.2018  test_acc=35.55%  (best 43.38 @ ep 37)  [7.3s]
  ep  44: loss=1.1952  test_acc=40.26%  (best 43.38 @ ep 37)  [7.5s]
  ep  45: loss=1.1833  test_acc=51.34%  (best 51.34 @ ep 45)  [8.2s]
  ep  46: loss=1.1681  test_acc=40.27%  (best 51.34 @ ep 45)  [8.5s]
  ep  47: loss=1.1625  test_acc=37.98%  (best 51.34 @ ep 45)  [9.0s]
  ep  48: loss=1.1516  test_acc=42.48%  (best 51.34 @ ep 45)  [8.4s]
  ep  49: loss=1.1493  test_acc=41.64%  (best 51.34 @ ep 45)  [8.7s]
  ep  50: loss=1.1263  test_acc=41.72%  (best 51.34 @ ep 45)  [9.4s]  [logged per-sample loss: mean=1.180]
  ep  51: loss=1.1345  test_acc=46.58%  (best 51.34 @ ep 45)  [8.1s]
  ep  52: loss=1.1253  test_acc=40.23%  (best 51.34 @ ep 45)  [6.3s]
  ep  53: loss=1.1177  test_acc=48.88%  (best 51.34 @ ep 45)  [3.0s]
  ep  54: loss=1.1067  test_acc=41.65%  (best 51.34 @ ep 45)  [2.9s]
  ep  55: loss=1.0917  test_acc=35.51%  (best 51.34 @ ep 45)  [3.3s]
  ep  56: loss=1.0848  test_acc=46.61%  (best 51.34 @ ep 45)  [3.3s]
  ep  57: loss=1.0706  test_acc=37.97%  (best 51.34 @ ep 45)  [3.2s]
  ep  58: loss=1.0713  test_acc=42.43%  (best 51.34 @ ep 45)  [3.0s]
  ep  59: loss=1.0603  test_acc=38.01%  (best 51.34 @ ep 45)  [3.2s]
  ep  60: loss=1.0533  test_acc=41.96%  (best 51.34 @ ep 45)  [3.3s]
  ep  61: loss=1.0427  test_acc=40.36%  (best 51.34 @ ep 45)  [3.0s]
  ep  62: loss=1.0322  test_acc=41.57%  (best 51.34 @ ep 45)  [3.2s]
  ep  63: loss=1.0210  test_acc=43.67%  (best 51.34 @ ep 45)  [3.0s]
  ep  64: loss=1.0144  test_acc=45.59%  (best 51.34 @ ep 45)  [3.1s]
  ep  65: loss=1.0025  test_acc=42.57%  (best 51.34 @ ep 45)  [2.9s]
  ep  66: loss=0.9836  test_acc=26.56%  (best 51.34 @ ep 45)  [3.2s]
  ep  67: loss=0.9785  test_acc=46.47%  (best 51.34 @ ep 45)  [2.9s]
  ep  68: loss=0.9685  test_acc=45.40%  (best 51.34 @ ep 45)  [3.0s]
  ep  69: loss=0.9478  test_acc=40.95%  (best 51.34 @ ep 45)  [2.9s]
  ep  70: loss=0.9374  test_acc=42.22%  (best 51.34 @ ep 45)  [2.9s]
  ep  71: loss=0.9245  test_acc=42.47%  (best 51.34 @ ep 45)  [3.2s]
  ep  72: loss=0.9185  test_acc=39.92%  (best 51.34 @ ep 45)  [2.9s]
  ep  73: loss=0.9090  test_acc=43.26%  (best 51.34 @ ep 45)  [6.6s]
  ep  74: loss=0.8877  test_acc=37.95%  (best 51.34 @ ep 45)  [6.9s]
  ep  75: loss=0.8722  test_acc=39.83%  (best 51.34 @ ep 45)  [10.1s]  [logged per-sample loss: mean=0.888]
  ep  76: loss=0.8561  test_acc=44.14%  (best 51.34 @ ep 45)  [3.1s]
  ep  77: loss=0.8413  test_acc=35.36%  (best 51.34 @ ep 45)  [2.9s]
  ep  78: loss=0.8167  test_acc=42.67%  (best 51.34 @ ep 45)  [3.1s]
  ep  79: loss=0.8020  test_acc=31.71%  (best 51.34 @ ep 45)  [3.0s]
  ep  80: loss=0.7858  test_acc=40.05%  (best 51.34 @ ep 45)  [3.0s]
  ep  81: loss=0.7697  test_acc=41.30%  (best 51.34 @ ep 45)  [3.2s]
  ep  82: loss=0.7383  test_acc=38.76%  (best 51.34 @ ep 45)  [2.9s]
  ep  83: loss=0.7264  test_acc=36.19%  (best 51.34 @ ep 45)  [3.0s]
  ep  84: loss=0.7067  test_acc=43.36%  (best 51.34 @ ep 45)  [3.2s]
  ep  85: loss=0.6827  test_acc=34.59%  (best 51.34 @ ep 45)  [3.2s]
  ep  86: loss=0.6654  test_acc=34.44%  (best 51.34 @ ep 45)  [3.2s]
  ep  87: loss=0.6505  test_acc=36.01%  (best 51.34 @ ep 45)  [3.1s]
  ep  88: loss=0.6246  test_acc=35.54%  (best 51.34 @ ep 45)  [3.1s]
  ep  89: loss=0.6141  test_acc=37.19%  (best 51.34 @ ep 45)  [3.1s]
  ep  90: loss=0.5896  test_acc=36.95%  (best 51.34 @ ep 45)  [2.9s]
  ep  91: loss=0.5737  test_acc=35.59%  (best 51.34 @ ep 45)  [3.1s]
  ep  92: loss=0.5676  test_acc=37.89%  (best 51.34 @ ep 45)  [3.0s]
  ep  93: loss=0.5504  test_acc=34.69%  (best 51.34 @ ep 45)  [3.3s]
  ep  94: loss=0.5340  test_acc=33.80%  (best 51.34 @ ep 45)  [3.0s]
  ep  95: loss=0.5295  test_acc=34.91%  (best 51.34 @ ep 45)  [3.0s]
  ep  96: loss=0.5217  test_acc=34.29%  (best 51.34 @ ep 45)  [5.0s]
  ep  97: loss=0.5167  test_acc=34.57%  (best 51.34 @ ep 45)  [6.6s]
  ep  98: loss=0.5174  test_acc=34.26%  (best 51.34 @ ep 45)  [6.5s]
  ep  99: loss=0.5118  test_acc=34.05%  (best 51.34 @ ep 45)  [8.8s]  [logged per-sample loss: mean=0.463]

saved /path/to/ciln-workspace/journal_edition/robustness_transfer/results_v4/erm/ours_v2_ccp_noisy__contrast_sev5__seed0.json: best 51.34% @ ep 45
