condition=ours_v2_ccp_clean__contrast_sev5 seed=2 gpu=1
/path/to/ciln-workspace/venv/lib/python3.12/site-packages/torchvision/datasets/cifar.py:83: VisibleDeprecationWarning: dtype(): align should be passed as Python or NumPy boolean but got `align=0`. Did you mean to pass a tuple to create a subarray type? (Deprecated NumPy 2.4)
  entry = pickle.load(f, encoding="latin1")
image_source=clean  N=17469  noise_rate=43.68%
  ep   0: loss=1.8315  test_acc=23.10%  (best 23.10 @ ep 0)  [3.9s]
  ep   1: loss=1.6818  test_acc=22.62%  (best 23.10 @ ep 0)  [3.1s]
  ep   2: loss=1.6155  test_acc=28.04%  (best 28.04 @ ep 2)  [3.1s]
  ep   3: loss=1.5495  test_acc=31.10%  (best 31.10 @ ep 3)  [3.3s]
  ep   4: loss=1.4976  test_acc=36.74%  (best 36.74 @ ep 4)  [3.2s]
  ep   5: loss=1.4534  test_acc=31.72%  (best 36.74 @ ep 4)  [4.3s]  [logged per-sample loss: mean=1.505]
  ep   6: loss=1.4128  test_acc=36.37%  (best 36.74 @ ep 4)  [3.0s]
  ep   7: loss=1.3688  test_acc=41.96%  (best 41.96 @ ep 7)  [3.2s]
  ep   8: loss=1.3575  test_acc=38.57%  (best 41.96 @ ep 7)  [3.1s]
  ep   9: loss=1.3475  test_acc=38.50%  (best 41.96 @ ep 7)  [3.2s]
  ep  10: loss=1.3270  test_acc=37.92%  (best 41.96 @ ep 7)  [4.4s]  [logged per-sample loss: mean=1.467]
  ep  11: loss=1.3074  test_acc=36.50%  (best 41.96 @ ep 7)  [3.0s]
  ep  12: loss=1.2880  test_acc=43.41%  (best 43.41 @ ep 12)  [3.4s]
  ep  13: loss=1.2796  test_acc=45.24%  (best 45.24 @ ep 13)  [3.2s]
  ep  14: loss=1.2734  test_acc=42.44%  (best 45.24 @ ep 13)  [3.0s]
  ep  15: loss=1.2637  test_acc=38.40%  (best 45.24 @ ep 13)  [3.5s]
  ep  16: loss=1.2539  test_acc=46.22%  (best 46.22 @ ep 16)  [6.9s]
  ep  17: loss=1.2469  test_acc=40.73%  (best 46.22 @ ep 16)  [6.7s]
  ep  18: loss=1.2358  test_acc=44.87%  (best 46.22 @ ep 16)  [7.3s]
  ep  19: loss=1.2206  test_acc=41.95%  (best 46.22 @ ep 16)  [6.9s]
  ep  20: loss=1.2148  test_acc=48.41%  (best 48.41 @ ep 20)  [9.8s]  [logged per-sample loss: mean=1.253]
  ep  21: loss=1.2056  test_acc=52.00%  (best 52.00 @ ep 21)  [6.9s]
  ep  22: loss=1.2016  test_acc=47.97%  (best 52.00 @ ep 21)  [6.8s]
  ep  23: loss=1.1943  test_acc=47.11%  (best 52.00 @ ep 21)  [6.9s]
  ep  24: loss=1.1881  test_acc=44.36%  (best 52.00 @ ep 21)  [6.8s]
  ep  25: loss=1.1880  test_acc=44.87%  (best 52.00 @ ep 21)  [7.0s]
  ep  26: loss=1.1712  test_acc=48.21%  (best 52.00 @ ep 21)  [6.9s]
  ep  27: loss=1.1587  test_acc=51.25%  (best 52.00 @ ep 21)  [6.9s]
  ep  28: loss=1.1569  test_acc=40.61%  (best 52.00 @ ep 21)  [7.0s]
  ep  29: loss=1.1550  test_acc=43.21%  (best 52.00 @ ep 21)  [7.1s]
  ep  30: loss=1.1508  test_acc=46.05%  (best 52.00 @ ep 21)  [9.0s]  [logged per-sample loss: mean=1.185]
  ep  31: loss=1.1458  test_acc=47.67%  (best 52.00 @ ep 21)  [7.5s]
  ep  32: loss=1.1408  test_acc=36.50%  (best 52.00 @ ep 21)  [7.6s]
  ep  33: loss=1.1372  test_acc=41.88%  (best 52.00 @ ep 21)  [3.1s]
  ep  34: loss=1.1293  test_acc=45.79%  (best 52.00 @ ep 21)  [3.1s]
  ep  35: loss=1.1169  test_acc=51.92%  (best 52.00 @ ep 21)  [3.1s]
  ep  36: loss=1.1092  test_acc=55.88%  (best 55.88 @ ep 36)  [3.2s]
  ep  37: loss=1.1111  test_acc=46.94%  (best 55.88 @ ep 36)  [3.2s]
  ep  38: loss=1.1014  test_acc=56.98%  (best 56.98 @ ep 38)  [3.3s]
  ep  39: loss=1.0974  test_acc=43.46%  (best 56.98 @ ep 38)  [3.3s]
  ep  40: loss=1.0915  test_acc=46.40%  (best 56.98 @ ep 38)  [3.0s]
  ep  41: loss=1.0875  test_acc=53.90%  (best 56.98 @ ep 38)  [3.2s]
  ep  42: loss=1.0788  test_acc=54.92%  (best 56.98 @ ep 38)  [3.0s]
  ep  43: loss=1.0721  test_acc=45.35%  (best 56.98 @ ep 38)  [3.2s]
  ep  44: loss=1.0660  test_acc=54.45%  (best 56.98 @ ep 38)  [3.2s]
  ep  45: loss=1.0648  test_acc=51.57%  (best 56.98 @ ep 38)  [3.1s]
  ep  46: loss=1.0525  test_acc=49.10%  (best 56.98 @ ep 38)  [3.2s]
  ep  47: loss=1.0520  test_acc=54.71%  (best 56.98 @ ep 38)  [3.2s]
  ep  48: loss=1.0387  test_acc=53.75%  (best 56.98 @ ep 38)  [3.0s]
  ep  49: loss=1.0382  test_acc=52.80%  (best 56.98 @ ep 38)  [3.1s]
  ep  50: loss=1.0331  test_acc=52.91%  (best 56.98 @ ep 38)  [4.6s]  [logged per-sample loss: mean=1.111]
  ep  51: loss=1.0231  test_acc=49.60%  (best 56.98 @ ep 38)  [3.0s]
  ep  52: loss=1.0142  test_acc=52.62%  (best 56.98 @ ep 38)  [3.3s]
  ep  53: loss=1.0078  test_acc=44.77%  (best 56.98 @ ep 38)  [7.7s]
  ep  54: loss=0.9953  test_acc=53.13%  (best 56.98 @ ep 38)  [7.5s]
  ep  55: loss=0.9875  test_acc=50.10%  (best 56.98 @ ep 38)  [7.6s]
  ep  56: loss=0.9814  test_acc=47.33%  (best 56.98 @ ep 38)  [6.9s]
  ep  57: loss=0.9641  test_acc=47.33%  (best 56.98 @ ep 38)  [7.4s]
  ep  58: loss=0.9644  test_acc=56.32%  (best 56.98 @ ep 38)  [7.9s]
  ep  59: loss=0.9552  test_acc=55.76%  (best 56.98 @ ep 38)  [8.2s]
  ep  60: loss=0.9470  test_acc=54.38%  (best 56.98 @ ep 38)  [7.1s]
  ep  61: loss=0.9299  test_acc=46.89%  (best 56.98 @ ep 38)  [7.8s]
  ep  62: loss=0.9179  test_acc=48.55%  (best 56.98 @ ep 38)  [7.1s]
  ep  63: loss=0.9091  test_acc=45.74%  (best 56.98 @ ep 38)  [7.5s]
  ep  64: loss=0.9022  test_acc=53.85%  (best 56.98 @ ep 38)  [7.3s]
  ep  65: loss=0.8822  test_acc=48.78%  (best 56.98 @ ep 38)  [7.8s]
  ep  66: loss=0.8788  test_acc=48.34%  (best 56.98 @ ep 38)  [7.7s]
  ep  67: loss=0.8587  test_acc=53.08%  (best 56.98 @ ep 38)  [7.2s]
  ep  68: loss=0.8447  test_acc=48.73%  (best 56.98 @ ep 38)  [7.9s]
  ep  69: loss=0.8337  test_acc=56.61%  (best 56.98 @ ep 38)  [7.7s]
  ep  70: loss=0.8162  test_acc=53.24%  (best 56.98 @ ep 38)  [7.4s]
  ep  71: loss=0.7986  test_acc=50.20%  (best 56.98 @ ep 38)  [6.9s]
  ep  72: loss=0.7890  test_acc=53.89%  (best 56.98 @ ep 38)  [7.4s]
  ep  73: loss=0.7671  test_acc=52.25%  (best 56.98 @ ep 38)  [7.3s]
  ep  74: loss=0.7611  test_acc=48.33%  (best 56.98 @ ep 38)  [7.8s]
  ep  75: loss=0.7287  test_acc=52.97%  (best 56.98 @ ep 38)  [10.7s]  [logged per-sample loss: mean=0.696]
  ep  76: loss=0.7151  test_acc=55.95%  (best 56.98 @ ep 38)  [7.0s]
  ep  77: loss=0.6976  test_acc=51.55%  (best 56.98 @ ep 38)  [6.9s]
  ep  78: loss=0.6743  test_acc=46.64%  (best 56.98 @ ep 38)  [7.2s]
  ep  79: loss=0.6604  test_acc=53.71%  (best 56.98 @ ep 38)  [7.5s]
  ep  80: loss=0.6348  test_acc=48.30%  (best 56.98 @ ep 38)  [7.9s]
  ep  81: loss=0.6123  test_acc=52.91%  (best 56.98 @ ep 38)  [7.9s]
  ep  82: loss=0.5919  test_acc=51.07%  (best 56.98 @ ep 38)  [7.9s]
  ep  83: loss=0.5839  test_acc=48.94%  (best 56.98 @ ep 38)  [8.6s]
  ep  84: loss=0.5572  test_acc=53.76%  (best 56.98 @ ep 38)  [8.1s]
  ep  85: loss=0.5322  test_acc=47.42%  (best 56.98 @ ep 38)  [8.0s]
  ep  86: loss=0.5104  test_acc=46.38%  (best 56.98 @ ep 38)  [8.1s]
  ep  87: loss=0.4783  test_acc=51.95%  (best 56.98 @ ep 38)  [7.8s]
  ep  88: loss=0.4685  test_acc=49.87%  (best 56.98 @ ep 38)  [8.0s]
  ep  89: loss=0.4533  test_acc=49.82%  (best 56.98 @ ep 38)  [7.7s]
  ep  90: loss=0.4430  test_acc=49.72%  (best 56.98 @ ep 38)  [8.0s]
  ep  91: loss=0.4202  test_acc=48.81%  (best 56.98 @ ep 38)  [7.4s]
  ep  92: loss=0.4135  test_acc=50.52%  (best 56.98 @ ep 38)  [7.9s]
  ep  93: loss=0.4063  test_acc=48.75%  (best 56.98 @ ep 38)  [7.5s]
  ep  94: loss=0.3899  test_acc=50.14%  (best 56.98 @ ep 38)  [7.8s]
  ep  95: loss=0.3793  test_acc=50.44%  (best 56.98 @ ep 38)  [7.7s]
  ep  96: loss=0.3711  test_acc=50.05%  (best 56.98 @ ep 38)  [7.6s]
  ep  97: loss=0.3700  test_acc=49.72%  (best 56.98 @ ep 38)  [7.9s]
  ep  98: loss=0.3633  test_acc=49.81%  (best 56.98 @ ep 38)  [9.5s]
  ep  99: loss=0.3664  test_acc=49.84%  (best 56.98 @ ep 38)  [10.2s]  [logged per-sample loss: mean=0.316]

saved /path/to/ciln-workspace/journal_edition/robustness_transfer/results_v4/erm/ours_v2_ccp_clean__contrast_sev5__seed2.json: best 56.98% @ ep 38
