condition=ours_v2_ccp_clean__gaussian_noise_sev3 seed=0 gpu=1
/path/to/ciln-workspace/venv/lib/python3.12/site-packages/torchvision/datasets/cifar.py:83: VisibleDeprecationWarning: dtype(): align should be passed as Python or NumPy boolean but got `align=0`. Did you mean to pass a tuple to create a subarray type? (Deprecated NumPy 2.4)
  entry = pickle.load(f, encoding="latin1")
image_source=clean  N=17469  noise_rate=44.07%
  ep   0: loss=1.8367  test_acc=19.86%  (best 19.86 @ ep 0)  [3.8s]
  ep   1: loss=1.6598  test_acc=29.16%  (best 29.16 @ ep 1)  [3.0s]
  ep   2: loss=1.5638  test_acc=35.25%  (best 35.25 @ ep 2)  [3.0s]
  ep   3: loss=1.5181  test_acc=34.03%  (best 35.25 @ ep 2)  [3.2s]
  ep   4: loss=1.4611  test_acc=35.03%  (best 35.25 @ ep 2)  [3.1s]
  ep   5: loss=1.4170  test_acc=29.89%  (best 35.25 @ ep 2)  [4.4s]  [logged per-sample loss: mean=1.470]
  ep   6: loss=1.3774  test_acc=38.50%  (best 38.50 @ ep 6)  [3.1s]
  ep   7: loss=1.3530  test_acc=38.26%  (best 38.50 @ ep 6)  [3.2s]
  ep   8: loss=1.3297  test_acc=35.42%  (best 38.50 @ ep 6)  [3.3s]
  ep   9: loss=1.3060  test_acc=47.31%  (best 47.31 @ ep 9)  [3.0s]
  ep  10: loss=1.2984  test_acc=40.63%  (best 47.31 @ ep 9)  [4.5s]  [logged per-sample loss: mean=1.282]
  ep  11: loss=1.2805  test_acc=49.25%  (best 49.25 @ ep 11)  [3.1s]
  ep  12: loss=1.2602  test_acc=43.39%  (best 49.25 @ ep 11)  [3.0s]
  ep  13: loss=1.2425  test_acc=44.73%  (best 49.25 @ ep 11)  [3.1s]
  ep  14: loss=1.2442  test_acc=42.75%  (best 49.25 @ ep 11)  [3.0s]
  ep  15: loss=1.2251  test_acc=48.49%  (best 49.25 @ ep 11)  [3.1s]
  ep  16: loss=1.2153  test_acc=41.86%  (best 49.25 @ ep 11)  [7.0s]
  ep  17: loss=1.2078  test_acc=36.75%  (best 49.25 @ ep 11)  [6.8s]
  ep  18: loss=1.1942  test_acc=35.47%  (best 49.25 @ ep 11)  [6.7s]
  ep  19: loss=1.1894  test_acc=46.00%  (best 49.25 @ ep 11)  [7.1s]
  ep  20: loss=1.1839  test_acc=49.76%  (best 49.76 @ ep 20)  [9.2s]  [logged per-sample loss: mean=1.187]
  ep  21: loss=1.1734  test_acc=40.42%  (best 49.76 @ ep 20)  [7.0s]
  ep  22: loss=1.1707  test_acc=37.83%  (best 49.76 @ ep 20)  [7.0s]
  ep  23: loss=1.1608  test_acc=44.19%  (best 49.76 @ ep 20)  [8.0s]
  ep  24: loss=1.1567  test_acc=48.33%  (best 49.76 @ ep 20)  [6.8s]
  ep  25: loss=1.1439  test_acc=52.65%  (best 52.65 @ ep 25)  [6.7s]
  ep  26: loss=1.1423  test_acc=49.04%  (best 52.65 @ ep 25)  [6.7s]
  ep  27: loss=1.1300  test_acc=42.83%  (best 52.65 @ ep 25)  [7.0s]
  ep  28: loss=1.1293  test_acc=51.40%  (best 52.65 @ ep 25)  [7.0s]
  ep  29: loss=1.1160  test_acc=54.38%  (best 54.38 @ ep 29)  [6.7s]
  ep  30: loss=1.1279  test_acc=44.29%  (best 54.38 @ ep 29)  [9.2s]  [logged per-sample loss: mean=1.258]
  ep  31: loss=1.1155  test_acc=53.91%  (best 54.38 @ ep 29)  [6.9s]
  ep  32: loss=1.1058  test_acc=51.16%  (best 54.38 @ ep 29)  [7.2s]
  ep  33: loss=1.1030  test_acc=50.26%  (best 54.38 @ ep 29)  [7.2s]
  ep  34: loss=1.0994  test_acc=46.52%  (best 54.38 @ ep 29)  [7.2s]
  ep  35: loss=1.0950  test_acc=40.56%  (best 54.38 @ ep 29)  [7.2s]
  ep  36: loss=1.0876  test_acc=41.94%  (best 54.38 @ ep 29)  [4.0s]
  ep  37: loss=1.0773  test_acc=47.04%  (best 54.38 @ ep 29)  [3.0s]
  ep  38: loss=1.0744  test_acc=57.44%  (best 57.44 @ ep 38)  [3.0s]
  ep  39: loss=1.0736  test_acc=44.96%  (best 57.44 @ ep 38)  [3.1s]
  ep  40: loss=1.0662  test_acc=46.41%  (best 57.44 @ ep 38)  [3.0s]
  ep  41: loss=1.0534  test_acc=57.02%  (best 57.44 @ ep 38)  [3.1s]
  ep  42: loss=1.0579  test_acc=33.37%  (best 57.44 @ ep 38)  [3.1s]
  ep  43: loss=1.0502  test_acc=47.59%  (best 57.44 @ ep 38)  [3.3s]
  ep  44: loss=1.0377  test_acc=49.50%  (best 57.44 @ ep 38)  [3.3s]
  ep  45: loss=1.0331  test_acc=50.99%  (best 57.44 @ ep 38)  [3.2s]
  ep  46: loss=1.0283  test_acc=51.75%  (best 57.44 @ ep 38)  [3.2s]
  ep  47: loss=1.0252  test_acc=42.12%  (best 57.44 @ ep 38)  [3.2s]
  ep  48: loss=1.0177  test_acc=56.00%  (best 57.44 @ ep 38)  [3.0s]
  ep  49: loss=1.0144  test_acc=55.59%  (best 57.44 @ ep 38)  [3.0s]
  ep  50: loss=1.0026  test_acc=53.15%  (best 57.44 @ ep 38)  [4.6s]  [logged per-sample loss: mean=1.042]
  ep  51: loss=1.0000  test_acc=54.48%  (best 57.44 @ ep 38)  [3.0s]
  ep  52: loss=0.9914  test_acc=51.42%  (best 57.44 @ ep 38)  [3.1s]
  ep  53: loss=0.9782  test_acc=39.96%  (best 57.44 @ ep 38)  [3.2s]
  ep  54: loss=0.9662  test_acc=48.06%  (best 57.44 @ ep 38)  [3.2s]
  ep  55: loss=0.9739  test_acc=44.15%  (best 57.44 @ ep 38)  [4.0s]
  ep  56: loss=0.9666  test_acc=53.61%  (best 57.44 @ ep 38)  [7.0s]
  ep  57: loss=0.9516  test_acc=54.35%  (best 57.44 @ ep 38)  [7.9s]
  ep  58: loss=0.9427  test_acc=51.52%  (best 57.44 @ ep 38)  [7.8s]
  ep  59: loss=0.9307  test_acc=49.44%  (best 57.44 @ ep 38)  [7.0s]
  ep  60: loss=0.9233  test_acc=49.64%  (best 57.44 @ ep 38)  [7.2s]
  ep  61: loss=0.9193  test_acc=52.53%  (best 57.44 @ ep 38)  [8.0s]
  ep  62: loss=0.9064  test_acc=56.47%  (best 57.44 @ ep 38)  [7.6s]
  ep  63: loss=0.8998  test_acc=47.64%  (best 57.44 @ ep 38)  [7.8s]
  ep  64: loss=0.8765  test_acc=57.55%  (best 57.55 @ ep 64)  [7.3s]
  ep  65: loss=0.8765  test_acc=52.07%  (best 57.55 @ ep 64)  [7.8s]
  ep  66: loss=0.8589  test_acc=49.77%  (best 57.55 @ ep 64)  [8.6s]
  ep  67: loss=0.8567  test_acc=50.33%  (best 57.55 @ ep 64)  [7.5s]
  ep  68: loss=0.8320  test_acc=48.42%  (best 57.55 @ ep 64)  [7.5s]
  ep  69: loss=0.8269  test_acc=44.83%  (best 57.55 @ ep 64)  [7.4s]
  ep  70: loss=0.8119  test_acc=48.27%  (best 57.55 @ ep 64)  [7.5s]
  ep  71: loss=0.8009  test_acc=50.35%  (best 57.55 @ ep 64)  [8.2s]
  ep  72: loss=0.7803  test_acc=47.81%  (best 57.55 @ ep 64)  [6.2s]
  ep  73: loss=0.7695  test_acc=45.01%  (best 57.55 @ ep 64)  [3.0s]
  ep  74: loss=0.7518  test_acc=52.11%  (best 57.55 @ ep 64)  [3.2s]
  ep  75: loss=0.7426  test_acc=48.11%  (best 57.55 @ ep 64)  [4.4s]  [logged per-sample loss: mean=0.719]
  ep  76: loss=0.7250  test_acc=53.48%  (best 57.55 @ ep 64)  [3.1s]
  ep  77: loss=0.7065  test_acc=50.81%  (best 57.55 @ ep 64)  [3.1s]
  ep  78: loss=0.6847  test_acc=52.37%  (best 57.55 @ ep 64)  [3.2s]
  ep  79: loss=0.6713  test_acc=49.78%  (best 57.55 @ ep 64)  [3.1s]
  ep  80: loss=0.6570  test_acc=50.44%  (best 57.55 @ ep 64)  [3.0s]
  ep  81: loss=0.6361  test_acc=52.41%  (best 57.55 @ ep 64)  [3.1s]
  ep  82: loss=0.6168  test_acc=51.56%  (best 57.55 @ ep 64)  [3.0s]
  ep  83: loss=0.5975  test_acc=50.35%  (best 57.55 @ ep 64)  [3.1s]
  ep  84: loss=0.5814  test_acc=49.18%  (best 57.55 @ ep 64)  [3.4s]
  ep  85: loss=0.5536  test_acc=51.16%  (best 57.55 @ ep 64)  [3.0s]
  ep  86: loss=0.5414  test_acc=48.06%  (best 57.55 @ ep 64)  [3.0s]
  ep  87: loss=0.5227  test_acc=51.20%  (best 57.55 @ ep 64)  [3.0s]
  ep  88: loss=0.4913  test_acc=47.92%  (best 57.55 @ ep 64)  [3.1s]
  ep  89: loss=0.4780  test_acc=49.85%  (best 57.55 @ ep 64)  [3.2s]
  ep  90: loss=0.4633  test_acc=50.27%  (best 57.55 @ ep 64)  [3.0s]
  ep  91: loss=0.4506  test_acc=47.92%  (best 57.55 @ ep 64)  [3.2s]
  ep  92: loss=0.4343  test_acc=48.12%  (best 57.55 @ ep 64)  [4.4s]
  ep  93: loss=0.4201  test_acc=49.45%  (best 57.55 @ ep 64)  [7.6s]
  ep  94: loss=0.4162  test_acc=49.09%  (best 57.55 @ ep 64)  [7.4s]
  ep  95: loss=0.4057  test_acc=49.67%  (best 57.55 @ ep 64)  [8.2s]
  ep  96: loss=0.3983  test_acc=49.67%  (best 57.55 @ ep 64)  [7.9s]
  ep  97: loss=0.3949  test_acc=49.40%  (best 57.55 @ ep 64)  [7.5s]
  ep  98: loss=0.3902  test_acc=49.72%  (best 57.55 @ ep 64)  [8.2s]
  ep  99: loss=0.3936  test_acc=50.11%  (best 57.55 @ ep 64)  [9.9s]  [logged per-sample loss: mean=0.339]

saved /path/to/ciln-workspace/journal_edition/robustness_transfer/results_v4/erm/ours_v2_ccp_clean__gaussian_noise_sev3__seed0.json: best 57.55% @ ep 64
