condition=ours_v2_ccp_noisy__shot_noise_sev5 seed=0 gpu=2
/path/to/ciln-workspace/venv/lib/python3.12/site-packages/torchvision/datasets/cifar.py:83: VisibleDeprecationWarning: dtype(): align should be passed as Python or NumPy boolean but got `align=0`. Did you mean to pass a tuple to create a subarray type? (Deprecated NumPy 2.4)
  entry = pickle.load(f, encoding="latin1")
image_source=noisy  N=17469  noise_rate=50.97%
  ep   0: R(t)=1.000  acc1=16.09%  acc2=12.85%  ens=14.47%  (best 14.47 @ ep 0)  [6.5s]
  ep   1: R(t)=0.839  acc1=16.46%  acc2=20.40%  ens=18.43%  (best 18.43 @ ep 1)  [5.6s]
  ep   2: R(t)=0.772  acc1=16.75%  acc2=16.55%  ens=16.65%  (best 18.43 @ ep 1)  [5.7s]
  ep   3: R(t)=0.721  acc1=19.15%  acc2=19.00%  ens=19.07%  (best 19.07 @ ep 3)  [5.5s]
  ep   4: R(t)=0.678  acc1=24.14%  acc2=21.25%  ens=22.70%  (best 22.70 @ ep 4)  [6.9s]
  ep   5: R(t)=0.640  acc1=23.47%  acc2=22.26%  ens=22.86%  (best 22.86 @ ep 5)  [8.2s]  [sel1+2: prec=0.426, recall_clean=0.580]
  ep   6: R(t)=0.605  acc1=20.17%  acc2=22.78%  ens=21.48%  (best 22.86 @ ep 5)  [5.6s]
  ep   7: R(t)=0.574  acc1=20.99%  acc2=22.58%  ens=21.79%  (best 22.86 @ ep 5)  [5.5s]
  ep   8: R(t)=0.544  acc1=22.49%  acc2=21.03%  ens=21.76%  (best 22.86 @ ep 5)  [5.5s]
  ep   9: R(t)=0.516  acc1=20.41%  acc2=20.70%  ens=20.55%  (best 22.86 @ ep 5)  [5.6s]
  ep  10: R(t)=0.490  acc1=24.12%  acc2=27.10%  ens=25.61%  (best 25.61 @ ep 10)  [8.6s]  [sel1+2: prec=0.434, recall_clean=0.461]
  ep  11: R(t)=0.490  acc1=24.33%  acc2=25.28%  ens=24.80%  (best 25.61 @ ep 10)  [5.9s]
  ep  12: R(t)=0.490  acc1=22.10%  acc2=20.76%  ens=21.43%  (best 25.61 @ ep 10)  [5.5s]
  ep  13: R(t)=0.490  acc1=18.23%  acc2=19.39%  ens=18.81%  (best 25.61 @ ep 10)  [5.6s]
  ep  14: R(t)=0.490  acc1=25.54%  acc2=24.05%  ens=24.80%  (best 25.61 @ ep 10)  [5.8s]
  ep  15: R(t)=0.490  acc1=19.03%  acc2=21.78%  ens=20.41%  (best 25.61 @ ep 10)  [8.8s]
  ep  16: R(t)=0.490  acc1=22.34%  acc2=23.87%  ens=23.10%  (best 25.61 @ ep 10)  [5.6s]
  ep  17: R(t)=0.490  acc1=23.82%  acc2=26.34%  ens=25.08%  (best 25.61 @ ep 10)  [5.7s]
  ep  18: R(t)=0.490  acc1=20.21%  acc2=22.19%  ens=21.20%  (best 25.61 @ ep 10)  [5.5s]
  ep  19: R(t)=0.490  acc1=23.23%  acc2=20.61%  ens=21.92%  (best 25.61 @ ep 10)  [5.6s]
  ep  20: R(t)=0.490  acc1=24.21%  acc2=27.19%  ens=25.70%  (best 25.70 @ ep 20)  [8.5s]  [sel1+2: prec=0.459, recall_clean=0.486]
  ep  21: R(t)=0.490  acc1=27.17%  acc2=30.54%  ens=28.85%  (best 28.85 @ ep 21)  [5.5s]
  ep  22: R(t)=0.490  acc1=25.12%  acc2=25.36%  ens=25.24%  (best 28.85 @ ep 21)  [5.6s]
  ep  23: R(t)=0.490  acc1=24.83%  acc2=23.57%  ens=24.20%  (best 28.85 @ ep 21)  [5.6s]
  ep  24: R(t)=0.490  acc1=28.46%  acc2=29.29%  ens=28.88%  (best 28.88 @ ep 24)  [5.5s]
  ep  25: R(t)=0.490  acc1=27.10%  acc2=21.57%  ens=24.34%  (best 28.88 @ ep 24)  [6.5s]
  ep  26: R(t)=0.490  acc1=22.05%  acc2=25.49%  ens=23.77%  (best 28.88 @ ep 24)  [17.5s]
  ep  27: R(t)=0.490  acc1=28.50%  acc2=25.83%  ens=27.16%  (best 28.88 @ ep 24)  [16.8s]
  ep  28: R(t)=0.490  acc1=29.62%  acc2=28.00%  ens=28.81%  (best 28.88 @ ep 24)  [16.9s]
  ep  29: R(t)=0.490  acc1=29.19%  acc2=34.04%  ens=31.61%  (best 31.61 @ ep 29)  [16.0s]
  ep  30: R(t)=0.490  acc1=28.05%  acc2=25.34%  ens=26.70%  (best 31.61 @ ep 29)  [26.1s]  [sel1+2: prec=0.466, recall_clean=0.493]
  ep  31: R(t)=0.490  acc1=25.96%  acc2=25.03%  ens=25.50%  (best 31.61 @ ep 29)  [16.8s]
  ep  32: R(t)=0.490  acc1=26.22%  acc2=26.53%  ens=26.38%  (best 31.61 @ ep 29)  [17.4s]
  ep  33: R(t)=0.490  acc1=26.08%  acc2=27.94%  ens=27.01%  (best 31.61 @ ep 29)  [15.7s]
  ep  34: R(t)=0.490  acc1=24.05%  acc2=24.87%  ens=24.46%  (best 31.61 @ ep 29)  [10.7s]
  ep  35: R(t)=0.490  acc1=30.95%  acc2=29.15%  ens=30.05%  (best 31.61 @ ep 29)  [5.8s]
  ep  36: R(t)=0.490  acc1=26.14%  acc2=28.61%  ens=27.38%  (best 31.61 @ ep 29)  [5.6s]
  ep  37: R(t)=0.490  acc1=25.17%  acc2=26.39%  ens=25.78%  (best 31.61 @ ep 29)  [5.3s]
  ep  38: R(t)=0.490  acc1=25.91%  acc2=29.07%  ens=27.49%  (best 31.61 @ ep 29)  [5.6s]
  ep  39: R(t)=0.490  acc1=24.90%  acc2=27.44%  ens=26.17%  (best 31.61 @ ep 29)  [5.6s]
  ep  40: R(t)=0.490  acc1=25.81%  acc2=25.27%  ens=25.54%  (best 31.61 @ ep 29)  [5.7s]
  ep  41: R(t)=0.490  acc1=28.57%  acc2=27.89%  ens=28.23%  (best 31.61 @ ep 29)  [5.7s]
  ep  42: R(t)=0.490  acc1=30.81%  acc2=33.07%  ens=31.94%  (best 31.94 @ ep 42)  [5.8s]
  ep  43: R(t)=0.490  acc1=21.77%  acc2=20.71%  ens=21.24%  (best 31.94 @ ep 42)  [5.7s]
  ep  44: R(t)=0.490  acc1=27.87%  acc2=31.75%  ens=29.81%  (best 31.94 @ ep 42)  [5.5s]
  ep  45: R(t)=0.490  acc1=28.64%  acc2=30.84%  ens=29.74%  (best 31.94 @ ep 42)  [11.7s]
  ep  46: R(t)=0.490  acc1=28.67%  acc2=26.11%  ens=27.39%  (best 31.94 @ ep 42)  [14.9s]
  ep  47: R(t)=0.490  acc1=31.09%  acc2=29.83%  ens=30.46%  (best 31.94 @ ep 42)  [15.3s]
  ep  48: R(t)=0.490  acc1=33.52%  acc2=32.70%  ens=33.11%  (best 33.11 @ ep 48)  [15.0s]
  ep  49: R(t)=0.490  acc1=28.27%  acc2=30.59%  ens=29.43%  (best 33.11 @ ep 48)  [15.8s]
  ep  50: R(t)=0.490  acc1=30.67%  acc2=29.31%  ens=29.99%  (best 33.11 @ ep 48)  [12.8s]  [sel1+2: prec=0.487, recall_clean=0.515]
  ep  51: R(t)=0.490  acc1=33.05%  acc2=30.90%  ens=31.97%  (best 33.11 @ ep 48)  [5.3s]
  ep  52: R(t)=0.490  acc1=30.35%  acc2=32.01%  ens=31.18%  (best 33.11 @ ep 48)  [5.7s]
  ep  53: R(t)=0.490  acc1=31.67%  acc2=33.64%  ens=32.66%  (best 33.11 @ ep 48)  [5.3s]
  ep  54: R(t)=0.490  acc1=28.91%  acc2=31.27%  ens=30.09%  (best 33.11 @ ep 48)  [5.6s]
  ep  55: R(t)=0.490  acc1=30.85%  acc2=32.70%  ens=31.77%  (best 33.11 @ ep 48)  [5.9s]
  ep  56: R(t)=0.490  acc1=31.27%  acc2=27.99%  ens=29.63%  (best 33.11 @ ep 48)  [5.7s]
  ep  57: R(t)=0.490  acc1=30.17%  acc2=31.59%  ens=30.88%  (best 33.11 @ ep 48)  [5.6s]
  ep  58: R(t)=0.490  acc1=24.96%  acc2=24.36%  ens=24.66%  (best 33.11 @ ep 48)  [5.8s]
  ep  59: R(t)=0.490  acc1=34.57%  acc2=30.71%  ens=32.64%  (best 33.11 @ ep 48)  [5.5s]
  ep  60: R(t)=0.490  acc1=31.29%  acc2=31.33%  ens=31.31%  (best 33.11 @ ep 48)  [6.5s]
  ep  61: R(t)=0.490  acc1=28.57%  acc2=28.30%  ens=28.43%  (best 33.11 @ ep 48)  [16.5s]
  ep  62: R(t)=0.490  acc1=31.85%  acc2=34.96%  ens=33.41%  (best 33.41 @ ep 62)  [15.9s]
  ep  63: R(t)=0.490  acc1=31.90%  acc2=34.29%  ens=33.09%  (best 33.41 @ ep 62)  [15.2s]
  ep  64: R(t)=0.490  acc1=32.03%  acc2=29.70%  ens=30.86%  (best 33.41 @ ep 62)  [14.9s]
  ep  65: R(t)=0.490  acc1=33.91%  acc2=31.31%  ens=32.61%  (best 33.41 @ ep 62)  [16.1s]
  ep  66: R(t)=0.490  acc1=33.63%  acc2=31.70%  ens=32.66%  (best 33.41 @ ep 62)  [15.8s]
  ep  67: R(t)=0.490  acc1=33.56%  acc2=32.38%  ens=32.97%  (best 33.41 @ ep 62)  [14.8s]
  ep  68: R(t)=0.490  acc1=27.46%  acc2=29.21%  ens=28.34%  (best 33.41 @ ep 62)  [15.1s]
  ep  69: R(t)=0.490  acc1=31.84%  acc2=34.76%  ens=33.30%  (best 33.41 @ ep 62)  [12.0s]
  ep  70: R(t)=0.490  acc1=32.18%  acc2=31.57%  ens=31.87%  (best 33.41 @ ep 62)  [5.3s]
  ep  71: R(t)=0.490  acc1=33.91%  acc2=34.29%  ens=34.10%  (best 34.10 @ ep 71)  [5.5s]
  ep  72: R(t)=0.490  acc1=31.79%  acc2=33.11%  ens=32.45%  (best 34.10 @ ep 71)  [5.8s]
  ep  73: R(t)=0.490  acc1=33.90%  acc2=33.20%  ens=33.55%  (best 34.10 @ ep 71)  [5.5s]
  ep  74: R(t)=0.490  acc1=30.09%  acc2=30.05%  ens=30.07%  (best 34.10 @ ep 71)  [5.4s]
  ep  75: R(t)=0.490  acc1=34.92%  acc2=34.30%  ens=34.61%  (best 34.61 @ ep 75)  [8.2s]  [sel1+2: prec=0.515, recall_clean=0.538]
  ep  76: R(t)=0.490  acc1=33.64%  acc2=32.64%  ens=33.14%  (best 34.61 @ ep 75)  [5.6s]
  ep  77: R(t)=0.490  acc1=32.67%  acc2=34.03%  ens=33.35%  (best 34.61 @ ep 75)  [5.7s]
  ep  78: R(t)=0.490  acc1=35.20%  acc2=34.65%  ens=34.92%  (best 34.92 @ ep 78)  [5.7s]
  ep  79: R(t)=0.490  acc1=31.35%  acc2=32.61%  ens=31.98%  (best 34.92 @ ep 78)  [5.9s]
  ep  80: R(t)=0.490  acc1=31.74%  acc2=33.09%  ens=32.42%  (best 34.92 @ ep 78)  [13.8s]
  ep  81: R(t)=0.490  acc1=33.19%  acc2=33.32%  ens=33.26%  (best 34.92 @ ep 78)  [14.4s]
  ep  82: R(t)=0.490  acc1=34.42%  acc2=33.56%  ens=33.99%  (best 34.92 @ ep 78)  [14.8s]
  ep  83: R(t)=0.490  acc1=32.35%  acc2=33.83%  ens=33.09%  (best 34.92 @ ep 78)  [14.0s]
  ep  84: R(t)=0.490  acc1=32.34%  acc2=33.02%  ens=32.68%  (best 34.92 @ ep 78)  [14.4s]
  ep  85: R(t)=0.490  acc1=33.05%  acc2=33.60%  ens=33.33%  (best 34.92 @ ep 78)  [14.5s]
  ep  86: R(t)=0.490  acc1=33.35%  acc2=33.11%  ens=33.23%  (best 34.92 @ ep 78)  [6.1s]
  ep  87: R(t)=0.490  acc1=34.02%  acc2=33.26%  ens=33.64%  (best 34.92 @ ep 78)  [5.5s]
  ep  88: R(t)=0.490  acc1=34.11%  acc2=34.26%  ens=34.19%  (best 34.92 @ ep 78)  [5.4s]
  ep  89: R(t)=0.490  acc1=33.36%  acc2=33.30%  ens=33.33%  (best 34.92 @ ep 78)  [5.4s]
  ep  90: R(t)=0.490  acc1=34.84%  acc2=34.89%  ens=34.87%  (best 34.92 @ ep 78)  [5.5s]
  ep  91: R(t)=0.490  acc1=34.46%  acc2=33.69%  ens=34.08%  (best 34.92 @ ep 78)  [5.3s]
  ep  92: R(t)=0.490  acc1=34.04%  acc2=34.32%  ens=34.18%  (best 34.92 @ ep 78)  [5.4s]
  ep  93: R(t)=0.490  acc1=33.62%  acc2=33.94%  ens=33.78%  (best 34.92 @ ep 78)  [5.6s]
  ep  94: R(t)=0.490  acc1=33.83%  acc2=34.17%  ens=34.00%  (best 34.92 @ ep 78)  [5.8s]
  ep  95: R(t)=0.490  acc1=33.69%  acc2=33.81%  ens=33.75%  (best 34.92 @ ep 78)  [5.7s]
  ep  96: R(t)=0.490  acc1=33.82%  acc2=33.89%  ens=33.86%  (best 34.92 @ ep 78)  [5.4s]
  ep  97: R(t)=0.490  acc1=33.83%  acc2=33.81%  ens=33.82%  (best 34.92 @ ep 78)  [14.2s]
  ep  98: R(t)=0.490  acc1=33.89%  acc2=33.92%  ens=33.90%  (best 34.92 @ ep 78)  [14.6s]
  ep  99: R(t)=0.490  acc1=33.71%  acc2=33.71%  ens=33.71%  (best 34.92 @ ep 78)  [22.1s]  [sel1+2: prec=0.518, recall_clean=0.532]

saved /path/to/ciln-workspace/journal_edition/robustness_transfer/results_v4/coteaching/ours_v2_ccp_noisy__shot_noise_sev5__seed0.json: best ens-acc 34.92% @ ep 78
