condition=ours_v2_ccp_clean__shot_noise_sev5 seed=2 gpu=1
/path/to/ciln-workspace/venv/lib/python3.12/site-packages/torchvision/datasets/cifar.py:83: VisibleDeprecationWarning: dtype(): align should be passed as Python or NumPy boolean but got `align=0`. Did you mean to pass a tuple to create a subarray type? (Deprecated NumPy 2.4)
  entry = pickle.load(f, encoding="latin1")
image_source=clean  N=17469  noise_rate=50.97%
  ep   0: R(t)=1.000  acc1=16.93%  acc2=18.83%  ens=17.88%  (best 17.88 @ ep 0)  [6.8s]
  ep   1: R(t)=0.839  acc1=17.05%  acc2=17.62%  ens=17.34%  (best 17.88 @ ep 0)  [5.5s]
  ep   2: R(t)=0.772  acc1=19.22%  acc2=18.93%  ens=19.07%  (best 19.07 @ ep 2)  [5.4s]
  ep   3: R(t)=0.721  acc1=26.33%  acc2=28.67%  ens=27.50%  (best 27.50 @ ep 3)  [5.4s]
  ep   4: R(t)=0.678  acc1=29.56%  acc2=31.70%  ens=30.63%  (best 30.63 @ ep 4)  [5.7s]
  ep   5: R(t)=0.640  acc1=28.78%  acc2=31.21%  ens=30.00%  (best 30.63 @ ep 4)  [8.4s]  [sel1+2: prec=0.455, recall_clean=0.618]
  ep   6: R(t)=0.605  acc1=26.88%  acc2=29.20%  ens=28.04%  (best 30.63 @ ep 4)  [5.5s]
  ep   7: R(t)=0.574  acc1=29.80%  acc2=30.34%  ens=30.07%  (best 30.63 @ ep 4)  [5.7s]
  ep   8: R(t)=0.544  acc1=27.67%  acc2=30.66%  ens=29.16%  (best 30.63 @ ep 4)  [6.7s]
  ep   9: R(t)=0.516  acc1=27.83%  acc2=30.46%  ens=29.14%  (best 30.63 @ ep 4)  [16.0s]
  ep  10: R(t)=0.490  acc1=25.65%  acc2=30.20%  ens=27.93%  (best 30.63 @ ep 4)  [23.2s]  [sel1+2: prec=0.475, recall_clean=0.505]
  ep  11: R(t)=0.490  acc1=23.92%  acc2=28.34%  ens=26.13%  (best 30.63 @ ep 4)  [16.5s]
  ep  12: R(t)=0.490  acc1=29.19%  acc2=25.69%  ens=27.44%  (best 30.63 @ ep 4)  [17.4s]
  ep  13: R(t)=0.490  acc1=29.70%  acc2=29.64%  ens=29.67%  (best 30.63 @ ep 4)  [17.9s]
  ep  14: R(t)=0.490  acc1=26.36%  acc2=33.57%  ens=29.96%  (best 30.63 @ ep 4)  [16.5s]
  ep  15: R(t)=0.490  acc1=31.09%  acc2=30.86%  ens=30.97%  (best 30.97 @ ep 15)  [16.0s]
  ep  16: R(t)=0.490  acc1=30.28%  acc2=30.39%  ens=30.34%  (best 30.97 @ ep 15)  [16.0s]
  ep  17: R(t)=0.490  acc1=28.95%  acc2=33.38%  ens=31.16%  (best 31.16 @ ep 17)  [11.9s]
  ep  18: R(t)=0.490  acc1=30.49%  acc2=33.55%  ens=32.02%  (best 32.02 @ ep 18)  [5.4s]
  ep  19: R(t)=0.490  acc1=24.85%  acc2=24.47%  ens=24.66%  (best 32.02 @ ep 18)  [5.4s]
  ep  20: R(t)=0.490  acc1=35.29%  acc2=35.43%  ens=35.36%  (best 35.36 @ ep 20)  [8.3s]  [sel1+2: prec=0.502, recall_clean=0.534]
  ep  21: R(t)=0.490  acc1=26.45%  acc2=26.75%  ens=26.60%  (best 35.36 @ ep 20)  [5.6s]
  ep  22: R(t)=0.490  acc1=29.87%  acc2=31.52%  ens=30.70%  (best 35.36 @ ep 20)  [5.8s]
  ep  23: R(t)=0.490  acc1=20.44%  acc2=29.05%  ens=24.75%  (best 35.36 @ ep 20)  [5.5s]
  ep  24: R(t)=0.490  acc1=27.60%  acc2=31.83%  ens=29.72%  (best 35.36 @ ep 20)  [5.6s]
  ep  25: R(t)=0.490  acc1=26.41%  acc2=23.17%  ens=24.79%  (best 35.36 @ ep 20)  [5.5s]
  ep  26: R(t)=0.490  acc1=29.25%  acc2=29.06%  ens=29.15%  (best 35.36 @ ep 20)  [5.6s]
  ep  27: R(t)=0.490  acc1=30.31%  acc2=33.73%  ens=32.02%  (best 35.36 @ ep 20)  [5.5s]
  ep  28: R(t)=0.490  acc1=36.26%  acc2=35.72%  ens=35.99%  (best 35.99 @ ep 28)  [13.1s]
  ep  29: R(t)=0.490  acc1=23.85%  acc2=28.19%  ens=26.02%  (best 35.99 @ ep 28)  [15.1s]
  ep  30: R(t)=0.490  acc1=34.23%  acc2=33.39%  ens=33.81%  (best 35.99 @ ep 28)  [24.6s]  [sel1+2: prec=0.517, recall_clean=0.549]
  ep  31: R(t)=0.490  acc1=30.33%  acc2=34.62%  ens=32.48%  (best 35.99 @ ep 28)  [16.1s]
  ep  32: R(t)=0.490  acc1=30.47%  acc2=27.78%  ens=29.12%  (best 35.99 @ ep 28)  [15.6s]
  ep  33: R(t)=0.490  acc1=29.50%  acc2=30.51%  ens=30.00%  (best 35.99 @ ep 28)  [15.6s]
  ep  34: R(t)=0.490  acc1=31.80%  acc2=28.79%  ens=30.29%  (best 35.99 @ ep 28)  [15.9s]
  ep  35: R(t)=0.490  acc1=28.22%  acc2=30.20%  ens=29.21%  (best 35.99 @ ep 28)  [16.2s]
  ep  36: R(t)=0.490  acc1=27.71%  acc2=29.42%  ens=28.57%  (best 35.99 @ ep 28)  [14.3s]
  ep  37: R(t)=0.490  acc1=33.67%  acc2=28.37%  ens=31.02%  (best 35.99 @ ep 28)  [14.4s]
  ep  38: R(t)=0.490  acc1=28.89%  acc2=28.77%  ens=28.83%  (best 35.99 @ ep 28)  [12.3s]
  ep  39: R(t)=0.490  acc1=32.31%  acc2=26.77%  ens=29.54%  (best 35.99 @ ep 28)  [5.4s]
  ep  40: R(t)=0.490  acc1=29.43%  acc2=30.36%  ens=29.89%  (best 35.99 @ ep 28)  [5.6s]
  ep  41: R(t)=0.490  acc1=34.62%  acc2=33.38%  ens=34.00%  (best 35.99 @ ep 28)  [5.6s]
  ep  42: R(t)=0.490  acc1=31.32%  acc2=31.24%  ens=31.28%  (best 35.99 @ ep 28)  [5.7s]
  ep  43: R(t)=0.490  acc1=28.91%  acc2=32.09%  ens=30.50%  (best 35.99 @ ep 28)  [5.4s]
  ep  44: R(t)=0.490  acc1=34.09%  acc2=28.61%  ens=31.35%  (best 35.99 @ ep 28)  [5.6s]
  ep  45: R(t)=0.490  acc1=27.98%  acc2=27.27%  ens=27.62%  (best 35.99 @ ep 28)  [5.6s]
  ep  46: R(t)=0.490  acc1=30.97%  acc2=28.30%  ens=29.64%  (best 35.99 @ ep 28)  [5.4s]
  ep  47: R(t)=0.490  acc1=32.84%  acc2=27.41%  ens=30.12%  (best 35.99 @ ep 28)  [5.4s]
  ep  48: R(t)=0.490  acc1=30.51%  acc2=30.08%  ens=30.29%  (best 35.99 @ ep 28)  [5.0s]
  ep  49: R(t)=0.490  acc1=35.88%  acc2=36.87%  ens=36.38%  (best 36.38 @ ep 49)  [5.5s]
  ep  50: R(t)=0.490  acc1=30.74%  acc2=33.97%  ens=32.36%  (best 36.38 @ ep 49)  [21.9s]  [sel1+2: prec=0.534, recall_clean=0.566]
  ep  51: R(t)=0.490  acc1=31.26%  acc2=33.15%  ens=32.20%  (best 36.38 @ ep 49)  [17.9s]
  ep  52: R(t)=0.490  acc1=29.65%  acc2=30.89%  ens=30.27%  (best 36.38 @ ep 49)  [17.5s]
  ep  53: R(t)=0.490  acc1=35.07%  acc2=36.85%  ens=35.96%  (best 36.38 @ ep 49)  [13.5s]
  ep  54: R(t)=0.490  acc1=35.06%  acc2=31.47%  ens=33.27%  (best 36.38 @ ep 49)  [5.4s]
  ep  55: R(t)=0.490  acc1=32.40%  acc2=35.00%  ens=33.70%  (best 36.38 @ ep 49)  [5.4s]
  ep  56: R(t)=0.490  acc1=32.61%  acc2=38.87%  ens=35.74%  (best 36.38 @ ep 49)  [5.4s]
  ep  57: R(t)=0.490  acc1=26.95%  acc2=26.90%  ens=26.92%  (best 36.38 @ ep 49)  [5.4s]
  ep  58: R(t)=0.490  acc1=33.99%  acc2=35.62%  ens=34.80%  (best 36.38 @ ep 49)  [5.7s]
  ep  59: R(t)=0.490  acc1=35.30%  acc2=34.67%  ens=34.98%  (best 36.38 @ ep 49)  [5.3s]
  ep  60: R(t)=0.490  acc1=33.92%  acc2=35.66%  ens=34.79%  (best 36.38 @ ep 49)  [5.2s]
  ep  61: R(t)=0.490  acc1=33.40%  acc2=32.74%  ens=33.07%  (best 36.38 @ ep 49)  [5.4s]
  ep  62: R(t)=0.490  acc1=40.10%  acc2=33.64%  ens=36.87%  (best 36.87 @ ep 62)  [5.7s]
  ep  63: R(t)=0.490  acc1=40.07%  acc2=37.36%  ens=38.71%  (best 38.71 @ ep 63)  [5.4s]
  ep  64: R(t)=0.490  acc1=30.75%  acc2=31.81%  ens=31.28%  (best 38.71 @ ep 63)  [5.5s]
  ep  65: R(t)=0.490  acc1=38.68%  acc2=38.78%  ens=38.73%  (best 38.73 @ ep 65)  [12.7s]
  ep  66: R(t)=0.490  acc1=31.74%  acc2=31.66%  ens=31.70%  (best 38.73 @ ep 65)  [17.4s]
  ep  67: R(t)=0.490  acc1=38.64%  acc2=32.35%  ens=35.49%  (best 38.73 @ ep 65)  [15.4s]
  ep  68: R(t)=0.490  acc1=33.68%  acc2=37.85%  ens=35.77%  (best 38.73 @ ep 65)  [15.4s]
  ep  69: R(t)=0.490  acc1=37.49%  acc2=36.08%  ens=36.79%  (best 38.73 @ ep 65)  [14.3s]
  ep  70: R(t)=0.490  acc1=30.93%  acc2=31.98%  ens=31.45%  (best 38.73 @ ep 65)  [6.0s]
  ep  71: R(t)=0.490  acc1=31.13%  acc2=32.77%  ens=31.95%  (best 38.73 @ ep 65)  [6.0s]
  ep  72: R(t)=0.490  acc1=34.29%  acc2=33.21%  ens=33.75%  (best 38.73 @ ep 65)  [5.5s]
  ep  73: R(t)=0.490  acc1=31.54%  acc2=33.95%  ens=32.75%  (best 38.73 @ ep 65)  [5.6s]
  ep  74: R(t)=0.490  acc1=36.04%  acc2=34.10%  ens=35.07%  (best 38.73 @ ep 65)  [5.3s]
  ep  75: R(t)=0.490  acc1=32.61%  acc2=35.97%  ens=34.29%  (best 38.73 @ ep 65)  [8.5s]  [sel1+2: prec=0.551, recall_clean=0.575]
  ep  76: R(t)=0.490  acc1=35.14%  acc2=33.97%  ens=34.55%  (best 38.73 @ ep 65)  [5.6s]
  ep  77: R(t)=0.490  acc1=34.14%  acc2=34.48%  ens=34.31%  (best 38.73 @ ep 65)  [5.7s]
  ep  78: R(t)=0.490  acc1=36.73%  acc2=35.70%  ens=36.21%  (best 38.73 @ ep 65)  [5.6s]
  ep  79: R(t)=0.490  acc1=34.99%  acc2=32.73%  ens=33.86%  (best 38.73 @ ep 65)  [5.6s]
  ep  80: R(t)=0.490  acc1=35.04%  acc2=35.29%  ens=35.16%  (best 38.73 @ ep 65)  [9.3s]
  ep  81: R(t)=0.490  acc1=35.77%  acc2=36.33%  ens=36.05%  (best 38.73 @ ep 65)  [5.5s]
  ep  82: R(t)=0.490  acc1=35.01%  acc2=35.62%  ens=35.32%  (best 38.73 @ ep 65)  [5.4s]
  ep  83: R(t)=0.490  acc1=35.53%  acc2=35.02%  ens=35.27%  (best 38.73 @ ep 65)  [5.6s]
  ep  84: R(t)=0.490  acc1=37.38%  acc2=36.98%  ens=37.18%  (best 38.73 @ ep 65)  [5.5s]
  ep  85: R(t)=0.490  acc1=34.30%  acc2=33.13%  ens=33.72%  (best 38.73 @ ep 65)  [5.5s]
  ep  86: R(t)=0.490  acc1=35.45%  acc2=35.47%  ens=35.46%  (best 38.73 @ ep 65)  [5.4s]
  ep  87: R(t)=0.490  acc1=34.34%  acc2=34.28%  ens=34.31%  (best 38.73 @ ep 65)  [5.7s]
  ep  88: R(t)=0.490  acc1=34.73%  acc2=33.88%  ens=34.30%  (best 38.73 @ ep 65)  [5.7s]
  ep  89: R(t)=0.490  acc1=35.65%  acc2=36.16%  ens=35.91%  (best 38.73 @ ep 65)  [5.6s]
  ep  90: R(t)=0.490  acc1=35.41%  acc2=34.88%  ens=35.15%  (best 38.73 @ ep 65)  [5.4s]
  ep  91: R(t)=0.490  acc1=35.55%  acc2=35.46%  ens=35.50%  (best 38.73 @ ep 65)  [5.5s]
  ep  92: R(t)=0.490  acc1=34.82%  acc2=34.87%  ens=34.85%  (best 38.73 @ ep 65)  [10.3s]
  ep  93: R(t)=0.490  acc1=35.30%  acc2=35.10%  ens=35.20%  (best 38.73 @ ep 65)  [14.4s]
  ep  94: R(t)=0.490  acc1=34.47%  acc2=34.25%  ens=34.36%  (best 38.73 @ ep 65)  [14.6s]
  ep  95: R(t)=0.490  acc1=34.93%  acc2=34.96%  ens=34.95%  (best 38.73 @ ep 65)  [14.2s]
  ep  96: R(t)=0.490  acc1=35.32%  acc2=35.05%  ens=35.19%  (best 38.73 @ ep 65)  [15.3s]
  ep  97: R(t)=0.490  acc1=35.41%  acc2=35.56%  ens=35.48%  (best 38.73 @ ep 65)  [14.8s]
  ep  98: R(t)=0.490  acc1=35.79%  acc2=35.72%  ens=35.76%  (best 38.73 @ ep 65)  [14.9s]
  ep  99: R(t)=0.490  acc1=35.29%  acc2=35.27%  ens=35.28%  (best 38.73 @ ep 65)  [8.0s]  [sel1+2: prec=0.561, recall_clean=0.575]

saved /path/to/ciln-workspace/journal_edition/robustness_transfer/results_v4/coteaching/ours_v2_ccp_clean__shot_noise_sev5__seed2.json: best ens-acc 38.73% @ ep 65
