condition=ours_v2_ccp_noisy__gaussian_noise_sev3 seed=1 gpu=2
/path/to/ciln-workspace/venv/lib/python3.12/site-packages/torchvision/datasets/cifar.py:83: VisibleDeprecationWarning: dtype(): align should be passed as Python or NumPy boolean but got `align=0`. Did you mean to pass a tuple to create a subarray type? (Deprecated NumPy 2.4)
  entry = pickle.load(f, encoding="latin1")
image_source=noisy  N=17469  noise_rate=44.07%
  ep   0: loss=1.8560  test_acc=23.03%  (best 23.03 @ ep 0)  [3.9s]
  ep   1: loss=1.6804  test_acc=26.61%  (best 26.61 @ ep 1)  [3.1s]
  ep   2: loss=1.6001  test_acc=33.43%  (best 33.43 @ ep 2)  [3.1s]
  ep   3: loss=1.5215  test_acc=37.20%  (best 37.20 @ ep 3)  [3.1s]
  ep   4: loss=1.4683  test_acc=39.97%  (best 39.97 @ ep 4)  [3.2s]
  ep   5: loss=1.4335  test_acc=34.07%  (best 39.97 @ ep 4)  [4.6s]  [logged per-sample loss: mean=1.488]
  ep   6: loss=1.4023  test_acc=35.39%  (best 39.97 @ ep 4)  [3.1s]
  ep   7: loss=1.3725  test_acc=38.17%  (best 39.97 @ ep 4)  [3.1s]
  ep   8: loss=1.3520  test_acc=46.63%  (best 46.63 @ ep 8)  [3.2s]
  ep   9: loss=1.3285  test_acc=43.98%  (best 46.63 @ ep 8)  [3.2s]
  ep  10: loss=1.3185  test_acc=38.03%  (best 46.63 @ ep 8)  [4.5s]  [logged per-sample loss: mean=1.321]
  ep  11: loss=1.3011  test_acc=43.51%  (best 46.63 @ ep 8)  [3.1s]
  ep  12: loss=1.2921  test_acc=30.36%  (best 46.63 @ ep 8)  [3.1s]
  ep  13: loss=1.2792  test_acc=37.71%  (best 46.63 @ ep 8)  [3.3s]
  ep  14: loss=1.2719  test_acc=42.08%  (best 46.63 @ ep 8)  [3.2s]
  ep  15: loss=1.2635  test_acc=54.24%  (best 54.24 @ ep 15)  [3.2s]
  ep  16: loss=1.2561  test_acc=49.07%  (best 54.24 @ ep 15)  [6.0s]
  ep  17: loss=1.2399  test_acc=48.03%  (best 54.24 @ ep 15)  [6.7s]
  ep  18: loss=1.2286  test_acc=45.58%  (best 54.24 @ ep 15)  [7.1s]
  ep  19: loss=1.2219  test_acc=47.66%  (best 54.24 @ ep 15)  [6.8s]
  ep  20: loss=1.2174  test_acc=41.06%  (best 54.24 @ ep 15)  [10.6s]  [logged per-sample loss: mean=1.278]
  ep  21: loss=1.2062  test_acc=52.51%  (best 54.24 @ ep 15)  [7.1s]
  ep  22: loss=1.2006  test_acc=55.00%  (best 55.00 @ ep 22)  [6.8s]
  ep  23: loss=1.1889  test_acc=48.30%  (best 55.00 @ ep 22)  [6.8s]
  ep  24: loss=1.1877  test_acc=42.55%  (best 55.00 @ ep 22)  [8.3s]
  ep  25: loss=1.1809  test_acc=47.84%  (best 55.00 @ ep 22)  [7.4s]
  ep  26: loss=1.1614  test_acc=38.77%  (best 55.00 @ ep 22)  [7.3s]
  ep  27: loss=1.1600  test_acc=48.36%  (best 55.00 @ ep 22)  [7.1s]
  ep  28: loss=1.1606  test_acc=55.10%  (best 55.10 @ ep 28)  [7.3s]
  ep  29: loss=1.1445  test_acc=49.99%  (best 55.10 @ ep 28)  [8.0s]
  ep  30: loss=1.1418  test_acc=42.06%  (best 55.10 @ ep 28)  [10.6s]  [logged per-sample loss: mean=1.337]
  ep  31: loss=1.1443  test_acc=37.75%  (best 55.10 @ ep 28)  [7.9s]
  ep  32: loss=1.1294  test_acc=53.71%  (best 55.10 @ ep 28)  [9.0s]
  ep  33: loss=1.1285  test_acc=48.15%  (best 55.10 @ ep 28)  [8.0s]
  ep  34: loss=1.1211  test_acc=52.94%  (best 55.10 @ ep 28)  [8.2s]
  ep  35: loss=1.1119  test_acc=52.37%  (best 55.10 @ ep 28)  [7.8s]
  ep  36: loss=1.1018  test_acc=50.39%  (best 55.10 @ ep 28)  [7.0s]
  ep  37: loss=1.1025  test_acc=51.12%  (best 55.10 @ ep 28)  [7.5s]
  ep  38: loss=1.0939  test_acc=52.32%  (best 55.10 @ ep 28)  [7.8s]
  ep  39: loss=1.0850  test_acc=45.20%  (best 55.10 @ ep 28)  [7.7s]
  ep  40: loss=1.0807  test_acc=48.10%  (best 55.10 @ ep 28)  [8.3s]
  ep  41: loss=1.0797  test_acc=51.32%  (best 55.10 @ ep 28)  [7.4s]
  ep  42: loss=1.0618  test_acc=54.93%  (best 55.10 @ ep 28)  [8.0s]
  ep  43: loss=1.0593  test_acc=49.87%  (best 55.10 @ ep 28)  [7.4s]
  ep  44: loss=1.0507  test_acc=52.29%  (best 55.10 @ ep 28)  [8.2s]
  ep  45: loss=1.0463  test_acc=44.93%  (best 55.10 @ ep 28)  [7.7s]
  ep  46: loss=1.0437  test_acc=52.13%  (best 55.10 @ ep 28)  [7.2s]
  ep  47: loss=1.0360  test_acc=55.37%  (best 55.37 @ ep 47)  [7.1s]
  ep  48: loss=1.0350  test_acc=58.42%  (best 58.42 @ ep 48)  [7.8s]
  ep  49: loss=1.0175  test_acc=54.39%  (best 58.42 @ ep 48)  [7.6s]
  ep  50: loss=1.0128  test_acc=51.07%  (best 58.42 @ ep 48)  [11.4s]  [logged per-sample loss: mean=0.998]
  ep  51: loss=1.0049  test_acc=54.57%  (best 58.42 @ ep 48)  [6.8s]
  ep  52: loss=1.0004  test_acc=45.87%  (best 58.42 @ ep 48)  [2.9s]
  ep  53: loss=0.9948  test_acc=53.67%  (best 58.42 @ ep 48)  [3.2s]
  ep  54: loss=0.9867  test_acc=47.79%  (best 58.42 @ ep 48)  [3.1s]
  ep  55: loss=0.9869  test_acc=49.56%  (best 58.42 @ ep 48)  [3.0s]
  ep  56: loss=0.9736  test_acc=60.78%  (best 60.78 @ ep 56)  [3.1s]
  ep  57: loss=0.9556  test_acc=53.29%  (best 60.78 @ ep 56)  [3.2s]
  ep  58: loss=0.9448  test_acc=53.44%  (best 60.78 @ ep 56)  [3.0s]
  ep  59: loss=0.9378  test_acc=50.82%  (best 60.78 @ ep 56)  [3.0s]
  ep  60: loss=0.9264  test_acc=46.14%  (best 60.78 @ ep 56)  [3.1s]
  ep  61: loss=0.9209  test_acc=53.62%  (best 60.78 @ ep 56)  [3.0s]
  ep  62: loss=0.9092  test_acc=47.38%  (best 60.78 @ ep 56)  [3.0s]
  ep  63: loss=0.8925  test_acc=53.19%  (best 60.78 @ ep 56)  [3.0s]
  ep  64: loss=0.8956  test_acc=54.02%  (best 60.78 @ ep 56)  [3.2s]
  ep  65: loss=0.8829  test_acc=52.48%  (best 60.78 @ ep 56)  [3.2s]
  ep  66: loss=0.8612  test_acc=51.40%  (best 60.78 @ ep 56)  [3.2s]
  ep  67: loss=0.8489  test_acc=51.02%  (best 60.78 @ ep 56)  [3.0s]
  ep  68: loss=0.8359  test_acc=54.41%  (best 60.78 @ ep 56)  [3.0s]
  ep  69: loss=0.8228  test_acc=54.07%  (best 60.78 @ ep 56)  [3.0s]
  ep  70: loss=0.8052  test_acc=51.52%  (best 60.78 @ ep 56)  [3.0s]
  ep  71: loss=0.7950  test_acc=55.53%  (best 60.78 @ ep 56)  [3.4s]
  ep  72: loss=0.7745  test_acc=50.49%  (best 60.78 @ ep 56)  [3.0s]
  ep  73: loss=0.7572  test_acc=54.79%  (best 60.78 @ ep 56)  [3.1s]
  ep  74: loss=0.7441  test_acc=51.25%  (best 60.78 @ ep 56)  [3.1s]
  ep  75: loss=0.7273  test_acc=52.88%  (best 60.78 @ ep 56)  [4.6s]  [logged per-sample loss: mean=0.777]
  ep  76: loss=0.7110  test_acc=47.13%  (best 60.78 @ ep 56)  [3.3s]
  ep  77: loss=0.7062  test_acc=52.19%  (best 60.78 @ ep 56)  [3.0s]
  ep  78: loss=0.6677  test_acc=48.57%  (best 60.78 @ ep 56)  [3.0s]
  ep  79: loss=0.6585  test_acc=51.56%  (best 60.78 @ ep 56)  [3.1s]
  ep  80: loss=0.6343  test_acc=51.08%  (best 60.78 @ ep 56)  [3.0s]
  ep  81: loss=0.6179  test_acc=51.46%  (best 60.78 @ ep 56)  [3.2s]
  ep  82: loss=0.5922  test_acc=50.83%  (best 60.78 @ ep 56)  [3.1s]
  ep  83: loss=0.5792  test_acc=52.89%  (best 60.78 @ ep 56)  [3.1s]
  ep  84: loss=0.5575  test_acc=47.88%  (best 60.78 @ ep 56)  [3.2s]
  ep  85: loss=0.5396  test_acc=48.70%  (best 60.78 @ ep 56)  [3.2s]
  ep  86: loss=0.5171  test_acc=49.75%  (best 60.78 @ ep 56)  [3.2s]
  ep  87: loss=0.4894  test_acc=49.79%  (best 60.78 @ ep 56)  [3.3s]
  ep  88: loss=0.4747  test_acc=49.86%  (best 60.78 @ ep 56)  [3.1s]
  ep  89: loss=0.4645  test_acc=50.07%  (best 60.78 @ ep 56)  [3.2s]
  ep  90: loss=0.4409  test_acc=49.64%  (best 60.78 @ ep 56)  [4.0s]
  ep  91: loss=0.4319  test_acc=50.12%  (best 60.78 @ ep 56)  [7.3s]
  ep  92: loss=0.4190  test_acc=50.46%  (best 60.78 @ ep 56)  [7.6s]
  ep  93: loss=0.4044  test_acc=50.63%  (best 60.78 @ ep 56)  [7.8s]
  ep  94: loss=0.4001  test_acc=50.31%  (best 60.78 @ ep 56)  [7.0s]
  ep  95: loss=0.3934  test_acc=50.69%  (best 60.78 @ ep 56)  [8.9s]
  ep  96: loss=0.3826  test_acc=50.27%  (best 60.78 @ ep 56)  [6.5s]
  ep  97: loss=0.3773  test_acc=50.65%  (best 60.78 @ ep 56)  [3.0s]
  ep  98: loss=0.3737  test_acc=51.02%  (best 60.78 @ ep 56)  [3.0s]
  ep  99: loss=0.3677  test_acc=49.99%  (best 60.78 @ ep 56)  [4.4s]  [logged per-sample loss: mean=0.323]

saved /path/to/ciln-workspace/journal_edition/robustness_transfer/results_v4/erm/ours_v2_ccp_noisy__gaussian_noise_sev3__seed1.json: best 60.78% @ ep 56
