condition=ours_v2_ccp_clean__gaussian_noise_sev3 seed=1 gpu=1
/path/to/ciln-workspace/venv/lib/python3.12/site-packages/torchvision/datasets/cifar.py:83: VisibleDeprecationWarning: dtype(): align should be passed as Python or NumPy boolean but got `align=0`. Did you mean to pass a tuple to create a subarray type? (Deprecated NumPy 2.4)
  entry = pickle.load(f, encoding="latin1")
image_source=clean  N=17469  noise_rate=44.07%
  ep   0: R(t)=1.000  acc1=22.38%  acc2=24.28%  ens=23.33%  (best 23.33 @ ep 0)  [6.6s]
  ep   1: R(t)=0.861  acc1=22.95%  acc2=26.06%  ens=24.50%  (best 24.50 @ ep 1)  [5.7s]
  ep   2: R(t)=0.803  acc1=28.69%  acc2=29.83%  ens=29.26%  (best 29.26 @ ep 2)  [5.4s]
  ep   3: R(t)=0.759  acc1=29.57%  acc2=26.74%  ens=28.16%  (best 29.26 @ ep 2)  [5.4s]
  ep   4: R(t)=0.721  acc1=21.27%  acc2=26.89%  ens=24.08%  (best 29.26 @ ep 2)  [5.6s]
  ep   5: R(t)=0.688  acc1=32.90%  acc2=22.40%  ens=27.65%  (best 29.26 @ ep 2)  [8.5s]  [sel1+2: prec=0.538, recall_clean=0.684]
  ep   6: R(t)=0.659  acc1=34.93%  acc2=31.49%  ens=33.21%  (best 33.21 @ ep 6)  [5.4s]
  ep   7: R(t)=0.631  acc1=28.16%  acc2=26.97%  ens=27.57%  (best 33.21 @ ep 6)  [5.7s]
  ep   8: R(t)=0.606  acc1=31.99%  acc2=33.69%  ens=32.84%  (best 33.21 @ ep 6)  [5.4s]
  ep   9: R(t)=0.582  acc1=32.24%  acc2=30.02%  ens=31.13%  (best 33.21 @ ep 6)  [12.5s]
  ep  10: R(t)=0.559  acc1=39.83%  acc2=38.93%  ens=39.38%  (best 39.38 @ ep 10)  [22.7s]  [sel1+2: prec=0.595, recall_clean=0.636]
  ep  11: R(t)=0.559  acc1=41.05%  acc2=41.55%  ens=41.30%  (best 41.30 @ ep 11)  [16.9s]
  ep  12: R(t)=0.559  acc1=35.55%  acc2=36.74%  ens=36.14%  (best 41.30 @ ep 11)  [17.2s]
  ep  13: R(t)=0.559  acc1=39.04%  acc2=35.61%  ens=37.33%  (best 41.30 @ ep 11)  [14.7s]
  ep  14: R(t)=0.559  acc1=31.86%  acc2=32.94%  ens=32.40%  (best 41.30 @ ep 11)  [14.6s]
  ep  15: R(t)=0.559  acc1=35.89%  acc2=35.46%  ens=35.68%  (best 41.30 @ ep 11)  [15.5s]
  ep  16: R(t)=0.559  acc1=36.34%  acc2=38.51%  ens=37.42%  (best 41.30 @ ep 11)  [16.6s]
  ep  17: R(t)=0.559  acc1=38.03%  acc2=36.91%  ens=37.47%  (best 41.30 @ ep 11)  [20.0s]
  ep  18: R(t)=0.559  acc1=39.93%  acc2=36.78%  ens=38.35%  (best 41.30 @ ep 11)  [9.9s]
  ep  19: R(t)=0.559  acc1=37.35%  acc2=37.33%  ens=37.34%  (best 41.30 @ ep 11)  [5.6s]
  ep  20: R(t)=0.559  acc1=29.58%  acc2=32.60%  ens=31.09%  (best 41.30 @ ep 11)  [8.3s]  [sel1+2: prec=0.609, recall_clean=0.648]
  ep  21: R(t)=0.559  acc1=40.96%  acc2=42.58%  ens=41.77%  (best 41.77 @ ep 21)  [5.6s]
  ep  22: R(t)=0.559  acc1=38.41%  acc2=37.95%  ens=38.18%  (best 41.77 @ ep 21)  [5.5s]
  ep  23: R(t)=0.559  acc1=36.75%  acc2=35.45%  ens=36.10%  (best 41.77 @ ep 21)  [5.5s]
  ep  24: R(t)=0.559  acc1=36.74%  acc2=39.83%  ens=38.29%  (best 41.77 @ ep 21)  [5.4s]
  ep  25: R(t)=0.559  acc1=40.67%  acc2=39.47%  ens=40.07%  (best 41.77 @ ep 21)  [5.5s]
  ep  26: R(t)=0.559  acc1=42.86%  acc2=41.25%  ens=42.05%  (best 42.05 @ ep 26)  [5.4s]
  ep  27: R(t)=0.559  acc1=39.52%  acc2=38.51%  ens=39.02%  (best 42.05 @ ep 26)  [5.7s]
  ep  28: R(t)=0.559  acc1=44.59%  acc2=42.16%  ens=43.38%  (best 43.38 @ ep 28)  [5.8s]
  ep  29: R(t)=0.559  acc1=34.36%  acc2=37.60%  ens=35.98%  (best 43.38 @ ep 28)  [9.9s]
  ep  30: R(t)=0.559  acc1=36.84%  acc2=35.67%  ens=36.26%  (best 43.38 @ ep 28)  [8.5s]  [sel1+2: prec=0.627, recall_clean=0.669]
  ep  31: R(t)=0.559  acc1=39.24%  acc2=36.99%  ens=38.12%  (best 43.38 @ ep 28)  [5.5s]
  ep  32: R(t)=0.559  acc1=36.20%  acc2=42.39%  ens=39.30%  (best 43.38 @ ep 28)  [5.5s]
  ep  33: R(t)=0.559  acc1=39.01%  acc2=40.08%  ens=39.54%  (best 43.38 @ ep 28)  [5.7s]
  ep  34: R(t)=0.559  acc1=39.82%  acc2=40.32%  ens=40.07%  (best 43.38 @ ep 28)  [5.4s]
  ep  35: R(t)=0.559  acc1=35.35%  acc2=40.59%  ens=37.97%  (best 43.38 @ ep 28)  [5.4s]
  ep  36: R(t)=0.559  acc1=42.33%  acc2=43.81%  ens=43.07%  (best 43.38 @ ep 28)  [5.7s]
  ep  37: R(t)=0.559  acc1=41.98%  acc2=37.36%  ens=39.67%  (best 43.38 @ ep 28)  [5.7s]
  ep  38: R(t)=0.559  acc1=39.13%  acc2=38.08%  ens=38.61%  (best 43.38 @ ep 28)  [5.6s]
  ep  39: R(t)=0.559  acc1=36.27%  acc2=37.42%  ens=36.84%  (best 43.38 @ ep 28)  [5.7s]
  ep  40: R(t)=0.559  acc1=36.02%  acc2=39.66%  ens=37.84%  (best 43.38 @ ep 28)  [12.9s]
  ep  41: R(t)=0.559  acc1=42.99%  acc2=40.28%  ens=41.63%  (best 43.38 @ ep 28)  [14.5s]
  ep  42: R(t)=0.559  acc1=42.51%  acc2=37.95%  ens=40.23%  (best 43.38 @ ep 28)  [14.0s]
  ep  43: R(t)=0.559  acc1=42.88%  acc2=42.89%  ens=42.88%  (best 43.38 @ ep 28)  [14.2s]
  ep  44: R(t)=0.559  acc1=43.94%  acc2=46.34%  ens=45.14%  (best 45.14 @ ep 44)  [14.4s]
  ep  45: R(t)=0.559  acc1=35.70%  acc2=37.56%  ens=36.63%  (best 45.14 @ ep 44)  [14.6s]
  ep  46: R(t)=0.559  acc1=36.13%  acc2=40.28%  ens=38.20%  (best 45.14 @ ep 44)  [13.3s]
  ep  47: R(t)=0.559  acc1=38.46%  acc2=43.88%  ens=41.17%  (best 45.14 @ ep 44)  [15.2s]
  ep  48: R(t)=0.559  acc1=42.01%  acc2=46.14%  ens=44.07%  (best 45.14 @ ep 44)  [14.8s]
  ep  49: R(t)=0.559  acc1=38.94%  acc2=43.56%  ens=41.25%  (best 45.14 @ ep 44)  [12.9s]
  ep  50: R(t)=0.559  acc1=42.06%  acc2=45.40%  ens=43.73%  (best 45.14 @ ep 44)  [8.3s]  [sel1+2: prec=0.643, recall_clean=0.682]
  ep  51: R(t)=0.559  acc1=40.27%  acc2=42.91%  ens=41.59%  (best 45.14 @ ep 44)  [5.6s]
  ep  52: R(t)=0.559  acc1=31.96%  acc2=37.60%  ens=34.78%  (best 45.14 @ ep 44)  [5.4s]
  ep  53: R(t)=0.559  acc1=43.60%  acc2=47.10%  ens=45.35%  (best 45.35 @ ep 53)  [5.3s]
  ep  54: R(t)=0.559  acc1=43.85%  acc2=45.91%  ens=44.88%  (best 45.35 @ ep 53)  [5.7s]
  ep  55: R(t)=0.559  acc1=39.73%  acc2=37.63%  ens=38.68%  (best 45.35 @ ep 53)  [5.6s]
  ep  56: R(t)=0.559  acc1=41.74%  acc2=36.29%  ens=39.02%  (best 45.35 @ ep 53)  [5.6s]
  ep  57: R(t)=0.559  acc1=45.24%  acc2=41.56%  ens=43.40%  (best 45.35 @ ep 53)  [5.4s]
  ep  58: R(t)=0.559  acc1=36.34%  acc2=41.08%  ens=38.71%  (best 45.35 @ ep 53)  [5.4s]
  ep  59: R(t)=0.559  acc1=42.07%  acc2=42.30%  ens=42.19%  (best 45.35 @ ep 53)  [5.6s]
  ep  60: R(t)=0.559  acc1=45.01%  acc2=42.88%  ens=43.95%  (best 45.35 @ ep 53)  [8.8s]
  ep  61: R(t)=0.559  acc1=44.09%  acc2=40.83%  ens=42.46%  (best 45.35 @ ep 53)  [15.1s]
  ep  62: R(t)=0.559  acc1=47.05%  acc2=46.97%  ens=47.01%  (best 47.01 @ ep 62)  [14.0s]
  ep  63: R(t)=0.559  acc1=42.88%  acc2=42.14%  ens=42.51%  (best 47.01 @ ep 62)  [14.5s]
  ep  64: R(t)=0.559  acc1=45.41%  acc2=43.90%  ens=44.66%  (best 47.01 @ ep 62)  [14.2s]
  ep  65: R(t)=0.559  acc1=41.81%  acc2=41.64%  ens=41.73%  (best 47.01 @ ep 62)  [13.6s]
  ep  66: R(t)=0.559  acc1=44.54%  acc2=43.09%  ens=43.82%  (best 47.01 @ ep 62)  [6.9s]
  ep  67: R(t)=0.559  acc1=41.14%  acc2=44.40%  ens=42.77%  (best 47.01 @ ep 62)  [5.8s]
  ep  68: R(t)=0.559  acc1=41.58%  acc2=42.97%  ens=42.27%  (best 47.01 @ ep 62)  [5.7s]
  ep  69: R(t)=0.559  acc1=43.10%  acc2=42.17%  ens=42.63%  (best 47.01 @ ep 62)  [5.6s]
  ep  70: R(t)=0.559  acc1=43.01%  acc2=43.82%  ens=43.41%  (best 47.01 @ ep 62)  [5.6s]
  ep  71: R(t)=0.559  acc1=44.25%  acc2=41.02%  ens=42.63%  (best 47.01 @ ep 62)  [5.5s]
  ep  72: R(t)=0.559  acc1=45.67%  acc2=46.34%  ens=46.00%  (best 47.01 @ ep 62)  [5.3s]
  ep  73: R(t)=0.559  acc1=43.31%  acc2=43.36%  ens=43.34%  (best 47.01 @ ep 62)  [5.5s]
  ep  74: R(t)=0.559  acc1=41.99%  acc2=43.68%  ens=42.84%  (best 47.01 @ ep 62)  [5.3s]
  ep  75: R(t)=0.559  acc1=41.77%  acc2=43.96%  ens=42.86%  (best 47.01 @ ep 62)  [8.3s]  [sel1+2: prec=0.656, recall_clean=0.687]
  ep  76: R(t)=0.559  acc1=46.78%  acc2=46.89%  ens=46.84%  (best 47.01 @ ep 62)  [5.4s]
  ep  77: R(t)=0.559  acc1=44.24%  acc2=42.89%  ens=43.56%  (best 47.01 @ ep 62)  [13.0s]
  ep  78: R(t)=0.559  acc1=44.64%  acc2=44.29%  ens=44.46%  (best 47.01 @ ep 62)  [13.8s]
  ep  79: R(t)=0.559  acc1=44.67%  acc2=44.18%  ens=44.43%  (best 47.01 @ ep 62)  [14.7s]
  ep  80: R(t)=0.559  acc1=42.60%  acc2=44.72%  ens=43.66%  (best 47.01 @ ep 62)  [13.1s]
  ep  81: R(t)=0.559  acc1=43.51%  acc2=45.44%  ens=44.47%  (best 47.01 @ ep 62)  [13.6s]
  ep  82: R(t)=0.559  acc1=42.23%  acc2=44.03%  ens=43.13%  (best 47.01 @ ep 62)  [14.0s]
  ep  83: R(t)=0.559  acc1=46.96%  acc2=46.22%  ens=46.59%  (best 47.01 @ ep 62)  [13.8s]
  ep  84: R(t)=0.559  acc1=43.62%  acc2=42.87%  ens=43.24%  (best 47.01 @ ep 62)  [13.8s]
  ep  85: R(t)=0.559  acc1=44.63%  acc2=43.10%  ens=43.86%  (best 47.01 @ ep 62)  [15.6s]
  ep  86: R(t)=0.559  acc1=45.06%  acc2=43.05%  ens=44.05%  (best 47.01 @ ep 62)  [10.0s]
  ep  87: R(t)=0.559  acc1=44.70%  acc2=43.79%  ens=44.25%  (best 47.01 @ ep 62)  [5.6s]
  ep  88: R(t)=0.559  acc1=43.81%  acc2=43.54%  ens=43.67%  (best 47.01 @ ep 62)  [5.5s]
  ep  89: R(t)=0.559  acc1=44.80%  acc2=44.04%  ens=44.42%  (best 47.01 @ ep 62)  [5.4s]
  ep  90: R(t)=0.559  acc1=46.13%  acc2=44.95%  ens=45.54%  (best 47.01 @ ep 62)  [5.3s]
  ep  91: R(t)=0.559  acc1=45.09%  acc2=44.91%  ens=45.00%  (best 47.01 @ ep 62)  [5.5s]
  ep  92: R(t)=0.559  acc1=44.92%  acc2=44.79%  ens=44.86%  (best 47.01 @ ep 62)  [5.4s]
  ep  93: R(t)=0.559  acc1=45.33%  acc2=45.19%  ens=45.26%  (best 47.01 @ ep 62)  [5.7s]
  ep  94: R(t)=0.559  acc1=44.03%  acc2=43.91%  ens=43.97%  (best 47.01 @ ep 62)  [5.4s]
  ep  95: R(t)=0.559  acc1=44.20%  acc2=44.37%  ens=44.28%  (best 47.01 @ ep 62)  [5.5s]
  ep  96: R(t)=0.559  acc1=44.08%  acc2=43.98%  ens=44.03%  (best 47.01 @ ep 62)  [5.4s]
  ep  97: R(t)=0.559  acc1=44.44%  acc2=44.20%  ens=44.32%  (best 47.01 @ ep 62)  [7.4s]
  ep  98: R(t)=0.559  acc1=44.49%  acc2=44.47%  ens=44.48%  (best 47.01 @ ep 62)  [13.9s]
  ep  99: R(t)=0.559  acc1=44.07%  acc2=44.07%  ens=44.07%  (best 47.01 @ ep 62)  [20.0s]  [sel1+2: prec=0.658, recall_clean=0.680]

saved /path/to/ciln-workspace/journal_edition/robustness_transfer/results_v4/coteaching/ours_v2_ccp_clean__gaussian_noise_sev3__seed1.json: best ens-acc 47.01% @ ep 62
