condition=ours_v2_ccp_noisy__contrast_sev5 seed=1 gpu=2
/path/to/ciln-workspace/venv/lib/python3.12/site-packages/torchvision/datasets/cifar.py:83: VisibleDeprecationWarning: dtype(): align should be passed as Python or NumPy boolean but got `align=0`. Did you mean to pass a tuple to create a subarray type? (Deprecated NumPy 2.4)
  entry = pickle.load(f, encoding="latin1")
image_source=noisy  N=17469  noise_rate=43.68%
  ep   0: R(t)=1.000  acc1=16.48%  acc2=17.46%  ens=16.97%  (best 16.97 @ ep 0)  [6.9s]
  ep   1: R(t)=0.862  acc1=19.86%  acc2=18.72%  ens=19.29%  (best 19.29 @ ep 1)  [5.6s]
  ep   2: R(t)=0.805  acc1=20.03%  acc2=20.13%  ens=20.08%  (best 20.08 @ ep 2)  [5.5s]
  ep   3: R(t)=0.761  acc1=19.96%  acc2=18.95%  ens=19.45%  (best 20.08 @ ep 2)  [5.7s]
  ep   4: R(t)=0.724  acc1=19.64%  acc2=17.62%  ens=18.63%  (best 20.08 @ ep 2)  [5.5s]
  ep   5: R(t)=0.691  acc1=20.51%  acc2=20.30%  ens=20.41%  (best 20.41 @ ep 5)  [11.0s]  [sel1+2: prec=0.503, recall_clean=0.624]
  ep   6: R(t)=0.662  acc1=18.88%  acc2=18.55%  ens=18.71%  (best 20.41 @ ep 5)  [5.2s]
  ep   7: R(t)=0.635  acc1=18.46%  acc2=18.06%  ens=18.26%  (best 20.41 @ ep 5)  [5.5s]
  ep   8: R(t)=0.609  acc1=18.77%  acc2=19.07%  ens=18.92%  (best 20.41 @ ep 5)  [5.6s]
  ep   9: R(t)=0.586  acc1=16.16%  acc2=17.08%  ens=16.62%  (best 20.41 @ ep 5)  [5.6s]
  ep  10: R(t)=0.563  acc1=20.10%  acc2=20.12%  ens=20.11%  (best 20.41 @ ep 5)  [8.7s]  [sel1+2: prec=0.460, recall_clean=0.469]
  ep  11: R(t)=0.563  acc1=19.23%  acc2=18.15%  ens=18.69%  (best 20.41 @ ep 5)  [5.7s]
  ep  12: R(t)=0.563  acc1=17.88%  acc2=18.30%  ens=18.09%  (best 20.41 @ ep 5)  [5.5s]
  ep  13: R(t)=0.563  acc1=18.66%  acc2=17.63%  ens=18.14%  (best 20.41 @ ep 5)  [5.5s]
  ep  14: R(t)=0.563  acc1=19.28%  acc2=17.70%  ens=18.49%  (best 20.41 @ ep 5)  [5.6s]
  ep  15: R(t)=0.563  acc1=17.30%  acc2=17.95%  ens=17.62%  (best 20.41 @ ep 5)  [6.3s]
  ep  16: R(t)=0.563  acc1=19.82%  acc2=19.76%  ens=19.79%  (best 20.41 @ ep 5)  [14.8s]
  ep  17: R(t)=0.563  acc1=17.36%  acc2=17.20%  ens=17.28%  (best 20.41 @ ep 5)  [16.8s]
  ep  18: R(t)=0.563  acc1=19.89%  acc2=21.42%  ens=20.66%  (best 20.66 @ ep 18)  [15.9s]
  ep  19: R(t)=0.563  acc1=20.01%  acc2=19.20%  ens=19.61%  (best 20.66 @ ep 18)  [13.4s]
  ep  20: R(t)=0.563  acc1=17.53%  acc2=18.24%  ens=17.89%  (best 20.66 @ ep 18)  [8.6s]  [sel1+2: prec=0.470, recall_clean=0.480]
  ep  21: R(t)=0.563  acc1=16.96%  acc2=16.77%  ens=16.86%  (best 20.66 @ ep 18)  [5.4s]
  ep  22: R(t)=0.563  acc1=17.37%  acc2=17.51%  ens=17.44%  (best 20.66 @ ep 18)  [5.6s]
  ep  23: R(t)=0.563  acc1=17.21%  acc2=17.68%  ens=17.45%  (best 20.66 @ ep 18)  [5.6s]
  ep  24: R(t)=0.563  acc1=16.16%  acc2=16.74%  ens=16.45%  (best 20.66 @ ep 18)  [5.7s]
  ep  25: R(t)=0.563  acc1=18.70%  acc2=18.60%  ens=18.65%  (best 20.66 @ ep 18)  [5.8s]
  ep  26: R(t)=0.563  acc1=18.62%  acc2=19.97%  ens=19.30%  (best 20.66 @ ep 18)  [5.6s]
  ep  27: R(t)=0.563  acc1=17.47%  acc2=19.01%  ens=18.24%  (best 20.66 @ ep 18)  [5.5s]
  ep  28: R(t)=0.563  acc1=17.07%  acc2=18.08%  ens=17.57%  (best 20.66 @ ep 18)  [5.7s]
  ep  29: R(t)=0.563  acc1=18.86%  acc2=19.92%  ens=19.39%  (best 20.66 @ ep 18)  [5.4s]
  ep  30: R(t)=0.563  acc1=19.95%  acc2=20.59%  ens=20.27%  (best 20.66 @ ep 18)  [20.0s]  [sel1+2: prec=0.474, recall_clean=0.484]
  ep  31: R(t)=0.563  acc1=17.26%  acc2=18.46%  ens=17.86%  (best 20.66 @ ep 18)  [13.8s]
  ep  32: R(t)=0.563  acc1=19.79%  acc2=19.49%  ens=19.64%  (best 20.66 @ ep 18)  [5.6s]
  ep  33: R(t)=0.563  acc1=17.85%  acc2=18.23%  ens=18.04%  (best 20.66 @ ep 18)  [5.9s]
  ep  34: R(t)=0.563  acc1=22.00%  acc2=21.25%  ens=21.62%  (best 21.62 @ ep 34)  [5.6s]
  ep  35: R(t)=0.563  acc1=20.36%  acc2=22.14%  ens=21.25%  (best 21.62 @ ep 34)  [5.4s]
  ep  36: R(t)=0.563  acc1=19.19%  acc2=19.61%  ens=19.40%  (best 21.62 @ ep 34)  [5.7s]
  ep  37: R(t)=0.563  acc1=19.35%  acc2=20.96%  ens=20.16%  (best 21.62 @ ep 34)  [5.5s]
  ep  38: R(t)=0.563  acc1=19.69%  acc2=21.53%  ens=20.61%  (best 21.62 @ ep 34)  [5.4s]
  ep  39: R(t)=0.563  acc1=19.12%  acc2=19.28%  ens=19.20%  (best 21.62 @ ep 34)  [5.5s]
  ep  40: R(t)=0.563  acc1=22.48%  acc2=21.40%  ens=21.94%  (best 21.94 @ ep 40)  [5.8s]
  ep  41: R(t)=0.563  acc1=18.09%  acc2=21.05%  ens=19.57%  (best 21.94 @ ep 40)  [5.4s]
  ep  42: R(t)=0.563  acc1=18.10%  acc2=19.56%  ens=18.83%  (best 21.94 @ ep 40)  [10.2s]
  ep  43: R(t)=0.563  acc1=20.30%  acc2=21.18%  ens=20.74%  (best 21.94 @ ep 40)  [16.7s]
  ep  44: R(t)=0.563  acc1=20.77%  acc2=20.60%  ens=20.68%  (best 21.94 @ ep 40)  [17.1s]
  ep  45: R(t)=0.563  acc1=17.53%  acc2=19.31%  ens=18.42%  (best 21.94 @ ep 40)  [16.1s]
  ep  46: R(t)=0.563  acc1=19.68%  acc2=20.87%  ens=20.27%  (best 21.94 @ ep 40)  [16.7s]
  ep  47: R(t)=0.563  acc1=18.81%  acc2=20.24%  ens=19.52%  (best 21.94 @ ep 40)  [16.0s]
  ep  48: R(t)=0.563  acc1=20.91%  acc2=21.30%  ens=21.11%  (best 21.94 @ ep 40)  [15.6s]
  ep  49: R(t)=0.563  acc1=22.17%  acc2=23.10%  ens=22.63%  (best 22.63 @ ep 49)  [12.4s]
  ep  50: R(t)=0.563  acc1=19.87%  acc2=19.67%  ens=19.77%  (best 22.63 @ ep 49)  [8.3s]  [sel1+2: prec=0.481, recall_clean=0.491]
  ep  51: R(t)=0.563  acc1=22.25%  acc2=23.62%  ens=22.93%  (best 22.93 @ ep 51)  [5.8s]
  ep  52: R(t)=0.563  acc1=21.34%  acc2=22.22%  ens=21.78%  (best 22.93 @ ep 51)  [5.8s]
  ep  53: R(t)=0.563  acc1=22.18%  acc2=21.71%  ens=21.94%  (best 22.93 @ ep 51)  [5.7s]
  ep  54: R(t)=0.563  acc1=22.93%  acc2=21.84%  ens=22.38%  (best 22.93 @ ep 51)  [5.8s]
  ep  55: R(t)=0.563  acc1=20.67%  acc2=22.45%  ens=21.56%  (best 22.93 @ ep 51)  [5.6s]
  ep  56: R(t)=0.563  acc1=23.11%  acc2=23.43%  ens=23.27%  (best 23.27 @ ep 56)  [5.5s]
  ep  57: R(t)=0.563  acc1=24.93%  acc2=24.48%  ens=24.70%  (best 24.70 @ ep 57)  [5.7s]
  ep  58: R(t)=0.563  acc1=20.85%  acc2=21.11%  ens=20.98%  (best 24.70 @ ep 57)  [5.6s]
  ep  59: R(t)=0.563  acc1=21.29%  acc2=22.21%  ens=21.75%  (best 24.70 @ ep 57)  [7.1s]
  ep  60: R(t)=0.563  acc1=22.67%  acc2=23.26%  ens=22.97%  (best 24.70 @ ep 57)  [15.6s]
  ep  61: R(t)=0.563  acc1=22.35%  acc2=24.16%  ens=23.25%  (best 24.70 @ ep 57)  [15.4s]
  ep  62: R(t)=0.563  acc1=20.99%  acc2=21.93%  ens=21.46%  (best 24.70 @ ep 57)  [16.0s]
  ep  63: R(t)=0.563  acc1=20.53%  acc2=21.84%  ens=21.19%  (best 24.70 @ ep 57)  [12.1s]
  ep  64: R(t)=0.563  acc1=21.71%  acc2=22.12%  ens=21.92%  (best 24.70 @ ep 57)  [5.8s]
  ep  65: R(t)=0.563  acc1=21.77%  acc2=22.27%  ens=22.02%  (best 24.70 @ ep 57)  [5.7s]
  ep  66: R(t)=0.563  acc1=21.37%  acc2=22.00%  ens=21.68%  (best 24.70 @ ep 57)  [5.6s]
  ep  67: R(t)=0.563  acc1=20.54%  acc2=21.06%  ens=20.80%  (best 24.70 @ ep 57)  [5.8s]
  ep  68: R(t)=0.563  acc1=20.98%  acc2=21.36%  ens=21.17%  (best 24.70 @ ep 57)  [5.8s]
  ep  69: R(t)=0.563  acc1=22.58%  acc2=23.27%  ens=22.93%  (best 24.70 @ ep 57)  [5.4s]
  ep  70: R(t)=0.563  acc1=21.50%  acc2=21.07%  ens=21.28%  (best 24.70 @ ep 57)  [5.5s]
  ep  71: R(t)=0.563  acc1=23.33%  acc2=23.00%  ens=23.17%  (best 24.70 @ ep 57)  [5.5s]
  ep  72: R(t)=0.563  acc1=23.98%  acc2=23.78%  ens=23.88%  (best 24.70 @ ep 57)  [5.4s]
  ep  73: R(t)=0.563  acc1=23.31%  acc2=23.14%  ens=23.23%  (best 24.70 @ ep 57)  [5.4s]
  ep  74: R(t)=0.563  acc1=21.58%  acc2=23.05%  ens=22.32%  (best 24.70 @ ep 57)  [5.8s]
  ep  75: R(t)=0.563  acc1=22.88%  acc2=22.68%  ens=22.78%  (best 24.70 @ ep 57)  [16.0s]  [sel1+2: prec=0.500, recall_clean=0.510]
  ep  76: R(t)=0.563  acc1=22.74%  acc2=22.64%  ens=22.69%  (best 24.70 @ ep 57)  [5.5s]
  ep  77: R(t)=0.563  acc1=21.89%  acc2=20.61%  ens=21.25%  (best 24.70 @ ep 57)  [5.5s]
  ep  78: R(t)=0.563  acc1=22.85%  acc2=23.01%  ens=22.93%  (best 24.70 @ ep 57)  [5.6s]
  ep  79: R(t)=0.563  acc1=20.56%  acc2=20.83%  ens=20.70%  (best 24.70 @ ep 57)  [5.7s]
  ep  80: R(t)=0.563  acc1=20.90%  acc2=22.14%  ens=21.52%  (best 24.70 @ ep 57)  [5.5s]
  ep  81: R(t)=0.563  acc1=22.52%  acc2=22.12%  ens=22.32%  (best 24.70 @ ep 57)  [5.6s]
  ep  82: R(t)=0.563  acc1=21.12%  acc2=21.41%  ens=21.27%  (best 24.70 @ ep 57)  [5.4s]
  ep  83: R(t)=0.563  acc1=21.45%  acc2=21.84%  ens=21.64%  (best 24.70 @ ep 57)  [5.9s]
  ep  84: R(t)=0.563  acc1=21.20%  acc2=22.00%  ens=21.60%  (best 24.70 @ ep 57)  [5.5s]
  ep  85: R(t)=0.563  acc1=21.74%  acc2=20.58%  ens=21.16%  (best 24.70 @ ep 57)  [5.8s]
  ep  86: R(t)=0.563  acc1=21.90%  acc2=21.22%  ens=21.56%  (best 24.70 @ ep 57)  [5.9s]
  ep  87: R(t)=0.563  acc1=21.75%  acc2=22.65%  ens=22.20%  (best 24.70 @ ep 57)  [5.6s]
  ep  88: R(t)=0.563  acc1=21.92%  acc2=22.06%  ens=21.99%  (best 24.70 @ ep 57)  [5.3s]
  ep  89: R(t)=0.563  acc1=21.19%  acc2=21.05%  ens=21.12%  (best 24.70 @ ep 57)  [5.4s]
  ep  90: R(t)=0.563  acc1=21.89%  acc2=21.62%  ens=21.76%  (best 24.70 @ ep 57)  [5.7s]
  ep  91: R(t)=0.563  acc1=21.54%  acc2=21.12%  ens=21.33%  (best 24.70 @ ep 57)  [5.6s]
  ep  92: R(t)=0.563  acc1=21.50%  acc2=21.73%  ens=21.62%  (best 24.70 @ ep 57)  [5.6s]
  ep  93: R(t)=0.563  acc1=21.36%  acc2=21.90%  ens=21.63%  (best 24.70 @ ep 57)  [5.8s]
  ep  94: R(t)=0.563  acc1=21.23%  acc2=21.54%  ens=21.38%  (best 24.70 @ ep 57)  [5.6s]
  ep  95: R(t)=0.563  acc1=21.13%  acc2=21.19%  ens=21.16%  (best 24.70 @ ep 57)  [5.6s]
  ep  96: R(t)=0.563  acc1=21.19%  acc2=21.46%  ens=21.32%  (best 24.70 @ ep 57)  [5.6s]
  ep  97: R(t)=0.563  acc1=21.36%  acc2=21.52%  ens=21.44%  (best 24.70 @ ep 57)  [13.7s]
  ep  98: R(t)=0.563  acc1=20.98%  acc2=21.11%  ens=21.04%  (best 24.70 @ ep 57)  [14.7s]
  ep  99: R(t)=0.563  acc1=21.31%  acc2=21.49%  ens=21.40%  (best 24.70 @ ep 57)  [18.6s]  [sel1+2: prec=0.513, recall_clean=0.523]

saved /path/to/ciln-workspace/journal_edition/robustness_transfer/results_v4/coteaching/ours_v2_ccp_noisy__contrast_sev5__seed1.json: best ens-acc 24.70% @ ep 57
