condition=ours_v2_ccp_clean__contrast_sev5 seed=0 gpu=1
/path/to/ciln-workspace/venv/lib/python3.12/site-packages/torchvision/datasets/cifar.py:83: VisibleDeprecationWarning: dtype(): align should be passed as Python or NumPy boolean but got `align=0`. Did you mean to pass a tuple to create a subarray type? (Deprecated NumPy 2.4)
  entry = pickle.load(f, encoding="latin1")
image_source=clean  N=17469  noise_rate=43.68%
  ep   0: R(t)=1.000  acc1=23.21%  acc2=22.12%  ens=22.67%  (best 22.67 @ ep 0)  [6.3s]
  ep   1: R(t)=0.862  acc1=26.34%  acc2=25.91%  ens=26.12%  (best 26.12 @ ep 1)  [5.6s]
  ep   2: R(t)=0.805  acc1=28.12%  acc2=28.06%  ens=28.09%  (best 28.09 @ ep 2)  [5.7s]
  ep   3: R(t)=0.761  acc1=28.09%  acc2=28.72%  ens=28.41%  (best 28.41 @ ep 3)  [5.4s]
  ep   4: R(t)=0.724  acc1=32.49%  acc2=31.19%  ens=31.84%  (best 31.84 @ ep 4)  [5.5s]
  ep   5: R(t)=0.691  acc1=30.91%  acc2=30.66%  ens=30.78%  (best 31.84 @ ep 4)  [8.1s]  [sel1+2: prec=0.550, recall_clean=0.696]
  ep   6: R(t)=0.662  acc1=31.01%  acc2=27.96%  ens=29.48%  (best 31.84 @ ep 4)  [5.6s]
  ep   7: R(t)=0.635  acc1=28.07%  acc2=27.00%  ens=27.53%  (best 31.84 @ ep 4)  [9.4s]
  ep   8: R(t)=0.609  acc1=32.60%  acc2=32.81%  ens=32.70%  (best 32.70 @ ep 8)  [13.9s]
  ep   9: R(t)=0.586  acc1=29.85%  acc2=32.35%  ens=31.10%  (best 32.70 @ ep 8)  [15.0s]
  ep  10: R(t)=0.563  acc1=29.79%  acc2=27.86%  ens=28.82%  (best 32.70 @ ep 8)  [18.9s]  [sel1+2: prec=0.551, recall_clean=0.576]
  ep  11: R(t)=0.563  acc1=30.95%  acc2=27.06%  ens=29.01%  (best 32.70 @ ep 8)  [14.5s]
  ep  12: R(t)=0.563  acc1=30.79%  acc2=31.87%  ens=31.33%  (best 32.70 @ ep 8)  [14.6s]
  ep  13: R(t)=0.563  acc1=31.98%  acc2=29.28%  ens=30.63%  (best 32.70 @ ep 8)  [13.8s]
  ep  14: R(t)=0.563  acc1=34.34%  acc2=34.79%  ens=34.56%  (best 34.56 @ ep 14)  [13.2s]
  ep  15: R(t)=0.563  acc1=31.91%  acc2=32.81%  ens=32.36%  (best 34.56 @ ep 14)  [15.3s]
  ep  16: R(t)=0.563  acc1=34.68%  acc2=33.43%  ens=34.05%  (best 34.56 @ ep 14)  [13.8s]
  ep  17: R(t)=0.563  acc1=36.49%  acc2=34.62%  ens=35.56%  (best 35.56 @ ep 17)  [15.1s]
  ep  18: R(t)=0.563  acc1=34.37%  acc2=34.14%  ens=34.26%  (best 35.56 @ ep 17)  [13.7s]
  ep  19: R(t)=0.563  acc1=35.80%  acc2=37.23%  ens=36.52%  (best 36.52 @ ep 19)  [15.2s]
  ep  20: R(t)=0.563  acc1=32.45%  acc2=35.06%  ens=33.76%  (best 36.52 @ ep 19)  [18.3s]  [sel1+2: prec=0.575, recall_clean=0.601]
  ep  21: R(t)=0.563  acc1=37.84%  acc2=37.67%  ens=37.76%  (best 37.76 @ ep 21)  [14.4s]
  ep  22: R(t)=0.563  acc1=28.26%  acc2=32.48%  ens=30.37%  (best 37.76 @ ep 21)  [14.7s]
  ep  23: R(t)=0.563  acc1=32.82%  acc2=36.11%  ens=34.47%  (best 37.76 @ ep 21)  [14.0s]
  ep  24: R(t)=0.563  acc1=31.42%  acc2=31.68%  ens=31.55%  (best 37.76 @ ep 21)  [13.4s]
  ep  25: R(t)=0.563  acc1=34.31%  acc2=36.41%  ens=35.36%  (best 37.76 @ ep 21)  [15.0s]
  ep  26: R(t)=0.563  acc1=30.73%  acc2=30.53%  ens=30.63%  (best 37.76 @ ep 21)  [13.8s]
  ep  27: R(t)=0.563  acc1=38.19%  acc2=35.28%  ens=36.73%  (best 37.76 @ ep 21)  [14.5s]
  ep  28: R(t)=0.563  acc1=28.89%  acc2=29.89%  ens=29.39%  (best 37.76 @ ep 21)  [13.8s]
  ep  29: R(t)=0.563  acc1=33.04%  acc2=34.32%  ens=33.68%  (best 37.76 @ ep 21)  [15.0s]
  ep  30: R(t)=0.563  acc1=39.99%  acc2=38.53%  ens=39.26%  (best 39.26 @ ep 30)  [22.2s]  [sel1+2: prec=0.580, recall_clean=0.605]
  ep  31: R(t)=0.563  acc1=28.92%  acc2=32.31%  ens=30.62%  (best 39.26 @ ep 30)  [13.3s]
  ep  32: R(t)=0.563  acc1=39.67%  acc2=39.19%  ens=39.43%  (best 39.43 @ ep 32)  [13.3s]
  ep  33: R(t)=0.563  acc1=35.27%  acc2=32.71%  ens=33.99%  (best 39.43 @ ep 32)  [13.9s]
  ep  34: R(t)=0.563  acc1=37.25%  acc2=38.53%  ens=37.89%  (best 39.43 @ ep 32)  [13.7s]
  ep  35: R(t)=0.563  acc1=34.43%  acc2=39.49%  ens=36.96%  (best 39.43 @ ep 32)  [14.3s]
  ep  36: R(t)=0.563  acc1=39.65%  acc2=37.50%  ens=38.58%  (best 39.43 @ ep 32)  [14.4s]
  ep  37: R(t)=0.563  acc1=39.78%  acc2=39.34%  ens=39.56%  (best 39.56 @ ep 37)  [11.7s]
  ep  38: R(t)=0.563  acc1=40.75%  acc2=40.02%  ens=40.38%  (best 40.38 @ ep 38)  [5.6s]
  ep  39: R(t)=0.563  acc1=42.80%  acc2=39.24%  ens=41.02%  (best 41.02 @ ep 39)  [5.1s]
  ep  40: R(t)=0.563  acc1=36.38%  acc2=40.24%  ens=38.31%  (best 41.02 @ ep 39)  [5.4s]
  ep  41: R(t)=0.563  acc1=41.75%  acc2=41.93%  ens=41.84%  (best 41.84 @ ep 41)  [5.5s]
  ep  42: R(t)=0.563  acc1=43.73%  acc2=44.15%  ens=43.94%  (best 43.94 @ ep 42)  [5.5s]
  ep  43: R(t)=0.563  acc1=40.53%  acc2=37.18%  ens=38.86%  (best 43.94 @ ep 42)  [5.3s]
  ep  44: R(t)=0.563  acc1=37.82%  acc2=34.70%  ens=36.26%  (best 43.94 @ ep 42)  [5.6s]
  ep  45: R(t)=0.563  acc1=38.47%  acc2=40.24%  ens=39.35%  (best 43.94 @ ep 42)  [5.5s]
  ep  46: R(t)=0.563  acc1=33.84%  acc2=36.54%  ens=35.19%  (best 43.94 @ ep 42)  [5.4s]
  ep  47: R(t)=0.563  acc1=40.90%  acc2=39.87%  ens=40.38%  (best 43.94 @ ep 42)  [5.7s]
  ep  48: R(t)=0.563  acc1=39.22%  acc2=35.99%  ens=37.60%  (best 43.94 @ ep 42)  [5.6s]
  ep  49: R(t)=0.563  acc1=40.57%  acc2=40.99%  ens=40.78%  (best 43.94 @ ep 42)  [17.9s]
  ep  50: R(t)=0.563  acc1=39.66%  acc2=39.59%  ens=39.62%  (best 43.94 @ ep 42)  [21.7s]  [sel1+2: prec=0.601, recall_clean=0.627]
  ep  51: R(t)=0.563  acc1=37.04%  acc2=38.28%  ens=37.66%  (best 43.94 @ ep 42)  [16.1s]
  ep  52: R(t)=0.563  acc1=37.23%  acc2=37.96%  ens=37.59%  (best 43.94 @ ep 42)  [16.2s]
  ep  53: R(t)=0.563  acc1=42.49%  acc2=43.31%  ens=42.90%  (best 43.94 @ ep 42)  [16.4s]
  ep  54: R(t)=0.563  acc1=39.21%  acc2=39.77%  ens=39.49%  (best 43.94 @ ep 42)  [5.9s]
  ep  55: R(t)=0.563  acc1=44.30%  acc2=40.95%  ens=42.62%  (best 43.94 @ ep 42)  [5.5s]
  ep  56: R(t)=0.563  acc1=43.65%  acc2=41.78%  ens=42.72%  (best 43.94 @ ep 42)  [5.5s]
  ep  57: R(t)=0.563  acc1=37.84%  acc2=40.24%  ens=39.04%  (best 43.94 @ ep 42)  [5.6s]
  ep  58: R(t)=0.563  acc1=38.20%  acc2=38.91%  ens=38.55%  (best 43.94 @ ep 42)  [5.4s]
  ep  59: R(t)=0.563  acc1=35.03%  acc2=36.84%  ens=35.94%  (best 43.94 @ ep 42)  [5.6s]
  ep  60: R(t)=0.563  acc1=41.47%  acc2=43.77%  ens=42.62%  (best 43.94 @ ep 42)  [5.6s]
  ep  61: R(t)=0.563  acc1=40.26%  acc2=39.61%  ens=39.93%  (best 43.94 @ ep 42)  [5.6s]
  ep  62: R(t)=0.563  acc1=40.12%  acc2=40.52%  ens=40.32%  (best 43.94 @ ep 42)  [5.5s]
  ep  63: R(t)=0.563  acc1=43.79%  acc2=40.34%  ens=42.06%  (best 43.94 @ ep 42)  [5.5s]
  ep  64: R(t)=0.563  acc1=42.00%  acc2=41.33%  ens=41.66%  (best 43.94 @ ep 42)  [5.6s]
  ep  65: R(t)=0.563  acc1=41.30%  acc2=40.32%  ens=40.81%  (best 43.94 @ ep 42)  [9.7s]
  ep  66: R(t)=0.563  acc1=40.99%  acc2=40.02%  ens=40.51%  (best 43.94 @ ep 42)  [5.8s]
  ep  67: R(t)=0.563  acc1=44.93%  acc2=42.32%  ens=43.62%  (best 43.94 @ ep 42)  [5.3s]
  ep  68: R(t)=0.563  acc1=40.84%  acc2=40.78%  ens=40.81%  (best 43.94 @ ep 42)  [5.6s]
  ep  69: R(t)=0.563  acc1=45.37%  acc2=42.30%  ens=43.84%  (best 43.94 @ ep 42)  [5.3s]
  ep  70: R(t)=0.563  acc1=41.95%  acc2=40.62%  ens=41.28%  (best 43.94 @ ep 42)  [5.6s]
  ep  71: R(t)=0.563  acc1=43.22%  acc2=40.77%  ens=41.99%  (best 43.94 @ ep 42)  [5.4s]
  ep  72: R(t)=0.563  acc1=40.28%  acc2=40.77%  ens=40.52%  (best 43.94 @ ep 42)  [5.4s]
  ep  73: R(t)=0.563  acc1=46.00%  acc2=45.31%  ens=45.66%  (best 45.66 @ ep 73)  [5.3s]
  ep  74: R(t)=0.563  acc1=43.46%  acc2=42.73%  ens=43.09%  (best 45.66 @ ep 73)  [5.3s]
  ep  75: R(t)=0.563  acc1=41.86%  acc2=40.07%  ens=40.97%  (best 45.66 @ ep 73)  [8.7s]  [sel1+2: prec=0.629, recall_clean=0.650]
  ep  76: R(t)=0.563  acc1=42.40%  acc2=41.73%  ens=42.06%  (best 45.66 @ ep 73)  [8.1s]
  ep  77: R(t)=0.563  acc1=42.68%  acc2=43.13%  ens=42.91%  (best 45.66 @ ep 73)  [14.2s]
  ep  78: R(t)=0.563  acc1=44.18%  acc2=42.43%  ens=43.31%  (best 45.66 @ ep 73)  [15.8s]
  ep  79: R(t)=0.563  acc1=43.38%  acc2=43.10%  ens=43.24%  (best 45.66 @ ep 73)  [16.0s]
  ep  80: R(t)=0.563  acc1=43.57%  acc2=43.83%  ens=43.70%  (best 45.66 @ ep 73)  [14.4s]
  ep  81: R(t)=0.563  acc1=44.52%  acc2=44.08%  ens=44.30%  (best 45.66 @ ep 73)  [14.1s]
  ep  82: R(t)=0.563  acc1=43.42%  acc2=43.96%  ens=43.69%  (best 45.66 @ ep 73)  [15.4s]
  ep  83: R(t)=0.563  acc1=44.51%  acc2=44.08%  ens=44.30%  (best 45.66 @ ep 73)  [14.4s]
  ep  84: R(t)=0.563  acc1=45.61%  acc2=45.32%  ens=45.47%  (best 45.66 @ ep 73)  [14.6s]
  ep  85: R(t)=0.563  acc1=42.91%  acc2=42.89%  ens=42.90%  (best 45.66 @ ep 73)  [5.6s]
  ep  86: R(t)=0.563  acc1=43.13%  acc2=43.38%  ens=43.25%  (best 45.66 @ ep 73)  [6.0s]
  ep  87: R(t)=0.563  acc1=42.77%  acc2=42.78%  ens=42.77%  (best 45.66 @ ep 73)  [5.5s]
  ep  88: R(t)=0.563  acc1=43.73%  acc2=43.29%  ens=43.51%  (best 45.66 @ ep 73)  [5.5s]
  ep  89: R(t)=0.563  acc1=43.26%  acc2=43.57%  ens=43.41%  (best 45.66 @ ep 73)  [5.5s]
  ep  90: R(t)=0.563  acc1=44.03%  acc2=43.91%  ens=43.97%  (best 45.66 @ ep 73)  [5.5s]
  ep  91: R(t)=0.563  acc1=44.14%  acc2=43.80%  ens=43.97%  (best 45.66 @ ep 73)  [5.4s]
  ep  92: R(t)=0.563  acc1=44.17%  acc2=44.11%  ens=44.14%  (best 45.66 @ ep 73)  [5.5s]
  ep  93: R(t)=0.563  acc1=43.26%  acc2=43.34%  ens=43.30%  (best 45.66 @ ep 73)  [5.5s]
  ep  94: R(t)=0.563  acc1=44.18%  acc2=44.26%  ens=44.22%  (best 45.66 @ ep 73)  [5.5s]
  ep  95: R(t)=0.563  acc1=44.66%  acc2=44.63%  ens=44.65%  (best 45.66 @ ep 73)  [5.6s]
  ep  96: R(t)=0.563  acc1=44.34%  acc2=44.42%  ens=44.38%  (best 45.66 @ ep 73)  [12.4s]
  ep  97: R(t)=0.563  acc1=44.41%  acc2=44.56%  ens=44.48%  (best 45.66 @ ep 73)  [5.7s]
  ep  98: R(t)=0.563  acc1=44.17%  acc2=44.17%  ens=44.17%  (best 45.66 @ ep 73)  [5.4s]
  ep  99: R(t)=0.563  acc1=44.40%  acc2=44.38%  ens=44.39%  (best 45.66 @ ep 73)  [8.6s]  [sel1+2: prec=0.633, recall_clean=0.646]

saved /path/to/ciln-workspace/journal_edition/robustness_transfer/results_v4/coteaching/ours_v2_ccp_clean__contrast_sev5__seed0.json: best ens-acc 45.66% @ ep 73
