condition=ours_v2_ccp_noisy__shot_noise_sev5 seed=0 gpu=2
/path/to/ciln-workspace/venv/lib/python3.12/site-packages/torchvision/datasets/cifar.py:83: VisibleDeprecationWarning: dtype(): align should be passed as Python or NumPy boolean but got `align=0`. Did you mean to pass a tuple to create a subarray type? (Deprecated NumPy 2.4)
  entry = pickle.load(f, encoding="latin1")
image_source=noisy  N=17469  noise_rate=50.97%
  ep   0: loss=1.8496  test_acc=17.57%  (best 17.57 @ ep 0)  [3.8s]
  ep   1: loss=1.7125  test_acc=20.69%  (best 20.69 @ ep 1)  [3.0s]
  ep   2: loss=1.6335  test_acc=18.99%  (best 20.69 @ ep 1)  [3.1s]
  ep   3: loss=1.5768  test_acc=24.24%  (best 24.24 @ ep 3)  [3.1s]
  ep   4: loss=1.5262  test_acc=24.10%  (best 24.24 @ ep 3)  [3.0s]
  ep   5: loss=1.4893  test_acc=28.85%  (best 28.85 @ ep 5)  [4.5s]  [logged per-sample loss: mean=1.457]
  ep   6: loss=1.4580  test_acc=29.22%  (best 29.22 @ ep 6)  [3.1s]
  ep   7: loss=1.4381  test_acc=34.38%  (best 34.38 @ ep 7)  [3.0s]
  ep   8: loss=1.4121  test_acc=37.99%  (best 37.99 @ ep 8)  [3.0s]
  ep   9: loss=1.3920  test_acc=32.13%  (best 37.99 @ ep 8)  [3.2s]
  ep  10: loss=1.3864  test_acc=38.06%  (best 38.06 @ ep 10)  [4.4s]  [logged per-sample loss: mean=1.391]
  ep  11: loss=1.3724  test_acc=32.95%  (best 38.06 @ ep 10)  [3.0s]
  ep  12: loss=1.3622  test_acc=39.98%  (best 39.98 @ ep 12)  [3.1s]
  ep  13: loss=1.3481  test_acc=33.57%  (best 39.98 @ ep 12)  [3.2s]
  ep  14: loss=1.3355  test_acc=40.32%  (best 40.32 @ ep 14)  [3.0s]
  ep  15: loss=1.3245  test_acc=33.36%  (best 40.32 @ ep 14)  [3.0s]
  ep  16: loss=1.3199  test_acc=42.62%  (best 42.62 @ ep 16)  [3.1s]
  ep  17: loss=1.3178  test_acc=42.70%  (best 42.70 @ ep 17)  [6.4s]
  ep  18: loss=1.3088  test_acc=29.33%  (best 42.70 @ ep 17)  [6.8s]
  ep  19: loss=1.3059  test_acc=37.13%  (best 42.70 @ ep 17)  [6.8s]
  ep  20: loss=1.2940  test_acc=41.30%  (best 42.70 @ ep 17)  [9.5s]  [logged per-sample loss: mean=1.319]
  ep  21: loss=1.2869  test_acc=42.02%  (best 42.70 @ ep 17)  [9.2s]
  ep  22: loss=1.2826  test_acc=29.97%  (best 42.70 @ ep 17)  [3.3s]
  ep  23: loss=1.2788  test_acc=33.28%  (best 42.70 @ ep 17)  [3.0s]
  ep  24: loss=1.2696  test_acc=37.00%  (best 42.70 @ ep 17)  [3.1s]
  ep  25: loss=1.2628  test_acc=46.17%  (best 46.17 @ ep 25)  [3.0s]
  ep  26: loss=1.2551  test_acc=47.27%  (best 47.27 @ ep 26)  [3.1s]
  ep  27: loss=1.2539  test_acc=36.51%  (best 47.27 @ ep 26)  [3.2s]
  ep  28: loss=1.2419  test_acc=48.65%  (best 48.65 @ ep 28)  [3.1s]
  ep  29: loss=1.2370  test_acc=40.60%  (best 48.65 @ ep 28)  [3.2s]
  ep  30: loss=1.2248  test_acc=50.78%  (best 50.78 @ ep 30)  [4.5s]  [logged per-sample loss: mean=1.268]
  ep  31: loss=1.2178  test_acc=42.44%  (best 50.78 @ ep 30)  [3.2s]
  ep  32: loss=1.2207  test_acc=39.11%  (best 50.78 @ ep 30)  [3.2s]
  ep  33: loss=1.2177  test_acc=42.10%  (best 50.78 @ ep 30)  [3.1s]
  ep  34: loss=1.2140  test_acc=42.79%  (best 50.78 @ ep 30)  [3.0s]
  ep  35: loss=1.2032  test_acc=43.40%  (best 50.78 @ ep 30)  [2.9s]
  ep  36: loss=1.1994  test_acc=33.79%  (best 50.78 @ ep 30)  [3.0s]
  ep  37: loss=1.1886  test_acc=40.97%  (best 50.78 @ ep 30)  [3.2s]
  ep  38: loss=1.1865  test_acc=48.57%  (best 50.78 @ ep 30)  [3.3s]
  ep  39: loss=1.1792  test_acc=46.78%  (best 50.78 @ ep 30)  [3.1s]
  ep  40: loss=1.1772  test_acc=40.76%  (best 50.78 @ ep 30)  [3.3s]
  ep  41: loss=1.1714  test_acc=45.95%  (best 50.78 @ ep 30)  [6.8s]
  ep  42: loss=1.1605  test_acc=45.86%  (best 50.78 @ ep 30)  [6.8s]
  ep  43: loss=1.1602  test_acc=45.36%  (best 50.78 @ ep 30)  [7.0s]
  ep  44: loss=1.1543  test_acc=44.97%  (best 50.78 @ ep 30)  [7.0s]
  ep  45: loss=1.1504  test_acc=41.81%  (best 50.78 @ ep 30)  [6.9s]
  ep  46: loss=1.1383  test_acc=44.10%  (best 50.78 @ ep 30)  [6.6s]
  ep  47: loss=1.1284  test_acc=34.20%  (best 50.78 @ ep 30)  [6.8s]
  ep  48: loss=1.1282  test_acc=43.77%  (best 50.78 @ ep 30)  [6.5s]
  ep  49: loss=1.1279  test_acc=38.89%  (best 50.78 @ ep 30)  [6.8s]
  ep  50: loss=1.1151  test_acc=44.25%  (best 50.78 @ ep 30)  [8.8s]  [logged per-sample loss: mean=1.107]
  ep  51: loss=1.1131  test_acc=40.40%  (best 50.78 @ ep 30)  [7.2s]
  ep  52: loss=1.1038  test_acc=44.52%  (best 50.78 @ ep 30)  [7.5s]
  ep  53: loss=1.0942  test_acc=47.33%  (best 50.78 @ ep 30)  [6.5s]
  ep  54: loss=1.0887  test_acc=42.08%  (best 50.78 @ ep 30)  [6.5s]
  ep  55: loss=1.0810  test_acc=42.19%  (best 50.78 @ ep 30)  [7.0s]
  ep  56: loss=1.0737  test_acc=47.34%  (best 50.78 @ ep 30)  [6.9s]
  ep  57: loss=1.0657  test_acc=43.66%  (best 50.78 @ ep 30)  [6.9s]
  ep  58: loss=1.0590  test_acc=51.32%  (best 51.32 @ ep 58)  [6.8s]
  ep  59: loss=1.0531  test_acc=42.38%  (best 51.32 @ ep 58)  [6.6s]
  ep  60: loss=1.0394  test_acc=46.16%  (best 51.32 @ ep 58)  [6.6s]
  ep  61: loss=1.0275  test_acc=46.26%  (best 51.32 @ ep 58)  [6.6s]
  ep  62: loss=1.0228  test_acc=45.84%  (best 51.32 @ ep 58)  [7.0s]
  ep  63: loss=1.0050  test_acc=48.28%  (best 51.32 @ ep 58)  [6.7s]
  ep  64: loss=1.0073  test_acc=43.99%  (best 51.32 @ ep 58)  [6.7s]
  ep  65: loss=0.9920  test_acc=44.32%  (best 51.32 @ ep 58)  [6.9s]
  ep  66: loss=0.9852  test_acc=53.53%  (best 53.53 @ ep 66)  [6.9s]
  ep  67: loss=0.9632  test_acc=41.76%  (best 53.53 @ ep 66)  [7.0s]
  ep  68: loss=0.9562  test_acc=48.17%  (best 53.53 @ ep 66)  [7.0s]
  ep  69: loss=0.9471  test_acc=49.01%  (best 53.53 @ ep 66)  [6.9s]
  ep  70: loss=0.9307  test_acc=39.64%  (best 53.53 @ ep 66)  [6.5s]
  ep  71: loss=0.9163  test_acc=50.06%  (best 53.53 @ ep 66)  [6.6s]
  ep  72: loss=0.9015  test_acc=39.87%  (best 53.53 @ ep 66)  [7.0s]
  ep  73: loss=0.8912  test_acc=39.73%  (best 53.53 @ ep 66)  [6.8s]
  ep  74: loss=0.8761  test_acc=49.42%  (best 53.53 @ ep 66)  [6.9s]
  ep  75: loss=0.8580  test_acc=46.08%  (best 53.53 @ ep 66)  [7.6s]  [logged per-sample loss: mean=0.804]
  ep  76: loss=0.8355  test_acc=48.26%  (best 53.53 @ ep 66)  [2.9s]
  ep  77: loss=0.8257  test_acc=50.34%  (best 53.53 @ ep 66)  [2.9s]
  ep  78: loss=0.8124  test_acc=44.96%  (best 53.53 @ ep 66)  [3.0s]
  ep  79: loss=0.7918  test_acc=42.40%  (best 53.53 @ ep 66)  [3.4s]
  ep  80: loss=0.7708  test_acc=41.29%  (best 53.53 @ ep 66)  [3.2s]
  ep  81: loss=0.7522  test_acc=42.61%  (best 53.53 @ ep 66)  [3.1s]
  ep  82: loss=0.7340  test_acc=44.78%  (best 53.53 @ ep 66)  [3.0s]
  ep  83: loss=0.7109  test_acc=43.00%  (best 53.53 @ ep 66)  [2.9s]
  ep  84: loss=0.6891  test_acc=42.81%  (best 53.53 @ ep 66)  [3.0s]
  ep  85: loss=0.6730  test_acc=46.67%  (best 53.53 @ ep 66)  [3.1s]
  ep  86: loss=0.6545  test_acc=43.47%  (best 53.53 @ ep 66)  [3.0s]
  ep  87: loss=0.6249  test_acc=45.43%  (best 53.53 @ ep 66)  [3.1s]
  ep  88: loss=0.6089  test_acc=44.42%  (best 53.53 @ ep 66)  [3.1s]
  ep  89: loss=0.5913  test_acc=41.76%  (best 53.53 @ ep 66)  [3.0s]
  ep  90: loss=0.5709  test_acc=43.36%  (best 53.53 @ ep 66)  [3.0s]
  ep  91: loss=0.5546  test_acc=45.49%  (best 53.53 @ ep 66)  [3.3s]
  ep  92: loss=0.5411  test_acc=43.39%  (best 53.53 @ ep 66)  [3.2s]
  ep  93: loss=0.5281  test_acc=44.40%  (best 53.53 @ ep 66)  [3.1s]
  ep  94: loss=0.5141  test_acc=43.10%  (best 53.53 @ ep 66)  [3.1s]
  ep  95: loss=0.5048  test_acc=43.82%  (best 53.53 @ ep 66)  [4.2s]
  ep  96: loss=0.4959  test_acc=43.39%  (best 53.53 @ ep 66)  [8.4s]
  ep  97: loss=0.4999  test_acc=42.89%  (best 53.53 @ ep 66)  [8.2s]
  ep  98: loss=0.4878  test_acc=43.05%  (best 53.53 @ ep 66)  [7.8s]
  ep  99: loss=0.4875  test_acc=43.43%  (best 53.53 @ ep 66)  [10.1s]  [logged per-sample loss: mean=0.440]

saved /path/to/ciln-workspace/journal_edition/robustness_transfer/results_v4/erm/ours_v2_ccp_noisy__shot_noise_sev5__seed0.json: best 53.53% @ ep 66
