condition=ours_v2_ccp_noisy__contrast_sev5 seed=0 gpu=2
/path/to/ciln-workspace/venv/lib/python3.12/site-packages/torchvision/datasets/cifar.py:83: VisibleDeprecationWarning: dtype(): align should be passed as Python or NumPy boolean but got `align=0`. Did you mean to pass a tuple to create a subarray type? (Deprecated NumPy 2.4)
  entry = pickle.load(f, encoding="latin1")
image_source=noisy  N=17469  noise_rate=43.68%
  ep   0: R(t)=1.000  acc1=16.13%  acc2=17.79%  ens=16.96%  (best 16.96 @ ep 0)  [6.8s]
  ep   1: R(t)=0.862  acc1=20.35%  acc2=21.32%  ens=20.83%  (best 20.83 @ ep 1)  [5.5s]
  ep   2: R(t)=0.805  acc1=19.92%  acc2=19.28%  ens=19.60%  (best 20.83 @ ep 1)  [5.6s]
  ep   3: R(t)=0.761  acc1=20.74%  acc2=20.77%  ens=20.76%  (best 20.83 @ ep 1)  [5.7s]
  ep   4: R(t)=0.724  acc1=19.17%  acc2=18.21%  ens=18.69%  (best 20.83 @ ep 1)  [5.5s]
  ep   5: R(t)=0.691  acc1=19.09%  acc2=20.24%  ens=19.66%  (best 20.83 @ ep 1)  [8.4s]  [sel1+2: prec=0.500, recall_clean=0.618]
  ep   6: R(t)=0.662  acc1=18.70%  acc2=19.01%  ens=18.86%  (best 20.83 @ ep 1)  [5.5s]
  ep   7: R(t)=0.635  acc1=18.81%  acc2=18.90%  ens=18.86%  (best 20.83 @ ep 1)  [5.5s]
  ep   8: R(t)=0.609  acc1=20.07%  acc2=20.27%  ens=20.17%  (best 20.83 @ ep 1)  [5.6s]
  ep   9: R(t)=0.586  acc1=17.79%  acc2=17.51%  ens=17.65%  (best 20.83 @ ep 1)  [13.6s]
  ep  10: R(t)=0.563  acc1=18.21%  acc2=18.37%  ens=18.29%  (best 20.83 @ ep 1)  [19.8s]  [sel1+2: prec=0.457, recall_clean=0.464]
  ep  11: R(t)=0.563  acc1=19.08%  acc2=20.00%  ens=19.54%  (best 20.83 @ ep 1)  [14.2s]
  ep  12: R(t)=0.563  acc1=18.97%  acc2=18.80%  ens=18.89%  (best 20.83 @ ep 1)  [14.2s]
  ep  13: R(t)=0.563  acc1=19.60%  acc2=19.73%  ens=19.66%  (best 20.83 @ ep 1)  [15.4s]
  ep  14: R(t)=0.563  acc1=18.85%  acc2=19.39%  ens=19.12%  (best 20.83 @ ep 1)  [13.6s]
  ep  15: R(t)=0.563  acc1=19.47%  acc2=20.32%  ens=19.90%  (best 20.83 @ ep 1)  [13.6s]
  ep  16: R(t)=0.563  acc1=18.86%  acc2=18.78%  ens=18.82%  (best 20.83 @ ep 1)  [13.8s]
  ep  17: R(t)=0.563  acc1=19.12%  acc2=19.10%  ens=19.11%  (best 20.83 @ ep 1)  [14.4s]
  ep  18: R(t)=0.563  acc1=17.18%  acc2=16.90%  ens=17.04%  (best 20.83 @ ep 1)  [14.0s]
  ep  19: R(t)=0.563  acc1=17.53%  acc2=15.63%  ens=16.58%  (best 20.83 @ ep 1)  [14.5s]
  ep  20: R(t)=0.563  acc1=15.95%  acc2=15.81%  ens=15.88%  (best 20.83 @ ep 1)  [19.9s]  [sel1+2: prec=0.461, recall_clean=0.468]
  ep  21: R(t)=0.563  acc1=18.03%  acc2=18.80%  ens=18.41%  (best 20.83 @ ep 1)  [14.1s]
  ep  22: R(t)=0.563  acc1=16.22%  acc2=16.37%  ens=16.30%  (best 20.83 @ ep 1)  [15.0s]
  ep  23: R(t)=0.563  acc1=15.12%  acc2=15.57%  ens=15.35%  (best 20.83 @ ep 1)  [15.1s]
  ep  24: R(t)=0.563  acc1=13.11%  acc2=13.49%  ens=13.30%  (best 20.83 @ ep 1)  [14.7s]
  ep  25: R(t)=0.563  acc1=15.41%  acc2=15.54%  ens=15.47%  (best 20.83 @ ep 1)  [13.5s]
  ep  26: R(t)=0.563  acc1=18.16%  acc2=18.19%  ens=18.18%  (best 20.83 @ ep 1)  [14.4s]
  ep  27: R(t)=0.563  acc1=20.08%  acc2=20.85%  ens=20.46%  (best 20.83 @ ep 1)  [14.5s]
  ep  28: R(t)=0.563  acc1=17.07%  acc2=18.59%  ens=17.83%  (best 20.83 @ ep 1)  [13.9s]
  ep  29: R(t)=0.563  acc1=18.52%  acc2=19.75%  ens=19.14%  (best 20.83 @ ep 1)  [15.0s]
  ep  30: R(t)=0.563  acc1=16.75%  acc2=16.30%  ens=16.53%  (best 20.83 @ ep 1)  [19.9s]  [sel1+2: prec=0.468, recall_clean=0.476]
  ep  31: R(t)=0.563  acc1=19.13%  acc2=18.67%  ens=18.90%  (best 20.83 @ ep 1)  [17.5s]
  ep  32: R(t)=0.563  acc1=16.38%  acc2=17.79%  ens=17.09%  (best 20.83 @ ep 1)  [13.3s]
  ep  33: R(t)=0.563  acc1=19.68%  acc2=19.91%  ens=19.80%  (best 20.83 @ ep 1)  [13.2s]
  ep  34: R(t)=0.563  acc1=18.76%  acc2=16.62%  ens=17.69%  (best 20.83 @ ep 1)  [14.1s]
  ep  35: R(t)=0.563  acc1=20.19%  acc2=19.89%  ens=20.04%  (best 20.83 @ ep 1)  [14.1s]
  ep  36: R(t)=0.563  acc1=20.38%  acc2=20.33%  ens=20.36%  (best 20.83 @ ep 1)  [14.2s]
  ep  37: R(t)=0.563  acc1=19.08%  acc2=21.00%  ens=20.04%  (best 20.83 @ ep 1)  [14.4s]
  ep  38: R(t)=0.563  acc1=18.69%  acc2=18.52%  ens=18.61%  (best 20.83 @ ep 1)  [13.6s]
  ep  39: R(t)=0.563  acc1=21.90%  acc2=22.17%  ens=22.04%  (best 22.04 @ ep 39)  [5.7s]
  ep  40: R(t)=0.563  acc1=21.07%  acc2=23.42%  ens=22.24%  (best 22.24 @ ep 40)  [5.8s]
  ep  41: R(t)=0.563  acc1=20.79%  acc2=20.40%  ens=20.59%  (best 22.24 @ ep 40)  [5.9s]
  ep  42: R(t)=0.563  acc1=16.28%  acc2=19.15%  ens=17.71%  (best 22.24 @ ep 40)  [5.5s]
  ep  43: R(t)=0.563  acc1=21.90%  acc2=23.30%  ens=22.60%  (best 22.60 @ ep 43)  [5.5s]
  ep  44: R(t)=0.563  acc1=20.50%  acc2=21.18%  ens=20.84%  (best 22.60 @ ep 43)  [5.6s]
  ep  45: R(t)=0.563  acc1=16.06%  acc2=19.43%  ens=17.75%  (best 22.60 @ ep 43)  [5.8s]
  ep  46: R(t)=0.563  acc1=20.39%  acc2=19.84%  ens=20.11%  (best 22.60 @ ep 43)  [5.5s]
  ep  47: R(t)=0.563  acc1=19.53%  acc2=20.91%  ens=20.22%  (best 22.60 @ ep 43)  [5.4s]
  ep  48: R(t)=0.563  acc1=21.18%  acc2=21.61%  ens=21.39%  (best 22.60 @ ep 43)  [5.5s]
  ep  49: R(t)=0.563  acc1=21.14%  acc2=21.30%  ens=21.22%  (best 22.60 @ ep 43)  [5.4s]
  ep  50: R(t)=0.563  acc1=20.57%  acc2=21.38%  ens=20.97%  (best 22.60 @ ep 43)  [22.3s]  [sel1+2: prec=0.481, recall_clean=0.492]
  ep  51: R(t)=0.563  acc1=20.66%  acc2=20.84%  ens=20.75%  (best 22.60 @ ep 43)  [16.9s]
  ep  52: R(t)=0.563  acc1=21.01%  acc2=20.52%  ens=20.77%  (best 22.60 @ ep 43)  [16.6s]
  ep  53: R(t)=0.563  acc1=22.31%  acc2=23.46%  ens=22.88%  (best 22.88 @ ep 53)  [16.3s]
  ep  54: R(t)=0.563  acc1=21.11%  acc2=22.40%  ens=21.76%  (best 22.88 @ ep 53)  [17.0s]
  ep  55: R(t)=0.563  acc1=22.01%  acc2=22.89%  ens=22.45%  (best 22.88 @ ep 53)  [5.8s]
  ep  56: R(t)=0.563  acc1=21.81%  acc2=22.96%  ens=22.38%  (best 22.88 @ ep 53)  [5.5s]
  ep  57: R(t)=0.563  acc1=19.70%  acc2=19.31%  ens=19.50%  (best 22.88 @ ep 53)  [5.5s]
  ep  58: R(t)=0.563  acc1=20.74%  acc2=21.71%  ens=21.22%  (best 22.88 @ ep 53)  [5.6s]
  ep  59: R(t)=0.563  acc1=21.52%  acc2=21.89%  ens=21.71%  (best 22.88 @ ep 53)  [5.5s]
  ep  60: R(t)=0.563  acc1=20.09%  acc2=20.23%  ens=20.16%  (best 22.88 @ ep 53)  [5.4s]
  ep  61: R(t)=0.563  acc1=20.80%  acc2=21.04%  ens=20.92%  (best 22.88 @ ep 53)  [5.3s]
  ep  62: R(t)=0.563  acc1=21.50%  acc2=22.15%  ens=21.82%  (best 22.88 @ ep 53)  [5.7s]
  ep  63: R(t)=0.563  acc1=21.02%  acc2=21.23%  ens=21.12%  (best 22.88 @ ep 53)  [5.6s]
  ep  64: R(t)=0.563  acc1=19.66%  acc2=20.42%  ens=20.04%  (best 22.88 @ ep 53)  [5.7s]
  ep  65: R(t)=0.563  acc1=20.87%  acc2=22.28%  ens=21.57%  (best 22.88 @ ep 53)  [5.7s]
  ep  66: R(t)=0.563  acc1=19.29%  acc2=20.81%  ens=20.05%  (best 22.88 @ ep 53)  [9.8s]
  ep  67: R(t)=0.563  acc1=19.47%  acc2=20.87%  ens=20.17%  (best 22.88 @ ep 53)  [5.7s]
  ep  68: R(t)=0.563  acc1=19.29%  acc2=19.71%  ens=19.50%  (best 22.88 @ ep 53)  [5.5s]
  ep  69: R(t)=0.563  acc1=20.90%  acc2=21.53%  ens=21.21%  (best 22.88 @ ep 53)  [5.8s]
  ep  70: R(t)=0.563  acc1=22.46%  acc2=22.20%  ens=22.33%  (best 22.88 @ ep 53)  [5.5s]
  ep  71: R(t)=0.563  acc1=21.81%  acc2=20.59%  ens=21.20%  (best 22.88 @ ep 53)  [5.6s]
  ep  72: R(t)=0.563  acc1=20.76%  acc2=21.46%  ens=21.11%  (best 22.88 @ ep 53)  [5.6s]
  ep  73: R(t)=0.563  acc1=20.65%  acc2=21.75%  ens=21.20%  (best 22.88 @ ep 53)  [5.5s]
  ep  74: R(t)=0.563  acc1=19.61%  acc2=21.83%  ens=20.72%  (best 22.88 @ ep 53)  [5.6s]
  ep  75: R(t)=0.563  acc1=21.14%  acc2=21.43%  ens=21.28%  (best 22.88 @ ep 53)  [8.2s]  [sel1+2: prec=0.501, recall_clean=0.510]
  ep  76: R(t)=0.563  acc1=22.03%  acc2=23.40%  ens=22.72%  (best 22.88 @ ep 53)  [5.4s]
  ep  77: R(t)=0.563  acc1=22.49%  acc2=21.86%  ens=22.18%  (best 22.88 @ ep 53)  [9.9s]
  ep  78: R(t)=0.563  acc1=19.38%  acc2=21.94%  ens=20.66%  (best 22.88 @ ep 53)  [14.1s]
  ep  79: R(t)=0.563  acc1=21.10%  acc2=20.98%  ens=21.04%  (best 22.88 @ ep 53)  [15.7s]
  ep  80: R(t)=0.563  acc1=21.67%  acc2=24.06%  ens=22.87%  (best 22.88 @ ep 53)  [15.7s]
  ep  81: R(t)=0.563  acc1=19.74%  acc2=20.98%  ens=20.36%  (best 22.88 @ ep 53)  [14.6s]
  ep  82: R(t)=0.563  acc1=20.19%  acc2=19.70%  ens=19.95%  (best 22.88 @ ep 53)  [14.2s]
  ep  83: R(t)=0.563  acc1=20.26%  acc2=21.87%  ens=21.07%  (best 22.88 @ ep 53)  [15.9s]
  ep  84: R(t)=0.563  acc1=18.74%  acc2=19.85%  ens=19.30%  (best 22.88 @ ep 53)  [14.6s]
  ep  85: R(t)=0.563  acc1=20.10%  acc2=21.52%  ens=20.81%  (best 22.88 @ ep 53)  [13.2s]
  ep  86: R(t)=0.563  acc1=21.19%  acc2=21.72%  ens=21.46%  (best 22.88 @ ep 53)  [5.7s]
  ep  87: R(t)=0.563  acc1=21.37%  acc2=21.78%  ens=21.57%  (best 22.88 @ ep 53)  [5.6s]
  ep  88: R(t)=0.563  acc1=19.75%  acc2=21.39%  ens=20.57%  (best 22.88 @ ep 53)  [5.4s]
  ep  89: R(t)=0.563  acc1=20.59%  acc2=22.21%  ens=21.40%  (best 22.88 @ ep 53)  [5.8s]
  ep  90: R(t)=0.563  acc1=20.51%  acc2=22.06%  ens=21.28%  (best 22.88 @ ep 53)  [5.6s]
  ep  91: R(t)=0.563  acc1=20.52%  acc2=22.01%  ens=21.27%  (best 22.88 @ ep 53)  [5.6s]
  ep  92: R(t)=0.563  acc1=20.07%  acc2=21.32%  ens=20.70%  (best 22.88 @ ep 53)  [5.6s]
  ep  93: R(t)=0.563  acc1=19.88%  acc2=21.65%  ens=20.77%  (best 22.88 @ ep 53)  [5.7s]
  ep  94: R(t)=0.563  acc1=20.48%  acc2=21.92%  ens=21.20%  (best 22.88 @ ep 53)  [6.0s]
  ep  95: R(t)=0.563  acc1=20.05%  acc2=21.71%  ens=20.88%  (best 22.88 @ ep 53)  [5.7s]
  ep  96: R(t)=0.563  acc1=20.16%  acc2=21.67%  ens=20.91%  (best 22.88 @ ep 53)  [10.5s]
  ep  97: R(t)=0.563  acc1=20.37%  acc2=22.17%  ens=21.27%  (best 22.88 @ ep 53)  [7.2s]
  ep  98: R(t)=0.563  acc1=20.57%  acc2=22.28%  ens=21.43%  (best 22.88 @ ep 53)  [5.5s]
  ep  99: R(t)=0.563  acc1=20.40%  acc2=22.05%  ens=21.22%  (best 22.88 @ ep 53)  [8.4s]  [sel1+2: prec=0.505, recall_clean=0.512]

saved /path/to/ciln-workspace/journal_edition/robustness_transfer/results_v4/coteaching/ours_v2_ccp_noisy__contrast_sev5__seed0.json: best ens-acc 22.88% @ ep 53
