condition=ours_v2_ccp_clean__shot_noise_sev5 seed=0 gpu=1
/path/to/ciln-workspace/venv/lib/python3.12/site-packages/torchvision/datasets/cifar.py:83: VisibleDeprecationWarning: dtype(): align should be passed as Python or NumPy boolean but got `align=0`. Did you mean to pass a tuple to create a subarray type? (Deprecated NumPy 2.4)
  entry = pickle.load(f, encoding="latin1")
image_source=clean  N=17469  noise_rate=50.97%
  ep   0: loss=1.8488  test_acc=21.96%  (best 21.96 @ ep 0)  [3.7s]
  ep   1: loss=1.6881  test_acc=17.82%  (best 21.96 @ ep 0)  [2.9s]
  ep   2: loss=1.6072  test_acc=20.94%  (best 21.96 @ ep 0)  [3.0s]
  ep   3: loss=1.5586  test_acc=23.64%  (best 23.64 @ ep 3)  [3.1s]
  ep   4: loss=1.5085  test_acc=28.76%  (best 28.76 @ ep 4)  [3.0s]
  ep   5: loss=1.4747  test_acc=20.45%  (best 28.76 @ ep 4)  [4.4s]  [logged per-sample loss: mean=1.601]
  ep   6: loss=1.4443  test_acc=28.24%  (best 28.76 @ ep 4)  [3.3s]
  ep   7: loss=1.4140  test_acc=32.26%  (best 32.26 @ ep 7)  [3.1s]
  ep   8: loss=1.3912  test_acc=37.84%  (best 37.84 @ ep 8)  [3.0s]
  ep   9: loss=1.3592  test_acc=33.66%  (best 37.84 @ ep 8)  [3.2s]
  ep  10: loss=1.3536  test_acc=36.77%  (best 37.84 @ ep 8)  [4.7s]  [logged per-sample loss: mean=1.394]
  ep  11: loss=1.3369  test_acc=36.46%  (best 37.84 @ ep 8)  [2.9s]
  ep  12: loss=1.3312  test_acc=36.94%  (best 37.84 @ ep 8)  [3.1s]
  ep  13: loss=1.3197  test_acc=38.33%  (best 38.33 @ ep 13)  [3.1s]
  ep  14: loss=1.3117  test_acc=35.85%  (best 38.33 @ ep 13)  [3.1s]
  ep  15: loss=1.2971  test_acc=41.17%  (best 41.17 @ ep 15)  [3.4s]
  ep  16: loss=1.2937  test_acc=40.79%  (best 41.17 @ ep 15)  [7.2s]
  ep  17: loss=1.2898  test_acc=35.26%  (best 41.17 @ ep 15)  [6.9s]
  ep  18: loss=1.2851  test_acc=26.87%  (best 41.17 @ ep 15)  [6.7s]
  ep  19: loss=1.2790  test_acc=32.52%  (best 41.17 @ ep 15)  [7.6s]
  ep  20: loss=1.2733  test_acc=45.25%  (best 45.25 @ ep 20)  [10.2s]  [logged per-sample loss: mean=1.318]
  ep  21: loss=1.2662  test_acc=38.46%  (best 45.25 @ ep 20)  [3.1s]
  ep  22: loss=1.2609  test_acc=34.10%  (best 45.25 @ ep 20)  [2.9s]
  ep  23: loss=1.2581  test_acc=23.82%  (best 45.25 @ ep 20)  [3.0s]
  ep  24: loss=1.2504  test_acc=25.26%  (best 45.25 @ ep 20)  [3.2s]
  ep  25: loss=1.2425  test_acc=43.68%  (best 45.25 @ ep 20)  [3.0s]
  ep  26: loss=1.2410  test_acc=40.27%  (best 45.25 @ ep 20)  [3.2s]
  ep  27: loss=1.2306  test_acc=37.52%  (best 45.25 @ ep 20)  [3.1s]
  ep  28: loss=1.2289  test_acc=41.32%  (best 45.25 @ ep 20)  [3.1s]
  ep  29: loss=1.2191  test_acc=46.19%  (best 46.19 @ ep 29)  [3.0s]
  ep  30: loss=1.2095  test_acc=43.39%  (best 46.19 @ ep 29)  [4.6s]  [logged per-sample loss: mean=1.223]
  ep  31: loss=1.2018  test_acc=44.12%  (best 46.19 @ ep 29)  [3.0s]
  ep  32: loss=1.2018  test_acc=35.28%  (best 46.19 @ ep 29)  [3.2s]
  ep  33: loss=1.2005  test_acc=37.69%  (best 46.19 @ ep 29)  [3.2s]
  ep  34: loss=1.1957  test_acc=42.89%  (best 46.19 @ ep 29)  [3.3s]
  ep  35: loss=1.1840  test_acc=43.24%  (best 46.19 @ ep 29)  [3.2s]
  ep  36: loss=1.1834  test_acc=32.93%  (best 46.19 @ ep 29)  [3.2s]
  ep  37: loss=1.1778  test_acc=32.31%  (best 46.19 @ ep 29)  [3.1s]
  ep  38: loss=1.1692  test_acc=42.31%  (best 46.19 @ ep 29)  [3.2s]
  ep  39: loss=1.1625  test_acc=48.07%  (best 48.07 @ ep 39)  [4.7s]
  ep  40: loss=1.1623  test_acc=40.49%  (best 48.07 @ ep 39)  [7.2s]
  ep  41: loss=1.1585  test_acc=46.54%  (best 48.07 @ ep 39)  [7.2s]
  ep  42: loss=1.1458  test_acc=45.84%  (best 48.07 @ ep 39)  [7.0s]
  ep  43: loss=1.1476  test_acc=51.03%  (best 51.03 @ ep 43)  [6.8s]
  ep  44: loss=1.1343  test_acc=37.40%  (best 51.03 @ ep 43)  [6.8s]
  ep  45: loss=1.1339  test_acc=33.70%  (best 51.03 @ ep 43)  [6.9s]
  ep  46: loss=1.1205  test_acc=47.76%  (best 51.03 @ ep 43)  [6.9s]
  ep  47: loss=1.1158  test_acc=27.80%  (best 51.03 @ ep 43)  [6.6s]
  ep  48: loss=1.1135  test_acc=47.93%  (best 51.03 @ ep 43)  [6.9s]
  ep  49: loss=1.1082  test_acc=41.93%  (best 51.03 @ ep 43)  [7.3s]
  ep  50: loss=1.1008  test_acc=35.53%  (best 51.03 @ ep 43)  [9.6s]  [logged per-sample loss: mean=1.177]
  ep  51: loss=1.1016  test_acc=36.94%  (best 51.03 @ ep 43)  [6.8s]
  ep  52: loss=1.0895  test_acc=49.47%  (best 51.03 @ ep 43)  [6.5s]
  ep  53: loss=1.0722  test_acc=43.34%  (best 51.03 @ ep 43)  [6.8s]
  ep  54: loss=1.0721  test_acc=44.91%  (best 51.03 @ ep 43)  [6.8s]
  ep  55: loss=1.0609  test_acc=42.81%  (best 51.03 @ ep 43)  [6.9s]
  ep  56: loss=1.0553  test_acc=45.02%  (best 51.03 @ ep 43)  [6.8s]
  ep  57: loss=1.0475  test_acc=49.01%  (best 51.03 @ ep 43)  [6.5s]
  ep  58: loss=1.0292  test_acc=49.80%  (best 51.03 @ ep 43)  [6.6s]
  ep  59: loss=1.0315  test_acc=32.08%  (best 51.03 @ ep 43)  [6.9s]
  ep  60: loss=1.0253  test_acc=45.58%  (best 51.03 @ ep 43)  [6.6s]
  ep  61: loss=1.0051  test_acc=41.74%  (best 51.03 @ ep 43)  [7.0s]
  ep  62: loss=1.0041  test_acc=45.72%  (best 51.03 @ ep 43)  [6.6s]
  ep  63: loss=0.9869  test_acc=45.74%  (best 51.03 @ ep 43)  [6.6s]
  ep  64: loss=0.9877  test_acc=42.54%  (best 51.03 @ ep 43)  [7.2s]
  ep  65: loss=0.9681  test_acc=46.02%  (best 51.03 @ ep 43)  [6.8s]
  ep  66: loss=0.9537  test_acc=45.61%  (best 51.03 @ ep 43)  [7.0s]
  ep  67: loss=0.9448  test_acc=37.13%  (best 51.03 @ ep 43)  [7.1s]
  ep  68: loss=0.9320  test_acc=44.77%  (best 51.03 @ ep 43)  [6.6s]
  ep  69: loss=0.9236  test_acc=41.89%  (best 51.03 @ ep 43)  [6.9s]
  ep  70: loss=0.9063  test_acc=37.59%  (best 51.03 @ ep 43)  [7.2s]
  ep  71: loss=0.8895  test_acc=45.19%  (best 51.03 @ ep 43)  [6.9s]
  ep  72: loss=0.8733  test_acc=36.85%  (best 51.03 @ ep 43)  [6.9s]
  ep  73: loss=0.8692  test_acc=40.83%  (best 51.03 @ ep 43)  [7.4s]
  ep  74: loss=0.8462  test_acc=43.29%  (best 51.03 @ ep 43)  [3.1s]
  ep  75: loss=0.8214  test_acc=44.39%  (best 51.03 @ ep 43)  [4.6s]  [logged per-sample loss: mean=0.798]
  ep  76: loss=0.8013  test_acc=38.68%  (best 51.03 @ ep 43)  [3.3s]
  ep  77: loss=0.7870  test_acc=42.79%  (best 51.03 @ ep 43)  [3.1s]
  ep  78: loss=0.7772  test_acc=40.70%  (best 51.03 @ ep 43)  [3.0s]
  ep  79: loss=0.7620  test_acc=39.86%  (best 51.03 @ ep 43)  [3.0s]
  ep  80: loss=0.7284  test_acc=46.96%  (best 51.03 @ ep 43)  [3.2s]
  ep  81: loss=0.7030  test_acc=39.00%  (best 51.03 @ ep 43)  [3.1s]
  ep  82: loss=0.6877  test_acc=42.58%  (best 51.03 @ ep 43)  [3.0s]
  ep  83: loss=0.6723  test_acc=41.25%  (best 51.03 @ ep 43)  [3.2s]
  ep  84: loss=0.6408  test_acc=44.94%  (best 51.03 @ ep 43)  [3.1s]
  ep  85: loss=0.6206  test_acc=46.26%  (best 51.03 @ ep 43)  [3.1s]
  ep  86: loss=0.6009  test_acc=37.98%  (best 51.03 @ ep 43)  [3.3s]
  ep  87: loss=0.5697  test_acc=39.67%  (best 51.03 @ ep 43)  [3.3s]
  ep  88: loss=0.5578  test_acc=43.58%  (best 51.03 @ ep 43)  [3.2s]
  ep  89: loss=0.5373  test_acc=42.98%  (best 51.03 @ ep 43)  [3.1s]
  ep  90: loss=0.5223  test_acc=43.34%  (best 51.03 @ ep 43)  [3.2s]
  ep  91: loss=0.5015  test_acc=43.61%  (best 51.03 @ ep 43)  [3.1s]
  ep  92: loss=0.4803  test_acc=42.77%  (best 51.03 @ ep 43)  [3.1s]
  ep  93: loss=0.4641  test_acc=42.07%  (best 51.03 @ ep 43)  [4.5s]
  ep  94: loss=0.4542  test_acc=42.89%  (best 51.03 @ ep 43)  [8.4s]
  ep  95: loss=0.4518  test_acc=42.75%  (best 51.03 @ ep 43)  [8.2s]
  ep  96: loss=0.4339  test_acc=42.72%  (best 51.03 @ ep 43)  [8.1s]
  ep  97: loss=0.4356  test_acc=42.32%  (best 51.03 @ ep 43)  [8.2s]
  ep  98: loss=0.4318  test_acc=42.26%  (best 51.03 @ ep 43)  [10.2s]
  ep  99: loss=0.4311  test_acc=43.22%  (best 51.03 @ ep 43)  [4.5s]  [logged per-sample loss: mean=0.383]

saved /path/to/ciln-workspace/journal_edition/robustness_transfer/results_v4/erm/ours_v2_ccp_clean__shot_noise_sev5__seed0.json: best 51.03% @ ep 43
